Run started: Thu Jan 15 18:02:41 CET 2026
Using VDAGGER_ARCH = gnu7_fkfamd_cluster
Running 1x128 MPI processes.

                               xx
                              +##
                               #X
                               Xx
                          X##XxXxxX##x
                           +   Xx  ++
                               ##
                              +##
                              +##
     ++++         ++          +##
   xX+++##+      ####         +##
  Xx    ###      +X##          ##
 xX    X##+        ##          #X
 +    x##X         #x          #X
      ###         +#           x+
     X##+         #+
     ###         Xx                    _______
     ##X       +X+   __________________VDAGGER
     +##x    +xX     2nd quantized variational
       +xxxxx+       ______quantum Monte Carlo

* Running 128 MPI processes.
* Input file: "input.11.casl"

############# Start of input file dump #############
General:
  Random seed: timer

Plan:
  VMC-optimization:
    Minimum cycles: 10
    Convergence cycles: 7

System:
  Hubbard model:
    Primitive cell:
      a_1: [ 3.0, 1.0 ]
      a_2: [ -1.0, 3.0 ]
    Simulation cell:
      a_1: [ 10.0, 0.0 ]
      a_2: [ 0.0, 10.0 ]
    U: 4.0
    Dump Hamiltonian: FCIDUMP.new
    Dump orbitals: LTSC.new
  netot: 10

VMC:
  nstep: 500000
  nconfig: 100000

Jastrow: wfn.casl

Backflow: wfn.casl
############## End of input file dump ##############

General setup:
* Random seed: 732733568 (from timer)

Hubbard system:
* Dimensionality        : 2
* Simulation cell:
  > a_1 =   1.000000000000E+01   0.000000000000E+00
  > a_2 =   0.000000000000E+00   1.000000000000E+01
* Primitive cell:
  > a_1 =   3.000000000000E+00   1.000000000000E+00
  > a_2 =  -1.000000000000E+00   3.000000000000E+00
* Prim.cells in sim.cell: 10
* Number of sublattices : 1
* # real-space shells   : 3
  > Shell #1: 4 sites, rij =  3.1623E+00
  > Shell #2: 4 sites, rij =  4.4721E+00
  > Shell #3: 1 sites, rij =  7.0711E+00
* Site labels:
  +-----------------------------+
  |                      4      |
  |             7               |
  |   10                        |
  |                         3   |
  |                6            |
  |       9                     |
  |                            2|
  |                   5         |
  |          8                  |
  | 1                           |
  +-----------------------------+
* Shell diagram:
  +-------------------+
  |              0    |
  |        1          |
  |  2                |
  |                1  |
  |          2        |
  |    3              |
  |                  2|
  |            1      |
  |      2            |
  |1                  |
  +-------------------+
* Hop multiplicity diagram:
  +-------------------+
  |              0    |
  |        1          |
  |  -                |
  |                1  |
  |          -        |
  |    -              |
  |                  -|
  |            1      |
  |      -            |
  |1                  |
  +-------------------+
* Reciprocal lattice of the simulation cell:
  > b_1 =   6.283185307180E-01  -0.000000000000E+00
  > b_2 =  -0.000000000000E+00   6.283185307180E-01
* k-vector offset:
  > Fractional:   0.000000000000E+00   0.000000000000E+00
  > Absolute  :   0.000000000000E+00   0.000000000000E+00
* G-vector occupation diagram:
  +----0----+
  |      -  |
  |- - 2 -  |
  0  2 2 2  0
  |  - 2 - -|
  |  -      |
  +----0----+
* G-vectors and non-interacting energy levels:
  > G_1 = [   0.0000E+00,  0.0000E+00,  0.0000E+00 ], e =  -4.0000E+00
  > G_2 = [  -6.2832E-01,  0.0000E+00,  0.0000E+00 ], e =  -1.0000E+00
  > G_3 = [   6.2832E-01,  0.0000E+00,  0.0000E+00 ], e =  -1.0000E+00
  > G_4 = [   0.0000E+00, -6.2832E-01,  0.0000E+00 ], e =  -1.0000E+00
  > G_5 = [   0.0000E+00,  6.2832E-01,  0.0000E+00 ], e =  -1.0000E+00 = e_F
  > G_6 = [  -6.2832E-01, -6.2832E-01,  0.0000E+00 ], e =   1.0000E+00
  > G_7 = [   6.2832E-01,  6.2832E-01,  0.0000E+00 ], e =   1.0000E+00
  > G_8 = [   6.2832E-01, -6.2832E-01,  0.0000E+00 ], e =   1.0000E+00
  > G_9 = [  -6.2832E-01,  6.2832E-01,  0.0000E+00 ], e =   1.0000E+00
  > ...
* U/t                   :  4.00000000000E+00
* Hartree-Fock Etot/t   : -6.00000000000E+00
  > Ttot/t              : -1.60000000000E+01
  > Utot/t              :  1.00000000000E+01
* Writing Hamiltonian to "FCIDUMP.new".
* Writing orbitals to "LTSC.new".
* Analysis of Hamiltonian connecitivity performed:
  - U_iiii [opp] (local, 1-site): 10 (i) values
  - T_ji (single, 2-site): 40 contribs. from 10 (i) values
  - Max. no. wfn. ratios in Eloc: 4
* Site labels:
  +-----------------------------+
  |                      4      |
  |             7               |
  |   10                        |
  |                         3   |
  |                6            |
  |       9                     |
  |                            2|
  |                   5         |
  |          8                  |
  | 1                           |
  +-----------------------------+
* Model system Site kinds:
  [ 1, 1, 1, 1, 1, 1, 1, 1, 1, 1 ]
  +-------------------+
  |              1    |
  |        1          |
  |  1                |
  |                1  |
  |          1        |
  |    1              |
  |                  1|
  |            1      |
  |      1            |
  |1                  |
  +-------------------+
* Maximum Site kind: 1
* Model system Site pair kinds:
  Site 1: [ 0, 1, 2, 1, 2, 3, 2, 1, 2, 1 ]
  Site 2: [ 1, 0, 1, 2, 1, 2, 3, 2, 1, 2 ]
  Site 3: [ 2, 1, 0, 1, 2, 1, 2, 3, 2, 1 ]
  Site 4: [ 1, 2, 1, 0, 1, 2, 1, 2, 3, 2 ]
  Site 5: [ 2, 1, 2, 1, 0, 1, 2, 1, 2, 3 ]
  Site 6: [ 3, 2, 1, 2, 1, 0, 1, 2, 1, 2 ]
  Site 7: [ 2, 3, 2, 1, 2, 1, 0, 1, 2, 1 ]
  Site 8: [ 1, 2, 3, 2, 1, 2, 1, 0, 1, 2 ]
  Site 9: [ 2, 1, 2, 3, 2, 1, 2, 1, 0, 1 ]
  Site 10: [ 1, 2, 1, 2, 3, 2, 1, 2, 1, 0 ]
  For site 1 of kind 1:
  +-------------------+
  |              1    |
  |        2          |
  |  1                |
  |                2  |
  |          3        |
  |    2              |
  |                  1|
  |            2      |
  |      1            |
  |0                  |
  +-------------------+
* Maximum (unsigned) Site pair kind: 3

General system setup:
* Number of sites       : 10
* Number of electrons   : 10
* Spin imbalance MS2    : 0
* Filling               : 0.500000
* Number of orbitals in pool: 13
* Using real-valued orbitals
* Using double-precision arithmetic for orbitals

Trial wave function setup:
* Jastrow parameter file: "wfn.casl"
* Not using multideterminants
* Backflow parameter file: "wfn.casl"
* Not using wave function manipulation

VMC #1:
* Size of Hilbert space =   6.3504E+04
* Deterministic energy evaluation:
  > Deterministic Etot/t = -8.3749836804114892
    - Ttot/t = -13.698636453924673
    - Utot/t = 5.3236527735131833
* Number of equil. steps   = 1000
* Running VMC equilibration.
  Done. [total walltime: 0.07s]
* Equil. acc.ratio (%)     =  34.8273
* Sample config after equilibration:
  +-------------------+
  |              u    |
  |        d          |
  |  u                |
  |                d  |
  |          d        |
  |    d              |
  |                  u|
  |            u      |
  |      d            |
  |u                  |
  +-------------------+
* Number of accum. steps   = 500480 x 10
* Running VMC accumulation.
  Done. [total walltime: 2.29s]
* Acceptance ratio (%)     =  34.7130
* Etot/t                   =  -8.376086541421E+00 +/-   5.916747215678E-04
  > Ttot/t                 =  -1.369336595319E+01 +/-   4.815896209132E-03
  > Utot/t                 =   5.317279411765E+00 +/-   4.739797101806E-03
* var[Eloc/t]              =   1.746216198626E-01 +/-   1.735763914420E-02
* Correlation length       =   1.003355289669E+00
* log10 Psi^2 range: -2.9502889487212949 -- 3.4813925908353509
* log10 Pgen range : -2.9502889487212949 -- 3.4813925908353509
* Site occupation (ave. no. electrons per config.):
  > Site_  ___eu____  ___ed____
      1        0.501      0.500
      2        0.499      0.498
      3        0.500      0.502
      4        0.500      0.500
      5        0.501      0.499
      6        0.500      0.501
      7        0.499      0.500
      8        0.501      0.499
      9        0.500      0.501
     10        0.500      0.500
* Pair-correlation analysis (ave. no. pairs per config.):
  > Shell  nsite  ___dh____  __eueu___  __eued___
      0      1        0          0          1.328
      1     10        1.321      7.554     11.524
      2     10        0.815     10.986      8.809
      3     10        0.322      1.460      3.340

Optimization #1:
* Method          : lls
* Target function : energy
* No. of configs. : 100096
* No. of params.  : 21
* Before optimization:
  -1.8394E+00   5.3889E-02   5.3898E-02   3.5269E-03  -4.9730E-02  -8.5837E-03
  -1.7720E-02  -1.1409E-04   9.8404E-01   2.7494E-01   5.5842E-02   5.6052E-02
  -5.0535E-02  -3.8956E-02   1.1342E-02   1.5305E-01   4.5587E-02  -6.1444E-02
  -5.2429E-02  -3.9954E-02  -2.8053E-02
  > E    =  -8.374246787272E+00 +/-   1.230148841041E-03
  > varE =   1.514718906639E-01
* Computing derivatives.
  Done. [total walltime: 1.66s]
* Optimizing manipulation constant:
  #igrid a___________ E____________________________________ varE____________
     1     Infinity    -8.37424679E+00 +/-   1.23014884E-03   1.51471891E-01
     2     1.0000E+06  -8.37424680E+00 +/-   1.23014866E-03   1.51471847E-01
     3     2.1544E+05  -8.37424684E+00 +/-   1.23014802E-03   1.51471687E-01
     4     4.6416E+04  -8.37424702E+00 +/-   1.23014501E-03   1.51470948E-01
     5     1.0000E+04  -8.37424785E+00 +/-   1.23013112E-03   1.51467526E-01
     6     2.1544E+03  -8.37425168E+00 +/-   1.23006750E-03   1.51451859E-01
     7     4.6416E+02  -8.37426884E+00 +/-   1.22979059E-03   1.51383679E-01
     8     1.0000E+02  -8.37433721E+00 +/-   1.22883687E-03   1.51148968E-01
     9     2.1544E+01  -8.37451292E+00 +/-   1.22798956E-03   1.50940601E-01
    10     4.6416E+00  -8.37466764E+00 +/-   1.23300955E-03   1.52177205E-01
    11     1.0000E+00  -8.37468653E+00 +/-   1.24033032E-03   1.53989619E-01
    12     2.1544E-01  -8.37467732E+00 +/-   1.24361985E-03   1.54807507E-01
    13     4.6416E-02  -8.37468844E+00 +/-   1.24398690E-03   1.54898901E-01
    14     1.0000E-02  -8.37471688E+00 +/-   1.24343309E-03   1.54761014E-01
    15     2.1544E-03  -8.37472200E+00 +/-   1.24384820E-03   1.54864362E-01
    16     4.6416E-04  -8.37471609E+00 +/-   1.24432421E-03   1.54982915E-01
    17     1.0000E-04  -8.37471381E+00 +/-   1.24447349E-03   1.55020104E-01
    18     2.1544E-05  -8.37471326E+00 +/-   1.24450845E-03   1.55028813E-01
    19     4.6416E-06  -8.37471314E+00 +/-   1.24451612E-03   1.55030724E-01
    20     1.0000E-06  -8.37471311E+00 +/-   1.24451778E-03   1.55031137E-01
    21     0.0000E+00  -8.37471310E+00 +/-   1.24451823E-03   1.55031251E-01
  ParMin   2.7307E-03  -8.37472282E+00 +/-   1.24374507E-03   1.54838683E-01
  # Using parabolic minimum
* Iteration # 1: E =  -8.374722815808E+00 +/-   1.243745072084E-03
* Computing derivatives.
  Done. [total walltime: 1.65s]
* Optimizing manipulation constant:
  #igrid a___________ E____________________________________ varE____________
     1     Infinity    -8.37472282E+00 +/-   1.24374507E-03   1.54838683E-01
     2     1.0000E+06  -8.37472282E+00 +/-   1.24374496E-03   1.54838654E-01
     3     2.1544E+05  -8.37472283E+00 +/-   1.24374453E-03   1.54838549E-01
     4     4.6416E+04  -8.37472290E+00 +/-   1.24374257E-03   1.54838061E-01
     5     1.0000E+04  -8.37472322E+00 +/-   1.24373350E-03   1.54835801E-01
     6     2.1544E+03  -8.37472469E+00 +/-   1.24369166E-03   1.54825385E-01
     7     4.6416E+02  -8.37473126E+00 +/-   1.24350390E-03   1.54778641E-01
     8     1.0000E+02  -8.37475738E+00 +/-   1.24275235E-03   1.54591607E-01
     9     2.1544E+01  -8.37482572E+00 +/-   1.24076560E-03   1.54097720E-01
    10     4.6416E+00  -8.37489987E+00 +/-   1.23867613E-03   1.53579149E-01
    11     1.0000E+00  -8.37493775E+00 +/-   1.23744472E-03   1.53273945E-01
    12     2.1544E-01  -8.37495249E+00 +/-   1.23666226E-03   1.53080171E-01
    13     4.6416E-02  -8.37495647E+00 +/-   1.23638813E-03   1.53012312E-01
    14     1.0000E-02  -8.37495737E+00 +/-   1.23632085E-03   1.52995659E-01
    15     2.1544E-03  -8.37495756E+00 +/-   1.23630592E-03   1.52991963E-01
    16     4.6416E-04  -8.37495761E+00 +/-   1.23630268E-03   1.52991162E-01
    17     1.0000E-04  -8.37495761E+00 +/-   1.23630198E-03   1.52990989E-01
    18     2.1544E-05  -8.37495762E+00 +/-   1.23630183E-03   1.52990952E-01
    19     4.6416E-06  -8.37495762E+00 +/-   1.23630180E-03   1.52990944E-01
    20     1.0000E-06  -8.37495762E+00 +/-   1.23630179E-03   1.52990942E-01
    21     0.0000E+00  -8.37495762E+00 +/-   1.23630179E-03   1.52990941E-01
* Iteration # 2: E =  -8.374957617457E+00 +/-   1.236301787592E-03
* Diminishing returns: exiting.
* After optimization:
  -1.8397E+00   4.2623E-02   6.7528E-02   1.6920E-02  -6.7752E-02  -1.7554E-03
  -3.1302E-02   4.5193E-03   9.5482E-01   3.6063E-01   4.3561E-02  -4.1347E-02
   1.5926E-03  -4.8835E-02  -1.0736E-01   1.9130E-01   2.5969E-02  -1.5939E-01
  -1.3547E-02  -5.5585E-02  -1.2499E-01
  > Energy =  -8.374957617457E+00 +/-   1.236301787592E-03
  > varE =   1.529909414429E-01

VMC #2:
* Size of Hilbert space =   6.3504E+04
* Deterministic energy evaluation:
  > Deterministic Etot/t = -8.3748507151750839
    - Ttot/t = -13.711070392874500
    - Utot/t = 5.3362196776994200
* Number of equil. steps   = 1000
* Running VMC equilibration.
  Done. [total walltime: 0.04s]
* Equil. acc.ratio (%)     =  34.6769
* Sample config after equilibration:
  +-------------------+
  |              d    |
  |        2          |
  |  u                |
  |                d  |
  |          u        |
  |    u              |
  |                  u|
  |            d      |
  |      0            |
  |d                  |
  +-------------------+
* Number of accum. steps   = 500480 x 10
* Running VMC accumulation.
  Done. [total walltime: 2.03s]
* Acceptance ratio (%)     =  34.6981
* Etot/t                   =  -8.376091733085E+00 +/-   5.815538286164E-04
  > Ttot/t                 =  -1.371769179702E+01 +/-   4.771518473479E-03
  > Utot/t                 =   5.341600063939E+00 +/-   4.711742237603E-03
* var[Eloc/t]              =   1.699481248989E-01 +/-   5.250412212702E-03
* Correlation length       =   9.959790154822E-01
* log10 Psi^2 range: -2.5951367884420895 -- 4.3983693181751162
* log10 Pgen range : -2.5951367884420895 -- 4.3983693181751162
* Site occupation (ave. no. electrons per config.):
  > Site_  ___eu____  ___ed____
      1        0.498      0.501
      2        0.500      0.502
      3        0.500      0.500
      4        0.501      0.500
      5        0.502      0.501
      6        0.499      0.499
      7        0.500      0.497
      8        0.500      0.500
      9        0.499      0.501
     10        0.500      0.500
* Pair-correlation analysis (ave. no. pairs per config.):
  > Shell  nsite  ___dh____  __eueu___  __eued___
      0      1        0          0          1.336
      1     10        1.328      7.562     11.510
      2     10        0.825     10.976      8.815
      3     10        0.323      1.461      3.340

Optimization #2:
* Method          : lls
* Target function : energy
* No. of configs. : 100096
* No. of params.  : 21
* Before optimization:
  -1.8397E+00   4.2623E-02   6.7528E-02   1.6920E-02  -6.7752E-02  -1.7554E-03
  -3.1302E-02   4.5193E-03   9.5482E-01   3.6063E-01   4.3561E-02  -4.1347E-02
   1.5926E-03  -4.8835E-02  -1.0736E-01   1.9130E-01   2.5969E-02  -1.5939E-01
  -1.3547E-02  -5.5585E-02  -1.2499E-01
  > E    =  -8.376599715306E+00 +/-   1.334059535594E-03
  > varE =   1.781423370759E-01
* Computing derivatives.
  Done. [total walltime: 1.65s]
* Optimizing manipulation constant:
  #igrid a___________ E____________________________________ varE____________
     1     Infinity    -8.37659972E+00 +/-   1.33405954E-03   1.78142337E-01
     2     1.0000E+06  -8.37659973E+00 +/-   1.33405886E-03   1.78142157E-01
     3     2.1544E+05  -8.37659977E+00 +/-   1.33405641E-03   1.78141503E-01
     4     4.6416E+04  -8.37659998E+00 +/-   1.33404505E-03   1.78138468E-01
     5     1.0000E+04  -8.37660094E+00 +/-   1.33399237E-03   1.78124400E-01
     6     2.1544E+03  -8.37660535E+00 +/-   1.33374960E-03   1.78059572E-01
     7     4.6416E+02  -8.37662505E+00 +/-   1.33265860E-03   1.77768388E-01
     8     1.0000E+02  -8.37670237E+00 +/-   1.32825931E-03   1.76596649E-01
     9     2.1544E+01  -8.37689258E+00 +/-   1.31607711E-03   1.73372174E-01
    10     4.6416E+00  -8.37702661E+00 +/-   1.30096946E-03   1.69414635E-01
    11     1.0000E+00  -8.37697522E+00 +/-   1.29265259E-03   1.67255483E-01
    12     2.1544E-01  -8.37691805E+00 +/-   1.28947284E-03   1.66433643E-01
    13     4.6416E-02  -8.37689848E+00 +/-   1.28857980E-03   1.66203192E-01
    14     1.0000E-02  -8.37689373E+00 +/-   1.28837237E-03   1.66149687E-01
    15     2.1544E-03  -8.37689268E+00 +/-   1.28832690E-03   1.66137959E-01
    16     4.6416E-04  -8.37689245E+00 +/-   1.28831706E-03   1.66135422E-01
    17     1.0000E-04  -8.37689240E+00 +/-   1.28831494E-03   1.66134875E-01
    18     2.1544E-05  -8.37689239E+00 +/-   1.28831448E-03   1.66134758E-01
    19     4.6416E-06  -8.37689238E+00 +/-   1.28831439E-03   1.66134732E-01
    20     1.0000E-06  -8.37689238E+00 +/-   1.28831437E-03   1.66134727E-01
    21     0.0000E+00  -8.37689238E+00 +/-   1.28831436E-03   1.66134725E-01
  ParMin   2.6241E+00  -8.37701944E+00 +/-   1.29705482E-03   1.68396627E-01
  # Using parabolic minimum
* Iteration # 1: E =  -8.377019440299E+00 +/-   1.297054823778E-03
* Computing derivatives.
  Done. [total walltime: 1.64s]
* Optimizing manipulation constant:
  #igrid a___________ E____________________________________ varE____________
     1     Infinity    -8.37701944E+00 +/-   1.29705482E-03   1.68396627E-01
     2     1.0000E+06  -8.37701944E+00 +/-   1.29705468E-03   1.68396590E-01
     3     2.1544E+05  -8.37701945E+00 +/-   1.29705416E-03   1.68396455E-01
     4     4.6416E+04  -8.37701950E+00 +/-   1.29705175E-03   1.68395830E-01
     5     1.0000E+04  -8.37701972E+00 +/-   1.29704059E-03   1.68392930E-01
     6     2.1544E+03  -8.37702072E+00 +/-   1.29698911E-03   1.68379564E-01
     7     4.6416E+02  -8.37702522E+00 +/-   1.29675756E-03   1.68319449E-01
     8     1.0000E+02  -8.37704319E+00 +/-   1.29582000E-03   1.68076146E-01
     9     2.1544E+01  -8.37709054E+00 +/-   1.29317374E-03   1.67390374E-01
    10     4.6416E+00  -8.37713594E+00 +/-   1.28955984E-03   1.66456104E-01
    11     1.0000E+00  -8.37713916E+00 +/-   1.28693513E-03   1.65779198E-01
    12     2.1544E-01  -8.37713054E+00 +/-   1.28565321E-03   1.65449095E-01
    13     4.6416E-02  -8.37712684E+00 +/-   1.28526139E-03   1.65348267E-01
    14     1.0000E-02  -8.37712589E+00 +/-   1.28516849E-03   1.65324363E-01
    15     2.1544E-03  -8.37712568E+00 +/-   1.28514803E-03   1.65319099E-01
    16     4.6416E-04  -8.37712564E+00 +/-   1.28514360E-03   1.65317959E-01
    17     1.0000E-04  -8.37712563E+00 +/-   1.28514264E-03   1.65317713E-01
    18     2.1544E-05  -8.37712563E+00 +/-   1.28514243E-03   1.65317660E-01
    19     4.6416E-06  -8.37712562E+00 +/-   1.28514239E-03   1.65317649E-01
    20     1.0000E-06  -8.37712562E+00 +/-   1.28514238E-03   1.65317647E-01
    21     0.0000E+00  -8.37712562E+00 +/-   1.28514238E-03   1.65317646E-01
  ParMin   7.3627E-01  -8.37713732E+00 +/-   1.28657498E-03   1.65686424E-01
  # Using grid point #11
* Iteration # 2: E =  -8.377139155326E+00 +/-   1.286935128214E-03
* Diminishing returns: exiting.
* After optimization:
  -1.8582E+00   5.2925E-02   6.8674E-02   1.1074E-02  -6.7047E-02  -1.3175E-02
  -3.0866E-02  -3.3695E-03   9.5338E-01   3.3142E-01   2.6580E-02  -2.8633E-02
   2.5545E-02  -2.7228E-02  -6.4219E-02   1.6128E-01   1.9928E-02  -1.1184E-01
  -4.0847E-03  -3.4760E-02  -7.4433E-02
  > Energy =  -8.377139155326E+00 +/-   1.286935128214E-03
  > varE =   1.657791978175E-01

VMC #3:
* Size of Hilbert space =   6.3504E+04
* Deterministic energy evaluation:
  > Deterministic Etot/t = -8.3748674381073940
    - Ttot/t = -13.728003884240819
    - Utot/t = 5.3531364461334281
* Number of equil. steps   = 1000
* Running VMC equilibration.
  Done. [total walltime: 0.04s]
* Equil. acc.ratio (%)     =  34.9505
* Sample config after equilibration:
  +-------------------+
  |              u    |
  |        0          |
  |  u                |
  |                u  |
  |          2        |
  |    d              |
  |                  u|
  |            d      |
  |      d            |
  |d                  |
  +-------------------+
* Number of accum. steps   = 500480 x 10
* Running VMC accumulation.
  Done. [total walltime: 2.02s]
* Acceptance ratio (%)     =  34.8841
* Etot/t                   =  -8.374829361316E+00 +/-   5.746932569536E-04
  > Ttot/t                 =  -1.373044796745E+01 +/-   4.724778585799E-03
  > Utot/t                 =   5.355618606138E+00 +/-   4.682581725022E-03
* var[Eloc/t]              =   1.637290279038E-01 +/-   1.252966003072E-02
* Correlation length       =   1.009562584187E+00
* log10 Psi^2 range: -3.3910914370995204 -- 4.1234961716437093
* log10 Pgen range : -3.3910914370995204 -- 4.1234961716437093
* Site occupation (ave. no. electrons per config.):
  > Site_  ___eu____  ___ed____
      1        0.500      0.501
      2        0.501      0.499
      3        0.499      0.500
      4        0.501      0.501
      5        0.498      0.501
      6        0.502      0.499
      7        0.499      0.500
      8        0.498      0.501
      9        0.500      0.500
     10        0.501      0.497
* Pair-correlation analysis (ave. no. pairs per config.):
  > Shell  nsite  ___dh____  __eueu___  __eued___
      0      1        0          0          1.345
      1     10        1.337      7.584     11.491
      2     10        0.840     10.951      8.832
      3     10        0.328      1.465      3.332

Optimization #3:
* Method          : lls
* Target function : energy
* No. of configs. : 100096
* No. of params.  : 21
* Before optimization:
  -1.8582E+00   5.2925E-02   6.8674E-02   1.1074E-02  -6.7047E-02  -1.3175E-02
  -3.0866E-02  -3.3695E-03   9.5338E-01   3.3142E-01   2.6580E-02  -2.8633E-02
   2.5545E-02  -2.7228E-02  -6.4219E-02   1.6128E-01   1.9928E-02  -1.1184E-01
  -4.0847E-03  -3.4760E-02  -7.4433E-02
  > E    =  -8.375726067337E+00 +/-   1.489595880618E-03
  > varE =   2.221026027607E-01
* Computing derivatives.
  Done. [total walltime: 1.67s]
* Optimizing manipulation constant:
  #igrid a___________ E____________________________________ varE____________
     1     Infinity    -8.37572607E+00 +/-   1.48959588E-03   2.22102603E-01
     2     1.0000E+06  -8.37572608E+00 +/-   1.48959550E-03   2.22102488E-01
     3     2.1544E+05  -8.37572611E+00 +/-   1.48959409E-03   2.22102069E-01
     4     4.6416E+04  -8.37572628E+00 +/-   1.48958758E-03   2.22100128E-01
     5     1.0000E+04  -8.37572707E+00 +/-   1.48955745E-03   2.22091141E-01
     6     2.1544E+03  -8.37573069E+00 +/-   1.48941933E-03   2.22049958E-01
     7     4.6416E+02  -8.37574684E+00 +/-   1.48881465E-03   2.21869696E-01
     8     1.0000E+02  -8.37580985E+00 +/-   1.48665532E-03   2.21226579E-01
     9     2.1544E+01  -8.37595432E+00 +/-   1.48350148E-03   2.20288938E-01
    10     4.6416E+00  -8.37597114E+00 +/-   1.48931645E-03   2.22019284E-01
    11     1.0000E+00  -8.37578589E+00 +/-   1.50176530E-03   2.25746410E-01
    12     2.1544E-01  -8.37568161E+00 +/-   1.50816986E-03   2.27675993E-01
    13     4.6416E-02  -8.37565307E+00 +/-   1.50997407E-03   2.28221052E-01
    14     1.0000E-02  -8.37564659E+00 +/-   1.51038938E-03   2.28346611E-01
    15     2.1544E-03  -8.37564517E+00 +/-   1.51048019E-03   2.28374069E-01
    16     4.6416E-04  -8.37564487E+00 +/-   1.51049982E-03   2.28380005E-01
    17     1.0000E-04  -8.37564480E+00 +/-   1.51050405E-03   2.28381284E-01
    18     2.1544E-05  -8.37564479E+00 +/-   1.51050496E-03   2.28381560E-01
    19     4.6416E-06  -8.37564479E+00 +/-   1.51050516E-03   2.28381619E-01
    20     1.0000E-06  -8.37564479E+00 +/-   1.51050520E-03   2.28381632E-01
    21     0.0000E+00  -8.37564479E+00 +/-   1.51050521E-03   2.28381636E-01
  ParMin   1.0062E+01  -8.37600069E+00 +/-   1.48466286E-03   2.20633987E-01
  # Using parabolic minimum
* Iteration # 1: E =  -8.376000686199E+00 +/-   1.484662861887E-03
* Diminishing returns: exiting.
* After optimization:
  -1.8908E+00   5.0762E-02   7.5087E-02   2.1456E-02  -6.8113E-02  -1.3062E-02
  -3.0550E-02  -2.3078E-03   9.1204E-01   3.6675E-01   3.1292E-02  -4.5746E-02
   3.2896E-02  -3.3776E-02  -8.3698E-02   1.8000E-01   2.7721E-02  -1.3632E-01
  -7.8007E-03  -3.6956E-02  -8.6658E-02
  > Energy =  -8.376000686199E+00 +/-   1.484662861887E-03
  > varE =   2.206339868326E-01

VMC #4:
* Size of Hilbert space =   6.3504E+04
* Deterministic energy evaluation:
  > Deterministic Etot/t = -8.3748078942191526
    - Ttot/t = -13.719859785238757
    - Utot/t = 5.3450518910196037
* Number of equil. steps   = 1000
* Running VMC equilibration.
  Done. [total walltime: 0.04s]
* Equil. acc.ratio (%)     =  34.8930
* Sample config after equilibration:
  +-------------------+
  |              u    |
  |        2          |
  |  d                |
  |                d  |
  |          u        |
  |    u              |
  |                  0|
  |            u      |
  |      d            |
  |d                  |
  +-------------------+
* Number of accum. steps   = 500480 x 10
* Running VMC accumulation.
  Done. [total walltime: 2.02s]
* Acceptance ratio (%)     =  34.8107
* Etot/t                   =  -8.373255581610E+00 +/-   5.829532594453E-04
  > Ttot/t                 =  -1.371355289617E+01 +/-   4.848068669799E-03
  > Utot/t                 =   5.340297314578E+00 +/-   4.817916592898E-03
* var[Eloc/t]              =   1.711214256371E-01 +/-   1.730709289214E-02
* Correlation length       =   9.939162865027E-01
* log10 Psi^2 range: -2.1065365184114420 -- 4.1334294921929606
* log10 Pgen range : -2.1065365184114420 -- 4.1334294921929606
* Site occupation (ave. no. electrons per config.):
  > Site_  ___eu____  ___ed____
      1        0.500      0.499
      2        0.504      0.500
      3        0.498      0.501
      4        0.498      0.501
      5        0.498      0.501
      6        0.500      0.498
      7        0.500      0.500
      8        0.501      0.498
      9        0.498      0.501
     10        0.502      0.499
* Pair-correlation analysis (ave. no. pairs per config.):
  > Shell  nsite  ___dh____  __eueu___  __eued___
      0      1        0          0          1.338
      1     10        1.328      7.569     11.511
      2     10        0.832     10.971      8.813
      3     10        0.326      1.460      3.338

Optimization #4:
* Method          : lls
* Target function : energy
* No. of configs. : 100096
* No. of params.  : 21
* Before optimization:
  -1.8908E+00   5.0762E-02   7.5087E-02   2.1456E-02  -6.8113E-02  -1.3062E-02
  -3.0550E-02  -2.3078E-03   9.1204E-01   3.6675E-01   3.1292E-02  -4.5746E-02
   3.2896E-02  -3.3776E-02  -8.3698E-02   1.8000E-01   2.7721E-02  -1.3632E-01
  -7.8007E-03  -3.6956E-02  -8.6658E-02
  > E    =  -8.373235859148E+00 +/-   1.274310849027E-03
  > varE =   1.625427053362E-01
* Computing derivatives.
  Done. [total walltime: 1.66s]
* Optimizing manipulation constant:
  #igrid a___________ E____________________________________ varE____________
     1     Infinity    -8.37323586E+00 +/-   1.27431085E-03   1.62542705E-01
     2     1.0000E+06  -8.37323587E+00 +/-   1.27431036E-03   1.62542581E-01
     3     2.1544E+05  -8.37323592E+00 +/-   1.27430859E-03   1.62542129E-01
     4     4.6416E+04  -8.37323612E+00 +/-   1.27430035E-03   1.62540026E-01
     5     1.0000E+04  -8.37323708E+00 +/-   1.27426178E-03   1.62530188E-01
     6     2.1544E+03  -8.37324170E+00 +/-   1.27407639E-03   1.62482898E-01
     7     4.6416E+02  -8.37326595E+00 +/-   1.27309524E-03   1.62232742E-01
     8     1.0000E+02  -8.37335491E+00 +/-   1.26881564E-03   1.61143862E-01
     9     2.1544E+01  -8.36650565E+00 +/-   1.46407947E-03   2.14558648E-01
    10     4.6416E+00  -8.24563811E+00 +/-   3.44269186E-03   1.18635053E+00
    11     1.0000E+00  -7.70011132E+00 +/-   7.39017067E-03   5.46670526E+00
    12     2.1544E-01  -4.04791577E+00 +/-   1.68937040E-02   2.85671217E+01
    13     4.6416E-02  -1.56123844E-02 +/-   2.05538004E-02   4.22864271E+01
    14     1.0000E-02  -1.09906240E-13 +/-   2.05605748E-02   4.23143062E+01
    15     2.1544E-03  -2.75722233E-46 +/-   2.05594055E-02   4.23094936E+01
    16     4.6416E-04  -3.26893436-206 +/-   8.07923934E-81   6.53367715-156
    17     1.0000E-04  -1.83186127-241 +/-   1.91258923E-98   3.66150923-191
    18     2.1544E-05  -2.40487232-250 +/-   6.92984378-103   4.80688366-200
    19     4.6416E-06  -2.49613029-252 +/-   7.06011064-104   4.98930137-202
    20     1.0000E-06  -9.25716032-253 +/-   4.29948930-104   1.85033544-202
    21     0.0000E+00  -7.04642378-253 +/-   3.75113234-104   1.40845020-202
  ParMin   2.1102E+02  -8.37330710E+00 +/-   1.27138124E-03   1.61796202E-01
  # Using grid point #8
* Iteration # 1: E =  -8.373354907246E+00 +/-   1.268815639682E-03
* Diminishing returns: exiting.
* After optimization:
  -1.9952E+00   4.8904E-02   7.1502E-02   1.8845E-02  -6.6698E-02  -1.2303E-02
  -2.8792E-02  -1.1221E-03   9.7856E-01   3.8560E-01   3.3986E-02  -4.0423E-02
   3.3649E-02  -3.5754E-02  -8.3945E-02   1.7656E-01   2.8826E-02  -1.2923E-01
  -8.0365E-03  -3.5781E-02  -8.4485E-02
  > Energy =  -8.373354907246E+00 +/-   1.268815639682E-03
  > varE =   1.611438624905E-01

VMC #5:
* Size of Hilbert space =   6.3504E+04
* Deterministic energy evaluation:
  > Deterministic Etot/t = -8.3748046526977973
    - Ttot/t = -13.697361456342549
    - Utot/t = 5.3225568036447637
* Number of equil. steps   = 1000
* Running VMC equilibration.
  Done. [total walltime: 0.04s]
* Equil. acc.ratio (%)     =  34.8573
* Sample config after equilibration:
  +-------------------+
  |              2    |
  |        0          |
  |  u                |
  |                u  |
  |          d        |
  |    u              |
  |                  d|
  |            d      |
  |      d            |
  |u                  |
  +-------------------+
* Number of accum. steps   = 500480 x 10
* Running VMC accumulation.
  Done. [total walltime: 2.03s]
* Acceptance ratio (%)     =  34.6714
* Etot/t                   =  -8.375128034583E+00 +/-   5.992810598300E-04
  > Ttot/t                 =  -1.369422170466E+01 +/-   4.826601099987E-03
  > Utot/t                 =   5.319093670077E+00 +/-   4.760312680937E-03
* var[Eloc/t]              =   1.815972771116E-01 +/-   1.376847573922E-02
* Correlation length       =   9.897796009553E-01
* log10 Psi^2 range: -2.0704980279787453 -- 4.1640331349830522
* log10 Pgen range : -2.0704980279787453 -- 4.1640331349830522
* Site occupation (ave. no. electrons per config.):
  > Site_  ___eu____  ___ed____
      1        0.500      0.499
      2        0.499      0.498
      3        0.503      0.499
      4        0.499      0.501
      5        0.502      0.498
      6        0.498      0.501
      7        0.500      0.500
      8        0.500      0.502
      9        0.500      0.499
     10        0.499      0.502
* Pair-correlation analysis (ave. no. pairs per config.):
  > Shell  nsite  ___dh____  __eueu___  __eued___
      0      1        0          0          1.333
      1     10        1.319      7.565     11.518
      2     10        0.829     10.974      8.808
      3     10        0.321      1.462      3.342

Optimization #5:
* Method          : lls
* Target function : energy
* No. of configs. : 100096
* No. of params.  : 21
* Before optimization:
  -1.9952E+00   4.8904E-02   7.1502E-02   1.8845E-02  -6.6698E-02  -1.2303E-02
  -2.8792E-02  -1.1221E-03   9.7856E-01   3.8560E-01   3.3986E-02  -4.0423E-02
   3.3649E-02  -3.5754E-02  -8.3945E-02   1.7656E-01   2.8826E-02  -1.2923E-01
  -8.0365E-03  -3.5781E-02  -8.4485E-02
  > E    =  -8.375814583940E+00 +/-   1.292170797541E-03
  > varE =   1.671308287174E-01
* Computing derivatives.
  Done. [total walltime: 1.64s]
* Optimizing manipulation constant:
  #igrid a___________ E____________________________________ varE____________
     1     Infinity    -8.37581458E+00 +/-   1.29217080E-03   1.67130829E-01
     2     1.0000E+06  -8.37581459E+00 +/-   1.29217040E-03   1.67130725E-01
     3     2.1544E+05  -8.37581461E+00 +/-   1.29216894E-03   1.67130349E-01
     4     4.6416E+04  -8.37581471E+00 +/-   1.29216219E-03   1.67128601E-01
     5     1.0000E+04  -8.37581515E+00 +/-   1.29213088E-03   1.67120502E-01
     6     2.1544E+03  -8.37581719E+00 +/-   1.29198654E-03   1.67083168E-01
     7     4.6416E+02  -8.37582635E+00 +/-   1.29133719E-03   1.66915258E-01
     8     1.0000E+02  -8.37586325E+00 +/-   1.28870031E-03   1.66234280E-01
     9     2.1544E+01  -8.37596571E+00 +/-   1.28106193E-03   1.64269514E-01
    10     4.6416E+00  -8.37608305E+00 +/-   1.26993467E-03   1.61428229E-01
    11     1.0000E+00  -8.37611936E+00 +/-   1.26239979E-03   1.59518315E-01
    12     2.1544E-01  -8.37612207E+00 +/-   1.25947548E-03   1.58780131E-01
    13     4.6416E-02  -8.37612176E+00 +/-   1.25868824E-03   1.58581700E-01
    14     1.0000E-02  -8.37612163E+00 +/-   1.25850817E-03   1.58536330E-01
    15     2.1544E-03  -8.37612160E+00 +/-   1.25846884E-03   1.58526421E-01
    16     4.6416E-04  -8.37612159E+00 +/-   1.25846034E-03   1.58524280E-01
    17     1.0000E-04  -8.37612159E+00 +/-   1.25845851E-03   1.58523818E-01
    18     2.1544E-05  -8.37612159E+00 +/-   1.25845811E-03   1.58523719E-01
    19     4.6416E-06  -8.37612159E+00 +/-   1.25845803E-03   1.58523698E-01
    20     1.0000E-06  -8.37612159E+00 +/-   1.25845801E-03   1.58523693E-01
    21     0.0000E+00  -8.37612159E+00 +/-   1.25845800E-03   1.58523692E-01
* Iteration # 1: E =  -8.376121587747E+00 +/-   1.258458004592E-03
* Diminishing returns: exiting.
* After optimization:
  -1.9047E+00   3.7362E-02   4.7617E-02  -1.1988E-03  -5.4229E-02  -8.4428E-03
  -1.5963E-02   4.4241E-03   1.0720E+00   3.5982E-01   4.2397E-02   1.2551E-02
   2.4406E-02  -3.1372E-02  -4.3783E-02   1.5168E-01   3.7057E-02  -8.0912E-02
  -1.0448E-02  -2.3380E-02  -6.3958E-02
  > Energy =  -8.376121587747E+00 +/-   1.258458004592E-03
  > varE =   1.585236917209E-01

VMC #6:
* Size of Hilbert space =   6.3504E+04
* Deterministic energy evaluation:
  > Deterministic Etot/t = -8.3749147328614661
    - Ttot/t = -13.713142409491102
    - Utot/t = 5.3382276766296348
* Number of equil. steps   = 1000
* Running VMC equilibration.
  Done. [total walltime: 0.04s]
* Equil. acc.ratio (%)     =  34.7909
* Sample config after equilibration:
  +-------------------+
  |              d    |
  |        u          |
  |  d                |
  |                u  |
  |          d        |
  |    u              |
  |                  2|
  |            0      |
  |      d            |
  |u                  |
  +-------------------+
* Number of accum. steps   = 500480 x 10
* Running VMC accumulation.
  Done. [total walltime: 2.02s]
* Acceptance ratio (%)     =  34.7601
* Etot/t                   =  -8.374818887764E+00 +/-   5.436156269570E-04
  > Ttot/t                 =  -1.371645092102E+01 +/-   4.881882285156E-03
  > Utot/t                 =   5.341632033248E+00 +/-   4.831575120765E-03
* var[Eloc/t]              =   1.474199110118E-01 +/-   3.632048347701E-03
* Correlation length       =   1.003262195295E+00
* log10 Psi^2 range: -2.2084320013329881 -- 4.3255377270531206
* log10 Pgen range : -2.2084320013329881 -- 4.3255377270531206
* Site occupation (ave. no. electrons per config.):
  > Site_  ___eu____  ___ed____
      1        0.500      0.502
      2        0.501      0.499
      3        0.499      0.499
      4        0.500      0.499
      5        0.500      0.500
      6        0.502      0.499
      7        0.499      0.501
      8        0.501      0.499
      9        0.499      0.502
     10        0.498      0.500
* Pair-correlation analysis (ave. no. pairs per config.):
  > Shell  nsite  ___dh____  __eueu___  __eued___
      0      1        0          0          1.334
      1     10        1.327      7.545     11.529
      2     10        0.821     10.999      8.795
      3     10        0.325      1.456      3.343

Optimization #6:
* Method          : lls
* Target function : energy
* No. of configs. : 100096
* No. of params.  : 21
* Before optimization:
  -1.9047E+00   3.7362E-02   4.7617E-02  -1.1988E-03  -5.4229E-02  -8.4428E-03
  -1.5963E-02   4.4241E-03   1.0720E+00   3.5982E-01   4.2397E-02   1.2551E-02
   2.4406E-02  -3.1372E-02  -4.3783E-02   1.5168E-01   3.7057E-02  -8.0912E-02
  -1.0448E-02  -2.3380E-02  -6.3958E-02
  > E    =  -8.377129350865E+00 +/-   1.301091730294E-03
  > varE =   1.694464816743E-01
* Computing derivatives.
  Done. [total walltime: 1.65s]
* Optimizing manipulation constant:
  #igrid a___________ E____________________________________ varE____________
     1     Infinity    -8.37712935E+00 +/-   1.30109173E-03   1.69446482E-01
     2     1.0000E+06  -8.37712936E+00 +/-   1.30109180E-03   1.69446499E-01
     3     2.1544E+05  -8.37712937E+00 +/-   1.30109204E-03   1.69446563E-01
     4     4.6416E+04  -8.37712945E+00 +/-   1.30109319E-03   1.69446861E-01
     5     1.0000E+04  -8.37712980E+00 +/-   1.30109851E-03   1.69448246E-01
     6     2.1544E+03  -8.37713143E+00 +/-   1.30112335E-03   1.69454718E-01
     7     4.6416E+02  -8.37713876E+00 +/-   1.30124200E-03   1.69485626E-01
     8     1.0000E+02  -8.37716809E+00 +/-   1.30184263E-03   1.69642124E-01
     9     2.1544E+01  -8.37724562E+00 +/-   1.30474045E-03   1.70398189E-01
    10     4.6416E+00  -8.37730409E+00 +/-   1.31244320E-03   1.72416076E-01
    11     1.0000E+00  -8.37723335E+00 +/-   1.32051206E-03   1.74542609E-01
    12     2.1544E-01  -8.37715130E+00 +/-   1.32442821E-03   1.75579403E-01
    13     4.6416E-02  -8.37712189E+00 +/-   1.32556156E-03   1.75880029E-01
    14     1.0000E-02  -8.37711470E+00 +/-   1.32582520E-03   1.75949996E-01
    15     2.1544E-03  -8.37711311E+00 +/-   1.32588299E-03   1.75965335E-01
    16     4.6416E-04  -8.37711276E+00 +/-   1.32589549E-03   1.75968653E-01
    17     1.0000E-04  -8.37711269E+00 +/-   1.32589818E-03   1.75969368E-01
    18     2.1544E-05  -8.37711267E+00 +/-   1.32589876E-03   1.75969522E-01
    19     4.6416E-06  -8.37711267E+00 +/-   1.32589889E-03   1.75969555E-01
    20     1.0000E-06  -8.37711267E+00 +/-   1.32589892E-03   1.75969563E-01
    21     0.0000E+00  -8.37711267E+00 +/-   1.32589892E-03   1.75969565E-01
  ParMin   6.5927E+00  -8.37730135E+00 +/-   1.31037235E-03   1.71872409E-01
  # Using parabolic minimum
* Iteration # 1: E =  -8.377301352911E+00 +/-   1.310372352238E-03
* Diminishing returns: exiting.
* After optimization:
  -1.9399E+00   4.5945E-02   5.1728E-02   4.6667E-03  -5.6316E-02  -1.2876E-02
  -1.6697E-02   1.8328E-03   1.0547E+00   3.2596E-01   4.0017E-02   3.5507E-02
   3.9598E-03  -2.8337E-02  -7.5922E-03   1.3892E-01   3.6041E-02  -6.1691E-02
  -2.4486E-02  -2.2164E-02  -3.3108E-02
  > Energy =  -8.377301352911E+00 +/-   1.310372352238E-03
  > varE =   1.718724094184E-01

VMC #7:
* Size of Hilbert space =   6.3504E+04
* Deterministic energy evaluation:
  > Deterministic Etot/t = -8.3750275930361653
    - Ttot/t = -13.712447892307125
    - Utot/t = 5.3374202992709670
* Number of equil. steps   = 1000
* Running VMC equilibration.
  Done. [total walltime: 0.04s]
* Equil. acc.ratio (%)     =  34.7473
* Sample config after equilibration:
  +-------------------+
  |              u    |
  |        0          |
  |  u                |
  |                d  |
  |          2        |
  |    0              |
  |                  2|
  |            d      |
  |      u            |
  |d                  |
  +-------------------+
* Number of accum. steps   = 500480 x 10
* Running VMC accumulation.
  Done. [total walltime: 2.01s]
* Acceptance ratio (%)     =  34.7615
* Etot/t                   =  -8.374919768540E+00 +/-   5.616017391598E-04
  > Ttot/t                 =  -1.370523466623E+01 +/-   4.692189357457E-03
  > Utot/t                 =   5.330314897698E+00 +/-   4.650689197376E-03
* var[Eloc/t]              =   1.555570928549E-01 +/-   7.474723684338E-03
* Correlation length       =   1.014737702686E+00
* log10 Psi^2 range: -2.2262979340352032 -- 3.8833553453451422
* log10 Pgen range : -2.2262979340352032 -- 3.8833553453451422
* Site occupation (ave. no. electrons per config.):
  > Site_  ___eu____  ___ed____
      1        0.499      0.501
      2        0.500      0.502
      3        0.502      0.501
      4        0.501      0.500
      5        0.500      0.502
      6        0.502      0.501
      7        0.498      0.498
      8        0.501      0.497
      9        0.500      0.499
     10        0.497      0.501
* Pair-correlation analysis (ave. no. pairs per config.):
  > Shell  nsite  ___dh____  __eueu___  __eued___
      0      1        0          0          1.333
      1     10        1.324      7.556     11.525
      2     10        0.821     10.985      8.806
      3     10        0.327      1.459      3.336

Optimization #7:
* Method          : lls
* Target function : energy
* No. of configs. : 100096
* No. of params.  : 21
* Before optimization:
  -1.9399E+00   4.5945E-02   5.1728E-02   4.6667E-03  -5.6316E-02  -1.2876E-02
  -1.6697E-02   1.8328E-03   1.0547E+00   3.2596E-01   4.0017E-02   3.5507E-02
   3.9598E-03  -2.8337E-02  -7.5922E-03   1.3892E-01   3.6041E-02  -6.1691E-02
  -2.4486E-02  -2.2164E-02  -3.3108E-02
  > E    =  -8.376616706856E+00 +/-   1.212712866671E-03
  > varE =   1.472084342586E-01
* Computing derivatives.
  Done. [total walltime: 1.66s]
* Optimizing manipulation constant:
  #igrid a___________ E____________________________________ varE____________
     1     Infinity    -8.37661671E+00 +/-   1.21271287E-03   1.47208434E-01
     2     1.0000E+06  -8.37661671E+00 +/-   1.21271290E-03   1.47208442E-01
     3     2.1544E+05  -8.37661671E+00 +/-   1.21271302E-03   1.47208472E-01
     4     4.6416E+04  -8.37661652E+00 +/-   1.21271394E-03   1.47208695E-01
     5     1.0000E+04  -8.37661185E+00 +/-   1.21273009E-03   1.47212615E-01
     6     2.1544E+03  -8.37645136E+00 +/-   1.21509622E-03   1.47787623E-01
     7     4.6416E+02  -8.35232110E+00 +/-   1.82406551E-03   3.33040912E-01
     8     1.0000E+02  -5.47237212E+00 +/-   1.44620037E-02   2.09350336E+01
     9     2.1544E+01  -2.88011910E-03 +/-   2.05469441E-02   4.22582202E+01
    10     4.6416E+00  -3.03485690E-22 +/-   2.05484814E-02   4.22645437E+01
    11     1.0000E+00  -1.93224908-185 +/-   1.96457067E-70   3.86324307-135
    12     2.1544E-01   0.00000000E+00 +/-   0.00000000E+00   0.00000000E+00
    13     4.6416E-02   0.00000000E+00 +/-   0.00000000E+00   0.00000000E+00
    14     1.0000E-02   0.00000000E+00 +/-   0.00000000E+00   0.00000000E+00
    15     2.1544E-03   0.00000000E+00 +/-   0.00000000E+00   0.00000000E+00
    16     4.6416E-04   0.00000000E+00 +/-   0.00000000E+00   0.00000000E+00
    17     1.0000E-04   0.00000000E+00 +/-   0.00000000E+00   0.00000000E+00
    18     2.1544E-05   0.00000000E+00 +/-   0.00000000E+00   0.00000000E+00
    19     4.6416E-06   0.00000000E+00 +/-   0.00000000E+00   0.00000000E+00
    20     1.0000E-06   0.00000000E+00 +/-   0.00000000E+00   0.00000000E+00
    21     0.0000E+00   0.00000000E+00 +/-   0.00000000E+00   0.00000000E+00
* Iteration # 1: E =  -8.376616708283E+00 +/-   1.212712896668E-03
* Convergence: exiting.
* After optimization:
  -1.9401E+00   4.5945E-02   5.1728E-02   4.6667E-03  -5.6316E-02  -1.2876E-02
  -1.6697E-02   1.8328E-03   1.0549E+00   3.2600E-01   4.0023E-02   3.5512E-02
   3.9601E-03  -2.8341E-02  -7.5931E-03   1.3892E-01   3.6041E-02  -6.1691E-02
  -2.4486E-02  -2.2164E-02  -3.3108E-02
  > Energy =  -8.376616708283E+00 +/-   1.212712896668E-03
  > varE =   1.472084415411E-01

VMC #8:
* Size of Hilbert space =   6.3504E+04
* Deterministic energy evaluation:
  > Deterministic Etot/t = -8.3750275936466565
    - Ttot/t = -13.712447856287820
    - Utot/t = 5.3374202626411646
* Number of equil. steps   = 1000
* Running VMC equilibration.
  Done. [total walltime: 0.04s]
* Equil. acc.ratio (%)     =  34.8345
* Sample config after equilibration:
  +-------------------+
  |              u    |
  |        d          |
  |  0                |
  |                d  |
  |          u        |
  |    2              |
  |                  u|
  |            d      |
  |      u            |
  |d                  |
  +-------------------+
* Number of accum. steps   = 500480 x 10
* Running VMC accumulation.
  Done. [total walltime: 2.02s]
* Acceptance ratio (%)     =  34.7904
* Etot/t                   =  -8.374865146344E+00 +/-   5.555051430049E-04
  > Ttot/t                 =  -1.371600165530E+01 +/-   4.721485808772E-03
  > Utot/t                 =   5.341136508951E+00 +/-   4.684550610270E-03
* var[Eloc/t]              =   1.561948551213E-01 +/-   7.366878020103E-03
* Correlation length       =   9.887720251426E-01
* log10 Psi^2 range: -2.6444210608281002 -- 3.8833543100812458
* log10 Pgen range : -2.6444210608281002 -- 3.8833543100812458
* Site occupation (ave. no. electrons per config.):
  > Site_  ___eu____  ___ed____
      1        0.500      0.500
      2        0.499      0.501
      3        0.502      0.501
      4        0.499      0.501
      5        0.502      0.499
      6        0.499      0.500
      7        0.498      0.498
      8        0.499      0.500
      9        0.502      0.500
     10        0.499      0.501
* Pair-correlation analysis (ave. no. pairs per config.):
  > Shell  nsite  ___dh____  __eueu___  __eued___
      0      1        0          0          1.337
      1     10        1.339      7.561     11.501
      2     10        0.821     10.980      8.825
      3     10        0.328      1.459      3.337

Optimization #8:
* Method          : lls
* Target function : energy
* No. of configs. : 100096
* No. of params.  : 21
* Before optimization:
  -1.9401E+00   4.5945E-02   5.1728E-02   4.6667E-03  -5.6316E-02  -1.2876E-02
  -1.6697E-02   1.8328E-03   1.0549E+00   3.2600E-01   4.0023E-02   3.5512E-02
   3.9601E-03  -2.8341E-02  -7.5931E-03   1.3892E-01   3.6041E-02  -6.1691E-02
  -2.4486E-02  -2.2164E-02  -3.3108E-02
  > E    =  -8.375057826841E+00 +/-   1.218320331997E-03
  > varE =   1.485729363611E-01
* Computing derivatives.
  Done. [total walltime: 1.66s]
* Optimizing manipulation constant:
  #igrid a___________ E____________________________________ varE____________
     1     Infinity    -8.37505783E+00 +/-   1.21832033E-03   1.48572936E-01
     2     1.0000E+06  -8.37505783E+00 +/-   1.21832025E-03   1.48572918E-01
     3     2.1544E+05  -8.37505785E+00 +/-   1.21831997E-03   1.48572849E-01
     4     4.6416E+04  -8.37505794E+00 +/-   1.21831867E-03   1.48572532E-01
     5     1.0000E+04  -8.37505834E+00 +/-   1.21831267E-03   1.48571068E-01
     6     2.1544E+03  -8.37506034E+00 +/-   1.21828552E-03   1.48564445E-01
     7     4.6416E+02  -8.37507189E+00 +/-   1.21818528E-03   1.48540000E-01
     8     1.0000E+02  -8.37499153E+00 +/-   1.22447203E-03   1.50077111E-01
     9     2.1544E+01  -8.20505092E+00 +/-   3.91331205E-03   1.53287126E+00
    10     4.6416E+00   1.75675637E+01 +/-   3.50614761E-02   1.23048724E+02
    11     1.0000E+00   2.00000000E+01 +/-   3.25819089E-02   1.06259991E+02
    12     2.1544E-01   2.00000000E+01 +/-   3.25798224E-02   1.06246382E+02
    13     4.6416E-02   2.00000000E+01 +/-   1.25555280E-17   1.57792619E-29
    14     1.0000E-02   2.00000000E+01 +/-   0.00000000E+00   0.00000000E+00
    15     2.1544E-03   2.00000000E+01 +/-   1.25549532E-17   1.57778171E-29
    16     4.6416E-04   2.00000000E+01 +/-   0.00000000E+00   0.00000000E+00
    17     1.0000E-04   2.00000000E+01 +/-   0.00000000E+00   0.00000000E+00
    18     2.1544E-05   2.00000000E+01 +/-   0.00000000E+00   0.00000000E+00
    19     4.6416E-06   2.00000000E+01 +/-   0.00000000E+00   0.00000000E+00
    20     1.0000E-06   2.00000000E+01 +/-   0.00000000E+00   0.00000000E+00
    21     0.0000E+00   2.00000000E+01 +/-   0.00000000E+00   0.00000000E+00
  ParMin   8.4899E+02  -8.37506481E+00 +/-   1.21823640E-03   1.48552466E-01
  # Using grid point #7
* Iteration # 1: E =  -8.375071886096E+00 +/-   1.218185282331E-03
* Diminishing returns: exiting.
* After optimization:
  -1.9038E+00   4.5676E-02   5.1508E-02   4.3985E-03  -5.6165E-02  -1.2655E-02
  -1.6564E-02   2.0214E-03   1.0367E+00   3.2081E-01   4.0029E-02   3.4911E-02
   3.4571E-03  -2.7948E-02  -7.8316E-03   1.3951E-01   3.6389E-02  -6.1744E-02
  -2.4622E-02  -2.2394E-02  -3.3472E-02
  > Energy =  -8.375071886096E+00 +/-   1.218185282331E-03
  > varE =   1.485399998455E-01

VMC #9:
* Size of Hilbert space =   6.3504E+04
* Deterministic energy evaluation:
  > Deterministic Etot/t = -8.3750257642547403
    - Ttot/t = -13.710908714378572
    - Utot/t = 5.3358829501238203
* Number of equil. steps   = 1000
* Running VMC equilibration.
  Done. [total walltime: 0.04s]
* Equil. acc.ratio (%)     =  34.6923
* Sample config after equilibration:
  +-------------------+
  |              2    |
  |        d          |
  |  u                |
  |                0  |
  |          0        |
  |    2              |
  |                  u|
  |            d      |
  |      u            |
  |d                  |
  +-------------------+
* Number of accum. steps   = 500480 x 10
* Running VMC accumulation.
  Done. [total walltime: 2.02s]
* Acceptance ratio (%)     =  34.7526
* Etot/t                   =  -8.374580562122E+00 +/-   5.875592491576E-04
  > Ttot/t                 =  -1.370955498668E+01 +/-   4.787932208138E-03
  > Utot/t                 =   5.334974424552E+00 +/-   4.723194871190E-03
* var[Eloc/t]              =   1.650001796354E-01 +/-   8.127486834915E-03
* Correlation length       =   1.047142157271E+00
* log10 Psi^2 range: -1.9902185965049741 -- 3.8892700210054936
* log10 Pgen range : -1.9902185965049741 -- 3.8892700210054936
* Site occupation (ave. no. electrons per config.):
  > Site_  ___eu____  ___ed____
      1        0.500      0.499
      2        0.499      0.501
      3        0.498      0.500
      4        0.499      0.500
      5        0.502      0.502
      6        0.498      0.500
      7        0.502      0.498
      8        0.503      0.498
      9        0.500      0.501
     10        0.499      0.501
* Pair-correlation analysis (ave. no. pairs per config.):
  > Shell  nsite  ___dh____  __eueu___  __eued___
      0      1        0          0          1.331
      1     10        1.328      7.560     11.515
      2     10        0.822     10.980      8.814
      3     10        0.324      1.460      3.339

Optimization #9:
* Method          : lls
* Target function : energy
* No. of configs. : 100096
* No. of params.  : 21
* Before optimization:
  -1.9038E+00   4.5676E-02   5.1508E-02   4.3985E-03  -5.6165E-02  -1.2655E-02
  -1.6564E-02   2.0214E-03   1.0367E+00   3.2081E-01   4.0029E-02   3.4911E-02
   3.4571E-03  -2.7948E-02  -7.8316E-03   1.3951E-01   3.6389E-02  -6.1744E-02
  -2.4622E-02  -2.2394E-02  -3.3472E-02
  > E    =  -8.374134574909E+00 +/-   1.225933252994E-03
  > varE =   1.504355136644E-01
* Computing derivatives.
  Done. [total walltime: 1.66s]
* Optimizing manipulation constant:
  #igrid a___________ E____________________________________ varE____________
     1     Infinity    -8.37413457E+00 +/-   1.22593325E-03   1.50435514E-01
     2     1.0000E+06  -8.37413458E+00 +/-   1.22593324E-03   1.50435511E-01
     3     2.1544E+05  -8.37413458E+00 +/-   1.22593320E-03   1.50435501E-01
     4     4.6416E+04  -8.37413461E+00 +/-   1.22593301E-03   1.50435454E-01
     5     1.0000E+04  -8.37413475E+00 +/-   1.22593213E-03   1.50435238E-01
     6     2.1544E+03  -8.37413538E+00 +/-   1.22592813E-03   1.50434256E-01
     7     4.6416E+02  -8.37413823E+00 +/-   1.22591133E-03   1.50430134E-01
     8     1.0000E+02  -8.37415020E+00 +/-   1.22586558E-03   1.50418905E-01
     9     2.1544E+01  -8.37418668E+00 +/-   1.22599886E-03   1.50451616E-01
    10     4.6416E+00  -8.37423298E+00 +/-   1.22719937E-03   1.50746407E-01
    11     1.0000E+00  -8.37424668E+00 +/-   1.22883265E-03   1.51147932E-01
    12     2.1544E-01  -8.37424603E+00 +/-   1.22964873E-03   1.51348755E-01
    13     4.6416E-02  -8.37424526E+00 +/-   1.22988678E-03   1.51407360E-01
    14     1.0000E-02  -8.37424505E+00 +/-   1.22994237E-03   1.51421048E-01
    15     2.1544E-03  -8.37424500E+00 +/-   1.22995457E-03   1.51424052E-01
    16     4.6416E-04  -8.37424499E+00 +/-   1.22995721E-03   1.51424702E-01
    17     1.0000E-04  -8.37424499E+00 +/-   1.22995778E-03   1.51424842E-01
    18     2.1544E-05  -8.37424499E+00 +/-   1.22995790E-03   1.51424872E-01
    19     4.6416E-06  -8.37424499E+00 +/-   1.22995793E-03   1.51424879E-01
    20     1.0000E-06  -8.37424499E+00 +/-   1.22995793E-03   1.51424880E-01
    21     0.0000E+00  -8.37424499E+00 +/-   1.22995793E-03   1.51424880E-01
  ParMin   6.9217E-01  -8.37424686E+00 +/-   1.22910927E-03   1.51215989E-01
  # Using grid point #11
* Iteration # 1: E =  -8.374246683928E+00 +/-   1.228832653118E-03
* Diminishing returns: exiting.
* After optimization:
  -1.9255E+00   4.8803E-02   5.3778E-02   4.3281E-03  -5.7161E-02  -9.8645E-03
  -1.8083E-02   3.7560E-03   1.0230E+00   3.1072E-01   5.4372E-02   3.8681E-02
  -2.3609E-02  -3.1395E-02  -4.2003E-03   1.4686E-01   4.2905E-02  -6.1444E-02
  -3.9809E-02  -3.0456E-02  -2.9120E-02
  > Energy =  -8.374246683928E+00 +/-   1.228832653118E-03
  > varE =   1.511479317872E-01

VMC #10:
* Size of Hilbert space =   6.3504E+04
* Deterministic energy evaluation:
  > Deterministic Etot/t = -8.3750801049452797
    - Ttot/t = -13.722885155042606
    - Utot/t = 5.3478050500973291
* Number of equil. steps   = 1000
* Running VMC equilibration.
  Done. [total walltime: 0.04s]
* Equil. acc.ratio (%)     =  34.8395
* Sample config after equilibration:
  +-------------------+
  |              u    |
  |        d          |
  |  u                |
  |                d  |
  |          0        |
  |    2              |
  |                  u|
  |            d      |
  |      0            |
  |2                  |
  +-------------------+
* Number of accum. steps   = 500480 x 10
* Running VMC accumulation.
  Done. [total walltime: 2.01s]
* Acceptance ratio (%)     =  34.8094
* Etot/t                   =  -8.375289487729E+00 +/-   5.539997782888E-04
  > Ttot/t                 =  -1.371909543404E+01 +/-   4.698973228220E-03
  > Utot/t                 =   5.343805946292E+00 +/-   4.666576010946E-03
* var[Eloc/t]              =   1.540099206817E-01 +/-   9.692446847527E-03
* Correlation length       =   9.973720917081E-01
* log10 Psi^2 range: -2.7671483468454596 -- 3.6587497966934244
* log10 Pgen range : -2.7671483468454596 -- 3.6587497966934244
* Site occupation (ave. no. electrons per config.):
  > Site_  ___eu____  ___ed____
      1        0.501      0.499
      2        0.497      0.501
      3        0.501      0.502
      4        0.500      0.500
      5        0.501      0.497
      6        0.499      0.501
      7        0.498      0.501
      8        0.501      0.499
      9        0.502      0.500
     10        0.500      0.499
* Pair-correlation analysis (ave. no. pairs per config.):
  > Shell  nsite  ___dh____  __eueu___  __eued___
      0      1        0          0          1.339
      1     10        1.337      7.581     11.487
      2     10        0.829     10.955      8.839
      3     10        0.325      1.464      3.335

Optimization #10:
* Method          : lls
* Target function : energy
* No. of configs. : 100096
* No. of params.  : 21
* Before optimization:
  -1.9255E+00   4.8803E-02   5.3778E-02   4.3281E-03  -5.7161E-02  -9.8645E-03
  -1.8083E-02   3.7560E-03   1.0230E+00   3.1072E-01   5.4372E-02   3.8681E-02
  -2.3609E-02  -3.1395E-02  -4.2003E-03   1.4686E-01   4.2905E-02  -6.1444E-02
  -3.9809E-02  -3.0456E-02  -2.9120E-02
  > E    =  -8.375937412761E+00 +/-   1.140927486997E-03
  > varE =   1.302965177495E-01
* Computing derivatives.
  Done. [total walltime: 1.63s]
* Optimizing manipulation constant:
  #igrid a___________ E____________________________________ varE____________
     1     Infinity    -8.37593741E+00 +/-   1.14092749E-03   1.30296518E-01
     2     1.0000E+06  -8.37593741E+00 +/-   1.14092738E-03   1.30296494E-01
     3     2.1544E+05  -8.37593742E+00 +/-   1.14092700E-03   1.30296407E-01
     4     4.6416E+04  -8.37593744E+00 +/-   1.14092523E-03   1.30296002E-01
     5     1.0000E+04  -8.37593752E+00 +/-   1.14091697E-03   1.30294115E-01
     6     2.1544E+03  -8.37593796E+00 +/-   1.14087792E-03   1.30285196E-01
     7     4.6416E+02  -8.37594065E+00 +/-   1.14068164E-03   1.30240371E-01
     8     1.0000E+02  -8.37596410E+00 +/-   1.13957047E-03   1.29986754E-01
     9     2.1544E+01  -8.37499385E+00 +/-   1.17654726E-03   1.38559235E-01
    10     4.6416E+00  -8.00489521E+00 +/-   5.59762496E-03   3.13634853E+00
    11     1.0000E+00  -5.87808350E-01 +/-   2.02479546E-02   4.10373247E+01
    12     2.1544E-01  -1.03589526E-09 +/-   2.05372444E-02   4.22183314E+01
    13     4.6416E-02  -2.94170745E-62 +/-   7.66434520E-09   5.87985799E-12
    14     1.0000E-02   0.00000000E+00 +/-   0.00000000E+00   0.00000000E+00
    15     2.1544E-03   0.00000000E+00 +/-   0.00000000E+00   0.00000000E+00
    16     4.6416E-04   2.00000000E+01 +/-   0.00000000E+00   0.00000000E+00
    17     1.0000E-04   2.00000000E+01 +/-   0.00000000E+00   0.00000000E+00
    18     2.1544E-05   2.00000000E+01 +/-   1.19104577E-17   1.41995187E-29
    19     4.6416E-06   2.00000000E+01 +/-   0.00000000E+00   0.00000000E+00
    20     1.0000E-06   2.00000000E+01 +/-   0.00000000E+00   0.00000000E+00
    21     0.0000E+00   2.00000000E+01 +/-   1.19104572E-17   1.41995176E-29
  ParMin   2.0760E+02  -8.37594695E+00 +/-   1.14032830E-03   1.30159697E-01
  # Using grid point #8
* Iteration # 1: E =  -8.375964096542E+00 +/-   1.139570474468E-03
* Diminishing returns: exiting.
* After optimization:
  -1.9800E+00   4.8826E-02   5.3854E-02   4.3755E-03  -5.7213E-02  -9.8315E-03
  -1.8284E-02   3.5956E-03   1.0518E+00   3.2018E-01   5.5386E-02   3.9354E-02
  -2.3414E-02  -3.2294E-02  -4.5492E-03   1.4764E-01   4.2664E-02  -6.2781E-02
  -3.8903E-02  -3.0348E-02  -3.0131E-02
  > Energy =  -8.375964096542E+00 +/-   1.139570474468E-03
  > varE =   1.299867542312E-01

VMC #11:
* Size of Hilbert space =   6.3504E+04
* Deterministic energy evaluation:
  > Deterministic Etot/t = -8.3750860366131903
    - Ttot/t = -13.717778571541803
    - Utot/t = 5.3426925349286076
* Number of equil. steps   = 1000
* Running VMC equilibration.
  Done. [total walltime: 0.04s]
* Equil. acc.ratio (%)     =  34.8147
* Sample config after equilibration:
  +-------------------+
  |              u    |
  |        2          |
  |  d                |
  |                d  |
  |          u        |
  |    d              |
  |                  u|
  |            u      |
  |      0            |
  |d                  |
  +-------------------+
* Number of accum. steps   = 500480 x 10
* Running VMC accumulation.
  Done. [total walltime: 2.02s]
* Acceptance ratio (%)     =  34.7730
* Etot/t                   =  -8.374301515528E+00 +/-   5.488454119972E-04
  > Ttot/t                 =  -1.372405375337E+01 +/-   4.814924110219E-03
  > Utot/t                 =   5.349752237852E+00 +/-   4.780388990433E-03
* var[Eloc/t]              =   1.456948619401E-01 +/-   5.594208973351E-03
* Correlation length       =   1.034766992775E+00
* log10 Psi^2 range: -2.4362061263852017 -- 3.6748794913607790
* log10 Pgen range : -2.4362061263852017 -- 3.6748794913607790
* Site occupation (ave. no. electrons per config.):
  > Site_  ___eu____  ___ed____
      1        0.499      0.502
      2        0.501      0.499
      3        0.499      0.502
      4        0.503      0.498
      5        0.497      0.502
      6        0.500      0.500
      7        0.500      0.500
      8        0.499      0.499
      9        0.501      0.500
     10        0.501      0.499
* Pair-correlation analysis (ave. no. pairs per config.):
  > Shell  nsite  ___dh____  __eueu___  __eued___
      0      1        0          0          1.335
      1     10        1.330      7.549     11.519
      2     10        0.817     10.992      8.810
      3     10        0.327      1.459      3.336

VDAGGER finished.
Total VDAGGER walltime: 1m9s

Run ended: Thu Jan 15 18:04:22 CET 2026
