Run started: Fri Jan 16 09:11:35 CET 2026
Using VDAGGER_ARCH = gnu7_fkfamd_cluster
Running 1x128 MPI processes.

                               xx
                              +##
                               #X
                               Xx
                          X##XxXxxX##x
                           +   Xx  ++
                               ##
                              +##
                              +##
     ++++         ++          +##
   xX+++##+      ####         +##
  Xx    ###      +X##          ##
 xX    X##+        ##          #X
 +    x##X         #x          #X
      ###         +#           x+
     X##+         #+
     ###         Xx                    _______
     ##X       +X+   __________________VDAGGER
     +##x    +xX     2nd quantized variational
       +xxxxx+       ______quantum Monte Carlo

* Running 128 MPI processes.
* Input file: "input.11.casl"

############# Start of input file dump #############
General:
  Random seed: timer

Plan:
  VMC-optimization:
    Minimum cycles: 10
    Convergence cycles: 7

System:
  Hubbard model:
    Primitive cell:
      a_1: [ 3.0, 1.0 ]
      a_2: [ -1.0, 3.0 ]
    Simulation cell:
      a_1: [ 10.0, 0.0 ]
      a_2: [ 0.0, 10.0 ]
    U: 4.0
    Dump Hamiltonian: FCIDUMP.new
    Dump orbitals: LTSC.new
  netot: 10

VMC:
  nstep: 500000
  nconfig: 100000

Jastrow: wfn.casl

Backflow: wfn.casl
############## End of input file dump ##############

General setup:
* Random seed: 971000726 (from timer)

Hubbard system:
* Dimensionality        : 2
* Simulation cell:
  > a_1 =   1.000000000000E+01   0.000000000000E+00
  > a_2 =   0.000000000000E+00   1.000000000000E+01
* Primitive cell:
  > a_1 =   3.000000000000E+00   1.000000000000E+00
  > a_2 =  -1.000000000000E+00   3.000000000000E+00
* Prim.cells in sim.cell: 10
* Number of sublattices : 1
* # real-space shells   : 3
  > Shell #1: 4 sites, rij =  3.1623E+00
  > Shell #2: 4 sites, rij =  4.4721E+00
  > Shell #3: 1 sites, rij =  7.0711E+00
* Site labels:
  +-----------------------------+
  |                      4      |
  |             7               |
  |   10                        |
  |                         3   |
  |                6            |
  |       9                     |
  |                            2|
  |                   5         |
  |          8                  |
  | 1                           |
  +-----------------------------+
* Shell diagram:
  +-------------------+
  |              0    |
  |        1          |
  |  2                |
  |                1  |
  |          2        |
  |    3              |
  |                  2|
  |            1      |
  |      2            |
  |1                  |
  +-------------------+
* Hop multiplicity diagram:
  +-------------------+
  |              0    |
  |        1          |
  |  -                |
  |                1  |
  |          -        |
  |    -              |
  |                  -|
  |            1      |
  |      -            |
  |1                  |
  +-------------------+
* Reciprocal lattice of the simulation cell:
  > b_1 =   6.283185307180E-01  -0.000000000000E+00
  > b_2 =  -0.000000000000E+00   6.283185307180E-01
* k-vector offset:
  > Fractional:   0.000000000000E+00   0.000000000000E+00
  > Absolute  :   0.000000000000E+00   0.000000000000E+00
* G-vector occupation diagram:
  +----0----+
  |      -  |
  |- - 2 -  |
  0  2 2 2  0
  |  - 2 - -|
  |  -      |
  +----0----+
* G-vectors and non-interacting energy levels:
  > G_1 = [   0.0000E+00,  0.0000E+00,  0.0000E+00 ], e =  -4.0000E+00
  > G_2 = [  -6.2832E-01,  0.0000E+00,  0.0000E+00 ], e =  -1.0000E+00
  > G_3 = [   6.2832E-01,  0.0000E+00,  0.0000E+00 ], e =  -1.0000E+00
  > G_4 = [   0.0000E+00, -6.2832E-01,  0.0000E+00 ], e =  -1.0000E+00
  > G_5 = [   0.0000E+00,  6.2832E-01,  0.0000E+00 ], e =  -1.0000E+00 = e_F
  > G_6 = [  -6.2832E-01, -6.2832E-01,  0.0000E+00 ], e =   1.0000E+00
  > G_7 = [   6.2832E-01,  6.2832E-01,  0.0000E+00 ], e =   1.0000E+00
  > G_8 = [   6.2832E-01, -6.2832E-01,  0.0000E+00 ], e =   1.0000E+00
  > G_9 = [  -6.2832E-01,  6.2832E-01,  0.0000E+00 ], e =   1.0000E+00
  > ...
* U/t                   :  4.00000000000E+00
* Hartree-Fock Etot/t   : -6.00000000000E+00
  > Ttot/t              : -1.60000000000E+01
  > Utot/t              :  1.00000000000E+01
* Writing Hamiltonian to "FCIDUMP.new".
* Writing orbitals to "LTSC.new".
* Analysis of Hamiltonian connecitivity performed:
  - U_iiii [opp] (local, 1-site): 10 (i) values
  - T_ji (single, 2-site): 40 contribs. from 10 (i) values
  - Max. no. wfn. ratios in Eloc: 4
* Site labels:
  +-----------------------------+
  |                      4      |
  |             7               |
  |   10                        |
  |                         3   |
  |                6            |
  |       9                     |
  |                            2|
  |                   5         |
  |          8                  |
  | 1                           |
  +-----------------------------+
* Model system Site kinds:
  [ 1, 1, 1, 1, 1, 1, 1, 1, 1, 1 ]
  +-------------------+
  |              1    |
  |        1          |
  |  1                |
  |                1  |
  |          1        |
  |    1              |
  |                  1|
  |            1      |
  |      1            |
  |1                  |
  +-------------------+
* Maximum Site kind: 1
* Model system Site pair kinds:
  Site 1: [ 0, 1, 2, 1, 2, 3, 2, 1, 2, 1 ]
  Site 2: [ 1, 0, 1, 2, 1, 2, 3, 2, 1, 2 ]
  Site 3: [ 2, 1, 0, 1, 2, 1, 2, 3, 2, 1 ]
  Site 4: [ 1, 2, 1, 0, 1, 2, 1, 2, 3, 2 ]
  Site 5: [ 2, 1, 2, 1, 0, 1, 2, 1, 2, 3 ]
  Site 6: [ 3, 2, 1, 2, 1, 0, 1, 2, 1, 2 ]
  Site 7: [ 2, 3, 2, 1, 2, 1, 0, 1, 2, 1 ]
  Site 8: [ 1, 2, 3, 2, 1, 2, 1, 0, 1, 2 ]
  Site 9: [ 2, 1, 2, 3, 2, 1, 2, 1, 0, 1 ]
  Site 10: [ 1, 2, 1, 2, 3, 2, 1, 2, 1, 0 ]
  For site 1 of kind 1:
  +-------------------+
  |              1    |
  |        2          |
  |  1                |
  |                2  |
  |          3        |
  |    2              |
  |                  1|
  |            2      |
  |      1            |
  |0                  |
  +-------------------+
* Maximum (unsigned) Site pair kind: 3

General system setup:
* Number of sites       : 10
* Number of electrons   : 10
* Spin imbalance MS2    : 0
* Filling               : 0.500000
* Number of orbitals in pool: 13
* Using real-valued orbitals
* Using double-precision arithmetic for orbitals

Trial wave function setup:
* Jastrow parameter file: "wfn.casl"
* Not using multideterminants
* Backflow parameter file: "wfn.casl"
* Not using wave function manipulation

VMC #1:
* Size of Hilbert space =   6.3504E+04
* Deterministic energy evaluation:
  > Deterministic Etot/t = -8.3750860366131903
    - Ttot/t = -13.717778571541803
    - Utot/t = 5.3426925349286076
* Number of equil. steps   = 1000
* Running VMC equilibration.
  Done. [total walltime: 0.07s]
* Equil. acc.ratio (%)     =  34.8331
* Sample config after equilibration:
  +-------------------+
  |              d    |
  |        0          |
  |  2                |
  |                0  |
  |          u        |
  |    u              |
  |                  2|
  |            d      |
  |      u            |
  |d                  |
  +-------------------+
* Number of accum. steps   = 500480 x 10
* Running VMC accumulation.
  Done. [total walltime: 2.39s]
* Acceptance ratio (%)     =  34.7595
* Etot/t                   =  -8.373861653504E+00 +/-   5.382440400905E-04
  > Ttot/t                 =  -1.370968326475E+01 +/-   4.897099199375E-03
  > Utot/t                 =   5.335821611253E+00 +/-   4.848929006793E-03
* var[Eloc/t]              =   1.489890784928E-01 +/-   6.239656669341E-03
* Correlation length       =   9.731745709393E-01
* log10 Psi^2 range: -3.2758826133652645 -- 3.6748794913607670
* log10 Pgen range : -3.2758826133652645 -- 3.6748794913607670
* Site occupation (ave. no. electrons per config.):
  > Site_  ___eu____  ___ed____
      1        0.501      0.501
      2        0.501      0.500
      3        0.499      0.501
      4        0.499      0.499
      5        0.499      0.503
      6        0.500      0.498
      7        0.499      0.498
      8        0.502      0.501
      9        0.501      0.501
     10        0.499      0.500
* Pair-correlation analysis (ave. no. pairs per config.):
  > Shell  nsite  ___dh____  __eueu___  __eued___
      0      1        0          0          1.333
      1     10        1.326      7.554     11.526
      2     10        0.826     10.986      8.803
      3     10        0.324      1.461      3.338

Optimization #1:
* Method          : lls
* Target function : energy
* No. of configs. : 100096
* No. of params.  : 21
* Before optimization:
  -1.9800E+00   4.8826E-02   5.3854E-02   4.3755E-03  -5.7213E-02  -9.8315E-03
  -1.8284E-02   3.5956E-03   1.0518E+00   3.2018E-01   5.5386E-02   3.9354E-02
  -2.3414E-02  -3.2294E-02  -4.5492E-03   1.4764E-01   4.2664E-02  -6.2781E-02
  -3.8903E-02  -3.0348E-02  -3.0131E-02
  > E    =  -8.373843668584E+00 +/-   1.189788850329E-03
  > varE =   1.416956481976E-01
* Computing derivatives.
  Done. [total walltime: 1.68s]
* Optimizing manipulation constant:
  #igrid a___________ E____________________________________ varE____________
     1     Infinity    -8.37384367E+00 +/-   1.18978885E-03   1.41695648E-01
     2     1.0000E+06  -8.37384368E+00 +/-   1.18978849E-03   1.41695562E-01
     3     2.1544E+05  -8.37384370E+00 +/-   1.18978709E-03   1.41695230E-01
     4     4.6416E+04  -8.37384369E+00 +/-   1.18977909E-03   1.41693325E-01
     5     1.0000E+04  -8.37384069E+00 +/-   1.18971746E-03   1.41678645E-01
     6     2.1544E+03  -8.37363616E+00 +/-   1.19320345E-03   1.42510126E-01
     7     4.6416E+02  -8.28952920E+00 +/-   2.84630431E-03   8.10922559E-01
     8     1.0000E+02  -4.28225710E+00 +/-   1.76263436E-02   3.10986248E+01
     9     2.1544E+01   1.99995636E+01 +/-   2.66129545E-02   7.08929269E+01
    10     4.6416E+00   2.00000000E+01 +/-   2.63208814E-02   6.93453875E+01
    11     1.0000E+00   2.00000000E+01 +/-   2.61531918E-02   6.84646072E+01
    12     2.1544E-01   2.00000000E+01 +/-   2.61012529E-02   6.81929429E+01
    13     4.6416E-02   2.00000000E+01 +/-   2.60880489E-02   6.81239659E+01
    14     1.0000E-02   2.00000000E+01 +/-   2.60820324E-02   6.80925478E+01
    15     2.1544E-03   2.00000000E+01 +/-   2.60693458E-02   6.80263218E+01
    16     4.6416E-04   2.00000000E+01 +/-   2.60541055E-02   6.79468077E+01
    17     1.0000E-04   2.00000000E+01 +/-   2.60583259E-02   6.79688222E+01
    18     2.1544E-05   2.00000000E+01 +/-   2.60592647E-02   6.79737201E+01
    19     4.6416E-06   2.00000000E+01 +/-   2.60594684E-02   6.79747828E+01
    20     1.0000E-06   2.00000000E+01 +/-   2.60595124E-02   6.79750120E+01
    21     0.0000E+00   2.00000000E+01 +/-   2.60595245E-02   6.79750750E+01
  ParMin   9.9471E+04  -8.37384372E+00 +/-   1.18978481E-03   1.41694685E-01
  # Using parabolic minimum
* Iteration # 1: E =  -8.373843717745E+00 +/-   1.189784805741E-03
* Convergence: exiting.
* After optimization:
  -1.9769E+00   4.8825E-02   5.3855E-02   4.3752E-03  -5.7214E-02  -9.8314E-03
  -1.8285E-02   3.5955E-03   1.0502E+00   3.1968E-01   5.5295E-02   3.9285E-02
  -2.3371E-02  -3.2243E-02  -4.5491E-03   1.4764E-01   4.2661E-02  -6.2787E-02
  -3.8898E-02  -3.0348E-02  -3.0137E-02
  > Energy =  -8.373843717745E+00 +/-   1.189784805741E-03
  > varE =   1.416946848340E-01

VMC #2:
* Size of Hilbert space =   6.3504E+04
* Deterministic energy evaluation:
  > Deterministic Etot/t = -8.3750860372135740
    - Ttot/t = -13.717765043405130
    - Utot/t = 5.3426790061915614
* Number of equil. steps   = 1000
* Running VMC equilibration.
  Done. [total walltime: 0.04s]
* Equil. acc.ratio (%)     =  34.8340
* Sample config after equilibration:
  +-------------------+
  |              d    |
  |        u          |
  |  0                |
  |                u  |
  |          d        |
  |    2              |
  |                  d|
  |            u      |
  |      d            |
  |u                  |
  +-------------------+
* Number of accum. steps   = 500480 x 10
* Running VMC accumulation.
  Done. [total walltime: 2.01s]
* Acceptance ratio (%)     =  34.7932
* Etot/t                   =  -8.374246183697E+00 +/-   6.173000090922E-04
  > Ttot/t                 =  -1.371683729623E+01 +/-   4.834895795051E-03
  > Utot/t                 =   5.342591112532E+00 +/-   4.795514297491E-03
* var[Eloc/t]              =   1.892736956596E-01 +/-   3.205196397608E-02
* Correlation length       =   1.007602025271E+00
* log10 Psi^2 range: -2.4361317790294432 -- 3.6749643318383072
* log10 Pgen range : -2.4361317790294432 -- 3.6749643318383072
* Site occupation (ave. no. electrons per config.):
  > Site_  ___eu____  ___ed____
      1        0.499      0.500
      2        0.499      0.501
      3        0.500      0.497
      4        0.501      0.501
      5        0.500      0.498
      6        0.500      0.499
      7        0.502      0.499
      8        0.500      0.503
      9        0.502      0.499
     10        0.498      0.502
* Pair-correlation analysis (ave. no. pairs per config.):
  > Shell  nsite  ___dh____  __eueu___  __eued___
      0      1        0          0          1.336
      1     10        1.331      7.562     11.510
      2     10        0.824     10.976      8.819
      3     10        0.325      1.462      3.335

Optimization #2:
* Method          : lls
* Target function : energy
* No. of configs. : 100096
* No. of params.  : 21
* Before optimization:
  -1.9769E+00   4.8825E-02   5.3855E-02   4.3752E-03  -5.7214E-02  -9.8314E-03
  -1.8285E-02   3.5955E-03   1.0502E+00   3.1968E-01   5.5295E-02   3.9285E-02
  -2.3371E-02  -3.2243E-02  -4.5491E-03   1.4764E-01   4.2661E-02  -6.2787E-02
  -3.8898E-02  -3.0348E-02  -3.0137E-02
  > E    =  -8.373428632842E+00 +/-   1.193501199197E-03
  > varE =   1.425812579792E-01
* Computing derivatives.
  Done. [total walltime: 1.67s]
* Optimizing manipulation constant:
  #igrid a___________ E____________________________________ varE____________
     1     Infinity    -8.37342863E+00 +/-   1.19350120E-03   1.42581258E-01
     2     1.0000E+06  -8.37342863E+00 +/-   1.19350109E-03   1.42581231E-01
     3     2.1544E+05  -8.37342863E+00 +/-   1.19350068E-03   1.42581134E-01
     4     4.6416E+04  -8.37342864E+00 +/-   1.19349878E-03   1.42580681E-01
     5     1.0000E+04  -8.37342866E+00 +/-   1.19349000E-03   1.42578582E-01
     6     2.1544E+03  -8.37342877E+00 +/-   1.19344953E-03   1.42568912E-01
     7     4.6416E+02  -8.37342925E+00 +/-   1.19326774E-03   1.42525484E-01
     8     1.0000E+02  -8.37343075E+00 +/-   1.19253619E-03   1.42350782E-01
     9     2.1544E+01  -8.37343080E+00 +/-   1.19050597E-03   1.41866508E-01
    10     4.6416E+00  -8.37341939E+00 +/-   1.18780124E-03   1.41222622E-01
    11     1.0000E+00  -8.37340630E+00 +/-   1.18617424E-03   1.40836006E-01
    12     2.1544E-01  -8.37340089E+00 +/-   1.18566881E-03   1.40716010E-01
    13     4.6416E-02  -8.37339945E+00 +/-   1.18555430E-03   1.40688832E-01
    14     1.0000E-02  -8.37339913E+00 +/-   1.18552962E-03   1.40682975E-01
    15     2.1544E-03  -8.37339905E+00 +/-   1.18552431E-03   1.40681714E-01
    16     4.6416E-04  -8.37339904E+00 +/-   1.18552317E-03   1.40681443E-01
    17     1.0000E-04  -8.37339904E+00 +/-   1.18552292E-03   1.40681384E-01
    18     2.1544E-05  -8.37339904E+00 +/-   1.18552287E-03   1.40681371E-01
    19     4.6416E-06  -8.37339904E+00 +/-   1.18552286E-03   1.40681369E-01
    20     1.0000E-06  -8.37339904E+00 +/-   1.18552285E-03   1.40681368E-01
    21     0.0000E+00  -8.37339904E+00 +/-   1.18552285E-03   1.40681368E-01
  ParMin   1.7092E+01  -8.37342994E+00 +/-   1.19009180E-03   1.41767816E-01
  # Using parabolic minimum
* Iteration # 1: E =  -8.373429944166E+00 +/-   1.190091798777E-03
* Convergence: exiting.
* After optimization:
  -1.9623E+00   4.7296E-02   5.2000E-02   2.7460E-03  -5.6042E-02  -7.5123E-03
  -1.7963E-02   4.6490E-03   1.0592E+00   3.2508E-01   5.4808E-02   4.2143E-02
  -2.2649E-02  -3.5944E-02  -8.1997E-03   1.5181E-01   4.3295E-02  -6.6362E-02
  -3.7225E-02  -3.2691E-02  -3.8202E-02
  > Energy =  -8.373429944166E+00 +/-   1.190091798777E-03
  > varE =   1.417678155267E-01

VMC #3:
* Size of Hilbert space =   6.3504E+04
* Deterministic energy evaluation:
  > Deterministic Etot/t = -8.3751002340290857
    - Ttot/t = -13.718446986901172
    - Utot/t = 5.3433467528720877
* Number of equil. steps   = 1000
* Running VMC equilibration.
  Done. [total walltime: 0.04s]
* Equil. acc.ratio (%)     =  34.7776
* Sample config after equilibration:
  +-------------------+
  |              u    |
  |        u          |
  |  d                |
  |                u  |
  |          d        |
  |    d              |
  |                  d|
  |            u      |
  |      d            |
  |u                  |
  +-------------------+
* Number of accum. steps   = 500480 x 10
* Running VMC accumulation.
  Done. [total walltime: 2.02s]
* Acceptance ratio (%)     =  34.7941
* Etot/t                   =  -8.375027995580E+00 +/-   6.342402015104E-04
  > Ttot/t                 =  -1.371584481145E+01 +/-   4.873949158880E-03
  > Utot/t                 =   5.340816815857E+00 +/-   4.840674794599E-03
* var[Eloc/t]              =   2.061006881076E-01 +/-   3.275316877167E-02
* Correlation length       =   9.768206188850E-01
* log10 Psi^2 range: -4.5384655525177759 -- 3.7858293371200094
* log10 Pgen range : -4.5384655525177759 -- 3.7858293371200094
* Site occupation (ave. no. electrons per config.):
  > Site_  ___eu____  ___ed____
      1        0.501      0.500
      2        0.499      0.500
      3        0.498      0.500
      4        0.501      0.500
      5        0.500      0.499
      6        0.501      0.498
      7        0.500      0.501
      8        0.499      0.502
      9        0.499      0.502
     10        0.502      0.498
* Pair-correlation analysis (ave. no. pairs per config.):
  > Shell  nsite  ___dh____  __eueu___  __eued___
      0      1        0          0          1.338
      1     10        1.332      7.564     11.512
      2     10        0.831     10.976      8.813
      3     10        0.327      1.461      3.337

Optimization #3:
* Method          : lls
* Target function : energy
* No. of configs. : 100096
* No. of params.  : 21
* Before optimization:
  -1.9623E+00   4.7296E-02   5.2000E-02   2.7460E-03  -5.6042E-02  -7.5123E-03
  -1.7963E-02   4.6490E-03   1.0592E+00   3.2508E-01   5.4808E-02   4.2143E-02
  -2.2649E-02  -3.5944E-02  -8.1997E-03   1.5181E-01   4.3295E-02  -6.6362E-02
  -3.7225E-02  -3.2691E-02  -3.8202E-02
  > E    =  -8.378835473710E+00 +/-   1.376607971784E-03
  > varE =   1.896868755507E-01
* Computing derivatives.
  Done. [total walltime: 1.68s]
* Optimizing manipulation constant:
  #igrid a___________ E____________________________________ varE____________
     1     Infinity    -8.37883547E+00 +/-   1.37660797E-03   1.89686876E-01
     2     1.0000E+06  -8.37883547E+00 +/-   1.37660785E-03   1.89686843E-01
     3     2.1544E+05  -8.37883547E+00 +/-   1.37660743E-03   1.89686725E-01
     4     4.6416E+04  -8.37883547E+00 +/-   1.37660542E-03   1.89686172E-01
     5     1.0000E+04  -8.37883548E+00 +/-   1.37659569E-03   1.89683491E-01
     6     2.1544E+03  -8.37883555E+00 +/-   1.37654165E-03   1.89668599E-01
     7     4.6416E+02  -8.37883631E+00 +/-   1.37613314E-03   1.89556040E-01
     8     1.0000E+02  -8.37857851E+00 +/-   1.37950885E-03   1.90487159E-01
     9     2.1544E+01  -8.33077937E+00 +/-   2.38436413E-03   5.69065010E-01
    10     4.6416E+00  -5.98194452E+00 +/-   1.32815328E-02   1.76568456E+01
    11     1.0000E+00  -5.25978125E-02 +/-   2.04393234E-02   4.18166996E+01
    12     2.1544E-01  -1.22762685E-13 +/-   2.04570250E-02   4.18891623E+01
    13     4.6416E-02  -7.88853161E-96 +/-   1.25531443E-25   1.57732710E-45
    14     1.0000E-02   0.00000000E+00 +/-   0.00000000E+00   0.00000000E+00
    15     2.1544E-03   0.00000000E+00 +/-   0.00000000E+00   0.00000000E+00
    16     4.6416E-04   0.00000000E+00 +/-   0.00000000E+00   0.00000000E+00
    17     1.0000E-04   0.00000000E+00 +/-   0.00000000E+00   0.00000000E+00
    18     2.1544E-05   0.00000000E+00 +/-   0.00000000E+00   0.00000000E+00
    19     4.6416E-06   0.00000000E+00 +/-   0.00000000E+00   0.00000000E+00
    20     1.0000E-06   0.00000000E+00 +/-   0.00000000E+00   0.00000000E+00
    21     0.0000E+00   0.00000000E+00 +/-   0.00000000E+00   0.00000000E+00
  ParMin   9.8881E+02  -8.37883581E+00 +/-   1.37643465E-03   1.89639115E-01
  # Using grid point #7
* Iteration # 1: E =  -8.378836305151E+00 +/-   1.376133135227E-03
* Convergence: exiting.
* After optimization:
  -2.0065E+00   4.7414E-02   5.2140E-02   2.8200E-03  -5.5971E-02  -7.5128E-03
  -1.7988E-02   4.5713E-03   1.0816E+00   3.3179E-01   5.6189E-02   4.2901E-02
  -2.3717E-02  -3.6875E-02  -8.4834E-03   1.5191E-01   4.3330E-02  -6.6419E-02
  -3.7587E-02  -3.2951E-02  -3.8158E-02
  > Energy =  -8.378836305151E+00 +/-   1.376133135227E-03
  > varE =   1.895560398578E-01

VMC #4:
* Size of Hilbert space =   6.3504E+04
* Deterministic energy evaluation:
  > Deterministic Etot/t = -8.3750997360864528
    - Ttot/t = -13.716114358677926
    - Utot/t = 5.3410146225914819
* Number of equil. steps   = 1000
* Running VMC equilibration.
  Done. [total walltime: 0.04s]
* Equil. acc.ratio (%)     =  34.8745
* Sample config after equilibration:
  +-------------------+
  |              d    |
  |        u          |
  |  u                |
  |                u  |
  |          d        |
  |    2              |
  |                  0|
  |            d      |
  |      d            |
  |u                  |
  +-------------------+
* Number of accum. steps   = 500480 x 10
* Running VMC accumulation.
  Done. [total walltime: 2.03s]
* Acceptance ratio (%)     =  34.7635
* Etot/t                   =  -8.376293404223E+00 +/-   5.770326369108E-04
  > Ttot/t                 =  -1.371707825076E+01 +/-   4.805907628296E-03
  > Utot/t                 =   5.340784846547E+00 +/-   4.770843264737E-03
* var[Eloc/t]              =   1.601129680720E-01 +/-   9.123205613447E-03
* Correlation length       =   1.040784878548E+00
* log10 Psi^2 range: -2.6543752137926622 -- 3.7795749019139371
* log10 Pgen range : -2.6543752137926622 -- 3.7795749019139371
* Site occupation (ave. no. electrons per config.):
  > Site_  ___eu____  ___ed____
      1        0.498      0.501
      2        0.500      0.499
      3        0.498      0.500
      4        0.502      0.496
      5        0.498      0.500
      6        0.501      0.502
      7        0.501      0.500
      8        0.502      0.499
      9        0.498      0.503
     10        0.501      0.499
* Pair-correlation analysis (ave. no. pairs per config.):
  > Shell  nsite  ___dh____  __eueu___  __eued___
      0      1        0          0          1.337
      1     10        1.330      7.551     11.525
      2     10        0.832     10.990      8.797
      3     10        0.327      1.459      3.340

Optimization #4:
* Method          : lls
* Target function : energy
* No. of configs. : 100096
* No. of params.  : 21
* Before optimization:
  -2.0065E+00   4.7414E-02   5.2140E-02   2.8200E-03  -5.5971E-02  -7.5128E-03
  -1.7988E-02   4.5713E-03   1.0816E+00   3.3179E-01   5.6189E-02   4.2901E-02
  -2.3717E-02  -3.6875E-02  -8.4834E-03   1.5191E-01   4.3330E-02  -6.6419E-02
  -3.7587E-02  -3.2951E-02  -3.8158E-02
  > E    =  -8.377948175673E+00 +/-   1.239416961183E-03
  > varE =   1.537629111895E-01
* Computing derivatives.
  Done. [total walltime: 1.67s]
* Optimizing manipulation constant:
  #igrid a___________ E____________________________________ varE____________
     1     Infinity    -8.37794818E+00 +/-   1.23941696E-03   1.53762911E-01
     2     1.0000E+06  -8.37794818E+00 +/-   1.23941694E-03   1.53762907E-01
     3     2.1544E+05  -8.37794818E+00 +/-   1.23941688E-03   1.53762891E-01
     4     4.6416E+04  -8.37794818E+00 +/-   1.23941657E-03   1.53762815E-01
     5     1.0000E+04  -8.37794823E+00 +/-   1.23941490E-03   1.53762399E-01
     6     2.1544E+03  -8.37794855E+00 +/-   1.23940179E-03   1.53759148E-01
     7     4.6416E+02  -8.37795176E+00 +/-   1.23926726E-03   1.53725770E-01
     8     1.0000E+02  -8.37733462E+00 +/-   1.25924144E-03   1.58721126E-01
     9     2.1544E+01  -7.80373343E+00 +/-   6.90547193E-03   4.77313207E+00
    10     4.6416E+00   1.92940488E+01 +/-   4.10943128E-02   1.69036374E+02
    11     1.0000E+00   2.00000000E+01 +/-   4.01623320E-02   1.61456140E+02
    12     2.1544E-01   2.00000000E+01 +/-   4.01699588E-02   1.61517467E+02
    13     4.6416E-02   2.00000000E+01 +/-   0.00000000E+00   0.00000000E+00
    14     1.0000E-02   2.00000000E+01 +/-   1.29674129E-17   1.68315226E-29
    15     2.1544E-03   2.00000000E+01 +/-   1.29672460E-17   1.68310893E-29
    16     4.6416E-04   2.00000000E+01 +/-   0.00000000E+00   0.00000000E+00
    17     1.0000E-04   2.00000000E+01 +/-   0.00000000E+00   0.00000000E+00
    18     2.1544E-05   2.00000000E+01 +/-   0.00000000E+00   0.00000000E+00
    19     4.6416E-06   2.00000000E+01 +/-   1.29671678E-17   1.68308863E-29
    20     1.0000E-06   2.00000000E+01 +/-   1.29671677E-17   1.68308859E-29
    21     0.0000E+00   2.00000000E+01 +/-   0.00000000E+00   0.00000000E+00
  ParMin   9.9188E+02  -8.37794941E+00 +/-   1.23936736E-03   1.53750604E-01
  # Using grid point #7
* Iteration # 1: E =  -8.377951761949E+00 +/-   1.239267260618E-03
* Convergence: exiting.
* After optimization:
  -1.9600E+00   4.7436E-02   5.2257E-02   2.9913E-03  -5.6034E-02  -7.5687E-03
  -1.8068E-02   4.4893E-03   1.0563E+00   3.2406E-01   5.4762E-02   4.1526E-02
  -2.3036E-02  -3.6020E-02  -8.7324E-03   1.5194E-01   4.3171E-02  -6.6801E-02
  -3.7424E-02  -3.3015E-02  -3.8510E-02
  > Energy =  -8.377951761949E+00 +/-   1.239267260618E-03
  > varE =   1.537257695249E-01

VMC #5:
* Size of Hilbert space =   6.3504E+04
* Deterministic energy evaluation:
  > Deterministic Etot/t = -8.3750960618211625
    - Ttot/t = -13.713107272600801
    - Utot/t = 5.3380112107796469
* Number of equil. steps   = 1000
* Running VMC equilibration.
  Done. [total walltime: 0.04s]
* Equil. acc.ratio (%)     =  34.8688
* Sample config after equilibration:
  +-------------------+
  |              d    |
  |        u          |
  |  0                |
  |                u  |
  |          0        |
  |    2              |
  |                  2|
  |            u      |
  |      d            |
  |d                  |
  +-------------------+
* Number of accum. steps   = 500480 x 10
* Running VMC accumulation.
  Done. [total walltime: 2.02s]
* Acceptance ratio (%)     =  34.7434
* Etot/t                   =  -8.375479303054E+00 +/-   5.704482254536E-04
  > Ttot/t                 =  -1.370865545394E+01 +/-   4.857647827195E-03
  > Utot/t                 =   5.333176150895E+00 +/-   4.816212666798E-03
* var[Eloc/t]              =   1.600787728239E-01 +/-   6.423228530734E-03
* Correlation length       =   1.017385275099E+00
* log10 Psi^2 range: -2.6544005870662382 -- 3.7814315526073603
* log10 Pgen range : -2.6544005870662382 -- 3.7814315526073603
* Site occupation (ave. no. electrons per config.):
  > Site_  ___eu____  ___ed____
      1        0.497      0.498
      2        0.501      0.500
      3        0.501      0.501
      4        0.503      0.499
      5        0.498      0.503
      6        0.502      0.500
      7        0.499      0.501
      8        0.500      0.500
      9        0.498      0.501
     10        0.501      0.497
* Pair-correlation analysis (ave. no. pairs per config.):
  > Shell  nsite  ___dh____  __eueu___  __eued___
      0      1        0          0          1.333
      1     10        1.330      7.555     11.519
      2     10        0.825     10.984      8.808
      3     10        0.325      1.461      3.340

Optimization #5:
* Method          : lls
* Target function : energy
* No. of configs. : 100096
* No. of params.  : 21
* Before optimization:
  -1.9600E+00   4.7436E-02   5.2257E-02   2.9913E-03  -5.6034E-02  -7.5687E-03
  -1.8068E-02   4.4893E-03   1.0563E+00   3.2406E-01   5.4762E-02   4.1526E-02
  -2.3036E-02  -3.6020E-02  -8.7324E-03   1.5194E-01   4.3171E-02  -6.6801E-02
  -3.7424E-02  -3.3015E-02  -3.8510E-02
  > E    =  -8.375255118612E+00 +/-   1.213102199417E-03
  > varE =   1.473029698498E-01
* Computing derivatives.
  Done. [total walltime: 1.69s]
* Optimizing manipulation constant:
  #igrid a___________ E____________________________________ varE____________
     1     Infinity    -8.37525512E+00 +/-   1.21310220E-03   1.47302970E-01
     2     1.0000E+06  -8.37525512E+00 +/-   1.21310225E-03   1.47302983E-01
     3     2.1544E+05  -8.37525512E+00 +/-   1.21310245E-03   1.47303030E-01
     4     4.6416E+04  -8.37525514E+00 +/-   1.21310336E-03   1.47303252E-01
     5     1.0000E+04  -8.37525507E+00 +/-   1.21310792E-03   1.47304359E-01
     6     2.1544E+03  -8.37525137E+00 +/-   1.21315407E-03   1.47315566E-01
     7     4.6416E+02  -8.37494563E+00 +/-   1.22130678E-03   1.49302218E-01
     8     1.0000E+02  -8.31121594E+00 +/-   2.56804615E-03   6.60119212E-01
     9     2.1544E+01  -4.71282397E+00 +/-   1.57462970E-02   2.48183896E+01
    10     4.6416E+00  -2.64958096E-02 +/-   2.03348748E-02   4.13904099E+01
    11     1.0000E+00  -2.04241742E-12 +/-   2.03451692E-02   4.14323278E+01
    12     2.1544E-01  -5.04724648E-72 +/-   1.00393832E-13   1.00885972E-21
    13     4.6416E-02   0.00000000E+00 +/-   0.00000000E+00   0.00000000E+00
    14     1.0000E-02   0.00000000E+00 +/-   0.00000000E+00   0.00000000E+00
    15     2.1544E-03   0.00000000E+00 +/-   0.00000000E+00   0.00000000E+00
    16     4.6416E-04   0.00000000E+00 +/-   0.00000000E+00   0.00000000E+00
    17     1.0000E-04   0.00000000E+00 +/-   0.00000000E+00   0.00000000E+00
    18     2.1544E-05   0.00000000E+00 +/-   0.00000000E+00   0.00000000E+00
    19     4.6416E-06   0.00000000E+00 +/-   0.00000000E+00   0.00000000E+00
    20     1.0000E-06   0.00000000E+00 +/-   0.00000000E+00   0.00000000E+00
    21     0.0000E+00   0.00000000E+00 +/-   0.00000000E+00   0.00000000E+00
* Iteration # 1: E =  -8.375255138461E+00 +/-   1.213103359373E-03
* Convergence: exiting.
* After optimization:
  -1.9617E+00   4.7435E-02   5.2256E-02   2.9895E-03  -5.6034E-02  -7.5688E-03
  -1.8068E-02   4.4897E-03   1.0572E+00   3.2435E-01   5.4809E-02   4.1563E-02
  -2.3058E-02  -3.6051E-02  -8.7360E-03   1.5194E-01   4.3169E-02  -6.6801E-02
  -3.7424E-02  -3.3015E-02  -3.8508E-02
  > Energy =  -8.375255138461E+00 +/-   1.213103359373E-03
  > varE =   1.473032515492E-01

VMC #6:
* Size of Hilbert space =   6.3504E+04
* Deterministic energy evaluation:
  > Deterministic Etot/t = -8.3750960592744335
    - Ttot/t = -13.713103850066449
    - Utot/t = 5.3380077907920080
* Number of equil. steps   = 1000
* Running VMC equilibration.
  Done. [total walltime: 0.04s]
* Equil. acc.ratio (%)     =  34.8343
* Sample config after equilibration:
  +-------------------+
  |              u    |
  |        2          |
  |  u                |
  |                d  |
  |          0        |
  |    u              |
  |                  d|
  |            d      |
  |      u            |
  |d                  |
  +-------------------+
* Number of accum. steps   = 500480 x 10
* Running VMC accumulation.
  Done. [total walltime: 2.02s]
* Acceptance ratio (%)     =  34.7600
* Etot/t                   =  -8.375509932151E+00 +/-   6.240536359443E-04
  > Ttot/t                 =  -1.371293000886E+01 +/-   4.790538778699E-03
  > Utot/t                 =   5.337420076726E+00 +/-   4.731519966886E-03
* var[Eloc/t]              =   1.981306010967E-01 +/-   3.735874736347E-02
* Correlation length       =   9.837369987285E-01
* log10 Psi^2 range: -3.9270119903177210 -- 3.7814185048356013
* log10 Pgen range : -3.9270119903177210 -- 3.7814185048356013
* Site occupation (ave. no. electrons per config.):
  > Site_  ___eu____  ___ed____
      1        0.502      0.499
      2        0.502      0.500
      3        0.499      0.498
      4        0.503      0.499
      5        0.499      0.501
      6        0.499      0.500
      7        0.498      0.500
      8        0.498      0.502
      9        0.501      0.501
     10        0.499      0.499
* Pair-correlation analysis (ave. no. pairs per config.):
  > Shell  nsite  ___dh____  __eueu___  __eued___
      0      1        0          0          1.334
      1     10        1.325      7.570     11.508
      2     10        0.826     10.965      8.825
      3     10        0.324      1.465      3.334

Optimization #6:
* Method          : lls
* Target function : energy
* No. of configs. : 100096
* No. of params.  : 21
* Before optimization:
  -1.9617E+00   4.7435E-02   5.2256E-02   2.9895E-03  -5.6034E-02  -7.5688E-03
  -1.8068E-02   4.4897E-03   1.0572E+00   3.2435E-01   5.4809E-02   4.1563E-02
  -2.3058E-02  -3.6051E-02  -8.7360E-03   1.5194E-01   4.3169E-02  -6.6801E-02
  -3.7424E-02  -3.3015E-02  -3.8508E-02
  > E    =  -8.374933964314E+00 +/-   1.211307543151E-03
  > varE =   1.468674539420E-01
* Computing derivatives.
  Done. [total walltime: 1.65s]
* Optimizing manipulation constant:
  #igrid a___________ E____________________________________ varE____________
     1     Infinity    -8.37493396E+00 +/-   1.21130754E-03   1.46867454E-01
     2     1.0000E+06  -8.37493397E+00 +/-   1.21130736E-03   1.46867410E-01
     3     2.1544E+05  -8.37493397E+00 +/-   1.21130671E-03   1.46867252E-01
     4     4.6416E+04  -8.37493392E+00 +/-   1.21130398E-03   1.46866590E-01
     5     1.0000E+04  -8.37493263E+00 +/-   1.21129808E-03   1.46865159E-01
     6     2.1544E+03  -8.37489953E+00 +/-   1.21156810E-03   1.46930645E-01
     7     4.6416E+02  -8.37257115E+00 +/-   1.27402086E-03   1.62468736E-01
     8     1.0000E+02  -8.05052843E+00 +/-   5.23687089E-03   2.74511445E+00
     9     2.1544E+01  -2.76799835E+00 +/-   1.86147492E-02   3.46841537E+01
    10     4.6416E+00  -3.47193119E-01 +/-   2.04937022E-02   4.20395020E+01
    11     1.0000E+00  -5.44461454E+00 +/-   1.45909307E-02   2.13099638E+01
    12     2.1544E-01   2.00000000E+01 +/-   2.09265910E-02   4.38342617E+01
    13     4.6416E-02   2.00000000E+01 +/-   1.28559432E-23   1.65433940E-41
    14     1.0000E-02   2.00000000E+01 +/-   0.00000000E+00   0.00000000E+00
    15     2.1544E-03   2.00000000E+01 +/-   0.00000000E+00   0.00000000E+00
    16     4.6416E-04   2.00000000E+01 +/-   1.17786438E-17   1.38869638E-29
    17     1.0000E-04   2.00000000E+01 +/-   0.00000000E+00   0.00000000E+00
    18     2.1544E-05   2.00000000E+01 +/-   0.00000000E+00   0.00000000E+00
    19     4.6416E-06   2.00000000E+01 +/-   0.00000000E+00   0.00000000E+00
    20     1.0000E-06   2.00000000E+01 +/-   0.00000000E+00   0.00000000E+00
    21     0.0000E+00   2.00000000E+01 +/-   0.00000000E+00   0.00000000E+00
* Iteration # 1: E =  -8.374933966462E+00 +/-   1.211306708332E-03
* Convergence: exiting.
* After optimization:
  -1.9624E+00   4.7435E-02   5.2256E-02   2.9897E-03  -5.6034E-02  -7.5687E-03
  -1.8067E-02   4.4898E-03   1.0575E+00   3.2445E-01   5.4828E-02   4.1579E-02
  -2.3067E-02  -3.6063E-02  -8.7361E-03   1.5194E-01   4.3170E-02  -6.6799E-02
  -3.7426E-02  -3.3014E-02  -3.8505E-02
  > Energy =  -8.374933966462E+00 +/-   1.211306708332E-03
  > varE =   1.468672515035E-01

VMC #7:
* Size of Hilbert space =   6.3504E+04
* Deterministic energy evaluation:
  > Deterministic Etot/t = -8.3750960580018887
    - Ttot/t = -13.713103511603071
    - Utot/t = 5.3380074536011826
* Number of equil. steps   = 1000
* Running VMC equilibration.
  Done. [total walltime: 0.04s]
* Equil. acc.ratio (%)     =  35.0145
* Sample config after equilibration:
  +-------------------+
  |              d    |
  |        2          |
  |  0                |
  |                u  |
  |          d        |
  |    2              |
  |                  u|
  |            d      |
  |      0            |
  |u                  |
  +-------------------+
* Number of accum. steps   = 500480 x 10
* Running VMC accumulation.
  Done. [total walltime: 2.02s]
* Acceptance ratio (%)     =  34.7321
* Etot/t                   =  -8.375504188943E+00 +/-   5.777140393348E-04
  > Ttot/t                 =  -1.371550578741E+01 +/-   4.848358017259E-03
  > Utot/t                 =   5.340001598465E+00 +/-   4.791829707054E-03
* var[Eloc/t]              =   1.657968762580E-01 +/-   4.226258193134E-03
* Correlation length       =   1.007479519987E+00
* log10 Psi^2 range: -2.7470112712078145 -- 3.7813941885208058
* log10 Pgen range : -2.7470112712078145 -- 3.7813941885208058
* Site occupation (ave. no. electrons per config.):
  > Site_  ___eu____  ___ed____
      1        0.499      0.500
      2        0.501      0.499
      3        0.499      0.498
      4        0.501      0.499
      5        0.498      0.502
      6        0.500      0.500
      7        0.500      0.499
      8        0.501      0.501
      9        0.500      0.502
     10        0.501      0.501
* Pair-correlation analysis (ave. no. pairs per config.):
  > Shell  nsite  ___dh____  __eueu___  __eued___
      0      1        0          0          1.340
      1     10        1.338      7.559     11.512
      2     10        0.832     10.979      8.811
      3     10        0.326      1.463      3.338

Optimization #7:
* Method          : lls
* Target function : energy
* No. of configs. : 100096
* No. of params.  : 21
* Before optimization:
  -1.9624E+00   4.7435E-02   5.2256E-02   2.9897E-03  -5.6034E-02  -7.5687E-03
  -1.8067E-02   4.4898E-03   1.0575E+00   3.2445E-01   5.4828E-02   4.1579E-02
  -2.3067E-02  -3.6063E-02  -8.7361E-03   1.5194E-01   4.3170E-02  -6.6799E-02
  -3.7426E-02  -3.3014E-02  -3.8505E-02
  > E    =  -8.376701216207E+00 +/-   1.234541596460E-03
  > varE =   1.525556082626E-01
* Computing derivatives.
  Done. [total walltime: 1.70s]
* Optimizing manipulation constant:
  #igrid a___________ E____________________________________ varE____________
     1     Infinity    -8.37670122E+00 +/-   1.23454160E-03   1.52555608E-01
     2     1.0000E+06  -8.37670122E+00 +/-   1.23454152E-03   1.52555590E-01
     3     2.1544E+05  -8.37670122E+00 +/-   1.23454124E-03   1.52555521E-01
     4     4.6416E+04  -8.37670125E+00 +/-   1.23453995E-03   1.52555200E-01
     5     1.0000E+04  -8.37670160E+00 +/-   1.23453364E-03   1.52553641E-01
     6     2.1544E+03  -8.37670734E+00 +/-   1.23450460E-03   1.52546466E-01
     7     4.6416E+02  -8.37673372E+00 +/-   1.23729709E-03   1.53237375E-01
     8     1.0000E+02  -8.34054553E+00 +/-   2.16551148E-03   4.69394181E-01
     9     2.1544E+01  -1.60322864E+00 +/-   1.95610711E-02   3.83002834E+01
    10     4.6416E+00   1.05998183E+01 +/-   2.98085132E-02   8.89400463E+01
    11     1.0000E+00   1.86496427E+01 +/-   2.74977414E-02   7.56851661E+01
    12     2.1544E-01   1.97128239E+01 +/-   2.61507423E-02   6.84517829E+01
    13     4.6416E-02   1.99973364E+01 +/-   2.57065220E-02   6.61459665E+01
    14     1.0000E-02   2.00000000E+01 +/-   2.56894876E-02   6.60583326E+01
    15     2.1544E-03   2.00000000E+01 +/-   2.56794789E-02   6.60068692E+01
    16     4.6416E-04   2.00000000E+01 +/-   2.56715249E-02   6.59659858E+01
    17     1.0000E-04   2.00000000E+01 +/-   3.30695202E-05   1.09464302E-04
    18     2.1544E-05   2.00000000E+01 +/-   7.07532108E-07   5.01082261E-08
    19     4.6416E-06   2.00000000E+01 +/-   3.01503673E-07   9.09917333E-09
    20     1.0000E-06   2.00000000E+01 +/-   2.50595466E-07   6.28583740E-09
    21     0.0000E+00   2.00000000E+01 +/-   2.38169117E-07   5.67789838E-09
  ParMin   9.9929E+02  -8.37672479E+00 +/-   1.23457206E-03   1.52563136E-01
  # Using grid point #7
* Iteration # 1: E =  -8.376733722332E+00 +/-   1.237297087712E-03
* Diminishing returns: exiting.
* After optimization:
  -1.8308E+00   4.7453E-02   5.2361E-02   3.0941E-03  -5.6050E-02  -7.5631E-03
  -1.8125E-02   4.4348E-03   9.8783E-01   3.0329E-01   5.1268E-02   3.8536E-02
  -2.1705E-02  -3.3891E-02  -8.7325E-03   1.5229E-01   4.3136E-02  -6.7423E-02
  -3.7368E-02  -3.3252E-02  -3.9148E-02
  > Energy =  -8.376733722332E+00 +/-   1.237297087712E-03
  > varE =   1.532373751181E-01

VMC #8:
* Size of Hilbert space =   6.3504E+04
* Deterministic energy evaluation:
  > Deterministic Etot/t = -8.3749567625471144
    - Ttot/t = -13.687907842316786
    - Utot/t = 5.3129510797696726
* Number of equil. steps   = 1000
* Running VMC equilibration.
  Done. [total walltime: 0.04s]
* Equil. acc.ratio (%)     =  34.6031
* Sample config after equilibration:
  +-------------------+
  |              d    |
  |        u          |
  |  2                |
  |                0  |
  |          u        |
  |    0              |
  |                  d|
  |            2      |
  |      2            |
  |0                  |
  +-------------------+
* Number of accum. steps   = 500480 x 10
* Running VMC accumulation.
  Done. [total walltime: 2.01s]
* Acceptance ratio (%)     =  34.6085
* Etot/t                   =  -8.375500950613E+00 +/-   6.105904355212E-04
  > Ttot/t                 =  -1.369285229332E+01 +/-   4.936919586182E-03
  > Utot/t                 =   5.317351342711E+00 +/-   4.855107955584E-03
* var[Eloc/t]              =   1.941990824989E-01 +/-   2.809321454355E-02
* Correlation length       =   9.608144976814E-01
* log10 Psi^2 range: -2.6666436060658989 -- 3.7844567313366246
* log10 Pgen range : -2.6666436060658989 -- 3.7844567313366246
* Site occupation (ave. no. electrons per config.):
  > Site_  ___eu____  ___ed____
      1        0.502      0.501
      2        0.500      0.500
      3        0.503      0.498
      4        0.499      0.501
      5        0.500      0.498
      6        0.498      0.503
      7        0.500      0.500
      8        0.499      0.499
      9        0.501      0.501
     10        0.498      0.499
* Pair-correlation analysis (ave. no. pairs per config.):
  > Shell  nsite  ___dh____  __eueu___  __eued___
      0      1        0          0          1.330
      1     10        1.320      7.565     11.517
      2     10        0.824     10.974      8.812
      3     10        0.322      1.461      3.340

Optimization #8:
* Method          : lls
* Target function : energy
* No. of configs. : 100096
* No. of params.  : 21
* Before optimization:
  -1.8308E+00   4.7453E-02   5.2361E-02   3.0941E-03  -5.6050E-02  -7.5631E-03
  -1.8125E-02   4.4348E-03   9.8783E-01   3.0329E-01   5.1268E-02   3.8536E-02
  -2.1705E-02  -3.3891E-02  -8.7325E-03   1.5229E-01   4.3136E-02  -6.7423E-02
  -3.7368E-02  -3.3252E-02  -3.9148E-02
  > E    =  -8.375865412276E+00 +/-   1.243988780437E-03
  > varE =   1.548993693615E-01
* Computing derivatives.
  Done. [total walltime: 1.65s]
* Optimizing manipulation constant:
  #igrid a___________ E____________________________________ varE____________
     1     Infinity    -8.37586541E+00 +/-   1.24398878E-03   1.54899369E-01
     2     1.0000E+06  -8.37586541E+00 +/-   1.24398873E-03   1.54899356E-01
     3     2.1544E+05  -8.37586542E+00 +/-   1.24398853E-03   1.54899308E-01
     4     4.6416E+04  -8.37586543E+00 +/-   1.24398763E-03   1.54899083E-01
     5     1.0000E+04  -8.37586550E+00 +/-   1.24398344E-03   1.54898040E-01
     6     2.1544E+03  -8.37586584E+00 +/-   1.24396411E-03   1.54893226E-01
     7     4.6416E+02  -8.37586734E+00 +/-   1.24387655E-03   1.54871422E-01
     8     1.0000E+02  -8.37587350E+00 +/-   1.24350983E-03   1.54780117E-01
     9     2.1544E+01  -8.37588926E+00 +/-   1.24228598E-03   1.54475599E-01
    10     4.6416E+00  -8.37588852E+00 +/-   1.23926262E-03   1.53724618E-01
    11     1.0000E+00  -8.37577637E+00 +/-   1.23583015E-03   1.52874236E-01
    12     2.1544E-01  -8.34736109E+00 +/-   1.95972791E-03   3.84422041E-01
    13     4.6416E-02  -3.10340054E+00 +/-   1.78592603E-02   3.19259375E+01
    14     1.0000E-02   1.99999213E+01 +/-   2.03609199E-02   4.14965044E+01
    15     2.1544E-03   2.00000000E+01 +/-   2.03543755E-02   4.14698331E+01
    16     4.6416E-04   2.00000000E+01 +/-   2.03492672E-02   4.14490203E+01
    17     1.0000E-04   2.00000000E+01 +/-   2.03477426E-02   4.14428096E+01
    18     2.1544E-05   2.00000000E+01 +/-   2.03473936E-02   4.14413881E+01
    19     4.6416E-06   2.00000000E+01 +/-   2.03473174E-02   4.14410780E+01
    20     1.0000E-06   2.00000000E+01 +/-   2.03473010E-02   4.14410110E+01
    21     0.0000E+00   2.00000000E+01 +/-   2.03472965E-02   4.14409926E+01
  ParMin   8.9044E+00  -8.37589454E+00 +/-   1.24083221E-03   1.54114265E-01
  # Using parabolic minimum
* Iteration # 1: E =  -8.375894537924E+00 +/-   1.240832210434E-03
* Diminishing returns: exiting.
* After optimization:
  -1.7702E+00   4.6911E-02   5.3525E-02   4.9936E-03  -5.6438E-02  -7.4039E-03
  -1.9855E-02   2.8408E-03   9.6389E-01   3.0066E-01   4.5387E-02   3.1093E-02
  -1.5680E-02  -3.3690E-02  -1.4872E-02   1.5677E-01   3.9775E-02  -8.0154E-02
  -3.1135E-02  -3.3515E-02  -4.9321E-02
  > Energy =  -8.375894537924E+00 +/-   1.240832210434E-03
  > varE =   1.541142652443E-01

VMC #9:
* Size of Hilbert space =   6.3504E+04
* Deterministic energy evaluation:
  > Deterministic Etot/t = -8.3750602727313428
    - Ttot/t = -13.702113528321279
    - Utot/t = 5.3270532555899397
* Number of equil. steps   = 1000
* Running VMC equilibration.
  Done. [total walltime: 0.04s]
* Equil. acc.ratio (%)     =  34.6796
* Sample config after equilibration:
  +-------------------+
  |              u    |
  |        u          |
  |  u                |
  |                u  |
  |          d        |
  |    d              |
  |                  2|
  |            0      |
  |      d            |
  |d                  |
  +-------------------+
* Number of accum. steps   = 500480 x 10
* Running VMC accumulation.
  Done. [total walltime: 2.03s]
* Acceptance ratio (%)     =  34.6932
* Etot/t                   =  -8.375307658342E+00 +/-   6.270758224302E-04
  > Ttot/t                 =  -1.370292914173E+01 +/-   4.822060602826E-03
  > Utot/t                 =   5.327621483376E+00 +/-   4.746141672776E-03
* var[Eloc/t]              =   1.989767965539E-01 +/-   3.226249938205E-02
* Correlation length       =   9.890640240897E-01
* log10 Psi^2 range: -2.2224183062041121 -- 3.9013829603958294
* log10 Pgen range : -2.2224183062041121 -- 3.9013829603958294
* Site occupation (ave. no. electrons per config.):
  > Site_  ___eu____  ___ed____
      1        0.501      0.500
      2        0.500      0.497
      3        0.500      0.498
      4        0.499      0.500
      5        0.501      0.501
      6        0.497      0.502
      7        0.503      0.499
      8        0.499      0.502
      9        0.498      0.500
     10        0.502      0.502
* Pair-correlation analysis (ave. no. pairs per config.):
  > Shell  nsite  ___dh____  __eueu___  __eued___
      0      1        0          0          1.330
      1     10        1.316      7.557     11.529
      2     10        0.822     10.980      8.803
      3     10        0.320      1.464      3.339

Optimization #9:
* Method          : lls
* Target function : energy
* No. of configs. : 100096
* No. of params.  : 21
* Before optimization:
  -1.7702E+00   4.6911E-02   5.3525E-02   4.9936E-03  -5.6438E-02  -7.4039E-03
  -1.9855E-02   2.8408E-03   9.6389E-01   3.0066E-01   4.5387E-02   3.1093E-02
  -1.5680E-02  -3.3690E-02  -1.4872E-02   1.5677E-01   3.9775E-02  -8.0154E-02
  -3.1135E-02  -3.3515E-02  -4.9321E-02
  > E    =  -8.375777908344E+00 +/-   1.277416321207E-03
  > varE =   1.633358978445E-01
* Computing derivatives.
  Done. [total walltime: 1.68s]
* Optimizing manipulation constant:
  #igrid a___________ E____________________________________ varE____________
     1     Infinity    -8.37577791E+00 +/-   1.27741632E-03   1.63335898E-01
     2     1.0000E+06  -8.37577791E+00 +/-   1.27741631E-03   1.63335894E-01
     3     2.1544E+05  -8.37577791E+00 +/-   1.27741626E-03   1.63335882E-01
     4     4.6416E+04  -8.37577793E+00 +/-   1.27741612E-03   1.63335846E-01
     5     1.0000E+04  -8.37577782E+00 +/-   1.27741700E-03   1.63336072E-01
     6     2.1544E+03  -8.37577372E+00 +/-   1.27745563E-03   1.63345951E-01
     7     4.6416E+02  -8.37565754E+00 +/-   1.27906643E-03   1.63758152E-01
     8     1.0000E+02  -8.36528747E+00 +/-   1.54606338E-03   2.39260666E-01
     9     2.1544E+01  -6.94217293E+00 +/-   1.05547480E-02   1.11509652E+01
    10     4.6416E+00  -5.82059891E-02 +/-   2.04379056E-02   4.18108985E+01
    11     1.0000E+00  -8.74467479E-15 +/-   2.04606274E-02   4.19039164E+01
    12     2.1544E-01  -3.18437966-109 +/-   2.52206567E-32   6.36692164E-59
    13     4.6416E-02   0.00000000E+00 +/-   0.00000000E+00   0.00000000E+00
    14     1.0000E-02   0.00000000E+00 +/-   0.00000000E+00   0.00000000E+00
    15     2.1544E-03   0.00000000E+00 +/-   0.00000000E+00   0.00000000E+00
    16     4.6416E-04   2.00000000E+01 +/-   1.21311310E-17   1.47305616E-29
    17     1.0000E-04   2.00000000E+01 +/-   0.00000000E+00   0.00000000E+00
    18     2.1544E-05   2.00000000E+01 +/-   0.00000000E+00   0.00000000E+00
    19     4.6416E-06   2.00000000E+01 +/-   0.00000000E+00   0.00000000E+00
    20     1.0000E-06   2.00000000E+01 +/-   2.42586145E-17   5.89045318E-29
    21     0.0000E+00   2.00000000E+01 +/-   0.00000000E+00   0.00000000E+00
  ParMin   8.4037E+04  -8.37577792E+00 +/-   1.27741619E-03   1.63335863E-01
  # Using grid point #4
* Iteration # 1: E =  -8.375777927595E+00 +/-   1.277416117796E-03
* Convergence: exiting.
* After optimization:
  -1.7711E+00   4.6910E-02   5.3524E-02   4.9928E-03  -5.6438E-02  -7.4028E-03
  -1.9854E-02   2.8414E-03   9.6437E-01   3.0081E-01   4.5410E-02   3.1106E-02
  -1.5689E-02  -3.3709E-02  -1.4884E-02   1.5677E-01   3.9775E-02  -8.0157E-02
  -3.1135E-02  -3.3517E-02  -4.9327E-02
  > Energy =  -8.375777927595E+00 +/-   1.277416117796E-03
  > varE =   1.633358458265E-01

VMC #10:
* Size of Hilbert space =   6.3504E+04
* Deterministic energy evaluation:
  > Deterministic Etot/t = -8.3750602817285387
    - Ttot/t = -13.702114902400456
    - Utot/t = 5.3270546206719196
* Number of equil. steps   = 1000
* Running VMC equilibration.
  Done. [total walltime: 0.04s]
* Equil. acc.ratio (%)     =  34.6815
* Sample config after equilibration:
  +-------------------+
  |              d    |
  |        d          |
  |  u                |
  |                d  |
  |          u        |
  |    u              |
  |                  u|
  |            d      |
  |      d            |
  |u                  |
  +-------------------+
* Number of accum. steps   = 500480 x 10
* Running VMC accumulation.
  Done. [total walltime: 2.01s]
* Acceptance ratio (%)     =  34.6798
* Etot/t                   =  -8.374199460930E+00 +/-   5.702167002423E-04
  > Ttot/t                 =  -1.370040630238E+01 +/-   4.755449705311E-03
  > Utot/t                 =   5.326206841432E+00 +/-   4.702500330880E-03
* var[Eloc/t]              =   1.635944160966E-01 +/-   1.738984044744E-02
* Correlation length       =   9.947137384106E-01
* log10 Psi^2 range: -2.2223750648630021 -- 3.9014312577816610
* log10 Pgen range : -2.2223750648630021 -- 3.9014312577816610
* Site occupation (ave. no. electrons per config.):
  > Site_  ___eu____  ___ed____
      1        0.500      0.498
      2        0.502      0.500
      3        0.498      0.499
      4        0.500      0.503
      5        0.499      0.499
      6        0.500      0.500
      7        0.499      0.502
      8        0.501      0.501
      9        0.501      0.497
     10        0.501      0.502
* Pair-correlation analysis (ave. no. pairs per config.):
  > Shell  nsite  ___dh____  __eueu___  __eued___
      0      1        0          0          1.330
      1     10        1.320      7.560     11.526
      2     10        0.828     10.979      8.803
      3     10        0.322      1.461      3.341

Optimization #10:
* Method          : lls
* Target function : energy
* No. of configs. : 100096
* No. of params.  : 21
* Before optimization:
  -1.7711E+00   4.6910E-02   5.3524E-02   4.9928E-03  -5.6438E-02  -7.4028E-03
  -1.9854E-02   2.8414E-03   9.6437E-01   3.0081E-01   4.5410E-02   3.1106E-02
  -1.5689E-02  -3.3709E-02  -1.4884E-02   1.5677E-01   3.9775E-02  -8.0157E-02
  -3.1135E-02  -3.3517E-02  -4.9327E-02
  > E    =  -8.371014107079E+00 +/-   1.146596561490E-03
  > varE =   1.315945771148E-01
* Computing derivatives.
  Done. [total walltime: 1.67s]
* Optimizing manipulation constant:
  #igrid a___________ E____________________________________ varE____________
     1     Infinity    -8.37101411E+00 +/-   1.14659656E-03   1.31594577E-01
     2     1.0000E+06  -8.37101411E+00 +/-   1.14659658E-03   1.31594581E-01
     3     2.1544E+05  -8.37101411E+00 +/-   1.14659667E-03   1.31594602E-01
     4     4.6416E+04  -8.37101408E+00 +/-   1.14659788E-03   1.31594880E-01
     5     1.0000E+04  -8.37101278E+00 +/-   1.14662031E-03   1.31600028E-01
     6     2.1544E+03  -8.37097916E+00 +/-   1.14719848E-03   1.31732778E-01
     7     4.6416E+02  -8.36890729E+00 +/-   1.20658985E-03   1.45725669E-01
     8     1.0000E+02  -7.97980831E+00 +/-   5.67491930E-03   3.22356256E+00
     9     2.1544E+01  -5.46949497E-01 +/-   2.01915617E-02   4.08090555E+01
    10     4.6416E+00  -3.62882839E-10 +/-   2.04616271E-02   4.19080114E+01
    11     1.0000E+00  -1.55661522E-65 +/-   1.76318926E-10   3.11182084E-15
    12     2.1544E-01   0.00000000E+00 +/-   0.00000000E+00   0.00000000E+00
    13     4.6416E-02   0.00000000E+00 +/-   0.00000000E+00   0.00000000E+00
    14     1.0000E-02   0.00000000E+00 +/-   0.00000000E+00   0.00000000E+00
    15     2.1544E-03   0.00000000E+00 +/-   0.00000000E+00   0.00000000E+00
    16     4.6416E-04   0.00000000E+00 +/-   0.00000000E+00   0.00000000E+00
    17     1.0000E-04   0.00000000E+00 +/-   0.00000000E+00   0.00000000E+00
    18     2.1544E-05   0.00000000E+00 +/-   0.00000000E+00   0.00000000E+00
    19     4.6416E-06   0.00000000E+00 +/-   0.00000000E+00   0.00000000E+00
    20     1.0000E-06   0.00000000E+00 +/-   0.00000000E+00   0.00000000E+00
    21     0.0000E+00   0.00000000E+00 +/-   0.00000000E+00   0.00000000E+00
* Iteration # 1: E =  -8.371014113082E+00 +/-   1.146596671885E-03
* Convergence: exiting.
* After optimization:
  -1.7718E+00   4.6910E-02   5.3524E-02   4.9927E-03  -5.6437E-02  -7.4028E-03
  -1.9854E-02   2.8414E-03   9.6466E-01   3.0089E-01   4.5424E-02   3.1117E-02
  -1.5695E-02  -3.3719E-02  -1.4887E-02   1.5677E-01   3.9776E-02  -8.0155E-02
  -3.1136E-02  -3.3517E-02  -4.9325E-02
  > Energy =  -8.371014113082E+00 +/-   1.146596671885E-03
  > varE =   1.315946024549E-01

VMC #11:
* Size of Hilbert space =   6.3504E+04
* Deterministic energy evaluation:
  > Deterministic Etot/t = -8.3750602831607281
    - Ttot/t = -13.702114853152372
    - Utot/t = 5.3270545699916410
* Number of equil. steps   = 1000
* Running VMC equilibration.
  Done. [total walltime: 0.04s]
* Equil. acc.ratio (%)     =  34.7502
* Sample config after equilibration:
  +-------------------+
  |              d    |
  |        u          |
  |  u                |
  |                0  |
  |          d        |
  |    u              |
  |                  d|
  |            u      |
  |      d            |
  |2                  |
  +-------------------+
* Number of accum. steps   = 500480 x 10
* Running VMC accumulation.
  Done. [total walltime: 2.01s]
* Acceptance ratio (%)     =  34.6771
* Etot/t                   =  -8.374256596717E+00 +/-   5.600267953813E-04
  > Ttot/t                 =  -1.369822558651E+01 +/-   4.802311560175E-03
  > Utot/t                 =   5.323968989770E+00 +/-   4.741965596531E-03
* var[Eloc/t]              =   1.550260146226E-01 +/-   5.969265131788E-03
* Correlation length       =   1.012511019909E+00
* log10 Psi^2 range: -2.6333140833707005 -- 3.9014081314065185
* log10 Pgen range : -2.6333140833707005 -- 3.9014081314065185
* Site occupation (ave. no. electrons per config.):
  > Site_  ___eu____  ___ed____
      1        0.497      0.498
      2        0.502      0.498
      3        0.498      0.504
      4        0.502      0.500
      5        0.499      0.499
      6        0.501      0.498
      7        0.498      0.503
      8        0.501      0.501
      9        0.500      0.499
     10        0.502      0.501
* Pair-correlation analysis (ave. no. pairs per config.):
  > Shell  nsite  ___dh____  __eueu___  __eued___
      0      1        0          0          1.331
      1     10        1.327      7.555     11.518
      2     10        0.819     10.988      8.809
      3     10        0.324      1.456      3.342

Optimization #11:
* Method          : lls
* Target function : energy
* No. of configs. : 100096
* No. of params.  : 21
* Before optimization:
  -1.7718E+00   4.6910E-02   5.3524E-02   4.9927E-03  -5.6437E-02  -7.4028E-03
  -1.9854E-02   2.8414E-03   9.6466E-01   3.0089E-01   4.5424E-02   3.1117E-02
  -1.5695E-02  -3.3719E-02  -1.4887E-02   1.5677E-01   3.9776E-02  -8.0155E-02
  -3.1136E-02  -3.3517E-02  -4.9325E-02
  > E    =  -8.374011028218E+00 +/-   1.353943736357E-03
  > varE =   1.834923478317E-01
* Computing derivatives.
  Done. [total walltime: 1.67s]
* Optimizing manipulation constant:
  #igrid a___________ E____________________________________ varE____________
     1     Infinity    -8.37401103E+00 +/-   1.35394374E-03   1.83492348E-01
     2     1.0000E+06  -8.37401103E+00 +/-   1.35394376E-03   1.83492354E-01
     3     2.1544E+05  -8.37401102E+00 +/-   1.35394394E-03   1.83492402E-01
     4     4.6416E+04  -8.37401068E+00 +/-   1.35394685E-03   1.83493191E-01
     5     1.0000E+04  -8.37400281E+00 +/-   1.35401570E-03   1.83511854E-01
     6     2.1544E+03  -8.37365540E+00 +/-   1.36067987E-03   1.85322709E-01
     7     4.6416E+02  -8.24538286E+00 +/-   3.47415570E-03   1.20813448E+00
     8     1.0000E+02   1.39089871E+01 +/-   2.55981201E-02   6.55892807E+01
     9     2.1544E+01   1.99999997E+01 +/-   1.79587879E-02   3.22827680E+01
    10     4.6416E+00   2.00000000E+01 +/-   1.79974406E-02   3.24218820E+01
    11     1.0000E+00   2.00000000E+01 +/-   1.16883467E-17   1.36748600E-29
    12     2.1544E-01   2.00000000E+01 +/-   0.00000000E+00   0.00000000E+00
    13     4.6416E-02   2.00000000E+01 +/-   0.00000000E+00   0.00000000E+00
    14     1.0000E-02   2.00000000E+01 +/-   0.00000000E+00   0.00000000E+00
    15     2.1544E-03   2.00000000E+01 +/-   1.16889151E-17   1.36761902E-29
    16     4.6416E-04   2.00000000E+01 +/-   1.16889255E-17   1.36762144E-29
    17     1.0000E-04   2.00000000E+01 +/-   0.00000000E+00   0.00000000E+00
    18     2.1544E-05   2.00000000E+01 +/-   1.16889282E-17   1.36762208E-29
    19     4.6416E-06   2.00000000E+01 +/-   0.00000000E+00   0.00000000E+00
    20     1.0000E-06   2.00000000E+01 +/-   1.16889283E-17   1.36762211E-29
    21     0.0000E+00   2.00000000E+01 +/-   0.00000000E+00   0.00000000E+00
* Iteration # 1: E =  -8.374011028385E+00 +/-   1.353943758049E-03
* Convergence: exiting.
* After optimization:
  -1.7714E+00   4.6910E-02   5.3524E-02   4.9927E-03  -5.6437E-02  -7.4028E-03
  -1.9854E-02   2.8415E-03   9.6450E-01   3.0084E-01   4.5417E-02   3.1113E-02
  -1.5692E-02  -3.3713E-02  -1.4884E-02   1.5677E-01   3.9776E-02  -8.0155E-02
  -3.1136E-02  -3.3517E-02  -4.9324E-02
  > Energy =  -8.374011028385E+00 +/-   1.353943758049E-03
  > varE =   1.834923537113E-01

VMC #12:
* Size of Hilbert space =   6.3504E+04
* Deterministic energy evaluation:
  > Deterministic Etot/t = -8.3750602831856504
    - Ttot/t = -13.702114805740401
    - Utot/t = 5.3270545225547474
* Number of equil. steps   = 1000
* Running VMC equilibration.
  Done. [total walltime: 0.04s]
* Equil. acc.ratio (%)     =  34.8279
* Sample config after equilibration:
  +-------------------+
  |              u    |
  |        u          |
  |  u                |
  |                u  |
  |          d        |
  |    2              |
  |                  d|
  |            d      |
  |      0            |
  |d                  |
  +-------------------+
* Number of accum. steps   = 500480 x 10
* Running VMC accumulation.
  Done. [total walltime: 2.02s]
* Acceptance ratio (%)     =  34.6842
* Etot/t                   =  -8.375667677118E+00 +/-   5.391001039476E-04
  > Ttot/t                 =  -1.370850015793E+01 +/-   4.786138473954E-03
  > Utot/t                 =   5.332832480818E+00 +/-   4.732149196583E-03
* var[Eloc/t]              =   1.476940954829E-01 +/-   4.912355846362E-03
* Correlation length       =   9.848326193753E-01
* log10 Psi^2 range: -2.5444185216438000 -- 3.9014057625136283
* log10 Pgen range : -2.5444185216438000 -- 3.9014057625136283
* Site occupation (ave. no. electrons per config.):
  > Site_  ___eu____  ___ed____
      1        0.498      0.500
      2        0.499      0.500
      3        0.501      0.499
      4        0.500      0.499
      5        0.500      0.499
      6        0.502      0.500
      7        0.499      0.501
      8        0.499      0.501
      9        0.501      0.501
     10        0.501      0.500
* Pair-correlation analysis (ave. no. pairs per config.):
  > Shell  nsite  ___dh____  __eueu___  __eued___
      0      1        0          0          1.336
      1     10        1.327      7.557     11.522
      2     10        0.831     10.982      8.805
      3     10        0.326      1.461      3.337

Optimization #12:
* Method          : lls
* Target function : energy
* No. of configs. : 100096
* No. of params.  : 21
* Before optimization:
  -1.7714E+00   4.6910E-02   5.3524E-02   4.9927E-03  -5.6437E-02  -7.4028E-03
  -1.9854E-02   2.8415E-03   9.6450E-01   3.0084E-01   4.5417E-02   3.1113E-02
  -1.5692E-02  -3.3713E-02  -1.4884E-02   1.5677E-01   3.9776E-02  -8.0155E-02
  -3.1136E-02  -3.3517E-02  -4.9324E-02
  > E    =  -8.375695472785E+00 +/-   1.247071632488E-03
  > varE =   1.556680636705E-01
* Computing derivatives.
  Done. [total walltime: 1.65s]
* Optimizing manipulation constant:
  #igrid a___________ E____________________________________ varE____________
     1     Infinity    -8.37569547E+00 +/-   1.24707163E-03   1.55668064E-01
     2     1.0000E+06  -8.37569547E+00 +/-   1.24707163E-03   1.55668064E-01
     3     2.1544E+05  -8.37569548E+00 +/-   1.24707164E-03   1.55668066E-01
     4     4.6416E+04  -8.37569550E+00 +/-   1.24707167E-03   1.55668072E-01
     5     1.0000E+04  -8.37569561E+00 +/-   1.24707179E-03   1.55668104E-01
     6     2.1544E+03  -8.37569610E+00 +/-   1.24707234E-03   1.55668241E-01
     7     4.6416E+02  -8.37569830E+00 +/-   1.24707411E-03   1.55668683E-01
     8     1.0000E+02  -8.37570715E+00 +/-   1.24706776E-03   1.55667096E-01
     9     2.1544E+01  -8.37573018E+00 +/-   1.24685624E-03   1.55614296E-01
    10     4.6416E+00  -8.37574341E+00 +/-   1.24540590E-03   1.55252486E-01
    11     1.0000E+00  -8.37572260E+00 +/-   1.24278910E-03   1.54600749E-01
    12     2.1544E-01  -8.37570572E+00 +/-   1.24125123E-03   1.54218368E-01
    13     4.6416E-02  -8.37570033E+00 +/-   1.24078309E-03   1.54102063E-01
    14     1.0000E-02  -8.37569905E+00 +/-   1.24067278E-03   1.54074664E-01
    15     2.1544E-03  -8.37569877E+00 +/-   1.24064852E-03   1.54068640E-01
    16     4.6416E-04  -8.37569871E+00 +/-   1.24064328E-03   1.54067337E-01
    17     1.0000E-04  -8.37569870E+00 +/-   1.24064215E-03   1.54067056E-01
    18     2.1544E-05  -8.37569869E+00 +/-   1.24064190E-03   1.54066995E-01
    19     4.6416E-06  -8.37569869E+00 +/-   1.24064185E-03   1.54066982E-01
    20     1.0000E-06  -8.37569869E+00 +/-   1.24064184E-03   1.54066979E-01
    21     0.0000E+00  -8.37569869E+00 +/-   1.24064183E-03   1.54066979E-01
  ParMin   4.1328E+00  -8.37574270E+00 +/-   1.24522011E-03   1.55206166E-01
  # Using grid point #10
* Iteration # 1: E =  -8.375743410841E+00 +/-   1.245405904127E-03
* Diminishing returns: exiting.
* After optimization:
  -1.7785E+00   4.6462E-02   5.3832E-02   3.2089E-03  -5.4456E-02  -5.7674E-03
  -1.8993E-02   3.5129E-03   9.5921E-01   3.0068E-01   5.1694E-02   2.5416E-02
  -2.3247E-02  -3.5023E-02  -1.8250E-02   1.5953E-01   4.1668E-02  -7.9158E-02
  -3.7622E-02  -3.7201E-02  -4.7230E-02
  > Energy =  -8.375743410841E+00 +/-   1.245405904127E-03
  > varE =   1.552524860465E-01

VMC #13:
* Size of Hilbert space =   6.3504E+04
* Deterministic energy evaluation:
  > Deterministic Etot/t = -8.3751094213157025
    - Ttot/t = -13.716639001963401
    - Utot/t = 5.3415295806476975
* Number of equil. steps   = 1000
* Running VMC equilibration.
  Done. [total walltime: 0.04s]
* Equil. acc.ratio (%)     =  34.7904
* Sample config after equilibration:
  +-------------------+
  |              d    |
  |        d          |
  |  d                |
  |                u  |
  |          u        |
  |    u              |
  |                  0|
  |            2      |
  |      0            |
  |2                  |
  +-------------------+
* Number of accum. steps   = 500480 x 10
* Running VMC accumulation.
  Done. [total walltime: 2.02s]
* Acceptance ratio (%)     =  34.7946
* Etot/t                   =  -8.375118861058E+00 +/-   6.526146826951E-04
  > Ttot/t                 =  -1.371436918076E+01 +/-   4.823207167902E-03
  > Utot/t                 =   5.339250319693E+00 +/-   4.786127349556E-03
* var[Eloc/t]              =   2.027494128231E-01 +/-   2.880281962012E-02
* Correlation length       =   1.051334225388E+00
* log10 Psi^2 range: -2.7297179428750749 -- 3.8350733586657313
* log10 Pgen range : -2.7297179428750749 -- 3.8350733586657313
* Site occupation (ave. no. electrons per config.):
  > Site_  ___eu____  ___ed____
      1        0.499      0.501
      2        0.503      0.498
      3        0.500      0.501
      4        0.502      0.498
      5        0.498      0.502
      6        0.498      0.498
      7        0.496      0.503
      8        0.501      0.501
      9        0.499      0.500
     10        0.503      0.498
* Pair-correlation analysis (ave. no. pairs per config.):
  > Shell  nsite  ___dh____  __eueu___  __eued___
      0      1        0          0          1.336
      1     10        1.329      7.562     11.514
      2     10        0.829     10.981      8.811
      3     10        0.327      1.457      3.339

VDAGGER finished.
Total VDAGGER walltime: 1m13s

Run ended: Fri Jan 16 09:13:18 CET 2026
