Run started: Fri Jan 16 08:52:50 CET 2026
Using VDAGGER_ARCH = gnu7_fkfamd_cluster
Running 1x128 MPI processes.

                               xx
                              +##
                               #X
                               Xx
                          X##XxXxxX##x
                           +   Xx  ++
                               ##
                              +##
                              +##
     ++++         ++          +##
   xX+++##+      ####         +##
  Xx    ###      +X##          ##
 xX    X##+        ##          #X
 +    x##X         #x          #X
      ###         +#           x+
     X##+         #+
     ###         Xx                    _______
     ##X       +X+   __________________VDAGGER
     +##x    +xX     2nd quantized variational
       +xxxxx+       ______quantum Monte Carlo

* Running 128 MPI processes.
* Input file: "input.01.casl"

############# Start of input file dump #############
General:
  Random seed: timer

Plan:
  VMC-optimization:
    Minimum cycles: 10
    Convergence cycles: 7

System:
  Hubbard model:
    Primitive cell:
      a_1: [ 1.0, 1.0 ]
      a_2: [ -1.0, 1.0 ]
    Simulation cell:
      a_1: [ 6.0, 0.0 ]
      a_2: [ 0.0, 6.0 ]
    U: 4.0
    Dump Hamiltonian: FCIDUMP.new
    Dump orbitals: LTSC.new
  netot: 18

VMC:
  nstep: 500000
  nconfig: 100000

Optimization:
  max_niter: 1

Jastrow: wfn.casl
############## End of input file dump ##############

General setup:
* Random seed: 621502265 (from timer)

Hubbard system:
* Dimensionality        : 2
* Simulation cell:
  > a_1 =   6.000000000000E+00   0.000000000000E+00
  > a_2 =   0.000000000000E+00   6.000000000000E+00
* Primitive cell:
  > a_1 =   1.000000000000E+00   1.000000000000E+00
  > a_2 =  -1.000000000000E+00   1.000000000000E+00
* Prim.cells in sim.cell: 18
* Number of sublattices : 1
* # real-space shells   : 5
  > Shell #1: 4 sites, rij =  1.4142E+00
  > Shell #2: 4 sites, rij =  2.0000E+00
  > Shell #3: 4 sites, rij =  2.8284E+00
  > Shell #4: 4 sites, rij =  3.1623E+00
  > Shell #5: 1 sites, rij =  4.2426E+00
* Site labels:
  +-----------------+
  |    6    11    16|
  |15     5    10   |
  |   14     4     9|
  | 8    13     3   |
  |    7    18     2|
  | 1    12    17   |
  +-----------------+
* Shell diagram:
  +-----------+
  |  4   4   5|
  |3   2   3  |
  |  1   1   4|
  |2   0   2  |
  |  1   1   4|
  |3   2   3  |
  +-----------+
* Hop multiplicity diagram:
  +-----------+
  |  -   -   -|
  |-   -   -  |
  |  1   1   -|
  |-   0   -  |
  |  1   1   -|
  |-   -   -  |
  +-----------+
* Reciprocal lattice of the simulation cell:
  > b_1 =   1.047197551197E+00  -0.000000000000E+00
  > b_2 =  -0.000000000000E+00   1.047197551197E+00
* k-vector offset:
  > Fractional:   0.000000000000E+00   0.000000000000E+00
  > Absolute  :   0.000000000000E+00   0.000000000000E+00
* G-vector occupation diagram:
  +------0------+
  |      -      |
  |    - - -    |
  |  - 2 2 2 -  |
  0- - 2 2 2 - -0
  |  - 2 2 2 -  |
  |    - - -    |
  |      -      |
  +------0------+
* G-vectors and non-interacting energy levels:
  > G_1 = [   0.0000E+00,  0.0000E+00,  0.0000E+00 ], e =  -4.0000E+00
  > G_2 = [  -1.0472E+00,  0.0000E+00,  0.0000E+00 ], e =  -2.0000E+00
  > G_3 = [   1.0472E+00,  0.0000E+00,  0.0000E+00 ], e =  -2.0000E+00
  > G_4 = [   0.0000E+00,  1.0472E+00,  0.0000E+00 ], e =  -2.0000E+00
  > G_5 = [   0.0000E+00, -1.0472E+00,  0.0000E+00 ], e =  -2.0000E+00
  > G_6 = [  -1.0472E+00, -1.0472E+00,  0.0000E+00 ], e =  -1.0000E+00
  > G_7 = [   1.0472E+00,  1.0472E+00,  0.0000E+00 ], e =  -1.0000E+00
  > G_8 = [   1.0472E+00, -1.0472E+00,  0.0000E+00 ], e =  -1.0000E+00
  > G_9 = [  -1.0472E+00,  1.0472E+00,  0.0000E+00 ], e =  -1.0000E+00 = e_F
  > G_10 = [  -2.0944E+00, -1.0472E+00,  0.0000E+00 ], e =   1.0000E+00
  > G_11 = [   2.0944E+00,  1.0472E+00,  0.0000E+00 ], e =   1.0000E+00
  > G_12 = [   1.0472E+00,  2.0944E+00,  0.0000E+00 ], e =   1.0000E+00
  > G_13 = [  -1.0472E+00, -2.0944E+00,  0.0000E+00 ], e =   1.0000E+00
  > ...
* U/t                   :  4.00000000000E+00
* Hartree-Fock Etot/t   : -1.40000000000E+01
  > Ttot/t              : -3.20000000000E+01
  > Utot/t              :  1.80000000000E+01
* Writing Hamiltonian to "FCIDUMP.new".
* Writing orbitals to "LTSC.new".
* Analysis of Hamiltonian connecitivity performed:
  - U_iiii [opp] (local, 1-site): 18 (i) values
  - T_ji (single, 2-site): 72 contribs. from 18 (i) values
  - Max. no. wfn. ratios in Eloc: 4
* Site labels:
  +-----------------+
  |    6    11    16|
  |15     5    10   |
  |   14     4     9|
  | 8    13     3   |
  |    7    18     2|
  | 1    12    17   |
  +-----------------+
* Model system Site kinds:
  [ 1, 1, 1, 1, 1, 1, 1, 1, 1, 1, 1, 1, 1, 1, 1, 1, 1, 1 ]
  +-----------+
  |  1   1   1|
  |1   1   1  |
  |  1   1   1|
  |1   1   1  |
  |  1   1   1|
  |1   1   1  |
  +-----------+
* Maximum Site kind: 1
* Model system Site pair kinds:
  Site 1: [ 0, 1, 3, 5, 3, 1, 1, 2, 4, 3, 4, 2, 3, 4, 2, 1, 2, 4 ]
  Site 2: [ 1, 0, 1, 3, 5, 3, 2, 1, 2, 4, 3, 4, 4, 3, 4, 2, 1, 2 ]
  Site 3: [ 3, 1, 0, 1, 3, 5, 4, 2, 1, 2, 4, 3, 2, 4, 3, 4, 2, 1 ]
  Site 4: [ 5, 3, 1, 0, 1, 3, 3, 4, 2, 1, 2, 4, 1, 2, 4, 3, 4, 2 ]
  Site 5: [ 3, 5, 3, 1, 0, 1, 4, 3, 4, 2, 1, 2, 2, 1, 2, 4, 3, 4 ]
  Site 6: [ 1, 3, 5, 3, 1, 0, 2, 4, 3, 4, 2, 1, 4, 2, 1, 2, 4, 3 ]
  Site 7: [ 1, 2, 4, 3, 4, 2, 0, 1, 3, 5, 3, 1, 1, 2, 4, 3, 4, 2 ]
  Site 8: [ 2, 1, 2, 4, 3, 4, 1, 0, 1, 3, 5, 3, 2, 1, 2, 4, 3, 4 ]
  Site 9: [ 4, 2, 1, 2, 4, 3, 3, 1, 0, 1, 3, 5, 4, 2, 1, 2, 4, 3 ]
  Site 10: [ 3, 4, 2, 1, 2, 4, 5, 3, 1, 0, 1, 3, 3, 4, 2, 1, 2, 4 ]
  Site 11: [ 4, 3, 4, 2, 1, 2, 3, 5, 3, 1, 0, 1, 4, 3, 4, 2, 1, 2 ]
  Site 12: [ 2, 4, 3, 4, 2, 1, 1, 3, 5, 3, 1, 0, 2, 4, 3, 4, 2, 1 ]
  Site 13: [ 3, 4, 2, 1, 2, 4, 1, 2, 4, 3, 4, 2, 0, 1, 3, 5, 3, 1 ]
  Site 14: [ 4, 3, 4, 2, 1, 2, 2, 1, 2, 4, 3, 4, 1, 0, 1, 3, 5, 3 ]
  Site 15: [ 2, 4, 3, 4, 2, 1, 4, 2, 1, 2, 4, 3, 3, 1, 0, 1, 3, 5 ]
  Site 16: [ 1, 2, 4, 3, 4, 2, 3, 4, 2, 1, 2, 4, 5, 3, 1, 0, 1, 3 ]
  Site 17: [ 2, 1, 2, 4, 3, 4, 4, 3, 4, 2, 1, 2, 3, 5, 3, 1, 0, 1 ]
  Site 18: [ 4, 2, 1, 2, 4, 3, 2, 4, 3, 4, 2, 1, 1, 3, 5, 3, 1, 0 ]
  For site 1 of kind 1:
  +-----------+
  |  1   4   1|
  |2   3   3  |
  |  4   5   4|
  |2   3   3  |
  |  1   4   1|
  |0   2   2  |
  +-----------+
* Maximum (unsigned) Site pair kind: 5

General system setup:
* Number of sites       : 18
* Number of electrons   : 18
* Spin imbalance MS2    : 0
* Filling               : 0.500000
* Number of orbitals in pool: 21
* Using real-valued orbitals
* Using double-precision arithmetic for orbitals

Trial wave function setup:
* Jastrow parameter file: "wfn.casl"
* Not using multideterminants
* Not using a backflow transformation
* Not using wave function manipulation

VMC #1:
* Size of Hilbert space =   2.3639E+09
* Number of equil. steps   = 1000
* Running VMC equilibration.
  Done. [total walltime: 0.03s]
* Equil. acc.ratio (%)     =  48.8144
* Sample config after equilibration:
  +-----------+
  |  0   0   d|
  |2   2   2  |
  |  2   u   d|
  |0   0   d  |
  |  2   u   u|
  |u   0   d  |
  +-----------+
* Number of accum. steps   = 500480 x 10
* Running VMC accumulation.
  Done. [total walltime: 1.39s]
* Acceptance ratio (%)     =  48.8158
* Etot/t                   =  -1.399209558824E+01 +/-   6.425394504391E-03
  > Ttot/t                 =  -3.200000000000E+01 +/-   1.683007511262E-17
  > Utot/t                 =   1.800790441176E+01 +/-   6.425394504391E-03
* var[Eloc/t]              =   2.098124542727E+01 +/-   4.165495947313E-02
* Correlation length       =   9.848159144570E-01
* log10 Psi^2 range: 5.9300651464254468 -- 12.359885239284134
* log10 Pgen range : 5.9300651464254468 -- 12.359885239284134
* Site occupation (ave. no. electrons per config.):
  > Site_  ___eu____  ___ed____
      1        0.497      0.499
      2        0.502      0.502
      3        0.499      0.500
      4        0.501      0.500
      5        0.502      0.500
      6        0.498      0.498
      7        0.499      0.503
      8        0.501      0.499
      9        0.502      0.499
     10        0.500      0.499
     11        0.500      0.500
     12        0.498      0.497
     13        0.498      0.501
     14        0.500      0.500
     15        0.501      0.501
     16        0.500      0.500
     17        0.499      0.500
     18        0.501      0.501
* Pair-correlation analysis (ave. no. pairs per config.):
  > Shell  nsite  ___dh____  __eueu___  __eued___
      0      1        0          0          4.500
      1     18        6.459     14.443     17.994
      2     18        4.496     18.004     18.001
      3     18        4.501     18.011     17.989
      4     18        4.955     17.101     18.010
      5     18        1.152      4.440      4.505

Optimization #1:
* Method          : lls
* Target function : energy
* No. of configs. : 100096
* No. of params.  : 14
* Before optimization:
   0.0000E+00   0.0000E+00   0.0000E+00   0.0000E+00   0.0000E+00   0.0000E+00
   0.0000E+00   0.0000E+00   0.0000E+00   0.0000E+00   0.0000E+00   0.0000E+00
   0.0000E+00   0.0000E+00
  > E    =  -1.399924072890E+01 +/-   1.447501324578E-02
  > varE =   2.097271534337E+01
* Computing derivatives.
  Done. [total walltime: 0.47s]
* Optimizing manipulation constant:
  #igrid a___________ E____________________________________ varE____________
     1     Infinity    -1.39992407E+01 +/-   1.44750132E-02   2.09727153E+01
     2     1.0000E+06  -1.39992827E+01 +/-   1.44749087E-02   2.09724123E+01
     3     2.1544E+05  -1.39994356E+01 +/-   1.44745278E-02   2.09713087E+01
     4     4.6416E+04  -1.40001451E+01 +/-   1.44727607E-02   2.09661884E+01
     5     1.0000E+04  -1.40034342E+01 +/-   1.44645696E-02   2.09424630E+01
     6     2.1544E+03  -1.40186180E+01 +/-   1.44267901E-02   2.08332080E+01
     7     4.6416E+02  -1.40873735E+01 +/-   1.42563579E-02   2.03438855E+01
     8     1.0000E+02  -1.43751239E+01 +/-   1.35515849E-02   1.83821753E+01
     9     2.1544E+01  -1.53083703E+01 +/-   1.12264566E-02   1.26154321E+01
    10     4.6416E+00  -1.66309671E+01 +/-   7.23943429E-03   5.24597218E+00
    11     1.0000E+00  -1.61875800E+01 +/-   1.11131898E-02   1.23621551E+01
    12     2.1544E-01  -1.55299211E+01 +/-   1.39481336E-02   1.94737200E+01
    13     4.6416E-02  -1.53297157E+01 +/-   1.46623345E-02   2.15190436E+01
    14     1.0000E-02  -1.52833918E+01 +/-   1.48204005E-02   2.19855131E+01
    15     2.1544E-03  -1.52732588E+01 +/-   1.48546407E-02   2.20872184E+01
    16     4.6416E-04  -1.52710686E+01 +/-   1.48620260E-02   2.21091862E+01
    17     1.0000E-04  -1.52705964E+01 +/-   1.48636176E-02   2.21139217E+01
    18     2.1544E-05  -1.52704947E+01 +/-   1.48639605E-02   2.21149420E+01
    19     4.6416E-06  -1.52704727E+01 +/-   1.48640343E-02   2.21151618E+01
    20     1.0000E-06  -1.52704680E+01 +/-   1.48640502E-02   2.21152092E+01
    21     0.0000E+00  -1.52704667E+01 +/-   1.48640546E-02   2.21152222E+01
  ParMin   3.1830E+00  -1.66974584E+01 +/-   7.43476119E-03   5.53287386E+00
  # Using parabolic minimum
* Iteration # 1: E =  -1.669745838312E+01 +/-   7.434761188557E-03
* Reached maximum number of iterations: exiting.
* After optimization:
  -1.0862E+00   9.0902E-02   7.8798E-02   7.3364E-02   6.7026E-02   7.0865E-02
   8.3292E-03  -9.1988E-03  -1.1764E-03  -9.5744E-03   1.4642E-04  -4.6193E-03
  -2.5548E-03   4.6418E-03
  > Energy =  -1.669745838312E+01 +/-   7.434761188557E-03
  > varE =   5.532873857785E+00

VMC #2:
* Size of Hilbert space =   2.3639E+09
* Number of equil. steps   = 1000
* Running VMC equilibration.
  Done. [total walltime: 0.02s]
* Equil. acc.ratio (%)     =  38.2248
* Sample config after equilibration:
  +-----------+
  |  d   0   d|
  |0   u   d  |
  |  2   0   2|
  |0   2   u  |
  |  2   u   2|
  |u   0   d  |
  +-----------+
* Number of accum. steps   = 500480 x 10
* Running VMC accumulation.
  Done. [total walltime: 0.89s]
* Acceptance ratio (%)     =  38.1513
* Etot/t                   =  -1.668838840498E+01 +/-   3.310787942174E-03
  > Ttot/t                 =  -2.909061027199E+01 +/-   7.695949385742E-03
  > Utot/t                 =   1.240222186701E+01 +/-   7.781003536344E-03
* var[Eloc/t]              =   5.563830208929E+00 +/-   1.678419191742E-02
* Correlation length       =   9.859969885999E-01
* log10 Psi^2 range: 3.3038354841503370 -- 12.185181591875253
* log10 Pgen range : 3.3038354841503370 -- 12.185181591875253
* Site occupation (ave. no. electrons per config.):
  > Site_  ___eu____  ___ed____
      1        0.500      0.500
      2        0.500      0.498
      3        0.502      0.498
      4        0.500      0.501
      5        0.499      0.499
      6        0.501      0.498
      7        0.498      0.501
      8        0.499      0.501
      9        0.500      0.499
     10        0.499      0.504
     11        0.500      0.501
     12        0.498      0.501
     13        0.501      0.499
     14        0.501      0.502
     15        0.501      0.498
     16        0.503      0.501
     17        0.500      0.499
     18        0.497      0.501
* Pair-correlation analysis (ave. no. pairs per config.):
  > Shell  nsite  ___dh____  __eueu___  __eued___
      0      1        0          0          3.107
      1     18        3.541     13.966     19.925
      2     18        2.427     18.539     17.215
      3     18        2.391     18.470     17.348
      4     18        2.575     16.671     18.802
      5     18        0.594      4.354      4.605

Optimization #2:
* Method          : lls
* Target function : energy
* No. of configs. : 100096
* No. of params.  : 14
* Before optimization:
  -1.0862E+00   9.0902E-02   7.8798E-02   7.3364E-02   6.7026E-02   7.0865E-02
   8.3292E-03  -9.1988E-03  -1.1764E-03  -9.5744E-03   1.4642E-04  -4.6193E-03
  -2.5548E-03   4.6418E-03
  > E    =  -1.668755214119E+01 +/-   7.436517742849E-03
  > varE =   5.535488586400E+00
* Computing derivatives.
  Done. [total walltime: 0.49s]
* Optimizing manipulation constant:
  #igrid a___________ E____________________________________ varE____________
     1     Infinity    -1.66875521E+01 +/-   7.43651774E-03   5.53548859E+00
     2     1.0000E+06  -1.66875605E+01 +/-   7.43643207E-03   5.53536105E+00
     3     2.1544E+05  -1.66875907E+01 +/-   7.43612012E-03   5.53489665E+00
     4     4.6416E+04  -1.66877312E+01 +/-   7.43467277E-03   5.53274225E+00
     5     1.0000E+04  -1.66883818E+01 +/-   7.42796761E-03   5.52276705E+00
     6     2.1544E+03  -1.66913691E+01 +/-   7.39711960E-03   5.47699071E+00
     7     4.6416E+02  -1.67045666E+01 +/-   7.25961879E-03   5.27526590E+00
     8     1.0000E+02  -1.67541121E+01 +/-   6.72424284E-03   4.52588486E+00
     9     2.1544E+01  -1.68631042E+01 +/-   5.41291271E-03   2.93277516E+00
    10     4.6416E+00  -1.69490540E+01 +/-   4.21362258E-03   1.77716597E+00
    11     1.0000E+00  -1.69742692E+01 +/-   3.85553144E-03   1.48793932E+00
    12     2.1544E-01  -1.69792847E+01 +/-   3.79142341E-03   1.43886914E+00
    13     4.6416E-02  -1.69802954E+01 +/-   3.77928720E-03   1.42967234E+00
    14     1.0000E-02  -1.69805089E+01 +/-   3.77677019E-03   1.42776865E+00
    15     2.1544E-03  -1.69805547E+01 +/-   3.77623269E-03   1.42736228E+00
    16     4.6416E-04  -1.69805645E+01 +/-   3.77611711E-03   1.42727491E+00
    17     1.0000E-04  -1.69805667E+01 +/-   3.77609222E-03   1.42725610E+00
    18     2.1544E-05  -1.69805671E+01 +/-   3.77608686E-03   1.42725204E+00
    19     4.6416E-06  -1.69805672E+01 +/-   3.77608570E-03   1.42725117E+00
    20     1.0000E-06  -1.69805672E+01 +/-   3.77608545E-03   1.42725098E+00
    21     0.0000E+00  -1.69805672E+01 +/-   3.77608539E-03   1.42725093E+00
* Iteration # 1: E =  -1.698056723834E+01 +/-   3.776085385454E-03
* Reached maximum number of iterations: exiting.
* After optimization:
  -1.1064E+00   1.0162E-01   5.0386E-02   2.5528E-02   6.2780E-03   1.4918E-02
   1.0243E-02  -2.9125E-02  -1.3282E-02  -3.4771E-02  -2.9251E-03  -1.3313E-02
  -2.0890E-03   7.3982E-03
  > Energy =  -1.698056723834E+01 +/-   3.776085385454E-03
  > varE =   1.427250930625E+00

VMC #3:
* Size of Hilbert space =   2.3639E+09
* Number of equil. steps   = 1000
* Running VMC equilibration.
  Done. [total walltime: 0.02s]
* Equil. acc.ratio (%)     =  36.7875
* Sample config after equilibration:
  +-----------+
  |  d   d   u|
  |d   u   2  |
  |  d   2   0|
  |d   u   u  |
  |  u   d   d|
  |0   u   u  |
  +-----------+
* Number of accum. steps   = 500480 x 10
* Running VMC accumulation.
  Done. [total walltime: 0.92s]
* Acceptance ratio (%)     =  36.7764
* Etot/t                   =  -1.698583502503E+01 +/-   1.682965548837E-03
  > Ttot/t                 =  -2.901317677694E+01 +/-   6.859157111259E-03
  > Utot/t                 =   1.202734175192E+01 +/-   6.847169910024E-03
* var[Eloc/t]              =   1.425611944689E+00 +/-   3.311058233560E-03
* Correlation length       =   9.943421585554E-01
* log10 Psi^2 range: 2.3171951518446785 -- 11.173713630137794
* log10 Pgen range : 2.3171951518446785 -- 11.173713630137794
* Site occupation (ave. no. electrons per config.):
  > Site_  ___eu____  ___ed____
      1        0.498      0.502
      2        0.503      0.500
      3        0.501      0.498
      4        0.499      0.502
      5        0.500      0.501
      6        0.501      0.500
      7        0.502      0.497
      8        0.498      0.501
      9        0.501      0.500
     10        0.500      0.499
     11        0.503      0.499
     12        0.499      0.503
     13        0.497      0.500
     14        0.500      0.500
     15        0.499      0.499
     16        0.499      0.500
     17        0.501      0.501
     18        0.500      0.497
* Pair-correlation analysis (ave. no. pairs per config.):
  > Shell  nsite  ___dh____  __eueu___  __eued___
      0      1        0          0          3.011
      1     18        3.375     13.909     19.934
      2     18        2.173     18.600     17.168
      3     18        2.141     18.520     17.301
      4     18        2.261     16.621     18.973
      5     18        0.530      4.350      4.612

Optimization #3:
* Method          : lls
* Target function : energy
* No. of configs. : 100096
* No. of params.  : 14
* Before optimization:
  -1.1064E+00   1.0162E-01   5.0386E-02   2.5528E-02   6.2780E-03   1.4918E-02
   1.0243E-02  -2.9125E-02  -1.3282E-02  -3.4771E-02  -2.9251E-03  -1.3313E-02
  -2.0890E-03   7.3982E-03
  > E    =  -1.698136106248E+01 +/-   3.773964777191E-03
  > varE =   1.425648323721E+00
* Computing derivatives.
  Done. [total walltime: 0.53s]
* Optimizing manipulation constant:
  #igrid a___________ E____________________________________ varE____________
     1     Infinity    -1.69813611E+01 +/-   3.77396478E-03   1.42564832E+00
     2     1.0000E+06  -1.69813614E+01 +/-   3.77395871E-03   1.42564374E+00
     3     2.1544E+05  -1.69813625E+01 +/-   3.77393660E-03   1.42562704E+00
     4     4.6416E+04  -1.69813678E+01 +/-   3.77383404E-03   1.42554955E+00
     5     1.0000E+04  -1.69813925E+01 +/-   3.77335896E-03   1.42519066E+00
     6     2.1544E+03  -1.69815059E+01 +/-   3.77117418E-03   1.42354075E+00
     7     4.6416E+02  -1.69820106E+01 +/-   3.76145488E-03   1.41621254E+00
     8     1.0000E+02  -1.69839572E+01 +/-   3.72401536E-03   1.38816039E+00
     9     2.1544E+01  -1.69885249E+01 +/-   3.63801377E-03   1.32478499E+00
    10     4.6416E+00  -1.69921850E+01 +/-   3.58157271E-03   1.28399776E+00
    11     1.0000E+00  -1.69929892E+01 +/-   3.58452846E-03   1.28611792E+00
    12     2.1544E-01  -1.69930608E+01 +/-   3.59091609E-03   1.29070572E+00
    13     4.6416E-02  -1.69930654E+01 +/-   3.59283352E-03   1.29208448E+00
    14     1.0000E-02  -1.69930658E+01 +/-   3.59327717E-03   1.29240360E+00
    15     2.1544E-03  -1.69930658E+01 +/-   3.59337424E-03   1.29247342E+00
    16     4.6416E-04  -1.69930659E+01 +/-   3.59339522E-03   1.29248852E+00
    17     1.0000E-04  -1.69930659E+01 +/-   3.59339974E-03   1.29249177E+00
    18     2.1544E-05  -1.69930659E+01 +/-   3.59340072E-03   1.29249247E+00
    19     4.6416E-06  -1.69930659E+01 +/-   3.59340093E-03   1.29249262E+00
    20     1.0000E-06  -1.69930659E+01 +/-   3.59340097E-03   1.29249266E+00
    21     0.0000E+00  -1.69930659E+01 +/-   3.59340098E-03   1.29249267E+00
  ParMin   1.0317E-01  -1.69930644E+01 +/-   3.59216414E-03   1.29160307E+00
  # Using grid point #12
* Iteration # 1: E =  -1.699306075231E+01 +/-   3.590916088933E-03
* Reached maximum number of iterations: exiting.
* After optimization:
  -1.1519E+00   1.0342E-01   4.4299E-02   1.4425E-02  -6.8321E-03   1.2620E-03
  -3.4150E-04  -3.5543E-02  -1.9661E-02  -3.7198E-02  -5.6758E-03  -1.4404E-02
  -3.2678E-03   9.9475E-03
  > Energy =  -1.699306075231E+01 +/-   3.590916088933E-03
  > varE =   1.290705724898E+00

VMC #4:
* Size of Hilbert space =   2.3639E+09
* Number of equil. steps   = 1000
* Running VMC equilibration.
  Done. [total walltime: 0.02s]
* Equil. acc.ratio (%)     =  36.3071
* Sample config after equilibration:
  +-----------+
  |  0   d   0|
  |2   2   u  |
  |  2   0   d|
  |d   u   u  |
  |  u   d   d|
  |d   u   u  |
  +-----------+
* Number of accum. steps   = 500480 x 10
* Running VMC accumulation.
  Done. [total walltime: 1.03s]
* Acceptance ratio (%)     =  36.2664
* Etot/t                   =  -1.699474403383E+01 +/-   1.591102740589E-03
  > Ttot/t                 =  -2.886686679597E+01 +/-   6.639744026660E-03
  > Utot/t                 =   1.187212276215E+01 +/-   6.478819932856E-03
* var[Eloc/t]              =   1.301189961393E+00 +/-   4.257534532939E-03
* Correlation length       =   9.737387890744E-01
* log10 Psi^2 range: 1.9628488355373224 -- 10.767256649507543
* log10 Pgen range : 1.9628488355373224 -- 10.767256649507543
* Site occupation (ave. no. electrons per config.):
  > Site_  ___eu____  ___ed____
      1        0.503      0.498
      2        0.502      0.500
      3        0.499      0.502
      4        0.500      0.502
      5        0.499      0.498
      6        0.501      0.501
      7        0.498      0.501
      8        0.497      0.502
      9        0.500      0.500
     10        0.499      0.502
     11        0.500      0.498
     12        0.501      0.498
     13        0.500      0.502
     14        0.501      0.499
     15        0.498      0.499
     16        0.499      0.497
     17        0.501      0.502
     18        0.500      0.500
* Pair-correlation analysis (ave. no. pairs per config.):
  > Shell  nsite  ___dh____  __eueu___  __eued___
      0      1        0          0          2.969
      1     18        3.286     13.878     19.990
      2     18        2.098     18.633     17.133
      3     18        2.053     18.554     17.277
      4     18        2.177     16.592     19.010
      5     18        0.510      4.343      4.622

Optimization #4:
* Method          : lls
* Target function : energy
* No. of configs. : 100096
* No. of params.  : 14
* Before optimization:
  -1.1519E+00   1.0342E-01   4.4299E-02   1.4425E-02  -6.8321E-03   1.2620E-03
  -3.4150E-04  -3.5543E-02  -1.9661E-02  -3.7198E-02  -5.6758E-03  -1.4404E-02
  -3.2678E-03   9.9475E-03
  > E    =  -1.699056555594E+01 +/-   3.597277313952E-03
  > varE =   1.295282686139E+00
* Computing derivatives.
  Done. [total walltime: 0.59s]
* Optimizing manipulation constant:
  #igrid a___________ E____________________________________ varE____________
     1     Infinity    -1.69905656E+01 +/-   3.59727731E-03   1.29528269E+00
     2     1.0000E+06  -1.69905656E+01 +/-   3.59727730E-03   1.29528268E+00
     3     2.1544E+05  -1.69905656E+01 +/-   3.59727725E-03   1.29528264E+00
     4     4.6416E+04  -1.69905656E+01 +/-   3.59727701E-03   1.29528247E+00
     5     1.0000E+04  -1.69905657E+01 +/-   3.59727589E-03   1.29528166E+00
     6     2.1544E+03  -1.69905662E+01 +/-   3.59727077E-03   1.29527797E+00
     7     4.6416E+02  -1.69905684E+01 +/-   3.59724803E-03   1.29526160E+00
     8     1.0000E+02  -1.69905772E+01 +/-   3.59716125E-03   1.29519910E+00
     9     2.1544E+01  -1.69906019E+01 +/-   3.59696815E-03   1.29506005E+00
    10     4.6416E+00  -1.69906286E+01 +/-   3.59681521E-03   1.29494993E+00
    11     1.0000E+00  -1.69906318E+01 +/-   3.59665617E-03   1.29483541E+00
    12     2.1544E-01  -1.69906287E+01 +/-   3.59654219E-03   1.29475334E+00
    13     4.6416E-02  -1.69906275E+01 +/-   3.59650633E-03   1.29472753E+00
    14     1.0000E-02  -1.69906272E+01 +/-   3.59649788E-03   1.29472144E+00
    15     2.1544E-03  -1.69906272E+01 +/-   3.59649602E-03   1.29472010E+00
    16     4.6416E-04  -1.69906271E+01 +/-   3.59649562E-03   1.29471981E+00
    17     1.0000E-04  -1.69906271E+01 +/-   3.59649553E-03   1.29471975E+00
    18     2.1544E-05  -1.69906271E+01 +/-   3.59649551E-03   1.29471974E+00
    19     4.6416E-06  -1.69906271E+01 +/-   3.59649551E-03   1.29471973E+00
    20     1.0000E-06  -1.69906271E+01 +/-   3.59649551E-03   1.29471973E+00
    21     0.0000E+00  -1.69906271E+01 +/-   3.59649551E-03   1.29471973E+00
* Iteration # 1: E =  -1.699063180082E+01 +/-   3.596656167942E-03
* Reached maximum number of iterations: exiting.
* After optimization:
  -1.1815E+00   1.0521E-01   4.5887E-02   1.5693E-02  -6.5637E-03   2.0640E-03
  -7.5889E-04  -3.7452E-02  -2.0025E-02  -3.9299E-02  -5.8101E-03  -1.6352E-02
  -2.2707E-03   8.0497E-03
  > Energy =  -1.699063180082E+01 +/-   3.596656167942E-03
  > varE =   1.294835408856E+00

VMC #5:
* Size of Hilbert space =   2.3639E+09
* Number of equil. steps   = 1000
* Running VMC equilibration.
  Done. [total walltime: 0.02s]
* Equil. acc.ratio (%)     =  36.2877
* Sample config after equilibration:
  +-----------+
  |  u   u   2|
  |d   d   0  |
  |  u   u   d|
  |d   d   2  |
  |  u   0   u|
  |d   d   u  |
  +-----------+
* Number of accum. steps   = 500480 x 10
* Running VMC accumulation.
  Done. [total walltime: 1.11s]
* Acceptance ratio (%)     =  36.2648
* Etot/t                   =  -1.699491198994E+01 +/-   1.615109408776E-03
  > Ttot/t                 =  -2.886104050656E+01 +/-   6.626369769385E-03
  > Utot/t                 =   1.186612851662E+01 +/-   6.435559316356E-03
* var[Eloc/t]              =   1.302540344369E+00 +/-   2.290108608038E-03
* Correlation length       =   1.002303939709E+00
* log10 Psi^2 range: 1.8604849123023572 -- 10.632656446767237
* log10 Pgen range : 1.8604849123023572 -- 10.632656446767237
* Site occupation (ave. no. electrons per config.):
  > Site_  ___eu____  ___ed____
      1        0.500      0.499
      2        0.497      0.501
      3        0.498      0.498
      4        0.500      0.499
      5        0.501      0.501
      6        0.499      0.500
      7        0.500      0.501
      8        0.501      0.499
      9        0.498      0.502
     10        0.500      0.500
     11        0.500      0.499
     12        0.502      0.499
     13        0.503      0.502
     14        0.500      0.500
     15        0.500      0.499
     16        0.501      0.498
     17        0.503      0.501
     18        0.498      0.501
* Pair-correlation analysis (ave. no. pairs per config.):
  > Shell  nsite  ___dh____  __eueu___  __eued___
      0      1        0          0          2.966
      1     18        3.272     13.882     20.006
      2     18        2.108     18.618     17.113
      3     18        2.063     18.548     17.258
      4     18        2.158     16.606     19.033
      5     18        0.505      4.346      4.623

Optimization #5:
* Method          : lls
* Target function : energy
* No. of configs. : 100096
* No. of params.  : 14
* Before optimization:
  -1.1815E+00   1.0521E-01   4.5887E-02   1.5693E-02  -6.5637E-03   2.0640E-03
  -7.5889E-04  -3.7452E-02  -2.0025E-02  -3.9299E-02  -5.8101E-03  -1.6352E-02
  -2.2707E-03   8.0497E-03
  > E    =  -1.699063448191E+01 +/-   3.599466673873E-03
  > varE =   1.296859825024E+00
* Computing derivatives.
  Done. [total walltime: 0.63s]
* Optimizing manipulation constant:
  #igrid a___________ E____________________________________ varE____________
     1     Infinity    -1.69906345E+01 +/-   3.59946667E-03   1.29685983E+00
     2     1.0000E+06  -1.69906345E+01 +/-   3.59946668E-03   1.29685983E+00
     3     2.1544E+05  -1.69906345E+01 +/-   3.59946670E-03   1.29685985E+00
     4     4.6416E+04  -1.69906345E+01 +/-   3.59946682E-03   1.29685993E+00
     5     1.0000E+04  -1.69906346E+01 +/-   3.59946734E-03   1.29686031E+00
     6     2.1544E+03  -1.69906352E+01 +/-   3.59946982E-03   1.29686209E+00
     7     4.6416E+02  -1.69906377E+01 +/-   3.59948209E-03   1.29687093E+00
     8     1.0000E+02  -1.69906478E+01 +/-   3.59955244E-03   1.29692163E+00
     9     2.1544E+01  -1.69906759E+01 +/-   3.60001046E-03   1.29725170E+00
    10     4.6416E+00  -1.69907071E+01 +/-   3.60188527E-03   1.29860322E+00
    11     1.0000E+00  -1.69907133E+01 +/-   3.60453735E-03   1.30051625E+00
    12     2.1544E-01  -1.69907107E+01 +/-   3.60586259E-03   1.30147272E+00
    13     4.6416E-02  -1.69907095E+01 +/-   3.60623158E-03   1.30173909E+00
    14     1.0000E-02  -1.69907092E+01 +/-   3.60631612E-03   1.30180013E+00
    15     2.1544E-03  -1.69907092E+01 +/-   3.60633459E-03   1.30181346E+00
    16     4.6416E-04  -1.69907091E+01 +/-   3.60633857E-03   1.30181634E+00
    17     1.0000E-04  -1.69907091E+01 +/-   3.60633944E-03   1.30181696E+00
    18     2.1544E-05  -1.69907091E+01 +/-   3.60633962E-03   1.30181709E+00
    19     4.6416E-06  -1.69907091E+01 +/-   3.60633966E-03   1.30181712E+00
    20     1.0000E-06  -1.69907091E+01 +/-   3.60633967E-03   1.30181713E+00
    21     0.0000E+00  -1.69907091E+01 +/-   3.60633967E-03   1.30181713E+00
  ParMin   2.3815E+00  -1.69907125E+01 +/-   3.60311326E-03   1.29948883E+00
  # Using parabolic minimum
* Iteration # 1: E =  -1.699071247136E+01 +/-   3.603113255990E-03
* Reached maximum number of iterations: exiting.
* After optimization:
  -1.1906E+00   1.0611E-01   4.6316E-02   1.5827E-02  -6.0495E-03   2.1685E-03
  -1.6619E-03  -3.7609E-02  -2.0136E-02  -3.8953E-02  -6.0024E-03  -1.6278E-02
  -3.3369E-03   7.6638E-03
  > Energy =  -1.699071247136E+01 +/-   3.603113255990E-03
  > varE =   1.299488826362E+00

VMC #6:
* Size of Hilbert space =   2.3639E+09
* Number of equil. steps   = 1000
* Running VMC equilibration.
  Done. [total walltime: 0.02s]
* Equil. acc.ratio (%)     =  36.1889
* Sample config after equilibration:
  +-----------+
  |  d   d   d|
  |u   u   u  |
  |  d   d   d|
  |0   u   u  |
  |  2   d   d|
  |u   u   u  |
  +-----------+
* Number of accum. steps   = 500480 x 10
* Running VMC accumulation.
  Done. [total walltime: 1.15s]
* Acceptance ratio (%)     =  36.2537
* Etot/t                   =  -1.699457324813E+01 +/-   1.615125065088E-03
  > Ttot/t                 =  -2.887448852946E+01 +/-   6.724395152072E-03
  > Utot/t                 =   1.187991528133E+01 +/-   6.511368390329E-03
* var[Eloc/t]              =   1.302396416389E+00 +/-   3.379151863144E-03
* Correlation length       =   1.002434138651E+00
* log10 Psi^2 range: 1.6808981101089482 -- 10.606203235899985
* log10 Pgen range : 1.6808981101089482 -- 10.606203235899985
* Site occupation (ave. no. electrons per config.):
  > Site_  ___eu____  ___ed____
      1        0.498      0.502
      2        0.501      0.500
      3        0.502      0.500
      4        0.501      0.499
      5        0.498      0.504
      6        0.500      0.498
      7        0.502      0.498
      8        0.499      0.499
      9        0.500      0.499
     10        0.499      0.500
     11        0.499      0.500
     12        0.502      0.501
     13        0.499      0.503
     14        0.501      0.498
     15        0.500      0.498
     16        0.500      0.503
     17        0.499      0.500
     18        0.500      0.498
* Pair-correlation analysis (ave. no. pairs per config.):
  > Shell  nsite  ___dh____  __eueu___  __eued___
      0      1        0          0          2.969
      1     18        3.286     13.867     20.006
      2     18        2.097     18.644     17.111
      3     18        2.060     18.563     17.259
      4     18        2.175     16.585     19.031
      5     18        0.508      4.341      4.623

Optimization #6:
* Method          : lls
* Target function : energy
* No. of configs. : 100096
* No. of params.  : 14
* Before optimization:
  -1.1906E+00   1.0611E-01   4.6316E-02   1.5827E-02  -6.0495E-03   2.1685E-03
  -1.6619E-03  -3.7609E-02  -2.0136E-02  -3.8953E-02  -6.0024E-03  -1.6278E-02
  -3.3369E-03   7.6638E-03
  > E    =  -1.699455764299E+01 +/-   3.616801379932E-03
  > varE =   1.309381022401E+00
* Computing derivatives.
  Done. [total walltime: 0.63s]
* Optimizing manipulation constant:
  #igrid a___________ E____________________________________ varE____________
     1     Infinity    -1.69945576E+01 +/-   3.61680138E-03   1.30938102E+00
     2     1.0000E+06  -1.69945576E+01 +/-   3.61680136E-03   1.30938101E+00
     3     2.1544E+05  -1.69945576E+01 +/-   3.61680130E-03   1.30938097E+00
     4     4.6416E+04  -1.69945576E+01 +/-   3.61680102E-03   1.30938076E+00
     5     1.0000E+04  -1.69945576E+01 +/-   3.61679972E-03   1.30937982E+00
     6     2.1544E+03  -1.69945575E+01 +/-   3.61679369E-03   1.30937545E+00
     7     4.6416E+02  -1.69945568E+01 +/-   3.61676616E-03   1.30935552E+00
     8     1.0000E+02  -1.69945541E+01 +/-   3.61664765E-03   1.30926972E+00
     9     2.1544E+01  -1.69945454E+01 +/-   3.61623422E-03   1.30897040E+00
    10     4.6416E+00  -1.69945299E+01 +/-   3.61538863E-03   1.30835831E+00
    11     1.0000E+00  -1.69945186E+01 +/-   3.61466048E-03   1.30783135E+00
    12     2.1544E-01  -1.69945146E+01 +/-   3.61438273E-03   1.30763037E+00
    13     4.6416E-02  -1.69945136E+01 +/-   3.61431242E-03   1.30757950E+00
    14     1.0000E-02  -1.69945134E+01 +/-   3.61429670E-03   1.30756813E+00
    15     2.1544E-03  -1.69945134E+01 +/-   3.61429328E-03   1.30756565E+00
    16     4.6416E-04  -1.69945134E+01 +/-   3.61429255E-03   1.30756512E+00
    17     1.0000E-04  -1.69945134E+01 +/-   3.61429239E-03   1.30756501E+00
    18     2.1544E-05  -1.69945134E+01 +/-   3.61429235E-03   1.30756498E+00
    19     4.6416E-06  -1.69945134E+01 +/-   3.61429235E-03   1.30756498E+00
    20     1.0000E-06  -1.69945134E+01 +/-   3.61429235E-03   1.30756497E+00
    21     0.0000E+00  -1.69945134E+01 +/-   3.61429235E-03   1.30756497E+00
* Iteration # 1: E =  -1.699455764299E+01 +/-   3.616801379932E-03
* Reached maximum number of iterations: exiting.
* After optimization:
  -1.1906E+00   1.0611E-01   4.6316E-02   1.5827E-02  -6.0495E-03   2.1685E-03
  -1.6619E-03  -3.7609E-02  -2.0136E-02  -3.8953E-02  -6.0024E-03  -1.6278E-02
  -3.3369E-03   7.6638E-03
  > Energy =  -1.699455764299E+01 +/-   3.616801379932E-03
  > varE =   1.309381022401E+00

VMC #7:
* Size of Hilbert space =   2.3639E+09
* Number of equil. steps   = 1000
* Running VMC equilibration.
  Done. [total walltime: 0.02s]
* Equil. acc.ratio (%)     =  36.2970
* Sample config after equilibration:
  +-----------+
  |  u   2   u|
  |u   d   0  |
  |  u   d   2|
  |0   d   d  |
  |  d   u   d|
  |d   u   u  |
  +-----------+
* Number of accum. steps   = 500480 x 10
* Running VMC accumulation.
  Done. [total walltime: 1.18s]
* Acceptance ratio (%)     =  36.2544
* Etot/t                   =  -1.699744023934E+01 +/-   1.617269941176E-03
  > Ttot/t                 =  -2.887715571248E+01 +/-   6.696744443884E-03
  > Utot/t                 =   1.187971547315E+01 +/-   6.486931799171E-03
* var[Eloc/t]              =   1.313858758612E+00 +/-   4.040907257155E-03
* Correlation length       =   9.963296987031E-01
* log10 Psi^2 range: 1.3524978270107739 -- 10.606203235900075
* log10 Pgen range : 1.3524978270107739 -- 10.606203235900075
* Site occupation (ave. no. electrons per config.):
  > Site_  ___eu____  ___ed____
      1        0.499      0.501
      2        0.501      0.502
      3        0.500      0.498
      4        0.501      0.499
      5        0.497      0.499
      6        0.500      0.500
      7        0.500      0.502
      8        0.496      0.502
      9        0.501      0.498
     10        0.498      0.502
     11        0.502      0.501
     12        0.503      0.495
     13        0.500      0.502
     14        0.503      0.499
     15        0.501      0.501
     16        0.500      0.499
     17        0.501      0.498
     18        0.499      0.500
* Pair-correlation analysis (ave. no. pairs per config.):
  > Shell  nsite  ___dh____  __eueu___  __eued___
      0      1        0          0          2.964
      1     18        3.276     13.864     20.017
      2     18        2.096     18.634     17.112
      3     18        2.055     18.562     17.256
      4     18        2.159     16.598     19.032
      5     18        0.510      4.342      4.620

Optimization #7:
* Method          : lls
* Target function : energy
* No. of configs. : 100096
* No. of params.  : 14
* Before optimization:
  -1.1906E+00   1.0611E-01   4.6316E-02   1.5827E-02  -6.0495E-03   2.1685E-03
  -1.6619E-03  -3.7609E-02  -2.0136E-02  -3.8953E-02  -6.0024E-03  -1.6278E-02
  -3.3369E-03   7.6638E-03
  > E    =  -1.699741472651E+01 +/-   3.630887605154E-03
  > varE =   1.319600081227E+00
* Computing derivatives.
  Done. [total walltime: 0.66s]
* Optimizing manipulation constant:
  #igrid a___________ E____________________________________ varE____________
     1     Infinity    -1.69974147E+01 +/-   3.63088761E-03   1.31960008E+00
     2     1.0000E+06  -1.69974147E+01 +/-   3.63088758E-03   1.31960006E+00
     3     2.1544E+05  -1.69974147E+01 +/-   3.63088750E-03   1.31960000E+00
     4     4.6416E+04  -1.69974147E+01 +/-   3.63088710E-03   1.31959971E+00
     5     1.0000E+04  -1.69974147E+01 +/-   3.63088527E-03   1.31959838E+00
     6     2.1544E+03  -1.69974146E+01 +/-   3.63087678E-03   1.31959221E+00
     7     4.6416E+02  -1.69974141E+01 +/-   3.63083795E-03   1.31956399E+00
     8     1.0000E+02  -1.69974119E+01 +/-   3.63066844E-03   1.31944078E+00
     9     2.1544E+01  -1.69974027E+01 +/-   3.63004572E-03   1.31898820E+00
    10     4.6416E+00  -1.69973817E+01 +/-   3.62865132E-03   1.31797508E+00
    11     1.0000E+00  -1.69973631E+01 +/-   3.62741300E-03   1.31707569E+00
    12     2.1544E-01  -1.69973558E+01 +/-   3.62695468E-03   1.31674288E+00
    13     4.6416E-02  -1.69973539E+01 +/-   3.62684119E-03   1.31666049E+00
    14     1.0000E-02  -1.69973535E+01 +/-   3.62681598E-03   1.31664218E+00
    15     2.1544E-03  -1.69973534E+01 +/-   3.62681051E-03   1.31663821E+00
    16     4.6416E-04  -1.69973534E+01 +/-   3.62680933E-03   1.31663735E+00
    17     1.0000E-04  -1.69973534E+01 +/-   3.62680908E-03   1.31663717E+00
    18     2.1544E-05  -1.69973534E+01 +/-   3.62680902E-03   1.31663713E+00
    19     4.6416E-06  -1.69973534E+01 +/-   3.62680901E-03   1.31663712E+00
    20     1.0000E-06  -1.69973534E+01 +/-   3.62680901E-03   1.31663712E+00
    21     0.0000E+00  -1.69973534E+01 +/-   3.62680901E-03   1.31663712E+00
* Iteration # 1: E =  -1.699741472651E+01 +/-   3.630887605154E-03
* Reached maximum number of iterations: exiting.
* After optimization:
  -1.1906E+00   1.0611E-01   4.6316E-02   1.5827E-02  -6.0495E-03   2.1685E-03
  -1.6619E-03  -3.7609E-02  -2.0136E-02  -3.8953E-02  -6.0024E-03  -1.6278E-02
  -3.3369E-03   7.6638E-03
  > Energy =  -1.699741472651E+01 +/-   3.630887605154E-03
  > varE =   1.319600081227E+00

VMC #8:
* Size of Hilbert space =   2.3639E+09
* Number of equil. steps   = 1000
* Running VMC equilibration.
  Done. [total walltime: 0.03s]
* Equil. acc.ratio (%)     =  36.2447
* Sample config after equilibration:
  +-----------+
  |  u   d   2|
  |0   d   u  |
  |  u   d   0|
  |u   d   2  |
  |  u   0   2|
  |u   d   d  |
  +-----------+
* Number of accum. steps   = 500480 x 10
* Running VMC accumulation.
  Done. [total walltime: 1.19s]
* Acceptance ratio (%)     =  36.2363
* Etot/t                   =  -1.699599946683E+01 +/-   1.586130095223E-03
  > Ttot/t                 =  -2.887592274049E+01 +/-   6.775845390317E-03
  > Utot/t                 =   1.187992327366E+01 +/-   6.531476217662E-03
* var[Eloc/t]              =   1.306844521296E+00 +/-   3.485040773390E-03
* Correlation length       =   9.634749253899E-01
* log10 Psi^2 range: 1.7645176540853342 -- 10.606203235900390
* log10 Pgen range : 1.7645176540853342 -- 10.606203235900390
* Site occupation (ave. no. electrons per config.):
  > Site_  ___eu____  ___ed____
      1        0.497      0.501
      2        0.501      0.500
      3        0.499      0.498
      4        0.499      0.501
      5        0.500      0.499
      6        0.500      0.501
      7        0.502      0.501
      8        0.501      0.500
      9        0.502      0.502
     10        0.501      0.499
     11        0.500      0.501
     12        0.498      0.500
     13        0.500      0.497
     14        0.500      0.501
     15        0.500      0.499
     16        0.500      0.502
     17        0.500      0.498
     18        0.500      0.500
* Pair-correlation analysis (ave. no. pairs per config.):
  > Shell  nsite  ___dh____  __eueu___  __eued___
      0      1        0          0          2.966
      1     18        3.277     13.870     20.010
      2     18        2.101     18.638     17.112
      3     18        2.059     18.564     17.247
      4     18        2.164     16.585     19.040
      5     18        0.505      4.343      4.626

Optimization #8:
* Method          : lls
* Target function : energy
* No. of configs. : 100096
* No. of params.  : 14
* Before optimization:
  -1.1906E+00   1.0611E-01   4.6316E-02   1.5827E-02  -6.0495E-03   2.1685E-03
  -1.6619E-03  -3.7609E-02  -2.0136E-02  -3.8953E-02  -6.0024E-03  -1.6278E-02
  -3.3369E-03   7.6638E-03
  > E    =  -1.698722585921E+01 +/-   3.607032361354E-03
  > varE =   1.302317271101E+00
* Computing derivatives.
  Done. [total walltime: 0.66s]
* Optimizing manipulation constant:
  #igrid a___________ E____________________________________ varE____________
     1     Infinity    -1.69872259E+01 +/-   3.60703236E-03   1.30231727E+00
     2     1.0000E+06  -1.69872259E+01 +/-   3.60703241E-03   1.30231731E+00
     3     2.1544E+05  -1.69872259E+01 +/-   3.60703260E-03   1.30231745E+00
     4     4.6416E+04  -1.69872259E+01 +/-   3.60703349E-03   1.30231808E+00
     5     1.0000E+04  -1.69872259E+01 +/-   3.60703757E-03   1.30232104E+00
     6     2.1544E+03  -1.69872259E+01 +/-   3.60705649E-03   1.30233470E+00
     7     4.6416E+02  -1.69872260E+01 +/-   3.60714305E-03   1.30239720E+00
     8     1.0000E+02  -1.69872263E+01 +/-   3.60751939E-03   1.30266898E+00
     9     2.1544E+01  -1.69872250E+01 +/-   3.60885477E-03   1.30363356E+00
    10     4.6416E+00  -1.69872155E+01 +/-   3.61155214E-03   1.30558305E+00
    11     1.0000E+00  -1.69872019E+01 +/-   3.61383522E-03   1.30723424E+00
    12     2.1544E-01  -1.69871953E+01 +/-   3.61472797E-03   1.30788019E+00
    13     4.6416E-02  -1.69871934E+01 +/-   3.61495854E-03   1.30804705E+00
    14     1.0000E-02  -1.69871930E+01 +/-   3.61501044E-03   1.30808460E+00
    15     2.1544E-03  -1.69871929E+01 +/-   3.61502172E-03   1.30809277E+00
    16     4.6416E-04  -1.69871929E+01 +/-   3.61502416E-03   1.30809453E+00
    17     1.0000E-04  -1.69871929E+01 +/-   3.61502469E-03   1.30809491E+00
    18     2.1544E-05  -1.69871929E+01 +/-   3.61502480E-03   1.30809500E+00
    19     4.6416E-06  -1.69871929E+01 +/-   3.61502482E-03   1.30809501E+00
    20     1.0000E-06  -1.69871929E+01 +/-   3.61502483E-03   1.30809502E+00
    21     0.0000E+00  -1.69871929E+01 +/-   3.61502483E-03   1.30809502E+00
* Iteration # 1: E =  -1.698722585921E+01 +/-   3.607032361354E-03
* Reached maximum number of iterations: exiting.
* After optimization:
  -1.1906E+00   1.0611E-01   4.6316E-02   1.5827E-02  -6.0495E-03   2.1685E-03
  -1.6619E-03  -3.7609E-02  -2.0136E-02  -3.8953E-02  -6.0024E-03  -1.6278E-02
  -3.3369E-03   7.6638E-03
  > Energy =  -1.698722585921E+01 +/-   3.607032361354E-03
  > varE =   1.302317271101E+00

VMC #9:
* Size of Hilbert space =   2.3639E+09
* Number of equil. steps   = 1000
* Running VMC equilibration.
  Done. [total walltime: 0.03s]
* Equil. acc.ratio (%)     =  36.1963
* Sample config after equilibration:
  +-----------+
  |  2   0   d|
  |0   2   d  |
  |  2   0   u|
  |0   u   u  |
  |  2   d   d|
  |u   0   2  |
  +-----------+
* Number of accum. steps   = 500480 x 10
* Running VMC accumulation.
  Done. [total walltime: 1.20s]
* Acceptance ratio (%)     =  36.2607
* Etot/t                   =  -1.699897453806E+01 +/-   1.594447827178E-03
  > Ttot/t                 =  -2.887687575290E+01 +/-   6.742774969479E-03
  > Utot/t                 =   1.187790121483E+01 +/-   6.559970641264E-03
* var[Eloc/t]              =   1.306207861075E+00 +/-   2.454153677195E-03
* Correlation length       =   9.740809723871E-01
* log10 Psi^2 range: 1.3332983840243280 -- 10.606203235900239
* log10 Pgen range : 1.3332983840243280 -- 10.606203235900239
* Site occupation (ave. no. electrons per config.):
  > Site_  ___eu____  ___ed____
      1        0.498      0.500
      2        0.498      0.500
      3        0.500      0.499
      4        0.501      0.499
      5        0.497      0.502
      6        0.504      0.500
      7        0.501      0.498
      8        0.501      0.501
      9        0.502      0.503
     10        0.501      0.502
     11        0.499      0.500
     12        0.500      0.500
     13        0.500      0.501
     14        0.500      0.498
     15        0.500      0.501
     16        0.498      0.499
     17        0.500      0.499
     18        0.498      0.499
* Pair-correlation analysis (ave. no. pairs per config.):
  > Shell  nsite  ___dh____  __eueu___  __eued___
      0      1        0          0          2.970
      1     18        3.287     13.871     19.998
      2     18        2.107     18.636     17.110
      3     18        2.057     18.556     17.267
      4     18        2.168     16.594     19.031
      5     18        0.510      4.343      4.624

Optimization #9:
* Method          : lls
* Target function : energy
* No. of configs. : 100096
* No. of params.  : 14
* Before optimization:
  -1.1906E+00   1.0611E-01   4.6316E-02   1.5827E-02  -6.0495E-03   2.1685E-03
  -1.6619E-03  -3.7609E-02  -2.0136E-02  -3.8953E-02  -6.0024E-03  -1.6278E-02
  -3.3369E-03   7.6638E-03
  > E    =  -1.699489856228E+01 +/-   3.617626163720E-03
  > varE =   1.309978279073E+00
* Computing derivatives.
  Done. [total walltime: 0.68s]
* Optimizing manipulation constant:
  #igrid a___________ E____________________________________ varE____________
     1     Infinity    -1.69948986E+01 +/-   3.61762616E-03   1.30997828E+00
     2     1.0000E+06  -1.69948986E+01 +/-   3.61762617E-03   1.30997828E+00
     3     2.1544E+05  -1.69948986E+01 +/-   3.61762618E-03   1.30997829E+00
     4     4.6416E+04  -1.69948986E+01 +/-   3.61762625E-03   1.30997835E+00
     5     1.0000E+04  -1.69948985E+01 +/-   3.61762659E-03   1.30997859E+00
     6     2.1544E+03  -1.69948984E+01 +/-   3.61762816E-03   1.30997972E+00
     7     4.6416E+02  -1.69948977E+01 +/-   3.61763592E-03   1.30998534E+00
     8     1.0000E+02  -1.69948945E+01 +/-   3.61768007E-03   1.31001732E+00
     9     2.1544E+01  -1.69948833E+01 +/-   3.61794375E-03   1.31020829E+00
    10     4.6416E+00  -1.69948611E+01 +/-   3.61872940E-03   1.31077739E+00
    11     1.0000E+00  -1.69948412E+01 +/-   3.61931003E-03   1.31119805E+00
    12     2.1544E-01  -1.69948324E+01 +/-   3.61943045E-03   1.31128530E+00
    13     4.6416E-02  -1.69948300E+01 +/-   3.61944746E-03   1.31129763E+00
    14     1.0000E-02  -1.69948295E+01 +/-   3.61945042E-03   1.31129978E+00
    15     2.1544E-03  -1.69948294E+01 +/-   3.61945102E-03   1.31130021E+00
    16     4.6416E-04  -1.69948293E+01 +/-   3.61945115E-03   1.31130030E+00
    17     1.0000E-04  -1.69948293E+01 +/-   3.61945118E-03   1.31130032E+00
    18     2.1544E-05  -1.69948293E+01 +/-   3.61945118E-03   1.31130033E+00
    19     4.6416E-06  -1.69948293E+01 +/-   3.61945118E-03   1.31130033E+00
    20     1.0000E-06  -1.69948293E+01 +/-   3.61945118E-03   1.31130033E+00
    21     0.0000E+00  -1.69948293E+01 +/-   3.61945118E-03   1.31130033E+00
* Iteration # 1: E =  -1.699489856228E+01 +/-   3.617626163720E-03
* Reached maximum number of iterations: exiting.
* After optimization:
  -1.1906E+00   1.0611E-01   4.6316E-02   1.5827E-02  -6.0495E-03   2.1685E-03
  -1.6619E-03  -3.7609E-02  -2.0136E-02  -3.8953E-02  -6.0024E-03  -1.6278E-02
  -3.3369E-03   7.6638E-03
  > Energy =  -1.699489856228E+01 +/-   3.617626163720E-03
  > varE =   1.309978279073E+00

VMC #10:
* Size of Hilbert space =   2.3639E+09
* Number of equil. steps   = 1000
* Running VMC equilibration.
  Done. [total walltime: 0.03s]
* Equil. acc.ratio (%)     =  36.1655
* Sample config after equilibration:
  +-----------+
  |  d   u   d|
  |0   u   d  |
  |  d   2   0|
  |u   u   0  |
  |  d   2   2|
  |u   u   d  |
  +-----------+
* Number of accum. steps   = 500480 x 10
* Running VMC accumulation.
  Done. [total walltime: 1.21s]
* Acceptance ratio (%)     =  36.2458
* Etot/t                   =  -1.699745878131E+01 +/-   1.593450188222E-03
  > Ttot/t                 =  -2.886806300126E+01 +/-   6.652447517965E-03
  > Utot/t                 =   1.187060421995E+01 +/-   6.491203453481E-03
* var[Eloc/t]              =   1.304828407488E+00 +/-   4.398152069002E-03
* Correlation length       =   9.738908993406E-01
* log10 Psi^2 range: 1.6288177980675149 -- 10.606203235900097
* log10 Pgen range : 1.6288177980675149 -- 10.606203235900097
* Site occupation (ave. no. electrons per config.):
  > Site_  ___eu____  ___ed____
      1        0.502      0.496
      2        0.501      0.503
      3        0.500      0.500
      4        0.499      0.501
      5        0.501      0.499
      6        0.497      0.504
      7        0.499      0.497
      8        0.500      0.499
      9        0.501      0.498
     10        0.501      0.501
     11        0.500      0.500
     12        0.500      0.501
     13        0.501      0.500
     14        0.502      0.501
     15        0.498      0.500
     16        0.500      0.499
     17        0.499      0.499
     18        0.499      0.501
* Pair-correlation analysis (ave. no. pairs per config.):
  > Shell  nsite  ___dh____  __eueu___  __eued___
      0      1        0          0          2.973
      1     18        3.295     13.880     19.985
      2     18        2.109     18.622     17.128
      3     18        2.057     18.541     17.289
      4     18        2.177     16.606     19.015
      5     18        0.513      4.351      4.610

Optimization #10:
* Method          : lls
* Target function : energy
* No. of configs. : 100096
* No. of params.  : 14
* Before optimization:
  -1.1906E+00   1.0611E-01   4.6316E-02   1.5827E-02  -6.0495E-03   2.1685E-03
  -1.6619E-03  -3.7609E-02  -2.0136E-02  -3.8953E-02  -6.0024E-03  -1.6278E-02
  -3.3369E-03   7.6638E-03
  > E    =  -1.699935026100E+01 +/-   3.615461108252E-03
  > varE =   1.308410772195E+00
* Computing derivatives.
  Done. [total walltime: 0.68s]
* Optimizing manipulation constant:
  #igrid a___________ E____________________________________ varE____________
     1     Infinity    -1.69993503E+01 +/-   3.61546111E-03   1.30841077E+00
     2     1.0000E+06  -1.69993503E+01 +/-   3.61546107E-03   1.30841075E+00
     3     2.1544E+05  -1.69993503E+01 +/-   3.61546094E-03   1.30841065E+00
     4     4.6416E+04  -1.69993503E+01 +/-   3.61546030E-03   1.30841019E+00
     5     1.0000E+04  -1.69993502E+01 +/-   3.61545738E-03   1.30840808E+00
     6     2.1544E+03  -1.69993501E+01 +/-   3.61544392E-03   1.30839833E+00
     7     4.6416E+02  -1.69993494E+01 +/-   3.61538347E-03   1.30835458E+00
     8     1.0000E+02  -1.69993462E+01 +/-   3.61514186E-03   1.30817972E+00
     9     2.1544E+01  -1.69993328E+01 +/-   3.61452983E-03   1.30773681E+00
    10     4.6416E+00  -1.69993041E+01 +/-   3.61424833E-03   1.30753313E+00
    11     1.0000E+00  -1.69992837E+01 +/-   3.61486278E-03   1.30797775E+00
    12     2.1544E-01  -1.69992773E+01 +/-   3.61529451E-03   1.30829020E+00
    13     4.6416E-02  -1.69992758E+01 +/-   3.61542209E-03   1.30838253E+00
    14     1.0000E-02  -1.69992754E+01 +/-   3.61545168E-03   1.30840395E+00
    15     2.1544E-03  -1.69992754E+01 +/-   3.61545816E-03   1.30840864E+00
    16     4.6416E-04  -1.69992753E+01 +/-   3.61545956E-03   1.30840965E+00
    17     1.0000E-04  -1.69992753E+01 +/-   3.61545986E-03   1.30840987E+00
    18     2.1544E-05  -1.69992753E+01 +/-   3.61545993E-03   1.30840992E+00
    19     4.6416E-06  -1.69992753E+01 +/-   3.61545994E-03   1.30840993E+00
    20     1.0000E-06  -1.69992753E+01 +/-   3.61545994E-03   1.30840993E+00
    21     0.0000E+00  -1.69992753E+01 +/-   3.61545994E-03   1.30840993E+00
* Iteration # 1: E =  -1.699935026100E+01 +/-   3.615461108252E-03
* Reached maximum number of iterations: exiting.
* After optimization:
  -1.1906E+00   1.0611E-01   4.6316E-02   1.5827E-02  -6.0495E-03   2.1685E-03
  -1.6619E-03  -3.7609E-02  -2.0136E-02  -3.8953E-02  -6.0024E-03  -1.6278E-02
  -3.3369E-03   7.6638E-03
  > Energy =  -1.699935026100E+01 +/-   3.615461108252E-03
  > varE =   1.308410772195E+00

VMC #11:
* Size of Hilbert space =   2.3639E+09
* Number of equil. steps   = 1000
* Running VMC equilibration.
  Done. [total walltime: 0.03s]
* Equil. acc.ratio (%)     =  36.3445
* Sample config after equilibration:
  +-----------+
  |  2   u   d|
  |2   2   d  |
  |  0   0   u|
  |2   u   d  |
  |  d   u   u|
  |0   0   d  |
  +-----------+
* Number of accum. steps   = 500480 x 10
* Running VMC accumulation.
  Done. [total walltime: 1.23s]
* Acceptance ratio (%)     =  36.2319
* Etot/t                   =  -1.699616190793E+01 +/-   1.591465185819E-03
  > Ttot/t                 =  -2.887041862148E+01 +/-   6.750712339814E-03
  > Utot/t                 =   1.187425671355E+01 +/-   6.536736236751E-03
* var[Eloc/t]              =   1.307856231221E+00 +/-   4.821614377275E-03
* Correlation length       =   9.692169628950E-01
* log10 Psi^2 range: 1.6893808197489988 -- 10.606203235899981
* log10 Pgen range : 1.6893808197489988 -- 10.606203235899981
* Site occupation (ave. no. electrons per config.):
  > Site_  ___eu____  ___ed____
      1        0.501      0.497
      2        0.500      0.500
      3        0.499      0.502
      4        0.500      0.499
      5        0.504      0.501
      6        0.496      0.500
      7        0.499      0.500
      8        0.500      0.499
      9        0.504      0.499
     10        0.500      0.500
     11        0.500      0.499
     12        0.499      0.501
     13        0.499      0.499
     14        0.499      0.501
     15        0.500      0.503
     16        0.500      0.499
     17        0.500      0.498
     18        0.499      0.502
* Pair-correlation analysis (ave. no. pairs per config.):
  > Shell  nsite  ___dh____  __eueu___  __eued___
      0      1        0          0          2.970
      1     18        3.285     13.874     20.003
      2     18        2.108     18.631     17.117
      3     18        2.056     18.559     17.263
      4     18        2.173     16.596     19.024
      5     18        0.509      4.340      4.624

VDAGGER finished.
Total VDAGGER walltime: 30.2s

Run ended: Fri Jan 16 08:53:50 CET 2026
