Run started: Fri Jan 16 08:56:00 CET 2026
Using VDAGGER_ARCH = gnu7_fkfamd_cluster
Running 1x128 MPI processes.

                               xx
                              +##
                               #X
                               Xx
                          X##XxXxxX##x
                           +   Xx  ++
                               ##
                              +##
                              +##
     ++++         ++          +##
   xX+++##+      ####         +##
  Xx    ###      +X##          ##
 xX    X##+        ##          #X
 +    x##X         #x          #X
      ###         +#           x+
     X##+         #+
     ###         Xx                    _______
     ##X       +X+   __________________VDAGGER
     +##x    +xX     2nd quantized variational
       +xxxxx+       ______quantum Monte Carlo

* Running 128 MPI processes.
* Input file: "input.01.casl"

############# Start of input file dump #############
General:
  Random seed: timer

Plan:
  VMC-optimization:
    Minimum cycles: 10
    Convergence cycles: 7

System:
  Hubbard model:
    Primitive cell:
      a_1: [ 1.0, 1.0 ]
      a_2: [ -1.0, 1.0 ]
    Simulation cell:
      a_1: [ 6.0, 0.0 ]
      a_2: [ 0.0, 6.0 ]
    U: 4.0
    Dump Hamiltonian: FCIDUMP.new
    Dump orbitals: LTSC.new
  netot: 18

VMC:
  nstep: 500000
  nconfig: 100000

Jastrow: wfn.casl
############## End of input file dump ##############

General setup:
* Random seed: 303461234 (from timer)

Hubbard system:
* Dimensionality        : 2
* Simulation cell:
  > a_1 =   6.000000000000E+00   0.000000000000E+00
  > a_2 =   0.000000000000E+00   6.000000000000E+00
* Primitive cell:
  > a_1 =   1.000000000000E+00   1.000000000000E+00
  > a_2 =  -1.000000000000E+00   1.000000000000E+00
* Prim.cells in sim.cell: 18
* Number of sublattices : 1
* # real-space shells   : 5
  > Shell #1: 4 sites, rij =  1.4142E+00
  > Shell #2: 4 sites, rij =  2.0000E+00
  > Shell #3: 4 sites, rij =  2.8284E+00
  > Shell #4: 4 sites, rij =  3.1623E+00
  > Shell #5: 1 sites, rij =  4.2426E+00
* Site labels:
  +-----------------+
  |    6    11    16|
  |15     5    10   |
  |   14     4     9|
  | 8    13     3   |
  |    7    18     2|
  | 1    12    17   |
  +-----------------+
* Shell diagram:
  +-----------+
  |  4   4   5|
  |3   2   3  |
  |  1   1   4|
  |2   0   2  |
  |  1   1   4|
  |3   2   3  |
  +-----------+
* Hop multiplicity diagram:
  +-----------+
  |  -   -   -|
  |-   -   -  |
  |  1   1   -|
  |-   0   -  |
  |  1   1   -|
  |-   -   -  |
  +-----------+
* Reciprocal lattice of the simulation cell:
  > b_1 =   1.047197551197E+00  -0.000000000000E+00
  > b_2 =  -0.000000000000E+00   1.047197551197E+00
* k-vector offset:
  > Fractional:   0.000000000000E+00   0.000000000000E+00
  > Absolute  :   0.000000000000E+00   0.000000000000E+00
* G-vector occupation diagram:
  +------0------+
  |      -      |
  |    - - -    |
  |  - 2 2 2 -  |
  0- - 2 2 2 - -0
  |  - 2 2 2 -  |
  |    - - -    |
  |      -      |
  +------0------+
* G-vectors and non-interacting energy levels:
  > G_1 = [   0.0000E+00,  0.0000E+00,  0.0000E+00 ], e =  -4.0000E+00
  > G_2 = [  -1.0472E+00,  0.0000E+00,  0.0000E+00 ], e =  -2.0000E+00
  > G_3 = [   1.0472E+00,  0.0000E+00,  0.0000E+00 ], e =  -2.0000E+00
  > G_4 = [   0.0000E+00,  1.0472E+00,  0.0000E+00 ], e =  -2.0000E+00
  > G_5 = [   0.0000E+00, -1.0472E+00,  0.0000E+00 ], e =  -2.0000E+00
  > G_6 = [  -1.0472E+00, -1.0472E+00,  0.0000E+00 ], e =  -1.0000E+00
  > G_7 = [   1.0472E+00,  1.0472E+00,  0.0000E+00 ], e =  -1.0000E+00
  > G_8 = [   1.0472E+00, -1.0472E+00,  0.0000E+00 ], e =  -1.0000E+00
  > G_9 = [  -1.0472E+00,  1.0472E+00,  0.0000E+00 ], e =  -1.0000E+00 = e_F
  > G_10 = [  -2.0944E+00, -1.0472E+00,  0.0000E+00 ], e =   1.0000E+00
  > G_11 = [   2.0944E+00,  1.0472E+00,  0.0000E+00 ], e =   1.0000E+00
  > G_12 = [   1.0472E+00,  2.0944E+00,  0.0000E+00 ], e =   1.0000E+00
  > G_13 = [  -1.0472E+00, -2.0944E+00,  0.0000E+00 ], e =   1.0000E+00
  > ...
* U/t                   :  4.00000000000E+00
* Hartree-Fock Etot/t   : -1.40000000000E+01
  > Ttot/t              : -3.20000000000E+01
  > Utot/t              :  1.80000000000E+01
* Writing Hamiltonian to "FCIDUMP.new".
* Writing orbitals to "LTSC.new".
* Analysis of Hamiltonian connecitivity performed:
  - U_iiii [opp] (local, 1-site): 18 (i) values
  - T_ji (single, 2-site): 72 contribs. from 18 (i) values
  - Max. no. wfn. ratios in Eloc: 4
* Site labels:
  +-----------------+
  |    6    11    16|
  |15     5    10   |
  |   14     4     9|
  | 8    13     3   |
  |    7    18     2|
  | 1    12    17   |
  +-----------------+
* Model system Site kinds:
  [ 1, 1, 1, 1, 1, 1, 1, 1, 1, 1, 1, 1, 1, 1, 1, 1, 1, 1 ]
  +-----------+
  |  1   1   1|
  |1   1   1  |
  |  1   1   1|
  |1   1   1  |
  |  1   1   1|
  |1   1   1  |
  +-----------+
* Maximum Site kind: 1
* Model system Site pair kinds:
  Site 1: [ 0, 1, 3, 5, 3, 1, 1, 2, 4, 3, 4, 2, 3, 4, 2, 1, 2, 4 ]
  Site 2: [ 1, 0, 1, 3, 5, 3, 2, 1, 2, 4, 3, 4, 4, 3, 4, 2, 1, 2 ]
  Site 3: [ 3, 1, 0, 1, 3, 5, 4, 2, 1, 2, 4, 3, 2, 4, 3, 4, 2, 1 ]
  Site 4: [ 5, 3, 1, 0, 1, 3, 3, 4, 2, 1, 2, 4, 1, 2, 4, 3, 4, 2 ]
  Site 5: [ 3, 5, 3, 1, 0, 1, 4, 3, 4, 2, 1, 2, 2, 1, 2, 4, 3, 4 ]
  Site 6: [ 1, 3, 5, 3, 1, 0, 2, 4, 3, 4, 2, 1, 4, 2, 1, 2, 4, 3 ]
  Site 7: [ 1, 2, 4, 3, 4, 2, 0, 1, 3, 5, 3, 1, 1, 2, 4, 3, 4, 2 ]
  Site 8: [ 2, 1, 2, 4, 3, 4, 1, 0, 1, 3, 5, 3, 2, 1, 2, 4, 3, 4 ]
  Site 9: [ 4, 2, 1, 2, 4, 3, 3, 1, 0, 1, 3, 5, 4, 2, 1, 2, 4, 3 ]
  Site 10: [ 3, 4, 2, 1, 2, 4, 5, 3, 1, 0, 1, 3, 3, 4, 2, 1, 2, 4 ]
  Site 11: [ 4, 3, 4, 2, 1, 2, 3, 5, 3, 1, 0, 1, 4, 3, 4, 2, 1, 2 ]
  Site 12: [ 2, 4, 3, 4, 2, 1, 1, 3, 5, 3, 1, 0, 2, 4, 3, 4, 2, 1 ]
  Site 13: [ 3, 4, 2, 1, 2, 4, 1, 2, 4, 3, 4, 2, 0, 1, 3, 5, 3, 1 ]
  Site 14: [ 4, 3, 4, 2, 1, 2, 2, 1, 2, 4, 3, 4, 1, 0, 1, 3, 5, 3 ]
  Site 15: [ 2, 4, 3, 4, 2, 1, 4, 2, 1, 2, 4, 3, 3, 1, 0, 1, 3, 5 ]
  Site 16: [ 1, 2, 4, 3, 4, 2, 3, 4, 2, 1, 2, 4, 5, 3, 1, 0, 1, 3 ]
  Site 17: [ 2, 1, 2, 4, 3, 4, 4, 3, 4, 2, 1, 2, 3, 5, 3, 1, 0, 1 ]
  Site 18: [ 4, 2, 1, 2, 4, 3, 2, 4, 3, 4, 2, 1, 1, 3, 5, 3, 1, 0 ]
  For site 1 of kind 1:
  +-----------+
  |  1   4   1|
  |2   3   3  |
  |  4   5   4|
  |2   3   3  |
  |  1   4   1|
  |0   2   2  |
  +-----------+
* Maximum (unsigned) Site pair kind: 5

General system setup:
* Number of sites       : 18
* Number of electrons   : 18
* Spin imbalance MS2    : 0
* Filling               : 0.500000
* Number of orbitals in pool: 21
* Using real-valued orbitals
* Using double-precision arithmetic for orbitals

Trial wave function setup:
* Jastrow parameter file: "wfn.casl"
* Not using multideterminants
* Not using a backflow transformation
* Not using wave function manipulation

VMC #1:
* Size of Hilbert space =   2.3639E+09
* Number of equil. steps   = 1000
* Running VMC equilibration.
  Done. [total walltime: 0.03s]
* Equil. acc.ratio (%)     =  36.3591
* Sample config after equilibration:
  +-----------+
  |  d   0   u|
  |d   u   d  |
  |  0   u   u|
  |u   2   d  |
  |  d   u   d|
  |2   u   d  |
  +-----------+
* Number of accum. steps   = 500480 x 10
* Running VMC accumulation.
  Done. [total walltime: 1.32s]
* Acceptance ratio (%)     =  36.2411
* Etot/t                   =  -1.699608236734E+01 +/-   1.591186217827E-03
  > Ttot/t                 =  -2.886258652335E+01 +/-   6.782657364792E-03
  > Utot/t                 =   1.186650415601E+01 +/-   6.557869918205E-03
* var[Eloc/t]              =   1.308334001575E+00 +/-   5.329152434290E-03
* Correlation length       =   9.685233951682E-01
* log10 Psi^2 range: 1.2448215708986119 -- 10.606203235899979
* log10 Pgen range : 1.2448215708986119 -- 10.606203235899979
* Site occupation (ave. no. electrons per config.):
  > Site_  ___eu____  ___ed____
      1        0.502      0.497
      2        0.500      0.499
      3        0.499      0.501
      4        0.500      0.500
      5        0.503      0.500
      6        0.500      0.502
      7        0.499      0.501
      8        0.501      0.497
      9        0.500      0.504
     10        0.500      0.499
     11        0.501      0.499
     12        0.500      0.500
     13        0.499      0.502
     14        0.500      0.503
     15        0.499      0.497
     16        0.500      0.500
     17        0.499      0.497
     18        0.499      0.500
* Pair-correlation analysis (ave. no. pairs per config.):
  > Shell  nsite  ___dh____  __eueu___  __eued___
      0      1        0          0          2.966
      1     18        3.279     13.873     20.003
      2     18        2.103     18.634     17.115
      3     18        2.057     18.569     17.247
      4     18        2.167     16.587     19.037
      5     18        0.507      4.337      4.631

Optimization #1:
* Method          : lls
* Target function : energy
* No. of configs. : 100096
* No. of params.  : 14
* Before optimization:
  -1.1906E+00   1.0611E-01   4.6316E-02   1.5827E-02  -6.0495E-03   2.1685E-03
  -1.6619E-03  -3.7609E-02  -2.0136E-02  -3.8953E-02  -6.0024E-03  -1.6278E-02
  -3.3369E-03   7.6638E-03
  > E    =  -1.700067822757E+01 +/-   3.622053608479E-03
  > varE =   1.313186684414E+00
* Computing derivatives.
  Done. [total walltime: 0.47s]
* Optimizing manipulation constant:
  #igrid a___________ E____________________________________ varE____________
     1     Infinity    -1.70006782E+01 +/-   3.62205361E-03   1.31318668E+00
     2     1.0000E+06  -1.70006782E+01 +/-   3.62205362E-03   1.31318669E+00
     3     2.1544E+05  -1.70006782E+01 +/-   3.62205366E-03   1.31318672E+00
     4     4.6416E+04  -1.70006782E+01 +/-   3.62205383E-03   1.31318684E+00
     5     1.0000E+04  -1.70006783E+01 +/-   3.62205462E-03   1.31318742E+00
     6     2.1544E+03  -1.70006785E+01 +/-   3.62205833E-03   1.31319011E+00
     7     4.6416E+02  -1.70006797E+01 +/-   3.62207632E-03   1.31320315E+00
     8     1.0000E+02  -1.70006841E+01 +/-   3.62217318E-03   1.31327339E+00
     9     2.1544E+01  -1.70006945E+01 +/-   3.62274334E-03   1.31368686E+00
    10     4.6416E+00  -1.70006988E+01 +/-   3.62485331E-03   1.31521755E+00
    11     1.0000E+00  -1.70006888E+01 +/-   3.62750353E-03   1.31714143E+00
    12     2.1544E-01  -1.70006819E+01 +/-   3.62870840E-03   1.31801655E+00
    13     4.6416E-02  -1.70006798E+01 +/-   3.62903126E-03   1.31825110E+00
    14     1.0000E-02  -1.70006793E+01 +/-   3.62910450E-03   1.31830430E+00
    15     2.1544E-03  -1.70006792E+01 +/-   3.62912046E-03   1.31831590E+00
    16     4.6416E-04  -1.70006792E+01 +/-   3.62912390E-03   1.31831840E+00
    17     1.0000E-04  -1.70006792E+01 +/-   3.62912465E-03   1.31831894E+00
    18     2.1544E-05  -1.70006792E+01 +/-   3.62912481E-03   1.31831906E+00
    19     4.6416E-06  -1.70006792E+01 +/-   3.62912484E-03   1.31831908E+00
    20     1.0000E-06  -1.70006792E+01 +/-   3.62912485E-03   1.31831909E+00
    21     0.0000E+00  -1.70006792E+01 +/-   3.62912485E-03   1.31831909E+00
  ParMin   1.3398E+01  -1.70006976E+01 +/-   3.62319308E-03   1.31401305E+00
  # Using parabolic minimum
* Iteration # 1: E =  -1.700069755671E+01 +/-   3.623193075212E-03
* Diminishing returns: exiting.
* After optimization:
  -1.1923E+00   1.0646E-01   4.6251E-02   1.5492E-02  -6.1459E-03   2.2189E-03
  -1.4627E-03  -3.8127E-02  -2.0088E-02  -3.9592E-02  -5.6998E-03  -1.6317E-02
  -3.0263E-03   7.5803E-03
  > Energy =  -1.700069755671E+01 +/-   3.623193075212E-03
  > varE =   1.314013048720E+00

VMC #2:
* Size of Hilbert space =   2.3639E+09
* Number of equil. steps   = 1000
* Running VMC equilibration.
  Done. [total walltime: 0.02s]
* Equil. acc.ratio (%)     =  36.2180
* Sample config after equilibration:
  +-----------+
  |  u   u   u|
  |u   d   0  |
  |  d   2   d|
  |u   0   u  |
  |  d   u   d|
  |d   d   2  |
  +-----------+
* Number of accum. steps   = 500480 x 10
* Running VMC accumulation.
  Done. [total walltime: 0.89s]
* Acceptance ratio (%)     =  36.2383
* Etot/t                   =  -1.699540099151E+01 +/-   1.632789614766E-03
  > Ttot/t                 =  -2.886328782015E+01 +/-   6.723360727742E-03
  > Utot/t                 =   1.186788682864E+01 +/-   6.522403886054E-03
* var[Eloc/t]              =   1.309116298607E+00 +/-   4.015705008996E-03
* Correlation length       =   1.019222391004E+00
* log10 Psi^2 range: 1.7220999155369459 -- 10.598340099766608
* log10 Pgen range : 1.7220999155369459 -- 10.598340099766608
* Site occupation (ave. no. electrons per config.):
  > Site_  ___eu____  ___ed____
      1        0.502      0.499
      2        0.500      0.500
      3        0.500      0.499
      4        0.499      0.503
      5        0.500      0.497
      6        0.498      0.499
      7        0.501      0.501
      8        0.498      0.504
      9        0.499      0.500
     10        0.500      0.499
     11        0.500      0.502
     12        0.502      0.501
     13        0.499      0.499
     14        0.501      0.498
     15        0.501      0.498
     16        0.499      0.503
     17        0.500      0.499
     18        0.501      0.500
* Pair-correlation analysis (ave. no. pairs per config.):
  > Shell  nsite  ___dh____  __eueu___  __eued___
      0      1        0          0          2.963
      1     18        3.279     13.871     20.000
      2     18        2.095     18.639     17.111
      3     18        2.057     18.550     17.261
      4     18        2.156     16.598     19.036
      5     18        0.505      4.342      4.628

Optimization #2:
* Method          : lls
* Target function : energy
* No. of configs. : 100096
* No. of params.  : 14
* Before optimization:
  -1.1923E+00   1.0646E-01   4.6251E-02   1.5492E-02  -6.1459E-03   2.2189E-03
  -1.4627E-03  -3.8127E-02  -2.0088E-02  -3.9592E-02  -5.6998E-03  -1.6317E-02
  -3.0263E-03   7.5803E-03
  > E    =  -1.699739220573E+01 +/-   3.605815589583E-03
  > varE =   1.301438789590E+00
* Computing derivatives.
  Done. [total walltime: 0.49s]
* Optimizing manipulation constant:
  #igrid a___________ E____________________________________ varE____________
     1     Infinity    -1.69973922E+01 +/-   3.60581559E-03   1.30143879E+00
     2     1.0000E+06  -1.69973922E+01 +/-   3.60581561E-03   1.30143881E+00
     3     2.1544E+05  -1.69973922E+01 +/-   3.60581569E-03   1.30143886E+00
     4     4.6416E+04  -1.69973922E+01 +/-   3.60581607E-03   1.30143914E+00
     5     1.0000E+04  -1.69973922E+01 +/-   3.60581782E-03   1.30144040E+00
     6     2.1544E+03  -1.69973919E+01 +/-   3.60582593E-03   1.30144625E+00
     7     4.6416E+02  -1.69973910E+01 +/-   3.60586350E-03   1.30147337E+00
     8     1.0000E+02  -1.69973871E+01 +/-   3.60603575E-03   1.30159772E+00
     9     2.1544E+01  -1.69973739E+01 +/-   3.60676032E-03   1.30212084E+00
    10     4.6416E+00  -1.69973523E+01 +/-   3.60877180E-03   1.30357362E+00
    11     1.0000E+00  -1.69973392E+01 +/-   3.61110717E-03   1.30526135E+00
    12     2.1544E-01  -1.69973350E+01 +/-   3.61219190E-03   1.30604563E+00
    13     4.6416E-02  -1.69973340E+01 +/-   3.61248789E-03   1.30625968E+00
    14     1.0000E-02  -1.69973337E+01 +/-   3.61255539E-03   1.30630850E+00
    15     2.1544E-03  -1.69973337E+01 +/-   3.61257011E-03   1.30631915E+00
    16     4.6416E-04  -1.69973337E+01 +/-   3.61257330E-03   1.30632145E+00
    17     1.0000E-04  -1.69973337E+01 +/-   3.61257398E-03   1.30632194E+00
    18     2.1544E-05  -1.69973337E+01 +/-   3.61257413E-03   1.30632205E+00
    19     4.6416E-06  -1.69973337E+01 +/-   3.61257416E-03   1.30632207E+00
    20     1.0000E-06  -1.69973337E+01 +/-   3.61257417E-03   1.30632208E+00
    21     0.0000E+00  -1.69973337E+01 +/-   3.61257417E-03   1.30632208E+00
* Iteration # 1: E =  -1.699739220573E+01 +/-   3.605815589583E-03
* Convergence: exiting.
* After optimization:
  -1.1923E+00   1.0646E-01   4.6251E-02   1.5492E-02  -6.1459E-03   2.2189E-03
  -1.4627E-03  -3.8127E-02  -2.0088E-02  -3.9592E-02  -5.6998E-03  -1.6317E-02
  -3.0263E-03   7.5803E-03
  > Energy =  -1.699739220573E+01 +/-   3.605815589583E-03
  > varE =   1.301438789590E+00

VMC #3:
* Size of Hilbert space =   2.3639E+09
* Number of equil. steps   = 1000
* Running VMC equilibration.
  Done. [total walltime: 0.02s]
* Equil. acc.ratio (%)     =  36.2845
* Sample config after equilibration:
  +-----------+
  |  d   u   0|
  |2   2   u  |
  |  u   d   d|
  |u   u   u  |
  |  d   d   d|
  |0   u   d  |
  +-----------+
* Number of accum. steps   = 500480 x 10
* Running VMC accumulation.
  Done. [total walltime: 0.89s]
* Acceptance ratio (%)     =  36.2278
* Etot/t                   =  -1.699316787385E+01 +/-   1.604672925468E-03
  > Ttot/t                 =  -2.885987183805E+01 +/-   6.844604095580E-03
  > Utot/t                 =   1.186670396419E+01 +/-   6.601637888692E-03
* var[Eloc/t]              =   1.297939763661E+00 +/-   4.803036217354E-03
* Correlation length       =   9.928993802650E-01
* log10 Psi^2 range: 1.7776469373796557 -- 10.598340099766617
* log10 Pgen range : 1.7776469373796557 -- 10.598340099766617
* Site occupation (ave. no. electrons per config.):
  > Site_  ___eu____  ___ed____
      1        0.499      0.501
      2        0.501      0.502
      3        0.503      0.500
      4        0.499      0.503
      5        0.501      0.500
      6        0.501      0.499
      7        0.499      0.499
      8        0.500      0.498
      9        0.500      0.501
     10        0.503      0.500
     11        0.499      0.500
     12        0.498      0.501
     13        0.499      0.499
     14        0.500      0.500
     15        0.498      0.500
     16        0.500      0.500
     17        0.500      0.497
     18        0.501      0.501
* Pair-correlation analysis (ave. no. pairs per config.):
  > Shell  nsite  ___dh____  __eueu___  __eued___
      0      1        0          0          2.965
      1     18        3.282     13.872     20.004
      2     18        2.099     18.635     17.120
      3     18        2.050     18.558     17.267
      4     18        2.167     16.596     19.020
      5     18        0.509      4.339      4.624

Optimization #3:
* Method          : lls
* Target function : energy
* No. of configs. : 100096
* No. of params.  : 14
* Before optimization:
  -1.1923E+00   1.0646E-01   4.6251E-02   1.5492E-02  -6.1459E-03   2.2189E-03
  -1.4627E-03  -3.8127E-02  -2.0088E-02  -3.9592E-02  -5.6998E-03  -1.6317E-02
  -3.0263E-03   7.5803E-03
  > E    =  -1.699041863468E+01 +/-   3.589212145917E-03
  > varE =   1.289481097447E+00
* Computing derivatives.
  Done. [total walltime: 0.50s]
* Optimizing manipulation constant:
  #igrid a___________ E____________________________________ varE____________
     1     Infinity    -1.69904186E+01 +/-   3.58921215E-03   1.28948110E+00
     2     1.0000E+06  -1.69904186E+01 +/-   3.58921216E-03   1.28948111E+00
     3     2.1544E+05  -1.69904186E+01 +/-   3.58921223E-03   1.28948116E+00
     4     4.6416E+04  -1.69904186E+01 +/-   3.58921255E-03   1.28948139E+00
     5     1.0000E+04  -1.69904187E+01 +/-   3.58921401E-03   1.28948243E+00
     6     2.1544E+03  -1.69904189E+01 +/-   3.58922079E-03   1.28948731E+00
     7     4.6416E+02  -1.69904197E+01 +/-   3.58925250E-03   1.28951009E+00
     8     1.0000E+02  -1.69904231E+01 +/-   3.58940310E-03   1.28961831E+00
     9     2.1544E+01  -1.69904329E+01 +/-   3.59010063E-03   1.29011958E+00
    10     4.6416E+00  -1.69904435E+01 +/-   3.59224893E-03   1.29166404E+00
    11     1.0000E+00  -1.69904444E+01 +/-   3.59475029E-03   1.29346350E+00
    12     2.1544E-01  -1.69904432E+01 +/-   3.59586011E-03   1.29426229E+00
    13     4.6416E-02  -1.69904427E+01 +/-   3.59615579E-03   1.29447515E+00
    14     1.0000E-02  -1.69904426E+01 +/-   3.59622278E-03   1.29452338E+00
    15     2.1544E-03  -1.69904426E+01 +/-   3.59623738E-03   1.29453389E+00
    16     4.6416E-04  -1.69904426E+01 +/-   3.59624053E-03   1.29453616E+00
    17     1.0000E-04  -1.69904426E+01 +/-   3.59624121E-03   1.29453665E+00
    18     2.1544E-05  -1.69904426E+01 +/-   3.59624135E-03   1.29453675E+00
    19     4.6416E-06  -1.69904426E+01 +/-   3.59624139E-03   1.29453677E+00
    20     1.0000E-06  -1.69904426E+01 +/-   3.59624139E-03   1.29453678E+00
    21     0.0000E+00  -1.69904426E+01 +/-   3.59624139E-03   1.29453678E+00
  ParMin   5.5380E+00  -1.69904428E+01 +/-   3.59193067E-03   1.29143518E+00
  # Using parabolic minimum
* Iteration # 1: E =  -1.699044279185E+01 +/-   3.591930668717E-03
* Diminishing returns: exiting.
* After optimization:
  -1.2195E+00   1.0864E-01   4.7964E-02   1.6421E-02  -4.7377E-03   1.9234E-03
  -2.6614E-03  -3.9279E-02  -2.0903E-02  -4.0614E-02  -6.3073E-03  -1.6759E-02
  -3.7420E-03   6.8842E-03
  > Energy =  -1.699044279185E+01 +/-   3.591930668717E-03
  > varE =   1.291435181616E+00

VMC #4:
* Size of Hilbert space =   2.3639E+09
* Number of equil. steps   = 1000
* Running VMC equilibration.
  Done. [total walltime: 0.02s]
* Equil. acc.ratio (%)     =  36.1724
* Sample config after equilibration:
  +-----------+
  |  d   d   2|
  |u   u   u  |
  |  d   d   d|
  |u   u   u  |
  |  d   u   0|
  |u   d   d  |
  +-----------+
* Number of accum. steps   = 500480 x 10
* Running VMC accumulation.
  Done. [total walltime: 0.90s]
* Acceptance ratio (%)     =  36.2177
* Etot/t                   =  -1.699671180156E+01 +/-   1.621321485914E-03
  > Ttot/t                 =  -2.886888251768E+01 +/-   6.728904278749E-03
  > Utot/t                 =   1.187217071611E+01 +/-   6.504484541844E-03
* var[Eloc/t]              =   1.306463188300E+00 +/-   4.164279215830E-03
* Correlation length       =   1.006996186451E+00
* log10 Psi^2 range: 1.4012829488144138 -- 10.496090860596983
* log10 Pgen range : 1.4012829488144138 -- 10.496090860596983
* Site occupation (ave. no. electrons per config.):
  > Site_  ___eu____  ___ed____
      1        0.503      0.496
      2        0.499      0.501
      3        0.500      0.498
      4        0.502      0.500
      5        0.497      0.501
      6        0.504      0.498
      7        0.497      0.500
      8        0.501      0.499
      9        0.500      0.501
     10        0.499      0.500
     11        0.499      0.503
     12        0.499      0.500
     13        0.499      0.501
     14        0.504      0.498
     15        0.498      0.500
     16        0.501      0.502
     17        0.499      0.498
     18        0.499      0.502
* Pair-correlation analysis (ave. no. pairs per config.):
  > Shell  nsite  ___dh____  __eueu___  __eued___
      0      1        0          0          2.967
      1     18        3.284     13.863     20.006
      2     18        2.098     18.649     17.108
      3     18        2.061     18.553     17.265
      4     18        2.170     16.593     19.030
      5     18        0.508      4.343      4.624

Optimization #4:
* Method          : lls
* Target function : energy
* No. of configs. : 100096
* No. of params.  : 14
* Before optimization:
  -1.2195E+00   1.0864E-01   4.7964E-02   1.6421E-02  -4.7377E-03   1.9234E-03
  -2.6614E-03  -3.9279E-02  -2.0903E-02  -4.0614E-02  -6.3073E-03  -1.6759E-02
  -3.7420E-03   6.8842E-03
  > E    =  -1.699631618520E+01 +/-   3.637601026998E-03
  > varE =   1.324484408720E+00
* Computing derivatives.
  Done. [total walltime: 0.49s]
* Optimizing manipulation constant:
  #igrid a___________ E____________________________________ varE____________
     1     Infinity    -1.69963162E+01 +/-   3.63760103E-03   1.32448441E+00
     2     1.0000E+06  -1.69963162E+01 +/-   3.63760096E-03   1.32448436E+00
     3     2.1544E+05  -1.69963162E+01 +/-   3.63760072E-03   1.32448419E+00
     4     4.6416E+04  -1.69963162E+01 +/-   3.63759961E-03   1.32448337E+00
     5     1.0000E+04  -1.69963162E+01 +/-   3.63759443E-03   1.32447961E+00
     6     2.1544E+03  -1.69963164E+01 +/-   3.63757049E-03   1.32446217E+00
     7     4.6416E+02  -1.69963170E+01 +/-   3.63746066E-03   1.32438220E+00
     8     1.0000E+02  -1.69963196E+01 +/-   3.63697702E-03   1.32403004E+00
     9     2.1544E+01  -1.69963290E+01 +/-   3.63515865E-03   1.32270642E+00
    10     4.6416E+00  -1.69963474E+01 +/-   3.63084391E-03   1.31956832E+00
    11     1.0000E+00  -1.69963585E+01 +/-   3.62643674E-03   1.31636684E+00
    12     2.1544E-01  -1.69963603E+01 +/-   3.62454172E-03   1.31499145E+00
    13     4.6416E-02  -1.69963605E+01 +/-   3.62403927E-03   1.31462690E+00
    14     1.0000E-02  -1.69963605E+01 +/-   3.62392553E-03   1.31454438E+00
    15     2.1544E-03  -1.69963605E+01 +/-   3.62390076E-03   1.31452640E+00
    16     4.6416E-04  -1.69963605E+01 +/-   3.62389541E-03   1.31452252E+00
    17     1.0000E-04  -1.69963605E+01 +/-   3.62389425E-03   1.31452169E+00
    18     2.1544E-05  -1.69963605E+01 +/-   3.62389401E-03   1.31452151E+00
    19     4.6416E-06  -1.69963605E+01 +/-   3.62389395E-03   1.31452147E+00
    20     1.0000E-06  -1.69963605E+01 +/-   3.62389394E-03   1.31452146E+00
    21     0.0000E+00  -1.69963605E+01 +/-   3.62389394E-03   1.31452146E+00
* Iteration # 1: E =  -1.699636053212E+01 +/-   3.623893936853E-03
* Diminishing returns: exiting.
* After optimization:
  -1.1691E+00   1.0445E-01   4.4208E-02   1.4725E-02  -6.9258E-03   1.3746E-03
  -9.9644E-04  -3.7107E-02  -2.0136E-02  -3.7956E-02  -5.8377E-03  -1.5607E-02
  -3.0349E-03   9.2404E-03
  > Energy =  -1.699636053212E+01 +/-   3.623893936853E-03
  > varE =   1.314521456854E+00

VMC #5:
* Size of Hilbert space =   2.3639E+09
* Number of equil. steps   = 1000
* Running VMC equilibration.
  Done. [total walltime: 0.02s]
* Equil. acc.ratio (%)     =  36.3329
* Sample config after equilibration:
  +-----------+
  |  u   0   u|
  |d   d   d  |
  |  u   u   u|
  |d   d   2  |
  |  u   u   0|
  |d   d   2  |
  +-----------+
* Number of accum. steps   = 500480 x 10
* Running VMC accumulation.
  Done. [total walltime: 0.90s]
* Acceptance ratio (%)     =  36.2785
* Etot/t                   =  -1.699597350508E+01 +/-   1.610626463261E-03
  > Ttot/t                 =  -2.887213239255E+01 +/-   6.675141412460E-03
  > Utot/t                 =   1.187615888747E+01 +/-   6.472587988521E-03
* var[Eloc/t]              =   1.300666763717E+00 +/-   3.015625328582E-03
* Correlation length       =   9.981834046551E-01
* log10 Psi^2 range: 1.7654606759003471 -- 10.676338718145903
* log10 Pgen range : 1.7654606759003471 -- 10.676338718145903
* Site occupation (ave. no. electrons per config.):
  > Site_  ___eu____  ___ed____
      1        0.497      0.501
      2        0.499      0.500
      3        0.501      0.502
      4        0.500      0.499
      5        0.500      0.502
      6        0.500      0.497
      7        0.501      0.500
      8        0.500      0.498
      9        0.500      0.501
     10        0.500      0.501
     11        0.500      0.498
     12        0.500      0.501
     13        0.500      0.500
     14        0.501      0.501
     15        0.500      0.501
     16        0.500      0.498
     17        0.503      0.500
     18        0.499      0.500
* Pair-correlation analysis (ave. no. pairs per config.):
  > Shell  nsite  ___dh____  __eueu___  __eued___
      0      1        0          0          2.965
      1     18        3.275     13.871     20.008
      2     18        2.095     18.636     17.110
      3     18        2.056     18.559     17.266
      4     18        2.168     16.590     19.030
      5     18        0.508      4.345      4.622

Optimization #5:
* Method          : lls
* Target function : energy
* No. of configs. : 100096
* No. of params.  : 14
* Before optimization:
  -1.1691E+00   1.0445E-01   4.4208E-02   1.4725E-02  -6.9258E-03   1.3746E-03
  -9.9644E-04  -3.7107E-02  -2.0136E-02  -3.7956E-02  -5.8377E-03  -1.5607E-02
  -3.0349E-03   9.2404E-03
  > E    =  -1.699287670671E+01 +/-   3.606695429520E-03
  > varE =   1.302073984316E+00
* Computing derivatives.
  Done. [total walltime: 0.49s]
* Optimizing manipulation constant:
  #igrid a___________ E____________________________________ varE____________
     1     Infinity    -1.69928767E+01 +/-   3.60669543E-03   1.30207398E+00
     2     1.0000E+06  -1.69928767E+01 +/-   3.60669549E-03   1.30207403E+00
     3     2.1544E+05  -1.69928767E+01 +/-   3.60669569E-03   1.30207417E+00
     4     4.6416E+04  -1.69928767E+01 +/-   3.60669665E-03   1.30207487E+00
     5     1.0000E+04  -1.69928768E+01 +/-   3.60670110E-03   1.30207808E+00
     6     2.1544E+03  -1.69928770E+01 +/-   3.60672174E-03   1.30209298E+00
     7     4.6416E+02  -1.69928780E+01 +/-   3.60681679E-03   1.30216161E+00
     8     1.0000E+02  -1.69928821E+01 +/-   3.60724283E-03   1.30246926E+00
     9     2.1544E+01  -1.69928925E+01 +/-   3.60891986E-03   1.30368059E+00
    10     4.6416E+00  -1.69928967E+01 +/-   3.61306136E-03   1.30667444E+00
    11     1.0000E+00  -1.69928852E+01 +/-   3.61722903E-03   1.30969068E+00
    12     2.1544E-01  -1.69928774E+01 +/-   3.61896694E-03   1.31094947E+00
    13     4.6416E-02  -1.69928751E+01 +/-   3.61942148E-03   1.31127881E+00
    14     1.0000E-02  -1.69928746E+01 +/-   3.61952401E-03   1.31135310E+00
    15     2.1544E-03  -1.69928745E+01 +/-   3.61954633E-03   1.31136927E+00
    16     4.6416E-04  -1.69928744E+01 +/-   3.61955115E-03   1.31137276E+00
    17     1.0000E-04  -1.69928744E+01 +/-   3.61955218E-03   1.31137351E+00
    18     2.1544E-05  -1.69928744E+01 +/-   3.61955241E-03   1.31137367E+00
    19     4.6416E-06  -1.69928744E+01 +/-   3.61955246E-03   1.31137371E+00
    20     1.0000E-06  -1.69928744E+01 +/-   3.61955247E-03   1.31137372E+00
    21     0.0000E+00  -1.69928744E+01 +/-   3.61955247E-03   1.31137372E+00
  ParMin   2.5466E+01  -1.69928912E+01 +/-   3.60862596E-03   1.30346826E+00
  # Using grid point #9
* Iteration # 1: E =  -1.699289245828E+01 +/-   3.608919855078E-03
* Diminishing returns: exiting.
* After optimization:
  -1.1720E+00   1.0495E-01   4.4322E-02   1.4885E-02  -7.1223E-03   1.3375E-03
  -1.1510E-03  -3.7253E-02  -2.0131E-02  -3.8088E-02  -5.8469E-03  -1.5621E-02
  -3.0609E-03   9.0678E-03
  > Energy =  -1.699289245828E+01 +/-   3.608919855078E-03
  > varE =   1.303680585079E+00

VMC #6:
* Size of Hilbert space =   2.3639E+09
* Number of equil. steps   = 1000
* Running VMC equilibration.
  Done. [total walltime: 0.02s]
* Equil. acc.ratio (%)     =  36.1788
* Sample config after equilibration:
  +-----------+
  |  0   2   0|
  |d   d   u  |
  |  2   d   u|
  |2   0   u  |
  |  d   d   0|
  |u   u   2  |
  +-----------+
* Number of accum. steps   = 500480 x 10
* Running VMC accumulation.
  Done. [total walltime: 0.88s]
* Acceptance ratio (%)     =  36.2599
* Etot/t                   =  -1.699821505082E+01 +/-   1.580302888491E-03
  > Ttot/t                 =  -2.886895514034E+01 +/-   6.687200678764E-03
  > Utot/t                 =   1.187074008951E+01 +/-   6.518028130629E-03
* var[Eloc/t]              =   1.295621676996E+00 +/-   5.010367803538E-03
* Correlation length       =   9.646931379301E-01
* log10 Psi^2 range: 1.7309705116194694 -- 10.666251541034164
* log10 Pgen range : 1.7309705116194694 -- 10.666251541034164
* Site occupation (ave. no. electrons per config.):
  > Site_  ___eu____  ___ed____
      1        0.503      0.498
      2        0.499      0.499
      3        0.501      0.500
      4        0.498      0.502
      5        0.501      0.501
      6        0.499      0.500
      7        0.500      0.502
      8        0.501      0.498
      9        0.500      0.502
     10        0.499      0.498
     11        0.500      0.500
     12        0.502      0.498
     13        0.500      0.498
     14        0.499      0.502
     15        0.501      0.503
     16        0.497      0.500
     17        0.504      0.500
     18        0.497      0.499
* Pair-correlation analysis (ave. no. pairs per config.):
  > Shell  nsite  ___dh____  __eueu___  __eued___
      0      1        0          0          2.970
      1     18        3.286     13.876     19.997
      2     18        2.102     18.626     17.131
      3     18        2.060     18.548     17.270
      4     18        2.175     16.606     19.009
      5     18        0.507      4.344      4.623

Optimization #6:
* Method          : lls
* Target function : energy
* No. of configs. : 100096
* No. of params.  : 14
* Before optimization:
  -1.1720E+00   1.0495E-01   4.4322E-02   1.4885E-02  -7.1223E-03   1.3375E-03
  -1.1510E-03  -3.7253E-02  -2.0131E-02  -3.8088E-02  -5.8469E-03  -1.5621E-02
  -3.0609E-03   9.0678E-03
  > E    =  -1.700057543275E+01 +/-   3.597928492224E-03
  > varE =   1.295751672102E+00
* Computing derivatives.
  Done. [total walltime: 0.50s]
* Optimizing manipulation constant:
  #igrid a___________ E____________________________________ varE____________
     1     Infinity    -1.70005754E+01 +/-   3.59792849E-03   1.29575167E+00
     2     1.0000E+06  -1.70005754E+01 +/-   3.59792853E-03   1.29575170E+00
     3     2.1544E+05  -1.70005754E+01 +/-   3.59792865E-03   1.29575179E+00
     4     4.6416E+04  -1.70005755E+01 +/-   3.59792923E-03   1.29575220E+00
     5     1.0000E+04  -1.70005756E+01 +/-   3.59793192E-03   1.29575414E+00
     6     2.1544E+03  -1.70005760E+01 +/-   3.59794436E-03   1.29576310E+00
     7     4.6416E+02  -1.70005779E+01 +/-   3.59800168E-03   1.29580439E+00
     8     1.0000E+02  -1.70005862E+01 +/-   3.59825809E-03   1.29598909E+00
     9     2.1544E+01  -1.70006131E+01 +/-   3.59927803E-03   1.29672390E+00
    10     4.6416E+00  -1.70006602E+01 +/-   3.60212197E-03   1.29877390E+00
    11     1.0000E+00  -1.70006896E+01 +/-   3.60585826E-03   1.30146959E+00
    12     2.1544E-01  -1.70006959E+01 +/-   3.60777321E-03   1.30285229E+00
    13     4.6416E-02  -1.70006969E+01 +/-   3.60831420E-03   1.30324305E+00
    14     1.0000E-02  -1.70006970E+01 +/-   3.60843864E-03   1.30333294E+00
    15     2.1544E-03  -1.70006971E+01 +/-   3.60846584E-03   1.30335259E+00
    16     4.6416E-04  -1.70006971E+01 +/-   3.60847172E-03   1.30335684E+00
    17     1.0000E-04  -1.70006971E+01 +/-   3.60847299E-03   1.30335776E+00
    18     2.1544E-05  -1.70006971E+01 +/-   3.60847326E-03   1.30335795E+00
    19     4.6416E-06  -1.70006971E+01 +/-   3.60847332E-03   1.30335799E+00
    20     1.0000E-06  -1.70006971E+01 +/-   3.60847333E-03   1.30335800E+00
    21     0.0000E+00  -1.70006971E+01 +/-   3.60847334E-03   1.30335801E+00
* Iteration # 1: E =  -1.700069593426E+01 +/-   3.607773209237E-03
* Diminishing returns: exiting.
* After optimization:
  -1.1374E+00   1.0270E-01   4.2856E-02   1.3303E-02  -9.0314E-03   8.0304E-04
   1.1067E-03  -3.6658E-02  -1.7640E-02  -3.8634E-02  -4.0066E-03  -1.5344E-02
  -1.1721E-03   9.0794E-03
  > Energy =  -1.700069593426E+01 +/-   3.607773209237E-03
  > varE =   1.302852291572E+00

VMC #7:
* Size of Hilbert space =   2.3639E+09
* Number of equil. steps   = 1000
* Running VMC equilibration.
  Done. [total walltime: 0.02s]
* Equil. acc.ratio (%)     =  36.2792
* Sample config after equilibration:
  +-----------+
  |  0   2   2|
  |2   d   0  |
  |  0   2   u|
  |0   d   d  |
  |  u   u   2|
  |u   0   d  |
  +-----------+
* Number of accum. steps   = 500480 x 10
* Running VMC accumulation.
  Done. [total walltime: 0.89s]
* Acceptance ratio (%)     =  36.2515
* Etot/t                   =  -1.699837577549E+01 +/-   1.602352913800E-03
  > Ttot/t                 =  -2.887391925375E+01 +/-   6.728328213365E-03
  > Utot/t                 =   1.187554347826E+01 +/-   6.546357229372E-03
* var[Eloc/t]              =   1.316233258503E+00 +/-   4.100434499866E-03
* Correlation length       =   9.762706105574E-01
* log10 Psi^2 range: 1.9419550430901151 -- 10.820645638062029
* log10 Pgen range : 1.9419550430901151 -- 10.820645638062029
* Site occupation (ave. no. electrons per config.):
  > Site_  ___eu____  ___ed____
      1        0.501      0.496
      2        0.501      0.502
      3        0.500      0.497
      4        0.500      0.502
      5        0.502      0.500
      6        0.499      0.501
      7        0.503      0.501
      8        0.498      0.499
      9        0.499      0.502
     10        0.500      0.498
     11        0.498      0.504
     12        0.502      0.497
     13        0.501      0.499
     14        0.498      0.502
     15        0.503      0.498
     16        0.499      0.502
     17        0.497      0.500
     18        0.500      0.501
* Pair-correlation analysis (ave. no. pairs per config.):
  > Shell  nsite  ___dh____  __eueu___  __eued___
      0      1        0          0          2.964
      1     18        3.278     13.851     20.022
      2     18        2.092     18.674     17.088
      3     18        2.054     18.585     17.232
      4     18        2.164     16.555     19.063
      5     18        0.507      4.335      4.631

Optimization #7:
* Method          : lls
* Target function : energy
* No. of configs. : 100096
* No. of params.  : 14
* Before optimization:
  -1.1374E+00   1.0270E-01   4.2856E-02   1.3303E-02  -9.0314E-03   8.0304E-04
   1.1067E-03  -3.6658E-02  -1.7640E-02  -3.8634E-02  -4.0066E-03  -1.5344E-02
  -1.1721E-03   9.0794E-03
  > E    =  -1.700053499536E+01 +/-   3.631883572010E-03
  > varE =   1.320324123578E+00
* Computing derivatives.
  Done. [total walltime: 0.49s]
* Optimizing manipulation constant:
  #igrid a___________ E____________________________________ varE____________
     1     Infinity    -1.70005350E+01 +/-   3.63188357E-03   1.32032412E+00
     2     1.0000E+06  -1.70005350E+01 +/-   3.63188349E-03   1.32032407E+00
     3     2.1544E+05  -1.70005350E+01 +/-   3.63188321E-03   1.32032386E+00
     4     4.6416E+04  -1.70005350E+01 +/-   3.63188189E-03   1.32032290E+00
     5     1.0000E+04  -1.70005350E+01 +/-   3.63187579E-03   1.32031846E+00
     6     2.1544E+03  -1.70005351E+01 +/-   3.63184758E-03   1.32029795E+00
     7     4.6416E+02  -1.70005354E+01 +/-   3.63171956E-03   1.32020487E+00
     8     1.0000E+02  -1.70005365E+01 +/-   3.63118080E-03   1.31981321E+00
     9     2.1544E+01  -1.70005407E+01 +/-   3.62943612E-03   1.31854524E+00
    10     4.6416E+00  -1.70005537E+01 +/-   3.62618553E-03   1.31618447E+00
    11     1.0000E+00  -1.70005693E+01 +/-   3.62321801E-03   1.31403114E+00
    12     2.1544E-01  -1.70005754E+01 +/-   3.62193214E-03   1.31309861E+00
    13     4.6416E-02  -1.70005769E+01 +/-   3.62158692E-03   1.31284831E+00
    14     1.0000E-02  -1.70005773E+01 +/-   3.62150849E-03   1.31279144E+00
    15     2.1544E-03  -1.70005774E+01 +/-   3.62149139E-03   1.31277905E+00
    16     4.6416E-04  -1.70005774E+01 +/-   3.62148769E-03   1.31277637E+00
    17     1.0000E-04  -1.70005774E+01 +/-   3.62148690E-03   1.31277579E+00
    18     2.1544E-05  -1.70005774E+01 +/-   3.62148673E-03   1.31277567E+00
    19     4.6416E-06  -1.70005774E+01 +/-   3.62148669E-03   1.31277564E+00
    20     1.0000E-06  -1.70005774E+01 +/-   3.62148668E-03   1.31277563E+00
    21     0.0000E+00  -1.70005774E+01 +/-   3.62148668E-03   1.31277563E+00
* Iteration # 1: E =  -1.700057737362E+01 +/-   3.621486677899E-03
* Diminishing returns: exiting.
* After optimization:
  -1.1937E+00   1.0659E-01   4.5948E-02   1.5377E-02  -6.1531E-03   2.8670E-03
  -2.4128E-03  -3.8370E-02  -2.0139E-02  -3.8922E-02  -6.1448E-03  -1.6453E-02
  -3.2161E-03   8.0166E-03
  > Energy =  -1.700057737362E+01 +/-   3.621486677899E-03
  > varE =   1.312775631733E+00

VMC #8:
* Size of Hilbert space =   2.3639E+09
* Number of equil. steps   = 1000
* Running VMC equilibration.
  Done. [total walltime: 0.02s]
* Equil. acc.ratio (%)     =  36.2212
* Sample config after equilibration:
  +-----------+
  |  d   u   2|
  |u   0   d  |
  |  d   2   d|
  |u   d   u  |
  |  d   2   u|
  |0   u   0  |
  +-----------+
* Number of accum. steps   = 500480 x 10
* Running VMC accumulation.
  Done. [total walltime: 0.89s]
* Acceptance ratio (%)     =  36.2429
* Etot/t                   =  -1.699689490931E+01 +/-   1.633880988230E-03
  > Ttot/t                 =  -2.887012860497E+01 +/-   6.700405451572E-03
  > Utot/t                 =   1.187323369565E+01 +/-   6.552033687739E-03
* var[Eloc/t]              =   1.300546309412E+00 +/-   3.861238671885E-03
* Correlation length       =   1.027310542024E+00
* log10 Psi^2 range: 1.6356334520700748 -- 10.588860231487185
* log10 Pgen range : 1.6356334520700748 -- 10.588860231487185
* Site occupation (ave. no. electrons per config.):
  > Site_  ___eu____  ___ed____
      1        0.498      0.501
      2        0.500      0.499
      3        0.499      0.500
      4        0.501      0.502
      5        0.500      0.500
      6        0.501      0.500
      7        0.499      0.499
      8        0.503      0.499
      9        0.499      0.500
     10        0.500      0.499
     11        0.499      0.499
     12        0.500      0.501
     13        0.500      0.497
     14        0.499      0.501
     15        0.502      0.502
     16        0.502      0.501
     17        0.501      0.499
     18        0.499      0.500
* Pair-correlation analysis (ave. no. pairs per config.):
  > Shell  nsite  ___dh____  __eueu___  __eued___
      0      1        0          0          2.964
      1     18        3.276     13.864     20.012
      2     18        2.095     18.649     17.108
      3     18        2.052     18.555     17.263
      4     18        2.168     16.589     19.027
      5     18        0.505      4.343      4.626

Optimization #8:
* Method          : lls
* Target function : energy
* No. of configs. : 100096
* No. of params.  : 14
* Before optimization:
  -1.1937E+00   1.0659E-01   4.5948E-02   1.5377E-02  -6.1531E-03   2.8670E-03
  -2.4128E-03  -3.8370E-02  -2.0139E-02  -3.8922E-02  -6.1448E-03  -1.6453E-02
  -3.2161E-03   8.0166E-03
  > E    =  -1.699251648854E+01 +/-   3.564411239408E-03
  > varE =   1.271722431000E+00
* Computing derivatives.
  Done. [total walltime: 0.49s]
* Optimizing manipulation constant:
  #igrid a___________ E____________________________________ varE____________
     1     Infinity    -1.69925165E+01 +/-   3.56441124E-03   1.27172243E+00
     2     1.0000E+06  -1.69925165E+01 +/-   3.56441125E-03   1.27172244E+00
     3     2.1544E+05  -1.69925165E+01 +/-   3.56441129E-03   1.27172246E+00
     4     4.6416E+04  -1.69925165E+01 +/-   3.56441146E-03   1.27172259E+00
     5     1.0000E+04  -1.69925167E+01 +/-   3.56441225E-03   1.27172315E+00
     6     2.1544E+03  -1.69925173E+01 +/-   3.56441589E-03   1.27172575E+00
     7     4.6416E+02  -1.69925201E+01 +/-   3.56443196E-03   1.27173722E+00
     8     1.0000E+02  -1.69925318E+01 +/-   3.56449053E-03   1.27177901E+00
     9     2.1544E+01  -1.69925661E+01 +/-   3.56453682E-03   1.27181204E+00
    10     4.6416E+00  -1.69926160E+01 +/-   3.56374366E-03   1.27124611E+00
    11     1.0000E+00  -1.69926469E+01 +/-   3.56203769E-03   1.27002931E+00
    12     2.1544E-01  -1.69926565E+01 +/-   3.56111368E-03   1.26937049E+00
    13     4.6416E-02  -1.69926588E+01 +/-   3.56085338E-03   1.26918493E+00
    14     1.0000E-02  -1.69926593E+01 +/-   3.56079364E-03   1.26914234E+00
    15     2.1544E-03  -1.69926594E+01 +/-   3.56078058E-03   1.26913304E+00
    16     4.6416E-04  -1.69926594E+01 +/-   3.56077776E-03   1.26913103E+00
    17     1.0000E-04  -1.69926594E+01 +/-   3.56077716E-03   1.26913059E+00
    18     2.1544E-05  -1.69926594E+01 +/-   3.56077702E-03   1.26913050E+00
    19     4.6416E-06  -1.69926594E+01 +/-   3.56077700E-03   1.26913048E+00
    20     1.0000E-06  -1.69926594E+01 +/-   3.56077699E-03   1.26913047E+00
    21     0.0000E+00  -1.69926594E+01 +/-   3.56077699E-03   1.26913047E+00
* Iteration # 1: E =  -1.699265939589E+01 +/-   3.560776988529E-03
* Diminishing returns: exiting.
* After optimization:
  -1.1906E+00   1.0620E-01   4.6667E-02   1.5771E-02  -5.5777E-03   2.4008E-03
  -2.5929E-03  -3.5785E-02  -2.2351E-02  -3.8026E-02  -6.8603E-03  -1.5339E-02
  -4.4400E-03   8.8146E-03
  > Energy =  -1.699265939589E+01 +/-   3.560776988529E-03
  > varE =   1.269130472949E+00

VMC #9:
* Size of Hilbert space =   2.3639E+09
* Number of equil. steps   = 1000
* Running VMC equilibration.
  Done. [total walltime: 0.02s]
* Equil. acc.ratio (%)     =  36.3358
* Sample config after equilibration:
  +-----------+
  |  d   u   d|
  |d   u   0  |
  |  d   2   u|
  |u   d   u  |
  |  u   2   d|
  |u   d   0  |
  +-----------+
* Number of accum. steps   = 500480 x 10
* Running VMC accumulation.
  Done. [total walltime: 0.89s]
* Acceptance ratio (%)     =  36.2905
* Etot/t                   =  -1.699532237545E+01 +/-   1.635939390056E-03
  > Ttot/t                 =  -2.888678656982E+01 +/-   6.696117337175E-03
  > Utot/t                 =   1.189146419437E+01 +/-   6.478937417335E-03
* var[Eloc/t]              =   1.309744224874E+00 +/-   3.056842249778E-03
* Correlation length       =   1.022667969380E+00
* log10 Psi^2 range: 1.7495447609072361 -- 10.603126056163489
* log10 Pgen range : 1.7495447609072361 -- 10.603126056163489
* Site occupation (ave. no. electrons per config.):
  > Site_  ___eu____  ___ed____
      1        0.501      0.502
      2        0.500      0.501
      3        0.501      0.501
      4        0.501      0.501
      5        0.498      0.501
      6        0.504      0.501
      7        0.499      0.498
      8        0.501      0.498
      9        0.505      0.500
     10        0.498      0.500
     11        0.500      0.499
     12        0.499      0.502
     13        0.500      0.498
     14        0.499      0.499
     15        0.500      0.500
     16        0.497      0.501
     17        0.499      0.501
     18        0.500      0.498
* Pair-correlation analysis (ave. no. pairs per config.):
  > Shell  nsite  ___dh____  __eueu___  __eued___
      0      1        0          0          2.975
      1     18        3.304     13.872     19.993
      2     18        2.109     18.631     17.123
      3     18        2.068     18.557     17.264
      4     18        2.183     16.596     19.027
      5     18        0.512      4.345      4.618

Optimization #9:
* Method          : lls
* Target function : energy
* No. of configs. : 100096
* No. of params.  : 14
* Before optimization:
  -1.1906E+00   1.0620E-01   4.6667E-02   1.5771E-02  -5.5777E-03   2.4008E-03
  -2.5929E-03  -3.5785E-02  -2.2351E-02  -3.8026E-02  -6.8603E-03  -1.5339E-02
  -4.4400E-03   8.8146E-03
  > E    =  -1.699209518674E+01 +/-   3.600300756789E-03
  > varE =   1.297460921825E+00
* Computing derivatives.
  Done. [total walltime: 0.49s]
* Optimizing manipulation constant:
  #igrid a___________ E____________________________________ varE____________
     1     Infinity    -1.69920952E+01 +/-   3.60030076E-03   1.29746092E+00
     2     1.0000E+06  -1.69920952E+01 +/-   3.60030073E-03   1.29746090E+00
     3     2.1544E+05  -1.69920952E+01 +/-   3.60030061E-03   1.29746082E+00
     4     4.6416E+04  -1.69920953E+01 +/-   3.60030009E-03   1.29746044E+00
     5     1.0000E+04  -1.69920955E+01 +/-   3.60029766E-03   1.29745869E+00
     6     2.1544E+03  -1.69920967E+01 +/-   3.60028651E-03   1.29745066E+00
     7     4.6416E+02  -1.69921021E+01 +/-   3.60023711E-03   1.29741505E+00
     8     1.0000E+02  -1.69921244E+01 +/-   3.60005186E-03   1.29728154E+00
     9     2.1544E+01  -1.69921902E+01 +/-   3.59974256E-03   1.29705863E+00
    10     4.6416E+00  -1.69922782E+01 +/-   3.60046929E-03   1.29758239E+00
    11     1.0000E+00  -1.69923196E+01 +/-   3.60216376E-03   1.29880403E+00
    12     2.1544E-01  -1.69923292E+01 +/-   3.60301541E-03   1.29941825E+00
    13     4.6416E-02  -1.69923311E+01 +/-   3.60324759E-03   1.29958573E+00
    14     1.0000E-02  -1.69923315E+01 +/-   3.60330043E-03   1.29962384E+00
    15     2.1544E-03  -1.69923316E+01 +/-   3.60331195E-03   1.29963215E+00
    16     4.6416E-04  -1.69923317E+01 +/-   3.60331444E-03   1.29963395E+00
    17     1.0000E-04  -1.69923317E+01 +/-   3.60331498E-03   1.29963433E+00
    18     2.1544E-05  -1.69923317E+01 +/-   3.60331509E-03   1.29963442E+00
    19     4.6416E-06  -1.69923317E+01 +/-   3.60331512E-03   1.29963444E+00
    20     1.0000E-06  -1.69923317E+01 +/-   3.60331512E-03   1.29963444E+00
    21     0.0000E+00  -1.69923317E+01 +/-   3.60331512E-03   1.29963444E+00
* Iteration # 1: E =  -1.699233165775E+01 +/-   3.603315124440E-03
* Diminishing returns: exiting.
* After optimization:
  -1.1545E+00   1.0486E-01   4.3908E-02   1.2887E-02  -9.3666E-03   1.4510E-03
  -1.6244E-03  -3.7890E-02  -1.9215E-02  -3.8265E-02  -4.6443E-03  -1.4334E-02
  -1.6240E-03   9.6992E-03
  > Energy =  -1.699233165775E+01 +/-   3.603315124440E-03
  > varE =   1.299634441071E+00

VMC #10:
* Size of Hilbert space =   2.3639E+09
* Number of equil. steps   = 1000
* Running VMC equilibration.
  Done. [total walltime: 0.02s]
* Equil. acc.ratio (%)     =  36.3052
* Sample config after equilibration:
  +-----------+
  |  u   0   u|
  |d   d   2  |
  |  u   u   u|
  |u   d   d  |
  |  2   0   0|
  |d   d   2  |
  +-----------+
* Number of accum. steps   = 500480 x 10
* Running VMC accumulation.
  Done. [total walltime: 0.89s]
* Acceptance ratio (%)     =  36.2464
* Etot/t                   =  -1.699850723174E+01 +/-   1.622094034088E-03
  > Ttot/t                 =  -2.887710377905E+01 +/-   6.727234322342E-03
  > Utot/t                 =   1.187859654731E+01 +/-   6.538580539899E-03
* var[Eloc/t]              =   1.303912529019E+00 +/-   5.758313842929E-03
* Correlation length       =   1.009927789750E+00
* log10 Psi^2 range: 1.6526103967456047 -- 10.732335509700713
* log10 Pgen range : 1.6526103967456047 -- 10.732335509700713
* Site occupation (ave. no. electrons per config.):
  > Site_  ___eu____  ___ed____
      1        0.498      0.499
      2        0.503      0.502
      3        0.499      0.500
      4        0.500      0.501
      5        0.497      0.500
      6        0.500      0.501
      7        0.500      0.501
      8        0.501      0.498
      9        0.499      0.501
     10        0.500      0.498
     11        0.503      0.500
     12        0.498      0.502
     13        0.501      0.500
     14        0.502      0.501
     15        0.499      0.499
     16        0.497      0.500
     17        0.501      0.499
     18        0.502      0.498
* Pair-correlation analysis (ave. no. pairs per config.):
  > Shell  nsite  ___dh____  __eueu___  __eued___
      0      1        0          0          2.967
      1     18        3.283     13.867     20.002
      2     18        2.101     18.637     17.111
      3     18        2.057     18.568     17.255
      4     18        2.165     16.592     19.034
      5     18        0.508      4.335      4.630

Optimization #10:
* Method          : lls
* Target function : energy
* No. of configs. : 100096
* No. of params.  : 14
* Before optimization:
  -1.1545E+00   1.0486E-01   4.3908E-02   1.2887E-02  -9.3666E-03   1.4510E-03
  -1.6244E-03  -3.7890E-02  -1.9215E-02  -3.8265E-02  -4.6443E-03  -1.4334E-02
  -1.6240E-03   9.6992E-03
  > E    =  -1.699831194487E+01 +/-   3.592157156053E-03
  > varE =   1.291598048310E+00
* Computing derivatives.
  Done. [total walltime: 0.50s]
* Optimizing manipulation constant:
  #igrid a___________ E____________________________________ varE____________
     1     Infinity    -1.69983119E+01 +/-   3.59215716E-03   1.29159805E+00
     2     1.0000E+06  -1.69983119E+01 +/-   3.59215720E-03   1.29159808E+00
     3     2.1544E+05  -1.69983120E+01 +/-   3.59215735E-03   1.29159819E+00
     4     4.6416E+04  -1.69983120E+01 +/-   3.59215805E-03   1.29159869E+00
     5     1.0000E+04  -1.69983121E+01 +/-   3.59216128E-03   1.29160102E+00
     6     2.1544E+03  -1.69983127E+01 +/-   3.59217630E-03   1.29161181E+00
     7     4.6416E+02  -1.69983153E+01 +/-   3.59224566E-03   1.29166169E+00
     8     1.0000E+02  -1.69983256E+01 +/-   3.59255982E-03   1.29188763E+00
     9     2.1544E+01  -1.69983528E+01 +/-   3.59382849E-03   1.29280022E+00
    10     4.6416E+00  -1.69983789E+01 +/-   3.59714662E-03   1.29518857E+00
    11     1.0000E+00  -1.69983795E+01 +/-   3.60097019E-03   1.29794346E+00
    12     2.1544E-01  -1.69983741E+01 +/-   3.60278785E-03   1.29925412E+00
    13     4.6416E-02  -1.69983721E+01 +/-   3.60328978E-03   1.29961616E+00
    14     1.0000E-02  -1.69983717E+01 +/-   3.60340462E-03   1.29969900E+00
    15     2.1544E-03  -1.69983716E+01 +/-   3.60342969E-03   1.29971708E+00
    16     4.6416E-04  -1.69983715E+01 +/-   3.60343511E-03   1.29972099E+00
    17     1.0000E-04  -1.69983715E+01 +/-   3.60343627E-03   1.29972183E+00
    18     2.1544E-05  -1.69983715E+01 +/-   3.60343653E-03   1.29972202E+00
    19     4.6416E-06  -1.69983715E+01 +/-   3.60343658E-03   1.29972205E+00
    20     1.0000E-06  -1.69983715E+01 +/-   3.60343659E-03   1.29972206E+00
    21     0.0000E+00  -1.69983715E+01 +/-   3.60343659E-03   1.29972207E+00
  ParMin   3.9945E+00  -1.69983800E+01 +/-   3.59755778E-03   1.29548467E+00
  # Using grid point #10
* Iteration # 1: E =  -1.699837887118E+01 +/-   3.597146622192E-03
* Diminishing returns: exiting.
* After optimization:
  -1.1631E+00   1.0513E-01   4.4140E-02   1.4102E-02  -8.6220E-03   1.0135E-03
  -1.1052E-03  -3.7365E-02  -1.9328E-02  -3.8610E-02  -4.8131E-03  -1.5030E-02
  -2.3633E-03   8.6556E-03
  > Energy =  -1.699837887118E+01 +/-   3.597146622192E-03
  > varE =   1.295188570682E+00

VMC #11:
* Size of Hilbert space =   2.3639E+09
* Number of equil. steps   = 1000
* Running VMC equilibration.
  Done. [total walltime: 0.02s]
* Equil. acc.ratio (%)     =  36.2081
* Sample config after equilibration:
  +-----------+
  |  2   d   2|
  |0   d   d  |
  |  u   2   u|
  |0   d   d  |
  |  u   u   0|
  |2   0   u  |
  +-----------+
* Number of accum. steps   = 500480 x 10
* Running VMC accumulation.
  Done. [total walltime: 0.89s]
* Acceptance ratio (%)     =  36.2401
* Etot/t                   =  -1.699755770588E+01 +/-   1.617555801681E-03
  > Ttot/t                 =  -2.886712292327E+01 +/-   6.712410201542E-03
  > Utot/t                 =   1.186956521739E+01 +/-   6.528544681962E-03
* var[Eloc/t]              =   1.304886182212E+00 +/-   3.597612787558E-03
* Correlation length       =   1.003535264054E+00
* log10 Psi^2 range: 1.6402110012712980 -- 10.707291795833649
* log10 Pgen range : 1.6402110012712980 -- 10.707291795833649
* Site occupation (ave. no. electrons per config.):
  > Site_  ___eu____  ___ed____
      1        0.500      0.498
      2        0.501      0.498
      3        0.501      0.497
      4        0.499      0.500
      5        0.501      0.500
      6        0.498      0.502
      7        0.499      0.501
      8        0.501      0.500
      9        0.498      0.501
     10        0.501      0.501
     11        0.500      0.501
     12        0.498      0.500
     13        0.500      0.503
     14        0.500      0.499
     15        0.502      0.498
     16        0.501      0.501
     17        0.497      0.499
     18        0.504      0.499
* Pair-correlation analysis (ave. no. pairs per config.):
  > Shell  nsite  ___dh____  __eueu___  __eued___
      0      1        0          0          2.967
      1     18        3.281     13.875     20.002
      2     18        2.099     18.630     17.113
      3     18        2.061     18.549     17.265
      4     18        2.162     16.601     19.031
      5     18        0.505      4.345      4.621

VDAGGER finished.
Total VDAGGER walltime: 25.1s

Run ended: Fri Jan 16 08:56:55 CET 2026
