Run started: Sat Nov  8 09:16:47 CET 2025
Using VDAGGER_ARCH = gnu7_fkfamd_cluster
Running 1x128 MPI processes.

                               xx
                              +##
                               #X
                               Xx
                          X##XxXxxX##x
                           +   Xx  ++
                               ##
                              +##
                              +##
     ++++         ++          +##
   xX+++##+      ####         +##
  Xx    ###      +X##          ##
 xX    X##+        ##          #X
 +    x##X         #x          #X
      ###         +#           x+
     X##+         #+
     ###         Xx                    _______
     ##X       +X+   __________________VDAGGER
     +##x    +xX     2nd quantized variational
       +xxxxx+       ______quantum Monte Carlo

* Running 1024 MPI processes.
* Input file: "input.casl"

############# Start of input file dump #############
General:
  Random seed: timer

Plan:
  VMC-optimization:
    Minimum cycles: 7
    Convergence cycles: 3

System:
  Read Hamiltonian: FCIDUMP_loc
  Hamiltonian tolerance: 1.e-10
  Read orbitals: LTSC.mat
  Complex orbitals: F
  Geometry:
    r_6: [ 2.65527474609200, 6.99295716670100 ]
    r_17: [ 1.36293650781400, 4.60945461241000 ]
    r_4: [ 2.64522049959100, 2.32844339311600 ]
    r_3: [ 1.36109054637300, 0.00000000000000 ]
    r_15: [ 1.35254544726900, 9.20289291228100 ]
    r_7: [ 2.65527474609200, -6.99295716670100 ]
    r_11: [ 1.36293650781400, -4.60945461241000 ]
    r_9: [ 2.64522049959100, -2.32844339311600 ]
    r_16: [ 1.35254544726900, -9.20289291228100 ]
    r_12: [ -2.65527474609200, 6.99295716670100 ]
    r_8: [ -1.36293650781400, 4.60945461241000 ]
    r_14: [ -2.64522049959100, 2.32844339311600 ]
    r_1: [ -1.36109054637300, 0.00000000000000 ]
    r_5: [ -1.35254544726900, 9.20289291228100 ]
    r_13: [ -2.65527474609200, -6.99295716670100 ]
    r_2: [ -1.36293650781400, -4.60945461241000 ]
    r_10: [ -2.64522049959100, -2.32844339311600 ]
    r_18: [ -1.35254544726900, -9.20289291228100 ]
    Tolerance: 0.05

VMC:
  nstep: 500000
  nconfig: 100000

Optimization:
  max_niter: 1

Jastrow: wfn.casl
############## End of input file dump ##############

General setup:
* Random seed: 1278682653 (from timer)

* Loaded integrals for system with nelec=18, ms2=0, norb=18
* INFO: setting number of electrons from integrals file.
* Analysis of Hamiltonian connecitivity performed:
  - T_ii (local, 1-site): 18 (i) values
  - U_iiii [opp] (local, 1-site): 18 (i) values
  - U_kkii [opp] (local, 2-site): 306 contribs. from 18 (i) values
  - U_kkii [par] (local, 2-site): 153 contribs. from 17 (i) values
  - T_ji (single, 2-site): 306 contribs. from 18 (i) values
  - U_kkji [opp] (single, 2/3-site): 5508 contribs. from 306 (i,j) pairs
  - U_kkji [par] (single, 3-site): 5202 contribs. from 306 (i,j) pairs
  - U_lkji [opp] (double, 2/3/4-site): 93492 contribs. from 306 (i,j) pairs
  - U_lkji [par] (double, 4-site): 21624 contribs. from 272 (i,j) pairs
  - Max. no. wfn. ratios in Eloc: 9843
* Reading override orbitals from file "LTSC.mat".
* Site labels:
  +-----------+
  |    5 15   |
  |12        6|
  |    8 17   |
  |14        4|
  |    1  3   |
  |10        9|
  |    2 11   |
  |13        7|
  |   18 16   |
  +-----------+
* Automatically set Site kinds:
  [ 1, 2, 1, 3, 4, 5, 5, 2, 3, 3, 2, 5, 5, 3, 4, 4, 2, 4 ]
  +-------+
  |  4 4  |
  |5     5|
  |  2 2  |
  |3     3|
  |  1 1  |
  |3     3|
  |  2 2  |
  |5     5|
  |  4 4  |
  +-------+
* Maximum Site kind: 5
* Number of site-pair kinds with Tij=0: 0
* Automatically set Site pair kinds:
  Site 1: [ 0, -18, 2, -15, 29, -24, -24, 18, -15, 6, -13, -44, -44, -6, 28, -28, 13, 29 ]
  Site 2: [ -18, 0, -13, 22, 40, -33, 14, 26, 17, -5, 3, 31, -7, 36, 34, -12, 25, 16 ]
  Site 3: [ 2, -13, 0, -6, 28, 44, 44, 13, -6, 15, -18, 24, 24, -15, 29, -29, 18, 28 ]
  Site 4: [ -15, 22, -6, 0, 23, 11, -30, -17, 8, 20, 36, 19, -27, 9, -38, 32, -5, -35 ]
  Site 5: [ 29, 40, 28, 23, 0, 21, 39, -16, -35, 32, 34, -1, -43, -38, 4, 42, -12, -45 ]
  Site 6: [ -24, -33, 44, 11, 21, 0, -41, -14, -30, -27, -31, -10, 37, -19, 1, -43, -7, 39 ]
  Site 7: [ -24, 14, 44, -30, 39, -41, 0, 33, 11, 19, 7, 37, -10, 27, 43, -1, 31, 21 ]
  Site 8: [ 18, 26, 13, -17, -16, -14, 33, 0, -22, 36, 25, 7, -31, -5, -12, 34, 3, -40 ]
  Site 9: [ -15, 17, -6, 8, -35, -30, 11, -22, 0, -9, 5, -27, 19, -20, -32, 38, -36, 23 ]
  Site 10: [ 6, -5, 15, 20, 32, -27, 19, 36, -9, 0, -17, -30, 11, -8, 35, 23, 22, 38 ]
  Site 11: [ -13, 3, -18, 36, 34, -31, 7, 25, 5, -17, 0, 33, -14, 22, 40, -16, 26, 12 ]
  Site 12: [ -44, 31, 24, 19, -1, -10, 37, 7, -27, -30, 33, 0, -41, -11, -21, 39, 14, -43 ]
  Site 13: [ -44, -7, 24, -27, -43, 37, -10, -31, 19, 11, -14, -41, 0, 30, -39, 21, -33, -1 ]
  Site 14: [ -6, 36, -15, 9, -38, -19, 27, -5, -20, -8, 22, -11, 30, 0, 23, 35, -17, -32 ]
  Site 15: [ 28, 34, 29, -38, 4, 1, 43, -12, -32, 35, 40, -21, -39, 23, 0, 45, -16, -42 ]
  Site 16: [ -28, -12, -29, 32, 42, -43, -1, 34, 38, 23, -16, 39, 21, 35, 45, 0, 40, -4 ]
  Site 17: [ 13, 25, 18, -5, -12, -7, 31, 3, -36, 22, 26, 14, -33, -17, -16, 40, 0, -34 ]
  Site 18: [ 29, 16, 28, -35, -45, 39, 21, -40, 23, 38, 12, -43, -1, -32, -42, -4, -34, 0 ]
  For site 1 of kind 1:
  +---------------+
  |     29  28    |
  |-44         -24|
  |     18  13    |
  | -6         -15|
  |      0   2    |
  |  6         -15|
  |    -18 -13    |
  |-44         -24|
  |     29 -28    |
  +---------------+
  For site 2 of kind 2:
  +---------------+
  |     40  34    |
  | 31         -33|
  |     26  25    |
  | 36          22|
  |    -18 -13    |
  | -5          17|
  |      0   3    |
  | -7          14|
  |     16 -12    |
  +---------------+
  For site 4 of kind 3:
  +---------------+
  |     23 -38    |
  | 19          11|
  |    -17  -5    |
  |  9           0|
  |    -15  -6    |
  | 20           8|
  |     22  36    |
  |-27         -30|
  |    -35  32    |
  +---------------+
  For site 5 of kind 4:
  +---------------+
  |      0   4    |
  | -1          21|
  |    -16 -12    |
  |-38          23|
  |     29  28    |
  | 32         -35|
  |     40  34    |
  |-43          39|
  |    -45  42    |
  +---------------+
  For site 6 of kind 5:
  +---------------+
  |     21   1    |
  |-10           0|
  |    -14  -7    |
  |-19          11|
  |    -24  44    |
  |-27         -30|
  |    -33 -31    |
  | 37         -41|
  |     39 -43    |
  +---------------+
* Maximum (unsigned) Site pair kind: 45
General system setup:
* Number of sites       : 18
* Number of electrons   : 18
* Spin imbalance MS2    : 0
* Filling               : 0.500000
* Number of orbitals in pool: 18
* Using real-valued orbitals
* Using double-precision arithmetic for orbitals

Trial wave function setup:
* Jastrow parameter file: "wfn.casl"
* Not using multideterminants
* Not using a backflow transformation
* Not using wave function manipulation

VMC #1:
* Size of Hilbert space =   2.3639E+09
* Number of equil. steps   = 1000
* Running VMC equilibration.
  Done. [total walltime: 0.02s]
* Equil. acc.ratio (%)     =  18.7961
* Sample config after equilibration:
  +-------+
  |  u 0  |
  |d     2|
  |  d u  |
  |u     d|
  |  u d  |
  |u     d|
  |  d u  |
  |2     d|
  |  0 u  |
  +-------+
* Number of accum. steps   = 501760 x 10
* Running VMC accumulation.
  Done. [total walltime: 18.3s]
* Acceptance ratio (%)     =  18.7834
* Etot/t                   =  -6.886132001922E+02 +/-   1.668856328475E-04
  > Ttot/t                 =  -5.654887236035E+01 +/-   8.300338363563E-04
  > Utot/t                 =   2.440250945073E+01 +/-   8.238418947006E-04
* var[Eloc/t]              =   1.377170747404E-02 +/-   5.770070270807E-05
* Correlation length       =   1.014719829421E+00
* log10 Psi^2 range: -18.052479704051294 -- -8.3622276291034492
* log10 Pgen range : -18.052479704051294 -- -8.3622276291034492
* Site occupation (ave. no. electrons per config.):
  > Site_  ___eu____  ___ed____
      1        0.499      0.498
      2        0.499      0.498
      3        0.498      0.498
      4        0.501      0.500
      5        0.502      0.504
      6        0.500      0.499
      7        0.504      0.501
      8        0.498      0.497
      9        0.502      0.500
     10        0.501      0.503
     11        0.498      0.495
     12        0.499      0.500
     13        0.501      0.498
     14        0.501      0.502
     15        0.501      0.502
     16        0.499      0.501
     17        0.497      0.498
     18        0.499      0.505
* Pair-correlation analysis (ave. no. pairs per config.):
  > Shell  nsite  ___dh____  __eueu___  __eued___
      0      1        0          0          3.236
      1      0        0.933      0.534      2.561
      2      0        0.151      0.344      0.530
      3      0        0.287      0.702      1.053
      4      0        0.243      0.761      1.053
      5      0        0.756      0.959      2.330
      6      0        0.619      1.283      2.185
      7      0        0.479      1.553      2.067
      8      0        0.124      1.038      0.977
      9      0        0.157      0.838      1.122
     10      0        0.149      0.864      1.079
     11      0        0.243      2.062      1.949
     12      0        0.295      1.895      2.046
     13      0        0.336      1.861      2.051
     14      0        0.252      2.047      1.956
     15      0        0.267      2.088      1.939
     16      0        0.234      2.095      1.974
     17      0        0.260      2.123      1.905
     18      0        0.285      2.084      1.942
     19      0        0.245      1.977      2.025
     20      0        0.128      0.986      1.020
     21      0        0.214      2.136      1.936
     22      0        0.279      2.015      1.964
     23      0        0.250      2.036      1.974
     24      0        0.272      2.005      1.972
     25      0        0.155      0.969      0.998
     26      0        0.154      0.999      0.970
     27      0        0.238      2.004      2.012
     28      0        0.280      1.961      2.019
     29      0        0.279      2.015      1.970
     30      0        0.238      2.014      2.000
     31      0        0.261      1.981      2.000
     32      0        0.247      1.992      2.022
     33      0        0.260      1.998      1.986
     34      0        0.271      1.977      2.004
     35      0        0.244      2.016      2.003
     36      0        0.286      1.916      2.049
     37      0        0.115      0.997      1.005
     38      0        0.274      1.882      2.084
     39      0        0.235      2.015      1.998
     40      0        0.268      2.000      1.986
     41      0        0.113      0.999      1.005
     42      0        0.119      1.001      1.009
     43      0        0.233      2.011      2.001
     44      0        0.269      1.963      2.024
     45      0        0.117      1.003      1.009

Optimization #1:
* Method          : lls
* Target function : energy
* No. of configs. : 100352
* No. of params.  : 116
* Before optimization:
  -1.4085E+00  -1.4136E+00  -1.4278E+00  -1.3983E+00  -1.3984E+00   3.7201E-01
   3.7328E-01   3.2813E-01   3.2953E-01   4.5979E-01   3.1728E-01   3.2498E-01
   3.4675E-01   3.5399E-01   3.7349E-01   3.6565E-01   1.5913E-01  -1.7078E-01
  -2.0781E-01   1.8502E-01   1.7473E-01  -4.1696E-02  -3.8779E-02  -4.9679E-02
  -4.9688E-02   3.5803E-02   3.3914E-02   1.4755E-02   2.2596E-02   0.0000E+00
   0.0000E+00   0.0000E+00   0.0000E+00   0.0000E+00   0.0000E+00   0.0000E+00
   0.0000E+00   0.0000E+00   0.0000E+00   0.0000E+00   0.0000E+00   0.0000E+00
   0.0000E+00   0.0000E+00   0.0000E+00   0.0000E+00   0.0000E+00   0.0000E+00
   0.0000E+00   0.0000E+00   0.0000E+00   0.0000E+00   0.0000E+00   0.0000E+00
   0.0000E+00   0.0000E+00  -1.2379E-01  -2.0196E-01  -1.7204E-01  -1.3260E-01
  -1.6850E-01  -1.3926E-01  -1.5339E-01  -2.0904E-01  -7.8731E-02  -1.3271E-01
  -1.0957E-01  -1.5699E-01  -1.5992E-01  -1.7697E-01  -5.8102E-02  -1.0091E-01
   6.6393E-02   1.2777E-01   3.1086E-02   1.1996E-01  -8.0911E-02  -1.0941E-01
   4.3859E-03   3.5209E-02   6.1475E-03   3.0891E-02  -3.5427E-02  -7.4090E-03
  -1.5873E-02  -7.8865E-03   0.0000E+00   0.0000E+00   0.0000E+00   0.0000E+00
   0.0000E+00   0.0000E+00   0.0000E+00   0.0000E+00   0.0000E+00   0.0000E+00
   0.0000E+00   0.0000E+00   0.0000E+00   0.0000E+00   0.0000E+00   0.0000E+00
   0.0000E+00   0.0000E+00   0.0000E+00   0.0000E+00   0.0000E+00   0.0000E+00
   0.0000E+00   0.0000E+00   0.0000E+00   0.0000E+00   0.0000E+00   0.0000E+00
   0.0000E+00   0.0000E+00
  > E    =  -6.886130702611E+02 +/-   3.710575812478E-04
  > varE =   1.381683753261E-02
* Computing derivatives.
    [walltime: 1m5s elapsed, 3m20s remaining]
  Done. [total walltime: 4m21s]
* Optimizing manipulation constant:
  #igrid a___________ E____________________________________ varE____________
     1     Infinity    -6.88613070E+02 +/-   3.71057581E-04   1.38168375E-02
     2     1.0000E+06  -6.88613070E+02 +/-   3.71057445E-04   1.38168274E-02
     3     2.1544E+05  -6.88613070E+02 +/-   3.71056950E-04   1.38167905E-02
     4     4.6416E+04  -6.88613071E+02 +/-   3.71054650E-04   1.38166193E-02
     5     1.0000E+04  -6.88613071E+02 +/-   3.71043978E-04   1.38158245E-02
     6     2.1544E+03  -6.88613076E+02 +/-   3.70994472E-04   1.38121380E-02
     7     4.6416E+02  -6.88613097E+02 +/-   3.70765315E-04   1.37950803E-02
     8     1.0000E+02  -6.88613192E+02 +/-   3.69715062E-04   1.37170373E-02
     9     2.1544E+01  -6.88613608E+02 +/-   3.65113773E-04   1.33777312E-02
    10     4.6416E+00  -6.88615097E+02 +/-   3.48557884E-04   1.21920253E-02
    11     1.0000E+00  -6.88617113E+02 +/-   3.32505299E-04   1.10948944E-02
    12     2.1544E-01  -6.88602303E+02 +/-   5.39418482E-04   2.91996521E-02
    13     4.6416E-02  -6.88530677E+02 +/-   1.00134109E-03   1.00621343E-01
    14     1.0000E-02  -6.88436592E+02 +/-   1.33189965E-03   1.78020101E-01
    15     2.1544E-03  -6.88394567E+02 +/-   1.43957987E-03   2.07968502E-01
    16     4.6416E-04  -6.88383494E+02 +/-   1.46513113E-03   2.15416530E-01
    17     1.0000E-04  -6.88380995E+02 +/-   1.47075167E-03   2.17072462E-01
    18     2.1544E-05  -6.88380451E+02 +/-   1.47196800E-03   2.17431655E-01
    19     4.6416E-06  -6.88380333E+02 +/-   1.47223031E-03   2.17509154E-01
    20     1.0000E-06  -6.88380308E+02 +/-   1.47228683E-03   2.17525856E-01
    21     0.0000E+00  -6.88380301E+02 +/-   1.47230235E-03   2.17530443E-01
  ParMin   1.7974E+00  -6.88616676E+02 +/-   3.31965950E-04   1.10589301E-02
  # Using grid point #11
* Iteration # 1: E =  -6.886171133931E+02 +/-   3.325052992414E-04
* Reached maximum number of iterations: exiting.
* After optimization:
  -1.9748E+00  -1.9918E+00  -1.9797E+00  -1.9593E+00  -1.9659E+00   4.6810E-01
   4.7117E-01   4.1155E-01   3.7454E-01   6.1092E-01   4.0739E-01   4.0385E-01
   4.6163E-01   4.6203E-01   4.7707E-01   4.6884E-01   2.2551E-01  -9.3121E-02
  -8.2727E-02   2.0835E-01   2.0557E-01   4.0968E-02   4.2500E-02  -9.8809E-03
  -1.0629E-02   1.0158E-01   9.8985E-02   8.9950E-02   9.3384E-02   1.2487E-01
   1.2402E-01   5.7710E-02   5.4436E-02   6.8373E-02   1.2232E-01  -1.2833E-02
  -1.0450E-02   1.2809E-02   1.4954E-01   1.5097E-01  -2.9108E-02  -2.8667E-02
  -4.0932E-02  -2.1065E-02  -2.0801E-02  -3.1880E-02  -5.9754E-02  -4.7427E-02
   9.0278E-04   1.8686E-03  -3.6012E-02  -5.8048E-02  -3.7418E-02  -6.0908E-02
   2.5782E-02   1.3872E-02  -1.3362E-01  -2.3721E-01  -2.0694E-01  -1.7797E-01
  -1.6951E-01  -1.6231E-01  -2.0578E-01  -2.9223E-01  -1.2357E-01  -1.7971E-01
  -1.7273E-01  -2.1659E-01  -1.9611E-01  -2.2237E-01  -9.7364E-02  -1.3634E-01
   1.4072E-02   8.4598E-02  -9.3783E-03   5.7232E-02  -9.8947E-02  -1.2341E-01
  -2.3478E-02  -1.3968E-02  -7.4801E-03   1.3099E-02  -6.1248E-02  -4.6389E-02
  -5.4874E-02  -4.4353E-02  -6.3721E-02  -8.0658E-02  -4.0847E-02  -5.3368E-02
  -3.8348E-02  -4.2504E-02   2.5394E-03   7.8889E-03  -5.1840E-03  -2.3715E-03
  -7.3904E-02  -9.9856E-02   1.6496E-02   1.5716E-02   1.1204E-02   8.4274E-03
   8.0039E-03   1.0702E-02   5.8621E-02   3.8863E-02   2.0823E-02   2.1035E-02
  -1.1119E-03  -6.9732E-04   1.3575E-02   1.6956E-02   2.2496E-02   2.8800E-02
  -6.1479E-03  -6.9659E-03
  > Energy =  -6.886171133931E+02 +/-   3.325052992414E-04
  > varE =   1.109489444282E-02

VMC #2:
* Size of Hilbert space =   2.3639E+09
* Number of equil. steps   = 1000
* Running VMC equilibration.
  Done. [total walltime: 0.01s]
* Equil. acc.ratio (%)     =  18.5388
* Sample config after equilibration:
  +-------+
  |  u 2  |
  |d     0|
  |  u u  |
  |d     d|
  |  u d  |
  |d     2|
  |  u d  |
  |0     u|
  |  2 0  |
  +-------+
* Number of accum. steps   = 501760 x 10
* Running VMC accumulation.
  Done. [total walltime: 18.3s]
* Acceptance ratio (%)     =  18.5126
* Etot/t                   =  -6.886173297236E+02 +/-   1.442365813774E-04
  > Ttot/t                 =  -5.654921783856E+01 +/-   8.176449644405E-04
  > Utot/t                 =   2.439872539750E+01 +/-   8.127926460929E-04
* var[Eloc/t]              =   1.129873897308E-02 +/-   1.536103610548E-04
* Correlation length       =   9.238828426308E-01
* log10 Psi^2 range: -19.788757119816932 -- -10.398521885410279
* log10 Pgen range : -19.788757119816932 -- -10.398521885410279
* Site occupation (ave. no. electrons per config.):
  > Site_  ___eu____  ___ed____
      1        0.499      0.499
      2        0.500      0.500
      3        0.497      0.499
      4        0.501      0.501
      5        0.504      0.500
      6        0.501      0.496
      7        0.500      0.502
      8        0.498      0.497
      9        0.501      0.502
     10        0.500      0.501
     11        0.498      0.495
     12        0.498      0.501
     13        0.501      0.498
     14        0.502      0.502
     15        0.501      0.503
     16        0.501      0.501
     17        0.499      0.500
     18        0.501      0.503
* Pair-correlation analysis (ave. no. pairs per config.):
  > Shell  nsite  ___dh____  __eueu___  __eued___
      0      1        0          0          3.232
      1      0        0.926      0.537      2.561
      2      0        0.149      0.343      0.532
      3      0        0.287      0.702      1.061
      4      0        0.240      0.760      1.058
      5      0        0.760      0.960      2.329
      6      0        0.612      1.284      2.188
      7      0        0.481      1.548      2.071
      8      0        0.130      1.032      0.970
      9      0        0.159      0.831      1.122
     10      0        0.149      0.863      1.078
     11      0        0.244      2.057      1.945
     12      0        0.288      1.900      2.057
     13      0        0.330      1.863      2.060
     14      0        0.256      2.052      1.950
     15      0        0.263      2.090      1.934
     16      0        0.241      2.094      1.964
     17      0        0.257      2.134      1.899
     18      0        0.294      2.078      1.931
     19      0        0.244      1.969      2.026
     20      0        0.128      0.985      1.019
     21      0        0.219      2.128      1.927
     22      0        0.278      2.017      1.973
     23      0        0.243      2.040      1.976
     24      0        0.266      2.008      1.972
     25      0        0.157      0.977      0.998
     26      0        0.155      0.999      0.979
     27      0        0.241      1.997      2.008
     28      0        0.273      1.961      2.020
     29      0        0.269      2.016      1.979
     30      0        0.241      2.010      1.994
     31      0        0.264      1.982      1.997
     32      0        0.247      1.992      2.018
     33      0        0.264      1.993      1.988
     34      0        0.270      1.984      2.002
     35      0        0.243      2.015      2.005
     36      0        0.280      1.928      2.056
     37      0        0.115      0.998      0.999
     38      0        0.268      1.886      2.089
     39      0        0.230      2.009      2.004
     40      0        0.266      2.004      1.991
     41      0        0.115      1.000      0.997
     42      0        0.118      1.002      1.008
     43      0        0.233      2.001      2.006
     44      0        0.266      1.962      2.021
     45      0        0.117      1.008      1.005

Optimization #2:
* Method          : lls
* Target function : energy
* No. of configs. : 100352
* No. of params.  : 116
* Before optimization:
  -1.9748E+00  -1.9918E+00  -1.9797E+00  -1.9593E+00  -1.9659E+00   4.6810E-01
   4.7117E-01   4.1155E-01   3.7454E-01   6.1092E-01   4.0739E-01   4.0385E-01
   4.6163E-01   4.6203E-01   4.7707E-01   4.6884E-01   2.2551E-01  -9.3121E-02
  -8.2727E-02   2.0835E-01   2.0557E-01   4.0968E-02   4.2500E-02  -9.8809E-03
  -1.0629E-02   1.0158E-01   9.8985E-02   8.9950E-02   9.3384E-02   1.2487E-01
   1.2402E-01   5.7710E-02   5.4436E-02   6.8373E-02   1.2232E-01  -1.2833E-02
  -1.0450E-02   1.2809E-02   1.4954E-01   1.5097E-01  -2.9108E-02  -2.8667E-02
  -4.0932E-02  -2.1065E-02  -2.0801E-02  -3.1880E-02  -5.9754E-02  -4.7427E-02
   9.0278E-04   1.8686E-03  -3.6012E-02  -5.8048E-02  -3.7418E-02  -6.0908E-02
   2.5782E-02   1.3872E-02  -1.3362E-01  -2.3721E-01  -2.0694E-01  -1.7797E-01
  -1.6951E-01  -1.6231E-01  -2.0578E-01  -2.9223E-01  -1.2357E-01  -1.7971E-01
  -1.7273E-01  -2.1659E-01  -1.9611E-01  -2.2237E-01  -9.7364E-02  -1.3634E-01
   1.4072E-02   8.4598E-02  -9.3783E-03   5.7232E-02  -9.8947E-02  -1.2341E-01
  -2.3478E-02  -1.3968E-02  -7.4801E-03   1.3099E-02  -6.1248E-02  -4.6389E-02
  -5.4874E-02  -4.4353E-02  -6.3721E-02  -8.0658E-02  -4.0847E-02  -5.3368E-02
  -3.8348E-02  -4.2504E-02   2.5394E-03   7.8889E-03  -5.1840E-03  -2.3715E-03
  -7.3904E-02  -9.9856E-02   1.6496E-02   1.5716E-02   1.1204E-02   8.4274E-03
   8.0039E-03   1.0702E-02   5.8621E-02   3.8863E-02   2.0823E-02   2.1035E-02
  -1.1119E-03  -6.9732E-04   1.3575E-02   1.6956E-02   2.2496E-02   2.8800E-02
  -6.1479E-03  -6.9659E-03
  > E    =  -6.886171174389E+02 +/-   3.332019521653E-04
  > varE =   1.114143437908E-02
* Computing derivatives.
    [walltime: 1m4s elapsed, 3m19s remaining]
  Done. [total walltime: 4m21s]
* Optimizing manipulation constant:
  #igrid a___________ E____________________________________ varE____________
     1     Infinity    -6.88617117E+02 +/-   3.33201952E-04   1.11414344E-02
     2     1.0000E+06  -6.88617117E+02 +/-   3.33201872E-04   1.11414290E-02
     3     2.1544E+05  -6.88617117E+02 +/-   3.33201578E-04   1.11414094E-02
     4     4.6416E+04  -6.88617118E+02 +/-   3.33200217E-04   1.11413183E-02
     5     1.0000E+04  -6.88617118E+02 +/-   3.33193899E-04   1.11408959E-02
     6     2.1544E+03  -6.88617120E+02 +/-   3.33164599E-04   1.11389365E-02
     7     4.6416E+02  -6.88617130E+02 +/-   3.33029080E-04   1.11298766E-02
     8     1.0000E+02  -6.88617177E+02 +/-   3.32410325E-04   1.10885572E-02
     9     2.1544E+01  -6.88617378E+02 +/-   3.29743937E-04   1.09113797E-02
    10     4.6416E+00  -6.88618093E+02 +/-   3.20648832E-04   1.03177585E-02
    11     1.0000E+00  -6.88619482E+02 +/-   3.05407176E-04   9.36018662E-03
    12     2.1544E-01  -6.88620392E+02 +/-   2.99797098E-04   9.01946713E-03
    13     4.6416E-02  -6.88620588E+02 +/-   3.00997531E-04   9.09184242E-03
    14     1.0000E-02  -6.88620615E+02 +/-   3.01749886E-04   9.13735003E-03
    15     2.1544E-03  -6.88620619E+02 +/-   3.01948202E-04   9.14936448E-03
    16     4.6416E-04  -6.88620620E+02 +/-   3.01992816E-04   9.15206837E-03
    17     1.0000E-04  -6.88620620E+02 +/-   3.02002518E-04   9.15265641E-03
    18     2.1544E-05  -6.88620620E+02 +/-   3.02004612E-04   9.15278336E-03
    19     4.6416E-06  -6.88620620E+02 +/-   3.02005063E-04   9.15281072E-03
    20     1.0000E-06  -6.88620620E+02 +/-   3.02005161E-04   9.15281661E-03
    21     0.0000E+00  -6.88620620E+02 +/-   3.02005187E-04   9.15281823E-03
* Iteration # 1: E =  -6.886206201756E+02 +/-   3.020051874133E-04
* Reached maximum number of iterations: exiting.
* After optimization:
  -2.8899E+00  -2.9152E+00  -2.8843E+00  -2.9031E+00  -2.9060E+00   6.5027E-01
   6.5410E-01   5.5863E-01   4.7013E-01   8.6580E-01   5.3443E-01   5.1869E-01
   6.3645E-01   6.3372E-01   6.2840E-01   6.1900E-01   3.2526E-01   3.7699E-02
   1.0514E-01   2.4620E-01   2.4748E-01   1.6747E-01   1.6567E-01   4.9483E-02
   5.4632E-02   2.0502E-01   2.0506E-01   2.1703E-01   2.1613E-01   2.9676E-01
   2.9354E-01   1.5291E-01   1.4805E-01   1.7567E-01   1.8116E-01  -2.0149E-02
  -1.9330E-02   4.6192E-02   3.8355E-01   3.8286E-01  -5.1616E-02  -5.4054E-02
  -4.5607E-02  -4.5930E-02  -5.2236E-02  -4.9549E-02  -1.2828E-01  -1.2498E-01
   4.0822E-03   7.2192E-03  -9.1953E-02  -9.3963E-02  -9.3201E-02  -9.0956E-02
   3.2716E-02   3.4274E-02  -1.7063E-01  -3.2334E-01  -2.6469E-01  -2.6064E-01
  -2.0378E-01  -2.0717E-01  -2.8792E-01  -4.2582E-01  -1.8440E-01  -2.4927E-01
  -2.5876E-01  -3.0762E-01  -2.6069E-01  -2.8381E-01  -1.5637E-01  -1.8934E-01
  -6.1429E-02   1.9961E-02  -8.5239E-02  -3.6437E-02  -1.2503E-01  -1.4080E-01
  -7.1652E-02  -8.6856E-02  -2.9937E-02  -1.7244E-02  -1.1249E-01  -1.0013E-01
  -1.1843E-01  -1.0978E-01  -1.4888E-01  -1.8525E-01  -8.9348E-02  -8.0011E-02
  -9.3511E-02  -1.1098E-01   2.5155E-03   1.4997E-02  -3.1278E-02  -2.0604E-02
  -1.8615E-01  -2.4677E-01   2.7147E-02   2.7305E-02   3.1924E-02   1.5147E-02
   2.0691E-02   2.9017E-02   6.0973E-02   7.0589E-02   6.4276E-02   6.7350E-02
  -6.1170E-03  -1.1114E-03   4.3633E-02   4.8215E-02   4.8289E-02   4.5018E-02
  -1.6581E-02  -1.9049E-02
  > Energy =  -6.886206201756E+02 +/-   3.020051874133E-04
  > varE =   9.152818233348E-03

VMC #3:
* Size of Hilbert space =   2.3639E+09
* Number of equil. steps   = 1000
* Running VMC equilibration.
  Done. [total walltime: 0.01s]
* Equil. acc.ratio (%)     =  18.0766
* Sample config after equilibration:
  +-------+
  |  d d  |
  |u     u|
  |  2 u  |
  |0     0|
  |  2 2  |
  |0     d|
  |  d u  |
  |d     d|
  |  u u  |
  +-------+
* Number of accum. steps   = 501760 x 10
* Running VMC accumulation.
  Done. [total walltime: 18.3s]
* Acceptance ratio (%)     =  18.0617
* Etot/t                   =  -6.886208668360E+02 +/-   1.353042242457E-04
  > Ttot/t                 =  -5.655019518157E+01 +/-   8.098982538805E-04
  > Utot/t                 =   2.439616562816E+01 +/-   8.007266385977E-04
* var[Eloc/t]              =   9.346068494227E-03 +/-   9.222004004550E-05
* Correlation length       =   9.828557628580E-01
* log10 Psi^2 range: -23.493672080679968 -- -13.685445205872407
* log10 Pgen range : -23.493672080679968 -- -13.685445205872407
* Site occupation (ave. no. electrons per config.):
  > Site_  ___eu____  ___ed____
      1        0.499      0.498
      2        0.497      0.497
      3        0.499      0.500
      4        0.501      0.503
      5        0.501      0.499
      6        0.500      0.499
      7        0.496      0.501
      8        0.498      0.495
      9        0.502      0.503
     10        0.503      0.504
     11        0.500      0.496
     12        0.500      0.501
     13        0.500      0.498
     14        0.502      0.504
     15        0.501      0.502
     16        0.502      0.500
     17        0.497      0.497
     18        0.502      0.503
* Pair-correlation analysis (ave. no. pairs per config.):
  > Shell  nsite  ___dh____  __eueu___  __eued___
      0      1        0          0          3.226
      1      0        0.929      0.543      2.548
      2      0        0.149      0.344      0.534
      3      0        0.286      0.703      1.051
      4      0        0.246      0.756      1.055
      5      0        0.750      0.972      2.329
      6      0        0.617      1.284      2.194
      7      0        0.482      1.531      2.080
      8      0        0.123      1.043      0.976
      9      0        0.158      0.837      1.124
     10      0        0.148      0.860      1.080
     11      0        0.240      2.072      1.940
     12      0        0.291      1.897      2.047
     13      0        0.332      1.863      2.052
     14      0        0.254      2.042      1.952
     15      0        0.265      2.099      1.938
     16      0        0.250      2.092      1.934
     17      0        0.257      2.113      1.917
     18      0        0.289      2.075      1.929
     19      0        0.237      1.978      2.039
     20      0        0.121      0.991      1.031
     21      0        0.224      2.119      1.921
     22      0        0.267      2.035      1.967
     23      0        0.243      2.056      1.974
     24      0        0.263      2.020      1.971
     25      0        0.151      0.963      1.007
     26      0        0.148      1.005      0.973
     27      0        0.239      1.994      2.018
     28      0        0.280      1.950      2.032
     29      0        0.266      2.032      1.978
     30      0        0.238      2.025      1.990
     31      0        0.264      1.969      1.997
     32      0        0.247      1.985      2.033
     33      0        0.265      1.993      1.968
     34      0        0.270      1.970      2.003
     35      0        0.241      2.027      2.003
     36      0        0.277      1.920      2.064
     37      0        0.115      0.995      1.002
     38      0        0.261      1.878      2.115
     39      0        0.234      2.009      1.994
     40      0        0.268      2.003      1.975
     41      0        0.114      0.999      0.998
     42      0        0.119      0.999      1.010
     43      0        0.234      2.001      2.001
     44      0        0.270      1.956      2.023
     45      0        0.119      1.004      1.004

Optimization #3:
* Method          : lls
* Target function : energy
* No. of configs. : 100352
* No. of params.  : 116
* Before optimization:
  -2.8899E+00  -2.9152E+00  -2.8843E+00  -2.9031E+00  -2.9060E+00   6.5027E-01
   6.5410E-01   5.5863E-01   4.7013E-01   8.6580E-01   5.3443E-01   5.1869E-01
   6.3645E-01   6.3372E-01   6.2840E-01   6.1900E-01   3.2526E-01   3.7699E-02
   1.0514E-01   2.4620E-01   2.4748E-01   1.6747E-01   1.6567E-01   4.9483E-02
   5.4632E-02   2.0502E-01   2.0506E-01   2.1703E-01   2.1613E-01   2.9676E-01
   2.9354E-01   1.5291E-01   1.4805E-01   1.7567E-01   1.8116E-01  -2.0149E-02
  -1.9330E-02   4.6192E-02   3.8355E-01   3.8286E-01  -5.1616E-02  -5.4054E-02
  -4.5607E-02  -4.5930E-02  -5.2236E-02  -4.9549E-02  -1.2828E-01  -1.2498E-01
   4.0822E-03   7.2192E-03  -9.1953E-02  -9.3963E-02  -9.3201E-02  -9.0956E-02
   3.2716E-02   3.4274E-02  -1.7063E-01  -3.2334E-01  -2.6469E-01  -2.6064E-01
  -2.0378E-01  -2.0717E-01  -2.8792E-01  -4.2582E-01  -1.8440E-01  -2.4927E-01
  -2.5876E-01  -3.0762E-01  -2.6069E-01  -2.8381E-01  -1.5637E-01  -1.8934E-01
  -6.1429E-02   1.9961E-02  -8.5239E-02  -3.6437E-02  -1.2503E-01  -1.4080E-01
  -7.1652E-02  -8.6856E-02  -2.9937E-02  -1.7244E-02  -1.1249E-01  -1.0013E-01
  -1.1843E-01  -1.0978E-01  -1.4888E-01  -1.8525E-01  -8.9348E-02  -8.0011E-02
  -9.3511E-02  -1.1098E-01   2.5155E-03   1.4997E-02  -3.1278E-02  -2.0604E-02
  -1.8615E-01  -2.4677E-01   2.7147E-02   2.7305E-02   3.1924E-02   1.5147E-02
   2.0691E-02   2.9017E-02   6.0973E-02   7.0589E-02   6.4276E-02   6.7350E-02
  -6.1170E-03  -1.1114E-03   4.3633E-02   4.8215E-02   4.8289E-02   4.5018E-02
  -1.6581E-02  -1.9049E-02
  > E    =  -6.886213924101E+02 +/-   3.152433167090E-04
  > varE =   9.972816051720E-03
* Computing derivatives.
    [walltime: 1m4s elapsed, 3m20s remaining]
  Done. [total walltime: 4m21s]
* Optimizing manipulation constant:
  #igrid a___________ E____________________________________ varE____________
     1     Infinity    -6.88621392E+02 +/-   3.15243317E-04   9.97281605E-03
     2     1.0000E+06  -6.88621392E+02 +/-   3.15243316E-04   9.97281601E-03
     3     2.1544E+05  -6.88621392E+02 +/-   3.15243314E-04   9.97281587E-03
     4     4.6416E+04  -6.88621392E+02 +/-   3.15243304E-04   9.97281522E-03
     5     1.0000E+04  -6.88621392E+02 +/-   3.15243256E-04   9.97281221E-03
     6     2.1544E+03  -6.88621392E+02 +/-   3.15243035E-04   9.97279821E-03
     7     4.6416E+02  -6.88621393E+02 +/-   3.15242013E-04   9.97273355E-03
     8     1.0000E+02  -6.88621393E+02 +/-   3.15237366E-04   9.97243957E-03
     9     2.1544E+01  -6.88621394E+02 +/-   3.15217743E-04   9.97119806E-03
    10     4.6416E+00  -6.88621400E+02 +/-   3.15157285E-04   9.96737351E-03
    11     1.0000E+00  -6.88621408E+02 +/-   3.15112040E-04   9.96451184E-03
    12     2.1544E-01  -6.88621411E+02 +/-   3.15258497E-04   9.97377657E-03
    13     4.6416E-02  -6.88621410E+02 +/-   3.15413368E-04   9.98357822E-03
    14     1.0000E-02  -6.88621409E+02 +/-   3.15467614E-04   9.98701249E-03
    15     2.1544E-03  -6.88621409E+02 +/-   3.15480789E-04   9.98784675E-03
    16     4.6416E-04  -6.88621409E+02 +/-   3.15483705E-04   9.98803136E-03
    17     1.0000E-04  -6.88621409E+02 +/-   3.15484337E-04   9.98807137E-03
    18     2.1544E-05  -6.88621409E+02 +/-   3.15484473E-04   9.98808000E-03
    19     4.6416E-06  -6.88621409E+02 +/-   3.15484503E-04   9.98808186E-03
    20     1.0000E-06  -6.88621409E+02 +/-   3.15484509E-04   9.98808226E-03
    21     0.0000E+00  -6.88621409E+02 +/-   3.15484511E-04   9.98808237E-03
* Iteration # 1: E =  -6.886214109274E+02 +/-   3.152584974971E-04
* Reached maximum number of iterations: exiting.
* After optimization:
  -2.9213E+00  -2.9427E+00  -2.9147E+00  -2.9333E+00  -2.9317E+00   6.5786E-01
   6.5814E-01   5.6530E-01   4.7659E-01   8.7573E-01   5.3508E-01   5.2173E-01
   6.3812E-01   6.3370E-01   6.2488E-01   6.1570E-01   3.2630E-01   4.6756E-02
   1.0799E-01   2.4436E-01   2.4547E-01   1.6605E-01   1.6843E-01   5.4772E-02
   5.9278E-02   2.0657E-01   2.0729E-01   2.2368E-01   2.2349E-01   2.9362E-01
   2.9344E-01   1.5975E-01   1.5473E-01   1.7700E-01   1.8164E-01  -1.8677E-02
  -1.4550E-02   4.6457E-02   3.8902E-01   3.8718E-01  -5.1134E-02  -5.3480E-02
  -4.6274E-02  -4.5345E-02  -5.1231E-02  -4.8013E-02  -1.2788E-01  -1.2457E-01
   7.9562E-03   5.8754E-03  -9.3166E-02  -9.3723E-02  -9.2379E-02  -9.1987E-02
   3.1966E-02   3.2946E-02  -1.6422E-01  -3.3278E-01  -2.6813E-01  -2.5935E-01
  -2.0483E-01  -2.1300E-01  -2.8515E-01  -4.3879E-01  -1.8672E-01  -2.5074E-01
  -2.6093E-01  -3.0438E-01  -2.5479E-01  -2.8585E-01  -1.5769E-01  -1.8967E-01
  -6.8766E-02   1.6102E-02  -8.0629E-02  -4.5354E-02  -1.2384E-01  -1.4136E-01
  -6.7551E-02  -9.0732E-02  -3.4354E-02  -1.9702E-02  -1.1033E-01  -1.0724E-01
  -1.2527E-01  -1.1131E-01  -1.4402E-01  -1.8887E-01  -9.2208E-02  -8.3944E-02
  -9.5927E-02  -1.1053E-01   3.3173E-03   1.4026E-02  -3.1208E-02  -1.7063E-02
  -1.8135E-01  -2.5730E-01   2.7217E-02   2.7484E-02   2.9979E-02   1.3243E-02
   2.0654E-02   2.7602E-02   6.1095E-02   6.9052E-02   6.4120E-02   6.6843E-02
  -6.1086E-03  -3.0156E-03   4.4738E-02   4.9210E-02   4.8083E-02   4.5003E-02
  -1.5445E-02  -1.9573E-02
  > Energy =  -6.886214109274E+02 +/-   3.152584974971E-04
  > varE =   9.973776572341E-03

VMC #4:
* Size of Hilbert space =   2.3639E+09
* Number of equil. steps   = 1000
* Running VMC equilibration.
  Done. [total walltime: 0.02s]
* Equil. acc.ratio (%)     =  18.1075
* Sample config after equilibration:
  +-------+
  |  u u  |
  |d     d|
  |  u d  |
  |0     u|
  |  2 d  |
  |d     u|
  |  u d  |
  |2     u|
  |  0 d  |
  +-------+
* Number of accum. steps   = 501760 x 10
* Running VMC accumulation.
  Done. [total walltime: 18.3s]
* Acceptance ratio (%)     =  18.0518
* Etot/t                   =  -6.886208669020E+02 +/-   1.340404384772E-04
  > Ttot/t                 =  -5.654786104899E+01 +/-   8.163293904230E-04
  > Utot/t                 =   2.439383142951E+01 +/-   8.074152760606E-04
* var[Eloc/t]              =   9.205428109234E-03 +/-   3.441772601352E-05
* Correlation length       =   9.793179745147E-01
* log10 Psi^2 range: -23.156407176846351 -- -13.800786966634398
* log10 Pgen range : -23.156407176846351 -- -13.800786966634398
* Site occupation (ave. no. electrons per config.):
  > Site_  ___eu____  ___ed____
      1        0.499      0.497
      2        0.499      0.495
      3        0.497      0.500
      4        0.506      0.501
      5        0.501      0.503
      6        0.498      0.500
      7        0.498      0.498
      8        0.496      0.495
      9        0.504      0.501
     10        0.501      0.506
     11        0.496      0.499
     12        0.500      0.498
     13        0.500      0.501
     14        0.505      0.503
     15        0.502      0.501
     16        0.499      0.504
     17        0.495      0.499
     18        0.503      0.499
* Pair-correlation analysis (ave. no. pairs per config.):
  > Shell  nsite  ___dh____  __eueu___  __eued___
      0      1        0          0          3.221
      1      0        0.931      0.539      2.551
      2      0        0.149      0.344      0.532
      3      0        0.283      0.702      1.052
      4      0        0.245      0.754      1.059
      5      0        0.747      0.972      2.335
      6      0        0.617      1.285      2.193
      7      0        0.481      1.528      2.078
      8      0        0.125      1.043      0.979
      9      0        0.159      0.840      1.126
     10      0        0.149      0.858      1.079
     11      0        0.241      2.072      1.941
     12      0        0.292      1.891      2.046
     13      0        0.327      1.861      2.050
     14      0        0.250      2.044      1.948
     15      0        0.265      2.094      1.939
     16      0        0.246      2.094      1.937
     17      0        0.258      2.117      1.915
     18      0        0.289      2.068      1.924
     19      0        0.240      1.979      2.039
     20      0        0.121      0.993      1.035
     21      0        0.223      2.126      1.916
     22      0        0.266      2.042      1.965
     23      0        0.240      2.057      1.983
     24      0        0.266      2.010      1.968
     25      0        0.154      0.958      1.005
     26      0        0.145      1.004      0.973
     27      0        0.237      2.000      2.020
     28      0        0.276      1.954      2.029
     29      0        0.265      2.027      1.976
     30      0        0.237      2.022      1.997
     31      0        0.265      1.968      1.991
     32      0        0.245      1.992      2.035
     33      0        0.265      1.990      1.971
     34      0        0.271      1.970      2.003
     35      0        0.242      2.031      2.003
     36      0        0.273      1.926      2.065
     37      0        0.114      0.996      1.001
     38      0        0.260      1.883      2.118
     39      0        0.235      2.009      1.992
     40      0        0.268      2.001      1.977
     41      0        0.112      1.000      0.998
     42      0        0.118      0.999      1.012
     43      0        0.236      1.996      2.004
     44      0        0.268      1.955      2.016
     45      0        0.119      1.007      1.003

Optimization #4:
* Method          : lls
* Target function : energy
* No. of configs. : 100352
* No. of params.  : 116
* Before optimization:
  -2.9213E+00  -2.9427E+00  -2.9147E+00  -2.9333E+00  -2.9317E+00   6.5786E-01
   6.5814E-01   5.6530E-01   4.7659E-01   8.7573E-01   5.3508E-01   5.2173E-01
   6.3812E-01   6.3370E-01   6.2488E-01   6.1570E-01   3.2630E-01   4.6756E-02
   1.0799E-01   2.4436E-01   2.4547E-01   1.6605E-01   1.6843E-01   5.4772E-02
   5.9278E-02   2.0657E-01   2.0729E-01   2.2368E-01   2.2349E-01   2.9362E-01
   2.9344E-01   1.5975E-01   1.5473E-01   1.7700E-01   1.8164E-01  -1.8677E-02
  -1.4550E-02   4.6457E-02   3.8902E-01   3.8718E-01  -5.1134E-02  -5.3480E-02
  -4.6274E-02  -4.5345E-02  -5.1231E-02  -4.8013E-02  -1.2788E-01  -1.2457E-01
   7.9562E-03   5.8754E-03  -9.3166E-02  -9.3723E-02  -9.2379E-02  -9.1987E-02
   3.1966E-02   3.2946E-02  -1.6422E-01  -3.3278E-01  -2.6813E-01  -2.5935E-01
  -2.0483E-01  -2.1300E-01  -2.8515E-01  -4.3879E-01  -1.8672E-01  -2.5074E-01
  -2.6093E-01  -3.0438E-01  -2.5479E-01  -2.8585E-01  -1.5769E-01  -1.8967E-01
  -6.8766E-02   1.6102E-02  -8.0629E-02  -4.5354E-02  -1.2384E-01  -1.4136E-01
  -6.7551E-02  -9.0732E-02  -3.4354E-02  -1.9702E-02  -1.1033E-01  -1.0724E-01
  -1.2527E-01  -1.1131E-01  -1.4402E-01  -1.8887E-01  -9.2208E-02  -8.3944E-02
  -9.5927E-02  -1.1053E-01   3.3173E-03   1.4026E-02  -3.1208E-02  -1.7063E-02
  -1.8135E-01  -2.5730E-01   2.7217E-02   2.7484E-02   2.9979E-02   1.3243E-02
   2.0654E-02   2.7602E-02   6.1095E-02   6.9052E-02   6.4120E-02   6.6843E-02
  -6.1086E-03  -3.0156E-03   4.4738E-02   4.9210E-02   4.8083E-02   4.5003E-02
  -1.5445E-02  -1.9573E-02
  > E    =  -6.886210312498E+02 +/-   3.020731007746E-04
  > varE =   9.156935172848E-03
* Computing derivatives.
    [walltime: 1m5s elapsed, 3m21s remaining]
  Done. [total walltime: 4m21s]
* Optimizing manipulation constant:
  #igrid a___________ E____________________________________ varE____________
     1     Infinity    -6.88621031E+02 +/-   3.02073101E-04   9.15693517E-03
     2     1.0000E+06  -6.88621031E+02 +/-   3.02073101E-04   9.15693519E-03
     3     2.1544E+05  -6.88621031E+02 +/-   3.02073102E-04   9.15693523E-03
     4     4.6416E+04  -6.88621031E+02 +/-   3.02073105E-04   9.15693544E-03
     5     1.0000E+04  -6.88621031E+02 +/-   3.02073121E-04   9.15693639E-03
     6     2.1544E+03  -6.88621031E+02 +/-   3.02073194E-04   9.15694083E-03
     7     4.6416E+02  -6.88621031E+02 +/-   3.02073536E-04   9.15696156E-03
     8     1.0000E+02  -6.88621032E+02 +/-   3.02075158E-04   9.15705990E-03
     9     2.1544E+01  -6.88621033E+02 +/-   3.02083359E-04   9.15755710E-03
    10     4.6416E+00  -6.88621038E+02 +/-   3.02129772E-04   9.16037129E-03
    11     1.0000E+00  -6.88621048E+02 +/-   3.02339743E-04   9.17310809E-03
    12     2.1544E-01  -6.88621055E+02 +/-   3.02711323E-04   9.19566972E-03
    13     4.6416E-02  -6.88621055E+02 +/-   3.02932467E-04   9.20911034E-03
    14     1.0000E-02  -6.88621054E+02 +/-   3.02999714E-04   9.21319936E-03
    15     2.1544E-03  -6.88621054E+02 +/-   3.03015560E-04   9.21416307E-03
    16     4.6416E-04  -6.88621054E+02 +/-   3.03019045E-04   9.21437498E-03
    17     1.0000E-04  -6.88621054E+02 +/-   3.03019799E-04   9.21442084E-03
    18     2.1544E-05  -6.88621054E+02 +/-   3.03019961E-04   9.21443073E-03
    19     4.6416E-06  -6.88621054E+02 +/-   3.03019996E-04   9.21443286E-03
    20     1.0000E-06  -6.88621054E+02 +/-   3.03020004E-04   9.21443332E-03
    21     0.0000E+00  -6.88621054E+02 +/-   3.03020006E-04   9.21443344E-03
* Iteration # 1: E =  -6.886210546274E+02 +/-   3.027113228487E-04
* Reached maximum number of iterations: exiting.
* After optimization:
  -2.9026E+00  -2.9246E+00  -2.8949E+00  -2.9135E+00  -2.9133E+00   6.5575E-01
   6.5448E-01   5.6649E-01   4.7687E-01   8.7498E-01   5.3594E-01   5.2103E-01
   6.3990E-01   6.3393E-01   6.2536E-01   6.1695E-01   3.2846E-01   4.1296E-02
   1.0094E-01   2.4664E-01   2.4672E-01   1.6515E-01   1.6652E-01   5.1366E-02
   5.5302E-02   2.0497E-01   2.0372E-01   2.2211E-01   2.2201E-01   2.9470E-01
   2.9428E-01   1.5752E-01   1.5222E-01   1.7617E-01   1.8040E-01  -2.2548E-02
  -1.6996E-02   4.3223E-02   3.8571E-01   3.8376E-01  -5.4906E-02  -5.7211E-02
  -4.9745E-02  -4.9639E-02  -5.2166E-02  -4.9967E-02  -1.3259E-01  -1.2676E-01
   2.5626E-03   4.3787E-03  -9.6950E-02  -9.4699E-02  -9.4530E-02  -9.2731E-02
   3.3852E-02   3.4560E-02  -1.6668E-01  -3.3078E-01  -2.6847E-01  -2.6069E-01
  -2.0056E-01  -2.1718E-01  -2.9101E-01  -4.3385E-01  -1.8348E-01  -2.5103E-01
  -2.6051E-01  -3.0449E-01  -2.5235E-01  -2.8731E-01  -1.5924E-01  -1.8852E-01
  -6.3876E-02   1.7753E-02  -7.6724E-02  -4.1518E-02  -1.2476E-01  -1.4290E-01
  -6.5134E-02  -9.1179E-02  -3.1091E-02  -1.9241E-02  -1.0761E-01  -1.0757E-01
  -1.2341E-01  -1.1185E-01  -1.4343E-01  -1.9085E-01  -8.8333E-02  -8.5102E-02
  -9.4306E-02  -1.1095E-01   2.8463E-03   1.4335E-02  -2.8970E-02  -1.6595E-02
  -1.8136E-01  -2.5282E-01   2.8615E-02   2.8286E-02   3.2102E-02   1.6934E-02
   2.1396E-02   2.9411E-02   6.4553E-02   7.0227E-02   6.6285E-02   6.7017E-02
  -4.5572E-03  -9.0370E-04   4.5269E-02   5.0472E-02   4.8559E-02   4.4893E-02
  -1.7149E-02  -1.9502E-02
  > Energy =  -6.886210546274E+02 +/-   3.027113228487E-04
  > varE =   9.195669717112E-03

VMC #5:
* Size of Hilbert space =   2.3639E+09
* Number of equil. steps   = 1000
* Running VMC equilibration.
  Done. [total walltime: 0.01s]
* Equil. acc.ratio (%)     =  18.0764
* Sample config after equilibration:
  +-------+
  |  d 0  |
  |u     2|
  |  2 0  |
  |u     d|
  |  d u  |
  |u     d|
  |  d u  |
  |u     2|
  |  d 0  |
  +-------+
* Number of accum. steps   = 501760 x 10
* Running VMC accumulation.
  Done. [total walltime: 18.2s]
* Acceptance ratio (%)     =  18.0493
* Etot/t                   =  -6.886207029302E+02 +/-   1.331488023069E-04
  > Ttot/t                 =  -5.654746067886E+01 +/-   8.129536015299E-04
  > Utot/t                 =   2.439359503118E+01 +/-   8.044135568877E-04
* var[Eloc/t]              =   9.297362383129E-03 +/-   4.510347104180E-05
* Correlation length       =   9.567771754573E-01
* log10 Psi^2 range: -23.402220553032457 -- -13.729469244086740
* log10 Pgen range : -23.402220553032457 -- -13.729469244086740
* Site occupation (ave. no. electrons per config.):
  > Site_  ___eu____  ___ed____
      1        0.500      0.499
      2        0.497      0.496
      3        0.496      0.499
      4        0.503      0.500
      5        0.501      0.502
      6        0.499      0.499
      7        0.499      0.501
      8        0.498      0.495
      9        0.505      0.505
     10        0.502      0.502
     11        0.499      0.495
     12        0.501      0.498
     13        0.500      0.498
     14        0.501      0.505
     15        0.502      0.503
     16        0.501      0.499
     17        0.496      0.500
     18        0.501      0.503
* Pair-correlation analysis (ave. no. pairs per config.):
  > Shell  nsite  ___dh____  __eueu___  __eued___
      0      1        0          0          3.235
      1      0        0.940      0.541      2.542
      2      0        0.148      0.344      0.533
      3      0        0.285      0.702      1.052
      4      0        0.250      0.753      1.057
      5      0        0.748      0.971      2.333
      6      0        0.620      1.282      2.191
      7      0        0.482      1.533      2.077
      8      0        0.125      1.042      0.977
      9      0        0.159      0.840      1.125
     10      0        0.151      0.859      1.079
     11      0        0.245      2.068      1.941
     12      0        0.294      1.895      2.047
     13      0        0.329      1.864      2.049
     14      0        0.255      2.039      1.952
     15      0        0.268      2.092      1.937
     16      0        0.253      2.090      1.937
     17      0        0.259      2.113      1.913
     18      0        0.286      2.073      1.927
     19      0        0.239      1.976      2.040
     20      0        0.123      0.992      1.029
     21      0        0.223      2.128      1.921
     22      0        0.267      2.034      1.969
     23      0        0.245      2.059      1.976
     24      0        0.265      2.014      1.970
     25      0        0.153      0.962      1.004
     26      0        0.146      1.005      0.975
     27      0        0.238      2.003      2.016
     28      0        0.277      1.953      2.033
     29      0        0.269      2.028      1.977
     30      0        0.236      2.020      1.998
     31      0        0.266      1.976      1.987
     32      0        0.244      1.993      2.036
     33      0        0.269      1.984      1.973
     34      0        0.271      1.974      2.004
     35      0        0.246      2.024      2.002
     36      0        0.278      1.920      2.059
     37      0        0.114      1.000      1.000
     38      0        0.261      1.886      2.118
     39      0        0.238      2.004      1.999
     40      0        0.271      1.998      1.978
     41      0        0.116      0.995      1.000
     42      0        0.122      1.001      1.008
     43      0        0.236      2.007      2.001
     44      0        0.271      1.957      2.018
     45      0        0.121      1.005      1.005

Optimization #5:
* Method          : lls
* Target function : energy
* No. of configs. : 100352
* No. of params.  : 116
* Before optimization:
  -2.9026E+00  -2.9246E+00  -2.8949E+00  -2.9135E+00  -2.9133E+00   6.5575E-01
   6.5448E-01   5.6649E-01   4.7687E-01   8.7498E-01   5.3594E-01   5.2103E-01
   6.3990E-01   6.3393E-01   6.2536E-01   6.1695E-01   3.2846E-01   4.1296E-02
   1.0094E-01   2.4664E-01   2.4672E-01   1.6515E-01   1.6652E-01   5.1366E-02
   5.5302E-02   2.0497E-01   2.0372E-01   2.2211E-01   2.2201E-01   2.9470E-01
   2.9428E-01   1.5752E-01   1.5222E-01   1.7617E-01   1.8040E-01  -2.2548E-02
  -1.6996E-02   4.3223E-02   3.8571E-01   3.8376E-01  -5.4906E-02  -5.7211E-02
  -4.9745E-02  -4.9639E-02  -5.2166E-02  -4.9967E-02  -1.3259E-01  -1.2676E-01
   2.5626E-03   4.3787E-03  -9.6950E-02  -9.4699E-02  -9.4530E-02  -9.2731E-02
   3.3852E-02   3.4560E-02  -1.6668E-01  -3.3078E-01  -2.6847E-01  -2.6069E-01
  -2.0056E-01  -2.1718E-01  -2.9101E-01  -4.3385E-01  -1.8348E-01  -2.5103E-01
  -2.6051E-01  -3.0449E-01  -2.5235E-01  -2.8731E-01  -1.5924E-01  -1.8852E-01
  -6.3876E-02   1.7753E-02  -7.6724E-02  -4.1518E-02  -1.2476E-01  -1.4290E-01
  -6.5134E-02  -9.1179E-02  -3.1091E-02  -1.9241E-02  -1.0761E-01  -1.0757E-01
  -1.2341E-01  -1.1185E-01  -1.4343E-01  -1.9085E-01  -8.8333E-02  -8.5102E-02
  -9.4306E-02  -1.1095E-01   2.8463E-03   1.4335E-02  -2.8970E-02  -1.6595E-02
  -1.8136E-01  -2.5282E-01   2.8615E-02   2.8286E-02   3.2102E-02   1.6934E-02
   2.1396E-02   2.9411E-02   6.4553E-02   7.0227E-02   6.6285E-02   6.7017E-02
  -4.5572E-03  -9.0370E-04   4.5269E-02   5.0472E-02   4.8559E-02   4.4893E-02
  -1.7149E-02  -1.9502E-02
  > E    =  -6.886205941584E+02 +/-   3.055865821503E-04
  > varE =   9.371186791065E-03
* Computing derivatives.
    [walltime: 1m5s elapsed, 3m20s remaining]
  Done. [total walltime: 4m21s]
* Optimizing manipulation constant:
  #igrid a___________ E____________________________________ varE____________
     1     Infinity    -6.88620594E+02 +/-   3.05586582E-04   9.37118679E-03
     2     1.0000E+06  -6.88620594E+02 +/-   3.05586582E-04   9.37118675E-03
     3     2.1544E+05  -6.88620594E+02 +/-   3.05586579E-04   9.37118662E-03
     4     4.6416E+04  -6.88620594E+02 +/-   3.05586569E-04   9.37118598E-03
     5     1.0000E+04  -6.88620594E+02 +/-   3.05586521E-04   9.37118302E-03
     6     2.1544E+03  -6.88620594E+02 +/-   3.05586297E-04   9.37116932E-03
     7     4.6416E+02  -6.88620594E+02 +/-   3.05585265E-04   9.37110602E-03
     8     1.0000E+02  -6.88620595E+02 +/-   3.05580585E-04   9.37081898E-03
     9     2.1544E+01  -6.88620596E+02 +/-   3.05561052E-04   9.36962100E-03
    10     4.6416E+00  -6.88620601E+02 +/-   3.05503974E-04   9.36612092E-03
    11     1.0000E+00  -6.88620609E+02 +/-   3.05474639E-04   9.36432230E-03
    12     2.1544E-01  -6.88620613E+02 +/-   3.05606449E-04   9.37240532E-03
    13     4.6416E-02  -6.88620613E+02 +/-   3.05720416E-04   9.37939697E-03
    14     1.0000E-02  -6.88620613E+02 +/-   3.05757024E-04   9.38164332E-03
    15     2.1544E-03  -6.88620613E+02 +/-   3.05765686E-04   9.38217492E-03
    16     4.6416E-04  -6.88620612E+02 +/-   3.05767591E-04   9.38229182E-03
    17     1.0000E-04  -6.88620612E+02 +/-   3.05768004E-04   9.38231712E-03
    18     2.1544E-05  -6.88620612E+02 +/-   3.05768093E-04   9.38232258E-03
    19     4.6416E-06  -6.88620612E+02 +/-   3.05768112E-04   9.38232375E-03
    20     1.0000E-06  -6.88620612E+02 +/-   3.05768116E-04   9.38232401E-03
    21     0.0000E+00  -6.88620612E+02 +/-   3.05768117E-04   9.38232408E-03
* Iteration # 1: E =  -6.886206132863E+02 +/-   3.056064490653E-04
* Reached maximum number of iterations: exiting.
* After optimization:
  -2.9340E+00  -2.9551E+00  -2.9251E+00  -2.9450E+00  -2.9440E+00   6.6500E-01
   6.6397E-01   5.7187E-01   4.7832E-01   8.7819E-01   5.3748E-01   5.2364E-01
   6.4544E-01   6.3822E-01   6.3122E-01   6.2194E-01   3.3153E-01   4.5109E-02
   1.0787E-01   2.4630E-01   2.4717E-01   1.6815E-01   1.6966E-01   5.5001E-02
   5.7409E-02   2.0573E-01   2.0529E-01   2.2791E-01   2.2697E-01   3.0031E-01
   2.9842E-01   1.5735E-01   1.5491E-01   1.7939E-01   1.8226E-01  -2.1559E-02
  -1.7173E-02   4.5662E-02   3.9067E-01   3.9050E-01  -5.1990E-02  -5.6776E-02
  -4.7872E-02  -4.6831E-02  -5.2714E-02  -5.0129E-02  -1.3144E-01  -1.2735E-01
   4.5016E-03   7.5987E-03  -9.8279E-02  -9.5839E-02  -9.5988E-02  -9.4908E-02
   3.4341E-02   3.5997E-02  -1.7337E-01  -3.3238E-01  -2.6782E-01  -2.6383E-01
  -2.0450E-01  -2.1676E-01  -2.9552E-01  -4.3663E-01  -1.8491E-01  -2.4954E-01
  -2.6254E-01  -3.0762E-01  -2.5918E-01  -2.8704E-01  -1.6094E-01  -1.9256E-01
  -6.8154E-02   1.8100E-02  -8.1540E-02  -4.0064E-02  -1.2635E-01  -1.4228E-01
  -6.9155E-02  -9.0178E-02  -3.2530E-02  -2.0096E-02  -1.1142E-01  -1.0635E-01
  -1.2578E-01  -1.1475E-01  -1.4861E-01  -1.9052E-01  -9.0989E-02  -8.2931E-02
  -9.5781E-02  -1.1209E-01   3.7866E-03   1.7662E-02  -3.0448E-02  -1.6683E-02
  -1.8693E-01  -2.5414E-01   2.7951E-02   2.8670E-02   2.9501E-02   1.4951E-02
   2.0900E-02   2.9194E-02   6.1916E-02   6.9841E-02   6.4906E-02   6.5732E-02
  -5.2690E-03  -2.1496E-03   4.6461E-02   5.0750E-02   5.0325E-02   4.5552E-02
  -1.8254E-02  -1.9826E-02
  > Energy =  -6.886206132863E+02 +/-   3.056064490653E-04
  > varE =   9.372405317235E-03

VMC #6:
* Size of Hilbert space =   2.3639E+09
* Number of equil. steps   = 1000
* Running VMC equilibration.
  Done. [total walltime: 0.01s]
* Equil. acc.ratio (%)     =  18.0590
* Sample config after equilibration:
  +-------+
  |  d u  |
  |u     d|
  |  d u  |
  |u     d|
  |  2 u  |
  |0     d|
  |  u d  |
  |d     u|
  |  u d  |
  +-------+
* Number of accum. steps   = 501760 x 10
* Running VMC accumulation.
  Done. [total walltime: 18.3s]
* Acceptance ratio (%)     =  18.0280
* Etot/t                   =  -6.886208714344E+02 +/-   1.365542694857E-04
  > Ttot/t                 =  -5.654775713986E+01 +/-   8.093326827078E-04
  > Utot/t                 =   2.439372298798E+01 +/-   8.008968674145E-04
* var[Eloc/t]              =   9.285077116799E-03 +/-   6.183636370063E-05
* Correlation length       =   1.007676401637E+00
* log10 Psi^2 range: -23.696355458217621 -- -13.830443264295839
* log10 Pgen range : -23.696355458217621 -- -13.830443264295839
* Site occupation (ave. no. electrons per config.):
  > Site_  ___eu____  ___ed____
      1        0.501      0.496
      2        0.498      0.497
      3        0.495      0.498
      4        0.504      0.504
      5        0.503      0.500
      6        0.497      0.501
      7        0.500      0.499
      8        0.495      0.498
      9        0.503      0.502
     10        0.504      0.504
     11        0.498      0.499
     12        0.498      0.500
     13        0.500      0.500
     14        0.503      0.504
     15        0.501      0.501
     16        0.500      0.500
     17        0.499      0.495
     18        0.500      0.501
* Pair-correlation analysis (ave. no. pairs per config.):
  > Shell  nsite  ___dh____  __eueu___  __eued___
      0      1        0          0          3.220
      1      0        0.933      0.538      2.547
      2      0        0.148      0.343      0.531
      3      0        0.285      0.703      1.054
      4      0        0.245      0.755      1.053
      5      0        0.747      0.974      2.336
      6      0        0.615      1.280      2.196
      7      0        0.481      1.538      2.076
      8      0        0.123      1.045      0.978
      9      0        0.156      0.843      1.127
     10      0        0.149      0.862      1.080
     11      0        0.244      2.068      1.946
     12      0        0.289      1.898      2.045
     13      0        0.331      1.861      2.044
     14      0        0.255      2.042      1.949
     15      0        0.264      2.091      1.940
     16      0        0.251      2.084      1.941
     17      0        0.258      2.115      1.920
     18      0        0.284      2.073      1.927
     19      0        0.237      1.984      2.041
     20      0        0.121      0.995      1.033
     21      0        0.225      2.119      1.920
     22      0        0.264      2.038      1.974
     23      0        0.241      2.052      1.981
     24      0        0.266      2.005      1.974
     25      0        0.151      0.964      1.005
     26      0        0.145      1.004      0.978
     27      0        0.236      2.001      2.020
     28      0        0.275      1.956      2.022
     29      0        0.266      2.022      1.973
     30      0        0.236      2.024      1.998
     31      0        0.266      1.971      1.992
     32      0        0.244      1.992      2.034
     33      0        0.263      1.995      1.972
     34      0        0.271      1.969      2.002
     35      0        0.242      2.025      2.002
     36      0        0.276      1.927      2.060
     37      0        0.115      0.995      1.001
     38      0        0.260      1.886      2.112
     39      0        0.234      2.009      1.994
     40      0        0.270      1.996      1.979
     41      0        0.115      1.001      0.996
     42      0        0.119      0.999      1.008
     43      0        0.233      1.997      2.007
     44      0        0.269      1.956      2.014
     45      0        0.121      1.002      0.999

Optimization #6:
* Method          : lls
* Target function : energy
* No. of configs. : 100352
* No. of params.  : 116
* Before optimization:
  -2.9340E+00  -2.9551E+00  -2.9251E+00  -2.9450E+00  -2.9440E+00   6.6500E-01
   6.6397E-01   5.7187E-01   4.7832E-01   8.7819E-01   5.3748E-01   5.2364E-01
   6.4544E-01   6.3822E-01   6.3122E-01   6.2194E-01   3.3153E-01   4.5109E-02
   1.0787E-01   2.4630E-01   2.4717E-01   1.6815E-01   1.6966E-01   5.5001E-02
   5.7409E-02   2.0573E-01   2.0529E-01   2.2791E-01   2.2697E-01   3.0031E-01
   2.9842E-01   1.5735E-01   1.5491E-01   1.7939E-01   1.8226E-01  -2.1559E-02
  -1.7173E-02   4.5662E-02   3.9067E-01   3.9050E-01  -5.1990E-02  -5.6776E-02
  -4.7872E-02  -4.6831E-02  -5.2714E-02  -5.0129E-02  -1.3144E-01  -1.2735E-01
   4.5016E-03   7.5987E-03  -9.8279E-02  -9.5839E-02  -9.5988E-02  -9.4908E-02
   3.4341E-02   3.5997E-02  -1.7337E-01  -3.3238E-01  -2.6782E-01  -2.6383E-01
  -2.0450E-01  -2.1676E-01  -2.9552E-01  -4.3663E-01  -1.8491E-01  -2.4954E-01
  -2.6254E-01  -3.0762E-01  -2.5918E-01  -2.8704E-01  -1.6094E-01  -1.9256E-01
  -6.8154E-02   1.8100E-02  -8.1540E-02  -4.0064E-02  -1.2635E-01  -1.4228E-01
  -6.9155E-02  -9.0178E-02  -3.2530E-02  -2.0096E-02  -1.1142E-01  -1.0635E-01
  -1.2578E-01  -1.1475E-01  -1.4861E-01  -1.9052E-01  -9.0989E-02  -8.2931E-02
  -9.5781E-02  -1.1209E-01   3.7866E-03   1.7662E-02  -3.0448E-02  -1.6683E-02
  -1.8693E-01  -2.5414E-01   2.7951E-02   2.8670E-02   2.9501E-02   1.4951E-02
   2.0900E-02   2.9194E-02   6.1916E-02   6.9841E-02   6.4906E-02   6.5732E-02
  -5.2690E-03  -2.1496E-03   4.6461E-02   5.0750E-02   5.0325E-02   4.5552E-02
  -1.8254E-02  -1.9826E-02
  > E    =  -6.886215383673E+02 +/-   3.050270640461E-04
  > varE =   9.336901591511E-03
* Computing derivatives.
    [walltime: 1m5s elapsed, 3m20s remaining]
  Done. [total walltime: 4m21s]
* Optimizing manipulation constant:
  #igrid a___________ E____________________________________ varE____________
     1     Infinity    -6.88621538E+02 +/-   3.05027064E-04   9.33690159E-03
     2     1.0000E+06  -6.88621538E+02 +/-   3.05027063E-04   9.33690154E-03
     3     2.1544E+05  -6.88621538E+02 +/-   3.05027060E-04   9.33690135E-03
     4     4.6416E+04  -6.88621538E+02 +/-   3.05027046E-04   9.33690047E-03
     5     1.0000E+04  -6.88621538E+02 +/-   3.05026979E-04   9.33689639E-03
     6     2.1544E+03  -6.88621538E+02 +/-   3.05026670E-04   9.33687744E-03
     7     4.6416E+02  -6.88621538E+02 +/-   3.05025237E-04   9.33678976E-03
     8     1.0000E+02  -6.88621539E+02 +/-   3.05018670E-04   9.33638769E-03
     9     2.1544E+01  -6.88621540E+02 +/-   3.04989814E-04   9.33462125E-03
    10     4.6416E+00  -6.88621545E+02 +/-   3.04882593E-04   9.32805912E-03
    11     1.0000E+00  -6.88621553E+02 +/-   3.04632124E-04   9.31273898E-03
    12     2.1544E-01  -6.88621557E+02 +/-   3.04365642E-04   9.29645313E-03
    13     4.6416E-02  -6.88621557E+02 +/-   3.04248161E-04   9.28927791E-03
    14     1.0000E-02  -6.88621556E+02 +/-   3.04218169E-04   9.28744656E-03
    15     2.1544E-03  -6.88621556E+02 +/-   3.04211543E-04   9.28704202E-03
    16     4.6416E-04  -6.88621556E+02 +/-   3.04210110E-04   9.28695452E-03
    17     1.0000E-04  -6.88621556E+02 +/-   3.04209801E-04   9.28693566E-03
    18     2.1544E-05  -6.88621556E+02 +/-   3.04209735E-04   9.28693159E-03
    19     4.6416E-06  -6.88621556E+02 +/-   3.04209720E-04   9.28693072E-03
    20     1.0000E-06  -6.88621556E+02 +/-   3.04209717E-04   9.28693053E-03
    21     0.0000E+00  -6.88621556E+02 +/-   3.04209716E-04   9.28693047E-03
* Iteration # 1: E =  -6.886215570394E+02 +/-   3.043656419623E-04
* Reached maximum number of iterations: exiting.
* After optimization:
  -2.9308E+00  -2.9527E+00  -2.9230E+00  -2.9392E+00  -2.9433E+00   6.6187E-01
   6.6548E-01   5.7181E-01   4.7814E-01   8.7926E-01   5.3381E-01   5.2052E-01
   6.4367E-01   6.3757E-01   6.3128E-01   6.2191E-01   3.3002E-01   4.8569E-02
   1.0858E-01   2.4391E-01   2.4708E-01   1.6940E-01   1.6788E-01   5.5563E-02
   5.9589E-02   2.0561E-01   2.0480E-01   2.2627E-01   2.2798E-01   3.0122E-01
   3.0046E-01   1.6063E-01   1.5581E-01   1.7744E-01   1.8241E-01  -1.9357E-02
  -1.8471E-02   4.6539E-02   3.8982E-01   3.9118E-01  -5.2185E-02  -5.5645E-02
  -4.9349E-02  -4.8201E-02  -5.1654E-02  -4.9433E-02  -1.3246E-01  -1.2769E-01
   5.9575E-03   8.9898E-03  -9.8515E-02  -9.6728E-02  -9.5223E-02  -9.4036E-02
   3.5026E-02   3.5381E-02  -1.7414E-01  -3.3023E-01  -2.7042E-01  -2.6394E-01
  -2.0246E-01  -2.1847E-01  -2.9657E-01  -4.3289E-01  -1.8187E-01  -2.4899E-01
  -2.6261E-01  -3.0569E-01  -2.5708E-01  -2.8799E-01  -1.6131E-01  -1.9088E-01
  -6.9849E-02   1.6863E-02  -8.3236E-02  -4.0998E-02  -1.2437E-01  -1.4186E-01
  -6.8335E-02  -9.1094E-02  -3.2756E-02  -2.0814E-02  -1.0921E-01  -1.0697E-01
  -1.2589E-01  -1.1341E-01  -1.4893E-01  -1.9207E-01  -9.1407E-02  -8.5055E-02
  -9.5078E-02  -1.1229E-01   1.3092E-03   1.8000E-02  -3.1187E-02  -1.8166E-02
  -1.8761E-01  -2.5207E-01   2.7396E-02   2.7449E-02   2.8891E-02   1.6471E-02
   1.8363E-02   2.9881E-02   6.3318E-02   7.1706E-02   6.5678E-02   6.7059E-02
  -6.8467E-03  -2.2909E-03   4.5952E-02   5.2820E-02   4.9495E-02   4.6401E-02
  -1.7874E-02  -1.9986E-02
  > Energy =  -6.886215570394E+02 +/-   3.043656419623E-04
  > varE =   9.296453133001E-03

VMC #7:
* Size of Hilbert space =   2.3639E+09
* Number of equil. steps   = 1000
* Running VMC equilibration.
  Done. [total walltime: 0.01s]
* Equil. acc.ratio (%)     =  18.0755
* Sample config after equilibration:
  +-------+
  |  0 2  |
  |u     d|
  |  2 u  |
  |d     d|
  |  u 0  |
  |d     u|
  |  d u  |
  |0     d|
  |  2 u  |
  +-------+
* Number of accum. steps   = 501760 x 10
* Running VMC accumulation.
  Done. [total walltime: 18.3s]
* Acceptance ratio (%)     =  18.0350
* Etot/t                   =  -6.886208467386E+02 +/-   1.382661673397E-04
  > Ttot/t                 =  -5.654755673850E+01 +/-   8.226953194555E-04
  > Utot/t                 =   2.439354728242E+01 +/-   8.132263947615E-04
* var[Eloc/t]              =   9.188255569295E-03 +/-   5.233140760792E-05
* Correlation length       =   1.043986347702E+00
* log10 Psi^2 range: -22.945548544985783 -- -13.817155398826404
* log10 Pgen range : -22.945548544985783 -- -13.817155398826404
* Site occupation (ave. no. electrons per config.):
  > Site_  ___eu____  ___ed____
      1        0.497      0.497
      2        0.497      0.496
      3        0.502      0.498
      4        0.504      0.503
      5        0.500      0.504
      6        0.500      0.498
      7        0.497      0.502
      8        0.496      0.500
      9        0.503      0.502
     10        0.505      0.503
     11        0.495      0.500
     12        0.499      0.497
     13        0.502      0.497
     14        0.503      0.503
     15        0.501      0.503
     16        0.504      0.499
     17        0.498      0.497
     18        0.498      0.503
* Pair-correlation analysis (ave. no. pairs per config.):
  > Shell  nsite  ___dh____  __eueu___  __eued___
      0      1        0          0          3.227
      1      0        0.935      0.538      2.545
      2      0        0.150      0.345      0.530
      3      0        0.286      0.703      1.052
      4      0        0.248      0.753      1.057
      5      0        0.746      0.972      2.336
      6      0        0.617      1.281      2.196
      7      0        0.482      1.532      2.077
      8      0        0.124      1.042      0.979
      9      0        0.158      0.839      1.126
     10      0        0.150      0.859      1.076
     11      0        0.242      2.068      1.941
     12      0        0.293      1.894      2.050
     13      0        0.329      1.862      2.055
     14      0        0.253      2.043      1.950
     15      0        0.267      2.095      1.937
     16      0        0.251      2.091      1.938
     17      0        0.258      2.118      1.915
     18      0        0.288      2.075      1.924
     19      0        0.238      1.972      2.041
     20      0        0.122      0.991      1.033
     21      0        0.225      2.124      1.918
     22      0        0.265      2.042      1.963
     23      0        0.240      2.063      1.976
     24      0        0.266      2.011      1.970
     25      0        0.152      0.961      1.008
     26      0        0.147      1.003      0.977
     27      0        0.236      1.999      2.016
     28      0        0.278      1.950      2.034
     29      0        0.269      2.031      1.975
     30      0        0.238      2.018      1.995
     31      0        0.264      1.972      1.991
     32      0        0.242      1.996      2.036
     33      0        0.265      1.991      1.969
     34      0        0.269      1.974      2.007
     35      0        0.245      2.024      2.004
     36      0        0.275      1.926      2.064
     37      0        0.116      0.992      0.999
     38      0        0.262      1.884      2.116
     39      0        0.235      2.009      1.996
     40      0        0.271      1.998      1.978
     41      0        0.116      0.998      0.994
     42      0        0.122      1.001      1.008
     43      0        0.236      1.997      2.005
     44      0        0.270      1.956      2.016
     45      0        0.120      1.007      1.005

VDAGGER finished.
Total VDAGGER walltime: 55m26s

Run ended: Sat Nov  8 10:12:46 CET 2025
