Run started: Wed Nov 12 15:12:28 CET 2025
Using VDAGGER_ARCH = gnu7_fkfamd_cluster
Running 1x128 MPI processes.

                               xx
                              +##
                               #X
                               Xx
                          X##XxXxxX##x
                           +   Xx  ++
                               ##
                              +##
                              +##
     ++++         ++          +##
   xX+++##+      ####         +##
  Xx    ###      +X##          ##
 xX    X##+        ##          #X
 +    x##X         #x          #X
      ###         +#           x+
     X##+         #+
     ###         Xx                    _______
     ##X       +X+   __________________VDAGGER
     +##x    +xX     2nd quantized variational
       +xxxxx+       ______quantum Monte Carlo

* Running 1024 MPI processes.
* Input file: "input.casl"

############# Start of input file dump #############
General:
  Random seed: timer

Plan:
  VMC-optimization:
    Minimum cycles: 7
    Convergence cycles: 3

System:
  Read Hamiltonian: FCIDUMP_loc
  Hamiltonian tolerance: 1.e-10
  Read orbitals: LTSC.mat
  Complex orbitals: F
  Geometry:
    r_6: [ 2.65527474609200, 6.99295716670100 ]
    r_17: [ 1.36293650781400, 4.60945461241000 ]
    r_4: [ 2.64522049959100, 2.32844339311600 ]
    r_3: [ 1.36109054637300, 0.00000000000000 ]
    r_15: [ 1.35254544726900, 9.20289291228100 ]
    r_7: [ 2.65527474609200, -6.99295716670100 ]
    r_11: [ 1.36293650781400, -4.60945461241000 ]
    r_9: [ 2.64522049959100, -2.32844339311600 ]
    r_16: [ 1.35254544726900, -9.20289291228100 ]
    r_12: [ -2.65527474609200, 6.99295716670100 ]
    r_8: [ -1.36293650781400, 4.60945461241000 ]
    r_14: [ -2.64522049959100, 2.32844339311600 ]
    r_1: [ -1.36109054637300, 0.00000000000000 ]
    r_5: [ -1.35254544726900, 9.20289291228100 ]
    r_13: [ -2.65527474609200, -6.99295716670100 ]
    r_2: [ -1.36293650781400, -4.60945461241000 ]
    r_10: [ -2.64522049959100, -2.32844339311600 ]
    r_18: [ -1.35254544726900, -9.20289291228100 ]
    Tolerance: 0.05

VMC:
  nstep: 500000
  nconfig: 100000

Optimization:
  max_niter: 1

Jastrow: wfn.casl
############## End of input file dump ##############

General setup:
* Random seed: 1648134690 (from timer)

* Loaded integrals for system with nelec=18, ms2=0, norb=18
* INFO: setting number of electrons from integrals file.
* Analysis of Hamiltonian connecitivity performed:
  - T_ii (local, 1-site): 18 (i) values
  - U_iiii [opp] (local, 1-site): 18 (i) values
  - U_kkii [opp] (local, 2-site): 306 contribs. from 18 (i) values
  - U_kkii [par] (local, 2-site): 153 contribs. from 17 (i) values
  - T_ji (single, 2-site): 306 contribs. from 18 (i) values
  - U_kkji [opp] (single, 2/3-site): 5508 contribs. from 306 (i,j) pairs
  - U_kkji [par] (single, 3-site): 5202 contribs. from 306 (i,j) pairs
  - U_lkji [opp] (double, 2/3/4-site): 93492 contribs. from 306 (i,j) pairs
  - U_lkji [par] (double, 4-site): 21624 contribs. from 272 (i,j) pairs
  - Max. no. wfn. ratios in Eloc: 9843
* Reading override orbitals from file "LTSC.mat".
* Site labels:
  +-----------+
  |    5 15   |
  |12        6|
  |    8 17   |
  |14        4|
  |    1  3   |
  |10        9|
  |    2 11   |
  |13        7|
  |   18 16   |
  +-----------+
* Automatically set Site kinds:
  [ 1, 2, 1, 3, 4, 5, 5, 2, 3, 3, 2, 5, 5, 3, 4, 4, 2, 4 ]
  +-------+
  |  4 4  |
  |5     5|
  |  2 2  |
  |3     3|
  |  1 1  |
  |3     3|
  |  2 2  |
  |5     5|
  |  4 4  |
  +-------+
* Maximum Site kind: 5
* Number of site-pair kinds with Tij=0: 0
* Automatically set Site pair kinds:
  Site 1: [ 0, -18, 2, -15, 29, -24, -24, 18, -15, 6, -13, -44, -44, -6, 28, -28, 13, 29 ]
  Site 2: [ -18, 0, -13, 22, 40, -33, 14, 26, 17, -5, 3, 31, -7, 36, 34, -12, 25, 16 ]
  Site 3: [ 2, -13, 0, -6, 28, 44, 44, 13, -6, 15, -18, 24, 24, -15, 29, -29, 18, 28 ]
  Site 4: [ -15, 22, -6, 0, 23, 11, -30, -17, 8, 20, 36, 19, -27, 9, -38, 32, -5, -35 ]
  Site 5: [ 29, 40, 28, 23, 0, 21, 39, -16, -35, 32, 34, -1, -43, -38, 4, 42, -12, -45 ]
  Site 6: [ -24, -33, 44, 11, 21, 0, -41, -14, -30, -27, -31, -10, 37, -19, 1, -43, -7, 39 ]
  Site 7: [ -24, 14, 44, -30, 39, -41, 0, 33, 11, 19, 7, 37, -10, 27, 43, -1, 31, 21 ]
  Site 8: [ 18, 26, 13, -17, -16, -14, 33, 0, -22, 36, 25, 7, -31, -5, -12, 34, 3, -40 ]
  Site 9: [ -15, 17, -6, 8, -35, -30, 11, -22, 0, -9, 5, -27, 19, -20, -32, 38, -36, 23 ]
  Site 10: [ 6, -5, 15, 20, 32, -27, 19, 36, -9, 0, -17, -30, 11, -8, 35, 23, 22, 38 ]
  Site 11: [ -13, 3, -18, 36, 34, -31, 7, 25, 5, -17, 0, 33, -14, 22, 40, -16, 26, 12 ]
  Site 12: [ -44, 31, 24, 19, -1, -10, 37, 7, -27, -30, 33, 0, -41, -11, -21, 39, 14, -43 ]
  Site 13: [ -44, -7, 24, -27, -43, 37, -10, -31, 19, 11, -14, -41, 0, 30, -39, 21, -33, -1 ]
  Site 14: [ -6, 36, -15, 9, -38, -19, 27, -5, -20, -8, 22, -11, 30, 0, 23, 35, -17, -32 ]
  Site 15: [ 28, 34, 29, -38, 4, 1, 43, -12, -32, 35, 40, -21, -39, 23, 0, 45, -16, -42 ]
  Site 16: [ -28, -12, -29, 32, 42, -43, -1, 34, 38, 23, -16, 39, 21, 35, 45, 0, 40, -4 ]
  Site 17: [ 13, 25, 18, -5, -12, -7, 31, 3, -36, 22, 26, 14, -33, -17, -16, 40, 0, -34 ]
  Site 18: [ 29, 16, 28, -35, -45, 39, 21, -40, 23, 38, 12, -43, -1, -32, -42, -4, -34, 0 ]
  For site 1 of kind 1:
  +---------------+
  |     29  28    |
  |-44         -24|
  |     18  13    |
  | -6         -15|
  |      0   2    |
  |  6         -15|
  |    -18 -13    |
  |-44         -24|
  |     29 -28    |
  +---------------+
  For site 2 of kind 2:
  +---------------+
  |     40  34    |
  | 31         -33|
  |     26  25    |
  | 36          22|
  |    -18 -13    |
  | -5          17|
  |      0   3    |
  | -7          14|
  |     16 -12    |
  +---------------+
  For site 4 of kind 3:
  +---------------+
  |     23 -38    |
  | 19          11|
  |    -17  -5    |
  |  9           0|
  |    -15  -6    |
  | 20           8|
  |     22  36    |
  |-27         -30|
  |    -35  32    |
  +---------------+
  For site 5 of kind 4:
  +---------------+
  |      0   4    |
  | -1          21|
  |    -16 -12    |
  |-38          23|
  |     29  28    |
  | 32         -35|
  |     40  34    |
  |-43          39|
  |    -45  42    |
  +---------------+
  For site 6 of kind 5:
  +---------------+
  |     21   1    |
  |-10           0|
  |    -14  -7    |
  |-19          11|
  |    -24  44    |
  |-27         -30|
  |    -33 -31    |
  | 37         -41|
  |     39 -43    |
  +---------------+
* Maximum (unsigned) Site pair kind: 45
General system setup:
* Number of sites       : 18
* Number of electrons   : 18
* Spin imbalance MS2    : 0
* Filling               : 0.500000
* Number of orbitals in pool: 18
* Using real-valued orbitals
* Using double-precision arithmetic for orbitals

Trial wave function setup:
* Jastrow parameter file: "wfn.casl"
* Not using multideterminants
* Not using a backflow transformation
* Not using wave function manipulation

VMC #1:
* Size of Hilbert space =   2.3639E+09
* Number of equil. steps   = 1000
* Running VMC equilibration.
  Done. [total walltime: 0.02s]
* Equil. acc.ratio (%)     =  18.0453
* Sample config after equilibration:
  +-------+
  |  u d  |
  |d     u|
  |  u d  |
  |d     u|
  |  0 2  |
  |2     d|
  |  0 u  |
  |2     d|
  |  0 u  |
  +-------+
* Number of accum. steps   = 501760 x 10
* Running VMC accumulation.
  Done. [total walltime: 20.0s]
* Acceptance ratio (%)     =  18.0296
* Etot/t                   =  -6.886206074326E+02 +/-   1.381715517465E-04
  > Ttot/t                 =  -5.654800265016E+01 +/-   8.139157957115E-04
  > Utot/t                 =   2.439423250011E+01 +/-   8.079418987545E-04
* var[Eloc/t]              =   9.292360463161E-03 +/-   4.457409945834E-05
* Correlation length       =   1.030877968926E+00
* log10 Psi^2 range: -23.326443499379518 -- -13.817155398826349
* log10 Pgen range : -23.326443499379518 -- -13.817155398826349
* Site occupation (ave. no. electrons per config.):
  > Site_  ___eu____  ___ed____
      1        0.497      0.499
      2        0.496      0.498
      3        0.500      0.494
      4        0.503      0.504
      5        0.501      0.502
      6        0.499      0.500
      7        0.499      0.499
      8        0.499      0.496
      9        0.500      0.506
     10        0.505      0.506
     11        0.500      0.496
     12        0.500      0.497
     13        0.500      0.496
     14        0.502      0.504
     15        0.500      0.499
     16        0.502      0.501
     17        0.496      0.499
     18        0.502      0.503
* Pair-correlation analysis (ave. no. pairs per config.):
  > Shell  nsite  ___dh____  __eueu___  __eued___
      0      1        0          0          3.224
      1      0        0.933      0.537      2.546
      2      0        0.150      0.342      0.530
      3      0        0.285      0.704      1.054
      4      0        0.248      0.750      1.058
      5      0        0.746      0.976      2.340
      6      0        0.617      1.281      2.194
      7      0        0.480      1.531      2.079
      8      0        0.125      1.045      0.977
      9      0        0.159      0.839      1.129
     10      0        0.149      0.858      1.078
     11      0        0.244      2.068      1.940
     12      0        0.290      1.895      2.050
     13      0        0.328      1.860      2.051
     14      0        0.251      2.044      1.952
     15      0        0.268      2.095      1.932
     16      0        0.250      2.092      1.936
     17      0        0.258      2.122      1.916
     18      0        0.287      2.071      1.924
     19      0        0.240      1.976      2.040
     20      0        0.122      0.994      1.036
     21      0        0.224      2.126      1.913
     22      0        0.265      2.046      1.967
     23      0        0.241      2.059      1.981
     24      0        0.267      2.004      1.967
     25      0        0.150      0.963      1.010
     26      0        0.144      1.007      0.977
     27      0        0.240      1.996      2.019
     28      0        0.278      1.950      2.025
     29      0        0.267      2.023      1.972
     30      0        0.237      2.022      1.997
     31      0        0.265      1.971      1.989
     32      0        0.246      1.991      2.035
     33      0        0.264      1.993      1.970
     34      0        0.271      1.968      2.007
     35      0        0.243      2.033      2.003
     36      0        0.276      1.923      2.070
     37      0        0.114      0.996      0.997
     38      0        0.259      1.888      2.117
     39      0        0.234      2.003      1.996
     40      0        0.270      2.001      1.978
     41      0        0.114      0.997      0.996
     42      0        0.119      1.000      1.008
     43      0        0.234      1.998      2.000
     44      0        0.268      1.953      2.014
     45      0        0.119      1.005      1.003

Optimization #1:
* Method          : lls
* Target function : energy
* No. of configs. : 100352
* No. of params.  : 169
* Before optimization:
  -2.9308E+00  -2.9527E+00  -2.9230E+00  -2.9392E+00  -2.9433E+00   6.6187E-01
   6.6548E-01   5.7181E-01   4.7814E-01   8.7926E-01   5.3381E-01   5.2052E-01
   6.4367E-01   6.3757E-01   6.3128E-01   6.2191E-01   3.3002E-01   4.8569E-02
   1.0858E-01   2.4391E-01   2.4708E-01   1.6940E-01   1.6788E-01   5.5563E-02
   5.9589E-02   2.0561E-01   2.0480E-01   2.2627E-01   2.2798E-01   3.0122E-01
   3.0046E-01   1.6063E-01   1.5581E-01   1.7744E-01   1.8241E-01  -1.9357E-02
  -1.8471E-02   4.6539E-02   3.8982E-01   3.9118E-01  -5.2185E-02  -5.5645E-02
  -4.9349E-02  -4.8201E-02  -5.1654E-02  -4.9433E-02  -1.3246E-01  -1.2769E-01
   5.9575E-03   8.9898E-03  -9.8515E-02  -9.6728E-02  -9.5223E-02  -9.4036E-02
   3.5026E-02   3.5381E-02   0.0000E+00   0.0000E+00   0.0000E+00   0.0000E+00
   0.0000E+00   0.0000E+00   0.0000E+00   0.0000E+00   0.0000E+00   0.0000E+00
   0.0000E+00   0.0000E+00   0.0000E+00   0.0000E+00   0.0000E+00   0.0000E+00
   0.0000E+00   0.0000E+00   0.0000E+00   0.0000E+00   0.0000E+00   0.0000E+00
   0.0000E+00   0.0000E+00   0.0000E+00  -1.7414E-01  -3.3023E-01  -2.7042E-01
  -2.6394E-01  -2.0246E-01  -2.1847E-01  -2.9657E-01  -4.3289E-01  -1.8187E-01
  -2.4899E-01  -2.6261E-01  -3.0569E-01  -2.5708E-01  -2.8799E-01  -1.6131E-01
  -1.9088E-01  -6.9849E-02   1.6863E-02  -8.3236E-02  -4.0998E-02  -1.2437E-01
  -1.4186E-01  -6.8335E-02  -9.1094E-02  -3.2756E-02  -2.0814E-02  -1.0921E-01
  -1.0697E-01  -1.2589E-01  -1.1341E-01  -1.4893E-01  -1.9207E-01  -9.1407E-02
  -8.5055E-02  -9.5078E-02  -1.1229E-01   1.3092E-03   1.8000E-02  -3.1187E-02
  -1.8166E-02  -1.8761E-01  -2.5207E-01   2.7396E-02   2.7449E-02   2.8891E-02
   1.6471E-02   1.8363E-02   2.9881E-02   6.3318E-02   7.1706E-02   6.5678E-02
   6.7059E-02  -6.8467E-03  -2.2909E-03   4.5952E-02   5.2820E-02   4.9495E-02
   4.6401E-02  -1.7874E-02  -1.9986E-02   0.0000E+00   0.0000E+00   0.0000E+00
   0.0000E+00   0.0000E+00   0.0000E+00   0.0000E+00   0.0000E+00   0.0000E+00
   0.0000E+00   0.0000E+00   0.0000E+00   0.0000E+00   0.0000E+00   0.0000E+00
   0.0000E+00   0.0000E+00   0.0000E+00   0.0000E+00   0.0000E+00   0.0000E+00
   0.0000E+00   0.0000E+00   0.0000E+00   0.0000E+00   0.0000E+00   0.0000E+00
   0.0000E+00
  > E    =  -6.886204611594E+02 +/-   3.049108507584E-04
  > varE =   9.329788351694E-03
* Computing derivatives.
    [walltime: 1m7s elapsed, 5m21s remaining]
  Done. [total walltime: 6m22s]
* Optimizing manipulation constant:
  #igrid a___________ E____________________________________ varE____________
     1     Infinity    -6.88620461E+02 +/-   3.04910851E-04   9.32978835E-03
     2     1.0000E+06  -6.88620461E+02 +/-   3.04910814E-04   9.32978608E-03
     3     2.1544E+05  -6.88620461E+02 +/-   3.04910679E-04   9.32977782E-03
     4     4.6416E+04  -6.88620461E+02 +/-   3.04910052E-04   9.32973947E-03
     5     1.0000E+04  -6.88620462E+02 +/-   3.04907143E-04   9.32956143E-03
     6     2.1544E+03  -6.88620463E+02 +/-   3.04893620E-04   9.32873392E-03
     7     4.6416E+02  -6.88620468E+02 +/-   3.04830458E-04   9.32486924E-03
     8     1.0000E+02  -6.88620495E+02 +/-   3.04528912E-04   9.30642954E-03
     9     2.1544E+01  -6.88620605E+02 +/-   3.03002881E-04   9.21339199E-03
    10     4.6416E+00  -6.88619809E+02 +/-   3.09398583E-04   9.60644438E-03
    11     1.0000E+00  -6.88422702E+02 +/-   1.23440820E-03   1.52912726E-01
    12     2.1544E-01  -6.86535220E+02 +/-   2.64627705E-03   7.02743202E-01
    13     4.6416E-02 (error)
    14     1.0000E-02 (error)
    15     2.1544E-03 (error)
    16     4.6416E-04 (error)
    17     1.0000E-04 (error)
    18     2.1544E-05 (error)
    19     4.6416E-06 (error)
    20     1.0000E-06 (error)
    21     0.0000E+00 (error)
  ParMin   3.8387E+01  -6.88620546E+02 +/-   3.03874052E-04   9.26644742E-03
  # Using grid point #9
* Iteration # 1: E =  -6.886206053471E+02 +/-   3.030028812650E-04
* Reached maximum number of iterations: exiting.
* After optimization:
  -3.3212E+00  -3.3419E+00  -3.3127E+00  -3.3284E+00  -3.3328E+00   6.7463E-01
   6.7844E-01   1.1873E+00   3.2009E-01   8.9183E-01   4.6255E-01   4.4954E-01
   9.5930E-01   9.5332E-01   5.5944E-01   5.5007E-01   3.4365E-01   6.2849E-02
   1.2063E-01   2.5877E-01   2.6156E-01   9.7293E-02   9.5937E-02   2.8334E-01
   2.8716E-01   1.3317E-01   1.3236E-01   5.4118E-01   5.4285E-01   2.2981E-01
   2.2892E-01   8.8623E-02   8.3849E-02   4.0640E-01   4.1101E-01  -6.1536E-03
  -5.3149E-03   5.8701E-02   4.0220E-01   4.0354E-01  -1.2849E-01  -1.3174E-01
  -3.5609E-02  -3.4612E-02   2.5989E-01   2.6202E-01  -2.9878E-01  -2.9295E-01
   1.0620E-02   1.3600E-02   2.1302E-01   2.1462E-01   2.1768E-01   2.1857E-01
   4.1049E-02   4.1516E-02  -8.6221E-02  -8.6148E-02   5.1308E-03   5.0418E-03
  -8.6921E-02  -8.6981E-02  -8.7369E-02  -8.7286E-02   4.3303E-03   4.3120E-03
  -7.4598E-02  -7.4494E-02  -3.2527E-04   1.5290E-02   1.4975E-02  -3.1624E-04
  -3.1806E-04  -8.7135E-02  -8.7033E-02   4.7715E-04  -2.0350E-04   9.6815E-06
   3.6220E-05   3.1341E-01   3.1332E-01  -1.8051E-01  -3.3706E-01  -5.7836E+00
   4.6312E+00   1.3052E+00  -1.5687E+00  -3.0244E-01  -4.3971E-01   5.3292E-01
  -8.9314E-01  -3.0583E+00   2.1739E+00   4.9313E-01  -9.6668E-01  -2.3826E-01
  -1.2731E-01  -1.4685E-01   7.9595E-02  -8.9099E-02  -4.6931E-02  -1.6667E-01
  -1.1414E-01   6.8215E-01  -7.6981E-01  -2.0360E+00   1.7541E+00   6.4142E-01
  -7.8519E-01  -2.9209E+00   2.3660E+00   6.0154E-01  -8.7095E-01   6.2388E-01
  -7.2845E-01  -2.0975E+00   1.6624E+00  -4.0275E-02   4.6556E-02  -1.0718E-01
   4.6529E-02  -1.9357E-01  -2.5859E-01   7.4477E-01  -6.1394E-01  -1.2786E-02
   4.4534E-02  -2.7402E+00   2.4768E+00   1.5749E+00  -1.2739E+00   1.5767E+00
  -1.2790E+00  -4.4419E-02   3.0533E-02  -2.7120E+00   2.4988E+00  -2.7090E+00
   2.4917E+00  -5.6112E-02   1.2396E-02   7.5738E-01  -6.7116E-01  -3.7804E-02
   3.2351E-02   7.5761E-01  -6.7071E-01   7.5802E-01  -6.7080E-01  -3.7273E-02
   3.3007E-02   7.1672E-01  -6.4159E-01  -1.7965E-04   4.2985E-04  -4.2037E-02
   2.7490E-02   5.7089E-05   3.5279E-04   7.5783E-01  -6.7082E-01  -3.2595E-04
   2.1353E-04   1.1385E-04   5.1992E-05  -2.4723E-04   5.4336E-05  -2.7578E+00
   2.4462E+00
  > Energy =  -6.886206053471E+02 +/-   3.030028812650E-04
  > varE =   9.213391988102E-03

VMC #2:
* Size of Hilbert space =   2.3639E+09
* Number of equil. steps   = 1000
* Running VMC equilibration.
  Done. [total walltime: 0.01s]
* Equil. acc.ratio (%)     =  18.0758
* Sample config after equilibration:
  +-------+
  |  u d  |
  |2     u|
  |  0 d  |
  |d     u|
  |  u d  |
  |d     u|
  |  2 u  |
  |0     d|
  |  2 0  |
  +-------+
* Number of accum. steps   = 501760 x 10
* Running VMC accumulation.
  Done. [total walltime: 19.9s]
* Acceptance ratio (%)     =  18.0316
* Etot/t                   =  -6.886209622752E+02 +/-   1.347350225943E-04
  > Ttot/t                 =  -5.654834024463E+01 +/-   8.145251167853E-04
  > Utot/t                 =   2.439421525198E+01 +/-   8.092961119096E-04
* var[Eloc/t]              =   9.183242746124E-03 +/-   7.140341724888E-05
* Correlation length       =   9.918841976482E-01
* log10 Psi^2 range: -23.852792282822076 -- -14.180276569628401
* log10 Pgen range : -23.852792282822076 -- -14.180276569628401
* Site occupation (ave. no. electrons per config.):
  > Site_  ___eu____  ___ed____
      1        0.497      0.498
      2        0.497      0.495
      3        0.498      0.497
      4        0.500      0.505
      5        0.498      0.503
      6        0.499      0.500
      7        0.500      0.500
      8        0.496      0.496
      9        0.505      0.503
     10        0.504      0.503
     11        0.497      0.498
     12        0.502      0.497
     13        0.500      0.499
     14        0.506      0.503
     15        0.501      0.501
     16        0.500      0.501
     17        0.500      0.496
     18        0.500      0.503
* Pair-correlation analysis (ave. no. pairs per config.):
  > Shell  nsite  ___dh____  __eueu___  __eued___
      0      1        0          0          3.231
      1      0        0.934      0.537      2.550
      2      0        0.150      0.343      0.528
      3      0        0.287      0.699      1.051
      4      0        0.249      0.749      1.056
      5      0        0.749      0.977      2.330
      6      0        0.623      1.282      2.189
      7      0        0.484      1.530      2.077
      8      0        0.125      1.045      0.982
      9      0        0.160      0.840      1.128
     10      0        0.150      0.859      1.080
     11      0        0.242      2.076      1.945
     12      0        0.291      1.893      2.047
     13      0        0.331      1.856      2.046
     14      0        0.253      2.043      1.950
     15      0        0.268      2.095      1.938
     16      0        0.252      2.089      1.933
     17      0        0.257      2.119      1.918
     18      0        0.291      2.066      1.923
     19      0        0.238      1.979      2.049
     20      0        0.123      0.996      1.034
     21      0        0.221      2.133      1.915
     22      0        0.269      2.038      1.969
     23      0        0.244      2.057      1.978
     24      0        0.267      2.012      1.967
     25      0        0.152      0.961      1.003
     26      0        0.146      1.003      0.974
     27      0        0.236      2.004      2.025
     28      0        0.279      1.949      2.025
     29      0        0.270      2.021      1.973
     30      0        0.239      2.026      1.999
     31      0        0.265      1.972      1.992
     32      0        0.246      1.994      2.035
     33      0        0.265      1.992      1.970
     34      0        0.271      1.969      2.001
     35      0        0.244      2.029      2.003
     36      0        0.279      1.924      2.065
     37      0        0.114      0.997      1.002
     38      0        0.262      1.887      2.115
     39      0        0.235      2.006      1.997
     40      0        0.271      1.993      1.976
     41      0        0.115      1.002      0.997
     42      0        0.120      1.000      1.006
     43      0        0.235      1.998      2.006
     44      0        0.268      1.956      2.018
     45      0        0.119      1.005      1.001

Optimization #2:
* Method          : lls
* Target function : energy
* No. of configs. : 100352
* No. of params.  : 169
* Before optimization:
  -3.3212E+00  -3.3419E+00  -3.3127E+00  -3.3284E+00  -3.3328E+00   6.7463E-01
   6.7844E-01   1.1873E+00   3.2009E-01   8.9183E-01   4.6255E-01   4.4954E-01
   9.5930E-01   9.5332E-01   5.5944E-01   5.5007E-01   3.4365E-01   6.2849E-02
   1.2063E-01   2.5877E-01   2.6156E-01   9.7293E-02   9.5937E-02   2.8334E-01
   2.8716E-01   1.3317E-01   1.3236E-01   5.4118E-01   5.4285E-01   2.2981E-01
   2.2892E-01   8.8623E-02   8.3849E-02   4.0640E-01   4.1101E-01  -6.1536E-03
  -5.3149E-03   5.8701E-02   4.0220E-01   4.0354E-01  -1.2849E-01  -1.3174E-01
  -3.5609E-02  -3.4612E-02   2.5989E-01   2.6202E-01  -2.9878E-01  -2.9295E-01
   1.0620E-02   1.3600E-02   2.1302E-01   2.1462E-01   2.1768E-01   2.1857E-01
   4.1049E-02   4.1516E-02  -8.6221E-02  -8.6148E-02   5.1308E-03   5.0418E-03
  -8.6921E-02  -8.6981E-02  -8.7369E-02  -8.7286E-02   4.3303E-03   4.3120E-03
  -7.4598E-02  -7.4494E-02  -3.2527E-04   1.5290E-02   1.4975E-02  -3.1624E-04
  -3.1806E-04  -8.7135E-02  -8.7033E-02   4.7715E-04  -2.0350E-04   9.6815E-06
   3.6220E-05   3.1341E-01   3.1332E-01  -1.8051E-01  -3.3706E-01  -5.7836E+00
   4.6312E+00   1.3052E+00  -1.5687E+00  -3.0244E-01  -4.3971E-01   5.3292E-01
  -8.9314E-01  -3.0583E+00   2.1739E+00   4.9313E-01  -9.6668E-01  -2.3826E-01
  -1.2731E-01  -1.4685E-01   7.9595E-02  -8.9099E-02  -4.6931E-02  -1.6667E-01
  -1.1414E-01   6.8215E-01  -7.6981E-01  -2.0360E+00   1.7541E+00   6.4142E-01
  -7.8519E-01  -2.9209E+00   2.3660E+00   6.0154E-01  -8.7095E-01   6.2388E-01
  -7.2845E-01  -2.0975E+00   1.6624E+00  -4.0275E-02   4.6556E-02  -1.0718E-01
   4.6529E-02  -1.9357E-01  -2.5859E-01   7.4477E-01  -6.1394E-01  -1.2786E-02
   4.4534E-02  -2.7402E+00   2.4768E+00   1.5749E+00  -1.2739E+00   1.5767E+00
  -1.2790E+00  -4.4419E-02   3.0533E-02  -2.7120E+00   2.4988E+00  -2.7090E+00
   2.4917E+00  -5.6112E-02   1.2396E-02   7.5738E-01  -6.7116E-01  -3.7804E-02
   3.2351E-02   7.5761E-01  -6.7071E-01   7.5802E-01  -6.7080E-01  -3.7273E-02
   3.3007E-02   7.1672E-01  -6.4159E-01  -1.7965E-04   4.2985E-04  -4.2037E-02
   2.7490E-02   5.7089E-05   3.5279E-04   7.5783E-01  -6.7082E-01  -3.2595E-04
   2.1353E-04   1.1385E-04   5.1992E-05  -2.4723E-04   5.4336E-05  -2.7578E+00
   2.4462E+00
  > E    =  -6.886212575571E+02 +/-   2.996824254355E-04
  > varE =   9.012568575246E-03
* Computing derivatives.
    [walltime: 1m7s elapsed, 5m20s remaining]
  Done. [total walltime: 6m21s]
* Optimizing manipulation constant:
  #igrid a___________ E____________________________________ varE____________
     1     Infinity    -6.88621258E+02 +/-   2.99682425E-04   9.01256858E-03
     2     1.0000E+06  -6.88621258E+02 +/-   2.99682391E-04   9.01256649E-03
     3     2.1544E+05  -6.88621258E+02 +/-   2.99682264E-04   9.01255888E-03
     4     4.6416E+04  -6.88621258E+02 +/-   2.99681677E-04   9.01252359E-03
     5     1.0000E+04  -6.88621258E+02 +/-   2.99678954E-04   9.01235978E-03
     6     2.1544E+03  -6.88621259E+02 +/-   2.99666319E-04   9.01159985E-03
     7     4.6416E+02  -6.88621264E+02 +/-   2.99607816E-04   9.00808155E-03
     8     1.0000E+02  -6.88621288E+02 +/-   2.99339286E-04   8.99194142E-03
     9     2.1544E+01  -6.88621393E+02 +/-   2.98154777E-04   8.92091862E-03
    10     4.6416E+00  -6.88621793E+02 +/-   2.93735633E-04   8.65843301E-03
    11     1.0000E+00  -6.88622713E+02 +/-   2.84309920E-04   8.11166597E-03
    12     2.1544E-01  -6.88623474E+02 +/-   2.78371070E-04   7.77632187E-03
    13     4.6416E-02  -6.88623674E+02 +/-   2.78040516E-04   7.75786474E-03
    14     1.0000E-02  -6.88623706E+02 +/-   2.78295603E-04   7.77210613E-03
    15     2.1544E-03  -6.88623712E+02 +/-   2.78377049E-04   7.77665593E-03
    16     4.6416E-04  -6.88623713E+02 +/-   2.78396004E-04   7.77771505E-03
    17     1.0000E-04  -6.88623713E+02 +/-   2.78400156E-04   7.77794701E-03
    18     2.1544E-05  -6.88623713E+02 +/-   2.78401053E-04   7.77799716E-03
    19     4.6416E-06  -6.88623713E+02 +/-   2.78401247E-04   7.77800797E-03
    20     1.0000E-06  -6.88623713E+02 +/-   2.78401288E-04   7.77801030E-03
    21     0.0000E+00  -6.88623713E+02 +/-   2.78401300E-04   7.77801094E-03
* Iteration # 1: E =  -6.886237131021E+02 +/-   2.784012999329E-04
* Reached maximum number of iterations: exiting.
* After optimization:
  -8.2014E+00  -8.1969E+00  -8.1869E+00  -8.1822E+00  -8.1890E+00   1.2736E+00
   1.2811E+00   1.3938E+00   7.6717E-01   1.5238E+00   8.3956E-01   8.3333E-01
   1.2174E+00   1.2115E+00   1.0904E+00   1.0832E+00   5.8015E-01   3.5566E-01
   6.7916E-01   7.0593E-01   7.0217E-01   6.4312E-01   6.4287E-01   5.4927E-01
   5.4975E-01   6.4627E-01   6.4496E-01   7.7890E-01   7.7734E-01   7.9514E-01
   7.9090E-01   4.4939E-01   4.4941E-01   6.9855E-01   6.9620E-01   3.9704E-01
   3.9788E-01   2.5323E-01   9.9892E-01   9.9993E-01   4.0627E-02   4.0746E-02
   4.0119E-01   4.0028E-01   5.1721E-01   5.1547E-01  -2.0569E-01  -1.7274E-01
   9.1337E-02   8.9794E-02   4.8405E-01   4.8232E-01   5.2004E-01   5.1873E-01
   1.6358E-01   1.6304E-01  -1.0438E-01  -1.0361E-01   1.0556E-01   1.0792E-01
  -1.3069E-01  -1.2952E-01  -1.3937E-01  -1.3868E-01   8.0569E-02   8.0618E-02
   1.3943E-01   1.3885E-01  -2.1353E-02   4.9177E-01   4.8842E-01  -1.4371E-02
  -1.3047E-02  -1.2782E-01  -1.2829E-01   7.4402E-03  -5.1059E-03  -2.9039E-03
  -2.2580E-03   6.1538E-01   6.1319E-01  -3.2726E-01  -7.9191E-01  -5.6538E+00
   4.3029E+00   1.3435E+00  -2.0651E+00  -5.7013E-01  -8.0744E-01   6.0050E-01
  -1.3411E+00  -2.9526E+00   1.8176E+00   4.8300E-01  -1.4926E+00  -1.1661E-01
  -4.8523E-01  -3.9961E-02  -3.1923E-01  -1.0652E-01  -5.8960E-01  -1.4023E-01
  -5.8613E-01   5.6140E-01  -1.1996E+00  -1.9265E+00   1.3799E+00   6.4698E-01
  -1.3034E+00  -2.8045E+00   2.0136E+00   4.6923E-01  -1.3055E+00   7.0018E-01
  -1.1679E+00  -2.0039E+00   1.2764E+00   1.0247E-02  -4.0735E-01   3.7803E-02
  -2.8847E-01  -3.3558E-01  -7.1293E-01   9.0340E-01  -9.4532E-01  -8.4722E-02
  -3.1562E-01  -2.6362E+00   2.1199E+00   1.7765E+00  -1.5697E+00   1.7637E+00
  -1.5923E+00   1.5115E-01  -2.4316E-01  -2.7254E+00   2.2420E+00  -2.7428E+00
   2.2222E+00   1.1600E-01  -2.8038E-01   1.0008E+00  -8.9489E-01   3.4502E-02
  -1.4033E-01   1.0115E+00  -8.8051E-01   9.0606E-01  -7.6884E-01   5.2277E-02
  -1.3155E-01   8.5931E-01  -9.9232E-01   2.2701E-01  -2.0507E-01  -1.3478E-01
  -3.4698E-01   1.1448E-01  -1.0097E-01   9.0235E-01  -7.7588E-01   2.1609E-01
  -2.2257E-01  -7.8271E-05   3.8534E-03   1.1070E-01  -1.0898E-01  -2.6804E+00
   2.0708E+00
  > Energy =  -6.886237131021E+02 +/-   2.784012999329E-04
  > varE =   7.778010944331E-03

VMC #3:
* Size of Hilbert space =   2.3639E+09
* Number of equil. steps   = 1000
* Running VMC equilibration.
  Done. [total walltime: 0.01s]
* Equil. acc.ratio (%)     =  17.6622
* Sample config after equilibration:
  +-------+
  |  u d  |
  |d     u|
  |  d 0  |
  |2     u|
  |  u d  |
  |u     u|
  |  d d  |
  |d     u|
  |  u d  |
  +-------+
* Number of accum. steps   = 501760 x 10
* Running VMC accumulation.
  Done. [total walltime: 19.5s]
* Acceptance ratio (%)     =  17.6410
* Etot/t                   =  -6.886234224463E+02 +/-   1.252384192775E-04
  > Ttot/t                 =  -5.654550219904E+01 +/-   8.232985959689E-04
  > Utot/t                 =   2.438891703530E+01 +/-   8.120090204170E-04
* var[Eloc/t]              =   7.878352100172E-03 +/-   5.607766974572E-05
* Correlation length       =   9.989317227794E-01
* log10 Psi^2 range: -42.540448095197988 -- -33.082547128154616
* log10 Pgen range : -42.540448095197988 -- -33.082547128154616
* Site occupation (ave. no. electrons per config.):
  > Site_  ___eu____  ___ed____
      1        0.496      0.499
      2        0.496      0.499
      3        0.497      0.497
      4        0.503      0.502
      5        0.502      0.503
      6        0.498      0.502
      7        0.499      0.500
      8        0.501      0.500
      9        0.503      0.504
     10        0.506      0.502
     11        0.496      0.496
     12        0.497      0.498
     13        0.502      0.499
     14        0.501      0.500
     15        0.504      0.500
     16        0.500      0.503
     17        0.496      0.498
     18        0.501      0.500
* Pair-correlation analysis (ave. no. pairs per config.):
  > Shell  nsite  ___dh____  __eueu___  __eued___
      0      1        0          0          3.217
      1      0        0.932      0.541      2.551
      2      0        0.150      0.340      0.530
      3      0        0.284      0.704      1.055
      4      0        0.246      0.758      1.056
      5      0        0.742      0.976      2.337
      6      0        0.612      1.278      2.193
      7      0        0.484      1.531      2.079
      8      0        0.123      1.039      0.977
      9      0        0.156      0.834      1.130
     10      0        0.148      0.862      1.078
     11      0        0.241      2.066      1.942
     12      0        0.293      1.892      2.053
     13      0        0.328      1.855      2.055
     14      0        0.251      2.051      1.950
     15      0        0.263      2.099      1.923
     16      0        0.250      2.093      1.937
     17      0        0.256      2.120      1.911
     18      0        0.290      2.067      1.922
     19      0        0.237      1.973      2.041
     20      0        0.120      0.986      1.037
     21      0        0.225      2.121      1.920
     22      0        0.267      2.042      1.959
     23      0        0.238      2.059      1.978
     24      0        0.265      2.007      1.967
     25      0        0.150      0.964      1.011
     26      0        0.147      1.006      0.975
     27      0        0.238      1.999      2.016
     28      0        0.274      1.950      2.029
     29      0        0.267      2.023      1.971
     30      0        0.237      2.017      1.996
     31      0        0.262      1.979      1.993
     32      0        0.242      1.994      2.036
     33      0        0.261      1.998      1.980
     34      0        0.270      1.977      2.008
     35      0        0.239      2.033      2.002
     36      0        0.276      1.921      2.061
     37      0        0.116      0.995      0.998
     38      0        0.262      1.881      2.111
     39      0        0.233      2.009      2.001
     40      0        0.265      2.002      1.990
     41      0        0.116      0.997      0.997
     42      0        0.120      0.999      1.010
     43      0        0.235      2.002      2.004
     44      0        0.270      1.951      2.009
     45      0        0.119      1.008      1.004

Optimization #3:
* Method          : lls
* Target function : energy
* No. of configs. : 100352
* No. of params.  : 169
* Before optimization:
  -8.2014E+00  -8.1969E+00  -8.1869E+00  -8.1822E+00  -8.1890E+00   1.2736E+00
   1.2811E+00   1.3938E+00   7.6717E-01   1.5238E+00   8.3956E-01   8.3333E-01
   1.2174E+00   1.2115E+00   1.0904E+00   1.0832E+00   5.8015E-01   3.5566E-01
   6.7916E-01   7.0593E-01   7.0217E-01   6.4312E-01   6.4287E-01   5.4927E-01
   5.4975E-01   6.4627E-01   6.4496E-01   7.7890E-01   7.7734E-01   7.9514E-01
   7.9090E-01   4.4939E-01   4.4941E-01   6.9855E-01   6.9620E-01   3.9704E-01
   3.9788E-01   2.5323E-01   9.9892E-01   9.9993E-01   4.0627E-02   4.0746E-02
   4.0119E-01   4.0028E-01   5.1721E-01   5.1547E-01  -2.0569E-01  -1.7274E-01
   9.1337E-02   8.9794E-02   4.8405E-01   4.8232E-01   5.2004E-01   5.1873E-01
   1.6358E-01   1.6304E-01  -1.0438E-01  -1.0361E-01   1.0556E-01   1.0792E-01
  -1.3069E-01  -1.2952E-01  -1.3937E-01  -1.3868E-01   8.0569E-02   8.0618E-02
   1.3943E-01   1.3885E-01  -2.1353E-02   4.9177E-01   4.8842E-01  -1.4371E-02
  -1.3047E-02  -1.2782E-01  -1.2829E-01   7.4402E-03  -5.1059E-03  -2.9039E-03
  -2.2580E-03   6.1538E-01   6.1319E-01  -3.2726E-01  -7.9191E-01  -5.6538E+00
   4.3029E+00   1.3435E+00  -2.0651E+00  -5.7013E-01  -8.0744E-01   6.0050E-01
  -1.3411E+00  -2.9526E+00   1.8176E+00   4.8300E-01  -1.4926E+00  -1.1661E-01
  -4.8523E-01  -3.9961E-02  -3.1923E-01  -1.0652E-01  -5.8960E-01  -1.4023E-01
  -5.8613E-01   5.6140E-01  -1.1996E+00  -1.9265E+00   1.3799E+00   6.4698E-01
  -1.3034E+00  -2.8045E+00   2.0136E+00   4.6923E-01  -1.3055E+00   7.0018E-01
  -1.1679E+00  -2.0039E+00   1.2764E+00   1.0247E-02  -4.0735E-01   3.7803E-02
  -2.8847E-01  -3.3558E-01  -7.1293E-01   9.0340E-01  -9.4532E-01  -8.4722E-02
  -3.1562E-01  -2.6362E+00   2.1199E+00   1.7765E+00  -1.5697E+00   1.7637E+00
  -1.5923E+00   1.5115E-01  -2.4316E-01  -2.7254E+00   2.2420E+00  -2.7428E+00
   2.2222E+00   1.1600E-01  -2.8038E-01   1.0008E+00  -8.9489E-01   3.4502E-02
  -1.4033E-01   1.0115E+00  -8.8051E-01   9.0606E-01  -7.6884E-01   5.2277E-02
  -1.3155E-01   8.5931E-01  -9.9232E-01   2.2701E-01  -2.0507E-01  -1.3478E-01
  -3.4698E-01   1.1448E-01  -1.0097E-01   9.0235E-01  -7.7588E-01   2.1609E-01
  -2.2257E-01  -7.8271E-05   3.8534E-03   1.1070E-01  -1.0898E-01  -2.6804E+00
   2.0708E+00
  > E    =  -6.886230951014E+02 +/-   2.817275541403E-04
  > varE =   7.964979862184E-03
* Computing derivatives.
    [walltime: 1m7s elapsed, 5m23s remaining]
  Done. [total walltime: 6m22s]
* Optimizing manipulation constant:
  #igrid a___________ E____________________________________ varE____________
     1     Infinity    -6.88623095E+02 +/-   2.81727554E-04   7.96497986E-03
     2     1.0000E+06  -6.88623095E+02 +/-   2.81727555E-04   7.96497993E-03
     3     2.1544E+05  -6.88623095E+02 +/-   2.81727560E-04   7.96498019E-03
     4     4.6416E+04  -6.88623095E+02 +/-   2.81727581E-04   7.96498139E-03
     5     1.0000E+04  -6.88623095E+02 +/-   2.81727679E-04   7.96498691E-03
     6     2.1544E+03  -6.88623095E+02 +/-   2.81728121E-04   7.96501191E-03
     7     4.6416E+02  -6.88623095E+02 +/-   2.81729940E-04   7.96511475E-03
     8     1.0000E+02  -6.88623096E+02 +/-   2.81733368E-04   7.96530859E-03
     9     2.1544E+01  -6.88623098E+02 +/-   2.81646371E-04   7.96039011E-03
    10     4.6416E+00  -6.88623005E+02 +/-   2.80315132E-04   7.88531628E-03
    11     1.0000E+00  -6.88610946E+02 +/-   3.78533247E-04   1.43791790E-02
    12     2.1544E-01  -6.85935599E+02 +/-   4.43270914E-02   1.97180745E+02
    13     4.6416E-02   7.33611487E+17 +/-   6.30940163E+34   3.99486750E+74
    14     1.0000E-02  -6.86461617E+02 +/-   4.39534328E-16   1.93870456E-26
    15     2.1544E-03  -6.86461617E+02 +/-   2.25234733E-03   5.09092570E-01
    16     4.6416E-04  -6.86461617E+02 +/-   2.25666366E-03   5.11045659E-01
    17     1.0000E-04  -6.86461617E+02 +/-   2.26962992E-03   5.16935226E-01
    18     2.1544E-05  -6.86461617E+02 +/-   2.27204515E-03   5.18036009E-01
    19     4.6416E-06  -6.86461617E+02 +/-   2.27322897E-03   5.18575981E-01
    20     1.0000E-06  -6.86461617E+02 +/-   2.27353761E-03   5.18716803E-01
    21     0.0000E+00  -6.86461617E+02 +/-   2.27362615E-03   5.18757208E-01
  ParMin   4.4482E+01  -6.88623097E+02 +/-   2.81722091E-04   7.96467097E-03
  # Using grid point #9
* Iteration # 1: E =  -6.886230982692E+02 +/-   2.816463709198E-04
* Reached maximum number of iterations: exiting.
* After optimization:
  -8.1529E+00  -8.1485E+00  -8.1384E+00  -8.1338E+00  -8.1405E+00   1.3006E+00
   1.3080E+00   1.3821E+00   8.0204E-01   1.5265E+00   8.0300E-01   7.9668E-01
   1.1573E+00   1.1514E+00   1.1332E+00   1.1260E+00   4.7128E-01   2.4732E-01
   7.3010E-01   6.7708E-01   6.7339E-01   6.6189E-01   6.6170E-01   5.6021E-01
   5.6076E-01   6.8912E-01   6.8782E-01   7.1874E-01   7.1714E-01   8.1385E-01
   8.0970E-01   4.1263E-01   4.1254E-01   7.0943E-01   7.0735E-01   3.6830E-01
   3.6901E-01   1.4433E-01   1.0257E+00   1.0266E+00   2.6684E-03   2.8710E-03
   3.4843E-01   3.4750E-01   5.3605E-01   5.3429E-01  -1.7287E-01  -1.3981E-01
   6.1188E-02   5.9682E-02   4.7889E-01   4.7721E-01   5.1471E-01   5.1334E-01
   1.3320E-01   1.3274E-01  -6.3794E-02  -6.3105E-02   5.1226E-02   5.3464E-02
  -9.0065E-02  -8.8963E-02  -1.2262E-01  -1.2205E-01   2.6517E-02   2.6467E-02
   1.0151E-01   1.0095E-01   2.6864E-02   4.3877E-01   4.3568E-01   9.7210E-03
   1.1086E-02  -1.1130E-01  -1.1177E-01   5.5449E-02  -5.1179E-03   2.1280E-02
   2.1715E-02   6.3411E-01   6.3203E-01  -5.4556E-01  -6.0056E-01  -5.5362E+00
   4.1971E+00   1.0497E+00  -1.8060E+00  -5.7171E-01  -8.0825E-01   9.4694E-01
  -1.6511E+00  -2.4000E+00   1.3255E+00   1.1880E-01  -1.1711E+00   8.7043E-01
  -1.3634E+00   9.4688E-01  -1.1981E+00  -5.4108E-01  -2.0573E-01   1.3587E-01
  -8.3343E-01   4.1363E-01  -1.0704E+00  -2.0143E+00   1.4569E+00   2.8256E-01
  -9.8176E-01  -2.2525E+00   1.5213E+00   3.2156E-01  -1.1764E+00   1.0467E+00
  -1.4777E+00  -2.0917E+00   1.3533E+00   2.8635E-01  -6.5466E-01   1.0253E+00
  -1.1671E+00  -5.5412E-01  -5.2163E-01   1.2506E+00  -1.2546E+00   4.0789E-01
  -7.5538E-01  -2.7943E+00   2.2593E+00   1.4837E+00  -1.3096E+00   1.4709E+00
  -1.3322E+00   4.2815E-01  -4.8991E-01  -2.6670E+00   2.1889E+00  -2.6845E+00
   2.1690E+00   3.9305E-01  -5.2717E-01   6.3772E-01  -5.7261E-01   5.2816E-01
  -5.7957E-01   6.4837E-01  -5.5811E-01   7.5962E-01  -6.3885E-01   5.4549E-01
  -5.7087E-01   1.2064E+00  -1.3015E+00  -2.0596E-01   1.7954E-01   3.5778E-01
  -7.8697E-01  -1.0213E-01   9.1485E-02   7.5600E-01  -6.4573E-01  -2.1701E-01
   1.6274E-01  -5.2163E-05   3.9401E-03  -1.0593E-01   8.3548E-02  -2.8384E+00
   2.2103E+00
  > Energy =  -6.886230982692E+02 +/-   2.816463709198E-04
  > varE =   7.960390111977E-03

VMC #4:
* Size of Hilbert space =   2.3639E+09
* Number of equil. steps   = 1000
* Running VMC equilibration.
  Done. [total walltime: 0.01s]
* Equil. acc.ratio (%)     =  17.6861
* Sample config after equilibration:
  +-------+
  |  u d  |
  |d     d|
  |  u 0  |
  |d     2|
  |  u u  |
  |2     0|
  |  d u  |
  |0     2|
  |  2 0  |
  +-------+
* Number of accum. steps   = 501760 x 10
* Running VMC accumulation.
  Done. [total walltime: 19.8s]
* Acceptance ratio (%)     =  17.6474
* Etot/t                   =  -6.886234082196E+02 +/-   1.268371831833E-04
  > Ttot/t                 =  -5.654646887791E+01 +/-   8.161462111630E-04
  > Utot/t                 =   2.438989794082E+01 +/-   8.092823651123E-04
* var[Eloc/t]              =   7.965712406514E-03 +/-   4.938271771412E-05
* Correlation length       =   1.013361945300E+00
* log10 Psi^2 range: -41.782871897691109 -- -33.170032147289454
* log10 Pgen range : -41.782871897691109 -- -33.170032147289454
* Site occupation (ave. no. electrons per config.):
  > Site_  ___eu____  ___ed____
      1        0.498      0.500
      2        0.499      0.497
      3        0.498      0.496
      4        0.504      0.503
      5        0.502      0.500
      6        0.500      0.499
      7        0.498      0.497
      8        0.494      0.499
      9        0.499      0.503
     10        0.500      0.505
     11        0.500      0.497
     12        0.499      0.500
     13        0.499      0.500
     14        0.504      0.500
     15        0.500      0.502
     16        0.503      0.503
     17        0.499      0.497
     18        0.502      0.500
* Pair-correlation analysis (ave. no. pairs per config.):
  > Shell  nsite  ___dh____  __eueu___  __eued___
      0      1        0          0          3.217
      1      0        0.933      0.542      2.547
      2      0        0.149      0.342      0.533
      3      0        0.284      0.704      1.056
      4      0        0.245      0.756      1.058
      5      0        0.743      0.973      2.336
      6      0        0.617      1.274      2.196
      7      0        0.485      1.530      2.076
      8      0        0.123      1.040      0.974
      9      0        0.155      0.836      1.127
     10      0        0.149      0.860      1.079
     11      0        0.240      2.064      1.941
     12      0        0.290      1.894      2.056
     13      0        0.330      1.860      2.052
     14      0        0.253      2.051      1.945
     15      0        0.262      2.102      1.927
     16      0        0.249      2.095      1.940
     17      0        0.256      2.115      1.915
     18      0        0.287      2.076      1.927
     19      0        0.239      1.971      2.036
     20      0        0.121      0.987      1.032
     21      0        0.225      2.121      1.918
     22      0        0.264      2.038      1.966
     23      0        0.236      2.062      1.975
     24      0        0.264      2.012      1.972
     25      0        0.151      0.966      1.009
     26      0        0.146      1.006      0.978
     27      0        0.235      1.994      2.016
     28      0        0.278      1.952      2.029
     29      0        0.264      2.030      1.979
     30      0        0.237      2.019      1.992
     31      0        0.262      1.974      1.996
     32      0        0.242      1.991      2.035
     33      0        0.258      1.997      1.979
     34      0        0.264      1.978      2.013
     35      0        0.240      2.033      1.997
     36      0        0.279      1.919      2.058
     37      0        0.115      0.994      0.999
     38      0        0.265      1.873      2.111
     39      0        0.233      2.011      1.996
     40      0        0.264      2.007      1.985
     41      0        0.117      0.996      0.993
     42      0        0.120      0.999      1.010
     43      0        0.232      2.001      2.009
     44      0        0.276      1.950      2.010
     45      0        0.119      1.007      1.005

Optimization #4:
* Method          : lls
* Target function : energy
* No. of configs. : 100352
* No. of params.  : 169
* Before optimization:
  -8.1529E+00  -8.1485E+00  -8.1384E+00  -8.1338E+00  -8.1405E+00   1.3006E+00
   1.3080E+00   1.3821E+00   8.0204E-01   1.5265E+00   8.0300E-01   7.9668E-01
   1.1573E+00   1.1514E+00   1.1332E+00   1.1260E+00   4.7128E-01   2.4732E-01
   7.3010E-01   6.7708E-01   6.7339E-01   6.6189E-01   6.6170E-01   5.6021E-01
   5.6076E-01   6.8912E-01   6.8782E-01   7.1874E-01   7.1714E-01   8.1385E-01
   8.0970E-01   4.1263E-01   4.1254E-01   7.0943E-01   7.0735E-01   3.6830E-01
   3.6901E-01   1.4433E-01   1.0257E+00   1.0266E+00   2.6684E-03   2.8710E-03
   3.4843E-01   3.4750E-01   5.3605E-01   5.3429E-01  -1.7287E-01  -1.3981E-01
   6.1188E-02   5.9682E-02   4.7889E-01   4.7721E-01   5.1471E-01   5.1334E-01
   1.3320E-01   1.3274E-01  -6.3794E-02  -6.3105E-02   5.1226E-02   5.3464E-02
  -9.0065E-02  -8.8963E-02  -1.2262E-01  -1.2205E-01   2.6517E-02   2.6467E-02
   1.0151E-01   1.0095E-01   2.6864E-02   4.3877E-01   4.3568E-01   9.7210E-03
   1.1086E-02  -1.1130E-01  -1.1177E-01   5.5449E-02  -5.1179E-03   2.1280E-02
   2.1715E-02   6.3411E-01   6.3203E-01  -5.4556E-01  -6.0056E-01  -5.5362E+00
   4.1971E+00   1.0497E+00  -1.8060E+00  -5.7171E-01  -8.0825E-01   9.4694E-01
  -1.6511E+00  -2.4000E+00   1.3255E+00   1.1880E-01  -1.1711E+00   8.7043E-01
  -1.3634E+00   9.4688E-01  -1.1981E+00  -5.4108E-01  -2.0573E-01   1.3587E-01
  -8.3343E-01   4.1363E-01  -1.0704E+00  -2.0143E+00   1.4569E+00   2.8256E-01
  -9.8176E-01  -2.2525E+00   1.5213E+00   3.2156E-01  -1.1764E+00   1.0467E+00
  -1.4777E+00  -2.0917E+00   1.3533E+00   2.8635E-01  -6.5466E-01   1.0253E+00
  -1.1671E+00  -5.5412E-01  -5.2163E-01   1.2506E+00  -1.2546E+00   4.0789E-01
  -7.5538E-01  -2.7943E+00   2.2593E+00   1.4837E+00  -1.3096E+00   1.4709E+00
  -1.3322E+00   4.2815E-01  -4.8991E-01  -2.6670E+00   2.1889E+00  -2.6845E+00
   2.1690E+00   3.9305E-01  -5.2717E-01   6.3772E-01  -5.7261E-01   5.2816E-01
  -5.7957E-01   6.4837E-01  -5.5811E-01   7.5962E-01  -6.3885E-01   5.4549E-01
  -5.7087E-01   1.2064E+00  -1.3015E+00  -2.0596E-01   1.7954E-01   3.5778E-01
  -7.8697E-01  -1.0213E-01   9.1485E-02   7.5600E-01  -6.4573E-01  -2.1701E-01
   1.6274E-01  -5.2163E-05   3.9401E-03  -1.0593E-01   8.3548E-02  -2.8384E+00
   2.2103E+00
  > E    =  -6.886232641720E+02 +/-   2.794859786767E-04
  > varE =   7.838736796811E-03
* Computing derivatives.
    [walltime: 1m7s elapsed, 5m21s remaining]
  Done. [total walltime: 6m22s]
* Optimizing manipulation constant:
  #igrid a___________ E____________________________________ varE____________
     1     Infinity    -6.88623264E+02 +/-   2.79485979E-04   7.83873680E-03
     2     1.0000E+06  -6.88623264E+02 +/-   2.79485976E-04   7.83873667E-03
     3     2.1544E+05  -6.88623264E+02 +/-   2.79485968E-04   7.83873620E-03
     4     4.6416E+04  -6.88623264E+02 +/-   2.79485929E-04   7.83873403E-03
     5     1.0000E+04  -6.88623264E+02 +/-   2.79485754E-04   7.83872417E-03
     6     2.1544E+03  -6.88623264E+02 +/-   2.79485020E-04   7.83868300E-03
     7     4.6416E+02  -6.88623264E+02 +/-   2.79483365E-04   7.83859020E-03
     8     1.0000E+02  -6.88623265E+02 +/-   2.79513328E-04   7.84027099E-03
     9     2.1544E+01  -6.88623255E+02 +/-   2.80522942E-04   7.89701208E-03
    10     4.6416E+00  -6.88620204E+02 +/-   3.32759769E-04   1.11118830E-02
    11     1.0000E+00  -6.88543987E+02 +/-   7.66258023E-04   5.89218130E-02
    12     2.1544E-01  -6.87444641E+02 +/-   2.14520123E-03   4.61808694E-01
    13     4.6416E-02  -6.86669532E+02 +/-   2.06552710E-03   4.28141996E-01
    14     1.0000E-02  -6.86673278E+02 +/-   2.07032437E-03   4.30133057E-01
    15     2.1544E-03  -6.86676717E+02 +/-   2.07351852E-03   4.31461320E-01
    16     4.6416E-04  -6.86677577E+02 +/-   2.07432331E-03   4.31796312E-01
    17     1.0000E-04  -6.86677768E+02 +/-   2.07450232E-03   4.31870839E-01
    18     2.1544E-05  -6.86677810E+02 +/-   2.07454115E-03   4.31887006E-01
    19     4.6416E-06  -6.86677819E+02 +/-   2.07454952E-03   4.31890494E-01
    20     1.0000E-06  -6.86677821E+02 +/-   2.07455133E-03   4.31891246E-01
    21     0.0000E+00  -6.86677821E+02 +/-   2.07455182E-03   4.31891452E-01
  ParMin   2.1080E+02  -6.88623264E+02 +/-   2.79486410E-04   7.83876098E-03
  # Using grid point #8
* Iteration # 1: E =  -6.886232645611E+02 +/-   2.795133278201E-04
* Reached maximum number of iterations: exiting.
* After optimization:
  -8.1601E+00  -8.1556E+00  -8.1455E+00  -8.1409E+00  -8.1475E+00   1.3231E+00
   1.3305E+00   1.4210E+00   7.8842E-01   1.5270E+00   7.7238E-01   7.6608E-01
   1.1530E+00   1.1469E+00   1.1485E+00   1.1414E+00   4.2352E-01   1.9959E-01
   7.7449E-01   6.7544E-01   6.7176E-01   6.5534E-01   6.5516E-01   5.7276E-01
   5.7327E-01   7.0448E-01   7.0320E-01   7.1433E-01   7.1272E-01   8.0731E-01
   8.0318E-01   3.8194E-01   3.8185E-01   7.2198E-01   7.1991E-01   3.6662E-01
   3.6733E-01   9.6526E-02   1.0482E+00   1.0491E+00  -2.8210E-02  -2.8002E-02
   3.2485E-01   3.2392E-01   5.7762E-01   5.7588E-01  -1.8688E-01  -1.5378E-01
   5.9308E-02   5.7788E-02   4.9854E-01   4.9687E-01   5.3435E-01   5.3298E-01
   1.3134E-01   1.3085E-01  -4.8761E-02  -4.8084E-02   2.7418E-02   2.9626E-02
  -7.5059E-02  -7.3976E-02  -1.2956E-01  -1.2900E-01   2.6902E-03   2.6304E-03
   7.0665E-02   7.0121E-02   7.0753E-02   4.1524E-01   4.1212E-01   3.1665E-02
   3.3022E-02  -1.1822E-01  -1.1871E-01   9.9319E-02  -5.1064E-03   4.3211E-02
   4.3637E-02   6.7570E-01   6.7361E-01  -7.4330E-01  -4.2533E-01  -5.8844E+00
   4.5063E+00   1.1761E+00  -1.9189E+00  -5.7201E-01  -8.0840E-01   1.2260E+00
  -1.8996E+00  -2.3582E+00   1.2882E+00  -1.5490E-02  -1.0521E+00   1.3022E+00
  -1.7474E+00   1.3786E+00  -1.5821E+00  -9.3624E-01   1.4503E-01   1.5420E-01
  -8.5006E-01   4.7666E-01  -1.1269E+00  -2.1251E+00   1.5552E+00   1.4822E-01
  -8.6276E-01  -2.2107E+00   1.4839E+00   3.8460E-01  -1.2329E+00   1.3258E+00
  -1.7261E+00  -2.2025E+00   1.4516E+00   3.0471E-01  -6.7127E-01   1.4570E+00
  -1.5510E+00  -7.5187E-01  -3.4637E-01   1.5298E+00  -1.5029E+00   6.2354E-01
  -9.4750E-01  -3.1659E+00   2.5893E+00   1.6103E+00  -1.4222E+00   1.5975E+00
  -1.4449E+00   4.4655E-01  -5.0644E-01  -2.8412E+00   2.3435E+00  -2.8587E+00
   2.3236E+00   4.1147E-01  -5.4374E-01   5.0362E-01  -4.5351E-01   7.4397E-01
  -7.7155E-01   5.1422E-01  -4.3899E-01   8.2292E-01  -6.9519E-01   7.6130E-01
  -7.6290E-01   1.4856E+00  -1.5498E+00  -6.0078E-01   5.3041E-01   5.7338E-01
  -9.7909E-01  -2.9951E-01   2.6698E-01   8.1927E-01  -7.0208E-01  -6.1184E-01
   5.1364E-01  -6.2182E-05   3.9092E-03  -3.0330E-01   2.5904E-01  -3.2101E+00
   2.5403E+00
  > Energy =  -6.886232645611E+02 +/-   2.795133278201E-04
  > varE =   7.840270993460E-03

VMC #5:
* Size of Hilbert space =   2.3639E+09
* Number of equil. steps   = 1000
* Running VMC equilibration.
  Done. [total walltime: 0.01s]
* Equil. acc.ratio (%)     =  17.6650
* Sample config after equilibration:
  +-------+
  |  d 2  |
  |u     0|
  |  0 d  |
  |2     2|
  |  u 0  |
  |d     u|
  |  u d  |
  |d     0|
  |  u 2  |
  +-------+
* Number of accum. steps   = 501760 x 10
* Running VMC accumulation.
  Done. [total walltime: 19.9s]
* Acceptance ratio (%)     =  17.6457
* Etot/t                   =  -6.886233110867E+02 +/-   1.269358027123E-04
  > Ttot/t                 =  -5.654517288427E+01 +/-   8.045283050457E-04
  > Utot/t                 =   2.438869908009E+01 +/-   7.960042149211E-04
* var[Eloc/t]              =   7.962321039076E-03 +/-   5.881936600121E-05
* Correlation length       =   1.015370683237E+00
* log10 Psi^2 range: -43.107917602648598 -- -33.187438257686807
* log10 Pgen range : -43.107917602648598 -- -33.187438257686807
* Site occupation (ave. no. electrons per config.):
  > Site_  ___eu____  ___ed____
      1        0.497      0.500
      2        0.500      0.499
      3        0.498      0.496
      4        0.500      0.505
      5        0.503      0.503
      6        0.499      0.500
      7        0.496      0.499
      8        0.495      0.499
      9        0.504      0.502
     10        0.500      0.503
     11        0.499      0.497
     12        0.499      0.499
     13        0.500      0.500
     14        0.505      0.501
     15        0.503      0.500
     16        0.504      0.502
     17        0.499      0.495
     18        0.498      0.500
* Pair-correlation analysis (ave. no. pairs per config.):
  > Shell  nsite  ___dh____  __eueu___  __eued___
      0      1        0          0          3.218
      1      0        0.930      0.541      2.550
      2      0        0.152      0.340      0.531
      3      0        0.284      0.706      1.055
      4      0        0.248      0.753      1.055
      5      0        0.745      0.974      2.336
      6      0        0.617      1.277      2.192
      7      0        0.483      1.525      2.084
      8      0        0.122      1.041      0.979
      9      0        0.158      0.836      1.125
     10      0        0.149      0.861      1.078
     11      0        0.242      2.070      1.934
     12      0        0.290      1.890      2.057
     13      0        0.330      1.863      2.051
     14      0        0.250      2.053      1.947
     15      0        0.263      2.101      1.931
     16      0        0.248      2.099      1.934
     17      0        0.258      2.113      1.917
     18      0        0.286      2.075      1.929
     19      0        0.238      1.968      2.041
     20      0        0.121      0.989      1.031
     21      0        0.222      2.125      1.919
     22      0        0.263      2.040      1.967
     23      0        0.237      2.065      1.972
     24      0        0.265      2.014      1.966
     25      0        0.152      0.965      1.008
     26      0        0.144      1.008      0.981
     27      0        0.237      1.992      2.019
     28      0        0.278      1.949      2.032
     29      0        0.268      2.029      1.970
     30      0        0.236      2.022      1.990
     31      0        0.261      1.976      1.997
     32      0        0.242      1.989      2.036
     33      0        0.258      2.001      1.978
     34      0        0.270      1.971      2.010
     35      0        0.240      2.032      1.999
     36      0        0.283      1.918      2.052
     37      0        0.115      0.994      0.999
     38      0        0.265      1.872      2.115
     39      0        0.231      2.006      2.002
     40      0        0.263      2.008      1.986
     41      0        0.114      0.999      0.996
     42      0        0.119      1.002      1.007
     43      0        0.238      1.998      1.999
     44      0        0.273      1.948      2.018
     45      0        0.118      1.005      1.007

Optimization #5:
* Method          : lls
* Target function : energy
* No. of configs. : 100352
* No. of params.  : 169
* Before optimization:
  -8.1601E+00  -8.1556E+00  -8.1455E+00  -8.1409E+00  -8.1475E+00   1.3231E+00
   1.3305E+00   1.4210E+00   7.8842E-01   1.5270E+00   7.7238E-01   7.6608E-01
   1.1530E+00   1.1469E+00   1.1485E+00   1.1414E+00   4.2352E-01   1.9959E-01
   7.7449E-01   6.7544E-01   6.7176E-01   6.5534E-01   6.5516E-01   5.7276E-01
   5.7327E-01   7.0448E-01   7.0320E-01   7.1433E-01   7.1272E-01   8.0731E-01
   8.0318E-01   3.8194E-01   3.8185E-01   7.2198E-01   7.1991E-01   3.6662E-01
   3.6733E-01   9.6526E-02   1.0482E+00   1.0491E+00  -2.8210E-02  -2.8002E-02
   3.2485E-01   3.2392E-01   5.7762E-01   5.7588E-01  -1.8688E-01  -1.5378E-01
   5.9308E-02   5.7788E-02   4.9854E-01   4.9687E-01   5.3435E-01   5.3298E-01
   1.3134E-01   1.3085E-01  -4.8761E-02  -4.8084E-02   2.7418E-02   2.9626E-02
  -7.5059E-02  -7.3976E-02  -1.2956E-01  -1.2900E-01   2.6902E-03   2.6304E-03
   7.0665E-02   7.0121E-02   7.0753E-02   4.1524E-01   4.1212E-01   3.1665E-02
   3.3022E-02  -1.1822E-01  -1.1871E-01   9.9319E-02  -5.1064E-03   4.3211E-02
   4.3637E-02   6.7570E-01   6.7361E-01  -7.4330E-01  -4.2533E-01  -5.8844E+00
   4.5063E+00   1.1761E+00  -1.9189E+00  -5.7201E-01  -8.0840E-01   1.2260E+00
  -1.8996E+00  -2.3582E+00   1.2882E+00  -1.5490E-02  -1.0521E+00   1.3022E+00
  -1.7474E+00   1.3786E+00  -1.5821E+00  -9.3624E-01   1.4503E-01   1.5420E-01
  -8.5006E-01   4.7666E-01  -1.1269E+00  -2.1251E+00   1.5552E+00   1.4822E-01
  -8.6276E-01  -2.2107E+00   1.4839E+00   3.8460E-01  -1.2329E+00   1.3258E+00
  -1.7261E+00  -2.2025E+00   1.4516E+00   3.0471E-01  -6.7127E-01   1.4570E+00
  -1.5510E+00  -7.5187E-01  -3.4637E-01   1.5298E+00  -1.5029E+00   6.2354E-01
  -9.4750E-01  -3.1659E+00   2.5893E+00   1.6103E+00  -1.4222E+00   1.5975E+00
  -1.4449E+00   4.4655E-01  -5.0644E-01  -2.8412E+00   2.3435E+00  -2.8587E+00
   2.3236E+00   4.1147E-01  -5.4374E-01   5.0362E-01  -4.5351E-01   7.4397E-01
  -7.7155E-01   5.1422E-01  -4.3899E-01   8.2292E-01  -6.9519E-01   7.6130E-01
  -7.6290E-01   1.4856E+00  -1.5498E+00  -6.0078E-01   5.3041E-01   5.7338E-01
  -9.7909E-01  -2.9951E-01   2.6698E-01   8.1927E-01  -7.0208E-01  -6.1184E-01
   5.1364E-01  -6.2182E-05   3.9092E-03  -3.0330E-01   2.5904E-01  -3.2101E+00
   2.5403E+00
  > E    =  -6.886233360311E+02 +/-   2.790227990697E-04
  > varE =   7.812776750354E-03
* Computing derivatives.
    [walltime: 1m7s elapsed, 5m22s remaining]
  Done. [total walltime: 6m22s]
* Optimizing manipulation constant:
  #igrid a___________ E____________________________________ varE____________
     1     Infinity    -6.88623336E+02 +/-   2.79022799E-04   7.81277675E-03
     2     1.0000E+06  -6.88623336E+02 +/-   2.79022798E-04   7.81277669E-03
     3     2.1544E+05  -6.88623336E+02 +/-   2.79022794E-04   7.81277649E-03
     4     4.6416E+04  -6.88623336E+02 +/-   2.79022776E-04   7.81277548E-03
     5     1.0000E+04  -6.88623336E+02 +/-   2.79022677E-04   7.81276994E-03
     6     2.1544E+03  -6.88623336E+02 +/-   2.79021888E-04   7.81272571E-03
     7     4.6416E+02  -6.88623336E+02 +/-   2.79011112E-04   7.81212229E-03
     8     1.0000E+02  -6.88623334E+02 +/-   2.78815113E-04   7.80115046E-03
     9     2.1544E+01  -6.88623094E+02 +/-   2.77693069E-04   7.73848797E-03
    10     4.6416E+00  -6.88562788E+02 +/-   7.25440513E-04   5.28116387E-02
    11     1.0000E+00  -6.87532434E+02 +/-   2.07535788E-03   4.32227137E-01
    12     2.1544E-01  -6.86517030E+02 +/-   2.24063352E-03   5.03811050E-01
    13     4.6416E-02  -6.87895741E+02 +/-   1.88358690E-03   3.56038823E-01
    14     1.0000E-02  -6.87908062E+02 +/-   1.87751906E-03   3.53748608E-01
    15     2.1544E-03  -6.87908050E+02 +/-   1.87856988E-03   3.54144697E-01
    16     4.6416E-04  -6.87907855E+02 +/-   1.87895813E-03   3.54291094E-01
    17     1.0000E-04  -6.87907803E+02 +/-   1.87905004E-03   3.54325756E-01
    18     2.1544E-05  -6.87907791E+02 +/-   1.87907023E-03   3.54333372E-01
    19     4.6416E-06  -6.87907789E+02 +/-   1.87907460E-03   3.54335019E-01
    20     1.0000E-06  -6.87907788E+02 +/-   1.87907554E-03   3.54335374E-01
    21     0.0000E+00  -6.87907788E+02 +/-   1.87907580E-03   3.54335472E-01
* Iteration # 1: E =  -6.886233360617E+02 +/-   2.790111122496E-04
* Reached maximum number of iterations: exiting.
* After optimization:
  -8.0852E+00  -8.0808E+00  -8.0707E+00  -8.0660E+00  -8.0727E+00   1.3225E+00
   1.3298E+00   1.3926E+00   7.7051E-01   1.5271E+00   7.6138E-01   7.5507E-01
   1.1367E+00   1.1307E+00   1.1389E+00   1.1317E+00   4.1940E-01   1.9549E-01
   7.7308E-01   6.7268E-01   6.6901E-01   6.4644E-01   6.4627E-01   5.4958E-01
   5.5010E-01   6.9482E-01   6.9353E-01   6.9808E-01   6.9646E-01   7.9841E-01
   7.9428E-01   3.7093E-01   3.7084E-01   6.9879E-01   6.9673E-01   3.6386E-01
   3.6456E-01   9.2405E-02   1.0475E+00   1.0484E+00  -3.9263E-02  -3.9057E-02
   3.2285E-01   3.2192E-01   5.6269E-01   5.6094E-01  -2.0488E-01  -1.7177E-01
   5.6494E-02   5.4975E-02   4.8437E-01   4.8270E-01   5.2018E-01   5.1881E-01
   1.2852E-01   1.2804E-01  -5.8505E-02  -5.7830E-02   2.5373E-02   2.7575E-02
  -8.4807E-02  -8.3727E-02  -1.3854E-01  -1.3799E-01   6.4311E-04   5.8353E-04
   5.9607E-02   5.9068E-02   6.9244E-02   4.1324E-01   4.1013E-01   3.0908E-02
   3.2263E-02  -1.2721E-01  -1.2769E-01   9.7786E-02  -5.1026E-03   4.2443E-02
   4.2874E-02   6.6076E-01   6.5868E-01  -7.3652E-01  -4.3148E-01  -5.6283E+00
   4.2787E+00   1.3381E+00  -2.0630E+00  -5.7207E-01  -8.0844E-01   1.3257E+00
  -1.9883E+00  -2.2114E+00   1.1577E+00   7.2340E-02  -1.1303E+00   1.3396E+00
  -1.7808E+00   1.4160E+00  -1.6154E+00  -9.2260E-01   1.3279E-01   1.7975E-01
  -8.7284E-01   5.5763E-01  -1.1990E+00  -1.9160E+00   1.3693E+00   2.3605E-01
  -9.4094E-01  -2.0639E+00   1.3534E+00   4.6557E-01  -1.3049E+00   1.4255E+00
  -1.8148E+00  -1.9935E+00   1.2657E+00   3.3026E-01  -6.9405E-01   1.4945E+00
  -1.5843E+00  -7.4508E-01  -3.5251E-01   1.6295E+00  -1.5916E+00   6.4221E-01
  -9.6419E-01  -3.0310E+00   2.4693E+00   1.7724E+00  -1.5663E+00   1.7596E+00
  -1.5889E+00   4.7214E-01  -5.2920E-01  -2.7132E+00   2.2296E+00  -2.7307E+00
   2.2097E+00   4.3705E-01  -5.6650E-01   5.9150E-01  -5.3165E-01   7.6269E-01
  -7.8823E-01   6.0211E-01  -5.1714E-01   9.0395E-01  -7.6723E-01   7.8002E-01
  -7.7957E-01   1.5853E+00  -1.6385E+00  -5.8707E-01   5.1820E-01   5.9206E-01
  -9.9577E-01  -2.9265E-01   2.6088E-01   9.0030E-01  -7.7412E-01  -5.9811E-01
   5.0145E-01  -5.7734E-05   3.9110E-03  -2.9644E-01   2.5294E-01  -3.0752E+00
   2.4204E+00
  > Energy =  -6.886233360617E+02 +/-   2.790111122496E-04
  > varE =   7.812122290541E-03

VMC #6:
* Size of Hilbert space =   2.3639E+09
* Number of equil. steps   = 1000
* Running VMC equilibration.
  Done. [total walltime: 0.01s]
* Equil. acc.ratio (%)     =  17.6663
* Sample config after equilibration:
  +-------+
  |  0 d  |
  |2     u|
  |  u d  |
  |d     u|
  |  u d  |
  |d     u|
  |  d u  |
  |u     d|
  |  d u  |
  +-------+
* Number of accum. steps   = 501760 x 10
* Running VMC accumulation.
  Done. [total walltime: 19.8s]
* Acceptance ratio (%)     =  17.6310
* Etot/t                   =  -6.886233678532E+02 +/-   1.247394242533E-04
  > Ttot/t                 =  -5.654577800992E+01 +/-   7.983943420217E-04
  > Utot/t                 =   2.438924743929E+01 +/-   7.910038246873E-04
* var[Eloc/t]              =   7.895200794340E-03 +/-   4.388626357972E-05
* Correlation length       =   9.888725633546E-01
* log10 Psi^2 range: -42.760488070880520 -- -33.191201937916574
* log10 Pgen range : -42.760488070880520 -- -33.191201937916574
* Site occupation (ave. no. electrons per config.):
  > Site_  ___eu____  ___ed____
      1        0.500      0.496
      2        0.495      0.500
      3        0.497      0.499
      4        0.505      0.500
      5        0.502      0.506
      6        0.501      0.498
      7        0.498      0.501
      8        0.499      0.497
      9        0.503      0.502
     10        0.504      0.503
     11        0.499      0.497
     12        0.499      0.496
     13        0.501      0.498
     14        0.501      0.502
     15        0.501      0.501
     16        0.502      0.498
     17        0.494      0.501
     18        0.500      0.503
* Pair-correlation analysis (ave. no. pairs per config.):
  > Shell  nsite  ___dh____  __eueu___  __eued___
      0      1        0          0          3.217
      1      0        0.930      0.537      2.554
      2      0        0.150      0.343      0.530
      3      0        0.286      0.703      1.056
      4      0        0.248      0.756      1.055
      5      0        0.746      0.974      2.334
      6      0        0.617      1.273      2.197
      7      0        0.482      1.531      2.078
      8      0        0.126      1.042      0.974
      9      0        0.160      0.834      1.125
     10      0        0.149      0.860      1.076
     11      0        0.240      2.067      1.940
     12      0        0.290      1.891      2.058
     13      0        0.328      1.855      2.059
     14      0        0.250      2.050      1.946
     15      0        0.262      2.104      1.927
     16      0        0.249      2.097      1.937
     17      0        0.260      2.116      1.912
     18      0        0.287      2.078      1.923
     19      0        0.237      1.971      2.041
     20      0        0.121      0.985      1.037
     21      0        0.220      2.125      1.919
     22      0        0.268      2.041      1.961
     23      0        0.238      2.064      1.971
     24      0        0.264      2.010      1.969
     25      0        0.149      0.967      1.011
     26      0        0.148      1.004      0.977
     27      0        0.236      1.994      2.017
     28      0        0.277      1.951      2.032
     29      0        0.265      2.031      1.974
     30      0        0.236      2.022      1.991
     31      0        0.259      1.976      1.995
     32      0        0.245      1.987      2.038
     33      0        0.258      1.997      1.977
     34      0        0.266      1.975      2.016
     35      0        0.240      2.035      1.997
     36      0        0.283      1.919      2.059
     37      0        0.115      0.995      0.996
     38      0        0.266      1.874      2.111
     39      0        0.232      2.007      2.000
     40      0        0.264      2.010      1.984
     41      0        0.117      0.995      0.994
     42      0        0.120      1.001      1.009
     43      0        0.233      2.002      2.006
     44      0        0.273      1.945      2.013
     45      0        0.120      1.006      1.005

Optimization #6:
* Method          : lls
* Target function : energy
* No. of configs. : 100352
* No. of params.  : 169
* Before optimization:
  -8.0852E+00  -8.0808E+00  -8.0707E+00  -8.0660E+00  -8.0727E+00   1.3225E+00
   1.3298E+00   1.3926E+00   7.7051E-01   1.5271E+00   7.6138E-01   7.5507E-01
   1.1367E+00   1.1307E+00   1.1389E+00   1.1317E+00   4.1940E-01   1.9549E-01
   7.7308E-01   6.7268E-01   6.6901E-01   6.4644E-01   6.4627E-01   5.4958E-01
   5.5010E-01   6.9482E-01   6.9353E-01   6.9808E-01   6.9646E-01   7.9841E-01
   7.9428E-01   3.7093E-01   3.7084E-01   6.9879E-01   6.9673E-01   3.6386E-01
   3.6456E-01   9.2405E-02   1.0475E+00   1.0484E+00  -3.9263E-02  -3.9057E-02
   3.2285E-01   3.2192E-01   5.6269E-01   5.6094E-01  -2.0488E-01  -1.7177E-01
   5.6494E-02   5.4975E-02   4.8437E-01   4.8270E-01   5.2018E-01   5.1881E-01
   1.2852E-01   1.2804E-01  -5.8505E-02  -5.7830E-02   2.5373E-02   2.7575E-02
  -8.4807E-02  -8.3727E-02  -1.3854E-01  -1.3799E-01   6.4311E-04   5.8353E-04
   5.9607E-02   5.9068E-02   6.9244E-02   4.1324E-01   4.1013E-01   3.0908E-02
   3.2263E-02  -1.2721E-01  -1.2769E-01   9.7786E-02  -5.1026E-03   4.2443E-02
   4.2874E-02   6.6076E-01   6.5868E-01  -7.3652E-01  -4.3148E-01  -5.6283E+00
   4.2787E+00   1.3381E+00  -2.0630E+00  -5.7207E-01  -8.0844E-01   1.3257E+00
  -1.9883E+00  -2.2114E+00   1.1577E+00   7.2340E-02  -1.1303E+00   1.3396E+00
  -1.7808E+00   1.4160E+00  -1.6154E+00  -9.2260E-01   1.3279E-01   1.7975E-01
  -8.7284E-01   5.5763E-01  -1.1990E+00  -1.9160E+00   1.3693E+00   2.3605E-01
  -9.4094E-01  -2.0639E+00   1.3534E+00   4.6557E-01  -1.3049E+00   1.4255E+00
  -1.8148E+00  -1.9935E+00   1.2657E+00   3.3026E-01  -6.9405E-01   1.4945E+00
  -1.5843E+00  -7.4508E-01  -3.5251E-01   1.6295E+00  -1.5916E+00   6.4221E-01
  -9.6419E-01  -3.0310E+00   2.4693E+00   1.7724E+00  -1.5663E+00   1.7596E+00
  -1.5889E+00   4.7214E-01  -5.2920E-01  -2.7132E+00   2.2296E+00  -2.7307E+00
   2.2097E+00   4.3705E-01  -5.6650E-01   5.9150E-01  -5.3165E-01   7.6269E-01
  -7.8823E-01   6.0211E-01  -5.1714E-01   9.0395E-01  -7.6723E-01   7.8002E-01
  -7.7957E-01   1.5853E+00  -1.6385E+00  -5.8707E-01   5.1820E-01   5.9206E-01
  -9.9577E-01  -2.9265E-01   2.6088E-01   9.0030E-01  -7.7412E-01  -5.9811E-01
   5.0145E-01  -5.7734E-05   3.9110E-03  -2.9644E-01   2.5294E-01  -3.0752E+00
   2.4204E+00
  > E    =  -6.886236134528E+02 +/-   2.804990594679E-04
  > varE =   7.895667498511E-03
* Computing derivatives.
    [walltime: 1m7s elapsed, 5m23s remaining]
  Done. [total walltime: 6m22s]
* Optimizing manipulation constant:
  #igrid a___________ E____________________________________ varE____________
     1     Infinity    -6.88623613E+02 +/-   2.80499059E-04   7.89566750E-03
     2     1.0000E+06  -6.88623613E+02 +/-   2.80499058E-04   7.89566742E-03
     3     2.1544E+05  -6.88623613E+02 +/-   2.80499053E-04   7.89566716E-03
     4     4.6416E+04  -6.88623613E+02 +/-   2.80499032E-04   7.89566593E-03
     5     1.0000E+04  -6.88623613E+02 +/-   2.80498933E-04   7.89566039E-03
     6     2.1544E+03  -6.88623613E+02 +/-   2.80498548E-04   7.89563869E-03
     7     4.6416E+02  -6.88623614E+02 +/-   2.80498292E-04   7.89562428E-03
     8     1.0000E+02  -6.88623615E+02 +/-   2.80533807E-04   7.89762379E-03
     9     2.1544E+01  -6.88623510E+02 +/-   2.83066335E-04   8.04085954E-03
    10     4.6416E+00  -6.88608899E+02 +/-   4.46930241E-04   2.00449748E-02
    11     1.0000E+00  -6.88481900E+02 +/-   1.03900736E-03   1.08333625E-01
    12     2.1544E-01  -6.86407922E+02 +/-   4.01457138E-03   1.61735145E+00
    13     4.6416E-02  -6.87945689E+02 +/-   1.96724486E-02   3.88367494E+01
    14     1.0000E-02  -6.88941604E+02 +/-   3.34697257E-02   1.12416572E+02
    15     2.1544E-03 (error)
    16     4.6416E-04 (error)
    17     1.0000E-04 (error)
    18     2.1544E-05 (error)
    19     4.6416E-06 (error)
    20     1.0000E-06 (error)
    21     0.0000E+00 (error)
  ParMin   2.1300E+02  -6.88623614E+02 +/-   2.80502788E-04   7.89587741E-03
  # Using grid point #8
* Iteration # 1: E =  -6.886236145661E+02 +/-   2.805338066139E-04
* Reached maximum number of iterations: exiting.
* After optimization:
  -8.2499E+00  -8.2454E+00  -8.2352E+00  -8.2307E+00  -8.2373E+00   1.3275E+00
   1.3347E+00   1.2799E+00   9.2292E-01   1.5276E+00   8.2562E-01   8.1923E-01
   1.0683E+00   1.0623E+00   1.2197E+00   1.2125E+00   3.9521E-01   1.7135E-01
   7.8234E-01   6.6523E-01   6.6159E-01   7.2292E-01   7.2276E-01   5.6936E-01
   5.6990E-01   7.7565E-01   7.7431E-01   6.2966E-01   6.2803E-01   8.7492E-01
   8.7076E-01   4.3505E-01   4.3495E-01   7.1860E-01   7.1656E-01   3.5642E-01
   3.5713E-01   6.8195E-02   1.0524E+00   1.0533E+00   2.4678E-02   2.4903E-02
   3.1112E-01   3.1016E-01   5.1091E-01   5.0916E-01  -5.2745E-02  -1.9638E-02
   4.8769E-02   4.7251E-02   4.2826E-01   4.2663E-01   4.6407E-01   4.6271E-01
   1.2079E-01   1.2032E-01   2.1906E-02   2.2575E-02   1.3333E-02   1.5514E-02
  -4.4397E-03  -3.3280E-03  -6.2445E-02  -6.1933E-02  -1.1376E-02  -1.1426E-02
   1.2362E-01   1.2304E-01   7.7953E-02   4.0148E-01   3.9836E-01   3.5288E-02
   3.6615E-02  -5.1128E-02  -5.1611E-02   1.0644E-01  -5.0688E-03   4.6777E-02
   4.7208E-02   6.0898E-01   6.0690E-01  -7.7601E-01  -3.9703E-01  -4.6124E+00
   3.3755E+00  -2.9669E-02  -8.4730E-01  -5.7243E-01  -8.0861E-01   7.5159E-01
  -1.4784E+00  -1.5937E+00   6.0831E-01  -6.5071E-01  -4.8778E-01   1.5594E+00
  -1.9763E+00   1.6358E+00  -1.8109E+00  -1.0010E+00   2.0200E-01   2.5034E-01
  -9.3603E-01  -1.2668E-01  -5.9131E-01  -2.0920E+00   1.5255E+00  -4.8695E-01
  -2.9848E-01  -1.4461E+00   8.0405E-01  -2.1877E-01  -6.9700E-01   8.5142E-01
  -1.3049E+00  -2.1694E+00   1.4217E+00   4.0091E-01  -7.5723E-01   1.7143E+00
  -1.7799E+00  -7.8451E-01  -3.1801E-01   1.0556E+00  -1.0816E+00   7.5186E-01
  -1.0620E+00  -2.5623E+00   2.0524E+00   4.0447E-01  -3.5023E-01   3.9195E-01
  -3.7364E-01   5.4294E-01  -5.9224E-01  -2.2054E+00   1.7779E+00  -2.2230E+00
   1.7580E+00   5.0785E-01  -6.2957E-01  -1.3150E-01   1.1089E-01   8.7246E-01
  -8.8601E-01  -1.2072E-01   1.2536E-01   2.2017E-01  -1.5952E-01   8.8978E-01
  -8.7741E-01   1.0115E+00  -1.1287E+00  -6.6516E-01   5.8759E-01   7.0169E-01
  -1.0937E+00  -3.3172E-01   2.9554E-01   2.1617E-01  -1.6628E-01  -6.7619E-01
   5.7085E-01  -3.0198E-05   3.9064E-03  -3.3547E-01   2.8764E-01  -2.6064E+00
   2.0034E+00
  > Energy =  -6.886236145661E+02 +/-   2.805338066139E-04
  > varE =   7.897623789591E-03

VMC #7:
* Size of Hilbert space =   2.3639E+09
* Number of equil. steps   = 1000
* Running VMC equilibration.
  Done. [total walltime: 0.01s]
* Equil. acc.ratio (%)     =  17.6732
* Sample config after equilibration:
  +-------+
  |  d d  |
  |u     u|
  |  0 u  |
  |2     2|
  |  d 0  |
  |2     d|
  |  0 u  |
  |u     d|
  |  d u  |
  +-------+
* Number of accum. steps   = 501760 x 10
* Running VMC accumulation.
  Done. [total walltime: 19.8s]
* Acceptance ratio (%)     =  17.6411
* Etot/t                   =  -6.886232757495E+02 +/-   1.238644784437E-04
  > Ttot/t                 =  -5.654410578276E+01 +/-   8.107718049007E-04
  > Utot/t                 =   2.438766731581E+01 +/-   8.027093911912E-04
* var[Eloc/t]              =   7.811587472079E-03 +/-   4.905974024924E-05
* Correlation length       =   9.854856234356E-01
* log10 Psi^2 range: -42.181493840805892 -- -33.210046212769186
* log10 Pgen range : -42.181493840805892 -- -33.210046212769186
* Site occupation (ave. no. electrons per config.):
  > Site_  ___eu____  ___ed____
      1        0.493      0.499
      2        0.495      0.496
      3        0.499      0.498
      4        0.503      0.503
      5        0.500      0.502
      6        0.500      0.500
      7        0.497      0.498
      8        0.498      0.495
      9        0.502      0.503
     10        0.504      0.502
     11        0.500      0.498
     12        0.502      0.500
     13        0.499      0.499
     14        0.505      0.502
     15        0.501      0.502
     16        0.504      0.502
     17        0.497      0.499
     18        0.501      0.502
* Pair-correlation analysis (ave. no. pairs per config.):
  > Shell  nsite  ___dh____  __eueu___  __eued___
      0      1        0          0          3.214
      1      0        0.930      0.540      2.555
      2      0        0.149      0.342      0.530
      3      0        0.283      0.704      1.055
      4      0        0.244      0.754      1.060
      5      0        0.744      0.971      2.338
      6      0        0.614      1.275      2.193
      7      0        0.484      1.529      2.079
      8      0        0.123      1.042      0.978
      9      0        0.157      0.837      1.127
     10      0        0.149      0.862      1.080
     11      0        0.244      2.065      1.942
     12      0        0.290      1.891      2.053
     13      0        0.329      1.850      2.052
     14      0        0.253      2.050      1.946
     15      0        0.262      2.099      1.928
     16      0        0.248      2.093      1.938
     17      0        0.257      2.117      1.912
     18      0        0.286      2.071      1.918
     19      0        0.232      1.977      2.048
     20      0        0.121      0.986      1.035
     21      0        0.223      2.130      1.916
     22      0        0.264      2.042      1.964
     23      0        0.239      2.064      1.971
     24      0        0.265      2.010      1.966
     25      0        0.151      0.962      1.007
     26      0        0.144      1.006      0.976
     27      0        0.237      1.996      2.020
     28      0        0.276      1.946      2.027
     29      0        0.264      2.026      1.972
     30      0        0.238      2.025      1.990
     31      0        0.261      1.976      1.997
     32      0        0.241      1.988      2.040
     33      0        0.259      1.997      1.980
     34      0        0.266      1.972      2.008
     35      0        0.236      2.036      2.002
     36      0        0.279      1.922      2.055
     37      0        0.115      0.997      1.002
     38      0        0.264      1.878      2.112
     39      0        0.234      2.008      1.999
     40      0        0.260      2.004      1.987
     41      0        0.116      1.001      0.993
     42      0        0.119      1.001      1.008
     43      0        0.231      1.998      2.013
     44      0        0.270      1.950      2.014
     45      0        0.117      1.009      1.003

VDAGGER finished.
Total VDAGGER walltime: 1h20m

Run ended: Wed Nov 12 16:33:49 CET 2025
