Run started: Wed Mar  4 14:07:54 CET 2026
Using VDAGGER_ARCH = gnu7_fkfamd_cluster
Running 1x128 MPI processes.

                               xx
                              +##
                               #X
                               Xx
                          X##XxXxxX##x
                           +   Xx  ++
                               ##
                              +##
                              +##
     ++++         ++          +##
   xX+++##+      ####         +##
  Xx    ###      +X##          ##
 xX    X##+        ##          #X
 +    x##X         #x          #X
      ###         +#           x+
     X##+         #+
     ###         Xx                    _______
     ##X       +X+   __________________VDAGGER
     +##x    +xX     2nd quantized variational
       +xxxxx+       ______quantum Monte Carlo

* Running 128 MPI processes.
* Input file: "input.11.casl"

############# Start of input file dump #############
General:
  Random seed: timer

Plan:
  VMC-optimization:
    Minimum cycles: 20
    Convergence cycles: 10

System:
  Hubbard model:
    Primitive cell:
      a_1: [ 3.0, 1.0 ]
      a_2: [ -1.0, 3.0 ]
    Simulation cell:
      a_1: [ 10.0, 0.0 ]
      a_2: [ 0.0, 10.0 ]
    U: 8.0
    Dump Hamiltonian: FCIDUMP.new
    Dump orbitals: LTSC.new
  netot: 10

VMC:
  nstep: 500000
  nconfig: 100000

Jastrow: wfn.casl

Backflow: wfn.casl
############## End of input file dump ##############

General setup:
* Random seed: 571032354 (from timer)

Hubbard system:
* Dimensionality        : 2
* Simulation cell:
  > a_1 =   1.000000000000E+01   0.000000000000E+00
  > a_2 =   0.000000000000E+00   1.000000000000E+01
* Primitive cell:
  > a_1 =   3.000000000000E+00   1.000000000000E+00
  > a_2 =  -1.000000000000E+00   3.000000000000E+00
* Prim.cells in sim.cell: 10
* Number of sublattices : 1
* # real-space shells   : 3
  > Shell #1: 4 sites, rij =  3.1623E+00
  > Shell #2: 4 sites, rij =  4.4721E+00
  > Shell #3: 1 sites, rij =  7.0711E+00
* Site labels:
  +-----------------------------+
  |                      4      |
  |             7               |
  |   10                        |
  |                         3   |
  |                6            |
  |       9                     |
  |                            2|
  |                   5         |
  |          8                  |
  | 1                           |
  +-----------------------------+
* Shell diagram:
  +-------------------+
  |              0    |
  |        1          |
  |  2                |
  |                1  |
  |          2        |
  |    3              |
  |                  2|
  |            1      |
  |      2            |
  |1                  |
  +-------------------+
* Hop multiplicity diagram:
  +-------------------+
  |              0    |
  |        1          |
  |  -                |
  |                1  |
  |          -        |
  |    -              |
  |                  -|
  |            1      |
  |      -            |
  |1                  |
  +-------------------+
* Reciprocal lattice of the simulation cell:
  > b_1 =   6.283185307180E-01  -0.000000000000E+00
  > b_2 =  -0.000000000000E+00   6.283185307180E-01
* k-vector offset:
  > Fractional:   0.000000000000E+00   0.000000000000E+00
  > Absolute  :   0.000000000000E+00   0.000000000000E+00
* G-vector occupation diagram:
  +----0----+
  |      -  |
  |- - 2 -  |
  0  2 2 2  0
  |  - 2 - -|
  |  -      |
  +----0----+
* G-vectors and non-interacting energy levels:
  > G_1 = [   0.0000E+00,  0.0000E+00,  0.0000E+00 ], e =  -4.0000E+00
  > G_2 = [  -6.2832E-01,  0.0000E+00,  0.0000E+00 ], e =  -1.0000E+00
  > G_3 = [   6.2832E-01,  0.0000E+00,  0.0000E+00 ], e =  -1.0000E+00
  > G_4 = [   0.0000E+00, -6.2832E-01,  0.0000E+00 ], e =  -1.0000E+00
  > G_5 = [   0.0000E+00,  6.2832E-01,  0.0000E+00 ], e =  -1.0000E+00 = e_F
  > G_6 = [  -6.2832E-01, -6.2832E-01,  0.0000E+00 ], e =   1.0000E+00
  > G_7 = [   6.2832E-01,  6.2832E-01,  0.0000E+00 ], e =   1.0000E+00
  > G_8 = [   6.2832E-01, -6.2832E-01,  0.0000E+00 ], e =   1.0000E+00
  > G_9 = [  -6.2832E-01,  6.2832E-01,  0.0000E+00 ], e =   1.0000E+00
  > ...
* U/t                   :  8.00000000000E+00
* Hartree-Fock Etot/t   :  4.00000000000E+00
  > Ttot/t              : -1.60000000000E+01
  > Utot/t              :  2.00000000000E+01
* Writing Hamiltonian to "FCIDUMP.new".
* Writing orbitals to "LTSC.new".
* Analysis of Hamiltonian connecitivity performed:
  - U_iiii [opp] (local, 1-site): 10 (i) values
  - T_ji (single, 2-site): 40 contribs. from 10 (i) values
  - Max. no. wfn. ratios in Eloc: 4
* Site labels:
  +-----------------------------+
  |                      4      |
  |             7               |
  |   10                        |
  |                         3   |
  |                6            |
  |       9                     |
  |                            2|
  |                   5         |
  |          8                  |
  | 1                           |
  +-----------------------------+
* Model system Site kinds:
  [ 1, 1, 1, 1, 1, 1, 1, 1, 1, 1 ]
  +-------------------+
  |              1    |
  |        1          |
  |  1                |
  |                1  |
  |          1        |
  |    1              |
  |                  1|
  |            1      |
  |      1            |
  |1                  |
  +-------------------+
* Maximum Site kind: 1
* Model system Site pair kinds:
  Site 1: [ 0, 1, 2, 1, 2, 3, 2, 1, 2, 1 ]
  Site 2: [ 1, 0, 1, 2, 1, 2, 3, 2, 1, 2 ]
  Site 3: [ 2, 1, 0, 1, 2, 1, 2, 3, 2, 1 ]
  Site 4: [ 1, 2, 1, 0, 1, 2, 1, 2, 3, 2 ]
  Site 5: [ 2, 1, 2, 1, 0, 1, 2, 1, 2, 3 ]
  Site 6: [ 3, 2, 1, 2, 1, 0, 1, 2, 1, 2 ]
  Site 7: [ 2, 3, 2, 1, 2, 1, 0, 1, 2, 1 ]
  Site 8: [ 1, 2, 3, 2, 1, 2, 1, 0, 1, 2 ]
  Site 9: [ 2, 1, 2, 3, 2, 1, 2, 1, 0, 1 ]
  Site 10: [ 1, 2, 1, 2, 3, 2, 1, 2, 1, 0 ]
  For site 1 of kind 1:
  +-------------------+
  |              1    |
  |        2          |
  |  1                |
  |                2  |
  |          3        |
  |    2              |
  |                  1|
  |            2      |
  |      1            |
  |0                  |
  +-------------------+
* Maximum (unsigned) Site pair kind: 3

General system setup:
* Number of sites       : 10
* Number of electrons   : 10
* Spin imbalance MS2    : 0
* Filling               : 0.500000
* Number of orbitals in pool: 13
* Using real-valued orbitals
* Using double-precision arithmetic for orbitals

Trial wave function setup:
* Jastrow parameter file: "wfn.casl"
* Not using multideterminants
* Not using an orbital rotation
* Backflow parameter file: "wfn.casl"
* Not using wave function manipulation

VMC #1:
* Size of Hilbert space =   6.3504E+04
* Deterministic energy evaluation:
  > Deterministic Etot/t = -4.9018765462368279
    - Ttot/t = -9.0264560308427235
    - Utot/t = 4.1245794846058956
* Number of equil. steps   = 1000
* Running VMC equilibration.
  Done. [total walltime: 0.07s]
* Equil. acc.ratio (%)     =  11.6040
* Sample config after equilibration:
  +-------------------+
  |              d    |
  |        u          |
  |  2                |
  |                0  |
  |          d        |
  |    u              |
  |                  d|
  |            2      |
  |      0            |
  |u                  |
  +-------------------+
* Number of accum. steps   = 500480 x 10
* Running VMC accumulation.
  Done. [total walltime: 2.37s]
* Acceptance ratio (%)     =  11.6391
* Etot/t                   =  -4.901495202480E+00 +/-   9.962147856730E-04
  > Ttot/t                 =  -9.033560419880E+00 +/-   8.120067982157E-03
  > Utot/t                 =   4.132065217391E+00 +/-   8.051712355147E-03
* var[Eloc/t]              =   4.968868184502E-01 +/-   1.366341784046E-02
* Correlation length       =   9.996206464433E-01
* log10 Psi^2 range: -2.0073147452912954 -- 6.0545193487452327
* log10 Pgen range : -2.0073147452912954 -- 6.0545193487452327
* Site occupation (ave. no. electrons per config.):
  > Site_  ___eu____  ___ed____
      1        0.502      0.497
      2        0.499      0.502
      3        0.503      0.495
      4        0.498      0.503
      5        0.502      0.498
      6        0.497      0.503
      7        0.502      0.499
      8        0.498      0.504
      9        0.501      0.498
     10        0.499      0.500
* Pair-correlation analysis (ave. no. pairs per config.):
  > Shell  nsite  ___dh____  __eueu___  __eued___
      0      1        0          0          0.515
      1      4        0.491      4.277     15.291
      2      4        0.141     14.722      5.217
      3      1        0.046      1.001      3.977

Optimization #1:
* Method          : lls
* Target function : energy
* No. of configs. : 100096
* No. of params.  : 21
* Before optimization:
  -2.7306E+00  -1.0185E-01   7.5369E-02  -1.6789E-02  -3.6953E-01   2.1481E-01
  -1.2642E-01   2.8998E-01   7.4542E-01   1.2194E+00   7.2124E-02  -2.3854E-01
  -4.8957E-02  -7.3504E-02  -2.3064E-01   3.7911E-01  -5.6039E-02  -5.9270E-01
  -5.6981E-02  -1.3330E-01  -1.9314E-01
  > E    =  -4.901220823577E+00 +/-   2.257610839883E-03
  > varE =   5.101699638792E-01
* Computing derivatives.
  Done. [total walltime: 2.04s]
* Optimizing manipulation constant:
  #igrid a___________ E____________________________________ varE____________
     1     Infinity    -4.90122082E+00 +/-   2.25761084E-03   5.10169964E-01
     2     1.0000E+06  -4.90122087E+00 +/-   2.25760787E-03   5.10168622E-01
     3     2.1544E+05  -4.90122106E+00 +/-   2.25759675E-03   5.10163595E-01
     4     4.6416E+04  -4.90122195E+00 +/-   2.25753879E-03   5.10137399E-01
     5     1.0000E+04  -4.90122671E+00 +/-   2.25713444E-03   5.09954674E-01
     6     2.1544E+03  -4.90121773E+00 +/-   2.25333114E-03   5.08237565E-01
     7     4.6416E+02  -4.87269767E+00 +/-   2.80440663E-03   7.87224663E-01
     8     1.0000E+02  -4.86732567E+00 +/-   2.92523492E-03   8.56521405E-01
     9     2.1544E+01 (error)
    10     4.6416E+00 (error)
    11     1.0000E+00 (error)
    12     2.1544E-01 (error)
    13     4.6416E-02 (error)
    14     1.0000E-02 (error)
    15     2.1544E-03 (error)
    16     4.6416E-04 (error)
    17     1.0000E-04 (error)
    18     2.1544E-05 (error)
    19     4.6416E-06 (error)
    20     1.0000E-06 (error)
    21     0.0000E+00 (error)
  ParMin   4.6410E+03  -4.90123398E+00 +/-   2.25616634E-03   5.09517322E-01
  # Using parabolic minimum
* Iteration # 1: E =  -4.901233979302E+00 +/-   2.256166337563E-03
* Diminishing returns: exiting.
* After optimization:
  -2.6780E+00  -1.0163E-01   7.5618E-02  -1.6597E-02  -3.6958E-01   2.1474E-01
  -1.2666E-01   2.8970E-01   7.2515E-01   1.1866E+00   7.0050E-02  -2.3211E-01
  -4.7483E-02  -7.1532E-02  -2.2453E-01   3.7946E-01  -5.6111E-02  -5.9338E-01
  -5.6790E-02  -1.3332E-01  -1.9350E-01
  > Energy =  -4.901233979302E+00 +/-   2.256166337563E-03
  > varE =   5.095173217835E-01

VMC #2:
* Size of Hilbert space =   6.3504E+04
* Deterministic energy evaluation:
  > Deterministic Etot/t = -4.9018876750980764
    - Ttot/t = -9.0215694486903306
    - Utot/t = 4.1196817735922568
* Number of equil. steps   = 1000
* Running VMC equilibration.
  Done. [total walltime: 0.04s]
* Equil. acc.ratio (%)     =  11.7257
* Sample config after equilibration:
  +-------------------+
  |              u    |
  |        d          |
  |  u                |
  |                d  |
  |          u        |
  |    d              |
  |                  u|
  |            d      |
  |      u            |
  |d                  |
  +-------------------+
* Number of accum. steps   = 500480 x 10
* Running VMC accumulation.
  Done. [total walltime: 2.00s]
* Acceptance ratio (%)     =  11.6142
* Etot/t                   =  -4.901778734390E+00 +/-   1.013573590386E-03
  > Ttot/t                 =  -9.027673875061E+00 +/-   7.906678651749E-03
  > Utot/t                 =   4.125895140665E+00 +/-   7.824720877177E-03
* var[Eloc/t]              =   5.180337568161E-01 +/-   2.279123942097E-02
* Correlation length       =   9.925199350077E-01
* log10 Psi^2 range: -1.2101865960264868 -- 6.0536983032744809
* log10 Pgen range : -1.2101865960264868 -- 6.0536983032744809
* Site occupation (ave. no. electrons per config.):
  > Site_  ___eu____  ___ed____
      1        0.499      0.501
      2        0.499      0.502
      3        0.500      0.500
      4        0.500      0.499
      5        0.501      0.499
      6        0.498      0.501
      7        0.500      0.500
      8        0.501      0.497
      9        0.498      0.502
     10        0.502      0.499
* Pair-correlation analysis (ave. no. pairs per config.):
  > Shell  nsite  ___dh____  __eueu___  __eued___
      0      1        0          0          0.515
      1      4        0.493      4.265     15.301
      2      4        0.140     14.737      5.204
      3      1        0.046      0.998      3.980

Optimization #2:
* Method          : lls
* Target function : energy
* No. of configs. : 100096
* No. of params.  : 21
* Before optimization:
  -2.6780E+00  -1.0163E-01   7.5618E-02  -1.6597E-02  -3.6958E-01   2.1474E-01
  -1.2666E-01   2.8970E-01   7.2515E-01   1.1866E+00   7.0050E-02  -2.3211E-01
  -4.7483E-02  -7.1532E-02  -2.2453E-01   3.7946E-01  -5.6111E-02  -5.9338E-01
  -5.6790E-02  -1.3332E-01  -1.9350E-01
  > E    =  -4.900573325560E+00 +/-   2.219764495245E-03
  > varE =   4.932084674590E-01
* Computing derivatives.
  Done. [total walltime: 2.05s]
* Optimizing manipulation constant:
  #igrid a___________ E____________________________________ varE____________
     1     Infinity    -4.90057333E+00 +/-   2.21976450E-03   4.93208467E-01
     2     1.0000E+06  -4.90057337E+00 +/-   2.21976236E-03   4.93207517E-01
     3     2.1544E+05  -4.90057355E+00 +/-   2.21975457E-03   4.93204055E-01
     4     4.6416E+04  -4.90057438E+00 +/-   2.21971843E-03   4.93187997E-01
     5     1.0000E+04  -4.90057820E+00 +/-   2.21955116E-03   4.93113669E-01
     6     2.1544E+03  -4.90059556E+00 +/-   2.21878433E-03   4.92772999E-01
     7     4.6416E+02  -4.90066870E+00 +/-   2.21541763E-03   4.91278702E-01
     8     1.0000E+02  -4.90089084E+00 +/-   2.20290846E-03   4.85746438E-01
     9     2.1544E+01  -4.90097346E+00 +/-   2.17466507E-03   4.73370817E-01
    10     4.6416E+00  -4.89853685E+00 +/-   2.19495924E-03   4.82247120E-01
    11     1.0000E+00  -4.89503007E+00 +/-   2.26702509E-03   5.14433660E-01
    12     2.1544E-01  -4.89523271E+00 +/-   2.26008452E-03   5.11288572E-01
    13     4.6416E-02  -4.89753349E+00 +/-   2.20212690E-03   4.85401827E-01
    14     1.0000E-02  -4.89799793E+00 +/-   2.19190524E-03   4.80906087E-01
    15     2.1544E-03  -4.89259021E+00 +/-   2.33288088E-03   5.44755784E-01
    16     4.6416E-04  -4.89032900E+00 +/-   2.39200092E-03   5.72716118E-01
    17     1.0000E-04  -4.88996226E+00 +/-   2.40228381E-03   5.77650762E-01
    18     2.1544E-05  -4.88989863E+00 +/-   2.40416820E-03   5.78557354E-01
    19     4.6416E-06  -4.88988579E+00 +/-   2.40455530E-03   5.78743679E-01
    20     1.0000E-06  -4.88988307E+00 +/-   2.40463778E-03   5.78783384E-01
    21     0.0000E+00  -4.88988233E+00 +/-   2.40466037E-03   5.78794260E-01
  ParMin   4.2150E+01  -4.90103006E+00 +/-   2.18828022E-03   4.79316734E-01
  # Using parabolic minimum
* Iteration # 1: E =  -4.901030056490E+00 +/-   2.188280217657E-03
* Diminishing returns: exiting.
* After optimization:
  -2.6120E+00  -8.9399E-02   9.4151E-02  -1.3451E-03  -3.7455E-01   2.0896E-01
  -1.4596E-01   2.6846E-01   6.5627E-01   1.1048E+00   5.6566E-02  -2.2418E-01
  -3.0530E-02  -6.4534E-02  -2.2452E-01   4.0073E-01  -6.6730E-02  -6.4118E-01
  -3.9817E-02  -1.3552E-01  -2.2527E-01
  > Energy =  -4.901030056490E+00 +/-   2.188280217657E-03
  > varE =   4.793167338488E-01

VMC #3:
* Size of Hilbert space =   6.3504E+04
* Deterministic energy evaluation:
  > Deterministic Etot/t = -4.9023198365965248
    - Ttot/t = -9.0183621053153598
    - Utot/t = 4.1160422687188323
* Number of equil. steps   = 1000
* Running VMC equilibration.
  Done. [total walltime: 0.04s]
* Equil. acc.ratio (%)     =  11.8085
* Sample config after equilibration:
  +-------------------+
  |              u    |
  |        d          |
  |  u                |
  |                d  |
  |          u        |
  |    d              |
  |                  u|
  |            d      |
  |      u            |
  |d                  |
  +-------------------+
* Number of accum. steps   = 500480 x 10
* Running VMC accumulation.
  Done. [total walltime: 2.00s]
* Acceptance ratio (%)     =  11.6523
* Etot/t                   =  -4.902459058305E+00 +/-   1.013893160574E-03
  > Ttot/t                 =  -9.034316475186E+00 +/-   7.971937127164E-03
  > Utot/t                 =   4.131857416880E+00 +/-   7.896651561843E-03
* var[Eloc/t]              =   5.152646859440E-01 +/-   3.342754508354E-02
* Correlation length       =   9.984831381773E-01
* log10 Psi^2 range: -1.8383374032659998 -- 6.0149332473092434
* log10 Pgen range : -1.8383374032659998 -- 6.0149332473092434
* Site occupation (ave. no. electrons per config.):
  > Site_  ___eu____  ___ed____
      1        0.503      0.498
      2        0.497      0.505
      3        0.503      0.497
      4        0.497      0.503
      5        0.502      0.497
      6        0.497      0.503
      7        0.503      0.497
      8        0.498      0.501
      9        0.504      0.497
     10        0.495      0.502
* Pair-correlation analysis (ave. no. pairs per config.):
  > Shell  nsite  ___dh____  __eueu___  __eued___
      0      1        0          0          0.516
      1      4        0.491      4.274     15.295
      2      4        0.143     14.723      5.214
      3      1        0.047      1.003      3.975

Optimization #3:
* Method          : lls
* Target function : energy
* No. of configs. : 100096
* No. of params.  : 21
* Before optimization:
  -2.6120E+00  -8.9399E-02   9.4151E-02  -1.3451E-03  -3.7455E-01   2.0896E-01
  -1.4596E-01   2.6846E-01   6.5627E-01   1.1048E+00   5.6566E-02  -2.2418E-01
  -3.0530E-02  -6.4534E-02  -2.2452E-01   4.0073E-01  -6.6730E-02  -6.4118E-01
  -3.9817E-02  -1.3552E-01  -2.2527E-01
  > E    =  -4.901151438727E+00 +/-   2.144192476374E-03
  > varE =   4.601975034658E-01
* Computing derivatives.
  Done. [total walltime: 2.06s]
* Optimizing manipulation constant:
  #igrid a___________ E____________________________________ varE____________
     1     Infinity    -4.90115144E+00 +/-   2.14419248E-03   4.60197503E-01
     2     1.0000E+06  -4.90115146E+00 +/-   2.14419185E-03   4.60197236E-01
     3     2.1544E+05  -4.90115153E+00 +/-   2.14418909E-03   4.60196052E-01
     4     4.6416E+04  -4.90115192E+00 +/-   2.14416633E-03   4.60186278E-01
     5     1.0000E+04  -4.90115313E+00 +/-   2.14390293E-03   4.60073225E-01
     6     2.1544E+03  -4.90031308E+00 +/-   2.16095325E-03   4.67420188E-01
     7     4.6416E+02  -4.68431494E+00 +/-   5.30743007E-03   2.81958560E+00
     8     1.0000E+02  -5.26325945E-01 +/-   2.02925715E-02   4.12183776E+01
     9     2.1544E+01  -8.00093341E-09 +/-   2.12039780E-02   4.50040308E+01
    10     4.6416E+00  -3.87540890E-51 +/-   2.77565196E-03   7.71163986E-01
    11     1.0000E+00   0.00000000E+00 +/-   0.00000000E+00   0.00000000E+00
    12     2.1544E-01   0.00000000E+00 +/-   0.00000000E+00   0.00000000E+00
    13     4.6416E-02 (error)
    14     1.0000E-02 (error)
    15     2.1544E-03 (error)
    16     4.6416E-04 (error)
    17     1.0000E-04 (error)
    18     2.1544E-05 (error)
    19     4.6416E-06 (error)
    20     1.0000E-06 (error)
    21     0.0000E+00 (error)
  ParMin   2.1470E+04  -4.90115263E+00 +/-   2.14410477E-03   4.60159858E-01
  # Using grid point #5
* Iteration # 1: E =  -4.901153131556E+00 +/-   2.143902931473E-03
* Convergence: exiting.
* After optimization:
  -2.6668E+00  -8.9434E-02   9.4120E-02  -1.3953E-03  -3.7455E-01   2.0897E-01
  -1.4594E-01   2.6848E-01   6.7442E-01   1.1354E+00   5.8065E-02  -2.3037E-01
  -3.1348E-02  -6.6331E-02  -2.3076E-01   4.0070E-01  -6.6739E-02  -6.4121E-01
  -3.9782E-02  -1.3553E-01  -2.2535E-01
  > Energy =  -4.901153131556E+00 +/-   2.143902931473E-03
  > varE =   4.600732246568E-01

VMC #4:
* Size of Hilbert space =   6.3504E+04
* Deterministic energy evaluation:
  > Deterministic Etot/t = -4.9023129629522764
    - Ttot/t = -9.0133839863164411
    - Utot/t = 4.1110710233641656
* Number of equil. steps   = 1000
* Running VMC equilibration.
  Done. [total walltime: 0.04s]
* Equil. acc.ratio (%)     =  11.5853
* Sample config after equilibration:
  +-------------------+
  |              d    |
  |        u          |
  |  d                |
  |                u  |
  |          d        |
  |    u              |
  |                  d|
  |            u      |
  |      d            |
  |u                  |
  +-------------------+
* Number of accum. steps   = 500480 x 10
* Running VMC accumulation.
  Done. [total walltime: 2.00s]
* Acceptance ratio (%)     =  11.5953
* Etot/t                   =  -4.902050583046E+00 +/-   1.338651757831E-03
  > Ttot/t                 =  -9.009707232651E+00 +/-   7.994453636615E-03
  > Utot/t                 =   4.107656649616E+00 +/-   7.873671208496E-03
* var[Eloc/t]              =   8.881641102083E-01 +/-   3.973251406009E-01
* Correlation length       =   1.009784575348E+00
* log10 Psi^2 range: -1.9478052174524416 -- 6.0161086419027976
* log10 Pgen range : -1.9478052174524416 -- 6.0161086419027976
* Site occupation (ave. no. electrons per config.):
  > Site_  ___eu____  ___ed____
      1        0.502      0.497
      2        0.498      0.502
      3        0.501      0.499
      4        0.499      0.502
      5        0.502      0.498
      6        0.498      0.502
      7        0.500      0.499
      8        0.499      0.502
      9        0.502      0.499
     10        0.499      0.501
* Pair-correlation analysis (ave. no. pairs per config.):
  > Shell  nsite  ___dh____  __eueu___  __eued___
      0      1        0          0          0.515
      1      4        0.490      4.267     15.303
      2      4        0.143     14.731      5.204
      3      1        0.045      1.002      3.977

Optimization #4:
* Method          : lls
* Target function : energy
* No. of configs. : 100096
* No. of params.  : 21
* Before optimization:
  -2.6668E+00  -8.9434E-02   9.4120E-02  -1.3953E-03  -3.7455E-01   2.0897E-01
  -1.4594E-01   2.6848E-01   6.7442E-01   1.1354E+00   5.8065E-02  -2.3037E-01
  -3.1348E-02  -6.6331E-02  -2.3076E-01   4.0070E-01  -6.6739E-02  -6.4121E-01
  -3.9782E-02  -1.3553E-01  -2.2535E-01
  > E    =  -4.902404515906E+00 +/-   2.113965918694E-03
  > varE =   4.473142003231E-01
* Computing derivatives.
  Done. [total walltime: 2.07s]
* Optimizing manipulation constant:
  #igrid a___________ E____________________________________ varE____________
     1     Infinity    -4.90240452E+00 +/-   2.11396592E-03   4.47314200E-01
     2     1.0000E+06  -4.90240453E+00 +/-   2.11396482E-03   4.47313737E-01
     3     2.1544E+05  -4.90240459E+00 +/-   2.11396052E-03   4.47311915E-01
     4     4.6416E+04  -4.90240458E+00 +/-   2.11393403E-03   4.47300706E-01
     5     1.0000E+04  -4.90239763E+00 +/-   2.11370311E-03   4.47202985E-01
     6     2.1544E+03  -4.90175759E+00 +/-   2.12275102E-03   4.51039774E-01
     7     4.6416E+02  -4.76663957E+00 +/-   4.34965864E-03   1.89376930E+00
     8     1.0000E+02  -9.39689097E-01 +/-   1.94701573E-02   3.79450950E+01
     9     2.1544E+01  -5.83284139E-07 +/-   2.11686242E-02   4.48540838E+01
    10     4.6416E+00  -1.10790366E-38 +/-   2.11699739E-02   4.48598037E+01
    11     1.0000E+00   0.00000000E+00 +/-   0.00000000E+00   0.00000000E+00
    12     2.1544E-01   0.00000000E+00 +/-   0.00000000E+00   0.00000000E+00
    13     4.6416E-02   0.00000000E+00 +/-   0.00000000E+00   0.00000000E+00
    14     1.0000E-02   0.00000000E+00 +/-   0.00000000E+00   0.00000000E+00
    15     2.1544E-03   0.00000000E+00 +/-   0.00000000E+00   0.00000000E+00
    16     4.6416E-04   0.00000000E+00 +/-   0.00000000E+00   0.00000000E+00
    17     1.0000E-04   0.00000000E+00 +/-   0.00000000E+00   0.00000000E+00
    18     2.1544E-05   0.00000000E+00 +/-   0.00000000E+00   0.00000000E+00
    19     4.6416E-06   0.00000000E+00 +/-   0.00000000E+00   0.00000000E+00
    20     1.0000E-06   0.00000000E+00 +/-   0.00000000E+00   0.00000000E+00
    21     0.0000E+00   0.00000000E+00 +/-   0.00000000E+00   0.00000000E+00
  ParMin   9.8380E+04  -4.90240464E+00 +/-   2.11395303E-03   4.47308747E-01
  # Using parabolic minimum
* Iteration # 1: E =  -4.902404635916E+00 +/-   2.113953032791E-03
* Convergence: exiting.
* After optimization:
  -2.6717E+00  -8.9430E-02   9.4125E-02  -1.3914E-03  -3.7455E-01   2.0897E-01
  -1.4595E-01   2.6848E-01   6.7605E-01   1.1381E+00   5.8203E-02  -2.3093E-01
  -3.1421E-02  -6.6493E-02  -2.3132E-01   4.0072E-01  -6.6739E-02  -6.4124E-01
  -3.9778E-02  -1.3553E-01  -2.2537E-01
  > Energy =  -4.902404635916E+00 +/-   2.113953032791E-03
  > varE =   4.473087470372E-01

VMC #5:
* Size of Hilbert space =   6.3504E+04
* Deterministic energy evaluation:
  > Deterministic Etot/t = -4.9023130471524405
    - Ttot/t = -9.0133464734402828
    - Utot/t = 4.1110334262878361
* Number of equil. steps   = 1000
* Running VMC equilibration.
  Done. [total walltime: 0.04s]
* Equil. acc.ratio (%)     =  11.7407
* Sample config after equilibration:
  +-------------------+
  |              d    |
  |        d          |
  |  u                |
  |                u  |
  |          d        |
  |    u              |
  |                  d|
  |            u      |
  |      d            |
  |u                  |
  +-------------------+
* Number of accum. steps   = 500480 x 10
* Running VMC accumulation.
  Done. [total walltime: 2.00s]
* Acceptance ratio (%)     =  11.5749
* Etot/t                   =  -4.903049540436E+00 +/-   1.036871238721E-03
  > Ttot/t                 =  -9.022470895948E+00 +/-   7.971812334241E-03
  > Utot/t                 =   4.119421355499E+00 +/-   7.860382959884E-03
* var[Eloc/t]              =   5.341916172203E-01 +/-   1.971698914854E-02
* Correlation length       =   1.007254727408E+00
* log10 Psi^2 range: -1.9477892085944037 -- 6.0161474476245456
* log10 Pgen range : -1.9477892085944037 -- 6.0161474476245456
* Site occupation (ave. no. electrons per config.):
  > Site_  ___eu____  ___ed____
      1        0.500      0.499
      2        0.502      0.498
      3        0.497      0.502
      4        0.501      0.500
      5        0.499      0.502
      6        0.500      0.501
      7        0.495      0.505
      8        0.503      0.497
      9        0.500      0.499
     10        0.503      0.498
* Pair-correlation analysis (ave. no. pairs per config.):
  > Shell  nsite  ___dh____  __eueu___  __eued___
      0      1        0          0          0.517
      1      4        0.493      4.236     15.332
      2      4        0.145     14.768      5.169
      3      1        0.047      0.995      3.982

Optimization #5:
* Method          : lls
* Target function : energy
* No. of configs. : 100096
* No. of params.  : 21
* Before optimization:
  -2.6717E+00  -8.9430E-02   9.4125E-02  -1.3914E-03  -3.7455E-01   2.0897E-01
  -1.4595E-01   2.6848E-01   6.7605E-01   1.1381E+00   5.8203E-02  -2.3093E-01
  -3.1421E-02  -6.6493E-02  -2.3132E-01   4.0072E-01  -6.6739E-02  -6.4124E-01
  -3.9778E-02  -1.3553E-01  -2.2537E-01
  > E    =  -4.907284497282E+00 +/-   2.478980890858E-03
  > varE =   6.151245789646E-01
* Computing derivatives.
  Done. [total walltime: 2.06s]
* Optimizing manipulation constant:
  #igrid a___________ E____________________________________ varE____________
     1     Infinity    -4.90728450E+00 +/-   2.47898089E-03   6.15124579E-01
     2     1.0000E+06  -4.90728452E+00 +/-   2.47898054E-03   6.15124403E-01
     3     2.1544E+05  -4.90728460E+00 +/-   2.47897925E-03   6.15123763E-01
     4     4.6416E+04  -4.90728497E+00 +/-   2.47897327E-03   6.15120799E-01
     5     1.0000E+04  -4.90728668E+00 +/-   2.47894584E-03   6.15107184E-01
     6     2.1544E+03  -4.90729451E+00 +/-   2.47882452E-03   6.15046980E-01
     7     4.6416E+02  -4.90732860E+00 +/-   2.47838184E-03   6.14827324E-01
     8     1.0000E+02  -4.90743643E+00 +/-   2.47849526E-03   6.14883598E-01
     9     2.1544E+01  -4.90602575E+00 +/-   2.52557867E-03   6.38467100E-01
    10     4.6416E+00  -4.87894304E+00 +/-   3.09419674E-03   9.58324455E-01
    11     1.0000E+00  -4.68075445E+00 +/-   5.62485945E-03   3.16694173E+00
    12     2.1544E-01  -2.57433068E+00 +/-   1.56316094E-02   2.44581785E+01
    13     4.6416E-02  -6.26624720E-03 +/-   2.12594620E-02   4.52398613E+01
    14     1.0000E-02  -2.11850763E-16 +/-   2.12691236E-02   4.52809898E+01
    15     2.1544E-03  -1.77527273E-74 +/-   5.93692053E-15   3.52808625E-24
    16     4.6416E-04  -5.03261138-248 +/-   9.99754050-102   1.00046769-197
    17     1.0000E-04   0.00000000E+00 +/-   0.00000000E+00   0.00000000E+00
    18     2.1544E-05   0.00000000E+00 +/-   0.00000000E+00   0.00000000E+00
    19     4.6416E-06   0.00000000E+00 +/-   0.00000000E+00   0.00000000E+00
    20     1.0000E-06   0.00000000E+00 +/-   0.00000000E+00   0.00000000E+00
    21     0.0000E+00   0.00000000E+00 +/-   0.00000000E+00   0.00000000E+00
  ParMin   1.9505E+02  -4.90737992E+00 +/-   2.47802613E-03   6.14650847E-01
  # Using grid point #8
* Iteration # 1: E =  -4.907436431867E+00 +/-   2.478495260669E-03
* Diminishing returns: exiting.
* After optimization:
  -2.7065E+00  -9.4205E-02   8.6747E-02  -1.2971E-02  -3.7454E-01   2.0885E-01
  -1.3960E-01   2.7514E-01   7.0927E-01   1.1916E+00   5.9854E-02  -2.4004E-01
  -3.0972E-02  -6.8218E-02  -2.3575E-01   3.9692E-01  -6.5272E-02  -6.2064E-01
  -3.9381E-02  -1.3384E-01  -2.2043E-01
  > Energy =  -4.907436431867E+00 +/-   2.478495260669E-03
  > varE =   6.148835978367E-01

VMC #6:
* Size of Hilbert space =   6.3504E+04
* Deterministic energy evaluation:
  > Deterministic Etot/t = -4.9023471484491337
    - Ttot/t = -9.0001460164611142
    - Utot/t = 4.0977988680119859
* Number of equil. steps   = 1000
* Running VMC equilibration.
  Done. [total walltime: 0.04s]
* Equil. acc.ratio (%)     =  11.5795
* Sample config after equilibration:
  +-------------------+
  |              d    |
  |        u          |
  |  d                |
  |                u  |
  |          d        |
  |    u              |
  |                  d|
  |            u      |
  |      d            |
  |u                  |
  +-------------------+
* Number of accum. steps   = 500480 x 10
* Running VMC accumulation.
  Done. [total walltime: 2.00s]
* Acceptance ratio (%)     =  11.5503
* Etot/t                   =  -4.903764737004E+00 +/-   1.289082277820E-03
  > Ttot/t                 =  -8.999752588682E+00 +/-   8.007090387272E-03
  > Utot/t                 =   4.095987851662E+00 +/-   7.825983003639E-03
* var[Eloc/t]              =   8.269412710819E-01 +/-   3.109782580161E-01
* Correlation length       =   1.005711312853E+00
* log10 Psi^2 range: -2.0057589696325211 -- 6.1159469308152836
* log10 Pgen range : -2.0057589696325211 -- 6.1159469308152836
* Site occupation (ave. no. electrons per config.):
  > Site_  ___eu____  ___ed____
      1        0.500      0.501
      2        0.500      0.500
      3        0.498      0.501
      4        0.500      0.501
      5        0.501      0.498
      6        0.500      0.501
      7        0.499      0.501
      8        0.499      0.501
      9        0.499      0.501
     10        0.503      0.497
* Pair-correlation analysis (ave. no. pairs per config.):
  > Shell  nsite  ___dh____  __eueu___  __eued___
      0      1        0          0          0.511
      1      4        0.487      4.242     15.328
      2      4        0.138     14.763      5.177
      3      1        0.045      0.995      3.984

Optimization #6:
* Method          : lls
* Target function : energy
* No. of configs. : 100096
* No. of params.  : 21
* Before optimization:
  -2.7065E+00  -9.4205E-02   8.6747E-02  -1.2971E-02  -3.7454E-01   2.0885E-01
  -1.3960E-01   2.7514E-01   7.0927E-01   1.1916E+00   5.9854E-02  -2.4004E-01
  -3.0972E-02  -6.8218E-02  -2.3575E-01   3.9692E-01  -6.5272E-02  -6.2064E-01
  -3.9381E-02  -1.3384E-01  -2.2043E-01
  > E    =  -4.902965536113E+00 +/-   2.256815384122E-03
  > varE =   5.098105165061E-01
* Computing derivatives.
  Done. [total walltime: 2.05s]
* Optimizing manipulation constant:
  #igrid a___________ E____________________________________ varE____________
     1     Infinity    -4.90296554E+00 +/-   2.25681538E-03   5.09810517E-01
     2     1.0000E+06  -4.90296556E+00 +/-   2.25681392E-03   5.09809855E-01
     3     2.1544E+05  -4.90296563E+00 +/-   2.25680859E-03   5.09807446E-01
     4     4.6416E+04  -4.90296597E+00 +/-   2.25678387E-03   5.09796280E-01
     5     1.0000E+04  -4.90296741E+00 +/-   2.25666992E-03   5.09744800E-01
     6     2.1544E+03  -4.90297174E+00 +/-   2.25615800E-03   5.09513557E-01
     7     4.6416E+02  -4.90292956E+00 +/-   2.25444582E-03   5.08740519E-01
     8     1.0000E+02  -4.89686477E+00 +/-   2.37154419E-03   5.62962109E-01
     9     2.1544E+01  -4.02464902E+00 +/-   9.88194009E-03   9.77464866E+00
    10     4.6416E+00  -4.04733888E+00 +/-   1.03850044E-02   1.07951850E+01
    11     1.0000E+00 (error)
    12     2.1544E-01 (error)
    13     4.6416E-02 (error)
    14     1.0000E-02 (error)
    15     2.1544E-03 (error)
    16     4.6416E-04 (error)
    17     1.0000E-04 (error)
    18     2.1544E-05 (error)
    19     4.6416E-06 (error)
    20     1.0000E-06 (error)
    21     0.0000E+00 (error)
  ParMin   3.7636E+03  -4.90296987E+00 +/-   2.25643343E-03   5.09637968E-01
  # Using grid point #6
* Iteration # 1: E =  -4.902971736694E+00 +/-   2.256158002730E-03
* Convergence: exiting.
* After optimization:
  -2.6902E+00  -9.3903E-02   8.7382E-02  -1.2549E-02  -3.7482E-01   2.0858E-01
  -1.4007E-01   2.7468E-01   7.0145E-01   1.1806E+00   5.8970E-02  -2.3864E-01
  -3.0337E-02  -6.7460E-02  -2.3403E-01   3.9779E-01  -6.5741E-02  -6.2315E-01
  -3.8958E-02  -1.3394E-01  -2.2136E-01
  > Energy =  -4.902971736694E+00 +/-   2.256158002730E-03
  > varE =   5.095135572258E-01

VMC #7:
* Size of Hilbert space =   6.3504E+04
* Deterministic energy evaluation:
  > Deterministic Etot/t = -4.9023535921132106
    - Ttot/t = -8.9996295873199568
    - Utot/t = 4.0972759952067452
* Number of equil. steps   = 1000
* Running VMC equilibration.
  Done. [total walltime: 0.04s]
* Equil. acc.ratio (%)     =  11.5555
* Sample config after equilibration:
  +-------------------+
  |              2    |
  |        2          |
  |  0                |
  |                d  |
  |          u        |
  |    d              |
  |                  u|
  |            2      |
  |      0            |
  |0                  |
  +-------------------+
* Number of accum. steps   = 500480 x 10
* Running VMC accumulation.
  Done. [total walltime: 2.01s]
* Acceptance ratio (%)     =  11.5407
* Etot/t                   =  -4.902972575246E+00 +/-   9.937867671992E-04
  > Ttot/t                 =  -8.993461705663E+00 +/-   7.929453639842E-03
  > Utot/t                 =   4.090489130435E+00 +/-   7.813078808247E-03
* var[Eloc/t]              =   4.867648877849E-01 +/-   2.596319569060E-02
* Correlation length       =   1.015439148469E+00
* log10 Psi^2 range: -2.1241713051892970 -- 6.1133883023637088
* log10 Pgen range : -2.1241713051892970 -- 6.1133883023637088
* Site occupation (ave. no. electrons per config.):
  > Site_  ___eu____  ___ed____
      1        0.504      0.497
      2        0.498      0.502
      3        0.503      0.497
      4        0.500      0.500
      5        0.501      0.500
      6        0.497      0.502
      7        0.503      0.498
      8        0.496      0.502
      9        0.499      0.500
     10        0.498      0.502
* Pair-correlation analysis (ave. no. pairs per config.):
  > Shell  nsite  ___dh____  __eueu___  __eued___
      0      1        0          0          0.509
      1      4        0.485      4.223     15.351
      2      4        0.141     14.783      5.155
      3      1        0.046      0.994      3.984

Optimization #7:
* Method          : lls
* Target function : energy
* No. of configs. : 100096
* No. of params.  : 21
* Before optimization:
  -2.6902E+00  -9.3903E-02   8.7382E-02  -1.2549E-02  -3.7482E-01   2.0858E-01
  -1.4007E-01   2.7468E-01   7.0145E-01   1.1806E+00   5.8970E-02  -2.3864E-01
  -3.0337E-02  -6.7460E-02  -2.3403E-01   3.9779E-01  -6.5741E-02  -6.2315E-01
  -3.8958E-02  -1.3394E-01  -2.2136E-01
  > E    =  -4.902791331829E+00 +/-   2.111921086401E-03
  > varE =   4.464492477435E-01
* Computing derivatives.
  Done. [total walltime: 2.07s]
* Optimizing manipulation constant:
  #igrid a___________ E____________________________________ varE____________
     1     Infinity    -4.90279133E+00 +/-   2.11192109E-03   4.46449248E-01
     2     1.0000E+06  -4.90279135E+00 +/-   2.11191994E-03   4.46448762E-01
     3     2.1544E+05  -4.90279143E+00 +/-   2.11191575E-03   4.46446993E-01
     4     4.6416E+04  -4.90279180E+00 +/-   2.11189635E-03   4.46438788E-01
     5     1.0000E+04  -4.90279348E+00 +/-   2.11180651E-03   4.46400808E-01
     6     2.1544E+03  -4.90280111E+00 +/-   2.11139474E-03   4.46226743E-01
     7     4.6416E+02  -4.90283270E+00 +/-   2.10958919E-03   4.45463890E-01
     8     1.0000E+02  -4.90291810E+00 +/-   2.10299915E-03   4.42685111E-01
     9     2.1544E+01  -4.90291597E+00 +/-   2.08986565E-03   4.37173129E-01
    10     4.6416E+00  -4.90276583E+00 +/-   2.10146553E-03   4.42039687E-01
    11     1.0000E+00  -4.48896174E+00 +/-   6.93711206E-03   4.81697223E+00
    12     2.1544E-01  -2.30883260E-02 +/-   2.10244332E-02   4.42451138E+01
    13     4.6416E-02  -9.59461686E-29 +/-   2.10705677E-02   4.44395033E+01
    14     1.0000E-02 (error)
    15     2.1544E-03 (error)
    16     4.6416E-04 (error)
    17     1.0000E-04 (error)
    18     2.1544E-05 (error)
    19     4.6416E-06 (error)
    20     1.0000E-06 (error)
    21     0.0000E+00 (error)
  ParMin   3.5879E+01  -4.90293789E+00 +/-   2.09445563E-03   4.39095565E-01
  # Using parabolic minimum
* Iteration # 1: E =  -4.902937891194E+00 +/-   2.094455627241E-03
* Diminishing returns: exiting.
* After optimization:
  -2.6503E+00  -8.2748E-02   1.0692E-01   5.3214E-03  -3.8382E-01   2.0298E-01
  -1.5634E-01   2.6074E-01   6.3539E-01   1.1152E+00   4.9119E-02  -2.3485E-01
  -1.8776E-02  -6.3669E-02  -2.4021E-01   4.1627E-01  -7.4289E-02  -6.8541E-01
  -2.6207E-02  -1.3866E-01  -2.5399E-01
  > Energy =  -4.902937891194E+00 +/-   2.094455627241E-03
  > varE =   4.390955649079E-01

VMC #8:
* Size of Hilbert space =   6.3504E+04
* Deterministic energy evaluation:
  > Deterministic Etot/t = -4.9024315665325986
    - Ttot/t = -8.9906291023907432
    - Utot/t = 4.0881975358581455
* Number of equil. steps   = 1000
* Running VMC equilibration.
  Done. [total walltime: 0.04s]
* Equil. acc.ratio (%)     =  11.7730
* Sample config after equilibration:
  +-------------------+
  |              u    |
  |        d          |
  |  u                |
  |                u  |
  |          u        |
  |    d              |
  |                  u|
  |            d      |
  |      d            |
  |d                  |
  +-------------------+
* Number of accum. steps   = 500480 x 10
* Running VMC accumulation.
  Done. [total walltime: 2.00s]
* Acceptance ratio (%)     =  11.5428
* Etot/t                   =  -4.903448146894E+00 +/-   1.016057125813E-03
  > Ttot/t                 =  -9.001657865563E+00 +/-   8.076947957900E-03
  > Utot/t                 =   4.098209718670E+00 +/-   7.935646627538E-03
* var[Eloc/t]              =   5.110354988230E-01 +/-   2.702463376868E-02
* Correlation length       =   1.011048315132E+00
* log10 Psi^2 range: -1.8791617923108359 -- 6.0456681311515634
* log10 Pgen range : -1.8791617923108359 -- 6.0456681311515634
* Site occupation (ave. no. electrons per config.):
  > Site_  ___eu____  ___ed____
      1        0.499      0.503
      2        0.502      0.498
      3        0.499      0.501
      4        0.500      0.499
      5        0.498      0.502
      6        0.500      0.499
      7        0.500      0.500
      8        0.502      0.498
      9        0.498      0.501
     10        0.502      0.499
* Pair-correlation analysis (ave. no. pairs per config.):
  > Shell  nsite  ___dh____  __eueu___  __eued___
      0      1        0          0          0.509
      1      4        0.485      4.224     15.349
      2      4        0.140     14.787      5.154
      3      1        0.046      0.990      3.988

Optimization #8:
* Method          : lls
* Target function : energy
* No. of configs. : 100096
* No. of params.  : 21
* Before optimization:
  -2.6503E+00  -8.2748E-02   1.0692E-01   5.3214E-03  -3.8382E-01   2.0298E-01
  -1.5634E-01   2.6074E-01   6.3539E-01   1.1152E+00   4.9119E-02  -2.3485E-01
  -1.8776E-02  -6.3669E-02  -2.4021E-01   4.1627E-01  -7.4289E-02  -6.8541E-01
  -2.6207E-02  -1.3866E-01  -2.5399E-01
  > E    =  -4.907692367130E+00 +/-   2.628269372787E-03
  > varE =   6.914431383829E-01
* Computing derivatives.
  Done. [total walltime: 2.03s]
* Optimizing manipulation constant:
  #igrid a___________ E____________________________________ varE____________
     1     Infinity    -4.90769237E+00 +/-   2.62826937E-03   6.91443138E-01
     2     1.0000E+06  -4.90769245E+00 +/-   2.62826646E-03   6.91441605E-01
     3     2.1544E+05  -4.90769277E+00 +/-   2.62825589E-03   6.91436043E-01
     4     4.6416E+04  -4.90769417E+00 +/-   2.62820760E-03   6.91410635E-01
     5     1.0000E+04  -4.90769988E+00 +/-   2.62800021E-03   6.91301523E-01
     6     2.1544E+03  -4.90770822E+00 +/-   2.62740297E-03   6.90987349E-01
     7     4.6416E+02  -4.90715606E+00 +/-   2.63662176E-03   6.95844799E-01
     8     1.0000E+02  -4.82952117E+00 +/-   3.91917755E-03   1.53746982E+00
     9     2.1544E+01  -1.61057696E+00 +/-   1.81050375E-02   3.28107062E+01
    10     4.6416E+00  -2.13344424E-05 +/-   2.12393178E-02   4.51541683E+01
    11     1.0000E+00  -1.87011195E-31 +/-   2.12267647E-02   4.51008093E+01
    12     2.1544E-01  -3.46283474-246 +/-   8.29816917-101   6.89257169-196
    13     4.6416E-02   0.00000000E+00 +/-   0.00000000E+00   0.00000000E+00
    14     1.0000E-02   0.00000000E+00 +/-   0.00000000E+00   0.00000000E+00
    15     2.1544E-03   0.00000000E+00 +/-   0.00000000E+00   0.00000000E+00
    16     4.6416E-04   0.00000000E+00 +/-   0.00000000E+00   0.00000000E+00
    17     1.0000E-04   0.00000000E+00 +/-   0.00000000E+00   0.00000000E+00
    18     2.1544E-05   0.00000000E+00 +/-   0.00000000E+00   0.00000000E+00
    19     4.6416E-06   0.00000000E+00 +/-   0.00000000E+00   0.00000000E+00
    20     1.0000E-06   0.00000000E+00 +/-   0.00000000E+00   0.00000000E+00
    21     0.0000E+00   0.00000000E+00 +/-   0.00000000E+00   0.00000000E+00
  ParMin   4.5208E+03  -4.90770601E+00 +/-   2.62773401E-03   6.91161482E-01
  # Using grid point #6
* Iteration # 1: E =  -4.907708221203E+00 +/-   2.627402971969E-03
* Diminishing returns: exiting.
* After optimization:
  -2.6833E+00  -8.3556E-02   1.0575E-01   4.1125E-03  -3.8362E-01   2.0325E-01
  -1.5530E-01   2.6185E-01   6.4894E-01   1.1370E+00   5.0291E-02  -2.3901E-01
  -1.9444E-02  -6.4941E-02  -2.4419E-01   4.1475E-01  -7.3849E-02  -6.8174E-01
  -2.6848E-02  -1.3849E-01  -2.5248E-01
  > Energy =  -4.907708221203E+00 +/-   2.627402971969E-03
  > varE =   6.909873493631E-01

VMC #9:
* Size of Hilbert space =   6.3504E+04
* Deterministic energy evaluation:
  > Deterministic Etot/t = -4.9024213791074294
    - Ttot/t = -8.9882222568505448
    - Utot/t = 4.0858008777431172
* Number of equil. steps   = 1000
* Running VMC equilibration.
  Done. [total walltime: 0.04s]
* Equil. acc.ratio (%)     =  11.4344
* Sample config after equilibration:
  +-------------------+
  |              d    |
  |        d          |
  |  u                |
  |                u  |
  |          u        |
  |    d              |
  |                  u|
  |            d      |
  |      u            |
  |d                  |
  +-------------------+
* Number of accum. steps   = 500480 x 10
* Running VMC accumulation.
  Done. [total walltime: 2.00s]
* Acceptance ratio (%)     =  11.5391
* Etot/t                   =  -4.901842456632E+00 +/-   1.227578774007E-03
  > Ttot/t                 =  -8.999988236672E+00 +/-   8.043623008350E-03
  > Utot/t                 =   4.098145780051E+00 +/-   7.894648369904E-03
* var[Eloc/t]              =   7.842494667622E-01 +/-   3.289998631764E-01
* Correlation length       =   9.616814432030E-01
* log10 Psi^2 range: -1.5113160990255552 -- 6.0532968329647385
* log10 Pgen range : -1.5113160990255552 -- 6.0532968329647385
* Site occupation (ave. no. electrons per config.):
  > Site_  ___eu____  ___ed____
      1        0.500      0.501
      2        0.497      0.502
      3        0.501      0.500
      4        0.499      0.502
      5        0.501      0.499
      6        0.498      0.501
      7        0.503      0.496
      8        0.500      0.500
      9        0.502      0.498
     10        0.499      0.501
* Pair-correlation analysis (ave. no. pairs per config.):
  > Shell  nsite  ___dh____  __eueu___  __eued___
      0      1        0          0          0.513
      1      4        0.491      4.261     15.307
      2      4        0.140     14.741      5.199
      3      1        0.047      0.998      3.980

Optimization #9:
* Method          : lls
* Target function : energy
* No. of configs. : 100096
* No. of params.  : 21
* Before optimization:
  -2.6833E+00  -8.3556E-02   1.0575E-01   4.1125E-03  -3.8362E-01   2.0325E-01
  -1.5530E-01   2.6185E-01   6.4894E-01   1.1370E+00   5.0291E-02  -2.3901E-01
  -1.9444E-02  -6.4941E-02  -2.4419E-01   4.1475E-01  -7.3849E-02  -6.8174E-01
  -2.6848E-02  -1.3849E-01  -2.5248E-01
  > E    =  -4.904851238395E+00 +/-   2.306864667662E-03
  > varE =   5.326733354519E-01
* Computing derivatives.
  Done. [total walltime: 2.08s]
* Optimizing manipulation constant:
  #igrid a___________ E____________________________________ varE____________
     1     Infinity    -4.90485124E+00 +/-   2.30686467E-03   5.32673335E-01
     2     1.0000E+06  -4.90485126E+00 +/-   2.30686410E-03   5.32673071E-01
     3     2.1544E+05  -4.90485132E+00 +/-   2.30686201E-03   5.32672109E-01
     4     4.6416E+04  -4.90485164E+00 +/-   2.30685235E-03   5.32667647E-01
     5     1.0000E+04  -4.90485309E+00 +/-   2.30680763E-03   5.32646995E-01
     6     2.1544E+03  -4.90485974E+00 +/-   2.30660274E-03   5.32552380E-01
     7     4.6416E+02  -4.90488911E+00 +/-   2.30570624E-03   5.32138488E-01
     8     1.0000E+02  -4.90499985E+00 +/-   2.30246976E-03   5.30645630E-01
     9     2.1544E+01  -4.90522783E+00 +/-   2.29703118E-03   5.28141753E-01
    10     4.6416E+00  -4.90513035E+00 +/-   2.30421509E-03   5.31450423E-01
    11     1.0000E+00  -4.90516315E+00 +/-   2.30894094E-03   5.33632624E-01
    12     2.1544E-01  -4.90559747E+00 +/-   2.29352048E-03   5.26528604E-01
    13     4.6416E-02  -4.64945755E+00 +/-   5.75574934E-03   3.31604540E+00
    14     1.0000E-02   1.03481669E-01 +/-   9.02292460E-02   8.14913249E+02
    15     2.1544E-03 (error)
    16     4.6416E-04 (error)
    17     1.0000E-04 (error)
    18     2.1544E-05 (error)
    19     4.6416E-06 (error)
    20     1.0000E-06 (error)
    21     0.0000E+00 (error)
  ParMin   4.6288E-01  -4.90558916E+00 +/-   2.29714739E-03   5.28195193E-01
  # Using grid point #12
* Iteration # 1: E =  -4.905597470272E+00 +/-   2.293520483658E-03
* Computing derivatives.
  Done. [total walltime: 2.08s]
* Optimizing manipulation constant:
  #igrid a___________ E____________________________________ varE____________
     1     Infinity    -4.90559747E+00 +/-   2.29352048E-03   5.26528604E-01
     2     1.0000E+06  -4.90559783E+00 +/-   2.29351911E-03   5.26527975E-01
     3     2.1544E+05  -4.90560478E+00 +/-   2.29350181E-03   5.26520028E-01
     4     4.6416E+04  -4.90551729E+00 +/-   2.29898402E-03   5.29040143E-01
     5     1.0000E+04  -4.73432071E+00 +/-   4.95367495E-03   2.45624529E+00
     6     2.1544E+03   1.71293827E+01 +/-   3.83941384E-02   1.47552501E+02
     7     4.6416E+02 (error)
     8     1.0000E+02 (error)
     9     2.1544E+01 (error)
    10     4.6416E+00 (error)
    11     1.0000E+00 (error)
    12     2.1544E-01 (error)
    13     4.6416E-02 (error)
    14     1.0000E-02 (error)
    15     2.1544E-03 (error)
    16     4.6416E-04 (error)
    17     1.0000E-04 (error)
    18     2.1544E-05 (error)
    19     4.6416E-06 (error)
    20     1.0000E-06 (error)
    21     0.0000E+00 (error)
  ParMin   4.2128E+05  -4.90559947E+00 +/-   2.29351332E-03   5.26525317E-01
  # Using grid point #3
* Iteration # 2: E =  -4.905604783515E+00 +/-   2.293501806253E-03
* Convergence: exiting.
* After optimization:
  -2.9144E+00  -5.7186E-02   1.3140E-01   1.4832E-02  -3.8457E-01   1.8977E-01
  -1.6460E-01   2.4520E-01   6.2785E-01   1.1884E+00   2.7532E-02  -2.4354E-01
  -6.6316E-04  -5.4383E-02  -2.0537E-01   4.6252E-01  -7.3868E-02  -7.1819E-01
  -2.2742E-02  -1.2560E-01  -2.3035E-01
  > Energy =  -4.905604783515E+00 +/-   2.293501806253E-03
  > varE =   5.265200279802E-01

VMC #10:
* Size of Hilbert space =   6.3504E+04
* Deterministic energy evaluation:
  > Deterministic Etot/t = -4.9027994853138592
    - Ttot/t = -9.0323003225886431
    - Utot/t = 4.1295008372747954
* Number of equil. steps   = 1000
* Running VMC equilibration.
  Done. [total walltime: 0.04s]
* Equil. acc.ratio (%)     =  11.9303
* Sample config after equilibration:
  +-------------------+
  |              u    |
  |        d          |
  |  u                |
  |                d  |
  |          u        |
  |    d              |
  |                  u|
  |            u      |
  |      d            |
  |d                  |
  +-------------------+
* Number of accum. steps   = 500480 x 10
* Running VMC accumulation.
  Done. [total walltime: 2.00s]
* Acceptance ratio (%)     =  11.6708
* Etot/t                   =  -4.902780785132E+00 +/-   9.523846506140E-04
  > Ttot/t                 =  -9.039689352890E+00 +/-   7.980415669625E-03
  > Utot/t                 =   4.136908567775E+00 +/-   7.929065170197E-03
* var[Eloc/t]              =   4.738031769902E-01 +/-   1.270137304305E-02
* Correlation length       =   9.581059413261E-01
* log10 Psi^2 range: -1.6164278522869755 -- 5.6561440030041092
* log10 Pgen range : -1.6164278522869755 -- 5.6561440030041092
* Site occupation (ave. no. electrons per config.):
  > Site_  ___eu____  ___ed____
      1        0.500      0.499
      2        0.500      0.501
      3        0.499      0.499
      4        0.500      0.498
      5        0.499      0.501
      6        0.497      0.503
      7        0.503      0.498
      8        0.500      0.501
      9        0.501      0.498
     10        0.500      0.501
* Pair-correlation analysis (ave. no. pairs per config.):
  > Shell  nsite  ___dh____  __eueu___  __eued___
      0      1        0          0          0.517
      1      4        0.491      4.339     15.231
      2      4        0.147     14.644      5.290
      3      1        0.047      1.017      3.963

Optimization #10:
* Method          : lls
* Target function : energy
* No. of configs. : 100096
* No. of params.  : 21
* Before optimization:
  -2.9144E+00  -5.7186E-02   1.3140E-01   1.4832E-02  -3.8457E-01   1.8977E-01
  -1.6460E-01   2.4520E-01   6.2785E-01   1.1884E+00   2.7532E-02  -2.4354E-01
  -6.6316E-04  -5.4383E-02  -2.0537E-01   4.6252E-01  -7.3868E-02  -7.1819E-01
  -2.2742E-02  -1.2560E-01  -2.3035E-01
  > E    =  -4.904108414673E+00 +/-   2.137445226046E-03
  > varE =   4.573058019558E-01
* Computing derivatives.
  Done. [total walltime: 2.06s]
* Optimizing manipulation constant:
  #igrid a___________ E____________________________________ varE____________
     1     Infinity    -4.90410841E+00 +/-   2.13744523E-03   4.57305802E-01
     2     1.0000E+06  -4.90410843E+00 +/-   2.13744410E-03   4.57305321E-01
     3     2.1544E+05  -4.90410848E+00 +/-   2.13744001E-03   4.57303570E-01
     4     4.6416E+04  -4.90410874E+00 +/-   2.13742103E-03   4.57295450E-01
     5     1.0000E+04  -4.90410992E+00 +/-   2.13733323E-03   4.57257880E-01
     6     2.1544E+03  -4.90411530E+00 +/-   2.13693164E-03   4.57086065E-01
     7     4.6416E+02  -4.90413802E+00 +/-   2.13518876E-03   4.56340769E-01
     8     1.0000E+02  -4.90420665E+00 +/-   2.12915290E-03   4.53764405E-01
     9     2.1544E+01  -4.90416885E+00 +/-   2.12132090E-03   4.50432237E-01
    10     4.6416E+00  -4.90318253E+00 +/-   2.14125721E-03   4.58938402E-01
    11     1.0000E+00  -4.90183550E+00 +/-   2.17538432E-03   4.73683995E-01
    12     2.1544E-01  -4.90122835E+00 +/-   2.19095918E-03   4.80491043E-01
    13     4.6416E-02  -4.90105616E+00 +/-   2.19530030E-03   4.82396996E-01
    14     1.0000E-02  -4.90101583E+00 +/-   2.19630732E-03   4.82839666E-01
    15     2.1544E-03  -4.90100697E+00 +/-   2.19652812E-03   4.82936755E-01
    16     4.6416E-04  -4.90100505E+00 +/-   2.19657588E-03   4.82957754E-01
    17     1.0000E-04  -4.90100464E+00 +/-   2.19658618E-03   4.82962282E-01
    18     2.1544E-05  -4.90100455E+00 +/-   2.19658840E-03   4.82963258E-01
    19     4.6416E-06  -4.90100453E+00 +/-   2.19658887E-03   4.82963468E-01
    20     1.0000E-06  -4.90100452E+00 +/-   2.19658898E-03   4.82963514E-01
    21     0.0000E+00  -4.90100452E+00 +/-   2.19658901E-03   4.82963526E-01
  ParMin   5.7684E+01  -4.90423350E+00 +/-   2.12562852E-03   4.52263419E-01
  # Using parabolic minimum
* Iteration # 1: E =  -4.904233496840E+00 +/-   2.125628524232E-03
* Diminishing returns: exiting.
* After optimization:
  -2.8724E+00  -7.3149E-02   1.1995E-01   8.4675E-03  -3.8249E-01   1.9450E-01
  -1.5653E-01   2.5478E-01   6.5472E-01   1.2289E+00   3.7978E-02  -2.5557E-01
  -5.5443E-03  -5.9992E-02  -2.2819E-01   4.4882E-01  -7.1650E-02  -7.2467E-01
  -2.4269E-02  -1.2981E-01  -2.4214E-01
  > Energy =  -4.904233496840E+00 +/-   2.125628524232E-03
  > varE =   4.522634187786E-01

VMC #11:
* Size of Hilbert space =   6.3504E+04
* Deterministic energy evaluation:
  > Deterministic Etot/t = -4.9029618041292533
    - Ttot/t = -9.0261807132971832
    - Utot/t = 4.1232189091679183
* Number of equil. steps   = 1000
* Running VMC equilibration.
  Done. [total walltime: 0.04s]
* Equil. acc.ratio (%)     =  11.9134
* Sample config after equilibration:
  +-------------------+
  |              2    |
  |        u          |
  |  d                |
  |                0  |
  |          d        |
  |    u              |
  |                  d|
  |            u      |
  |      d            |
  |u                  |
  +-------------------+
* Number of accum. steps   = 500480 x 10
* Running VMC accumulation.
  Done. [total walltime: 2.01s]
* Acceptance ratio (%)     =  11.6482
* Etot/t                   =  -4.904732248150E+00 +/-   1.045951201840E-03
  > Ttot/t                 =  -9.042488002635E+00 +/-   7.974149070107E-03
  > Utot/t                 =   4.137755754476E+00 +/-   7.904208454991E-03
* var[Eloc/t]              =   5.563240466662E-01 +/-   2.704607991767E-02
* Correlation length       =   9.841963299564E-01
* log10 Psi^2 range: -1.7072767531291706 -- 5.8907835126034280
* log10 Pgen range : -1.7072767531291706 -- 5.8907835126034280
* Site occupation (ave. no. electrons per config.):
  > Site_  ___eu____  ___ed____
      1        0.498      0.502
      2        0.506      0.495
      3        0.494      0.504
      4        0.503      0.497
      5        0.495      0.506
      6        0.503      0.496
      7        0.496      0.505
      8        0.505      0.495
      9        0.495      0.504
     10        0.504      0.497
* Pair-correlation analysis (ave. no. pairs per config.):
  > Shell  nsite  ___dh____  __eueu___  __eued___
      0      1        0          0          0.515
      1      4        0.490      4.339     15.229
      2      4        0.144     14.642      5.295
      3      1        0.047      1.018      3.960

Optimization #11:
* Method          : lls
* Target function : energy
* No. of configs. : 100096
* No. of params.  : 21
* Before optimization:
  -2.8724E+00  -7.3149E-02   1.1995E-01   8.4675E-03  -3.8249E-01   1.9450E-01
  -1.5653E-01   2.5478E-01   6.5472E-01   1.2289E+00   3.7978E-02  -2.5557E-01
  -5.5443E-03  -5.9992E-02  -2.2819E-01   4.4882E-01  -7.1650E-02  -7.2467E-01
  -2.4269E-02  -1.2981E-01  -2.4214E-01
  > E    =  -4.905131281521E+00 +/-   2.304760072426E-03
  > varE =   5.317018433681E-01
* Computing derivatives.
  Done. [total walltime: 2.09s]
* Optimizing manipulation constant:
  #igrid a___________ E____________________________________ varE____________
     1     Infinity    -4.90513128E+00 +/-   2.30476007E-03   5.31701843E-01
     2     1.0000E+06  -4.90513129E+00 +/-   2.30475974E-03   5.31701691E-01
     3     2.1544E+05  -4.90513132E+00 +/-   2.30475854E-03   5.31701137E-01
     4     4.6416E+04  -4.90513147E+00 +/-   2.30475297E-03   5.31698566E-01
     5     1.0000E+04  -4.90513217E+00 +/-   2.30472723E-03   5.31686690E-01
     6     2.1544E+03  -4.90513536E+00 +/-   2.30461024E-03   5.31632714E-01
     7     4.6416E+02  -4.90514902E+00 +/-   2.30411809E-03   5.31405676E-01
     8     1.0000E+02  -4.90519231E+00 +/-   2.30270379E-03   5.30753511E-01
     9     2.1544E+01  -4.90514040E+00 +/-   2.30543242E-03   5.32012108E-01
    10     4.6416E+00  -4.89115371E+00 +/-   2.62493342E-03   6.89689013E-01
    11     1.0000E+00  -9.77629047E-01 +/-   1.94894084E-02   3.80201682E+01
    12     2.1544E-01 (error)
    13     4.6416E-02 (error)
    14     1.0000E-02 (error)
    15     2.1544E-03 (error)
    16     4.6416E-04 (error)
    17     1.0000E-04 (error)
    18     2.1544E-05 (error)
    19     4.6416E-06 (error)
    20     1.0000E-06 (error)
    21     0.0000E+00 (error)
  ParMin   1.0937E+02  -4.90518892E+00 +/-   2.30280136E-03   5.30798487E-01
  # Using grid point #8
* Iteration # 1: E =  -4.905192309241E+00 +/-   2.302703793425E-03
* Diminishing returns: exiting.
* After optimization:
  -2.7807E+00  -7.7874E-02   1.1084E-01  -2.4293E-03  -3.7953E-01   1.9639E-01
  -1.4938E-01   2.6097E-01   6.4959E-01   1.2033E+00   4.3827E-02  -2.4609E-01
  -8.2764E-03  -5.9320E-02  -2.1837E-01   4.4231E-01  -6.5973E-02  -6.9842E-01
  -2.7636E-02  -1.2852E-01  -2.3406E-01
  > Energy =  -4.905192309241E+00 +/-   2.302703793425E-03
  > varE =   5.307535107224E-01

VMC #12:
* Size of Hilbert space =   6.3504E+04
* Deterministic energy evaluation:
  > Deterministic Etot/t = -4.9029865074838561
    - Ttot/t = -9.0257317918973836
    - Utot/t = 4.1227452844135204
* Number of equil. steps   = 1000
* Running VMC equilibration.
  Done. [total walltime: 0.04s]
* Equil. acc.ratio (%)     =  11.7096
* Sample config after equilibration:
  +-------------------+
  |              u    |
  |        d          |
  |  u                |
  |                d  |
  |          d        |
  |    u              |
  |                  d|
  |            d      |
  |      u            |
  |u                  |
  +-------------------+
* Number of accum. steps   = 500480 x 10
* Running VMC accumulation.
  Done. [total walltime: 2.02s]
* Acceptance ratio (%)     =  11.6382
* Etot/t                   =  -4.902634241261E+00 +/-   1.019620717997E-03
  > Ttot/t                 =  -9.028529381918E+00 +/-   7.972458201468E-03
  > Utot/t                 =   4.125895140665E+00 +/-   7.896283681594E-03
* var[Eloc/t]              =   4.878596729018E-01 +/-   2.403245503294E-02
* Correlation length       =   1.066520259537E+00
* log10 Psi^2 range: -1.8464073742257887 -- 5.9681041154556453
* log10 Pgen range : -1.8464073742257887 -- 5.9681041154556453
* Site occupation (ave. no. electrons per config.):
  > Site_  ___eu____  ___ed____
      1        0.502      0.498
      2        0.500      0.503
      3        0.502      0.498
      4        0.497      0.502
      5        0.501      0.498
      6        0.496      0.503
      7        0.502      0.497
      8        0.499      0.502
      9        0.502      0.496
     10        0.499      0.502
* Pair-correlation analysis (ave. no. pairs per config.):
  > Shell  nsite  ___dh____  __eueu___  __eued___
      0      1        0          0          0.516
      1      4        0.491      4.326     15.243
      2      4        0.143     14.659      5.279
      3      1        0.048      1.015      3.963

Optimization #12:
* Method          : lls
* Target function : energy
* No. of configs. : 100096
* No. of params.  : 21
* Before optimization:
  -2.7807E+00  -7.7874E-02   1.1084E-01  -2.4293E-03  -3.7953E-01   1.9639E-01
  -1.4938E-01   2.6097E-01   6.4959E-01   1.2033E+00   4.3827E-02  -2.4609E-01
  -8.2764E-03  -5.9320E-02  -2.1837E-01   4.4231E-01  -6.5973E-02  -6.9842E-01
  -2.7636E-02  -1.2852E-01  -2.3406E-01
  > E    =  -4.904101266289E+00 +/-   2.432725318194E-03
  > varE =   5.923833900157E-01
* Computing derivatives.
  Done. [total walltime: 2.04s]
* Optimizing manipulation constant:
  #igrid a___________ E____________________________________ varE____________
     1     Infinity    -4.90410127E+00 +/-   2.43272532E-03   5.92383390E-01
     2     1.0000E+06  -4.90410129E+00 +/-   2.43272486E-03   5.92383166E-01
     3     2.1544E+05  -4.90410139E+00 +/-   2.43272319E-03   5.92382352E-01
     4     4.6416E+04  -4.90410183E+00 +/-   2.43271543E-03   5.92378573E-01
     5     1.0000E+04  -4.90410387E+00 +/-   2.43267951E-03   5.92361082E-01
     6     2.1544E+03  -4.90411323E+00 +/-   2.43251483E-03   5.92280886E-01
     7     4.6416E+02  -4.90415456E+00 +/-   2.43179202E-03   5.91928950E-01
     8     1.0000E+02  -4.90430654E+00 +/-   2.42920920E-03   5.90672233E-01
     9     2.1544E+01  -4.90426601E+00 +/-   2.43220505E-03   5.92130040E-01
    10     4.6416E+00  -4.89239962E+00 +/-   2.68861835E-03   7.23560813E-01
    11     1.0000E+00  -4.55556999E+00 +/-   6.64630395E-03   4.42157627E+00
    12     2.1544E-01  -7.68671982E-01 +/-   1.98639935E-02   3.94957034E+01
    13     4.6416E-02  -3.33944264E-07 +/-   2.12207194E-02   4.50751240E+01
    14     1.0000E-02  -2.33139452E-46 +/-   2.12209720E-02   4.50761971E+01
    15     2.1544E-03   0.00000000E+00 +/-   0.00000000E+00   0.00000000E+00
    16     4.6416E-04 (error)
    17     1.0000E-04 (error)
    18     2.1544E-05 (error)
    19     4.6416E-06 (error)
    20     1.0000E-06 (error)
    21     0.0000E+00 (error)
  ParMin   6.6747E+01  -4.90437191E+00 +/-   2.42817285E-03   5.90168357E-01
  # Using parabolic minimum
* Iteration # 1: E =  -4.904371908120E+00 +/-   2.428172850518E-03
* Diminishing returns: exiting.
* After optimization:
  -2.7448E+00  -8.9849E-02   9.5550E-02  -2.1814E-02  -3.7574E-01   1.9872E-01
  -1.3596E-01   2.7327E-01   6.7773E-01   1.2592E+00   4.9638E-02  -2.5301E-01
  -6.9773E-03  -6.1588E-02  -2.2138E-01   4.3779E-01  -5.8156E-02  -6.6982E-01
  -2.9593E-02  -1.2676E-01  -2.2649E-01
  > Energy =  -4.904371908120E+00 +/-   2.428172850518E-03
  > varE =   5.901683574448E-01

VMC #13:
* Size of Hilbert space =   6.3504E+04
* Deterministic energy evaluation:
  > Deterministic Etot/t = -4.9029649715492534
    - Ttot/t = -9.0142944893470673
    - Utot/t = 4.1113295177978024
* Number of equil. steps   = 1000
* Running VMC equilibration.
  Done. [total walltime: 0.04s]
* Equil. acc.ratio (%)     =  11.7952
* Sample config after equilibration:
  +-------------------+
  |              u    |
  |        d          |
  |  u                |
  |                d  |
  |          u        |
  |    d              |
  |                  2|
  |            0      |
  |      u            |
  |d                  |
  +-------------------+
* Number of accum. steps   = 500480 x 10
* Running VMC accumulation.
  Done. [total walltime: 2.01s]
* Acceptance ratio (%)     =  11.6128
* Etot/t                   =  -4.902731662290E+00 +/-   1.017718825426E-03
  > Ttot/t                 =  -9.016014910362E+00 +/-   8.007168214390E-03
  > Utot/t                 =   4.113283248082E+00 +/-   7.898814136811E-03
* var[Eloc/t]              =   5.201105612384E-01 +/-   1.947420132174E-02
* Correlation length       =   9.966591782918E-01
* log10 Psi^2 range: -1.2047871390639462 -- 6.1859883029905669
* log10 Pgen range : -1.2047871390639462 -- 6.1859883029905669
* Site occupation (ave. no. electrons per config.):
  > Site_  ___eu____  ___ed____
      1        0.498      0.501
      2        0.498      0.499
      3        0.499      0.500
      4        0.501      0.500
      5        0.501      0.501
      6        0.501      0.500
      7        0.501      0.501
      8        0.501      0.497
      9        0.499      0.501
     10        0.502      0.499
* Pair-correlation analysis (ave. no. pairs per config.):
  > Shell  nsite  ___dh____  __eueu___  __eued___
      0      1        0          0          0.514
      1      4        0.487      4.336     15.235
      2      4        0.144     14.651      5.286
      3      1        0.046      1.013      3.966

Optimization #13:
* Method          : lls
* Target function : energy
* No. of configs. : 100096
* No. of params.  : 21
* Before optimization:
  -2.7448E+00  -8.9849E-02   9.5550E-02  -2.1814E-02  -3.7574E-01   1.9872E-01
  -1.3596E-01   2.7327E-01   6.7773E-01   1.2592E+00   4.9638E-02  -2.5301E-01
  -6.9773E-03  -6.1588E-02  -2.2138E-01   4.3779E-01  -5.8156E-02  -6.6982E-01
  -2.9593E-02  -1.2676E-01  -2.2649E-01
  > E    =  -4.904451816571E+00 +/-   2.305540437520E-03
  > varE =   5.320619605080E-01
* Computing derivatives.
  Done. [total walltime: 2.08s]
* Optimizing manipulation constant:
  #igrid a___________ E____________________________________ varE____________
     1     Infinity    -4.90445182E+00 +/-   2.30554044E-03   5.32061961E-01
     2     1.0000E+06  -4.90445183E+00 +/-   2.30554000E-03   5.32061758E-01
     3     2.1544E+05  -4.90445166E+00 +/-   2.30553950E-03   5.32061526E-01
     4     4.6416E+04  -4.90444665E+00 +/-   2.30556131E-03   5.32071595E-01
     5     1.0000E+04  -4.90430013E+00 +/-   2.30689246E-03   5.32686171E-01
     6     2.1544E+03  -4.88315905E+00 +/-   2.72344683E-03   7.42428312E-01
     7     4.6416E+02  -1.53605491E+00 +/-   1.81607752E-02   3.30130378E+01
     8     1.0000E+02 (error)
     9     2.1544E+01 (error)
    10     4.6416E+00 (error)
    11     1.0000E+00 (error)
    12     2.1544E-01 (error)
    13     4.6416E-02 (error)
    14     1.0000E-02 (error)
    15     2.1544E-03 (error)
    16     4.6416E-04 (error)
    17     1.0000E-04 (error)
    18     2.1544E-05 (error)
    19     4.6416E-06 (error)
    20     1.0000E-06 (error)
    21     0.0000E+00 (error)
  ParMin   1.9618E+06  -4.90445182E+00 +/-   2.30554020E-03   5.32061850E-01
  # Using grid point #2
* Iteration # 1: E =  -4.904451826025E+00 +/-   2.305539997886E-03
* Convergence: exiting.
* After optimization:
  -2.7437E+00  -8.9849E-02   9.5549E-02  -2.1814E-02  -3.7574E-01   1.9872E-01
  -1.3596E-01   2.7327E-01   6.7737E-01   1.2586E+00   4.9612E-02  -2.5288E-01
  -6.9735E-03  -6.1556E-02  -2.2126E-01   4.3779E-01  -5.8156E-02  -6.6981E-01
  -2.9593E-02  -1.2676E-01  -2.2649E-01
  > Energy =  -4.904451826025E+00 +/-   2.305539997886E-03
  > varE =   5.320617575945E-01

VMC #14:
* Size of Hilbert space =   6.3504E+04
* Deterministic energy evaluation:
  > Deterministic Etot/t = -4.9029649700918920
    - Ttot/t = -9.0142929566098076
    - Utot/t = 4.1113279865179111
* Number of equil. steps   = 1000
* Running VMC equilibration.
  Done. [total walltime: 0.04s]
* Equil. acc.ratio (%)     =  11.6988
* Sample config after equilibration:
  +-------------------+
  |              d    |
  |        d          |
  |  u                |
  |                u  |
  |          u        |
  |    d              |
  |                  u|
  |            u      |
  |      d            |
  |d                  |
  +-------------------+
* Number of accum. steps   = 500480 x 10
* Running VMC accumulation.
  Done. [total walltime: 2.01s]
* Acceptance ratio (%)     =  11.6052
* Etot/t                   =  -4.903128785070E+00 +/-   1.019006841717E-03
  > Ttot/t                 =  -9.017131342613E+00 +/-   8.042641255200E-03
  > Utot/t                 =   4.114002557545E+00 +/-   7.952237030275E-03
* var[Eloc/t]              =   5.063531667829E-01 +/-   3.025747440432E-02
* Correlation length       =   1.026330880890E+00
* log10 Psi^2 range: -1.1228410902935249 -- 6.1859958792579679
* log10 Pgen range : -1.1228410902935249 -- 6.1859958792579679
* Site occupation (ave. no. electrons per config.):
  > Site_  ___eu____  ___ed____
      1        0.502      0.500
      2        0.501      0.499
      3        0.497      0.501
      4        0.499      0.500
      5        0.500      0.500
      6        0.500      0.500
      7        0.499      0.502
      8        0.501      0.498
      9        0.500      0.501
     10        0.501      0.499
* Pair-correlation analysis (ave. no. pairs per config.):
  > Shell  nsite  ___dh____  __eueu___  __eued___
      0      1        0          0          0.513
      1      4        0.488      4.316     15.255
      2      4        0.145     14.669      5.268
      3      1        0.047      1.015      3.964

Optimization #14:
* Method          : lls
* Target function : energy
* No. of configs. : 100096
* No. of params.  : 21
* Before optimization:
  -2.7437E+00  -8.9849E-02   9.5549E-02  -2.1814E-02  -3.7574E-01   1.9872E-01
  -1.3596E-01   2.7327E-01   6.7737E-01   1.2586E+00   4.9612E-02  -2.5288E-01
  -6.9735E-03  -6.1556E-02  -2.2126E-01   4.3779E-01  -5.8156E-02  -6.6981E-01
  -2.9593E-02  -1.2676E-01  -2.2649E-01
  > E    =  -4.902736379622E+00 +/-   2.154204315648E-03
  > varE =   4.645051205942E-01
* Computing derivatives.
  Done. [total walltime: 2.02s]
* Optimizing manipulation constant:
  #igrid a___________ E____________________________________ varE____________
     1     Infinity    -4.90273638E+00 +/-   2.15420432E-03   4.64505121E-01
     2     1.0000E+06  -4.90273639E+00 +/-   2.15420345E-03   4.64504747E-01
     3     2.1544E+05  -4.90273641E+00 +/-   2.15420029E-03   4.64503384E-01
     4     4.6416E+04  -4.90273654E+00 +/-   2.15418564E-03   4.64497065E-01
     5     1.0000E+04  -4.90273713E+00 +/-   2.15411775E-03   4.64467789E-01
     6     2.1544E+03  -4.90273984E+00 +/-   2.15380553E-03   4.64333160E-01
     7     4.6416E+02  -4.90275175E+00 +/-   2.15241589E-03   4.63734176E-01
     8     1.0000E+02  -4.90279506E+00 +/-   2.14703661E-03   4.61419159E-01
     9     2.1544E+01  -4.90287196E+00 +/-   2.13409713E-03   4.55874275E-01
    10     4.6416E+00  -4.90285927E+00 +/-   2.12310261E-03   4.51189196E-01
    11     1.0000E+00  -4.90278150E+00 +/-   2.12185425E-03   4.50658764E-01
    12     2.1544E-01  -4.90273451E+00 +/-   2.12308388E-03   4.51181235E-01
    13     4.6416E-02  -4.90271814E+00 +/-   2.12363199E-03   4.51414226E-01
    14     1.0000E-02  -4.90271398E+00 +/-   2.12377366E-03   4.51474455E-01
    15     2.1544E-03  -4.90271305E+00 +/-   2.12380548E-03   4.51487986E-01
    16     4.6416E-04  -4.90271284E+00 +/-   2.12381240E-03   4.51490928E-01
    17     1.0000E-04  -4.90271280E+00 +/-   2.12381390E-03   4.51491563E-01
    18     2.1544E-05  -4.90271279E+00 +/-   2.12381422E-03   4.51491700E-01
    19     4.6416E-06  -4.90271279E+00 +/-   2.12381429E-03   4.51491729E-01
    20     1.0000E-06  -4.90271279E+00 +/-   2.12381430E-03   4.51491736E-01
    21     0.0000E+00  -4.90271279E+00 +/-   2.12381431E-03   4.51491737E-01
  ParMin   7.1873E+00  -4.90287606E+00 +/-   2.12512573E-03   4.52049489E-01
  # Using parabolic minimum
* Iteration # 1: E =  -4.902876057068E+00 +/-   2.125125731392E-03
* Diminishing returns: exiting.
* After optimization:
  -2.7054E+00  -8.6298E-02   8.9133E-02  -1.2304E-02  -3.6426E-01   2.1404E-01
  -1.4478E-01   2.6722E-01   7.2279E-01   1.2651E+00   9.3324E-02  -2.1088E-01
  -1.3500E-02  -7.0297E-02  -2.3770E-01   4.3421E-01  -3.7423E-02  -6.2183E-01
  -2.4768E-02  -1.2990E-01  -2.4392E-01
  > Energy =  -4.902876057068E+00 +/-   2.125125731392E-03
  > varE =   4.520494887223E-01

VMC #15:
* Size of Hilbert space =   6.3504E+04
* Deterministic energy evaluation:
  > Deterministic Etot/t = -4.9027333590221334
    - Ttot/t = -9.0249180210385820
    - Utot/t = 4.1221846620164477
* Number of equil. steps   = 1000
* Running VMC equilibration.
  Done. [total walltime: 0.04s]
* Equil. acc.ratio (%)     =  11.8301
* Sample config after equilibration:
  +-------------------+
  |              d    |
  |        u          |
  |  d                |
  |                0  |
  |          2        |
  |    u              |
  |                  d|
  |            d      |
  |      u            |
  |u                  |
  +-------------------+
* Number of accum. steps   = 500480 x 10
* Running VMC accumulation.
  Done. [total walltime: 2.00s]
* Acceptance ratio (%)     =  11.6194
* Etot/t                   =  -4.902439836261E+00 +/-   1.004674835175E-03
  > Ttot/t                 =  -9.029725641883E+00 +/-   8.221192714065E-03
  > Utot/t                 =   4.127285805627E+00 +/-   8.127373886951E-03
* var[Eloc/t]              =   4.962528842153E-01 +/-   1.559538921323E-02
* Correlation length       =   1.017969419659E+00
* log10 Psi^2 range: -1.4377662069834880 -- 6.4317149967637830
* log10 Pgen range : -1.4377662069834880 -- 6.4317149967637830
* Site occupation (ave. no. electrons per config.):
  > Site_  ___eu____  ___ed____
      1        0.501      0.498
      2        0.500      0.500
      3        0.501      0.498
      4        0.500      0.502
      5        0.501      0.499
      6        0.498      0.502
      7        0.499      0.500
      8        0.498      0.501
      9        0.502      0.498
     10        0.500      0.501
* Pair-correlation analysis (ave. no. pairs per config.):
  > Shell  nsite  ___dh____  __eueu___  __eued___
      0      1        0          0          0.516
      1      4        0.491      4.324     15.245
      2      4        0.144     14.660      5.276
      3      1        0.047      1.016      3.962

Optimization #15:
* Method          : lls
* Target function : energy
* No. of configs. : 100096
* No. of params.  : 21
* Before optimization:
  -2.7054E+00  -8.6298E-02   8.9133E-02  -1.2304E-02  -3.6426E-01   2.1404E-01
  -1.4478E-01   2.6722E-01   7.2279E-01   1.2651E+00   9.3324E-02  -2.1088E-01
  -1.3500E-02  -7.0297E-02  -2.3770E-01   4.3421E-01  -3.7423E-02  -6.2183E-01
  -2.4768E-02  -1.2990E-01  -2.4392E-01
  > E    =  -4.906001985964E+00 +/-   2.328569882471E-03
  > varE =   5.427443045740E-01
* Computing derivatives.
  Done. [total walltime: 2.05s]
* Optimizing manipulation constant:
  #igrid a___________ E____________________________________ varE____________
     1     Infinity    -4.90600199E+00 +/-   2.32856988E-03   5.42744305E-01
     2     1.0000E+06  -4.90600202E+00 +/-   2.32857015E-03   5.42744429E-01
     3     2.1544E+05  -4.90600210E+00 +/-   2.32858234E-03   5.42750112E-01
     4     4.6416E+04  -4.90599021E+00 +/-   2.32913344E-03   5.43007044E-01
     5     1.0000E+04  -4.89946597E+00 +/-   2.48452314E-03   6.17878117E-01
     6     2.1544E+03  -7.80660353E-01 +/-   1.98386056E-02   3.93948098E+01
     7     4.6416E+02 (error)
     8     1.0000E+02 (error)
     9     2.1544E+01 (error)
    10     4.6416E+00 (error)
    11     1.0000E+00 (error)
    12     2.1544E-01   0.00000000E+00 +/-   0.00000000E+00   0.00000000E+00
    13     4.6416E-02   0.00000000E+00 +/-   0.00000000E+00   0.00000000E+00
    14     1.0000E-02   0.00000000E+00 +/-   0.00000000E+00   0.00000000E+00
    15     2.1544E-03   0.00000000E+00 +/-   0.00000000E+00   0.00000000E+00
    16     4.6416E-04   0.00000000E+00 +/-   0.00000000E+00   0.00000000E+00
    17     1.0000E-04   0.00000000E+00 +/-   0.00000000E+00   0.00000000E+00
    18     2.1544E-05   0.00000000E+00 +/-   0.00000000E+00   0.00000000E+00
    19     4.6416E-06   0.00000000E+00 +/-   0.00000000E+00   0.00000000E+00
    20     1.0000E-06   0.00000000E+00 +/-   0.00000000E+00   0.00000000E+00
    21     0.0000E+00   0.00000000E+00 +/-   0.00000000E+00   0.00000000E+00
  ParMin   4.6207E+05  -4.90600206E+00 +/-   2.32857207E-03   5.42745323E-01
  # Using grid point #3
* Iteration # 1: E =  -4.906002100902E+00 +/-   2.328582340337E-03
* Convergence: exiting.
* After optimization:
  -2.6878E+00  -8.6303E-02   8.9128E-02  -1.2309E-02  -3.6426E-01   2.1404E-01
  -1.4478E-01   2.6722E-01   7.1643E-01   1.2540E+00   9.2499E-02  -2.0903E-01
  -1.3382E-02  -6.9678E-02  -2.3561E-01   4.3420E-01  -3.7423E-02  -6.2182E-01
  -2.4770E-02  -1.2990E-01  -2.4392E-01
  > Energy =  -4.906002100902E+00 +/-   2.328582340337E-03
  > varE =   5.427501119616E-01

VMC #16:
* Size of Hilbert space =   6.3504E+04
* Deterministic energy evaluation:
  > Deterministic Etot/t = -4.9027326039525070
    - Ttot/t = -9.0244000643075033
    - Utot/t = 4.1216674603549937
* Number of equil. steps   = 1000
* Running VMC equilibration.
  Done. [total walltime: 0.04s]
* Equil. acc.ratio (%)     =  11.7168
* Sample config after equilibration:
  +-------------------+
  |              u    |
  |        d          |
  |  u                |
  |                d  |
  |          2        |
  |    d              |
  |                  u|
  |            0      |
  |      u            |
  |d                  |
  +-------------------+
* Number of accum. steps   = 500480 x 10
* Running VMC accumulation.
  Done. [total walltime: 2.03s]
* Acceptance ratio (%)     =  11.5987
* Etot/t                   =  -4.903863604605E+00 +/-   1.007830131577E-03
  > Ttot/t                 =  -9.020711430699E+00 +/-   7.961944150907E-03
  > Utot/t                 =   4.116847826087E+00 +/-   7.854912635664E-03
* var[Eloc/t]              =   5.213401653209E-01 +/-   2.329297012063E-02
* Correlation length       =   9.750799328876E-01
* log10 Psi^2 range: -1.3723440160550733 -- 6.4317604348439721
* log10 Pgen range : -1.3723440160550733 -- 6.4317604348439721
* Site occupation (ave. no. electrons per config.):
  > Site_  ___eu____  ___ed____
      1        0.499      0.502
      2        0.500      0.498
      3        0.499      0.501
      4        0.502      0.496
      5        0.497      0.504
      6        0.503      0.498
      7        0.499      0.501
      8        0.501      0.499
      9        0.497      0.503
     10        0.502      0.498
* Pair-correlation analysis (ave. no. pairs per config.):
  > Shell  nsite  ___dh____  __eueu___  __eued___
      0      1        0          0          0.513
      1      4        0.488      4.324     15.246
      2      4        0.143     14.658      5.277
      3      1        0.045      1.017      3.963

Optimization #16:
* Method          : lls
* Target function : energy
* No. of configs. : 100096
* No. of params.  : 21
* Before optimization:
  -2.6878E+00  -8.6303E-02   8.9128E-02  -1.2309E-02  -3.6426E-01   2.1404E-01
  -1.4478E-01   2.6722E-01   7.1643E-01   1.2540E+00   9.2499E-02  -2.0903E-01
  -1.3382E-02  -6.9678E-02  -2.3561E-01   4.3420E-01  -3.7423E-02  -6.2182E-01
  -2.4770E-02  -1.2990E-01  -2.4392E-01
  > E    =  -4.902213064203E+00 +/-   2.178075434657E-03
  > varE =   4.748566851153E-01
* Computing derivatives.
  Done. [total walltime: 2.05s]
* Optimizing manipulation constant:
  #igrid a___________ E____________________________________ varE____________
     1     Infinity    -4.90221306E+00 +/-   2.17807543E-03   4.74856685E-01
     2     1.0000E+06  -4.90221309E+00 +/-   2.17807466E-03   4.74856346E-01
     3     2.1544E+05  -4.90221316E+00 +/-   2.17807183E-03   4.74855111E-01
     4     4.6416E+04  -4.90221352E+00 +/-   2.17805869E-03   4.74849383E-01
     5     1.0000E+04  -4.90221520E+00 +/-   2.17799784E-03   4.74822853E-01
     6     2.1544E+03  -4.90222289E+00 +/-   2.17771827E-03   4.74700963E-01
     7     4.6416E+02  -4.90225698E+00 +/-   2.17647958E-03   4.74161096E-01
     8     1.0000E+02  -4.90238593E+00 +/-   2.17179728E-03   4.72123145E-01
     9     2.1544E+01  -4.90264382E+00 +/-   2.16225672E-03   4.67984248E-01
    10     4.6416E+00  -4.90255395E+00 +/-   2.16342220E-03   4.68488878E-01
    11     1.0000E+00  -4.90217983E+00 +/-   2.17422412E-03   4.73178869E-01
    12     2.1544E-01  -4.90201992E+00 +/-   2.17901944E-03   4.75268393E-01
    13     4.6416E-02  -4.90198054E+00 +/-   2.18020360E-03   4.75785088E-01
    14     1.0000E-02  -4.90197189E+00 +/-   2.18046292E-03   4.75898281E-01
    15     2.1544E-03  -4.90197002E+00 +/-   2.18051891E-03   4.75922718E-01
    16     4.6416E-04  -4.90196961E+00 +/-   2.18053097E-03   4.75927985E-01
    17     1.0000E-04  -4.90196953E+00 +/-   2.18053357E-03   4.75929119E-01
    18     2.1544E-05  -4.90196951E+00 +/-   2.18053413E-03   4.75929364E-01
    19     4.6416E-06  -4.90196950E+00 +/-   2.18053425E-03   4.75929416E-01
    20     1.0000E-06  -4.90196950E+00 +/-   2.18053428E-03   4.75929428E-01
    21     0.0000E+00  -4.90196950E+00 +/-   2.18053429E-03   4.75929431E-01
  ParMin   1.4583E+01  -4.90268044E+00 +/-   2.16067425E-03   4.67299498E-01
  # Using parabolic minimum
* Iteration # 1: E =  -4.902680437615E+00 +/-   2.160674249012E-03
* Diminishing returns: exiting.
* After optimization:
  -2.7366E+00  -8.3350E-02   1.0202E-01  -1.7200E-02  -3.8536E-01   1.9715E-01
  -1.4463E-01   2.7061E-01   6.6776E-01   1.2238E+00   4.1684E-02  -2.5955E-01
  -9.9651E-03  -6.7156E-02  -2.4469E-01   4.2659E-01  -6.5889E-02  -7.0367E-01
  -2.4290E-02  -1.3341E-01  -2.5405E-01
  > Energy =  -4.902680437615E+00 +/-   2.160674249012E-03
  > varE =   4.672994983025E-01

VMC #17:
* Size of Hilbert space =   6.3504E+04
* Deterministic energy evaluation:
  > Deterministic Etot/t = -4.9030667422095240
    - Ttot/t = -9.0136826306342002
    - Utot/t = 4.1106158884246735
* Number of equil. steps   = 1000
* Running VMC equilibration.
  Done. [total walltime: 0.04s]
* Equil. acc.ratio (%)     =  11.7854
* Sample config after equilibration:
  +-------------------+
  |              u    |
  |        d          |
  |  u                |
  |                d  |
  |          u        |
  |    d              |
  |                  u|
  |            d      |
  |      u            |
  |d                  |
  +-------------------+
* Number of accum. steps   = 500480 x 10
* Running VMC accumulation.
  Done. [total walltime: 2.01s]
* Acceptance ratio (%)     =  11.6198
* Etot/t                   =  -4.902147736594E+00 +/-   9.613230527982E-04
  > Ttot/t                 =  -9.023631112536E+00 +/-   8.040472520184E-03
  > Utot/t                 =   4.121483375959E+00 +/-   7.944627466345E-03
* var[Eloc/t]              =   4.511817792496E-01 +/-   2.243380180537E-02
* Correlation length       =   1.025118068499E+00
* log10 Psi^2 range: -1.0506226639895462 -- 6.1793400346125615
* log10 Pgen range : -1.0506226639895462 -- 6.1793400346125615
* Site occupation (ave. no. electrons per config.):
  > Site_  ___eu____  ___ed____
      1        0.500      0.502
      2        0.500      0.498
      3        0.498      0.502
      4        0.500      0.500
      5        0.502      0.499
      6        0.499      0.500
      7        0.501      0.499
      8        0.501      0.499
      9        0.500      0.500
     10        0.499      0.500
* Pair-correlation analysis (ave. no. pairs per config.):
  > Shell  nsite  ___dh____  __eueu___  __eued___
      0      1        0          0          0.517
      1      4        0.493      4.333     15.235
      2      4        0.144     14.648      5.289
      3      1        0.047      1.019      3.959

Optimization #17:
* Method          : lls
* Target function : energy
* No. of configs. : 100096
* No. of params.  : 21
* Before optimization:
  -2.7366E+00  -8.3350E-02   1.0202E-01  -1.7200E-02  -3.8536E-01   1.9715E-01
  -1.4463E-01   2.7061E-01   6.6776E-01   1.2238E+00   4.1684E-02  -2.5955E-01
  -9.9651E-03  -6.7156E-02  -2.4469E-01   4.2659E-01  -6.5889E-02  -7.0367E-01
  -2.4290E-02  -1.3341E-01  -2.5405E-01
  > E    =  -4.902576032768E+00 +/-   2.155821682881E-03
  > varE =   4.652028792824E-01
* Computing derivatives.
  Done. [total walltime: 2.06s]
* Optimizing manipulation constant:
  #igrid a___________ E____________________________________ varE____________
     1     Infinity    -4.90257603E+00 +/-   2.15582168E-03   4.65202879E-01
     2     1.0000E+06  -4.90257604E+00 +/-   2.15582125E-03   4.65202693E-01
     3     2.1544E+05  -4.90257607E+00 +/-   2.15581973E-03   4.65202035E-01
     4     4.6416E+04  -4.90257635E+00 +/-   2.15581355E-03   4.65199367E-01
     5     1.0000E+04  -4.90258037E+00 +/-   2.15581098E-03   4.65198259E-01
     6     2.1544E+03  -4.90252956E+00 +/-   2.15972422E-03   4.66888653E-01
     7     4.6416E+02  -4.81288930E+00 +/-   3.85157485E-03   1.48488701E+00
     8     1.0000E+02   1.77850623E+01 +/-   3.14504313E-02   9.90079192E+01
     9     2.1544E+01 (error)
    10     4.6416E+00 (error)
    11     1.0000E+00 (error)
    12     2.1544E-01 (error)
    13     4.6416E-02 (error)
    14     1.0000E-02 (error)
    15     2.1544E-03 (error)
    16     4.6416E-04 (error)
    17     1.0000E-04 (error)
    18     2.1544E-05 (error)
    19     4.6416E-06 (error)
    20     1.0000E-06 (error)
    21     0.0000E+00 (error)
  ParMin   1.9636E+04  -4.90257737E+00 +/-   2.15580670E-03   4.65196412E-01
  # Using grid point #5
* Iteration # 1: E =  -4.902580368773E+00 +/-   2.155810976530E-03
* Convergence: exiting.
* After optimization:
  -2.7044E+00  -8.3310E-02   1.0204E-01  -1.7172E-02  -3.8536E-01   1.9715E-01
  -1.4465E-01   2.7059E-01   6.5697E-01   1.2040E+00   4.0992E-02  -2.5527E-01
  -9.8006E-03  -6.6072E-02  -2.4069E-01   4.2661E-01  -6.5866E-02  -7.0363E-01
  -2.4289E-02  -1.3340E-01  -2.5403E-01
  > Energy =  -4.902580368773E+00 +/-   2.155810976530E-03
  > varE =   4.651982586654E-01

VMC #18:
* Size of Hilbert space =   6.3504E+04
* Deterministic energy evaluation:
  > Deterministic Etot/t = -4.9030613105424994
    - Ttot/t = -9.0119319224933587
    - Utot/t = 4.1088706119508647
* Number of equil. steps   = 1000
* Running VMC equilibration.
  Done. [total walltime: 0.04s]
* Equil. acc.ratio (%)     =  11.6741
* Sample config after equilibration:
  +-------------------+
  |              d    |
  |        u          |
  |  d                |
  |                u  |
  |          d        |
  |    u              |
  |                  d|
  |            u      |
  |      d            |
  |u                  |
  +-------------------+
* Number of accum. steps   = 500480 x 10
* Running VMC accumulation.
  Done. [total walltime: 2.00s]
* Acceptance ratio (%)     =  11.6040
* Etot/t                   =  -4.904108693667E+00 +/-   1.022240115312E-03
  > Ttot/t                 =  -9.015489767834E+00 +/-   8.161819526595E-03
  > Utot/t                 =   4.111381074169E+00 +/-   8.067825936308E-03
* var[Eloc/t]              =   5.253322421763E-01 +/-   1.977990869001E-02
* Correlation length       =   9.955395321630E-01
* log10 Psi^2 range: -1.6715122913826392 -- 6.1789201102746034
* log10 Pgen range : -1.6715122913826392 -- 6.1789201102746034
* Site occupation (ave. no. electrons per config.):
  > Site_  ___eu____  ___ed____
      1        0.501      0.499
      2        0.497      0.501
      3        0.501      0.498
      4        0.499      0.503
      5        0.504      0.499
      6        0.498      0.502
      7        0.503      0.496
      8        0.498      0.502
      9        0.502      0.498
     10        0.498      0.503
* Pair-correlation analysis (ave. no. pairs per config.):
  > Shell  nsite  ___dh____  __eueu___  __eued___
      0      1        0          0          0.515
      1      4        0.492      4.329     15.239
      2      4        0.144     14.658      5.280
      3      1        0.048      1.013      3.965

Optimization #18:
* Method          : lls
* Target function : energy
* No. of configs. : 100096
* No. of params.  : 21
* Before optimization:
  -2.7044E+00  -8.3310E-02   1.0204E-01  -1.7172E-02  -3.8536E-01   1.9715E-01
  -1.4465E-01   2.7059E-01   6.5697E-01   1.2040E+00   4.0992E-02  -2.5527E-01
  -9.8006E-03  -6.6072E-02  -2.4069E-01   4.2661E-01  -6.5866E-02  -7.0363E-01
  -2.4289E-02  -1.3340E-01  -2.5403E-01
  > E    =  -4.905335866463E+00 +/-   2.422320506446E-03
  > varE =   5.873269567118E-01
* Computing derivatives.
  Done. [total walltime: 2.06s]
* Optimizing manipulation constant:
  #igrid a___________ E____________________________________ varE____________
     1     Infinity    -4.90533587E+00 +/-   2.42232051E-03   5.87326957E-01
     2     1.0000E+06  -4.90533586E+00 +/-   2.42232103E-03   5.87327208E-01
     3     2.1544E+05  -4.90533548E+00 +/-   2.42233073E-03   5.87331917E-01
     4     4.6416E+04  -4.90532472E+00 +/-   2.42258020E-03   5.87452896E-01
     5     1.0000E+04  -4.90410848E+00 +/-   2.44997129E-03   6.00812158E-01
     6     2.1544E+03  -4.12889416E+00 +/-   9.44462715E-03   8.92866150E+00
     7     4.6416E+02 (error)
     8     1.0000E+02 (error)
     9     2.1544E+01 (error)
    10     4.6416E+00 (error)
    11     1.0000E+00 (error)
    12     2.1544E-01 (error)
    13     4.6416E-02 (error)
    14     1.0000E-02 (error)
    15     2.1544E-03 (error)
    16     4.6416E-04 (error)
    17     1.0000E-04 (error)
    18     2.1544E-05 (error)
    19     4.6416E-06 (error)
    20     1.0000E-06 (error)
    21     0.0000E+00 (error)
* Iteration # 1: E =  -4.905335866463E+00 +/-   2.422320506446E-03
* Convergence: exiting.
* After optimization:
  -2.7044E+00  -8.3310E-02   1.0204E-01  -1.7172E-02  -3.8536E-01   1.9715E-01
  -1.4465E-01   2.7059E-01   6.5697E-01   1.2040E+00   4.0992E-02  -2.5527E-01
  -9.8006E-03  -6.6072E-02  -2.4069E-01   4.2661E-01  -6.5866E-02  -7.0363E-01
  -2.4289E-02  -1.3340E-01  -2.5403E-01
  > Energy =  -4.905335866463E+00 +/-   2.422320506446E-03
  > varE =   5.873269567118E-01

VMC #19:
* Size of Hilbert space =   6.3504E+04
* Deterministic energy evaluation:
  > Deterministic Etot/t = -4.9030613105424994
    - Ttot/t = -9.0119319224933587
    - Utot/t = 4.1088706119508647
* Number of equil. steps   = 1000
* Running VMC equilibration.
  Done. [total walltime: 0.04s]
* Equil. acc.ratio (%)     =  11.6491
* Sample config after equilibration:
  +-------------------+
  |              u    |
  |        d          |
  |  d                |
  |                u  |
  |          d        |
  |    d              |
  |                  d|
  |            u      |
  |      u            |
  |u                  |
  +-------------------+
* Number of accum. steps   = 500480 x 10
* Running VMC accumulation.
  Done. [total walltime: 2.02s]
* Acceptance ratio (%)     =  11.5713
* Etot/t                   =  -4.902832238975E+00 +/-   1.006546829780E-03
  > Ttot/t                 =  -9.022221625162E+00 +/-   8.202698149014E-03
  > Utot/t                 =   4.119389386189E+00 +/-   8.115600110659E-03
* var[Eloc/t]              =   5.055912998915E-01 +/-   2.217425701682E-02
* Correlation length       =   1.002894167501E+00
* log10 Psi^2 range: -1.8588450377888450 -- 6.1789201102745679
* log10 Pgen range : -1.8588450377888450 -- 6.1789201102745679
* Site occupation (ave. no. electrons per config.):
  > Site_  ___eu____  ___ed____
      1        0.500      0.501
      2        0.501      0.499
      3        0.501      0.499
      4        0.499      0.502
      5        0.500      0.499
      6        0.499      0.501
      7        0.498      0.500
      8        0.501      0.498
      9        0.501      0.500
     10        0.501      0.501
* Pair-correlation analysis (ave. no. pairs per config.):
  > Shell  nsite  ___dh____  __eueu___  __eued___
      0      1        0          0          0.515
      1      4        0.491      4.324     15.246
      2      4        0.144     14.660      5.275
      3      1        0.047      1.016      3.963

Optimization #19:
* Method          : lls
* Target function : energy
* No. of configs. : 100096
* No. of params.  : 21
* Before optimization:
  -2.7044E+00  -8.3310E-02   1.0204E-01  -1.7172E-02  -3.8536E-01   1.9715E-01
  -1.4465E-01   2.7059E-01   6.5697E-01   1.2040E+00   4.0992E-02  -2.5527E-01
  -9.8006E-03  -6.6072E-02  -2.4069E-01   4.2661E-01  -6.5866E-02  -7.0363E-01
  -2.4289E-02  -1.3340E-01  -2.5403E-01
  > E    =  -4.906375893649E+00 +/-   2.347167540603E-03
  > varE =   5.514484291308E-01
* Computing derivatives.
  Done. [total walltime: 2.08s]
* Optimizing manipulation constant:
  #igrid a___________ E____________________________________ varE____________
     1     Infinity    -4.90637589E+00 +/-   2.34716754E-03   5.51448429E-01
     2     1.0000E+06  -4.90637590E+00 +/-   2.34716675E-03   5.51448059E-01
     3     2.1544E+05  -4.90637593E+00 +/-   2.34716388E-03   5.51446710E-01
     4     4.6416E+04  -4.90637607E+00 +/-   2.34715057E-03   5.51440456E-01
     5     1.0000E+04  -4.90637670E+00 +/-   2.34708895E-03   5.51411502E-01
     6     2.1544E+03  -4.90637960E+00 +/-   2.34680652E-03   5.51278804E-01
     7     4.6416E+02  -4.90639219E+00 +/-   2.34556841E-03   5.50697280E-01
     8     1.0000E+02  -4.90643617E+00 +/-   2.34105733E-03   5.48581075E-01
     9     2.1544E+01  -4.90650737E+00 +/-   2.33178766E-03   5.44245345E-01
    10     4.6416E+00  -4.90650256E+00 +/-   2.32391908E-03   5.40578448E-01
    11     1.0000E+00  -4.90645945E+00 +/-   2.31908454E-03   5.38331611E-01
    12     2.1544E-01  -4.90643853E+00 +/-   2.31678098E-03   5.37262691E-01
    13     4.6416E-02  -4.90643244E+00 +/-   2.31607897E-03   5.36937147E-01
    14     1.0000E-02  -4.90643099E+00 +/-   2.31591132E-03   5.36859414E-01
    15     2.1544E-03  -4.90643068E+00 +/-   2.31587430E-03   5.36842252E-01
    16     4.6416E-04  -4.90643061E+00 +/-   2.31586628E-03   5.36838534E-01
    17     1.0000E-04  -4.90643059E+00 +/-   2.31586455E-03   5.36837732E-01
    18     2.1544E-05  -4.90643059E+00 +/-   2.31586418E-03   5.36837559E-01
    19     4.6416E-06  -4.90643059E+00 +/-   2.31586410E-03   5.36837522E-01
    20     1.0000E-06  -4.90643059E+00 +/-   2.31586408E-03   5.36837514E-01
    21     0.0000E+00  -4.90643059E+00 +/-   2.31586408E-03   5.36837512E-01
  ParMin   5.4407E+00  -4.90650684E+00 +/-   2.32456513E-03   5.40879050E-01
  # Using parabolic minimum
* Iteration # 1: E =  -4.906506840788E+00 +/-   2.324565130034E-03
* Diminishing returns: exiting.
* After optimization:
  -2.7276E+00  -7.1917E-02   1.1410E-01   1.8381E-02  -3.6289E-01   2.0891E-01
  -1.6104E-01   2.4390E-01   6.3789E-01   1.1891E+00   7.6879E-02  -2.2002E-01
  -1.8182E-02  -6.6405E-02  -2.2039E-01   4.9477E-01  -5.5663E-02  -7.7118E-01
  -2.2275E-02  -1.3266E-01  -2.6543E-01
  > Energy =  -4.906506840788E+00 +/-   2.324565130034E-03
  > varE =   5.408790502691E-01

VMC #20:
* Size of Hilbert space =   6.3504E+04
* Deterministic energy evaluation:
  > Deterministic Etot/t = -4.9023394793038202
    - Ttot/t = -9.0100222045779734
    - Utot/t = 4.1076827252741523
* Number of equil. steps   = 1000
* Running VMC equilibration.
  Done. [total walltime: 0.04s]
* Equil. acc.ratio (%)     =  11.8305
* Sample config after equilibration:
  +-------------------+
  |              d    |
  |        u          |
  |  d                |
  |                d  |
  |          d        |
  |    u              |
  |                  u|
  |            u      |
  |      d            |
  |u                  |
  +-------------------+
* Number of accum. steps   = 500480 x 10
* Running VMC accumulation.
  Done. [total walltime: 2.00s]
* Acceptance ratio (%)     =  11.5902
* Etot/t                   =  -4.904099222833E+00 +/-   1.002319635179E-03
  > Ttot/t                 =  -9.015560220276E+00 +/-   8.181880956177E-03
  > Utot/t                 =   4.111460997442E+00 +/-   8.076899385119E-03
* var[Eloc/t]              =   5.339848639767E-01 +/-   3.903675588516E-02
* Correlation length       =   9.416082531261E-01
* log10 Psi^2 range: -1.9744094078096861 -- 6.1650114791215058
* log10 Pgen range : -1.9744094078096861 -- 6.1650114791215058
* Site occupation (ave. no. electrons per config.):
  > Site_  ___eu____  ___ed____
      1        0.502      0.499
      2        0.498      0.502
      3        0.501      0.500
      4        0.499      0.500
      5        0.501      0.501
      6        0.501      0.499
      7        0.499      0.500
      8        0.499      0.501
      9        0.499      0.500
     10        0.502      0.498
* Pair-correlation analysis (ave. no. pairs per config.):
  > Shell  nsite  ___dh____  __eueu___  __eued___
      0      1        0          0          0.515
      1      4        0.490      4.323     15.247
      2      4        0.143     14.664      5.274
      3      1        0.047      1.014      3.964

VDAGGER finished.
Total VDAGGER walltime: 2m18s

Run ended: Wed Mar  4 14:10:43 CET 2026
