Run started: Wed Oct 15 12:53:32 CEST 2025
Using VDAGGER_ARCH = intel23_fkfamd23_cluster
Running 1x128 MPI processes.

                               xx
                              +##
                               #X
                               Xx
                          X##XxXxxX##x
                           +   Xx  ++
                               ##
                              +##
                              +##
     ++++         ++          +##
   xX+++##+      ####         +##
  Xx    ###      +X##          ##
 xX    X##+        ##          #X
 +    x##X         #x          #X
      ###         +#           x+
     X##+         #+
     ###         Xx                    _______
     ##X       +X+   __________________VDAGGER
     +##x    +xX     2nd quantized variational
       +xxxxx+       ______quantum Monte Carlo

* Running 128 MPI processes.
* Input file: "input.casl"

############# Start of input file dump #############
General:
  Random seed: timer

Plan:
  VMC-optimization:
    Minimum cycles: 10
    Convergence cycles: 5

System:
  Read Hamiltonian: FCIDUMP_loc_naphthalene
  Read orbitals: LTSC_naphthalene
  Complex orbitals: F
  Geometry:
    r_1: [ 0.00000000000000, 1.34347620379600 ]
    r_4: [ 0.00000000000000, -1.34347620379600 ]
    r_3: [ 2.34629842880300, 2.63976101399600 ]
    r_5: [ -2.34629842880300, -2.63976101399600 ]
    r_6: [ -2.34629842880300, 2.63976101399600 ]
    r_8: [ 2.34629842880300, -2.63976101399600 ]
    r_9: [ 4.58120036880600, 1.33647725770700 ]
    r_2: [ -4.58120036880600, -1.33647725770700 ]
    r_7: [ -4.58120036880600, 1.33647725770700 ]
    r_10: [ 4.58120036880600, -1.33647725770700 ]
    Tolerance: 0.05

VMC:
  nstep: 1000000
  nconfig: 500000

Jastrow: wfn.casl
############## End of input file dump ##############

General setup:
* Random seed: 215104402 (from timer)

* Loaded integrals for system with nelec=10, ms2=0, norb=10
* INFO: setting number of electrons from integrals file.
* Analysis of Hamiltonian connecitivity performed:
  - T_ii (local, 1-site): 10 (i) values
  - U_iiii [opp] (local, 1-site): 10 (i) values
  - U_kkii [opp] (local, 2-site): 90 contribs. from 10 (i) values
  - U_kkii [par] (local, 2-site): 45 contribs. from 9 (i) values
  - T_ji (single, 2-site): 90 contribs. from 10 (i) values
  - U_kkji [opp] (single, 2/3-site): 900 contribs. from 90 (i,j) pairs
  - U_kkji [par] (single, 3-site): 810 contribs. from 90 (i,j) pairs
  - U_lkji [opp] (double, 2/3/4-site): 8100 contribs. from 90 (i,j) pairs
  - U_lkji [par] (double, 4-site): 1740 contribs. from 72 (i,j) pairs
  - Max. no. wfn. ratios in Eloc: 1467
* Reading override orbitals from file "LTSC_naphthalene".
* Site labels:
  +--------------+
  |    6     3   |
  | 7     1     9|
  | 2     4    10|
  |    5     8   |
  +--------------+
* Automatically set Site kinds:
  [ 1, 2, 3, 1, 3, 3, 2, 3, 2, 2 ]
  +---------+
  |  3   3  |
  |2   1   2|
  |2   1   2|
  |  3   3  |
  +---------+
* Maximum Site kind: 3
* Number of site-pair kinds with Tij=0: 0
* Automatically set Site pair kinds:
  Site 1: [ 0, -7, -4, 3, -8, -4, -9, 8, 9, -7 ]
  Site 2: [ -7, 0, 12, -9, 1, 10, 2, 14, 16, -15 ]
  Site 3: [ -4, 12, 0, -8, -11, 5, -13, -6, -1, 10 ]
  Site 4: [ 3, -9, -8, 0, -4, -8, -7, 4, 7, -9 ]
  Site 5: [ -8, 1, -11, -4, 0, 6, 10, -5, -12, -14 ]
  Site 6: [ -4, 10, 5, -8, 6, 0, 1, 11, 14, 12 ]
  Site 7: [ -9, 2, -13, -7, 10, 1, 0, -12, 15, -16 ]
  Site 8: [ 8, 14, -6, 4, -5, 11, -12, 0, 10, -1 ]
  Site 9: [ 9, 16, -1, 7, -12, 14, 15, 10, 0, -2 ]
  Site 10: [ -7, -15, 10, -9, -14, 12, -16, -1, -2, 0 ]
  For site 1 of kind 1:
  +--------------+
  |   -4    -4   |
  |-9     0     9|
  |-7     3    -7|
  |   -8     8   |
  +--------------+
  For site 2 of kind 2:
  +-------------------+
  |     10      12    |
  |  2      -7      16|
  |  0      -9     -15|
  |      1      14    |
  +-------------------+
  For site 3 of kind 3:
  +-------------------+
  |      5       0    |
  |-13      -4      -1|
  | 12      -8      10|
  |    -11      -6    |
  +-------------------+
* Maximum (unsigned) Site pair kind: 16
General system setup:
* Number of sites       : 10
* Number of electrons   : 10
* Spin imbalance MS2    : 0
* Filling               : 0.500000
* Number of orbitals in pool: 10
* Using real-valued orbitals
* Using double-precision arithmetic for orbitals

Trial wave function setup:
* Jastrow parameter file: "wfn.casl"
* Not using multideterminants
* Not using a backflow transformation
* Not using wave function manipulation

VMC #1:
* Size of Hilbert space =   6.3504E+04
* Deterministic energy evaluation:
  > Deterministic Etot/t = -383.3450842405230
    - Ttot/t = -23.36923164872436
    - Utot/t = 9.538493085371726
* Number of equil. steps   = 1000
* Running VMC equilibration.
  Done. [total walltime: 0.01s]
* Equil. acc.ratio (%)     =  27.1420
* Sample config after equilibration:
  +---------+
  |  d   2  |
  |0   u   0|
  |u   d   2|
  |  2   0  |
  +---------+
* Number of accum. steps   = 1000192 x 10
* Running VMC accumulation.
  Done. [total walltime: 17.5s]
* Acceptance ratio (%)     =  27.1537
* Etot/t                   =  -3.833450841147E+02 +/-   6.096616307346E-05
  > Ttot/t                 =  -2.336882556152E+01 +/-   3.694310241723E-04
  > Utot/t                 =   9.538087124117E+00 +/-   3.641554509891E-04
* var[Eloc/t]              =   3.770074099294E-03 +/-   1.648159547804E-05
* Correlation length       =   9.860778811270E-01
* log10 Psi^2 range: -16.26968398832427 -- -9.668742116925275
* log10 Pgen range : -16.26968398832427 -- -9.668742116925275
* Site occupation (ave. no. electrons per config.):
  > Site_  ___eu____  ___ed____
      1        0.497      0.497
      2        0.501      0.501
      3        0.500      0.501
      4        0.497      0.497
      5        0.500      0.500
      6        0.501      0.500
      7        0.500      0.502
      8        0.500      0.501
      9        0.502      0.501
     10        0.502      0.499
* Pair-correlation analysis (ave. no. pairs per config.):
  > Shell  nsite  ___dh____  __eueu___  __eued___
      0      1        0          0          1.776
      1      1        0.856      0.713      2.467
      2      1        0.292      0.654      1.097
      3      1        0.169      0.293      0.550
      4      1        0.569      1.359      2.147
      5      1        0.123      1.023      0.975
      6      1        0.155      0.851      1.096
      7      1        0.315      1.804      2.102
      8      1        0.256      2.095      1.918
      9      1        0.254      2.111      1.918
     10      1        0.233      2.150      1.899
     11      1        0.120      0.988      1.016
     12      1        0.241      2.047      1.967
     13      1        0.064      0.482      0.515
     14      1        0.192      1.445      1.544
     15      1        0.120      1.025      0.987
     16      1        0.133      0.960      1.027

Optimization #1:
* Method          : lls
* Target function : energy
* No. of configs. : 500096
* No. of params.  : 54
* Before optimization:
  -1.9888E-01  -1.8419E-01  -1.8877E-01   1.1163E+00   1.1199E+00   1.0051E+00
  -4.4321E+00  -1.5002E+00  -1.5093E+00   9.6100E-01   7.9499E-01  -2.2587E+00
  -2.2596E+00  -1.9227E+00  -1.9247E+00  -2.1013E+00  -2.1049E+00   7.9816E-01
   7.9919E-01   6.7680E-01   3.5345E-01   3.5394E-01   4.2915E-01   4.3085E-01
   4.2875E-01   4.3068E-01  -1.7024E+00   7.5521E-01  -3.6197E-01  -4.7704E-01
   2.4301E+01  -1.9825E+01   1.0547E+01  -8.9551E+00  -3.0754E+00   2.0955E+00
  -2.9979E+00   2.1898E+00   1.2162E+01  -9.9013E+00   1.0693E+01  -8.7829E+00
   1.2075E+01  -1.0016E+01  -1.6878E+00   8.3507E-01  -2.9227E+00   2.2475E+00
  -1.4654E+00   1.1119E+00  -1.5074E+00   1.0839E+00  -1.5076E+00   1.0838E+00
  > E    =  -3.833451323051E+02 +/-   8.695423188988E-05
  > varE =   3.781245081470E-03
* Computing derivatives.
    [walltime: 1m elapsed, 2m6s remaining]
  Done. [total walltime: 3m6s]
* Optimizing manipulation constant:
  #igrid a___________ E____________________________________ varE____________
     1     Infinity    -3.83345132E+02 +/-   8.69542319E-05   3.78124508E-03
     2     1.0000E+06  -3.83345132E+02 +/-   8.69542318E-05   3.78124507E-03
     3     2.1544E+05  -3.83345132E+02 +/-   8.69542313E-05   3.78124503E-03
     4     4.6416E+04  -3.83345132E+02 +/-   8.69542290E-05   3.78124483E-03
     5     1.0000E+04  -3.83345132E+02 +/-   8.69542184E-05   3.78124391E-03
     6     2.1544E+03  -3.83345132E+02 +/-   8.69541692E-05   3.78123963E-03
     7     4.6416E+02  -3.83345132E+02 +/-   8.69539415E-05   3.78121983E-03
     8     1.0000E+02  -3.83345132E+02 +/-   8.69528960E-05   3.78112890E-03
     9     2.1544E+01  -3.83345132E+02 +/-   8.69482731E-05   3.78072686E-03
    10     4.6416E+00  -3.83345133E+02 +/-   8.69307011E-05   3.77919886E-03
    11     1.0000E+00  -3.83345133E+02 +/-   8.68877949E-05   3.77546920E-03
    12     2.1544E-01  -3.83345133E+02 +/-   8.68415049E-05   3.77144746E-03
    13     4.6416E-02  -3.83345133E+02 +/-   8.68269745E-05   3.77018549E-03
    14     1.0000E-02  -3.83345131E+02 +/-   8.68574011E-05   3.77282830E-03
    15     2.1544E-03  -3.83345111E+02 +/-   8.71177561E-05   3.79548030E-03
    16     4.6416E-04  -3.83341703E+02 +/-   1.08234571E-04   5.85848582E-03
    17     1.0000E-04  -3.83329148E+02 +/-   1.56204741E-04   1.22023029E-02
    18     2.1544E-05  -3.83339600E+02 +/-   1.14521661E-04   6.55886448E-03
    19     4.6416E-06  -3.83340469E+02 +/-   1.10414867E-04   6.09689176E-03
    20     1.0000E-06  -3.83340630E+02 +/-   1.09641955E-04   6.01183325E-03
    21     0.0000E+00  -3.83340672E+02 +/-   1.09435853E-04   5.98925272E-03
* Iteration # 1: E =  -3.833451328251E+02 +/-   8.684150485063E-05
* Convergence: exiting.
* After optimization:
   3.6533E-02   5.1795E-02   4.6321E-02   1.0041E+00   1.0084E+00   1.0059E+00
  -4.2249E+00  -1.5075E+00  -1.5166E+00   7.3848E-01   5.7324E-01  -2.1538E+00
  -2.1555E+00  -1.9290E+00  -1.9311E+00  -1.9982E+00  -2.0019E+00   6.8757E-01
   6.8857E-01   4.5605E-01   2.4272E-01   2.4430E-01   3.1786E-01   3.2019E-01
   3.1761E-01   3.1933E-01  -1.1468E+00   3.1206E-01  -3.6411E-01  -4.7782E-01
   2.3265E+01  -1.8996E+01   1.0584E+01  -8.9845E+00  -1.9645E+00   1.2074E+00
  -1.8879E+00   1.3020E+00   1.1644E+01  -9.4863E+00   1.0729E+01  -8.8133E+00
   1.1557E+01  -9.6010E+00  -1.1333E+00   3.9168E-01  -1.8120E+00   1.3587E+00
  -9.1072E-01   6.6678E-01  -9.5209E-01   6.3974E-01  -9.5226E-01   6.3969E-01
  > Energy =  -3.833451328251E+02 +/-   8.684150485063E-05
  > varE =   3.771447461270E-03

VMC #2:
* Size of Hilbert space =   6.3504E+04
* Deterministic energy evaluation:
  > Deterministic Etot/t = -383.3450844575339
    - Ttot/t = -23.36937843274434
    - Utot/t = 9.538639652380919
* Number of equil. steps   = 1000
* Running VMC equilibration.
  Done. [total walltime: 0.01s]
* Equil. acc.ratio (%)     =  27.1303
* Sample config after equilibration:
  +---------+
  |  0   u  |
  |2   d   u|
  |d   u   d|
  |  u   d  |
  +---------+
* Number of accum. steps   = 1000192 x 10
* Running VMC accumulation.
  Done. [total walltime: 17.1s]
* Acceptance ratio (%)     =  27.1671
* Etot/t                   =  -3.833449687487E+02 +/-   6.218571630177E-05
  > Ttot/t                 =  -2.336876068993E+01 +/-   3.726392174086E-04
  > Utot/t                 =   9.538137618272E+00 +/-   3.685457615688E-04
* var[Eloc/t]              =   3.781097341877E-03 +/-   1.460929628359E-05
* Correlation length       =   1.022932085160E+00
* log10 Psi^2 range: -16.36847124741782 -- -9.671594804923918
* log10 Pgen range : -16.36847124741782 -- -9.671594804923918
* Site occupation (ave. no. electrons per config.):
  > Site_  ___eu____  ___ed____
      1        0.498      0.496
      2        0.500      0.501
      3        0.501      0.502
      4        0.496      0.498
      5        0.502      0.500
      6        0.499      0.502
      7        0.501      0.500
      8        0.501      0.500
      9        0.501      0.501
     10        0.502      0.500
* Pair-correlation analysis (ave. no. pairs per config.):
  > Shell  nsite  ___dh____  __eueu___  __eued___
      0      1        0          0          1.778
      1      1        0.859      0.712      2.465
      2      1        0.296      0.653      1.093
      3      1        0.168      0.293      0.550
      4      1        0.567      1.359      2.150
      5      1        0.124      1.023      0.976
      6      1        0.156      0.852      1.096
      7      1        0.317      1.802      2.100
      8      1        0.255      2.096      1.917
      9      1        0.254      2.109      1.917
     10      1        0.232      2.152      1.902
     11      1        0.120      0.988      1.017
     12      1        0.242      2.050      1.966
     13      1        0.064      0.483      0.514
     14      1        0.192      1.446      1.545
     15      1        0.121      1.025      0.986
     16      1        0.134      0.958      1.027

Optimization #2:
* Method          : lls
* Target function : energy
* No. of configs. : 500096
* No. of params.  : 54
* Before optimization:
   3.6533E-02   5.1795E-02   4.6321E-02   1.0041E+00   1.0084E+00   1.0059E+00
  -4.2249E+00  -1.5075E+00  -1.5166E+00   7.3848E-01   5.7324E-01  -2.1538E+00
  -2.1555E+00  -1.9290E+00  -1.9311E+00  -1.9982E+00  -2.0019E+00   6.8757E-01
   6.8857E-01   4.5605E-01   2.4272E-01   2.4430E-01   3.1786E-01   3.2019E-01
   3.1761E-01   3.1933E-01  -1.1468E+00   3.1206E-01  -3.6411E-01  -4.7782E-01
   2.3265E+01  -1.8996E+01   1.0584E+01  -8.9845E+00  -1.9645E+00   1.2074E+00
  -1.8879E+00   1.3020E+00   1.1644E+01  -9.4863E+00   1.0729E+01  -8.8133E+00
   1.1557E+01  -9.6010E+00  -1.1333E+00   3.9168E-01  -1.8120E+00   1.3587E+00
  -9.1072E-01   6.6678E-01  -9.5209E-01   6.3974E-01  -9.5226E-01   6.3969E-01
  > E    =  -3.833449973310E+02 +/-   8.721487283696E-05
  > varE =   3.803947239652E-03
* Computing derivatives.
    [walltime: 1m elapsed, 2m7s remaining]
  Done. [total walltime: 3m7s]
* Optimizing manipulation constant:
  #igrid a___________ E____________________________________ varE____________
     1     Infinity    -3.83344997E+02 +/-   8.72148728E-05   3.80394724E-03
     2     1.0000E+06  -3.83344997E+02 +/-   8.72148728E-05   3.80394723E-03
     3     2.1544E+05  -3.83344997E+02 +/-   8.72148726E-05   3.80394722E-03
     4     4.6416E+04  -3.83344997E+02 +/-   8.72148717E-05   3.80394714E-03
     5     1.0000E+04  -3.83344997E+02 +/-   8.72148671E-05   3.80394674E-03
     6     2.1544E+03  -3.83344997E+02 +/-   8.72148409E-05   3.80394445E-03
     7     4.6416E+02  -3.83344997E+02 +/-   8.72146082E-05   3.80392415E-03
     8     1.0000E+02  -3.83344997E+02 +/-   8.72111645E-05   3.80362376E-03
     9     2.1544E+01  -3.83344997E+02 +/-   8.71504027E-05   3.79832548E-03
    10     4.6416E+00  -3.83344780E+02 +/-   8.76790790E-05   3.84454846E-03
    11     1.0000E+00  -3.83319252E+02 +/-   1.96205580E-04   1.92520106E-02
    12     2.1544E-01  -3.83126682E+02 +/-   4.80619641E-04   1.15519795E-01
    13     4.6416E-02  -3.82986714E+02 +/-   5.68594617E-04   1.61680956E-01
    14     1.0000E-02  -3.82937212E+02 +/-   5.89269263E-04   1.73652467E-01
    15     2.1544E-03  -3.82923577E+02 +/-   5.94326574E-04   1.76645948E-01
    16     4.6416E-04  -3.82920428E+02 +/-   5.95459460E-04   1.77320023E-01
    17     1.0000E-04  -3.82919739E+02 +/-   5.95705722E-04   1.77466721E-01
    18     2.1544E-05  -3.82919590E+02 +/-   5.95758881E-04   1.77498396E-01
    19     4.6416E-06  -3.82919558E+02 +/-   5.95770339E-04   1.77505223E-01
    20     1.0000E-06  -3.82919551E+02 +/-   5.95772808E-04   1.77506694E-01
    21     0.0000E+00  -3.82919549E+02 +/-   5.95773486E-04   1.77507098E-01
* Iteration # 1: E =  -3.833449973463E+02 +/-   8.721116448509E-05
* Convergence: exiting.
* After optimization:
   4.5509E-01   4.7035E-01   4.6489E-01   8.9322E-01   8.9760E-01   1.0059E+00
  -4.2001E+00  -1.6060E+00  -1.6151E+00   5.1669E-01   3.5151E-01  -2.1413E+00
  -2.1430E+00  -2.0274E+00  -2.0296E+00  -1.9857E+00  -1.9895E+00   5.7670E-01
   5.7770E-01   2.3427E-01   1.3184E-01   1.3341E-01   2.0695E-01   2.0929E-01
   2.0672E-01   2.0842E-01  -5.9242E-01  -1.3152E-01  -3.6411E-01  -4.7782E-01
   2.3141E+01  -1.8896E+01   1.1076E+01  -9.3783E+00  -8.5563E-01   3.2033E-01
  -7.7901E-01   4.1484E-01   1.1581E+01  -9.4366E+00   1.1221E+01  -9.2071E+00
   1.1495E+01  -9.5513E+00  -5.7889E-01  -5.1876E-02  -7.0310E-01   4.7159E-01
  -3.5625E-01   2.2322E-01  -3.9763E-01   1.9619E-01  -3.9783E-01   1.9614E-01
  > Energy =  -3.833449973463E+02 +/-   8.721116448509E-05
  > varE =   3.803623760995E-03

VMC #3:
* Size of Hilbert space =   6.3504E+04
* Deterministic energy evaluation:
  > Deterministic Etot/t = -383.3450844602318
    - Ttot/t = -23.36937348069078
    - Utot/t = 9.538634697629172
* Number of equil. steps   = 1000
* Running VMC equilibration.
  Done. [total walltime: 0.01s]
* Equil. acc.ratio (%)     =  27.1873
* Sample config after equilibration:
  +---------+
  |  2   d  |
  |0   u   u|
  |u   d   d|
  |  d   u  |
  +---------+
* Number of accum. steps   = 1000192 x 10
* Running VMC accumulation.
  Done. [total walltime: 17.0s]
* Acceptance ratio (%)     =  27.1750
* Etot/t                   =  -3.833451100911E+02 +/-   6.217955049808E-05
  > Ttot/t                 =  -2.336948942245E+01 +/-   3.677010391585E-04
  > Utot/t                 =   9.538725008440E+00 +/-   3.624572028653E-04
* var[Eloc/t]              =   3.806290168507E-03 +/-   1.703351622065E-05
* Correlation length       =   1.015960070797E+00
* log10 Psi^2 range: -16.53201306361109 -- -9.671891805270374
* log10 Pgen range : -16.53201306361109 -- -9.671891805270374
* Site occupation (ave. no. electrons per config.):
  > Site_  ___eu____  ___ed____
      1        0.496      0.497
      2        0.500      0.502
      3        0.501      0.499
      4        0.498      0.497
      5        0.500      0.500
      6        0.501      0.501
      7        0.501      0.500
      8        0.500      0.500
      9        0.501      0.502
     10        0.502      0.502
* Pair-correlation analysis (ave. no. pairs per config.):
  > Shell  nsite  ___dh____  __eueu___  __eued___
      0      1        0          0          1.777
      1      1        0.857      0.715      2.465
      2      1        0.295      0.654      1.096
      3      1        0.168      0.294      0.550
      4      1        0.568      1.355      2.149
      5      1        0.123      1.023      0.974
      6      1        0.156      0.850      1.094
      7      1        0.316      1.805      2.101
      8      1        0.256      2.092      1.916
      9      1        0.253      2.112      1.919
     10      1        0.232      2.151      1.901
     11      1        0.119      0.987      1.016
     12      1        0.243      2.047      1.966
     13      1        0.064      0.482      0.514
     14      1        0.192      1.447      1.545
     15      1        0.121      1.025      0.989
     16      1        0.134      0.961      1.028

Optimization #3:
* Method          : lls
* Target function : energy
* No. of configs. : 500096
* No. of params.  : 54
* Before optimization:
   4.5509E-01   4.7035E-01   4.6489E-01   8.9322E-01   8.9760E-01   1.0059E+00
  -4.2001E+00  -1.6060E+00  -1.6151E+00   5.1669E-01   3.5151E-01  -2.1413E+00
  -2.1430E+00  -2.0274E+00  -2.0296E+00  -1.9857E+00  -1.9895E+00   5.7670E-01
   5.7770E-01   2.3427E-01   1.3184E-01   1.3341E-01   2.0695E-01   2.0929E-01
   2.0672E-01   2.0842E-01  -5.9242E-01  -1.3152E-01  -3.6411E-01  -4.7782E-01
   2.3141E+01  -1.8896E+01   1.1076E+01  -9.3783E+00  -8.5563E-01   3.2033E-01
  -7.7901E-01   4.1484E-01   1.1581E+01  -9.4366E+00   1.1221E+01  -9.2071E+00
   1.1495E+01  -9.5513E+00  -5.7889E-01  -5.1876E-02  -7.0310E-01   4.7159E-01
  -3.5625E-01   2.2322E-01  -3.9763E-01   1.9619E-01  -3.9783E-01   1.9614E-01
  > E    =  -3.833449575379E+02 +/-   8.689736989808E-05
  > varE =   3.776301358280E-03
* Computing derivatives.
    [walltime: 1m elapsed, 2m7s remaining]
  Done. [total walltime: 3m6s]
* Optimizing manipulation constant:
  #igrid a___________ E____________________________________ varE____________
     1     Infinity    -3.83344958E+02 +/-   8.68973699E-05   3.77630136E-03
     2     1.0000E+06  -3.83344958E+02 +/-   8.68973700E-05   3.77630136E-03
     3     2.1544E+05  -3.83344958E+02 +/-   8.68973702E-05   3.77630138E-03
     4     4.6416E+04  -3.83344958E+02 +/-   8.68973713E-05   3.77630148E-03
     5     1.0000E+04  -3.83344958E+02 +/-   8.68973764E-05   3.77630192E-03
     6     2.1544E+03  -3.83344958E+02 +/-   8.68974001E-05   3.77630398E-03
     7     4.6416E+02  -3.83344958E+02 +/-   8.68975108E-05   3.77631361E-03
     8     1.0000E+02  -3.83344958E+02 +/-   8.68980387E-05   3.77635948E-03
     9     2.1544E+01  -3.83344958E+02 +/-   8.69007898E-05   3.77659860E-03
    10     4.6416E+00  -3.83344958E+02 +/-   8.69204424E-05   3.77830695E-03
    11     1.0000E+00  -3.83344943E+02 +/-   8.73647230E-05   3.81703014E-03
    12     2.1544E-01  -3.81770616E+02 +/-   4.78143258E-04   1.14332435E-01
    13     4.6416E-02  -3.83344597E+02 +/-   8.80242495E-05   3.87487808E-03
    14     1.0000E-02  -3.83344669E+02 +/-   8.63009263E-05   3.72463993E-03
    15     2.1544E-03  -3.83344492E+02 +/-   8.44677656E-05   3.56808666E-03
    16     4.6416E-04  -3.83344019E+02 +/-   8.54788492E-05   3.65401827E-03
    17     1.0000E-04  -3.83343808E+02 +/-   8.62664544E-05   3.72166500E-03
    18     2.1544E-05  -3.83343754E+02 +/-   8.64824053E-05   3.74032121E-03
    19     4.6416E-06  -3.83343742E+02 +/-   8.65313409E-05   3.74455530E-03
    20     1.0000E-06  -3.83343739E+02 +/-   8.65419984E-05   3.74547774E-03
    21     0.0000E+00  -3.83343739E+02 +/-   8.65449322E-05   3.74573169E-03
  ParMin   9.5419E+00  -3.83344958E+02 +/-   8.69062497E-05   3.77707318E-03
  # Using grid point #10
* Iteration # 1: E =  -3.833449582784E+02 +/-   8.692044236893E-05
* Convergence: exiting.
* After optimization:
   6.3317E-01   6.4827E-01   6.4294E-01   8.0682E-01   8.1119E-01   1.0065E+00
  -4.0318E+00  -1.6088E+00  -1.6177E+00   3.4277E-01   1.7790E-01  -2.0574E+00
  -2.0588E+00  -2.0301E+00  -2.0323E+00  -1.9017E+00  -1.9054E+00   4.9031E-01
   4.9125E-01   6.0246E-02   4.4759E-02   4.6216E-02   1.1983E-01   1.2214E-01
   1.1978E-01   1.2136E-01  -1.5806E-01  -4.7953E-01  -3.6393E-01  -4.7780E-01
   2.2300E+01  -1.8224E+01   1.1090E+01  -9.3900E+00   1.3510E-02  -3.7494E-01
   9.0028E-02  -2.8079E-01   1.1161E+01  -9.1005E+00   1.1235E+01  -9.2186E+00
   1.1075E+01  -9.2149E+00  -1.4451E-01  -3.9995E-01   1.6590E-01  -2.2364E-01
   7.8319E-02  -1.2429E-01   3.6705E-02  -1.5157E-01   3.6781E-02  -1.5147E-01
  > Energy =  -3.833449582784E+02 +/-   8.692044236893E-05
  > varE =   3.778306946482E-03

VMC #4:
* Size of Hilbert space =   6.3504E+04
* Deterministic energy evaluation:
  > Deterministic Etot/t = -383.3450845935204
    - Ttot/t = -23.36930366592850
    - Utot/t = 9.538564749578503
* Number of equil. steps   = 1000
* Running VMC equilibration.
  Done. [total walltime: 0.01s]
* Equil. acc.ratio (%)     =  27.2088
* Sample config after equilibration:
  +---------+
  |  0   u  |
  |2   2   0|
  |0   u   d|
  |  2   d  |
  +---------+
* Number of accum. steps   = 1000192 x 10
* Running VMC accumulation.
  Done. [total walltime: 17.1s]
* Acceptance ratio (%)     =  27.1731
* Etot/t                   =  -3.833450940634E+02 +/-   6.226408502072E-05
  > Ttot/t                 =  -2.336980998562E+01 +/-   3.709682472243E-04
  > Utot/t                 =   9.539061599474E+00 +/-   3.674458595733E-04
* var[Eloc/t]              =   3.815752436271E-03 +/-   1.649496496295E-05
* Correlation length       =   1.016198167191E+00
* log10 Psi^2 range: -17.51546318752462 -- -9.674730346827152
* log10 Pgen range : -17.51546318752462 -- -9.674730346827152
* Site occupation (ave. no. electrons per config.):
  > Site_  ___eu____  ___ed____
      1        0.497      0.499
      2        0.502      0.500
      3        0.499      0.500
      4        0.498      0.497
      5        0.498      0.501
      6        0.500      0.500
      7        0.502      0.501
      8        0.501      0.500
      9        0.503      0.501
     10        0.501      0.501
* Pair-correlation analysis (ave. no. pairs per config.):
  > Shell  nsite  ___dh____  __eueu___  __eued___
      0      1        0          0          1.777
      1      1        0.856      0.713      2.465
      2      1        0.295      0.656      1.095
      3      1        0.167      0.295      0.553
      4      1        0.567      1.359      2.148
      5      1        0.123      1.018      0.974
      6      1        0.156      0.849      1.092
      7      1        0.315      1.809      2.105
      8      1        0.255      2.093      1.916
      9      1        0.254      2.113      1.923
     10      1        0.233      2.148      1.901
     11      1        0.119      0.985      1.014
     12      1        0.243      2.044      1.965
     13      1        0.065      0.482      0.513
     14      1        0.191      1.448      1.542
     15      1        0.120      1.026      0.990
     16      1        0.134      0.961      1.029

Optimization #4:
* Method          : lls
* Target function : energy
* No. of configs. : 500096
* No. of params.  : 54
* Before optimization:
   6.3317E-01   6.4827E-01   6.4294E-01   8.0682E-01   8.1119E-01   1.0065E+00
  -4.0318E+00  -1.6088E+00  -1.6177E+00   3.4277E-01   1.7790E-01  -2.0574E+00
  -2.0588E+00  -2.0301E+00  -2.0323E+00  -1.9017E+00  -1.9054E+00   4.9031E-01
   4.9125E-01   6.0246E-02   4.4759E-02   4.6216E-02   1.1983E-01   1.2214E-01
   1.1978E-01   1.2136E-01  -1.5806E-01  -4.7953E-01  -3.6393E-01  -4.7780E-01
   2.2300E+01  -1.8224E+01   1.1090E+01  -9.3900E+00   1.3510E-02  -3.7494E-01
   9.0028E-02  -2.8079E-01   1.1161E+01  -9.1005E+00   1.1235E+01  -9.2186E+00
   1.1075E+01  -9.2149E+00  -1.4451E-01  -3.9995E-01   1.6590E-01  -2.2364E-01
   7.8319E-02  -1.2429E-01   3.6705E-02  -1.5157E-01   3.6781E-02  -1.5147E-01
  > E    =  -3.833450059875E+02 +/-   8.702627888600E-05
  > varE =   3.787513671400E-03
* Computing derivatives.
    [walltime: 1m elapsed, 2m6s remaining]
  Done. [total walltime: 3m6s]
* Optimizing manipulation constant:
  #igrid a___________ E____________________________________ varE____________
     1     Infinity    -3.83345006E+02 +/-   8.70262789E-05   3.78751367E-03
     2     1.0000E+06  -3.83345006E+02 +/-   8.70262786E-05   3.78751365E-03
     3     2.1544E+05  -3.83345006E+02 +/-   8.70262778E-05   3.78751357E-03
     4     4.6416E+04  -3.83345006E+02 +/-   8.70262737E-05   3.78751322E-03
     5     1.0000E+04  -3.83345006E+02 +/-   8.70262551E-05   3.78751160E-03
     6     2.1544E+03  -3.83345006E+02 +/-   8.70261743E-05   3.78750457E-03
     7     4.6416E+02  -3.83345006E+02 +/-   8.70259149E-05   3.78748199E-03
     8     1.0000E+02  -3.83345006E+02 +/-   8.70271943E-05   3.78759335E-03
     9     2.1544E+01  -3.83345006E+02 +/-   8.70868732E-05   3.79278982E-03
    10     4.6416E+00  -3.83344918E+02 +/-   8.90780911E-05   3.96821490E-03
    11     1.0000E+00  -3.83319488E+02 +/-   2.14500761E-04   2.30097052E-02
    12     2.1544E-01  -3.82275432E+02 +/-   7.75639693E-04   3.00866222E-01
    13     4.6416E-02  -3.83185245E+02 +/-   4.59587431E-04   1.05630580E-01
    14     1.0000E-02  -3.82639699E+02 +/-   7.95727503E-04   3.16651915E-01
    15     2.1544E-03  -3.82388747E+02 +/-   8.52984499E-04   3.63861125E-01
    16     4.6416E-04  -3.82337850E+02 +/-   8.61283619E-04   3.70975950E-01
    17     1.0000E-04  -3.82327146E+02 +/-   8.62925647E-04   3.72391822E-01
    18     2.1544E-05  -3.82324852E+02 +/-   8.63273104E-04   3.72691769E-01
    19     4.6416E-06  -3.82324359E+02 +/-   8.63347672E-04   3.72756157E-01
    20     1.0000E-06  -3.82324252E+02 +/-   8.63363725E-04   3.72770019E-01
    21     0.0000E+00  -3.82324223E+02 +/-   8.63368132E-04   3.72773824E-01
* Iteration # 1: E =  -3.833450060223E+02 +/-   8.702719432137E-05
* Convergence: exiting.
* After optimization:
   6.0863E-01   6.2374E-01   6.1840E-01   8.3490E-01   8.3928E-01   1.0065E+00
  -4.1196E+00  -1.6246E+00  -1.6335E+00   3.9892E-01   2.3405E-01  -2.1013E+00
  -2.1027E+00  -2.0460E+00  -2.0481E+00  -1.9456E+00  -1.9493E+00   5.1840E-01
   5.1935E-01   1.1638E-01   7.2828E-02   7.4272E-02   1.4790E-01   1.5020E-01
   1.4785E-01   1.4942E-01  -2.9844E-01  -3.6725E-01  -3.6394E-01  -4.7779E-01
   2.2740E+01  -1.8575E+01   1.1170E+01  -9.4534E+00  -2.6717E-01  -1.5039E-01
  -1.9073E-01  -5.6218E-02   1.1381E+01  -9.2761E+00   1.1314E+01  -9.2820E+00
   1.1294E+01  -9.3906E+00  -2.8489E-01  -2.8767E-01  -1.1477E-01   9.0348E-04
  -6.2026E-02  -1.2011E-02  -1.0365E-01  -3.9298E-02  -1.0357E-01  -3.9189E-02
  > Energy =  -3.833450060223E+02 +/-   8.702719432137E-05
  > varE =   3.787593354050E-03

VMC #5:
* Size of Hilbert space =   6.3504E+04
* Deterministic energy evaluation:
  > Deterministic Etot/t = -383.3450845994212
    - Ttot/t = -23.36930249887526
    - Utot/t = 9.538563576624147
* Number of equil. steps   = 1000
* Running VMC equilibration.
  Done. [total walltime: 0.01s]
* Equil. acc.ratio (%)     =  27.2325
* Sample config after equilibration:
  +---------+
  |  u   d  |
  |2   2   u|
  |0   u   d|
  |  d   0  |
  +---------+
* Number of accum. steps   = 1000192 x 10
* Running VMC accumulation.
  Done. [total walltime: 17.1s]
* Acceptance ratio (%)     =  27.1540
* Etot/t                   =  -3.833450030345E+02 +/-   6.208179076065E-05
  > Ttot/t                 =  -2.336938277412E+01 +/-   3.636516608946E-04
  > Utot/t                 =   9.538725416769E+00 +/-   3.588232601668E-04
* var[Eloc/t]              =   3.805474839775E-03 +/-   1.791934869284E-05
* Correlation length       =   1.012984950082E+00
* log10 Psi^2 range: -16.93770768301011 -- -9.674849617786181
* log10 Pgen range : -16.93770768301011 -- -9.674849617786181
* Site occupation (ave. no. electrons per config.):
  > Site_  ___eu____  ___ed____
      1        0.497      0.497
      2        0.502      0.501
      3        0.501      0.499
      4        0.497      0.498
      5        0.499      0.500
      6        0.500      0.501
      7        0.502      0.501
      8        0.501      0.500
      9        0.500      0.502
     10        0.502      0.500
* Pair-correlation analysis (ave. no. pairs per config.):
  > Shell  nsite  ___dh____  __eueu___  __eued___
      0      1        0          0          1.780
      1      1        0.857      0.714      2.465
      2      1        0.294      0.656      1.094
      3      1        0.169      0.295      0.550
      4      1        0.571      1.358      2.145
      5      1        0.123      1.022      0.975
      6      1        0.156      0.852      1.092
      7      1        0.317      1.807      2.101
      8      1        0.257      2.092      1.918
      9      1        0.254      2.110      1.922
     10      1        0.233      2.147      1.904
     11      1        0.120      0.987      1.016
     12      1        0.244      2.046      1.965
     13      1        0.064      0.483      0.514
     14      1        0.194      1.448      1.540
     15      1        0.121      1.025      0.989
     16      1        0.134      0.960      1.029

Optimization #5:
* Method          : lls
* Target function : energy
* No. of configs. : 500096
* No. of params.  : 54
* Before optimization:
   6.0863E-01   6.2374E-01   6.1840E-01   8.3490E-01   8.3928E-01   1.0065E+00
  -4.1196E+00  -1.6246E+00  -1.6335E+00   3.9892E-01   2.3405E-01  -2.1013E+00
  -2.1027E+00  -2.0460E+00  -2.0481E+00  -1.9456E+00  -1.9493E+00   5.1840E-01
   5.1935E-01   1.1638E-01   7.2828E-02   7.4272E-02   1.4790E-01   1.5020E-01
   1.4785E-01   1.4942E-01  -2.9844E-01  -3.6725E-01  -3.6394E-01  -4.7779E-01
   2.2740E+01  -1.8575E+01   1.1170E+01  -9.4534E+00  -2.6717E-01  -1.5039E-01
  -1.9073E-01  -5.6218E-02   1.1381E+01  -9.2761E+00   1.1314E+01  -9.2820E+00
   1.1294E+01  -9.3906E+00  -2.8489E-01  -2.8767E-01  -1.1477E-01   9.0348E-04
  -6.2026E-02  -1.2011E-02  -1.0365E-01  -3.9298E-02  -1.0357E-01  -3.9189E-02
  > E    =  -3.833450814308E+02 +/-   8.766056631357E-05
  > varE =   3.842925143197E-03
* Computing derivatives.
    [walltime: 1m elapsed, 2m7s remaining]
  Done. [total walltime: 3m7s]
* Optimizing manipulation constant:
  #igrid a___________ E____________________________________ varE____________
     1     Infinity    -3.83345081E+02 +/-   8.76605663E-05   3.84292514E-03
     2     1.0000E+06  -3.83345081E+02 +/-   8.76605663E-05   3.84292514E-03
     3     2.1544E+05  -3.83345081E+02 +/-   8.76605661E-05   3.84292512E-03
     4     4.6416E+04  -3.83345081E+02 +/-   8.76605653E-05   3.84292505E-03
     5     1.0000E+04  -3.83345081E+02 +/-   8.76605616E-05   3.84292473E-03
     6     2.1544E+03  -3.83345081E+02 +/-   8.76605445E-05   3.84292323E-03
     7     4.6416E+02  -3.83345081E+02 +/-   8.76604651E-05   3.84291627E-03
     8     1.0000E+02  -3.83345081E+02 +/-   8.76601011E-05   3.84288435E-03
     9     2.1544E+01  -3.83345081E+02 +/-   8.76584970E-05   3.84274371E-03
    10     4.6416E+00  -3.83345081E+02 +/-   8.76524751E-05   3.84221576E-03
    11     1.0000E+00  -3.83345081E+02 +/-   8.76380479E-05   3.84095104E-03
    12     2.1544E-01  -3.83345081E+02 +/-   8.76219006E-05   3.83953578E-03
    13     4.6416E-02  -3.83345081E+02 +/-   8.76141607E-05   3.83885750E-03
    14     1.0000E-02  -3.83345081E+02 +/-   8.76103378E-05   3.83852250E-03
    15     2.1544E-03  -3.83345081E+02 +/-   8.76042257E-05   3.83798693E-03
    16     4.6416E-04  -3.83345081E+02 +/-   8.75972967E-05   3.83737983E-03
    17     1.0000E-04  -3.83345081E+02 +/-   8.75942019E-05   3.83710868E-03
    18     2.1544E-05  -3.83345081E+02 +/-   8.75933842E-05   3.83703705E-03
    19     4.6416E-06  -3.83345081E+02 +/-   8.75931996E-05   3.83702088E-03
    20     1.0000E-06  -3.83345081E+02 +/-   8.75931594E-05   3.83701736E-03
    21     0.0000E+00  -3.83345081E+02 +/-   8.75931484E-05   3.83701639E-03
* Iteration # 1: E =  -3.833450814231E+02 +/-   8.765247509305E-05
* Convergence: exiting.
* After optimization:
   6.1101E-01   6.2603E-01   6.2062E-01   8.3436E-01   8.3880E-01   1.0061E+00
  -4.1195E+00  -1.6249E+00  -1.6337E+00   3.9860E-01   2.3365E-01  -2.1013E+00
  -2.1026E+00  -2.0460E+00  -2.0482E+00  -1.9459E+00  -1.9494E+00   5.1800E-01
   5.1904E-01   1.1616E-01   7.2829E-02   7.4024E-02   1.4758E-01   1.5004E-01
   1.4770E-01   1.4916E-01  -2.9819E-01  -3.6707E-01  -3.6364E-01  -4.7739E-01
   2.2739E+01  -1.8574E+01   1.1169E+01  -9.4527E+00  -2.6716E-01  -1.5030E-01
  -1.9042E-01  -5.5973E-02   1.1380E+01  -9.2755E+00   1.1314E+01  -9.2814E+00
   1.1294E+01  -9.3898E+00  -2.8481E-01  -2.8760E-01  -1.1479E-01   9.6254E-04
  -6.1980E-02  -1.1913E-02  -1.0352E-01  -3.9083E-02  -1.0346E-01  -3.9035E-02
  > Energy =  -3.833450814231E+02 +/-   8.765247509305E-05
  > varE =   3.842215758782E-03

VMC #6:
* Size of Hilbert space =   6.3504E+04
* Deterministic energy evaluation:
  > Deterministic Etot/t = -383.3450846773755
    - Ttot/t = -23.36928407193957
    - Utot/t = 9.538545071734347
* Number of equil. steps   = 1000
* Running VMC equilibration.
  Done. [total walltime: 0.01s]
* Equil. acc.ratio (%)     =  27.0438
* Sample config after equilibration:
  +---------+
  |  u   2  |
  |d   d   0|
  |u   2   2|
  |  0   0  |
  +---------+
* Number of accum. steps   = 1000192 x 10
* Running VMC accumulation.
  Done. [total walltime: 17.1s]
* Acceptance ratio (%)     =  27.1748
* Etot/t                   =  -3.833450577859E+02 +/-   6.212229447750E-05
  > Ttot/t                 =  -2.336917992166E+01 +/-   3.709815060761E-04
  > Utot/t                 =   9.538467812919E+00 +/-   3.655631198329E-04
* var[Eloc/t]              =   3.838986775659E-03 +/-   2.480477820943E-05
* Correlation length       =   1.005452912233E+00
* log10 Psi^2 range: -16.94959415736275 -- -9.669874209112610
* log10 Pgen range : -16.94959415736275 -- -9.669874209112610
* Site occupation (ave. no. electrons per config.):
  > Site_  ___eu____  ___ed____
      1        0.498      0.497
      2        0.501      0.502
      3        0.500      0.500
      4        0.498      0.498
      5        0.500      0.499
      6        0.499      0.501
      7        0.502      0.501
      8        0.501      0.500
      9        0.501      0.501
     10        0.501      0.502
* Pair-correlation analysis (ave. no. pairs per config.):
  > Shell  nsite  ___dh____  __eueu___  __eued___
      0      1        0          0          1.777
      1      1        0.856      0.714      2.465
      2      1        0.295      0.655      1.095
      3      1        0.168      0.295      0.550
      4      1        0.569      1.358      2.146
      5      1        0.123      1.020      0.974
      6      1        0.156      0.850      1.092
      7      1        0.316      1.809      2.103
      8      1        0.257      2.091      1.918
      9      1        0.254      2.111      1.922
     10      1        0.231      2.149      1.902
     11      1        0.120      0.987      1.014
     12      1        0.243      2.045      1.965
     13      1        0.064      0.484      0.515
     14      1        0.191      1.446      1.541
     15      1        0.120      1.026      0.990
     16      1        0.134      0.961      1.029

Optimization #6:
* Method          : lls
* Target function : energy
* No. of configs. : 500096
* No. of params.  : 54
* Before optimization:
   6.1101E-01   6.2603E-01   6.2062E-01   8.3436E-01   8.3880E-01   1.0061E+00
  -4.1195E+00  -1.6249E+00  -1.6337E+00   3.9860E-01   2.3365E-01  -2.1013E+00
  -2.1026E+00  -2.0460E+00  -2.0482E+00  -1.9459E+00  -1.9494E+00   5.1800E-01
   5.1904E-01   1.1616E-01   7.2829E-02   7.4024E-02   1.4758E-01   1.5004E-01
   1.4770E-01   1.4916E-01  -2.9819E-01  -3.6707E-01  -3.6364E-01  -4.7739E-01
   2.2739E+01  -1.8574E+01   1.1169E+01  -9.4527E+00  -2.6716E-01  -1.5030E-01
  -1.9042E-01  -5.5973E-02   1.1380E+01  -9.2755E+00   1.1314E+01  -9.2814E+00
   1.1294E+01  -9.3898E+00  -2.8481E-01  -2.8760E-01  -1.1479E-01   9.6254E-04
  -6.1980E-02  -1.1913E-02  -1.0352E-01  -3.9083E-02  -1.0346E-01  -3.9035E-02
  > E    =  -3.833450984306E+02 +/-   8.828308925704E-05
  > varE =   3.897700139153E-03
* Computing derivatives.
    [walltime: 1m elapsed, 2m7s remaining]
  Done. [total walltime: 3m7s]
* Optimizing manipulation constant:
  #igrid a___________ E____________________________________ varE____________
     1     Infinity    -3.83345098E+02 +/-   8.82830893E-05   3.89770014E-03
     2     1.0000E+06  -3.83345098E+02 +/-   8.82830892E-05   3.89770014E-03
     3     2.1544E+05  -3.83345098E+02 +/-   8.82830892E-05   3.89770013E-03
     4     4.6416E+04  -3.83345098E+02 +/-   8.82830890E-05   3.89770011E-03
     5     1.0000E+04  -3.83345098E+02 +/-   8.82830879E-05   3.89770002E-03
     6     2.1544E+03  -3.83345098E+02 +/-   8.82830828E-05   3.89769957E-03
     7     4.6416E+02  -3.83345098E+02 +/-   8.82830594E-05   3.89769751E-03
     8     1.0000E+02  -3.83345098E+02 +/-   8.82829529E-05   3.89768810E-03
     9     2.1544E+01  -3.83345099E+02 +/-   8.82824967E-05   3.89764782E-03
    10     4.6416E+00  -3.83345099E+02 +/-   8.82809078E-05   3.89750752E-03
    11     1.0000E+00  -3.83345100E+02 +/-   8.82765402E-05   3.89712188E-03
    12     2.1544E-01  -3.83345100E+02 +/-   8.82682111E-05   3.89638651E-03
    13     4.6416E-02  -3.83345100E+02 +/-   8.82626603E-05   3.89589647E-03
    14     1.0000E-02  -3.83345100E+02 +/-   8.82548413E-05   3.89520624E-03
    15     2.1544E-03  -3.83345099E+02 +/-   8.82171909E-05   3.89188348E-03
    16     4.6416E-04  -3.83344251E+02 +/-   9.84272996E-05   4.84489670E-03
    17     1.0000E-04  -3.83345051E+02 +/-   8.91420707E-05   3.97391723E-03
    18     2.1544E-05  -3.83345063E+02 +/-   8.89563444E-05   3.95737528E-03
    19     4.6416E-06  -3.83345065E+02 +/-   8.89251209E-05   3.95459770E-03
    20     1.0000E-06  -3.83345066E+02 +/-   8.89187153E-05   3.95402799E-03
    21     0.0000E+00  -3.83345066E+02 +/-   8.89169753E-05   3.95387324E-03
* Iteration # 1: E =  -3.833451001475E+02 +/-   8.825484127880E-05
* Convergence: exiting.
* After optimization:
  -1.0619E+00  -1.0497E+00  -1.0527E+00   9.7276E-01   9.7501E-01   9.9790E-01
  -2.9893E+00  -9.1634E-01  -9.2458E-01   6.8708E-01   5.1764E-01  -1.5387E+00
  -1.5391E+00  -1.3384E+00  -1.3394E+00  -1.3829E+00  -1.3852E+00   6.5672E-01
   6.5697E-01   4.0546E-01   2.1776E-01   2.1793E-01   2.9141E-01   2.9424E-01
   2.9198E-01   2.9361E-01  -1.0242E+00   2.2083E-01  -3.6076E-01  -4.7068E-01
   1.7067E+01  -1.4030E+01   7.6040E+00  -6.5971E+00  -1.7237E+00   1.0167E+00
  -1.6438E+00   1.1136E+00   8.5434E+00  -7.0028E+00   7.7499E+00  -6.4253E+00
   8.4576E+00  -7.1158E+00  -1.0106E+00   2.9960E-01  -1.5706E+00   1.1684E+00
  -7.9019E-01   5.7171E-01  -8.3174E-01   5.4488E-01  -8.3156E-01   5.4500E-01
  > Energy =  -3.833451001475E+02 +/-   8.825484127880E-05
  > varE =   3.895206240606E-03

VMC #7:
* Size of Hilbert space =   6.3504E+04
* Deterministic energy evaluation:
  > Deterministic Etot/t = -383.3450836445850
    - Ttot/t = -23.36942728424980
    - Utot/t = 9.538689316835267
* Number of equil. steps   = 1000
* Running VMC equilibration.
  Done. [total walltime: 0.01s]
* Equil. acc.ratio (%)     =  27.2252
* Sample config after equilibration:
  +---------+
  |  d   u  |
  |u   u   d|
  |u   0   d|
  |  d   2  |
  +---------+
* Number of accum. steps   = 1000192 x 10
* Running VMC accumulation.
  Done. [total walltime: 17.1s]
* Acceptance ratio (%)     =  27.1991
* Etot/t                   =  -3.833451097177E+02 +/-   6.204763688768E-05
  > Ttot/t                 =  -2.336956084657E+01 +/-   3.674855539686E-04
  > Utot/t                 =   9.538796805955E+00 +/-   3.625960571989E-04
* var[Eloc/t]              =   3.818912833450E-03 +/-   1.866731949112E-05
* Correlation length       =   1.008310111766E+00
* log10 Psi^2 range: -16.31000264668984 -- -9.580379841386591
* log10 Pgen range : -16.31000264668984 -- -9.580379841386591
* Site occupation (ave. no. electrons per config.):
  > Site_  ___eu____  ___ed____
      1        0.498      0.498
      2        0.501      0.501
      3        0.499      0.500
      4        0.497      0.498
      5        0.500      0.500
      6        0.500      0.500
      7        0.501      0.501
      8        0.499      0.500
      9        0.502      0.501
     10        0.501      0.501
* Pair-correlation analysis (ave. no. pairs per config.):
  > Shell  nsite  ___dh____  __eueu___  __eued___
      0      1        0          0          1.778
      1      1        0.857      0.713      2.464
      2      1        0.295      0.654      1.096
      3      1        0.168      0.294      0.552
      4      1        0.568      1.359      2.146
      5      1        0.124      1.020      0.974
      6      1        0.156      0.848      1.093
      7      1        0.315      1.808      2.105
      8      1        0.255      2.092      1.919
      9      1        0.255      2.113      1.921
     10      1        0.233      2.150      1.899
     11      1        0.120      0.986      1.014
     12      1        0.244      2.047      1.964
     13      1        0.064      0.481      0.514
     14      1        0.192      1.448      1.543
     15      1        0.122      1.025      0.989
     16      1        0.134      0.961      1.029

Optimization #7:
* Method          : lls
* Target function : energy
* No. of configs. : 500096
* No. of params.  : 54
* Before optimization:
  -1.0619E+00  -1.0497E+00  -1.0527E+00   9.7276E-01   9.7501E-01   9.9790E-01
  -2.9893E+00  -9.1634E-01  -9.2458E-01   6.8708E-01   5.1764E-01  -1.5387E+00
  -1.5391E+00  -1.3384E+00  -1.3394E+00  -1.3829E+00  -1.3852E+00   6.5672E-01
   6.5697E-01   4.0546E-01   2.1776E-01   2.1793E-01   2.9141E-01   2.9424E-01
   2.9198E-01   2.9361E-01  -1.0242E+00   2.2083E-01  -3.6076E-01  -4.7068E-01
   1.7067E+01  -1.4030E+01   7.6040E+00  -6.5971E+00  -1.7237E+00   1.0167E+00
  -1.6438E+00   1.1136E+00   8.5434E+00  -7.0028E+00   7.7499E+00  -6.4253E+00
   8.4576E+00  -7.1158E+00  -1.0106E+00   2.9960E-01  -1.5706E+00   1.1684E+00
  -7.9019E-01   5.7171E-01  -8.3174E-01   5.4488E-01  -8.3156E-01   5.4500E-01
  > E    =  -3.833450813202E+02 +/-   8.713878274069E-05
  > varE =   3.797312672841E-03
* Computing derivatives.
    [walltime: 1m elapsed, 2m7s remaining]
  Done. [total walltime: 3m7s]
* Optimizing manipulation constant:
  #igrid a___________ E____________________________________ varE____________
     1     Infinity    -3.83345081E+02 +/-   8.71387827E-05   3.79731267E-03
     2     1.0000E+06  -3.83345081E+02 +/-   8.71387827E-05   3.79731267E-03
     3     2.1544E+05  -3.83345081E+02 +/-   8.71387826E-05   3.79731266E-03
     4     4.6416E+04  -3.83345081E+02 +/-   8.71387820E-05   3.79731260E-03
     5     1.0000E+04  -3.83345081E+02 +/-   8.71387791E-05   3.79731236E-03
     6     2.1544E+03  -3.83345081E+02 +/-   8.71387659E-05   3.79731120E-03
     7     4.6416E+02  -3.83345081E+02 +/-   8.71387047E-05   3.79730587E-03
     8     1.0000E+02  -3.83345081E+02 +/-   8.71384265E-05   3.79728163E-03
     9     2.1544E+01  -3.83345081E+02 +/-   8.71372486E-05   3.79717896E-03
    10     4.6416E+00  -3.83345082E+02 +/-   8.71336780E-05   3.79686778E-03
    11     1.0000E+00  -3.83345082E+02 +/-   8.71342952E-05   3.79692157E-03
    12     2.1544E-01  -3.83345082E+02 +/-   8.71798918E-05   3.80089640E-03
    13     4.6416E-02  -3.83345080E+02 +/-   8.74084033E-05   3.82084795E-03
    14     1.0000E-02  -3.83345036E+02 +/-   8.86910267E-05   3.93380425E-03
    15     2.1544E-03  -3.83344542E+02 +/-   9.50385133E-05   4.51702661E-03
    16     4.6416E-04  -3.83343731E+02 +/-   1.02565359E-04   5.26083631E-03
    17     1.0000E-04  -3.83343420E+02 +/-   1.05137753E-04   5.52803477E-03
    18     2.1544E-05  -3.83343344E+02 +/-   1.05746553E-04   5.59224026E-03
    19     4.6416E-06  -3.83343327E+02 +/-   1.05880330E-04   5.60639831E-03
    20     1.0000E-06  -3.83343323E+02 +/-   1.05909276E-04   5.60946421E-03
    21     0.0000E+00  -3.83343322E+02 +/-   1.05917231E-04   5.61030687E-03
* Iteration # 1: E =  -3.833450821592E+02 +/-   8.713429524607E-05
* Convergence: exiting.
* After optimization:
  -1.0008E+00  -9.8795E-01  -9.9203E-01   1.0728E+00   1.0758E+00   1.0008E+00
  -3.4536E+00  -1.0507E+00  -1.0587E+00   8.8293E-01   7.1488E-01  -1.7709E+00
  -1.7708E+00  -1.4724E+00  -1.4735E+00  -1.6150E+00  -1.6176E+00   7.5635E-01
   7.5678E-01   6.0140E-01   3.1553E-01   3.1601E-01   3.8923E-01   3.9133E-01
   3.9011E-01   3.9137E-01  -1.5120E+00   6.0813E-01  -3.6170E-01  -4.7355E-01
   1.9396E+01  -1.5897E+01   8.2822E+00  -7.1412E+00  -2.6979E+00   1.7959E+00
  -2.6187E+00   1.8914E+00   9.7089E+00  -7.9364E+00   8.4280E+00  -6.9692E+00
   9.6232E+00  -8.0498E+00  -1.4982E+00   6.8739E-01  -2.5454E+00   1.9469E+00
  -1.2773E+00   9.6118E-01  -1.3188E+00   9.3414E-01  -1.3190E+00   9.3422E-01
  > Energy =  -3.833450821592E+02 +/-   8.713429524607E-05
  > varE =   3.796921573014E-03

VMC #8:
* Size of Hilbert space =   6.3504E+04
* Deterministic energy evaluation:
  > Deterministic Etot/t = -383.3450843520698
    - Ttot/t = -23.36924772454618
    - Utot/t = 9.538509049646619
* Number of equil. steps   = 1000
* Running VMC equilibration.
  Done. [total walltime: 0.01s]
* Equil. acc.ratio (%)     =  27.2593
* Sample config after equilibration:
  +---------+
  |  d   0  |
  |u   u   d|
  |d   d   2|
  |  u   u  |
  +---------+
* Number of accum. steps   = 1000192 x 10
* Running VMC accumulation.
  Done. [total walltime: 17.1s]
* Acceptance ratio (%)     =  27.1908
* Etot/t                   =  -3.833451565194E+02 +/-   6.120627530081E-05
  > Ttot/t                 =  -2.336952328299E+01 +/-   3.725102067503E-04
  > Utot/t                 =   9.538712440709E+00 +/-   3.656890579953E-04
* var[Eloc/t]              =   3.778462404759E-03 +/-   2.321263741308E-05
* Correlation length       =   9.916540134001E-01
* log10 Psi^2 range: -16.57396876248125 -- -9.613022777419500
* log10 Pgen range : -16.57396876248125 -- -9.613022777419500
* Site occupation (ave. no. electrons per config.):
  > Site_  ___eu____  ___ed____
      1        0.498      0.497
      2        0.501      0.501
      3        0.501      0.500
      4        0.497      0.498
      5        0.500      0.500
      6        0.500      0.500
      7        0.502      0.501
      8        0.501      0.500
      9        0.500      0.502
     10        0.501      0.501
* Pair-correlation analysis (ave. no. pairs per config.):
  > Shell  nsite  ___dh____  __eueu___  __eued___
      0      1        0          0          1.777
      1      1        0.857      0.715      2.464
      2      1        0.295      0.654      1.096
      3      1        0.167      0.295      0.551
      4      1        0.567      1.359      2.148
      5      1        0.123      1.021      0.976
      6      1        0.155      0.850      1.095
      7      1        0.313      1.809      2.102
      8      1        0.256      2.089      1.918
      9      1        0.255      2.109      1.921
     10      1        0.234      2.149      1.900
     11      1        0.120      0.989      1.013
     12      1        0.243      2.043      1.970
     13      1        0.064      0.484      0.513
     14      1        0.193      1.447      1.541
     15      1        0.121      1.023      0.990
     16      1        0.134      0.963      1.026

Optimization #8:
* Method          : lls
* Target function : energy
* No. of configs. : 500096
* No. of params.  : 54
* Before optimization:
  -1.0008E+00  -9.8795E-01  -9.9203E-01   1.0728E+00   1.0758E+00   1.0008E+00
  -3.4536E+00  -1.0507E+00  -1.0587E+00   8.8293E-01   7.1488E-01  -1.7709E+00
  -1.7708E+00  -1.4724E+00  -1.4735E+00  -1.6150E+00  -1.6176E+00   7.5635E-01
   7.5678E-01   6.0140E-01   3.1553E-01   3.1601E-01   3.8923E-01   3.9133E-01
   3.9011E-01   3.9137E-01  -1.5120E+00   6.0813E-01  -3.6170E-01  -4.7355E-01
   1.9396E+01  -1.5897E+01   8.2822E+00  -7.1412E+00  -2.6979E+00   1.7959E+00
  -2.6187E+00   1.8914E+00   9.7089E+00  -7.9364E+00   8.4280E+00  -6.9692E+00
   9.6232E+00  -8.0498E+00  -1.4982E+00   6.8739E-01  -2.5454E+00   1.9469E+00
  -1.2773E+00   9.6118E-01  -1.3188E+00   9.3414E-01  -1.3190E+00   9.3422E-01
  > E    =  -3.833451917896E+02 +/-   8.681804931881E-05
  > varE =   3.769410431636E-03
* Computing derivatives.
    [walltime: 1m elapsed, 2m7s remaining]
  Done. [total walltime: 3m7s]
* Optimizing manipulation constant:
  #igrid a___________ E____________________________________ varE____________
     1     Infinity    -3.83345192E+02 +/-   8.68180493E-05   3.76941043E-03
     2     1.0000E+06  -3.83345192E+02 +/-   8.68180494E-05   3.76941044E-03
     3     2.1544E+05  -3.83345192E+02 +/-   8.68180499E-05   3.76941048E-03
     4     4.6416E+04  -3.83345192E+02 +/-   8.68180520E-05   3.76941067E-03
     5     1.0000E+04  -3.83345192E+02 +/-   8.68180616E-05   3.76941150E-03
     6     2.1544E+03  -3.83345192E+02 +/-   8.68181004E-05   3.76941487E-03
     7     4.6416E+02  -3.83345192E+02 +/-   8.68181551E-05   3.76941961E-03
     8     1.0000E+02  -3.83345192E+02 +/-   8.68157227E-05   3.76920841E-03
     9     2.1544E+01  -3.83345192E+02 +/-   8.67499468E-05   3.76349909E-03
    10     4.6416E+00  -3.83345120E+02 +/-   8.60666484E-05   3.70444510E-03
    11     1.0000E+00  -3.83342915E+02 +/-   9.60292353E-05   4.61169229E-03
    12     2.1544E-01  -3.83340890E+02 +/-   1.03942814E-04   5.40309151E-03
    13     4.6416E-02  -3.83307978E+02 +/-   2.13324701E-04   2.27580827E-02
    14     1.0000E-02  -3.83132269E+02 +/-   4.60395397E-04   1.06002309E-01
    15     2.1544E-03  -3.83023262E+02 +/-   5.42346579E-04   1.47098143E-01
    16     4.6416E-04  -3.82995680E+02 +/-   5.59010589E-04   1.56276419E-01
    17     1.0000E-04  -3.82989593E+02 +/-   5.62514175E-04   1.58241475E-01
    18     2.1544E-05  -3.82988275E+02 +/-   5.63264663E-04   1.58663998E-01
    19     4.6416E-06  -3.82987991E+02 +/-   5.63426146E-04   1.58754986E-01
    20     1.0000E-06  -3.82987930E+02 +/-   5.63460927E-04   1.58774587E-01
    21     0.0000E+00  -3.82987913E+02 +/-   5.63470478E-04   1.58779970E-01
* Iteration # 1: E =  -3.833451918012E+02 +/-   8.681572274203E-05
* Convergence: exiting.
* After optimization:
  -1.0848E+00  -1.0720E+00  -1.0761E+00   1.1035E+00   1.1065E+00   1.0009E+00
  -3.4927E+00  -1.0395E+00  -1.0475E+00   9.4434E-01   7.7633E-01  -1.7904E+00
  -1.7903E+00  -1.4613E+00  -1.4623E+00  -1.6345E+00  -1.6371E+00   7.8712E-01
   7.8753E-01   6.6281E-01   3.4623E-01   3.4671E-01   4.1994E-01   4.2204E-01
   4.2080E-01   4.2207E-01  -1.6655E+00   7.3089E-01  -3.6173E-01  -4.7357E-01
   1.9592E+01  -1.6053E+01   8.2265E+00  -7.0967E+00  -3.0049E+00   2.0414E+00
  -2.9256E+00   2.1370E+00   9.8067E+00  -8.0146E+00   8.3723E+00  -6.9247E+00
   9.7209E+00  -8.1280E+00  -1.6518E+00   8.1013E-01  -2.8524E+00   2.1925E+00
  -1.4308E+00   1.0839E+00  -1.4723E+00   1.0569E+00  -1.4724E+00   1.0570E+00
  > Energy =  -3.833451918012E+02 +/-   8.681572274203E-05
  > varE =   3.769208406703E-03

VMC #9:
* Size of Hilbert space =   6.3504E+04
* Deterministic energy evaluation:
  > Deterministic Etot/t = -383.3450843623335
    - Ttot/t = -23.36925507870228
    - Utot/t = 9.538516393539126
* Number of equil. steps   = 1000
* Running VMC equilibration.
  Done. [total walltime: 0.01s]
* Equil. acc.ratio (%)     =  27.2360
* Sample config after equilibration:
  +---------+
  |  u   u  |
  |2   d   d|
  |d   u   0|
  |  0   2  |
  +---------+
* Number of accum. steps   = 1000192 x 10
* Running VMC accumulation.
  Done. [total walltime: 17.1s]
* Acceptance ratio (%)     =  27.1767
* Etot/t                   =  -3.833451060747E+02 +/-   6.135594470625E-05
  > Ttot/t                 =  -2.336868575005E+01 +/-   3.683960651882E-04
  > Utot/t                 =   9.537925352417E+00 +/-   3.627735317382E-04
* var[Eloc/t]              =   3.841055642006E-03 +/-   1.955393794242E-05
* Correlation length       =   9.802708150318E-01
* log10 Psi^2 range: -16.78705054269972 -- -9.613756362830127
* log10 Pgen range : -16.78705054269972 -- -9.613756362830127
* Site occupation (ave. no. electrons per config.):
  > Site_  ___eu____  ___ed____
      1        0.497      0.497
      2        0.502      0.501
      3        0.501      0.500
      4        0.497      0.498
      5        0.500      0.500
      6        0.500      0.501
      7        0.501      0.501
      8        0.500      0.501
      9        0.501      0.502
     10        0.502      0.501
* Pair-correlation analysis (ave. no. pairs per config.):
  > Shell  nsite  ___dh____  __eueu___  __eued___
      0      1        0          0          1.779
      1      1        0.855      0.715      2.466
      2      1        0.294      0.655      1.096
      3      1        0.169      0.294      0.550
      4      1        0.569      1.357      2.147
      5      1        0.123      1.021      0.975
      6      1        0.156      0.850      1.093
      7      1        0.316      1.808      2.103
      8      1        0.258      2.091      1.916
      9      1        0.256      2.111      1.919
     10      1        0.232      2.148      1.901
     11      1        0.120      0.988      1.015
     12      1        0.243      2.046      1.966
     13      1        0.064      0.483      0.514
     14      1        0.192      1.447      1.544
     15      1        0.121      1.026      0.989
     16      1        0.133      0.960      1.029

Optimization #9:
* Method          : lls
* Target function : energy
* No. of configs. : 500096
* No. of params.  : 54
* Before optimization:
  -1.0848E+00  -1.0720E+00  -1.0761E+00   1.1035E+00   1.1065E+00   1.0009E+00
  -3.4927E+00  -1.0395E+00  -1.0475E+00   9.4434E-01   7.7633E-01  -1.7904E+00
  -1.7903E+00  -1.4613E+00  -1.4623E+00  -1.6345E+00  -1.6371E+00   7.8712E-01
   7.8753E-01   6.6281E-01   3.4623E-01   3.4671E-01   4.1994E-01   4.2204E-01
   4.2080E-01   4.2207E-01  -1.6655E+00   7.3089E-01  -3.6173E-01  -4.7357E-01
   1.9592E+01  -1.6053E+01   8.2265E+00  -7.0967E+00  -3.0049E+00   2.0414E+00
  -2.9256E+00   2.1370E+00   9.8067E+00  -8.0146E+00   8.3723E+00  -6.9247E+00
   9.7209E+00  -8.1280E+00  -1.6518E+00   8.1013E-01  -2.8524E+00   2.1925E+00
  -1.4308E+00   1.0839E+00  -1.4723E+00   1.0569E+00  -1.4724E+00   1.0570E+00
  > E    =  -3.833451454370E+02 +/-   8.779390238594E-05
  > varE =   3.854624593928E-03
* Computing derivatives.
    [walltime: 1m elapsed, 2m7s remaining]
  Done. [total walltime: 3m7s]
* Optimizing manipulation constant:
  #igrid a___________ E____________________________________ varE____________
     1     Infinity    -3.83345145E+02 +/-   8.77939024E-05   3.85462459E-03
     2     1.0000E+06  -3.83345145E+02 +/-   8.77939023E-05   3.85462459E-03
     3     2.1544E+05  -3.83345145E+02 +/-   8.77939020E-05   3.85462456E-03
     4     4.6416E+04  -3.83345145E+02 +/-   8.77939007E-05   3.85462445E-03
     5     1.0000E+04  -3.83345145E+02 +/-   8.77938947E-05   3.85462392E-03
     6     2.1544E+03  -3.83345145E+02 +/-   8.77938667E-05   3.85462146E-03
     7     4.6416E+02  -3.83345145E+02 +/-   8.77937368E-05   3.85461005E-03
     8     1.0000E+02  -3.83345145E+02 +/-   8.77931395E-05   3.85455761E-03
     9     2.1544E+01  -3.83345146E+02 +/-   8.77904767E-05   3.85432379E-03
    10     4.6416E+00  -3.83345146E+02 +/-   8.77798402E-05   3.85338989E-03
    11     1.0000E+00  -3.83345146E+02 +/-   8.77431426E-05   3.85016863E-03
    12     2.1544E-01  -3.83345130E+02 +/-   8.76251197E-05   3.83981790E-03
    13     4.6416E-02  -3.83344706E+02 +/-   8.90206103E-05   3.96309529E-03
    14     1.0000E-02  -3.83340235E+02 +/-   1.09794583E-04   6.02858253E-03
    15     2.1544E-03  -3.83333702E+02 +/-   1.36048601E-04   9.25638783E-03
    16     4.6416E-04  -3.83331315E+02 +/-   1.44576023E-04   1.04531199E-02
    17     1.0000E-04  -3.83330740E+02 +/-   1.46561535E-04   1.07422038E-02
    18     2.1544E-05  -3.83330613E+02 +/-   1.46996205E-04   1.08060165E-02
    19     4.6416E-06  -3.83330585E+02 +/-   1.47090172E-04   1.08198364E-02
    20     1.0000E-06  -3.83330579E+02 +/-   1.47110433E-04   1.08228173E-02
    21     0.0000E+00  -3.83330578E+02 +/-   1.47115997E-04   1.08236360E-02
  ParMin   2.1471E+00  -3.83345146E+02 +/-   8.77669242E-05   3.85225598E-03
  # Using parabolic minimum
* Iteration # 1: E =  -3.833451459452E+02 +/-   8.776692416103E-05
* Convergence: exiting.
* After optimization:
  -1.3253E+00  -1.3109E+00  -1.3158E+00   1.2925E+00   1.2961E+00   1.0030E+00
  -4.0128E+00  -1.1111E+00  -1.1193E+00   1.3211E+00   1.1539E+00  -2.0497E+00
  -2.0501E+00  -1.5325E+00  -1.5341E+00  -1.8941E+00  -1.8974E+00   9.7673E-01
   9.7745E-01   1.0395E+00   5.3464E-01   5.3538E-01   6.0864E-01   6.1008E-01
   6.0901E-01   6.1054E-01  -2.6060E+00   1.4826E+00  -3.6295E-01  -4.7462E-01
   2.2197E+01  -1.8139E+01   8.5890E+00  -7.3877E+00  -4.8858E+00   3.5454E+00
  -4.8066E+00   3.6406E+00   1.1109E+01  -9.0576E+00   8.7346E+00  -7.2157E+00
   1.1024E+01  -9.1710E+00  -2.5929E+00   1.5615E+00  -4.7330E+00   3.6966E+00
  -2.3714E+00   1.8358E+00  -2.4124E+00   1.8091E+00  -2.4127E+00   1.8093E+00
  > Energy =  -3.833451459452E+02 +/-   8.776692416103E-05
  > varE =   3.852255979510E-03

VMC #10:
* Size of Hilbert space =   6.3504E+04
* Deterministic energy evaluation:
  > Deterministic Etot/t = -383.3450845686401
    - Ttot/t = -23.36923215704279
    - Utot/t = 9.538493265572978
* Number of equil. steps   = 1000
* Running VMC equilibration.
  Done. [total walltime: 0.01s]
* Equil. acc.ratio (%)     =  27.2549
* Sample config after equilibration:
  +---------+
  |  d   d  |
  |u   u   d|
  |d   d   u|
  |  u   u  |
  +---------+
* Number of accum. steps   = 1000192 x 10
* Running VMC accumulation.
  Done. [total walltime: 17.1s]
* Acceptance ratio (%)     =  27.1694
* Etot/t                   =  -3.833450218429E+02 +/-   6.101421425621E-05
  > Ttot/t                 =  -2.336962988897E+01 +/-   3.684631120678E-04
  > Utot/t                 =   9.538953723228E+00 +/-   3.628302935593E-04
* var[Eloc/t]              =   3.792052543674E-03 +/-   1.993087840764E-05
* Correlation length       =   9.819086269012E-01
* log10 Psi^2 range: -16.22680210923096 -- -9.630980339879153
* log10 Pgen range : -16.22680210923096 -- -9.630980339879153
* Site occupation (ave. no. electrons per config.):
  > Site_  ___eu____  ___ed____
      1        0.497      0.497
      2        0.501      0.501
      3        0.501      0.500
      4        0.497      0.497
      5        0.500      0.501
      6        0.500      0.500
      7        0.501      0.502
      8        0.501      0.501
      9        0.501      0.501
     10        0.501      0.500
* Pair-correlation analysis (ave. no. pairs per config.):
  > Shell  nsite  ___dh____  __eueu___  __eued___
      0      1        0          0          1.778
      1      1        0.856      0.715      2.467
      2      1        0.294      0.654      1.094
      3      1        0.167      0.294      0.551
      4      1        0.570      1.357      2.147
      5      1        0.124      1.022      0.976
      6      1        0.156      0.852      1.095
      7      1        0.316      1.803      2.101
      8      1        0.255      2.094      1.917
      9      1        0.254      2.110      1.918
     10      1        0.233      2.149      1.901
     11      1        0.120      0.988      1.017
     12      1        0.243      2.048      1.965
     13      1        0.064      0.484      0.515
     14      1        0.191      1.447      1.544
     15      1        0.121      1.025      0.988
     16      1        0.134      0.959      1.028

Optimization #10:
* Method          : lls
* Target function : energy
* No. of configs. : 500096
* No. of params.  : 54
* Before optimization:
  -1.3253E+00  -1.3109E+00  -1.3158E+00   1.2925E+00   1.2961E+00   1.0030E+00
  -4.0128E+00  -1.1111E+00  -1.1193E+00   1.3211E+00   1.1539E+00  -2.0497E+00
  -2.0501E+00  -1.5325E+00  -1.5341E+00  -1.8941E+00  -1.8974E+00   9.7673E-01
   9.7745E-01   1.0395E+00   5.3464E-01   5.3538E-01   6.0864E-01   6.1008E-01
   6.0901E-01   6.1054E-01  -2.6060E+00   1.4826E+00  -3.6295E-01  -4.7462E-01
   2.2197E+01  -1.8139E+01   8.5890E+00  -7.3877E+00  -4.8858E+00   3.5454E+00
  -4.8066E+00   3.6406E+00   1.1109E+01  -9.0576E+00   8.7346E+00  -7.2157E+00
   1.1024E+01  -9.1710E+00  -2.5929E+00   1.5615E+00  -4.7330E+00   3.6966E+00
  -2.3714E+00   1.8358E+00  -2.4124E+00   1.8091E+00  -2.4127E+00   1.8093E+00
  > E    =  -3.833449501238E+02 +/-   8.686191533803E-05
  > varE =   3.773220487360E-03
* Computing derivatives.
    [walltime: 1m elapsed, 2m7s remaining]
  Done. [total walltime: 3m7s]
* Optimizing manipulation constant:
  #igrid a___________ E____________________________________ varE____________
     1     Infinity    -3.83344950E+02 +/-   8.68619153E-05   3.77322049E-03
     2     1.0000E+06  -3.83344950E+02 +/-   8.68619154E-05   3.77322050E-03
     3     2.1544E+05  -3.83344950E+02 +/-   8.68619158E-05   3.77322053E-03
     4     4.6416E+04  -3.83344950E+02 +/-   8.68619174E-05   3.77322067E-03
     5     1.0000E+04  -3.83344950E+02 +/-   8.68619252E-05   3.77322134E-03
     6     2.1544E+03  -3.83344950E+02 +/-   8.68619613E-05   3.77322448E-03
     7     4.6416E+02  -3.83344950E+02 +/-   8.68621371E-05   3.77323975E-03
     8     1.0000E+02  -3.83344950E+02 +/-   8.68631265E-05   3.77332571E-03
     9     2.1544E+01  -3.83344950E+02 +/-   8.68714565E-05   3.77404945E-03
    10     4.6416E+00  -3.83344948E+02 +/-   8.69985061E-05   3.78509663E-03
    11     1.0000E+00  -3.83344477E+02 +/-   9.33212668E-05   4.35526547E-03
    12     2.1544E-01  -3.83339697E+02 +/-   1.16016592E-04   6.73121700E-03
    13     4.6416E-02  -3.83341557E+02 +/-   1.06465420E-04   5.66853100E-03
    14     1.0000E-02  -3.83268014E+02 +/-   3.29660087E-04   5.43483193E-02
    15     2.1544E-03  -3.83067065E+02 +/-   5.15793765E-04   1.33047144E-01
    16     4.6416E-04  -3.83281296E+02 +/-   2.71342299E-04   3.68203899E-02
    17     1.0000E-04  -3.83272073E+02 +/-   2.88705965E-04   4.16835690E-02
    18     2.1544E-05  -3.83257489E+02 +/-   3.13841643E-04   4.92577441E-02
    19     4.6416E-06  -3.83254774E+02 +/-   3.18251309E-04   5.06516710E-02
    20     1.0000E-06  -3.83254200E+02 +/-   3.19172713E-04   5.09453898E-02
    21     0.0000E+00  -3.83254043E+02 +/-   3.19424085E-04   5.10256680E-02
* Iteration # 1: E =  -3.833449501801E+02 +/-   8.687145648891E-05
* Convergence: exiting.
* After optimization:
  -1.2804E+00  -1.2660E+00  -1.2709E+00   1.2556E+00   1.2593E+00   1.0031E+00
  -3.9103E+00  -1.0968E+00  -1.1051E+00   1.2471E+00   1.0800E+00  -1.9984E+00
  -1.9989E+00  -1.5182E+00  -1.5199E+00  -1.8428E+00  -1.8460E+00   9.3979E-01
   9.4051E-01   9.6542E-01   4.9760E-01   4.9834E-01   5.7163E-01   5.7310E-01
   5.7204E-01   5.7356E-01  -2.4210E+00   1.3344E+00  -3.6298E-01  -4.7471E-01
   2.1685E+01  -1.7729E+01   8.5181E+00  -7.3310E+00  -4.5156E+00   3.2492E+00
  -4.4364E+00   3.3443E+00   1.0853E+01  -8.8529E+00   8.6637E+00  -7.1591E+00
   1.0768E+01  -8.9662E+00  -2.4077E+00   1.4134E+00  -4.3627E+00   3.4004E+00
  -2.1863E+00   1.6876E+00  -2.2273E+00   1.6610E+00  -2.2276E+00   1.6611E+00
  > Energy =  -3.833449501801E+02 +/-   8.687145648891E-05
  > varE =   3.774049454648E-03

VMC #11:
* Size of Hilbert space =   6.3504E+04
* Deterministic energy evaluation:
  > Deterministic Etot/t = -383.3450845842573
    - Ttot/t = -23.36921045161513
    - Utot/t = 9.538471544528061
* Number of equil. steps   = 1000
* Running VMC equilibration.
  Done. [total walltime: 0.01s]
* Equil. acc.ratio (%)     =  27.2090
* Sample config after equilibration:
  +---------+
  |  0   d  |
  |d   u   u|
  |d   2   d|
  |  u   u  |
  +---------+
* Number of accum. steps   = 1000192 x 10
* Running VMC accumulation.
  Done. [total walltime: 17.2s]
* Acceptance ratio (%)     =  27.1791
* Etot/t                   =  -3.833449951913E+02 +/-   6.054790097145E-05
  > Ttot/t                 =  -2.336945593716E+01 +/-   3.715347787098E-04
  > Utot/t                 =   9.538806423073E+00 +/-   3.691204367952E-04
* var[Eloc/t]              =   3.799144049011E-03 +/-   1.667103478838E-05
* Correlation length       =   9.651521884987E-01
* log10 Psi^2 range: -16.57971386896855 -- -9.632472998468730
* log10 Pgen range : -16.57971386896855 -- -9.632472998468730
* Site occupation (ave. no. electrons per config.):
  > Site_  ___eu____  ___ed____
      1        0.498      0.497
      2        0.501      0.501
      3        0.498      0.501
      4        0.496      0.498
      5        0.500      0.501
      6        0.501      0.500
      7        0.500      0.501
      8        0.501      0.499
      9        0.504      0.500
     10        0.500      0.501
* Pair-correlation analysis (ave. no. pairs per config.):
  > Shell  nsite  ___dh____  __eueu___  __eued___
      0      1        0          0          1.777
      1      1        0.856      0.714      2.465
      2      1        0.294      0.654      1.096
      3      1        0.167      0.294      0.551
      4      1        0.567      1.359      2.148
      5      1        0.124      1.020      0.976
      6      1        0.155      0.851      1.095
      7      1        0.314      1.808      2.103
      8      1        0.256      2.092      1.917
      9      1        0.254      2.109      1.920
     10      1        0.233      2.149      1.900
     11      1        0.120      0.988      1.015
     12      1        0.244      2.046      1.965
     13      1        0.064      0.482      0.512
     14      1        0.192      1.448      1.544
     15      1        0.121      1.025      0.988
     16      1        0.134      0.960      1.029

Optimization #11:
* Method          : lls
* Target function : energy
* No. of configs. : 500096
* No. of params.  : 54
* Before optimization:
  -1.2804E+00  -1.2660E+00  -1.2709E+00   1.2556E+00   1.2593E+00   1.0031E+00
  -3.9103E+00  -1.0968E+00  -1.1051E+00   1.2471E+00   1.0800E+00  -1.9984E+00
  -1.9989E+00  -1.5182E+00  -1.5199E+00  -1.8428E+00  -1.8460E+00   9.3979E-01
   9.4051E-01   9.6542E-01   4.9760E-01   4.9834E-01   5.7163E-01   5.7310E-01
   5.7204E-01   5.7356E-01  -2.4210E+00   1.3344E+00  -3.6298E-01  -4.7471E-01
   2.1685E+01  -1.7729E+01   8.5181E+00  -7.3310E+00  -4.5156E+00   3.2492E+00
  -4.4364E+00   3.3443E+00   1.0853E+01  -8.8529E+00   8.6637E+00  -7.1591E+00
   1.0768E+01  -8.9662E+00  -2.4077E+00   1.4134E+00  -4.3627E+00   3.4004E+00
  -2.1863E+00   1.6876E+00  -2.2273E+00   1.6610E+00  -2.2276E+00   1.6611E+00
  > E    =  -3.833450643011E+02 +/-   8.784768355113E-05
  > varE =   3.859348605338E-03
* Computing derivatives.
    [walltime: 1m elapsed, 2m7s remaining]
  Done. [total walltime: 3m7s]
* Optimizing manipulation constant:
  #igrid a___________ E____________________________________ varE____________
     1     Infinity    -3.83345064E+02 +/-   8.78476836E-05   3.85934861E-03
     2     1.0000E+06  -3.83345064E+02 +/-   8.78476836E-05   3.85934861E-03
     3     2.1544E+05  -3.83345064E+02 +/-   8.78476836E-05   3.85934861E-03
     4     4.6416E+04  -3.83345064E+02 +/-   8.78476836E-05   3.85934861E-03
     5     1.0000E+04  -3.83345064E+02 +/-   8.78476837E-05   3.85934862E-03
     6     2.1544E+03  -3.83345064E+02 +/-   8.78476844E-05   3.85934868E-03
     7     4.6416E+02  -3.83345064E+02 +/-   8.78476874E-05   3.85934894E-03
     8     1.0000E+02  -3.83345064E+02 +/-   8.78476991E-05   3.85934998E-03
     9     2.1544E+01  -3.83345064E+02 +/-   8.78477098E-05   3.85935091E-03
    10     4.6416E+00  -3.83345065E+02 +/-   8.78467674E-05   3.85926811E-03
    11     1.0000E+00  -3.83345065E+02 +/-   8.78240307E-05   3.85727064E-03
    12     2.1544E-01  -3.83345062E+02 +/-   8.75696724E-05   3.83495993E-03
    13     4.6416E-02  -3.83344723E+02 +/-   8.68575260E-05   3.77283915E-03
    14     1.0000E-02  -3.82162394E+02 +/-   9.20639114E-04   4.23869556E-01
    15     2.1544E-03  -3.82160644E+02 +/-   9.21242607E-04   4.24425445E-01
    16     4.6416E-04  -3.82160626E+02 +/-   9.21248997E-04   4.24431332E-01
    17     1.0000E-04  -3.82160624E+02 +/-   9.21249799E-04   4.24432071E-01
    18     2.1544E-05  -3.82160623E+02 +/-   9.21249954E-04   4.24432214E-01
    19     4.6416E-06  -3.82160623E+02 +/-   9.21249986E-04   4.24432244E-01
    20     1.0000E-06  -3.82160623E+02 +/-   9.21249993E-04   4.24432250E-01
    21     0.0000E+00  -3.82160623E+02 +/-   9.21249995E-04   4.24432252E-01
* Iteration # 1: E =  -3.833450649939E+02 +/-   8.782403069518E-05
* Convergence: exiting.
* After optimization:
  -1.0447E+00  -1.0305E+00  -1.0352E+00   1.1781E+00   1.1817E+00   1.0039E+00
  -3.8358E+00  -1.1376E+00  -1.1459E+00   1.0901E+00   9.2366E-01  -1.9607E+00
  -1.9611E+00  -1.5589E+00  -1.5605E+00  -1.8053E+00  -1.8082E+00   8.6216E-01
   8.6276E-01   8.0836E-01   4.1932E-01   4.1970E-01   4.9293E-01   4.9490E-01
   4.9336E-01   4.9507E-01  -2.0282E+00   1.0196E+00  -3.6260E-01  -4.7530E-01
   2.1313E+01  -1.7432E+01   8.7248E+00  -7.4968E+00  -3.7294E+00   2.6208E+00
  -3.6512E+00   2.7154E+00   1.0667E+01  -8.7047E+00   8.8703E+00  -7.3249E+00
   1.0582E+01  -8.8178E+00  -2.0154E+00   1.0985E+00  -3.5773E+00   2.7718E+00
  -1.7934E+00   1.3734E+00  -1.8344E+00   1.3465E+00  -1.8348E+00   1.3466E+00
  > Energy =  -3.833450649939E+02 +/-   8.782403069518E-05
  > varE =   3.857270637570E-03

VMC #12:
* Size of Hilbert space =   6.3504E+04
* Deterministic energy evaluation:
  > Deterministic Etot/t = -383.3450846467551
    - Ttot/t = -23.36920028363026
    - Utot/t = 9.538461314045552
* Number of equil. steps   = 1000
* Running VMC equilibration.
  Done. [total walltime: 0.01s]
* Equil. acc.ratio (%)     =  27.1952
* Sample config after equilibration:
  +---------+
  |  u   0  |
  |d   d   2|
  |u   2   u|
  |  d   0  |
  +---------+
* Number of accum. steps   = 1000192 x 10
* Running VMC accumulation.
  Done. [total walltime: 17.2s]
* Acceptance ratio (%)     =  27.1763
* Etot/t                   =  -3.833449807823E+02 +/-   6.153964703291E-05
  > Ttot/t                 =  -2.336925194789E+01 +/-   3.666654416763E-04
  > Utot/t                 =   9.538616842784E+00 +/-   3.619038789509E-04
* var[Eloc/t]              =   3.766285244993E-03 +/-   1.663569398110E-05
* Correlation length       =   1.005727139381E+00
* log10 Psi^2 range: -16.23710466072903 -- -9.641551653285829
* log10 Pgen range : -16.23710466072903 -- -9.641551653285829
* Site occupation (ave. no. electrons per config.):
  > Site_  ___eu____  ___ed____
      1        0.496      0.499
      2        0.502      0.501
      3        0.500      0.501
      4        0.498      0.496
      5        0.499      0.501
      6        0.500      0.499
      7        0.501      0.502
      8        0.500      0.501
      9        0.501      0.501
     10        0.502      0.500
* Pair-correlation analysis (ave. no. pairs per config.):
  > Shell  nsite  ___dh____  __eueu___  __eued___
      0      1        0          0          1.777
      1      1        0.855      0.716      2.465
      2      1        0.293      0.655      1.097
      3      1        0.168      0.295      0.550
      4      1        0.569      1.359      2.146
      5      1        0.123      1.022      0.974
      6      1        0.155      0.851      1.093
      7      1        0.315      1.808      2.102
      8      1        0.257      2.091      1.919
      9      1        0.255      2.110      1.921
     10      1        0.233      2.147      1.900
     11      1        0.120      0.986      1.015
     12      1        0.243      2.045      1.967
     13      1        0.064      0.484      0.514
     14      1        0.192      1.446      1.543
     15      1        0.120      1.025      0.989
     16      1        0.133      0.962      1.028

Optimization #12:
* Method          : lls
* Target function : energy
* No. of configs. : 500096
* No. of params.  : 54
* Before optimization:
  -1.0447E+00  -1.0305E+00  -1.0352E+00   1.1781E+00   1.1817E+00   1.0039E+00
  -3.8358E+00  -1.1376E+00  -1.1459E+00   1.0901E+00   9.2366E-01  -1.9607E+00
  -1.9611E+00  -1.5589E+00  -1.5605E+00  -1.8053E+00  -1.8082E+00   8.6216E-01
   8.6276E-01   8.0836E-01   4.1932E-01   4.1970E-01   4.9293E-01   4.9490E-01
   4.9336E-01   4.9507E-01  -2.0282E+00   1.0196E+00  -3.6260E-01  -4.7530E-01
   2.1313E+01  -1.7432E+01   8.7248E+00  -7.4968E+00  -3.7294E+00   2.6208E+00
  -3.6512E+00   2.7154E+00   1.0667E+01  -8.7047E+00   8.8703E+00  -7.3249E+00
   1.0582E+01  -8.8178E+00  -2.0154E+00   1.0985E+00  -3.5773E+00   2.7718E+00
  -1.7934E+00   1.3734E+00  -1.8344E+00   1.3465E+00  -1.8348E+00   1.3466E+00
  > E    =  -3.833450669830E+02 +/-   8.711172873205E-05
  > varE =   3.794955132858E-03
* Computing derivatives.
    [walltime: 1m elapsed, 2m7s remaining]
  Done. [total walltime: 3m7s]
* Optimizing manipulation constant:
  #igrid a___________ E____________________________________ varE____________
     1     Infinity    -3.83345067E+02 +/-   8.71117287E-05   3.79495513E-03
     2     1.0000E+06  -3.83345067E+02 +/-   8.71117288E-05   3.79495514E-03
     3     2.1544E+05  -3.83345067E+02 +/-   8.71117291E-05   3.79495516E-03
     4     4.6416E+04  -3.83345067E+02 +/-   8.71117304E-05   3.79495527E-03
     5     1.0000E+04  -3.83345067E+02 +/-   8.71117363E-05   3.79495579E-03
     6     2.1544E+03  -3.83345067E+02 +/-   8.71117637E-05   3.79495818E-03
     7     4.6416E+02  -3.83345067E+02 +/-   8.71118908E-05   3.79496925E-03
     8     1.0000E+02  -3.83345067E+02 +/-   8.71124722E-05   3.79501991E-03
     9     2.1544E+01  -3.83345067E+02 +/-   8.71149932E-05   3.79523957E-03
    10     4.6416E+00  -3.83345067E+02 +/-   8.71231739E-05   3.79595240E-03
    11     1.0000E+00  -3.83345068E+02 +/-   8.71133182E-05   3.79509362E-03
    12     2.1544E-01  -3.83345024E+02 +/-   8.70968194E-05   3.79365621E-03
    13     4.6416E-02  -3.83344206E+02 +/-   9.14195422E-05   4.17956867E-03
    14     1.0000E-02  -3.83341545E+02 +/-   1.07719881E-04   5.80290034E-03
    15     2.1544E-03  -3.83337002E+02 +/-   1.35456935E-04   9.17605212E-03
    16     4.6416E-04  -3.83324476E+02 +/-   1.91282413E-04   1.82979933E-02
    17     1.0000E-04  -3.83323670E+02 +/-   1.94121967E-04   1.88452867E-02
    18     2.1544E-05  -3.83323487E+02 +/-   1.94761530E-04   1.89696682E-02
    19     4.6416E-06  -3.83323447E+02 +/-   1.94900689E-04   1.89967860E-02
    20     1.0000E-06  -3.83323438E+02 +/-   1.94930732E-04   1.90026429E-02
    21     0.0000E+00  -3.83323436E+02 +/-   1.94938985E-04   1.90042520E-02
  ParMin   2.0889E+00  -3.83345068E+02 +/-   8.71266014E-05   3.79625107E-03
  # Using grid point #11
* Iteration # 1: E =  -3.833450682074E+02 +/-   8.711331822333E-05
* Convergence: exiting.
* After optimization:
  -4.0772E+00  -4.0625E+00  -4.0682E+00   1.7623E+00   1.7663E+00   1.0038E+00
  -3.1413E+00  -2.0526E-01  -2.1388E-01   2.2581E+00   2.0904E+00  -1.6126E+00
  -1.6131E+00  -6.2727E-01  -6.2912E-01  -1.4560E+00  -1.4599E+00   1.4454E+00
   1.4463E+00   1.9757E+00   1.0028E+00   1.0035E+00   1.0773E+00   1.0788E+00
   1.0776E+00   1.0794E+00  -4.9479E+00   3.3543E+00  -3.6287E-01  -4.7460E-01
   1.7838E+01  -1.4648E+01   4.0668E+00  -3.7707E+00  -9.5670E+00   7.2890E+00
  -9.4877E+00   7.3844E+00   8.9279E+00  -7.3136E+00   4.2129E+00  -3.5994E+00
   8.8422E+00  -7.4270E+00  -4.9340E+00   3.4337E+00  -9.4137E+00   7.4403E+00
  -4.7120E+00   3.7083E+00  -4.7524E+00   3.6813E+00  -4.7531E+00   3.6810E+00
  > Energy =  -3.833450682074E+02 +/-   8.711331822333E-05
  > varE =   3.795093624040E-03

VMC #13:
* Size of Hilbert space =   6.3504E+04
* Deterministic energy evaluation:
  > Deterministic Etot/t = -383.3450837045365
    - Ttot/t = -23.36943684192733
    - Utot/t = 9.538698814561043
* Number of equil. steps   = 1000
* Running VMC equilibration.
  Done. [total walltime: 0.01s]
* Equil. acc.ratio (%)     =  27.1753
* Sample config after equilibration:
  +---------+
  |  d   u  |
  |u   d   d|
  |d   u   u|
  |  u   d  |
  +---------+
* Number of accum. steps   = 1000192 x 10
* Running VMC accumulation.
  Done. [total walltime: 17.0s]
* Acceptance ratio (%)     =  27.2064
* Etot/t                   =  -3.833451031417E+02 +/-   6.143143574723E-05
  > Ttot/t                 =  -2.337013274435E+01 +/-   3.699449327141E-04
  > Utot/t                 =   9.539375279939E+00 +/-   3.653201998308E-04
* var[Eloc/t]              =   3.797449349168E-03 +/-   1.727730719162E-05
* Correlation length       =   9.939687207367E-01
* log10 Psi^2 range: -16.30055069081435 -- -9.647295148948187
* log10 Pgen range : -16.30055069081435 -- -9.647295148948187
* Site occupation (ave. no. electrons per config.):
  > Site_  ___eu____  ___ed____
      1        0.496      0.496
      2        0.501      0.502
      3        0.499      0.501
      4        0.500      0.497
      5        0.499      0.500
      6        0.500      0.500
      7        0.502      0.501
      8        0.499      0.501
      9        0.502      0.500
     10        0.501      0.501
* Pair-correlation analysis (ave. no. pairs per config.):
  > Shell  nsite  ___dh____  __eueu___  __eued___
      0      1        0          0          1.778
      1      1        0.857      0.713      2.465
      2      1        0.294      0.656      1.096
      3      1        0.168      0.294      0.551
      4      1        0.569      1.356      2.146
      5      1        0.123      1.019      0.975
      6      1        0.155      0.850      1.093
      7      1        0.316      1.807      2.104
      8      1        0.256      2.093      1.917
      9      1        0.255      2.113      1.919
     10      1        0.234      2.147      1.901
     11      1        0.120      0.988      1.012
     12      1        0.243      2.043      1.968
     13      1        0.064      0.484      0.514
     14      1        0.192      1.448      1.542
     15      1        0.121      1.024      0.990
     16      1        0.133      0.963      1.028

VDAGGER finished.
Total VDAGGER walltime: 1h51m

Run ended: Wed Oct 15 14:44:39 CEST 2025
