Run started: Tue Oct 21 10:35:25 CEST 2025
Using VDAGGER_ARCH = intel23_fkfamd23_cluster
Running 1x128 MPI processes.

[LOG_CAT_SBGP] libnuma.so: cannot open shared object file: No such file or directory
[LOG_CAT_SBGP] Failed to dlopen libnuma.so. Fallback to GROUP_BY_SOCKET manual.
[LOG_CAT_SBGP] libnuma.so: cannot open shared object file: No such file or directory
[LOG_CAT_SBGP] Failed to dlopen libnuma.so. Fallback to GROUP_BY_SOCKET manual.
[LOG_CAT_SBGP] libnuma.so: cannot open shared object file: No such file or directory
[LOG_CAT_SBGP] libnuma.so: cannot open shared object file: No such file or directory
[LOG_CAT_SBGP] Failed to dlopen libnuma.so. Fallback to GROUP_BY_SOCKET manual.
[LOG_CAT_SBGP] libnuma.so: cannot open shared object file: No such file or directory
[LOG_CAT_SBGP] Failed to dlopen libnuma.so. Fallback to GROUP_BY_SOCKET manual.
[LOG_CAT_SBGP] libnuma.so: cannot open shared object file: No such file or directory
[LOG_CAT_SBGP] Failed to dlopen libnuma.so. Fallback to GROUP_BY_SOCKET manual.
[LOG_CAT_SBGP] libnuma.so: cannot open shared object file: No such file or directory
[LOG_CAT_SBGP] Failed to dlopen libnuma.so. Fallback to GROUP_BY_SOCKET manual.
[LOG_CAT_SBGP] libnuma.so: cannot open shared object file: No such file or directory
[LOG_CAT_SBGP] Failed to dlopen libnuma.so. Fallback to GROUP_BY_SOCKET manual.
[LOG_CAT_SBGP] libnuma.so: cannot open shared object file: No such file or directory
[LOG_CAT_SBGP] Failed to dlopen libnuma.so. Fallback to GROUP_BY_SOCKET manual.
[LOG_CAT_SBGP] libnuma.so: cannot open shared object file: No such file or directory
[LOG_CAT_SBGP] Failed to dlopen libnuma.so. Fallback to GROUP_BY_SOCKET manual.
[LOG_CAT_SBGP] libnuma.so: cannot open shared object file: No such file or directory
[LOG_CAT_SBGP] libnuma.so: cannot open shared object file: No such file or directory
[LOG_CAT_SBGP] Failed to dlopen libnuma.so. Fallback to GROUP_BY_SOCKET manual.
[LOG_CAT_SBGP] libnuma.so: cannot open shared object file: No such file or directory
[LOG_CAT_SBGP] Failed to dlopen libnuma.so. Fallback to GROUP_BY_SOCKET manual.
[LOG_CAT_SBGP] libnuma.so: cannot open shared object file: No such file or directory
[LOG_CAT_SBGP] Failed to dlopen libnuma.so. Fallback to GROUP_BY_SOCKET manual.
[LOG_CAT_SBGP] libnuma.so: cannot open shared object file: No such file or directory
[LOG_CAT_SBGP] Failed to dlopen libnuma.so. Fallback to GROUP_BY_SOCKET manual.
[LOG_CAT_SBGP] libnuma.so: cannot open shared object file: No such file or directory
[LOG_CAT_SBGP] Failed to dlopen libnuma.so. Fallback to GROUP_BY_SOCKET manual.
[LOG_CAT_SBGP] libnuma.so: cannot open shared object file: No such file or directory
[LOG_CAT_SBGP] Failed to dlopen libnuma.so. Fallback to GROUP_BY_SOCKET manual.
[LOG_CAT_SBGP] libnuma.so: cannot open shared object file: No such file or directory
[LOG_CAT_SBGP] Failed to dlopen libnuma.so. Fallback to GROUP_BY_SOCKET manual.
[LOG_CAT_SBGP] libnuma.so: cannot open shared object file: No such file or directory
[LOG_CAT_SBGP] Failed to dlopen libnuma.so. Fallback to GROUP_BY_SOCKET manual.
[LOG_CAT_SBGP] libnuma.so: cannot open shared object file: No such file or directory
[LOG_CAT_SBGP] Failed to dlopen libnuma.so. Fallback to GROUP_BY_SOCKET manual.
[LOG_CAT_SBGP] libnuma.so: cannot open shared object file: No such file or directory
[LOG_CAT_SBGP] Failed to dlopen libnuma.so. Fallback to GROUP_BY_SOCKET manual.
[LOG_CAT_SBGP] libnuma.so: cannot open shared object file: No such file or directory
[LOG_CAT_SBGP] Failed to dlopen libnuma.so. Fallback to GROUP_BY_SOCKET manual.
[LOG_CAT_SBGP] libnuma.so: cannot open shared object file: No such file or directory
[LOG_CAT_SBGP] Failed to dlopen libnuma.so. Fallback to GROUP_BY_SOCKET manual.
[LOG_CAT_SBGP] libnuma.so: cannot open shared object file: No such file or directory
[LOG_CAT_SBGP] Failed to dlopen libnuma.so. Fallback to GROUP_BY_SOCKET manual.
[LOG_CAT_SBGP] libnuma.so: cannot open shared object file: No such file or directory
[LOG_CAT_SBGP] Failed to dlopen libnuma.so. Fallback to GROUP_BY_SOCKET manual.
[LOG_CAT_SBGP] libnuma.so: cannot open shared object file: No such file or directory
[LOG_CAT_SBGP] Failed to dlopen libnuma.so. Fallback to GROUP_BY_SOCKET manual.
[LOG_CAT_SBGP] libnuma.so: cannot open shared object file: No such file or directory
[LOG_CAT_SBGP] Failed to dlopen libnuma.so. Fallback to GROUP_BY_SOCKET manual.
[LOG_CAT_SBGP] libnuma.so: cannot open shared object file: No such file or directory
[LOG_CAT_SBGP] Failed to dlopen libnuma.so. Fallback to GROUP_BY_SOCKET manual.
[LOG_CAT_SBGP] libnuma.so: cannot open shared object file: No such file or directory
[LOG_CAT_SBGP] Failed to dlopen libnuma.so. Fallback to GROUP_BY_SOCKET manual.
[LOG_CAT_SBGP] libnuma.so: cannot open shared object file: No such file or directory
[LOG_CAT_SBGP] Failed to dlopen libnuma.so. Fallback to GROUP_BY_SOCKET manual.
[LOG_CAT_SBGP] libnuma.so: cannot open shared object file: No such file or directory
[LOG_CAT_SBGP] Failed to dlopen libnuma.so. Fallback to GROUP_BY_SOCKET manual.
[LOG_CAT_SBGP] libnuma.so: cannot open shared object file: No such file or directory
[LOG_CAT_SBGP] Failed to dlopen libnuma.so. Fallback to GROUP_BY_SOCKET manual.
[LOG_CAT_SBGP] libnuma.so: cannot open shared object file: No such file or directory
[LOG_CAT_SBGP] Failed to dlopen libnuma.so. Fallback to GROUP_BY_SOCKET manual.
[LOG_CAT_SBGP] libnuma.so: cannot open shared object file: No such file or directory
[LOG_CAT_SBGP] Failed to dlopen libnuma.so. Fallback to GROUP_BY_SOCKET manual.
[LOG_CAT_SBGP] libnuma.so: cannot open shared object file: No such file or directory
[LOG_CAT_SBGP] Failed to dlopen libnuma.so. Fallback to GROUP_BY_SOCKET manual.
[LOG_CAT_SBGP] libnuma.so: cannot open shared object file: No such file or directory
[LOG_CAT_SBGP] Failed to dlopen libnuma.so. Fallback to GROUP_BY_SOCKET manual.
[LOG_CAT_SBGP] libnuma.so: cannot open shared object file: No such file or directory
[LOG_CAT_SBGP] Failed to dlopen libnuma.so. Fallback to GROUP_BY_SOCKET manual.
[LOG_CAT_SBGP] libnuma.so: cannot open shared object file: No such file or directory
[LOG_CAT_SBGP] Failed to dlopen libnuma.so. Fallback to GROUP_BY_SOCKET manual.
[LOG_CAT_SBGP] libnuma.so: cannot open shared object file: No such file or directory
[LOG_CAT_SBGP] Failed to dlopen libnuma.so. Fallback to GROUP_BY_SOCKET manual.
[LOG_CAT_SBGP] libnuma.so: cannot open shared object file: No such file or directory
[LOG_CAT_SBGP] Failed to dlopen libnuma.so. Fallback to GROUP_BY_SOCKET manual.
[LOG_CAT_SBGP] libnuma.so: cannot open shared object file: No such file or directory
[LOG_CAT_SBGP] Failed to dlopen libnuma.so. Fallback to GROUP_BY_SOCKET manual.
[LOG_CAT_SBGP] libnuma.so: cannot open shared object file: No such file or directory
[LOG_CAT_SBGP] Failed to dlopen libnuma.so. Fallback to GROUP_BY_SOCKET manual.
[LOG_CAT_SBGP] libnuma.so: cannot open shared object file: No such file or directory
[LOG_CAT_SBGP] Failed to dlopen libnuma.so. Fallback to GROUP_BY_SOCKET manual.
[LOG_CAT_SBGP] libnuma.so: cannot open shared object file: No such file or directory
[LOG_CAT_SBGP] Failed to dlopen libnuma.so. Fallback to GROUP_BY_SOCKET manual.
[LOG_CAT_SBGP] libnuma.so: cannot open shared object file: No such file or directory
[LOG_CAT_SBGP] Failed to dlopen libnuma.so. Fallback to GROUP_BY_SOCKET manual.
[LOG_CAT_SBGP] libnuma.so: cannot open shared object file: No such file or directory
[LOG_CAT_SBGP] Failed to dlopen libnuma.so. Fallback to GROUP_BY_SOCKET manual.
[LOG_CAT_SBGP] libnuma.so: cannot open shared object file: No such file or directory
[LOG_CAT_SBGP] Failed to dlopen libnuma.so. Fallback to GROUP_BY_SOCKET manual.
[LOG_CAT_SBGP] libnuma.so: cannot open shared object file: No such file or directory
[LOG_CAT_SBGP] Failed to dlopen libnuma.so. Fallback to GROUP_BY_SOCKET manual.
[LOG_CAT_SBGP] libnuma.so: cannot open shared object file: No such file or directory
[LOG_CAT_SBGP] Failed to dlopen libnuma.so. Fallback to GROUP_BY_SOCKET manual.
[LOG_CAT_SBGP] libnuma.so: cannot open shared object file: No such file or directory
[LOG_CAT_SBGP] Failed to dlopen libnuma.so. Fallback to GROUP_BY_SOCKET manual.
[LOG_CAT_SBGP] libnuma.so: cannot open shared object file: No such file or directory
[LOG_CAT_SBGP] Failed to dlopen libnuma.so. Fallback to GROUP_BY_SOCKET manual.
[LOG_CAT_SBGP] libnuma.so: cannot open shared object file: No such file or directory
[LOG_CAT_SBGP] Failed to dlopen libnuma.so. Fallback to GROUP_BY_SOCKET manual.
[LOG_CAT_SBGP] libnuma.so: cannot open shared object file: No such file or directory
[LOG_CAT_SBGP] Failed to dlopen libnuma.so. Fallback to GROUP_BY_SOCKET manual.
[LOG_CAT_SBGP] libnuma.so: cannot open shared object file: No such file or directory
[LOG_CAT_SBGP] Failed to dlopen libnuma.so. Fallback to GROUP_BY_SOCKET manual.
[LOG_CAT_SBGP] libnuma.so: cannot open shared object file: No such file or directory
[LOG_CAT_SBGP] Failed to dlopen libnuma.so. Fallback to GROUP_BY_SOCKET manual.
[LOG_CAT_SBGP] libnuma.so: cannot open shared object file: No such file or directory
[LOG_CAT_SBGP] Failed to dlopen libnuma.so. Fallback to GROUP_BY_SOCKET manual.
[LOG_CAT_SBGP] libnuma.so: cannot open shared object file: No such file or directory
[LOG_CAT_SBGP] Failed to dlopen libnuma.so. Fallback to GROUP_BY_SOCKET manual.
[LOG_CAT_SBGP] libnuma.so: cannot open shared object file: No such file or directory
[LOG_CAT_SBGP] Failed to dlopen libnuma.so. Fallback to GROUP_BY_SOCKET manual.
[LOG_CAT_SBGP] libnuma.so: cannot open shared object file: No such file or directory
[LOG_CAT_SBGP] Failed to dlopen libnuma.so. Fallback to GROUP_BY_SOCKET manual.
[LOG_CAT_SBGP] libnuma.so: cannot open shared object file: No such file or directory
[LOG_CAT_SBGP] Failed to dlopen libnuma.so. Fallback to GROUP_BY_SOCKET manual.
[LOG_CAT_SBGP] libnuma.so: cannot open shared object file: No such file or directory
[LOG_CAT_SBGP] Failed to dlopen libnuma.so. Fallback to GROUP_BY_SOCKET manual.
[LOG_CAT_SBGP] libnuma.so: cannot open shared object file: No such file or directory
[LOG_CAT_SBGP] Failed to dlopen libnuma.so. Fallback to GROUP_BY_SOCKET manual.
[LOG_CAT_SBGP] libnuma.so: cannot open shared object file: No such file or directory
[LOG_CAT_SBGP] Failed to dlopen libnuma.so. Fallback to GROUP_BY_SOCKET manual.
[LOG_CAT_SBGP] libnuma.so: cannot open shared object file: No such file or directory
[LOG_CAT_SBGP] Failed to dlopen libnuma.so. Fallback to GROUP_BY_SOCKET manual.
[LOG_CAT_SBGP] libnuma.so: cannot open shared object file: No such file or directory
[LOG_CAT_SBGP] Failed to dlopen libnuma.so. Fallback to GROUP_BY_SOCKET manual.
[LOG_CAT_SBGP] libnuma.so: cannot open shared object file: No such file or directory
[LOG_CAT_SBGP] Failed to dlopen libnuma.so. Fallback to GROUP_BY_SOCKET manual.
[LOG_CAT_SBGP] libnuma.so: cannot open shared object file: No such file or directory
[LOG_CAT_SBGP] Failed to dlopen libnuma.so. Fallback to GROUP_BY_SOCKET manual.
[LOG_CAT_SBGP] libnuma.so: cannot open shared object file: No such file or directory
[LOG_CAT_SBGP] Failed to dlopen libnuma.so. Fallback to GROUP_BY_SOCKET manual.
[LOG_CAT_SBGP] libnuma.so: cannot open shared object file: No such file or directory
[LOG_CAT_SBGP] Failed to dlopen libnuma.so. Fallback to GROUP_BY_SOCKET manual.
[LOG_CAT_SBGP] libnuma.so: cannot open shared object file: No such file or directory
[LOG_CAT_SBGP] Failed to dlopen libnuma.so. Fallback to GROUP_BY_SOCKET manual.
[LOG_CAT_SBGP] libnuma.so: cannot open shared object file: No such file or directory
[LOG_CAT_SBGP] Failed to dlopen libnuma.so. Fallback to GROUP_BY_SOCKET manual.
[LOG_CAT_SBGP] libnuma.so: cannot open shared object file: No such file or directory
[LOG_CAT_SBGP] Failed to dlopen libnuma.so. Fallback to GROUP_BY_SOCKET manual.
[LOG_CAT_SBGP] libnuma.so: cannot open shared object file: No such file or directory
[LOG_CAT_SBGP] Failed to dlopen libnuma.so. Fallback to GROUP_BY_SOCKET manual.
[LOG_CAT_SBGP] libnuma.so: cannot open shared object file: No such file or directory
[LOG_CAT_SBGP] Failed to dlopen libnuma.so. Fallback to GROUP_BY_SOCKET manual.
[LOG_CAT_SBGP] libnuma.so: cannot open shared object file: No such file or directory
[LOG_CAT_SBGP] Failed to dlopen libnuma.so. Fallback to GROUP_BY_SOCKET manual.
[LOG_CAT_SBGP] libnuma.so: cannot open shared object file: No such file or directory
[LOG_CAT_SBGP] Failed to dlopen libnuma.so. Fallback to GROUP_BY_SOCKET manual.
[LOG_CAT_SBGP] libnuma.so: cannot open shared object file: No such file or directory
[LOG_CAT_SBGP] Failed to dlopen libnuma.so. Fallback to GROUP_BY_SOCKET manual.
[LOG_CAT_SBGP] libnuma.so: cannot open shared object file: No such file or directory
[LOG_CAT_SBGP] Failed to dlopen libnuma.so. Fallback to GROUP_BY_SOCKET manual.
[LOG_CAT_SBGP] libnuma.so: cannot open shared object file: No such file or directory
[LOG_CAT_SBGP] Failed to dlopen libnuma.so. Fallback to GROUP_BY_SOCKET manual.
[LOG_CAT_SBGP] libnuma.so: cannot open shared object file: No such file or directory
[LOG_CAT_SBGP] Failed to dlopen libnuma.so. Fallback to GROUP_BY_SOCKET manual.
[LOG_CAT_SBGP] libnuma.so: cannot open shared object file: No such file or directory
[LOG_CAT_SBGP] Failed to dlopen libnuma.so. Fallback to GROUP_BY_SOCKET manual.
[LOG_CAT_SBGP] libnuma.so: cannot open shared object file: No such file or directory
[LOG_CAT_SBGP] Failed to dlopen libnuma.so. Fallback to GROUP_BY_SOCKET manual.
[LOG_CAT_SBGP] libnuma.so: cannot open shared object file: No such file or directory
[LOG_CAT_SBGP] Failed to dlopen libnuma.so. Fallback to GROUP_BY_SOCKET manual.
[LOG_CAT_SBGP] libnuma.so: cannot open shared object file: No such file or directory
[LOG_CAT_SBGP] Failed to dlopen libnuma.so. Fallback to GROUP_BY_SOCKET manual.
[LOG_CAT_SBGP] libnuma.so: cannot open shared object file: No such file or directory
[LOG_CAT_SBGP] Failed to dlopen libnuma.so. Fallback to GROUP_BY_SOCKET manual.
[LOG_CAT_SBGP] libnuma.so: cannot open shared object file: No such file or directory
[LOG_CAT_SBGP] Failed to dlopen libnuma.so. Fallback to GROUP_BY_SOCKET manual.
[LOG_CAT_SBGP] libnuma.so: cannot open shared object file: No such file or directory
[LOG_CAT_SBGP] Failed to dlopen libnuma.so. Fallback to GROUP_BY_SOCKET manual.
[LOG_CAT_SBGP] libnuma.so: cannot open shared object file: No such file or directory
[LOG_CAT_SBGP] Failed to dlopen libnuma.so. Fallback to GROUP_BY_SOCKET manual.
[LOG_CAT_SBGP] libnuma.so: cannot open shared object file: No such file or directory
[LOG_CAT_SBGP] Failed to dlopen libnuma.so. Fallback to GROUP_BY_SOCKET manual.
[LOG_CAT_SBGP] libnuma.so: cannot open shared object file: No such file or directory
[LOG_CAT_SBGP] Failed to dlopen libnuma.so. Fallback to GROUP_BY_SOCKET manual.
[LOG_CAT_SBGP] libnuma.so: cannot open shared object file: No such file or directory
[LOG_CAT_SBGP] Failed to dlopen libnuma.so. Fallback to GROUP_BY_SOCKET manual.
[LOG_CAT_SBGP] libnuma.so: cannot open shared object file: No such file or directory
[LOG_CAT_SBGP] Failed to dlopen libnuma.so. Fallback to GROUP_BY_SOCKET manual.
[LOG_CAT_SBGP] libnuma.so: cannot open shared object file: No such file or directory
[LOG_CAT_SBGP] Failed to dlopen libnuma.so. Fallback to GROUP_BY_SOCKET manual.
[LOG_CAT_SBGP] libnuma.so: cannot open shared object file: No such file or directory
[LOG_CAT_SBGP] Failed to dlopen libnuma.so. Fallback to GROUP_BY_SOCKET manual.
[LOG_CAT_SBGP] libnuma.so: cannot open shared object file: No such file or directory
[LOG_CAT_SBGP] Failed to dlopen libnuma.so. Fallback to GROUP_BY_SOCKET manual.
[LOG_CAT_SBGP] libnuma.so: cannot open shared object file: No such file or directory
[LOG_CAT_SBGP] Failed to dlopen libnuma.so. Fallback to GROUP_BY_SOCKET manual.
[LOG_CAT_SBGP] libnuma.so: cannot open shared object file: No such file or directory
[LOG_CAT_SBGP] Failed to dlopen libnuma.so. Fallback to GROUP_BY_SOCKET manual.
[LOG_CAT_SBGP] libnuma.so: cannot open shared object file: No such file or directory
[LOG_CAT_SBGP] Failed to dlopen libnuma.so. Fallback to GROUP_BY_SOCKET manual.
[LOG_CAT_SBGP] libnuma.so: cannot open shared object file: No such file or directory
[LOG_CAT_SBGP] Failed to dlopen libnuma.so. Fallback to GROUP_BY_SOCKET manual.
[LOG_CAT_SBGP] libnuma.so: cannot open shared object file: No such file or directory
[LOG_CAT_SBGP] Failed to dlopen libnuma.so. Fallback to GROUP_BY_SOCKET manual.
[LOG_CAT_SBGP] libnuma.so: cannot open shared object file: No such file or directory
[LOG_CAT_SBGP] Failed to dlopen libnuma.so. Fallback to GROUP_BY_SOCKET manual.
[LOG_CAT_SBGP] libnuma.so: cannot open shared object file: No such file or directory
[LOG_CAT_SBGP] Failed to dlopen libnuma.so. Fallback to GROUP_BY_SOCKET manual.
[LOG_CAT_SBGP] libnuma.so: cannot open shared object file: No such file or directory
[LOG_CAT_SBGP] Failed to dlopen libnuma.so. Fallback to GROUP_BY_SOCKET manual.
[LOG_CAT_SBGP] libnuma.so: cannot open shared object file: No such file or directory
[LOG_CAT_SBGP] Failed to dlopen libnuma.so. Fallback to GROUP_BY_SOCKET manual.
[LOG_CAT_SBGP] libnuma.so: cannot open shared object file: No such file or directory
[LOG_CAT_SBGP] Failed to dlopen libnuma.so. Fallback to GROUP_BY_SOCKET manual.
[LOG_CAT_SBGP] libnuma.so: cannot open shared object file: No such file or directory
[LOG_CAT_SBGP] Failed to dlopen libnuma.so. Fallback to GROUP_BY_SOCKET manual.
[LOG_CAT_SBGP] libnuma.so: cannot open shared object file: No such file or directory
[LOG_CAT_SBGP] Failed to dlopen libnuma.so. Fallback to GROUP_BY_SOCKET manual.
[LOG_CAT_SBGP] libnuma.so: cannot open shared object file: No such file or directory
[LOG_CAT_SBGP] Failed to dlopen libnuma.so. Fallback to GROUP_BY_SOCKET manual.
[LOG_CAT_SBGP] libnuma.so: cannot open shared object file: No such file or directory
[LOG_CAT_SBGP] Failed to dlopen libnuma.so. Fallback to GROUP_BY_SOCKET manual.
[LOG_CAT_SBGP] libnuma.so: cannot open shared object file: No such file or directory
[LOG_CAT_SBGP] Failed to dlopen libnuma.so. Fallback to GROUP_BY_SOCKET manual.
[LOG_CAT_SBGP] libnuma.so: cannot open shared object file: No such file or directory
[LOG_CAT_SBGP] Failed to dlopen libnuma.so. Fallback to GROUP_BY_SOCKET manual.
[LOG_CAT_SBGP] libnuma.so: cannot open shared object file: No such file or directory
[LOG_CAT_SBGP] Failed to dlopen libnuma.so. Fallback to GROUP_BY_SOCKET manual.
[LOG_CAT_SBGP] libnuma.so: cannot open shared object file: No such file or directory
[LOG_CAT_SBGP] Failed to dlopen libnuma.so. Fallback to GROUP_BY_SOCKET manual.
[LOG_CAT_SBGP] libnuma.so: cannot open shared object file: No such file or directory
[LOG_CAT_SBGP] Failed to dlopen libnuma.so. Fallback to GROUP_BY_SOCKET manual.
[LOG_CAT_SBGP] libnuma.so: cannot open shared object file: No such file or directory
[LOG_CAT_SBGP] Failed to dlopen libnuma.so. Fallback to GROUP_BY_SOCKET manual.
[LOG_CAT_SBGP] libnuma.so: cannot open shared object file: No such file or directory
[LOG_CAT_SBGP] Failed to dlopen libnuma.so. Fallback to GROUP_BY_SOCKET manual.
[LOG_CAT_SBGP] libnuma.so: cannot open shared object file: No such file or directory
[LOG_CAT_SBGP] Failed to dlopen libnuma.so. Fallback to GROUP_BY_SOCKET manual.
[LOG_CAT_SBGP] libnuma.so: cannot open shared object file: No such file or directory
[LOG_CAT_SBGP] Failed to dlopen libnuma.so. Fallback to GROUP_BY_SOCKET manual.
[LOG_CAT_SBGP] libnuma.so: cannot open shared object file: No such file or directory
[LOG_CAT_SBGP] Failed to dlopen libnuma.so. Fallback to GROUP_BY_SOCKET manual.
[LOG_CAT_SBGP] libnuma.so: cannot open shared object file: No such file or directory
[LOG_CAT_SBGP] Failed to dlopen libnuma.so. Fallback to GROUP_BY_SOCKET manual.
[LOG_CAT_SBGP] libnuma.so: cannot open shared object file: No such file or directory
[LOG_CAT_SBGP] Failed to dlopen libnuma.so. Fallback to GROUP_BY_SOCKET manual.
[LOG_CAT_SBGP] libnuma.so: cannot open shared object file: No such file or directory
[LOG_CAT_SBGP] Failed to dlopen libnuma.so. Fallback to GROUP_BY_SOCKET manual.
[LOG_CAT_SBGP] libnuma.so: cannot open shared object file: No such file or directory
[LOG_CAT_SBGP] Failed to dlopen libnuma.so. Fallback to GROUP_BY_SOCKET manual.
[LOG_CAT_SBGP] libnuma.so: cannot open shared object file: No such file or directory
[LOG_CAT_SBGP] Failed to dlopen libnuma.so. Fallback to GROUP_BY_SOCKET manual.
[LOG_CAT_SBGP] Failed to dlopen libnuma.so. Fallback to GROUP_BY_SOCKET manual.
[LOG_CAT_SBGP] libnuma.so: cannot open shared object file: No such file or directory
[LOG_CAT_SBGP] Failed to dlopen libnuma.so. Fallback to GROUP_BY_SOCKET manual.
[LOG_CAT_SBGP] libnuma.so: cannot open shared object file: No such file or directory
[LOG_CAT_SBGP] Failed to dlopen libnuma.so. Fallback to GROUP_BY_SOCKET manual.
[LOG_CAT_SBGP] libnuma.so: cannot open shared object file: No such file or directory
[LOG_CAT_SBGP] Failed to dlopen libnuma.so. Fallback to GROUP_BY_SOCKET manual.
[LOG_CAT_SBGP] libnuma.so: cannot open shared object file: No such file or directory
[LOG_CAT_SBGP] Failed to dlopen libnuma.so. Fallback to GROUP_BY_SOCKET manual.
[LOG_CAT_SBGP] Failed to dlopen libnuma.so. Fallback to GROUP_BY_SOCKET manual.
                               xx
                              +##
                               #X
                               Xx
                          X##XxXxxX##x
                           +   Xx  ++
                               ##
                              +##
                              +##
     ++++         ++          +##
   xX+++##+      ####         +##
  Xx    ###      +X##          ##
 xX    X##+        ##          #X
 +    x##X         #x          #X
      ###         +#           x+
     X##+         #+
     ###         Xx                    _______
     ##X       +X+   __________________VDAGGER
     +##x    +xX     2nd quantized variational
       +xxxxx+       ______quantum Monte Carlo

* Running 128 MPI processes.
* Input file: "input.casl"

############# Start of input file dump #############
General:
  Random seed: timer

Plan:
  VMC-optimization:
    Minimum cycles: 10
    Convergence cycles: 5

System:
  Read Hamiltonian: FCIDUMP_loc_benzene
  Read orbitals: LTSC_benzene
  Complex orbitals: F
  Geometry:
    r_5: [ 0.00000000000000, 2.63994739601739 ]
    r_4: [ 2.28626150960564, 1.31997369800870 ]
    r_6: [ 2.28626150960564, -1.31997369800870 ]
    r_2: [ 0.00000000000000, -2.63994739601739 ]
    r_3: [ -2.28626150960564, -1.31997369800870 ]
    r_1: [ -2.28626150960564, 1.31997369800870 ]

VMC:
  nstep: 500000
  nconfig: 100000

Jastrow: wfn.casl

Backflow: wfn.casl

Multideterminants: wfn.casl
############## End of input file dump ##############

General setup:
* Random seed: 1021285420 (from timer)

* Loaded integrals for system with nelec=6, ms2=0, norb=6
* INFO: setting number of electrons from integrals file.
* Analysis of Hamiltonian connecitivity performed:
  - T_ii (local, 1-site): 6 (i) values
  - U_iiii [opp] (local, 1-site): 6 (i) values
  - U_kkii [opp] (local, 2-site): 30 contribs. from 6 (i) values
  - U_kkii [par] (local, 2-site): 15 contribs. from 5 (i) values
  - T_ji (single, 2-site): 30 contribs. from 6 (i) values
  - U_kkji [opp] (single, 2/3-site): 180 contribs. from 30 (i,j) pairs
  - U_kkji [par] (single, 3-site): 150 contribs. from 30 (i,j) pairs
  - U_lkji [opp] (double, 2/3/4-site): 900 contribs. from 30 (i,j) pairs
  - U_lkji [par] (double, 4-site): 170 contribs. from 20 (i,j) pairs
  - Max. no. wfn. ratios in Eloc: 255
* Reading override orbitals from file "LTSC_benzene".
* Site labels:
  +-----+
  |  5  |
  |1   4|
  |3   6|
  |  2  |
  +-----+
* Automatically set Site kinds:
  [ 1, 1, 1, 1, 1, 1 ]
  +-----+
  |  1  |
  |1   1|
  |1   1|
  |  1  |
  +-----+
* Maximum Site kind: 1
* Number of site-pair kinds with Tij=0: 0
* Automatically set Site pair kinds:
  Site 1: [ 0, 4, 1, -5, -1, -2 ]
  Site 2: [ 4, 0, 1, -4, -3, -1 ]
  Site 3: [ 1, 1, 0, -2, -4, -5 ]
  Site 4: [ -5, -4, -2, 0, 1, 1 ]
  Site 5: [ -1, -3, -4, 1, 0, 4 ]
  Site 6: [ -2, -1, -5, 1, 4, 0 ]
  For site 1 of kind 1:
  +--------+
  |   -1   |
  | 0    -5|
  | 1    -2|
  |    4   |
  +--------+
* Maximum (unsigned) Site pair kind: 5
General system setup:
* Number of sites       : 6
* Number of electrons   : 6
* Spin imbalance MS2    : 0
* Filling               : 0.500000
* Number of orbitals in pool: 6
* Using real-valued orbitals
* Using double-precision arithmetic for orbitals

Trial wave function setup:
* Jastrow parameter file: "wfn.casl"
* Multideterminant parameter file: "wfn.casl"
* Backflow parameter file: "wfn.casl"
* Not using wave function manipulation

VMC #1:
* Size of Hilbert space =   4.0000E+02
* Deterministic energy evaluation:
  > Deterministic Etot/t = -230.6989176177865
    - Ttot/t = -10.35797953392282
    - Utot/t = 3.901553770284145
* Number of equil. steps   = 1000
* Running VMC equilibration.
  Done. [total walltime: 0.07s]
* Equil. acc.ratio (%)     =  32.1357
* Sample config after equilibration:
  +-----+
  |  u  |
  |d   d|
  |u   u|
  |  d  |
  +-----+
* Number of accum. steps   = 500480 x 10
* Running VMC accumulation.
  Done. [total walltime: 7.14s]
* Acceptance ratio (%)     =  31.9599
* Etot/t                   =  -2.306989624478E+02 +/-   4.405400664755E-05
  > Ttot/t                 =  -1.035744917456E+01 +/-   2.927623122283E-04
  > Utot/t                 =   3.900978581077E+00 +/-   2.834270599301E-04
* var[Eloc/t]              =   1.004617122437E-03 +/-   6.480445462291E-06
* Correlation length       =   9.668452705005E-01
* log10 Psi^2 range: -7.432580055864229 -- -3.708567440657656
* log10 Pgen range : -7.432580055864229 -- -3.708567440657656
* Site occupation (ave. no. electrons per config.):
  > Site_  ___eu____  ___ed____
      1        0.504      0.496
      2        0.499      0.500
      3        0.497      0.502
      4        0.499      0.503
      5        0.500      0.499
      6        0.501      0.499
* Pair-correlation analysis (ave. no. pairs per config.):
  > Shell  nsite  ___dh____  __eueu___  __eued___
      0      1        0          0          1.003
      1      4        1.001      1.544      3.521
      2      4        0.138      0.853      1.103
      3      4        0.070      0.424      0.552
      4      4        0.229      2.120      1.878
      5      4        0.113      1.060      0.943

Optimization #1:
* Method          : lls
* Target function : energy
* No. of configs. : 100096
* No. of params.  : 39
* Before optimization:
  -7.2212E-01   3.8084E-01  -4.8504E-02  -3.6362E-02   6.9593E-02   6.4421E-02
  -2.5732E-01  -2.1424E-01   2.5968E-02   6.1340E-03   3.1045E-02  -1.1042E-02
  -1.9153E-04  -8.8106E-03  -1.8209E-02  -2.9791E-02   1.9339E-02  -4.7531E-02
   7.3203E-01   1.0145E-01   1.6550E-02   2.4805E-02  -9.0813E-02  -9.0988E-02
   2.2344E-02  -5.3465E-02  -5.3093E-02  -7.0180E-03  -9.8171E-03   2.8397E-01
   1.3790E-01   1.4099E-01  -1.9113E-02  -1.4731E-02   1.0901E-01   6.4372E-02
   6.2536E-02   9.5354E-02   9.2900E-02
  > E    =  -2.306988307524E+02 +/-   1.000035896681E-04
  > varE =   1.001031863572E-03
* Computing derivatives.
  Done. [total walltime: 35.7s]
* Optimizing manipulation constant:
  #igrid a___________ E____________________________________ varE____________
     1     Infinity    -2.30698831E+02 +/-   1.00003590E-04   1.00103186E-03
     2     1.0000E+06  -2.30698831E+02 +/-   1.00003488E-04   1.00102983E-03
     3     2.1544E+05  -2.30698831E+02 +/-   1.00003119E-04   1.00102244E-03
     4     4.6416E+04  -2.30698831E+02 +/-   1.00001405E-04   1.00098813E-03
     5     1.0000E+04  -2.30698831E+02 +/-   9.99934498E-05   1.00082887E-03
     6     2.1544E+03  -2.30698832E+02 +/-   9.99565431E-05   1.00009022E-03
     7     4.6416E+02  -2.30698835E+02 +/-   9.97856196E-05   9.96672876E-04
     8     1.0000E+02  -2.30698852E+02 +/-   9.90003916E-05   9.81048657E-04
     9     2.1544E+01  -2.30698925E+02 +/-   9.55216121E-05   9.13313779E-04
    10     4.6416E+00  -2.30699205E+02 +/-   8.22607154E-05   6.77332145E-04
    11     1.0000E+00  -2.30699789E+02 +/-   5.12161123E-05   2.62560833E-04
    12     2.1544E-01  -2.30700167E+02 +/-   2.48766262E-05   6.19440626E-05
    13     4.6416E-02  -2.30700216E+02 +/-   2.42730387E-05   5.89746023E-05
    14     1.0000E-02  -2.30700206E+02 +/-   2.67548893E-05   7.16511291E-05
    15     2.1544E-03  -2.30700202E+02 +/-   2.74817660E-05   7.55972503E-05
    16     4.6416E-04  -2.30700201E+02 +/-   2.76480892E-05   7.65150675E-05
    17     1.0000E-04  -2.30700201E+02 +/-   2.76843823E-05   7.67160791E-05
    18     2.1544E-05  -2.30700201E+02 +/-   2.76922228E-05   7.67595390E-05
    19     4.6416E-06  -2.30700201E+02 +/-   2.76939130E-05   7.67689093E-05
    20     1.0000E-06  -2.30700201E+02 +/-   2.76942772E-05   7.67709284E-05
    21     0.0000E+00  -2.30700201E+02 +/-   2.76943772E-05   7.67714829E-05
  ParMin   3.1567E-02  -2.30700214E+02 +/-   2.51176086E-05   6.31499919E-05
  # Using grid point #13
* Iteration # 1: E =  -2.307002157919E+02 +/-   2.427303874319E-05
* Computing derivatives.
  Done. [total walltime: 35.7s]
* Optimizing manipulation constant:
  #igrid a___________ E____________________________________ varE____________
     1     Infinity    -2.30700216E+02 +/-   2.42730387E-05   5.89746023E-05
     2     1.0000E+06  -2.30700216E+02 +/-   2.42730144E-05   5.89744842E-05
     3     2.1544E+05  -2.30700216E+02 +/-   2.42729259E-05   5.89740542E-05
     4     4.6416E+04  -2.30700216E+02 +/-   2.42725152E-05   5.89720584E-05
     5     1.0000E+04  -2.30700216E+02 +/-   2.42706090E-05   5.89627962E-05
     6     2.1544E+03  -2.30700216E+02 +/-   2.42617674E-05   5.89198446E-05
     7     4.6416E+02  -2.30700216E+02 +/-   2.42208593E-05   5.87213210E-05
     8     1.0000E+02  -2.30700217E+02 +/-   2.40337468E-05   5.78175501E-05
     9     2.1544E+01  -2.30700221E+02 +/-   2.32197444E-05   5.39674120E-05
    10     4.6416E+00  -2.30700235E+02 +/-   2.03004988E-05   4.12505878E-05
    11     1.0000E+00  -2.30700249E+02 +/-   1.55404475E-05   2.41737355E-05
    12     2.1544E-01  -2.30700227E+02 +/-   1.89328536E-05   3.58797061E-05
    13     4.6416E-02  -2.30700198E+02 +/-   2.47887957E-05   6.15074299E-05
    14     1.0000E-02  -2.30700182E+02 +/-   2.81686005E-05   7.94231784E-05
    15     2.1544E-03  -2.30700177E+02 +/-   2.92721886E-05   8.57683614E-05
    16     4.6416E-04  -2.30700176E+02 +/-   2.95383869E-05   8.73353919E-05
    17     1.0000E-04  -2.30700175E+02 +/-   2.95972356E-05   8.76837310E-05
    18     2.1544E-05  -2.30700175E+02 +/-   2.96099857E-05   8.77592932E-05
    19     4.6416E-06  -2.30700175E+02 +/-   2.96127359E-05   8.77755966E-05
    20     1.0000E-06  -2.30700175E+02 +/-   2.96133286E-05   8.77791102E-05
    21     0.0000E+00  -2.30700175E+02 +/-   2.96134914E-05   8.77800752E-05
* Iteration # 2: E =  -2.307002485827E+02 +/-   1.554044753280E-05
* Diminishing returns: exiting.
* After optimization:
  -6.9649E-01   3.4187E-01  -5.3880E-02  -4.8055E-02   2.1467E-02   2.0075E-02
  -1.9279E-01  -1.7194E-01   1.1611E-02   4.2095E-02   3.2624E-02   1.4703E-02
   1.4921E-02  -1.7491E-02  -2.9066E-02  -3.0069E-02   2.1170E-02  -1.7642E-02
   7.4355E-01   9.7201E-02   1.8451E-02   2.2735E-02  -3.5318E-02  -3.5302E-02
   6.2657E-02   1.4355E-02   1.6815E-02  -2.8845E-03  -5.8231E-03   2.3649E-01
   1.1244E-01   1.1486E-01   4.3176E-02   4.7194E-02   1.6233E-01   1.0717E-01
   1.0801E-01   6.8743E-02   6.9172E-02
  > Energy =  -2.307002485827E+02 +/-   1.554044753280E-05
  > varE =   2.417373548089E-05

VMC #2:
* Size of Hilbert space =   4.0000E+02
* Deterministic energy evaluation:
  > Deterministic Etot/t = -230.7002489961300
    - Ttot/t = -10.36363260685263
    - Utot/t = 3.905875464870440
* Number of equil. steps   = 1000
* Running VMC equilibration.
  Done. [total walltime: 0.06s]
* Equil. acc.ratio (%)     =  38.6283
* Sample config after equilibration:
  +-----+
  |  u  |
  |d   2|
  |u   0|
  |  d  |
  +-----+
* Number of accum. steps   = 500480 x 10
* Running VMC accumulation.
  Done. [total walltime: 7.08s]
* Acceptance ratio (%)     =  38.6116
* Etot/t                   =  -2.307002455332E+02 +/-   6.896910025758E-06
  > Ttot/t                 =  -1.036426014274E+01 +/-   2.911180793899E-04
  > Utot/t                 =   3.906506463589E+00 +/-   2.915998750730E-04
* var[Eloc/t]              =   2.430959744972E-05 +/-   7.026632359746E-08
* Correlation length       =   9.793052450799E-01
* log10 Psi^2 range: -7.904093795530988 -- -3.718150983937912
* log10 Pgen range : -7.904093795530988 -- -3.718150983937912
* Site occupation (ave. no. electrons per config.):
  > Site_  ___eu____  ___ed____
      1        0.502      0.497
      2        0.502      0.500
      3        0.498      0.503
      4        0.501      0.497
      5        0.498      0.505
      6        0.499      0.499
* Pair-correlation analysis (ave. no. pairs per config.):
  > Shell  nsite  ___dh____  __eueu___  __eued___
      0      1        0          0          1.031
      1      4        1.059      1.486      3.519
      2      4        0.148      0.844      1.103
      3      4        0.076      0.424      0.554
      4      4        0.233      2.167      1.865
      5      4        0.118      1.079      0.927

Optimization #2:
* Method          : lls
* Target function : energy
* No. of configs. : 100096
* No. of params.  : 39
* Before optimization:
  -6.9649E-01   3.4187E-01  -5.3880E-02  -4.8055E-02   2.1467E-02   2.0075E-02
  -1.9279E-01  -1.7194E-01   1.1611E-02   4.2095E-02   3.2624E-02   1.4703E-02
   1.4921E-02  -1.7491E-02  -2.9066E-02  -3.0069E-02   2.1170E-02  -1.7642E-02
   7.4355E-01   9.7201E-02   1.8451E-02   2.2735E-02  -3.5318E-02  -3.5302E-02
   6.2657E-02   1.4355E-02   1.6815E-02  -2.8845E-03  -5.8231E-03   2.3649E-01
   1.1244E-01   1.1486E-01   4.3176E-02   4.7194E-02   1.6233E-01   1.0717E-01
   1.0801E-01   6.8743E-02   6.9172E-02
  > E    =  -2.307002694467E+02 +/-   1.557101853699E-05
  > varE =   2.426893766327E-05
* Computing derivatives.
  Done. [total walltime: 35.7s]
* Optimizing manipulation constant:
  #igrid a___________ E____________________________________ varE____________
     1     Infinity    -2.30700269E+02 +/-   1.55710185E-05   2.42689377E-05
     2     1.0000E+06  -2.30700269E+02 +/-   1.55710021E-05   2.42688863E-05
     3     2.1544E+05  -2.30700269E+02 +/-   1.55709420E-05   2.42686992E-05
     4     4.6416E+04  -2.30700269E+02 +/-   1.55706634E-05   2.42678308E-05
     5     1.0000E+04  -2.30700269E+02 +/-   1.55693705E-05   2.42638007E-05
     6     2.1544E+03  -2.30700269E+02 +/-   1.55633733E-05   2.42451117E-05
     7     4.6416E+02  -2.30700270E+02 +/-   1.55356226E-05   2.41587270E-05
     8     1.0000E+02  -2.30700270E+02 +/-   1.54086285E-05   2.37653761E-05
     9     2.1544E+01  -2.30700271E+02 +/-   1.48546200E-05   2.20871568E-05
    10     4.6416E+00  -2.30700274E+02 +/-   1.28280760E-05   1.64717512E-05
    11     1.0000E+00  -2.30700280E+02 +/-   8.48668211E-06   7.20929161E-06
    12     2.1544E-01  -2.30700278E+02 +/-   6.40407696E-06   4.10515734E-06
    13     4.6416E-02  -2.30700271E+02 +/-   7.47563993E-06   5.59388421E-06
    14     1.0000E-02  -2.30700268E+02 +/-   8.04128958E-06   6.47244139E-06
    15     2.1544E-03  -2.30700268E+02 +/-   8.18679935E-06   6.70880263E-06
    16     4.6416E-04  -2.30700267E+02 +/-   8.21936424E-06   6.76228041E-06
    17     1.0000E-04  -2.30700267E+02 +/-   8.22643787E-06   6.77392473E-06
    18     2.1544E-05  -2.30700267E+02 +/-   8.22796453E-06   6.77643917E-06
    19     4.6416E-06  -2.30700267E+02 +/-   8.22829357E-06   6.77698116E-06
    20     1.0000E-06  -2.30700267E+02 +/-   8.22836446E-06   6.77709794E-06
    21     0.0000E+00  -2.30700267E+02 +/-   8.22838393E-06   6.77713001E-06
  ParMin   2.9228E-01  -2.30700279E+02 +/-   6.38863259E-06   4.08538085E-06
  # Using parabolic minimum
* Iteration # 1: E =  -2.307002788397E+02 +/-   6.388632593352E-06
* Convergence: exiting.
* After optimization:
  -7.1790E-01   3.4415E-01  -7.2113E-02  -6.5647E-02   1.5657E-02   1.4338E-02
  -1.7794E-01  -1.6785E-01   3.0346E-02   4.4424E-02   6.3538E-02   4.6632E-03
   2.2315E-02  -2.6095E-02  -2.5387E-02  -2.6824E-02   1.5397E-02  -1.7206E-02
   7.3868E-01   9.5898E-02   2.3090E-03   8.5371E-03  -1.3946E-02  -1.4093E-02
   7.6241E-02   5.2790E-03   8.6160E-03   6.6686E-03   2.7381E-03   2.2967E-01
   8.2131E-02   8.5113E-02   5.8277E-02   6.3713E-02   1.7938E-01   8.2925E-02
   8.3811E-02   7.5786E-02   7.6065E-02
  > Energy =  -2.307002788397E+02 +/-   6.388632593352E-06
  > varE =   4.085380845420E-06

VMC #3:
* Size of Hilbert space =   4.0000E+02
* Deterministic energy evaluation:
  > Deterministic Etot/t = -230.7002741901605
    - Ttot/t = -10.36395867610167
    - Utot/t = 3.906176340089062
* Number of equil. steps   = 1000
* Running VMC equilibration.
  Done. [total walltime: 0.06s]
* Equil. acc.ratio (%)     =  40.4150
* Sample config after equilibration:
  +-----+
  |  d  |
  |2   u|
  |0   d|
  |  u  |
  +-----+
* Number of accum. steps   = 500480 x 10
* Running VMC accumulation.
  Done. [total walltime: 7.10s]
* Acceptance ratio (%)     =  40.4986
* Etot/t                   =  -2.307002744845E+02 +/-   2.885061112591E-06
  > Ttot/t                 =  -1.036391726133E+01 +/-   2.918573218166E-04
  > Utot/t                 =   3.906134630930E+00 +/-   2.932730563607E-04
* var[Eloc/t]              =   4.063878684412E-06 +/-   8.382262377389E-09
* Correlation length       =   1.025075907145E+00
* log10 Psi^2 range: -8.029969143615480 -- -3.864423615626635
* log10 Pgen range : -8.029969143615480 -- -3.864423615626635
* Site occupation (ave. no. electrons per config.):
  > Site_  ___eu____  ___ed____
      1        0.502      0.500
      2        0.502      0.499
      3        0.498      0.503
      4        0.500      0.500
      5        0.499      0.498
      6        0.499      0.499
* Pair-correlation analysis (ave. no. pairs per config.):
  > Shell  nsite  ___dh____  __eueu___  __eued___
      0      1        0          0          1.032
      1      4        1.064      1.474      3.529
      2      4        0.153      0.841      1.106
      3      4        0.075      0.418      0.555
      4      4        0.231      2.177      1.849
      5      4        0.115      1.089      0.929

Optimization #3:
* Method          : lls
* Target function : energy
* No. of configs. : 100096
* No. of params.  : 39
* Before optimization:
  -7.1790E-01   3.4415E-01  -7.2113E-02  -6.5647E-02   1.5657E-02   1.4338E-02
  -1.7794E-01  -1.6785E-01   3.0346E-02   4.4424E-02   6.3538E-02   4.6632E-03
   2.2315E-02  -2.6095E-02  -2.5387E-02  -2.6824E-02   1.5397E-02  -1.7206E-02
   7.3868E-01   9.5898E-02   2.3090E-03   8.5371E-03  -1.3946E-02  -1.4093E-02
   7.6241E-02   5.2790E-03   8.6160E-03   6.6686E-03   2.7381E-03   2.2967E-01
   8.2131E-02   8.5113E-02   5.8277E-02   6.3713E-02   1.7938E-01   8.2925E-02
   8.3811E-02   7.5786E-02   7.6065E-02
  > E    =  -2.307002753350E+02 +/-   6.387787791330E-06
  > varE =   4.084300454662E-06
* Computing derivatives.
  Done. [total walltime: 35.6s]
* Optimizing manipulation constant:
  #igrid a___________ E____________________________________ varE____________
     1     Infinity    -2.30700275E+02 +/-   6.38778779E-06   4.08430045E-06
     2     1.0000E+06  -2.30700275E+02 +/-   6.38778201E-06   4.08429306E-06
     3     2.1544E+05  -2.30700275E+02 +/-   6.38776096E-06   4.08426614E-06
     4     4.6416E+04  -2.30700275E+02 +/-   6.38766323E-06   4.08414117E-06
     5     1.0000E+04  -2.30700275E+02 +/-   6.38720968E-06   4.08356121E-06
     6     2.1544E+03  -2.30700275E+02 +/-   6.38510548E-06   4.08087107E-06
     7     4.6416E+02  -2.30700275E+02 +/-   6.37535959E-06   4.06842294E-06
     8     1.0000E+02  -2.30700275E+02 +/-   6.33057089E-06   4.01146008E-06
     9     2.1544E+01  -2.30700276E+02 +/-   6.13191786E-06   3.76365131E-06
    10     4.6416E+00  -2.30700277E+02 +/-   5.37706266E-06   2.89405591E-06
    11     1.0000E+00  -2.30700281E+02 +/-   3.85393791E-06   1.48670961E-06
    12     2.1544E-01  -2.30700283E+02 +/-   4.04179701E-06   1.63518057E-06
    13     4.6416E-02  -2.30700283E+02 +/-   4.98313343E-06   2.48554572E-06
    14     1.0000E-02  -2.30700282E+02 +/-   5.31201799E-06   2.82446239E-06
    15     2.1544E-03  -2.30700282E+02 +/-   5.39089295E-06   2.90896261E-06
    16     4.6416E-04  -2.30700282E+02 +/-   5.40828870E-06   2.92776662E-06
    17     1.0000E-04  -2.30700282E+02 +/-   5.41205552E-06   2.93184636E-06
    18     2.1544E-05  -2.30700282E+02 +/-   5.41286794E-06   2.93272665E-06
    19     4.6416E-06  -2.30700282E+02 +/-   5.41304301E-06   2.93291636E-06
    20     1.0000E-06  -2.30700282E+02 +/-   5.41308073E-06   2.93295724E-06
    21     0.0000E+00  -2.30700282E+02 +/-   5.41309109E-06   2.93296846E-06
* Iteration # 1: E =  -2.307002827640E+02 +/-   4.041797007665E-06
* Convergence: exiting.
* After optimization:
  -7.1390E-01   3.1757E-01  -6.3104E-02  -5.5746E-02   1.8864E-02   1.6945E-02
  -1.5791E-01  -1.6947E-01   2.6517E-02   3.7426E-02   6.6449E-02  -9.3608E-03
   2.6357E-02  -3.1153E-02  -2.8870E-02  -3.0276E-02   1.6433E-02  -6.8258E-03
   7.4529E-01   7.5647E-02  -3.0114E-03   4.7607E-03  -1.7358E-02  -1.7578E-02
   6.2471E-02   3.3195E-03   7.5781E-03   4.6322E-04  -4.7299E-03   2.0367E-01
   7.2771E-02   7.6289E-02   5.0761E-02   5.7866E-02   1.5830E-01   7.7920E-02
   7.9086E-02   6.5426E-02   6.5778E-02
  > Energy =  -2.307002827640E+02 +/-   4.041797007665E-06
  > varE =   1.635180572930E-06

VMC #4:
* Size of Hilbert space =   4.0000E+02
* Deterministic energy evaluation:
  > Deterministic Etot/t = -230.7002771458044
    - Ttot/t = -10.36326644234676
    - Utot/t = 3.905481150690176
* Number of equil. steps   = 1000
* Running VMC equilibration.
  Done. [total walltime: 0.06s]
* Equil. acc.ratio (%)     =  41.5349
* Sample config after equilibration:
  +-----+
  |  2  |
  |u   0|
  |0   d|
  |  2  |
  +-----+
* Number of accum. steps   = 500480 x 10
* Running VMC accumulation.
  Done. [total walltime: 7.09s]
* Acceptance ratio (%)     =  41.3927
* Etot/t                   =  -2.307002738241E+02 +/-   1.765729706157E-06
  > Ttot/t                 =  -1.036349716065E+01 +/-   2.921112550221E-04
  > Utot/t                 =   3.905715190839E+00 +/-   2.920475120090E-04
* var[Eloc/t]              =   1.611007916660E-06 +/-   9.781787863177E-09
* Correlation length       =   9.685844657466E-01
* log10 Psi^2 range: -7.818943618860476 -- -3.650536155485245
* log10 Pgen range : -7.818943618860476 -- -3.650536155485245
* Site occupation (ave. no. electrons per config.):
  > Site_  ___eu____  ___ed____
      1        0.500      0.498
      2        0.500      0.499
      3        0.498      0.503
      4        0.497      0.502
      5        0.502      0.499
      6        0.503      0.498
* Pair-correlation analysis (ave. no. pairs per config.):
  > Shell  nsite  ___dh____  __eueu___  __eued___
      0      1        0          0          1.032
      1      4        1.057      1.485      3.526
      2      4        0.151      0.842      1.105
      3      4        0.074      0.423      0.553
      4      4        0.235      2.166      1.856
      5      4        0.117      1.083      0.928

Optimization #4:
* Method          : lls
* Target function : energy
* No. of configs. : 100096
* No. of params.  : 39
* Before optimization:
  -7.1390E-01   3.1757E-01  -6.3104E-02  -5.5746E-02   1.8864E-02   1.6945E-02
  -1.5791E-01  -1.6947E-01   2.6517E-02   3.7426E-02   6.6449E-02  -9.3608E-03
   2.6357E-02  -3.1153E-02  -2.8870E-02  -3.0276E-02   1.6433E-02  -6.8258E-03
   7.4529E-01   7.5647E-02  -3.0114E-03   4.7607E-03  -1.7358E-02  -1.7578E-02
   6.2471E-02   3.3195E-03   7.5781E-03   4.6322E-04  -4.7299E-03   2.0367E-01
   7.2771E-02   7.6289E-02   5.0761E-02   5.7866E-02   1.5830E-01   7.7920E-02
   7.9086E-02   6.5426E-02   6.5778E-02
  > E    =  -2.307002758162E+02 +/-   4.035343360989E-06
  > varE =   1.629962867727E-06
* Computing derivatives.
  Done. [total walltime: 35.7s]
* Optimizing manipulation constant:
  #igrid a___________ E____________________________________ varE____________
     1     Infinity    -2.30700276E+02 +/-   4.03534336E-06   1.62996287E-06
     2     1.0000E+06  -2.30700276E+02 +/-   4.03534110E-06   1.62996104E-06
     3     2.1544E+05  -2.30700276E+02 +/-   4.03533285E-06   1.62995437E-06
     4     4.6416E+04  -2.30700276E+02 +/-   4.03529455E-06   1.62992344E-06
     5     1.0000E+04  -2.30700276E+02 +/-   4.03511684E-06   1.62977988E-06
     6     2.1544E+03  -2.30700276E+02 +/-   4.03429242E-06   1.62911399E-06
     7     4.6416E+02  -2.30700276E+02 +/-   4.03047540E-06   1.62603269E-06
     8     1.0000E+02  -2.30700276E+02 +/-   4.01296229E-06   1.61193260E-06
     9     2.1544E+01  -2.30700276E+02 +/-   3.93582623E-06   1.55055992E-06
    10     4.6416E+00  -2.30700276E+02 +/-   3.64870499E-06   1.33258287E-06
    11     1.0000E+00  -2.30700277E+02 +/-   3.02610812E-06   9.16612140E-07
    12     2.1544E-01  -2.30700278E+02 +/-   2.57926573E-06   6.65899820E-07
    13     4.6416E-02  -2.30700278E+02 +/-   2.49362142E-06   6.22411720E-07
    14     1.0000E-02  -2.30700278E+02 +/-   2.48647151E-06   6.18847579E-07
    15     2.1544E-03  -2.30700278E+02 +/-   2.48591563E-06   6.18570912E-07
    16     4.6416E-04  -2.30700278E+02 +/-   2.48584907E-06   6.18537788E-07
    17     1.0000E-04  -2.30700278E+02 +/-   2.48583729E-06   6.18531923E-07
    18     2.1544E-05  -2.30700278E+02 +/-   2.48583487E-06   6.18530719E-07
    19     4.6416E-06  -2.30700278E+02 +/-   2.48583435E-06   6.18530462E-07
    20     1.0000E-06  -2.30700278E+02 +/-   2.48583424E-06   6.18530407E-07
    21     0.0000E+00  -2.30700278E+02 +/-   2.48583421E-06   6.18530392E-07
* Iteration # 1: E =  -2.307002781577E+02 +/-   2.485834210676E-06
* Convergence: exiting.
* After optimization:
  -7.1325E-01   3.1969E-01  -7.0452E-02  -6.2892E-02   1.6303E-02   1.3427E-02
  -1.5594E-01  -1.6647E-01   3.4004E-02   3.7320E-02   7.5354E-02  -1.1154E-02
   2.6533E-02  -3.2748E-02  -2.8551E-02  -2.9680E-02   1.5399E-02  -7.1598E-03
   7.4576E-01   7.4205E-02  -6.9431E-03   1.4432E-03  -1.5416E-02  -1.5611E-02
   6.2387E-02   2.6077E-04   4.6208E-03   1.4328E-03  -4.3783E-03   2.0006E-01
   5.9866E-02   6.3375E-02   4.6820E-02   5.4977E-02   1.5843E-01   6.5607E-02
   6.6250E-02   6.0940E-02   6.1391E-02
  > Energy =  -2.307002781577E+02 +/-   2.485834210676E-06
  > varE =   6.185303919820E-07

VMC #5:
* Size of Hilbert space =   4.0000E+02
* Deterministic energy evaluation:
  > Deterministic Etot/t = -230.7002783844983
    - Ttot/t = -10.36329097921845
    - Utot/t = 3.905504448868056
* Number of equil. steps   = 1000
* Running VMC equilibration.
  Done. [total walltime: 0.06s]
* Equil. acc.ratio (%)     =  41.6043
* Sample config after equilibration:
  +-----+
  |  u  |
  |2   d|
  |d   u|
  |  0  |
  +-----+
* Number of accum. steps   = 500480 x 10
* Running VMC accumulation.
  Done. [total walltime: 7.11s]
* Acceptance ratio (%)     =  41.6900
* Etot/t                   =  -2.307002759404E+02 +/-   1.145239642329E-06
  > Ttot/t                 =  -1.036335132898E+01 +/-   2.910550743796E-04
  > Utot/t                 =   3.905567242576E+00 +/-   2.912342044739E-04
* var[Eloc/t]              =   6.365126323479E-07 +/-   8.337091081775E-09
* Correlation length       =   1.031270144948E+00
* log10 Psi^2 range: -7.821088973394012 -- -3.648418205812162
* log10 Pgen range : -7.821088973394012 -- -3.648418205812162
* Site occupation (ave. no. electrons per config.):
  > Site_  ___eu____  ___ed____
      1        0.498      0.501
      2        0.500      0.499
      3        0.501      0.500
      4        0.499      0.501
      5        0.500      0.499
      6        0.501      0.500
* Pair-correlation analysis (ave. no. pairs per config.):
  > Shell  nsite  ___dh____  __eueu___  __eued___
      0      1        0          0          1.033
      1      4        1.064      1.477      3.524
      2      4        0.152      0.841      1.105
      3      4        0.077      0.419      0.551
      4      4        0.230      2.174      1.857
      5      4        0.114      1.089      0.931

Optimization #5:
* Method          : lls
* Target function : energy
* No. of configs. : 100096
* No. of params.  : 39
* Before optimization:
  -7.1325E-01   3.1969E-01  -7.0452E-02  -6.2892E-02   1.6303E-02   1.3427E-02
  -1.5594E-01  -1.6647E-01   3.4004E-02   3.7320E-02   7.5354E-02  -1.1154E-02
   2.6533E-02  -3.2748E-02  -2.8551E-02  -2.9680E-02   1.5399E-02  -7.1598E-03
   7.4576E-01   7.4205E-02  -6.9431E-03   1.4432E-03  -1.5416E-02  -1.5611E-02
   6.2387E-02   2.6077E-04   4.6208E-03   1.4328E-03  -4.3783E-03   2.0006E-01
   5.9866E-02   6.3375E-02   4.6820E-02   5.4977E-02   1.5843E-01   6.5607E-02
   6.6250E-02   6.0940E-02   6.1391E-02
  > E    =  -2.307002760526E+02 +/-   2.564850908481E-06
  > varE =   6.584775504513E-07
* Computing derivatives.
  Done. [total walltime: 35.7s]
* Optimizing manipulation constant:
  #igrid a___________ E____________________________________ varE____________
     1     Infinity    -2.30700276E+02 +/-   2.56485091E-06   6.58477550E-07
     2     1.0000E+06  -2.30700276E+02 +/-   2.56485067E-06   6.58477426E-07
     3     2.1544E+05  -2.30700276E+02 +/-   2.56484978E-06   6.58476971E-07
     4     4.6416E+04  -2.30700276E+02 +/-   2.56484567E-06   6.58474861E-07
     5     1.0000E+04  -2.30700276E+02 +/-   2.56482660E-06   6.58465070E-07
     6     2.1544E+03  -2.30700276E+02 +/-   2.56473823E-06   6.58419694E-07
     7     4.6416E+02  -2.30700276E+02 +/-   2.56433088E-06   6.58210563E-07
     8     1.0000E+02  -2.30700276E+02 +/-   2.56249998E-06   6.57270992E-07
     9     2.1544E+01  -2.30700276E+02 +/-   2.55514792E-06   6.53504854E-07
    10     4.6416E+00  -2.30700276E+02 +/-   2.53711480E-06   6.44313098E-07
    11     1.0000E+00  -2.30700275E+02 +/-   2.55344761E-06   6.52635396E-07
    12     2.1544E-01  -2.30700275E+02 +/-   2.64692087E-06   7.01291604E-07
    13     4.6416E-02  -2.30700275E+02 +/-   3.26293166E-06   1.06569439E-06
    14     1.0000E-02  -2.30700274E+02 +/-   4.69501961E-06   2.20643706E-06
    15     2.1544E-03  -2.30700273E+02 +/-   5.43263346E-06   2.95418393E-06
    16     4.6416E-04  -2.30700273E+02 +/-   5.63427758E-06   3.17755591E-06
    17     1.0000E-04  -2.30700273E+02 +/-   5.68018850E-06   3.22955154E-06
    18     2.1544E-05  -2.30700273E+02 +/-   5.69020031E-06   3.24094628E-06
    19     4.6416E-06  -2.30700273E+02 +/-   5.69236295E-06   3.24341029E-06
    20     1.0000E-06  -2.30700273E+02 +/-   5.69282914E-06   3.24394156E-06
    21     0.0000E+00  -2.30700273E+02 +/-   5.69295718E-06   3.24408748E-06
* Iteration # 1: E =  -2.307002760618E+02 +/-   2.555147924133E-06
* Convergence: exiting.
* After optimization:
  -7.1306E-01   3.1934E-01  -7.0478E-02  -6.2884E-02   1.6272E-02   1.3389E-02
  -1.5554E-01  -1.6634E-01   3.4055E-02   3.7353E-02   7.5382E-02  -1.1134E-02
   2.6514E-02  -3.2741E-02  -2.8501E-02  -2.9669E-02   1.5371E-02  -7.0356E-03
   7.4583E-01   7.4087E-02  -7.2594E-03   1.1602E-03  -1.5481E-02  -1.5676E-02
   6.2386E-02  -4.5274E-06   4.3527E-03   1.2764E-03  -4.5406E-03   1.9988E-01
   5.9456E-02   6.2962E-02   4.6707E-02   5.4869E-02   1.5847E-01   6.5256E-02
   6.5844E-02   6.0758E-02   6.1213E-02
  > Energy =  -2.307002760618E+02 +/-   2.555147924133E-06
  > varE =   6.535048543877E-07

VMC #6:
* Size of Hilbert space =   4.0000E+02
* Deterministic energy evaluation:
  > Deterministic Etot/t = -230.7002783883269
    - Ttot/t = -10.36328916830648
    - Utot/t = 3.905502634127458
* Number of equil. steps   = 1000
* Running VMC equilibration.
  Done. [total walltime: 0.06s]
* Equil. acc.ratio (%)     =  41.6372
* Sample config after equilibration:
  +-----+
  |  d  |
  |u   d|
  |d   u|
  |  u  |
  +-----+
* Number of accum. steps   = 500480 x 10
* Running VMC accumulation.
  Done. [total walltime: 7.09s]
* Acceptance ratio (%)     =  41.7312
* Etot/t                   =  -2.307002772834E+02 +/-   1.112309562602E-06
  > Ttot/t                 =  -1.036370426674E+01 +/-   2.933457231575E-04
  > Utot/t                 =   3.905918837535E+00 +/-   2.935233056392E-04
* var[Eloc/t]              =   6.126812156839E-07 +/-   5.999209254558E-09
* Correlation length       =   1.010656336945E+00
* log10 Psi^2 range: -7.189392164640529 -- -3.648205010430547
* log10 Pgen range : -7.189392164640529 -- -3.648205010430547
* Site occupation (ave. no. electrons per config.):
  > Site_  ___eu____  ___ed____
      1        0.499      0.496
      2        0.503      0.497
      3        0.499      0.504
      4        0.502      0.499
      5        0.499      0.502
      6        0.498      0.502
* Pair-correlation analysis (ave. no. pairs per config.):
  > Shell  nsite  ___dh____  __eueu___  __eued___
      0      1        0          0          1.033
      1      4        1.064      1.476      3.527
      2      4        0.152      0.839      1.108
      3      4        0.076      0.423      0.552
      4      4        0.231      2.174      1.857
      5      4        0.116      1.089      0.924

Optimization #6:
* Method          : lls
* Target function : energy
* No. of configs. : 100096
* No. of params.  : 39
* Before optimization:
  -7.1306E-01   3.1934E-01  -7.0478E-02  -6.2884E-02   1.6272E-02   1.3389E-02
  -1.5554E-01  -1.6634E-01   3.4055E-02   3.7353E-02   7.5382E-02  -1.1134E-02
   2.6514E-02  -3.2741E-02  -2.8501E-02  -2.9669E-02   1.5371E-02  -7.0356E-03
   7.4583E-01   7.4087E-02  -7.2594E-03   1.1602E-03  -1.5481E-02  -1.5676E-02
   6.2386E-02  -4.5274E-06   4.3527E-03   1.2764E-03  -4.5406E-03   1.9988E-01
   5.9456E-02   6.2962E-02   4.6707E-02   5.4869E-02   1.5847E-01   6.5256E-02
   6.5844E-02   6.0758E-02   6.1213E-02
  > E    =  -2.307002788118E+02 +/-   2.470766663547E-06
  > varE =   6.110548406086E-07
* Computing derivatives.
  Done. [total walltime: 35.8s]
* Optimizing manipulation constant:
  #igrid a___________ E____________________________________ varE____________
     1     Infinity    -2.30700279E+02 +/-   2.47076666E-06   6.11054841E-07
     2     1.0000E+06  -2.30700279E+02 +/-   2.47076644E-06   6.11054729E-07
     3     2.1544E+05  -2.30700279E+02 +/-   2.47076561E-06   6.11054320E-07
     4     4.6416E+04  -2.30700279E+02 +/-   2.47076173E-06   6.11052398E-07
     5     1.0000E+04  -2.30700279E+02 +/-   2.47074262E-06   6.11042950E-07
     6     2.1544E+03  -2.30700279E+02 +/-   2.47062990E-06   6.10987197E-07
     7     4.6416E+02  -2.30700279E+02 +/-   2.46947607E-06   6.10416644E-07
     8     1.0000E+02  -2.30700279E+02 +/-   2.44498587E-06   5.98369476E-07
     9     2.1544E+01  -2.30700179E+02 +/-   3.35360935E-05   1.12574925E-04
    10     4.6416E+00  -2.29265589E+02 +/-   1.88797809E-03   3.56788314E-01
    11     1.0000E+00  -2.29265228E+02 +/-   1.88864464E-03   3.57040289E-01
    12     2.1544E-01  -2.29266077E+02 +/-   1.88924061E-03   3.57265655E-01
    13     4.6416E-02  -2.29270827E+02 +/-   1.88739385E-03   3.56567532E-01
    14     1.0000E-02  -2.29280956E+02 +/-   5.49971942E-04   3.02759507E-02
    15     2.1544E-03  -2.29282389E+02 +/-   5.48267446E-04   3.00885766E-02
    16     4.6416E-04  -2.29282731E+02 +/-   5.47854758E-04   3.00432975E-02
    17     1.0000E-04  -2.29282806E+02 +/-   5.47763472E-04   3.00332865E-02
    18     2.1544E-05  -2.29282822E+02 +/-   5.47743692E-04   3.00311175E-02
    19     4.6416E-06  -2.29282826E+02 +/-   5.47739425E-04   3.00306496E-02
    20     1.0000E-06  -2.29282826E+02 +/-   5.47738506E-04   3.00305488E-02
    21     0.0000E+00  -2.29282827E+02 +/-   5.47738253E-04   3.00305211E-02
  ParMin   2.1479E+02  -2.30700279E+02 +/-   2.46516667E-06   6.08288067E-07
  # Using grid point #8
* Iteration # 1: E =  -2.307002791347E+02 +/-   2.444985872937E-06
* Convergence: exiting.
* After optimization:
  -7.3508E-01   3.1918E-01  -7.0437E-02  -6.2843E-02   1.6273E-02   1.3383E-02
  -1.5535E-01  -1.6632E-01   3.4036E-02   3.7349E-02   7.5400E-02  -1.1173E-02
   2.6535E-02  -3.2774E-02  -2.8512E-02  -2.9666E-02   1.5366E-02  -6.9732E-03
   7.5409E-01   7.4796E-02  -7.4157E-03   1.0961E-03  -1.5701E-02  -1.5899E-02
   6.3025E-02  -6.9153E-05   4.3401E-03   1.2189E-03  -4.6731E-03   1.9974E-01
   5.9381E-02   6.2891E-02   4.6649E-02   5.4825E-02   1.5841E-01   6.5186E-02
   6.5788E-02   6.0682E-02   6.1136E-02
  > Energy =  -2.307002791347E+02 +/-   2.444985872937E-06
  > varE =   5.983694756543E-07

VMC #7:
* Size of Hilbert space =   4.0000E+02
* Deterministic energy evaluation:
  > Deterministic Etot/t = -230.7002784059693
    - Ttot/t = -10.36325140683890
    - Utot/t = 3.905464855017454
* Number of equil. steps   = 1000
* Running VMC equilibration.
  Done. [total walltime: 0.06s]
* Equil. acc.ratio (%)     =  42.2733
* Sample config after equilibration:
  +-----+
  |  2  |
  |2   0|
  |u   d|
  |  0  |
  +-----+
* Number of accum. steps   = 500480 x 10
* Running VMC accumulation.
  Done. [total walltime: 7.07s]
* Acceptance ratio (%)     =  42.2780
* Etot/t                   =  -2.307002774621E+02 +/-   1.104744982677E-06
  > Ttot/t                 =  -1.036296517935E+01 +/-   2.910564929022E-04
  > Utot/t                 =   3.905179571318E+00 +/-   2.911271554143E-04
* var[Eloc/t]              =   6.179248880051E-07 +/-   5.117237257858E-09
* Correlation length       =   9.884964527904E-01
* log10 Psi^2 range: -7.820635528715638 -- -3.647385961740859
* log10 Pgen range : -7.820635528715638 -- -3.647385961740859
* Site occupation (ave. no. electrons per config.):
  > Site_  ___eu____  ___ed____
      1        0.500      0.499
      2        0.499      0.498
      3        0.499      0.502
      4        0.501      0.501
      5        0.499      0.501
      6        0.502      0.499
* Pair-correlation analysis (ave. no. pairs per config.):
  > Shell  nsite  ___dh____  __eueu___  __eued___
      0      1        0          0          1.027
      1      4        1.055      1.475      3.538
      2      4        0.150      0.837      1.114
      3      4        0.075      0.419      0.552
      4      4        0.232      2.176      1.847
      5      4        0.117      1.092      0.922

Optimization #7:
* Method          : lls
* Target function : energy
* No. of configs. : 100096
* No. of params.  : 39
* Before optimization:
  -7.3508E-01   3.1918E-01  -7.0437E-02  -6.2843E-02   1.6273E-02   1.3383E-02
  -1.5535E-01  -1.6632E-01   3.4036E-02   3.7349E-02   7.5400E-02  -1.1173E-02
   2.6535E-02  -3.2774E-02  -2.8512E-02  -2.9666E-02   1.5366E-02  -6.9732E-03
   7.5409E-01   7.4796E-02  -7.4157E-03   1.0961E-03  -1.5701E-02  -1.5899E-02
   6.3025E-02  -6.9153E-05   4.3401E-03   1.2189E-03  -4.6731E-03   1.9974E-01
   5.9381E-02   6.2891E-02   4.6649E-02   5.4825E-02   1.5841E-01   6.5186E-02
   6.5788E-02   6.0682E-02   6.1136E-02
  > E    =  -2.307002801716E+02 +/-   2.478582921439E-06
  > varE =   6.149270936813E-07
* Computing derivatives.
  Done. [total walltime: 35.7s]
* Optimizing manipulation constant:
  #igrid a___________ E____________________________________ varE____________
     1     Infinity    -2.30700280E+02 +/-   2.47858292E-06   6.14927094E-07
     2     1.0000E+06  -2.30700280E+02 +/-   2.47858277E-06   6.14927019E-07
     3     2.1544E+05  -2.30700280E+02 +/-   2.47858223E-06   6.14926749E-07
     4     4.6416E+04  -2.30700280E+02 +/-   2.47857966E-06   6.14925477E-07
     5     1.0000E+04  -2.30700280E+02 +/-   2.47856717E-06   6.14919279E-07
     6     2.1544E+03  -2.30700280E+02 +/-   2.47849624E-06   6.14884086E-07
     7     4.6416E+02  -2.30700280E+02 +/-   2.47789381E-06   6.14585210E-07
     8     1.0000E+02  -2.30700280E+02 +/-   2.47190418E-06   6.11617619E-07
     9     2.1544E+01  -2.30700278E+02 +/-   3.49990024E-06   1.22610610E-06
    10     4.6416E+00  -2.30699760E+02 +/-   6.17413653E-05   3.81565570E-04
    11     1.0000E+00  -2.30500041E+02 +/-   1.17120876E-03   1.37304683E-01
    12     2.1544E-01  -2.29245768E+02 +/-   1.84840165E-03   3.41986858E-01
    13     4.6416E-02  -2.29258507E+02 +/-   1.83505567E-03   3.37066204E-01
    14     1.0000E-02  -2.29259453E+02 +/-   1.83379346E-03   3.36602675E-01
    15     2.1544E-03  -2.29259290E+02 +/-   5.80351502E-04   3.37131202E-02
    16     4.6416E-04  -2.29200542E+02 +/-   8.17409483E-04   6.68799695E-02
    17     1.0000E-04  -2.28960624E+02 +/-   1.29262437E-03   1.67248182E-01
    18     2.1544E-05  -2.28882187E+02 +/-   1.33784845E-03   1.79155671E-01
    19     4.6416E-06  -2.28865125E+02 +/-   1.34207516E-03   1.80289487E-01
    20     1.0000E-06  -2.28861458E+02 +/-   1.34271893E-03   1.80462489E-01
    21     0.0000E+00  -2.28860452E+02 +/-   1.34287909E-03   1.80505544E-01
* Iteration # 1: E =  -2.307002801715E+02 +/-   2.478496244352E-06
* Convergence: exiting.
* After optimization:
  -7.3581E-01   3.1917E-01  -7.0435E-02  -6.2841E-02   1.6273E-02   1.3383E-02
  -1.5535E-01  -1.6632E-01   3.4035E-02   3.7348E-02   7.5400E-02  -1.1175E-02
   2.6536E-02  -3.2776E-02  -2.8513E-02  -2.9665E-02   1.5366E-02  -6.9702E-03
   7.5437E-01   7.4818E-02  -7.4216E-03   1.0932E-03  -1.5709E-02  -1.5907E-02
   6.3045E-02  -7.1906E-05   4.3391E-03   1.2164E-03  -4.6783E-03   1.9973E-01
   5.9377E-02   6.2887E-02   4.6647E-02   5.4824E-02   1.5841E-01   6.5183E-02
   6.5785E-02   6.0679E-02   6.1133E-02
  > Energy =  -2.307002801715E+02 +/-   2.478496244352E-06
  > varE =   6.148840859156E-07

VMC #8:
* Size of Hilbert space =   4.0000E+02
* Deterministic energy evaluation:
  > Deterministic Etot/t = -230.7002784060121
    - Ttot/t = -10.36325135399646
    - Utot/t = 3.905464802132232
* Number of equil. steps   = 1000
* Running VMC equilibration.
  Done. [total walltime: 0.06s]
* Equil. acc.ratio (%)     =  42.3246
* Sample config after equilibration:
  +-----+
  |  2  |
  |0   d|
  |u   d|
  |  u  |
  +-----+
* Number of accum. steps   = 500480 x 10
* Running VMC accumulation.
  Done. [total walltime: 7.11s]
* Acceptance ratio (%)     =  42.3367
* Etot/t                   =  -2.307002795660E+02 +/-   1.127613832215E-06
  > Ttot/t                 =  -1.036307383942E+01 +/-   2.857023290067E-04
  > Utot/t                 =   3.905286127821E+00 +/-   2.858015055493E-04
* var[Eloc/t]              =   6.146913583393E-07 +/-   9.703673988041E-09
* Correlation length       =   1.035262322931E+00
* log10 Psi^2 range: -7.820602499728857 -- -3.647350378412985
* log10 Pgen range : -7.820602499728857 -- -3.647350378412985
* Site occupation (ave. no. electrons per config.):
  > Site_  ___eu____  ___ed____
      1        0.500      0.498
      2        0.500      0.500
      3        0.499      0.501
      4        0.500      0.498
      5        0.503      0.502
      6        0.499      0.501
* Pair-correlation analysis (ave. no. pairs per config.):
  > Shell  nsite  ___dh____  __eueu___  __eued___
      0      1        0          0          1.029
      1      4        1.057      1.480      3.529
      2      4        0.148      0.841      1.107
      3      4        0.075      0.423      0.557
      4      4        0.234      2.173      1.855
      5      4        0.118      1.082      0.923

Optimization #8:
* Method          : lls
* Target function : energy
* No. of configs. : 100096
* No. of params.  : 39
* Before optimization:
  -7.3581E-01   3.1917E-01  -7.0435E-02  -6.2841E-02   1.6273E-02   1.3383E-02
  -1.5535E-01  -1.6632E-01   3.4035E-02   3.7348E-02   7.5400E-02  -1.1175E-02
   2.6536E-02  -3.2776E-02  -2.8513E-02  -2.9665E-02   1.5366E-02  -6.9702E-03
   7.5437E-01   7.4818E-02  -7.4216E-03   1.0932E-03  -1.5709E-02  -1.5907E-02
   6.3045E-02  -7.1906E-05   4.3391E-03   1.2164E-03  -4.6783E-03   1.9973E-01
   5.9377E-02   6.2887E-02   4.6647E-02   5.4824E-02   1.5841E-01   6.5183E-02
   6.5785E-02   6.0679E-02   6.1133E-02
  > E    =  -2.307002806911E+02 +/-   2.510239204003E-06
  > varE =   6.307350110139E-07
* Computing derivatives.
  Done. [total walltime: 35.7s]
* Optimizing manipulation constant:
  #igrid a___________ E____________________________________ varE____________
     1     Infinity    -2.30700281E+02 +/-   2.51023920E-06   6.30735011E-07
     2     1.0000E+06  -2.30700281E+02 +/-   2.51023914E-06   6.30734978E-07
     3     2.1544E+05  -2.30700281E+02 +/-   2.51023889E-06   6.30734855E-07
     4     4.6416E+04  -2.30700281E+02 +/-   2.51023776E-06   6.30734284E-07
     5     1.0000E+04  -2.30700281E+02 +/-   2.51023230E-06   6.30731543E-07
     6     2.1544E+03  -2.30700281E+02 +/-   2.51020302E-06   6.30716826E-07
     7     4.6416E+02  -2.30700281E+02 +/-   2.50997104E-06   6.30600256E-07
     8     1.0000E+02  -2.30700281E+02 +/-   2.50615087E-06   6.28682174E-07
     9     2.1544E+01  -2.30700267E+02 +/-   9.82921356E-06   9.67061882E-06
    10     4.6416E+00  -2.30690964E+02 +/-   2.66583033E-04   7.11347374E-03
    11     1.0000E+00  -2.30660268E+02 +/-   5.47118636E-04   2.99626167E-02
    12     2.1544E-01  -2.30696876E+02 +/-   1.60431111E-04   2.57628501E-03
    13     4.6416E-02  -2.29253852E+02 +/-   1.88396347E-03   3.55272571E-01
    14     1.0000E-02  -2.29256218E+02 +/-   1.88382090E-03   3.55218801E-01
    15     2.1544E-03  -2.29256803E+02 +/-   1.88410597E-03   3.55326318E-01
    16     4.6416E-04  -2.29256940E+02 +/-   1.88418218E-03   3.55355061E-01
    17     1.0000E-04  -2.29256970E+02 +/-   1.88419927E-03   3.55361508E-01
    18     2.1544E-05  -2.29256976E+02 +/-   1.88420298E-03   3.55362908E-01
    19     4.6416E-06  -2.29256978E+02 +/-   1.88420378E-03   3.55363211E-01
    20     1.0000E-06  -2.29256978E+02 +/-   1.88420395E-03   3.55363276E-01
    21     0.0000E+00  -2.29256978E+02 +/-   1.88420400E-03   3.55363294E-01
  ParMin   2.1544E+02  -2.30700281E+02 +/-   2.50927833E-06   6.30252236E-07
  # Using grid point #8
* Iteration # 1: E =  -2.307002806796E+02 +/-   2.506150868389E-06
* Convergence: exiting.
* After optimization:
  -7.4774E-01   3.1910E-01  -7.0426E-02  -6.2833E-02   1.6277E-02   1.3386E-02
  -1.5525E-01  -1.6631E-01   3.4032E-02   3.7358E-02   7.5403E-02  -1.1169E-02
   2.6538E-02  -3.2781E-02  -2.8504E-02  -2.9651E-02   1.5360E-02  -6.9418E-03
   7.5883E-01   7.5229E-02  -7.5340E-03   1.0283E-03  -1.5801E-02  -1.6000E-02
   6.3420E-02  -1.2684E-04   4.3100E-03   1.1982E-03  -4.7327E-03   1.9972E-01
   5.9309E-02   6.2818E-02   4.6667E-02   5.4845E-02   1.5845E-01   6.5128E-02
   6.5734E-02   6.0677E-02   6.1130E-02
  > Energy =  -2.307002806796E+02 +/-   2.506150868389E-06
  > varE =   6.286821735616E-07

VMC #9:
* Size of Hilbert space =   4.0000E+02
* Deterministic energy evaluation:
  > Deterministic Etot/t = -230.7002784088511
    - Ttot/t = -10.36324077235883
    - Utot/t = 3.905454217655590
* Number of equil. steps   = 1000
* Running VMC equilibration.
  Done. [total walltime: 0.06s]
* Equil. acc.ratio (%)     =  42.7262
* Sample config after equilibration:
  +-----+
  |  u  |
  |d   d|
  |0   u|
  |  2  |
  +-----+
* Number of accum. steps   = 500480 x 10
* Running VMC accumulation.
  Done. [total walltime: 7.12s]
* Acceptance ratio (%)     =  42.6063
* Etot/t                   =  -2.307002784233E+02 +/-   1.089719921099E-06
  > Ttot/t                 =  -1.036282074607E+01 +/-   2.860602351727E-04
  > Utot/t                 =   3.905034176877E+00 +/-   2.861037004508E-04
* var[Eloc/t]              =   5.950888146728E-07 +/-   4.767240178746E-09
* Correlation length       =   9.986992420792E-01
* log10 Psi^2 range: -7.821019430154412 -- -3.647679211903545
* log10 Pgen range : -7.821019430154412 -- -3.647679211903545
* Site occupation (ave. no. electrons per config.):
  > Site_  ___eu____  ___ed____
      1        0.501      0.503
      2        0.499      0.500
      3        0.500      0.498
      4        0.501      0.500
      5        0.500      0.498
      6        0.499      0.500
* Pair-correlation analysis (ave. no. pairs per config.):
  > Shell  nsite  ___dh____  __eueu___  __eued___
      0      1        0          0          1.026
      1      4        1.051      1.478      3.536
      2      4        0.149      0.842      1.109
      3      4        0.075      0.419      0.553
      4      4        0.230      2.174      1.848
      5      4        0.115      1.088      0.927

Optimization #9:
* Method          : lls
* Target function : energy
* No. of configs. : 100096
* No. of params.  : 39
* Before optimization:
  -7.4774E-01   3.1910E-01  -7.0426E-02  -6.2833E-02   1.6277E-02   1.3386E-02
  -1.5525E-01  -1.6631E-01   3.4032E-02   3.7358E-02   7.5403E-02  -1.1169E-02
   2.6538E-02  -3.2781E-02  -2.8504E-02  -2.9651E-02   1.5360E-02  -6.9418E-03
   7.5883E-01   7.5229E-02  -7.5340E-03   1.0283E-03  -1.5801E-02  -1.6000E-02
   6.3420E-02  -1.2684E-04   4.3100E-03   1.1982E-03  -4.7327E-03   1.9972E-01
   5.9309E-02   6.2818E-02   4.6667E-02   5.4845E-02   1.5845E-01   6.5128E-02
   6.5734E-02   6.0677E-02   6.1130E-02
  > E    =  -2.307002793409E+02 +/-   2.473390318249E-06
  > varE =   6.123532619688E-07
* Computing derivatives.
  Done. [total walltime: 35.8s]
* Optimizing manipulation constant:
  #igrid a___________ E____________________________________ varE____________
     1     Infinity    -2.30700279E+02 +/-   2.47339032E-06   6.12353262E-07
     2     1.0000E+06  -2.30700279E+02 +/-   2.47339013E-06   6.12353171E-07
     3     2.1544E+05  -2.30700279E+02 +/-   2.47338945E-06   6.12352834E-07
     4     4.6416E+04  -2.30700279E+02 +/-   2.47338614E-06   6.12351191E-07
     5     1.0000E+04  -2.30700279E+02 +/-   2.47336716E-06   6.12341794E-07
     6     2.1544E+03  -2.30700279E+02 +/-   2.47320308E-06   6.12260555E-07
     7     4.6416E+02  -2.30700279E+02 +/-   2.47144841E-06   6.11392099E-07
     8     1.0000E+02  -2.30700277E+02 +/-   2.81135084E-06   7.91128111E-07
     9     2.1544E+01  -2.30699842E+02 +/-   5.41112716E-05   2.93084063E-04
    10     4.6416E+00  -2.30006661E+02 +/-   1.82339392E-03   3.32795717E-01
    11     1.0000E+00  -2.30670830E+02 +/-   4.72460815E-04   2.23433512E-02
    12     2.1544E-01  -2.30683178E+02 +/-   3.59870878E-04   1.29631375E-02
    13     4.6416E-02  -2.30221430E+02 +/-   1.65176474E-03   2.73094594E-01
    14     1.0000E-02  -2.29365295E+02 +/-   3.57784516E-04   1.28132649E-02
    15     2.1544E-03  -2.29363892E+02 +/-   3.64010270E-04   1.32630680E-02
    16     4.6416E-04  -2.29363584E+02 +/-   3.65359537E-04   1.33615739E-02
    17     1.0000E-04  -2.29363517E+02 +/-   3.65650590E-04   1.33828706E-02
    18     2.1544E-05  -2.29363503E+02 +/-   3.65713312E-04   1.33874623E-02
    19     4.6416E-06  -2.29363499E+02 +/-   3.65726826E-04   1.33884517E-02
    20     1.0000E-06  -2.29363499E+02 +/-   3.65729737E-04   1.33886649E-02
    21     0.0000E+00  -2.29363499E+02 +/-   3.65730537E-04   1.33887234E-02
* Iteration # 1: E =  -2.307002793409E+02 +/-   2.473390133916E-06
* Convergence: exiting.
* After optimization:
  -7.4774E-01   3.1910E-01  -7.0426E-02  -6.2833E-02   1.6277E-02   1.3386E-02
  -1.5525E-01  -1.6631E-01   3.4032E-02   3.7358E-02   7.5403E-02  -1.1169E-02
   2.6538E-02  -3.2781E-02  -2.8504E-02  -2.9651E-02   1.5360E-02  -6.9418E-03
   7.5883E-01   7.5229E-02  -7.5340E-03   1.0283E-03  -1.5801E-02  -1.6000E-02
   6.3420E-02  -1.2684E-04   4.3100E-03   1.1982E-03  -4.7327E-03   1.9972E-01
   5.9309E-02   6.2818E-02   4.6667E-02   5.4845E-02   1.5845E-01   6.5128E-02
   6.5734E-02   6.0677E-02   6.1130E-02
  > Energy =  -2.307002793409E+02 +/-   2.473390133916E-06
  > varE =   6.123531706959E-07

VMC #10:
* Size of Hilbert space =   4.0000E+02
* Deterministic energy evaluation:
  > Deterministic Etot/t = -230.7002784088512
    - Ttot/t = -10.36324077234077
    - Utot/t = 3.905454217637472
* Number of equil. steps   = 1000
* Running VMC equilibration.
  Done. [total walltime: 0.06s]
* Equil. acc.ratio (%)     =  42.6534
* Sample config after equilibration:
  +-----+
  |  u  |
  |2   d|
  |0   u|
  |  d  |
  +-----+
* Number of accum. steps   = 500480 x 10
* Running VMC accumulation.
  Done. [total walltime: 7.07s]
* Acceptance ratio (%)     =  42.5900
* Etot/t                   =  -2.307002810867E+02 +/-   1.118851516731E-06
  > Ttot/t                 =  -1.036284851924E+01 +/-   2.924172422057E-04
  > Utot/t                 =   3.905059286648E+00 +/-   2.925185160601E-04
* var[Eloc/t]              =   6.070428317255E-07 +/-   6.994508601097E-09
* Correlation length       =   1.032077480017E+00
* log10 Psi^2 range: -7.821019335480002 -- -3.647679109645916
* log10 Pgen range : -7.821019335480002 -- -3.647679109645916
* Site occupation (ave. no. electrons per config.):
  > Site_  ___eu____  ___ed____
      1        0.500      0.503
      2        0.498      0.501
      3        0.503      0.497
      4        0.498      0.503
      5        0.499      0.497
      6        0.503      0.498
* Pair-correlation analysis (ave. no. pairs per config.):
  > Shell  nsite  ___dh____  __eueu___  __eued___
      0      1        0          0          1.030
      1      4        1.058      1.480      3.529
      2      4        0.149      0.847      1.108
      3      4        0.076      0.418      0.552
      4      4        0.233      2.169      1.851
      5      4        0.117      1.086      0.930

Optimization #10:
* Method          : lls
* Target function : energy
* No. of configs. : 100096
* No. of params.  : 39
* Before optimization:
  -7.4774E-01   3.1910E-01  -7.0426E-02  -6.2833E-02   1.6277E-02   1.3386E-02
  -1.5525E-01  -1.6631E-01   3.4032E-02   3.7358E-02   7.5403E-02  -1.1169E-02
   2.6538E-02  -3.2781E-02  -2.8504E-02  -2.9651E-02   1.5360E-02  -6.9418E-03
   7.5883E-01   7.5229E-02  -7.5340E-03   1.0283E-03  -1.5801E-02  -1.6000E-02
   6.3420E-02  -1.2684E-04   4.3100E-03   1.1982E-03  -4.7327E-03   1.9972E-01
   5.9309E-02   6.2818E-02   4.6667E-02   5.4845E-02   1.5845E-01   6.5128E-02
   6.5734E-02   6.0677E-02   6.1130E-02
  > E    =  -2.307002840550E+02 +/-   2.462657279194E-06
  > varE =   6.070502968408E-07
* Computing derivatives.
  Done. [total walltime: 35.8s]
* Optimizing manipulation constant:
  #igrid a___________ E____________________________________ varE____________
     1     Infinity    -2.30700284E+02 +/-   2.46265728E-06   6.07050297E-07
     2     1.0000E+06  -2.30700284E+02 +/-   2.46265714E-06   6.07050228E-07
     3     2.1544E+05  -2.30700284E+02 +/-   2.46265663E-06   6.07049976E-07
     4     4.6416E+04  -2.30700284E+02 +/-   2.46265423E-06   6.07048794E-07
     5     1.0000E+04  -2.30700284E+02 +/-   2.46264259E-06   6.07043054E-07
     6     2.1544E+03  -2.30700284E+02 +/-   2.46257754E-06   6.07010985E-07
     7     4.6416E+02  -2.30700284E+02 +/-   2.46206165E-06   6.06756687E-07
     8     1.0000E+02  -2.30700284E+02 +/-   2.46323166E-06   6.07333501E-07
     9     2.1544E+01  -2.30700286E+02 +/-   4.04457383E-06   1.63742817E-06
    10     4.6416E+00  -2.30700255E+02 +/-   1.92785701E-05   3.72020061E-05
    11     1.0000E+00  -2.30699598E+02 +/-   7.75003072E-05   6.01206367E-04
    12     2.1544E-01  -2.30282932E+02 +/-   1.64427217E-03   2.70622645E-01
    13     4.6416E-02  -2.29290605E+02 +/-   1.91522644E-03   3.67161368E-01
    14     1.0000E-02  -2.29278276E+02 +/-   1.90489478E-03   3.63210760E-01
    15     2.1544E-03  -2.29276710E+02 +/-   1.90349092E-03   3.62675604E-01
    16     4.6416E-04  -2.29276409E+02 +/-   1.90321561E-03   3.62570701E-01
    17     1.0000E-04  -2.29276345E+02 +/-   1.90315747E-03   3.62548550E-01
    18     2.1544E-05  -2.29276332E+02 +/-   1.90314500E-03   3.62543798E-01
    19     4.6416E-06  -2.29276329E+02 +/-   1.90314232E-03   3.62542775E-01
    20     1.0000E-06  -2.29276328E+02 +/-   1.90314174E-03   3.62542555E-01
    21     0.0000E+00  -2.29276328E+02 +/-   1.90314158E-03   3.62542495E-01
  ParMin   1.9908E+02  -2.30700284E+02 +/-   2.46085861E-06   6.06163868E-07
  # Using grid point #8
* Iteration # 1: E =  -2.307002842464E+02 +/-   2.463231657566E-06
* Convergence: exiting.
* After optimization:
  -7.6862E-01   3.1896E-01  -7.0396E-02  -6.2795E-02   1.6282E-02   1.3382E-02
  -1.5510E-01  -1.6629E-01   3.4021E-02   3.7345E-02   7.5412E-02  -1.1208E-02
   2.6548E-02  -3.2804E-02  -2.8511E-02  -2.9650E-02   1.5353E-02  -6.8843E-03
   7.6683E-01   7.5922E-02  -7.6948E-03   9.6072E-04  -1.6023E-02  -1.6224E-02
   6.4040E-02  -2.0267E-04   4.2835E-03   1.1382E-03  -4.8654E-03   1.9957E-01
   5.9213E-02   6.2725E-02   4.6580E-02   5.4772E-02   1.5837E-01   6.5035E-02
   6.5646E-02   6.0582E-02   6.1036E-02
  > Energy =  -2.307002842464E+02 +/-   2.463231657566E-06
  > varE =   6.073335008628E-07

VMC #11:
* Size of Hilbert space =   4.0000E+02
* Deterministic energy evaluation:
  > Deterministic Etot/t = -230.7002784101618
    - Ttot/t = -10.36320697092823
    - Utot/t = 3.905420414914311
* Number of equil. steps   = 1000
* Running VMC equilibration.
  Done. [total walltime: 0.06s]
* Equil. acc.ratio (%)     =  43.2316
* Sample config after equilibration:
  +-----+
  |  2  |
  |u   d|
  |0   u|
  |  d  |
  +-----+
* Number of accum. steps   = 500480 x 10
* Running VMC accumulation.
  Done. [total walltime: 7.11s]
* Acceptance ratio (%)     =  43.1355
* Etot/t                   =  -2.307002784298E+02 +/-   1.105788586727E-06
  > Ttot/t                 =  -1.036290283294E+01 +/-   2.924881268829E-04
  > Utot/t                 =   3.905116257589E+00 +/-   2.924313003561E-04
* var[Eloc/t]              =   6.128810039985E-07 +/-   5.819183027325E-09
* Correlation length       =   9.985154118126E-01
* log10 Psi^2 range: -7.188417925440981 -- -3.646779457978387
* log10 Pgen range : -7.188417925440981 -- -3.646779457978387
* Site occupation (ave. no. electrons per config.):
  > Site_  ___eu____  ___ed____
      1        0.499      0.500
      2        0.498      0.500
      3        0.502      0.499
      4        0.502      0.499
      5        0.499      0.501
      6        0.501      0.500
* Pair-correlation analysis (ave. no. pairs per config.):
  > Shell  nsite  ___dh____  __eueu___  __eued___
      0      1        0          0          1.027
      1      4        1.055      1.481      3.531
      2      4        0.148      0.843      1.111
      3      4        0.074      0.420      0.553
      4      4        0.231      2.170      1.852
      5      4        0.117      1.086      0.926

Optimization #11:
* Method          : lls
* Target function : energy
* No. of configs. : 100096
* No. of params.  : 39
* Before optimization:
  -7.6862E-01   3.1896E-01  -7.0396E-02  -6.2795E-02   1.6282E-02   1.3382E-02
  -1.5510E-01  -1.6629E-01   3.4021E-02   3.7345E-02   7.5412E-02  -1.1208E-02
   2.6548E-02  -3.2804E-02  -2.8511E-02  -2.9650E-02   1.5353E-02  -6.8843E-03
   7.6683E-01   7.5922E-02  -7.6948E-03   9.6072E-04  -1.6023E-02  -1.6224E-02
   6.4040E-02  -2.0267E-04   4.2835E-03   1.1382E-03  -4.8654E-03   1.9957E-01
   5.9213E-02   6.2725E-02   4.6580E-02   5.4772E-02   1.5837E-01   6.5035E-02
   6.5646E-02   6.0582E-02   6.1036E-02
  > E    =  -2.307002746912E+02 +/-   2.430725797725E-06
  > varE =   5.914099994511E-07
* Computing derivatives.
  Done. [total walltime: 35.7s]
* Optimizing manipulation constant:
  #igrid a___________ E____________________________________ varE____________
     1     Infinity    -2.30700275E+02 +/-   2.43072580E-06   5.91409999E-07
     2     1.0000E+06  -2.30700275E+02 +/-   2.43072566E-06   5.91409932E-07
     3     2.1544E+05  -2.30700275E+02 +/-   2.43072516E-06   5.91409687E-07
     4     4.6416E+04  -2.30700275E+02 +/-   2.43072283E-06   5.91408556E-07
     5     1.0000E+04  -2.30700275E+02 +/-   2.43071230E-06   5.91403433E-07
     6     2.1544E+03  -2.30700275E+02 +/-   2.43066897E-06   5.91382348E-07
     7     4.6416E+02  -2.30700275E+02 +/-   2.43058944E-06   5.91343648E-07
     8     1.0000E+02  -2.30700275E+02 +/-   2.43412084E-06   5.93063220E-07
     9     2.1544E+01  -2.30700273E+02 +/-   2.99216614E-06   8.96165313E-07
    10     4.6416E+00  -2.30700170E+02 +/-   2.59069534E-05   6.71814559E-05
    11     1.0000E+00  -2.30692973E+02 +/-   2.35252962E-04   5.53970864E-03
    12     2.1544E-01  -2.30468635E+02 +/-   1.24655032E-03   1.55537943E-01
    13     4.6416E-02  -2.30008622E+02 +/-   1.80641731E-03   3.26627611E-01
    14     1.0000E-02  -2.30005971E+02 +/-   1.80771508E-03   3.27097093E-01
    15     2.1544E-03  -2.30005973E+02 +/-   1.80764488E-03   3.27071690E-01
    16     4.6416E-04  -2.30005978E+02 +/-   1.75217180E-06   3.07305334E-07
    17     1.0000E-04  -2.30005984E+02 +/-   2.13264443E-06   4.55253849E-07
    18     2.1544E-05  -2.30005985E+02 +/-   2.18884872E-06   4.79565814E-07
    19     4.6416E-06  -2.30005985E+02 +/-   2.20159665E-06   4.85168097E-07
    20     1.0000E-06  -2.30005985E+02 +/-   2.20437435E-06   4.86393116E-07
    21     0.0000E+00  -2.30005985E+02 +/-   2.20513908E-06   4.86730649E-07
* Iteration # 1: E =  -2.307002746913E+02 +/-   2.430668972746E-06
* Convergence: exiting.
* After optimization:
  -7.6925E-01   3.1895E-01  -7.0394E-02  -6.2793E-02   1.6282E-02   1.3382E-02
  -1.5509E-01  -1.6629E-01   3.4021E-02   3.7344E-02   7.5412E-02  -1.1210E-02
   2.6549E-02  -3.2805E-02  -2.8512E-02  -2.9650E-02   1.5353E-02  -6.8818E-03
   7.6707E-01   7.5941E-02  -7.7005E-03   9.5815E-04  -1.6031E-02  -1.6232E-02
   6.4058E-02  -2.0560E-04   4.2821E-03   1.1350E-03  -4.8710E-03   1.9957E-01
   5.9210E-02   6.2722E-02   4.6576E-02   5.4768E-02   1.5836E-01   6.5032E-02
   6.5642E-02   6.0578E-02   6.1031E-02
  > Energy =  -2.307002746913E+02 +/-   2.430668972746E-06
  > varE =   5.913823480658E-07

VMC #12:
* Size of Hilbert space =   4.0000E+02
* Deterministic energy evaluation:
  > Deterministic Etot/t = -230.7002784101811
    - Ttot/t = -10.36320694256943
    - Utot/t = 3.905420386536192
* Number of equil. steps   = 1000
* Running VMC equilibration.
  Done. [total walltime: 0.06s]
* Equil. acc.ratio (%)     =  43.2932
* Sample config after equilibration:
  +-----+
  |  u  |
  |u   d|
  |d   2|
  |  0  |
  +-----+
* Number of accum. steps   = 500480 x 10
* Running VMC accumulation.
  Done. [total walltime: 7.04s]
* Acceptance ratio (%)     =  43.1541
* Etot/t                   =  -2.307002787318E+02 +/-   1.140804596037E-06
  > Ttot/t                 =  -1.036355249228E+01 +/-   2.904527234135E-04
  > Utot/t                 =   3.905765614799E+00 +/-   2.904145975729E-04
* var[Eloc/t]              =   6.288556362022E-07 +/-   8.179631656052E-09
* Correlation length       =   1.035757993622E+00
* log10 Psi^2 range: -7.820380599438767 -- -3.646727149802098
* log10 Pgen range : -7.820380599438767 -- -3.646727149802098
* Site occupation (ave. no. electrons per config.):
  > Site_  ___eu____  ___ed____
      1        0.501      0.500
      2        0.501      0.499
      3        0.500      0.499
      4        0.500      0.500
      5        0.500      0.499
      6        0.499      0.502
* Pair-correlation analysis (ave. no. pairs per config.):
  > Shell  nsite  ___dh____  __eueu___  __eued___
      0      1        0          0          1.027
      1      4        1.054      1.478      3.533
      2      4        0.150      0.838      1.110
      3      4        0.075      0.421      0.552
      4      4        0.232      2.172      1.852
      5      4        0.114      1.090      0.925

VDAGGER finished.
Total VDAGGER walltime: 18m23s

Run ended: Tue Oct 21 10:53:53 CEST 2025
