Run started: Tue Oct 21 11:41:28 CEST 2025
Using VDAGGER_ARCH = intel23_fkfamd23_cluster
Running 1x128 MPI processes.

[LOG_CAT_SBGP] libnuma.so: cannot open shared object file: No such file or directory
[LOG_CAT_SBGP] libnuma.so: cannot open shared object file: No such file or directory
[LOG_CAT_SBGP] Failed to dlopen libnuma.so. Fallback to GROUP_BY_SOCKET manual.
[LOG_CAT_SBGP] libnuma.so: cannot open shared object file: No such file or directory
[LOG_CAT_SBGP] Failed to dlopen libnuma.so. Fallback to GROUP_BY_SOCKET manual.
[LOG_CAT_SBGP] libnuma.so: cannot open shared object file: No such file or directory
[LOG_CAT_SBGP] Failed to dlopen libnuma.so. Fallback to GROUP_BY_SOCKET manual.
[LOG_CAT_SBGP] libnuma.so: cannot open shared object file: No such file or directory
[LOG_CAT_SBGP] Failed to dlopen libnuma.so. Fallback to GROUP_BY_SOCKET manual.
[LOG_CAT_SBGP] libnuma.so: cannot open shared object file: No such file or directory
[LOG_CAT_SBGP] Failed to dlopen libnuma.so. Fallback to GROUP_BY_SOCKET manual.
[LOG_CAT_SBGP] libnuma.so: cannot open shared object file: No such file or directory
[LOG_CAT_SBGP] Failed to dlopen libnuma.so. Fallback to GROUP_BY_SOCKET manual.
[LOG_CAT_SBGP] libnuma.so: cannot open shared object file: No such file or directory
[LOG_CAT_SBGP] Failed to dlopen libnuma.so. Fallback to GROUP_BY_SOCKET manual.
[LOG_CAT_SBGP] libnuma.so: cannot open shared object file: No such file or directory
[LOG_CAT_SBGP] Failed to dlopen libnuma.so. Fallback to GROUP_BY_SOCKET manual.
[LOG_CAT_SBGP] libnuma.so: cannot open shared object file: No such file or directory
[LOG_CAT_SBGP] Failed to dlopen libnuma.so. Fallback to GROUP_BY_SOCKET manual.
[LOG_CAT_SBGP] libnuma.so: cannot open shared object file: No such file or directory
[LOG_CAT_SBGP] Failed to dlopen libnuma.so. Fallback to GROUP_BY_SOCKET manual.
[LOG_CAT_SBGP] libnuma.so: cannot open shared object file: No such file or directory
[LOG_CAT_SBGP] Failed to dlopen libnuma.so. Fallback to GROUP_BY_SOCKET manual.
[LOG_CAT_SBGP] libnuma.so: cannot open shared object file: No such file or directory
[LOG_CAT_SBGP] Failed to dlopen libnuma.so. Fallback to GROUP_BY_SOCKET manual.
[LOG_CAT_SBGP] libnuma.so: cannot open shared object file: No such file or directory
[LOG_CAT_SBGP] Failed to dlopen libnuma.so. Fallback to GROUP_BY_SOCKET manual.
[LOG_CAT_SBGP] libnuma.so: cannot open shared object file: No such file or directory
[LOG_CAT_SBGP] Failed to dlopen libnuma.so. Fallback to GROUP_BY_SOCKET manual.
[LOG_CAT_SBGP] libnuma.so: cannot open shared object file: No such file or directory
[LOG_CAT_SBGP] Failed to dlopen libnuma.so. Fallback to GROUP_BY_SOCKET manual.
[LOG_CAT_SBGP] libnuma.so: cannot open shared object file: No such file or directory
[LOG_CAT_SBGP] Failed to dlopen libnuma.so. Fallback to GROUP_BY_SOCKET manual.
[LOG_CAT_SBGP] libnuma.so: cannot open shared object file: No such file or directory
[LOG_CAT_SBGP] Failed to dlopen libnuma.so. Fallback to GROUP_BY_SOCKET manual.
[LOG_CAT_SBGP] libnuma.so: cannot open shared object file: No such file or directory
[LOG_CAT_SBGP] Failed to dlopen libnuma.so. Fallback to GROUP_BY_SOCKET manual.
[LOG_CAT_SBGP] libnuma.so: cannot open shared object file: No such file or directory
[LOG_CAT_SBGP] Failed to dlopen libnuma.so. Fallback to GROUP_BY_SOCKET manual.
[LOG_CAT_SBGP] libnuma.so: cannot open shared object file: No such file or directory
[LOG_CAT_SBGP] Failed to dlopen libnuma.so. Fallback to GROUP_BY_SOCKET manual.
[LOG_CAT_SBGP] libnuma.so: cannot open shared object file: No such file or directory
[LOG_CAT_SBGP] Failed to dlopen libnuma.so. Fallback to GROUP_BY_SOCKET manual.
[LOG_CAT_SBGP] libnuma.so: cannot open shared object file: No such file or directory
[LOG_CAT_SBGP] Failed to dlopen libnuma.so. Fallback to GROUP_BY_SOCKET manual.
[LOG_CAT_SBGP] libnuma.so: cannot open shared object file: No such file or directory
[LOG_CAT_SBGP] Failed to dlopen libnuma.so. Fallback to GROUP_BY_SOCKET manual.
[LOG_CAT_SBGP] libnuma.so: cannot open shared object file: No such file or directory
[LOG_CAT_SBGP] Failed to dlopen libnuma.so. Fallback to GROUP_BY_SOCKET manual.
[LOG_CAT_SBGP] libnuma.so: cannot open shared object file: No such file or directory
[LOG_CAT_SBGP] Failed to dlopen libnuma.so. Fallback to GROUP_BY_SOCKET manual.
[LOG_CAT_SBGP] libnuma.so: cannot open shared object file: No such file or directory
[LOG_CAT_SBGP] Failed to dlopen libnuma.so. Fallback to GROUP_BY_SOCKET manual.
[LOG_CAT_SBGP] libnuma.so: cannot open shared object file: No such file or directory
[LOG_CAT_SBGP] Failed to dlopen libnuma.so. Fallback to GROUP_BY_SOCKET manual.
[LOG_CAT_SBGP] libnuma.so: cannot open shared object file: No such file or directory
[LOG_CAT_SBGP] Failed to dlopen libnuma.so. Fallback to GROUP_BY_SOCKET manual.
[LOG_CAT_SBGP] libnuma.so: cannot open shared object file: No such file or directory
[LOG_CAT_SBGP] Failed to dlopen libnuma.so. Fallback to GROUP_BY_SOCKET manual.
[LOG_CAT_SBGP] libnuma.so: cannot open shared object file: No such file or directory
[LOG_CAT_SBGP] Failed to dlopen libnuma.so. Fallback to GROUP_BY_SOCKET manual.
[LOG_CAT_SBGP] libnuma.so: cannot open shared object file: No such file or directory
[LOG_CAT_SBGP] Failed to dlopen libnuma.so. Fallback to GROUP_BY_SOCKET manual.
[LOG_CAT_SBGP] libnuma.so: cannot open shared object file: No such file or directory
[LOG_CAT_SBGP] Failed to dlopen libnuma.so. Fallback to GROUP_BY_SOCKET manual.
[LOG_CAT_SBGP] libnuma.so: cannot open shared object file: No such file or directory
[LOG_CAT_SBGP] Failed to dlopen libnuma.so. Fallback to GROUP_BY_SOCKET manual.
[LOG_CAT_SBGP] libnuma.so: cannot open shared object file: No such file or directory
[LOG_CAT_SBGP] Failed to dlopen libnuma.so. Fallback to GROUP_BY_SOCKET manual.
[LOG_CAT_SBGP] libnuma.so: cannot open shared object file: No such file or directory
[LOG_CAT_SBGP] Failed to dlopen libnuma.so. Fallback to GROUP_BY_SOCKET manual.
[LOG_CAT_SBGP] libnuma.so: cannot open shared object file: No such file or directory
[LOG_CAT_SBGP] Failed to dlopen libnuma.so. Fallback to GROUP_BY_SOCKET manual.
[LOG_CAT_SBGP] libnuma.so: cannot open shared object file: No such file or directory
[LOG_CAT_SBGP] Failed to dlopen libnuma.so. Fallback to GROUP_BY_SOCKET manual.
[LOG_CAT_SBGP] libnuma.so: cannot open shared object file: No such file or directory
[LOG_CAT_SBGP] Failed to dlopen libnuma.so. Fallback to GROUP_BY_SOCKET manual.
[LOG_CAT_SBGP] libnuma.so: cannot open shared object file: No such file or directory
[LOG_CAT_SBGP] Failed to dlopen libnuma.so. Fallback to GROUP_BY_SOCKET manual.
[LOG_CAT_SBGP] libnuma.so: cannot open shared object file: No such file or directory
[LOG_CAT_SBGP] Failed to dlopen libnuma.so. Fallback to GROUP_BY_SOCKET manual.
[LOG_CAT_SBGP] libnuma.so: cannot open shared object file: No such file or directory
[LOG_CAT_SBGP] Failed to dlopen libnuma.so. Fallback to GROUP_BY_SOCKET manual.
[LOG_CAT_SBGP] libnuma.so: cannot open shared object file: No such file or directory
[LOG_CAT_SBGP] Failed to dlopen libnuma.so. Fallback to GROUP_BY_SOCKET manual.
[LOG_CAT_SBGP] libnuma.so: cannot open shared object file: No such file or directory
[LOG_CAT_SBGP] Failed to dlopen libnuma.so. Fallback to GROUP_BY_SOCKET manual.
[LOG_CAT_SBGP] libnuma.so: cannot open shared object file: No such file or directory
[LOG_CAT_SBGP] Failed to dlopen libnuma.so. Fallback to GROUP_BY_SOCKET manual.
[LOG_CAT_SBGP] libnuma.so: cannot open shared object file: No such file or directory
[LOG_CAT_SBGP] Failed to dlopen libnuma.so. Fallback to GROUP_BY_SOCKET manual.
[LOG_CAT_SBGP] libnuma.so: cannot open shared object file: No such file or directory
[LOG_CAT_SBGP] Failed to dlopen libnuma.so. Fallback to GROUP_BY_SOCKET manual.
[LOG_CAT_SBGP] libnuma.so: cannot open shared object file: No such file or directory
[LOG_CAT_SBGP] Failed to dlopen libnuma.so. Fallback to GROUP_BY_SOCKET manual.
[LOG_CAT_SBGP] libnuma.so: cannot open shared object file: No such file or directory
[LOG_CAT_SBGP] Failed to dlopen libnuma.so. Fallback to GROUP_BY_SOCKET manual.
[LOG_CAT_SBGP] libnuma.so: cannot open shared object file: No such file or directory
[LOG_CAT_SBGP] Failed to dlopen libnuma.so. Fallback to GROUP_BY_SOCKET manual.
[LOG_CAT_SBGP] libnuma.so: cannot open shared object file: No such file or directory
[LOG_CAT_SBGP] Failed to dlopen libnuma.so. Fallback to GROUP_BY_SOCKET manual.
[LOG_CAT_SBGP] libnuma.so: cannot open shared object file: No such file or directory
[LOG_CAT_SBGP] Failed to dlopen libnuma.so. Fallback to GROUP_BY_SOCKET manual.
[LOG_CAT_SBGP] libnuma.so: cannot open shared object file: No such file or directory
[LOG_CAT_SBGP] Failed to dlopen libnuma.so. Fallback to GROUP_BY_SOCKET manual.
[LOG_CAT_SBGP] libnuma.so: cannot open shared object file: No such file or directory
[LOG_CAT_SBGP] Failed to dlopen libnuma.so. Fallback to GROUP_BY_SOCKET manual.
[LOG_CAT_SBGP] libnuma.so: cannot open shared object file: No such file or directory
[LOG_CAT_SBGP] Failed to dlopen libnuma.so. Fallback to GROUP_BY_SOCKET manual.
[LOG_CAT_SBGP] libnuma.so: cannot open shared object file: No such file or directory
[LOG_CAT_SBGP] Failed to dlopen libnuma.so. Fallback to GROUP_BY_SOCKET manual.
[LOG_CAT_SBGP] libnuma.so: cannot open shared object file: No such file or directory
[LOG_CAT_SBGP] Failed to dlopen libnuma.so. Fallback to GROUP_BY_SOCKET manual.
[LOG_CAT_SBGP] libnuma.so: cannot open shared object file: No such file or directory
[LOG_CAT_SBGP] Failed to dlopen libnuma.so. Fallback to GROUP_BY_SOCKET manual.
[LOG_CAT_SBGP] libnuma.so: cannot open shared object file: No such file or directory
[LOG_CAT_SBGP] Failed to dlopen libnuma.so. Fallback to GROUP_BY_SOCKET manual.
[LOG_CAT_SBGP] libnuma.so: cannot open shared object file: No such file or directory
[LOG_CAT_SBGP] Failed to dlopen libnuma.so. Fallback to GROUP_BY_SOCKET manual.
[LOG_CAT_SBGP] libnuma.so: cannot open shared object file: No such file or directory
[LOG_CAT_SBGP] Failed to dlopen libnuma.so. Fallback to GROUP_BY_SOCKET manual.
[LOG_CAT_SBGP] libnuma.so: cannot open shared object file: No such file or directory
[LOG_CAT_SBGP] Failed to dlopen libnuma.so. Fallback to GROUP_BY_SOCKET manual.
[LOG_CAT_SBGP] libnuma.so: cannot open shared object file: No such file or directory
[LOG_CAT_SBGP] Failed to dlopen libnuma.so. Fallback to GROUP_BY_SOCKET manual.
[LOG_CAT_SBGP] libnuma.so: cannot open shared object file: No such file or directory
[LOG_CAT_SBGP] Failed to dlopen libnuma.so. Fallback to GROUP_BY_SOCKET manual.
[LOG_CAT_SBGP] libnuma.so: cannot open shared object file: No such file or directory
[LOG_CAT_SBGP] Failed to dlopen libnuma.so. Fallback to GROUP_BY_SOCKET manual.
[LOG_CAT_SBGP] libnuma.so: cannot open shared object file: No such file or directory
[LOG_CAT_SBGP] Failed to dlopen libnuma.so. Fallback to GROUP_BY_SOCKET manual.
[LOG_CAT_SBGP] libnuma.so: cannot open shared object file: No such file or directory
[LOG_CAT_SBGP] Failed to dlopen libnuma.so. Fallback to GROUP_BY_SOCKET manual.
[LOG_CAT_SBGP] libnuma.so: cannot open shared object file: No such file or directory
[LOG_CAT_SBGP] Failed to dlopen libnuma.so. Fallback to GROUP_BY_SOCKET manual.
[LOG_CAT_SBGP] libnuma.so: cannot open shared object file: No such file or directory
[LOG_CAT_SBGP] Failed to dlopen libnuma.so. Fallback to GROUP_BY_SOCKET manual.
[LOG_CAT_SBGP] libnuma.so: cannot open shared object file: No such file or directory
[LOG_CAT_SBGP] Failed to dlopen libnuma.so. Fallback to GROUP_BY_SOCKET manual.
[LOG_CAT_SBGP] libnuma.so: cannot open shared object file: No such file or directory
[LOG_CAT_SBGP] Failed to dlopen libnuma.so. Fallback to GROUP_BY_SOCKET manual.
[LOG_CAT_SBGP] libnuma.so: cannot open shared object file: No such file or directory
[LOG_CAT_SBGP] Failed to dlopen libnuma.so. Fallback to GROUP_BY_SOCKET manual.
[LOG_CAT_SBGP] libnuma.so: cannot open shared object file: No such file or directory
[LOG_CAT_SBGP] Failed to dlopen libnuma.so. Fallback to GROUP_BY_SOCKET manual.
[LOG_CAT_SBGP] libnuma.so: cannot open shared object file: No such file or directory
[LOG_CAT_SBGP] Failed to dlopen libnuma.so. Fallback to GROUP_BY_SOCKET manual.
[LOG_CAT_SBGP] libnuma.so: cannot open shared object file: No such file or directory
[LOG_CAT_SBGP] Failed to dlopen libnuma.so. Fallback to GROUP_BY_SOCKET manual.
[LOG_CAT_SBGP] libnuma.so: cannot open shared object file: No such file or directory
[LOG_CAT_SBGP] Failed to dlopen libnuma.so. Fallback to GROUP_BY_SOCKET manual.
[LOG_CAT_SBGP] libnuma.so: cannot open shared object file: No such file or directory
[LOG_CAT_SBGP] Failed to dlopen libnuma.so. Fallback to GROUP_BY_SOCKET manual.
[LOG_CAT_SBGP] libnuma.so: cannot open shared object file: No such file or directory
[LOG_CAT_SBGP] Failed to dlopen libnuma.so. Fallback to GROUP_BY_SOCKET manual.
[LOG_CAT_SBGP] libnuma.so: cannot open shared object file: No such file or directory
[LOG_CAT_SBGP] Failed to dlopen libnuma.so. Fallback to GROUP_BY_SOCKET manual.
[LOG_CAT_SBGP] libnuma.so: cannot open shared object file: No such file or directory
[LOG_CAT_SBGP] Failed to dlopen libnuma.so. Fallback to GROUP_BY_SOCKET manual.
[LOG_CAT_SBGP] libnuma.so: cannot open shared object file: No such file or directory
[LOG_CAT_SBGP] Failed to dlopen libnuma.so. Fallback to GROUP_BY_SOCKET manual.
[LOG_CAT_SBGP] libnuma.so: cannot open shared object file: No such file or directory
[LOG_CAT_SBGP] Failed to dlopen libnuma.so. Fallback to GROUP_BY_SOCKET manual.
[LOG_CAT_SBGP] libnuma.so: cannot open shared object file: No such file or directory
[LOG_CAT_SBGP] Failed to dlopen libnuma.so. Fallback to GROUP_BY_SOCKET manual.
[LOG_CAT_SBGP] libnuma.so: cannot open shared object file: No such file or directory
[LOG_CAT_SBGP] Failed to dlopen libnuma.so. Fallback to GROUP_BY_SOCKET manual.
[LOG_CAT_SBGP] libnuma.so: cannot open shared object file: No such file or directory
[LOG_CAT_SBGP] Failed to dlopen libnuma.so. Fallback to GROUP_BY_SOCKET manual.
[LOG_CAT_SBGP] libnuma.so: cannot open shared object file: No such file or directory
[LOG_CAT_SBGP] Failed to dlopen libnuma.so. Fallback to GROUP_BY_SOCKET manual.
[LOG_CAT_SBGP] libnuma.so: cannot open shared object file: No such file or directory
[LOG_CAT_SBGP] Failed to dlopen libnuma.so. Fallback to GROUP_BY_SOCKET manual.
[LOG_CAT_SBGP] libnuma.so: cannot open shared object file: No such file or directory
[LOG_CAT_SBGP] Failed to dlopen libnuma.so. Fallback to GROUP_BY_SOCKET manual.
[LOG_CAT_SBGP] libnuma.so: cannot open shared object file: No such file or directory
[LOG_CAT_SBGP] Failed to dlopen libnuma.so. Fallback to GROUP_BY_SOCKET manual.
[LOG_CAT_SBGP] libnuma.so: cannot open shared object file: No such file or directory
[LOG_CAT_SBGP] Failed to dlopen libnuma.so. Fallback to GROUP_BY_SOCKET manual.
[LOG_CAT_SBGP] libnuma.so: cannot open shared object file: No such file or directory
[LOG_CAT_SBGP] Failed to dlopen libnuma.so. Fallback to GROUP_BY_SOCKET manual.
[LOG_CAT_SBGP] libnuma.so: cannot open shared object file: No such file or directory
[LOG_CAT_SBGP] Failed to dlopen libnuma.so. Fallback to GROUP_BY_SOCKET manual.
[LOG_CAT_SBGP] libnuma.so: cannot open shared object file: No such file or directory
[LOG_CAT_SBGP] Failed to dlopen libnuma.so. Fallback to GROUP_BY_SOCKET manual.
[LOG_CAT_SBGP] libnuma.so: cannot open shared object file: No such file or directory
[LOG_CAT_SBGP] Failed to dlopen libnuma.so. Fallback to GROUP_BY_SOCKET manual.
[LOG_CAT_SBGP] libnuma.so: cannot open shared object file: No such file or directory
[LOG_CAT_SBGP] Failed to dlopen libnuma.so. Fallback to GROUP_BY_SOCKET manual.
[LOG_CAT_SBGP] libnuma.so: cannot open shared object file: No such file or directory
[LOG_CAT_SBGP] Failed to dlopen libnuma.so. Fallback to GROUP_BY_SOCKET manual.
[LOG_CAT_SBGP] libnuma.so: cannot open shared object file: No such file or directory
[LOG_CAT_SBGP] Failed to dlopen libnuma.so. Fallback to GROUP_BY_SOCKET manual.
[LOG_CAT_SBGP] libnuma.so: cannot open shared object file: No such file or directory
[LOG_CAT_SBGP] Failed to dlopen libnuma.so. Fallback to GROUP_BY_SOCKET manual.
[LOG_CAT_SBGP] libnuma.so: cannot open shared object file: No such file or directory
[LOG_CAT_SBGP] Failed to dlopen libnuma.so. Fallback to GROUP_BY_SOCKET manual.
[LOG_CAT_SBGP] libnuma.so: cannot open shared object file: No such file or directory
[LOG_CAT_SBGP] Failed to dlopen libnuma.so. Fallback to GROUP_BY_SOCKET manual.
[LOG_CAT_SBGP] libnuma.so: cannot open shared object file: No such file or directory
[LOG_CAT_SBGP] Failed to dlopen libnuma.so. Fallback to GROUP_BY_SOCKET manual.
[LOG_CAT_SBGP] libnuma.so: cannot open shared object file: No such file or directory
[LOG_CAT_SBGP] Failed to dlopen libnuma.so. Fallback to GROUP_BY_SOCKET manual.
[LOG_CAT_SBGP] libnuma.so: cannot open shared object file: No such file or directory
[LOG_CAT_SBGP] Failed to dlopen libnuma.so. Fallback to GROUP_BY_SOCKET manual.
[LOG_CAT_SBGP] libnuma.so: cannot open shared object file: No such file or directory
[LOG_CAT_SBGP] Failed to dlopen libnuma.so. Fallback to GROUP_BY_SOCKET manual.
[LOG_CAT_SBGP] libnuma.so: cannot open shared object file: No such file or directory
[LOG_CAT_SBGP] Failed to dlopen libnuma.so. Fallback to GROUP_BY_SOCKET manual.
[LOG_CAT_SBGP] libnuma.so: cannot open shared object file: No such file or directory
[LOG_CAT_SBGP] Failed to dlopen libnuma.so. Fallback to GROUP_BY_SOCKET manual.
[LOG_CAT_SBGP] libnuma.so: cannot open shared object file: No such file or directory
[LOG_CAT_SBGP] Failed to dlopen libnuma.so. Fallback to GROUP_BY_SOCKET manual.
[LOG_CAT_SBGP] libnuma.so: cannot open shared object file: No such file or directory
[LOG_CAT_SBGP] Failed to dlopen libnuma.so. Fallback to GROUP_BY_SOCKET manual.
[LOG_CAT_SBGP] libnuma.so: cannot open shared object file: No such file or directory
[LOG_CAT_SBGP] Failed to dlopen libnuma.so. Fallback to GROUP_BY_SOCKET manual.
[LOG_CAT_SBGP] libnuma.so: cannot open shared object file: No such file or directory
[LOG_CAT_SBGP] Failed to dlopen libnuma.so. Fallback to GROUP_BY_SOCKET manual.
[LOG_CAT_SBGP] libnuma.so: cannot open shared object file: No such file or directory
[LOG_CAT_SBGP] Failed to dlopen libnuma.so. Fallback to GROUP_BY_SOCKET manual.
[LOG_CAT_SBGP] libnuma.so: cannot open shared object file: No such file or directory
[LOG_CAT_SBGP] Failed to dlopen libnuma.so. Fallback to GROUP_BY_SOCKET manual.
[LOG_CAT_SBGP] libnuma.so: cannot open shared object file: No such file or directory
[LOG_CAT_SBGP] Failed to dlopen libnuma.so. Fallback to GROUP_BY_SOCKET manual.
[LOG_CAT_SBGP] libnuma.so: cannot open shared object file: No such file or directory
[LOG_CAT_SBGP] Failed to dlopen libnuma.so. Fallback to GROUP_BY_SOCKET manual.
[LOG_CAT_SBGP] libnuma.so: cannot open shared object file: No such file or directory
[LOG_CAT_SBGP] Failed to dlopen libnuma.so. Fallback to GROUP_BY_SOCKET manual.
[LOG_CAT_SBGP] libnuma.so: cannot open shared object file: No such file or directory
[LOG_CAT_SBGP] Failed to dlopen libnuma.so. Fallback to GROUP_BY_SOCKET manual.
[LOG_CAT_SBGP] libnuma.so: cannot open shared object file: No such file or directory
[LOG_CAT_SBGP] Failed to dlopen libnuma.so. Fallback to GROUP_BY_SOCKET manual.
[LOG_CAT_SBGP] libnuma.so: cannot open shared object file: No such file or directory
[LOG_CAT_SBGP] Failed to dlopen libnuma.so. Fallback to GROUP_BY_SOCKET manual.
[LOG_CAT_SBGP] libnuma.so: cannot open shared object file: No such file or directory
[LOG_CAT_SBGP] Failed to dlopen libnuma.so. Fallback to GROUP_BY_SOCKET manual.
[LOG_CAT_SBGP] libnuma.so: cannot open shared object file: No such file or directory
[LOG_CAT_SBGP] Failed to dlopen libnuma.so. Fallback to GROUP_BY_SOCKET manual.
[LOG_CAT_SBGP] Failed to dlopen libnuma.so. Fallback to GROUP_BY_SOCKET manual.
[LOG_CAT_SBGP] libnuma.so: cannot open shared object file: No such file or directory
[LOG_CAT_SBGP] Failed to dlopen libnuma.so. Fallback to GROUP_BY_SOCKET manual.
[LOG_CAT_SBGP] libnuma.so: cannot open shared object file: No such file or directory
[LOG_CAT_SBGP] Failed to dlopen libnuma.so. Fallback to GROUP_BY_SOCKET manual.
[LOG_CAT_SBGP] libnuma.so: cannot open shared object file: No such file or directory
[LOG_CAT_SBGP] Failed to dlopen libnuma.so. Fallback to GROUP_BY_SOCKET manual.
[LOG_CAT_SBGP] libnuma.so: cannot open shared object file: No such file or directory
[LOG_CAT_SBGP] Failed to dlopen libnuma.so. Fallback to GROUP_BY_SOCKET manual.
[LOG_CAT_SBGP] libnuma.so: cannot open shared object file: No such file or directory
[LOG_CAT_SBGP] Failed to dlopen libnuma.so. Fallback to GROUP_BY_SOCKET manual.
[LOG_CAT_SBGP] libnuma.so: cannot open shared object file: No such file or directory
[LOG_CAT_SBGP] Failed to dlopen libnuma.so. Fallback to GROUP_BY_SOCKET manual.
[LOG_CAT_SBGP] libnuma.so: cannot open shared object file: No such file or directory
[LOG_CAT_SBGP] Failed to dlopen libnuma.so. Fallback to GROUP_BY_SOCKET manual.
[LOG_CAT_SBGP] libnuma.so: cannot open shared object file: No such file or directory
[LOG_CAT_SBGP] Failed to dlopen libnuma.so. Fallback to GROUP_BY_SOCKET manual.
                               xx
                              +##
                               #X
                               Xx
                          X##XxXxxX##x
                           +   Xx  ++
                               ##
                              +##
                              +##
     ++++         ++          +##
   xX+++##+      ####         +##
  Xx    ###      +X##          ##
 xX    X##+        ##          #X
 +    x##X         #x          #X
      ###         +#           x+
     X##+         #+
     ###         Xx                    _______
     ##X       +X+   __________________VDAGGER
     +##x    +xX     2nd quantized variational
       +xxxxx+       ______quantum Monte Carlo

* Running 128 MPI processes.
* Input file: "input.casl"

############# Start of input file dump #############
General:
  Random seed: timer

Plan:
  VMC-optimization:
    Minimum cycles: 10
    Convergence cycles: 5

System:
  Read Hamiltonian: FCIDUMP_loc_benzene
  Read orbitals: LTSC_benzene
  Complex orbitals: F
  Geometry:
    r_5: [ 0.00000000000000, 2.63994739601739 ]
    r_4: [ 2.28626150960564, 1.31997369800870 ]
    r_6: [ 2.28626150960564, -1.31997369800870 ]
    r_2: [ 0.00000000000000, -2.63994739601739 ]
    r_3: [ -2.28626150960564, -1.31997369800870 ]
    r_1: [ -2.28626150960564, 1.31997369800870 ]

VMC:
  nstep: 500000
  nconfig: 100000

Jastrow: wfn.casl

Backflow: wfn.casl

Multideterminants: wfn.casl
############## End of input file dump ##############

General setup:
* Random seed: 1060919126 (from timer)

* Loaded integrals for system with nelec=6, ms2=0, norb=6
* INFO: setting number of electrons from integrals file.
* Analysis of Hamiltonian connecitivity performed:
  - T_ii (local, 1-site): 6 (i) values
  - U_iiii [opp] (local, 1-site): 6 (i) values
  - U_kkii [opp] (local, 2-site): 30 contribs. from 6 (i) values
  - U_kkii [par] (local, 2-site): 15 contribs. from 5 (i) values
  - T_ji (single, 2-site): 30 contribs. from 6 (i) values
  - U_kkji [opp] (single, 2/3-site): 180 contribs. from 30 (i,j) pairs
  - U_kkji [par] (single, 3-site): 150 contribs. from 30 (i,j) pairs
  - U_lkji [opp] (double, 2/3/4-site): 900 contribs. from 30 (i,j) pairs
  - U_lkji [par] (double, 4-site): 170 contribs. from 20 (i,j) pairs
  - Max. no. wfn. ratios in Eloc: 255
* Reading override orbitals from file "LTSC_benzene".
* Site labels:
  +-----+
  |  5  |
  |1   4|
  |3   6|
  |  2  |
  +-----+
* Automatically set Site kinds:
  [ 1, 1, 1, 1, 1, 1 ]
  +-----+
  |  1  |
  |1   1|
  |1   1|
  |  1  |
  +-----+
* Maximum Site kind: 1
* Number of site-pair kinds with Tij=0: 0
* Automatically set Site pair kinds:
  Site 1: [ 0, 4, 1, -5, -1, -2 ]
  Site 2: [ 4, 0, 1, -4, -3, -1 ]
  Site 3: [ 1, 1, 0, -2, -4, -5 ]
  Site 4: [ -5, -4, -2, 0, 1, 1 ]
  Site 5: [ -1, -3, -4, 1, 0, 4 ]
  Site 6: [ -2, -1, -5, 1, 4, 0 ]
  For site 1 of kind 1:
  +--------+
  |   -1   |
  | 0    -5|
  | 1    -2|
  |    4   |
  +--------+
* Maximum (unsigned) Site pair kind: 5
General system setup:
* Number of sites       : 6
* Number of electrons   : 6
* Spin imbalance MS2    : 0
* Filling               : 0.500000
* Number of orbitals in pool: 6
* Using real-valued orbitals
* Using double-precision arithmetic for orbitals

Trial wave function setup:
* Jastrow parameter file: "wfn.casl"
* Multideterminant parameter file: "wfn.casl"
* Backflow parameter file: "wfn.casl"
* Not using wave function manipulation

VMC #1:
* Size of Hilbert space =   4.0000E+02
* Deterministic energy evaluation:
  > Deterministic Etot/t = -230.7002784101812
    - Ttot/t = -10.36320694256943
    - Utot/t = 3.905420386536192
* Number of equil. steps   = 1000
* Running VMC equilibration.
  Done. [total walltime: 0.09s]
* Equil. acc.ratio (%)     =  43.2426
* Sample config after equilibration:
  +-----+
  |  u  |
  |d   d|
  |u   u|
  |  d  |
  +-----+
* Number of accum. steps   = 500480 x 10
* Running VMC accumulation.
  Done. [total walltime: 7.18s]
* Acceptance ratio (%)     =  43.1376
* Etot/t                   =  -2.307002777977E+02 +/-   1.110266770387E-06
  > Ttot/t                 =  -1.036317021503E+01 +/-   2.941876214681E-04
  > Utot/t                 =   3.905384271676E+00 +/-   2.941712768306E-04
* var[Eloc/t]              =   6.067307136019E-07 +/-   6.503059231808E-09
* Correlation length       =   1.016823162545E+00
* log10 Psi^2 range: -7.816433752344497 -- -3.646727149802623
* log10 Pgen range : -7.816433752344497 -- -3.646727149802623
* Site occupation (ave. no. electrons per config.):
  > Site_  ___eu____  ___ed____
      1        0.499      0.503
      2        0.498      0.502
      3        0.502      0.498
      4        0.497      0.500
      5        0.502      0.499
      6        0.502      0.498
* Pair-correlation analysis (ave. no. pairs per config.):
  > Shell  nsite  ___dh____  __eueu___  __eued___
      0      1        0          0          1.031
      1      4        1.061      1.475      3.530
      2      4        0.150      0.844      1.104
      3      4        0.075      0.421      0.555
      4      4        0.232      2.175      1.853
      5      4        0.116      1.085      0.927

Optimization #1:
* Method          : lls
* Target function : energy
* No. of configs. : 100096
* No. of params.  : 39
* Before optimization:
  -7.6925E-01   3.1895E-01  -7.0394E-02  -6.2793E-02   1.6282E-02   1.3382E-02
  -1.5509E-01  -1.6629E-01   3.4021E-02   3.7344E-02   7.5412E-02  -1.1210E-02
   2.6549E-02  -3.2805E-02  -2.8512E-02  -2.9650E-02   1.5353E-02  -6.8818E-03
   7.6707E-01   7.5941E-02  -7.7005E-03   9.5815E-04  -1.6031E-02  -1.6232E-02
   6.4058E-02  -2.0560E-04   4.2821E-03   1.1350E-03  -4.8710E-03   1.9957E-01
   5.9210E-02   6.2722E-02   4.6576E-02   5.4768E-02   1.5836E-01   6.5032E-02
   6.5642E-02   6.0578E-02   6.1031E-02
  > E    =  -2.307002786667E+02 +/-   2.433487080600E-06
  > varE =   5.927544356444E-07
* Computing derivatives.
  Done. [total walltime: 35.7s]
* Optimizing manipulation constant:
  #igrid a___________ E____________________________________ varE____________
     1     Infinity    -2.30700279E+02 +/-   2.43348708E-06   5.92754436E-07
     2     1.0000E+06  -2.30700279E+02 +/-   2.43348690E-06   5.92754346E-07
     3     2.1544E+05  -2.30700279E+02 +/-   2.43348623E-06   5.92754021E-07
     4     4.6416E+04  -2.30700279E+02 +/-   2.43348313E-06   5.92752509E-07
     5     1.0000E+04  -2.30700279E+02 +/-   2.43346873E-06   5.92745496E-07
     6     2.1544E+03  -2.30700279E+02 +/-   2.43340198E-06   5.92712978E-07
     7     4.6416E+02  -2.30700279E+02 +/-   2.43309366E-06   5.92562790E-07
     8     1.0000E+02  -2.30700279E+02 +/-   2.43169487E-06   5.91881654E-07
     9     2.1544E+01  -2.30700279E+02 +/-   2.42595414E-06   5.89090335E-07
    10     4.6416E+00  -2.30700279E+02 +/-   2.43559410E-06   5.93781343E-07
    11     1.0000E+00  -2.30700277E+02 +/-   3.87043066E-06   1.49946145E-06
    12     2.1544E-01  -2.30700245E+02 +/-   1.33531384E-05   1.78477480E-05
    13     4.6416E-02  -2.30068744E+02 +/-   1.05417677E-03   1.11235551E-01
    14     1.0000E-02  -2.30141053E+02 +/-   1.36809198E-03   1.87347247E-01
    15     2.1544E-03  -2.30145809E+02 +/-   1.47793936E-03   2.18640167E-01
    16     4.6416E-04  -2.30142771E+02 +/-   1.50062046E-03   2.25402356E-01
    17     1.0000E-04  -2.30141831E+02 +/-   1.50546463E-03   2.26859951E-01
    18     2.1544E-05  -2.30141614E+02 +/-   1.50650669E-03   2.27174120E-01
    19     4.6416E-06  -2.30141567E+02 +/-   1.50673113E-03   2.27241814E-01
    20     1.0000E-06  -2.30141556E+02 +/-   1.50677948E-03   2.27256398E-01
    21     0.0000E+00  -2.30141554E+02 +/-   1.50679276E-03   2.27260403E-01
  ParMin   9.8569E+00  -2.30700279E+02 +/-   2.42070345E-06   5.86543061E-07
  # Using grid point #10
* Iteration # 1: E =  -2.307002787824E+02 +/-   2.435594095782E-06
* Convergence: exiting.
* After optimization:
  -7.6582E-01   3.1546E-01  -6.9810E-02  -6.1339E-02   1.6375E-02   1.2769E-02
  -1.5161E-01  -1.6491E-01   3.3679E-02   3.7179E-02   7.4383E-02  -1.1445E-02
   2.5840E-02  -3.3104E-02  -2.9057E-02  -2.9858E-02   1.5229E-02  -5.5152E-03
   7.6855E-01   7.3237E-02  -8.9201E-03  -1.1521E-04  -1.7085E-02  -1.7261E-02
   6.3061E-02  -1.0172E-03   3.4754E-03  -3.5762E-04  -6.9332E-03   1.9450E-01
   5.7373E-02   6.0858E-02   4.4126E-02   5.2948E-02   1.5539E-01   6.3399E-02
   6.3941E-02   5.7752E-02   5.8206E-02
  > Energy =  -2.307002787824E+02 +/-   2.435594095782E-06
  > varE =   5.937813433263E-07

VMC #2:
* Size of Hilbert space =   4.0000E+02
* Deterministic energy evaluation:
  > Deterministic Etot/t = -230.7002784091285
    - Ttot/t = -10.36322203488970
    - Utot/t = 3.905435479909054
* Number of equil. steps   = 1000
* Running VMC equilibration.
  Done. [total walltime: 0.06s]
* Equil. acc.ratio (%)     =  43.3922
* Sample config after equilibration:
  +-----+
  |  u  |
  |2   2|
  |0   0|
  |  d  |
  +-----+
* Number of accum. steps   = 500480 x 10
* Running VMC accumulation.
  Done. [total walltime: 7.15s]
* Acceptance ratio (%)     =  43.2255
* Etot/t                   =  -2.307002767333E+02 +/-   1.105514657584E-06
  > Ttot/t                 =  -1.036365621903E+01 +/-   2.867781249425E-04
  > Utot/t                 =   3.905871339931E+00 +/-   2.867890411912E-04
* var[Eloc/t]              =   6.043217300547E-07 +/-   6.140469945147E-09
* Correlation length       =   1.012156169012E+00
* log10 Psi^2 range: -7.786261572908848 -- -3.612316604190505
* log10 Pgen range : -7.786261572908848 -- -3.612316604190505
* Site occupation (ave. no. electrons per config.):
  > Site_  ___eu____  ___ed____
      1        0.500      0.502
      2        0.501      0.505
      3        0.497      0.497
      4        0.497      0.502
      5        0.504      0.498
      6        0.502      0.496
* Pair-correlation analysis (ave. no. pairs per config.):
  > Shell  nsite  ___dh____  __eueu___  __eued___
      0      1        0          0          1.031
      1      4        1.061      1.476      3.528
      2      4        0.151      0.839      1.103
      3      4        0.075      0.425      0.557
      4      4        0.231      2.176      1.859
      5      4        0.117      1.084      0.922

Optimization #2:
* Method          : lls
* Target function : energy
* No. of configs. : 100096
* No. of params.  : 39
* Before optimization:
  -7.6582E-01   3.1546E-01  -6.9810E-02  -6.1339E-02   1.6375E-02   1.2769E-02
  -1.5161E-01  -1.6491E-01   3.3679E-02   3.7179E-02   7.4383E-02  -1.1445E-02
   2.5840E-02  -3.3104E-02  -2.9057E-02  -2.9858E-02   1.5229E-02  -5.5152E-03
   7.6855E-01   7.3237E-02  -8.9201E-03  -1.1521E-04  -1.7085E-02  -1.7261E-02
   6.3061E-02  -1.0172E-03   3.4754E-03  -3.5762E-04  -6.9332E-03   1.9450E-01
   5.7373E-02   6.0858E-02   4.4126E-02   5.2948E-02   1.5539E-01   6.3399E-02
   6.3941E-02   5.7752E-02   5.8206E-02
  > E    =  -2.307002776027E+02 +/-   2.428776521796E-06
  > varE =   5.904618390003E-07
* Computing derivatives.
  Done. [total walltime: 35.7s]
* Optimizing manipulation constant:
  #igrid a___________ E____________________________________ varE____________
     1     Infinity    -2.30700278E+02 +/-   2.42877652E-06   5.90461839E-07
     2     1.0000E+06  -2.30700278E+02 +/-   2.42877633E-06   5.90461744E-07
     3     2.1544E+05  -2.30700278E+02 +/-   2.42877561E-06   5.90461397E-07
     4     4.6416E+04  -2.30700278E+02 +/-   2.42877230E-06   5.90459786E-07
     5     1.0000E+04  -2.30700278E+02 +/-   2.42875692E-06   5.90452310E-07
     6     2.1544E+03  -2.30700278E+02 +/-   2.42868562E-06   5.90417642E-07
     7     4.6416E+02  -2.30700278E+02 +/-   2.42835599E-06   5.90257385E-07
     8     1.0000E+02  -2.30700278E+02 +/-   2.42685409E-06   5.89527480E-07
     9     2.1544E+01  -2.30700278E+02 +/-   2.42044106E-06   5.86415912E-07
    10     4.6416E+00  -2.30700278E+02 +/-   2.39946267E-06   5.76294824E-07
    11     1.0000E+00  -2.30700277E+02 +/-   2.40293307E-06   5.77963047E-07
    12     2.1544E-01  -2.30700272E+02 +/-   3.45951470E-06   1.19797315E-06
    13     4.6416E-02  -2.30700260E+02 +/-   6.40311528E-06   4.10392452E-06
    14     1.0000E-02  -2.30700252E+02 +/-   8.12462873E-06   6.60729612E-06
    15     2.1544E-03  -2.30700249E+02 +/-   8.62151612E-06   7.44018975E-06
    16     4.6416E-04  -2.30700249E+02 +/-   8.73628697E-06   7.63959797E-06
    17     1.0000E-04  -2.30700249E+02 +/-   8.76139659E-06   7.68357619E-06
    18     2.1544E-05  -2.30700249E+02 +/-   8.76682434E-06   7.69309920E-06
    19     4.6416E-06  -2.30700249E+02 +/-   8.76799455E-06   7.69515311E-06
    20     1.0000E-06  -2.30700249E+02 +/-   8.76824671E-06   7.69559572E-06
    21     0.0000E+00  -2.30700249E+02 +/-   8.76831595E-06   7.69571727E-06
* Iteration # 1: E =  -2.307002775955E+02 +/-   2.399462672702E-06
* Convergence: exiting.
* After optimization:
  -7.6418E-01   3.1514E-01  -7.0108E-02  -6.1587E-02   1.6177E-02   1.2641E-02
  -1.5146E-01  -1.6480E-01   3.4079E-02   3.7093E-02   7.4925E-02  -1.1720E-02
   2.5947E-02  -3.3096E-02  -2.8941E-02  -3.0020E-02   1.5186E-02  -5.4332E-03
   7.6903E-01   7.3166E-02  -9.3946E-03  -3.8040E-04  -1.7574E-02  -1.7762E-02
   6.2942E-02  -1.5883E-03   2.9088E-03  -7.5823E-04  -7.2929E-03   1.9396E-01
   5.6519E-02   6.0033E-02   4.3154E-02   5.1929E-02   1.5479E-01   6.2447E-02
   6.2743E-02   5.6953E-02   5.7416E-02
  > Energy =  -2.307002775955E+02 +/-   2.399462672702E-06
  > varE =   5.762948241963E-07

VMC #3:
* Size of Hilbert space =   4.0000E+02
* Deterministic energy evaluation:
  > Deterministic Etot/t = -230.7002784179996
    - Ttot/t = -10.36321960029942
    - Utot/t = 3.905433036447676
* Number of equil. steps   = 1000
* Running VMC equilibration.
  Done. [total walltime: 0.06s]
* Equil. acc.ratio (%)     =  43.3303
* Sample config after equilibration:
  +-----+
  |  u  |
  |d   u|
  |2   d|
  |  0  |
  +-----+
* Number of accum. steps   = 500480 x 10
* Running VMC accumulation.
  Done. [total walltime: 7.12s]
* Acceptance ratio (%)     =  43.2327
* Etot/t                   =  -2.307002792417E+02 +/-   1.093873459900E-06
  > Ttot/t                 =  -1.036302547170E+01 +/-   2.968913591381E-04
  > Utot/t                 =   3.905238084083E+00 +/-   2.968912131960E-04
* var[Eloc/t]              =   6.000268171624E-07 +/-   1.101615030870E-08
* Correlation length       =   9.980452613087E-01
* log10 Psi^2 range: -7.778013929100457 -- -3.606910571463056
* log10 Pgen range : -7.778013929100457 -- -3.606910571463056
* Site occupation (ave. no. electrons per config.):
  > Site_  ___eu____  ___ed____
      1        0.499      0.504
      2        0.500      0.499
      3        0.501      0.498
      4        0.502      0.502
      5        0.498      0.498
      6        0.501      0.498
* Pair-correlation analysis (ave. no. pairs per config.):
  > Shell  nsite  ___dh____  __eueu___  __eued___
      0      1        0          0          1.030
      1      4        1.059      1.476      3.531
      2      4        0.150      0.845      1.110
      3      4        0.075      0.420      0.551
      4      4        0.233      2.170      1.850
      5      4        0.117      1.088      0.928

Optimization #3:
* Method          : lls
* Target function : energy
* No. of configs. : 100096
* No. of params.  : 39
* Before optimization:
  -7.6418E-01   3.1514E-01  -7.0108E-02  -6.1587E-02   1.6177E-02   1.2641E-02
  -1.5146E-01  -1.6480E-01   3.4079E-02   3.7093E-02   7.4925E-02  -1.1720E-02
   2.5947E-02  -3.3096E-02  -2.8941E-02  -3.0020E-02   1.5186E-02  -5.4332E-03
   7.6903E-01   7.3166E-02  -9.3946E-03  -3.8040E-04  -1.7574E-02  -1.7762E-02
   6.2942E-02  -1.5883E-03   2.9088E-03  -7.5823E-04  -7.2929E-03   1.9396E-01
   5.6519E-02   6.0033E-02   4.3154E-02   5.1929E-02   1.5479E-01   6.2447E-02
   6.2743E-02   5.6953E-02   5.7416E-02
  > E    =  -2.307002748390E+02 +/-   2.409474450163E-06
  > varE =   5.811140470428E-07
* Computing derivatives.
  Done. [total walltime: 35.8s]
* Optimizing manipulation constant:
  #igrid a___________ E____________________________________ varE____________
     1     Infinity    -2.30700275E+02 +/-   2.40947445E-06   5.81114047E-07
     2     1.0000E+06  -2.30700275E+02 +/-   2.40947432E-06   5.81113985E-07
     3     2.1544E+05  -2.30700275E+02 +/-   2.40947385E-06   5.81113758E-07
     4     4.6416E+04  -2.30700275E+02 +/-   2.40947167E-06   5.81112704E-07
     5     1.0000E+04  -2.30700275E+02 +/-   2.40946153E-06   5.81107815E-07
     6     2.1544E+03  -2.30700275E+02 +/-   2.40941452E-06   5.81085139E-07
     7     4.6416E+02  -2.30700275E+02 +/-   2.40919710E-06   5.80980271E-07
     8     1.0000E+02  -2.30700275E+02 +/-   2.40820455E-06   5.80501663E-07
     9     2.1544E+01  -2.30700275E+02 +/-   2.40393423E-06   5.78444751E-07
    10     4.6416E+00  -2.30700275E+02 +/-   2.38987984E-06   5.71700873E-07
    11     1.0000E+00  -2.30700275E+02 +/-   2.38429110E-06   5.69030149E-07
    12     2.1544E-01  -2.30700275E+02 +/-   2.48588005E-06   6.18553204E-07
    13     4.6416E-02  -2.30700275E+02 +/-   2.63190053E-06   6.93355025E-07
    14     1.0000E-02  -2.30700275E+02 +/-   2.69909066E-06   7.29208405E-07
    15     2.1544E-03  -2.30700275E+02 +/-   2.71710898E-06   7.38976859E-07
    16     4.6416E-04  -2.30700275E+02 +/-   2.72119538E-06   7.41201301E-07
    17     1.0000E-04  -2.30700275E+02 +/-   2.72208576E-06   7.41686422E-07
    18     2.1544E-05  -2.30700275E+02 +/-   2.72227805E-06   7.41791214E-07
    19     4.6416E-06  -2.30700275E+02 +/-   2.72231950E-06   7.41813804E-07
    20     1.0000E-06  -2.30700275E+02 +/-   2.72232843E-06   7.41818671E-07
    21     0.0000E+00  -2.30700275E+02 +/-   2.72233088E-06   7.41820008E-07
* Iteration # 1: E =  -2.307002748390E+02 +/-   2.409474320944E-06
* Convergence: exiting.
* After optimization:
  -7.6418E-01   3.1514E-01  -7.0108E-02  -6.1587E-02   1.6177E-02   1.2641E-02
  -1.5146E-01  -1.6480E-01   3.4079E-02   3.7093E-02   7.4925E-02  -1.1720E-02
   2.5947E-02  -3.3096E-02  -2.8941E-02  -3.0020E-02   1.5186E-02  -5.4332E-03
   7.6903E-01   7.3166E-02  -9.3946E-03  -3.8040E-04  -1.7574E-02  -1.7762E-02
   6.2942E-02  -1.5884E-03   2.9088E-03  -7.5824E-04  -7.2929E-03   1.9396E-01
   5.6519E-02   6.0033E-02   4.3154E-02   5.1929E-02   1.5479E-01   6.2447E-02
   6.2743E-02   5.6953E-02   5.7416E-02
  > Energy =  -2.307002748390E+02 +/-   2.409474320944E-06
  > varE =   5.811139847132E-07

VMC #4:
* Size of Hilbert space =   4.0000E+02
* Deterministic energy evaluation:
  > Deterministic Etot/t = -230.7002784179997
    - Ttot/t = -10.36321960029649
    - Utot/t = 3.905433036444691
* Number of equil. steps   = 1000
* Running VMC equilibration.
  Done. [total walltime: 0.06s]
* Equil. acc.ratio (%)     =  43.3303
* Sample config after equilibration:
  +-----+
  |  u  |
  |d   d|
  |u   u|
  |  d  |
  +-----+
* Number of accum. steps   = 500480 x 10
* Running VMC accumulation.
  Done. [total walltime: 7.12s]
* Acceptance ratio (%)     =  43.2548
* Etot/t                   =  -2.307002777695E+02 +/-   1.104319413358E-06
  > Ttot/t                 =  -1.036321353760E+01 +/-   2.877802682216E-04
  > Utot/t                 =   3.905427622202E+00 +/-   2.878012081299E-04
* var[Eloc/t]              =   6.109561843909E-07 +/-   1.034311280277E-08
* Correlation length       =   9.990013510122E-01
* log10 Psi^2 range: -7.778013810333724 -- -3.606910454042257
* log10 Pgen range : -7.778013810333724 -- -3.606910454042257
* Site occupation (ave. no. electrons per config.):
  > Site_  ___eu____  ___ed____
      1        0.499      0.504
      2        0.496      0.502
      3        0.504      0.496
      4        0.500      0.498
      5        0.499      0.499
      6        0.502      0.501
* Pair-correlation analysis (ave. no. pairs per config.):
  > Shell  nsite  ___dh____  __eueu___  __eued___
      0      1        0          0          1.029
      1      4        1.054      1.476      3.537
      2      4        0.148      0.842      1.113
      3      4        0.074      0.420      0.552
      4      4        0.234      2.173      1.846
      5      4        0.117      1.090      0.924

Optimization #4:
* Method          : lls
* Target function : energy
* No. of configs. : 100096
* No. of params.  : 39
* Before optimization:
  -7.6418E-01   3.1514E-01  -7.0108E-02  -6.1587E-02   1.6177E-02   1.2641E-02
  -1.5146E-01  -1.6480E-01   3.4079E-02   3.7093E-02   7.4925E-02  -1.1720E-02
   2.5947E-02  -3.3096E-02  -2.8941E-02  -3.0020E-02   1.5186E-02  -5.4332E-03
   7.6903E-01   7.3166E-02  -9.3946E-03  -3.8040E-04  -1.7574E-02  -1.7762E-02
   6.2942E-02  -1.5884E-03   2.9088E-03  -7.5824E-04  -7.2929E-03   1.9396E-01
   5.6519E-02   6.0033E-02   4.3154E-02   5.1929E-02   1.5479E-01   6.2447E-02
   6.2743E-02   5.6953E-02   5.7416E-02
  > E    =  -2.307002774436E+02 +/-   2.459581096063E-06
  > varE =   6.055346725713E-07
* Computing derivatives.
  Done. [total walltime: 35.7s]
* Optimizing manipulation constant:
  #igrid a___________ E____________________________________ varE____________
     1     Infinity    -2.30700277E+02 +/-   2.45958110E-06   6.05534673E-07
     2     1.0000E+06  -2.30700277E+02 +/-   2.45958099E-06   6.05534621E-07
     3     2.1544E+05  -2.30700277E+02 +/-   2.45958061E-06   6.05534433E-07
     4     4.6416E+04  -2.30700277E+02 +/-   2.45957876E-06   6.05533522E-07
     5     1.0000E+04  -2.30700277E+02 +/-   2.45956863E-06   6.05528535E-07
     6     2.1544E+03  -2.30700277E+02 +/-   2.45949237E-06   6.05490988E-07
     7     4.6416E+02  -2.30700277E+02 +/-   2.46038091E-06   6.05928558E-07
     8     1.0000E+02  -2.30700275E+02 +/-   3.24851075E-06   1.05629528E-06
     9     2.1544E+01  -2.30699988E+02 +/-   4.43439228E-05   1.96827122E-04
    10     4.6416E+00  -2.30694377E+02 +/-   2.11107064E-04   4.46089759E-03
    11     1.0000E+00  -2.30700235E+02 +/-   1.54945445E-05   2.40311387E-05
    12     2.1544E-01  -2.30700156E+02 +/-   2.84607698E-05   8.10793035E-05
    13     4.6416E-02  -2.30700259E+02 +/-   7.83803650E-06   6.14937936E-06
    14     1.0000E-02  -2.30700203E+02 +/-   2.05145720E-05   4.21251676E-05
    15     2.1544E-03  -2.30700158E+02 +/-   2.73229758E-05   7.47261691E-05
    16     4.6416E-04  -2.30700145E+02 +/-   2.90329245E-05   8.43719897E-05
    17     1.0000E-04  -2.30700141E+02 +/-   2.94132000E-05   8.65966865E-05
    18     2.1544E-05  -2.30700141E+02 +/-   2.94956855E-05   8.70830660E-05
    19     4.6416E-06  -2.30700141E+02 +/-   2.95134824E-05   8.71881849E-05
    20     1.0000E-06  -2.30700141E+02 +/-   2.95173179E-05   8.72108475E-05
    21     0.0000E+00  -2.30700141E+02 +/-   2.95183712E-05   8.72170718E-05
* Iteration # 1: E =  -2.307002774436E+02 +/-   2.459581096063E-06
* Convergence: exiting.
* After optimization:
  -7.6418E-01   3.1514E-01  -7.0108E-02  -6.1587E-02   1.6177E-02   1.2641E-02
  -1.5146E-01  -1.6480E-01   3.4079E-02   3.7093E-02   7.4925E-02  -1.1720E-02
   2.5947E-02  -3.3096E-02  -2.8941E-02  -3.0020E-02   1.5186E-02  -5.4332E-03
   7.6903E-01   7.3166E-02  -9.3946E-03  -3.8040E-04  -1.7574E-02  -1.7762E-02
   6.2942E-02  -1.5884E-03   2.9088E-03  -7.5824E-04  -7.2929E-03   1.9396E-01
   5.6519E-02   6.0033E-02   4.3154E-02   5.1929E-02   1.5479E-01   6.2447E-02
   6.2743E-02   5.6953E-02   5.7416E-02
  > Energy =  -2.307002774436E+02 +/-   2.459581096063E-06
  > varE =   6.055346725713E-07

VMC #5:
* Size of Hilbert space =   4.0000E+02
* Deterministic energy evaluation:
  > Deterministic Etot/t = -230.7002784179997
    - Ttot/t = -10.36321960029649
    - Utot/t = 3.905433036444691
* Number of equil. steps   = 1000
* Running VMC equilibration.
  Done. [total walltime: 0.06s]
* Equil. acc.ratio (%)     =  43.1922
* Sample config after equilibration:
  +-----+
  |  2  |
  |u   0|
  |d   d|
  |  u  |
  +-----+
* Number of accum. steps   = 500480 x 10
* Running VMC accumulation.
  Done. [total walltime: 7.14s]
* Acceptance ratio (%)     =  43.2824
* Etot/t                   =  -2.307002785494E+02 +/-   1.101695482207E-06
  > Ttot/t                 =  -1.036343389152E+01 +/-   2.927559411034E-04
  > Utot/t                 =   3.905647196291E+00 +/-   2.927901448601E-04
* var[Eloc/t]              =   6.070029586945E-07 +/-   9.736794826188E-09
* Correlation length       =   1.000734923720E+00
* log10 Psi^2 range: -7.778013810333775 -- -3.606910454042252
* log10 Pgen range : -7.778013810333775 -- -3.606910454042252
* Site occupation (ave. no. electrons per config.):
  > Site_  ___eu____  ___ed____
      1        0.500      0.500
      2        0.499      0.499
      3        0.498      0.501
      4        0.499      0.499
      5        0.502      0.501
      6        0.503      0.500
* Pair-correlation analysis (ave. no. pairs per config.):
  > Shell  nsite  ___dh____  __eueu___  __eued___
      0      1        0          0          1.033
      1      4        1.063      1.480      3.523
      2      4        0.152      0.841      1.107
      3      4        0.077      0.420      0.554
      4      4        0.232      2.175      1.856
      5      4        0.116      1.085      0.928

Optimization #5:
* Method          : lls
* Target function : energy
* No. of configs. : 100096
* No. of params.  : 39
* Before optimization:
  -7.6418E-01   3.1514E-01  -7.0108E-02  -6.1587E-02   1.6177E-02   1.2641E-02
  -1.5146E-01  -1.6480E-01   3.4079E-02   3.7093E-02   7.4925E-02  -1.1720E-02
   2.5947E-02  -3.3096E-02  -2.8941E-02  -3.0020E-02   1.5186E-02  -5.4332E-03
   7.6903E-01   7.3166E-02  -9.3946E-03  -3.8040E-04  -1.7574E-02  -1.7762E-02
   6.2942E-02  -1.5884E-03   2.9088E-03  -7.5824E-04  -7.2929E-03   1.9396E-01
   5.6519E-02   6.0033E-02   4.3154E-02   5.1929E-02   1.5479E-01   6.2447E-02
   6.2743E-02   5.6953E-02   5.7416E-02
  > E    =  -2.307002810926E+02 +/-   2.478129836193E-06
  > varE =   6.147022967416E-07
* Computing derivatives.
  Done. [total walltime: 35.8s]
* Optimizing manipulation constant:
  #igrid a___________ E____________________________________ varE____________
     1     Infinity    -2.30700281E+02 +/-   2.47812984E-06   6.14702297E-07
     2     1.0000E+06  -2.30700281E+02 +/-   2.47812966E-06   6.14702212E-07
     3     2.1544E+05  -2.30700281E+02 +/-   2.47812904E-06   6.14701902E-07
     4     4.6416E+04  -2.30700281E+02 +/-   2.47812614E-06   6.14700465E-07
     5     1.0000E+04  -2.30700281E+02 +/-   2.47811271E-06   6.14693798E-07
     6     2.1544E+03  -2.30700281E+02 +/-   2.47805037E-06   6.14662875E-07
     7     4.6416E+02  -2.30700281E+02 +/-   2.47776207E-06   6.14519862E-07
     8     1.0000E+02  -2.30700281E+02 +/-   2.47644578E-06   6.13867118E-07
     9     2.1544E+01  -2.30700281E+02 +/-   2.47077617E-06   6.11059541E-07
    10     4.6416E+00  -2.30700281E+02 +/-   2.45167963E-06   6.01650332E-07
    11     1.0000E+00  -2.30700281E+02 +/-   2.43016523E-06   5.91137254E-07
    12     2.1544E-01  -2.30700281E+02 +/-   2.49278606E-06   6.21994774E-07
    13     4.6416E-02  -2.30700281E+02 +/-   2.57364266E-06   6.62999524E-07
    14     1.0000E-02  -2.30700281E+02 +/-   2.60272230E-06   6.78066656E-07
    15     2.1544E-03  -2.30700281E+02 +/-   2.60978954E-06   6.81754002E-07
    16     4.6416E-04  -2.30700281E+02 +/-   2.61135296E-06   6.82571066E-07
    17     1.0000E-04  -2.30700281E+02 +/-   2.61169172E-06   6.82748172E-07
    18     2.1544E-05  -2.30700281E+02 +/-   2.61176479E-06   6.82786378E-07
    19     4.6416E-06  -2.30700281E+02 +/-   2.61178054E-06   6.82794612E-07
    20     1.0000E-06  -2.30700281E+02 +/-   2.61178393E-06   6.82796386E-07
    21     0.0000E+00  -2.30700281E+02 +/-   2.61178486E-06   6.82796873E-07
* Iteration # 1: E =  -2.307002810926E+02 +/-   2.478129836193E-06
* Convergence: exiting.
* After optimization:
  -7.6418E-01   3.1514E-01  -7.0108E-02  -6.1587E-02   1.6177E-02   1.2641E-02
  -1.5146E-01  -1.6480E-01   3.4079E-02   3.7093E-02   7.4925E-02  -1.1720E-02
   2.5947E-02  -3.3096E-02  -2.8941E-02  -3.0020E-02   1.5186E-02  -5.4332E-03
   7.6903E-01   7.3166E-02  -9.3946E-03  -3.8040E-04  -1.7574E-02  -1.7762E-02
   6.2942E-02  -1.5884E-03   2.9088E-03  -7.5824E-04  -7.2929E-03   1.9396E-01
   5.6519E-02   6.0033E-02   4.3154E-02   5.1929E-02   1.5479E-01   6.2447E-02
   6.2743E-02   5.6953E-02   5.7416E-02
  > Energy =  -2.307002810926E+02 +/-   2.478129836193E-06
  > varE =   6.147022967416E-07

VMC #6:
* Size of Hilbert space =   4.0000E+02
* Deterministic energy evaluation:
  > Deterministic Etot/t = -230.7002784179997
    - Ttot/t = -10.36321960029649
    - Utot/t = 3.905433036444691
* Number of equil. steps   = 1000
* Running VMC equilibration.
  Done. [total walltime: 0.06s]
* Equil. acc.ratio (%)     =  43.1464
* Sample config after equilibration:
  +-----+
  |  2  |
  |0   u|
  |d   d|
  |  u  |
  +-----+
* Number of accum. steps   = 500480 x 10
* Running VMC accumulation.
  Done. [total walltime: 7.07s]
* Acceptance ratio (%)     =  43.2643
* Etot/t                   =  -2.307002783053E+02 +/-   1.082448838016E-06
  > Ttot/t                 =  -1.036361025912E+01 +/-   2.848957139698E-04
  > Utot/t                 =   3.905823807958E+00 +/-   2.848984442003E-04
* var[Eloc/t]              =   5.959424359743E-07 +/-   6.249959209909E-09
* Correlation length       =   9.840046989377E-01
* log10 Psi^2 range: -7.778013810333725 -- -3.606910454042260
* log10 Pgen range : -7.778013810333725 -- -3.606910454042260
* Site occupation (ave. no. electrons per config.):
  > Site_  ___eu____  ___ed____
      1        0.499      0.499
      2        0.501      0.502
      3        0.497      0.499
      4        0.498      0.499
      5        0.503      0.500
      6        0.501      0.500
* Pair-correlation analysis (ave. no. pairs per config.):
  > Shell  nsite  ___dh____  __eueu___  __eued___
      0      1        0          0          1.030
      1      4        1.055      1.484      3.527
      2      4        0.148      0.840      1.106
      3      4        0.075      0.424      0.557
      4      4        0.233      2.172      1.857
      5      4        0.118      1.079      0.923

Optimization #6:
* Method          : lls
* Target function : energy
* No. of configs. : 100096
* No. of params.  : 39
* Before optimization:
  -7.6418E-01   3.1514E-01  -7.0108E-02  -6.1587E-02   1.6177E-02   1.2641E-02
  -1.5146E-01  -1.6480E-01   3.4079E-02   3.7093E-02   7.4925E-02  -1.1720E-02
   2.5947E-02  -3.3096E-02  -2.8941E-02  -3.0020E-02   1.5186E-02  -5.4332E-03
   7.6903E-01   7.3166E-02  -9.3946E-03  -3.8040E-04  -1.7574E-02  -1.7762E-02
   6.2942E-02  -1.5884E-03   2.9088E-03  -7.5824E-04  -7.2929E-03   1.9396E-01
   5.6519E-02   6.0033E-02   4.3154E-02   5.1929E-02   1.5479E-01   6.2447E-02
   6.2743E-02   5.6953E-02   5.7416E-02
  > E    =  -2.307002804623E+02 +/-   2.460545986413E-06
  > varE =   6.060098666343E-07
* Computing derivatives.
  Done. [total walltime: 35.8s]
* Optimizing manipulation constant:
  #igrid a___________ E____________________________________ varE____________
     1     Infinity    -2.30700280E+02 +/-   2.46054599E-06   6.06009867E-07
     2     1.0000E+06  -2.30700280E+02 +/-   2.46054588E-06   6.06009813E-07
     3     2.1544E+05  -2.30700280E+02 +/-   2.46054548E-06   6.06009619E-07
     4     4.6416E+04  -2.30700280E+02 +/-   2.46054365E-06   6.06008716E-07
     5     1.0000E+04  -2.30700280E+02 +/-   2.46053515E-06   6.06004528E-07
     6     2.1544E+03  -2.30700280E+02 +/-   2.46049572E-06   6.05985107E-07
     7     4.6416E+02  -2.30700280E+02 +/-   2.46031361E-06   6.05895409E-07
     8     1.0000E+02  -2.30700280E+02 +/-   2.45948696E-06   6.05488322E-07
     9     2.1544E+01  -2.30700281E+02 +/-   2.45602809E-06   6.03786475E-07
    10     4.6416E+00  -2.30700281E+02 +/-   2.44885919E-06   6.00266838E-07
    11     1.0000E+00  -2.30700281E+02 +/-   2.50589567E-06   6.28554144E-07
    12     2.1544E-01  -2.30700282E+02 +/-   2.73540592E-06   7.48962871E-07
    13     4.6416E-02  -2.30700283E+02 +/-   2.91790990E-06   8.52237183E-07
    14     1.0000E-02  -2.30700283E+02 +/-   2.97842646E-06   8.87954034E-07
    15     2.1544E-03  -2.30700283E+02 +/-   2.99297088E-06   8.96647425E-07
    16     4.6416E-04  -2.30700283E+02 +/-   2.99618248E-06   8.98572747E-07
    17     1.0000E-04  -2.30700283E+02 +/-   2.99687811E-06   8.98990045E-07
    18     2.1544E-05  -2.30700283E+02 +/-   2.99702816E-06   8.99080066E-07
    19     4.6416E-06  -2.30700283E+02 +/-   2.99706049E-06   8.99099466E-07
    20     1.0000E-06  -2.30700283E+02 +/-   2.99706746E-06   8.99103646E-07
    21     0.0000E+00  -2.30700283E+02 +/-   2.99706937E-06   8.99104794E-07
* Iteration # 1: E =  -2.307002822989E+02 +/-   2.735405922020E-06
* Convergence: exiting.
* After optimization:
  -7.6442E-01   3.1349E-01  -6.9835E-02  -6.2062E-02   1.6467E-02   1.3210E-02
  -1.4760E-01  -1.6610E-01   3.3753E-02   3.7705E-02   7.8001E-02  -1.3313E-02
   2.7943E-02  -3.4700E-02  -2.8549E-02  -2.9890E-02   1.4734E-02  -4.4309E-03
   7.6939E-01   7.0777E-02  -1.3842E-02  -4.4602E-03  -2.0766E-02  -2.0876E-02
   6.0886E-02  -5.2667E-03  -5.6554E-04  -4.5069E-03  -1.0885E-02   1.9318E-01
   5.5398E-02   5.9345E-02   4.2318E-02   5.1199E-02   1.5367E-01   6.1933E-02
   6.2637E-02   5.5981E-02   5.6385E-02
  > Energy =  -2.307002822989E+02 +/-   2.735405922020E-06
  > varE =   7.489628705959E-07

VMC #7:
* Size of Hilbert space =   4.0000E+02
* Deterministic energy evaluation:
  > Deterministic Etot/t = -230.7002782495007
    - Ttot/t = -10.36317552615440
    - Utot/t = 3.905389130801524
* Number of equil. steps   = 1000
* Running VMC equilibration.
  Done. [total walltime: 0.06s]
* Equil. acc.ratio (%)     =  43.2051
* Sample config after equilibration:
  +-----+
  |  u  |
  |2   u|
  |0   d|
  |  d  |
  +-----+
* Number of accum. steps   = 500480 x 10
* Running VMC accumulation.
  Done. [total walltime: 7.12s]
* Acceptance ratio (%)     =  43.2829
* Etot/t                   =  -2.307002791881E+02 +/-   1.222647625945E-06
  > Ttot/t                 =  -1.036276697574E+01 +/-   2.898366743131E-04
  > Utot/t                 =   3.904979641857E+00 +/-   2.897590260326E-04
* var[Eloc/t]              =   7.498646445690E-07 +/-   5.909454666818E-09
* Correlation length       =   9.977149213492E-01
* log10 Psi^2 range: -7.762586582093870 -- -3.595504192906287
* log10 Pgen range : -7.762586582093870 -- -3.595504192906287
* Site occupation (ave. no. electrons per config.):
  > Site_  ___eu____  ___ed____
      1        0.498      0.501
      2        0.502      0.501
      3        0.500      0.499
      4        0.500      0.500
      5        0.502      0.501
      6        0.498      0.499
* Pair-correlation analysis (ave. no. pairs per config.):
  > Shell  nsite  ___dh____  __eueu___  __eued___
      0      1        0          0          1.025
      1      4        1.052      1.480      3.532
      2      4        0.150      0.841      1.104
      3      4        0.072      0.424      0.559
      4      4        0.232      2.173      1.854
      5      4        0.115      1.082      0.927

Optimization #7:
* Method          : lls
* Target function : energy
* No. of configs. : 100096
* No. of params.  : 39
* Before optimization:
  -7.6442E-01   3.1349E-01  -6.9835E-02  -6.2062E-02   1.6467E-02   1.3210E-02
  -1.4760E-01  -1.6610E-01   3.3753E-02   3.7705E-02   7.8001E-02  -1.3313E-02
   2.7943E-02  -3.4700E-02  -2.8549E-02  -2.9890E-02   1.4734E-02  -4.4309E-03
   7.6939E-01   7.0777E-02  -1.3842E-02  -4.4602E-03  -2.0766E-02  -2.0876E-02
   6.0886E-02  -5.2667E-03  -5.6554E-04  -4.5069E-03  -1.0885E-02   1.9318E-01
   5.5398E-02   5.9345E-02   4.2318E-02   5.1199E-02   1.5367E-01   6.1933E-02
   6.2637E-02   5.5981E-02   5.6385E-02
  > E    =  -2.307002797787E+02 +/-   2.704024269543E-06
  > varE =   7.318766527635E-07
* Computing derivatives.
  Done. [total walltime: 35.7s]
* Optimizing manipulation constant:
  #igrid a___________ E____________________________________ varE____________
     1     Infinity    -2.30700280E+02 +/-   2.70402427E-06   7.31876653E-07
     2     1.0000E+06  -2.30700280E+02 +/-   2.70402359E-06   7.31876287E-07
     3     2.1544E+05  -2.30700280E+02 +/-   2.70402113E-06   7.31874953E-07
     4     4.6416E+04  -2.30700280E+02 +/-   2.70400958E-06   7.31868701E-07
     5     1.0000E+04  -2.30700280E+02 +/-   2.70395364E-06   7.31838418E-07
     6     2.1544E+03  -2.30700280E+02 +/-   2.70364430E-06   7.31670980E-07
     7     4.6416E+02  -2.30700280E+02 +/-   2.70135589E-06   7.30432907E-07
     8     1.0000E+02  -2.30700279E+02 +/-   2.75091347E-06   7.57478972E-07
     9     2.1544E+01  -2.30700249E+02 +/-   1.05726365E-05   1.11887952E-05
    10     4.6416E+00  -2.30699531E+02 +/-   7.01255113E-05   4.92230822E-04
    11     1.0000E+00  -2.30698886E+02 +/-   9.79657379E-05   9.60649919E-04
    12     2.1544E-01  -2.30700276E+02 +/-   2.42378483E-06   5.88037264E-07
    13     4.6416E-02  -2.30502797E+02 +/-   1.16735542E-03   1.36402689E-01
    14     1.0000E-02  -2.29270168E+02 +/-   1.88558505E-03   3.55884418E-01
    15     2.1544E-03  -2.29270297E+02 +/-   1.88574708E-03   3.55945585E-01
    16     4.6416E-04  -2.29270625E+02 +/-   5.67906473E-04   3.22827379E-02
    17     1.0000E-04  -2.29270774E+02 +/-   5.68499957E-04   3.23502465E-02
    18     2.1544E-05  -2.29270810E+02 +/-   5.68644937E-04   3.23667487E-02
    19     4.6416E-06  -2.29270818E+02 +/-   5.68676880E-04   3.23703852E-02
    20     1.0000E-06  -2.29270820E+02 +/-   5.68683794E-04   3.23711723E-02
    21     0.0000E+00  -2.29270820E+02 +/-   5.68685694E-04   3.23713886E-02
* Iteration # 1: E =  -2.307002797787E+02 +/-   2.704023594139E-06
* Convergence: exiting.
* After optimization:
  -7.6442E-01   3.1349E-01  -6.9835E-02  -6.2062E-02   1.6467E-02   1.3210E-02
  -1.4760E-01  -1.6610E-01   3.3753E-02   3.7705E-02   7.8001E-02  -1.3313E-02
   2.7943E-02  -3.4700E-02  -2.8549E-02  -2.9890E-02   1.4734E-02  -4.4309E-03
   7.6940E-01   7.0777E-02  -1.3842E-02  -4.4602E-03  -2.0766E-02  -2.0876E-02
   6.0886E-02  -5.2667E-03  -5.6554E-04  -4.5069E-03  -1.0885E-02   1.9318E-01
   5.5398E-02   5.9345E-02   4.2318E-02   5.1199E-02   1.5367E-01   6.1933E-02
   6.2637E-02   5.5981E-02   5.6385E-02
  > Energy =  -2.307002797787E+02 +/-   2.704023594139E-06
  > varE =   7.318762871513E-07

VMC #8:
* Size of Hilbert space =   4.0000E+02
* Deterministic energy evaluation:
  > Deterministic Etot/t = -230.7002782495011
    - Ttot/t = -10.36317552618260
    - Utot/t = 3.905389130829387
* Number of equil. steps   = 1000
* Running VMC equilibration.
  Done. [total walltime: 0.06s]
* Equil. acc.ratio (%)     =  43.4232
* Sample config after equilibration:
  +-----+
  |  0  |
  |2   d|
  |d   u|
  |  u  |
  +-----+
* Number of accum. steps   = 500480 x 10
* Running VMC accumulation.
  Done. [total walltime: 7.08s]
* Acceptance ratio (%)     =  43.3129
* Etot/t                   =  -2.307002779437E+02 +/-   1.223203761936E-06
  > Ttot/t                 =  -1.036281606911E+01 +/-   2.861733203666E-04
  > Utot/t                 =   3.905029979651E+00 +/-   2.861288540559E-04
* var[Eloc/t]              =   7.445643250707E-07 +/-   7.064730742153E-09
* Correlation length       =   1.005731654828E+00
* log10 Psi^2 range: -7.762586551859863 -- -3.595504154955161
* log10 Pgen range : -7.762586551859863 -- -3.595504154955161
* Site occupation (ave. no. electrons per config.):
  > Site_  ___eu____  ___ed____
      1        0.499      0.498
      2        0.502      0.497
      3        0.500      0.503
      4        0.498      0.501
      5        0.503      0.499
      6        0.498      0.502
* Pair-correlation analysis (ave. no. pairs per config.):
  > Shell  nsite  ___dh____  __eueu___  __eued___
      0      1        0          0          1.027
      1      4        1.056      1.476      3.533
      2      4        0.149      0.840      1.109
      3      4        0.075      0.422      0.555
      4      4        0.231      2.175      1.853
      5      4        0.117      1.086      0.924

Optimization #8:
* Method          : lls
* Target function : energy
* No. of configs. : 100096
* No. of params.  : 39
* Before optimization:
  -7.6442E-01   3.1349E-01  -6.9835E-02  -6.2062E-02   1.6467E-02   1.3210E-02
  -1.4760E-01  -1.6610E-01   3.3753E-02   3.7705E-02   7.8001E-02  -1.3313E-02
   2.7943E-02  -3.4700E-02  -2.8549E-02  -2.9890E-02   1.4734E-02  -4.4309E-03
   7.6940E-01   7.0777E-02  -1.3842E-02  -4.4602E-03  -2.0766E-02  -2.0876E-02
   6.0886E-02  -5.2667E-03  -5.6554E-04  -4.5069E-03  -1.0885E-02   1.9318E-01
   5.5398E-02   5.9345E-02   4.2318E-02   5.1199E-02   1.5367E-01   6.1933E-02
   6.2637E-02   5.5981E-02   5.6385E-02
  > E    =  -2.307002780830E+02 +/-   2.687916547721E-06
  > varE =   7.231831267067E-07
* Computing derivatives.
  Done. [total walltime: 35.8s]
* Optimizing manipulation constant:
  #igrid a___________ E____________________________________ varE____________
     1     Infinity    -2.30700278E+02 +/-   2.68791655E-06   7.23183127E-07
     2     1.0000E+06  -2.30700278E+02 +/-   2.68791593E-06   7.23182793E-07
     3     2.1544E+05  -2.30700278E+02 +/-   2.68791367E-06   7.23181578E-07
     4     4.6416E+04  -2.30700278E+02 +/-   2.68790318E-06   7.23175936E-07
     5     1.0000E+04  -2.30700278E+02 +/-   2.68785451E-06   7.23149747E-07
     6     2.1544E+03  -2.30700278E+02 +/-   2.68762842E-06   7.23028096E-07
     7     4.6416E+02  -2.30700278E+02 +/-   2.68657532E-06   7.22461591E-07
     8     1.0000E+02  -2.30700278E+02 +/-   2.68162855E-06   7.19803519E-07
     9     2.1544E+01  -2.30700278E+02 +/-   2.65964647E-06   7.08051011E-07
    10     4.6416E+00  -2.30700279E+02 +/-   2.74013248E-06   7.51553400E-07
    11     1.0000E+00  -2.30700191E+02 +/-   4.12930891E-05   1.70675612E-04
    12     2.1544E-01  -2.30666240E+02 +/-   6.88576866E-04   4.74593273E-02
    13     4.6416E-02  -2.30522766E+02 +/-   1.41938371E-03   2.01658418E-01
    14     1.0000E-02  -2.30478319E+02 +/-   1.54241593E-03   2.38133080E-01
    15     2.1544E-03  -2.30469785E+02 +/-   1.56286691E-03   2.44489784E-01
    16     4.6416E-04  -2.30468024E+02 +/-   1.56696381E-03   2.45773273E-01
    17     1.0000E-04  -2.30467648E+02 +/-   1.56783191E-03   2.46045668E-01
    18     2.1544E-05  -2.30467567E+02 +/-   1.56801827E-03   2.46104161E-01
    19     4.6416E-06  -2.30467550E+02 +/-   1.56805838E-03   2.46116754E-01
    20     1.0000E-06  -2.30467546E+02 +/-   1.56806702E-03   2.46119467E-01
    21     0.0000E+00  -2.30467545E+02 +/-   1.56806940E-03   2.46120212E-01
  ParMin   9.9470E+00  -2.30700278E+02 +/-   2.63704065E-06   6.96065919E-07
  # Using grid point #10
* Iteration # 1: E =  -2.307002790707E+02 +/-   2.740132478993E-06
* Convergence: exiting.
* After optimization:
  -7.5984E-01   3.1310E-01  -6.7521E-02  -6.0408E-02   1.7428E-02   1.4412E-02
  -1.4639E-01  -1.6689E-01   3.2595E-02   3.7926E-02   7.7296E-02  -1.3140E-02
   2.8489E-02  -3.5001E-02  -2.9173E-02  -2.9725E-02   1.5169E-02  -3.8507E-03
   7.6031E-01   6.7271E-02  -1.2954E-02  -4.3383E-03  -2.0287E-02  -2.0428E-02
   5.7800E-02  -5.0468E-03  -2.7334E-04  -3.9173E-03  -1.0254E-02   1.9471E-01
   6.0044E-02   6.3935E-02   4.7051E-02   5.5871E-02   1.5568E-01   6.5721E-02
   6.7389E-02   6.0730E-02   6.1128E-02
  > Energy =  -2.307002790707E+02 +/-   2.740132478993E-06
  > varE =   7.515533995395E-07

VMC #9:
* Size of Hilbert space =   4.0000E+02
* Deterministic energy evaluation:
  > Deterministic Etot/t = -230.7002782612824
    - Ttot/t = -10.36326624275499
    - Utot/t = 3.905479835620525
* Number of equil. steps   = 1000
* Running VMC equilibration.
  Done. [total walltime: 0.06s]
* Equil. acc.ratio (%)     =  43.1799
* Sample config after equilibration:
  +-----+
  |  d  |
  |2   u|
  |0   d|
  |  u  |
  +-----+
* Number of accum. steps   = 500480 x 10
* Running VMC accumulation.
  Done. [total walltime: 7.07s]
* Acceptance ratio (%)     =  43.1663
* Etot/t                   =  -2.307002770195E+02 +/-   1.246167965339E-06
  > Ttot/t                 =  -1.036322216269E+01 +/-   2.879915059979E-04
  > Utot/t                 =   3.905436997313E+00 +/-   2.881587705581E-04
* var[Eloc/t]              =   7.786670877191E-07 +/-   1.037153118946E-08
* Correlation length       =   9.981322182263E-01
* log10 Psi^2 range: -7.774551812251530 -- -3.610222596815080
* log10 Pgen range : -7.774551812251530 -- -3.610222596815080
* Site occupation (ave. no. electrons per config.):
  > Site_  ___eu____  ___ed____
      1        0.496      0.501
      2        0.500      0.497
      3        0.502      0.501
      4        0.500      0.501
      5        0.502      0.498
      6        0.500      0.502
* Pair-correlation analysis (ave. no. pairs per config.):
  > Shell  nsite  ___dh____  __eueu___  __eued___
      0      1        0          0          1.026
      1      4        1.054      1.475      3.536
      2      4        0.151      0.841      1.109
      3      4        0.074      0.419      0.553
      4      4        0.230      2.175      1.849
      5      4        0.115      1.090      0.926

Optimization #9:
* Method          : lls
* Target function : energy
* No. of configs. : 100096
* No. of params.  : 39
* Before optimization:
  -7.5984E-01   3.1310E-01  -6.7521E-02  -6.0408E-02   1.7428E-02   1.4412E-02
  -1.4639E-01  -1.6689E-01   3.2595E-02   3.7926E-02   7.7296E-02  -1.3140E-02
   2.8489E-02  -3.5001E-02  -2.9173E-02  -2.9725E-02   1.5169E-02  -3.8507E-03
   7.6031E-01   6.7271E-02  -1.2954E-02  -4.3383E-03  -2.0287E-02  -2.0428E-02
   5.7800E-02  -5.0468E-03  -2.7334E-04  -3.9173E-03  -1.0254E-02   1.9471E-01
   6.0044E-02   6.3935E-02   4.7051E-02   5.5871E-02   1.5568E-01   6.5721E-02
   6.7389E-02   6.0730E-02   6.1128E-02
  > E    =  -2.307002777532E+02 +/-   2.767778299772E-06
  > varE =   7.667950889535E-07
* Computing derivatives.
  Done. [total walltime: 35.7s]
* Optimizing manipulation constant:
  #igrid a___________ E____________________________________ varE____________
     1     Infinity    -2.30700278E+02 +/-   2.76777830E-06   7.66795089E-07
     2     1.0000E+06  -2.30700278E+02 +/-   2.76777745E-06   7.66794618E-07
     3     2.1544E+05  -2.30700278E+02 +/-   2.76777435E-06   7.66792902E-07
     4     4.6416E+04  -2.30700278E+02 +/-   2.76775998E-06   7.66784936E-07
     5     1.0000E+04  -2.30700278E+02 +/-   2.76769326E-06   7.66747969E-07
     6     2.1544E+03  -2.30700278E+02 +/-   2.76738376E-06   7.66576493E-07
     7     4.6416E+02  -2.30700278E+02 +/-   2.76595111E-06   7.65783000E-07
     8     1.0000E+02  -2.30700278E+02 +/-   2.75938921E-06   7.62153845E-07
     9     2.1544E+01  -2.30700278E+02 +/-   2.73101329E-06   7.46559367E-07
    10     4.6416E+00  -2.30700278E+02 +/-   2.61021572E-06   6.81976681E-07
    11     1.0000E+00  -2.30700208E+02 +/-   1.84711024E-05   3.41509158E-05
    12     2.1544E-01  -2.30692665E+02 +/-   2.37826715E-04   5.66158456E-03
    13     4.6416E-02  -2.30624058E+02 +/-   7.48788648E-04   5.61222697E-02
    14     1.0000E-02  -2.30549833E+02 +/-   1.03031394E-03   1.06256590E-01
    15     2.1544E-03  -2.30524328E+02 +/-   1.10569669E-03   1.22373884E-01
    16     4.6416E-04  -2.30518218E+02 +/-   1.12262698E-03   1.26150122E-01
    17     1.0000E-04  -2.30516871E+02 +/-   1.12630560E-03   1.26978213E-01
    18     2.1544E-05  -2.30516580E+02 +/-   1.12709957E-03   1.27157298E-01
    19     4.6416E-06  -2.30516517E+02 +/-   1.12727069E-03   1.27195912E-01
    20     1.0000E-06  -2.30516503E+02 +/-   1.12730756E-03   1.27204232E-01
    21     0.0000E+00  -2.30516500E+02 +/-   1.12731768E-03   1.27206517E-01
  ParMin   9.9662E+00  -2.30700278E+02 +/-   2.69501905E-06   7.27010027E-07
  # Using grid point #10
* Iteration # 1: E =  -2.307002777431E+02 +/-   2.610215721288E-06
* Convergence: exiting.
* After optimization:
  -7.7821E-01   3.1190E-01  -6.7569E-02  -6.0207E-02   1.6931E-02   1.3848E-02
  -1.4582E-01  -1.6603E-01   3.2660E-02   3.7615E-02   7.7158E-02  -1.3473E-02
   2.8350E-02  -3.4961E-02  -2.9418E-02  -3.0063E-02   1.5280E-02  -3.6244E-03
   7.6982E-01   6.7863E-02  -1.2289E-02  -3.4350E-03  -2.0462E-02  -2.0610E-02
   5.8531E-02  -4.4369E-03   3.8591E-04  -3.7967E-03  -1.0298E-02   1.9279E-01
   5.9398E-02   6.3283E-02   4.5552E-02   5.4463E-02   1.5431E-01   6.4953E-02
   6.6452E-02   5.9261E-02   5.9673E-02
  > Energy =  -2.307002777431E+02 +/-   2.610215721288E-06
  > varE =   6.819766808727E-07

VMC #10:
* Size of Hilbert space =   4.0000E+02
* Deterministic energy evaluation:
  > Deterministic Etot/t = -230.7002783311716
    - Ttot/t = -10.36321302771794
    - Utot/t = 3.905426550694203
* Number of equil. steps   = 1000
* Running VMC equilibration.
  Done. [total walltime: 0.06s]
* Equil. acc.ratio (%)     =  43.4673
* Sample config after equilibration:
  +-----+
  |  d  |
  |0   u|
  |2   u|
  |  d  |
  +-----+
* Number of accum. steps   = 500480 x 10
* Running VMC accumulation.
  Done. [total walltime: 7.11s]
* Acceptance ratio (%)     =  43.5856
* Etot/t                   =  -2.307002772993E+02 +/-   1.182731458158E-06
  > Ttot/t                 =  -1.036313050170E+01 +/-   2.925515185537E-04
  > Utot/t                 =   3.905345056594E+00 +/-   2.926022431939E-04
* var[Eloc/t]              =   6.943278986686E-07 +/-   9.313625695565E-09
* Correlation length       =   1.008310773883E+00
* log10 Psi^2 range: -7.767882686719648 -- -3.593979549825928
* log10 Pgen range : -7.767882686719648 -- -3.593979549825928
* Site occupation (ave. no. electrons per config.):
  > Site_  ___eu____  ___ed____
      1        0.501      0.500
      2        0.501      0.503
      3        0.501      0.501
      4        0.501      0.498
      5        0.498      0.501
      6        0.498      0.497
* Pair-correlation analysis (ave. no. pairs per config.):
  > Shell  nsite  ___dh____  __eueu___  __eued___
      0      1        0          0          1.031
      1      4        1.058      1.481      3.527
      2      4        0.149      0.842      1.108
      3      4        0.073      0.423      0.556
      4      4        0.234      2.169      1.853
      5      4        0.116      1.085      0.926

VDAGGER finished.
Total VDAGGER walltime: 13m52s

Run ended: Tue Oct 21 11:55:25 CEST 2025
