Run started: Thu Jan 15 15:24:27 CET 2026
Using VDAGGER_ARCH = gnu7_fkfamd_cluster
Running 1x128 MPI processes.

                               xx
                              +##
                               #X
                               Xx
                          X##XxXxxX##x
                           +   Xx  ++
                               ##
                              +##
                              +##
     ++++         ++          +##
   xX+++##+      ####         +##
  Xx    ###      +X##          ##
 xX    X##+        ##          #X
 +    x##X         #x          #X
      ###         +#           x+
     X##+         #+
     ###         Xx                    _______
     ##X       +X+   __________________VDAGGER
     +##x    +xX     2nd quantized variational
       +xxxxx+       ______quantum Monte Carlo

* Running 128 MPI processes.
* Input file: "input.01.casl"

############# Start of input file dump #############
General:
  Random seed: timer

Plan:
  VMC-optimization:
    Minimum cycles: 10
    Convergence cycles: 7

System:
  Hubbard model:
    Primitive cell:
      a_1: [ 3.0, 1.0 ]
      a_2: [ -1.0, 3.0 ]
    Simulation cell:
      a_1: [ 10.0, 0.0 ]
      a_2: [ 0.0, 10.0 ]
    U: 10.0
    Dump Hamiltonian: FCIDUMP.new
    Dump orbitals: LTSC.new
  netot: 10

VMC:
  nstep: 500000
  nconfig: 100000

Optimization:
  max_niter: 1

Jastrow: wfn.casl
############## End of input file dump ##############

General setup:
* Random seed: 741419180 (from timer)

Hubbard system:
* Dimensionality        : 2
* Simulation cell:
  > a_1 =   1.000000000000E+01   0.000000000000E+00
  > a_2 =   0.000000000000E+00   1.000000000000E+01
* Primitive cell:
  > a_1 =   3.000000000000E+00   1.000000000000E+00
  > a_2 =  -1.000000000000E+00   3.000000000000E+00
* Prim.cells in sim.cell: 10
* Number of sublattices : 1
* # real-space shells   : 3
  > Shell #1: 4 sites, rij =  3.1623E+00
  > Shell #2: 4 sites, rij =  4.4721E+00
  > Shell #3: 1 sites, rij =  7.0711E+00
* Site labels:
  +-----------------------------+
  |                      4      |
  |             7               |
  |   10                        |
  |                         3   |
  |                6            |
  |       9                     |
  |                            2|
  |                   5         |
  |          8                  |
  | 1                           |
  +-----------------------------+
* Shell diagram:
  +-------------------+
  |              0    |
  |        1          |
  |  2                |
  |                1  |
  |          2        |
  |    3              |
  |                  2|
  |            1      |
  |      2            |
  |1                  |
  +-------------------+
* Hop multiplicity diagram:
  +-------------------+
  |              0    |
  |        1          |
  |  -                |
  |                1  |
  |          -        |
  |    -              |
  |                  -|
  |            1      |
  |      -            |
  |1                  |
  +-------------------+
* Reciprocal lattice of the simulation cell:
  > b_1 =   6.283185307180E-01  -0.000000000000E+00
  > b_2 =  -0.000000000000E+00   6.283185307180E-01
* k-vector offset:
  > Fractional:   0.000000000000E+00   0.000000000000E+00
  > Absolute  :   0.000000000000E+00   0.000000000000E+00
* G-vector occupation diagram:
  +----0----+
  |      -  |
  |- - 2 -  |
  0  2 2 2  0
  |  - 2 - -|
  |  -      |
  +----0----+
* G-vectors and non-interacting energy levels:
  > G_1 = [   0.0000E+00,  0.0000E+00,  0.0000E+00 ], e =  -4.0000E+00
  > G_2 = [  -6.2832E-01,  0.0000E+00,  0.0000E+00 ], e =  -1.0000E+00
  > G_3 = [   6.2832E-01,  0.0000E+00,  0.0000E+00 ], e =  -1.0000E+00
  > G_4 = [   0.0000E+00, -6.2832E-01,  0.0000E+00 ], e =  -1.0000E+00
  > G_5 = [   0.0000E+00,  6.2832E-01,  0.0000E+00 ], e =  -1.0000E+00 = e_F
  > G_6 = [  -6.2832E-01, -6.2832E-01,  0.0000E+00 ], e =   1.0000E+00
  > G_7 = [   6.2832E-01,  6.2832E-01,  0.0000E+00 ], e =   1.0000E+00
  > G_8 = [   6.2832E-01, -6.2832E-01,  0.0000E+00 ], e =   1.0000E+00
  > G_9 = [  -6.2832E-01,  6.2832E-01,  0.0000E+00 ], e =   1.0000E+00
  > ...
* U/t                   :  1.00000000000E+01
* Hartree-Fock Etot/t   :  9.00000000000E+00
  > Ttot/t              : -1.60000000000E+01
  > Utot/t              :  2.50000000000E+01
* Writing Hamiltonian to "FCIDUMP.new".
* Writing orbitals to "LTSC.new".
* Analysis of Hamiltonian connecitivity performed:
  - U_iiii [opp] (local, 1-site): 10 (i) values
  - T_ji (single, 2-site): 40 contribs. from 10 (i) values
  - Max. no. wfn. ratios in Eloc: 4
* Site labels:
  +-----------------------------+
  |                      4      |
  |             7               |
  |   10                        |
  |                         3   |
  |                6            |
  |       9                     |
  |                            2|
  |                   5         |
  |          8                  |
  | 1                           |
  +-----------------------------+
* Model system Site kinds:
  [ 1, 1, 1, 1, 1, 1, 1, 1, 1, 1 ]
  +-------------------+
  |              1    |
  |        1          |
  |  1                |
  |                1  |
  |          1        |
  |    1              |
  |                  1|
  |            1      |
  |      1            |
  |1                  |
  +-------------------+
* Maximum Site kind: 1
* Model system Site pair kinds:
  Site 1: [ 0, 1, 2, 1, 2, 3, 2, 1, 2, 1 ]
  Site 2: [ 1, 0, 1, 2, 1, 2, 3, 2, 1, 2 ]
  Site 3: [ 2, 1, 0, 1, 2, 1, 2, 3, 2, 1 ]
  Site 4: [ 1, 2, 1, 0, 1, 2, 1, 2, 3, 2 ]
  Site 5: [ 2, 1, 2, 1, 0, 1, 2, 1, 2, 3 ]
  Site 6: [ 3, 2, 1, 2, 1, 0, 1, 2, 1, 2 ]
  Site 7: [ 2, 3, 2, 1, 2, 1, 0, 1, 2, 1 ]
  Site 8: [ 1, 2, 3, 2, 1, 2, 1, 0, 1, 2 ]
  Site 9: [ 2, 1, 2, 3, 2, 1, 2, 1, 0, 1 ]
  Site 10: [ 1, 2, 1, 2, 3, 2, 1, 2, 1, 0 ]
  For site 1 of kind 1:
  +-------------------+
  |              1    |
  |        2          |
  |  1                |
  |                2  |
  |          3        |
  |    2              |
  |                  1|
  |            2      |
  |      1            |
  |0                  |
  +-------------------+
* Maximum (unsigned) Site pair kind: 3

General system setup:
* Number of sites       : 10
* Number of electrons   : 10
* Spin imbalance MS2    : 0
* Filling               : 0.500000
* Number of orbitals in pool: 13
* Using real-valued orbitals
* Using double-precision arithmetic for orbitals

Trial wave function setup:
* Jastrow parameter file: "wfn.casl"
* Not using multideterminants
* Not using a backflow transformation
* Not using wave function manipulation

VMC #1:
* Size of Hilbert space =   6.3504E+04
* Deterministic energy evaluation:
  > Deterministic Etot/t = 9.0000000000000000
    - Ttot/t = -16.000000000000000
    - Utot/t = 25.000000000000000
* Number of equil. steps   = 1000
* Running VMC equilibration.
  Done. [total walltime: 0.02s]
* Equil. acc.ratio (%)     =  63.1654
* Sample config after equilibration:
  +-------------------+
  |              u    |
  |        d          |
  |  u                |
  |                u  |
  |          u        |
  |    d              |
  |                  u|
  |            d      |
  |      d            |
  |d                  |
  +-------------------+
* Number of accum. steps   = 500480 x 10
* Running VMC accumulation.
  Done. [total walltime: 0.75s]
* Acceptance ratio (%)     =  63.1923
* Etot/t                   =   9.001378676471E+00 +/-   1.251823661050E-02
  > Ttot/t                 =  -1.600000000000E+01 +/-   1.087642850823E-17
  > Utot/t                 =   2.500137867647E+01 +/-   1.251823661050E-02
* var[Eloc/t]              =   7.690792031013E+01 +/-   1.802774766590E-01
* Correlation length       =   1.019769389172E+00
* log10 Psi^2 range: 1.7855800607042627 -- 4.5814600780483739
* log10 Pgen range : 1.7855800607042627 -- 4.5814600780483739
* Site occupation (ave. no. electrons per config.):
  > Site_  ___eu____  ___ed____
      1        0.498      0.503
      2        0.502      0.498
      3        0.497      0.502
      4        0.501      0.499
      5        0.501      0.503
      6        0.504      0.497
      7        0.498      0.501
      8        0.499      0.500
      9        0.499      0.500
     10        0.500      0.498
* Pair-correlation analysis (ave. no. pairs per config.):
  > Shell  nsite  ___dh____  __eueu___  __eued___
      0      1        0          0          2.502
      1     10        3.374      8.399      9.994
      2     10        2.500     10.001     10.006
      3     10        1.157      1.600      2.498

Optimization #1:
* Method          : lls
* Target function : energy
* No. of configs. : 100096
* No. of params.  : 8
* Before optimization:
   0.0000E+00   0.0000E+00   0.0000E+00   0.0000E+00   0.0000E+00   0.0000E+00
   0.0000E+00   0.0000E+00
  > E    =   9.019880914322E+00 +/-   2.775722888299E-02
  > varE =   7.712034004675E+01
* Computing derivatives.
  Done. [total walltime: 0.18s]
* Optimizing manipulation constant:
  #igrid a___________ E____________________________________ varE____________
     1     Infinity     9.01988091E+00 +/-   2.77572289E-02   7.71203400E+01
     2     1.0000E+06   9.01972654E+00 +/-   2.77570615E-02   7.71194098E+01
     3     2.1544E+05   9.01916441E+00 +/-   2.77564519E-02   7.71160228E+01
     4     4.6416E+04   9.01655595E+00 +/-   2.77536248E-02   7.71003143E+01
     5     1.0000E+04   9.00446412E+00 +/-   2.77405461E-02   7.70276655E+01
     6     2.1544E+03   8.94866811E+00 +/-   2.76807689E-02   7.66960543E+01
     7     4.6416E+02   8.69623007E+00 +/-   2.74219393E-02   7.52684641E+01
     8     1.0000E+02   7.62477440E+00 +/-   2.65150588E-02   7.03723267E+01
     9     2.1544E+01   3.44250400E+00 +/-   2.39835950E-02   5.75765035E+01
    10     4.6416E+00  -2.65192481E+00 +/-   1.31777391E-02   1.73819516E+01
    11     1.0000E+00  -2.31337553E+00 +/-   1.44750577E-02   2.09728441E+01
    12     2.1544E-01  -2.08620326E+00 +/-   1.52007380E-02   2.31284255E+01
    13     4.6416E-02  -2.03416395E+00 +/-   1.53584944E-02   2.36109798E+01
    14     1.0000E-02  -2.02285110E+00 +/-   1.53924140E-02   2.37153858E+01
    15     2.1544E-03  -2.02040953E+00 +/-   1.53997175E-02   2.37378963E+01
    16     4.6416E-04  -2.01988331E+00 +/-   1.54012907E-02   2.37427468E+01
    17     1.0000E-04  -2.01976993E+00 +/-   1.54016297E-02   2.37437918E+01
    18     2.1544E-05  -2.01974551E+00 +/-   1.54017027E-02   2.37440170E+01
    19     4.6416E-06  -2.01974024E+00 +/-   1.54017184E-02   2.37440655E+01
    20     1.0000E-06  -2.01973911E+00 +/-   1.54017218E-02   2.37440759E+01
    21     0.0000E+00  -2.01973880E+00 +/-   1.54017227E-02   2.37440788E+01
  ParMin   2.3368E+00  -2.60724066E+00 +/-   1.34205693E-02   1.80284587E+01
  # Using grid point #10
* Iteration # 1: E =  -2.651924808101E+00 +/-   1.317773914149E-02
* Reached maximum number of iterations: exiting.
* After optimization:
  -1.8689E+00   2.7088E-01   2.6089E-01   2.0496E-01   7.9771E-02  -2.0294E-02
   4.7431E-02  -5.0190E-02
  > Energy =  -2.651924808101E+00 +/-   1.317773914149E-02
  > varE =   1.738195155776E+01

VMC #2:
* Size of Hilbert space =   6.3504E+04
* Deterministic energy evaluation:
  > Deterministic Etot/t = -2.6326202051468566
    - Ttot/t = -7.4318764364319554
    - Utot/t = 4.7992562312850939
* Number of equil. steps   = 1000
* Running VMC equilibration.
  Done. [total walltime: 0.01s]
* Equil. acc.ratio (%)     =  13.0644
* Sample config after equilibration:
  +-------------------+
  |              d    |
  |        u          |
  |  d                |
  |                u  |
  |          d        |
  |    u              |
  |                  d|
  |            u      |
  |      d            |
  |u                  |
  +-------------------+
* Number of accum. steps   = 500480 x 10
* Running VMC accumulation.
  Done. [total walltime: 0.41s]
* Acceptance ratio (%)     =  13.0714
* Etot/t                   =  -2.619197544380E+00 +/-   5.922145276282E-03
  > Ttot/t                 =  -7.427561514968E+00 +/-   1.145788212931E-02
  > Utot/t                 =   4.808363970588E+00 +/-   1.198580785021E-02
* var[Eloc/t]              =   1.772163971236E+01 +/-   1.110617671112E-01
* Correlation length       =   9.904691150386E-01
* log10 Psi^2 range: -1.1218741156466734 -- 5.0528674644777807
* log10 Pgen range : -1.1218741156466734 -- 5.0528674644777807
* Site occupation (ave. no. electrons per config.):
  > Site_  ___eu____  ___ed____
      1        0.500      0.499
      2        0.502      0.499
      3        0.503      0.497
      4        0.500      0.503
      5        0.500      0.500
      6        0.498      0.503
      7        0.498      0.500
      8        0.499      0.501
      9        0.501      0.499
     10        0.500      0.501
* Pair-correlation analysis (ave. no. pairs per config.):
  > Shell  nsite  ___dh____  __eueu___  __eued___
      0      1        0          0          0.480
      1     10        0.405      6.666     13.060
      2     10        0.278     12.217      7.686
      3     10        0.130      1.118      3.775

Optimization #2:
* Method          : lls
* Target function : energy
* No. of configs. : 100096
* No. of params.  : 8
* Before optimization:
  -1.8689E+00   2.7088E-01   2.6089E-01   2.0496E-01   7.9771E-02  -2.0294E-02
   4.7431E-02  -5.0190E-02
  > E    =  -2.636841770352E+00 +/-   1.327881060684E-02
  > varE =   1.764960848710E+01
* Computing derivatives.
  Done. [total walltime: 0.14s]
* Optimizing manipulation constant:
  #igrid a___________ E____________________________________ varE____________
     1     Infinity    -2.63684177E+00 +/-   1.32788106E-02   1.76496085E+01
     2     1.0000E+06  -2.63686910E+00 +/-   1.32786017E-02   1.76490531E+01
     3     2.1544E+05  -2.63696860E+00 +/-   1.32778410E-02   1.76470312E+01
     4     4.6416E+04  -2.63743008E+00 +/-   1.32743133E-02   1.76376553E+01
     5     1.0000E+04  -2.63956430E+00 +/-   1.32580014E-02   1.75943345E+01
     6     2.1544E+03  -2.64930576E+00 +/-   1.31836043E-02   1.73974277E+01
     7     4.6416E+02  -2.69126472E+00 +/-   1.28642130E-02   1.65646845E+01
     8     1.0000E+02  -2.83605137E+00 +/-   1.17736249E-02   1.38751317E+01
     9     2.1544E+01  -3.11233825E+00 +/-   9.71212596E-03   9.44159430E+00
    10     4.6416E+00  -3.31250360E+00 +/-   8.28344110E-03   6.86812672E+00
    11     1.0000E+00  -3.37905136E+00 +/-   8.01803288E-03   6.43505685E+00
    12     2.1544E-01  -3.40267302E+00 +/-   8.06779847E-03   6.51518579E+00
    13     4.6416E-02  -3.41050758E+00 +/-   8.10690052E-03   6.57849290E+00
    14     1.0000E-02  -3.41246936E+00 +/-   8.11814300E-03   6.59675138E+00
    15     2.1544E-03  -3.41290774E+00 +/-   8.12072861E-03   6.60095415E+00
    16     4.6416E-04  -3.41300295E+00 +/-   8.12129366E-03   6.60187279E+00
    17     1.0000E-04  -3.41302349E+00 +/-   8.12141577E-03   6.60207132E+00
    18     2.1544E-05  -3.41302792E+00 +/-   8.12144209E-03   6.60211412E+00
    19     4.6416E-06  -3.41302888E+00 +/-   8.12144777E-03   6.60212334E+00
    20     1.0000E-06  -3.41302908E+00 +/-   8.12144899E-03   6.60212533E+00
    21     0.0000E+00  -3.41302914E+00 +/-   8.12144932E-03   6.60212588E+00
* Iteration # 1: E =  -3.413029138212E+00 +/-   8.121449324476E-03
* Reached maximum number of iterations: exiting.
* After optimization:
  -3.2732E+00   4.9778E-01   3.4926E-01  -1.6240E-01   6.7812E-02   8.6525E-02
  -2.1247E-01  -2.3260E-01
  > Energy =  -3.413029138212E+00 +/-   8.121449324476E-03
  > varE =   6.602125875160E+00

VMC #3:
* Size of Hilbert space =   6.3504E+04
* Deterministic energy evaluation:
  > Deterministic Etot/t = -3.4161872055355849
    - Ttot/t = -7.4090378716489731
    - Utot/t = 3.9928506661133945
* Number of equil. steps   = 1000
* Running VMC equilibration.
  Done. [total walltime: 0.01s]
* Equil. acc.ratio (%)     =   9.6782
* Sample config after equilibration:
  +-------------------+
  |              u    |
  |        d          |
  |  u                |
  |                d  |
  |          u        |
  |    d              |
  |                  u|
  |            d      |
  |      u            |
  |d                  |
  +-------------------+
* Number of accum. steps   = 500480 x 10
* Running VMC accumulation.
  Done. [total walltime: 0.40s]
* Acceptance ratio (%)     =   9.5729
* Etot/t                   =  -3.416192534857E+00 +/-   3.680964807527E-03
  > Ttot/t                 =  -7.396131793165E+00 +/-   1.051762723580E-02
  > Utot/t                 =   3.979939258312E+00 +/-   1.028422545602E-02
* var[Eloc/t]              =   6.619441467389E+00 +/-   5.379565767110E-02
* Correlation length       =   1.024445151672E+00
* log10 Psi^2 range: -4.4965358229550798 -- 2.3935622544755941
* log10 Pgen range : -4.4965358229550798 -- 2.3935622544755941
* Site occupation (ave. no. electrons per config.):
  > Site_  ___eu____  ___ed____
      1        0.499      0.500
      2        0.500      0.499
      3        0.500      0.501
      4        0.502      0.499
      5        0.498      0.501
      6        0.504      0.497
      7        0.498      0.501
      8        0.500      0.500
      9        0.499      0.499
     10        0.499      0.501
* Pair-correlation analysis (ave. no. pairs per config.):
  > Shell  nsite  ___dh____  __eueu___  __eued___
      0      1        0          0          0.398
      1     10        0.369      5.667     14.025
      2     10        0.147     13.298      6.647
      3     10        0.051      1.035      3.930

Optimization #3:
* Method          : lls
* Target function : energy
* No. of configs. : 100096
* No. of params.  : 8
* Before optimization:
  -3.2732E+00   4.9778E-01   3.4926E-01  -1.6240E-01   6.7812E-02   8.6525E-02
  -2.1247E-01  -2.3260E-01
  > E    =  -3.411720995363E+00 +/-   8.230871457734E-03
  > varE =   6.781228230890E+00
* Computing derivatives.
  Done. [total walltime: 0.14s]
* Optimizing manipulation constant:
  #igrid a___________ E____________________________________ varE____________
     1     Infinity    -3.41172100E+00 +/-   8.23087146E-03   6.78122823E+00
     2     1.0000E+06  -3.41172690E+00 +/-   8.23080280E-03   6.78111510E+00
     3     2.1544E+05  -3.41174839E+00 +/-   8.23055281E-03   6.78070319E+00
     4     4.6416E+04  -3.41184808E+00 +/-   8.22939331E-03   6.77879283E+00
     5     1.0000E+04  -3.41230928E+00 +/-   8.22402918E-03   6.76995852E+00
     6     2.1544E+03  -3.41441774E+00 +/-   8.19950877E-03   6.72964867E+00
     7     4.6416E+02  -3.42355761E+00 +/-   8.09327687E-03   6.55640116E+00
     8     1.0000E+02  -3.45560327E+00 +/-   7.72230178E-03   5.96911934E+00
     9     2.1544E+01  -3.51725547E+00 +/-   7.03514480E-03   4.95407759E+00
    10     4.6416E+00  -3.56697510E+00 +/-   6.63167101E-03   4.40212802E+00
    11     1.0000E+00  -3.60356014E+00 +/-   6.62202100E-03   4.38932592E+00
    12     2.1544E-01  -3.63682620E+00 +/-   6.69582939E-03   4.48771720E+00
    13     4.6416E-02  -3.65114798E+00 +/-   6.72229602E-03   4.52326455E+00
    14     1.0000E-02  -3.65480049E+00 +/-   6.72794624E-03   4.53087152E+00
    15     2.1544E-03  -3.65561380E+00 +/-   6.72913460E-03   4.53247225E+00
    16     4.6416E-04  -3.65579021E+00 +/-   6.72938891E-03   4.53281483E+00
    17     1.0000E-04  -3.65582827E+00 +/-   6.72944361E-03   4.53288853E+00
    18     2.1544E-05  -3.65583647E+00 +/-   6.72945539E-03   4.53290440E+00
    19     4.6416E-06  -3.65583824E+00 +/-   6.72945793E-03   4.53290782E+00
    20     1.0000E-06  -3.65583862E+00 +/-   6.72945848E-03   4.53290856E+00
    21     0.0000E+00  -3.65583872E+00 +/-   6.72945863E-03   4.53290876E+00
* Iteration # 1: E =  -3.655838724821E+00 +/-   6.729458626215E-03
* Reached maximum number of iterations: exiting.
* After optimization:
  -8.4471E+00   1.0855E+00   8.0771E-01  -1.4767E-01  -3.7290E-01  -4.6662E-02
  -6.7552E-01  -4.8594E-01
  > Energy =  -3.655838724821E+00 +/-   6.729458626215E-03
  > varE =   4.532908759080E+00

VMC #4:
* Size of Hilbert space =   6.3504E+04
* Deterministic energy evaluation:
  > Deterministic Etot/t = -3.6563165930187744
    - Ttot/t = -7.0169786363917845
    - Utot/t = 3.3606620433730154
* Number of equil. steps   = 1000
* Running VMC equilibration.
  Done. [total walltime: 0.01s]
* Equil. acc.ratio (%)     =   7.7171
* Sample config after equilibration:
  +-------------------+
  |              u    |
  |        d          |
  |  u                |
  |                d  |
  |          u        |
  |    d              |
  |                  u|
  |            d      |
  |      u            |
  |d                  |
  +-------------------+
* Number of accum. steps   = 500480 x 10
* Running VMC accumulation.
  Done. [total walltime: 0.40s]
* Acceptance ratio (%)     =   7.5217
* Etot/t                   =  -3.659797261182E+00 +/-   3.057279915699E-03
  > Ttot/t                 =  -7.038074115398E+00 +/-   1.065346279458E-02
  > Utot/t                 =   3.378276854220E+00 +/-   9.907625548789E-03
* var[Eloc/t]              =   4.539987747039E+00 +/-   1.192092691046E-01
* Correlation length       =   1.030391940056E+00
* log10 Psi^2 range: -15.799153744494067 -- -7.9641440551777354
* log10 Pgen range : -15.799153744494067 -- -7.9641440551777354
* Site occupation (ave. no. electrons per config.):
  > Site_  ___eu____  ___ed____
      1        0.498      0.503
      2        0.501      0.499
      3        0.498      0.502
      4        0.501      0.499
      5        0.499      0.500
      6        0.500      0.499
      7        0.499      0.501
      8        0.503      0.499
      9        0.499      0.500
     10        0.501      0.498
* Pair-correlation analysis (ave. no. pairs per config.):
  > Shell  nsite  ___dh____  __eueu___  __eued___
      0      1        0          0          0.340
      1     10        0.319      3.703     16.009
      2     10        0.086     15.481      4.481
      3     10        0.027      0.816      4.170

Optimization #4:
* Method          : lls
* Target function : energy
* No. of configs. : 100096
* No. of params.  : 8
* Before optimization:
  -8.4471E+00   1.0855E+00   8.0771E-01  -1.4767E-01  -3.7290E-01  -4.6662E-02
  -6.7552E-01  -4.8594E-01
  > E    =  -3.658993641902E+00 +/-   6.801023543893E-03
  > varE =   4.629832500898E+00
* Computing derivatives.
  Done. [total walltime: 0.15s]
* Optimizing manipulation constant:
  #igrid a___________ E____________________________________ varE____________
     1     Infinity    -3.65899364E+00 +/-   6.80102354E-03   4.62983250E+00
     2     1.0000E+06  -3.65899479E+00 +/-   6.80100971E-03   4.62981367E+00
     3     2.1544E+05  -3.65899899E+00 +/-   6.80095936E-03   4.62974511E+00
     4     4.6416E+04  -3.65901846E+00 +/-   6.80072578E-03   4.62942710E+00
     5     1.0000E+04  -3.65910858E+00 +/-   6.79964461E-03   4.62795526E+00
     6     2.1544E+03  -3.65952191E+00 +/-   6.79469074E-03   4.62121434E+00
     7     4.6416E+02  -3.66133911E+00 +/-   6.77300962E-03   4.59176980E+00
     8     1.0000E+02  -3.66805200E+00 +/-   6.69463088E-03   4.48611080E+00
     9     2.1544E+01  -3.68284253E+00 +/-   6.53895242E-03   4.27989463E+00
    10     4.6416E+00  -3.70079444E+00 +/-   6.40921251E-03   4.11174398E+00
    11     1.0000E+00  -3.72976274E+00 +/-   6.23683860E-03   3.89354980E+00
    12     2.1544E-01  -3.76388788E+00 +/-   5.97542744E-03   3.57400105E+00
    13     4.6416E-02  -3.77951605E+00 +/-   5.82494120E-03   3.39625128E+00
    14     1.0000E-02  -3.78362111E+00 +/-   5.78130794E-03   3.34556081E+00
    15     2.1544E-03  -3.78454401E+00 +/-   5.77123142E-03   3.33390870E+00
    16     4.6416E-04  -3.78474466E+00 +/-   5.76902722E-03   3.33136255E+00
    17     1.0000E-04  -3.78478798E+00 +/-   5.76855078E-03   3.33081232E+00
    18     2.1544E-05  -3.78479731E+00 +/-   5.76844806E-03   3.33069370E+00
    19     4.6416E-06  -3.78479932E+00 +/-   5.76842593E-03   3.33066814E+00
    20     1.0000E-06  -3.78479976E+00 +/-   5.76842116E-03   3.33066263E+00
    21     0.0000E+00  -3.78479988E+00 +/-   5.76841985E-03   3.33066112E+00
* Iteration # 1: E =  -3.784799875537E+00 +/-   5.768419848332E-03
* Reached maximum number of iterations: exiting.
* After optimization:
  -1.2294E+01   1.5192E+00   1.1569E+00  -1.5132E-01  -8.7868E-01  -6.6181E-02
  -1.0986E+00  -5.5824E-01
  > Energy =  -3.784799875537E+00 +/-   5.768419848332E-03
  > varE =   3.330661122747E+00

VMC #5:
* Size of Hilbert space =   6.3504E+04
* Deterministic energy evaluation:
  > Deterministic Etot/t = -3.7841350192583985
    - Ttot/t = -6.9659809399982544
    - Utot/t = 3.1818459207398648
* Number of equil. steps   = 1000
* Running VMC equilibration.
  Done. [total walltime: 0.01s]
* Equil. acc.ratio (%)     =   7.0175
* Sample config after equilibration:
  +-------------------+
  |              u    |
  |        d          |
  |  u                |
  |                d  |
  |          u        |
  |    d              |
  |                  u|
  |            d      |
  |      u            |
  |d                  |
  +-------------------+
* Number of accum. steps   = 500480 x 10
* Running VMC accumulation.
  Done. [total walltime: 0.41s]
* Acceptance ratio (%)     =   6.7723
* Etot/t                   =  -3.783430058324E+00 +/-   2.675535247477E-03
  > Ttot/t                 =  -6.970990000764E+00 +/-   9.482909510098E-03
  > Utot/t                 =   3.187559942455E+00 +/-   8.850171323638E-03
* var[Eloc/t]              =   3.530304390290E+00 +/-   3.119419395335E-01
* Correlation length       =   1.014836146921E+00
* log10 Psi^2 range: -23.458646180273654 -- -15.653722558860448
* log10 Pgen range : -23.458646180273654 -- -15.653722558860448
* Site occupation (ave. no. electrons per config.):
  > Site_  ___eu____  ___ed____
      1        0.505      0.496
      2        0.496      0.504
      3        0.503      0.496
      4        0.495      0.505
      5        0.506      0.494
      6        0.495      0.506
      7        0.505      0.496
      8        0.495      0.504
      9        0.505      0.495
     10        0.496      0.504
* Pair-correlation analysis (ave. no. pairs per config.):
  > Shell  nsite  ___dh____  __eueu___  __eued___
      0      1        0          0          0.319
      1     10        0.300      2.363     17.360
      2     10        0.064     16.997      2.967
      3     10        0.017      0.640      4.354

Optimization #5:
* Method          : lls
* Target function : energy
* No. of configs. : 100096
* No. of params.  : 8
* Before optimization:
  -1.2294E+01   1.5192E+00   1.1569E+00  -1.5132E-01  -8.7868E-01  -6.6181E-02
  -1.0986E+00  -5.5824E-01
  > E    =  -3.790543331185E+00 +/-   6.265339757019E-03
  > varE =   3.929216657387E+00
* Computing derivatives.
  Done. [total walltime: 0.16s]
* Optimizing manipulation constant:
  #igrid a___________ E____________________________________ varE____________
     1     Infinity    -3.79054333E+00 +/-   6.26533976E-03   3.92921666E+00
     2     1.0000E+06  -3.79054357E+00 +/-   6.26533813E-03   3.92921462E+00
     3     2.1544E+05  -3.79054446E+00 +/-   6.26533222E-03   3.92920720E+00
     4     4.6416E+04  -3.79054855E+00 +/-   6.26530478E-03   3.92917279E+00
     5     1.0000E+04  -3.79056754E+00 +/-   6.26517761E-03   3.92901329E+00
     6     2.1544E+03  -3.79065510E+00 +/-   6.26459117E-03   3.92827778E+00
     7     4.6416E+02  -3.79104942E+00 +/-   6.26194708E-03   3.92496248E+00
     8     1.0000E+02  -3.79266224E+00 +/-   6.25100030E-03   3.91125168E+00
     9     2.1544E+01  -3.79764227E+00 +/-   6.21285984E-03   3.86366831E+00
    10     4.6416E+00  -3.80840442E+00 +/-   6.08790799E-03   3.70982038E+00
    11     1.0000E+00  -3.82608717E+00 +/-   5.79690466E-03   3.36363636E+00
    12     2.1544E-01  -3.83933570E+00 +/-   5.52092798E-03   3.05099071E+00
    13     4.6416E-02  -3.84356726E+00 +/-   5.41339287E-03   2.93329550E+00
    14     1.0000E-02  -3.84454401E+00 +/-   5.38622914E-03   2.90393153E+00
    15     2.1544E-03  -3.84475685E+00 +/-   5.38016187E-03   2.89739300E+00
    16     4.6416E-04  -3.84480281E+00 +/-   5.37884440E-03   2.89597418E+00
    17     1.0000E-04  -3.84481271E+00 +/-   5.37856008E-03   2.89566803E+00
    18     2.1544E-05  -3.84481485E+00 +/-   5.37849881E-03   2.89560205E+00
    19     4.6416E-06  -3.84481531E+00 +/-   5.37848560E-03   2.89558784E+00
    20     1.0000E-06  -3.84481541E+00 +/-   5.37848276E-03   2.89558477E+00
    21     0.0000E+00  -3.84481543E+00 +/-   5.37848198E-03   2.89558393E+00
* Iteration # 1: E =  -3.844815433163E+00 +/-   5.378481977180E-03
* Reached maximum number of iterations: exiting.
* After optimization:
  -1.5268E+01   1.9217E+00   1.4664E+00  -3.3597E-02  -1.3726E+00  -6.4851E-02
  -1.4297E+00  -5.3258E-01
  > Energy =  -3.844815433163E+00 +/-   5.378481977180E-03
  > varE =   2.895583932449E+00

VMC #6:
* Size of Hilbert space =   6.3504E+04
* Deterministic energy evaluation:
  > Deterministic Etot/t = -3.8411066611826055
    - Ttot/t = -7.0699532799055866
    - Utot/t = 3.2288466187229785
* Number of equil. steps   = 1000
* Running VMC equilibration.
  Done. [total walltime: 0.01s]
* Equil. acc.ratio (%)     =   6.5894
* Sample config after equilibration:
  +-------------------+
  |              u    |
  |        d          |
  |  u                |
  |                d  |
  |          u        |
  |    d              |
  |                  u|
  |            d      |
  |      u            |
  |d                  |
  +-------------------+
* Number of accum. steps   = 500480 x 10
* Running VMC accumulation.
  Done. [total walltime: 0.41s]
* Acceptance ratio (%)     =   6.5098
* Etot/t                   =  -3.843843424734E+00 +/-   2.411072243904E-03
  > Ttot/t                 =  -7.073243200939E+00 +/-   8.789004128417E-03
  > Utot/t                 =   3.229399776215E+00 +/-   8.351490309580E-03
* var[Eloc/t]              =   2.856676299157E+00 +/-   4.510152866188E-01
* Correlation length       =   1.018465078741E+00
* log10 Psi^2 range: -29.626480426950732 -- -21.381419016296547
* log10 Pgen range : -29.626480426950732 -- -21.381419016296547
* Site occupation (ave. no. electrons per config.):
  > Site_  ___eu____  ___ed____
      1        0.498      0.500
      2        0.501      0.500
      3        0.500      0.499
      4        0.501      0.499
      5        0.500      0.500
      6        0.500      0.499
      7        0.499      0.503
      8        0.501      0.499
      9        0.500      0.501
     10        0.500      0.500
* Pair-correlation analysis (ave. no. pairs per config.):
  > Shell  nsite  ___dh____  __eueu___  __eued___
      0      1        0          0          0.321
      1     10        0.305      1.808     17.909
      2     10        0.057     17.648      2.319
      3     10        0.014      0.544      4.451

Optimization #6:
* Method          : lls
* Target function : energy
* No. of configs. : 100096
* No. of params.  : 8
* Before optimization:
  -1.5268E+01   1.9217E+00   1.4664E+00  -3.3597E-02  -1.3726E+00  -6.4851E-02
  -1.4297E+00  -5.3258E-01
  > E    =  -3.836992549814E+00 +/-   5.584346353598E-03
  > varE =   3.121486172417E+00
* Computing derivatives.
  Done. [total walltime: 0.16s]
* Optimizing manipulation constant:
  #igrid a___________ E____________________________________ varE____________
     1     Infinity    -3.83699255E+00 +/-   5.58434635E-03   3.12148617E+00
     2     1.0000E+06  -3.83699261E+00 +/-   5.58434592E-03   3.12148568E+00
     3     2.1544E+05  -3.83699283E+00 +/-   5.58434432E-03   3.12148390E+00
     4     4.6416E+04  -3.83699385E+00 +/-   5.58433691E-03   3.12147561E+00
     5     1.0000E+04  -3.83699860E+00 +/-   5.58430250E-03   3.12143715E+00
     6     2.1544E+03  -3.83702055E+00 +/-   5.58414277E-03   3.12125858E+00
     7     4.6416E+02  -3.83712079E+00 +/-   5.58340033E-03   3.12042866E+00
     8     1.0000E+02  -3.83755434E+00 +/-   5.57994187E-03   3.11656416E+00
     9     2.1544E+01  -3.83911162E+00 +/-   5.56430402E-03   3.09912022E+00
    10     4.6416E+00  -3.84272968E+00 +/-   5.51065148E-03   3.03964324E+00
    11     1.0000E+00  -3.84663496E+00 +/-   5.42152263E-03   2.94211248E+00
    12     2.1544E-01  -3.84808923E+00 +/-   5.36506097E-03   2.88115118E+00
    13     4.6416E-02  -3.84835621E+00 +/-   5.34748790E-03   2.86230786E+00
    14     1.0000E-02  -3.84840471E+00 +/-   5.34333922E-03   2.85786832E+00
    15     2.1544E-03  -3.84841459E+00 +/-   5.34242701E-03   2.85689263E+00
    16     4.6416E-04  -3.84841669E+00 +/-   5.34222961E-03   2.85668151E+00
    17     1.0000E-04  -3.84841714E+00 +/-   5.34218705E-03   2.85663598E+00
    18     2.1544E-05  -3.84841724E+00 +/-   5.34217787E-03   2.85662617E+00
    19     4.6416E-06  -3.84841726E+00 +/-   5.34217590E-03   2.85662406E+00
    20     1.0000E-06  -3.84841727E+00 +/-   5.34217547E-03   2.85662360E+00
    21     0.0000E+00  -3.84841727E+00 +/-   5.34217535E-03   2.85662348E+00
* Iteration # 1: E =  -3.848417268372E+00 +/-   5.342175353412E-03
* Reached maximum number of iterations: exiting.
* After optimization:
  -1.7234E+01   2.1909E+00   1.6854E+00   4.9202E-02  -1.7075E+00  -4.0847E-02
  -1.6649E+00  -5.1000E-01
  > Energy =  -3.848417268372E+00 +/-   5.342175353412E-03
  > varE =   2.856623479060E+00

VMC #7:
* Size of Hilbert space =   6.3504E+04
* Deterministic energy evaluation:
  > Deterministic Etot/t = -3.8515661279365077
    - Ttot/t = -7.0520925072847156
    - Utot/t = 3.2005263793481986
* Number of equil. steps   = 1000
* Running VMC equilibration.
  Done. [total walltime: 0.01s]
* Equil. acc.ratio (%)     =   6.3037
* Sample config after equilibration:
  +-------------------+
  |              u    |
  |        2          |
  |  0                |
  |                d  |
  |          u        |
  |    d              |
  |                  u|
  |            d      |
  |      u            |
  |d                  |
  +-------------------+
* Number of accum. steps   = 500480 x 10
* Running VMC accumulation.
  Done. [total walltime: 0.41s]
* Acceptance ratio (%)     =   6.2488
* Etot/t                   =  -3.849071756213E+00 +/-   2.198767573174E-03
  > Ttot/t                 =  -7.054634416053E+00 +/-   8.628323206155E-03
  > Utot/t                 =   3.205562659847E+00 +/-   8.295680632127E-03
* var[Eloc/t]              =   2.367538761077E+00 +/-   5.071549289020E-01
* Correlation length       =   1.021993835135E+00
* log10 Psi^2 range: -33.326113172788972 -- -25.049692151864864
* log10 Pgen range : -33.326113172788972 -- -25.049692151864864
* Site occupation (ave. no. electrons per config.):
  > Site_  ___eu____  ___ed____
      1        0.498      0.502
      2        0.503      0.498
      3        0.498      0.501
      4        0.502      0.499
      5        0.498      0.502
      6        0.502      0.498
      7        0.499      0.501
      8        0.501      0.498
      9        0.498      0.502
     10        0.500      0.499
* Pair-correlation analysis (ave. no. pairs per config.):
  > Shell  nsite  ___dh____  __eueu___  __eued___
      0      1        0          0          0.322
      1     10        0.303      1.598     18.121
      2     10        0.057     17.903      2.060
      3     10        0.013      0.500      4.497

Optimization #7:
* Method          : lls
* Target function : energy
* No. of configs. : 100096
* No. of params.  : 8
* Before optimization:
  -1.7234E+01   2.1909E+00   1.6854E+00   4.9202E-02  -1.7075E+00  -4.0847E-02
  -1.6649E+00  -5.1000E-01
  > E    =  -3.845923882027E+00 +/-   4.672293685754E-03
  > varE =   2.185128540110E+00
* Computing derivatives.
  Done. [total walltime: 0.16s]
* Optimizing manipulation constant:
  #igrid a___________ E____________________________________ varE____________
     1     Infinity    -3.84592388E+00 +/-   4.67229369E-03   2.18512854E+00
     2     1.0000E+06  -3.84592389E+00 +/-   4.67229336E-03   2.18512824E+00
     3     2.1544E+05  -3.84592393E+00 +/-   4.67229220E-03   2.18512715E+00
     4     4.6416E+04  -3.84592412E+00 +/-   4.67228677E-03   2.18512207E+00
     5     1.0000E+04  -3.84592500E+00 +/-   4.67226162E-03   2.18509855E+00
     6     2.1544E+03  -3.84592903E+00 +/-   4.67214543E-03   2.18498987E+00
     7     4.6416E+02  -3.84594717E+00 +/-   4.67161758E-03   2.18449619E+00
     8     1.0000E+02  -3.84602074E+00 +/-   4.66937202E-03   2.18239660E+00
     9     2.1544E+01  -3.84623765E+00 +/-   4.66126988E-03   2.17482953E+00
    10     4.6416E+00  -3.84660023E+00 +/-   4.63743638E-03   2.15264618E+00
    11     1.0000E+00  -3.84684464E+00 +/-   4.59692146E-03   2.11519733E+00
    12     2.1544E-01  -3.84685490E+00 +/-   4.57103568E-03   2.09144258E+00
    13     4.6416E-02  -3.84683716E+00 +/-   4.56298894E-03   2.08408561E+00
    14     1.0000E-02  -3.84683154E+00 +/-   4.56108896E-03   2.08235039E+00
    15     2.1544E-03  -3.84683022E+00 +/-   4.56067115E-03   2.08196891E+00
    16     4.6416E-04  -3.84682994E+00 +/-   4.56058074E-03   2.08188636E+00
    17     1.0000E-04  -3.84682987E+00 +/-   4.56056124E-03   2.08186856E+00
    18     2.1544E-05  -3.84682986E+00 +/-   4.56055704E-03   2.08186472E+00
    19     4.6416E-06  -3.84682986E+00 +/-   4.56055613E-03   2.08186390E+00
    20     1.0000E-06  -3.84682986E+00 +/-   4.56055594E-03   2.08186372E+00
    21     0.0000E+00  -3.84682986E+00 +/-   4.56055588E-03   2.08186367E+00
* Iteration # 1: E =  -3.846831535318E+00 +/-   4.561088960545E-03
* Reached maximum number of iterations: exiting.
* After optimization:
  -1.7976E+01   2.2935E+00   1.7675E+00   1.0405E-01  -1.8350E+00  -3.4313E-02
  -1.7510E+00  -5.0206E-01
  > Energy =  -3.846831535318E+00 +/-   4.561088960545E-03
  > varE =   2.082350389721E+00

VMC #8:
* Size of Hilbert space =   6.3504E+04
* Deterministic energy evaluation:
  > Deterministic Etot/t = -3.8510651737564419
    - Ttot/t = -7.0493066119493690
    - Utot/t = 3.1982414381929312
* Number of equil. steps   = 1000
* Running VMC equilibration.
  Done. [total walltime: 0.01s]
* Equil. acc.ratio (%)     =   6.2906
* Sample config after equilibration:
  +-------------------+
  |              0    |
  |        d          |
  |  u                |
  |                d  |
  |          u        |
  |    u              |
  |                  u|
  |            2      |
  |      d            |
  |d                  |
  +-------------------+
* Number of accum. steps   = 500480 x 10
* Running VMC accumulation.
  Done. [total walltime: 0.41s]
* Acceptance ratio (%)     =   6.1559
* Etot/t                   =  -3.848329766944E+00 +/-   2.400183280512E-03
  > Ttot/t                 =  -7.054891467692E+00 +/-   8.381562809935E-03
  > Utot/t                 =   3.206561700767E+00 +/-   8.079919243625E-03
* var[Eloc/t]              =   2.897477555992E+00 +/-   8.416600052655E-01
* Correlation length       =   9.950741831831E-01
* log10 Psi^2 range: -34.761538000744480 -- -26.432204531468024
* log10 Pgen range : -34.761538000744480 -- -26.432204531468024
* Site occupation (ave. no. electrons per config.):
  > Site_  ___eu____  ___ed____
      1        0.495      0.505
      2        0.505      0.496
      3        0.496      0.504
      4        0.504      0.496
      5        0.496      0.505
      6        0.505      0.495
      7        0.496      0.505
      8        0.504      0.496
      9        0.495      0.504
     10        0.505      0.494
* Pair-correlation analysis (ave. no. pairs per config.):
  > Shell  nsite  ___dh____  __eueu___  __eued___
      0      1        0          0          0.322
      1     10        0.305      1.532     18.186
      2     10        0.057     17.985      1.978
      3     10        0.013      0.483      4.514

Optimization #8:
* Method          : lls
* Target function : energy
* No. of configs. : 100096
* No. of params.  : 8
* Before optimization:
  -1.7976E+01   2.2935E+00   1.7675E+00   1.0405E-01  -1.8350E+00  -3.4313E-02
  -1.7510E+00  -5.0206E-01
  > E    =  -3.852497921247E+00 +/-   3.783380703200E-03
  > varE =   1.432771095611E+00
* Computing derivatives.
  Done. [total walltime: 0.16s]
* Optimizing manipulation constant:
  #igrid a___________ E____________________________________ varE____________
     1     Infinity    -3.85249792E+00 +/-   3.78338070E-03   1.43277110E+00
     2     1.0000E+06  -3.85249793E+00 +/-   3.78338054E-03   1.43277097E+00
     3     2.1544E+05  -3.85249797E+00 +/-   3.78337993E-03   1.43277051E+00
     4     4.6416E+04  -3.85249813E+00 +/-   3.78337710E-03   1.43276837E+00
     5     1.0000E+04  -3.85249888E+00 +/-   3.78336401E-03   1.43275845E+00
     6     2.1544E+03  -3.85250233E+00 +/-   3.78330384E-03   1.43271288E+00
     7     4.6416E+02  -3.85251797E+00 +/-   3.78303658E-03   1.43251047E+00
     8     1.0000E+02  -3.85258329E+00 +/-   3.78201083E-03   1.43173374E+00
     9     2.1544E+01  -3.85279338E+00 +/-   3.77974654E-03   1.43001990E+00
    10     4.6416E+00  -3.85315640E+00 +/-   3.78196044E-03   1.43169559E+00
    11     1.0000E+00  -3.85338417E+00 +/-   3.79702613E-03   1.44312482E+00
    12     2.1544E-01  -3.85343120E+00 +/-   3.80938942E-03   1.45253787E+00
    13     4.6416E-02  -3.85343572E+00 +/-   3.81349975E-03   1.45567414E+00
    14     1.0000E-02  -3.85343616E+00 +/-   3.81448651E-03   1.45642756E+00
    15     2.1544E-03  -3.85343622E+00 +/-   3.81470431E-03   1.45659388E+00
    16     4.6416E-04  -3.85343624E+00 +/-   3.81475148E-03   1.45662991E+00
    17     1.0000E-04  -3.85343624E+00 +/-   3.81476165E-03   1.45663768E+00
    18     2.1544E-05  -3.85343624E+00 +/-   3.81476384E-03   1.45663935E+00
    19     4.6416E-06  -3.85343624E+00 +/-   3.81476432E-03   1.45663971E+00
    20     1.0000E-06  -3.85343624E+00 +/-   3.81476442E-03   1.45663979E+00
    21     0.0000E+00  -3.85343624E+00 +/-   3.81476445E-03   1.45663981E+00
  ParMin   1.9648E-01  -3.85343188E+00 +/-   3.80981542E-03   1.45286276E+00
  # Using grid point #12
* Iteration # 1: E =  -3.853431196445E+00 +/-   3.809389418276E-03
* Reached maximum number of iterations: exiting.
* After optimization:
  -1.7247E+01   2.1876E+00   1.6860E+00   7.4313E-02  -1.7092E+00  -4.6523E-02
  -1.6626E+00  -5.1588E-01
  > Energy =  -3.853431196445E+00 +/-   3.809389418276E-03
  > varE =   1.452537872990E+00

VMC #9:
* Size of Hilbert space =   6.3504E+04
* Deterministic energy evaluation:
  > Deterministic Etot/t = -3.8518522816279273
    - Ttot/t = -7.0865593669590483
    - Utot/t = 3.2347070853311197
* Number of equil. steps   = 1000
* Running VMC equilibration.
  Done. [total walltime: 0.01s]
* Equil. acc.ratio (%)     =   6.4143
* Sample config after equilibration:
  +-------------------+
  |              u    |
  |        d          |
  |  u                |
  |                0  |
  |          2        |
  |    d              |
  |                  u|
  |            d      |
  |      u            |
  |d                  |
  +-------------------+
* Number of accum. steps   = 500480 x 10
* Running VMC accumulation.
  Done. [total walltime: 0.40s]
* Acceptance ratio (%)     =   6.2739
* Etot/t                   =  -3.851909654141E+00 +/-   1.904140943642E-03
  > Ttot/t                 =  -7.092498688662E+00 +/-   8.381006976712E-03
  > Utot/t                 =   3.240589034527E+00 +/-   8.185426682406E-03
* var[Eloc/t]              =   1.758710507101E+00 +/-   8.846938896664E-02
* Correlation length       =   1.031788188342E+00
* log10 Psi^2 range: -34.136723990800128 -- -25.108820544365834
* log10 Pgen range : -34.136723990800128 -- -25.108820544365834
* Site occupation (ave. no. electrons per config.):
  > Site_  ___eu____  ___ed____
      1        0.503      0.496
      2        0.495      0.504
      3        0.504      0.496
      4        0.497      0.503
      5        0.504      0.498
      6        0.496      0.502
      7        0.504      0.497
      8        0.496      0.504
      9        0.505      0.496
     10        0.496      0.504
* Pair-correlation analysis (ave. no. pairs per config.):
  > Shell  nsite  ___dh____  __eueu___  __eued___
      0      1        0          0          0.326
      1     10        0.309      1.581     18.133
      2     10        0.059     17.925      2.038
      3     10        0.014      0.494      4.503

Optimization #9:
* Method          : lls
* Target function : energy
* No. of configs. : 100096
* No. of params.  : 8
* Before optimization:
  -1.7247E+01   2.1876E+00   1.6860E+00   7.4313E-02  -1.7092E+00  -4.6523E-02
  -1.6626E+00  -5.1588E-01
  > E    =  -3.847465614656E+00 +/-   4.270090764556E-03
  > varE =   1.825117946568E+00
* Computing derivatives.
  Done. [total walltime: 0.16s]
* Optimizing manipulation constant:
  #igrid a___________ E____________________________________ varE____________
     1     Infinity    -3.84746561E+00 +/-   4.27009076E-03   1.82511795E+00
     2     1.0000E+06  -3.84746562E+00 +/-   4.27009090E-03   1.82511806E+00
     3     2.1544E+05  -3.84746562E+00 +/-   4.27009137E-03   1.82511846E+00
     4     4.6416E+04  -3.84746563E+00 +/-   4.27009358E-03   1.82512035E+00
     5     1.0000E+04  -3.84746570E+00 +/-   4.27010380E-03   1.82512909E+00
     6     2.1544E+03  -3.84746602E+00 +/-   4.27015095E-03   1.82516940E+00
     7     4.6416E+02  -3.84746743E+00 +/-   4.27036347E-03   1.82535107E+00
     8     1.0000E+02  -3.84747304E+00 +/-   4.27122661E-03   1.82608904E+00
     9     2.1544E+01  -3.84749101E+00 +/-   4.27354757E-03   1.82807416E+00
    10     4.6416E+00  -3.84752596E+00 +/-   4.27511723E-03   1.82941729E+00
    11     1.0000E+00  -3.84754067E+00 +/-   4.27228965E-03   1.82699812E+00
    12     2.1544E-01  -3.84753794E+00 +/-   4.26936754E-03   1.82449976E+00
    13     4.6416E-02  -3.84753600E+00 +/-   4.26835993E-03   1.82363867E+00
    14     1.0000E-02  -3.84753548E+00 +/-   4.26811624E-03   1.82343044E+00
    15     2.1544E-03  -3.84753536E+00 +/-   4.26806237E-03   1.82338441E+00
    16     4.6416E-04  -3.84753533E+00 +/-   4.26805070E-03   1.82337444E+00
    17     1.0000E-04  -3.84753533E+00 +/-   4.26804818E-03   1.82337229E+00
    18     2.1544E-05  -3.84753533E+00 +/-   4.26804764E-03   1.82337182E+00
    19     4.6416E-06  -3.84753533E+00 +/-   4.26804752E-03   1.82337172E+00
    20     1.0000E-06  -3.84753533E+00 +/-   4.26804750E-03   1.82337170E+00
    21     0.0000E+00  -3.84753533E+00 +/-   4.26804749E-03   1.82337170E+00
* Iteration # 1: E =  -3.847535326546E+00 +/-   4.268047491054E-03
* Reached maximum number of iterations: exiting.
* After optimization:
  -1.7629E+01   2.2420E+00   1.7313E+00   7.6158E-02  -1.7625E+00  -4.4871E-02
  -1.7047E+00  -5.1651E-01
  > Energy =  -3.847535326546E+00 +/-   4.268047491054E-03
  > varE =   1.823371696610E+00

VMC #10:
* Size of Hilbert space =   6.3504E+04
* Deterministic energy evaluation:
  > Deterministic Etot/t = -3.8517533011855609
    - Ttot/t = -7.0605104401425054
    - Utot/t = 3.2087571389569489
* Number of equil. steps   = 1000
* Running VMC equilibration.
  Done. [total walltime: 0.01s]
* Equil. acc.ratio (%)     =   6.3826
* Sample config after equilibration:
  +-------------------+
  |              d    |
  |        u          |
  |  d                |
  |                u  |
  |          d        |
  |    u              |
  |                  d|
  |            u      |
  |      d            |
  |u                  |
  +-------------------+
* Number of accum. steps   = 500480 x 10
* Running VMC accumulation.
  Done. [total walltime: 0.41s]
* Acceptance ratio (%)     =   6.1996
* Etot/t                   =  -3.848973392819E+00 +/-   2.425527496168E-03
  > Ttot/t                 =  -7.060150662616E+00 +/-   8.477485801599E-03
  > Utot/t                 =   3.211177269821E+00 +/-   8.126810055815E-03
* var[Eloc/t]              =   2.854042047929E+00 +/-   5.183732721506E-01
* Correlation length       =   1.031665159808E+00
* log10 Psi^2 range: -33.857749014501621 -- -25.811545580430828
* log10 Pgen range : -33.857749014501621 -- -25.811545580430828
* Site occupation (ave. no. electrons per config.):
  > Site_  ___eu____  ___ed____
      1        0.492      0.509
      2        0.509      0.490
      3        0.492      0.509
      4        0.508      0.492
      5        0.493      0.508
      6        0.508      0.492
      7        0.492      0.508
      8        0.508      0.493
      9        0.492      0.508
     10        0.507      0.492
* Pair-correlation analysis (ave. no. pairs per config.):
  > Shell  nsite  ___dh____  __eueu___  __eued___
      0      1        0          0          0.319
      1     10        0.303      1.566     18.154
      2     10        0.057     17.942      2.022
      3     10        0.012      0.492      4.505

Optimization #10:
* Method          : lls
* Target function : energy
* No. of configs. : 100096
* No. of params.  : 8
* Before optimization:
  -1.7629E+01   2.2420E+00   1.7313E+00   7.6158E-02  -1.7625E+00  -4.4871E-02
  -1.7047E+00  -5.1651E-01
  > E    =  -3.844238245740E+00 +/-   5.766502033984E-03
  > varE =   3.328446815182E+00
* Computing derivatives.
  Done. [total walltime: 0.16s]
* Optimizing manipulation constant:
  #igrid a___________ E____________________________________ varE____________
     1     Infinity    -3.84423825E+00 +/-   5.76650203E-03   3.32844682E+00
     2     1.0000E+06  -3.84423826E+00 +/-   5.76650213E-03   3.32844693E+00
     3     2.1544E+05  -3.84423829E+00 +/-   5.76650250E-03   3.32844735E+00
     4     4.6416E+04  -3.84423845E+00 +/-   5.76650419E-03   3.32844930E+00
     5     1.0000E+04  -3.84423921E+00 +/-   5.76651204E-03   3.32845837E+00
     6     2.1544E+03  -3.84424265E+00 +/-   5.76654872E-03   3.32850071E+00
     7     4.6416E+02  -3.84425729E+00 +/-   5.76672292E-03   3.32870181E+00
     8     1.0000E+02  -3.84430338E+00 +/-   5.76756554E-03   3.32967465E+00
     9     2.1544E+01  -3.84434390E+00 +/-   5.77078434E-03   3.33339218E+00
    10     4.6416E+00  -3.84426446E+00 +/-   5.77621630E-03   3.33967049E+00
    11     1.0000E+00  -3.84418187E+00 +/-   5.78020385E-03   3.34428309E+00
    12     2.1544E-01  -3.84415298E+00 +/-   5.78191718E-03   3.34626596E+00
    13     4.6416E-02  -3.84414585E+00 +/-   5.78239858E-03   3.34682320E+00
    14     1.0000E-02  -3.84414426E+00 +/-   5.78250980E-03   3.34695196E+00
    15     2.1544E-03  -3.84414391E+00 +/-   5.78253415E-03   3.34698014E+00
    16     4.6416E-04  -3.84414384E+00 +/-   5.78253941E-03   3.34698623E+00
    17     1.0000E-04  -3.84414382E+00 +/-   5.78254055E-03   3.34698754E+00
    18     2.1544E-05  -3.84414382E+00 +/-   5.78254079E-03   3.34698783E+00
    19     4.6416E-06  -3.84414382E+00 +/-   5.78254084E-03   3.34698789E+00
    20     1.0000E-06  -3.84414382E+00 +/-   5.78254085E-03   3.34698790E+00
    21     0.0000E+00  -3.84414382E+00 +/-   5.78254086E-03   3.34698790E+00
  ParMin   3.1924E+01  -3.84434287E+00 +/-   5.76963190E-03   3.33206094E+00
  # Using parabolic minimum
* Iteration # 1: E =  -3.844342868079E+00 +/-   5.769631903346E-03
* Reached maximum number of iterations: exiting.
* After optimization:
  -1.7581E+01   2.2323E+00   1.7265E+00   6.1433E-02  -1.7567E+00  -4.2501E-02
  -1.7020E+00  -5.1638E-01
  > Energy =  -3.844342868079E+00 +/-   5.769631903346E-03
  > varE =   3.332060940632E+00

VMC #11:
* Size of Hilbert space =   6.3504E+04
* Deterministic energy evaluation:
  > Deterministic Etot/t = -3.8516531030284513
    - Ttot/t = -7.0563267984276115
    - Utot/t = 3.2046736953991481
* Number of equil. steps   = 1000
* Running VMC equilibration.
  Done. [total walltime: 0.01s]
* Equil. acc.ratio (%)     =   6.2821
* Sample config after equilibration:
  +-------------------+
  |              u    |
  |        d          |
  |  u                |
  |                d  |
  |          u        |
  |    d              |
  |                  u|
  |            d      |
  |      u            |
  |d                  |
  +-------------------+
* Number of accum. steps   = 500480 x 10
* Running VMC accumulation.
  Done. [total walltime: 0.41s]
* Acceptance ratio (%)     =   6.2047
* Etot/t                   =  -3.854416788386E+00 +/-   2.285766063664E-03
  > Ttot/t                 =  -7.071268610598E+00 +/-   8.531876318012E-03
  > Utot/t                 =   3.216851822251E+00 +/-   8.148618427688E-03
* var[Eloc/t]              =   2.560010675511E+00 +/-   5.516922168895E-01
* Correlation length       =   1.021429770833E+00
* log10 Psi^2 range: -34.047816155065675 -- -25.724253813383967
* log10 Pgen range : -34.047816155065675 -- -25.724253813383967
* Site occupation (ave. no. electrons per config.):
  > Site_  ___eu____  ___ed____
      1        0.494      0.506
      2        0.506      0.494
      3        0.495      0.506
      4        0.506      0.494
      5        0.495      0.505
      6        0.505      0.495
      7        0.494      0.505
      8        0.506      0.493
      9        0.494      0.506
     10        0.505      0.495
* Pair-correlation analysis (ave. no. pairs per config.):
  > Shell  nsite  ___dh____  __eueu___  __eued___
      0      1        0          0          0.322
      1     10        0.304      1.560     18.158
      2     10        0.057     17.949      2.013
      3     10        0.012      0.491      4.507

Optimization #11:
* Method          : lls
* Target function : energy
* No. of configs. : 100096
* No. of params.  : 8
* Before optimization:
  -1.7581E+01   2.2323E+00   1.7265E+00   6.1433E-02  -1.7567E+00  -4.2501E-02
  -1.7020E+00  -5.1638E-01
  > E    =  -3.848758178763E+00 +/-   6.264273845084E-03
  > varE =   3.927879828794E+00
* Computing derivatives.
  Done. [total walltime: 0.16s]
* Optimizing manipulation constant:
  #igrid a___________ E____________________________________ varE____________
     1     Infinity    -3.84875818E+00 +/-   6.26427385E-03   3.92787983E+00
     2     1.0000E+06  -3.84875818E+00 +/-   6.26427370E-03   3.92787965E+00
     3     2.1544E+05  -3.84875818E+00 +/-   6.26427318E-03   3.92787899E+00
     4     4.6416E+04  -3.84875819E+00 +/-   6.26427075E-03   3.92787595E+00
     5     1.0000E+04  -3.84875823E+00 +/-   6.26425951E-03   3.92786185E+00
     6     2.1544E+03  -3.84875840E+00 +/-   6.26420786E-03   3.92779709E+00
     7     4.6416E+02  -3.84875907E+00 +/-   6.26397936E-03   3.92751053E+00
     8     1.0000E+02  -3.84876014E+00 +/-   6.26311409E-03   3.92642556E+00
     9     2.1544E+01  -3.84874712E+00 +/-   6.26109431E-03   3.92389352E+00
    10     4.6416E+00  -3.84867483E+00 +/-   6.25853970E-03   3.92069217E+00
    11     1.0000E+00  -3.84857968E+00 +/-   6.25524835E-03   3.91656950E+00
    12     2.1544E-01  -3.84853233E+00 +/-   6.25303313E-03   3.91379597E+00
    13     4.6416E-02  -3.84851866E+00 +/-   6.25232227E-03   3.91290616E+00
    14     1.0000E-02  -3.84851547E+00 +/-   6.25215291E-03   3.91269419E+00
    15     2.1544E-03  -3.84851478E+00 +/-   6.25211559E-03   3.91264748E+00
    16     4.6416E-04  -3.84851463E+00 +/-   6.25210751E-03   3.91263737E+00
    17     1.0000E-04  -3.84851459E+00 +/-   6.25210577E-03   3.91263519E+00
    18     2.1544E-05  -3.84851459E+00 +/-   6.25210540E-03   3.91263472E+00
    19     4.6416E-06  -3.84851458E+00 +/-   6.25210532E-03   3.91263461E+00
    20     1.0000E-06  -3.84851458E+00 +/-   6.25210530E-03   3.91263459E+00
    21     0.0000E+00  -3.84851458E+00 +/-   6.25210529E-03   3.91263459E+00
  ParMin   1.2689E+02  -3.84876013E+00 +/-   6.26332085E-03   3.92668481E+00
  # Using grid point #8
* Iteration # 1: E =  -3.848760140795E+00 +/-   6.263114085038E-03
* Reached maximum number of iterations: exiting.
* After optimization:
  -1.7584E+01   2.2335E+00   1.7265E+00   6.1810E-02  -1.7590E+00  -4.2506E-02
  -1.7023E+00  -5.1490E-01
  > Energy =  -3.848760140795E+00 +/-   6.263114085038E-03
  > varE =   3.926425557632E+00

VMC #12:
* Size of Hilbert space =   6.3504E+04
* Deterministic energy evaluation:
  > Deterministic Etot/t = -3.8516603573116552
    - Ttot/t = -7.0566788436535512
    - Utot/t = 3.2050184863418978
* Number of equil. steps   = 1000
* Running VMC equilibration.
  Done. [total walltime: 0.01s]
* Equil. acc.ratio (%)     =   6.2765
* Sample config after equilibration:
  +-------------------+
  |              d    |
  |        u          |
  |  d                |
  |                u  |
  |          d        |
  |    u              |
  |                  d|
  |            u      |
  |      d            |
  |u                  |
  +-------------------+
* Number of accum. steps   = 500480 x 10
* Running VMC accumulation.
  Done. [total walltime: 0.41s]
* Acceptance ratio (%)     =   6.1969
* Etot/t                   =  -3.854835673453E+00 +/-   1.821656090269E-03
  > Ttot/t                 =  -7.059858851215E+00 +/-   8.367902517733E-03
  > Utot/t                 =   3.205023177749E+00 +/-   8.109377553585E-03
* var[Eloc/t]              =   1.575343789246E+00 +/-   1.029084423685E-01
* Correlation length       =   1.054251341061E+00
* log10 Psi^2 range: -33.517135183607216 -- -25.728637504194364
* log10 Pgen range : -33.517135183607216 -- -25.728637504194364
* Site occupation (ave. no. electrons per config.):
  > Site_  ___eu____  ___ed____
      1        0.493      0.507
      2        0.507      0.492
      3        0.493      0.507
      4        0.506      0.494
      5        0.494      0.507
      6        0.507      0.493
      7        0.493      0.508
      8        0.507      0.493
      9        0.493      0.507
     10        0.507      0.493
* Pair-correlation analysis (ave. no. pairs per config.):
  > Shell  nsite  ___dh____  __eueu___  __eued___
      0      1        0          0          0.322
      1     10        0.303      1.562     18.156
      2     10        0.057     17.947      2.015
      3     10        0.012      0.491      4.507

Optimization #12:
* Method          : lls
* Target function : energy
* No. of configs. : 100096
* No. of params.  : 8
* Before optimization:
  -1.7584E+01   2.2335E+00   1.7265E+00   6.1810E-02  -1.7590E+00  -4.2506E-02
  -1.7023E+00  -5.1490E-01
  > E    =  -3.853102089451E+00 +/-   3.875623015377E-03
  > varE =   1.503487339293E+00
* Computing derivatives.
  Done. [total walltime: 0.17s]
* Optimizing manipulation constant:
  #igrid a___________ E____________________________________ varE____________
     1     Infinity    -3.85310209E+00 +/-   3.87562302E-03   1.50348734E+00
     2     1.0000E+06  -3.85310211E+00 +/-   3.87562256E-03   1.50348699E+00
     3     2.1544E+05  -3.85310219E+00 +/-   3.87562091E-03   1.50348570E+00
     4     4.6416E+04  -3.85310256E+00 +/-   3.87561323E-03   1.50347975E+00
     5     1.0000E+04  -3.85310428E+00 +/-   3.87557773E-03   1.50345221E+00
     6     2.1544E+03  -3.85311219E+00 +/-   3.87541546E-03   1.50332631E+00
     7     4.6416E+02  -3.85314709E+00 +/-   3.87471321E-03   1.50278153E+00
     8     1.0000E+02  -3.85327864E+00 +/-   3.87231855E-03   1.50092460E+00
     9     2.1544E+01  -3.85358737E+00 +/-   3.86928029E-03   1.49857025E+00
    10     4.6416E+00  -3.85393319E+00 +/-   3.87623198E-03   1.50395985E+00
    11     1.0000E+00  -3.85411758E+00 +/-   3.89502183E-03   1.51857594E+00
    12     2.1544E-01  -3.85416033E+00 +/-   3.90793435E-03   1.52866120E+00
    13     4.6416E-02  -3.85416669E+00 +/-   3.91206021E-03   1.53189071E+00
    14     1.0000E-02  -3.85416777E+00 +/-   3.91304233E-03   1.53265997E+00
    15     2.1544E-03  -3.85416798E+00 +/-   3.91325871E-03   1.53282948E+00
    16     4.6416E-04  -3.85416803E+00 +/-   3.91330556E-03   1.53286618E+00
    17     1.0000E-04  -3.85416804E+00 +/-   3.91331566E-03   1.53287410E+00
    18     2.1544E-05  -3.85416804E+00 +/-   3.91331784E-03   1.53287580E+00
    19     4.6416E-06  -3.85416804E+00 +/-   3.91331831E-03   1.53287617E+00
    20     1.0000E-06  -3.85416804E+00 +/-   3.91331841E-03   1.53287625E+00
    21     0.0000E+00  -3.85416804E+00 +/-   3.91331844E-03   1.53287627E+00
  ParMin   2.5134E-01  -3.85415875E+00 +/-   3.90714004E-03   1.52803984E+00
  # Using parabolic minimum
* Iteration # 1: E =  -3.854158751262E+00 +/-   3.907140040495E-03
* Reached maximum number of iterations: exiting.
* After optimization:
  -1.6911E+01   2.1639E+00   1.6524E+00   2.4967E-02  -1.6844E+00  -4.6309E-02
  -1.6235E+00  -4.9399E-01
  > Energy =  -3.854158751262E+00 +/-   3.907140040495E-03
  > varE =   1.528039840960E+00

VMC #13:
* Size of Hilbert space =   6.3504E+04
* Deterministic energy evaluation:
  > Deterministic Etot/t = -3.8515616903215806
    - Ttot/t = -7.0954434484232367
    - Utot/t = 3.2438817581016455
* Number of equil. steps   = 1000
* Running VMC equilibration.
  Done. [total walltime: 0.01s]
* Equil. acc.ratio (%)     =   6.4594
* Sample config after equilibration:
  +-------------------+
  |              u    |
  |        d          |
  |  u                |
  |                d  |
  |          u        |
  |    d              |
  |                  u|
  |            0      |
  |      2            |
  |d                  |
  +-------------------+
* Number of accum. steps   = 500480 x 10
* Running VMC accumulation.
  Done. [total walltime: 0.41s]
* Acceptance ratio (%)     =   6.3056
* Etot/t                   =  -3.851639297719E+00 +/-   1.956940783826E-03
  > Ttot/t                 =  -7.106454674976E+00 +/-   8.373544919612E-03
  > Utot/t                 =   3.254815377238E+00 +/-   8.166952052003E-03
* var[Eloc/t]              =   1.914811887843E+00 +/-   3.527492546809E-01
* Correlation length       =   1.000958289501E+00
* log10 Psi^2 range: -32.112712437257436 -- -24.425241429844974
* log10 Pgen range : -32.112712437257436 -- -24.425241429844974
* Site occupation (ave. no. electrons per config.):
  > Site_  ___eu____  ___ed____
      1        0.507      0.493
      2        0.492      0.507
      3        0.506      0.494
      4        0.494      0.506
      5        0.508      0.493
      6        0.493      0.507
      7        0.507      0.492
      8        0.492      0.507
      9        0.509      0.493
     10        0.492      0.508
* Pair-correlation analysis (ave. no. pairs per config.):
  > Shell  nsite  ___dh____  __eueu___  __eued___
      0      1        0          0          0.324
      1     10        0.306      1.588     18.129
      2     10        0.059     17.917      2.046
      3     10        0.013      0.495      4.502

Optimization #13:
* Method          : lls
* Target function : energy
* No. of configs. : 100096
* No. of params.  : 8
* Before optimization:
  -1.6911E+01   2.1639E+00   1.6524E+00   2.4967E-02  -1.6844E+00  -4.6309E-02
  -1.6235E+00  -4.9399E-01
  > E    =  -3.842163143056E+00 +/-   5.928776788763E-03
  > varE =   3.518413858942E+00
* Computing derivatives.
  Done. [total walltime: 0.16s]
* Optimizing manipulation constant:
  #igrid a___________ E____________________________________ varE____________
     1     Infinity    -3.84216314E+00 +/-   5.92877679E-03   3.51841386E+00
     2     1.0000E+06  -3.84216316E+00 +/-   5.92877692E-03   3.51841401E+00
     3     2.1544E+05  -3.84216320E+00 +/-   5.92877739E-03   3.51841457E+00
     4     4.6416E+04  -3.84216341E+00 +/-   5.92877956E-03   3.51841715E+00
     5     1.0000E+04  -3.84216436E+00 +/-   5.92878963E-03   3.51842910E+00
     6     2.1544E+03  -3.84216878E+00 +/-   5.92883562E-03   3.51848368E+00
     7     4.6416E+02  -3.84218892E+00 +/-   5.92903373E-03   3.51871883E+00
     8     1.0000E+02  -3.84227497E+00 +/-   5.92968073E-03   3.51948682E+00
     9     2.1544E+01  -3.84256569E+00 +/-   5.92978235E-03   3.51960746E+00
    10     4.6416E+00  -3.84306135E+00 +/-   5.92152853E-03   3.50981620E+00
    11     1.0000E+00  -3.84329409E+00 +/-   5.90144225E-03   3.48604546E+00
    12     2.1544E-01  -3.84328910E+00 +/-   5.88734341E-03   3.46940868E+00
    13     4.6416E-02  -3.84327156E+00 +/-   5.88283362E-03   3.46409548E+00
    14     1.0000E-02  -3.84326640E+00 +/-   5.88176121E-03   3.46283262E+00
    15     2.1544E-03  -3.84326521E+00 +/-   5.88152501E-03   3.46255451E+00
    16     4.6416E-04  -3.84326495E+00 +/-   5.88147388E-03   3.46249430E+00
    17     1.0000E-04  -3.84326490E+00 +/-   5.88146285E-03   3.46248132E+00
    18     2.1544E-05  -3.84326488E+00 +/-   5.88146047E-03   3.46247852E+00
    19     4.6416E-06  -3.84326488E+00 +/-   5.88145996E-03   3.46247792E+00
    20     1.0000E-06  -3.84326488E+00 +/-   5.88145985E-03   3.46247779E+00
    21     0.0000E+00  -3.84326488E+00 +/-   5.88145982E-03   3.46247775E+00
  ParMin   1.1606E-01  -3.84327997E+00 +/-   5.88478051E-03   3.46638870E+00
  # Using grid point #12
* Iteration # 1: E =  -3.843289096519E+00 +/-   5.887343411109E-03
* Reached maximum number of iterations: exiting.
* After optimization:
  -1.8060E+01   2.3166E+00   1.7765E+00   6.8155E-02  -1.8479E+00  -3.6179E-02
  -1.7569E+00  -4.9878E-01
  > Energy =  -3.843289096519E+00 +/-   5.887343411109E-03
  > varE =   3.469408682028E+00

VMC #14:
* Size of Hilbert space =   6.3504E+04
* Deterministic energy evaluation:
  > Deterministic Etot/t = -3.8506197462827383
    - Ttot/t = -7.0368755417039939
    - Utot/t = 3.1862557954212507
* Number of equil. steps   = 1000
* Running VMC equilibration.
  Done. [total walltime: 0.01s]
* Equil. acc.ratio (%)     =   6.3588
* Sample config after equilibration:
  +-------------------+
  |              u    |
  |        d          |
  |  u                |
  |                d  |
  |          u        |
  |    d              |
  |                  u|
  |            d      |
  |      u            |
  |d                  |
  +-------------------+
* Number of accum. steps   = 500480 x 10
* Running VMC accumulation.
  Done. [total walltime: 0.41s]
* Acceptance ratio (%)     =   6.1326
* Etot/t                   =  -3.851354210605E+00 +/-   1.752920690161E-03
  > Ttot/t                 =  -7.048944523922E+00 +/-   8.382908525451E-03
  > Utot/t                 =   3.197590313299E+00 +/-   8.208263638906E-03
* var[Eloc/t]              =   1.573277932907E+00 +/-   1.546794371058E-01
* Correlation length       =   9.774753409342E-01
* log10 Psi^2 range: -34.287277781305256 -- -26.566760733414192
* log10 Pgen range : -34.287277781305256 -- -26.566760733414192
* Site occupation (ave. no. electrons per config.):
  > Site_  ___eu____  ___ed____
      1        0.503      0.497
      2        0.498      0.502
      3        0.502      0.498
      4        0.498      0.502
      5        0.501      0.497
      6        0.499      0.503
      7        0.501      0.497
      8        0.498      0.503
      9        0.502      0.498
     10        0.497      0.502
* Pair-correlation analysis (ave. no. pairs per config.):
  > Shell  nsite  ___dh____  __eueu___  __eued___
      0      1        0          0          0.318
      1     10        0.303      1.523     18.197
      2     10        0.057     17.995      1.969
      3     10        0.012      0.482      4.516

VDAGGER finished.
Total VDAGGER walltime: 17.2s

Run ended: Thu Jan 15 15:25:14 CET 2026
