Run started: Fri Jan 16 09:17:52 CET 2026
Using VDAGGER_ARCH = gnu7_fkfamd_cluster
Running 1x128 MPI processes.

                               xx
                              +##
                               #X
                               Xx
                          X##XxXxxX##x
                           +   Xx  ++
                               ##
                              +##
                              +##
     ++++         ++          +##
   xX+++##+      ####         +##
  Xx    ###      +X##          ##
 xX    X##+        ##          #X
 +    x##X         #x          #X
      ###         +#           x+
     X##+         #+
     ###         Xx                    _______
     ##X       +X+   __________________VDAGGER
     +##x    +xX     2nd quantized variational
       +xxxxx+       ______quantum Monte Carlo

* Running 128 MPI processes.
* Input file: "input.01.casl"

############# Start of input file dump #############
General:
  Random seed: timer

Plan:
  VMC-optimization:
    Minimum cycles: 10
    Convergence cycles: 7

System:
  Hubbard model:
    Primitive cell:
      a_1: [ 3.0, 1.0 ]
      a_2: [ -1.0, 3.0 ]
    Simulation cell:
      a_1: [ 10.0, 0.0 ]
      a_2: [ 0.0, 10.0 ]
    U: 10.0
    Dump Hamiltonian: FCIDUMP.new
    Dump orbitals: LTSC.new
  netot: 10

VMC:
  nstep: 500000
  nconfig: 100000

Jastrow: wfn.casl
############## End of input file dump ##############

General setup:
* Random seed: 798761307 (from timer)

Hubbard system:
* Dimensionality        : 2
* Simulation cell:
  > a_1 =   1.000000000000E+01   0.000000000000E+00
  > a_2 =   0.000000000000E+00   1.000000000000E+01
* Primitive cell:
  > a_1 =   3.000000000000E+00   1.000000000000E+00
  > a_2 =  -1.000000000000E+00   3.000000000000E+00
* Prim.cells in sim.cell: 10
* Number of sublattices : 1
* # real-space shells   : 3
  > Shell #1: 4 sites, rij =  3.1623E+00
  > Shell #2: 4 sites, rij =  4.4721E+00
  > Shell #3: 1 sites, rij =  7.0711E+00
* Site labels:
  +-----------------------------+
  |                      4      |
  |             7               |
  |   10                        |
  |                         3   |
  |                6            |
  |       9                     |
  |                            2|
  |                   5         |
  |          8                  |
  | 1                           |
  +-----------------------------+
* Shell diagram:
  +-------------------+
  |              0    |
  |        1          |
  |  2                |
  |                1  |
  |          2        |
  |    3              |
  |                  2|
  |            1      |
  |      2            |
  |1                  |
  +-------------------+
* Hop multiplicity diagram:
  +-------------------+
  |              0    |
  |        1          |
  |  -                |
  |                1  |
  |          -        |
  |    -              |
  |                  -|
  |            1      |
  |      -            |
  |1                  |
  +-------------------+
* Reciprocal lattice of the simulation cell:
  > b_1 =   6.283185307180E-01  -0.000000000000E+00
  > b_2 =  -0.000000000000E+00   6.283185307180E-01
* k-vector offset:
  > Fractional:   0.000000000000E+00   0.000000000000E+00
  > Absolute  :   0.000000000000E+00   0.000000000000E+00
* G-vector occupation diagram:
  +----0----+
  |      -  |
  |- - 2 -  |
  0  2 2 2  0
  |  - 2 - -|
  |  -      |
  +----0----+
* G-vectors and non-interacting energy levels:
  > G_1 = [   0.0000E+00,  0.0000E+00,  0.0000E+00 ], e =  -4.0000E+00
  > G_2 = [  -6.2832E-01,  0.0000E+00,  0.0000E+00 ], e =  -1.0000E+00
  > G_3 = [   6.2832E-01,  0.0000E+00,  0.0000E+00 ], e =  -1.0000E+00
  > G_4 = [   0.0000E+00, -6.2832E-01,  0.0000E+00 ], e =  -1.0000E+00
  > G_5 = [   0.0000E+00,  6.2832E-01,  0.0000E+00 ], e =  -1.0000E+00 = e_F
  > G_6 = [  -6.2832E-01, -6.2832E-01,  0.0000E+00 ], e =   1.0000E+00
  > G_7 = [   6.2832E-01,  6.2832E-01,  0.0000E+00 ], e =   1.0000E+00
  > G_8 = [   6.2832E-01, -6.2832E-01,  0.0000E+00 ], e =   1.0000E+00
  > G_9 = [  -6.2832E-01,  6.2832E-01,  0.0000E+00 ], e =   1.0000E+00
  > ...
* U/t                   :  1.00000000000E+01
* Hartree-Fock Etot/t   :  9.00000000000E+00
  > Ttot/t              : -1.60000000000E+01
  > Utot/t              :  2.50000000000E+01
* Writing Hamiltonian to "FCIDUMP.new".
* Writing orbitals to "LTSC.new".
* Analysis of Hamiltonian connecitivity performed:
  - U_iiii [opp] (local, 1-site): 10 (i) values
  - T_ji (single, 2-site): 40 contribs. from 10 (i) values
  - Max. no. wfn. ratios in Eloc: 4
* Site labels:
  +-----------------------------+
  |                      4      |
  |             7               |
  |   10                        |
  |                         3   |
  |                6            |
  |       9                     |
  |                            2|
  |                   5         |
  |          8                  |
  | 1                           |
  +-----------------------------+
* Model system Site kinds:
  [ 1, 1, 1, 1, 1, 1, 1, 1, 1, 1 ]
  +-------------------+
  |              1    |
  |        1          |
  |  1                |
  |                1  |
  |          1        |
  |    1              |
  |                  1|
  |            1      |
  |      1            |
  |1                  |
  +-------------------+
* Maximum Site kind: 1
* Model system Site pair kinds:
  Site 1: [ 0, 1, 2, 1, 2, 3, 2, 1, 2, 1 ]
  Site 2: [ 1, 0, 1, 2, 1, 2, 3, 2, 1, 2 ]
  Site 3: [ 2, 1, 0, 1, 2, 1, 2, 3, 2, 1 ]
  Site 4: [ 1, 2, 1, 0, 1, 2, 1, 2, 3, 2 ]
  Site 5: [ 2, 1, 2, 1, 0, 1, 2, 1, 2, 3 ]
  Site 6: [ 3, 2, 1, 2, 1, 0, 1, 2, 1, 2 ]
  Site 7: [ 2, 3, 2, 1, 2, 1, 0, 1, 2, 1 ]
  Site 8: [ 1, 2, 3, 2, 1, 2, 1, 0, 1, 2 ]
  Site 9: [ 2, 1, 2, 3, 2, 1, 2, 1, 0, 1 ]
  Site 10: [ 1, 2, 1, 2, 3, 2, 1, 2, 1, 0 ]
  For site 1 of kind 1:
  +-------------------+
  |              1    |
  |        2          |
  |  1                |
  |                2  |
  |          3        |
  |    2              |
  |                  1|
  |            2      |
  |      1            |
  |0                  |
  +-------------------+
* Maximum (unsigned) Site pair kind: 3

General system setup:
* Number of sites       : 10
* Number of electrons   : 10
* Spin imbalance MS2    : 0
* Filling               : 0.500000
* Number of orbitals in pool: 13
* Using real-valued orbitals
* Using double-precision arithmetic for orbitals

Trial wave function setup:
* Jastrow parameter file: "wfn.casl"
* Not using multideterminants
* Not using a backflow transformation
* Not using wave function manipulation

VMC #1:
* Size of Hilbert space =   6.3504E+04
* Deterministic energy evaluation:
  > Deterministic Etot/t = -3.8518065986196177
    - Ttot/t = -7.0833016182052928
    - Utot/t = 3.2314950195856720
* Number of equil. steps   = 1000
* Running VMC equilibration.
  Done. [total walltime: 0.01s]
* Equil. acc.ratio (%)     =   6.4349
* Sample config after equilibration:
  +-------------------+
  |              0    |
  |        u          |
  |  d                |
  |                2  |
  |          d        |
  |    u              |
  |                  d|
  |            u      |
  |      d            |
  |u                  |
  +-------------------+
* Number of accum. steps   = 500480 x 10
* Running VMC accumulation.
  Done. [total walltime: 0.68s]
* Acceptance ratio (%)     =   6.2936
* Etot/t                   =  -3.850930466699E+00 +/-   2.112368673197E-03
  > Ttot/t                 =  -7.098752557449E+00 +/-   8.568649630703E-03
  > Utot/t                 =   3.247822090793E+00 +/-   8.288142883349E-03
* var[Eloc/t]              =   2.215620653491E+00 +/-   4.471036835920E-01
* Correlation length       =   1.007930897788E+00
* log10 Psi^2 range: -32.357003762911184 -- -24.695967002084423
* log10 Pgen range : -32.357003762911184 -- -24.695967002084423
* Site occupation (ave. no. electrons per config.):
  > Site_  ___eu____  ___ed____
      1        0.502      0.497
      2        0.500      0.502
      3        0.499      0.501
      4        0.498      0.501
      5        0.503      0.498
      6        0.499      0.501
      7        0.501      0.499
      8        0.499      0.501
      9        0.501      0.498
     10        0.499      0.502
* Pair-correlation analysis (ave. no. pairs per config.):
  > Shell  nsite  ___dh____  __eueu___  __eued___
      0      1        0          0          0.325
      1     10        0.308      1.589     18.125
      2     10        0.056     17.915      2.049
      3     10        0.013      0.496      4.501

Optimization #1:
* Method          : lls
* Target function : energy
* No. of configs. : 100096
* No. of params.  : 8
* Before optimization:
  -1.7033E+01   2.1615E+00   1.6624E+00   4.3158E-02  -1.6812E+00  -4.6064E-02
  -1.6393E+00  -5.1179E-01
  > E    =  -3.853460086558E+00 +/-   5.544732640944E-03
  > varE =   3.077357435721E+00
* Computing derivatives.
  Done. [total walltime: 0.24s]
* Optimizing manipulation constant:
  #igrid a___________ E____________________________________ varE____________
     1     Infinity    -3.85346009E+00 +/-   5.54473264E-03   3.07735744E+00
     2     1.0000E+06  -3.85346010E+00 +/-   5.54473248E-03   3.07735726E+00
     3     2.1544E+05  -3.85346014E+00 +/-   5.54473191E-03   3.07735662E+00
     4     4.6416E+04  -3.85346034E+00 +/-   5.54472925E-03   3.07735367E+00
     5     1.0000E+04  -3.85346126E+00 +/-   5.54471696E-03   3.07734003E+00
     6     2.1544E+03  -3.85346548E+00 +/-   5.54466082E-03   3.07727771E+00
     7     4.6416E+02  -3.85348410E+00 +/-   5.54441915E-03   3.07700947E+00
     8     1.0000E+02  -3.85355360E+00 +/-   5.54361503E-03   3.07611700E+00
     9     2.1544E+01  -3.85370593E+00 +/-   5.54269716E-03   3.07509845E+00
    10     4.6416E+00  -3.85382692E+00 +/-   5.54411043E-03   3.07666682E+00
    11     1.0000E+00  -3.85385431E+00 +/-   5.54605964E-03   3.07883060E+00
    12     2.1544E-01  -3.85385486E+00 +/-   5.54679552E-03   3.07964768E+00
    13     4.6416E-02  -3.85385430E+00 +/-   5.54697482E-03   3.07984678E+00
    14     1.0000E-02  -3.85385414E+00 +/-   5.54701438E-03   3.07989071E+00
    15     2.1544E-03  -3.85385410E+00 +/-   5.54702294E-03   3.07990022E+00
    16     4.6416E-04  -3.85385409E+00 +/-   5.54702479E-03   3.07990227E+00
    17     1.0000E-04  -3.85385409E+00 +/-   5.54702519E-03   3.07990271E+00
    18     2.1544E-05  -3.85385409E+00 +/-   5.54702527E-03   3.07990281E+00
    19     4.6416E-06  -3.85385409E+00 +/-   5.54702529E-03   3.07990283E+00
    20     1.0000E-06  -3.85385409E+00 +/-   5.54702529E-03   3.07990283E+00
    21     0.0000E+00  -3.85385409E+00 +/-   5.54702530E-03   3.07990283E+00
  ParMin   5.1823E-01  -3.85385518E+00 +/-   5.54649280E-03   3.07931155E+00
  # Using grid point #11
* Iteration # 1: E =  -3.853854314524E+00 +/-   5.546059644845E-03
* Diminishing returns: exiting.
* After optimization:
  -1.7221E+01   2.2006E+00   1.6838E+00   3.2176E-02  -1.7137E+00  -4.7664E-02
  -1.6566E+00  -5.0479E-01
  > Energy =  -3.853854314524E+00 +/-   5.546059644845E-03
  > varE =   3.078830601065E+00

VMC #2:
* Size of Hilbert space =   6.3504E+04
* Deterministic energy evaluation:
  > Deterministic Etot/t = -3.8516494030545996
    - Ttot/t = -7.0789834573041261
    - Utot/t = 3.2273340542495137
* Number of equil. steps   = 1000
* Running VMC equilibration.
  Done. [total walltime: 0.01s]
* Equil. acc.ratio (%)     =   6.4018
* Sample config after equilibration:
  +-------------------+
  |              u    |
  |        d          |
  |  d                |
  |                d  |
  |          u        |
  |    u              |
  |                  u|
  |            d      |
  |      u            |
  |d                  |
  +-------------------+
* Number of accum. steps   = 500480 x 10
* Running VMC accumulation.
  Done. [total walltime: 0.41s]
* Acceptance ratio (%)     =   6.2629
* Etot/t                   =  -3.852692813751E+00 +/-   1.825691464803E-03
  > Ttot/t                 =  -7.076318133439E+00 +/-   8.198711187867E-03
  > Utot/t                 =   3.223625319693E+00 +/-   8.032241880067E-03
* var[Eloc/t]              =   1.678599081594E+00 +/-   1.533508129230E-01
* Correlation length       =   9.937897573611E-01
* log10 Psi^2 range: -32.877711053507326 -- -25.024956179636490
* log10 Pgen range : -32.877711053507326 -- -25.024956179636490
* Site occupation (ave. no. electrons per config.):
  > Site_  ___eu____  ___ed____
      1        0.497      0.502
      2        0.503      0.498
      3        0.497      0.502
      4        0.502      0.499
      5        0.498      0.502
      6        0.503      0.497
      7        0.498      0.503
      8        0.502      0.497
      9        0.497      0.503
     10        0.504      0.498
* Pair-correlation analysis (ave. no. pairs per config.):
  > Shell  nsite  ___dh____  __eueu___  __eued___
      0      1        0          0          0.324
      1     10        0.307      1.599     18.116
      2     10        0.057     17.900      2.063
      3     10        0.012      0.501      4.497

Optimization #2:
* Method          : lls
* Target function : energy
* No. of configs. : 100096
* No. of params.  : 8
* Before optimization:
  -1.7221E+01   2.2006E+00   1.6838E+00   3.2176E-02  -1.7137E+00  -4.7664E-02
  -1.6566E+00  -5.0479E-01
  > E    =  -3.849395567256E+00 +/-   4.470280100004E-03
  > varE =   2.000258824050E+00
* Computing derivatives.
  Done. [total walltime: 0.16s]
* Optimizing manipulation constant:
  #igrid a___________ E____________________________________ varE____________
     1     Infinity    -3.84939557E+00 +/-   4.47028010E-03   2.00025882E+00
     2     1.0000E+06  -3.84939557E+00 +/-   4.47027973E-03   2.00025849E+00
     3     2.1544E+05  -3.84939560E+00 +/-   4.47027839E-03   2.00025729E+00
     4     4.6416E+04  -3.84939572E+00 +/-   4.47027215E-03   2.00025171E+00
     5     1.0000E+04  -3.84939627E+00 +/-   4.47024323E-03   2.00022583E+00
     6     2.1544E+03  -3.84939882E+00 +/-   4.47011000E-03   2.00010660E+00
     7     4.6416E+02  -3.84941012E+00 +/-   4.46951178E-03   1.99957130E+00
     8     1.0000E+02  -3.84945333E+00 +/-   4.46709964E-03   1.99741360E+00
     9     2.1544E+01  -3.84955613E+00 +/-   4.46008941E-03   1.99114943E+00
    10     4.6416E+00  -3.84965865E+00 +/-   4.44688247E-03   1.97937474E+00
    11     1.0000E+00  -3.84970233E+00 +/-   4.42834036E-03   1.96290242E+00
    12     2.1544E-01  -3.84970101E+00 +/-   4.41640648E-03   1.95233707E+00
    13     4.6416E-02  -3.84969619E+00 +/-   4.41264657E-03   1.94901423E+00
    14     1.0000E-02  -3.84969472E+00 +/-   4.41175517E-03   1.94822687E+00
    15     2.1544E-03  -3.84969439E+00 +/-   4.41155896E-03   1.94805359E+00
    16     4.6416E-04  -3.84969431E+00 +/-   4.41151649E-03   1.94801608E+00
    17     1.0000E-04  -3.84969430E+00 +/-   4.41150733E-03   1.94800799E+00
    18     2.1544E-05  -3.84969429E+00 +/-   4.41150536E-03   1.94800625E+00
    19     4.6416E-06  -3.84969429E+00 +/-   4.41150494E-03   1.94800587E+00
    20     1.0000E-06  -3.84969429E+00 +/-   4.41150484E-03   1.94800579E+00
    21     0.0000E+00  -3.84969429E+00 +/-   4.41150482E-03   1.94800577E+00
* Iteration # 1: E =  -3.849694291659E+00 +/-   4.411504818879E-03
* Diminishing returns: exiting.
* After optimization:
  -1.7945E+01   2.2820E+00   1.7624E+00   1.0367E-01  -1.8123E+00  -3.9101E-02
  -1.7445E+00  -5.1464E-01
  > Energy =  -3.849694291659E+00 +/-   4.411504818879E-03
  > varE =   1.948005768677E+00

VMC #3:
* Size of Hilbert space =   6.3504E+04
* Deterministic energy evaluation:
  > Deterministic Etot/t = -3.8513804135955167
    - Ttot/t = -7.0539604901056752
    - Utot/t = 3.2025800765101611
* Number of equil. steps   = 1000
* Running VMC equilibration.
  Done. [total walltime: 0.01s]
* Equil. acc.ratio (%)     =   6.3002
* Sample config after equilibration:
  +-------------------+
  |              d    |
  |        u          |
  |  d                |
  |                u  |
  |          d        |
  |    u              |
  |                  d|
  |            2      |
  |      0            |
  |u                  |
  +-------------------+
* Number of accum. steps   = 500480 x 10
* Running VMC accumulation.
  Done. [total walltime: 0.41s]
* Acceptance ratio (%)     =   6.1746
* Etot/t                   =  -3.852283948583E+00 +/-   1.969444053705E-03
  > Ttot/t                 =  -7.047756295106E+00 +/-   8.306318705479E-03
  > Utot/t                 =   3.195472346547E+00 +/-   8.059904012645E-03
* var[Eloc/t]              =   1.926774927228E+00 +/-   4.143613986560E-01
* Correlation length       =   1.007495319587E+00
* log10 Psi^2 range: -33.966254419812991 -- -26.402510160128401
* log10 Pgen range : -33.966254419812991 -- -26.402510160128401
* Site occupation (ave. no. electrons per config.):
  > Site_  ___eu____  ___ed____
      1        0.496      0.504
      2        0.504      0.496
      3        0.496      0.503
      4        0.503      0.497
      5        0.496      0.503
      6        0.504      0.496
      7        0.497      0.505
      8        0.504      0.496
      9        0.497      0.503
     10        0.503      0.497
* Pair-correlation analysis (ave. no. pairs per config.):
  > Shell  nsite  ___dh____  __eueu___  __eued___
      0      1        0          0          0.321
      1     10        0.306      1.546     18.170
      2     10        0.056     17.966      1.999
      3     10        0.012      0.488      4.510

Optimization #3:
* Method          : lls
* Target function : energy
* No. of configs. : 100096
* No. of params.  : 8
* Before optimization:
  -1.7945E+01   2.2820E+00   1.7624E+00   1.0367E-01  -1.8123E+00  -3.9101E-02
  -1.7445E+00  -5.1464E-01
  > E    =  -3.853332903864E+00 +/-   4.019322026342E-03
  > varE =   1.617045830300E+00
* Computing derivatives.
  Done. [total walltime: 0.16s]
* Optimizing manipulation constant:
  #igrid a___________ E____________________________________ varE____________
     1     Infinity    -3.85333290E+00 +/-   4.01932203E-03   1.61704583E+00
     2     1.0000E+06  -3.85333293E+00 +/-   4.01932158E-03   1.61704547E+00
     3     2.1544E+05  -3.85333301E+00 +/-   4.01931994E-03   1.61704415E+00
     4     4.6416E+04  -3.85333339E+00 +/-   4.01931234E-03   1.61703804E+00
     5     1.0000E+04  -3.85333516E+00 +/-   4.01927718E-03   1.61700974E+00
     6     2.1544E+03  -3.85334327E+00 +/-   4.01911578E-03   1.61687988E+00
     7     4.6416E+02  -3.85337936E+00 +/-   4.01840427E-03   1.61630746E+00
     8     1.0000E+02  -3.85351911E+00 +/-   4.01575513E-03   1.61417705E+00
     9     2.1544E+01  -3.85387805E+00 +/-   4.01025514E-03   1.60975851E+00
    10     4.6416E+00  -3.85431634E+00 +/-   4.01086579E-03   1.61024880E+00
    11     1.0000E+00  -3.85450592E+00 +/-   4.02545936E-03   1.62198792E+00
    12     2.1544E-01  -3.85452835E+00 +/-   4.03703062E-03   1.63132620E+00
    13     4.6416E-02  -3.85452754E+00 +/-   4.04081098E-03   1.63438284E+00
    14     1.0000E-02  -3.85452690E+00 +/-   4.04171428E-03   1.63511363E+00
    15     2.1544E-03  -3.85452674E+00 +/-   4.04191344E-03   1.63527479E+00
    16     4.6416E-04  -3.85452670E+00 +/-   4.04195657E-03   1.63530968E+00
    17     1.0000E-04  -3.85452670E+00 +/-   4.04196587E-03   1.63531721E+00
    18     2.1544E-05  -3.85452670E+00 +/-   4.04196787E-03   1.63531883E+00
    19     4.6416E-06  -3.85452670E+00 +/-   4.04196831E-03   1.63531918E+00
    20     1.0000E-06  -3.85452669E+00 +/-   4.04196840E-03   1.63531925E+00
    21     0.0000E+00  -3.85452669E+00 +/-   4.04196842E-03   1.63531927E+00
  ParMin   5.2295E-01  -3.85452330E+00 +/-   4.03154363E-03   1.62689472E+00
  # Using grid point #11
* Iteration # 1: E =  -3.854505922537E+00 +/-   4.025459358213E-03
* Computing derivatives.
  Done. [total walltime: 0.16s]
* Optimizing manipulation constant:
  #igrid a___________ E____________________________________ varE____________
     1     Infinity    -3.85450592E+00 +/-   4.02545936E-03   1.62198792E+00
     2     1.0000E+06  -3.85450592E+00 +/-   4.02545932E-03   1.62198789E+00
     3     2.1544E+05  -3.85450593E+00 +/-   4.02545920E-03   1.62198779E+00
     4     4.6416E+04  -3.85450594E+00 +/-   4.02545864E-03   1.62198734E+00
     5     1.0000E+04  -3.85450599E+00 +/-   4.02545606E-03   1.62198526E+00
     6     2.1544E+03  -3.85450624E+00 +/-   4.02544453E-03   1.62197597E+00
     7     4.6416E+02  -3.85450729E+00 +/-   4.02540041E-03   1.62194042E+00
     8     1.0000E+02  -3.85451031E+00 +/-   4.02534913E-03   1.62189909E+00
     9     2.1544E+01  -3.85451152E+00 +/-   4.02631842E-03   1.62268028E+00
    10     4.6416E+00  -3.85450767E+00 +/-   4.03140751E-03   1.62678487E+00
    11     1.0000E+00  -3.85450731E+00 +/-   4.04001575E-03   1.63373962E+00
    12     2.1544E-01  -3.85450576E+00 +/-   4.04549198E-03   1.63817167E+00
    13     4.6416E-02  -3.85450480E+00 +/-   4.04721333E-03   1.63956605E+00
    14     1.0000E-02  -3.85450453E+00 +/-   4.04762159E-03   1.63989684E+00
    15     2.1544E-03  -3.85450447E+00 +/-   4.04771146E-03   1.63996967E+00
    16     4.6416E-04  -3.85450446E+00 +/-   4.04773092E-03   1.63998543E+00
    17     1.0000E-04  -3.85450446E+00 +/-   4.04773511E-03   1.63998883E+00
    18     2.1544E-05  -3.85450446E+00 +/-   4.04773602E-03   1.63998957E+00
    19     4.6416E-06  -3.85450446E+00 +/-   4.04773621E-03   1.63998972E+00
    20     1.0000E-06  -3.85450446E+00 +/-   4.04773625E-03   1.63998976E+00
    21     0.0000E+00  -3.85450446E+00 +/-   4.04773627E-03   1.63998977E+00
  ParMin   7.9187E+01  -3.85451087E+00 +/-   4.02537194E-03   1.62191747E+00
  # Using parabolic minimum
* Iteration # 2: E =  -3.854510866093E+00 +/-   4.025371940608E-03
* Convergence: exiting.
* After optimization:
  -1.7335E+01   2.1816E+00   1.6947E+00   1.0663E-01  -1.7107E+00  -4.7867E-02
  -1.6731E+00  -5.2656E-01
  > Energy =  -3.854510866093E+00 +/-   4.025371940608E-03
  > varE =   1.621917473473E+00

VMC #4:
* Size of Hilbert space =   6.3504E+04
* Deterministic energy evaluation:
  > Deterministic Etot/t = -3.8514227552387945
    - Ttot/t = -7.0855163218353852
    - Utot/t = 3.2340935665965924
* Number of equil. steps   = 1000
* Running VMC equilibration.
  Done. [total walltime: 0.01s]
* Equil. acc.ratio (%)     =   6.4102
* Sample config after equilibration:
  +-------------------+
  |              0    |
  |        u          |
  |  u                |
  |                d  |
  |          2        |
  |    d              |
  |                  u|
  |            d      |
  |      u            |
  |d                  |
  +-------------------+
* Number of accum. steps   = 500480 x 10
* Running VMC accumulation.
  Done. [total walltime: 0.41s]
* Acceptance ratio (%)     =   6.2614
* Etot/t                   =  -3.847205321583E+00 +/-   2.305373463688E-03
  > Ttot/t                 =  -7.075306344571E+00 +/-   8.407509807258E-03
  > Utot/t                 =   3.228101023018E+00 +/-   8.113603816951E-03
* var[Eloc/t]              =   2.702592249987E+00 +/-   4.908031258995E-01
* Correlation length       =   9.842122806427E-01
* log10 Psi^2 range: -33.223468707619894 -- -25.314659056629296
* log10 Pgen range : -33.223468707619894 -- -25.314659056629296
* Site occupation (ave. no. electrons per config.):
  > Site_  ___eu____  ___ed____
      1        0.503      0.496
      2        0.498      0.502
      3        0.504      0.497
      4        0.497      0.503
      5        0.503      0.498
      6        0.497      0.502
      7        0.503      0.497
      8        0.497      0.503
      9        0.503      0.497
     10        0.496      0.504
* Pair-correlation analysis (ave. no. pairs per config.):
  > Shell  nsite  ___dh____  __eueu___  __eued___
      0      1        0          0          0.322
      1     10        0.304      1.563     18.155
      2     10        0.055     17.949      2.017
      3     10        0.014      0.488      4.507

Optimization #4:
* Method          : lls
* Target function : energy
* No. of configs. : 100096
* No. of params.  : 8
* Before optimization:
  -1.7335E+01   2.1816E+00   1.6947E+00   1.0663E-01  -1.7107E+00  -4.7867E-02
  -1.6731E+00  -5.2656E-01
  > E    =  -3.852186028892E+00 +/-   5.333708602313E-03
  > varE =   2.847575796394E+00
* Computing derivatives.
  Done. [total walltime: 0.16s]
* Optimizing manipulation constant:
  #igrid a___________ E____________________________________ varE____________
     1     Infinity    -3.85218603E+00 +/-   5.33370860E-03   2.84757580E+00
     2     1.0000E+06  -3.85218607E+00 +/-   5.33370855E-03   2.84757574E+00
     3     2.1544E+05  -3.85218620E+00 +/-   5.33370838E-03   2.84757556E+00
     4     4.6416E+04  -3.85218682E+00 +/-   5.33370756E-03   2.84757469E+00
     5     1.0000E+04  -3.85218969E+00 +/-   5.33370383E-03   2.84757070E+00
     6     2.1544E+03  -3.85220286E+00 +/-   5.33368775E-03   2.84755353E+00
     7     4.6416E+02  -3.85226119E+00 +/-   5.33363792E-03   2.84750032E+00
     8     1.0000E+02  -3.85248152E+00 +/-   5.33381335E-03   2.84768764E+00
     9     2.1544E+01  -3.85296187E+00 +/-   5.33765294E-03   2.85178899E+00
    10     4.6416E+00  -3.85327932E+00 +/-   5.35180995E-03   2.86693660E+00
    11     1.0000E+00  -3.85333395E+00 +/-   5.36893550E-03   2.88531408E+00
    12     2.1544E-01  -3.85332781E+00 +/-   5.37837375E-03   2.89546741E+00
    13     4.6416E-02  -3.85332088E+00 +/-   5.38126371E-03   2.89857988E+00
    14     1.0000E-02  -3.85331886E+00 +/-   5.38194648E-03   2.89931546E+00
    15     2.1544E-03  -3.85331839E+00 +/-   5.38209668E-03   2.89947730E+00
    16     4.6416E-04  -3.85331829E+00 +/-   5.38212919E-03   2.89951233E+00
    17     1.0000E-04  -3.85331827E+00 +/-   5.38213620E-03   2.89951988E+00
    18     2.1544E-05  -3.85331827E+00 +/-   5.38213771E-03   2.89952151E+00
    19     4.6416E-06  -3.85331826E+00 +/-   5.38213804E-03   2.89952186E+00
    20     1.0000E-06  -3.85331826E+00 +/-   5.38213811E-03   2.89952193E+00
    21     0.0000E+00  -3.85331826E+00 +/-   5.38213813E-03   2.89952195E+00
  ParMin   1.8872E+00  -3.85332500E+00 +/-   5.36238964E-03   2.87828277E+00
  # Using parabolic minimum
* Iteration # 1: E =  -3.853324997854E+00 +/-   5.362389640495E-03
* Diminishing returns: exiting.
* After optimization:
  -1.6992E+01   2.1654E+00   1.6547E+00   7.0737E-03  -1.6777E+00  -4.9007E-02
  -1.6312E+00  -5.0820E-01
  > Energy =  -3.853324997854E+00 +/-   5.362389640495E-03
  > varE =   2.878282767024E+00

VMC #5:
* Size of Hilbert space =   6.3504E+04
* Deterministic energy evaluation:
  > Deterministic Etot/t = -3.8514744528183518
    - Ttot/t = -7.0775437723864574
    - Utot/t = 3.2260693195681025
* Number of equil. steps   = 1000
* Running VMC equilibration.
  Done. [total walltime: 0.01s]
* Equil. acc.ratio (%)     =   6.3931
* Sample config after equilibration:
  +-------------------+
  |              u    |
  |        d          |
  |  u                |
  |                d  |
  |          u        |
  |    d              |
  |                  u|
  |            d      |
  |      u            |
  |d                  |
  +-------------------+
* Number of accum. steps   = 500480 x 10
* Running VMC accumulation.
  Done. [total walltime: 0.41s]
* Acceptance ratio (%)     =   6.2626
* Etot/t                   =  -3.850527560033E+00 +/-   2.421392738205E-03
  > Ttot/t                 =  -7.071575354175E+00 +/-   8.663328406310E-03
  > Utot/t                 =   3.221047794118E+00 +/-   8.341454258602E-03
* var[Eloc/t]              =   2.975356752420E+00 +/-   5.534124074069E-01
* Correlation length       =   9.862298705762E-01
* log10 Psi^2 range: -32.362533826166938 -- -24.606414201285297
* log10 Pgen range : -32.362533826166938 -- -24.606414201285297
* Site occupation (ave. no. electrons per config.):
  > Site_  ___eu____  ___ed____
      1        0.501      0.501
      2        0.501      0.499
      3        0.500      0.500
      4        0.499      0.500
      5        0.500      0.501
      6        0.500      0.501
      7        0.499      0.501
      8        0.499      0.499
      9        0.500      0.500
     10        0.500      0.499
* Pair-correlation analysis (ave. no. pairs per config.):
  > Shell  nsite  ___dh____  __eueu___  __eued___
      0      1        0          0          0.323
      1     10        0.306      1.584     18.132
      2     10        0.058     17.922      2.041
      3     10        0.013      0.494      4.504

Optimization #5:
* Method          : lls
* Target function : energy
* No. of configs. : 100096
* No. of params.  : 8
* Before optimization:
  -1.6992E+01   2.1654E+00   1.6547E+00   7.0737E-03  -1.6777E+00  -4.9007E-02
  -1.6312E+00  -5.0820E-01
  > E    =  -3.856990018754E+00 +/-   4.159675428608E-03
  > varE =   1.731951045505E+00
* Computing derivatives.
  Done. [total walltime: 0.16s]
* Optimizing manipulation constant:
  #igrid a___________ E____________________________________ varE____________
     1     Infinity    -3.85699002E+00 +/-   4.15967543E-03   1.73195105E+00
     2     1.0000E+06  -3.85699003E+00 +/-   4.15967489E-03   1.73195059E+00
     3     2.1544E+05  -3.85699006E+00 +/-   4.15967291E-03   1.73194895E+00
     4     4.6416E+04  -3.85699019E+00 +/-   4.15966374E-03   1.73194131E+00
     5     1.0000E+04  -3.85699080E+00 +/-   4.15962125E-03   1.73190593E+00
     6     2.1544E+03  -3.85699363E+00 +/-   4.15942582E-03   1.73174319E+00
     7     4.6416E+02  -3.85700609E+00 +/-   4.15855508E-03   1.73101822E+00
     8     1.0000E+02  -3.85705220E+00 +/-   4.15517616E-03   1.72820638E+00
     9     2.1544E+01  -3.85714135E+00 +/-   4.14721713E-03   1.72159214E+00
    10     4.6416E+00  -3.85714731E+00 +/-   4.14367688E-03   1.71865414E+00
    11     1.0000E+00  -3.85707139E+00 +/-   4.15333224E-03   1.72667288E+00
    12     2.1544E-01  -3.85702277E+00 +/-   4.16224486E-03   1.73409136E+00
    13     4.6416E-02  -3.85700711E+00 +/-   4.16528332E-03   1.73662407E+00
    14     1.0000E-02  -3.85700335E+00 +/-   4.16601769E-03   1.73723649E+00
    15     2.1544E-03  -3.85700252E+00 +/-   4.16618004E-03   1.73737189E+00
    16     4.6416E-04  -3.85700234E+00 +/-   4.16621521E-03   1.73740122E+00
    17     1.0000E-04  -3.85700230E+00 +/-   4.16622280E-03   1.73740755E+00
    18     2.1544E-05  -3.85700229E+00 +/-   4.16622443E-03   1.73740891E+00
    19     4.6416E-06  -3.85700229E+00 +/-   4.16622478E-03   1.73740921E+00
    20     1.0000E-06  -3.85700229E+00 +/-   4.16622486E-03   1.73740927E+00
    21     0.0000E+00  -3.85700229E+00 +/-   4.16622488E-03   1.73740929E+00
  ParMin   8.1097E+00  -3.85716181E+00 +/-   4.14336771E-03   1.71839768E+00
  # Using parabolic minimum
* Iteration # 1: E =  -3.857161809457E+00 +/-   4.143367711490E-03
* Diminishing returns: exiting.
* After optimization:
  -1.6868E+01   2.1439E+00   1.6417E+00   3.0824E-02  -1.6648E+00  -4.7805E-02
  -1.6193E+00  -5.0508E-01
  > Energy =  -3.857161809457E+00 +/-   4.143367711490E-03
  > varE =   1.718397678877E+00

VMC #6:
* Size of Hilbert space =   6.3504E+04
* Deterministic energy evaluation:
  > Deterministic Etot/t = -3.8517033889855963
    - Ttot/t = -7.0862261440955345
    - Utot/t = 3.2345227551099276
* Number of equil. steps   = 1000
* Running VMC equilibration.
  Done. [total walltime: 0.01s]
* Equil. acc.ratio (%)     =   6.4399
* Sample config after equilibration:
  +-------------------+
  |              d    |
  |        u          |
  |  d                |
  |                u  |
  |          d        |
  |    u              |
  |                  d|
  |            u      |
  |      d            |
  |u                  |
  +-------------------+
* Number of accum. steps   = 500480 x 10
* Running VMC accumulation.
  Done. [total walltime: 0.41s]
* Acceptance ratio (%)     =   6.2722
* Etot/t                   =  -3.852955559869E+00 +/-   2.050265771054E-03
  > Ttot/t                 =  -7.090027970346E+00 +/-   8.340087385834E-03
  > Utot/t                 =   3.237072410486E+00 +/-   8.064244433728E-03
* var[Eloc/t]              =   2.239552078623E+00 +/-   4.531149251772E-01
* Correlation length       =   9.393898936898E-01
* log10 Psi^2 range: -32.026533192090291 -- -24.379119157708939
* log10 Pgen range : -32.026533192090291 -- -24.379119157708939
* Site occupation (ave. no. electrons per config.):
  > Site_  ___eu____  ___ed____
      1        0.506      0.495
      2        0.495      0.504
      3        0.504      0.496
      4        0.495      0.505
      5        0.505      0.496
      6        0.496      0.504
      7        0.505      0.495
      8        0.495      0.505
      9        0.505      0.496
     10        0.494      0.505
* Pair-correlation analysis (ave. no. pairs per config.):
  > Shell  nsite  ___dh____  __eueu___  __eued___
      0      1        0          0          0.323
      1     10        0.306      1.588     18.128
      2     10        0.057     17.917      2.047
      3     10        0.013      0.495      4.502

Optimization #6:
* Method          : lls
* Target function : energy
* No. of configs. : 100096
* No. of params.  : 8
* Before optimization:
  -1.6868E+01   2.1439E+00   1.6417E+00   3.0824E-02  -1.6648E+00  -4.7805E-02
  -1.6193E+00  -5.0508E-01
  > E    =  -3.848325943960E+00 +/-   4.069872675675E-03
  > varE =   1.657976490526E+00
* Computing derivatives.
  Done. [total walltime: 0.17s]
* Optimizing manipulation constant:
  #igrid a___________ E____________________________________ varE____________
     1     Infinity    -3.84832594E+00 +/-   4.06987268E-03   1.65797649E+00
     2     1.0000E+06  -3.84832596E+00 +/-   4.06987249E-03   1.65797634E+00
     3     2.1544E+05  -3.84832602E+00 +/-   4.06987179E-03   1.65797577E+00
     4     4.6416E+04  -3.84832629E+00 +/-   4.06986858E-03   1.65797316E+00
     5     1.0000E+04  -3.84832754E+00 +/-   4.06985376E-03   1.65796108E+00
     6     2.1544E+03  -3.84833325E+00 +/-   4.06978666E-03   1.65790641E+00
     7     4.6416E+02  -3.84835781E+00 +/-   4.06950909E-03   1.65768027E+00
     8     1.0000E+02  -3.84844046E+00 +/-   4.06874338E-03   1.65705652E+00
     9     2.1544E+01  -3.84856735E+00 +/-   4.06865683E-03   1.65698602E+00
    10     4.6416E+00  -3.84860312E+00 +/-   4.07002452E-03   1.65810021E+00
    11     1.0000E+00  -3.84859453E+00 +/-   4.06916389E-03   1.65739905E+00
    12     2.1544E-01  -3.84858933E+00 +/-   4.06783689E-03   1.65631824E+00
    13     4.6416E-02  -3.84858782E+00 +/-   4.06735703E-03   1.65592749E+00
    14     1.0000E-02  -3.84858747E+00 +/-   4.06723981E-03   1.65583204E+00
    15     2.1544E-03  -3.84858739E+00 +/-   4.06721384E-03   1.65581090E+00
    16     4.6416E-04  -3.84858737E+00 +/-   4.06720821E-03   1.65580632E+00
    17     1.0000E-04  -3.84858737E+00 +/-   4.06720700E-03   1.65580533E+00
    18     2.1544E-05  -3.84858737E+00 +/-   4.06720674E-03   1.65580511E+00
    19     4.6416E-06  -3.84858737E+00 +/-   4.06720668E-03   1.65580507E+00
    20     1.0000E-06  -3.84858737E+00 +/-   4.06720667E-03   1.65580506E+00
    21     0.0000E+00  -3.84858737E+00 +/-   4.06720667E-03   1.65580506E+00
  ParMin   2.7519E+00  -3.84860075E+00 +/-   4.07000770E-03   1.65808650E+00
  # Using grid point #10
* Iteration # 1: E =  -3.848603115349E+00 +/-   4.070024523173E-03
* Diminishing returns: exiting.
* After optimization:
  -1.7116E+01   2.1579E+00   1.6717E+00   4.6155E-02  -1.6718E+00  -5.1809E-02
  -1.6450E+00  -5.2855E-01
  > Energy =  -3.848603115349E+00 +/-   4.070024523173E-03
  > varE =   1.658100211487E+00

VMC #7:
* Size of Hilbert space =   6.3504E+04
* Deterministic energy evaluation:
  > Deterministic Etot/t = -3.8515029168177830
    - Ttot/t = -7.0730760528195606
    - Utot/t = 3.2215731360017754
* Number of equil. steps   = 1000
* Running VMC equilibration.
  Done. [total walltime: 0.01s]
* Equil. acc.ratio (%)     =   6.3981
* Sample config after equilibration:
  +-------------------+
  |              u    |
  |        d          |
  |  u                |
  |                d  |
  |          u        |
  |    d              |
  |                  u|
  |            d      |
  |      u            |
  |d                  |
  +-------------------+
* Number of accum. steps   = 500480 x 10
* Running VMC accumulation.
  Done. [total walltime: 0.41s]
* Acceptance ratio (%)     =   6.2676
* Etot/t                   =  -3.853488211678E+00 +/-   1.841821295777E-03
  > Ttot/t                 =  -7.084766184827E+00 +/-   8.414089352033E-03
  > Utot/t                 =   3.231277973146E+00 +/-   8.189118772119E-03
* var[Eloc/t]              =   1.718558647322E+00 +/-   9.449700474514E-02
* Correlation length       =   9.879099279870E-01
* log10 Psi^2 range: -32.576805332648426 -- -24.895758797120752
* log10 Pgen range : -32.576805332648426 -- -24.895758797120752
* Site occupation (ave. no. electrons per config.):
  > Site_  ___eu____  ___ed____
      1        0.507      0.493
      2        0.493      0.507
      3        0.507      0.493
      4        0.495      0.508
      5        0.507      0.492
      6        0.492      0.507
      7        0.507      0.494
      8        0.493      0.507
      9        0.507      0.494
     10        0.492      0.506
* Pair-correlation analysis (ave. no. pairs per config.):
  > Shell  nsite  ___dh____  __eueu___  __eued___
      0      1        0          0          0.325
      1     10        0.308      1.590     18.125
      2     10        0.058     17.914      2.049
      3     10        0.013      0.496      4.501

Optimization #7:
* Method          : lls
* Target function : energy
* No. of configs. : 100096
* No. of params.  : 8
* Before optimization:
  -1.7116E+01   2.1579E+00   1.6717E+00   4.6155E-02  -1.6718E+00  -5.1809E-02
  -1.6450E+00  -5.2855E-01
  > E    =  -3.855604683324E+00 +/-   4.045695659532E-03
  > varE =   1.638336631679E+00
* Computing derivatives.
  Done. [total walltime: 0.16s]
* Optimizing manipulation constant:
  #igrid a___________ E____________________________________ varE____________
     1     Infinity    -3.85560468E+00 +/-   4.04569566E-03   1.63833663E+00
     2     1.0000E+06  -3.85560469E+00 +/-   4.04569441E-03   1.63833562E+00
     3     2.1544E+05  -3.85560473E+00 +/-   4.04568985E-03   1.63833193E+00
     4     4.6416E+04  -3.85560490E+00 +/-   4.04566872E-03   1.63831482E+00
     5     1.0000E+04  -3.85560570E+00 +/-   4.04557088E-03   1.63823557E+00
     6     2.1544E+03  -3.85560933E+00 +/-   4.04512156E-03   1.63787170E+00
     7     4.6416E+02  -3.85562464E+00 +/-   4.04313562E-03   1.63626387E+00
     8     1.0000E+02  -3.85567081E+00 +/-   4.03564494E-03   1.63020650E+00
     9     2.1544E+01  -3.85568789E+00 +/-   4.01840915E-03   1.61631138E+00
    10     4.6416E+00  -3.85553018E+00 +/-   4.00108444E-03   1.60240451E+00
    11     1.0000E+00  -3.85539217E+00 +/-   3.99093505E-03   1.59428530E+00
    12     2.1544E-01  -3.85534807E+00 +/-   3.98653516E-03   1.59077193E+00
    13     4.6416E-02  -3.85533774E+00 +/-   3.98527089E-03   1.58976311E+00
    14     1.0000E-02  -3.85533547E+00 +/-   3.98497676E-03   1.58952846E+00
    15     2.1544E-03  -3.85533498E+00 +/-   3.98491228E-03   1.58947702E+00
    16     4.6416E-04  -3.85533488E+00 +/-   3.98489833E-03   1.58946590E+00
    17     1.0000E-04  -3.85533485E+00 +/-   3.98489532E-03   1.58946350E+00
    18     2.1544E-05  -3.85533485E+00 +/-   3.98489468E-03   1.58946298E+00
    19     4.6416E-06  -3.85533485E+00 +/-   3.98489454E-03   1.58946287E+00
    20     1.0000E-06  -3.85533485E+00 +/-   3.98489451E-03   1.58946284E+00
    21     0.0000E+00  -3.85533485E+00 +/-   3.98489450E-03   1.58946284E+00
  ParMin   2.5346E+01  -3.85569401E+00 +/-   4.02051844E-03   1.61800865E+00
  # Using grid point #9
* Iteration # 1: E =  -3.855687888262E+00 +/-   4.018409146896E-03
* Diminishing returns: exiting.
* After optimization:
  -1.7086E+01   2.1627E+00   1.6700E+00   6.1405E-02  -1.6757E+00  -4.9354E-02
  -1.6427E+00  -5.2147E-01
  > Energy =  -3.855687888262E+00 +/-   4.018409146896E-03
  > varE =   1.616311377945E+00

VMC #8:
* Size of Hilbert space =   6.3504E+04
* Deterministic energy evaluation:
  > Deterministic Etot/t = -3.8517570991920307
    - Ttot/t = -7.0819994227095471
    - Utot/t = 3.2302423235175217
* Number of equil. steps   = 1000
* Running VMC equilibration.
  Done. [total walltime: 0.01s]
* Equil. acc.ratio (%)     =   6.5135
* Sample config after equilibration:
  +-------------------+
  |              d    |
  |        u          |
  |  d                |
  |                u  |
  |          d        |
  |    u              |
  |                  d|
  |            u      |
  |      d            |
  |u                  |
  +-------------------+
* Number of accum. steps   = 500480 x 10
* Running VMC accumulation.
  Done. [total walltime: 0.41s]
* Acceptance ratio (%)     =   6.2802
* Etot/t                   =  -3.851128747548E+00 +/-   1.742423341739E-03
  > Ttot/t                 =  -7.096013658003E+00 +/-   8.477041763405E-03
  > Utot/t                 =   3.244884910486E+00 +/-   8.295262919075E-03
* var[Eloc/t]              =   1.543954807082E+00 +/-   5.158082326838E-02
* Correlation length       =   9.841459366025E-01
* log10 Psi^2 range: -32.434744754505196 -- -24.813098262513151
* log10 Pgen range : -32.434744754505196 -- -24.813098262513151
* Site occupation (ave. no. electrons per config.):
  > Site_  ___eu____  ___ed____
      1        0.512      0.488
      2        0.489      0.511
      3        0.512      0.488
      4        0.489      0.510
      5        0.511      0.489
      6        0.487      0.512
      7        0.512      0.487
      8        0.489      0.512
      9        0.510      0.489
     10        0.488      0.513
* Pair-correlation analysis (ave. no. pairs per config.):
  > Shell  nsite  ___dh____  __eueu___  __eued___
      0      1        0          0          0.324
      1     10        0.307      1.593     18.122
      2     10        0.057     17.910      2.054
      3     10        0.013      0.497      4.500

Optimization #8:
* Method          : lls
* Target function : energy
* No. of configs. : 100096
* No. of params.  : 8
* Before optimization:
  -1.7086E+01   2.1627E+00   1.6700E+00   6.1405E-02  -1.6757E+00  -4.9354E-02
  -1.6427E+00  -5.2147E-01
  > E    =  -3.852300659658E+00 +/-   3.858113943190E-03
  > varE =   1.489933284011E+00
* Computing derivatives.
  Done. [total walltime: 0.16s]
* Optimizing manipulation constant:
  #igrid a___________ E____________________________________ varE____________
     1     Infinity    -3.85230066E+00 +/-   3.85811394E-03   1.48993328E+00
     2     1.0000E+06  -3.85230066E+00 +/-   3.85811367E-03   1.48993308E+00
     3     2.1544E+05  -3.85230067E+00 +/-   3.85811269E-03   1.48993232E+00
     4     4.6416E+04  -3.85230070E+00 +/-   3.85810814E-03   1.48992880E+00
     5     1.0000E+04  -3.85230087E+00 +/-   3.85808702E-03   1.48991249E+00
     6     2.1544E+03  -3.85230161E+00 +/-   3.85798954E-03   1.48983720E+00
     7     4.6416E+02  -3.85230491E+00 +/-   3.85754842E-03   1.48949653E+00
     8     1.0000E+02  -3.85231753E+00 +/-   3.85571354E-03   1.48807987E+00
     9     2.1544E+01  -3.85234577E+00 +/-   3.84993179E-03   1.48362039E+00
    10     4.6416E+00  -3.85236177E+00 +/-   3.83879529E-03   1.47504962E+00
    11     1.0000E+00  -3.85235361E+00 +/-   3.82553842E-03   1.46487935E+00
    12     2.1544E-01  -3.85234193E+00 +/-   3.81772601E-03   1.45890239E+00
    13     4.6416E-02  -3.85233712E+00 +/-   3.81530448E-03   1.45705226E+00
    14     1.0000E-02  -3.85233590E+00 +/-   3.81473177E-03   1.45661486E+00
    15     2.1544E-03  -3.85233562E+00 +/-   3.81460577E-03   1.45651863E+00
    16     4.6416E-04  -3.85233556E+00 +/-   3.81457850E-03   1.45649781E+00
    17     1.0000E-04  -3.85233555E+00 +/-   3.81457262E-03   1.45649332E+00
    18     2.1544E-05  -3.85233555E+00 +/-   3.81457135E-03   1.45649235E+00
    19     4.6416E-06  -3.85233555E+00 +/-   3.81457108E-03   1.45649214E+00
    20     1.0000E-06  -3.85233555E+00 +/-   3.81457102E-03   1.45649210E+00
    21     0.0000E+00  -3.85233555E+00 +/-   3.81457100E-03   1.45649208E+00
* Iteration # 1: E =  -3.852335548557E+00 +/-   3.814571001618E-03
* Diminishing returns: exiting.
* After optimization:
  -1.7266E+01   2.1857E+00   1.6909E+00   8.7539E-02  -1.7161E+00  -4.1896E-02
  -1.6690E+00  -5.1316E-01
  > Energy =  -3.852335548557E+00 +/-   3.814571001618E-03
  > varE =   1.456492084024E+00

VMC #9:
* Size of Hilbert space =   6.3504E+04
* Deterministic energy evaluation:
  > Deterministic Etot/t = -3.8517816763885775
    - Ttot/t = -7.0815642047725982
    - Utot/t = 3.2297825283840269
* Number of equil. steps   = 1000
* Running VMC equilibration.
  Done. [total walltime: 0.01s]
* Equil. acc.ratio (%)     =   6.3849
* Sample config after equilibration:
  +-------------------+
  |              2    |
  |        d          |
  |  u                |
  |                d  |
  |          u        |
  |    d              |
  |                  u|
  |            d      |
  |      u            |
  |0                  |
  +-------------------+
* Number of accum. steps   = 500480 x 10
* Running VMC accumulation.
  Done. [total walltime: 0.41s]
* Acceptance ratio (%)     =   6.2759
* Etot/t                   =  -3.852516057910E+00 +/-   1.997931114213E-03
  > Ttot/t                 =  -7.086111805967E+00 +/-   8.341630990212E-03
  > Utot/t                 =   3.233595748082E+00 +/-   8.105228187976E-03
* var[Eloc/t]              =   1.995165511298E+00 +/-   2.874909748947E-01
* Correlation length       =   1.001310611601E+00
* log10 Psi^2 range: -32.791253587760771 -- -25.140254624550053
* log10 Pgen range : -32.791253587760771 -- -25.140254624550053
* Site occupation (ave. no. electrons per config.):
  > Site_  ___eu____  ___ed____
      1        0.504      0.496
      2        0.497      0.503
      3        0.504      0.497
      4        0.496      0.504
      5        0.504      0.497
      6        0.496      0.503
      7        0.503      0.497
      8        0.496      0.503
      9        0.503      0.497
     10        0.497      0.503
* Pair-correlation analysis (ave. no. pairs per config.):
  > Shell  nsite  ___dh____  __eueu___  __eued___
      0      1        0          0          0.320
      1     10        0.302      1.569     18.151
      2     10        0.057     17.939      2.024
      3     10        0.013      0.491      4.505

Optimization #9:
* Method          : lls
* Target function : energy
* No. of configs. : 100096
* No. of params.  : 8
* Before optimization:
  -1.7266E+01   2.1857E+00   1.6909E+00   8.7539E-02  -1.7161E+00  -4.1896E-02
  -1.6690E+00  -5.1316E-01
  > E    =  -3.850234963572E+00 +/-   3.743683815420E-03
  > varE =   1.402862307161E+00
* Computing derivatives.
  Done. [total walltime: 0.16s]
* Optimizing manipulation constant:
  #igrid a___________ E____________________________________ varE____________
     1     Infinity    -3.85023496E+00 +/-   3.74368382E-03   1.40286231E+00
     2     1.0000E+06  -3.85023497E+00 +/-   3.74368385E-03   1.40286234E+00
     3     2.1544E+05  -3.85023501E+00 +/-   3.74368399E-03   1.40286244E+00
     4     4.6416E+04  -3.85023516E+00 +/-   3.74368464E-03   1.40286293E+00
     5     1.0000E+04  -3.85023588E+00 +/-   3.74368767E-03   1.40286520E+00
     6     2.1544E+03  -3.85023916E+00 +/-   3.74370222E-03   1.40287610E+00
     7     4.6416E+02  -3.85025360E+00 +/-   3.74377900E-03   1.40293365E+00
     8     1.0000E+02  -3.85030642E+00 +/-   3.74427824E-03   1.40330784E+00
     9     2.1544E+01  -3.85040826E+00 +/-   3.74729391E-03   1.40556922E+00
    10     4.6416E+00  -3.85044301E+00 +/-   3.75535456E-03   1.41162265E+00
    11     1.0000E+00  -3.85042011E+00 +/-   3.76370874E-03   1.41791024E+00
    12     2.1544E-01  -3.85040700E+00 +/-   3.76792595E-03   1.42108954E+00
    13     4.6416E-02  -3.85040322E+00 +/-   3.76917126E-03   1.42202904E+00
    14     1.0000E-02  -3.85040234E+00 +/-   3.76946250E-03   1.42224881E+00
    15     2.1544E-03  -3.85040215E+00 +/-   3.76952642E-03   1.42229704E+00
    16     4.6416E-04  -3.85040211E+00 +/-   3.76954025E-03   1.42230748E+00
    17     1.0000E-04  -3.85040210E+00 +/-   3.76954323E-03   1.42230973E+00
    18     2.1544E-05  -3.85040210E+00 +/-   3.76954387E-03   1.42231021E+00
    19     4.6416E-06  -3.85040210E+00 +/-   3.76954401E-03   1.42231031E+00
    20     1.0000E-06  -3.85040210E+00 +/-   3.76954404E-03   1.42231034E+00
    21     0.0000E+00  -3.85040210E+00 +/-   3.76954405E-03   1.42231034E+00
  ParMin   7.5789E+00  -3.85044372E+00 +/-   3.75240350E-03   1.40940494E+00
  # Using parabolic minimum
* Iteration # 1: E =  -3.850443718711E+00 +/-   3.752403503274E-03
* Diminishing returns: exiting.
* After optimization:
  -1.7215E+01   2.1908E+00   1.6841E+00   5.7125E-02  -1.7146E+00  -4.8775E-02
  -1.6559E+00  -5.0633E-01
  > Energy =  -3.850443718711E+00 +/-   3.752403503274E-03
  > varE =   1.409404936215E+00

VMC #10:
* Size of Hilbert space =   6.3504E+04
* Deterministic energy evaluation:
  > Deterministic Etot/t = -3.8518799558006762
    - Ttot/t = -7.0806156239479447
    - Utot/t = 3.2287356681472748
* Number of equil. steps   = 1000
* Running VMC equilibration.
  Done. [total walltime: 0.01s]
* Equil. acc.ratio (%)     =   6.4319
* Sample config after equilibration:
  +-------------------+
  |              u    |
  |        d          |
  |  u                |
  |                d  |
  |          u        |
  |    d              |
  |                  u|
  |            d      |
  |      u            |
  |d                  |
  +-------------------+
* Number of accum. steps   = 500480 x 10
* Running VMC accumulation.
  Done. [total walltime: 0.41s]
* Acceptance ratio (%)     =   6.2680
* Etot/t                   =  -3.852368145795E+00 +/-   1.937702753691E-03
  > Ttot/t                 =  -7.086183682857E+00 +/-   8.511003803118E-03
  > Utot/t                 =   3.233815537084E+00 +/-   8.308533225045E-03
* var[Eloc/t]              =   1.827770378633E+00 +/-   3.381314713579E-01
* Correlation length       =   1.028109578173E+00
* log10 Psi^2 range: -33.359964768103126 -- -25.032037989156624
* log10 Pgen range : -33.359964768103126 -- -25.032037989156624
* Site occupation (ave. no. electrons per config.):
  > Site_  ___eu____  ___ed____
      1        0.498      0.502
      2        0.502      0.499
      3        0.499      0.502
      4        0.503      0.498
      5        0.498      0.502
      6        0.502      0.498
      7        0.498      0.502
      8        0.502      0.499
      9        0.499      0.501
     10        0.500      0.498
* Pair-correlation analysis (ave. no. pairs per config.):
  > Shell  nsite  ___dh____  __eueu___  __eued___
      0      1        0          0          0.324
      1     10        0.307      1.582     18.134
      2     10        0.059     17.924      2.039
      3     10        0.013      0.495      4.503

Optimization #10:
* Method          : lls
* Target function : energy
* No. of configs. : 100096
* No. of params.  : 8
* Before optimization:
  -1.7215E+01   2.1908E+00   1.6841E+00   5.7125E-02  -1.7146E+00  -4.8775E-02
  -1.6559E+00  -5.0633E-01
  > E    =  -3.850288050402E+00 +/-   5.513198608668E-03
  > varE =   3.042453844316E+00
* Computing derivatives.
  Done. [total walltime: 0.16s]
* Optimizing manipulation constant:
  #igrid a___________ E____________________________________ varE____________
     1     Infinity    -3.85028805E+00 +/-   5.51319861E-03   3.04245384E+00
     2     1.0000E+06  -3.85028806E+00 +/-   5.51319890E-03   3.04245417E+00
     3     2.1544E+05  -3.85028810E+00 +/-   5.51319997E-03   3.04245535E+00
     4     4.6416E+04  -3.85028828E+00 +/-   5.51320495E-03   3.04246084E+00
     5     1.0000E+04  -3.85028912E+00 +/-   5.51322800E-03   3.04248628E+00
     6     2.1544E+03  -3.85029298E+00 +/-   5.51333438E-03   3.04260369E+00
     7     4.6416E+02  -3.85030987E+00 +/-   5.51381495E-03   3.04313413E+00
     8     1.0000E+02  -3.85037083E+00 +/-   5.51578790E-03   3.04531232E+00
     9     2.1544E+01  -3.85049281E+00 +/-   5.52143316E-03   3.05154909E+00
    10     4.6416E+00  -3.85057890E+00 +/-   5.52878444E-03   3.05968021E+00
    11     1.0000E+00  -3.85059995E+00 +/-   5.53316552E-03   3.06453119E+00
    12     2.1544E-01  -3.85060180E+00 +/-   5.53481076E-03   3.06635389E+00
    13     4.6416E-02  -3.85060175E+00 +/-   5.53525215E-03   3.06684298E+00
    14     1.0000E-02  -3.85060171E+00 +/-   5.53535299E-03   3.06695473E+00
    15     2.1544E-03  -3.85060170E+00 +/-   5.53537501E-03   3.06697913E+00
    16     4.6416E-04  -3.85060170E+00 +/-   5.53537977E-03   3.06698440E+00
    17     1.0000E-04  -3.85060170E+00 +/-   5.53538079E-03   3.06698553E+00
    18     2.1544E-05  -3.85060170E+00 +/-   5.53538101E-03   3.06698578E+00
    19     4.6416E-06  -3.85060170E+00 +/-   5.53538106E-03   3.06698583E+00
    20     1.0000E-06  -3.85060170E+00 +/-   5.53538107E-03   3.06698584E+00
    21     0.0000E+00  -3.85060170E+00 +/-   5.53538107E-03   3.06698585E+00
  ParMin   7.1407E-01  -3.85060092E+00 +/-   5.53370475E-03   3.06512852E+00
  # Using grid point #11
* Iteration # 1: E =  -3.850599947699E+00 +/-   5.533165518216E-03
* Diminishing returns: exiting.
* After optimization:
  -1.7379E+01   2.2053E+00   1.7017E+00   4.5279E-02  -1.7217E+00  -5.0245E-02
  -1.6734E+00  -5.1868E-01
  > Energy =  -3.850599947699E+00 +/-   5.533165518216E-03
  > varE =   3.064531193580E+00

VMC #11:
* Size of Hilbert space =   6.3504E+04
* Deterministic energy evaluation:
  > Deterministic Etot/t = -3.8517426495665470
    - Ttot/t = -7.0685420026661969
    - Utot/t = 3.2167993530996490
* Number of equil. steps   = 1000
* Running VMC equilibration.
  Done. [total walltime: 0.01s]
* Equil. acc.ratio (%)     =   6.3383
* Sample config after equilibration:
  +-------------------+
  |              u    |
  |        d          |
  |  u                |
  |                d  |
  |          u        |
  |    d              |
  |                  u|
  |            d      |
  |      u            |
  |d                  |
  +-------------------+
* Number of accum. steps   = 500480 x 10
* Running VMC accumulation.
  Done. [total walltime: 0.41s]
* Acceptance ratio (%)     =   6.2466
* Etot/t                   =  -3.853357235313E+00 +/-   1.698018506164E-03
  > Ttot/t                 =  -7.077821749394E+00 +/-   8.386822493902E-03
  > Utot/t                 =   3.224464514066E+00 +/-   8.197283298435E-03
* var[Eloc/t]              =   1.475068264525E+00 +/-   7.182781667151E-02
* Correlation length       =   9.782716003236E-01
* log10 Psi^2 range: -33.712891502875685 -- -25.361181026307232
* log10 Pgen range : -33.712891502875685 -- -25.361181026307232
* Site occupation (ave. no. electrons per config.):
  > Site_  ___eu____  ___ed____
      1        0.503      0.499
      2        0.499      0.500
      3        0.500      0.499
      4        0.498      0.501
      5        0.501      0.498
      6        0.500      0.501
      7        0.500      0.499
      8        0.499      0.502
      9        0.501      0.499
     10        0.499      0.502
* Pair-correlation analysis (ave. no. pairs per config.):
  > Shell  nsite  ___dh____  __eueu___  __eued___
      0      1        0          0          0.322
      1     10        0.305      1.582     18.135
      2     10        0.058     17.922      2.041
      3     10        0.013      0.496      4.502

Optimization #11:
* Method          : lls
* Target function : energy
* No. of configs. : 100096
* No. of params.  : 8
* Before optimization:
  -1.7379E+01   2.2053E+00   1.7017E+00   4.5279E-02  -1.7217E+00  -5.0245E-02
  -1.6734E+00  -5.1868E-01
  > E    =  -3.852637092073E+00 +/-   3.897490579738E-03
  > varE =   1.520501563465E+00
* Computing derivatives.
  Done. [total walltime: 0.16s]
* Optimizing manipulation constant:
  #igrid a___________ E____________________________________ varE____________
     1     Infinity    -3.85263709E+00 +/-   3.89749058E-03   1.52050156E+00
     2     1.0000E+06  -3.85263710E+00 +/-   3.89749004E-03   1.52050115E+00
     3     2.1544E+05  -3.85263712E+00 +/-   3.89748809E-03   1.52049962E+00
     4     4.6416E+04  -3.85263721E+00 +/-   3.89747904E-03   1.52049256E+00
     5     1.0000E+04  -3.85263763E+00 +/-   3.89743709E-03   1.52045983E+00
     6     2.1544E+03  -3.85263958E+00 +/-   3.89724391E-03   1.52030911E+00
     7     4.6416E+02  -3.85264811E+00 +/-   3.89637939E-03   1.51963469E+00
     8     1.0000E+02  -3.85267918E+00 +/-   3.89294872E-03   1.51695985E+00
     9     2.1544E+01  -3.85273766E+00 +/-   3.88382841E-03   1.50986039E+00
    10     4.6416E+00  -3.85274946E+00 +/-   3.87313411E-03   1.50155690E+00
    11     1.0000E+00  -3.85272384E+00 +/-   3.86825715E-03   1.49777782E+00
    12     2.1544E-01  -3.85271100E+00 +/-   3.86710118E-03   1.49688278E+00
    13     4.6416E-02  -3.85270755E+00 +/-   3.86687109E-03   1.49670466E+00
    14     1.0000E-02  -3.85270677E+00 +/-   3.86682335E-03   1.49666770E+00
    15     2.1544E-03  -3.85270660E+00 +/-   3.86681316E-03   1.49665982E+00
    16     4.6416E-04  -3.85270656E+00 +/-   3.86681097E-03   1.49665812E+00
    17     1.0000E-04  -3.85270655E+00 +/-   3.86681050E-03   1.49665776E+00
    18     2.1544E-05  -3.85270655E+00 +/-   3.86681040E-03   1.49665768E+00
    19     4.6416E-06  -3.85270655E+00 +/-   3.86681038E-03   1.49665766E+00
    20     1.0000E-06  -3.85270655E+00 +/-   3.86681037E-03   1.49665766E+00
    21     0.0000E+00  -3.85270655E+00 +/-   3.86681037E-03   1.49665766E+00
  ParMin   2.9299E+00  -3.85274194E+00 +/-   3.87102509E-03   1.49992207E+00
  # Using grid point #10
* Iteration # 1: E =  -3.852749464328E+00 +/-   3.873134110602E-03
* Diminishing returns: exiting.
* After optimization:
  -1.7329E+01   2.1910E+00   1.6934E+00   7.2053E-02  -1.7122E+00  -4.9117E-02
  -1.6700E+00  -5.2192E-01
  > Energy =  -3.852749464328E+00 +/-   3.873134110602E-03
  > varE =   1.501556895983E+00

VMC #12:
* Size of Hilbert space =   6.3504E+04
* Deterministic energy evaluation:
  > Deterministic Etot/t = -3.8517936879423229
    - Ttot/t = -7.0730659752822476
    - Utot/t = 3.2212722873399331
* Number of equil. steps   = 1000
* Running VMC equilibration.
  Done. [total walltime: 0.01s]
* Equil. acc.ratio (%)     =   6.4612
* Sample config after equilibration:
  +-------------------+
  |              d    |
  |        u          |
  |  d                |
  |                u  |
  |          d        |
  |    u              |
  |                  d|
  |            u      |
  |      d            |
  |u                  |
  +-------------------+
* Number of accum. steps   = 500480 x 10
* Running VMC accumulation.
  Done. [total walltime: 0.41s]
* Acceptance ratio (%)     =   6.2370
* Etot/t                   =  -3.852686258275E+00 +/-   2.141885446622E-03
  > Ttot/t                 =  -7.069418195598E+00 +/-   8.461783795344E-03
  > Utot/t                 =   3.216731937340E+00 +/-   8.167368774470E-03
* var[Eloc/t]              =   2.272201156657E+00 +/-   4.525253225186E-01
* Correlation length       =   1.010490954847E+00
* log10 Psi^2 range: -32.927709096660664 -- -25.282852632416311
* log10 Pgen range : -32.927709096660664 -- -25.282852632416311
* Site occupation (ave. no. electrons per config.):
  > Site_  ___eu____  ___ed____
      1        0.493      0.506
      2        0.506      0.495
      3        0.493      0.507
      4        0.507      0.494
      5        0.493      0.507
      6        0.507      0.492
      7        0.494      0.507
      8        0.507      0.494
      9        0.493      0.507
     10        0.506      0.493
* Pair-correlation analysis (ave. no. pairs per config.):
  > Shell  nsite  ___dh____  __eueu___  __eued___
      0      1        0          0          0.322
      1     10        0.304      1.569     18.149
      2     10        0.055     17.941      2.023
      3     10        0.013      0.490      4.506

VDAGGER finished.
Total VDAGGER walltime: 16.1s

Run ended: Fri Jan 16 09:18:39 CET 2026
