Run started: Sat Feb  7 18:34:11 CET 2026
Using VDAGGER_ARCH = gnu7_fkfamd_cluster
Running 1x128 MPI processes.

                               xx
                              +##
                               #X
                               Xx
                          X##XxXxxX##x
                           +   Xx  ++
                               ##
                              +##
                              +##
     ++++         ++          +##
   xX+++##+      ####         +##
  Xx    ###      +X##          ##
 xX    X##+        ##          #X
 +    x##X         #x          #X
      ###         +#           x+
     X##+         #+
     ###         Xx                    _______
     ##X       +X+   __________________VDAGGER
     +##x    +xX     2nd quantized variational
       +xxxxx+       ______quantum Monte Carlo

* Running 512 MPI processes.
* Input file: "input.11.casl"

############# Start of input file dump #############
General:
  Random seed: timer

Plan:
  VMC-optimization:
    Minimum cycles: 7
    Convergence cycles: 5

System:
  Hubbard model:
    Primitive cell:
      a_1: [ 1.0, 1.0 ]
      a_2: [ -1.0, 1.0 ]
    Simulation cell:
      a_1: [ 10.0, 0.0 ]
      a_2: [ 0.0, 10.0 ]
    U: 8.0
    Dump Hamiltonian: FCIDUMP.new
    Dump orbitals: LTSC.new
  netot: 50

VMC:
  nstep: 40000000
  nconfig: 1000000

Jastrow: wfn.casl

Backflow: wfn.casl
############## End of input file dump ##############

General setup:
* Random seed: 408491162 (from timer)

Hubbard system:
* Dimensionality        : 2
* Simulation cell:
  > a_1 =   1.000000000000E+01   0.000000000000E+00
  > a_2 =   0.000000000000E+00   1.000000000000E+01
* Primitive cell:
  > a_1 =   1.000000000000E+00   1.000000000000E+00
  > a_2 =  -1.000000000000E+00   1.000000000000E+00
* Prim.cells in sim.cell: 50
* Number of sublattices : 1
* # real-space shells   : 11
  > Shell #1: 4 sites, rij =  1.4142E+00
  > Shell #2: 4 sites, rij =  2.0000E+00
  > Shell #3: 4 sites, rij =  2.8284E+00
  > Shell #4: 8 sites, rij =  3.1623E+00
  > Shell #5: 4 sites, rij =  4.0000E+00
  > Shell #6: 4 sites, rij =  4.2426E+00
  > Shell #7: 8 sites, rij =  4.4721E+00
  > Shell #8: 4 sites, rij =  5.0990E+00
  > Shell #9: 4 sites, rij =  5.6569E+00
  > Shell #10: 4 sites, rij =  5.8310E+00
  > Shell #11: 1 sites, rij =  7.0711E+00
* Site labels:
  +-----------------------------+
  |   10    19    28    37    46|
  |45     9    18    27    36   |
  |   44     8    17    26    35|
  |34    43     7    16    25   |
  |   33    42     6    15    24|
  |23    32    41     5    14   |
  |   22    31    50     4    13|
  |12    21    40    49     3   |
  |   11    30    39    48     2|
  | 1    20    29    38    47   |
  +-----------------------------+
* Shell diagram:
  +-----------------------------+
  |   10     8     8    10    11|
  | 9     7     5     7     9   |
  |    6     4     4     6    10|
  | 7     3     2     3     7   |
  |    4     1     1     4     8|
  | 5     2     0     2     5   |
  |    4     1     1     4     8|
  | 7     3     2     3     7   |
  |    6     4     4     6    10|
  | 9     7     5     7     9   |
  +-----------------------------+
* Hop multiplicity diagram:
  +-------------------+
  |  -   -   -   -   -|
  |-   -   -   -   -  |
  |  -   -   -   -   -|
  |-   -   -   -   -  |
  |  -   1   1   -   -|
  |-   -   0   -   -  |
  |  -   1   1   -   -|
  |-   -   -   -   -  |
  |  -   -   -   -   -|
  |-   -   -   -   -  |
  +-------------------+
* Reciprocal lattice of the simulation cell:
  > b_1 =   6.283185307180E-01  -0.000000000000E+00
  > b_2 =  -0.000000000000E+00   6.283185307180E-01
* k-vector offset:
  > Fractional:   0.000000000000E+00   0.000000000000E+00
  > Absolute  :   0.000000000000E+00   0.000000000000E+00
* G-vector occupation diagram:
  +----------0----------+
  |          -          |
  |        - - -        |
  |      - - - - -      |
  |    - 2 2 2 2 2 -    |
  |  - - 2 2 2 2 2 - -  |
  0- - - 2 2 2 2 2 - - -0
  |  - - 2 2 2 2 2 - -  |
  |    - 2 2 2 2 2 -    |
  |      - - - - -      |
  |        - - -        |
  |          -          |
  +----------0----------+
* G-vectors and non-interacting energy levels:
  > G_1 = [   0.0000E+00,  0.0000E+00,  0.0000E+00 ], e =  -4.0000E+00
  > G_2 = [   6.2832E-01,  0.0000E+00,  0.0000E+00 ], e =  -3.2361E+00
  > G_3 = [  -6.2832E-01,  0.0000E+00,  0.0000E+00 ], e =  -3.2361E+00
  > G_4 = [   0.0000E+00, -6.2832E-01,  0.0000E+00 ], e =  -3.2361E+00
  > G_5 = [   0.0000E+00,  6.2832E-01,  0.0000E+00 ], e =  -3.2361E+00
  > G_6 = [   6.2832E-01,  6.2832E-01,  0.0000E+00 ], e =  -2.6180E+00
  > G_7 = [  -6.2832E-01, -6.2832E-01,  0.0000E+00 ], e =  -2.6180E+00
  > G_8 = [  -6.2832E-01,  6.2832E-01,  0.0000E+00 ], e =  -2.6180E+00
  > G_9 = [   6.2832E-01, -6.2832E-01,  0.0000E+00 ], e =  -2.6180E+00
  > G_10 = [   1.2566E+00,  0.0000E+00,  0.0000E+00 ], e =  -1.2361E+00
  > G_11 = [  -1.2566E+00,  0.0000E+00,  0.0000E+00 ], e =  -1.2361E+00
  > G_12 = [   0.0000E+00, -1.2566E+00,  0.0000E+00 ], e =  -1.2361E+00
  > G_13 = [   0.0000E+00,  1.2566E+00,  0.0000E+00 ], e =  -1.2361E+00
  > G_14 = [  -1.2566E+00,  6.2832E-01,  0.0000E+00 ], e =  -1.0000E+00
  > G_15 = [   1.2566E+00, -6.2832E-01,  0.0000E+00 ], e =  -1.0000E+00
  > G_16 = [  -6.2832E-01,  1.2566E+00,  0.0000E+00 ], e =  -1.0000E+00
  > G_17 = [   6.2832E-01, -1.2566E+00,  0.0000E+00 ], e =  -1.0000E+00
  > G_18 = [  -6.2832E-01, -1.2566E+00,  0.0000E+00 ], e =  -1.0000E+00
  > G_19 = [   6.2832E-01,  1.2566E+00,  0.0000E+00 ], e =  -1.0000E+00
  > G_20 = [   1.2566E+00,  6.2832E-01,  0.0000E+00 ], e =  -1.0000E+00
  > G_21 = [  -1.2566E+00, -6.2832E-01,  0.0000E+00 ], e =  -1.0000E+00
  > G_22 = [  -1.2566E+00,  1.2566E+00,  0.0000E+00 ], e =  -3.8197E-01
  > G_23 = [   1.2566E+00, -1.2566E+00,  0.0000E+00 ], e =  -3.8197E-01
  > G_24 = [   1.2566E+00,  1.2566E+00,  0.0000E+00 ], e =  -3.8197E-01
  > G_25 = [  -1.2566E+00, -1.2566E+00,  0.0000E+00 ], e =  -3.8197E-01 = e_F
  > G_26 = [   1.8850E+00, -1.2566E+00,  0.0000E+00 ], e =   3.8197E-01
  > G_27 = [  -1.8850E+00,  1.2566E+00,  0.0000E+00 ], e =   3.8197E-01
  > G_28 = [   1.2566E+00, -1.8850E+00,  0.0000E+00 ], e =   3.8197E-01
  > G_29 = [  -1.2566E+00,  1.8850E+00,  0.0000E+00 ], e =   3.8197E-01
  > ...
* U/t                   :  8.00000000000E+00
* Hartree-Fock Etot/t   :  1.62229123600E+01
  > Ttot/t              : -8.37770876400E+01
  > Utot/t              :  1.00000000000E+02
* Writing Hamiltonian to "FCIDUMP.new".
* Writing orbitals to "LTSC.new".
* Analysis of Hamiltonian connecitivity performed:
  - U_iiii [opp] (local, 1-site): 50 (i) values
  - T_ji (single, 2-site): 200 contribs. from 50 (i) values
  - Max. no. wfn. ratios in Eloc: 4
* Site labels:
  +-----------------------------+
  |   10    19    28    37    46|
  |45     9    18    27    36   |
  |   44     8    17    26    35|
  |34    43     7    16    25   |
  |   33    42     6    15    24|
  |23    32    41     5    14   |
  |   22    31    50     4    13|
  |12    21    40    49     3   |
  |   11    30    39    48     2|
  | 1    20    29    38    47   |
  +-----------------------------+
* Model system Site kinds:
  [ 1, 1, 1, 1, 1, 1, 1, 1, 1, 1, 1, 1, 1, 1, 1, 1, 1, 1, 1, 1, 1, 1, 1, 1, 1, 1, 1, 1, 1, 1, 1, 1, 1, 1, 1, 1, 1, 1, 1, 1, 1, 1, 1, 1, 1, 1, 1, 1, 1, 1 ]
  +-------------------+
  |  1   1   1   1   1|
  |1   1   1   1   1  |
  |  1   1   1   1   1|
  |1   1   1   1   1  |
  |  1   1   1   1   1|
  |1   1   1   1   1  |
  |  1   1   1   1   1|
  |1   1   1   1   1  |
  |  1   1   1   1   1|
  |1   1   1   1   1  |
  +-------------------+
* Maximum Site kind: 1
* Model system Site pair kinds:
  Site 1: [ 0, 1, 3, 6, 9, 11, 9, 6, 3, 1, 1, 2, 4, 7, 10, 9, 10, 7, 4, 2, 3, 4, 5, 8, 7, 6, 7, 8, 5, 4, 6, 7, 8, 5, 4, 3, 4, 5, 8, 7, 9, 10, 7, 4, 2, 1, 2, 4, 7, 10 ]
  Site 2: [ 1, 0, 1, 3, 6, 9, 11, 9, 6, 3, 2, 1, 2, 4, 7, 10, 9, 10, 7, 4, 4, 3, 4, 5, 8, 7, 6, 7, 8, 5, 7, 6, 7, 8, 5, 4, 3, 4, 5, 8, 10, 9, 10, 7, 4, 2, 1, 2, 4, 7 ]
  Site 3: [ 3, 1, 0, 1, 3, 6, 9, 11, 9, 6, 4, 2, 1, 2, 4, 7, 10, 9, 10, 7, 5, 4, 3, 4, 5, 8, 7, 6, 7, 8, 8, 7, 6, 7, 8, 5, 4, 3, 4, 5, 7, 10, 9, 10, 7, 4, 2, 1, 2, 4 ]
  Site 4: [ 6, 3, 1, 0, 1, 3, 6, 9, 11, 9, 7, 4, 2, 1, 2, 4, 7, 10, 9, 10, 8, 5, 4, 3, 4, 5, 8, 7, 6, 7, 5, 8, 7, 6, 7, 8, 5, 4, 3, 4, 4, 7, 10, 9, 10, 7, 4, 2, 1, 2 ]
  Site 5: [ 9, 6, 3, 1, 0, 1, 3, 6, 9, 11, 10, 7, 4, 2, 1, 2, 4, 7, 10, 9, 7, 8, 5, 4, 3, 4, 5, 8, 7, 6, 4, 5, 8, 7, 6, 7, 8, 5, 4, 3, 2, 4, 7, 10, 9, 10, 7, 4, 2, 1 ]
  Site 6: [ 11, 9, 6, 3, 1, 0, 1, 3, 6, 9, 9, 10, 7, 4, 2, 1, 2, 4, 7, 10, 6, 7, 8, 5, 4, 3, 4, 5, 8, 7, 3, 4, 5, 8, 7, 6, 7, 8, 5, 4, 1, 2, 4, 7, 10, 9, 10, 7, 4, 2 ]
  Site 7: [ 9, 11, 9, 6, 3, 1, 0, 1, 3, 6, 10, 9, 10, 7, 4, 2, 1, 2, 4, 7, 7, 6, 7, 8, 5, 4, 3, 4, 5, 8, 4, 3, 4, 5, 8, 7, 6, 7, 8, 5, 2, 1, 2, 4, 7, 10, 9, 10, 7, 4 ]
  Site 8: [ 6, 9, 11, 9, 6, 3, 1, 0, 1, 3, 7, 10, 9, 10, 7, 4, 2, 1, 2, 4, 8, 7, 6, 7, 8, 5, 4, 3, 4, 5, 5, 4, 3, 4, 5, 8, 7, 6, 7, 8, 4, 2, 1, 2, 4, 7, 10, 9, 10, 7 ]
  Site 9: [ 3, 6, 9, 11, 9, 6, 3, 1, 0, 1, 4, 7, 10, 9, 10, 7, 4, 2, 1, 2, 5, 8, 7, 6, 7, 8, 5, 4, 3, 4, 8, 5, 4, 3, 4, 5, 8, 7, 6, 7, 7, 4, 2, 1, 2, 4, 7, 10, 9, 10 ]
  Site 10: [ 1, 3, 6, 9, 11, 9, 6, 3, 1, 0, 2, 4, 7, 10, 9, 10, 7, 4, 2, 1, 4, 5, 8, 7, 6, 7, 8, 5, 4, 3, 7, 8, 5, 4, 3, 4, 5, 8, 7, 6, 10, 7, 4, 2, 1, 2, 4, 7, 10, 9 ]
  Site 11: [ 1, 2, 4, 7, 10, 9, 10, 7, 4, 2, 0, 1, 3, 6, 9, 11, 9, 6, 3, 1, 1, 2, 4, 7, 10, 9, 10, 7, 4, 2, 3, 4, 5, 8, 7, 6, 7, 8, 5, 4, 6, 7, 8, 5, 4, 3, 4, 5, 8, 7 ]
  Site 12: [ 2, 1, 2, 4, 7, 10, 9, 10, 7, 4, 1, 0, 1, 3, 6, 9, 11, 9, 6, 3, 2, 1, 2, 4, 7, 10, 9, 10, 7, 4, 4, 3, 4, 5, 8, 7, 6, 7, 8, 5, 7, 6, 7, 8, 5, 4, 3, 4, 5, 8 ]
  Site 13: [ 4, 2, 1, 2, 4, 7, 10, 9, 10, 7, 3, 1, 0, 1, 3, 6, 9, 11, 9, 6, 4, 2, 1, 2, 4, 7, 10, 9, 10, 7, 5, 4, 3, 4, 5, 8, 7, 6, 7, 8, 8, 7, 6, 7, 8, 5, 4, 3, 4, 5 ]
  Site 14: [ 7, 4, 2, 1, 2, 4, 7, 10, 9, 10, 6, 3, 1, 0, 1, 3, 6, 9, 11, 9, 7, 4, 2, 1, 2, 4, 7, 10, 9, 10, 8, 5, 4, 3, 4, 5, 8, 7, 6, 7, 5, 8, 7, 6, 7, 8, 5, 4, 3, 4 ]
  Site 15: [ 10, 7, 4, 2, 1, 2, 4, 7, 10, 9, 9, 6, 3, 1, 0, 1, 3, 6, 9, 11, 10, 7, 4, 2, 1, 2, 4, 7, 10, 9, 7, 8, 5, 4, 3, 4, 5, 8, 7, 6, 4, 5, 8, 7, 6, 7, 8, 5, 4, 3 ]
  Site 16: [ 9, 10, 7, 4, 2, 1, 2, 4, 7, 10, 11, 9, 6, 3, 1, 0, 1, 3, 6, 9, 9, 10, 7, 4, 2, 1, 2, 4, 7, 10, 6, 7, 8, 5, 4, 3, 4, 5, 8, 7, 3, 4, 5, 8, 7, 6, 7, 8, 5, 4 ]
  Site 17: [ 10, 9, 10, 7, 4, 2, 1, 2, 4, 7, 9, 11, 9, 6, 3, 1, 0, 1, 3, 6, 10, 9, 10, 7, 4, 2, 1, 2, 4, 7, 7, 6, 7, 8, 5, 4, 3, 4, 5, 8, 4, 3, 4, 5, 8, 7, 6, 7, 8, 5 ]
  Site 18: [ 7, 10, 9, 10, 7, 4, 2, 1, 2, 4, 6, 9, 11, 9, 6, 3, 1, 0, 1, 3, 7, 10, 9, 10, 7, 4, 2, 1, 2, 4, 8, 7, 6, 7, 8, 5, 4, 3, 4, 5, 5, 4, 3, 4, 5, 8, 7, 6, 7, 8 ]
  Site 19: [ 4, 7, 10, 9, 10, 7, 4, 2, 1, 2, 3, 6, 9, 11, 9, 6, 3, 1, 0, 1, 4, 7, 10, 9, 10, 7, 4, 2, 1, 2, 5, 8, 7, 6, 7, 8, 5, 4, 3, 4, 8, 5, 4, 3, 4, 5, 8, 7, 6, 7 ]
  Site 20: [ 2, 4, 7, 10, 9, 10, 7, 4, 2, 1, 1, 3, 6, 9, 11, 9, 6, 3, 1, 0, 2, 4, 7, 10, 9, 10, 7, 4, 2, 1, 4, 5, 8, 7, 6, 7, 8, 5, 4, 3, 7, 8, 5, 4, 3, 4, 5, 8, 7, 6 ]
  Site 21: [ 3, 4, 5, 8, 7, 6, 7, 8, 5, 4, 1, 2, 4, 7, 10, 9, 10, 7, 4, 2, 0, 1, 3, 6, 9, 11, 9, 6, 3, 1, 1, 2, 4, 7, 10, 9, 10, 7, 4, 2, 3, 4, 5, 8, 7, 6, 7, 8, 5, 4 ]
  Site 22: [ 4, 3, 4, 5, 8, 7, 6, 7, 8, 5, 2, 1, 2, 4, 7, 10, 9, 10, 7, 4, 1, 0, 1, 3, 6, 9, 11, 9, 6, 3, 2, 1, 2, 4, 7, 10, 9, 10, 7, 4, 4, 3, 4, 5, 8, 7, 6, 7, 8, 5 ]
  Site 23: [ 5, 4, 3, 4, 5, 8, 7, 6, 7, 8, 4, 2, 1, 2, 4, 7, 10, 9, 10, 7, 3, 1, 0, 1, 3, 6, 9, 11, 9, 6, 4, 2, 1, 2, 4, 7, 10, 9, 10, 7, 5, 4, 3, 4, 5, 8, 7, 6, 7, 8 ]
  Site 24: [ 8, 5, 4, 3, 4, 5, 8, 7, 6, 7, 7, 4, 2, 1, 2, 4, 7, 10, 9, 10, 6, 3, 1, 0, 1, 3, 6, 9, 11, 9, 7, 4, 2, 1, 2, 4, 7, 10, 9, 10, 8, 5, 4, 3, 4, 5, 8, 7, 6, 7 ]
  Site 25: [ 7, 8, 5, 4, 3, 4, 5, 8, 7, 6, 10, 7, 4, 2, 1, 2, 4, 7, 10, 9, 9, 6, 3, 1, 0, 1, 3, 6, 9, 11, 10, 7, 4, 2, 1, 2, 4, 7, 10, 9, 7, 8, 5, 4, 3, 4, 5, 8, 7, 6 ]
  Site 26: [ 6, 7, 8, 5, 4, 3, 4, 5, 8, 7, 9, 10, 7, 4, 2, 1, 2, 4, 7, 10, 11, 9, 6, 3, 1, 0, 1, 3, 6, 9, 9, 10, 7, 4, 2, 1, 2, 4, 7, 10, 6, 7, 8, 5, 4, 3, 4, 5, 8, 7 ]
  Site 27: [ 7, 6, 7, 8, 5, 4, 3, 4, 5, 8, 10, 9, 10, 7, 4, 2, 1, 2, 4, 7, 9, 11, 9, 6, 3, 1, 0, 1, 3, 6, 10, 9, 10, 7, 4, 2, 1, 2, 4, 7, 7, 6, 7, 8, 5, 4, 3, 4, 5, 8 ]
  Site 28: [ 8, 7, 6, 7, 8, 5, 4, 3, 4, 5, 7, 10, 9, 10, 7, 4, 2, 1, 2, 4, 6, 9, 11, 9, 6, 3, 1, 0, 1, 3, 7, 10, 9, 10, 7, 4, 2, 1, 2, 4, 8, 7, 6, 7, 8, 5, 4, 3, 4, 5 ]
  Site 29: [ 5, 8, 7, 6, 7, 8, 5, 4, 3, 4, 4, 7, 10, 9, 10, 7, 4, 2, 1, 2, 3, 6, 9, 11, 9, 6, 3, 1, 0, 1, 4, 7, 10, 9, 10, 7, 4, 2, 1, 2, 5, 8, 7, 6, 7, 8, 5, 4, 3, 4 ]
  Site 30: [ 4, 5, 8, 7, 6, 7, 8, 5, 4, 3, 2, 4, 7, 10, 9, 10, 7, 4, 2, 1, 1, 3, 6, 9, 11, 9, 6, 3, 1, 0, 2, 4, 7, 10, 9, 10, 7, 4, 2, 1, 4, 5, 8, 7, 6, 7, 8, 5, 4, 3 ]
  Site 31: [ 6, 7, 8, 5, 4, 3, 4, 5, 8, 7, 3, 4, 5, 8, 7, 6, 7, 8, 5, 4, 1, 2, 4, 7, 10, 9, 10, 7, 4, 2, 0, 1, 3, 6, 9, 11, 9, 6, 3, 1, 1, 2, 4, 7, 10, 9, 10, 7, 4, 2 ]
  Site 32: [ 7, 6, 7, 8, 5, 4, 3, 4, 5, 8, 4, 3, 4, 5, 8, 7, 6, 7, 8, 5, 2, 1, 2, 4, 7, 10, 9, 10, 7, 4, 1, 0, 1, 3, 6, 9, 11, 9, 6, 3, 2, 1, 2, 4, 7, 10, 9, 10, 7, 4 ]
  Site 33: [ 8, 7, 6, 7, 8, 5, 4, 3, 4, 5, 5, 4, 3, 4, 5, 8, 7, 6, 7, 8, 4, 2, 1, 2, 4, 7, 10, 9, 10, 7, 3, 1, 0, 1, 3, 6, 9, 11, 9, 6, 4, 2, 1, 2, 4, 7, 10, 9, 10, 7 ]
  Site 34: [ 5, 8, 7, 6, 7, 8, 5, 4, 3, 4, 8, 5, 4, 3, 4, 5, 8, 7, 6, 7, 7, 4, 2, 1, 2, 4, 7, 10, 9, 10, 6, 3, 1, 0, 1, 3, 6, 9, 11, 9, 7, 4, 2, 1, 2, 4, 7, 10, 9, 10 ]
  Site 35: [ 4, 5, 8, 7, 6, 7, 8, 5, 4, 3, 7, 8, 5, 4, 3, 4, 5, 8, 7, 6, 10, 7, 4, 2, 1, 2, 4, 7, 10, 9, 9, 6, 3, 1, 0, 1, 3, 6, 9, 11, 10, 7, 4, 2, 1, 2, 4, 7, 10, 9 ]
  Site 36: [ 3, 4, 5, 8, 7, 6, 7, 8, 5, 4, 6, 7, 8, 5, 4, 3, 4, 5, 8, 7, 9, 10, 7, 4, 2, 1, 2, 4, 7, 10, 11, 9, 6, 3, 1, 0, 1, 3, 6, 9, 9, 10, 7, 4, 2, 1, 2, 4, 7, 10 ]
  Site 37: [ 4, 3, 4, 5, 8, 7, 6, 7, 8, 5, 7, 6, 7, 8, 5, 4, 3, 4, 5, 8, 10, 9, 10, 7, 4, 2, 1, 2, 4, 7, 9, 11, 9, 6, 3, 1, 0, 1, 3, 6, 10, 9, 10, 7, 4, 2, 1, 2, 4, 7 ]
  Site 38: [ 5, 4, 3, 4, 5, 8, 7, 6, 7, 8, 8, 7, 6, 7, 8, 5, 4, 3, 4, 5, 7, 10, 9, 10, 7, 4, 2, 1, 2, 4, 6, 9, 11, 9, 6, 3, 1, 0, 1, 3, 7, 10, 9, 10, 7, 4, 2, 1, 2, 4 ]
  Site 39: [ 8, 5, 4, 3, 4, 5, 8, 7, 6, 7, 5, 8, 7, 6, 7, 8, 5, 4, 3, 4, 4, 7, 10, 9, 10, 7, 4, 2, 1, 2, 3, 6, 9, 11, 9, 6, 3, 1, 0, 1, 4, 7, 10, 9, 10, 7, 4, 2, 1, 2 ]
  Site 40: [ 7, 8, 5, 4, 3, 4, 5, 8, 7, 6, 4, 5, 8, 7, 6, 7, 8, 5, 4, 3, 2, 4, 7, 10, 9, 10, 7, 4, 2, 1, 1, 3, 6, 9, 11, 9, 6, 3, 1, 0, 2, 4, 7, 10, 9, 10, 7, 4, 2, 1 ]
  Site 41: [ 9, 10, 7, 4, 2, 1, 2, 4, 7, 10, 6, 7, 8, 5, 4, 3, 4, 5, 8, 7, 3, 4, 5, 8, 7, 6, 7, 8, 5, 4, 1, 2, 4, 7, 10, 9, 10, 7, 4, 2, 0, 1, 3, 6, 9, 11, 9, 6, 3, 1 ]
  Site 42: [ 10, 9, 10, 7, 4, 2, 1, 2, 4, 7, 7, 6, 7, 8, 5, 4, 3, 4, 5, 8, 4, 3, 4, 5, 8, 7, 6, 7, 8, 5, 2, 1, 2, 4, 7, 10, 9, 10, 7, 4, 1, 0, 1, 3, 6, 9, 11, 9, 6, 3 ]
  Site 43: [ 7, 10, 9, 10, 7, 4, 2, 1, 2, 4, 8, 7, 6, 7, 8, 5, 4, 3, 4, 5, 5, 4, 3, 4, 5, 8, 7, 6, 7, 8, 4, 2, 1, 2, 4, 7, 10, 9, 10, 7, 3, 1, 0, 1, 3, 6, 9, 11, 9, 6 ]
  Site 44: [ 4, 7, 10, 9, 10, 7, 4, 2, 1, 2, 5, 8, 7, 6, 7, 8, 5, 4, 3, 4, 8, 5, 4, 3, 4, 5, 8, 7, 6, 7, 7, 4, 2, 1, 2, 4, 7, 10, 9, 10, 6, 3, 1, 0, 1, 3, 6, 9, 11, 9 ]
  Site 45: [ 2, 4, 7, 10, 9, 10, 7, 4, 2, 1, 4, 5, 8, 7, 6, 7, 8, 5, 4, 3, 7, 8, 5, 4, 3, 4, 5, 8, 7, 6, 10, 7, 4, 2, 1, 2, 4, 7, 10, 9, 9, 6, 3, 1, 0, 1, 3, 6, 9, 11 ]
  Site 46: [ 1, 2, 4, 7, 10, 9, 10, 7, 4, 2, 3, 4, 5, 8, 7, 6, 7, 8, 5, 4, 6, 7, 8, 5, 4, 3, 4, 5, 8, 7, 9, 10, 7, 4, 2, 1, 2, 4, 7, 10, 11, 9, 6, 3, 1, 0, 1, 3, 6, 9 ]
  Site 47: [ 2, 1, 2, 4, 7, 10, 9, 10, 7, 4, 4, 3, 4, 5, 8, 7, 6, 7, 8, 5, 7, 6, 7, 8, 5, 4, 3, 4, 5, 8, 10, 9, 10, 7, 4, 2, 1, 2, 4, 7, 9, 11, 9, 6, 3, 1, 0, 1, 3, 6 ]
  Site 48: [ 4, 2, 1, 2, 4, 7, 10, 9, 10, 7, 5, 4, 3, 4, 5, 8, 7, 6, 7, 8, 8, 7, 6, 7, 8, 5, 4, 3, 4, 5, 7, 10, 9, 10, 7, 4, 2, 1, 2, 4, 6, 9, 11, 9, 6, 3, 1, 0, 1, 3 ]
  Site 49: [ 7, 4, 2, 1, 2, 4, 7, 10, 9, 10, 8, 5, 4, 3, 4, 5, 8, 7, 6, 7, 5, 8, 7, 6, 7, 8, 5, 4, 3, 4, 4, 7, 10, 9, 10, 7, 4, 2, 1, 2, 3, 6, 9, 11, 9, 6, 3, 1, 0, 1 ]
  Site 50: [ 10, 7, 4, 2, 1, 2, 4, 7, 10, 9, 7, 8, 5, 4, 3, 4, 5, 8, 7, 6, 4, 5, 8, 7, 6, 7, 8, 5, 4, 3, 2, 4, 7, 10, 9, 10, 7, 4, 2, 1, 1, 3, 6, 9, 11, 9, 6, 3, 1, 0 ]
  For site 1 of kind 1:
  +-----------------------------+
  |    1     4     8     4     1|
  | 2     3     7     7     3   |
  |    4     6    10     6     4|
  | 5     7     9     9     7   |
  |    8    10    11    10     8|
  | 5     7     9     9     7   |
  |    4     6    10     6     4|
  | 2     3     7     7     3   |
  |    1     4     8     4     1|
  | 0     2     5     5     2   |
  +-----------------------------+
* Maximum (unsigned) Site pair kind: 11

General system setup:
* Number of sites       : 50
* Number of electrons   : 50
* Spin imbalance MS2    : 0
* Filling               : 0.500000
* Number of orbitals in pool: 53
* Using real-valued orbitals
* Using double-precision arithmetic for orbitals

Trial wave function setup:
* Jastrow parameter file: "wfn.casl"
* Not using multideterminants
* Not using an orbital rotation
* Backflow parameter file: "wfn.casl"
* Not using wave function manipulation

VMC #1:
* Size of Hilbert space =   1.5980E+28
* Number of equil. steps   = 1000
* Running VMC equilibration.
  Done. [total walltime: 2.83s]
* Equil. acc.ratio (%)     =   2.8672
* Sample config after equilibration:
  +-------------------+
  |  d   0   d   d   d|
  |u   u   u   u   d  |
  |  0   d   d   u   2|
  |u   2   u   0   u  |
  |  d   d   d   d   d|
  |u   u   2   u   0  |
  |  d   d   0   d   2|
  |u   2   u   u   u  |
  |  u   d   d   d   d|
  |u   d   u   u   u  |
  +-------------------+
* Number of accum. steps   = 40017920 x 10
* Running VMC accumulation.
    [walltime: 1m elapsed, 48m30s remaining]
  Done. [total walltime: 49m20s]
* Acceptance ratio (%)     =   2.5125
* Etot/t                   =  -2.525146631061E+01 +/-   4.790220354346E-04
  > Ttot/t                 =  -4.598175694087E+01 +/-   3.518511777256E-03
  > Utot/t                 =   2.073029062980E+01 +/-   3.486389463661E-03
* var[Eloc/t]              =   7.192026075719E+00 +/-   7.174186104279E-02
* Correlation length       =   1.276774622564E+00
* log10 Psi^2 range: 10.426199738273011 -- 40.385846636091252
* log10 Pgen range : 10.426199738273011 -- 40.385846636091252
* Site occupation (ave. no. electrons per config.):
  > Site_  ___eu____  ___ed____
      1        0.496      0.504
      2        0.504      0.496
      3        0.497      0.504
      4        0.503      0.497
      5        0.496      0.504
      6        0.504      0.496
      7        0.496      0.504
      8        0.503      0.497
      9        0.497      0.503
     10        0.503      0.496
     11        0.504      0.496
     12        0.496      0.504
     13        0.503      0.497
     14        0.497      0.503
     15        0.504      0.496
     16        0.496      0.504
     17        0.503      0.496
     18        0.497      0.504
     19        0.504      0.497
     20        0.497      0.504
     21        0.496      0.504
     22        0.504      0.496
     23        0.497      0.503
     24        0.503      0.497
     25        0.496      0.504
     26        0.504      0.496
     27        0.496      0.504
     28        0.503      0.496
     29        0.496      0.503
     30        0.503      0.496
     31        0.503      0.496
     32        0.496      0.504
     33        0.504      0.497
     34        0.496      0.504
     35        0.504      0.496
     36        0.496      0.504
     37        0.504      0.496
     38        0.496      0.503
     39        0.504      0.496
     40        0.497      0.504
     41        0.497      0.504
     42        0.504      0.496
     43        0.496      0.503
     44        0.504      0.496
     45        0.496      0.504
     46        0.504      0.497
     47        0.497      0.503
     48        0.503      0.497
     49        0.496      0.504
     50        0.504      0.496
* Pair-correlation analysis (ave. no. pairs per config.):
  > Shell  nsite  ___dh____  __eueu___  __eued___
      0      1        0          0          2.592
      1      4        2.562     13.299     84.444
      2      4        0.618     82.544     17.279
      3      4        0.584     82.746     17.189
      4      8        1.123     34.330    165.603
      5      4        0.543     82.767     17.224
      6      4        0.544     17.235     82.759
      7      8        1.081    165.531     34.464
      8      4        0.540     17.236     82.761
      9      4        0.540     82.763     17.237
     10      4        0.540     17.243     82.756
     11      1        0.135      4.308     20.692

Optimization #1:
* Method          : lls
* Target function : energy
* No. of configs. : 1000448
* No. of params.  : 77
* Before optimization:
  -1.2514E+00   1.1245E-01   2.3111E-01   1.6164E-01   1.1137E-01   8.5253E-02
   5.2801E-02   4.8210E-02   4.1807E-02  -8.2185E-03   3.9466E-03  -2.5122E-02
  -1.4956E-01  -8.3639E-02  -6.8603E-02  -7.5805E-02  -5.7608E-02  -4.0279E-02
  -9.2656E-02  -4.6379E-03  -3.8035E-02  -2.1018E-02  -5.4402E-02  -2.8794E-02
  -1.2858E-02  -1.1106E-02  -3.8202E-02   4.2837E-02   1.8535E-02   1.6159E-03
  -1.8453E-02  -1.3087E-02   4.8208E-02   1.5173E-01  -1.7216E-03  -6.6962E-04
  -4.5240E-03   8.2264E-04   1.1050E-03  -3.9153E-06   1.5517E-03  -2.4206E-04
  -7.7063E-04  -4.4425E-04   5.6911E-02   2.0392E-02   6.8595E-03   3.7777E-03
  -5.7306E-03   1.0933E-03  -3.6678E-03  -7.8813E-03   5.4433E-05  -3.2240E-03
   3.1501E-03   1.1113E+00  -4.5055E-01  -1.7445E-01   9.6695E-02   1.1886E-01
   2.7443E-02   7.0087E-02  -1.6796E-01  -1.9245E-02  -6.3977E-02   4.8382E-02
   6.6222E-01  -1.9214E-02  -1.4850E-02   2.0631E-01   4.4276E-03  -1.3448E-02
  -4.4220E-03  -3.0008E-01  -5.1531E-03  -5.1549E-02   7.0500E-02
  > E    =  -2.525080556596E+01 +/-   2.644698349437E-03
  > varE =   6.997562863867E+00
* Computing derivatives.
    [walltime: 1m elapsed, 23m45s remaining]
  Done. [total walltime: 24m45s]
* Optimizing manipulation constant:
  #igrid a___________ E____________________________________ varE____________
     1     Infinity    -2.52508056E+01 +/-   2.64469835E-03   6.99756286E+00
     2     1.0000E+06  -2.52508056E+01 +/-   2.64469809E-03   6.99756150E+00
     3     2.1544E+05  -2.52508058E+01 +/-   2.64469493E-03   6.99754476E+00
     4     4.6416E+04  -2.52508058E+01 +/-   2.64463436E-03   6.99722424E+00
     5     1.0000E+04  -2.52507828E+01 +/-   2.64336454E-03   6.99050644E+00
     6     2.1544E+03  -2.52458462E+01 +/-   2.62327951E-03   6.88467832E+00
     7     4.6416E+02  -2.18020231E+01 +/-   6.29359010E-03   3.96270213E+01
     8     1.0000E+02 (error)
     9     2.1544E+01 (error)
    10     4.6416E+00 (error)
    11     1.0000E+00 (error)
    12     2.1544E-01 (error)
    13     4.6416E-02 (error)
    14     1.0000E-02 (error)
    15     2.1544E-03 (error)
    16     4.6416E-04 (error)
    17     1.0000E-04 (error)
    18     2.1544E-05 (error)
    19     4.6416E-06 (error)
    20     1.0000E-06 (error)
    21     0.0000E+00 (error)
  ParMin   9.8301E+04  -2.52508059E+01 +/-   2.64468343E-03   6.99748390E+00
  # Using grid point #4
* Iteration # 1: E =  -2.525080580918E+01 +/-   2.644634358240E-03
* Convergence: exiting.
* After optimization:
  -1.2405E+00   1.1245E-01   2.3111E-01   1.6164E-01   1.1137E-01   8.5252E-02
   5.2801E-02   4.8211E-02   4.1807E-02  -8.2176E-03   3.9477E-03  -2.5121E-02
  -1.4956E-01  -8.3638E-02  -6.8603E-02  -7.5805E-02  -5.7608E-02  -4.0278E-02
  -9.2657E-02  -4.6377E-03  -3.8034E-02  -2.1018E-02  -5.4403E-02  -2.8794E-02
  -1.2859E-02  -1.1106E-02  -3.8202E-02   4.2837E-02   1.8534E-02   1.6159E-03
  -1.8455E-02  -1.3087E-02   4.7945E-02   1.5090E-01  -1.7115E-03  -6.6567E-04
  -4.4994E-03   8.1727E-04   1.0991E-03  -3.9757E-06   1.5432E-03  -2.4042E-04
  -7.6621E-04  -4.4215E-04   5.6600E-02   2.0281E-02   6.8223E-03   3.7572E-03
  -5.6995E-03   1.0873E-03  -3.6478E-03  -7.8385E-03   5.4450E-05  -3.2063E-03
   3.1328E-03   1.1113E+00  -4.5054E-01  -1.7445E-01   9.6691E-02   1.1885E-01
   2.7440E-02   7.0086E-02  -1.6796E-01  -1.9238E-02  -6.3975E-02   4.8379E-02
   6.6222E-01  -1.9199E-02  -1.4840E-02   2.0631E-01   4.4208E-03  -1.3448E-02
  -4.4225E-03  -3.0008E-01  -5.1477E-03  -5.1548E-02   7.0498E-02
  > Energy =  -2.525080580918E+01 +/-   2.644634358240E-03
  > varE =   6.997224241500E+00

VMC #2:
* Size of Hilbert space =   1.5980E+28
* Number of equil. steps   = 1000
* Running VMC equilibration.
  Done. [total walltime: 2.81s]
* Equil. acc.ratio (%)     =   2.8784
* Sample config after equilibration:
  +-------------------+
  |  2   0   d   d   d|
  |u   0   2   d   u  |
  |  d   d   u   d   d|
  |u   u   u   u   u  |
  |  d   d   d   d   d|
  |u   u   u   u   u  |
  |  d   d   u   d   d|
  |u   u   u   d   u  |
  |  d   d   d   d   d|
  |u   u   u   u   u  |
  +-------------------+
* Number of accum. steps   = 40017920 x 10
* Running VMC accumulation.
    [walltime: 1m elapsed, 48m13s remaining]
  Done. [total walltime: 49m12s]
* Acceptance ratio (%)     =   2.5121
* Etot/t                   =  -2.525133019957E+01 +/-   4.740806712442E-04
  > Ttot/t                 =  -4.597850042631E+01 +/-   3.517497390215E-03
  > Utot/t                 =   2.072717022774E+01 +/-   3.482487472947E-03
* var[Eloc/t]              =   7.128623605105E+00 +/-   4.117900221973E-02
* Correlation length       =   1.261691930535E+00
* log10 Psi^2 range: 8.9936753018439255 -- 40.385563957277739
* log10 Pgen range : 8.9936753018439255 -- 40.385563957277739
* Site occupation (ave. no. electrons per config.):
  > Site_  ___eu____  ___ed____
      1        0.494      0.506
      2        0.506      0.494
      3        0.494      0.506
      4        0.507      0.494
      5        0.494      0.506
      6        0.506      0.493
      7        0.494      0.506
      8        0.507      0.494
      9        0.494      0.506
     10        0.507      0.493
     11        0.507      0.493
     12        0.494      0.506
     13        0.506      0.493
     14        0.494      0.507
     15        0.507      0.494
     16        0.494      0.506
     17        0.506      0.493
     18        0.493      0.506
     19        0.506      0.494
     20        0.493      0.507
     21        0.493      0.506
     22        0.506      0.494
     23        0.493      0.507
     24        0.506      0.494
     25        0.494      0.506
     26        0.506      0.493
     27        0.493      0.506
     28        0.506      0.494
     29        0.493      0.506
     30        0.506      0.493
     31        0.506      0.494
     32        0.493      0.506
     33        0.507      0.493
     34        0.494      0.506
     35        0.506      0.494
     36        0.493      0.507
     37        0.507      0.493
     38        0.494      0.506
     39        0.506      0.494
     40        0.494      0.506
     41        0.494      0.506
     42        0.506      0.494
     43        0.494      0.507
     44        0.507      0.493
     45        0.493      0.506
     46        0.506      0.494
     47        0.494      0.507
     48        0.506      0.494
     49        0.494      0.506
     50        0.506      0.494
* Pair-correlation analysis (ave. no. pairs per config.):
  > Shell  nsite  ___dh____  __eueu___  __eued___
      0      1        0          0          2.591
      1      4        2.562     13.307     84.435
      2      4        0.619     82.532     17.291
      3      4        0.583     82.736     17.199
      4      8        1.124     34.351    165.583
      5      4        0.543     82.755     17.236
      6      4        0.544     17.247     82.746
      7      8        1.081    165.507     34.487
      8      4        0.539     17.250     82.748
      9      4        0.539     82.752     17.249
     10      4        0.540     17.252     82.746
     11      1        0.135      4.312     20.688

Optimization #2:
* Method          : lls
* Target function : energy
* No. of configs. : 1000448
* No. of params.  : 77
* Before optimization:
  -1.2405E+00   1.1245E-01   2.3111E-01   1.6164E-01   1.1137E-01   8.5252E-02
   5.2801E-02   4.8211E-02   4.1807E-02  -8.2176E-03   3.9477E-03  -2.5121E-02
  -1.4956E-01  -8.3638E-02  -6.8603E-02  -7.5805E-02  -5.7608E-02  -4.0278E-02
  -9.2657E-02  -4.6377E-03  -3.8034E-02  -2.1018E-02  -5.4403E-02  -2.8794E-02
  -1.2859E-02  -1.1106E-02  -3.8202E-02   4.2837E-02   1.8534E-02   1.6159E-03
  -1.8455E-02  -1.3087E-02   4.7945E-02   1.5090E-01  -1.7115E-03  -6.6567E-04
  -4.4994E-03   8.1727E-04   1.0991E-03  -3.9757E-06   1.5432E-03  -2.4042E-04
  -7.6621E-04  -4.4215E-04   5.6600E-02   2.0281E-02   6.8223E-03   3.7572E-03
  -5.6995E-03   1.0873E-03  -3.6478E-03  -7.8385E-03   5.4450E-05  -3.2063E-03
   3.1328E-03   1.1113E+00  -4.5054E-01  -1.7445E-01   9.6691E-02   1.1885E-01
   2.7440E-02   7.0086E-02  -1.6796E-01  -1.9238E-02  -6.3975E-02   4.8379E-02
   6.6222E-01  -1.9199E-02  -1.4840E-02   2.0631E-01   4.4208E-03  -1.3448E-02
  -4.4225E-03  -3.0008E-01  -5.1477E-03  -5.1548E-02   7.0498E-02
  > E    =  -2.524951236748E+01 +/-   2.632328561401E-03
  > varE =   6.932257916006E+00
* Computing derivatives.
    [walltime: 1m elapsed, 23m48s remaining]
  Done. [total walltime: 24m49s]
* Optimizing manipulation constant:
  #igrid a___________ E____________________________________ varE____________
     1     Infinity    -2.52495124E+01 +/-   2.63232856E-03   6.93225792E+00
     2     1.0000E+06  -2.52495124E+01 +/-   2.63232829E-03   6.93225651E+00
     3     2.1544E+05  -2.52495127E+01 +/-   2.63232731E-03   6.93225134E+00
     4     4.6416E+04  -2.52495137E+01 +/-   2.63232261E-03   6.93222658E+00
     5     1.0000E+04  -2.52495187E+01 +/-   2.63229762E-03   6.93209495E+00
     6     2.1544E+03  -2.52495400E+01 +/-   2.63211225E-03   6.93111866E+00
     7     4.6416E+02  -2.52495825E+01 +/-   2.62968587E-03   6.91834583E+00
     8     1.0000E+02  -2.52326692E+01 +/-   2.60564401E-03   6.79242233E+00
     9     2.1544E+01  -4.33961926E+00 +/-   1.40040466E-02   1.96201180E+02
    10     4.6416E+00 (error)
    11     1.0000E+00 (error)
    12     2.1544E-01 (error)
    13     4.6416E-02 (error)
    14     1.0000E-02 (error)
    15     2.1544E-03 (error)
    16     4.6416E-04 (error)
    17     1.0000E-04 (error)
    18     2.1544E-05 (error)
    19     4.6416E-06 (error)
    20     1.0000E-06 (error)
    21     0.0000E+00 (error)
  ParMin   9.9549E+02  -2.52495660E+01 +/-   2.63162095E-03   6.92853140E+00
  # Using grid point #7
* Iteration # 1: E =  -2.524958246372E+01 +/-   2.629685874468E-03
* Diminishing returns: exiting.
* After optimization:
  -1.1833E+00   1.1260E-01   2.3122E-01   1.6173E-01   1.1149E-01   8.5297E-02
   5.2887E-02   4.8309E-02   4.1873E-02  -8.1199E-03   4.0431E-03  -2.5029E-02
  -1.4961E-01  -8.3710E-02  -6.8662E-02  -7.5935E-02  -5.7637E-02  -4.0400E-02
  -9.2638E-02  -4.6926E-03  -3.8047E-02  -2.1097E-02  -5.4391E-02  -2.8858E-02
  -1.2922E-02  -1.1214E-02  -3.8179E-02   4.2805E-02   1.8459E-02   1.5283E-03
  -1.8464E-02  -1.3117E-02   4.6447E-02   1.4610E-01  -1.6406E-03  -6.4395E-04
  -4.3559E-03   7.6298E-04   1.0703E-03   1.3203E-05   1.4726E-03  -1.6738E-04
  -7.4122E-04  -3.9227E-04   5.4783E-02   1.9651E-02   6.6249E-03   3.6534E-03
  -5.5065E-03   1.0529E-03  -3.5148E-03  -7.6038E-03   7.6094E-05  -3.1119E-03
   3.0163E-03   1.1104E+00  -4.4964E-01  -1.7381E-01   9.6345E-02   1.1855E-01
   2.7340E-02   7.0090E-02  -1.6773E-01  -1.8479E-02  -6.3784E-02   4.9272E-02
   6.6147E-01  -1.7882E-02  -1.4272E-02   2.0630E-01   4.2079E-03  -1.3394E-02
  -4.2635E-03  -2.9984E-01  -5.1970E-03  -5.1506E-02   7.0354E-02
  > Energy =  -2.524958246372E+01 +/-   2.629685874468E-03
  > varE =   6.918345829389E+00

VMC #3:
* Size of Hilbert space =   1.5980E+28
* Number of equil. steps   = 1000
* Running VMC equilibration.
  Done. [total walltime: 2.82s]
* Equil. acc.ratio (%)     =   2.8655
* Sample config after equilibration:
  +-------------------+
  |  u   u   u   u   u|
  |d   d   d   d   d  |
  |  u   0   u   u   u|
  |d   d   2   d   d  |
  |  u   u   u   u   u|
  |0   d   d   d   d  |
  |  u   2   u   0   2|
  |d   d   0   d   2  |
  |  u   2   u   u   u|
  |d   0   d   d   d  |
  +-------------------+
* Number of accum. steps   = 40017920 x 10
* Running VMC accumulation.
    [walltime: 1m elapsed, 48m17s remaining]
  Done. [total walltime: 49m16s]
* Acceptance ratio (%)     =   2.5092
* Etot/t                   =  -2.525086588405E+01 +/-   4.766046770273E-04
  > Ttot/t                 =  -4.595156736900E+01 +/-   3.505381326710E-03
  > Utot/t                 =   2.070070148573E+01 +/-   3.471791829344E-03
* var[Eloc/t]              =   7.112770367379E+00 +/-   5.235077002293E-02
* Correlation length       =   1.278004324788E+00
* log10 Psi^2 range: 8.6750464048114750 -- 40.307924224131988
* log10 Pgen range : 8.6750464048114750 -- 40.307924224131988
* Site occupation (ave. no. electrons per config.):
  > Site_  ___eu____  ___ed____
      1        0.504      0.497
      2        0.496      0.504
      3        0.504      0.496
      4        0.496      0.504
      5        0.504      0.496
      6        0.496      0.504
      7        0.504      0.496
      8        0.496      0.504
      9        0.504      0.496
     10        0.497      0.503
     11        0.496      0.504
     12        0.504      0.495
     13        0.497      0.504
     14        0.504      0.497
     15        0.496      0.504
     16        0.504      0.496
     17        0.496      0.503
     18        0.504      0.496
     19        0.496      0.504
     20        0.504      0.496
     21        0.504      0.496
     22        0.497      0.504
     23        0.503      0.496
     24        0.496      0.504
     25        0.504      0.496
     26        0.496      0.504
     27        0.503      0.496
     28        0.496      0.504
     29        0.504      0.496
     30        0.496      0.504
     31        0.496      0.504
     32        0.504      0.496
     33        0.496      0.503
     34        0.504      0.497
     35        0.496      0.503
     36        0.503      0.497
     37        0.496      0.503
     38        0.504      0.496
     39        0.496      0.503
     40        0.504      0.496
     41        0.504      0.496
     42        0.496      0.504
     43        0.504      0.496
     44        0.496      0.504
     45        0.504      0.496
     46        0.496      0.504
     47        0.504      0.497
     48        0.496      0.504
     49        0.504      0.496
     50        0.496      0.504
* Pair-correlation analysis (ave. no. pairs per config.):
  > Shell  nsite  ___dh____  __eueu___  __eued___
      0      1        0          0          2.589
      1      4        2.558     13.294     84.453
      2      4        0.619     82.549     17.271
      3      4        0.583     82.754     17.180
      4      8        1.121     34.316    165.620
      5      4        0.542     82.776     17.216
      6      4        0.543     17.226     82.767
      7      8        1.078    165.546     34.450
      8      4        0.540     17.226     82.769
      9      4        0.538     82.772     17.231
     10      4        0.540     17.235     82.761
     11      1        0.135      4.306     20.693

Optimization #3:
* Method          : lls
* Target function : energy
* No. of configs. : 1000448
* No. of params.  : 77
* Before optimization:
  -1.1833E+00   1.1260E-01   2.3122E-01   1.6173E-01   1.1149E-01   8.5297E-02
   5.2887E-02   4.8309E-02   4.1873E-02  -8.1199E-03   4.0431E-03  -2.5029E-02
  -1.4961E-01  -8.3710E-02  -6.8662E-02  -7.5935E-02  -5.7637E-02  -4.0400E-02
  -9.2638E-02  -4.6926E-03  -3.8047E-02  -2.1097E-02  -5.4391E-02  -2.8858E-02
  -1.2922E-02  -1.1214E-02  -3.8179E-02   4.2805E-02   1.8459E-02   1.5283E-03
  -1.8464E-02  -1.3117E-02   4.6447E-02   1.4610E-01  -1.6406E-03  -6.4395E-04
  -4.3559E-03   7.6298E-04   1.0703E-03   1.3203E-05   1.4726E-03  -1.6738E-04
  -7.4122E-04  -3.9227E-04   5.4783E-02   1.9651E-02   6.6249E-03   3.6534E-03
  -5.5065E-03   1.0529E-03  -3.5148E-03  -7.6038E-03   7.6094E-05  -3.1119E-03
   3.0163E-03   1.1104E+00  -4.4964E-01  -1.7381E-01   9.6345E-02   1.1855E-01
   2.7340E-02   7.0090E-02  -1.6773E-01  -1.8479E-02  -6.3784E-02   4.9272E-02
   6.6147E-01  -1.7882E-02  -1.4272E-02   2.0630E-01   4.2079E-03  -1.3394E-02
  -4.2635E-03  -2.9984E-01  -5.1970E-03  -5.1506E-02   7.0354E-02
  > E    =  -2.524679066850E+01 +/-   2.694444595355E-03
  > varE =   7.263284171630E+00
* Computing derivatives.
    [walltime: 1m elapsed, 24m4s remaining]
  Done. [total walltime: 24m55s]
* Optimizing manipulation constant:
  #igrid a___________ E____________________________________ varE____________
     1     Infinity    -2.52467907E+01 +/-   2.69444460E-03   7.26328417E+00
     2     1.0000E+06  -2.52467908E+01 +/-   2.69444407E-03   7.26328135E+00
     3     2.1544E+05  -2.52467912E+01 +/-   2.69444217E-03   7.26327107E+00
     4     4.6416E+04  -2.52467931E+01 +/-   2.69443332E-03   7.26322337E+00
     5     1.0000E+04  -2.52468021E+01 +/-   2.69439225E-03   7.26300197E+00
     6     2.1544E+03  -2.52468431E+01 +/-   2.69420164E-03   7.26197437E+00
     7     4.6416E+02  -2.52470237E+01 +/-   2.69331785E-03   7.25721084E+00
     8     1.0000E+02  -2.52476829E+01 +/-   2.68930311E-03   7.23559131E+00
     9     2.1544E+01  -2.52487967E+01 +/-   2.67449225E-03   7.15611331E+00
    10     4.6416E+00  -2.52480456E+01 +/-   2.64941506E-03   7.02254487E+00
    11     1.0000E+00  -2.52464207E+01 +/-   2.63440771E-03   6.94321317E+00
    12     2.1544E-01  -2.52457519E+01 +/-   2.62954930E-03   6.91762723E+00
    13     4.6416E-02  -2.52455793E+01 +/-   2.62834135E-03   6.91127311E+00
    14     1.0000E-02  -2.52455405E+01 +/-   2.62807103E-03   6.90985156E+00
    15     2.1544E-03  -2.52455321E+01 +/-   2.62801228E-03   6.90954266E+00
    16     4.6416E-04  -2.52455303E+01 +/-   2.62799960E-03   6.90947598E+00
    17     1.0000E-04  -2.52455299E+01 +/-   2.62799687E-03   6.90946161E+00
    18     2.1544E-05  -2.52455298E+01 +/-   2.62799628E-03   6.90945852E+00
    19     4.6416E-06  -2.52455298E+01 +/-   2.62799616E-03   6.90945785E+00
    20     1.0000E-06  -2.52455298E+01 +/-   2.62799613E-03   6.90945770E+00
    21     0.0000E+00  -2.52455298E+01 +/-   2.62799612E-03   6.90945767E+00
  ParMin   1.7606E+01  -2.52488568E+01 +/-   2.67137479E-03   7.13944030E+00
  # Using parabolic minimum
* Iteration # 1: E =  -2.524885682808E+01 +/-   2.671374789546E-03
* Computing derivatives.
    [walltime: 1m elapsed, 24m4s remaining]
  Done. [total walltime: 24m56s]
* Optimizing manipulation constant:
  #igrid a___________ E____________________________________ varE____________
     1     Infinity    -2.52488568E+01 +/-   2.67137479E-03   7.13944030E+00
     2     1.0000E+06  -2.52488568E+01 +/-   2.67137467E-03   7.13943968E+00
     3     2.1544E+05  -2.52488569E+01 +/-   2.67137425E-03   7.13943742E+00
     4     4.6416E+04  -2.52488572E+01 +/-   2.67137228E-03   7.13942692E+00
     5     1.0000E+04  -2.52488587E+01 +/-   2.67136317E-03   7.13937822E+00
     6     2.1544E+03  -2.52488656E+01 +/-   2.67132111E-03   7.13915337E+00
     7     4.6416E+02  -2.52488961E+01 +/-   2.67113051E-03   7.13813463E+00
     8     1.0000E+02  -2.52490147E+01 +/-   2.67033602E-03   7.13388901E+00
     9     2.1544E+01  -2.52492982E+01 +/-   2.66792563E-03   7.12101593E+00
    10     4.6416E+00  -2.52494905E+01 +/-   2.66464752E-03   7.10352737E+00
    11     1.0000E+00  -2.52494150E+01 +/-   2.66332490E-03   7.09647735E+00
    12     2.1544E-01  -2.52493401E+01 +/-   2.66323993E-03   7.09602450E+00
    13     4.6416E-02  -2.52493170E+01 +/-   2.66326946E-03   7.09618189E+00
    14     1.0000E-02  -2.52493116E+01 +/-   2.66327940E-03   7.09623485E+00
    15     2.1544E-03  -2.52493104E+01 +/-   2.66328173E-03   7.09624725E+00
    16     4.6416E-04  -2.52493102E+01 +/-   2.66328224E-03   7.09624997E+00
    17     1.0000E-04  -2.52493101E+01 +/-   2.66328235E-03   7.09625056E+00
    18     2.1544E-05  -2.52493101E+01 +/-   2.66328237E-03   7.09625069E+00
    19     4.6416E-06  -2.52493101E+01 +/-   2.66328238E-03   7.09625072E+00
    20     1.0000E-06  -2.52493101E+01 +/-   2.66328238E-03   7.09625072E+00
    21     0.0000E+00  -2.52493101E+01 +/-   2.66328238E-03   7.09625072E+00
  ParMin   3.2183E+00  -2.52494873E+01 +/-   2.66411940E-03   7.10071188E+00
  # Using grid point #10
* Iteration # 2: E =  -2.524949054874E+01 +/-   2.664647522073E-03
* Diminishing returns: exiting.
* After optimization:
  -1.2234E+00   1.1767E-01   2.3682E-01   1.6442E-01   1.1442E-01   8.5810E-02
   5.3121E-02   4.9467E-02   4.1904E-02  -7.3100E-03   4.6659E-03  -2.4870E-02
  -1.4752E-01  -8.6247E-02  -7.2950E-02  -8.1358E-02  -5.8738E-02  -4.4713E-02
  -9.1734E-02  -5.9642E-03  -3.7973E-02  -2.2964E-02  -5.3427E-02  -2.9766E-02
  -1.2936E-02  -1.2267E-02  -3.8131E-02   3.9191E-02   1.8543E-02   1.7246E-03
  -1.9128E-02  -1.4172E-02   4.3113E-02   1.4228E-01   9.7489E-04   3.7009E-04
  -3.8185E-03  -4.7850E-04   1.8141E-03  -3.2728E-04   1.2518E-03   9.0049E-04
  -1.2161E-03  -1.7582E-03   5.1582E-02   1.8255E-02   6.2608E-03   3.5728E-03
  -5.5544E-03   1.9111E-03  -3.0016E-03  -7.1817E-03   1.3320E-03  -2.8403E-03
   2.1676E-03   1.1322E+00  -4.1575E-01  -1.3964E-01   8.7860E-02   1.0451E-01
   3.2625E-02   6.7395E-02  -1.5963E-01  -1.7496E-02  -6.6280E-02   5.1458E-02
   6.4554E-01   1.5423E-02   9.9124E-03   2.0765E-01  -9.5417E-03  -7.3923E-03
  -9.1496E-04  -2.8506E-01   5.5191E-03  -4.6271E-02   7.1479E-02
  > Energy =  -2.524949054874E+01 +/-   2.664647522073E-03
  > varE =   7.103527372087E+00

VMC #4:
* Size of Hilbert space =   1.5980E+28
* Number of equil. steps   = 1000
* Running VMC equilibration.
  Done. [total walltime: 2.82s]
* Equil. acc.ratio (%)     =   2.8877
* Sample config after equilibration:
  +-------------------+
  |  2   d   d   d   d|
  |u   0   0   u   u  |
  |  2   2   d   d   d|
  |u   0   u   u   u  |
  |  d   d   d   d   d|
  |u   u   d   u   u  |
  |  d   d   u   d   d|
  |u   u   u   u   u  |
  |  d   d   d   d   d|
  |u   u   u   u   u  |
  +-------------------+
* Number of accum. steps   = 40017920 x 10
* Running VMC accumulation.
    [walltime: 1m elapsed, 48m12s remaining]
  Done. [total walltime: 49m18s]
* Acceptance ratio (%)     =   2.5183
* Etot/t                   =  -2.525073047101E+01 +/-   4.701664036525E-04
  > Ttot/t                 =  -4.599778079096E+01 +/-   3.536372847901E-03
  > Utot/t                 =   2.074705032146E+01 +/-   4.166545230942E-03
* var[Eloc/t]              =   6.999766710611E+00 +/-   3.357499765935E-02
* Correlation length       =   1.263787720677E+00
* log10 Psi^2 range: 8.8239273235406976 -- 38.837712821798362
* log10 Pgen range : 8.8239273235406976 -- 38.837712821798362
* Site occupation (ave. no. electrons per config.):
  > Site_  ___eu____  ___ed____
      1        0.506      0.494
      2        0.494      0.506
      3        0.506      0.494
      4        0.494      0.506
      5        0.506      0.494
      6        0.494      0.506
      7        0.506      0.494
      8        0.494      0.506
      9        0.506      0.494
     10        0.494      0.506
     11        0.494      0.506
     12        0.506      0.494
     13        0.494      0.506
     14        0.506      0.494
     15        0.493      0.506
     16        0.506      0.494
     17        0.494      0.506
     18        0.506      0.494
     19        0.494      0.506
     20        0.506      0.494
     21        0.506      0.494
     22        0.494      0.506
     23        0.506      0.494
     24        0.494      0.506
     25        0.506      0.494
     26        0.494      0.506
     27        0.506      0.493
     28        0.494      0.506
     29        0.506      0.494
     30        0.494      0.506
     31        0.494      0.506
     32        0.506      0.494
     33        0.494      0.506
     34        0.506      0.494
     35        0.494      0.506
     36        0.506      0.494
     37        0.494      0.507
     38        0.506      0.494
     39        0.494      0.506
     40        0.506      0.494
     41        0.506      0.494
     42        0.494      0.506
     43        0.506      0.494
     44        0.495      0.506
     45        0.506      0.494
     46        0.494      0.506
     47        0.506      0.494
     48        0.493      0.506
     49        0.506      0.494
     50        0.494      0.506
* Pair-correlation analysis (ave. no. pairs per config.):
  > Shell  nsite  ___dh____  __eueu___  __eued___
      0      1        0          0          2.594
      1      4        2.564     13.275     84.466
      2      4        0.619     82.577     17.247
      3      4        0.584     82.777     17.159
      4      8        1.129     34.263    165.666
      5      4        0.544     82.802     17.190
      6      4        0.543     17.207     82.788
      7      8        1.084    165.592     34.401
      8      4        0.541     17.203     82.794
      9      4        0.541     82.792     17.206
     10      4        0.540     17.211     82.789
     11      1        0.135      4.302     20.699

Optimization #4:
* Method          : lls
* Target function : energy
* No. of configs. : 1000448
* No. of params.  : 77
* Before optimization:
  -1.2234E+00   1.1767E-01   2.3682E-01   1.6442E-01   1.1442E-01   8.5810E-02
   5.3121E-02   4.9467E-02   4.1904E-02  -7.3100E-03   4.6659E-03  -2.4870E-02
  -1.4752E-01  -8.6247E-02  -7.2950E-02  -8.1358E-02  -5.8738E-02  -4.4713E-02
  -9.1734E-02  -5.9642E-03  -3.7973E-02  -2.2964E-02  -5.3427E-02  -2.9766E-02
  -1.2936E-02  -1.2267E-02  -3.8131E-02   3.9191E-02   1.8543E-02   1.7246E-03
  -1.9128E-02  -1.4172E-02   4.3113E-02   1.4228E-01   9.7489E-04   3.7009E-04
  -3.8185E-03  -4.7850E-04   1.8141E-03  -3.2728E-04   1.2518E-03   9.0049E-04
  -1.2161E-03  -1.7582E-03   5.1582E-02   1.8255E-02   6.2608E-03   3.5728E-03
  -5.5544E-03   1.9111E-03  -3.0016E-03  -7.1817E-03   1.3320E-03  -2.8403E-03
   2.1676E-03   1.1322E+00  -4.1575E-01  -1.3964E-01   8.7860E-02   1.0451E-01
   3.2625E-02   6.7395E-02  -1.5963E-01  -1.7496E-02  -6.6280E-02   5.1458E-02
   6.4554E-01   1.5423E-02   9.9124E-03   2.0765E-01  -9.5417E-03  -7.3923E-03
  -9.1496E-04  -2.8506E-01   5.5191E-03  -4.6271E-02   7.1479E-02
  > E    =  -2.525188076605E+01 +/-   2.649102565633E-03
  > varE =   7.020888352733E+00
* Computing derivatives.
    [walltime: 1m1s elapsed, 24m remaining]
  Done. [total walltime: 24m53s]
* Optimizing manipulation constant:
  #igrid a___________ E____________________________________ varE____________
     1     Infinity    -2.52518808E+01 +/-   2.64910257E-03   7.02088835E+00
     2     1.0000E+06  -2.52518808E+01 +/-   2.64910238E-03   7.02088736E+00
     3     2.1544E+05  -2.52518811E+01 +/-   2.64910106E-03   7.02088035E+00
     4     4.6416E+04  -2.52518820E+01 +/-   2.64908170E-03   7.02077775E+00
     5     1.0000E+04  -2.52518814E+01 +/-   2.64870548E-03   7.01878374E+00
     6     2.1544E+03  -2.52514480E+01 +/-   2.64115293E-03   6.97881393E+00
     7     4.6416E+02  -2.50245760E+01 +/-   2.88328597E-03   8.31706235E+00
     8     1.0000E+02   7.03040376E+00 +/-   1.07955350E-02   1.16595787E+02
     9     2.1544E+01 (error)
    10     4.6416E+00 (error)
    11     1.0000E+00 (error)
    12     2.1544E-01 (error)
    13     4.6416E-02 (error)
    14     1.0000E-02 (error)
    15     2.1544E-03 (error)
    16     4.6416E-04 (error)
    17     1.0000E-04 (error)
    18     2.1544E-05 (error)
    19     4.6416E-06 (error)
    20     1.0000E-06 (error)
    21     0.0000E+00 (error)
  ParMin   2.1496E+04  -2.52518827E+01 +/-   2.64901315E-03   7.02041440E+00
  # Using parabolic minimum
* Iteration # 1: E =  -2.525188269662E+01 +/-   2.649013148871E-03
* Convergence: exiting.
* After optimization:
  -1.2109E+00   1.1767E-01   2.3682E-01   1.6442E-01   1.1442E-01   8.5812E-02
   5.3124E-02   4.9469E-02   4.1905E-02  -7.3077E-03   4.6685E-03  -2.4868E-02
  -1.4753E-01  -8.6247E-02  -7.2950E-02  -8.1358E-02  -5.8739E-02  -4.4715E-02
  -9.1734E-02  -5.9653E-03  -3.7974E-02  -2.2966E-02  -5.3428E-02  -2.9767E-02
  -1.2938E-02  -1.2268E-02  -3.8130E-02   3.9191E-02   1.8540E-02   1.7215E-03
  -1.9128E-02  -1.4172E-02   4.2842E-02   1.4138E-01   9.6666E-04   3.6674E-04
  -3.7950E-03  -4.7494E-04   1.8020E-03  -3.2482E-04   1.2440E-03   8.9415E-04
  -1.2084E-03  -1.7475E-03   5.1257E-02   1.8139E-02   6.2212E-03   3.5500E-03
  -5.5189E-03   1.8988E-03  -2.9823E-03  -7.1364E-03   1.3237E-03  -2.8223E-03
   2.1538E-03   1.1322E+00  -4.1579E-01  -1.3968E-01   8.7865E-02   1.0452E-01
   3.2619E-02   6.7396E-02  -1.5963E-01  -1.7499E-02  -6.6281E-02   5.1456E-02
   6.4555E-01   1.5387E-02   9.8879E-03   2.0765E-01  -9.5389E-03  -7.3907E-03
  -9.1098E-04  -2.8506E-01   5.5163E-03  -4.6272E-02   7.1480E-02
  > Energy =  -2.525188269662E+01 +/-   2.649013148871E-03
  > varE =   7.020414400149E+00

VMC #5:
* Size of Hilbert space =   1.5980E+28
* Number of equil. steps   = 1000
* Running VMC equilibration.
  Done. [total walltime: 2.83s]
* Equil. acc.ratio (%)     =   2.8825
* Sample config after equilibration:
  +-------------------+
  |  d   d   d   d   d|
  |d   u   u   u   u  |
  |  d   d   d   d   u|
  |u   u   u   u   u  |
  |  d   0   d   d   d|
  |u   2   u   u   u  |
  |  d   d   d   d   d|
  |u   u   0   u   u  |
  |  d   2   d   0   d|
  |u   u   u   u   2  |
  +-------------------+
* Number of accum. steps   = 40017920 x 10
* Running VMC accumulation.
    [walltime: 1m elapsed, 48m19s remaining]
  Done. [total walltime: 49m17s]
* Acceptance ratio (%)     =   2.5187
* Etot/t                   =  -2.525179359649E+01 +/-   4.692772067982E-04
  > Ttot/t                 =  -4.599784116864E+01 +/-   3.529991691030E-03
  > Utot/t                 =   2.074604757069E+01 +/-   3.496565913112E-03
* var[Eloc/t]              =   6.967774406436E+00 +/-   1.421051818928E-02
* Correlation length       =   1.264792704357E+00
* log10 Psi^2 range: 10.564333165631203 -- 38.837049695664568
* log10 Pgen range : 10.564333165631203 -- 38.837049695664568
* Site occupation (ave. no. electrons per config.):
  > Site_  ___eu____  ___ed____
      1        0.497      0.504
      2        0.503      0.496
      3        0.496      0.504
      4        0.504      0.496
      5        0.497      0.504
      6        0.503      0.497
      7        0.497      0.503
      8        0.504      0.496
      9        0.497      0.503
     10        0.503      0.497
     11        0.503      0.496
     12        0.497      0.504
     13        0.503      0.496
     14        0.496      0.503
     15        0.504      0.497
     16        0.496      0.504
     17        0.503      0.497
     18        0.497      0.503
     19        0.503      0.497
     20        0.497      0.503
     21        0.497      0.503
     22        0.504      0.496
     23        0.497      0.504
     24        0.503      0.497
     25        0.496      0.503
     26        0.504      0.496
     27        0.497      0.504
     28        0.503      0.496
     29        0.497      0.504
     30        0.504      0.497
     31        0.503      0.497
     32        0.496      0.503
     33        0.503      0.497
     34        0.496      0.504
     35        0.504      0.496
     36        0.496      0.503
     37        0.504      0.497
     38        0.497      0.503
     39        0.503      0.496
     40        0.497      0.504
     41        0.497      0.503
     42        0.503      0.497
     43        0.497      0.504
     44        0.503      0.496
     45        0.497      0.503
     46        0.504      0.497
     47        0.497      0.503
     48        0.503      0.497
     49        0.496      0.504
     50        0.504      0.496
* Pair-correlation analysis (ave. no. pairs per config.):
  > Shell  nsite  ___dh____  __eueu___  __eued___
      0      1        0          0          2.595
      1      4        2.565     13.289     84.451
      2      4        0.621     82.555     17.266
      3      4        0.585     82.759     17.177
      4      8        1.127     34.307    165.627
      5      4        0.544     82.778     17.212
      6      4        0.545     17.228     82.766
      7      8        1.083    165.550     34.444
      8      4        0.542     17.224     82.773
      9      4        0.542     82.769     17.228
     10      4        0.541     17.232     82.767
     11      1        0.135      4.308     20.694

Optimization #5:
* Method          : lls
* Target function : energy
* No. of configs. : 1000448
* No. of params.  : 77
* Before optimization:
  -1.2109E+00   1.1767E-01   2.3682E-01   1.6442E-01   1.1442E-01   8.5812E-02
   5.3124E-02   4.9469E-02   4.1905E-02  -7.3077E-03   4.6685E-03  -2.4868E-02
  -1.4753E-01  -8.6247E-02  -7.2950E-02  -8.1358E-02  -5.8739E-02  -4.4715E-02
  -9.1734E-02  -5.9653E-03  -3.7974E-02  -2.2966E-02  -5.3428E-02  -2.9767E-02
  -1.2938E-02  -1.2268E-02  -3.8130E-02   3.9191E-02   1.8540E-02   1.7215E-03
  -1.9128E-02  -1.4172E-02   4.2842E-02   1.4138E-01   9.6666E-04   3.6674E-04
  -3.7950E-03  -4.7494E-04   1.8020E-03  -3.2482E-04   1.2440E-03   8.9415E-04
  -1.2084E-03  -1.7475E-03   5.1257E-02   1.8139E-02   6.2212E-03   3.5500E-03
  -5.5189E-03   1.8988E-03  -2.9823E-03  -7.1364E-03   1.3237E-03  -2.8223E-03
   2.1538E-03   1.1322E+00  -4.1579E-01  -1.3968E-01   8.7865E-02   1.0452E-01
   3.2619E-02   6.7396E-02  -1.5963E-01  -1.7499E-02  -6.6281E-02   5.1456E-02
   6.4555E-01   1.5387E-02   9.8879E-03   2.0765E-01  -9.5389E-03  -7.3907E-03
  -9.1098E-04  -2.8506E-01   5.5163E-03  -4.6272E-02   7.1480E-02
  > E    =  -2.525425516680E+01 +/-   2.648749009859E-03
  > varE =   7.019014427579E+00
* Computing derivatives.
    [walltime: 1m1s elapsed, 23m37s remaining]
  Done. [total walltime: 24m47s]
* Optimizing manipulation constant:
  #igrid a___________ E____________________________________ varE____________
     1     Infinity    -2.52542552E+01 +/-   2.64874901E-03   7.01901443E+00
     2     1.0000E+06  -2.52542553E+01 +/-   2.64874860E-03   7.01901224E+00
     3     2.1544E+05  -2.52542557E+01 +/-   2.64874702E-03   7.01900388E+00
     4     4.6416E+04  -2.52542577E+01 +/-   2.64873817E-03   7.01895698E+00
     5     1.0000E+04  -2.52542660E+01 +/-   2.64866406E-03   7.01856423E+00
     6     2.1544E+03  -2.52542832E+01 +/-   2.64760631E-03   7.01295957E+00
     7     4.6416E+02  -2.52514526E+01 +/-   2.63106835E-03   6.92562196E+00
     8     1.0000E+02  -2.33201173E+01 +/-   4.95584179E-03   2.45713709E+01
     9     2.1544E+01 (error)
    10     4.6416E+00 (error)
    11     1.0000E+00 (error)
    12     2.1544E-01 (error)
    13     4.6416E-02 (error)
    14     1.0000E-02 (error)
    15     2.1544E-03 (error)
    16     4.6416E-04 (error)
    17     1.0000E-04 (error)
    18     2.1544E-05 (error)
    19     4.6416E-06 (error)
    20     1.0000E-06 (error)
    21     0.0000E+00 (error)
  ParMin   4.5902E+03  -2.52542760E+01 +/-   2.64845018E-03   7.01743074E+00
  # Using grid point #6
* Iteration # 1: E =  -2.525428320398E+01 +/-   2.647606308800E-03
* Diminishing returns: exiting.
* After optimization:
  -1.1670E+00   1.1763E-01   2.3680E-01   1.6445E-01   1.1443E-01   8.5847E-02
   5.3160E-02   4.9500E-02   4.1935E-02  -7.2788E-03   4.7031E-03  -2.4838E-02
  -1.4750E-01  -8.6241E-02  -7.2939E-02  -8.1344E-02  -5.8748E-02  -4.4722E-02
  -9.1738E-02  -5.9651E-03  -3.8002E-02  -2.2992E-02  -5.3446E-02  -2.9781E-02
  -1.2962E-02  -1.2288E-02  -3.8121E-02   3.9210E-02   1.8517E-02   1.6966E-03
  -1.9143E-02  -1.4180E-02   4.1893E-02   1.3826E-01   9.3608E-04   3.4297E-04
  -3.7152E-03  -4.5405E-04   1.7604E-03  -3.2065E-04   1.2180E-03   8.6279E-04
  -1.1746E-03  -1.7033E-03   5.0130E-02   1.7741E-02   6.0856E-03   3.4701E-03
  -5.3921E-03   1.8542E-03  -2.9192E-03  -6.9726E-03   1.2858E-03  -2.7588E-03
   2.1052E-03   1.1327E+00  -4.1612E-01  -1.3996E-01   8.7908E-02   1.0458E-01
   3.2620E-02   6.7437E-02  -1.5961E-01  -1.7507E-02  -6.6179E-02   5.1373E-02
   6.4588E-01   1.5156E-02   9.7203E-03   2.0768E-01  -9.4260E-03  -7.3769E-03
  -9.3839E-04  -2.8513E-01   5.4330E-03  -4.6303E-02   7.1519E-02
  > Energy =  -2.525428320398E+01 +/-   2.647606308800E-03
  > varE =   7.012959565382E+00

VMC #6:
* Size of Hilbert space =   1.5980E+28
* Number of equil. steps   = 1000
* Running VMC equilibration.
  Done. [total walltime: 2.82s]
* Equil. acc.ratio (%)     =   2.8933
* Sample config after equilibration:
  +-------------------+
  |  d   d   d   d   d|
  |u   u   u   u   u  |
  |  d   d   d   d   d|
  |u   u   u   u   2  |
  |  d   2   d   d   0|
  |u   u   0   u   0  |
  |  d   d   d   d   2|
  |u   u   u   u   u  |
  |  d   d   d   d   d|
  |u   u   u   u   u  |
  +-------------------+
* Number of accum. steps   = 40017920 x 10
* Running VMC accumulation.
    [walltime: 1m elapsed, 48m23s remaining]
  Done. [total walltime: 49m17s]
* Acceptance ratio (%)     =   2.5160
* Etot/t                   =  -2.525087577950E+01 +/-   4.809816965121E-04
  > Ttot/t                 =  -4.597871210749E+01 +/-   3.528122623525E-03
  > Utot/t                 =   2.072783632932E+01 +/-   3.492288937653E-03
* var[Eloc/t]              =   7.372397375320E+00 +/-   3.521549926231E-01
* Correlation length       =   1.255749099984E+00
* log10 Psi^2 range: 9.1824301577398089 -- 38.839978764426000
* log10 Pgen range : 9.1824301577398089 -- 38.839978764426000
* Site occupation (ave. no. electrons per config.):
  > Site_  ___eu____  ___ed____
      1        0.506      0.494
      2        0.494      0.506
      3        0.506      0.494
      4        0.494      0.506
      5        0.506      0.494
      6        0.495      0.505
      7        0.506      0.494
      8        0.494      0.506
      9        0.506      0.494
     10        0.494      0.506
     11        0.494      0.506
     12        0.506      0.494
     13        0.494      0.506
     14        0.506      0.494
     15        0.494      0.506
     16        0.506      0.494
     17        0.494      0.506
     18        0.506      0.494
     19        0.494      0.506
     20        0.505      0.494
     21        0.506      0.494
     22        0.494      0.506
     23        0.506      0.494
     24        0.494      0.506
     25        0.506      0.494
     26        0.494      0.506
     27        0.506      0.494
     28        0.494      0.506
     29        0.506      0.494
     30        0.494      0.506
     31        0.494      0.506
     32        0.506      0.494
     33        0.494      0.506
     34        0.506      0.495
     35        0.495      0.506
     36        0.505      0.494
     37        0.494      0.506
     38        0.505      0.494
     39        0.494      0.506
     40        0.506      0.494
     41        0.506      0.494
     42        0.494      0.506
     43        0.506      0.494
     44        0.494      0.506
     45        0.506      0.494
     46        0.494      0.506
     47        0.507      0.493
     48        0.494      0.506
     49        0.506      0.494
     50        0.494      0.506
* Pair-correlation analysis (ave. no. pairs per config.):
  > Shell  nsite  ___dh____  __eueu___  __eued___
      0      1        0          0          2.592
      1      4        2.563     13.263     84.479
      2      4        0.619     82.590     17.234
      3      4        0.582     82.790     17.147
      4      8        1.124     34.244    165.689
      5      4        0.544     82.812     17.177
      6      4        0.544     17.192     82.801
      7      8        1.082    165.619     34.374
      8      4        0.540     17.189     82.809
      9      4        0.539     82.803     17.197
     10      4        0.538     17.201     82.800
     11      1        0.136      4.298     20.702

Optimization #6:
* Method          : lls
* Target function : energy
* No. of configs. : 1000448
* No. of params.  : 77
* Before optimization:
  -1.1670E+00   1.1763E-01   2.3680E-01   1.6445E-01   1.1443E-01   8.5847E-02
   5.3160E-02   4.9500E-02   4.1935E-02  -7.2788E-03   4.7031E-03  -2.4838E-02
  -1.4750E-01  -8.6241E-02  -7.2939E-02  -8.1344E-02  -5.8748E-02  -4.4722E-02
  -9.1738E-02  -5.9651E-03  -3.8002E-02  -2.2992E-02  -5.3446E-02  -2.9781E-02
  -1.2962E-02  -1.2288E-02  -3.8121E-02   3.9210E-02   1.8517E-02   1.6966E-03
  -1.9143E-02  -1.4180E-02   4.1893E-02   1.3826E-01   9.3608E-04   3.4297E-04
  -3.7152E-03  -4.5405E-04   1.7604E-03  -3.2065E-04   1.2180E-03   8.6279E-04
  -1.1746E-03  -1.7033E-03   5.0130E-02   1.7741E-02   6.0856E-03   3.4701E-03
  -5.3921E-03   1.8542E-03  -2.9192E-03  -6.9726E-03   1.2858E-03  -2.7588E-03
   2.1052E-03   1.1327E+00  -4.1612E-01  -1.3996E-01   8.7908E-02   1.0458E-01
   3.2620E-02   6.7437E-02  -1.5961E-01  -1.7507E-02  -6.6179E-02   5.1373E-02
   6.4588E-01   1.5156E-02   9.7203E-03   2.0768E-01  -9.4260E-03  -7.3769E-03
  -9.3839E-04  -2.8513E-01   5.4330E-03  -4.6303E-02   7.1519E-02
  > E    =  -2.525022242899E+01 +/-   2.633919834729E-03
  > varE =   6.940641710875E+00
* Computing derivatives.
    [walltime: 1m1s elapsed, 24m remaining]
  Done. [total walltime: 24m49s]
* Optimizing manipulation constant:
  #igrid a___________ E____________________________________ varE____________
     1     Infinity    -2.52502224E+01 +/-   2.63391983E-03   6.94064171E+00
     2     1.0000E+06  -2.52502225E+01 +/-   2.63391823E-03   6.94063324E+00
     3     2.1544E+05  -2.52502223E+01 +/-   2.63389086E-03   6.94048899E+00
     4     4.6416E+04  -2.52502106E+01 +/-   2.63331989E-03   6.93748022E+00
     5     1.0000E+04  -2.52491171E+01 +/-   2.62222648E-03   6.87915217E+00
     6     2.1544E+03  -2.46869093E+01 +/-   3.34836869E-03   1.12165957E+01
     7     4.6416E+02 (error)
     8     1.0000E+02 (error)
     9     2.1544E+01 (error)
    10     4.6416E+00 (error)
    11     1.0000E+00 (error)
    12     2.1544E-01 (error)
    13     4.6416E-02 (error)
    14     1.0000E-02 (error)
    15     2.1544E-03 (error)
    16     4.6416E-04 (error)
    17     1.0000E-04 (error)
    18     2.1544E-05 (error)
    19     4.6416E-06 (error)
    20     1.0000E-06 (error)
    21     0.0000E+00 (error)
* Iteration # 1: E =  -2.525022250270E+01 +/-   2.633918228132E-03
* Convergence: exiting.
* After optimization:
  -1.1654E+00   1.1763E-01   2.3680E-01   1.6445E-01   1.1443E-01   8.5847E-02
   5.3160E-02   4.9500E-02   4.1935E-02  -7.2788E-03   4.7032E-03  -2.4838E-02
  -1.4750E-01  -8.6241E-02  -7.2939E-02  -8.1344E-02  -5.8748E-02  -4.4722E-02
  -9.1738E-02  -5.9651E-03  -3.8003E-02  -2.2992E-02  -5.3446E-02  -2.9781E-02
  -1.2962E-02  -1.2288E-02  -3.8121E-02   3.9210E-02   1.8516E-02   1.6966E-03
  -1.9143E-02  -1.4180E-02   4.1860E-02   1.3816E-01   9.3535E-04   3.4269E-04
  -3.7123E-03  -4.5371E-04   1.7591E-03  -3.2040E-04   1.2171E-03   8.6212E-04
  -1.1737E-03  -1.7020E-03   5.0091E-02   1.7727E-02   6.0809E-03   3.4674E-03
  -5.3879E-03   1.8528E-03  -2.9169E-03  -6.9671E-03   1.2848E-03  -2.7566E-03
   2.1035E-03   1.1327E+00  -4.1612E-01  -1.3996E-01   8.7908E-02   1.0458E-01
   3.2620E-02   6.7437E-02  -1.5961E-01  -1.7507E-02  -6.6179E-02   5.1373E-02
   6.4588E-01   1.5155E-02   9.7198E-03   2.0768E-01  -9.4255E-03  -7.3769E-03
  -9.3826E-04  -2.8513E-01   5.4328E-03  -4.6303E-02   7.1519E-02
  > Energy =  -2.525022250270E+01 +/-   2.633918228132E-03
  > varE =   6.940633243788E+00

VMC #7:
* Size of Hilbert space =   1.5980E+28
* Number of equil. steps   = 1000
* Running VMC equilibration.
  Done. [total walltime: 2.82s]
* Equil. acc.ratio (%)     =   2.8831
* Sample config after equilibration:
  +-------------------+
  |  u   d   d   d   d|
  |u   d   u   u   u  |
  |  d   u   d   d   d|
  |u   u   u   u   u  |
  |  d   d   d   d   0|
  |2   u   u   u   u  |
  |  d   d   d   d   d|
  |u   0   u   u   u  |
  |  2   d   d   2   0|
  |u   d   u   u   d  |
  +-------------------+
* Number of accum. steps   = 40017920 x 10
* Running VMC accumulation.
    [walltime: 1m elapsed, 48m15s remaining]
  Done. [total walltime: 49m16s]
* Acceptance ratio (%)     =   2.5168
* Etot/t                   =  -2.525091090797E+01 +/-   4.697948671140E-04
  > Ttot/t                 =  -4.598013921572E+01 +/-   3.541139314081E-03
  > Utot/t                 =   2.072922830572E+01 +/-   4.392815098178E-03
* var[Eloc/t]              =   6.984763981095E+00 +/-   2.112883455568E-02
* Correlation length       =   1.264501389582E+00
* log10 Psi^2 range: 9.9258097169771720 -- 38.839985335045611
* log10 Pgen range : 9.9258097169771720 -- 38.839985335045611
* Site occupation (ave. no. electrons per config.):
  > Site_  ___eu____  ___ed____
      1        0.502      0.498
      2        0.498      0.502
      3        0.502      0.498
      4        0.498      0.502
      5        0.502      0.498
      6        0.498      0.502
      7        0.503      0.497
      8        0.498      0.502
      9        0.502      0.497
     10        0.498      0.502
     11        0.498      0.502
     12        0.502      0.498
     13        0.498      0.502
     14        0.502      0.498
     15        0.498      0.502
     16        0.502      0.498
     17        0.498      0.502
     18        0.502      0.499
     19        0.498      0.502
     20        0.502      0.498
     21        0.502      0.498
     22        0.498      0.502
     23        0.502      0.498
     24        0.498      0.502
     25        0.502      0.498
     26        0.498      0.502
     27        0.502      0.498
     28        0.498      0.502
     29        0.502      0.498
     30        0.498      0.502
     31        0.498      0.502
     32        0.502      0.498
     33        0.498      0.502
     34        0.502      0.498
     35        0.498      0.502
     36        0.502      0.498
     37        0.498      0.502
     38        0.502      0.498
     39        0.498      0.502
     40        0.501      0.498
     41        0.502      0.498
     42        0.498      0.502
     43        0.502      0.498
     44        0.498      0.502
     45        0.502      0.499
     46        0.498      0.502
     47        0.502      0.498
     48        0.498      0.502
     49        0.502      0.498
     50        0.498      0.502
* Pair-correlation analysis (ave. no. pairs per config.):
  > Shell  nsite  ___dh____  __eueu___  __eued___
      0      1        0          0          2.590
      1      4        2.560     13.258     84.486
      2      4        0.618     82.596     17.228
      3      4        0.582     82.795     17.142
      4      8        1.124     34.232    165.700
      5      4        0.541     82.818     17.175
      6      4        0.540     17.193     82.804
      7      8        1.080    165.622     34.369
      8      4        0.538     17.186     82.810
      9      4        0.538     82.805     17.194
     10      4        0.538     17.197     82.802
     11      1        0.135      4.297     20.702

VDAGGER finished.
Total VDAGGER walltime: 9h51m

Run ended: Sun Feb  8 04:26:09 CET 2026
