Run started: Mon Oct 20 18:20:57 CEST 2025
Using VDAGGER_ARCH = intel23_fkfamd23_cluster
Running 1x128 MPI processes.

                               xx
                              +##
                               #X
                               Xx
                          X##XxXxxX##x
                           +   Xx  ++
                               ##
                              +##
                              +##
     ++++         ++          +##
   xX+++##+      ####         +##
  Xx    ###      +X##          ##
 xX    X##+        ##          #X
 +    x##X         #x          #X
      ###         +#           x+
     X##+         #+
     ###         Xx                    _______
     ##X       +X+   __________________VDAGGER
     +##x    +xX     2nd quantized variational
       +xxxxx+       ______quantum Monte Carlo

* Running 128 MPI processes.
* Input file: "input.casl"

############# Start of input file dump #############
General:
  Random seed: timer

Plan:
  VMC-optimization:
    Minimum cycles: 10
    Convergence cycles: 5

System:
  Read Hamiltonian: FCIDUMP_loc_benzene
  Read orbitals: LTSC_benzene
  Complex orbitals: F
  Geometry:
    r_5: [ 0.00000000000000, 2.63994739601739 ]
    r_4: [ 2.28626150960564, 1.31997369800870 ]
    r_6: [ 2.28626150960564, -1.31997369800870 ]
    r_2: [ 0.00000000000000, -2.63994739601739 ]
    r_3: [ -2.28626150960564, -1.31997369800870 ]
    r_1: [ -2.28626150960564, 1.31997369800870 ]

VMC:
  nstep: 500000
  nconfig: 50000

Jastrow: wfn.casl

Multideterminants: wfn.casl
############## End of input file dump ##############

General setup:
* Random seed: 436606486 (from timer)

* Loaded integrals for system with nelec=6, ms2=0, norb=6
* INFO: setting number of electrons from integrals file.
* Analysis of Hamiltonian connecitivity performed:
  - T_ii (local, 1-site): 6 (i) values
  - U_iiii [opp] (local, 1-site): 6 (i) values
  - U_kkii [opp] (local, 2-site): 30 contribs. from 6 (i) values
  - U_kkii [par] (local, 2-site): 15 contribs. from 5 (i) values
  - T_ji (single, 2-site): 30 contribs. from 6 (i) values
  - U_kkji [opp] (single, 2/3-site): 180 contribs. from 30 (i,j) pairs
  - U_kkji [par] (single, 3-site): 150 contribs. from 30 (i,j) pairs
  - U_lkji [opp] (double, 2/3/4-site): 900 contribs. from 30 (i,j) pairs
  - U_lkji [par] (double, 4-site): 170 contribs. from 20 (i,j) pairs
  - Max. no. wfn. ratios in Eloc: 255
* Reading override orbitals from file "LTSC_benzene".
* Site labels:
  +-----+
  |  5  |
  |1   4|
  |3   6|
  |  2  |
  +-----+
* Automatically set Site kinds:
  [ 1, 1, 1, 1, 1, 1 ]
  +-----+
  |  1  |
  |1   1|
  |1   1|
  |  1  |
  +-----+
* Maximum Site kind: 1
* Number of site-pair kinds with Tij=0: 0
* Automatically set Site pair kinds:
  Site 1: [ 0, 4, 1, -5, -1, -2 ]
  Site 2: [ 4, 0, 1, -4, -3, -1 ]
  Site 3: [ 1, 1, 0, -2, -4, -5 ]
  Site 4: [ -5, -4, -2, 0, 1, 1 ]
  Site 5: [ -1, -3, -4, 1, 0, 4 ]
  Site 6: [ -2, -1, -5, 1, 4, 0 ]
  For site 1 of kind 1:
  +--------+
  |   -1   |
  | 0    -5|
  | 1    -2|
  |    4   |
  +--------+
* Maximum (unsigned) Site pair kind: 5
General system setup:
* Number of sites       : 6
* Number of electrons   : 6
* Spin imbalance MS2    : 0
* Filling               : 0.500000
* Number of orbitals in pool: 6
* Using real-valued orbitals
* Using double-precision arithmetic for orbitals

Trial wave function setup:
* Jastrow parameter file: "wfn.casl"
* Multideterminant parameter file: "wfn.casl"
* Not using a backflow transformation
* Not using wave function manipulation

VMC #1:
* Size of Hilbert space =   4.0000E+02
* Deterministic energy evaluation:
  > Deterministic Etot/t = -230.6996401478390
    - Ttot/t = -10.36379199098187
    - Utot/t = 3.906643697290722
* Number of equil. steps   = 1000
* Running VMC equilibration.
  Done. [total walltime: 0.01s]
* Equil. acc.ratio (%)     =  40.2733
* Sample config after equilibration:
  +-----+
  |  u  |
  |d   d|
  |2   u|
  |  0  |
  +-----+
* Number of accum. steps   = 500480 x 10
* Running VMC accumulation.
  Done. [total walltime: 1.82s]
* Acceptance ratio (%)     =  40.3348
* Etot/t                   =  -2.306996210185E+02 +/-   3.447623726148E-05
  > Ttot/t                 =  -1.036379240272E+01 +/-   2.879214854055E-04
  > Utot/t                 =   3.906663238394E+00 +/-   2.853782318484E-04
* var[Eloc/t]              =   5.990609856344E-04 +/-   4.797096041396E-06
* Correlation length       =   9.930140926705E-01
* log10 Psi^2 range: -6.030929242705044 -- -1.999737523664682
* log10 Pgen range : -6.030929242705044 -- -1.999737523664682
* Site occupation (ave. no. electrons per config.):
  > Site_  ___eu____  ___ed____
      1        0.499      0.498
      2        0.498      0.502
      3        0.501      0.500
      4        0.497      0.501
      5        0.503      0.500
      6        0.502      0.499
* Pair-correlation analysis (ave. no. pairs per config.):
  > Shell  nsite  ___dh____  __eueu___  __eued___
      0      1        0          0          1.035
      1      4        1.059      1.487      3.520
      2      4        0.154      0.837      1.106
      3      4        0.074      0.424      0.556
      4      4        0.233      2.171      1.859
      5      4        0.121      1.081      0.923

Optimization #1:
* Method          : lls
* Target function : energy
* No. of configs. : 50048
* No. of params.  : 16
* Before optimization:
  -7.7794E-01   2.8034E-01  -1.7364E-01  -1.1583E-01  -5.2006E-02  -4.2648E-02
  -8.2984E-03  -1.2886E-01   1.0123E-01   6.0737E-02   2.5347E-01  -1.0641E-01
   1.0051E-01  -9.4345E-02  -5.3563E-02  -8.8910E-02
  > E    =  -2.306997155645E+02 +/-   1.124400518695E-04
  > varE =   6.327451159539E-04
* Computing derivatives.
  Done. [total walltime: 1.09s]
* Optimizing manipulation constant:
  #igrid a___________ E____________________________________ varE____________
     1     Infinity    -2.30699716E+02 +/-   1.12440052E-04   6.32745116E-04
     2     1.0000E+06  -2.30699716E+02 +/-   1.12440052E-04   6.32745114E-04
     3     2.1544E+05  -2.30699716E+02 +/-   1.12440051E-04   6.32745108E-04
     4     4.6416E+04  -2.30699716E+02 +/-   1.12440049E-04   6.32745080E-04
     5     1.0000E+04  -2.30699716E+02 +/-   1.12440037E-04   6.32744948E-04
     6     2.1544E+03  -2.30699716E+02 +/-   1.12439983E-04   6.32744337E-04
     7     4.6416E+02  -2.30699716E+02 +/-   1.12439732E-04   6.32741511E-04
     8     1.0000E+02  -2.30699716E+02 +/-   1.12438589E-04   6.32728655E-04
     9     2.1544E+01  -2.30699716E+02 +/-   1.12433736E-04   6.32674029E-04
    10     4.6416E+00  -2.30699717E+02 +/-   1.12417885E-04   6.32495656E-04
    11     1.0000E+00  -2.30699719E+02 +/-   1.12389405E-04   6.32175226E-04
    12     2.1544E-01  -2.30699720E+02 +/-   1.12357544E-04   6.31816851E-04
    13     4.6416E-02  -2.30699720E+02 +/-   1.12340151E-04   6.31621254E-04
    14     1.0000E-02  -2.30699720E+02 +/-   1.12335550E-04   6.31569515E-04
    15     2.1544E-03  -2.30699720E+02 +/-   1.12334541E-04   6.31558165E-04
    16     4.6416E-04  -2.30699720E+02 +/-   1.12334323E-04   6.31555717E-04
    17     1.0000E-04  -2.30699720E+02 +/-   1.12334276E-04   6.31555190E-04
    18     2.1544E-05  -2.30699720E+02 +/-   1.12334266E-04   6.31555076E-04
    19     4.6416E-06  -2.30699720E+02 +/-   1.12334264E-04   6.31555052E-04
    20     1.0000E-06  -2.30699720E+02 +/-   1.12334263E-04   6.31555047E-04
    21     0.0000E+00  -2.30699720E+02 +/-   1.12334263E-04   6.31555045E-04
* Iteration # 1: E =  -2.306997198566E+02 +/-   1.123575443753E-04
* Convergence: exiting.
* After optimization:
  -7.6442E-01   2.7807E-01  -1.7517E-01  -1.1959E-01  -5.2476E-02  -4.5620E-02
  -7.8637E-03  -1.2475E-01   1.0129E-01   6.2976E-02   2.4660E-01  -9.5380E-02
   9.6914E-02  -9.0066E-02  -5.3208E-02  -8.5326E-02
  > Energy =  -2.306997198566E+02 +/-   1.123575443753E-04
  > varE =   6.318168513557E-04

VMC #2:
* Size of Hilbert space =   4.0000E+02
* Deterministic energy evaluation:
  > Deterministic Etot/t = -230.6996420651147
    - Ttot/t = -10.36402936113169
    - Utot/t = 3.906879150164833
* Number of equil. steps   = 1000
* Running VMC equilibration.
  Done. [total walltime: 0.01s]
* Equil. acc.ratio (%)     =  40.3691
* Sample config after equilibration:
  +-----+
  |  d  |
  |u   u|
  |d   d|
  |  u  |
  +-----+
* Number of accum. steps   = 500480 x 10
* Running VMC accumulation.
  Done. [total walltime: 1.80s]
* Acceptance ratio (%)     =  40.3911
* Etot/t                   =  -2.306996654840E+02 +/-   3.679507825370E-05
  > Ttot/t                 =  -1.036423268240E+01 +/-   2.878165646524E-04
  > Utot/t                 =   3.907059052544E+00 +/-   2.859949374987E-04
* var[Eloc/t]              =   6.505432841256E-04 +/-   4.255729291901E-05
* Correlation length       =   1.041573665763E+00
* log10 Psi^2 range: -5.432810638093704 -- -1.980355079165322
* log10 Pgen range : -5.432810638093704 -- -1.980355079165322
* Site occupation (ave. no. electrons per config.):
  > Site_  ___eu____  ___ed____
      1        0.500      0.506
      2        0.498      0.498
      3        0.501      0.498
      4        0.494      0.502
      5        0.503      0.499
      6        0.504      0.497
* Pair-correlation analysis (ave. no. pairs per config.):
  > Shell  nsite  ___dh____  __eueu___  __eued___
      0      1        0          0          1.037
      1      4        1.070      1.477      3.516
      2      4        0.154      0.842      1.105
      3      4        0.075      0.422      0.553
      4      4        0.234      2.172      1.857
      5      4        0.116      1.086      0.931

Optimization #2:
* Method          : lls
* Target function : energy
* No. of configs. : 50048
* No. of params.  : 16
* Before optimization:
  -7.6442E-01   2.7807E-01  -1.7517E-01  -1.1959E-01  -5.2476E-02  -4.5620E-02
  -7.8637E-03  -1.2475E-01   1.0129E-01   6.2976E-02   2.4660E-01  -9.5380E-02
   9.6914E-02  -9.0066E-02  -5.3208E-02  -8.5326E-02
  > E    =  -2.306995379744E+02 +/-   1.063003941041E-04
  > varE =   5.655310784765E-04
* Computing derivatives.
  Done. [total walltime: 1.09s]
* Optimizing manipulation constant:
  #igrid a___________ E____________________________________ varE____________
     1     Infinity    -2.30699538E+02 +/-   1.06300394E-04   5.65531078E-04
     2     1.0000E+06  -2.30699538E+02 +/-   1.06300394E-04   5.65531075E-04
     3     2.1544E+05  -2.30699538E+02 +/-   1.06300392E-04   5.65531061E-04
     4     4.6416E+04  -2.30699538E+02 +/-   1.06300386E-04   5.65530997E-04
     5     1.0000E+04  -2.30699538E+02 +/-   1.06300359E-04   5.65530702E-04
     6     2.1544E+03  -2.30699538E+02 +/-   1.06300230E-04   5.65529332E-04
     7     4.6416E+02  -2.30699538E+02 +/-   1.06299634E-04   5.65522996E-04
     8     1.0000E+02  -2.30699538E+02 +/-   1.06296912E-04   5.65494029E-04
     9     2.1544E+01  -2.30699538E+02 +/-   1.06285119E-04   5.65368563E-04
    10     4.6416E+00  -2.30699537E+02 +/-   1.06244240E-04   5.64933745E-04
    11     1.0000E+00  -2.30699535E+02 +/-   1.06175333E-04   5.64201184E-04
    12     2.1544E-01  -2.30699533E+02 +/-   1.06158378E-04   5.64020998E-04
    13     4.6416E-02  -2.30699531E+02 +/-   1.06173126E-04   5.64177724E-04
    14     1.0000E-02  -2.30699531E+02 +/-   1.06179732E-04   5.64247934E-04
    15     2.1544E-03  -2.30699530E+02 +/-   1.06181396E-04   5.64265615E-04
    16     4.6416E-04  -2.30699530E+02 +/-   1.06181766E-04   5.64269555E-04
    17     1.0000E-04  -2.30699530E+02 +/-   1.06181847E-04   5.64270410E-04
    18     2.1544E-05  -2.30699530E+02 +/-   1.06181864E-04   5.64270595E-04
    19     4.6416E-06  -2.30699530E+02 +/-   1.06181868E-04   5.64270634E-04
    20     1.0000E-06  -2.30699530E+02 +/-   1.06181869E-04   5.64270643E-04
    21     0.0000E+00  -2.30699530E+02 +/-   1.06181869E-04   5.64270645E-04
* Iteration # 1: E =  -2.306995379744E+02 +/-   1.063003941041E-04
* Convergence: exiting.
* After optimization:
  -7.6442E-01   2.7807E-01  -1.7517E-01  -1.1959E-01  -5.2476E-02  -4.5620E-02
  -7.8637E-03  -1.2475E-01   1.0129E-01   6.2976E-02   2.4660E-01  -9.5380E-02
   9.6914E-02  -9.0066E-02  -5.3208E-02  -8.5326E-02
  > Energy =  -2.306995379744E+02 +/-   1.063003941041E-04
  > varE =   5.655310784765E-04

VMC #3:
* Size of Hilbert space =   4.0000E+02
* Deterministic energy evaluation:
  > Deterministic Etot/t = -230.6996420651147
    - Ttot/t = -10.36402936113169
    - Utot/t = 3.906879150164833
* Number of equil. steps   = 1000
* Running VMC equilibration.
  Done. [total walltime: 0.01s]
* Equil. acc.ratio (%)     =  40.3917
* Sample config after equilibration:
  +-----+
  |  d  |
  |0   u|
  |2   u|
  |  d  |
  +-----+
* Number of accum. steps   = 500480 x 10
* Running VMC accumulation.
  Done. [total walltime: 1.80s]
* Acceptance ratio (%)     =  40.3526
* Etot/t                   =  -2.306996673509E+02 +/-   3.458873647621E-05
  > Ttot/t                 =  -1.036437170338E+01 +/-   2.958519101604E-04
  > Utot/t                 =   3.907196206584E+00 +/-   2.944619011899E-04
* var[Eloc/t]              =   6.111326173151E-04 +/-   4.321979185422E-06
* Correlation length       =   9.797621519083E-01
* log10 Psi^2 range: -5.432810642311297 -- -1.980355072280536
* log10 Pgen range : -5.432810642311297 -- -1.980355072280536
* Site occupation (ave. no. electrons per config.):
  > Site_  ___eu____  ___ed____
      1        0.498      0.500
      2        0.502      0.499
      3        0.500      0.504
      4        0.496      0.500
      5        0.505      0.498
      6        0.500      0.501
* Pair-correlation analysis (ave. no. pairs per config.):
  > Shell  nsite  ___dh____  __eueu___  __eued___
      0      1        0          0          1.034
      1      4        1.066      1.478      3.521
      2      4        0.156      0.835      1.104
      3      4        0.077      0.423      0.552
      4      4        0.230      2.177      1.864
      5      4        0.116      1.086      0.925

Optimization #3:
* Method          : lls
* Target function : energy
* No. of configs. : 50048
* No. of params.  : 16
* Before optimization:
  -7.6442E-01   2.7807E-01  -1.7517E-01  -1.1959E-01  -5.2476E-02  -4.5620E-02
  -7.8637E-03  -1.2475E-01   1.0129E-01   6.2976E-02   2.4660E-01  -9.5380E-02
   9.6914E-02  -9.0066E-02  -5.3208E-02  -8.5326E-02
  > E    =  -2.306995098163E+02 +/-   1.090558708759E-04
  > varE =   5.952300214077E-04
* Computing derivatives.
  Done. [total walltime: 1.09s]
* Optimizing manipulation constant:
  #igrid a___________ E____________________________________ varE____________
     1     Infinity    -2.30699510E+02 +/-   1.09055871E-04   5.95230021E-04
     2     1.0000E+06  -2.30699510E+02 +/-   1.09055871E-04   5.95230020E-04
     3     2.1544E+05  -2.30699510E+02 +/-   1.09055870E-04   5.95230014E-04
     4     4.6416E+04  -2.30699510E+02 +/-   1.09055868E-04   5.95229985E-04
     5     1.0000E+04  -2.30699510E+02 +/-   1.09055856E-04   5.95229854E-04
     6     2.1544E+03  -2.30699510E+02 +/-   1.09055800E-04   5.95229247E-04
     7     4.6416E+02  -2.30699510E+02 +/-   1.09055543E-04   5.95226438E-04
     8     1.0000E+02  -2.30699510E+02 +/-   1.09054371E-04   5.95213644E-04
     9     2.1544E+01  -2.30699510E+02 +/-   1.09049380E-04   5.95159166E-04
    10     4.6416E+00  -2.30699510E+02 +/-   1.09033422E-04   5.94984995E-04
    11     1.0000E+00  -2.30699510E+02 +/-   1.09016890E-04   5.94804578E-04
    12     2.1544E-01  -2.30699510E+02 +/-   1.09038263E-04   5.95037828E-04
    13     4.6416E-02  -2.30699510E+02 +/-   1.09061585E-04   5.95292400E-04
    14     1.0000E-02  -2.30699510E+02 +/-   1.09069264E-04   5.95376233E-04
    15     2.1544E-03  -2.30699510E+02 +/-   1.09071088E-04   5.95396147E-04
    16     4.6416E-04  -2.30699510E+02 +/-   1.09071490E-04   5.95400530E-04
    17     1.0000E-04  -2.30699510E+02 +/-   1.09071577E-04   5.95401478E-04
    18     2.1544E-05  -2.30699510E+02 +/-   1.09071595E-04   5.95401683E-04
    19     4.6416E-06  -2.30699510E+02 +/-   1.09071599E-04   5.95401727E-04
    20     1.0000E-06  -2.30699510E+02 +/-   1.09071600E-04   5.95401737E-04
    21     0.0000E+00  -2.30699510E+02 +/-   1.09071601E-04   5.95401739E-04
* Iteration # 1: E =  -2.306995104117E+02 +/-   1.090168898360E-04
* Convergence: exiting.
* After optimization:
  -7.6320E-01   2.7850E-01  -1.7662E-01  -1.2107E-01  -5.3481E-02  -4.5109E-02
  -7.2247E-03  -1.2534E-01   1.0265E-01   6.2824E-02   2.4911E-01  -9.7294E-02
   9.8673E-02  -9.0931E-02  -5.3413E-02  -8.5389E-02
  > Energy =  -2.306995104117E+02 +/-   1.090168898360E-04
  > varE =   5.948045782242E-04

VMC #4:
* Size of Hilbert space =   4.0000E+02
* Deterministic energy evaluation:
  > Deterministic Etot/t = -230.6996420810734
    - Ttot/t = -10.36396990752824
    - Utot/t = 3.906819680602751
* Number of equil. steps   = 1000
* Running VMC equilibration.
  Done. [total walltime: 0.01s]
* Equil. acc.ratio (%)     =  40.3406
* Sample config after equilibration:
  +-----+
  |  0  |
  |2   2|
  |u   0|
  |  d  |
  +-----+
* Number of accum. steps   = 500480 x 10
* Running VMC accumulation.
  Done. [total walltime: 1.80s]
* Acceptance ratio (%)     =  40.3604
* Etot/t                   =  -2.306996624204E+02 +/-   3.627271989909E-05
  > Ttot/t                 =  -1.036361429151E+01 +/-   2.978301395148E-04
  > Utot/t                 =   3.906443725332E+00 +/-   2.957280382686E-04
* var[Eloc/t]              =   6.506900627047E-04 +/-   4.328482285347E-05
* Correlation length       =   1.011982021981E+00
* log10 Psi^2 range: -5.435514648856871 -- -1.979055463941779
* log10 Pgen range : -5.435514648856871 -- -1.979055463941779
* Site occupation (ave. no. electrons per config.):
  > Site_  ___eu____  ___ed____
      1        0.501      0.500
      2        0.497      0.497
      3        0.501      0.499
      4        0.496      0.503
      5        0.501      0.500
      6        0.505      0.502
* Pair-correlation analysis (ave. no. pairs per config.):
  > Shell  nsite  ___dh____  __eueu___  __eued___
      0      1        0          0          1.035
      1      4        1.064      1.478      3.523
      2      4        0.155      0.843      1.107
      3      4        0.073      0.418      0.554
      4      4        0.234      2.173      1.849
      5      4        0.118      1.089      0.932

Optimization #4:
* Method          : lls
* Target function : energy
* No. of configs. : 50048
* No. of params.  : 16
* Before optimization:
  -7.6320E-01   2.7850E-01  -1.7662E-01  -1.2107E-01  -5.3481E-02  -4.5109E-02
  -7.2247E-03  -1.2534E-01   1.0265E-01   6.2824E-02   2.4911E-01  -9.7294E-02
   9.8673E-02  -9.0931E-02  -5.3413E-02  -8.5389E-02
  > E    =  -2.306999287700E+02 +/-   1.114779519167E-04
  > varE =   6.219632001983E-04
* Computing derivatives.
  Done. [total walltime: 1.09s]
* Optimizing manipulation constant:
  #igrid a___________ E____________________________________ varE____________
     1     Infinity    -2.30699929E+02 +/-   1.11477952E-04   6.21963200E-04
     2     1.0000E+06  -2.30699929E+02 +/-   1.11477951E-04   6.21963187E-04
     3     2.1544E+05  -2.30699929E+02 +/-   1.11477946E-04   6.21963137E-04
     4     4.6416E+04  -2.30699929E+02 +/-   1.11477926E-04   6.21962908E-04
     5     1.0000E+04  -2.30699929E+02 +/-   1.11477830E-04   6.21961844E-04
     6     2.1544E+03  -2.30699929E+02 +/-   1.11477388E-04   6.21956910E-04
     7     4.6416E+02  -2.30699929E+02 +/-   1.11475341E-04   6.21934065E-04
     8     1.0000E+02  -2.30699929E+02 +/-   1.11465948E-04   6.21829260E-04
     9     2.1544E+01  -2.30699929E+02 +/-   1.11424581E-04   6.21367809E-04
    10     4.6416E+00  -2.30699929E+02 +/-   1.11270282E-04   6.19648078E-04
    11     1.0000E+00  -2.30699929E+02 +/-   1.10919867E-04   6.15751404E-04
    12     2.1544E-01  -2.30699927E+02 +/-   1.10585764E-04   6.12047564E-04
    13     4.6416E-02  -2.30699925E+02 +/-   1.10450142E-04   6.10547251E-04
    14     1.0000E-02  -2.30699925E+02 +/-   1.10415460E-04   6.10163882E-04
    15     2.1544E-03  -2.30699925E+02 +/-   1.10407711E-04   6.10078242E-04
    16     4.6416E-04  -2.30699925E+02 +/-   1.10406028E-04   6.10059650E-04
    17     1.0000E-04  -2.30699925E+02 +/-   1.10405665E-04   6.10055638E-04
    18     2.1544E-05  -2.30699925E+02 +/-   1.10405587E-04   6.10054773E-04
    19     4.6416E-06  -2.30699925E+02 +/-   1.10405570E-04   6.10054587E-04
    20     1.0000E-06  -2.30699925E+02 +/-   1.10405567E-04   6.10054547E-04
    21     0.0000E+00  -2.30699925E+02 +/-   1.10405566E-04   6.10054536E-04
* Iteration # 1: E =  -2.306999285437E+02 +/-   1.109198674700E-04
* Convergence: exiting.
* After optimization:
  -7.6427E-01   2.7735E-01  -1.7333E-01  -1.1898E-01  -5.2542E-02  -4.4997E-02
  -6.9410E-03  -1.2490E-01   1.0143E-01   6.2248E-02   2.4871E-01  -9.6550E-02
   9.7338E-02  -9.1558E-02  -5.3415E-02  -8.5743E-02
  > Energy =  -2.306999285437E+02 +/-   1.109198674700E-04
  > varE =   6.157514043939E-04

VMC #5:
* Size of Hilbert space =   4.0000E+02
* Deterministic energy evaluation:
  > Deterministic Etot/t = -230.6996420975053
    - Ttot/t = -10.36408270275070
    - Utot/t = 3.906932459393253
* Number of equil. steps   = 1000
* Running VMC equilibration.
  Done. [total walltime: 0.01s]
* Equil. acc.ratio (%)     =  40.5008
* Sample config after equilibration:
  +-----+
  |  u  |
  |2   d|
  |0   u|
  |  d  |
  +-----+
* Number of accum. steps   = 500480 x 10
* Running VMC accumulation.
  Done. [total walltime: 1.80s]
* Acceptance ratio (%)     =  40.4005
* Etot/t                   =  -2.306996277529E+02 +/-   3.395235559770E-05
  > Ttot/t                 =  -1.036394145566E+01 +/-   2.909516315293E-04
  > Utot/t                 =   3.906805556932E+00 +/-   2.897527480007E-04
* var[Eloc/t]              =   5.986320141685E-04 +/-   4.685489610084E-06
* Correlation length       =   9.637549239560E-01
* log10 Psi^2 range: -5.431583978273318 -- -1.981458942589907
* log10 Pgen range : -5.431583978273318 -- -1.981458942589907
* Site occupation (ave. no. electrons per config.):
  > Site_  ___eu____  ___ed____
      1        0.503      0.499
      2        0.500      0.501
      3        0.498      0.500
      4        0.500      0.502
      5        0.498      0.500
      6        0.500      0.499
* Pair-correlation analysis (ave. no. pairs per config.):
  > Shell  nsite  ___dh____  __eueu___  __eued___
      0      1        0          0          1.036
      1      4        1.071      1.477      3.519
      2      4        0.155      0.837      1.106
      3      4        0.076      0.419      0.555
      4      4        0.233      2.178      1.856
      5      4        0.117      1.088      0.928

Optimization #5:
* Method          : lls
* Target function : energy
* No. of configs. : 50048
* No. of params.  : 16
* Before optimization:
  -7.6427E-01   2.7735E-01  -1.7333E-01  -1.1898E-01  -5.2542E-02  -4.4997E-02
  -6.9410E-03  -1.2490E-01   1.0143E-01   6.2248E-02   2.4871E-01  -9.6550E-02
   9.7338E-02  -9.1558E-02  -5.3415E-02  -8.5743E-02
  > E    =  -2.306996359769E+02 +/-   1.095199424947E-04
  > varE =   6.003066318566E-04
* Computing derivatives.
  Done. [total walltime: 1.09s]
* Optimizing manipulation constant:
  #igrid a___________ E____________________________________ varE____________
     1     Infinity    -2.30699636E+02 +/-   1.09519942E-04   6.00306632E-04
     2     1.0000E+06  -2.30699636E+02 +/-   1.09519942E-04   6.00306629E-04
     3     2.1544E+05  -2.30699636E+02 +/-   1.09519941E-04   6.00306619E-04
     4     4.6416E+04  -2.30699636E+02 +/-   1.09519937E-04   6.00306570E-04
     5     1.0000E+04  -2.30699636E+02 +/-   1.09519916E-04   6.00306347E-04
     6     2.1544E+03  -2.30699636E+02 +/-   1.09519822E-04   6.00305309E-04
     7     4.6416E+02  -2.30699636E+02 +/-   1.09519384E-04   6.00300505E-04
     8     1.0000E+02  -2.30699636E+02 +/-   1.09517377E-04   6.00278504E-04
     9     2.1544E+01  -2.30699636E+02 +/-   1.09508601E-04   6.00182311E-04
    10     4.6416E+00  -2.30699637E+02 +/-   1.09476685E-04   5.99832510E-04
    11     1.0000E+00  -2.30699638E+02 +/-   1.09406490E-04   5.99063554E-04
    12     2.1544E-01  -2.30699640E+02 +/-   1.09331993E-04   5.98247998E-04
    13     4.6416E-02  -2.30699640E+02 +/-   1.09292586E-04   5.97816818E-04
    14     1.0000E-02  -2.30699640E+02 +/-   1.09280621E-04   5.97685933E-04
    15     2.1544E-03  -2.30699640E+02 +/-   1.09277798E-04   5.97655058E-04
    16     4.6416E-04  -2.30699640E+02 +/-   1.09277178E-04   5.97648268E-04
    17     1.0000E-04  -2.30699640E+02 +/-   1.09277043E-04   5.97646799E-04
    18     2.1544E-05  -2.30699640E+02 +/-   1.09277014E-04   5.97646482E-04
    19     4.6416E-06  -2.30699640E+02 +/-   1.09277008E-04   5.97646414E-04
    20     1.0000E-06  -2.30699640E+02 +/-   1.09277007E-04   5.97646399E-04
    21     0.0000E+00  -2.30699640E+02 +/-   1.09277006E-04   5.97646395E-04
* Iteration # 1: E =  -2.306996402639E+02 +/-   1.092770062427E-04
* Convergence: exiting.
* After optimization:
  -7.5186E-01   2.7444E-01  -1.7558E-01  -1.2191E-01  -5.6185E-02  -4.6358E-02
  -4.1566E-03  -1.2581E-01   1.0421E-01   6.2992E-02   2.5448E-01  -1.0059E-01
   1.0265E-01  -9.2605E-02  -5.3489E-02  -8.5438E-02
  > Energy =  -2.306996402639E+02 +/-   1.092770062427E-04
  > varE =   5.976463949452E-04

VMC #6:
* Size of Hilbert space =   4.0000E+02
* Deterministic energy evaluation:
  > Deterministic Etot/t = -230.6996419014015
    - Ttot/t = -10.36406558822723
    - Utot/t = 3.906915540973606
* Number of equil. steps   = 1000
* Running VMC equilibration.
  Done. [total walltime: 0.01s]
* Equil. acc.ratio (%)     =  40.4982
* Sample config after equilibration:
  +-----+
  |  0  |
  |u   d|
  |2   0|
  |  2  |
  +-----+
* Number of accum. steps   = 500480 x 10
* Running VMC accumulation.
  Done. [total walltime: 1.80s]
* Acceptance ratio (%)     =  40.3714
* Etot/t                   =  -2.306996219600E+02 +/-   3.488633969627E-05
  > Ttot/t                 =  -1.036396686366E+01 +/-   2.857937399817E-04
  > Utot/t                 =   3.906836757853E+00 +/-   2.840007294192E-04
* var[Eloc/t]              =   5.941228460911E-04 +/-   5.316776228332E-06
* Correlation length       =   1.025229950210E+00
* log10 Psi^2 range: -5.420329281878166 -- -1.970113179955689
* log10 Pgen range : -5.420329281878166 -- -1.970113179955689
* Site occupation (ave. no. electrons per config.):
  > Site_  ___eu____  ___ed____
      1        0.498      0.499
      2        0.503      0.501
      3        0.498      0.498
      4        0.506      0.502
      5        0.498      0.500
      6        0.497      0.500
* Pair-correlation analysis (ave. no. pairs per config.):
  > Shell  nsite  ___dh____  __eueu___  __eued___
      0      1        0          0          1.037
      1      4        1.064      1.481      3.521
      2      4        0.151      0.840      1.109
      3      4        0.076      0.426      0.552
      4      4        0.234      2.169      1.861
      5      4        0.121      1.083      0.921

Optimization #6:
* Method          : lls
* Target function : energy
* No. of configs. : 50048
* No. of params.  : 16
* Before optimization:
  -7.5186E-01   2.7444E-01  -1.7558E-01  -1.2191E-01  -5.6185E-02  -4.6358E-02
  -4.1566E-03  -1.2581E-01   1.0421E-01   6.2992E-02   2.5448E-01  -1.0059E-01
   1.0265E-01  -9.2605E-02  -5.3489E-02  -8.5438E-02
  > E    =  -2.306996373886E+02 +/-   1.083040905678E-04
  > varE =   5.870518309357E-04
* Computing derivatives.
  Done. [total walltime: 1.09s]
* Optimizing manipulation constant:
  #igrid a___________ E____________________________________ varE____________
     1     Infinity    -2.30699637E+02 +/-   1.08304091E-04   5.87051831E-04
     2     1.0000E+06  -2.30699637E+02 +/-   1.08304091E-04   5.87051834E-04
     3     2.1544E+05  -2.30699637E+02 +/-   1.08304092E-04   5.87051847E-04
     4     4.6416E+04  -2.30699637E+02 +/-   1.08304097E-04   5.87051903E-04
     5     1.0000E+04  -2.30699637E+02 +/-   1.08304122E-04   5.87052168E-04
     6     2.1544E+03  -2.30699637E+02 +/-   1.08304235E-04   5.87053394E-04
     7     4.6416E+02  -2.30699637E+02 +/-   1.08304759E-04   5.87059083E-04
     8     1.0000E+02  -2.30699637E+02 +/-   1.08307193E-04   5.87085461E-04
     9     2.1544E+01  -2.30699637E+02 +/-   1.08318414E-04   5.87207115E-04
    10     4.6416E+00  -2.30699637E+02 +/-   1.08367956E-04   5.87744393E-04
    11     1.0000E+00  -2.30699637E+02 +/-   1.08534464E-04   5.89551924E-04
    12     2.1544E-01  -2.30699637E+02 +/-   1.08794223E-04   5.92377279E-04
    13     4.6416E-02  -2.30699637E+02 +/-   1.08946550E-04   5.94037262E-04
    14     1.0000E-02  -2.30699637E+02 +/-   1.08992629E-04   5.94539871E-04
    15     2.1544E-03  -2.30699637E+02 +/-   1.09003446E-04   5.94657887E-04
    16     4.6416E-04  -2.30699637E+02 +/-   1.09005822E-04   5.94683810E-04
    17     1.0000E-04  -2.30699637E+02 +/-   1.09006336E-04   5.94689418E-04
    18     2.1544E-05  -2.30699637E+02 +/-   1.09006447E-04   5.94690627E-04
    19     4.6416E-06  -2.30699637E+02 +/-   1.09006471E-04   5.94690888E-04
    20     1.0000E-06  -2.30699637E+02 +/-   1.09006476E-04   5.94690944E-04
    21     0.0000E+00  -2.30699637E+02 +/-   1.09006477E-04   5.94690959E-04
* Iteration # 1: E =  -2.306996373886E+02 +/-   1.083040972585E-04
* Convergence: exiting.
* After optimization:
  -7.5186E-01   2.7444E-01  -1.7558E-01  -1.2191E-01  -5.6185E-02  -4.6358E-02
  -4.1566E-03  -1.2581E-01   1.0421E-01   6.2992E-02   2.5448E-01  -1.0059E-01
   1.0265E-01  -9.2605E-02  -5.3489E-02  -8.5438E-02
  > Energy =  -2.306996373886E+02 +/-   1.083040972585E-04
  > varE =   5.870519034681E-04

VMC #7:
* Size of Hilbert space =   4.0000E+02
* Deterministic energy evaluation:
  > Deterministic Etot/t = -230.6996419014269
    - Ttot/t = -10.36406558778533
    - Utot/t = 3.906915540506355
* Number of equil. steps   = 1000
* Running VMC equilibration.
  Done. [total walltime: 0.01s]
* Equil. acc.ratio (%)     =  40.4385
* Sample config after equilibration:
  +-----+
  |  d  |
  |u   u|
  |0   d|
  |  2  |
  +-----+
* Number of accum. steps   = 500480 x 10
* Running VMC accumulation.
  Done. [total walltime: 1.81s]
* Acceptance ratio (%)     =  40.3846
* Etot/t                   =  -2.306996260150E+02 +/-   3.411020065417E-05
  > Ttot/t                 =  -1.036353887671E+01 +/-   2.895897646684E-04
  > Utot/t                 =   3.906404715849E+00 +/-   2.884260908496E-04
* var[Eloc/t]              =   5.978863824843E-04 +/-   3.688505183876E-06
* Correlation length       =   9.739498911030E-01
* log10 Psi^2 range: -5.995208126367299 -- -1.970112748740802
* log10 Pgen range : -5.995208126367299 -- -1.970112748740802
* Site occupation (ave. no. electrons per config.):
  > Site_  ___eu____  ___ed____
      1        0.496      0.498
      2        0.501      0.501
      3        0.501      0.500
      4        0.504      0.501
      5        0.502      0.498
      6        0.497      0.502
* Pair-correlation analysis (ave. no. pairs per config.):
  > Shell  nsite  ___dh____  __eueu___  __eued___
      0      1        0          0          1.027
      1      4        1.053      1.480      3.534
      2      4        0.151      0.840      1.104
      3      4        0.075      0.422      0.554
      4      4        0.232      2.174      1.856
      5      4        0.116      1.083      0.925

Optimization #7:
* Method          : lls
* Target function : energy
* No. of configs. : 50048
* No. of params.  : 16
* Before optimization:
  -7.5186E-01   2.7444E-01  -1.7558E-01  -1.2191E-01  -5.6185E-02  -4.6358E-02
  -4.1566E-03  -1.2581E-01   1.0421E-01   6.2992E-02   2.5448E-01  -1.0059E-01
   1.0265E-01  -9.2605E-02  -5.3489E-02  -8.5438E-02
  > E    =  -2.306997220086E+02 +/-   1.109666898668E-04
  > varE =   6.162713661007E-04
* Computing derivatives.
  Done. [total walltime: 1.09s]
* Optimizing manipulation constant:
  #igrid a___________ E____________________________________ varE____________
     1     Infinity    -2.30699722E+02 +/-   1.10966690E-04   6.16271366E-04
     2     1.0000E+06  -2.30699722E+02 +/-   1.10966690E-04   6.16271370E-04
     3     2.1544E+05  -2.30699722E+02 +/-   1.10966691E-04   6.16271383E-04
     4     4.6416E+04  -2.30699722E+02 +/-   1.10966697E-04   6.16271447E-04
     5     1.0000E+04  -2.30699722E+02 +/-   1.10966724E-04   6.16271740E-04
     6     2.1544E+03  -2.30699722E+02 +/-   1.10966846E-04   6.16273100E-04
     7     4.6416E+02  -2.30699722E+02 +/-   1.10967413E-04   6.16279401E-04
     8     1.0000E+02  -2.30699722E+02 +/-   1.10970026E-04   6.16308419E-04
     9     2.1544E+01  -2.30699722E+02 +/-   1.10981716E-04   6.16438273E-04
    10     4.6416E+00  -2.30699722E+02 +/-   1.11028032E-04   6.16952907E-04
    11     1.0000E+00  -2.30699723E+02 +/-   1.11150527E-04   6.18315001E-04
    12     2.1544E-01  -2.30699724E+02 +/-   1.11295214E-04   6.19925789E-04
    13     4.6416E-02  -2.30699724E+02 +/-   1.11365287E-04   6.20706670E-04
    14     1.0000E-02  -2.30699724E+02 +/-   1.11384868E-04   6.20924955E-04
    15     2.1544E-03  -2.30699724E+02 +/-   1.11389365E-04   6.20975101E-04
    16     4.6416E-04  -2.30699724E+02 +/-   1.11390348E-04   6.20986060E-04
    17     1.0000E-04  -2.30699724E+02 +/-   1.11390561E-04   6.20988429E-04
    18     2.1544E-05  -2.30699724E+02 +/-   1.11390607E-04   6.20988940E-04
    19     4.6416E-06  -2.30699724E+02 +/-   1.11390616E-04   6.20989050E-04
    20     1.0000E-06  -2.30699724E+02 +/-   1.11390619E-04   6.20989073E-04
    21     0.0000E+00  -2.30699724E+02 +/-   1.11390619E-04   6.20989080E-04
* Iteration # 1: E =  -2.306997238589E+02 +/-   1.112952138606E-04
* Convergence: exiting.
* After optimization:
  -7.6501E-01   2.7860E-01  -1.7705E-01  -1.2203E-01  -5.4476E-02  -4.4665E-02
  -6.0773E-03  -1.2746E-01   1.0313E-01   6.2850E-02   2.5287E-01  -9.9438E-02
   1.0109E-01  -9.2764E-02  -5.2753E-02  -8.4796E-02
  > Energy =  -2.306997238589E+02 +/-   1.112952138606E-04
  > varE =   6.199257893964E-04

VMC #8:
* Size of Hilbert space =   4.0000E+02
* Deterministic energy evaluation:
  > Deterministic Etot/t = -230.6996420999979
    - Ttot/t = -10.36403192605519
    - Utot/t = 3.906881680205229
* Number of equil. steps   = 1000
* Running VMC equilibration.
  Done. [total walltime: 0.01s]
* Equil. acc.ratio (%)     =  40.3202
* Sample config after equilibration:
  +-----+
  |  u  |
  |u   2|
  |d   0|
  |  d  |
  +-----+
* Number of accum. steps   = 500480 x 10
* Running VMC accumulation.
  Done. [total walltime: 1.80s]
* Acceptance ratio (%)     =  40.3820
* Etot/t                   =  -2.306996265639E+02 +/-   3.464575970393E-05
  > Ttot/t                 =  -1.036409546842E+01 +/-   2.927351517742E-04
  > Utot/t                 =   3.906960758673E+00 +/-   2.905573290635E-04
* var[Eloc/t]              =   6.045827164896E-04 +/-   4.752224199508E-06
* Correlation length       =   9.936448299064E-01
* log10 Psi^2 range: -6.015750633690426 -- -1.984408065205636
* log10 Pgen range : -6.015750633690426 -- -1.984408065205636
* Site occupation (ave. no. electrons per config.):
  > Site_  ___eu____  ___ed____
      1        0.500      0.501
      2        0.501      0.499
      3        0.500      0.499
      4        0.501      0.501
      5        0.500      0.501
      6        0.498      0.499
* Pair-correlation analysis (ave. no. pairs per config.):
  > Shell  nsite  ___dh____  __eueu___  __eued___
      0      1        0          0          1.039
      1      4        1.069      1.482      3.515
      2      4        0.155      0.843      1.101
      3      4        0.075      0.423      0.555
      4      4        0.236      2.169      1.860
      5      4        0.117      1.084      0.930

Optimization #8:
* Method          : lls
* Target function : energy
* No. of configs. : 50048
* No. of params.  : 16
* Before optimization:
  -7.6501E-01   2.7860E-01  -1.7705E-01  -1.2203E-01  -5.4476E-02  -4.4665E-02
  -6.0773E-03  -1.2746E-01   1.0313E-01   6.2850E-02   2.5287E-01  -9.9438E-02
   1.0109E-01  -9.2764E-02  -5.2753E-02  -8.4796E-02
  > E    =  -2.306996109089E+02 +/-   1.102373826120E-04
  > varE =   6.081973357226E-04
* Computing derivatives.
  Done. [total walltime: 1.09s]
* Optimizing manipulation constant:
  #igrid a___________ E____________________________________ varE____________
     1     Infinity    -2.30699611E+02 +/-   1.10237383E-04   6.08197336E-04
     2     1.0000E+06  -2.30699611E+02 +/-   1.10237382E-04   6.08197332E-04
     3     2.1544E+05  -2.30699611E+02 +/-   1.10237381E-04   6.08197320E-04
     4     4.6416E+04  -2.30699611E+02 +/-   1.10237376E-04   6.08197264E-04
     5     1.0000E+04  -2.30699611E+02 +/-   1.10237352E-04   6.08197001E-04
     6     2.1544E+03  -2.30699611E+02 +/-   1.10237242E-04   6.08195784E-04
     7     4.6416E+02  -2.30699611E+02 +/-   1.10236731E-04   6.08190147E-04
     8     1.0000E+02  -2.30699611E+02 +/-   1.10234384E-04   6.08164244E-04
     9     2.1544E+01  -2.30699611E+02 +/-   1.10223976E-04   6.08049413E-04
    10     4.6416E+00  -2.30699611E+02 +/-   1.10184370E-04   6.07612521E-04
    11     1.0000E+00  -2.30699611E+02 +/-   1.10093954E-04   6.06615725E-04
    12     2.1544E-01  -2.30699610E+02 +/-   1.10019649E-04   6.05797168E-04
    13     4.6416E-02  -2.30699610E+02 +/-   1.09998899E-04   6.05568672E-04
    14     1.0000E-02  -2.30699609E+02 +/-   1.09995202E-04   6.05527975E-04
    15     2.1544E-03  -2.30699609E+02 +/-   1.09994496E-04   6.05520196E-04
    16     4.6416E-04  -2.30699609E+02 +/-   1.09994349E-04   6.05518576E-04
    17     1.0000E-04  -2.30699609E+02 +/-   1.09994317E-04   6.05518230E-04
    18     2.1544E-05  -2.30699609E+02 +/-   1.09994310E-04   6.05518155E-04
    19     4.6416E-06  -2.30699609E+02 +/-   1.09994309E-04   6.05518139E-04
    20     1.0000E-06  -2.30699609E+02 +/-   1.09994309E-04   6.05518136E-04
    21     0.0000E+00  -2.30699609E+02 +/-   1.09994308E-04   6.05518135E-04
* Iteration # 1: E =  -2.306996108278E+02 +/-   1.101843702848E-04
* Convergence: exiting.
* After optimization:
  -7.6695E-01   2.7881E-01  -1.7625E-01  -1.2150E-01  -5.3995E-02  -4.4525E-02
  -6.2486E-03  -1.2758E-01   1.0271E-01   6.2341E-02   2.5265E-01  -9.9735E-02
   1.0085E-01  -9.2993E-02  -5.2865E-02  -8.4917E-02
  > Energy =  -2.306996108278E+02 +/-   1.101843702848E-04
  > varE =   6.076125213344E-04

VMC #9:
* Size of Hilbert space =   4.0000E+02
* Deterministic energy evaluation:
  > Deterministic Etot/t = -230.6996422095215
    - Ttot/t = -10.36402898053568
    - Utot/t = 3.906878625162093
* Number of equil. steps   = 1000
* Running VMC equilibration.
  Done. [total walltime: 0.01s]
* Equil. acc.ratio (%)     =  40.3682
* Sample config after equilibration:
  +-----+
  |  u  |
  |0   d|
  |2   u|
  |  d  |
  +-----+
* Number of accum. steps   = 500480 x 10
* Running VMC accumulation.
  Done. [total walltime: 1.81s]
* Acceptance ratio (%)     =  40.3552
* Etot/t                   =  -2.306997054643E+02 +/-   3.489245728349E-05
  > Ttot/t                 =  -1.036405114463E+01 +/-   2.892846979438E-04
  > Utot/t                 =   3.906837534547E+00 +/-   2.872733817991E-04
* var[Eloc/t]              =   6.124179015008E-04 +/-   5.139030331778E-06
* Correlation length       =   9.949516143517E-01
* log10 Psi^2 range: -5.442327109614447 -- -1.986863927892884
* log10 Pgen range : -5.442327109614447 -- -1.986863927892884
* Site occupation (ave. no. electrons per config.):
  > Site_  ___eu____  ___ed____
      1        0.500      0.500
      2        0.499      0.499
      3        0.497      0.503
      4        0.498      0.502
      5        0.502      0.498
      6        0.503      0.499
* Pair-correlation analysis (ave. no. pairs per config.):
  > Shell  nsite  ___dh____  __eueu___  __eued___
      0      1        0          0          1.040
      1      4        1.071      1.481      3.513
      2      4        0.155      0.841      1.107
      3      4        0.077      0.421      0.553
      4      4        0.233      2.171      1.860
      5      4        0.117      1.086      0.928

Optimization #9:
* Method          : lls
* Target function : energy
* No. of configs. : 50048
* No. of params.  : 16
* Before optimization:
  -7.6695E-01   2.7881E-01  -1.7625E-01  -1.2150E-01  -5.3995E-02  -4.4525E-02
  -6.2486E-03  -1.2758E-01   1.0271E-01   6.2341E-02   2.5265E-01  -9.9735E-02
   1.0085E-01  -9.2993E-02  -5.2865E-02  -8.4917E-02
  > E    =  -2.306996276980E+02 +/-   1.111230657604E-04
  > varE =   6.180095073153E-04
* Computing derivatives.
  Done. [total walltime: 1.09s]
* Optimizing manipulation constant:
  #igrid a___________ E____________________________________ varE____________
     1     Infinity    -2.30699628E+02 +/-   1.11123066E-04   6.18009507E-04
     2     1.0000E+06  -2.30699628E+02 +/-   1.11123065E-04   6.18009504E-04
     3     2.1544E+05  -2.30699628E+02 +/-   1.11123064E-04   6.18009491E-04
     4     4.6416E+04  -2.30699628E+02 +/-   1.11123059E-04   6.18009434E-04
     5     1.0000E+04  -2.30699628E+02 +/-   1.11123035E-04   6.18009166E-04
     6     2.1544E+03  -2.30699628E+02 +/-   1.11122924E-04   6.18007925E-04
     7     4.6416E+02  -2.30699628E+02 +/-   1.11122407E-04   6.18002181E-04
     8     1.0000E+02  -2.30699628E+02 +/-   1.11120042E-04   6.17975872E-04
     9     2.1544E+01  -2.30699628E+02 +/-   1.11109707E-04   6.17860929E-04
    10     4.6416E+00  -2.30699628E+02 +/-   1.11072502E-04   6.17447218E-04
    11     1.0000E+00  -2.30699629E+02 +/-   1.10999470E-04   6.16635524E-04
    12     2.1544E-01  -2.30699630E+02 +/-   1.10956798E-04   6.16161504E-04
    13     4.6416E-02  -2.30699630E+02 +/-   1.10952716E-04   6.16116164E-04
    14     1.0000E-02  -2.30699630E+02 +/-   1.10953332E-04   6.16123008E-04
    15     2.1544E-03  -2.30699631E+02 +/-   1.10953564E-04   6.16125587E-04
    16     4.6416E-04  -2.30699631E+02 +/-   1.10953619E-04   6.16126196E-04
    17     1.0000E-04  -2.30699631E+02 +/-   1.10953631E-04   6.16126330E-04
    18     2.1544E-05  -2.30699631E+02 +/-   1.10953634E-04   6.16126358E-04
    19     4.6416E-06  -2.30699631E+02 +/-   1.10953635E-04   6.16126365E-04
    20     1.0000E-06  -2.30699631E+02 +/-   1.10953635E-04   6.16126366E-04
    21     0.0000E+00  -2.30699631E+02 +/-   1.10953635E-04   6.16126366E-04
* Iteration # 1: E =  -2.306996305350E+02 +/-   1.109536346721E-04
* Convergence: exiting.
* After optimization:
  -7.7156E-01   2.7923E-01  -1.7399E-01  -1.1888E-01  -5.2679E-02  -4.3290E-02
  -6.5526E-03  -1.2741E-01   1.0173E-01   6.1284E-02   2.5182E-01  -1.0100E-01
   9.9681E-02  -9.3858E-02  -5.2817E-02  -8.6410E-02
  > Energy =  -2.306996305350E+02 +/-   1.109536346721E-04
  > varE =   6.161263663823E-04

VMC #10:
* Size of Hilbert space =   4.0000E+02
* Deterministic energy evaluation:
  > Deterministic Etot/t = -230.6996420685683
    - Ttot/t = -10.36402804901572
    - Utot/t = 3.906877834595344
* Number of equil. steps   = 1000
* Running VMC equilibration.
  Done. [total walltime: 0.01s]
* Equil. acc.ratio (%)     =  40.4344
* Sample config after equilibration:
  +-----+
  |  u  |
  |d   0|
  |u   2|
  |  d  |
  +-----+
* Number of accum. steps   = 500480 x 10
* Running VMC accumulation.
  Done. [total walltime: 1.80s]
* Acceptance ratio (%)     =  40.3559
* Etot/t                   =  -2.306996774085E+02 +/-   3.449753977719E-05
  > Ttot/t                 =  -1.036423257388E+01 +/-   2.933805099391E-04
  > Utot/t                 =   3.907047019638E+00 +/-   2.918686885375E-04
* var[Eloc/t]              =   6.088778619533E-04 +/-   4.054737783362E-06
* Correlation length       =   9.782115610984E-01
* log10 Psi^2 range: -6.018450912419613 -- -1.991849040655824
* log10 Pgen range : -6.018450912419613 -- -1.991849040655824
* Site occupation (ave. no. electrons per config.):
  > Site_  ___eu____  ___ed____
      1        0.499      0.501
      2        0.503      0.503
      3        0.495      0.498
      4        0.503      0.499
      5        0.501      0.501
      6        0.499      0.497
* Pair-correlation analysis (ave. no. pairs per config.):
  > Shell  nsite  ___dh____  __eueu___  __eued___
      0      1        0          0          1.038
      1      4        1.071      1.478      3.514
      2      4        0.155      0.834      1.100
      3      4        0.074      0.429      0.556
      4      4        0.231      2.174      1.868
      5      4        0.114      1.084      0.924

VDAGGER finished.
Total VDAGGER walltime: 1m36s

Run ended: Mon Oct 20 18:22:37 CEST 2025
