Run started: Mon 20 Oct 2025 10:52:01 PM CEST
Using VDAGGER_ARCH = intel23_fkfamd23_cluster
Running 1x128 MPI processes.

[LOG_CAT_SBGP] libnuma.so: cannot open shared object file: No such file or directory
[LOG_CAT_SBGP] Failed to dlopen libnuma.so. Fallback to GROUP_BY_SOCKET manual.
[LOG_CAT_SBGP] libnuma.so: cannot open shared object file: No such file or directory
[LOG_CAT_SBGP] Failed to dlopen libnuma.so. Fallback to GROUP_BY_SOCKET manual.
[LOG_CAT_SBGP] libnuma.so: cannot open shared object file: No such file or directory
[LOG_CAT_SBGP] libnuma.so: cannot open shared object file: No such file or directory
[LOG_CAT_SBGP] Failed to dlopen libnuma.so. Fallback to GROUP_BY_SOCKET manual.
[LOG_CAT_SBGP] libnuma.so: cannot open shared object file: No such file or directory
[LOG_CAT_SBGP] Failed to dlopen libnuma.so. Fallback to GROUP_BY_SOCKET manual.
[LOG_CAT_SBGP] libnuma.so: cannot open shared object file: No such file or directory
[LOG_CAT_SBGP] Failed to dlopen libnuma.so. Fallback to GROUP_BY_SOCKET manual.
[LOG_CAT_SBGP] libnuma.so: cannot open shared object file: No such file or directory
[LOG_CAT_SBGP] Failed to dlopen libnuma.so. Fallback to GROUP_BY_SOCKET manual.
[LOG_CAT_SBGP] libnuma.so: cannot open shared object file: No such file or directory
[LOG_CAT_SBGP] Failed to dlopen libnuma.so. Fallback to GROUP_BY_SOCKET manual.
[LOG_CAT_SBGP] libnuma.so: cannot open shared object file: No such file or directory
[LOG_CAT_SBGP] Failed to dlopen libnuma.so. Fallback to GROUP_BY_SOCKET manual.
[LOG_CAT_SBGP] libnuma.so: cannot open shared object file: No such file or directory
[LOG_CAT_SBGP] Failed to dlopen libnuma.so. Fallback to GROUP_BY_SOCKET manual.
[LOG_CAT_SBGP] libnuma.so: cannot open shared object file: No such file or directory
[LOG_CAT_SBGP] Failed to dlopen libnuma.so. Fallback to GROUP_BY_SOCKET manual.
[LOG_CAT_SBGP] libnuma.so: cannot open shared object file: No such file or directory
[LOG_CAT_SBGP] Failed to dlopen libnuma.so. Fallback to GROUP_BY_SOCKET manual.
[LOG_CAT_SBGP] libnuma.so: cannot open shared object file: No such file or directory
[LOG_CAT_SBGP] Failed to dlopen libnuma.so. Fallback to GROUP_BY_SOCKET manual.
[LOG_CAT_SBGP] libnuma.so: cannot open shared object file: No such file or directory
[LOG_CAT_SBGP] Failed to dlopen libnuma.so. Fallback to GROUP_BY_SOCKET manual.
[LOG_CAT_SBGP] libnuma.so: cannot open shared object file: No such file or directory
[LOG_CAT_SBGP] Failed to dlopen libnuma.so. Fallback to GROUP_BY_SOCKET manual.
[LOG_CAT_SBGP] libnuma.so: cannot open shared object file: No such file or directory
[LOG_CAT_SBGP] Failed to dlopen libnuma.so. Fallback to GROUP_BY_SOCKET manual.
[LOG_CAT_SBGP] libnuma.so: cannot open shared object file: No such file or directory
[LOG_CAT_SBGP] Failed to dlopen libnuma.so. Fallback to GROUP_BY_SOCKET manual.
[LOG_CAT_SBGP] libnuma.so: cannot open shared object file: No such file or directory
[LOG_CAT_SBGP] Failed to dlopen libnuma.so. Fallback to GROUP_BY_SOCKET manual.
[LOG_CAT_SBGP] libnuma.so: cannot open shared object file: No such file or directory
[LOG_CAT_SBGP] Failed to dlopen libnuma.so. Fallback to GROUP_BY_SOCKET manual.
[LOG_CAT_SBGP] libnuma.so: cannot open shared object file: No such file or directory
[LOG_CAT_SBGP] Failed to dlopen libnuma.so. Fallback to GROUP_BY_SOCKET manual.
[LOG_CAT_SBGP] libnuma.so: cannot open shared object file: No such file or directory
[LOG_CAT_SBGP] Failed to dlopen libnuma.so. Fallback to GROUP_BY_SOCKET manual.
[LOG_CAT_SBGP] libnuma.so: cannot open shared object file: No such file or directory
[LOG_CAT_SBGP] Failed to dlopen libnuma.so. Fallback to GROUP_BY_SOCKET manual.
[LOG_CAT_SBGP] libnuma.so: cannot open shared object file: No such file or directory
[LOG_CAT_SBGP] Failed to dlopen libnuma.so. Fallback to GROUP_BY_SOCKET manual.
[LOG_CAT_SBGP] libnuma.so: cannot open shared object file: No such file or directory
[LOG_CAT_SBGP] Failed to dlopen libnuma.so. Fallback to GROUP_BY_SOCKET manual.
[LOG_CAT_SBGP] libnuma.so: cannot open shared object file: No such file or directory
[LOG_CAT_SBGP] Failed to dlopen libnuma.so. Fallback to GROUP_BY_SOCKET manual.
[LOG_CAT_SBGP] libnuma.so: cannot open shared object file: No such file or directory
[LOG_CAT_SBGP] Failed to dlopen libnuma.so. Fallback to GROUP_BY_SOCKET manual.
[LOG_CAT_SBGP] libnuma.so: cannot open shared object file: No such file or directory
[LOG_CAT_SBGP] Failed to dlopen libnuma.so. Fallback to GROUP_BY_SOCKET manual.
[LOG_CAT_SBGP] libnuma.so: cannot open shared object file: No such file or directory
[LOG_CAT_SBGP] Failed to dlopen libnuma.so. Fallback to GROUP_BY_SOCKET manual.
[LOG_CAT_SBGP] libnuma.so: cannot open shared object file: No such file or directory
[LOG_CAT_SBGP] Failed to dlopen libnuma.so. Fallback to GROUP_BY_SOCKET manual.
[LOG_CAT_SBGP] libnuma.so: cannot open shared object file: No such file or directory
[LOG_CAT_SBGP] Failed to dlopen libnuma.so. Fallback to GROUP_BY_SOCKET manual.
[LOG_CAT_SBGP] libnuma.so: cannot open shared object file: No such file or directory
[LOG_CAT_SBGP] Failed to dlopen libnuma.so. Fallback to GROUP_BY_SOCKET manual.
[LOG_CAT_SBGP] libnuma.so: cannot open shared object file: No such file or directory
[LOG_CAT_SBGP] Failed to dlopen libnuma.so. Fallback to GROUP_BY_SOCKET manual.
[LOG_CAT_SBGP] libnuma.so: cannot open shared object file: No such file or directory
[LOG_CAT_SBGP] Failed to dlopen libnuma.so. Fallback to GROUP_BY_SOCKET manual.
[LOG_CAT_SBGP] libnuma.so: cannot open shared object file: No such file or directory
[LOG_CAT_SBGP] Failed to dlopen libnuma.so. Fallback to GROUP_BY_SOCKET manual.
[LOG_CAT_SBGP] libnuma.so: cannot open shared object file: No such file or directory
[LOG_CAT_SBGP] Failed to dlopen libnuma.so. Fallback to GROUP_BY_SOCKET manual.
[LOG_CAT_SBGP] libnuma.so: cannot open shared object file: No such file or directory
[LOG_CAT_SBGP] Failed to dlopen libnuma.so. Fallback to GROUP_BY_SOCKET manual.
[LOG_CAT_SBGP] libnuma.so: cannot open shared object file: No such file or directory
[LOG_CAT_SBGP] Failed to dlopen libnuma.so. Fallback to GROUP_BY_SOCKET manual.
[LOG_CAT_SBGP] libnuma.so: cannot open shared object file: No such file or directory
[LOG_CAT_SBGP] Failed to dlopen libnuma.so. Fallback to GROUP_BY_SOCKET manual.
[LOG_CAT_SBGP] libnuma.so: cannot open shared object file: No such file or directory
[LOG_CAT_SBGP] Failed to dlopen libnuma.so. Fallback to GROUP_BY_SOCKET manual.
[LOG_CAT_SBGP] libnuma.so: cannot open shared object file: No such file or directory
[LOG_CAT_SBGP] Failed to dlopen libnuma.so. Fallback to GROUP_BY_SOCKET manual.
[LOG_CAT_SBGP] libnuma.so: cannot open shared object file: No such file or directory
[LOG_CAT_SBGP] Failed to dlopen libnuma.so. Fallback to GROUP_BY_SOCKET manual.
[LOG_CAT_SBGP] libnuma.so: cannot open shared object file: No such file or directory
[LOG_CAT_SBGP] Failed to dlopen libnuma.so. Fallback to GROUP_BY_SOCKET manual.
[LOG_CAT_SBGP] libnuma.so: cannot open shared object file: No such file or directory
[LOG_CAT_SBGP] Failed to dlopen libnuma.so. Fallback to GROUP_BY_SOCKET manual.
[LOG_CAT_SBGP] libnuma.so: cannot open shared object file: No such file or directory
[LOG_CAT_SBGP] Failed to dlopen libnuma.so. Fallback to GROUP_BY_SOCKET manual.
[LOG_CAT_SBGP] libnuma.so: cannot open shared object file: No such file or directory
[LOG_CAT_SBGP] Failed to dlopen libnuma.so. Fallback to GROUP_BY_SOCKET manual.
[LOG_CAT_SBGP] libnuma.so: cannot open shared object file: No such file or directory
[LOG_CAT_SBGP] Failed to dlopen libnuma.so. Fallback to GROUP_BY_SOCKET manual.
[LOG_CAT_SBGP] libnuma.so: cannot open shared object file: No such file or directory
[LOG_CAT_SBGP] Failed to dlopen libnuma.so. Fallback to GROUP_BY_SOCKET manual.
[LOG_CAT_SBGP] libnuma.so: cannot open shared object file: No such file or directory
[LOG_CAT_SBGP] Failed to dlopen libnuma.so. Fallback to GROUP_BY_SOCKET manual.
[LOG_CAT_SBGP] libnuma.so: cannot open shared object file: No such file or directory
[LOG_CAT_SBGP] Failed to dlopen libnuma.so. Fallback to GROUP_BY_SOCKET manual.
[LOG_CAT_SBGP] libnuma.so: cannot open shared object file: No such file or directory
[LOG_CAT_SBGP] Failed to dlopen libnuma.so. Fallback to GROUP_BY_SOCKET manual.
[LOG_CAT_SBGP] libnuma.so: cannot open shared object file: No such file or directory
[LOG_CAT_SBGP] Failed to dlopen libnuma.so. Fallback to GROUP_BY_SOCKET manual.
[LOG_CAT_SBGP] libnuma.so: cannot open shared object file: No such file or directory
[LOG_CAT_SBGP] Failed to dlopen libnuma.so. Fallback to GROUP_BY_SOCKET manual.
[LOG_CAT_SBGP] libnuma.so: cannot open shared object file: No such file or directory
[LOG_CAT_SBGP] Failed to dlopen libnuma.so. Fallback to GROUP_BY_SOCKET manual.
[LOG_CAT_SBGP] libnuma.so: cannot open shared object file: No such file or directory
[LOG_CAT_SBGP] Failed to dlopen libnuma.so. Fallback to GROUP_BY_SOCKET manual.
[LOG_CAT_SBGP] libnuma.so: cannot open shared object file: No such file or directory
[LOG_CAT_SBGP] Failed to dlopen libnuma.so. Fallback to GROUP_BY_SOCKET manual.
[LOG_CAT_SBGP] libnuma.so: cannot open shared object file: No such file or directory
[LOG_CAT_SBGP] Failed to dlopen libnuma.so. Fallback to GROUP_BY_SOCKET manual.
[LOG_CAT_SBGP] libnuma.so: cannot open shared object file: No such file or directory
[LOG_CAT_SBGP] Failed to dlopen libnuma.so. Fallback to GROUP_BY_SOCKET manual.
[LOG_CAT_SBGP] libnuma.so: cannot open shared object file: No such file or directory
[LOG_CAT_SBGP] Failed to dlopen libnuma.so. Fallback to GROUP_BY_SOCKET manual.
[LOG_CAT_SBGP] libnuma.so: cannot open shared object file: No such file or directory
[LOG_CAT_SBGP] Failed to dlopen libnuma.so. Fallback to GROUP_BY_SOCKET manual.
[LOG_CAT_SBGP] libnuma.so: cannot open shared object file: No such file or directory
[LOG_CAT_SBGP] Failed to dlopen libnuma.so. Fallback to GROUP_BY_SOCKET manual.
[LOG_CAT_SBGP] libnuma.so: cannot open shared object file: No such file or directory
[LOG_CAT_SBGP] Failed to dlopen libnuma.so. Fallback to GROUP_BY_SOCKET manual.
[LOG_CAT_SBGP] libnuma.so: cannot open shared object file: No such file or directory
[LOG_CAT_SBGP] Failed to dlopen libnuma.so. Fallback to GROUP_BY_SOCKET manual.
[LOG_CAT_SBGP] libnuma.so: cannot open shared object file: No such file or directory
[LOG_CAT_SBGP] Failed to dlopen libnuma.so. Fallback to GROUP_BY_SOCKET manual.
[LOG_CAT_SBGP] libnuma.so: cannot open shared object file: No such file or directory
[LOG_CAT_SBGP] Failed to dlopen libnuma.so. Fallback to GROUP_BY_SOCKET manual.
[LOG_CAT_SBGP] libnuma.so: cannot open shared object file: No such file or directory
[LOG_CAT_SBGP] Failed to dlopen libnuma.so. Fallback to GROUP_BY_SOCKET manual.
[LOG_CAT_SBGP] libnuma.so: cannot open shared object file: No such file or directory
[LOG_CAT_SBGP] Failed to dlopen libnuma.so. Fallback to GROUP_BY_SOCKET manual.
[LOG_CAT_SBGP] libnuma.so: cannot open shared object file: No such file or directory
[LOG_CAT_SBGP] Failed to dlopen libnuma.so. Fallback to GROUP_BY_SOCKET manual.
[LOG_CAT_SBGP] libnuma.so: cannot open shared object file: No such file or directory
[LOG_CAT_SBGP] Failed to dlopen libnuma.so. Fallback to GROUP_BY_SOCKET manual.
[LOG_CAT_SBGP] libnuma.so: cannot open shared object file: No such file or directory
[LOG_CAT_SBGP] Failed to dlopen libnuma.so. Fallback to GROUP_BY_SOCKET manual.
[LOG_CAT_SBGP] libnuma.so: cannot open shared object file: No such file or directory
[LOG_CAT_SBGP] Failed to dlopen libnuma.so. Fallback to GROUP_BY_SOCKET manual.
[LOG_CAT_SBGP] libnuma.so: cannot open shared object file: No such file or directory
[LOG_CAT_SBGP] Failed to dlopen libnuma.so. Fallback to GROUP_BY_SOCKET manual.
[LOG_CAT_SBGP] libnuma.so: cannot open shared object file: No such file or directory
[LOG_CAT_SBGP] Failed to dlopen libnuma.so. Fallback to GROUP_BY_SOCKET manual.
[LOG_CAT_SBGP] libnuma.so: cannot open shared object file: No such file or directory
[LOG_CAT_SBGP] Failed to dlopen libnuma.so. Fallback to GROUP_BY_SOCKET manual.
[LOG_CAT_SBGP] libnuma.so: cannot open shared object file: No such file or directory
[LOG_CAT_SBGP] Failed to dlopen libnuma.so. Fallback to GROUP_BY_SOCKET manual.
[LOG_CAT_SBGP] libnuma.so: cannot open shared object file: No such file or directory
[LOG_CAT_SBGP] Failed to dlopen libnuma.so. Fallback to GROUP_BY_SOCKET manual.
[LOG_CAT_SBGP] libnuma.so: cannot open shared object file: No such file or directory
[LOG_CAT_SBGP] Failed to dlopen libnuma.so. Fallback to GROUP_BY_SOCKET manual.
[LOG_CAT_SBGP] libnuma.so: cannot open shared object file: No such file or directory
[LOG_CAT_SBGP] Failed to dlopen libnuma.so. Fallback to GROUP_BY_SOCKET manual.
[LOG_CAT_SBGP] libnuma.so: cannot open shared object file: No such file or directory
[LOG_CAT_SBGP] Failed to dlopen libnuma.so. Fallback to GROUP_BY_SOCKET manual.
[LOG_CAT_SBGP] libnuma.so: cannot open shared object file: No such file or directory
[LOG_CAT_SBGP] Failed to dlopen libnuma.so. Fallback to GROUP_BY_SOCKET manual.
[LOG_CAT_SBGP] libnuma.so: cannot open shared object file: No such file or directory
[LOG_CAT_SBGP] Failed to dlopen libnuma.so. Fallback to GROUP_BY_SOCKET manual.
[LOG_CAT_SBGP] libnuma.so: cannot open shared object file: No such file or directory
[LOG_CAT_SBGP] Failed to dlopen libnuma.so. Fallback to GROUP_BY_SOCKET manual.
[LOG_CAT_SBGP] libnuma.so: cannot open shared object file: No such file or directory
[LOG_CAT_SBGP] Failed to dlopen libnuma.so. Fallback to GROUP_BY_SOCKET manual.
[LOG_CAT_SBGP] libnuma.so: cannot open shared object file: No such file or directory
[LOG_CAT_SBGP] Failed to dlopen libnuma.so. Fallback to GROUP_BY_SOCKET manual.
[LOG_CAT_SBGP] libnuma.so: cannot open shared object file: No such file or directory
[LOG_CAT_SBGP] Failed to dlopen libnuma.so. Fallback to GROUP_BY_SOCKET manual.
[LOG_CAT_SBGP] libnuma.so: cannot open shared object file: No such file or directory
[LOG_CAT_SBGP] Failed to dlopen libnuma.so. Fallback to GROUP_BY_SOCKET manual.
[LOG_CAT_SBGP] libnuma.so: cannot open shared object file: No such file or directory
[LOG_CAT_SBGP] Failed to dlopen libnuma.so. Fallback to GROUP_BY_SOCKET manual.
[LOG_CAT_SBGP] libnuma.so: cannot open shared object file: No such file or directory
[LOG_CAT_SBGP] Failed to dlopen libnuma.so. Fallback to GROUP_BY_SOCKET manual.
[LOG_CAT_SBGP] libnuma.so: cannot open shared object file: No such file or directory
[LOG_CAT_SBGP] Failed to dlopen libnuma.so. Fallback to GROUP_BY_SOCKET manual.
[LOG_CAT_SBGP] libnuma.so: cannot open shared object file: No such file or directory
[LOG_CAT_SBGP] Failed to dlopen libnuma.so. Fallback to GROUP_BY_SOCKET manual.
[LOG_CAT_SBGP] libnuma.so: cannot open shared object file: No such file or directory
[LOG_CAT_SBGP] Failed to dlopen libnuma.so. Fallback to GROUP_BY_SOCKET manual.
[LOG_CAT_SBGP] libnuma.so: cannot open shared object file: No such file or directory
[LOG_CAT_SBGP] Failed to dlopen libnuma.so. Fallback to GROUP_BY_SOCKET manual.
[LOG_CAT_SBGP] libnuma.so: cannot open shared object file: No such file or directory
[LOG_CAT_SBGP] Failed to dlopen libnuma.so. Fallback to GROUP_BY_SOCKET manual.
[LOG_CAT_SBGP] libnuma.so: cannot open shared object file: No such file or directory
[LOG_CAT_SBGP] Failed to dlopen libnuma.so. Fallback to GROUP_BY_SOCKET manual.
[LOG_CAT_SBGP] libnuma.so: cannot open shared object file: No such file or directory
[LOG_CAT_SBGP] Failed to dlopen libnuma.so. Fallback to GROUP_BY_SOCKET manual.
[LOG_CAT_SBGP] libnuma.so: cannot open shared object file: No such file or directory
[LOG_CAT_SBGP] Failed to dlopen libnuma.so. Fallback to GROUP_BY_SOCKET manual.
[LOG_CAT_SBGP] libnuma.so: cannot open shared object file: No such file or directory
[LOG_CAT_SBGP] Failed to dlopen libnuma.so. Fallback to GROUP_BY_SOCKET manual.
[LOG_CAT_SBGP] libnuma.so: cannot open shared object file: No such file or directory
[LOG_CAT_SBGP] Failed to dlopen libnuma.so. Fallback to GROUP_BY_SOCKET manual.
[LOG_CAT_SBGP] libnuma.so: cannot open shared object file: No such file or directory
[LOG_CAT_SBGP] Failed to dlopen libnuma.so. Fallback to GROUP_BY_SOCKET manual.
[LOG_CAT_SBGP] libnuma.so: cannot open shared object file: No such file or directory
[LOG_CAT_SBGP] Failed to dlopen libnuma.so. Fallback to GROUP_BY_SOCKET manual.
[LOG_CAT_SBGP] libnuma.so: cannot open shared object file: No such file or directory
[LOG_CAT_SBGP] Failed to dlopen libnuma.so. Fallback to GROUP_BY_SOCKET manual.
[LOG_CAT_SBGP] libnuma.so: cannot open shared object file: No such file or directory
[LOG_CAT_SBGP] Failed to dlopen libnuma.so. Fallback to GROUP_BY_SOCKET manual.
[LOG_CAT_SBGP] libnuma.so: cannot open shared object file: No such file or directory
[LOG_CAT_SBGP] Failed to dlopen libnuma.so. Fallback to GROUP_BY_SOCKET manual.
[LOG_CAT_SBGP] libnuma.so: cannot open shared object file: No such file or directory
[LOG_CAT_SBGP] Failed to dlopen libnuma.so. Fallback to GROUP_BY_SOCKET manual.
[LOG_CAT_SBGP] libnuma.so: cannot open shared object file: No such file or directory
[LOG_CAT_SBGP] Failed to dlopen libnuma.so. Fallback to GROUP_BY_SOCKET manual.
[LOG_CAT_SBGP] libnuma.so: cannot open shared object file: No such file or directory
[LOG_CAT_SBGP] Failed to dlopen libnuma.so. Fallback to GROUP_BY_SOCKET manual.
[LOG_CAT_SBGP] libnuma.so: cannot open shared object file: No such file or directory
[LOG_CAT_SBGP] Failed to dlopen libnuma.so. Fallback to GROUP_BY_SOCKET manual.
[LOG_CAT_SBGP] libnuma.so: cannot open shared object file: No such file or directory
[LOG_CAT_SBGP] Failed to dlopen libnuma.so. Fallback to GROUP_BY_SOCKET manual.
[LOG_CAT_SBGP] libnuma.so: cannot open shared object file: No such file or directory
[LOG_CAT_SBGP] Failed to dlopen libnuma.so. Fallback to GROUP_BY_SOCKET manual.
[LOG_CAT_SBGP] libnuma.so: cannot open shared object file: No such file or directory
[LOG_CAT_SBGP] Failed to dlopen libnuma.so. Fallback to GROUP_BY_SOCKET manual.
[LOG_CAT_SBGP] libnuma.so: cannot open shared object file: No such file or directory
[LOG_CAT_SBGP] Failed to dlopen libnuma.so. Fallback to GROUP_BY_SOCKET manual.
[LOG_CAT_SBGP] libnuma.so: cannot open shared object file: No such file or directory
[LOG_CAT_SBGP] Failed to dlopen libnuma.so. Fallback to GROUP_BY_SOCKET manual.
[LOG_CAT_SBGP] libnuma.so: cannot open shared object file: No such file or directory
[LOG_CAT_SBGP] Failed to dlopen libnuma.so. Fallback to GROUP_BY_SOCKET manual.
[LOG_CAT_SBGP] libnuma.so: cannot open shared object file: No such file or directory
[LOG_CAT_SBGP] Failed to dlopen libnuma.so. Fallback to GROUP_BY_SOCKET manual.
[LOG_CAT_SBGP] libnuma.so: cannot open shared object file: No such file or directory
[LOG_CAT_SBGP] Failed to dlopen libnuma.so. Fallback to GROUP_BY_SOCKET manual.
[LOG_CAT_SBGP] libnuma.so: cannot open shared object file: No such file or directory
[LOG_CAT_SBGP] Failed to dlopen libnuma.so. Fallback to GROUP_BY_SOCKET manual.
[LOG_CAT_SBGP] libnuma.so: cannot open shared object file: No such file or directory
[LOG_CAT_SBGP] Failed to dlopen libnuma.so. Fallback to GROUP_BY_SOCKET manual.
[LOG_CAT_SBGP] libnuma.so: cannot open shared object file: No such file or directory
[LOG_CAT_SBGP] Failed to dlopen libnuma.so. Fallback to GROUP_BY_SOCKET manual.
[LOG_CAT_SBGP] libnuma.so: cannot open shared object file: No such file or directory
[LOG_CAT_SBGP] Failed to dlopen libnuma.so. Fallback to GROUP_BY_SOCKET manual.
[LOG_CAT_SBGP] libnuma.so: cannot open shared object file: No such file or directory
[LOG_CAT_SBGP] Failed to dlopen libnuma.so. Fallback to GROUP_BY_SOCKET manual.
[LOG_CAT_SBGP] libnuma.so: cannot open shared object file: No such file or directory
[LOG_CAT_SBGP] Failed to dlopen libnuma.so. Fallback to GROUP_BY_SOCKET manual.
[LOG_CAT_SBGP] libnuma.so: cannot open shared object file: No such file or directory
[LOG_CAT_SBGP] Failed to dlopen libnuma.so. Fallback to GROUP_BY_SOCKET manual.
[LOG_CAT_SBGP] libnuma.so: cannot open shared object file: No such file or directory
[LOG_CAT_SBGP] Failed to dlopen libnuma.so. Fallback to GROUP_BY_SOCKET manual.
[LOG_CAT_SBGP] libnuma.so: cannot open shared object file: No such file or directory
[LOG_CAT_SBGP] Failed to dlopen libnuma.so. Fallback to GROUP_BY_SOCKET manual.
[LOG_CAT_SBGP] libnuma.so: cannot open shared object file: No such file or directory
[LOG_CAT_SBGP] Failed to dlopen libnuma.so. Fallback to GROUP_BY_SOCKET manual.
[LOG_CAT_SBGP] libnuma.so: cannot open shared object file: No such file or directory
[LOG_CAT_SBGP] Failed to dlopen libnuma.so. Fallback to GROUP_BY_SOCKET manual.
[LOG_CAT_SBGP] libnuma.so: cannot open shared object file: No such file or directory
[LOG_CAT_SBGP] Failed to dlopen libnuma.so. Fallback to GROUP_BY_SOCKET manual.
[LOG_CAT_SBGP] libnuma.so: cannot open shared object file: No such file or directory
[LOG_CAT_SBGP] Failed to dlopen libnuma.so. Fallback to GROUP_BY_SOCKET manual.
[LOG_CAT_SBGP] libnuma.so: cannot open shared object file: No such file or directory
[LOG_CAT_SBGP] Failed to dlopen libnuma.so. Fallback to GROUP_BY_SOCKET manual.
[LOG_CAT_SBGP] Failed to dlopen libnuma.so. Fallback to GROUP_BY_SOCKET manual.
                               xx
                              +##
                               #X
                               Xx
                          X##XxXxxX##x
                           +   Xx  ++
                               ##
                              +##
                              +##
     ++++         ++          +##
   xX+++##+      ####         +##
  Xx    ###      +X##          ##
 xX    X##+        ##          #X
 +    x##X         #x          #X
      ###         +#           x+
     X##+         #+
     ###         Xx                    _______
     ##X       +X+   __________________VDAGGER
     +##x    +xX     2nd quantized variational
       +xxxxx+       ______quantum Monte Carlo

* Running 128 MPI processes.
* Input file: "input.casl"

############# Start of input file dump #############
General:
  Random seed: timer

Plan:
  VMC-optimization:
    Minimum cycles: 10
    Convergence cycles: 5

System:
  Read Hamiltonian: FCIDUMP_loc_benzene
  Read orbitals: LTSC_benzene
  Complex orbitals: F
  Geometry:
    r_5: [ 0.00000000000000, 2.63994739601739 ]
    r_4: [ 2.28626150960564, 1.31997369800870 ]
    r_6: [ 2.28626150960564, -1.31997369800870 ]
    r_2: [ 0.00000000000000, -2.63994739601739 ]
    r_3: [ -2.28626150960564, -1.31997369800870 ]
    r_1: [ -2.28626150960564, 1.31997369800870 ]

VMC:
  nstep: 500000
  nconfig: 50000

Jastrow: wfn.casl

Backflow: wfn.casl

Multideterminants: wfn.casl
############## End of input file dump ##############

General setup:
* Random seed: 599277887 (from timer)

* Loaded integrals for system with nelec=6, ms2=0, norb=6
* INFO: setting number of electrons from integrals file.
* Analysis of Hamiltonian connecitivity performed:
  - T_ii (local, 1-site): 6 (i) values
  - U_iiii [opp] (local, 1-site): 6 (i) values
  - U_kkii [opp] (local, 2-site): 30 contribs. from 6 (i) values
  - U_kkii [par] (local, 2-site): 15 contribs. from 5 (i) values
  - T_ji (single, 2-site): 30 contribs. from 6 (i) values
  - U_kkji [opp] (single, 2/3-site): 180 contribs. from 30 (i,j) pairs
  - U_kkji [par] (single, 3-site): 150 contribs. from 30 (i,j) pairs
  - U_lkji [opp] (double, 2/3/4-site): 900 contribs. from 30 (i,j) pairs
  - U_lkji [par] (double, 4-site): 170 contribs. from 20 (i,j) pairs
  - Max. no. wfn. ratios in Eloc: 255
* Reading override orbitals from file "LTSC_benzene".
* Site labels:
  +-----+
  |  5  |
  |1   4|
  |3   6|
  |  2  |
  +-----+
* Automatically set Site kinds:
  [ 1, 1, 1, 1, 1, 1 ]
  +-----+
  |  1  |
  |1   1|
  |1   1|
  |  1  |
  +-----+
* Maximum Site kind: 1
* Number of site-pair kinds with Tij=0: 0
* Automatically set Site pair kinds:
  Site 1: [ 0, 4, 1, -5, -1, -2 ]
  Site 2: [ 4, 0, 1, -4, -3, -1 ]
  Site 3: [ 1, 1, 0, -2, -4, -5 ]
  Site 4: [ -5, -4, -2, 0, 1, 1 ]
  Site 5: [ -1, -3, -4, 1, 0, 4 ]
  Site 6: [ -2, -1, -5, 1, 4, 0 ]
  For site 1 of kind 1:
  +--------+
  |   -1   |
  | 0    -5|
  | 1    -2|
  |    4   |
  +--------+
* Maximum (unsigned) Site pair kind: 5
General system setup:
* Number of sites       : 6
* Number of electrons   : 6
* Spin imbalance MS2    : 0
* Filling               : 0.500000
* Number of orbitals in pool: 6
* Using real-valued orbitals
* Using double-precision arithmetic for orbitals

Trial wave function setup:
* Jastrow parameter file: "wfn.casl"
* Multideterminant parameter file: "wfn.casl"
* Backflow parameter file: "wfn.casl"
* Not using wave function manipulation

VMC #1:
* Size of Hilbert space =   4.0000E+02
* Deterministic energy evaluation:
  > Deterministic Etot/t = -230.7002551441326
    - Ttot/t = -10.36217695206830
    - Utot/t = 3.904413662083568
* Number of equil. steps   = 1000
* Running VMC equilibration.
  Done. [total walltime: 0.04s]
* Equil. acc.ratio (%)     =  41.8842
* Sample config after equilibration:
  +-----+
  |  u  |
  |u   d|
  |d   d|
  |  u  |
  +-----+
* Number of accum. steps   = 500480 x 10
* Running VMC accumulation.
  Done. [total walltime: 3.47s]
* Acceptance ratio (%)     =  41.8240
* Etot/t                   =  -2.307002518341E+02 +/-   7.868883859521E-06
  > Ttot/t                 =  -1.036266807047E+01 +/-   2.868938806190E-04
  > Utot/t                 =   3.904908090686E+00 +/-   2.842129945702E-04
* var[Eloc/t]              =   3.157550212649E-05 +/-   1.103088091703E-06
* Correlation length       =   9.814376903053E-01
* log10 Psi^2 range: -8.464055088882489 -- -4.433959198792633
* log10 Pgen range : -8.464055088882489 -- -4.433959198792633
* Site occupation (ave. no. electrons per config.):
  > Site_  ___eu____  ___ed____
      1        0.500      0.499
      2        0.496      0.499
      3        0.503      0.500
      4        0.498      0.498
      5        0.499      0.504
      6        0.504      0.499
* Pair-correlation analysis (ave. no. pairs per config.):
  > Shell  nsite  ___dh____  __eueu___  __eued___
      0      1        0          0          1.025
      1      4        1.050      1.477      3.537
      2      4        0.148      0.841      1.112
      3      4        0.074      0.420      0.555
      4      4        0.231      2.174      1.847
      5      4        0.115      1.088      0.925

Optimization #1:
* Method          : lls
* Target function : energy
* No. of configs. : 50048
* No. of params.  : 36
* Before optimization:
  -6.8793E-01   2.8228E-01  -1.1785E-01  -1.0390E-01   1.7294E-02   5.5119E-03
  -3.3952E-02  -2.0545E-01   4.9779E-02   7.2866E-02   1.2891E-01  -2.1593E-02
   5.0462E-02  -6.8685E-02  -1.4044E-02   7.5678E-01   1.1247E-01  -9.4273E-02
  -1.0153E-01  -1.6638E-02  -1.6204E-02   1.4493E-01  -5.2222E-02  -4.8219E-02
  -3.6253E-02  -4.7817E-02   2.0515E-01  -5.7253E-02  -5.0466E-02   2.4189E-02
   3.9287E-02   2.1856E-01  -2.0615E-02   5.0861E-03  -4.3731E-03  -4.8006E-03
  > E    =  -2.307002653734E+02 +/-   2.672153799534E-05
  > varE =   3.573630359029E-05
* Computing derivatives.
  Done. [total walltime: 7.84s]
* Optimizing manipulation constant:
  #igrid a___________ E____________________________________ varE____________
     1     Infinity    -2.30700265E+02 +/-   2.67215380E-05   3.57363036E-05
     2     1.0000E+06  -2.30700265E+02 +/-   2.67215328E-05   3.57362896E-05
     3     2.1544E+05  -2.30700265E+02 +/-   2.67215138E-05   3.57362387E-05
     4     4.6416E+04  -2.30700265E+02 +/-   2.67214255E-05   3.57360026E-05
     5     1.0000E+04  -2.30700265E+02 +/-   2.67210157E-05   3.57349067E-05
     6     2.1544E+03  -2.30700265E+02 +/-   2.67191151E-05   3.57298234E-05
     7     4.6416E+02  -2.30700265E+02 +/-   2.67103201E-05   3.57063051E-05
     8     1.0000E+02  -2.30700265E+02 +/-   2.66700665E-05   3.55987644E-05
     9     2.1544E+01  -2.30700266E+02 +/-   2.64948611E-05   3.51325782E-05
    10     4.6416E+00  -2.30700266E+02 +/-   2.58811217E-05   3.35237749E-05
    11     1.0000E+00  -2.30700267E+02 +/-   2.49621536E-05   3.11853649E-05
    12     2.1544E-01  -2.30700234E+02 +/-   3.15011699E-05   4.96638167E-05
    13     4.6416E-02  -2.30700262E+02 +/-   2.79713421E-05   3.91573541E-05
    14     1.0000E-02  -2.30700261E+02 +/-   2.79658233E-05   3.91419037E-05
    15     2.1544E-03  -2.30700260E+02 +/-   2.79860115E-05   3.91984365E-05
    16     4.6416E-04  -2.30700260E+02 +/-   2.79913267E-05   3.92133273E-05
    17     1.0000E-04  -2.30700260E+02 +/-   2.79925157E-05   3.92166587E-05
    18     2.1544E-05  -2.30700260E+02 +/-   2.79927739E-05   3.92173822E-05
    19     4.6416E-06  -2.30700260E+02 +/-   2.79928296E-05   3.92175383E-05
    20     1.0000E-06  -2.30700260E+02 +/-   2.79928416E-05   3.92175719E-05
    21     0.0000E+00  -2.30700260E+02 +/-   2.79928449E-05   3.92175812E-05
  ParMin   1.9751E+00  -2.30700267E+02 +/-   2.53030628E-05   3.20429812E-05
  # Using grid point #11
* Iteration # 1: E =  -2.307002665726E+02 +/-   2.496215363673E-05
* Convergence: exiting.
* After optimization:
  -7.2800E-01   2.7041E-01  -1.2401E-01  -1.1025E-01   1.1005E-02   1.3180E-03
  -1.1229E-02  -2.0271E-01   5.3021E-02   7.9329E-02   1.3864E-01  -2.2646E-02
   5.6032E-02  -7.2224E-02  -1.3136E-02   7.8496E-01   1.2158E-01  -1.0096E-01
  -1.0852E-01  -1.5064E-02  -1.4748E-02   1.5175E-01  -5.8912E-02  -5.4322E-02
  -3.5271E-02  -4.6518E-02   2.1608E-01  -5.8695E-02  -5.2221E-02   3.0296E-02
   4.4586E-02   2.2809E-01  -2.4404E-02   1.5472E-03   3.5457E-03   3.1544E-03
  > Energy =  -2.307002665726E+02 +/-   2.496215363673E-05
  > varE =   3.118536494667E-05

VMC #2:
* Size of Hilbert space =   4.0000E+02
* Deterministic energy evaluation:
  > Deterministic Etot/t = -230.7002586598561
    - Ttot/t = -10.36271991100048
    - Utot/t = 3.904953105292296
* Number of equil. steps   = 1000
* Running VMC equilibration.
  Done. [total walltime: 0.03s]
* Equil. acc.ratio (%)     =  41.2401
* Sample config after equilibration:
  +-----+
  |  0  |
  |0   2|
  |2   u|
  |  d  |
  +-----+
* Number of accum. steps   = 500480 x 10
* Running VMC accumulation.
  Done. [total walltime: 3.43s]
* Acceptance ratio (%)     =  41.4208
* Etot/t                   =  -2.307002608283E+02 +/-   7.157023248691E-06
  > Ttot/t                 =  -1.036308224136E+01 +/-   2.935616635937E-04
  > Utot/t                 =   3.905313267293E+00 +/-   2.922326744784E-04
* var[Eloc/t]              =   2.634233123233E-05 +/-   1.305172047125E-06
* Correlation length       =   9.731894150260E-01
* log10 Psi^2 range: -8.460170716229202 -- -4.497656774320587
* log10 Pgen range : -8.460170716229202 -- -4.497656774320587
* Site occupation (ave. no. electrons per config.):
  > Site_  ___eu____  ___ed____
      1        0.502      0.498
      2        0.500      0.499
      3        0.500      0.503
      4        0.506      0.495
      5        0.498      0.501
      6        0.495      0.503
* Pair-correlation analysis (ave. no. pairs per config.):
  > Shell  nsite  ___dh____  __eueu___  __eued___
      0      1        0          0          1.028
      1      4        1.052      1.483      3.531
      2      4        0.150      0.843      1.111
      3      4        0.073      0.419      0.556
      4      4        0.238      2.169      1.845
      5      4        0.117      1.086      0.928

Optimization #2:
* Method          : lls
* Target function : energy
* No. of configs. : 50048
* No. of params.  : 36
* Before optimization:
  -7.2800E-01   2.7041E-01  -1.2401E-01  -1.1025E-01   1.1005E-02   1.3180E-03
  -1.1229E-02  -2.0271E-01   5.3021E-02   7.9329E-02   1.3864E-01  -2.2646E-02
   5.6032E-02  -7.2224E-02  -1.3136E-02   7.8496E-01   1.2158E-01  -1.0096E-01
  -1.0852E-01  -1.5064E-02  -1.4748E-02   1.5175E-01  -5.8912E-02  -5.4322E-02
  -3.5271E-02  -4.6518E-02   2.1608E-01  -5.8695E-02  -5.2221E-02   3.0296E-02
   4.4586E-02   2.2809E-01  -2.4404E-02   1.5472E-03   3.5457E-03   3.1544E-03
  > E    =  -2.307002638487E+02 +/-   2.218724369378E-05
  > varE =   2.463731827793E-05
* Computing derivatives.
  Done. [total walltime: 7.90s]
* Optimizing manipulation constant:
  #igrid a___________ E____________________________________ varE____________
     1     Infinity    -2.30700264E+02 +/-   2.21872437E-05   2.46373183E-05
     2     1.0000E+06  -2.30700264E+02 +/-   2.21872426E-05   2.46373158E-05
     3     2.1544E+05  -2.30700264E+02 +/-   2.21872570E-05   2.46373479E-05
     4     4.6416E+04  -2.30700264E+02 +/-   2.21877059E-05   2.46383448E-05
     5     1.0000E+04  -2.30700264E+02 +/-   2.21980850E-05   2.46614012E-05
     6     2.1544E+03  -2.30700263E+02 +/-   2.24491564E-05   2.52224216E-05
     7     4.6416E+02  -2.30700216E+02 +/-   3.59936975E-05   6.48394993E-05
     8     1.0000E+02  -2.30671605E+02 +/-   6.62493104E-04   2.19659227E-02
     9     2.1544E+01  -2.29310681E+02 +/-   2.68357214E-03   3.60423648E-01
    10     4.6416E+00  -2.29265214E+02 +/-   2.63517242E-03   3.47540002E-01
    11     1.0000E+00  -2.30005975E+02 +/-   3.58927751E-06   6.44764031E-07
    12     2.1544E-01  -2.30005969E+02 +/-   2.55933462E-03   3.27824093E-01
    13     4.6416E-02  -2.30006020E+02 +/-   2.55928853E-03   3.27812287E-01
    14     1.0000E-02  -2.30006133E+02 +/-   2.55920830E-03   3.27791734E-01
    15     2.1544E-03  -2.30006178E+02 +/-   2.55917704E-03   3.27783728E-01
    16     4.6416E-04  -2.30006190E+02 +/-   2.55916936E-03   3.27781758E-01
    17     1.0000E-04  -2.30006192E+02 +/-   2.55916765E-03   3.27781322E-01
    18     2.1544E-05  -2.30006193E+02 +/-   2.55916728E-03   3.27781227E-01
    19     4.6416E-06  -2.30006193E+02 +/-   2.55916720E-03   3.27781206E-01
    20     1.0000E-06  -2.30006193E+02 +/-   2.55916718E-03   3.27781202E-01
    21     0.0000E+00  -2.30006193E+02 +/-   2.55916718E-03   3.27781201E-01
* Iteration # 1: E =  -2.307002638487E+02 +/-   2.218724369378E-05
* Convergence: exiting.
* After optimization:
  -7.2800E-01   2.7041E-01  -1.2401E-01  -1.1025E-01   1.1005E-02   1.3180E-03
  -1.1229E-02  -2.0271E-01   5.3021E-02   7.9329E-02   1.3864E-01  -2.2646E-02
   5.6032E-02  -7.2224E-02  -1.3136E-02   7.8496E-01   1.2158E-01  -1.0096E-01
  -1.0852E-01  -1.5064E-02  -1.4748E-02   1.5175E-01  -5.8912E-02  -5.4322E-02
  -3.5271E-02  -4.6518E-02   2.1608E-01  -5.8695E-02  -5.2221E-02   3.0296E-02
   4.4586E-02   2.2809E-01  -2.4404E-02   1.5472E-03   3.5457E-03   3.1544E-03
  > Energy =  -2.307002638487E+02 +/-   2.218724369378E-05
  > varE =   2.463731827793E-05

VMC #3:
* Size of Hilbert space =   4.0000E+02
* Deterministic energy evaluation:
  > Deterministic Etot/t = -230.7002586598561
    - Ttot/t = -10.36271991100048
    - Utot/t = 3.904953105292296
* Number of equil. steps   = 1000
* Running VMC equilibration.
  Done. [total walltime: 0.03s]
* Equil. acc.ratio (%)     =  41.4150
* Sample config after equilibration:
  +-----+
  |  u  |
  |d   u|
  |u   d|
  |  d  |
  +-----+
* Number of accum. steps   = 500480 x 10
* Running VMC accumulation.
  Done. [total walltime: 3.44s]
* Acceptance ratio (%)     =  41.4133
* Etot/t                   =  -2.307002455455E+02 +/-   7.477875232994E-06
  > Ttot/t                 =  -1.036251664003E+01 +/-   2.911249949528E-04
  > Utot/t                 =   3.904762948736E+00 +/-   2.897647459078E-04
* var[Eloc/t]              =   2.902328017094E-05 +/-   1.665996201281E-06
* Correlation length       =   9.642655748049E-01
* log10 Psi^2 range: -8.516458237886692 -- -4.497656774320575
* log10 Pgen range : -8.516458237886692 -- -4.497656774320575
* Site occupation (ave. no. electrons per config.):
  > Site_  ___eu____  ___ed____
      1        0.499      0.499
      2        0.500      0.498
      3        0.500      0.502
      4        0.502      0.500
      5        0.499      0.501
      6        0.500      0.500
* Pair-correlation analysis (ave. no. pairs per config.):
  > Shell  nsite  ___dh____  __eueu___  __eued___
      0      1        0          0          1.025
      1      4        1.052      1.471      3.540
      2      4        0.150      0.842      1.109
      3      4        0.076      0.417      0.553
      4      4        0.227      2.181      1.846
      5      4        0.114      1.090      0.927

Optimization #3:
* Method          : lls
* Target function : energy
* No. of configs. : 50048
* No. of params.  : 36
* Before optimization:
  -7.2800E-01   2.7041E-01  -1.2401E-01  -1.1025E-01   1.1005E-02   1.3180E-03
  -1.1229E-02  -2.0271E-01   5.3021E-02   7.9329E-02   1.3864E-01  -2.2646E-02
   5.6032E-02  -7.2224E-02  -1.3136E-02   7.8496E-01   1.2158E-01  -1.0096E-01
  -1.0852E-01  -1.5064E-02  -1.4748E-02   1.5175E-01  -5.8912E-02  -5.4322E-02
  -3.5271E-02  -4.6518E-02   2.1608E-01  -5.8695E-02  -5.2221E-02   3.0296E-02
   4.4586E-02   2.2809E-01  -2.4404E-02   1.5472E-03   3.5457E-03   3.1544E-03
  > E    =  -2.307002104622E+02 +/-   2.430448799427E-05
  > varE =   2.956376082373E-05
* Computing derivatives.
  Done. [total walltime: 7.90s]
* Optimizing manipulation constant:
  #igrid a___________ E____________________________________ varE____________
     1     Infinity    -2.30700210E+02 +/-   2.43044880E-05   2.95637608E-05
     2     1.0000E+06  -2.30700210E+02 +/-   2.43044846E-05   2.95637526E-05
     3     2.1544E+05  -2.30700210E+02 +/-   2.43044723E-05   2.95637226E-05
     4     4.6416E+04  -2.30700210E+02 +/-   2.43044150E-05   2.95635833E-05
     5     1.0000E+04  -2.30700210E+02 +/-   2.43041497E-05   2.95629379E-05
     6     2.1544E+03  -2.30700210E+02 +/-   2.43029276E-05   2.95599650E-05
     7     4.6416E+02  -2.30700210E+02 +/-   2.42974555E-05   2.95466547E-05
     8     1.0000E+02  -2.30700211E+02 +/-   2.42762531E-05   2.94951114E-05
     9     2.1544E+01  -2.30700210E+02 +/-   2.42618392E-05   2.94600967E-05
    10     4.6416E+00  -2.30700192E+02 +/-   2.69591072E-05   3.63745590E-05
    11     1.0000E+00  -2.30675995E+02 +/-   6.36407524E-04   2.02701675E-02
    12     2.1544E-01  -2.30693368E+02 +/-   3.51176936E-04   6.17218164E-03
    13     4.6416E-02  -2.30699770E+02 +/-   8.56825910E-05   3.67427713E-04
    14     1.0000E-02  -2.30699527E+02 +/-   9.88519482E-05   4.89054425E-04
    15     2.1544E-03  -2.30699297E+02 +/-   1.10842745E-04   6.14895440E-04
    16     4.6416E-04  -2.30699234E+02 +/-   1.13547487E-04   6.45270457E-04
    17     1.0000E-04  -2.30699220E+02 +/-   1.14158756E-04   6.52236624E-04
    18     2.1544E-05  -2.30699217E+02 +/-   1.14292159E-04   6.53761894E-04
    19     4.6416E-06  -2.30699216E+02 +/-   1.14320984E-04   6.54091693E-04
    20     1.0000E-06  -2.30699216E+02 +/-   1.14327198E-04   6.54162802E-04
    21     0.0000E+00  -2.30699216E+02 +/-   1.14328904E-04   6.54182333E-04
* Iteration # 1: E =  -2.307002105886E+02 +/-   2.427625309876E-05
* Convergence: exiting.
* After optimization:
  -7.2124E-01   2.7035E-01  -1.2399E-01  -1.1028E-01   1.0993E-02   1.3091E-03
  -1.1251E-02  -2.0275E-01   5.2965E-02   7.9326E-02   1.3860E-01  -2.2653E-02
   5.6055E-02  -7.2225E-02  -1.3135E-02   7.8253E-01   1.2129E-01  -1.0062E-01
  -1.0816E-01  -1.4690E-02  -1.4380E-02   1.5167E-01  -5.8418E-02  -5.3851E-02
  -3.5072E-02  -4.6282E-02   2.1568E-01  -5.9025E-02  -5.2540E-02   3.0373E-02
   4.4656E-02   2.2806E-01  -2.4367E-02   1.5782E-03   3.2329E-03   2.8384E-03
  > Energy =  -2.307002105886E+02 +/-   2.427625309876E-05
  > varE =   2.949511137604E-05

VMC #4:
* Size of Hilbert space =   4.0000E+02
* Deterministic energy evaluation:
  > Deterministic Etot/t = -230.7002587109125
    - Ttot/t = -10.36272028403531
    - Utot/t = 3.904953427270598
* Number of equil. steps   = 1000
* Running VMC equilibration.
  Done. [total walltime: 0.03s]
* Equil. acc.ratio (%)     =  41.4813
* Sample config after equilibration:
  +-----+
  |  0  |
  |2   d|
  |d   u|
  |  u  |
  +-----+
* Number of accum. steps   = 500480 x 10
* Running VMC accumulation.
  Done. [total walltime: 3.42s]
* Acceptance ratio (%)     =  41.4608
* Etot/t                   =  -2.307002637181E+02 +/-   7.279002169631E-06
  > Ttot/t                 =  -1.036311358403E+01 +/-   2.891090057026E-04
  > Utot/t                 =   3.905341719793E+00 +/-   2.876998689238E-04
* var[Eloc/t]              =   2.606202077621E-05 +/-   8.473842059910E-07
* Correlation length       =   1.017471698733E+00
* log10 Psi^2 range: -8.123036861133265 -- -4.497486863513291
* log10 Pgen range : -8.123036861133265 -- -4.497486863513291
* Site occupation (ave. no. electrons per config.):
  > Site_  ___eu____  ___ed____
      1        0.501      0.502
      2        0.500      0.494
      3        0.501      0.497
      4        0.494      0.501
      5        0.501      0.500
      6        0.503      0.505
* Pair-correlation analysis (ave. no. pairs per config.):
  > Shell  nsite  ___dh____  __eueu___  __eued___
      0      1        0          0          1.032
      1      4        1.064      1.475      3.529
      2      4        0.147      0.848      1.111
      3      4        0.075      0.416      0.555
      4      4        0.233      2.174      1.845
      5      4        0.117      1.087      0.928

Optimization #4:
* Method          : lls
* Target function : energy
* No. of configs. : 50048
* No. of params.  : 36
* Before optimization:
  -7.2124E-01   2.7035E-01  -1.2399E-01  -1.1028E-01   1.0993E-02   1.3091E-03
  -1.1251E-02  -2.0275E-01   5.2965E-02   7.9326E-02   1.3860E-01  -2.2653E-02
   5.6055E-02  -7.2225E-02  -1.3135E-02   7.8253E-01   1.2129E-01  -1.0062E-01
  -1.0816E-01  -1.4690E-02  -1.4380E-02   1.5167E-01  -5.8418E-02  -5.3851E-02
  -3.5072E-02  -4.6282E-02   2.1568E-01  -5.9025E-02  -5.2540E-02   3.0373E-02
   4.4656E-02   2.2806E-01  -2.4367E-02   1.5782E-03   3.2329E-03   2.8384E-03
  > E    =  -2.307002575795E+02 +/-   2.110311008992E-05
  > varE =   2.228843915363E-05
* Computing derivatives.
  Done. [total walltime: 7.90s]
* Optimizing manipulation constant:
  #igrid a___________ E____________________________________ varE____________
     1     Infinity    -2.30700258E+02 +/-   2.11031101E-05   2.22884392E-05
     2     1.0000E+06  -2.30700258E+02 +/-   2.11031073E-05   2.22884333E-05
     3     2.1544E+05  -2.30700258E+02 +/-   2.11030973E-05   2.22884121E-05
     4     4.6416E+04  -2.30700258E+02 +/-   2.11030506E-05   2.22883135E-05
     5     1.0000E+04  -2.30700258E+02 +/-   2.11028355E-05   2.22878591E-05
     6     2.1544E+03  -2.30700258E+02 +/-   2.11018654E-05   2.22858100E-05
     7     4.6416E+02  -2.30700258E+02 +/-   2.10979777E-05   2.22775992E-05
     8     1.0000E+02  -2.30700258E+02 +/-   2.10931687E-05   2.22674446E-05
     9     2.1544E+01  -2.30700260E+02 +/-   2.13954631E-05   2.29102648E-05
    10     4.6416E+00  -2.30700236E+02 +/-   4.16143780E-05   8.66709469E-05
    11     1.0000E+00  -2.30681589E+02 +/-   5.49188412E-04   1.50948728E-02
    12     2.1544E-01  -2.30098815E+02 +/-   2.50725032E-03   3.14616950E-01
    13     4.6416E-02  -2.30005970E+02 +/-   2.58792251E-03   3.35188619E-01
    14     1.0000E-02  -2.30005970E+02 +/-   2.58789018E-03   3.35180244E-01
    15     2.1544E-03  -2.30006342E+02 +/-   1.29146286E-05   8.34738735E-06
    16     4.6416E-04  -2.30011171E+02 +/-   4.48983114E-05   1.00889680E-04
    17     1.0000E-04  -2.30015662E+02 +/-   5.49521351E-05   1.51131805E-04
    18     2.1544E-05  -2.30016838E+02 +/-   5.63682390E-05   1.59021432E-04
    19     4.6416E-06  -2.30017093E+02 +/-   5.66267758E-05   1.60483504E-04
    20     1.0000E-06  -2.30017147E+02 +/-   5.66803816E-05   1.60787491E-04
    21     0.0000E+00  -2.30017163E+02 +/-   5.66949739E-05   1.60870291E-04
  ParMin   4.5545E+01  -2.30700258E+02 +/-   2.11289954E-05   2.23431513E-05
  # Using grid point #9
* Iteration # 1: E =  -2.307002596504E+02 +/-   2.139546309063E-05
* Convergence: exiting.
* After optimization:
  -7.7224E-01   2.7033E-01  -1.2384E-01  -1.1023E-01   1.1070E-02   1.4234E-03
  -1.1847E-02  -2.0281E-01   5.2853E-02   7.8986E-02   1.3837E-01  -2.2791E-02
   5.5994E-02  -7.2077E-02  -1.3128E-02   8.0261E-01   1.2440E-01  -1.0289E-01
  -1.1061E-01  -1.5445E-02  -1.5124E-02   1.5582E-01  -5.9657E-02  -5.4994E-02
  -3.6289E-02  -4.7767E-02   2.1518E-01  -5.9070E-02  -5.2563E-02   2.9477E-02
   4.3721E-02   2.2774E-01  -2.4450E-02   1.4594E-03   2.2731E-03   1.8906E-03
  > Energy =  -2.307002596504E+02 +/-   2.139546309063E-05
  > varE =   2.291026480348E-05

VMC #5:
* Size of Hilbert space =   4.0000E+02
* Deterministic energy evaluation:
  > Deterministic Etot/t = -230.7002579879473
    - Ttot/t = -10.36254879271346
    - Utot/t = 3.904782658914133
* Number of equil. steps   = 1000
* Running VMC equilibration.
  Done. [total walltime: 0.03s]
* Equil. acc.ratio (%)     =  41.1935
* Sample config after equilibration:
  +-----+
  |  u  |
  |d   d|
  |d   u|
  |  u  |
  +-----+
* Number of accum. steps   = 500480 x 10
* Running VMC accumulation.
  Done. [total walltime: 3.43s]
* Acceptance ratio (%)     =  41.0719
* Etot/t                   =  -2.307002552860E+02 +/-   7.503775527750E-06
  > Ttot/t                 =  -1.036234708601E+01 +/-   2.928854863871E-04
  > Utot/t                 =   3.904583653917E+00 +/-   2.910249216928E-04
* var[Eloc/t]              =   2.753617014468E-05 +/-   9.338976776813E-07
* Correlation length       =   1.023393980645E+00
* log10 Psi^2 range: -8.459153595152220 -- -4.495341611414911
* log10 Pgen range : -8.459153595152220 -- -4.495341611414911
* Site occupation (ave. no. electrons per config.):
  > Site_  ___eu____  ___ed____
      1        0.498      0.504
      2        0.501      0.499
      3        0.499      0.500
      4        0.499      0.500
      5        0.502      0.499
      6        0.501      0.498
* Pair-correlation analysis (ave. no. pairs per config.):
  > Shell  nsite  ___dh____  __eueu___  __eued___
      0      1        0          0          1.027
      1      4        1.055      1.475      3.537
      2      4        0.148      0.845      1.109
      3      4        0.073      0.419      0.558
      4      4        0.230      2.177      1.845
      5      4        0.118      1.084      0.924

Optimization #5:
* Method          : lls
* Target function : energy
* No. of configs. : 50048
* No. of params.  : 36
* Before optimization:
  -7.7224E-01   2.7033E-01  -1.2384E-01  -1.1023E-01   1.1070E-02   1.4234E-03
  -1.1847E-02  -2.0281E-01   5.2853E-02   7.8986E-02   1.3837E-01  -2.2791E-02
   5.5994E-02  -7.2077E-02  -1.3128E-02   8.0261E-01   1.2440E-01  -1.0289E-01
  -1.1061E-01  -1.5445E-02  -1.5124E-02   1.5582E-01  -5.9657E-02  -5.4994E-02
  -3.6289E-02  -4.7767E-02   2.1518E-01  -5.9070E-02  -5.2563E-02   2.9477E-02
   4.3721E-02   2.2774E-01  -2.4450E-02   1.4594E-03   2.2731E-03   1.8906E-03
  > E    =  -2.307002609600E+02 +/-   2.361085290675E-05
  > varE =   2.790037742321E-05
* Computing derivatives.
  Done. [total walltime: 7.92s]
* Optimizing manipulation constant:
  #igrid a___________ E____________________________________ varE____________
     1     Infinity    -2.30700261E+02 +/-   2.36108529E-05   2.79003774E-05
     2     1.0000E+06  -2.30700261E+02 +/-   2.36108503E-05   2.79003712E-05
     3     2.1544E+05  -2.30700261E+02 +/-   2.36108407E-05   2.79003486E-05
     4     4.6416E+04  -2.30700261E+02 +/-   2.36107963E-05   2.79002437E-05
     5     1.0000E+04  -2.30700261E+02 +/-   2.36105904E-05   2.78997570E-05
     6     2.1544E+03  -2.30700261E+02 +/-   2.36096350E-05   2.78974991E-05
     7     4.6416E+02  -2.30700261E+02 +/-   2.36052114E-05   2.78870460E-05
     8     1.0000E+02  -2.30700261E+02 +/-   2.35849151E-05   2.78391110E-05
     9     2.1544E+01  -2.30700261E+02 +/-   2.34956553E-05   2.76287891E-05
    10     4.6416E+00  -2.30700261E+02 +/-   2.31766764E-05   2.68837001E-05
    11     1.0000E+00  -2.30700261E+02 +/-   2.28453369E-05   2.61205226E-05
    12     2.1544E-01  -2.30700258E+02 +/-   2.37075838E-05   2.81294549E-05
    13     4.6416E-02  -2.30700256E+02 +/-   2.44848104E-05   3.00040733E-05
    14     1.0000E-02  -2.30700256E+02 +/-   2.47249424E-05   3.05954823E-05
    15     2.1544E-03  -2.30700256E+02 +/-   2.47810688E-05   3.07345455E-05
    16     4.6416E-04  -2.30700256E+02 +/-   2.47933777E-05   3.07650849E-05
    17     1.0000E-04  -2.30700256E+02 +/-   2.47960397E-05   3.07716918E-05
    18     2.1544E-05  -2.30700256E+02 +/-   2.47966137E-05   3.07731164E-05
    19     4.6416E-06  -2.30700256E+02 +/-   2.47967374E-05   3.07734234E-05
    20     1.0000E-06  -2.30700256E+02 +/-   2.47967640E-05   3.07734896E-05
    21     0.0000E+00  -2.30700256E+02 +/-   2.47967714E-05   3.07735077E-05
  ParMin   2.0030E+00  -2.30700261E+02 +/-   2.29076387E-05   2.62631840E-05
  # Using parabolic minimum
* Iteration # 1: E =  -2.307002612828E+02 +/-   2.290763867635E-05
* Convergence: exiting.
* After optimization:
  -7.5484E-01   2.6469E-01  -1.2661E-01  -1.1421E-01   8.6144E-03   7.5325E-04
  -5.3493E-03  -2.0453E-01   5.3736E-02   7.9341E-02   1.4358E-01  -2.5154E-02
   5.9296E-02  -7.3545E-02  -1.2408E-02   8.0401E-01   1.2860E-01  -1.0278E-01
  -1.1054E-01  -1.2609E-02  -1.2357E-02   1.6589E-01  -5.5901E-02  -5.1416E-02
  -3.7130E-02  -4.7855E-02   2.0966E-01  -6.7022E-02  -6.0145E-02   2.6049E-02
   3.9211E-02   2.2985E-01  -2.7549E-02  -1.7876E-03  -7.6509E-03  -8.0123E-03
  > Energy =  -2.307002612828E+02 +/-   2.290763867635E-05
  > varE =   2.626318396198E-05

VMC #6:
* Size of Hilbert space =   4.0000E+02
* Deterministic energy evaluation:
  > Deterministic Etot/t = -230.7002599321456
    - Ttot/t = -10.36282593953618
    - Utot/t = 3.905057861538515
* Number of equil. steps   = 1000
* Running VMC equilibration.
  Done. [total walltime: 0.03s]
* Equil. acc.ratio (%)     =  41.0747
* Sample config after equilibration:
  +-----+
  |  d  |
  |u   d|
  |u   u|
  |  d  |
  +-----+
* Number of accum. steps   = 500480 x 10
* Running VMC accumulation.
  Done. [total walltime: 3.44s]
* Acceptance ratio (%)     =  41.0171
* Etot/t                   =  -2.307002536247E+02 +/-   7.234600225318E-06
  > Ttot/t                 =  -1.036297944629E+01 +/-   2.955201315392E-04
  > Utot/t                 =   3.905217675618E+00 +/-   2.943549376659E-04
* var[Eloc/t]              =   2.611072787433E-05 +/-   1.061085154286E-06
* Correlation length       =   1.003221483046E+00
* log10 Psi^2 range: -8.154982443719348 -- -4.522882283039197
* log10 Pgen range : -8.154982443719348 -- -4.522882283039197
* Site occupation (ave. no. electrons per config.):
  > Site_  ___eu____  ___ed____
      1        0.500      0.498
      2        0.500      0.498
      3        0.500      0.501
      4        0.503      0.500
      5        0.499      0.501
      6        0.498      0.502
* Pair-correlation analysis (ave. no. pairs per config.):
  > Shell  nsite  ___dh____  __eueu___  __eued___
      0      1        0          0          1.027
      1      4        1.056      1.479      3.530
      2      4        0.149      0.845      1.107
      3      4        0.075      0.418      0.554
      4      4        0.228      2.174      1.853
      5      4        0.116      1.085      0.928

Optimization #6:
* Method          : lls
* Target function : energy
* No. of configs. : 50048
* No. of params.  : 36
* Before optimization:
  -7.5484E-01   2.6469E-01  -1.2661E-01  -1.1421E-01   8.6144E-03   7.5325E-04
  -5.3493E-03  -2.0453E-01   5.3736E-02   7.9341E-02   1.4358E-01  -2.5154E-02
   5.9296E-02  -7.3545E-02  -1.2408E-02   8.0401E-01   1.2860E-01  -1.0278E-01
  -1.1054E-01  -1.2609E-02  -1.2357E-02   1.6589E-01  -5.5901E-02  -5.1416E-02
  -3.7130E-02  -4.7855E-02   2.0966E-01  -6.7022E-02  -6.0145E-02   2.6049E-02
   3.9211E-02   2.2985E-01  -2.7549E-02  -1.7876E-03  -7.6509E-03  -8.0123E-03
  > E    =  -2.307002761038E+02 +/-   2.147173426172E-05
  > varE =   2.307389830817E-05
* Computing derivatives.
  Done. [total walltime: 7.86s]
* Optimizing manipulation constant:
  #igrid a___________ E____________________________________ varE____________
     1     Infinity    -2.30700276E+02 +/-   2.14717343E-05   2.30738983E-05
     2     1.0000E+06  -2.30700276E+02 +/-   2.14717336E-05   2.30738969E-05
     3     2.1544E+05  -2.30700276E+02 +/-   2.14717552E-05   2.30739433E-05
     4     4.6416E+04  -2.30700276E+02 +/-   2.14723500E-05   2.30752217E-05
     5     1.0000E+04  -2.30700276E+02 +/-   2.14859414E-05   2.31044429E-05
     6     2.1544E+03  -2.30700274E+02 +/-   2.18512377E-05   2.38967483E-05
     7     4.6416E+02  -2.30700134E+02 +/-   4.90545048E-05   1.20432727E-04
     8     1.0000E+02  -2.30606636E+02 +/-   1.17246253E-03   6.87994034E-02
     9     2.1544E+01  -2.29269351E+02 +/-   2.71610716E-03   3.69216012E-01
    10     4.6416E+00  -2.29262047E+02 +/-   2.70728956E-03   3.66822649E-01
    11     1.0000E+00  -2.29267858E+02 +/-   7.98161807E-04   3.18836925E-02
    12     2.1544E-01  -2.30005974E+02 +/-   2.56678473E-03   3.29735436E-01
    13     4.6416E-02  -2.30005974E+02 +/-   2.56677630E-03   3.29733270E-01
    14     1.0000E-02  -2.30005974E+02 +/-   2.56681676E-03   3.29743663E-01
    15     2.1544E-03  -2.30005974E+02 +/-   2.56683149E-03   3.29747449E-01
    16     4.6416E-04  -2.30005974E+02 +/-   2.56683510E-03   3.29748378E-01
    17     1.0000E-04  -2.30005974E+02 +/-   2.56683591E-03   3.29748584E-01
    18     2.1544E-05  -2.30005974E+02 +/-   2.56683608E-03   3.29748628E-01
    19     4.6416E-06  -2.30005974E+02 +/-   2.56683612E-03   3.29748638E-01
    20     1.0000E-06  -2.30005974E+02 +/-   2.56683613E-03   3.29748640E-01
    21     0.0000E+00  -2.30005974E+02 +/-   2.56683613E-03   3.29748641E-01
* Iteration # 1: E =  -2.307002761038E+02 +/-   2.147173359183E-05
* Convergence: exiting.
* After optimization:
  -7.5473E-01   2.6469E-01  -1.2661E-01  -1.1421E-01   8.6144E-03   7.5325E-04
  -5.3493E-03  -2.0453E-01   5.3736E-02   7.9341E-02   1.4358E-01  -2.5154E-02
   5.9296E-02  -7.3545E-02  -1.2408E-02   8.0397E-01   1.2860E-01  -1.0277E-01
  -1.1053E-01  -1.2609E-02  -1.2357E-02   1.6588E-01  -5.5898E-02  -5.1413E-02
  -3.7128E-02  -4.7852E-02   2.0966E-01  -6.7022E-02  -6.0145E-02   2.6049E-02
   3.9211E-02   2.2985E-01  -2.7549E-02  -1.7876E-03  -7.6509E-03  -8.0122E-03
  > Energy =  -2.307002761038E+02 +/-   2.147173359183E-05
  > varE =   2.307389686842E-05

VMC #7:
* Size of Hilbert space =   4.0000E+02
* Deterministic energy evaluation:
  > Deterministic Etot/t = -230.7002599321464
    - Ttot/t = -10.36282593896678
    - Utot/t = 3.905057860968214
* Number of equil. steps   = 1000
* Running VMC equilibration.
  Done. [total walltime: 0.03s]
* Equil. acc.ratio (%)     =  41.1827
* Sample config after equilibration:
  +-----+
  |  d  |
  |u   d|
  |2   u|
  |  0  |
  +-----+
* Number of accum. steps   = 500480 x 10
* Running VMC accumulation.
  Done. [total walltime: 3.45s]
* Acceptance ratio (%)     =  41.0384
* Etot/t                   =  -2.307002609978E+02 +/-   7.292871750090E-06
  > Ttot/t                 =  -1.036276422121E+01 +/-   2.895671136628E-04
  > Utot/t                 =   3.904995077594E+00 +/-   2.881385037253E-04
* var[Eloc/t]              =   2.606415011784E-05 +/-   1.341062539331E-06
* Correlation length       =   1.021269380774E+00
* log10 Psi^2 range: -8.538545744826898 -- -4.522882178351169
* log10 Pgen range : -8.538545744826898 -- -4.522882178351169
* Site occupation (ave. no. electrons per config.):
  > Site_  ___eu____  ___ed____
      1        0.496      0.503
      2        0.499      0.502
      3        0.501      0.496
      4        0.501      0.498
      5        0.502      0.501
      6        0.501      0.500
* Pair-correlation analysis (ave. no. pairs per config.):
  > Shell  nsite  ___dh____  __eueu___  __eued___
      0      1        0          0          1.026
      1      4        1.051      1.477      3.537
      2      4        0.149      0.837      1.107
      3      4        0.075      0.419      0.558
      4      4        0.230      2.179      1.850
      5      4        0.114      1.087      0.923

Optimization #7:
* Method          : lls
* Target function : energy
* No. of configs. : 50048
* No. of params.  : 36
* Before optimization:
  -7.5473E-01   2.6469E-01  -1.2661E-01  -1.1421E-01   8.6144E-03   7.5325E-04
  -5.3493E-03  -2.0453E-01   5.3736E-02   7.9341E-02   1.4358E-01  -2.5154E-02
   5.9296E-02  -7.3545E-02  -1.2408E-02   8.0397E-01   1.2860E-01  -1.0277E-01
  -1.1053E-01  -1.2609E-02  -1.2357E-02   1.6588E-01  -5.5898E-02  -5.1413E-02
  -3.7128E-02  -4.7852E-02   2.0966E-01  -6.7022E-02  -6.0145E-02   2.6049E-02
   3.9211E-02   2.2985E-01  -2.7549E-02  -1.7876E-03  -7.6509E-03  -8.0122E-03
  > E    =  -2.307002548632E+02 +/-   2.530648652007E-05
  > varE =   3.205165307600E-05
* Computing derivatives.
  Done. [total walltime: 7.86s]
* Optimizing manipulation constant:
  #igrid a___________ E____________________________________ varE____________
     1     Infinity    -2.30700255E+02 +/-   2.53064865E-05   3.20516531E-05
     2     1.0000E+06  -2.30700255E+02 +/-   2.53064846E-05   3.20516482E-05
     3     2.1544E+05  -2.30700255E+02 +/-   2.53064776E-05   3.20516305E-05
     4     4.6416E+04  -2.30700255E+02 +/-   2.53064452E-05   3.20515484E-05
     5     1.0000E+04  -2.30700255E+02 +/-   2.53062947E-05   3.20511671E-05
     6     2.1544E+03  -2.30700255E+02 +/-   2.53055969E-05   3.20493995E-05
     7     4.6416E+02  -2.30700255E+02 +/-   2.53023746E-05   3.20412380E-05
     8     1.0000E+02  -2.30700255E+02 +/-   2.52877702E-05   3.20042606E-05
     9     2.1544E+01  -2.30700256E+02 +/-   2.52269453E-05   3.18504856E-05
    10     4.6416E+00  -2.30700256E+02 +/-   2.50626818E-05   3.14370515E-05
    11     1.0000E+00  -2.30700250E+02 +/-   2.56576052E-05   3.29472342E-05
    12     2.1544E-01  -2.30700229E+02 +/-   2.89381291E-05   4.19109618E-05
    13     4.6416E-02  -2.30700216E+02 +/-   3.11994669E-05   4.87170604E-05
    14     1.0000E-02  -2.30700212E+02 +/-   3.18662804E-05   5.08217336E-05
    15     2.1544E-03  -2.30700211E+02 +/-   3.20207119E-05   5.13155152E-05
    16     4.6416E-04  -2.30700211E+02 +/-   3.20545148E-05   5.14239154E-05
    17     1.0000E-04  -2.30700211E+02 +/-   3.20618224E-05   5.14473648E-05
    18     2.1544E-05  -2.30700211E+02 +/-   3.20633979E-05   5.14524213E-05
    19     4.6416E-06  -2.30700211E+02 +/-   3.20637374E-05   5.14535108E-05
    20     1.0000E-06  -2.30700211E+02 +/-   3.20638106E-05   5.14537456E-05
    21     0.0000E+00  -2.30700211E+02 +/-   3.20638306E-05   5.14538101E-05
  ParMin   8.1030E+00  -2.30700256E+02 +/-   2.51303254E-05   3.16069763E-05
  # Using grid point #10
* Iteration # 1: E =  -2.307002563440E+02 +/-   2.506268177145E-05
* Convergence: exiting.
* After optimization:
  -7.5919E-01   2.6641E-01  -1.2493E-01  -1.1284E-01   8.7187E-03   6.4114E-04
  -6.8541E-03  -2.0423E-01   5.2970E-02   7.9165E-02   1.4362E-01  -2.6229E-02
   5.9858E-02  -7.4248E-02  -1.2810E-02   8.0430E-01   1.2689E-01  -1.0323E-01
  -1.1109E-01  -8.9696E-03  -8.7601E-03   1.6187E-01  -5.6667E-02  -5.1869E-02
  -3.3041E-02  -4.4010E-02   2.1129E-01  -6.4816E-02  -5.8068E-02   3.2547E-02
   4.6119E-02   2.2845E-01  -2.6036E-02   1.5722E-04   6.4671E-04   2.4683E-04
  > Energy =  -2.307002563440E+02 +/-   2.506268177145E-05
  > varE =   3.143705150369E-05

VMC #8:
* Size of Hilbert space =   4.0000E+02
* Deterministic energy evaluation:
  > Deterministic Etot/t = -230.7002602031711
    - Ttot/t = -10.36291072174435
    - Utot/t = 3.905142372721142
* Number of equil. steps   = 1000
* Running VMC equilibration.
  Done. [total walltime: 0.03s]
* Equil. acc.ratio (%)     =  41.2596
* Sample config after equilibration:
  +-----+
  |  u  |
  |d   d|
  |d   u|
  |  u  |
  +-----+
* Number of accum. steps   = 500480 x 10
* Running VMC accumulation.
  Done. [total walltime: 3.43s]
* Acceptance ratio (%)     =  41.0824
* Etot/t                   =  -2.307002505638E+02 +/-   7.581709950658E-06
  > Ttot/t                 =  -1.036283039635E+01 +/-   2.877523024471E-04
  > Utot/t                 =   3.905071686481E+00 +/-   2.865957099541E-04
* var[Eloc/t]              =   2.720418866788E-05 +/-   1.585178660345E-06
* Correlation length       =   1.057511942574E+00
* log10 Psi^2 range: -8.470515027959186 -- -4.502357519292812
* log10 Pgen range : -8.470515027959186 -- -4.502357519292812
* Site occupation (ave. no. electrons per config.):
  > Site_  ___eu____  ___ed____
      1        0.500      0.502
      2        0.502      0.500
      3        0.500      0.495
      4        0.501      0.498
      5        0.499      0.502
      6        0.498      0.504
* Pair-correlation analysis (ave. no. pairs per config.):
  > Shell  nsite  ___dh____  __eueu___  __eued___
      0      1        0          0          1.030
      1      4        1.057      1.471      3.539
      2      4        0.149      0.837      1.111
      3      4        0.075      0.421      0.557
      4      4        0.233      2.183      1.843
      5      4        0.116      1.088      0.920

Optimization #8:
* Method          : lls
* Target function : energy
* No. of configs. : 50048
* No. of params.  : 36
* Before optimization:
  -7.5919E-01   2.6641E-01  -1.2493E-01  -1.1284E-01   8.7187E-03   6.4114E-04
  -6.8541E-03  -2.0423E-01   5.2970E-02   7.9165E-02   1.4362E-01  -2.6229E-02
   5.9858E-02  -7.4248E-02  -1.2810E-02   8.0430E-01   1.2689E-01  -1.0323E-01
  -1.1109E-01  -8.9696E-03  -8.7601E-03   1.6187E-01  -5.6667E-02  -5.1869E-02
  -3.3041E-02  -4.4010E-02   2.1129E-01  -6.4816E-02  -5.8068E-02   3.2547E-02
   4.6119E-02   2.2845E-01  -2.6036E-02   1.5722E-04   6.4671E-04   2.4683E-04
  > E    =  -2.307002344342E+02 +/-   2.212673836538E-05
  > varE =   2.450312797694E-05
* Computing derivatives.
  Done. [total walltime: 7.90s]
* Optimizing manipulation constant:
  #igrid a___________ E____________________________________ varE____________
     1     Infinity    -2.30700234E+02 +/-   2.21267384E-05   2.45031280E-05
     2     1.0000E+06  -2.30700234E+02 +/-   2.21267373E-05   2.45031257E-05
     3     2.1544E+05  -2.30700234E+02 +/-   2.21267336E-05   2.45031175E-05
     4     4.6416E+04  -2.30700234E+02 +/-   2.21267164E-05   2.45030794E-05
     5     1.0000E+04  -2.30700234E+02 +/-   2.21266365E-05   2.45029024E-05
     6     2.1544E+03  -2.30700234E+02 +/-   2.21262662E-05   2.45020822E-05
     7     4.6416E+02  -2.30700234E+02 +/-   2.21245580E-05   2.44982991E-05
     8     1.0000E+02  -2.30700234E+02 +/-   2.21168643E-05   2.44812638E-05
     9     2.1544E+01  -2.30700235E+02 +/-   2.20870206E-05   2.44152401E-05
    10     4.6416E+00  -2.30700236E+02 +/-   2.41750168E-05   2.92496247E-05
    11     1.0000E+00  -2.30700211E+02 +/-   3.50576452E-05   6.15109182E-05
    12     2.1544E-01  -2.30700202E+02 +/-   3.73328363E-05   6.97539328E-05
    13     4.6416E-02  -2.30700204E+02 +/-   3.62681889E-05   6.58322146E-05
    14     1.0000E-02  -2.30700206E+02 +/-   3.56595709E-05   6.36412870E-05
    15     2.1544E-03  -2.30700206E+02 +/-   3.55044496E-05   6.30888041E-05
    16     4.6416E-04  -2.30700206E+02 +/-   3.54698479E-05   6.29658948E-05
    17     1.0000E-04  -2.30700206E+02 +/-   3.54623377E-05   6.29392335E-05
    18     2.1544E-05  -2.30700206E+02 +/-   3.54607171E-05   6.29334810E-05
    19     4.6416E-06  -2.30700206E+02 +/-   3.54603678E-05   6.29322413E-05
    20     1.0000E-06  -2.30700206E+02 +/-   3.54602926E-05   6.29319742E-05
    21     0.0000E+00  -2.30700206E+02 +/-   3.54602719E-05   6.29319009E-05
  ParMin   4.3120E+01  -2.30700235E+02 +/-   2.21048534E-05   2.44546811E-05
  # Using grid point #9
* Iteration # 1: E =  -2.307002346019E+02 +/-   2.208702058448E-05
* Convergence: exiting.
* After optimization:
  -7.5252E-01   2.6628E-01  -1.2480E-01  -1.1277E-01   8.8491E-03   8.3900E-04
  -7.0858E-03  -2.0447E-01   5.2767E-02   7.9020E-02   1.4331E-01  -2.6181E-02
   5.9813E-02  -7.4092E-02  -1.2757E-02   8.0182E-01   1.2675E-01  -1.0281E-01
  -1.1064E-01  -8.7093E-03  -8.4974E-03   1.6160E-01  -5.6419E-02  -5.1640E-02
  -3.2691E-02  -4.3573E-02   2.1137E-01  -6.4926E-02  -5.8198E-02   3.2617E-02
   4.6122E-02   2.2841E-01  -2.6113E-02   2.8779E-06   7.3153E-04   3.3486E-04
  > Energy =  -2.307002346019E+02 +/-   2.208702058448E-05
  > varE =   2.441524006591E-05

VMC #9:
* Size of Hilbert space =   4.0000E+02
* Deterministic energy evaluation:
  > Deterministic Etot/t = -230.7002603298060
    - Ttot/t = -10.36291721349427
    - Utot/t = 3.905148737836089
* Number of equil. steps   = 1000
* Running VMC equilibration.
  Done. [total walltime: 0.03s]
* Equil. acc.ratio (%)     =  41.1523
* Sample config after equilibration:
  +-----+
  |  0  |
  |2   0|
  |d   2|
  |  u  |
  +-----+
* Number of accum. steps   = 500480 x 10
* Running VMC accumulation.
  Done. [total walltime: 3.43s]
* Acceptance ratio (%)     =  41.1370
* Etot/t                   =  -2.307002631554E+02 +/-   7.200947251381E-06
  > Ttot/t                 =  -1.036259972445E+01 +/-   2.895735583471E-04
  > Utot/t                 =   3.904828423226E+00 +/-   2.886507439519E-04
* var[Eloc/t]              =   2.581966796057E-05 +/-   1.113773364224E-06
* Correlation length       =   1.005114025713E+00
* log10 Psi^2 range: -8.521734791840494 -- -4.503886871349544
* log10 Pgen range : -8.521734791840494 -- -4.503886871349544
* Site occupation (ave. no. electrons per config.):
  > Site_  ___eu____  ___ed____
      1        0.496      0.498
      2        0.502      0.496
      3        0.503      0.501
      4        0.500      0.500
      5        0.500      0.502
      6        0.499      0.503
* Pair-correlation analysis (ave. no. pairs per config.):
  > Shell  nsite  ___dh____  __eueu___  __eued___
      0      1        0          0          1.027
      1      4        1.050      1.479      3.538
      2      4        0.149      0.839      1.112
      3      4        0.073      0.421      0.555
      4      4        0.232      2.171      1.847
      5      4        0.117      1.090      0.922

Optimization #9:
* Method          : lls
* Target function : energy
* No. of configs. : 50048
* No. of params.  : 36
* Before optimization:
  -7.5252E-01   2.6628E-01  -1.2480E-01  -1.1277E-01   8.8491E-03   8.3900E-04
  -7.0858E-03  -2.0447E-01   5.2767E-02   7.9020E-02   1.4331E-01  -2.6181E-02
   5.9813E-02  -7.4092E-02  -1.2757E-02   8.0182E-01   1.2675E-01  -1.0281E-01
  -1.1064E-01  -8.7093E-03  -8.4974E-03   1.6160E-01  -5.6419E-02  -5.1640E-02
  -3.2691E-02  -4.3573E-02   2.1137E-01  -6.4926E-02  -5.8198E-02   3.2617E-02
   4.6122E-02   2.2841E-01  -2.6113E-02   2.8779E-06   7.3153E-04   3.3486E-04
  > E    =  -2.307002486923E+02 +/-   2.433138196575E-05
  > varE =   2.962922419329E-05
* Computing derivatives.
  Done. [total walltime: 7.86s]
* Optimizing manipulation constant:
  #igrid a___________ E____________________________________ varE____________
     1     Infinity    -2.30700249E+02 +/-   2.43313820E-05   2.96292242E-05
     2     1.0000E+06  -2.30700249E+02 +/-   2.43313804E-05   2.96292203E-05
     3     2.1544E+05  -2.30700249E+02 +/-   2.43313745E-05   2.96292060E-05
     4     4.6416E+04  -2.30700249E+02 +/-   2.43313474E-05   2.96291399E-05
     5     1.0000E+04  -2.30700249E+02 +/-   2.43312236E-05   2.96288384E-05
     6     2.1544E+03  -2.30700249E+02 +/-   2.43306938E-05   2.96275483E-05
     7     4.6416E+02  -2.30700249E+02 +/-   2.43292030E-05   2.96239176E-05
     8     1.0000E+02  -2.30700248E+02 +/-   2.43445164E-05   2.96612213E-05
     9     2.1544E+01  -2.30700238E+02 +/-   2.56093726E-05   3.28234785E-05
    10     4.6416E+00  -2.30695402E+02 +/-   2.71329243E-04   3.68451164E-03
    11     1.0000E+00  -2.30700246E+02 +/-   2.48520861E-05   3.09109552E-05
    12     2.1544E-01  -2.30699796E+02 +/-   8.46531872E-05   3.58652081E-04
    13     4.6416E-02  -2.30699409E+02 +/-   1.15402472E-04   6.66525782E-04
    14     1.0000E-02  -2.30699308E+02 +/-   1.22232362E-04   7.47754673E-04
    15     2.1544E-03  -2.30699286E+02 +/-   1.23675752E-04   7.65518776E-04
    16     4.6416E-04  -2.30699282E+02 +/-   1.23984744E-04   7.69348705E-04
    17     1.0000E-04  -2.30699281E+02 +/-   1.24051215E-04   7.70173853E-04
    18     2.1544E-05  -2.30699280E+02 +/-   1.24065531E-04   7.70351625E-04
    19     4.6416E-06  -2.30699280E+02 +/-   1.24068615E-04   7.70389925E-04
    20     1.0000E-06  -2.30699280E+02 +/-   1.24069279E-04   7.70398176E-04
    21     0.0000E+00  -2.30699280E+02 +/-   1.24069462E-04   7.70400442E-04
* Iteration # 1: E =  -2.307002486919E+02 +/-   2.433122357955E-05
* Convergence: exiting.
* After optimization:
  -7.5273E-01   2.6628E-01  -1.2480E-01  -1.1277E-01   8.8492E-03   8.3920E-04
  -7.0861E-03  -2.0447E-01   5.2767E-02   7.9020E-02   1.4331E-01  -2.6181E-02
   5.9813E-02  -7.4092E-02  -1.2757E-02   8.0191E-01   1.2676E-01  -1.0282E-01
  -1.1065E-01  -8.7059E-03  -8.4940E-03   1.6162E-01  -5.6422E-02  -5.1643E-02
  -3.2693E-02  -4.3575E-02   2.1137E-01  -6.4929E-02  -5.8201E-02   3.2619E-02
   4.6125E-02   2.2841E-01  -2.6112E-02   3.4341E-06   7.3010E-04   3.3338E-04
  > Energy =  -2.307002486919E+02 +/-   2.433122357955E-05
  > varE =   2.962883844906E-05

VMC #10:
* Size of Hilbert space =   4.0000E+02
* Deterministic energy evaluation:
  > Deterministic Etot/t = -230.7002603301150
    - Ttot/t = -10.36291723078888
    - Utot/t = 3.905148754821784
* Number of equil. steps   = 1000
* Running VMC equilibration.
  Done. [total walltime: 0.03s]
* Equil. acc.ratio (%)     =  41.0309
* Sample config after equilibration:
  +-----+
  |  u  |
  |0   0|
  |2   2|
  |  d  |
  +-----+
* Number of accum. steps   = 500480 x 10
* Running VMC accumulation.
  Done. [total walltime: 3.44s]
* Acceptance ratio (%)     =  41.1545
* Etot/t                   =  -2.307002710560E+02 +/-   7.216850549815E-06
  > Ttot/t                 =  -1.036243732303E+01 +/-   3.002997017151E-04
  > Utot/t                 =   3.904658121137E+00 +/-   2.992719155515E-04
* var[Eloc/t]              =   2.646012026986E-05 +/-   1.538177139980E-06
* Correlation length       =   9.851227232009E-01
* log10 Psi^2 range: -8.471978066368223 -- -4.503888355539060
* log10 Pgen range : -8.471978066368223 -- -4.503888355539060
* Site occupation (ave. no. electrons per config.):
  > Site_  ___eu____  ___ed____
      1        0.501      0.500
      2        0.498      0.500
      3        0.501      0.500
      4        0.501      0.494
      5        0.499      0.502
      6        0.501      0.504
* Pair-correlation analysis (ave. no. pairs per config.):
  > Shell  nsite  ___dh____  __eueu___  __eued___
      0      1        0          0          1.024
      1      4        1.052      1.476      3.537
      2      4        0.147      0.844      1.111
      3      4        0.073      0.420      0.556
      4      4        0.232      2.173      1.847
      5      4        0.116      1.086      0.926

Optimization #10:
* Method          : lls
* Target function : energy
* No. of configs. : 50048
* No. of params.  : 36
* Before optimization:
  -7.5273E-01   2.6628E-01  -1.2480E-01  -1.1277E-01   8.8492E-03   8.3920E-04
  -7.0861E-03  -2.0447E-01   5.2767E-02   7.9020E-02   1.4331E-01  -2.6181E-02
   5.9813E-02  -7.4092E-02  -1.2757E-02   8.0191E-01   1.2676E-01  -1.0282E-01
  -1.1065E-01  -8.7059E-03  -8.4940E-03   1.6162E-01  -5.6422E-02  -5.1643E-02
  -3.2693E-02  -4.3575E-02   2.1137E-01  -6.4929E-02  -5.8201E-02   3.2619E-02
   4.6125E-02   2.2841E-01  -2.6112E-02   3.4341E-06   7.3010E-04   3.3338E-04
  > E    =  -2.307002564593E+02 +/-   2.263114227624E-05
  > varE =   2.563301412921E-05
* Computing derivatives.
  Done. [total walltime: 7.87s]
* Optimizing manipulation constant:
  #igrid a___________ E____________________________________ varE____________
     1     Infinity    -2.30700256E+02 +/-   2.26311423E-05   2.56330141E-05
     2     1.0000E+06  -2.30700256E+02 +/-   2.26311405E-05   2.56330102E-05
     3     2.1544E+05  -2.30700256E+02 +/-   2.26311342E-05   2.56329958E-05
     4     4.6416E+04  -2.30700256E+02 +/-   2.26311047E-05   2.56329291E-05
     5     1.0000E+04  -2.30700256E+02 +/-   2.26309684E-05   2.56326203E-05
     6     2.1544E+03  -2.30700256E+02 +/-   2.26303431E-05   2.56312038E-05
     7     4.6416E+02  -2.30700256E+02 +/-   2.26275988E-05   2.56249877E-05
     8     1.0000E+02  -2.30700256E+02 +/-   2.26181930E-05   2.56036887E-05
     9     2.1544E+01  -2.30700256E+02 +/-   2.26466336E-05   2.56681184E-05
    10     4.6416E+00  -2.30700240E+02 +/-   2.58398280E-05   3.34168849E-05
    11     1.0000E+00  -2.30699720E+02 +/-   9.44521826E-05   4.46488959E-04
    12     2.1544E-01  -2.30697633E+02 +/-   2.10322433E-04   2.21389960E-03
    13     4.6416E-02  -2.30699856E+02 +/-   8.62982992E-05   3.72727298E-04
    14     1.0000E-02  -2.30700258E+02 +/-   2.63212620E-05   3.46736965E-05
    15     2.1544E-03  -2.30700259E+02 +/-   2.52762257E-05   3.19750460E-05
    16     4.6416E-04  -2.30700257E+02 +/-   2.56236042E-05   3.28599699E-05
    17     1.0000E-04  -2.30700256E+02 +/-   2.57197037E-05   3.31069102E-05
    18     2.1544E-05  -2.30700256E+02 +/-   2.57414258E-05   3.31628559E-05
    19     4.6416E-06  -2.30700256E+02 +/-   2.57461536E-05   3.31750386E-05
    20     1.0000E-06  -2.30700256E+02 +/-   2.57471743E-05   3.31776694E-05
    21     0.0000E+00  -2.30700256E+02 +/-   2.57474548E-05   3.31783921E-05
* Iteration # 1: E =  -2.307002564593E+02 +/-   2.263114227624E-05
* Convergence: exiting.
* After optimization:
  -7.5273E-01   2.6628E-01  -1.2480E-01  -1.1277E-01   8.8492E-03   8.3920E-04
  -7.0861E-03  -2.0447E-01   5.2767E-02   7.9020E-02   1.4331E-01  -2.6181E-02
   5.9813E-02  -7.4092E-02  -1.2757E-02   8.0191E-01   1.2676E-01  -1.0282E-01
  -1.1065E-01  -8.7059E-03  -8.4940E-03   1.6162E-01  -5.6422E-02  -5.1643E-02
  -3.2693E-02  -4.3575E-02   2.1137E-01  -6.4929E-02  -5.8201E-02   3.2619E-02
   4.6125E-02   2.2841E-01  -2.6112E-02   3.4341E-06   7.3010E-04   3.3338E-04
  > Energy =  -2.307002564593E+02 +/-   2.263114227624E-05
  > varE =   2.563301412921E-05

VMC #11:
* Size of Hilbert space =   4.0000E+02
* Deterministic energy evaluation:
  > Deterministic Etot/t = -230.7002603301150
    - Ttot/t = -10.36291723078888
    - Utot/t = 3.905148754821784
* Number of equil. steps   = 1000
* Running VMC equilibration.
  Done. [total walltime: 0.03s]
* Equil. acc.ratio (%)     =  41.1645
* Sample config after equilibration:
  +-----+
  |  0  |
  |u   2|
  |0   d|
  |  2  |
  +-----+
* Number of accum. steps   = 500480 x 10
* Running VMC accumulation.
  Done. [total walltime: 3.44s]
* Acceptance ratio (%)     =  41.1477
* Etot/t                   =  -2.307002668389E+02 +/-   7.373819610177E-06
  > Ttot/t                 =  -1.036267136671E+01 +/-   2.964034972775E-04
  > Utot/t                 =   3.904896381966E+00 +/-   2.956794478014E-04
* var[Eloc/t]              =   2.567762889561E-05 +/-   8.234176145732E-07
* Correlation length       =   1.059782703296E+00
* log10 Psi^2 range: -8.135071708457621 -- -4.503888355539036
* log10 Pgen range : -8.135071708457621 -- -4.503888355539036
* Site occupation (ave. no. electrons per config.):
  > Site_  ___eu____  ___ed____
      1        0.502      0.501
      2        0.504      0.503
      3        0.499      0.500
      4        0.502      0.504
      5        0.502      0.493
      6        0.491      0.498
* Pair-correlation analysis (ave. no. pairs per config.):
  > Shell  nsite  ___dh____  __eueu___  __eued___
      0      1        0          0          1.028
      1      4        1.058      1.475      3.533
      2      4        0.148      0.843      1.107
      3      4        0.076      0.418      0.556
      4      4        0.230      2.180      1.849
      5      4        0.115      1.083      0.927

Optimization #11:
* Method          : lls
* Target function : energy
* No. of configs. : 50048
* No. of params.  : 36
* Before optimization:
  -7.5273E-01   2.6628E-01  -1.2480E-01  -1.1277E-01   8.8492E-03   8.3920E-04
  -7.0861E-03  -2.0447E-01   5.2767E-02   7.9020E-02   1.4331E-01  -2.6181E-02
   5.9813E-02  -7.4092E-02  -1.2757E-02   8.0191E-01   1.2676E-01  -1.0282E-01
  -1.1065E-01  -8.7059E-03  -8.4940E-03   1.6162E-01  -5.6422E-02  -5.1643E-02
  -3.2693E-02  -4.3575E-02   2.1137E-01  -6.4929E-02  -5.8201E-02   3.2619E-02
   4.6125E-02   2.2841E-01  -2.6112E-02   3.4341E-06   7.3010E-04   3.3338E-04
  > E    =  -2.307002810248E+02 +/-   1.968905567123E-05
  > varE =   1.940155328907E-05
* Computing derivatives.
  Done. [total walltime: 7.86s]
* Optimizing manipulation constant:
  #igrid a___________ E____________________________________ varE____________
     1     Infinity    -2.30700281E+02 +/-   1.96890557E-05   1.94015533E-05
     2     1.0000E+06  -2.30700281E+02 +/-   1.96890530E-05   1.94015479E-05
     3     2.1544E+05  -2.30700281E+02 +/-   1.96890431E-05   1.94015284E-05
     4     4.6416E+04  -2.30700281E+02 +/-   1.96889971E-05   1.94014379E-05
     5     1.0000E+04  -2.30700281E+02 +/-   1.96887839E-05   1.94010177E-05
     6     2.1544E+03  -2.30700281E+02 +/-   1.96877955E-05   1.93990698E-05
     7     4.6416E+02  -2.30700281E+02 +/-   1.96832334E-05   1.93900806E-05
     8     1.0000E+02  -2.30700281E+02 +/-   1.96626079E-05   1.93494652E-05
     9     2.1544E+01  -2.30700281E+02 +/-   1.95781696E-05   1.91836350E-05
    10     4.6416E+00  -2.30700279E+02 +/-   1.94073074E-05   1.88502580E-05
    11     1.0000E+00  -2.30700247E+02 +/-   2.72305541E-05   3.71107461E-05
    12     2.1544E-01  -2.30699568E+02 +/-   1.03205153E-04   5.33076447E-04
    13     4.6416E-02  -2.30697585E+02 +/-   2.01163116E-04   2.02527236E-03
    14     1.0000E-02  -2.30695839E+02 +/-   2.58702764E-04   3.34956851E-03
    15     2.1544E-03  -2.30695173E+02 +/-   2.77566023E-04   3.85584292E-03
    16     4.6416E-04  -2.30695005E+02 +/-   2.82131060E-04   3.98371745E-03
    17     1.0000E-04  -2.30694968E+02 +/-   2.83141236E-04   4.01229608E-03
    18     2.1544E-05  -2.30694959E+02 +/-   2.83360149E-04   4.01850276E-03
    19     4.6416E-06  -2.30694958E+02 +/-   2.83407372E-04   4.01984227E-03
    20     1.0000E-06  -2.30694957E+02 +/-   2.83417549E-04   4.02013097E-03
    21     0.0000E+00  -2.30694957E+02 +/-   2.83420343E-04   4.02021025E-03
* Iteration # 1: E =  -2.307002810248E+02 +/-   1.968905567123E-05
* Convergence: exiting.
* After optimization:
  -7.5273E-01   2.6628E-01  -1.2480E-01  -1.1277E-01   8.8492E-03   8.3920E-04
  -7.0861E-03  -2.0447E-01   5.2767E-02   7.9020E-02   1.4331E-01  -2.6181E-02
   5.9813E-02  -7.4092E-02  -1.2757E-02   8.0191E-01   1.2676E-01  -1.0282E-01
  -1.1065E-01  -8.7059E-03  -8.4940E-03   1.6162E-01  -5.6422E-02  -5.1643E-02
  -3.2693E-02  -4.3575E-02   2.1137E-01  -6.4929E-02  -5.8201E-02   3.2619E-02
   4.6125E-02   2.2841E-01  -2.6112E-02   3.4341E-06   7.3010E-04   3.3338E-04
  > Energy =  -2.307002810248E+02 +/-   1.968905567123E-05
  > varE =   1.940155328907E-05

VMC #12:
* Size of Hilbert space =   4.0000E+02
* Deterministic energy evaluation:
  > Deterministic Etot/t = -230.7002603301150
    - Ttot/t = -10.36291723078888
    - Utot/t = 3.905148754821784
* Number of equil. steps   = 1000
* Running VMC equilibration.
  Done. [total walltime: 0.03s]
* Equil. acc.ratio (%)     =  41.2328
* Sample config after equilibration:
  +-----+
  |  2  |
  |0   d|
  |2   u|
  |  0  |
  +-----+
* Number of accum. steps   = 500480 x 10
* Running VMC accumulation.
  Done. [total walltime: 3.44s]
* Acceptance ratio (%)     =  41.1220
* Etot/t                   =  -2.307002542718E+02 +/-   7.535967586854E-06
  > Ttot/t                 =  -1.036276649242E+01 +/-   2.898660163342E-04
  > Utot/t                 =   3.905004074736E+00 +/-   2.890837313851E-04
* var[Eloc/t]              =   2.736790729035E-05 +/-   2.252739391563E-06
* Correlation length       =   1.038539886192E+00
* log10 Psi^2 range: -8.521738904091951 -- -4.503888355539051
* log10 Pgen range : -8.521738904091951 -- -4.503888355539051
* Site occupation (ave. no. electrons per config.):
  > Site_  ___eu____  ___ed____
      1        0.498      0.502
      2        0.503      0.498
      3        0.498      0.501
      4        0.499      0.498
      5        0.501      0.501
      6        0.501      0.500
* Pair-correlation analysis (ave. no. pairs per config.):
  > Shell  nsite  ___dh____  __eueu___  __eued___
      0      1        0          0          1.028
      1      4        1.052      1.477      3.536
      2      4        0.151      0.841      1.104
      3      4        0.074      0.421      0.557
      4      4        0.233      2.176      1.849
      5      4        0.115      1.084      0.926

Optimization #12:
* Method          : lls
* Target function : energy
* No. of configs. : 50048
* No. of params.  : 36
* Before optimization:
  -7.5273E-01   2.6628E-01  -1.2480E-01  -1.1277E-01   8.8492E-03   8.3920E-04
  -7.0861E-03  -2.0447E-01   5.2767E-02   7.9020E-02   1.4331E-01  -2.6181E-02
   5.9813E-02  -7.4092E-02  -1.2757E-02   8.0191E-01   1.2676E-01  -1.0282E-01
  -1.1065E-01  -8.7059E-03  -8.4940E-03   1.6162E-01  -5.6422E-02  -5.1643E-02
  -3.2693E-02  -4.3575E-02   2.1137E-01  -6.4929E-02  -5.8201E-02   3.2619E-02
   4.6125E-02   2.2841E-01  -2.6112E-02   3.4341E-06   7.3010E-04   3.3338E-04
  > E    =  -2.307002796098E+02 +/-   2.059041872979E-05
  > varE =   2.121861750989E-05
* Computing derivatives.
  Done. [total walltime: 7.87s]
* Optimizing manipulation constant:
  #igrid a___________ E____________________________________ varE____________
     1     Infinity    -2.30700280E+02 +/-   2.05904187E-05   2.12186175E-05
     2     1.0000E+06  -2.30700280E+02 +/-   2.05904171E-05   2.12186142E-05
     3     2.1544E+05  -2.30700280E+02 +/-   2.05904113E-05   2.12186021E-05
     4     4.6416E+04  -2.30700280E+02 +/-   2.05903840E-05   2.12185460E-05
     5     1.0000E+04  -2.30700280E+02 +/-   2.05902578E-05   2.12182858E-05
     6     2.1544E+03  -2.30700280E+02 +/-   2.05896729E-05   2.12170804E-05
     7     4.6416E+02  -2.30700280E+02 +/-   2.05869834E-05   2.12115378E-05
     8     1.0000E+02  -2.30700279E+02 +/-   2.05750205E-05   2.11868933E-05
     9     2.1544E+01  -2.30700279E+02 +/-   2.05286986E-05   2.10916018E-05
    10     4.6416E+00  -2.30700277E+02 +/-   2.04047105E-05   2.08375954E-05
    11     1.0000E+00  -2.30700273E+02 +/-   2.01138353E-05   2.02477377E-05
    12     2.1544E-01  -2.30698888E+02 +/-   1.47751695E-04   1.09257604E-03
    13     4.6416E-02  -2.30236868E+02 +/-   2.36597351E-03   2.80160229E-01
    14     1.0000E-02  -2.30522175E+02 +/-   1.38030849E-03   9.53540283E-02
    15     2.1544E-03  -2.30282921E+02 +/-   2.54105931E-03   3.23159055E-01
    16     4.6416E-04  -2.30165591E+02 +/-   2.64667345E-03   3.50580253E-01
    17     1.0000E-04  -2.30140754E+02 +/-   2.65805578E-03   3.53602160E-01
    18     2.1544E-05  -2.30135441E+02 +/-   2.66008101E-03   3.54141198E-01
    19     4.6416E-06  -2.30134298E+02 +/-   2.66049852E-03   3.54252376E-01
    20     1.0000E-06  -2.30134052E+02 +/-   2.66058761E-03   3.54276101E-01
    21     0.0000E+00  -2.30133984E+02 +/-   2.66061202E-03   3.54282602E-01
* Iteration # 1: E =  -2.307002796098E+02 +/-   2.059041711953E-05
* Convergence: exiting.
* After optimization:
  -7.5273E-01   2.6628E-01  -1.2480E-01  -1.1277E-01   8.8492E-03   8.3921E-04
  -7.0862E-03  -2.0447E-01   5.2767E-02   7.9020E-02   1.4331E-01  -2.6181E-02
   5.9813E-02  -7.4092E-02  -1.2757E-02   8.0191E-01   1.2676E-01  -1.0282E-01
  -1.1065E-01  -8.7059E-03  -8.4940E-03   1.6162E-01  -5.6422E-02  -5.1643E-02
  -3.2693E-02  -4.3575E-02   2.1137E-01  -6.4929E-02  -5.8201E-02   3.2619E-02
   4.6125E-02   2.2841E-01  -2.6112E-02   3.4387E-06   7.3011E-04   3.3339E-04
  > Energy =  -2.307002796098E+02 +/-   2.059041711953E-05
  > varE =   2.121861419112E-05

VMC #13:
* Size of Hilbert space =   4.0000E+02
* Deterministic energy evaluation:
  > Deterministic Etot/t = -230.7002603301183
    - Ttot/t = -10.36291723101821
    - Utot/t = 3.905148755047776
* Number of equil. steps   = 1000
* Running VMC equilibration.
  Done. [total walltime: 0.03s]
* Equil. acc.ratio (%)     =  41.2755
* Sample config after equilibration:
  +-----+
  |  d  |
  |u   u|
  |d   0|
  |  2  |
  +-----+
* Number of accum. steps   = 500480 x 10
* Running VMC accumulation.
  Done. [total walltime: 3.45s]
* Acceptance ratio (%)     =  41.1486
* Etot/t                   =  -2.307002623049E+02 +/-   7.007586016837E-06
  > Ttot/t                 =  -1.036282060321E+01 +/-   2.910147575282E-04
  > Utot/t                 =   3.905050152676E+00 +/-   2.902181740269E-04
* var[Eloc/t]              =   2.525242081248E-05 +/-   6.257819124527E-07
* Correlation length       =   9.732414202915E-01
* log10 Psi^2 range: -8.135071686648473 -- -4.503888299665358
* log10 Pgen range : -8.135071686648473 -- -4.503888299665358
* Site occupation (ave. no. electrons per config.):
  > Site_  ___eu____  ___ed____
      1        0.507      0.504
      2        0.499      0.497
      3        0.498      0.500
      4        0.502      0.501
      5        0.495      0.498
      6        0.499      0.500
* Pair-correlation analysis (ave. no. pairs per config.):
  > Shell  nsite  ___dh____  __eueu___  __eued___
      0      1        0          0          1.031
      1      4        1.060      1.480      3.526
      2      4        0.151      0.848      1.112
      3      4        0.076      0.417      0.546
      4      4        0.234      2.165      1.850
      5      4        0.114      1.090      0.936

VDAGGER finished.
Total VDAGGER walltime: 3m46s

Run ended: Mon 20 Oct 2025 10:55:55 PM CEST
