Run started: Thu 16 Oct 2025 07:51:07 AM CEST
Using VDAGGER_ARCH = intel23_fkfamd23_cluster
Running 1x128 MPI processes.

                               xx
                              +##
                               #X
                               Xx
                          X##XxXxxX##x
                           +   Xx  ++
                               ##
                              +##
                              +##
     ++++         ++          +##
   xX+++##+      ####         +##
  Xx    ###      +X##          ##
 xX    X##+        ##          #X
 +    x##X         #x          #X
      ###         +#           x+
     X##+         #+
     ###         Xx                    _______
     ##X       +X+   __________________VDAGGER
     +##x    +xX     2nd quantized variational
       +xxxxx+       ______quantum Monte Carlo

* Running 128 MPI processes.
* Input file: "input.casl"

############# Start of input file dump #############
General:
  Random seed: timer

Plan:
  VMC-optimization:
    Minimum cycles: 10
    Convergence cycles: 5

System:
  Read Hamiltonian: FCIDUMP_loc_naphthalene
  Read orbitals: LTSC_naphthalene
  Complex orbitals: F
  Site kinds: [ 1, 2, 3, 1, 3, 3, 2, 3, 2, 2 ]
  Geometry:
    r_1: [ 0.00000000000000, 1.34347620379600 ]
    r_4: [ 0.00000000000000, -1.34347620379600 ]
    r_3: [ 2.34629842880300, 2.63976101399600 ]
    r_5: [ -2.34629842880300, -2.63976101399600 ]
    r_6: [ -2.34629842880300, 2.63976101399600 ]
    r_8: [ 2.34629842880300, -2.63976101399600 ]
    r_9: [ 4.58120036880600, 1.33647725770700 ]
    r_2: [ -4.58120036880600, -1.33647725770700 ]
    r_7: [ -4.58120036880600, 1.33647725770700 ]
    r_10: [ 4.58120036880600, -1.33647725770700 ]
    Tolerance: 0.05

VMC:
  nstep: 1000000
  nconfig: 500000

Jastrow: wfn.casl

Backflow: wfn.casl

Multideterminants: wfn.casl
############## End of input file dump ##############

General setup:
* Random seed: 897660376 (from timer)

* Loaded integrals for system with nelec=10, ms2=0, norb=10
* INFO: setting number of electrons from integrals file.
* Analysis of Hamiltonian connecitivity performed:
  - T_ii (local, 1-site): 10 (i) values
  - U_iiii [opp] (local, 1-site): 10 (i) values
  - U_kkii [opp] (local, 2-site): 90 contribs. from 10 (i) values
  - U_kkii [par] (local, 2-site): 45 contribs. from 9 (i) values
  - T_ji (single, 2-site): 90 contribs. from 10 (i) values
  - U_kkji [opp] (single, 2/3-site): 900 contribs. from 90 (i,j) pairs
  - U_kkji [par] (single, 3-site): 810 contribs. from 90 (i,j) pairs
  - U_lkji [opp] (double, 2/3/4-site): 8100 contribs. from 90 (i,j) pairs
  - U_lkji [par] (double, 4-site): 1740 contribs. from 72 (i,j) pairs
  - Max. no. wfn. ratios in Eloc: 1467
* Reading override orbitals from file "LTSC_naphthalene".
* Site labels:
  +--------------+
  |    6     3   |
  | 7     1     9|
  | 2     4    10|
  |    5     8   |
  +--------------+
* Read-in Site kinds:
  [ 1, 2, 3, 1, 3, 3, 2, 3, 2, 2 ]
  +---------+
  |  3   3  |
  |2   1   2|
  |2   1   2|
  |  3   3  |
  +---------+
* Maximum Site kind: 3
* Number of site-pair kinds with Tij=0: 0
* Automatically set Site pair kinds:
  Site 1: [ 0, -7, -4, 3, -8, -4, -9, 8, 9, -7 ]
  Site 2: [ -7, 0, 12, -9, 1, 10, 2, 14, 16, -15 ]
  Site 3: [ -4, 12, 0, -8, -11, 5, -13, -6, -1, 10 ]
  Site 4: [ 3, -9, -8, 0, -4, -8, -7, 4, 7, -9 ]
  Site 5: [ -8, 1, -11, -4, 0, 6, 10, -5, -12, -14 ]
  Site 6: [ -4, 10, 5, -8, 6, 0, 1, 11, 14, 12 ]
  Site 7: [ -9, 2, -13, -7, 10, 1, 0, -12, 15, -16 ]
  Site 8: [ 8, 14, -6, 4, -5, 11, -12, 0, 10, -1 ]
  Site 9: [ 9, 16, -1, 7, -12, 14, 15, 10, 0, -2 ]
  Site 10: [ -7, -15, 10, -9, -14, 12, -16, -1, -2, 0 ]
  For site 1 of kind 1:
  +--------------+
  |   -4    -4   |
  |-9     0     9|
  |-7     3    -7|
  |   -8     8   |
  +--------------+
  For site 2 of kind 2:
  +-------------------+
  |     10      12    |
  |  2      -7      16|
  |  0      -9     -15|
  |      1      14    |
  +-------------------+
  For site 3 of kind 3:
  +-------------------+
  |      5       0    |
  |-13      -4      -1|
  | 12      -8      10|
  |    -11      -6    |
  +-------------------+
* Maximum (unsigned) Site pair kind: 16
General system setup:
* Number of sites       : 10
* Number of electrons   : 10
* Spin imbalance MS2    : 0
* Filling               : 0.500000
* Number of orbitals in pool: 10
* Using real-valued orbitals
* Using double-precision arithmetic for orbitals

Trial wave function setup:
* Jastrow parameter file: "wfn.casl"
* Multideterminant parameter file: "wfn.casl"
* Backflow parameter file: "wfn.casl"
* Not using wave function manipulation

VMC #1:
* Size of Hilbert space =   6.3504E+04
* Deterministic energy evaluation:
  > Deterministic Etot/t = -383.3497501147892
    - Ttot/t = -23.36436907996303
    - Utot/t = 9.528964642344091
* Number of equil. steps   = 1000
* Running VMC equilibration.
  Done. [total walltime: 0.09s]
* Equil. acc.ratio (%)     =  14.4295
* Sample config after equilibration:
  +---------+
  |  u   u  |
  |d   d   d|
  |2   u   2|
  |  0   0  |
  +---------+
* Number of accum. steps   = 1000192 x 10
* Running VMC accumulation.
    [walltime: 1m elapsed, 26.4s remaining]
  Done. [total walltime: 1m26s]
* Acceptance ratio (%)     =  14.3482
* Etot/t                   =  -3.833497466537E+02 +/-   1.864615307269E-05
  > Ttot/t                 =  -2.336469361755E+01 +/-   3.830891592922E-04
  > Utot/t                 =   9.529292641125E+00 +/-   3.821999706444E-04
* var[Eloc/t]              =   3.503355332517E-04 +/-   3.828087350767E-06
* Correlation length       =   9.926077881834E-01
* log10 Psi^2 range: -16.32993046564911 -- -9.798292526080408
* log10 Pgen range : -16.32993046564911 -- -9.798292526080408
* Site occupation (ave. no. electrons per config.):
  > Site_  ___eu____  ___ed____
      1        0.497      0.498
      2        0.501      0.500
      3        0.500      0.499
      4        0.497      0.496
      5        0.500      0.501
      6        0.501      0.500
      7        0.500      0.501
      8        0.501      0.500
      9        0.502      0.503
     10        0.501      0.501
* Pair-correlation analysis (ave. no. pairs per config.):
  > Shell  nsite  ___dh____  __eueu___  __eued___
      0      1        0          0          1.737
      1      1        0.830      0.718      2.489
      2      1        0.286      0.645      1.114
      3      1        0.160      0.296      0.556
      4      1        0.556      1.337      2.177
      5      1        0.119      1.030      0.964
      6      1        0.146      0.846      1.107
      7      1        0.297      1.795      2.126
      8      1        0.248      2.106      1.895
      9      1        0.247      2.126      1.895
     10      1        0.228      2.165      1.872
     11      1        0.114      0.978      1.025
     12      1        0.233      2.061      1.948
     13      1        0.061      0.476      0.518
     14      1        0.183      1.436      1.560
     15      1        0.118      1.034      0.973
     16      1        0.124      0.953      1.043

Optimization #1:
* Method          : lls
* Target function : energy
* No. of configs. : 500096
* No. of params.  : 126
* Before optimization:
   4.4361E+00   4.0873E+00   4.4747E+00   8.8477E-01   7.8847E-01   9.2917E-01
  -9.0421E+00  -4.1965E+00  -4.1708E+00   3.1723E-01   4.5066E-01  -4.4882E+00
  -4.4840E+00  -4.4509E+00  -4.4469E+00  -4.4059E+00  -4.3920E+00   5.8893E-01
   5.7186E-01   1.4852E-01   8.6836E-02   8.4306E-02   1.2683E-01   1.2464E-01
   1.2708E-01   1.2501E-01   0.0000E+00  -4.7841E-01  -4.7439E-01  -5.2851E-01
  -4.3588E-01   4.7550E+01  -3.8520E+01   2.3597E+01  -1.9456E+01  -1.3173E-01
  -1.7804E-01  -2.3139E-01  -2.3015E-01   2.3742E+01  -1.9263E+01   2.3752E+01
  -1.9295E+01   2.3720E+01  -1.9295E+01  -2.9514E-01  -2.6390E-01  -4.3376E-02
  -1.0689E-01  -2.5907E-02  -5.6976E-02  -5.5195E-02  -7.5396E-02  -5.4714E-02
  -7.5832E-02   0.0000E+00   0.0000E+00  -3.9884E-02  -5.0576E-02   1.2398E+00
   1.5520E+00   1.2778E+00  -3.6261E-01  -5.2309E-01  -2.4224E-01  -2.4627E-01
   3.3994E-02  -1.6490E-01  -9.4602E-02   4.7870E-02   1.6120E-01   1.6631E-01
  -9.5637E-03  -1.0402E-02  -1.7477E-02  -1.7093E-02   7.5354E-02   1.1877E-02
   1.4852E-02  -8.6884E-02  -3.7559E-02  -2.3247E-02   3.5426E-02  -1.0699E-01
  -5.0087E-02   9.0499E-03   6.7340E-02   9.4882E-02  -4.0214E-02  -4.1137E-02
  -1.6844E-02  -1.7590E-02   1.0180E-01  -4.5874E-02  -2.1784E-01  -3.0737E-01
  -2.0032E-01  -1.9402E-01  -1.9773E-03  -9.9289E-02  -6.0756E-02   2.4516E-02
   1.0330E-01   5.5710E-02  -1.3255E-02   2.7809E-03  -2.2188E-02  -2.2845E-02
   2.8598E-02  -9.6135E-03  -8.2598E-02  -1.1323E-01  -6.7270E-02  -7.4234E-02
   7.5260E-03  -5.8979E-02  -3.3349E-02  -3.0010E-03   4.5136E-02   1.8648E-02
  -3.3042E-02  -2.0733E-02  -2.2123E-02  -2.2740E-02   4.3830E-02  -4.6587E-02
  > E    =  -3.833497357040E+02 +/-   2.654738382525E-05
  > varE =   3.524494512869E-04
* Computing derivatives.
    [walltime: 1m1s elapsed, 1h3m remaining]
    [walltime: 1h elapsed, 4m6s remaining]
  Done. [total walltime: 1h4m]
* Optimizing manipulation constant:
  #igrid a___________ E____________________________________ varE____________
     1     Infinity    -3.83349736E+02 +/-   2.65473838E-05   3.52449451E-04
     2     1.0000E+06  -3.83349736E+02 +/-   2.65473828E-05   3.52449424E-04
     3     2.1544E+05  -3.83349736E+02 +/-   2.65473791E-05   3.52449326E-04
     4     4.6416E+04  -3.83349736E+02 +/-   2.65473619E-05   3.52448868E-04
     5     1.0000E+04  -3.83349736E+02 +/-   2.65472821E-05   3.52446751E-04
     6     2.1544E+03  -3.83349736E+02 +/-   2.65469175E-05   3.52437070E-04
     7     4.6416E+02  -3.83349736E+02 +/-   2.65453434E-05   3.52395276E-04
     8     1.0000E+02  -3.83349736E+02 +/-   2.65406066E-05   3.52269523E-04
     9     2.1544E+01  -3.83349735E+02 +/-   2.66035392E-05   3.53942093E-04
    10     4.6416E+00  -3.83349424E+02 +/-   3.51422273E-05   6.17606626E-04
    11     1.0000E+00  -3.83335256E+02 +/-   1.55750629E-04   1.21314580E-02
    12     2.1544E-01  -3.83322477E+02 +/-   2.11420074E-04   2.23535150E-02
    13     4.6416E-02  -3.82673291E+02 +/-   9.22405929E-04   4.25498029E-01
    14     1.0000E-02  -3.80880421E+02 +/-   1.08277652E-03   5.86315047E-01
    15     2.1544E-03  -3.80880404E+02 +/-   1.08233873E-03   5.85841026E-01
    16     4.6416E-04  -3.80880453E+02 +/-   1.08210537E-03   5.85588427E-01
    17     1.0000E-04  -3.80880466E+02 +/-   1.08204647E-03   5.85524679E-01
    18     2.1544E-05  -3.80880470E+02 +/-   1.08203330E-03   5.85510428E-01
    19     4.6416E-06  -3.80880470E+02 +/-   1.08203044E-03   5.85507333E-01
    20     1.0000E-06  -3.80880470E+02 +/-   1.08202982E-03   5.85506666E-01
    21     0.0000E+00  -3.80880470E+02 +/-   1.08202965E-03   5.85506482E-01
* Iteration # 1: E =  -3.833497359868E+02 +/-   2.654060661815E-05
* Convergence: exiting.
* After optimization:
   4.4170E+00   4.0678E+00   4.4553E+00   8.8528E-01   7.8894E-01   9.2912E-01
  -9.0420E+00  -4.1959E+00  -4.1702E+00   3.1816E-01   4.5142E-01  -4.4881E+00
  -4.4839E+00  -4.4504E+00  -4.4465E+00  -4.4057E+00  -4.3918E+00   5.8929E-01
   5.7222E-01   1.4937E-01   8.7266E-02   8.4741E-02   1.2738E-01   1.2520E-01
   1.2762E-01   1.2555E-01   1.5486E-04  -4.8031E-01  -4.7290E-01  -5.2843E-01
  -4.3589E-01   4.7549E+01  -3.8520E+01   2.3595E+01  -1.9454E+01  -1.3547E-01
  -1.7522E-01  -2.3497E-01  -2.2735E-01   2.3742E+01  -1.9263E+01   2.3750E+01
  -1.9294E+01   2.3719E+01  -1.9295E+01  -2.9693E-01  -2.6249E-01  -4.7039E-02
  -1.0408E-01  -2.7747E-02  -5.5559E-02  -5.7156E-02  -7.4001E-02  -5.6679E-02
  -7.4439E-02  -1.2716E-04   3.8786E-05  -3.9845E-02  -5.0620E-02   1.2501E+00
   1.5652E+00   1.2885E+00  -3.6539E-01  -5.2779E-01  -2.4426E-01  -2.4800E-01
   3.4264E-02  -1.6639E-01  -9.5252E-02   4.8323E-02   1.6245E-01   1.6779E-01
  -9.6189E-03  -1.0419E-02  -1.7559E-02  -1.7187E-02   7.5789E-02   1.2255E-02
   1.5232E-02  -8.7826E-02  -3.7930E-02  -2.3223E-02   3.5727E-02  -1.0806E-01
  -5.0405E-02   9.1853E-03   6.7871E-02   9.5790E-02  -4.0605E-02  -4.1546E-02
  -1.6978E-02  -1.7720E-02   1.0268E-01  -4.6287E-02  -2.1762E-01  -3.0738E-01
  -2.0030E-01  -1.9379E-01  -2.0157E-03  -9.9270E-02  -6.0645E-02   2.4597E-02
   1.0319E-01   5.5864E-02  -1.3194E-02   2.7587E-03  -2.2102E-02  -2.2753E-02
   2.8523E-02  -9.3553E-03  -8.2336E-02  -1.1323E-01  -6.7271E-02  -7.4070E-02
   7.5018E-03  -5.9029E-02  -3.3289E-02  -2.9227E-03   4.5090E-02   1.8842E-02
  -3.3052E-02  -2.0843E-02  -2.2058E-02  -2.2677E-02   4.3906E-02  -4.6520E-02
  > Energy =  -3.833497359868E+02 +/-   2.654060661815E-05
  > varE =   3.522695225945E-04

VMC #2:
* Size of Hilbert space =   6.3504E+04
* Deterministic energy evaluation:
  > Deterministic Etot/t = -383.3497502945979
    - Ttot/t = -23.36434117815251
    - Utot/t = 9.528936560724967
* Number of equil. steps   = 1000
* Running VMC equilibration.
  Done. [total walltime: 0.09s]
* Equil. acc.ratio (%)     =  14.3051
* Sample config after equilibration:
  +---------+
  |  d   2  |
  |u   u   0|
  |d   d   d|
  |  u   u  |
  +---------+
* Number of accum. steps   = 1000192 x 10
* Running VMC accumulation.
    [walltime: 1m elapsed, 10.2s remaining]
  Done. [total walltime: 1m10s]
* Acceptance ratio (%)     =  14.2220
* Etot/t                   =  -3.833497390614E+02 +/-   1.852224732039E-05
  > Ttot/t                 =  -2.336380227304E+01 +/-   3.796212344300E-04
  > Utot/t                 =   9.528408888773E+00 +/-   3.786590461827E-04
* var[Eloc/t]              =   3.479999329467E-04 +/-   3.727748204766E-06
* Correlation length       =   9.860332817655E-01
* log10 Psi^2 range: -16.90113949321712 -- -9.801690799824998
* log10 Pgen range : -16.90113949321712 -- -9.801690799824998
* Site occupation (ave. no. electrons per config.):
  > Site_  ___eu____  ___ed____
      1        0.499      0.497
      2        0.502      0.501
      3        0.499      0.501
      4        0.498      0.497
      5        0.498      0.500
      6        0.500      0.501
      7        0.500      0.501
      8        0.500      0.501
      9        0.502      0.500
     10        0.502      0.501
* Pair-correlation analysis (ave. no. pairs per config.):
  > Shell  nsite  ___dh____  __eueu___  __eued___
      0      1        0          0          1.734
      1      1        0.827      0.716      2.492
      2      1        0.286      0.643      1.115
      3      1        0.160      0.297      0.556
      4      1        0.556      1.337      2.178
      5      1        0.118      1.030      0.963
      6      1        0.145      0.844      1.106
      7      1        0.297      1.796      2.129
      8      1        0.246      2.107      1.897
      9      1        0.247      2.128      1.895
     10      1        0.225      2.167      1.869
     11      1        0.114      0.976      1.025
     12      1        0.233      2.062      1.944
     13      1        0.061      0.476      0.519
     14      1        0.182      1.433      1.559
     15      1        0.118      1.036      0.972
     16      1        0.124      0.951      1.045

Optimization #2:
* Method          : lls
* Target function : energy
* No. of configs. : 500096
* No. of params.  : 126
* Before optimization:
   4.4170E+00   4.0678E+00   4.4553E+00   8.8528E-01   7.8894E-01   9.2912E-01
  -9.0420E+00  -4.1959E+00  -4.1702E+00   3.1816E-01   4.5142E-01  -4.4881E+00
  -4.4839E+00  -4.4504E+00  -4.4465E+00  -4.4057E+00  -4.3918E+00   5.8929E-01
   5.7222E-01   1.4937E-01   8.7266E-02   8.4741E-02   1.2738E-01   1.2520E-01
   1.2762E-01   1.2555E-01   1.5486E-04  -4.8031E-01  -4.7290E-01  -5.2843E-01
  -4.3589E-01   4.7549E+01  -3.8520E+01   2.3595E+01  -1.9454E+01  -1.3547E-01
  -1.7522E-01  -2.3497E-01  -2.2735E-01   2.3742E+01  -1.9263E+01   2.3750E+01
  -1.9294E+01   2.3719E+01  -1.9295E+01  -2.9693E-01  -2.6249E-01  -4.7039E-02
  -1.0408E-01  -2.7747E-02  -5.5559E-02  -5.7156E-02  -7.4001E-02  -5.6679E-02
  -7.4439E-02  -1.2716E-04   3.8786E-05  -3.9845E-02  -5.0620E-02   1.2501E+00
   1.5652E+00   1.2885E+00  -3.6539E-01  -5.2779E-01  -2.4426E-01  -2.4800E-01
   3.4264E-02  -1.6639E-01  -9.5252E-02   4.8323E-02   1.6245E-01   1.6779E-01
  -9.6189E-03  -1.0419E-02  -1.7559E-02  -1.7187E-02   7.5789E-02   1.2255E-02
   1.5232E-02  -8.7826E-02  -3.7930E-02  -2.3223E-02   3.5727E-02  -1.0806E-01
  -5.0405E-02   9.1853E-03   6.7871E-02   9.5790E-02  -4.0605E-02  -4.1546E-02
  -1.6978E-02  -1.7720E-02   1.0268E-01  -4.6287E-02  -2.1762E-01  -3.0738E-01
  -2.0030E-01  -1.9379E-01  -2.0157E-03  -9.9270E-02  -6.0645E-02   2.4597E-02
   1.0319E-01   5.5864E-02  -1.3194E-02   2.7587E-03  -2.2102E-02  -2.2753E-02
   2.8523E-02  -9.3553E-03  -8.2336E-02  -1.1323E-01  -6.7271E-02  -7.4070E-02
   7.5018E-03  -5.9029E-02  -3.3289E-02  -2.9227E-03   4.5090E-02   1.8842E-02
  -3.3052E-02  -2.0843E-02  -2.2058E-02  -2.2677E-02   4.3906E-02  -4.6520E-02
  > E    =  -3.833496960756E+02 +/-   2.625888966609E-05
  > varE =   3.448308380594E-04
* Computing derivatives.
    [walltime: 1m1s elapsed, 1h3m remaining]
    [walltime: 1h elapsed, 4m3s remaining]
  Done. [total walltime: 1h4m]
* Optimizing manipulation constant:
  #igrid a___________ E____________________________________ varE____________
     1     Infinity    -3.83349696E+02 +/-   2.62588897E-05   3.44830838E-04
     2     1.0000E+06  -3.83349696E+02 +/-   2.62588888E-05   3.44830814E-04
     3     2.1544E+05  -3.83349696E+02 +/-   2.62588855E-05   3.44830727E-04
     4     4.6416E+04  -3.83349696E+02 +/-   2.62588701E-05   3.44830324E-04
     5     1.0000E+04  -3.83349696E+02 +/-   2.62587989E-05   3.44828454E-04
     6     2.1544E+03  -3.83349696E+02 +/-   2.62584691E-05   3.44819792E-04
     7     4.6416E+02  -3.83349696E+02 +/-   2.62569532E-05   3.44779980E-04
     8     1.0000E+02  -3.83349696E+02 +/-   2.62502332E-05   3.44603522E-04
     9     2.1544E+01  -3.83349697E+02 +/-   2.62255422E-05   3.43955559E-04
    10     4.6416E+00  -3.83349692E+02 +/-   2.62855835E-05   3.45532279E-04
    11     1.0000E+00  -3.83349438E+02 +/-   3.27199883E-05   5.35401594E-04
    12     2.1544E-01  -3.83345748E+02 +/-   8.31671575E-05   3.45905205E-03
    13     4.6416E-02  -3.83243119E+02 +/-   4.07178393E-04   8.29130382E-02
    14     1.0000E-02  -3.80993689E+02 +/-   1.18448462E-03   7.01636601E-01
    15     2.1544E-03  -3.80894036E+02 +/-   1.16011000E-03   6.73056808E-01
    16     4.6416E-04  -3.80886976E+02 +/-   1.16074077E-03   6.73788912E-01
    17     1.0000E-04  -3.80884923E+02 +/-   1.16087488E-03   6.73944615E-01
    18     2.1544E-05  -3.80884456E+02 +/-   1.16090289E-03   6.73977142E-01
    19     4.6416E-06  -3.80884354E+02 +/-   1.16090888E-03   6.73984092E-01
    20     1.0000E-06  -3.80884332E+02 +/-   1.16091017E-03   6.73985587E-01
    21     0.0000E+00  -3.80884326E+02 +/-   1.16091052E-03   6.73985997E-01
* Iteration # 1: E =  -3.833496969369E+02 +/-   2.622554220836E-05
* Convergence: exiting.
* After optimization:
   4.4350E+00   4.0845E+00   4.4726E+00   8.8592E-01   7.8942E-01   9.2912E-01
  -9.0412E+00  -4.1950E+00  -4.1692E+00   3.1916E-01   4.5207E-01  -4.4878E+00
  -4.4835E+00  -4.4497E+00  -4.4458E+00  -4.4050E+00  -4.3910E+00   5.8958E-01
   5.7241E-01   1.5008E-01   8.7672E-02   8.5149E-02   1.2823E-01   1.2606E-01
   1.2844E-01   1.2639E-01   8.1272E-04  -4.8143E-01  -4.7201E-01  -5.2821E-01
  -4.3593E-01   4.7547E+01  -3.8519E+01   2.3592E+01  -1.9453E+01  -1.3745E-01
  -1.7411E-01  -2.3646E-01  -2.2650E-01   2.3741E+01  -1.9263E+01   2.3748E+01
  -1.9292E+01   2.3718E+01  -1.9294E+01  -2.9773E-01  -2.6201E-01  -4.8770E-02
  -1.0305E-01  -2.8668E-02  -5.5016E-02  -5.8564E-02  -7.3529E-02  -5.8108E-02
  -7.3963E-02  -6.8738E-04   2.1289E-04  -3.9749E-02  -5.0848E-02   1.2358E+00
   1.5485E+00   1.2743E+00  -3.6066E-01  -5.2294E-01  -2.4265E-01  -2.4478E-01
   3.3875E-02  -1.6526E-01  -9.3696E-02   4.7876E-02   1.6076E-01   1.6625E-01
  -9.2879E-03  -1.0360E-02  -1.7274E-02  -1.6937E-02   7.5230E-02   1.2810E-02
   1.5816E-02  -8.7445E-02  -3.8858E-02  -2.2692E-02   3.5485E-02  -1.0761E-01
  -4.9495E-02   9.2943E-03   6.7346E-02   9.4919E-02  -4.0145E-02  -4.1506E-02
  -1.6796E-02  -1.7516E-02   1.0216E-01  -4.5976E-02  -2.1701E-01  -3.0734E-01
  -2.0079E-01  -1.9343E-01  -2.0772E-03  -9.9138E-02  -6.0310E-02   2.5016E-02
   1.0311E-01   5.6500E-02  -1.3015E-02   2.5224E-03  -2.1936E-02  -2.2518E-02
   2.8733E-02  -8.7543E-03  -8.1508E-02  -1.1303E-01  -6.7895E-02  -7.3903E-02
   7.5328E-03  -5.9028E-02  -3.3072E-02  -2.4493E-03   4.5151E-02   1.9512E-02
  -3.3044E-02  -2.1319E-02  -2.1897E-02  -2.2513E-02   4.4462E-02  -4.6434E-02
  > Energy =  -3.833496969369E+02 +/-   2.622554220836E-05
  > varE =   3.439555588514E-04

VMC #3:
* Size of Hilbert space =   6.3504E+04
* Deterministic energy evaluation:
  > Deterministic Etot/t = -383.3497512908496
    - Ttot/t = -23.36429538639784
    - Utot/t = 9.528889772718603
* Number of equil. steps   = 1000
* Running VMC equilibration.
  Done. [total walltime: 0.09s]
* Equil. acc.ratio (%)     =  14.4209
* Sample config after equilibration:
  +---------+
  |  u   d  |
  |d   0   2|
  |u   d   0|
  |  2   u  |
  +---------+
* Number of accum. steps   = 1000192 x 10
* Running VMC accumulation.
    [walltime: 1m elapsed, 9.88s remaining]
  Done. [total walltime: 1m9s]
* Acceptance ratio (%)     =  14.3876
* Etot/t                   =  -3.833497557030E+02 +/-   1.887952204079E-05
  > Ttot/t                 =  -2.336515440873E+01 +/-   3.793870590730E-04
  > Utot/t                 =   9.529744382752E+00 +/-   3.780797733125E-04
* var[Eloc/t]              =   3.504796445560E-04 +/-   4.389948987404E-06
* Correlation length       =   1.017191137363E+00
* log10 Psi^2 range: -16.38199062366370 -- -9.811733970963658
* log10 Pgen range : -16.38199062366370 -- -9.811733970963658
* Site occupation (ave. no. electrons per config.):
  > Site_  ___eu____  ___ed____
      1        0.497      0.498
      2        0.502      0.500
      3        0.500      0.500
      4        0.498      0.497
      5        0.499      0.501
      6        0.500      0.501
      7        0.502      0.500
      8        0.500      0.499
      9        0.500      0.501
     10        0.502      0.502
* Pair-correlation analysis (ave. no. pairs per config.):
  > Shell  nsite  ___dh____  __eueu___  __eued___
      0      1        0          0          1.737
      1      1        0.830      0.716      2.490
      2      1        0.287      0.644      1.113
      3      1        0.160      0.297      0.557
      4      1        0.555      1.339      2.178
      5      1        0.118      1.029      0.965
      6      1        0.144      0.846      1.108
      7      1        0.297      1.796      2.127
      8      1        0.248      2.107      1.894
      9      1        0.247      2.126      1.896
     10      1        0.227      2.165      1.870
     11      1        0.114      0.978      1.025
     12      1        0.233      2.060      1.948
     13      1        0.061      0.478      0.520
     14      1        0.183      1.435      1.555
     15      1        0.118      1.034      0.974
     16      1        0.125      0.952      1.044

Optimization #3:
* Method          : lls
* Target function : energy
* No. of configs. : 500096
* No. of params.  : 126
* Before optimization:
   4.4350E+00   4.0845E+00   4.4726E+00   8.8592E-01   7.8942E-01   9.2912E-01
  -9.0412E+00  -4.1950E+00  -4.1692E+00   3.1916E-01   4.5207E-01  -4.4878E+00
  -4.4835E+00  -4.4497E+00  -4.4458E+00  -4.4050E+00  -4.3910E+00   5.8958E-01
   5.7241E-01   1.5008E-01   8.7672E-02   8.5149E-02   1.2823E-01   1.2606E-01
   1.2844E-01   1.2639E-01   8.1272E-04  -4.8143E-01  -4.7201E-01  -5.2821E-01
  -4.3593E-01   4.7547E+01  -3.8519E+01   2.3592E+01  -1.9453E+01  -1.3745E-01
  -1.7411E-01  -2.3646E-01  -2.2650E-01   2.3741E+01  -1.9263E+01   2.3748E+01
  -1.9292E+01   2.3718E+01  -1.9294E+01  -2.9773E-01  -2.6201E-01  -4.8770E-02
  -1.0305E-01  -2.8668E-02  -5.5016E-02  -5.8564E-02  -7.3529E-02  -5.8108E-02
  -7.3963E-02  -6.8738E-04   2.1289E-04  -3.9749E-02  -5.0848E-02   1.2358E+00
   1.5485E+00   1.2743E+00  -3.6066E-01  -5.2294E-01  -2.4265E-01  -2.4478E-01
   3.3875E-02  -1.6526E-01  -9.3696E-02   4.7876E-02   1.6076E-01   1.6625E-01
  -9.2879E-03  -1.0360E-02  -1.7274E-02  -1.6937E-02   7.5230E-02   1.2810E-02
   1.5816E-02  -8.7445E-02  -3.8858E-02  -2.2692E-02   3.5485E-02  -1.0761E-01
  -4.9495E-02   9.2943E-03   6.7346E-02   9.4919E-02  -4.0145E-02  -4.1506E-02
  -1.6796E-02  -1.7516E-02   1.0216E-01  -4.5976E-02  -2.1701E-01  -3.0734E-01
  -2.0079E-01  -1.9343E-01  -2.0772E-03  -9.9138E-02  -6.0310E-02   2.5016E-02
   1.0311E-01   5.6500E-02  -1.3015E-02   2.5224E-03  -2.1936E-02  -2.2518E-02
   2.8733E-02  -8.7543E-03  -8.1508E-02  -1.1303E-01  -6.7895E-02  -7.3903E-02
   7.5328E-03  -5.9028E-02  -3.3072E-02  -2.4493E-03   4.5151E-02   1.9512E-02
  -3.3044E-02  -2.1319E-02  -2.1897E-02  -2.2513E-02   4.4462E-02  -4.6434E-02
  > E    =  -3.833497579798E+02 +/-   2.623467537880E-05
  > varE =   3.441951689020E-04
* Computing derivatives.
    [walltime: 1m1s elapsed, 1h3m remaining]
    [walltime: 1h elapsed, 4m3s remaining]
  Done. [total walltime: 1h4m]
* Optimizing manipulation constant:
  #igrid a___________ E____________________________________ varE____________
     1     Infinity    -3.83349758E+02 +/-   2.62346754E-05   3.44195169E-04
     2     1.0000E+06  -3.83349758E+02 +/-   2.62346745E-05   3.44195147E-04
     3     2.1544E+05  -3.83349758E+02 +/-   2.62346715E-05   3.44195066E-04
     4     4.6416E+04  -3.83349758E+02 +/-   2.62346573E-05   3.44194694E-04
     5     1.0000E+04  -3.83349758E+02 +/-   2.62345920E-05   3.44192981E-04
     6     2.1544E+03  -3.83349758E+02 +/-   2.62343036E-05   3.44185414E-04
     7     4.6416E+02  -3.83349758E+02 +/-   2.62332790E-05   3.44158529E-04
     8     1.0000E+02  -3.83349758E+02 +/-   2.62358299E-05   3.44225463E-04
     9     2.1544E+01  -3.83349747E+02 +/-   2.66693296E-05   3.55694852E-04
    10     4.6416E+00  -3.83344355E+02 +/-   9.81583679E-05   4.81845756E-03
    11     1.0000E+00  -3.82822245E+02 +/-   8.37845004E-04   3.51059516E-01
    12     2.1544E-01  -3.80876797E+02 +/-   1.10642773E-03   6.12208677E-01
    13     4.6416E-02  -3.80830111E+02 +/-   1.10582831E-03   6.11545519E-01
    14     1.0000E-02  -3.80783279E+02 +/-   1.10237301E-03   6.07729787E-01
    15     2.1544E-03  -3.80742282E+02 +/-   1.09665964E-03   6.01446634E-01
    16     4.6416E-04  -3.80729908E+02 +/-   1.09434509E-03   5.98910558E-01
    17     1.0000E-04  -3.80727085E+02 +/-   1.09378114E-03   5.98293440E-01
    18     2.1544E-05  -3.80726470E+02 +/-   1.09365650E-03   5.98157094E-01
    19     4.6416E-06  -3.80726337E+02 +/-   1.09362950E-03   5.98127560E-01
    20     1.0000E-06  -3.80726308E+02 +/-   1.09362368E-03   5.98121190E-01
    21     0.0000E+00  -3.80726300E+02 +/-   1.09362208E-03   5.98119441E-01
  ParMin   2.1375E+02  -3.83349758E+02 +/-   2.62327312E-05   3.44144156E-04
  # Using grid point #8
* Iteration # 1: E =  -3.833497581079E+02 +/-   2.623582986921E-05
* Convergence: exiting.
* After optimization:
   4.4578E+00   4.1070E+00   4.4953E+00   8.8718E-01   7.9065E-01   9.2904E-01
  -9.0438E+00  -4.1951E+00  -4.1693E+00   3.2149E-01   4.5427E-01  -4.4890E+00
  -4.4848E+00  -4.4498E+00  -4.4460E+00  -4.4062E+00  -4.3922E+00   5.9066E-01
   5.7347E-01   1.5235E-01   8.8809E-02   8.6287E-02   1.2946E-01   1.2731E-01
   1.2967E-01   1.2763E-01   9.4455E-04  -4.8705E-01  -4.6752E-01  -5.2810E-01
  -4.3594E-01   4.7560E+01  -3.8529E+01   2.3593E+01  -1.9454E+01  -1.4850E-01
  -1.6536E-01  -2.4739E-01  -2.1778E-01   2.3747E+01  -1.9268E+01   2.3749E+01
  -1.9293E+01   2.3724E+01  -1.9299E+01  -3.0318E-01  -2.5763E-01  -5.9791E-02
  -9.4328E-02  -3.4175E-02  -5.0635E-02  -6.4186E-02  -6.9167E-02  -6.3739E-02
  -6.9607E-02  -8.0296E-04   2.6246E-04  -3.9698E-02  -5.0851E-02   1.2202E+00
   1.5291E+00   1.2582E+00  -3.5558E-01  -5.1629E-01  -2.3949E-01  -2.4135E-01
   3.3450E-02  -1.6330E-01  -9.2410E-02   4.7328E-02   1.5870E-01   1.6424E-01
  -9.2128E-03  -1.0218E-02  -1.6980E-02  -1.6660E-02   7.4209E-02   1.2671E-02
   1.6132E-02  -8.6254E-02  -3.8375E-02  -2.2115E-02   3.5008E-02  -1.0645E-01
  -4.8812E-02   9.2758E-03   6.6488E-02   9.3785E-02  -3.9680E-02  -4.0988E-02
  -1.6532E-02  -1.7239E-02   1.0088E-01  -4.5473E-02  -2.1665E-01  -3.0717E-01
  -2.0068E-01  -1.9320E-01  -2.0624E-03  -9.9134E-02  -6.0279E-02   2.5079E-02
   1.0302E-01   5.6646E-02  -1.2988E-02   2.4378E-03  -2.1833E-02  -2.2414E-02
   2.8742E-02  -8.6482E-03  -8.1078E-02  -1.1286E-01  -6.7851E-02  -7.3685E-02
   7.5261E-03  -5.9096E-02  -3.3078E-02  -2.3485E-03   4.5081E-02   1.9658E-02
  -3.3005E-02  -2.1414E-02  -2.1819E-02  -2.2433E-02   4.4525E-02  -4.6397E-02
  > Energy =  -3.833497581079E+02 +/-   2.623582986921E-05
  > varE =   3.442254630650E-04

VMC #4:
* Size of Hilbert space =   6.3504E+04
* Deterministic energy evaluation:
  > Deterministic Etot/t = -383.3497512568094
    - Ttot/t = -23.36421975449164
    - Utot/t = 9.528814174852640
* Number of equil. steps   = 1000
* Running VMC equilibration.
  Done. [total walltime: 0.09s]
* Equil. acc.ratio (%)     =  14.5763
* Sample config after equilibration:
  +---------+
  |  d   d  |
  |d   u   u|
  |0   u   2|
  |  u   d  |
  +---------+
* Number of accum. steps   = 1000192 x 10
* Running VMC accumulation.
    [walltime: 1m elapsed, 9.92s remaining]
  Done. [total walltime: 1m9s]
* Acceptance ratio (%)     =  14.5642
* Etot/t                   =  -3.833497439413E+02 +/-   1.977204858554E-05
  > Ttot/t                 =  -2.336347951254E+01 +/-   3.841550867909E-04
  > Utot/t                 =   9.528081248331E+00 +/-   3.832466861765E-04
* var[Eloc/t]              =   3.908680316942E-04 +/-   3.628377682932E-05
* Correlation length       =   1.000360563855E+00
* log10 Psi^2 range: -16.44904480413189 -- -9.815748476946133
* log10 Pgen range : -16.44904480413189 -- -9.815748476946133
* Site occupation (ave. no. electrons per config.):
  > Site_  ___eu____  ___ed____
      1        0.498      0.497
      2        0.500      0.501
      3        0.499      0.500
      4        0.496      0.497
      5        0.501      0.501
      6        0.500      0.499
      7        0.501      0.502
      8        0.501      0.501
      9        0.502      0.502
     10        0.501      0.500
* Pair-correlation analysis (ave. no. pairs per config.):
  > Shell  nsite  ___dh____  __eueu___  __eued___
      0      1        0          0          1.734
      1      1        0.827      0.717      2.494
      2      1        0.286      0.643      1.115
      3      1        0.160      0.295      0.555
      4      1        0.554      1.336      2.179
      5      1        0.119      1.031      0.964
      6      1        0.145      0.845      1.109
      7      1        0.297      1.793      2.125
      8      1        0.247      2.106      1.893
      9      1        0.247      2.125      1.892
     10      1        0.226      2.170      1.869
     11      1        0.113      0.978      1.027
     12      1        0.232      2.064      1.946
     13      1        0.061      0.479      0.519
     14      1        0.182      1.433      1.561
     15      1        0.118      1.035      0.974
     16      1        0.124      0.951      1.044

Optimization #4:
* Method          : lls
* Target function : energy
* No. of configs. : 500096
* No. of params.  : 126
* Before optimization:
   4.4578E+00   4.1070E+00   4.4953E+00   8.8718E-01   7.9065E-01   9.2904E-01
  -9.0438E+00  -4.1951E+00  -4.1693E+00   3.2149E-01   4.5427E-01  -4.4890E+00
  -4.4848E+00  -4.4498E+00  -4.4460E+00  -4.4062E+00  -4.3922E+00   5.9066E-01
   5.7347E-01   1.5235E-01   8.8809E-02   8.6287E-02   1.2946E-01   1.2731E-01
   1.2967E-01   1.2763E-01   9.4455E-04  -4.8705E-01  -4.6752E-01  -5.2810E-01
  -4.3594E-01   4.7560E+01  -3.8529E+01   2.3593E+01  -1.9454E+01  -1.4850E-01
  -1.6536E-01  -2.4739E-01  -2.1778E-01   2.3747E+01  -1.9268E+01   2.3749E+01
  -1.9293E+01   2.3724E+01  -1.9299E+01  -3.0318E-01  -2.5763E-01  -5.9791E-02
  -9.4328E-02  -3.4175E-02  -5.0635E-02  -6.4186E-02  -6.9167E-02  -6.3739E-02
  -6.9607E-02  -8.0296E-04   2.6246E-04  -3.9698E-02  -5.0851E-02   1.2202E+00
   1.5291E+00   1.2582E+00  -3.5558E-01  -5.1629E-01  -2.3949E-01  -2.4135E-01
   3.3450E-02  -1.6330E-01  -9.2410E-02   4.7328E-02   1.5870E-01   1.6424E-01
  -9.2128E-03  -1.0218E-02  -1.6980E-02  -1.6660E-02   7.4209E-02   1.2671E-02
   1.6132E-02  -8.6254E-02  -3.8375E-02  -2.2115E-02   3.5008E-02  -1.0645E-01
  -4.8812E-02   9.2758E-03   6.6488E-02   9.3785E-02  -3.9680E-02  -4.0988E-02
  -1.6532E-02  -1.7239E-02   1.0088E-01  -4.5473E-02  -2.1665E-01  -3.0717E-01
  -2.0068E-01  -1.9320E-01  -2.0624E-03  -9.9134E-02  -6.0279E-02   2.5079E-02
   1.0302E-01   5.6646E-02  -1.2988E-02   2.4378E-03  -2.1833E-02  -2.2414E-02
   2.8742E-02  -8.6482E-03  -8.1078E-02  -1.1286E-01  -6.7851E-02  -7.3685E-02
   7.5261E-03  -5.9096E-02  -3.3078E-02  -2.3485E-03   4.5081E-02   1.9658E-02
  -3.3005E-02  -2.1414E-02  -2.1819E-02  -2.2433E-02   4.4525E-02  -4.6397E-02
  > E    =  -3.833497198300E+02 +/-   2.686682711425E-05
  > varE =   3.609824949277E-04
* Computing derivatives.
    [walltime: 1m1s elapsed, 1h3m remaining]
    [walltime: 1h elapsed, 4m3s remaining]
  Done. [total walltime: 1h4m]
* Optimizing manipulation constant:
  #igrid a___________ E____________________________________ varE____________
     1     Infinity    -3.83349720E+02 +/-   2.68668271E-05   3.60982495E-04
     2     1.0000E+06  -3.83349720E+02 +/-   2.68668262E-05   3.60982470E-04
     3     2.1544E+05  -3.83349720E+02 +/-   2.68668228E-05   3.60982379E-04
     4     4.6416E+04  -3.83349720E+02 +/-   2.68668071E-05   3.60981957E-04
     5     1.0000E+04  -3.83349720E+02 +/-   2.68667342E-05   3.60979998E-04
     6     2.1544E+03  -3.83349720E+02 +/-   2.68663977E-05   3.60970956E-04
     7     4.6416E+02  -3.83349720E+02 +/-   2.68648730E-05   3.60929985E-04
     8     1.0000E+02  -3.83349720E+02 +/-   2.68585831E-05   3.60760995E-04
     9     2.1544E+01  -3.83349720E+02 +/-   2.68464406E-05   3.60434877E-04
    10     4.6416E+00  -3.83349694E+02 +/-   2.74896573E-05   3.77913174E-04
    11     1.0000E+00  -3.83348576E+02 +/-   4.98494908E-05   1.24272442E-03
    12     2.1544E-01  -3.83345364E+02 +/-   8.63395240E-05   3.72797233E-03
    13     4.6416E-02  -3.83347945E+02 +/-   5.46660918E-05   1.49447768E-03
    14     1.0000E-02  -3.83347469E+02 +/-   5.94762443E-05   1.76905141E-03
    15     2.1544E-03  -3.83326284E+02 +/-   1.83656892E-04   1.68681651E-02
    16     4.6416E-04  -3.83282526E+02 +/-   3.12988299E-04   4.89902419E-02
    17     1.0000E-04  -3.83266616E+02 +/-   3.47928732E-04   6.05388224E-02
    18     2.1544E-05  -3.83262805E+02 +/-   3.55749981E-04   6.32911741E-02
    19     4.6416E-06  -3.83261965E+02 +/-   3.57448016E-04   6.38968081E-02
    20     1.0000E-06  -3.83261783E+02 +/-   3.57814443E-04   6.40278788E-02
    21     0.0000E+00  -3.83261733E+02 +/-   3.57915102E-04   6.40639082E-02
  ParMin   4.6051E+01  -3.83349720E+02 +/-   2.68515580E-05   3.60572301E-04
  # Using parabolic minimum
* Iteration # 1: E =  -3.833497202665E+02 +/-   2.685155804681E-05
* Convergence: exiting.
* After optimization:
   4.4632E+00   4.1127E+00   4.5006E+00   8.8599E-01   7.8955E-01   9.2909E-01
  -9.0290E+00  -4.1890E+00  -4.1632E+00   3.1870E-01   4.5129E-01  -4.4817E+00
  -4.4775E+00  -4.4440E+00  -4.4402E+00  -4.3987E+00  -4.3847E+00   5.8913E-01
   5.7190E-01   1.4941E-01   8.7348E-02   8.4827E-02   1.2821E-01   1.2607E-01
   1.2842E-01   1.2639E-01   1.2412E-03  -4.7963E-01  -4.7348E-01  -5.2803E-01
  -4.3599E-01   4.7487E+01  -3.8471E+01   2.3564E+01  -1.9431E+01  -1.3337E-01
  -1.7763E-01  -2.3206E-01  -2.3015E-01   2.3711E+01  -1.9239E+01   2.3721E+01
  -1.9270E+01   2.3688E+01  -1.9270E+01  -2.9550E-01  -2.6379E-01  -4.4555E-02
  -1.0663E-01  -2.6567E-02  -5.6756E-02  -5.6825E-02  -7.5346E-02  -5.6384E-02
  -7.5781E-02  -1.0511E-03   3.5593E-04  -3.9524E-02  -5.0827E-02   1.2105E+00
   1.5165E+00   1.2481E+00  -3.5178E-01  -5.1206E-01  -2.3759E-01  -2.3890E-01
   3.3213E-02  -1.6254E-01  -9.1744E-02   4.7076E-02   1.5732E-01   1.6292E-01
  -9.1014E-03  -1.0007E-02  -1.6517E-02  -1.6176E-02   7.3270E-02   1.2794E-02
   1.6828E-02  -8.5789E-02  -3.8390E-02  -2.1458E-02   3.4646E-02  -1.0650E-01
  -4.8613E-02   9.5077E-03   6.5863E-02   9.3229E-02  -3.9395E-02  -4.0726E-02
  -1.6227E-02  -1.6908E-02   1.0010E-01  -4.5374E-02  -2.1577E-01  -3.0665E-01
  -2.0048E-01  -1.9263E-01  -1.9381E-03  -9.9284E-02  -6.0275E-02   2.5384E-02
   1.0299E-01   5.7061E-02  -1.2894E-02   2.4043E-03  -2.1503E-02  -2.2071E-02
   2.8619E-02  -8.3505E-03  -8.0009E-02  -1.1248E-01  -6.7794E-02  -7.3096E-02
   7.5234E-03  -5.9572E-02  -3.3194E-02  -1.9320E-03   4.5056E-02   2.0221E-02
  -3.2962E-02  -2.1594E-02  -2.1599E-02  -2.2210E-02   4.4694E-02  -4.6431E-02
  > Energy =  -3.833497202665E+02 +/-   2.685155804681E-05
  > varE =   3.605723013628E-04

VMC #5:
* Size of Hilbert space =   6.3504E+04
* Deterministic energy evaluation:
  > Deterministic Etot/t = -383.3497516650705
    - Ttot/t = -23.36419441501840
    - Utot/t = 9.528788427118249
* Number of equil. steps   = 1000
* Running VMC equilibration.
  Done. [total walltime: 0.09s]
* Equil. acc.ratio (%)     =  14.7378
* Sample config after equilibration:
  +---------+
  |  d   d  |
  |u   0   2|
  |u   2   0|
  |  d   u  |
  +---------+
* Number of accum. steps   = 1000192 x 10
* Running VMC accumulation.
    [walltime: 1m elapsed, 10.0s remaining]
  Done. [total walltime: 1m10s]
* Acceptance ratio (%)     =  14.6820
* Etot/t                   =  -3.833497670917E+02 +/-   1.893631806110E-05
  > Ttot/t                 =  -2.336430071411E+01 +/-   3.760318557785E-04
  > Utot/t                 =   9.528879299657E+00 +/-   3.748838311669E-04
* var[Eloc/t]              =   3.543721336391E-04 +/-   7.590093008905E-06
* Correlation length       =   1.012080115283E+00
* log10 Psi^2 range: -18.34537761169159 -- -9.826451783121982
* log10 Pgen range : -18.34537761169159 -- -9.826451783121982
* Site occupation (ave. no. electrons per config.):
  > Site_  ___eu____  ___ed____
      1        0.498      0.496
      2        0.501      0.501
      3        0.501      0.501
      4        0.496      0.499
      5        0.500      0.500
      6        0.500      0.502
      7        0.501      0.501
      8        0.502      0.500
      9        0.501      0.500
     10        0.500      0.501
* Pair-correlation analysis (ave. no. pairs per config.):
  > Shell  nsite  ___dh____  __eueu___  __eued___
      0      1        0          0          1.736
      1      1        0.828      0.716      2.493
      2      1        0.287      0.642      1.112
      3      1        0.162      0.294      0.556
      4      1        0.555      1.340      2.180
      5      1        0.118      1.031      0.965
      6      1        0.145      0.845      1.111
      7      1        0.299      1.791      2.125
      8      1        0.247      2.111      1.895
      9      1        0.248      2.125      1.891
     10      1        0.226      2.168      1.869
     11      1        0.113      0.979      1.027
     12      1        0.233      2.063      1.947
     13      1        0.061      0.477      0.520
     14      1        0.182      1.434      1.559
     15      1        0.118      1.034      0.971
     16      1        0.125      0.949      1.043

Optimization #5:
* Method          : lls
* Target function : energy
* No. of configs. : 500096
* No. of params.  : 126
* Before optimization:
   4.4632E+00   4.1127E+00   4.5006E+00   8.8599E-01   7.8955E-01   9.2909E-01
  -9.0290E+00  -4.1890E+00  -4.1632E+00   3.1870E-01   4.5129E-01  -4.4817E+00
  -4.4775E+00  -4.4440E+00  -4.4402E+00  -4.3987E+00  -4.3847E+00   5.8913E-01
   5.7190E-01   1.4941E-01   8.7348E-02   8.4827E-02   1.2821E-01   1.2607E-01
   1.2842E-01   1.2639E-01   1.2412E-03  -4.7963E-01  -4.7348E-01  -5.2803E-01
  -4.3599E-01   4.7487E+01  -3.8471E+01   2.3564E+01  -1.9431E+01  -1.3337E-01
  -1.7763E-01  -2.3206E-01  -2.3015E-01   2.3711E+01  -1.9239E+01   2.3721E+01
  -1.9270E+01   2.3688E+01  -1.9270E+01  -2.9550E-01  -2.6379E-01  -4.4555E-02
  -1.0663E-01  -2.6567E-02  -5.6756E-02  -5.6825E-02  -7.5346E-02  -5.6384E-02
  -7.5781E-02  -1.0511E-03   3.5593E-04  -3.9524E-02  -5.0827E-02   1.2105E+00
   1.5165E+00   1.2481E+00  -3.5178E-01  -5.1206E-01  -2.3759E-01  -2.3890E-01
   3.3213E-02  -1.6254E-01  -9.1744E-02   4.7076E-02   1.5732E-01   1.6292E-01
  -9.1014E-03  -1.0007E-02  -1.6517E-02  -1.6176E-02   7.3270E-02   1.2794E-02
   1.6828E-02  -8.5789E-02  -3.8390E-02  -2.1458E-02   3.4646E-02  -1.0650E-01
  -4.8613E-02   9.5077E-03   6.5863E-02   9.3229E-02  -3.9395E-02  -4.0726E-02
  -1.6227E-02  -1.6908E-02   1.0010E-01  -4.5374E-02  -2.1577E-01  -3.0665E-01
  -2.0048E-01  -1.9263E-01  -1.9381E-03  -9.9284E-02  -6.0275E-02   2.5384E-02
   1.0299E-01   5.7061E-02  -1.2894E-02   2.4043E-03  -2.1503E-02  -2.2071E-02
   2.8619E-02  -8.3505E-03  -8.0009E-02  -1.1248E-01  -6.7794E-02  -7.3096E-02
   7.5234E-03  -5.9572E-02  -3.3194E-02  -1.9320E-03   4.5056E-02   2.0221E-02
  -3.2962E-02  -2.1594E-02  -2.1599E-02  -2.2210E-02   4.4694E-02  -4.6431E-02
  > E    =  -3.833497850941E+02 +/-   2.702250355286E-05
  > varE =   3.651779498391E-04
* Computing derivatives.
    [walltime: 1m1s elapsed, 1h3m remaining]
    [walltime: 1h elapsed, 4m remaining]
  Done. [total walltime: 1h4m]
* Optimizing manipulation constant:
  #igrid a___________ E____________________________________ varE____________
     1     Infinity    -3.83349785E+02 +/-   2.70225036E-05   3.65177950E-04
     2     1.0000E+06  -3.83349785E+02 +/-   2.70225022E-05   3.65177914E-04
     3     2.1544E+05  -3.83349785E+02 +/-   2.70224974E-05   3.65177784E-04
     4     4.6416E+04  -3.83349785E+02 +/-   2.70224751E-05   3.65177181E-04
     5     1.0000E+04  -3.83349785E+02 +/-   2.70223716E-05   3.65174385E-04
     6     2.1544E+03  -3.83349785E+02 +/-   2.70218930E-05   3.65161449E-04
     7     4.6416E+02  -3.83349785E+02 +/-   2.70197082E-05   3.65102401E-04
     8     1.0000E+02  -3.83349785E+02 +/-   2.70103413E-05   3.64849306E-04
     9     2.1544E+01  -3.83349786E+02 +/-   2.69834752E-05   3.64123866E-04
    10     4.6416E+00  -3.83349767E+02 +/-   2.74949677E-05   3.78059197E-04
    11     1.0000E+00  -3.83348584E+02 +/-   5.14237697E-05   1.32245591E-03
    12     2.1544E-01  -3.83346353E+02 +/-   7.37523769E-05   2.72022873E-03
    13     4.6416E-02  -3.83160879E+02 +/-   5.10263859E-04   1.30209599E-01
    14     1.0000E-02  -3.80454212E+02 +/-   1.61543689E-03   1.30506870E+00
    15     2.1544E-03  -3.80454632E+02 +/-   1.61114847E-03   1.29814890E+00
    16     4.6416E-04  -3.80454722E+02 +/-   1.61031176E-03   1.29680092E+00
    17     1.0000E-04  -3.80454742E+02 +/-   1.61013559E-03   1.29651719E+00
    18     2.1544E-05  -3.80454746E+02 +/-   1.61009782E-03   1.29645637E+00
    19     4.6416E-06  -3.80454747E+02 +/-   1.61008969E-03   1.29644328E+00
    20     1.0000E-06  -3.80454747E+02 +/-   1.61008794E-03   1.29644046E+00
    21     0.0000E+00  -3.80454747E+02 +/-   1.61008746E-03   1.29643969E+00
  ParMin   4.4208E+01  -3.83349786E+02 +/-   2.69978956E-05   3.64513157E-04
  # Using grid point #9
* Iteration # 1: E =  -3.833497860054E+02 +/-   2.698347522025E-05
* Convergence: exiting.
* After optimization:
   4.4243E+00   4.0741E+00   4.4612E+00   9.0069E-01   8.0446E-01   9.2959E-01
  -9.0200E+00  -4.1698E+00  -4.1440E+00   3.4793E-01   4.7979E-01  -4.4774E+00
  -4.4732E+00  -4.4252E+00  -4.4215E+00  -4.3941E+00  -4.3800E+00   6.0348E-01
   5.8614E-01   1.7836E-01   1.0186E-01   9.9346E-02   1.4310E-01   1.4098E-01
   1.4337E-01   1.4136E-01   1.8217E-03  -5.5198E-01  -4.1511E-01  -5.2789E-01
  -4.3635E-01   4.7442E+01  -3.8434E+01   2.3469E+01  -1.9355E+01  -2.7752E-01
  -6.2677E-02  -3.7551E-01  -1.1515E-01   2.3688E+01  -1.9220E+01   2.3626E+01
  -1.9194E+01   2.3664E+01  -1.9252E+01  -3.6736E-01  -2.0639E-01  -1.8844E-01
   8.3334E-03  -9.8581E-02   7.5351E-04  -1.2927E-01  -1.7833E-02  -1.2885E-01
  -1.8294E-02  -1.6481E-03   5.3851E-04  -3.9128E-02  -5.0695E-02   1.1929E+00
   1.4932E+00   1.2298E+00  -3.4349E-01  -5.0250E-01  -2.3301E-01  -2.3326E-01
   3.3058E-02  -1.6093E-01  -9.0306E-02   4.6702E-02   1.5483E-01   1.6051E-01
  -9.0462E-03  -9.6360E-03  -1.5516E-02  -1.5085E-02   7.1569E-02   1.3071E-02
   1.8959E-02  -8.4362E-02  -3.6463E-02  -1.9281E-02   3.4400E-02  -1.0619E-01
  -4.7987E-02   9.4340E-03   6.5091E-02   9.2357E-02  -3.9044E-02  -3.9932E-02
  -1.5095E-02  -1.5783E-02   9.7847E-02  -4.4365E-02  -2.1344E-01  -3.0495E-01
  -1.9892E-01  -1.9084E-01  -1.5323E-03  -9.9271E-02  -6.0298E-02   2.6055E-02
   1.0277E-01   5.7767E-02  -1.2761E-02   2.1766E-03  -2.0684E-02  -2.1218E-02
   2.8425E-02  -7.6755E-03  -7.7447E-02  -1.1164E-01  -6.5847E-02  -7.1235E-02
   7.8409E-03  -6.0083E-02  -3.3452E-02  -1.4381E-03   4.5002E-02   2.1302E-02
  -3.3047E-02  -2.1892E-02  -2.0625E-02  -2.1297E-02   4.4489E-02  -4.5833E-02
  > Energy =  -3.833497860054E+02 +/-   2.698347522025E-05
  > varE =   3.641238658428E-04

VMC #6:
* Size of Hilbert space =   6.3504E+04
* Deterministic energy evaluation:
  > Deterministic Etot/t = -383.3497522290259
    - Ttot/t = -23.36408227208589
    - Utot/t = 9.528675720230265
* Number of equil. steps   = 1000
* Running VMC equilibration.
  Done. [total walltime: 0.09s]
* Equil. acc.ratio (%)     =  14.9567
* Sample config after equilibration:
  +---------+
  |  u   0  |
  |d   2   2|
  |2   0   d|
  |  0   u  |
  +---------+
* Number of accum. steps   = 1000192 x 10
* Running VMC accumulation.
    [walltime: 1m elapsed, 9.91s remaining]
  Done. [total walltime: 1m9s]
* Acceptance ratio (%)     =  14.9094
* Etot/t                   =  -3.833496935113E+02 +/-   1.869888047698E-05
  > Ttot/t                 =  -2.336413381984E+01 +/-   3.783403779742E-04
  > Utot/t                 =   9.528785985616E+00 +/-   3.768665671480E-04
* var[Eloc/t]              =   3.455022673219E-04 +/-   4.520141873561E-06
* Correlation length       =   1.012193830866E+00
* log10 Psi^2 range: -16.64847107488354 -- -9.848975586977215
* log10 Pgen range : -16.64847107488354 -- -9.848975586977215
* Site occupation (ave. no. electrons per config.):
  > Site_  ___eu____  ___ed____
      1        0.497      0.497
      2        0.501      0.502
      3        0.501      0.500
      4        0.497      0.497
      5        0.500      0.500
      6        0.500      0.501
      7        0.502      0.500
      8        0.500      0.501
      9        0.501      0.501
     10        0.502      0.501
* Pair-correlation analysis (ave. no. pairs per config.):
  > Shell  nsite  ___dh____  __eueu___  __eued___
      0      1        0          0          1.736
      1      1        0.829      0.718      2.489
      2      1        0.286      0.645      1.115
      3      1        0.161      0.296      0.555
      4      1        0.554      1.336      2.179
      5      1        0.119      1.029      0.964
      6      1        0.145      0.845      1.107
      7      1        0.298      1.794      2.125
      8      1        0.246      2.107      1.895
      9      1        0.247      2.126      1.894
     10      1        0.227      2.165      1.872
     11      1        0.114      0.977      1.026
     12      1        0.233      2.063      1.946
     13      1        0.061      0.478      0.520
     14      1        0.182      1.435      1.558
     15      1        0.118      1.034      0.974
     16      1        0.124      0.952      1.045

Optimization #6:
* Method          : lls
* Target function : energy
* No. of configs. : 500096
* No. of params.  : 126
* Before optimization:
   4.4243E+00   4.0741E+00   4.4612E+00   9.0069E-01   8.0446E-01   9.2959E-01
  -9.0200E+00  -4.1698E+00  -4.1440E+00   3.4793E-01   4.7979E-01  -4.4774E+00
  -4.4732E+00  -4.4252E+00  -4.4215E+00  -4.3941E+00  -4.3800E+00   6.0348E-01
   5.8614E-01   1.7836E-01   1.0186E-01   9.9346E-02   1.4310E-01   1.4098E-01
   1.4337E-01   1.4136E-01   1.8217E-03  -5.5198E-01  -4.1511E-01  -5.2789E-01
  -4.3635E-01   4.7442E+01  -3.8434E+01   2.3469E+01  -1.9355E+01  -2.7752E-01
  -6.2677E-02  -3.7551E-01  -1.1515E-01   2.3688E+01  -1.9220E+01   2.3626E+01
  -1.9194E+01   2.3664E+01  -1.9252E+01  -3.6736E-01  -2.0639E-01  -1.8844E-01
   8.3334E-03  -9.8581E-02   7.5351E-04  -1.2927E-01  -1.7833E-02  -1.2885E-01
  -1.8294E-02  -1.6481E-03   5.3851E-04  -3.9128E-02  -5.0695E-02   1.1929E+00
   1.4932E+00   1.2298E+00  -3.4349E-01  -5.0250E-01  -2.3301E-01  -2.3326E-01
   3.3058E-02  -1.6093E-01  -9.0306E-02   4.6702E-02   1.5483E-01   1.6051E-01
  -9.0462E-03  -9.6360E-03  -1.5516E-02  -1.5085E-02   7.1569E-02   1.3071E-02
   1.8959E-02  -8.4362E-02  -3.6463E-02  -1.9281E-02   3.4400E-02  -1.0619E-01
  -4.7987E-02   9.4340E-03   6.5091E-02   9.2357E-02  -3.9044E-02  -3.9932E-02
  -1.5095E-02  -1.5783E-02   9.7847E-02  -4.4365E-02  -2.1344E-01  -3.0495E-01
  -1.9892E-01  -1.9084E-01  -1.5323E-03  -9.9271E-02  -6.0298E-02   2.6055E-02
   1.0277E-01   5.7767E-02  -1.2761E-02   2.1766E-03  -2.0684E-02  -2.1218E-02
   2.8425E-02  -7.6755E-03  -7.7447E-02  -1.1164E-01  -6.5847E-02  -7.1235E-02
   7.8409E-03  -6.0083E-02  -3.3452E-02  -1.4381E-03   4.5002E-02   2.1302E-02
  -3.3047E-02  -2.1892E-02  -2.0625E-02  -2.1297E-02   4.4489E-02  -4.5833E-02
  > E    =  -3.833496440069E+02 +/-   2.660125106304E-05
  > varE =   3.538812112091E-04
* Computing derivatives.
    [walltime: 1m elapsed, 1h3m remaining]
    [walltime: 1h elapsed, 3m56s remaining]
  Done. [total walltime: 1h3m]
* Optimizing manipulation constant:
  #igrid a___________ E____________________________________ varE____________
     1     Infinity    -3.83349644E+02 +/-   2.66012511E-05   3.53881211E-04
     2     1.0000E+06  -3.83349644E+02 +/-   2.66012503E-05   3.53881191E-04
     3     2.1544E+05  -3.83349644E+02 +/-   2.66012476E-05   3.53881118E-04
     4     4.6416E+04  -3.83349644E+02 +/-   2.66012348E-05   3.53880778E-04
     5     1.0000E+04  -3.83349644E+02 +/-   2.66011755E-05   3.53879200E-04
     6     2.1544E+03  -3.83349644E+02 +/-   2.66009002E-05   3.53871876E-04
     7     4.6416E+02  -3.83349644E+02 +/-   2.65996244E-05   3.53837933E-04
     8     1.0000E+02  -3.83349644E+02 +/-   2.65937428E-05   3.53681472E-04
     9     2.1544E+01  -3.83349645E+02 +/-   2.65674759E-05   3.52983147E-04
    10     4.6416E+00  -3.83349648E+02 +/-   2.65087240E-05   3.51423685E-04
    11     1.0000E+00  -3.83343098E+02 +/-   1.07308833E-04   5.75869826E-03
    12     2.1544E-01  -3.80914123E+02 +/-   1.09370756E-03   5.98212951E-01
    13     4.6416E-02  -3.82451532E+02 +/-   9.53920960E-04   4.55069956E-01
    14     1.0000E-02  -3.82473859E+02 +/-   1.02750698E-03   5.27986649E-01
    15     2.1544E-03  -3.82931504E+02 +/-   7.82221243E-04   3.05993776E-01
    16     4.6416E-04  -3.83060804E+02 +/-   6.65210742E-04   2.21295146E-01
    17     1.0000E-04  -3.83088505E+02 +/-   6.35277801E-04   2.01827686E-01
    18     2.1544E-05  -3.83094422E+02 +/-   6.28600875E-04   1.97607463E-01
    19     4.6416E-06  -3.83095694E+02 +/-   6.27151801E-04   1.96697449E-01
    20     1.0000E-06  -3.83095967E+02 +/-   6.26839118E-04   1.96501361E-01
    21     0.0000E+00  -3.83096043E+02 +/-   6.26753222E-04   1.96447512E-01
  ParMin   9.9938E+00  -3.83349646E+02 +/-   2.65338457E-05   3.52090071E-04
  # Using grid point #10
* Iteration # 1: E =  -3.833496477331E+02 +/-   2.650872403448E-05
* Convergence: exiting.
* After optimization:
   4.5687E+00   4.2186E+00   4.6071E+00   7.0380E-01   6.0758E-01   9.2906E-01
  -8.4459E+00  -4.0809E+00  -4.0551E+00  -4.9473E-02   7.9851E-02  -4.1910E+00
  -4.1866E+00  -4.3378E+00  -4.3342E+00  -4.1060E+00  -4.0919E+00   4.0367E-01
   3.8615E-01  -2.1998E-01  -9.7144E-02  -9.9744E-02  -5.4298E-02  -5.6504E-02
  -5.4189E-02  -5.6296E-02   4.0286E-03   4.4257E-01  -1.2130E+00  -5.2689E-01
  -4.3729E-01   4.4578E+01  -3.6146E+01   2.3035E+01  -1.9009E+01   1.7170E+00
  -1.6602E+00   1.6217E+00  -1.7130E+00   2.2256E+01  -1.8076E+01   2.3193E+01
  -1.8849E+01   2.2232E+01  -1.8106E+01   6.3155E-01  -1.0049E+00   1.8061E+00
  -1.5885E+00   8.9841E-01  -7.9748E-01   8.6671E-01  -8.1685E-01   8.6624E-01
  -8.1686E-01  -3.6509E-03   1.2724E-03  -3.8558E-02  -5.0698E-02   1.2333E+00
   1.5443E+00   1.2713E+00  -3.4920E-01  -5.1694E-01  -2.3962E-01  -2.3785E-01
   3.3271E-02  -1.6623E-01  -9.2422E-02   4.7925E-02   1.5918E-01   1.6468E-01
  -9.6351E-03  -9.0034E-03  -1.4551E-02  -1.4313E-02   7.3131E-02   1.5195E-02
   2.4133E-02  -8.6428E-02  -3.7516E-02  -1.8180E-02   3.5375E-02  -1.1114E-01
  -4.9162E-02   9.6930E-03   6.7385E-02   9.5246E-02  -4.1562E-02  -4.1760E-02
  -1.4152E-02  -1.4744E-02   1.0136E-01  -4.7011E-02  -2.0744E-01  -3.0098E-01
  -1.9633E-01  -1.8708E-01  -1.4541E-03  -9.7990E-02  -5.9535E-02   2.6444E-02
   1.0248E-01   5.8568E-02  -1.2043E-02   1.8421E-03  -1.9143E-02  -1.9574E-02
   2.8758E-02  -5.5851E-03  -7.1714E-02  -1.0902E-01  -6.4596E-02  -6.8572E-02
   8.4185E-03  -6.0131E-02  -3.3059E-02  -8.0176E-04   4.5276E-02   2.3055E-02
  -3.3258E-02  -2.3288E-02  -1.9160E-02  -1.9685E-02   4.5617E-02  -4.5289E-02
  > Energy =  -3.833496477331E+02 +/-   2.650872403448E-05
  > varE =   3.514236853634E-04

VMC #7:
* Size of Hilbert space =   6.3504E+04
* Deterministic energy evaluation:
  > Deterministic Etot/t = -383.3497546508925
    - Ttot/t = -23.36412496499542
    - Utot/t = 9.528715991273177
* Number of equil. steps   = 1000
* Running VMC equilibration.
  Done. [total walltime: 0.09s]
* Equil. acc.ratio (%)     =  14.4023
* Sample config after equilibration:
  +---------+
  |  u   d  |
  |d   u   2|
  |d   0   0|
  |  u   2  |
  +---------+
* Number of accum. steps   = 1000192 x 10
* Running VMC accumulation.
    [walltime: 1m elapsed, 9.88s remaining]
  Done. [total walltime: 1m9s]
* Acceptance ratio (%)     =  14.3528
* Etot/t                   =  -3.833497509279E+02 +/-   1.913687499521E-05
  > Ttot/t                 =  -2.336389540368E+01 +/-   3.821187648045E-04
  > Utot/t                 =   9.528490153007E+00 +/-   3.809165260707E-04
* var[Eloc/t]              =   3.473710817986E-04 +/-   4.548461402606E-06
* Correlation length       =   1.054463995456E+00
* log10 Psi^2 range: -16.56842587339912 -- -9.909989753314120
* log10 Pgen range : -16.56842587339912 -- -9.909989753314120
* Site occupation (ave. no. electrons per config.):
  > Site_  ___eu____  ___ed____
      1        0.497      0.499
      2        0.501      0.501
      3        0.499      0.501
      4        0.497      0.498
      5        0.500      0.500
      6        0.500      0.500
      7        0.502      0.501
      8        0.500      0.500
      9        0.502      0.500
     10        0.502      0.501
* Pair-correlation analysis (ave. no. pairs per config.):
  > Shell  nsite  ___dh____  __eueu___  __eued___
      0      1        0          0          1.734
      1      1        0.828      0.715      2.492
      2      1        0.285      0.645      1.113
      3      1        0.160      0.296      0.557
      4      1        0.555      1.339      2.178
      5      1        0.118      1.028      0.964
      6      1        0.145      0.846      1.107
      7      1        0.295      1.796      2.128
      8      1        0.248      2.106      1.895
      9      1        0.246      2.126      1.895
     10      1        0.226      2.165      1.870
     11      1        0.113      0.978      1.025
     12      1        0.233      2.061      1.945
     13      1        0.061      0.478      0.520
     14      1        0.181      1.434      1.558
     15      1        0.118      1.033      0.972
     16      1        0.124      0.951      1.045

Optimization #7:
* Method          : lls
* Target function : energy
* No. of configs. : 500096
* No. of params.  : 126
* Before optimization:
   4.5687E+00   4.2186E+00   4.6071E+00   7.0380E-01   6.0758E-01   9.2906E-01
  -8.4459E+00  -4.0809E+00  -4.0551E+00  -4.9473E-02   7.9851E-02  -4.1910E+00
  -4.1866E+00  -4.3378E+00  -4.3342E+00  -4.1060E+00  -4.0919E+00   4.0367E-01
   3.8615E-01  -2.1998E-01  -9.7144E-02  -9.9744E-02  -5.4298E-02  -5.6504E-02
  -5.4189E-02  -5.6296E-02   4.0286E-03   4.4257E-01  -1.2130E+00  -5.2689E-01
  -4.3729E-01   4.4578E+01  -3.6146E+01   2.3035E+01  -1.9009E+01   1.7170E+00
  -1.6602E+00   1.6217E+00  -1.7130E+00   2.2256E+01  -1.8076E+01   2.3193E+01
  -1.8849E+01   2.2232E+01  -1.8106E+01   6.3155E-01  -1.0049E+00   1.8061E+00
  -1.5885E+00   8.9841E-01  -7.9748E-01   8.6671E-01  -8.1685E-01   8.6624E-01
  -8.1686E-01  -3.6509E-03   1.2724E-03  -3.8558E-02  -5.0698E-02   1.2333E+00
   1.5443E+00   1.2713E+00  -3.4920E-01  -5.1694E-01  -2.3962E-01  -2.3785E-01
   3.3271E-02  -1.6623E-01  -9.2422E-02   4.7925E-02   1.5918E-01   1.6468E-01
  -9.6351E-03  -9.0034E-03  -1.4551E-02  -1.4313E-02   7.3131E-02   1.5195E-02
   2.4133E-02  -8.6428E-02  -3.7516E-02  -1.8180E-02   3.5375E-02  -1.1114E-01
  -4.9162E-02   9.6930E-03   6.7385E-02   9.5246E-02  -4.1562E-02  -4.1760E-02
  -1.4152E-02  -1.4744E-02   1.0136E-01  -4.7011E-02  -2.0744E-01  -3.0098E-01
  -1.9633E-01  -1.8708E-01  -1.4541E-03  -9.7990E-02  -5.9535E-02   2.6444E-02
   1.0248E-01   5.8568E-02  -1.2043E-02   1.8421E-03  -1.9143E-02  -1.9574E-02
   2.8758E-02  -5.5851E-03  -7.1714E-02  -1.0902E-01  -6.4596E-02  -6.8572E-02
   8.4185E-03  -6.0131E-02  -3.3059E-02  -8.0176E-04   4.5276E-02   2.3055E-02
  -3.3258E-02  -2.3288E-02  -1.9160E-02  -1.9685E-02   4.5617E-02  -4.5289E-02
  > E    =  -3.833497761081E+02 +/-   2.645486688344E-05
  > varE =   3.499971774684E-04
* Computing derivatives.
    [walltime: 1m1s elapsed, 1h3m remaining]
    [walltime: 1h elapsed, 4m2s remaining]
  Done. [total walltime: 1h4m]
* Optimizing manipulation constant:
  #igrid a___________ E____________________________________ varE____________
     1     Infinity    -3.83349776E+02 +/-   2.64548669E-05   3.49997177E-04
     2     1.0000E+06  -3.83349776E+02 +/-   2.64548661E-05   3.49997158E-04
     3     2.1544E+05  -3.83349776E+02 +/-   2.64548634E-05   3.49997086E-04
     4     4.6416E+04  -3.83349776E+02 +/-   2.64548509E-05   3.49996754E-04
     5     1.0000E+04  -3.83349776E+02 +/-   2.64547926E-05   3.49995211E-04
     6     2.1544E+03  -3.83349776E+02 +/-   2.64545223E-05   3.49988061E-04
     7     4.6416E+02  -3.83349776E+02 +/-   2.64532777E-05   3.49955130E-04
     8     1.0000E+02  -3.83349776E+02 +/-   2.64477060E-05   3.49807727E-04
     9     2.1544E+01  -3.83349777E+02 +/-   2.64260474E-05   3.49235030E-04
    10     4.6416E+00  -3.83349777E+02 +/-   2.64065064E-05   3.48718732E-04
    11     1.0000E+00  -3.83349760E+02 +/-   2.68809647E-05   3.61362499E-04
    12     2.1544E-01  -3.83345692E+02 +/-   8.58447905E-05   3.68537148E-03
    13     4.6416E-02  -3.80892143E+02 +/-   1.10913207E-03   6.15205066E-01
    14     1.0000E-02  -3.80884836E+02 +/-   1.10765720E-03   6.13570021E-01
    15     2.1544E-03  -3.80886146E+02 +/-   3.19019892E-04   5.08966160E-02
    16     4.6416E-04  -3.80887231E+02 +/-   3.18491009E-04   5.07279995E-02
    17     1.0000E-04  -3.80887465E+02 +/-   3.18354531E-04   5.06845333E-02
    18     2.1544E-05  -3.80887513E+02 +/-   3.18324910E-04   5.06751018E-02
    19     4.6416E-06  -3.80887523E+02 +/-   3.18318527E-04   5.06730698E-02
    20     1.0000E-06  -3.80887525E+02 +/-   3.18317153E-04   5.06726321E-02
    21     0.0000E+00  -3.80887526E+02 +/-   3.18316775E-04   5.06725119E-02
  ParMin   9.8283E+00  -3.83349777E+02 +/-   2.64053763E-05   3.48688885E-04
  # Using parabolic minimum
* Iteration # 1: E =  -3.833497774586E+02 +/-   2.640537633071E-05
* Convergence: exiting.
* After optimization:
   4.5326E+00   4.1809E+00   4.5713E+00   7.0378E-01   6.0717E-01   9.2919E-01
  -8.4446E+00  -4.0806E+00  -4.0548E+00  -5.0757E-02   7.7576E-02  -4.1903E+00
  -4.1860E+00  -4.3382E+00  -4.3346E+00  -4.1048E+00  -4.0908E+00   4.0242E-01
   3.8494E-01  -2.2166E-01  -9.7945E-02  -1.0051E-01  -5.4410E-02  -5.6536E-02
  -5.4355E-02  -5.6435E-02   4.9417E-03   4.4867E-01  -1.2183E+00  -5.2672E-01
  -4.3768E-01   4.4576E+01  -3.6144E+01   2.3040E+01  -1.9014E+01   1.7302E+00
  -1.6719E+00   1.6358E+00  -1.7249E+00   2.2255E+01  -1.8075E+01   2.3198E+01
  -1.8854E+01   2.2230E+01  -1.8105E+01   6.3857E-01  -1.0107E+00   1.8197E+00
  -1.6004E+00   9.0519E-01  -8.0337E-01   8.7270E-01  -8.2280E-01   8.7224E-01
  -8.2280E-01  -4.5176E-03   1.5571E-03  -3.8423E-02  -5.0716E-02   1.2548E+00
   1.5724E+00   1.2931E+00  -3.5196E-01  -5.2526E-01  -2.4209E-01  -2.3894E-01
   3.3740E-02  -1.6984E-01  -9.3778E-02   4.8723E-02   1.6145E-01   1.6754E-01
  -9.7909E-03  -9.2645E-03  -1.4303E-02  -1.4191E-02   7.4153E-02   1.6089E-02
   2.6775E-02  -8.6454E-02  -3.6985E-02  -1.6949E-02   3.6330E-02  -1.1295E-01
  -4.9873E-02   9.7038E-03   6.8900E-02   9.6117E-02  -4.2189E-02  -4.2357E-02
  -1.3956E-02  -1.4453E-02   1.0319E-01  -4.7652E-02  -2.0509E-01  -2.9956E-01
  -1.9500E-01  -1.8502E-01  -1.4605E-03  -9.7773E-02  -5.9165E-02   2.6771E-02
   1.0221E-01   5.9408E-02  -1.1844E-02   1.5524E-03  -1.8747E-02  -1.9118E-02
   2.8802E-02  -4.7319E-03  -6.9601E-02  -1.0736E-01  -6.3757E-02  -6.7547E-02
   8.6841E-03  -5.9292E-02  -3.2792E-02  -6.2200E-04   4.5520E-02   2.3315E-02
  -3.2986E-02  -2.3531E-02  -1.8705E-02  -1.9179E-02   4.5976E-02  -4.4705E-02
  > Energy =  -3.833497774586E+02 +/-   2.640537633071E-05
  > varE =   3.486888849976E-04

VMC #8:
* Size of Hilbert space =   6.3504E+04
* Deterministic energy evaluation:
  > Deterministic Etot/t = -383.3497558430417
    - Ttot/t = -23.36406386633781
    - Utot/t = 9.528653700466400
* Number of equil. steps   = 1000
* Running VMC equilibration.
  Done. [total walltime: 0.09s]
* Equil. acc.ratio (%)     =  14.2326
* Sample config after equilibration:
  +---------+
  |  d   d  |
  |u   u   u|
  |d   2   d|
  |  u   0  |
  +---------+
* Number of accum. steps   = 1000192 x 10
* Running VMC accumulation.
    [walltime: 1m elapsed, 9.93s remaining]
  Done. [total walltime: 1m9s]
* Acceptance ratio (%)     =  14.0892
* Etot/t                   =  -3.833497346580E+02 +/-   1.863733483455E-05
  > Ttot/t                 =  -2.336354293059E+01 +/-   3.820769971336E-04
  > Utot/t                 =   9.528153949768E+00 +/-   3.808603961799E-04
* var[Eloc/t]              =   3.421163056750E-04 +/-   2.583663455557E-06
* Correlation length       =   1.015493664641E+00
* log10 Psi^2 range: -16.86110996660153 -- -9.939569481346609
* log10 Pgen range : -16.86110996660153 -- -9.939569481346609
* Site occupation (ave. no. electrons per config.):
  > Site_  ___eu____  ___ed____
      1        0.497      0.499
      2        0.501      0.501
      3        0.500      0.500
      4        0.498      0.496
      5        0.500      0.501
      6        0.499      0.499
      7        0.502      0.502
      8        0.499      0.501
      9        0.502      0.502
     10        0.502      0.500
* Pair-correlation analysis (ave. no. pairs per config.):
  > Shell  nsite  ___dh____  __eueu___  __eued___
      0      1        0          0          1.736
      1      1        0.829      0.715      2.492
      2      1        0.286      0.645      1.115
      3      1        0.160      0.296      0.557
      4      1        0.554      1.339      2.176
      5      1        0.119      1.027      0.963
      6      1        0.144      0.845      1.108
      7      1        0.297      1.795      2.127
      8      1        0.248      2.105      1.894
      9      1        0.246      2.127      1.895
     10      1        0.226      2.167      1.869
     11      1        0.113      0.977      1.025
     12      1        0.233      2.061      1.946
     13      1        0.060      0.479      0.521
     14      1        0.181      1.435      1.558
     15      1        0.119      1.034      0.973
     16      1        0.124      0.954      1.045

Optimization #8:
* Method          : lls
* Target function : energy
* No. of configs. : 500096
* No. of params.  : 126
* Before optimization:
   4.5326E+00   4.1809E+00   4.5713E+00   7.0378E-01   6.0717E-01   9.2919E-01
  -8.4446E+00  -4.0806E+00  -4.0548E+00  -5.0757E-02   7.7576E-02  -4.1903E+00
  -4.1860E+00  -4.3382E+00  -4.3346E+00  -4.1048E+00  -4.0908E+00   4.0242E-01
   3.8494E-01  -2.2166E-01  -9.7945E-02  -1.0051E-01  -5.4410E-02  -5.6536E-02
  -5.4355E-02  -5.6435E-02   4.9417E-03   4.4867E-01  -1.2183E+00  -5.2672E-01
  -4.3768E-01   4.4576E+01  -3.6144E+01   2.3040E+01  -1.9014E+01   1.7302E+00
  -1.6719E+00   1.6358E+00  -1.7249E+00   2.2255E+01  -1.8075E+01   2.3198E+01
  -1.8854E+01   2.2230E+01  -1.8105E+01   6.3857E-01  -1.0107E+00   1.8197E+00
  -1.6004E+00   9.0519E-01  -8.0337E-01   8.7270E-01  -8.2280E-01   8.7224E-01
  -8.2280E-01  -4.5176E-03   1.5571E-03  -3.8423E-02  -5.0716E-02   1.2548E+00
   1.5724E+00   1.2931E+00  -3.5196E-01  -5.2526E-01  -2.4209E-01  -2.3894E-01
   3.3740E-02  -1.6984E-01  -9.3778E-02   4.8723E-02   1.6145E-01   1.6754E-01
  -9.7909E-03  -9.2645E-03  -1.4303E-02  -1.4191E-02   7.4153E-02   1.6089E-02
   2.6775E-02  -8.6454E-02  -3.6985E-02  -1.6949E-02   3.6330E-02  -1.1295E-01
  -4.9873E-02   9.7038E-03   6.8900E-02   9.6117E-02  -4.2189E-02  -4.2357E-02
  -1.3956E-02  -1.4453E-02   1.0319E-01  -4.7652E-02  -2.0509E-01  -2.9956E-01
  -1.9500E-01  -1.8502E-01  -1.4605E-03  -9.7773E-02  -5.9165E-02   2.6771E-02
   1.0221E-01   5.9408E-02  -1.1844E-02   1.5524E-03  -1.8747E-02  -1.9118E-02
   2.8802E-02  -4.7319E-03  -6.9601E-02  -1.0736E-01  -6.3757E-02  -6.7547E-02
   8.6841E-03  -5.9292E-02  -3.2792E-02  -6.2200E-04   4.5520E-02   2.3315E-02
  -3.2986E-02  -2.3531E-02  -1.8705E-02  -1.9179E-02   4.5976E-02  -4.4705E-02
  > E    =  -3.833497414403E+02 +/-   2.618133928034E-05
  > varE =   3.427970676588E-04
* Computing derivatives.
    [walltime: 1m1s elapsed, 1h3m remaining]
    [walltime: 1h elapsed, 4m4s remaining]
  Done. [total walltime: 1h4m]
* Optimizing manipulation constant:
  #igrid a___________ E____________________________________ varE____________
     1     Infinity    -3.83349741E+02 +/-   2.61813393E-05   3.42797068E-04
     2     1.0000E+06  -3.83349741E+02 +/-   2.61813387E-05   3.42797054E-04
     3     2.1544E+05  -3.83349741E+02 +/-   2.61813368E-05   3.42797002E-04
     4     4.6416E+04  -3.83349741E+02 +/-   2.61813277E-05   3.42796765E-04
     5     1.0000E+04  -3.83349741E+02 +/-   2.61812857E-05   3.42795664E-04
     6     2.1544E+03  -3.83349741E+02 +/-   2.61810920E-05   3.42790593E-04
     7     4.6416E+02  -3.83349741E+02 +/-   2.61802267E-05   3.42767934E-04
     8     1.0000E+02  -3.83349742E+02 +/-   2.61769162E-05   3.42681254E-04
     9     2.1544E+01  -3.83349742E+02 +/-   2.61764846E-05   3.42669953E-04
    10     4.6416E+00  -3.83349727E+02 +/-   2.67306955E-05   3.57333635E-04
    11     1.0000E+00  -3.83348023E+02 +/-   5.93913737E-05   1.76400626E-03
    12     2.1544E-01   2.50068833E+46 +/-   4.19395168E+35   8.79630389E+76
    13     4.6416E-02  -3.83348123E+02 +/-   5.88871206E-05   1.73417939E-03
    14     1.0000E-02  -3.83349325E+02 +/-   3.74427395E-05   7.01113958E-04
    15     2.1544E-03  -3.83349393E+02 +/-   3.58421874E-05   6.42454527E-04
    16     4.6416E-04  -3.83349070E+02 +/-   4.23224586E-05   8.95767207E-04
    17     1.0000E-04  -3.83341512E+02 +/-   1.14197467E-04   6.52178264E-03
    18     2.1544E-05  -3.83348995E+02 +/-   4.25881110E-05   9.07047721E-04
    19     4.6416E-06  -3.83348104E+02 +/-   5.55763287E-05   1.54466067E-03
    20     1.0000E-06  -3.83347861E+02 +/-   5.86595013E-05   1.72079888E-03
    21     0.0000E+00  -3.83347791E+02 +/-   5.95159668E-05   1.77141520E-03
  ParMin   4.6378E+01  -3.83349742E+02 +/-   2.61741036E-05   3.42607618E-04
  # Using parabolic minimum
* Iteration # 1: E =  -3.833497415741E+02 +/-   2.617410360173E-05
* Convergence: exiting.
* After optimization:
   4.5170E+00   4.1645E+00   4.5552E+00   7.0386E-01   6.0722E-01   9.2911E-01
  -8.4447E+00  -4.0807E+00  -4.0549E+00  -5.0837E-02   7.7284E-02  -4.1904E+00
  -4.1861E+00  -4.3384E+00  -4.3349E+00  -4.1048E+00  -4.0907E+00   4.0226E-01
   3.8478E-01  -2.2184E-01  -9.8044E-02  -1.0060E-01  -5.4348E-02  -5.6459E-02
  -5.4285E-02  -5.6357E-02   5.1560E-03   4.4929E-01  -1.2188E+00  -5.2662E-01
  -4.3773E-01   4.4577E+01  -3.6146E+01   2.3041E+01  -1.9016E+01   1.7317E+00
  -1.6732E+00   1.6375E+00  -1.7264E+00   2.2256E+01  -1.8076E+01   2.3200E+01
  -1.8855E+01   2.2230E+01  -1.8106E+01   6.3941E-01  -1.0113E+00   1.8213E+00
  -1.6018E+00   9.0598E-01  -8.0403E-01   8.7329E-01  -8.2351E-01   8.7283E-01
  -8.2350E-01  -4.6921E-03   1.6255E-03  -3.8371E-02  -5.0743E-02   1.2644E+00
   1.5852E+00   1.3033E+00  -3.5403E-01  -5.2932E-01  -2.4379E-01  -2.4034E-01
   3.4008E-02  -1.7118E-01  -9.4270E-02   4.9047E-02   1.6256E-01   1.6892E-01
  -9.8681E-03  -9.3071E-03  -1.4216E-02  -1.4099E-02   7.4521E-02   1.6544E-02
   2.7655E-02  -8.6925E-02  -3.7322E-02  -1.6722E-02   3.6532E-02  -1.1398E-01
  -5.0134E-02   9.8539E-03   6.9373E-02   9.6919E-02  -4.2508E-02  -4.2769E-02
  -1.3975E-02  -1.4464E-02   1.0405E-01  -4.8003E-02  -2.0464E-01  -2.9934E-01
  -1.9485E-01  -1.8466E-01  -1.3856E-03  -9.7703E-02  -5.9023E-02   2.6755E-02
   1.0204E-01   5.9513E-02  -1.1808E-02   1.5053E-03  -1.8577E-02  -1.8962E-02
   2.8650E-02  -4.4312E-03  -6.9061E-02  -1.0714E-01  -6.3760E-02  -6.7259E-02
   8.6755E-03  -5.9329E-02  -3.2745E-02  -5.4736E-04   4.5431E-02   2.3446E-02
  -3.2932E-02  -2.3637E-02  -1.8642E-02  -1.9107E-02   4.6035E-02  -4.4628E-02
  > Energy =  -3.833497415741E+02 +/-   2.617410360173E-05
  > varE =   3.426076177121E-04

VMC #9:
* Size of Hilbert space =   6.3504E+04
* Deterministic energy evaluation:
  > Deterministic Etot/t = -383.3497560804258
    - Ttot/t = -23.36404856197225
    - Utot/t = 9.528638158716696
* Number of equil. steps   = 1000
* Running VMC equilibration.
  Done. [total walltime: 0.09s]
* Equil. acc.ratio (%)     =  13.9901
* Sample config after equilibration:
  +---------+
  |  d   u  |
  |u   d   2|
  |0   d   0|
  |  2   u  |
  +---------+
* Number of accum. steps   = 1000192 x 10
* Running VMC accumulation.
    [walltime: 1m elapsed, 9.94s remaining]
  Done. [total walltime: 1m9s]
* Acceptance ratio (%)     =  13.9864
* Etot/t                   =  -3.833497527867E+02 +/-   1.909959297283E-05
  > Ttot/t                 =  -2.336432246015E+01 +/-   3.891783494740E-04
  > Utot/t                 =   9.528915350542E+00 +/-   3.880779248180E-04
* var[Eloc/t]              =   3.658653763243E-04 +/-   1.462760389896E-05
* Correlation length       =   9.972643378510E-01
* log10 Psi^2 range: -16.55132793029481 -- -9.945410295610214
* log10 Pgen range : -16.55132793029481 -- -9.945410295610214
* Site occupation (ave. no. electrons per config.):
  > Site_  ___eu____  ___ed____
      1        0.497      0.498
      2        0.502      0.499
      3        0.501      0.501
      4        0.497      0.498
      5        0.501      0.501
      6        0.500      0.500
      7        0.500      0.502
      8        0.499      0.500
      9        0.501      0.501
     10        0.501      0.501
* Pair-correlation analysis (ave. no. pairs per config.):
  > Shell  nsite  ___dh____  __eueu___  __eued___
      0      1        0          0          1.736
      1      1        0.830      0.715      2.490
      2      1        0.285      0.643      1.114
      3      1        0.162      0.295      0.557
      4      1        0.555      1.342      2.178
      5      1        0.119      1.029      0.966
      6      1        0.145      0.846      1.109
      7      1        0.296      1.795      2.126
      8      1        0.248      2.108      1.897
      9      1        0.247      2.125      1.895
     10      1        0.227      2.166      1.868
     11      1        0.114      0.979      1.026
     12      1        0.233      2.060      1.948
     13      1        0.061      0.480      0.519
     14      1        0.182      1.436      1.555
     15      1        0.118      1.031      0.974
     16      1        0.124      0.952      1.042

Optimization #9:
* Method          : lls
* Target function : energy
* No. of configs. : 500096
* No. of params.  : 126
* Before optimization:
   4.5170E+00   4.1645E+00   4.5552E+00   7.0386E-01   6.0722E-01   9.2911E-01
  -8.4447E+00  -4.0807E+00  -4.0549E+00  -5.0837E-02   7.7284E-02  -4.1904E+00
  -4.1861E+00  -4.3384E+00  -4.3349E+00  -4.1048E+00  -4.0907E+00   4.0226E-01
   3.8478E-01  -2.2184E-01  -9.8044E-02  -1.0060E-01  -5.4348E-02  -5.6459E-02
  -5.4285E-02  -5.6357E-02   5.1560E-03   4.4929E-01  -1.2188E+00  -5.2662E-01
  -4.3773E-01   4.4577E+01  -3.6146E+01   2.3041E+01  -1.9016E+01   1.7317E+00
  -1.6732E+00   1.6375E+00  -1.7264E+00   2.2256E+01  -1.8076E+01   2.3200E+01
  -1.8855E+01   2.2230E+01  -1.8106E+01   6.3941E-01  -1.0113E+00   1.8213E+00
  -1.6018E+00   9.0598E-01  -8.0403E-01   8.7329E-01  -8.2351E-01   8.7283E-01
  -8.2350E-01  -4.6921E-03   1.6255E-03  -3.8371E-02  -5.0743E-02   1.2644E+00
   1.5852E+00   1.3033E+00  -3.5403E-01  -5.2932E-01  -2.4379E-01  -2.4034E-01
   3.4008E-02  -1.7118E-01  -9.4270E-02   4.9047E-02   1.6256E-01   1.6892E-01
  -9.8681E-03  -9.3071E-03  -1.4216E-02  -1.4099E-02   7.4521E-02   1.6544E-02
   2.7655E-02  -8.6925E-02  -3.7322E-02  -1.6722E-02   3.6532E-02  -1.1398E-01
  -5.0134E-02   9.8539E-03   6.9373E-02   9.6919E-02  -4.2508E-02  -4.2769E-02
  -1.3975E-02  -1.4464E-02   1.0405E-01  -4.8003E-02  -2.0464E-01  -2.9934E-01
  -1.9485E-01  -1.8466E-01  -1.3856E-03  -9.7703E-02  -5.9023E-02   2.6755E-02
   1.0204E-01   5.9513E-02  -1.1808E-02   1.5053E-03  -1.8577E-02  -1.8962E-02
   2.8650E-02  -4.4312E-03  -6.9061E-02  -1.0714E-01  -6.3760E-02  -6.7259E-02
   8.6755E-03  -5.9329E-02  -3.2745E-02  -5.4736E-04   4.5431E-02   2.3446E-02
  -3.2932E-02  -2.3637E-02  -1.8642E-02  -1.9107E-02   4.6035E-02  -4.4628E-02
  > E    =  -3.833497132667E+02 +/-   2.610120487336E-05
  > varE =   3.407018501185E-04
* Computing derivatives.
    [walltime: 1m1s elapsed, 1h3m remaining]
    [walltime: 1h elapsed, 4m4s remaining]
  Done. [total walltime: 1h4m]
* Optimizing manipulation constant:
  #igrid a___________ E____________________________________ varE____________
     1     Infinity    -3.83349713E+02 +/-   2.61012049E-05   3.40701850E-04
     2     1.0000E+06  -3.83349713E+02 +/-   2.61012042E-05   3.40701831E-04
     3     2.1544E+05  -3.83349713E+02 +/-   2.61012015E-05   3.40701763E-04
     4     4.6416E+04  -3.83349713E+02 +/-   2.61011893E-05   3.40701444E-04
     5     1.0000E+04  -3.83349713E+02 +/-   2.61011332E-05   3.40699979E-04
     6     2.1544E+03  -3.83349713E+02 +/-   2.61008825E-05   3.40693435E-04
     7     4.6416E+02  -3.83349713E+02 +/-   2.60999303E-05   3.40668576E-04
     8     1.0000E+02  -3.83349713E+02 +/-   2.61000928E-05   3.40672819E-04
     9     2.1544E+01  -3.83349710E+02 +/-   2.62464545E-05   3.44504318E-04
    10     4.6416E+00  -3.83349150E+02 +/-   4.05634856E-05   8.22856140E-04
    11     1.0000E+00  -3.83304737E+02 +/-   2.69765474E-04   3.63936918E-02
    12     2.1544E-01  -3.82890545E+02 +/-   7.91922515E-04   3.13630841E-01
    13     4.6416E-02  -3.82513676E+02 +/-   9.84375860E-04   4.84590940E-01
    14     1.0000E-02  -3.82476286E+02 +/-   9.97309193E-04   4.97408297E-01
    15     2.1544E-03  -3.83343991E+02 +/-   1.00472474E-04   5.04832815E-03
    16     4.6416E-04  -3.80892925E+02 +/-   1.13449622E-03   6.43664398E-01
    17     1.0000E-04  -3.80893219E+02 +/-   1.13379139E-03   6.42864868E-01
    18     2.1544E-05  -3.80893448E+02 +/-   1.13367990E-03   6.42738444E-01
    19     4.6416E-06  -3.80893498E+02 +/-   1.13365601E-03   6.42711351E-01
    20     1.0000E-06  -3.80893509E+02 +/-   1.13365086E-03   6.42705515E-01
    21     0.0000E+00  -3.80893512E+02 +/-   1.13364945E-03   6.42703912E-01
  ParMin   2.1033E+02  -3.83349713E+02 +/-   2.60991423E-05   3.40648005E-04
  # Using grid point #8
* Iteration # 1: E =  -3.833497133603E+02 +/-   2.610009279266E-05
* Convergence: exiting.
* After optimization:
   4.4989E+00   4.1460E+00   4.5369E+00   7.0372E-01   6.0705E-01   9.2912E-01
  -8.4448E+00  -4.0809E+00  -4.0551E+00  -5.1303E-02   7.6739E-02  -4.1904E+00
  -4.1861E+00  -4.3387E+00  -4.3351E+00  -4.1047E+00  -4.0907E+00   4.0200E-01
   3.8452E-01  -2.2234E-01  -9.8291E-02  -1.0084E-01  -5.4531E-02  -5.6636E-02
  -5.4471E-02  -5.6539E-02   5.2425E-03   4.5072E-01  -1.2200E+00  -5.2658E-01
  -4.3775E-01   4.4578E+01  -3.6146E+01   2.3043E+01  -1.9017E+01   1.7346E+00
  -1.6757E+00   1.6405E+00  -1.7289E+00   2.2256E+01  -1.8076E+01   2.3202E+01
  -1.8857E+01   2.2231E+01  -1.8106E+01   6.4090E-01  -1.0126E+00   1.8243E+00
  -1.6043E+00   9.0747E-01  -8.0526E-01   8.7469E-01  -8.2475E-01   8.7424E-01
  -8.2473E-01  -4.7811E-03   1.6620E-03  -3.8353E-02  -5.0763E-02   1.2762E+00
   1.6004E+00   1.3156E+00  -3.5696E-01  -5.3421E-01  -2.4589E-01  -2.4226E-01
   3.4350E-02  -1.7283E-01  -9.5045E-02   4.9493E-02   1.6406E-01   1.7055E-01
  -9.9884E-03  -9.3916E-03  -1.4342E-02  -1.4238E-02   7.5182E-02   1.6763E-02
   2.8243E-02  -8.7574E-02  -3.7634E-02  -1.6649E-02   3.6891E-02  -1.1507E-01
  -5.0516E-02   9.9658E-03   7.0040E-02   9.7813E-02  -4.2912E-02  -4.3176E-02
  -1.4136E-02  -1.4636E-02   1.0509E-01  -4.8504E-02  -2.0441E-01  -2.9921E-01
  -1.9474E-01  -1.8446E-01  -1.4156E-03  -9.7664E-02  -5.8965E-02   2.6746E-02
   1.0198E-01   5.9567E-02  -1.1797E-02   1.4561E-03  -1.8534E-02  -1.8912E-02
   2.8657E-02  -4.3338E-03  -6.8824E-02  -1.0699E-01  -6.3736E-02  -6.7132E-02
   8.6426E-03  -5.9281E-02  -3.2713E-02  -5.3115E-04   4.5400E-02   2.3473E-02
  -3.2897E-02  -2.3693E-02  -1.8623E-02  -1.9084E-02   4.6118E-02  -4.4596E-02
  > Energy =  -3.833497133603E+02 +/-   2.610009279266E-05
  > varE =   3.406728185177E-04

VMC #10:
* Size of Hilbert space =   6.3504E+04
* Deterministic energy evaluation:
  > Deterministic Etot/t = -383.3497560719636
    - Ttot/t = -23.36401380361770
    - Utot/t = 9.528603408824337
* Number of equil. steps   = 1000
* Running VMC equilibration.
  Done. [total walltime: 0.09s]
* Equil. acc.ratio (%)     =  13.8495
* Sample config after equilibration:
  +---------+
  |  u   2  |
  |0   d   u|
  |d   0   d|
  |  2   u  |
  +---------+
* Number of accum. steps   = 1000192 x 10
* Running VMC accumulation.
    [walltime: 1m elapsed, 10.0s remaining]
  Done. [total walltime: 1m9s]
* Acceptance ratio (%)     =  13.8519
* Etot/t                   =  -3.833497728030E+02 +/-   1.834337978299E-05
  > Ttot/t                 =  -2.336366456492E+01 +/-   3.922602507718E-04
  > Utot/t                 =   9.528237439362E+00 +/-   3.912268900894E-04
* var[Eloc/t]              =   3.423546123559E-04 +/-   3.614361663856E-06
* Correlation length       =   9.830280469327E-01
* log10 Psi^2 range: -16.46311981396084 -- -9.948514607152029
* log10 Pgen range : -16.46311981396084 -- -9.948514607152029
* Site occupation (ave. no. electrons per config.):
  > Site_  ___eu____  ___ed____
      1        0.498      0.497
      2        0.501      0.501
      3        0.500      0.500
      4        0.497      0.498
      5        0.500      0.500
      6        0.500      0.500
      7        0.502      0.501
      8        0.499      0.501
      9        0.502      0.501
     10        0.502      0.500
* Pair-correlation analysis (ave. no. pairs per config.):
  > Shell  nsite  ___dh____  __eueu___  __eued___
      0      1        0          0          1.734
      1      1        0.828      0.715      2.493
      2      1        0.285      0.644      1.115
      3      1        0.161      0.296      0.557
      4      1        0.553      1.339      2.178
      5      1        0.118      1.028      0.964
      6      1        0.144      0.845      1.109
      7      1        0.296      1.795      2.127
      8      1        0.247      2.106      1.894
      9      1        0.246      2.127      1.894
     10      1        0.226      2.167      1.868
     11      1        0.113      0.978      1.026
     12      1        0.233      2.061      1.946
     13      1        0.060      0.479      0.520
     14      1        0.181      1.436      1.557
     15      1        0.118      1.032      0.975
     16      1        0.123      0.954      1.044

Optimization #10:
* Method          : lls
* Target function : energy
* No. of configs. : 500096
* No. of params.  : 126
* Before optimization:
   4.4989E+00   4.1460E+00   4.5369E+00   7.0372E-01   6.0705E-01   9.2912E-01
  -8.4448E+00  -4.0809E+00  -4.0551E+00  -5.1303E-02   7.6739E-02  -4.1904E+00
  -4.1861E+00  -4.3387E+00  -4.3351E+00  -4.1047E+00  -4.0907E+00   4.0200E-01
   3.8452E-01  -2.2234E-01  -9.8291E-02  -1.0084E-01  -5.4531E-02  -5.6636E-02
  -5.4471E-02  -5.6539E-02   5.2425E-03   4.5072E-01  -1.2200E+00  -5.2658E-01
  -4.3775E-01   4.4578E+01  -3.6146E+01   2.3043E+01  -1.9017E+01   1.7346E+00
  -1.6757E+00   1.6405E+00  -1.7289E+00   2.2256E+01  -1.8076E+01   2.3202E+01
  -1.8857E+01   2.2231E+01  -1.8106E+01   6.4090E-01  -1.0126E+00   1.8243E+00
  -1.6043E+00   9.0747E-01  -8.0526E-01   8.7469E-01  -8.2475E-01   8.7424E-01
  -8.2473E-01  -4.7811E-03   1.6620E-03  -3.8353E-02  -5.0763E-02   1.2762E+00
   1.6004E+00   1.3156E+00  -3.5696E-01  -5.3421E-01  -2.4589E-01  -2.4226E-01
   3.4350E-02  -1.7283E-01  -9.5045E-02   4.9493E-02   1.6406E-01   1.7055E-01
  -9.9884E-03  -9.3916E-03  -1.4342E-02  -1.4238E-02   7.5182E-02   1.6763E-02
   2.8243E-02  -8.7574E-02  -3.7634E-02  -1.6649E-02   3.6891E-02  -1.1507E-01
  -5.0516E-02   9.9658E-03   7.0040E-02   9.7813E-02  -4.2912E-02  -4.3176E-02
  -1.4136E-02  -1.4636E-02   1.0509E-01  -4.8504E-02  -2.0441E-01  -2.9921E-01
  -1.9474E-01  -1.8446E-01  -1.4156E-03  -9.7664E-02  -5.8965E-02   2.6746E-02
   1.0198E-01   5.9567E-02  -1.1797E-02   1.4561E-03  -1.8534E-02  -1.8912E-02
   2.8657E-02  -4.3338E-03  -6.8824E-02  -1.0699E-01  -6.3736E-02  -6.7132E-02
   8.6426E-03  -5.9281E-02  -3.2713E-02  -5.3115E-04   4.5400E-02   2.3473E-02
  -3.2897E-02  -2.3693E-02  -1.8623E-02  -1.9084E-02   4.6118E-02  -4.4596E-02
  > E    =  -3.833497563483E+02 +/-   2.601497115781E-05
  > varE =   3.384543329283E-04
* Computing derivatives.
    [walltime: 1m1s elapsed, 1h3m remaining]
    [walltime: 1h elapsed, 4m5s remaining]
  Done. [total walltime: 1h4m]
* Optimizing manipulation constant:
  #igrid a___________ E____________________________________ varE____________
     1     Infinity    -3.83349756E+02 +/-   2.60149712E-05   3.38454333E-04
     2     1.0000E+06  -3.83349756E+02 +/-   2.60149706E-05   3.38454318E-04
     3     2.1544E+05  -3.83349756E+02 +/-   2.60149685E-05   3.38454265E-04
     4     4.6416E+04  -3.83349756E+02 +/-   2.60149591E-05   3.38454018E-04
     5     1.0000E+04  -3.83349756E+02 +/-   2.60149151E-05   3.38452875E-04
     6     2.1544E+03  -3.83349756E+02 +/-   2.60147142E-05   3.38447647E-04
     7     4.6416E+02  -3.83349756E+02 +/-   2.60138449E-05   3.38425029E-04
     8     1.0000E+02  -3.83349756E+02 +/-   2.60111197E-05   3.38354124E-04
     9     2.1544E+01  -3.83349755E+02 +/-   2.60249048E-05   3.38712854E-04
    10     4.6416E+00  -3.83349723E+02 +/-   2.68463735E-05   3.60433075E-04
    11     1.0000E+00  -3.83349101E+02 +/-   4.11150319E-05   8.45385209E-04
    12     2.1544E-01  -3.82176419E+02 +/-   5.73304542E-03   1.64370602E+01
    13     4.6416E-02  -3.83210649E+02 +/-   4.73818892E-04   1.12273724E-01
    14     1.0000E-02  -3.81531737E+02 +/-   1.20507328E-03   7.26240219E-01
    15     2.1544E-03  -3.80908316E+02 +/-   1.12600150E-03   6.34061408E-01
    16     4.6416E-04  -3.80902812E+02 +/-   1.12349320E-03   6.31239662E-01
    17     1.0000E-04  -3.80902292E+02 +/-   1.12311265E-03   6.30812107E-01
    18     2.1544E-05  -3.80902200E+02 +/-   1.12303499E-03   6.30724872E-01
    19     4.6416E-06  -3.80902181E+02 +/-   1.12301844E-03   6.30706278E-01
    20     1.0000E-06  -3.80902176E+02 +/-   1.12301488E-03   6.30702281E-01
    21     0.0000E+00  -3.80902175E+02 +/-   1.12301390E-03   6.30701183E-01
* Iteration # 1: E =  -3.833497563901E+02 +/-   2.601111965021E-05
* Convergence: exiting.
* After optimization:
   4.5002E+00   4.1472E+00   4.5378E+00   6.9940E-01   6.0277E-01   9.2914E-01
  -8.4393E+00  -4.0825E+00  -4.0567E+00  -6.0047E-02   6.7881E-02  -4.1877E+00
  -4.1834E+00  -4.3403E+00  -4.3368E+00  -4.1020E+00  -4.0879E+00   3.9758E-01
   3.8009E-01  -2.3112E-01  -1.0268E-01  -1.0522E-01  -5.8854E-02  -6.0953E-02
  -5.8795E-02  -6.0853E-02   5.3299E-03   4.7277E-01  -1.2377E+00  -5.2658E-01
  -4.3778E-01   4.4551E+01  -3.6125E+01   2.3051E+01  -1.9024E+01   1.7788E+00
  -1.7112E+00   1.6848E+00  -1.7643E+00   2.2243E+01  -1.8065E+01   2.3211E+01
  -1.8864E+01   2.2217E+01  -1.8096E+01   6.6305E-01  -1.0303E+00   1.8686E+00
  -1.6398E+00   9.2959E-01  -8.2300E-01   8.9674E-01  -8.4249E-01   8.9629E-01
  -8.4247E-01  -4.8673E-03   1.6955E-03  -3.8315E-02  -5.0734E-02   1.2826E+00
   1.6086E+00   1.3227E+00  -3.5834E-01  -5.3659E-01  -2.4683E-01  -2.4321E-01
   3.4593E-02  -1.7372E-01  -9.5460E-02   4.9680E-02   1.6487E-01   1.7139E-01
  -1.0114E-02  -9.4327E-03  -1.4263E-02  -1.4167E-02   7.5449E-02   1.6932E-02
   2.8908E-02  -8.7615E-02  -3.7654E-02  -1.6461E-02   3.7076E-02  -1.1574E-01
  -5.0750E-02   1.0035E-02   7.0367E-02   9.8243E-02  -4.3154E-02  -4.3386E-02
  -1.4102E-02  -1.4609E-02   1.0559E-01  -4.8766E-02  -2.0412E-01  -2.9892E-01
  -1.9448E-01  -1.8428E-01  -1.3789E-03  -9.7574E-02  -5.8940E-02   2.6702E-02
   1.0191E-01   5.9604E-02  -1.1811E-02   1.4133E-03  -1.8401E-02  -1.8776E-02
   2.8605E-02  -4.2403E-03  -6.8424E-02  -1.0667E-01  -6.3606E-02  -6.6947E-02
   8.6217E-03  -5.9267E-02  -3.2728E-02  -5.1498E-04   4.5343E-02   2.3489E-02
  -3.2867E-02  -2.3730E-02  -1.8525E-02  -1.8984E-02   4.6134E-02  -4.4558E-02
  > Energy =  -3.833497563901E+02 +/-   2.601111965021E-05
  > varE =   3.383541242499E-04

VMC #11:
* Size of Hilbert space =   6.3504E+04
* Deterministic energy evaluation:
  > Deterministic Etot/t = -383.3497561845337
    - Ttot/t = -23.36400848636299
    - Utot/t = 9.528597978999631
* Number of equil. steps   = 1000
* Running VMC equilibration.
  Done. [total walltime: 0.09s]
* Equil. acc.ratio (%)     =  13.8716
* Sample config after equilibration:
  +---------+
  |  u   d  |
  |d   d   u|
  |u   u   d|
  |  d   u  |
  +---------+
* Number of accum. steps   = 1000192 x 10
* Running VMC accumulation.
    [walltime: 1m elapsed, 9.90s remaining]
  Done. [total walltime: 1m9s]
* Acceptance ratio (%)     =  13.7803
* Etot/t                   =  -3.833497807441E+02 +/-   1.895231610577E-05
  > Ttot/t                 =  -2.336399601891E+01 +/-   3.933468885653E-04
  > Utot/t                 =   9.528560952040E+00 +/-   3.917236607922E-04
* var[Eloc/t]              =   3.573091402650E-04 +/-   4.510590058555E-06
* Correlation length       =   1.005457767024E+00
* log10 Psi^2 range: -17.18736784937999 -- -9.952911315918422
* log10 Pgen range : -17.18736784937999 -- -9.952911315918422
* Site occupation (ave. no. electrons per config.):
  > Site_  ___eu____  ___ed____
      1        0.497      0.498
      2        0.500      0.503
      3        0.501      0.499
      4        0.498      0.497
      5        0.501      0.499
      6        0.500      0.500
      7        0.501      0.501
      8        0.500      0.500
      9        0.500      0.501
     10        0.501      0.502
* Pair-correlation analysis (ave. no. pairs per config.):
  > Shell  nsite  ___dh____  __eueu___  __eued___
      0      1        0          0          1.733
      1      1        0.827      0.715      2.492
      2      1        0.285      0.643      1.116
      3      1        0.160      0.296      0.558
      4      1        0.552      1.340      2.180
      5      1        0.118      1.029      0.963
      6      1        0.145      0.842      1.108
      7      1        0.296      1.795      2.129
      8      1        0.246      2.110      1.894
      9      1        0.246      2.128      1.894
     10      1        0.226      2.168      1.867
     11      1        0.113      0.977      1.025
     12      1        0.233      2.061      1.946
     13      1        0.061      0.478      0.520
     14      1        0.182      1.433      1.558
     15      1        0.117      1.035      0.974
     16      1        0.124      0.952      1.043

Optimization #11:
* Method          : lls
* Target function : energy
* No. of configs. : 500096
* No. of params.  : 126
* Before optimization:
   4.5002E+00   4.1472E+00   4.5378E+00   6.9940E-01   6.0277E-01   9.2914E-01
  -8.4393E+00  -4.0825E+00  -4.0567E+00  -6.0047E-02   6.7881E-02  -4.1877E+00
  -4.1834E+00  -4.3403E+00  -4.3368E+00  -4.1020E+00  -4.0879E+00   3.9758E-01
   3.8009E-01  -2.3112E-01  -1.0268E-01  -1.0522E-01  -5.8854E-02  -6.0953E-02
  -5.8795E-02  -6.0853E-02   5.3299E-03   4.7277E-01  -1.2377E+00  -5.2658E-01
  -4.3778E-01   4.4551E+01  -3.6125E+01   2.3051E+01  -1.9024E+01   1.7788E+00
  -1.7112E+00   1.6848E+00  -1.7643E+00   2.2243E+01  -1.8065E+01   2.3211E+01
  -1.8864E+01   2.2217E+01  -1.8096E+01   6.6305E-01  -1.0303E+00   1.8686E+00
  -1.6398E+00   9.2959E-01  -8.2300E-01   8.9674E-01  -8.4249E-01   8.9629E-01
  -8.4247E-01  -4.8673E-03   1.6955E-03  -3.8315E-02  -5.0734E-02   1.2826E+00
   1.6086E+00   1.3227E+00  -3.5834E-01  -5.3659E-01  -2.4683E-01  -2.4321E-01
   3.4593E-02  -1.7372E-01  -9.5460E-02   4.9680E-02   1.6487E-01   1.7139E-01
  -1.0114E-02  -9.4327E-03  -1.4263E-02  -1.4167E-02   7.5449E-02   1.6932E-02
   2.8908E-02  -8.7615E-02  -3.7654E-02  -1.6461E-02   3.7076E-02  -1.1574E-01
  -5.0750E-02   1.0035E-02   7.0367E-02   9.8243E-02  -4.3154E-02  -4.3386E-02
  -1.4102E-02  -1.4609E-02   1.0559E-01  -4.8766E-02  -2.0412E-01  -2.9892E-01
  -1.9448E-01  -1.8428E-01  -1.3789E-03  -9.7574E-02  -5.8940E-02   2.6702E-02
   1.0191E-01   5.9604E-02  -1.1811E-02   1.4133E-03  -1.8401E-02  -1.8776E-02
   2.8605E-02  -4.2403E-03  -6.8424E-02  -1.0667E-01  -6.3606E-02  -6.6947E-02
   8.6217E-03  -5.9267E-02  -3.2728E-02  -5.1498E-04   4.5343E-02   2.3489E-02
  -3.2867E-02  -2.3730E-02  -1.8525E-02  -1.8984E-02   4.6134E-02  -4.4558E-02
  > E    =  -3.833498353900E+02 +/-   2.658852010425E-05
  > varE =   3.535425678097E-04
* Computing derivatives.
    [walltime: 1m1s elapsed, 1h3m remaining]
    [walltime: 1h elapsed, 4m6s remaining]
  Done. [total walltime: 1h4m]
* Optimizing manipulation constant:
  #igrid a___________ E____________________________________ varE____________
     1     Infinity    -3.83349835E+02 +/-   2.65885201E-05   3.53542568E-04
     2     1.0000E+06  -3.83349835E+02 +/-   2.65885196E-05   3.53542554E-04
     3     2.1544E+05  -3.83349835E+02 +/-   2.65885176E-05   3.53542502E-04
     4     4.6416E+04  -3.83349835E+02 +/-   2.65885087E-05   3.53542264E-04
     5     1.0000E+04  -3.83349835E+02 +/-   2.65884672E-05   3.53541161E-04
     6     2.1544E+03  -3.83349835E+02 +/-   2.65882770E-05   3.53536103E-04
     7     4.6416E+02  -3.83349835E+02 +/-   2.65874461E-05   3.53514006E-04
     8     1.0000E+02  -3.83349836E+02 +/-   2.65847081E-05   3.53441201E-04
     9     2.1544E+01  -3.83349835E+02 +/-   2.65993721E-05   3.53831220E-04
    10     4.6416E+00  -3.83349734E+02 +/-   2.91031847E-05   4.23578991E-04
    11     1.0000E+00  -3.83270823E+02 +/-   3.53029494E-04   6.23268764E-02
    12     2.1544E-01  -3.82166807E+02 +/-   1.07226433E-03   5.74985771E-01
    13     4.6416E-02  -3.82151472E+02 +/-   1.07212235E-03   5.74833517E-01
    14     1.0000E-02  -3.82149629E+02 +/-   1.07128873E-03   5.73939944E-01
    15     2.1544E-03  -3.82727803E+02 +/-   8.82974396E-04   3.89896738E-01
    16     4.6416E-04  -3.80981932E+02 +/-   1.14964002E-03   6.60962965E-01
    17     1.0000E-04  -3.80910249E+02 +/-   1.12814485E-03   6.36477581E-01
    18     2.1544E-05  -3.80902803E+02 +/-   1.12581294E-03   6.33849066E-01
    19     4.6416E-06  -3.80901404E+02 +/-   1.12537365E-03   6.33354504E-01
    20     1.0000E-06  -3.80901111E+02 +/-   1.12528165E-03   6.33250954E-01
    21     0.0000E+00  -3.80901031E+02 +/-   1.12525654E-03   6.33222701E-01
* Iteration # 1: E =  -3.833498355494E+02 +/-   2.658470812257E-05
* Convergence: exiting.
* After optimization:
   4.4649E+00   4.1117E+00   4.5023E+00   7.0793E-01   6.1129E-01   9.2909E-01
  -8.4467E+00  -4.0777E+00  -4.0518E+00  -4.2997E-02   8.4797E-02  -4.1914E+00
  -4.1871E+00  -4.3355E+00  -4.3320E+00  -4.1056E+00  -4.0916E+00   4.0604E-01
   3.8855E-01  -2.1413E-01  -9.4175E-02  -9.6720E-02  -5.0285E-02  -5.2380E-02
  -5.0225E-02  -5.2279E-02   5.4276E-03   4.3039E-01  -1.2037E+00  -5.2652E-01
  -4.3778E-01   4.4588E+01  -3.6155E+01   2.3028E+01  -1.9005E+01   1.6941E+00
  -1.6435E+00   1.6002E+00  -1.6966E+00   2.2261E+01  -1.8080E+01   2.3187E+01
  -1.8845E+01   2.2236E+01  -1.8110E+01   6.2073E-01  -9.9646E-01   1.7839E+00
  -1.5721E+00   8.8725E-01  -7.8914E-01   8.5431E-01  -8.0865E-01   8.5386E-01
  -8.0863E-01  -4.9546E-03   1.7246E-03  -3.8276E-02  -5.0756E-02   1.2879E+00
   1.6155E+00   1.3282E+00  -3.5963E-01  -5.3890E-01  -2.4780E-01  -2.4400E-01
   3.4798E-02  -1.7442E-01  -9.5727E-02   4.9922E-02   1.6553E-01   1.7220E-01
  -1.0165E-02  -9.4869E-03  -1.4298E-02  -1.4204E-02   7.5679E-02   1.7153E-02
   2.9361E-02  -8.7932E-02  -3.7773E-02  -1.6299E-02   3.7291E-02  -1.1629E-01
  -5.0860E-02   1.0132E-02   7.0612E-02   9.8720E-02  -4.3360E-02  -4.3642E-02
  -1.4129E-02  -1.4637E-02   1.0599E-01  -4.8937E-02  -2.0396E-01  -2.9889E-01
  -1.9440E-01  -1.8415E-01  -1.3887E-03  -9.7541E-02  -5.8886E-02   2.6730E-02
   1.0183E-01   5.9674E-02  -1.1807E-02   1.3782E-03  -1.8325E-02  -1.8702E-02
   2.8573E-02  -4.1202E-03  -6.8152E-02  -1.0659E-01  -6.3550E-02  -6.6789E-02
   8.6204E-03  -5.9314E-02  -3.2699E-02  -4.6291E-04   4.5257E-02   2.3570E-02
  -3.2886E-02  -2.3806E-02  -1.8453E-02  -1.8910E-02   4.6146E-02  -4.4520E-02
  > Energy =  -3.833498355494E+02 +/-   2.658470812257E-05
  > varE =   3.534412006648E-04

VMC #12:
* Size of Hilbert space =   6.3504E+04
* Deterministic energy evaluation:
  > Deterministic Etot/t = -383.3497563083654
    - Ttot/t = -23.36400426012779
    - Utot/t = 9.528593628932740
* Number of equil. steps   = 1000
* Running VMC equilibration.
  Done. [total walltime: 0.09s]
* Equil. acc.ratio (%)     =  13.7301
* Sample config after equilibration:
  +---------+
  |  u   2  |
  |d   u   0|
  |2   0   2|
  |  0   d  |
  +---------+
* Number of accum. steps   = 1000192 x 10
* Running VMC accumulation.
    [walltime: 1m elapsed, 9.88s remaining]
  Done. [total walltime: 1m9s]
* Acceptance ratio (%)     =  13.7260
* Etot/t                   =  -3.833497640571E+02 +/-   1.902101100217E-05
  > Ttot/t                 =  -2.336443683999E+01 +/-   3.900731650930E-04
  > Utot/t                 =   9.529018460100E+00 +/-   3.890759190508E-04
* var[Eloc/t]              =   3.560544978681E-04 +/-   1.146995794259E-05
* Correlation length       =   1.016328475255E+00
* log10 Psi^2 range: -16.47744889316758 -- -9.955581366364369
* log10 Pgen range : -16.47744889316758 -- -9.955581366364369
* Site occupation (ave. no. electrons per config.):
  > Site_  ___eu____  ___ed____
      1        0.498      0.498
      2        0.501      0.501
      3        0.501      0.500
      4        0.496      0.498
      5        0.501      0.500
      6        0.500      0.501
      7        0.501      0.500
      8        0.501      0.499
      9        0.501      0.501
     10        0.501      0.502
* Pair-correlation analysis (ave. no. pairs per config.):
  > Shell  nsite  ___dh____  __eueu___  __eued___
      0      1        0          0          1.734
      1      1        0.828      0.716      2.492
      2      1        0.286      0.643      1.114
      3      1        0.160      0.296      0.558
      4      1        0.553      1.339      2.181
      5      1        0.118      1.030      0.963
      6      1        0.144      0.845      1.109
      7      1        0.297      1.794      2.127
      8      1        0.248      2.107      1.894
      9      1        0.247      2.127      1.893
     10      1        0.227      2.167      1.869
     11      1        0.113      0.978      1.026
     12      1        0.232      2.062      1.946
     13      1        0.060      0.478      0.520
     14      1        0.182      1.433      1.560
     15      1        0.119      1.034      0.972
     16      1        0.124      0.952      1.044

VDAGGER finished.
Total VDAGGER walltime: 19h26m

Run ended: Fri 17 Oct 2025 03:17:43 AM CEST
