Run started: Fri Jan 16 08:55:18 CET 2026
Using VDAGGER_ARCH = gnu7_fkfamd_cluster
Running 1x128 MPI processes.

                               xx
                              +##
                               #X
                               Xx
                          X##XxXxxX##x
                           +   Xx  ++
                               ##
                              +##
                              +##
     ++++         ++          +##
   xX+++##+      ####         +##
  Xx    ###      +X##          ##
 xX    X##+        ##          #X
 +    x##X         #x          #X
      ###         +#           x+
     X##+         #+
     ###         Xx                    _______
     ##X       +X+   __________________VDAGGER
     +##x    +xX     2nd quantized variational
       +xxxxx+       ______quantum Monte Carlo

* Running 128 MPI processes.
* Input file: "input.01.casl"

############# Start of input file dump #############
General:
  Random seed: timer

Plan:
  VMC-optimization:
    Minimum cycles: 10
    Convergence cycles: 7

System:
  Hubbard model:
    Primitive cell:
      a_1: [ 1.0, 1.0 ]
      a_2: [ -1.0, 1.0 ]
    Simulation cell:
      a_1: [ 6.0, 0.0 ]
      a_2: [ 0.0, 6.0 ]
    U: 8.0
    Dump Hamiltonian: FCIDUMP.new
    Dump orbitals: LTSC.new
  netot: 18

VMC:
  nstep: 500000
  nconfig: 100000

Optimization:
  max_niter: 1

Jastrow: wfn.casl
############## End of input file dump ##############

General setup:
* Random seed: 970023277 (from timer)

Hubbard system:
* Dimensionality        : 2
* Simulation cell:
  > a_1 =   6.000000000000E+00   0.000000000000E+00
  > a_2 =   0.000000000000E+00   6.000000000000E+00
* Primitive cell:
  > a_1 =   1.000000000000E+00   1.000000000000E+00
  > a_2 =  -1.000000000000E+00   1.000000000000E+00
* Prim.cells in sim.cell: 18
* Number of sublattices : 1
* # real-space shells   : 5
  > Shell #1: 4 sites, rij =  1.4142E+00
  > Shell #2: 4 sites, rij =  2.0000E+00
  > Shell #3: 4 sites, rij =  2.8284E+00
  > Shell #4: 4 sites, rij =  3.1623E+00
  > Shell #5: 1 sites, rij =  4.2426E+00
* Site labels:
  +-----------------+
  |    6    11    16|
  |15     5    10   |
  |   14     4     9|
  | 8    13     3   |
  |    7    18     2|
  | 1    12    17   |
  +-----------------+
* Shell diagram:
  +-----------+
  |  4   4   5|
  |3   2   3  |
  |  1   1   4|
  |2   0   2  |
  |  1   1   4|
  |3   2   3  |
  +-----------+
* Hop multiplicity diagram:
  +-----------+
  |  -   -   -|
  |-   -   -  |
  |  1   1   -|
  |-   0   -  |
  |  1   1   -|
  |-   -   -  |
  +-----------+
* Reciprocal lattice of the simulation cell:
  > b_1 =   1.047197551197E+00  -0.000000000000E+00
  > b_2 =  -0.000000000000E+00   1.047197551197E+00
* k-vector offset:
  > Fractional:   0.000000000000E+00   0.000000000000E+00
  > Absolute  :   0.000000000000E+00   0.000000000000E+00
* G-vector occupation diagram:
  +------0------+
  |      -      |
  |    - - -    |
  |  - 2 2 2 -  |
  0- - 2 2 2 - -0
  |  - 2 2 2 -  |
  |    - - -    |
  |      -      |
  +------0------+
* G-vectors and non-interacting energy levels:
  > G_1 = [   0.0000E+00,  0.0000E+00,  0.0000E+00 ], e =  -4.0000E+00
  > G_2 = [  -1.0472E+00,  0.0000E+00,  0.0000E+00 ], e =  -2.0000E+00
  > G_3 = [   1.0472E+00,  0.0000E+00,  0.0000E+00 ], e =  -2.0000E+00
  > G_4 = [   0.0000E+00,  1.0472E+00,  0.0000E+00 ], e =  -2.0000E+00
  > G_5 = [   0.0000E+00, -1.0472E+00,  0.0000E+00 ], e =  -2.0000E+00
  > G_6 = [  -1.0472E+00, -1.0472E+00,  0.0000E+00 ], e =  -1.0000E+00
  > G_7 = [   1.0472E+00,  1.0472E+00,  0.0000E+00 ], e =  -1.0000E+00
  > G_8 = [   1.0472E+00, -1.0472E+00,  0.0000E+00 ], e =  -1.0000E+00
  > G_9 = [  -1.0472E+00,  1.0472E+00,  0.0000E+00 ], e =  -1.0000E+00 = e_F
  > G_10 = [  -2.0944E+00, -1.0472E+00,  0.0000E+00 ], e =   1.0000E+00
  > G_11 = [   2.0944E+00,  1.0472E+00,  0.0000E+00 ], e =   1.0000E+00
  > G_12 = [   1.0472E+00,  2.0944E+00,  0.0000E+00 ], e =   1.0000E+00
  > G_13 = [  -1.0472E+00, -2.0944E+00,  0.0000E+00 ], e =   1.0000E+00
  > ...
* U/t                   :  8.00000000000E+00
* Hartree-Fock Etot/t   :  4.00000000000E+00
  > Ttot/t              : -3.20000000000E+01
  > Utot/t              :  3.60000000000E+01
* Writing Hamiltonian to "FCIDUMP.new".
* Writing orbitals to "LTSC.new".
* Analysis of Hamiltonian connecitivity performed:
  - U_iiii [opp] (local, 1-site): 18 (i) values
  - T_ji (single, 2-site): 72 contribs. from 18 (i) values
  - Max. no. wfn. ratios in Eloc: 4
* Site labels:
  +-----------------+
  |    6    11    16|
  |15     5    10   |
  |   14     4     9|
  | 8    13     3   |
  |    7    18     2|
  | 1    12    17   |
  +-----------------+
* Model system Site kinds:
  [ 1, 1, 1, 1, 1, 1, 1, 1, 1, 1, 1, 1, 1, 1, 1, 1, 1, 1 ]
  +-----------+
  |  1   1   1|
  |1   1   1  |
  |  1   1   1|
  |1   1   1  |
  |  1   1   1|
  |1   1   1  |
  +-----------+
* Maximum Site kind: 1
* Model system Site pair kinds:
  Site 1: [ 0, 1, 3, 5, 3, 1, 1, 2, 4, 3, 4, 2, 3, 4, 2, 1, 2, 4 ]
  Site 2: [ 1, 0, 1, 3, 5, 3, 2, 1, 2, 4, 3, 4, 4, 3, 4, 2, 1, 2 ]
  Site 3: [ 3, 1, 0, 1, 3, 5, 4, 2, 1, 2, 4, 3, 2, 4, 3, 4, 2, 1 ]
  Site 4: [ 5, 3, 1, 0, 1, 3, 3, 4, 2, 1, 2, 4, 1, 2, 4, 3, 4, 2 ]
  Site 5: [ 3, 5, 3, 1, 0, 1, 4, 3, 4, 2, 1, 2, 2, 1, 2, 4, 3, 4 ]
  Site 6: [ 1, 3, 5, 3, 1, 0, 2, 4, 3, 4, 2, 1, 4, 2, 1, 2, 4, 3 ]
  Site 7: [ 1, 2, 4, 3, 4, 2, 0, 1, 3, 5, 3, 1, 1, 2, 4, 3, 4, 2 ]
  Site 8: [ 2, 1, 2, 4, 3, 4, 1, 0, 1, 3, 5, 3, 2, 1, 2, 4, 3, 4 ]
  Site 9: [ 4, 2, 1, 2, 4, 3, 3, 1, 0, 1, 3, 5, 4, 2, 1, 2, 4, 3 ]
  Site 10: [ 3, 4, 2, 1, 2, 4, 5, 3, 1, 0, 1, 3, 3, 4, 2, 1, 2, 4 ]
  Site 11: [ 4, 3, 4, 2, 1, 2, 3, 5, 3, 1, 0, 1, 4, 3, 4, 2, 1, 2 ]
  Site 12: [ 2, 4, 3, 4, 2, 1, 1, 3, 5, 3, 1, 0, 2, 4, 3, 4, 2, 1 ]
  Site 13: [ 3, 4, 2, 1, 2, 4, 1, 2, 4, 3, 4, 2, 0, 1, 3, 5, 3, 1 ]
  Site 14: [ 4, 3, 4, 2, 1, 2, 2, 1, 2, 4, 3, 4, 1, 0, 1, 3, 5, 3 ]
  Site 15: [ 2, 4, 3, 4, 2, 1, 4, 2, 1, 2, 4, 3, 3, 1, 0, 1, 3, 5 ]
  Site 16: [ 1, 2, 4, 3, 4, 2, 3, 4, 2, 1, 2, 4, 5, 3, 1, 0, 1, 3 ]
  Site 17: [ 2, 1, 2, 4, 3, 4, 4, 3, 4, 2, 1, 2, 3, 5, 3, 1, 0, 1 ]
  Site 18: [ 4, 2, 1, 2, 4, 3, 2, 4, 3, 4, 2, 1, 1, 3, 5, 3, 1, 0 ]
  For site 1 of kind 1:
  +-----------+
  |  1   4   1|
  |2   3   3  |
  |  4   5   4|
  |2   3   3  |
  |  1   4   1|
  |0   2   2  |
  +-----------+
* Maximum (unsigned) Site pair kind: 5

General system setup:
* Number of sites       : 18
* Number of electrons   : 18
* Spin imbalance MS2    : 0
* Filling               : 0.500000
* Number of orbitals in pool: 21
* Using real-valued orbitals
* Using double-precision arithmetic for orbitals

Trial wave function setup:
* Jastrow parameter file: "wfn.casl"
* Not using multideterminants
* Not using a backflow transformation
* Not using wave function manipulation

VMC #1:
* Size of Hilbert space =   2.3639E+09
* Number of equil. steps   = 1000
* Running VMC equilibration.
  Done. [total walltime: 0.03s]
* Equil. acc.ratio (%)     =  48.8840
* Sample config after equilibration:
  +-----------+
  |  0   u   d|
  |u   0   d  |
  |  d   0   d|
  |u   u   2  |
  |  d   u   2|
  |u   2   d  |
  +-----------+
* Number of accum. steps   = 500480 x 10
* Running VMC accumulation.
  Done. [total walltime: 1.32s]
* Acceptance ratio (%)     =  48.8346
* Etot/t                   =   3.997122762148E+00 +/-   1.280649075673E-02
  > Ttot/t                 =  -3.200000000000E+01 +/-   1.653305045464E-17
  > Utot/t                 =   3.599712276215E+01 +/-   1.280649075673E-02
* var[Eloc/t]              =   8.404005733879E+01 +/-   1.745115667601E-01
* Correlation length       =   9.766988306401E-01
* log10 Psi^2 range: 5.9300651464254601 -- 12.359885239284143
* log10 Pgen range : 5.9300651464254601 -- 12.359885239284143
* Site occupation (ave. no. electrons per config.):
  > Site_  ___eu____  ___ed____
      1        0.500      0.498
      2        0.497      0.500
      3        0.499      0.499
      4        0.500      0.502
      5        0.501      0.501
      6        0.502      0.499
      7        0.498      0.501
      8        0.502      0.500
      9        0.501      0.499
     10        0.499      0.503
     11        0.500      0.497
     12        0.499      0.500
     13        0.505      0.501
     14        0.498      0.500
     15        0.501      0.498
     16        0.501      0.502
     17        0.499      0.499
     18        0.498      0.501
* Pair-correlation analysis (ave. no. pairs per config.):
  > Shell  nsite  ___dh____  __eueu___  __eued___
      0      1        0          0          4.500
      1     18        6.457     14.440     17.997
      2     18        4.502     18.005     17.995
      3     18        4.486     18.015     18.010
      4     18        4.962     17.102     17.997
      5     18        1.156      4.438      4.501

Optimization #1:
* Method          : lls
* Target function : energy
* No. of configs. : 100096
* No. of params.  : 14
* Before optimization:
   0.0000E+00   0.0000E+00   0.0000E+00   0.0000E+00   0.0000E+00   0.0000E+00
   0.0000E+00   0.0000E+00   0.0000E+00   0.0000E+00   0.0000E+00   0.0000E+00
   0.0000E+00   0.0000E+00
  > E    =   3.998721227621E+00 +/-   2.898068058472E-02
  > varE =   8.406861318068E+01
* Computing derivatives.
  Done. [total walltime: 0.48s]
* Optimizing manipulation constant:
  #igrid a___________ E____________________________________ varE____________
     1     Infinity     3.99872123E+00 +/-   2.89806806E-02   8.40686132E+01
     2     1.0000E+06   3.99855311E+00 +/-   2.89804680E-02   8.40673798E+01
     3     2.1544E+05   3.99794096E+00 +/-   2.89796940E-02   8.40628892E+01
     4     4.6416E+04   3.99510050E+00 +/-   2.89761037E-02   8.40420615E+01
     5     1.0000E+04   3.98193571E+00 +/-   2.89594919E-02   8.39457279E+01
     6     2.1544E+03   3.92124175E+00 +/-   2.88835065E-02   8.35057837E+01
     7     4.6416E+02   3.64769881E+00 +/-   2.85531162E-02   8.16063113E+01
     8     1.0000E+02   2.50402064E+00 +/-   2.73636881E-02   7.49490247E+01
     9     2.1544E+01  -1.71997228E+00 +/-   2.39154745E-02   5.72498991E+01
    10     4.6416E+00  -7.63450654E+00 +/-   1.60767751E-02   2.58710822E+01
    11     1.0000E+00  -6.16079723E+00 +/-   2.43130790E-02   5.91693290E+01
    12     2.1544E-01  -5.56477257E+00 +/-   2.66324017E-02   7.09965736E+01
    13     4.6416E-02  -5.43204863E+00 +/-   2.71344235E-02   7.36983766E+01
    14     1.0000E-02  -5.40334386E+00 +/-   2.72426324E-02   7.42873495E+01
    15     2.1544E-03  -5.39715533E+00 +/-   2.72659475E-02   7.44145587E+01
    16     4.6416E-04  -5.39582186E+00 +/-   2.72709707E-02   7.44419799E+01
    17     1.0000E-04  -5.39553457E+00 +/-   2.72720529E-02   7.44478883E+01
    18     2.1544E-05  -5.39547267E+00 +/-   2.72722860E-02   7.44491613E+01
    19     4.6416E-06  -5.39545934E+00 +/-   2.72723363E-02   7.44494355E+01
    20     1.0000E-06  -5.39545646E+00 +/-   2.72723471E-02   7.44494946E+01
    21     0.0000E+00  -5.39545567E+00 +/-   2.72723501E-02   7.44495108E+01
  ParMin   2.9354E+00  -7.29523468E+00 +/-   1.90305871E-02   3.62510923E+01
  # Using grid point #10
* Iteration # 1: E =  -7.634506535824E+00 +/-   1.607677510634E-02
* Reached maximum number of iterations: exiting.
* After optimization:
  -1.9711E+00   1.7200E-01   1.6057E-01   1.5467E-01   1.4801E-01   1.5099E-01
   1.2312E-02  -6.7282E-03   1.4835E-03  -1.4354E-02   7.8637E-04  -8.1468E-03
  -3.5914E-03   3.2008E-03
  > Energy =  -7.634506535824E+00 +/-   1.607677510634E-02
  > varE =   2.587108220097E+01

VMC #2:
* Size of Hilbert space =   2.3639E+09
* Number of equil. steps   = 1000
* Running VMC equilibration.
  Done. [total walltime: 0.02s]
* Equil. acc.ratio (%)     =  16.5391
* Sample config after equilibration:
  +-----------+
  |  d   d   u|
  |u   d   d  |
  |  d   u   u|
  |u   u   d  |
  |  d   d   d|
  |u   u   u  |
  +-----------+
* Number of accum. steps   = 500480 x 10
* Running VMC accumulation.
  Done. [total walltime: 0.84s]
* Acceptance ratio (%)     =  16.2210
* Etot/t                   =  -7.455163473581E+00 +/-   6.846300298743E-03
  > Ttot/t                 =  -1.796975746334E+01 +/-   1.838849551839E-02
  > Utot/t                 =   1.051459398977E+01 +/-   1.705196875805E-02
* var[Eloc/t]              =   2.315431600224E+01 +/-   9.449073040206E-02
* Correlation length       =   1.013133463556E+00
* log10 Psi^2 range: 1.1443023374823165 -- 12.320562161616616
* log10 Pgen range : 1.1443023374823165 -- 12.320562161616616
* Site occupation (ave. no. electrons per config.):
  > Site_  ___eu____  ___ed____
      1        0.501      0.502
      2        0.501      0.499
      3        0.499      0.501
      4        0.503      0.499
      5        0.497      0.501
      6        0.500      0.501
      7        0.499      0.501
      8        0.497      0.503
      9        0.503      0.495
     10        0.500      0.501
     11        0.501      0.499
     12        0.503      0.499
     13        0.499      0.503
     14        0.500      0.497
     15        0.499      0.501
     16        0.499      0.501
     17        0.500      0.499
     18        0.501      0.498
* Pair-correlation analysis (ave. no. pairs per config.):
  > Shell  nsite  ___dh____  __eueu___  __eued___
      0      1        0          0          1.315
      1     18        1.075     12.046     23.223
      2     18        0.702     20.752     15.064
      3     18        0.667     20.394     15.468
      4     18        0.725     14.864     20.902
      5     18        0.161      3.944      5.028

Optimization #2:
* Method          : lls
* Target function : energy
* No. of configs. : 100096
* No. of params.  : 14
* Before optimization:
  -1.9711E+00   1.7200E-01   1.6057E-01   1.5467E-01   1.4801E-01   1.5099E-01
   1.2312E-02  -6.7282E-03   1.4835E-03  -1.4354E-02   7.8637E-04  -8.1468E-03
  -3.5914E-03   3.2008E-03
  > E    =  -7.453522773689E+00 +/-   1.523436809842E-02
  > varE =   2.323087738907E+01
* Computing derivatives.
  Done. [total walltime: 0.51s]
* Optimizing manipulation constant:
  #igrid a___________ E____________________________________ varE____________
     1     Infinity    -7.45352277E+00 +/-   1.52343681E-02   2.32308774E+01
     2     1.0000E+06  -7.45355361E+00 +/-   1.52341946E-02   2.32303482E+01
     3     2.1544E+05  -7.45366587E+00 +/-   1.52335628E-02   2.32284215E+01
     4     4.6416E+04  -7.45418665E+00 +/-   1.52306322E-02   2.32194851E+01
     5     1.0000E+04  -7.45659726E+00 +/-   1.52170685E-02   2.31781472E+01
     6     2.1544E+03  -7.46764565E+00 +/-   1.51549388E-02   2.29892656E+01
     7     4.6416E+02  -7.51608663E+00 +/-   1.48831523E-02   2.21720869E+01
     8     1.0000E+02  -7.69388003E+00 +/-   1.38897435E-02   1.93110182E+01
     9     2.1544E+01  -8.07701060E+00 +/-   1.17017518E-02   1.37062449E+01
    10     4.6416E+00  -8.37485707E+00 +/-   9.91203143E-03   9.83426855E+00
    11     1.0000E+00  -8.45442909E+00 +/-   9.52472175E-03   9.08074159E+00
    12     2.1544E-01  -8.47061627E+00 +/-   9.49554163E-03   9.02518696E+00
    13     4.6416E-02  -8.47418902E+00 +/-   9.49498463E-03   9.02412816E+00
    14     1.0000E-02  -8.47496967E+00 +/-   9.49520722E-03   9.02455128E+00
    15     2.1544E-03  -8.47513847E+00 +/-   9.49527214E-03   9.02467468E+00
    16     4.6416E-04  -8.47517486E+00 +/-   9.49528692E-03   9.02470278E+00
    17     1.0000E-04  -8.47518271E+00 +/-   9.49529015E-03   9.02470891E+00
    18     2.1544E-05  -8.47518440E+00 +/-   9.49529084E-03   9.02471023E+00
    19     4.6416E-06  -8.47518476E+00 +/-   9.49529099E-03   9.02471052E+00
    20     1.0000E-06  -8.47518484E+00 +/-   9.49529103E-03   9.02471058E+00
    21     0.0000E+00  -8.47518486E+00 +/-   9.49529103E-03   9.02471060E+00
* Iteration # 1: E =  -8.475184861389E+00 +/-   9.495291034180E-03
* Reached maximum number of iterations: exiting.
* After optimization:
  -2.5253E+00   3.0800E-01   1.6030E-01   7.1051E-02   2.4364E-02   3.2473E-02
   5.9240E-02   1.0523E-02  -7.5891E-02  -1.1659E-01  -2.1183E-02  -4.5659E-02
  -7.7757E-03  -4.2691E-03
  > Energy =  -8.475184861389E+00 +/-   9.495291034180E-03
  > varE =   9.024710595353E+00

VMC #3:
* Size of Hilbert space =   2.3639E+09
* Number of equil. steps   = 1000
* Running VMC equilibration.
  Done. [total walltime: 0.02s]
* Equil. acc.ratio (%)     =  15.7648
* Sample config after equilibration:
  +-----------+
  |  u   d   u|
  |u   d   d  |
  |  d   u   u|
  |u   d   d  |
  |  u   u   u|
  |d   d   d  |
  +-----------+
* Number of accum. steps   = 500480 x 10
* Running VMC accumulation.
  Done. [total walltime: 0.85s]
* Acceptance ratio (%)     =  15.7214
* Etot/t                   =  -8.459906013851E+00 +/-   4.292771153585E-03
  > Ttot/t                 =  -1.993503389109E+01 +/-   1.491782471779E-02
  > Utot/t                 =   1.147512787724E+01 +/-   1.520805530460E-02
* var[Eloc/t]              =   8.911349032187E+00 +/-   2.684153572677E-02
* Correlation length       =   1.034948517853E+00
* log10 Psi^2 range: -1.7886393914212810 -- 9.5200489180296017
* log10 Pgen range : -1.7886393914212810 -- 9.5200489180296017
* Site occupation (ave. no. electrons per config.):
  > Site_  ___eu____  ___ed____
      1        0.500      0.501
      2        0.500      0.500
      3        0.499      0.501
      4        0.500      0.500
      5        0.499      0.502
      6        0.499      0.500
      7        0.499      0.500
      8        0.503      0.497
      9        0.500      0.500
     10        0.501      0.500
     11        0.499      0.501
     12        0.502      0.498
     13        0.500      0.501
     14        0.500      0.500
     15        0.500      0.499
     16        0.501      0.500
     17        0.500      0.498
     18        0.499      0.501
* Pair-correlation analysis (ave. no. pairs per config.):
  > Shell  nsite  ___dh____  __eueu___  __eued___
      0      1        0          0          1.436
      1     18        1.367     11.588     23.348
      2     18        0.627     21.315     14.564
      3     18        0.593     21.011     14.901
      4     18        0.619     14.304     21.551
      5     18        0.141      3.782      5.199

Optimization #3:
* Method          : lls
* Target function : energy
* No. of configs. : 100096
* No. of params.  : 14
* Before optimization:
  -2.5253E+00   3.0800E-01   1.6030E-01   7.1051E-02   2.4364E-02   3.2473E-02
   5.9240E-02   1.0523E-02  -7.5891E-02  -1.1659E-01  -2.1183E-02  -4.5659E-02
  -7.7757E-03  -4.2691E-03
  > E    =  -8.456996515491E+00 +/-   9.464356600329E-03
  > varE =   8.966003694222E+00
* Computing derivatives.
  Done. [total walltime: 0.52s]
* Optimizing manipulation constant:
  #igrid a___________ E____________________________________ varE____________
     1     Infinity    -8.45699652E+00 +/-   9.46435660E-03   8.96600369E+00
     2     1.0000E+06  -8.45700060E+00 +/-   9.46432295E-03   8.96593993E+00
     3     2.1544E+05  -8.45701548E+00 +/-   9.46420041E-03   8.96570777E+00
     4     4.6416E+04  -8.45708453E+00 +/-   9.46363198E-03   8.96463081E+00
     5     1.0000E+04  -8.45740419E+00 +/-   9.46100055E-03   8.95964615E+00
     6     2.1544E+03  -8.45887109E+00 +/-   9.44893575E-03   8.93680980E+00
     7     4.6416E+02  -8.46533527E+00 +/-   9.39598818E-03   8.83693470E+00
     8     1.0000E+02  -8.48941017E+00 +/-   9.20287873E-03   8.47742821E+00
     9     2.1544E+01  -8.54266058E+00 +/-   8.82408039E-03   7.79391446E+00
    10     4.6416E+00  -8.59352820E+00 +/-   8.65528850E-03   7.49859364E+00
    11     1.0000E+00  -8.62260048E+00 +/-   8.76315551E-03   7.68666157E+00
    12     2.1544E-01  -8.63229719E+00 +/-   8.88721196E-03   7.90583597E+00
    13     4.6416E-02  -8.63354043E+00 +/-   8.93853164E-03   7.99740493E+00
    14     1.0000E-02  -8.63364159E+00 +/-   8.95190621E-03   8.02135559E+00
    15     2.1544E-03  -8.63365230E+00 +/-   8.95491948E-03   8.02675658E+00
    16     4.6416E-04  -8.63365405E+00 +/-   8.95557508E-03   8.02793192E+00
    17     1.0000E-04  -8.63365440E+00 +/-   8.95571662E-03   8.02818569E+00
    18     2.1544E-05  -8.63365447E+00 +/-   8.95574713E-03   8.02824039E+00
    19     4.6416E-06  -8.63365449E+00 +/-   8.95575371E-03   8.02825218E+00
    20     1.0000E-06  -8.63365449E+00 +/-   8.95575512E-03   8.02825472E+00
    21     0.0000E+00  -8.63365449E+00 +/-   8.95575551E-03   8.02825541E+00
  ParMin   1.1928E-03  -8.63365332E+00 +/-   8.95529220E-03   8.02742477E+00
  # Using grid point #15
* Iteration # 1: E =  -8.633652299560E+00 +/-   8.954919475634E-03
* Reached maximum number of iterations: exiting.
* After optimization:
  -4.0621E+00   4.2598E-01   2.3416E-01   9.1169E-02   2.9939E-02   1.7573E-02
  -9.4838E-03  -3.8949E-02  -1.6453E-01  -2.0215E-01  -6.1738E-02  -9.5135E-02
  -1.7782E-02  -7.4624E-03
  > Energy =  -8.633652299560E+00 +/-   8.954919475634E-03
  > varE =   8.026756577459E+00

VMC #4:
* Size of Hilbert space =   2.3639E+09
* Number of equil. steps   = 1000
* Running VMC equilibration.
  Done. [total walltime: 0.02s]
* Equil. acc.ratio (%)     =  13.0917
* Sample config after equilibration:
  +-----------+
  |  d   d   u|
  |u   u   u  |
  |  2   d   d|
  |0   u   u  |
  |  d   u   d|
  |u   d   d  |
  +-----------+
* Number of accum. steps   = 500480 x 10
* Running VMC accumulation.
  Done. [total walltime: 0.85s]
* Acceptance ratio (%)     =  12.7703
* Etot/t                   =  -8.642457871027E+00 +/-   4.035696794796E-03
  > Ttot/t                 =  -1.858555250018E+01 +/-   1.567640059220E-02
  > Utot/t                 =   9.943094629156E+00 +/-   1.507102936129E-02
* var[Eloc/t]              =   8.156644156760E+00 +/-   4.606142170548E-02
* Correlation length       =   9.993376982551E-01
* log10 Psi^2 range: -7.7916979983423644 -- 3.8333025447689968
* log10 Pgen range : -7.7916979983423644 -- 3.8333025447689968
* Site occupation (ave. no. electrons per config.):
  > Site_  ___eu____  ___ed____
      1        0.501      0.500
      2        0.500      0.501
      3        0.501      0.498
      4        0.499      0.502
      5        0.501      0.499
      6        0.500      0.499
      7        0.499      0.504
      8        0.500      0.499
      9        0.498      0.502
     10        0.500      0.499
     11        0.500      0.500
     12        0.500      0.497
     13        0.500      0.500
     14        0.501      0.498
     15        0.501      0.500
     16        0.499      0.500
     17        0.500      0.500
     18        0.500      0.502
* Pair-correlation analysis (ave. no. pairs per config.):
  > Shell  nsite  ___dh____  __eueu___  __eued___
      0      1        0          0          1.241
      1     18        1.153      9.965     25.087
      2     18        0.459     23.305     12.586
      3     18        0.423     23.058     12.872
      4     18        0.444     12.400     23.498
      5     18        0.099      3.273      5.716

Optimization #4:
* Method          : lls
* Target function : energy
* No. of configs. : 100096
* No. of params.  : 14
* Before optimization:
  -4.0621E+00   4.2598E-01   2.3416E-01   9.1169E-02   2.9939E-02   1.7573E-02
  -9.4838E-03  -3.8949E-02  -1.6453E-01  -2.0215E-01  -6.1738E-02  -9.5135E-02
  -1.7782E-02  -7.4624E-03
  > E    =  -8.653601939288E+00 +/-   9.047323985558E-03
  > varE =   8.193265120811E+00
* Computing derivatives.
  Done. [total walltime: 0.53s]
* Optimizing manipulation constant:
  #igrid a___________ E____________________________________ varE____________
     1     Infinity    -8.65360194E+00 +/-   9.04732399E-03   8.19326512E+00
     2     1.0000E+06  -8.65360245E+00 +/-   9.04732144E-03   8.19326052E+00
     3     2.1544E+05  -8.65360431E+00 +/-   9.04731219E-03   8.19324376E+00
     4     4.6416E+04  -8.65361292E+00 +/-   9.04726926E-03   8.19316601E+00
     5     1.0000E+04  -8.65365280E+00 +/-   9.04707059E-03   8.19280617E+00
     6     2.1544E+03  -8.65383616E+00 +/-   9.04616077E-03   8.19115844E+00
     7     4.6416E+02  -8.65465027E+00 +/-   9.04219135E-03   8.18397152E+00
     8     1.0000E+02  -8.65776939E+00 +/-   9.02820159E-03   8.15866720E+00
     9     2.1544E+01  -8.66504934E+00 +/-   9.00747435E-03   8.12124834E+00
    10     4.6416E+00  -8.67144026E+00 +/-   9.02604750E-03   8.15477441E+00
    11     1.0000E+00  -8.67370168E+00 +/-   9.06328772E-03   8.22220418E+00
    12     2.1544E-01  -8.67430778E+00 +/-   9.08131744E-03   8.25494979E+00
    13     4.6416E-02  -8.67445971E+00 +/-   9.08658041E-03   8.26452068E+00
    14     1.0000E-02  -8.67449426E+00 +/-   9.08781773E-03   8.26677161E+00
    15     2.1544E-03  -8.67450180E+00 +/-   9.08808983E-03   8.26726664E+00
    16     4.6416E-04  -8.67450343E+00 +/-   9.08814872E-03   8.26737378E+00
    17     1.0000E-04  -8.67450378E+00 +/-   9.08816142E-03   8.26739688E+00
    18     2.1544E-05  -8.67450385E+00 +/-   9.08816415E-03   8.26740186E+00
    19     4.6416E-06  -8.67450387E+00 +/-   9.08816474E-03   8.26740293E+00
    20     1.0000E-06  -8.67450387E+00 +/-   9.08816487E-03   8.26740317E+00
    21     0.0000E+00  -8.67450388E+00 +/-   9.08816491E-03   8.26740323E+00
* Iteration # 1: E =  -8.674503875378E+00 +/-   9.088164905163E-03
* Reached maximum number of iterations: exiting.
* After optimization:
  -4.9333E+00   4.8733E-01   2.8145E-01   1.1412E-01   3.5155E-02   2.1991E-02
  -4.1317E-02  -5.5757E-02  -2.1831E-01  -2.4550E-01  -9.4675E-02  -1.2717E-01
  -2.4134E-02  -1.3327E-02
  > Energy =  -8.674503875378E+00 +/-   9.088164905163E-03
  > varE =   8.267403229513E+00

VMC #5:
* Size of Hilbert space =   2.3639E+09
* Number of equil. steps   = 1000
* Running VMC equilibration.
  Done. [total walltime: 0.02s]
* Equil. acc.ratio (%)     =  12.3528
* Sample config after equilibration:
  +-----------+
  |  u   u   u|
  |d   d   d  |
  |  u   u   u|
  |d   d   d  |
  |  u   u   u|
  |d   d   d  |
  +-----------+
* Number of accum. steps   = 500480 x 10
* Running VMC accumulation.
  Done. [total walltime: 0.85s]
* Acceptance ratio (%)     =  12.3809
* Etot/t                   =  -8.658410210253E+00 +/-   4.047973415161E-03
  > Ttot/t                 =  -1.851640253761E+01 +/-   1.493437917121E-02
  > Utot/t                 =   9.857992327366E+00 +/-   1.437012743935E-02
* var[Eloc/t]              =   8.191979174197E+00 +/-   4.223028230804E-02
* Correlation length       =   1.001090155767E+00
* log10 Psi^2 range: -10.882270752221833 -- 0.41287156488453064
* log10 Pgen range : -10.882270752221833 -- 0.41287156488453064
* Site occupation (ave. no. electrons per config.):
  > Site_  ___eu____  ___ed____
      1        0.500      0.500
      2        0.498      0.500
      3        0.501      0.499
      4        0.501      0.498
      5        0.498      0.503
      6        0.501      0.500
      7        0.500      0.500
      8        0.499      0.501
      9        0.503      0.498
     10        0.499      0.500
     11        0.501      0.499
     12        0.501      0.499
     13        0.499      0.500
     14        0.501      0.499
     15        0.498      0.502
     16        0.501      0.500
     17        0.499      0.502
     18        0.500      0.500
* Pair-correlation analysis (ave. no. pairs per config.):
  > Shell  nsite  ___dh____  __eueu___  __eued___
      0      1        0          0          1.234
      1     18        1.149      9.849     25.191
      2     18        0.435     23.401     12.489
      3     18        0.404     23.176     12.750
      4     18        0.411     12.327     23.592
      5     18        0.093      3.247      5.743

Optimization #5:
* Method          : lls
* Target function : energy
* No. of configs. : 100096
* No. of params.  : 14
* Before optimization:
  -4.9333E+00   4.8733E-01   2.8145E-01   1.1412E-01   3.5155E-02   2.1991E-02
  -4.1317E-02  -5.5757E-02  -2.1831E-01  -2.4550E-01  -9.4675E-02  -1.2717E-01
  -2.4134E-02  -1.3327E-02
  > E    =  -8.661012540192E+00 +/-   9.052522598547E-03
  > varE =   8.202683563598E+00
* Computing derivatives.
  Done. [total walltime: 0.54s]
* Optimizing manipulation constant:
  #igrid a___________ E____________________________________ varE____________
     1     Infinity    -8.66101254E+00 +/-   9.05252260E-03   8.20268356E+00
     2     1.0000E+06  -8.66101258E+00 +/-   9.05252257E-03   8.20268350E+00
     3     2.1544E+05  -8.66101270E+00 +/-   9.05252245E-03   8.20268329E+00
     4     4.6416E+04  -8.66101329E+00 +/-   9.05252190E-03   8.20268230E+00
     5     1.0000E+04  -8.66101603E+00 +/-   9.05251942E-03   8.20267780E+00
     6     2.1544E+03  -8.66102862E+00 +/-   9.05250899E-03   8.20265891E+00
     7     4.6416E+02  -8.66108459E+00 +/-   9.05248292E-03   8.20261166E+00
     8     1.0000E+02  -8.66130103E+00 +/-   9.05274592E-03   8.20308828E+00
     9     2.1544E+01  -8.66184191E+00 +/-   9.05739829E-03   8.21152188E+00
    10     4.6416E+00  -8.66257502E+00 +/-   9.07875902E-03   8.25029922E+00
    11     1.0000E+00  -8.66332399E+00 +/-   9.11269830E-03   8.31209899E+00
    12     2.1544E-01  -8.66368071E+00 +/-   9.13756838E-03   8.35753113E+00
    13     4.6416E-02  -8.66374409E+00 +/-   9.14684849E-03   8.37451556E+00
    14     1.0000E-02  -8.66375305E+00 +/-   9.14919891E-03   8.37882002E+00
    15     2.1544E-03  -8.66375464E+00 +/-   9.14972494E-03   8.37978353E+00
    16     4.6416E-04  -8.66375497E+00 +/-   9.14983922E-03   8.37999286E+00
    17     1.0000E-04  -8.66375504E+00 +/-   9.14986389E-03   8.38003804E+00
    18     2.1544E-05  -8.66375505E+00 +/-   9.14986920E-03   8.38004778E+00
    19     4.6416E-06  -8.66375506E+00 +/-   9.14987035E-03   8.38004987E+00
    20     1.0000E-06  -8.66375506E+00 +/-   9.14987060E-03   8.38005033E+00
    21     0.0000E+00  -8.66375506E+00 +/-   9.14987066E-03   8.38005045E+00
* Iteration # 1: E =  -8.663754642094E+00 +/-   9.149724940286E-03
* Reached maximum number of iterations: exiting.
* After optimization:
  -5.1477E+00   5.0210E-01   2.9614E-01   1.0748E-01   3.9685E-02   1.8483E-02
  -5.3211E-02  -6.1064E-02  -2.3588E-01  -2.5963E-01  -9.4892E-02  -1.3017E-01
  -2.7268E-02  -1.5248E-02
  > Energy =  -8.663754642094E+00 +/-   9.149724940286E-03
  > varE =   8.379783525072E+00

VMC #6:
* Size of Hilbert space =   2.3639E+09
* Number of equil. steps   = 1000
* Running VMC equilibration.
  Done. [total walltime: 0.02s]
* Equil. acc.ratio (%)     =  11.9503
* Sample config after equilibration:
  +-----------+
  |  u   d   d|
  |u   u   u  |
  |  d   d   d|
  |u   u   d  |
  |  d   u   u|
  |d   d   u  |
  +-----------+
* Number of accum. steps   = 500480 x 10
* Running VMC accumulation.
  Done. [total walltime: 0.85s]
* Acceptance ratio (%)     =  11.9403
* Etot/t                   =  -8.657252680169E+00 +/-   4.075922268983E-03
  > Ttot/t                 =  -1.827753720704E+01 +/-   1.555938935296E-02
  > Utot/t                 =   9.620284526854E+00 +/-   1.495642985216E-02
* var[Eloc/t]              =   8.340776520838E+00 +/-   3.954120663919E-02
* Correlation length       =   9.968550840498E-01
* log10 Psi^2 range: -12.416209891947311 -- -0.36916775719213901
* log10 Pgen range : -12.416209891947311 -- -0.36916775719213901
* Site occupation (ave. no. electrons per config.):
  > Site_  ___eu____  ___ed____
      1        0.499      0.500
      2        0.501      0.499
      3        0.498      0.502
      4        0.502      0.498
      5        0.498      0.502
      6        0.502      0.497
      7        0.501      0.497
      8        0.501      0.501
      9        0.502      0.499
     10        0.498      0.502
     11        0.499      0.501
     12        0.499      0.502
     13        0.498      0.503
     14        0.502      0.497
     15        0.499      0.503
     16        0.501      0.498
     17        0.498      0.502
     18        0.504      0.497
* Pair-correlation analysis (ave. no. pairs per config.):
  > Shell  nsite  ___dh____  __eueu___  __eued___
      0      1        0          0          1.201
      1     18        1.121      9.485     25.568
      2     18        0.408     23.844     12.055
      3     18        0.376     23.644     12.294
      4     18        0.391     11.896     24.022
      5     18        0.088      3.132      5.860

Optimization #6:
* Method          : lls
* Target function : energy
* No. of configs. : 100096
* No. of params.  : 14
* Before optimization:
  -5.1477E+00   5.0210E-01   2.9614E-01   1.0748E-01   3.9685E-02   1.8483E-02
  -5.3211E-02  -6.1064E-02  -2.3588E-01  -2.5963E-01  -9.4892E-02  -1.3017E-01
  -2.7268E-02  -1.5248E-02
  > E    =  -8.666401850402E+00 +/-   9.190217156638E-03
  > varE =   8.454117307389E+00
* Computing derivatives.
  Done. [total walltime: 0.54s]
* Optimizing manipulation constant:
  #igrid a___________ E____________________________________ varE____________
     1     Infinity    -8.66640185E+00 +/-   9.19021716E-03   8.45411731E+00
     2     1.0000E+06  -8.66640187E+00 +/-   9.19021722E-03   8.45411742E+00
     3     2.1544E+05  -8.66640194E+00 +/-   9.19021745E-03   8.45411785E+00
     4     4.6416E+04  -8.66640229E+00 +/-   9.19021853E-03   8.45411983E+00
     5     1.0000E+04  -8.66640387E+00 +/-   9.19022350E-03   8.45412898E+00
     6     2.1544E+03  -8.66641114E+00 +/-   9.19024637E-03   8.45417106E+00
     7     4.6416E+02  -8.66644333E+00 +/-   9.19034799E-03   8.45435803E+00
     8     1.0000E+02  -8.66656547E+00 +/-   9.19072716E-03   8.45505565E+00
     9     2.1544E+01  -8.66684388E+00 +/-   9.19112983E-03   8.45579653E+00
    10     4.6416E+00  -8.66708722E+00 +/-   9.18729112E-03   8.44873482E+00
    11     1.0000E+00  -8.66717603E+00 +/-   9.17848889E-03   8.43255332E+00
    12     2.1544E-01  -8.66719212E+00 +/-   9.17220710E-03   8.42101472E+00
    13     4.6416E-02  -8.66719214E+00 +/-   9.16996704E-03   8.41690203E+00
    14     1.0000E-02  -8.66719167E+00 +/-   9.16940812E-03   8.41587601E+00
    15     2.1544E-03  -8.66719155E+00 +/-   9.16928348E-03   8.41564722E+00
    16     4.6416E-04  -8.66719152E+00 +/-   9.16925642E-03   8.41559755E+00
    17     1.0000E-04  -8.66719151E+00 +/-   9.16925058E-03   8.41558684E+00
    18     2.1544E-05  -8.66719151E+00 +/-   9.16924932E-03   8.41558453E+00
    19     4.6416E-06  -8.66719151E+00 +/-   9.16924905E-03   8.41558403E+00
    20     1.0000E-06  -8.66719151E+00 +/-   9.16924899E-03   8.41558392E+00
    21     0.0000E+00  -8.66719151E+00 +/-   9.16924898E-03   8.41558389E+00
* Iteration # 1: E =  -8.667191509011E+00 +/-   9.169248976963E-03
* Reached maximum number of iterations: exiting.
* After optimization:
  -5.0135E+00   4.8790E-01   2.8944E-01   1.1058E-01   3.2226E-02   1.7503E-02
  -4.3676E-02  -4.9274E-02  -2.3425E-01  -2.5530E-01  -9.6938E-02  -1.3130E-01
  -2.3435E-02  -1.0926E-02
  > Energy =  -8.667191509011E+00 +/-   9.169248976963E-03
  > varE =   8.415583892327E+00

VMC #7:
* Size of Hilbert space =   2.3639E+09
* Number of equil. steps   = 1000
* Running VMC equilibration.
  Done. [total walltime: 0.02s]
* Equil. acc.ratio (%)     =  12.0482
* Sample config after equilibration:
  +-----------+
  |  u   d   d|
  |d   u   u  |
  |  d   d   d|
  |u   u   u  |
  |  d   d   d|
  |u   u   u  |
  +-----------+
* Number of accum. steps   = 500480 x 10
* Running VMC accumulation.
  Done. [total walltime: 0.85s]
* Acceptance ratio (%)     =  12.0852
* Etot/t                   =  -8.659013140690E+00 +/-   4.056144887440E-03
  > Ttot/t                 =  -1.837642042970E+01 +/-   1.508518254046E-02
  > Utot/t                 =   9.717407289003E+00 +/-   1.454902291972E-02
* var[Eloc/t]              =   8.349514035399E+00 +/-   4.323956699873E-02
* Correlation length       =   9.861715003403E-01
* log10 Psi^2 range: -11.447289884959476 -- 0.12157913532712668
* log10 Pgen range : -11.447289884959476 -- 0.12157913532712668
* Site occupation (ave. no. electrons per config.):
  > Site_  ___eu____  ___ed____
      1        0.501      0.498
      2        0.499      0.502
      3        0.501      0.499
      4        0.501      0.500
      5        0.500      0.499
      6        0.501      0.501
      7        0.500      0.499
      8        0.501      0.499
      9        0.500      0.501
     10        0.502      0.501
     11        0.500      0.500
     12        0.500      0.500
     13        0.501      0.500
     14        0.498      0.502
     15        0.503      0.499
     16        0.497      0.502
     17        0.498      0.499
     18        0.499      0.500
* Pair-correlation analysis (ave. no. pairs per config.):
  > Shell  nsite  ___dh____  __eueu___  __eued___
      0      1        0          0          1.216
      1     18        1.138      9.557     25.487
      2     18        0.420     23.749     12.146
      3     18        0.389     23.530     12.404
      4     18        0.400     12.003     23.918
      5     18        0.091      3.161      5.830

Optimization #7:
* Method          : lls
* Target function : energy
* No. of configs. : 100096
* No. of params.  : 14
* Before optimization:
  -5.0135E+00   4.8790E-01   2.8944E-01   1.1058E-01   3.2226E-02   1.7503E-02
  -4.3676E-02  -4.9274E-02  -2.3425E-01  -2.5530E-01  -9.6938E-02  -1.3130E-01
  -2.3435E-02  -1.0926E-02
  > E    =  -8.638043126019E+00 +/-   9.159168681915E-03
  > varE =   8.397090569989E+00
* Computing derivatives.
  Done. [total walltime: 0.53s]
* Optimizing manipulation constant:
  #igrid a___________ E____________________________________ varE____________
     1     Infinity    -8.63804313E+00 +/-   9.15916868E-03   8.39709057E+00
     2     1.0000E+06  -8.63804313E+00 +/-   9.15916851E-03   8.39709026E+00
     3     2.1544E+05  -8.63804315E+00 +/-   9.15916790E-03   8.39708914E+00
     4     4.6416E+04  -8.63804325E+00 +/-   9.15916507E-03   8.39708394E+00
     5     1.0000E+04  -8.63804370E+00 +/-   9.15915192E-03   8.39705984E+00
     6     2.1544E+03  -8.63804576E+00 +/-   9.15909154E-03   8.39694913E+00
     7     4.6416E+02  -8.63805495E+00 +/-   9.15882391E-03   8.39645840E+00
     8     1.0000E+02  -8.63809096E+00 +/-   9.15781354E-03   8.39460597E+00
     9     2.1544E+01  -8.63818146E+00 +/-   9.15584760E-03   8.39100217E+00
    10     4.6416E+00  -8.63826615E+00 +/-   9.15719344E-03   8.39346917E+00
    11     1.0000E+00  -8.63826455E+00 +/-   9.16268136E-03   8.40353262E+00
    12     2.1544E-01  -8.63823579E+00 +/-   9.16636266E-03   8.41028656E+00
    13     4.6416E-02  -8.63822339E+00 +/-   9.16760212E-03   8.41256118E+00
    14     1.0000E-02  -8.63822017E+00 +/-   9.16790597E-03   8.41311884E+00
    15     2.1544E-03  -8.63821945E+00 +/-   9.16797345E-03   8.41324269E+00
    16     4.6416E-04  -8.63821930E+00 +/-   9.16798809E-03   8.41326955E+00
    17     1.0000E-04  -8.63821926E+00 +/-   9.16799125E-03   8.41327535E+00
    18     2.1544E-05  -8.63821925E+00 +/-   9.16799193E-03   8.41327659E+00
    19     4.6416E-06  -8.63821925E+00 +/-   9.16799207E-03   8.41327686E+00
    20     1.0000E-06  -8.63821925E+00 +/-   9.16799210E-03   8.41327692E+00
    21     0.0000E+00  -8.63821925E+00 +/-   9.16799211E-03   8.41327694E+00
  ParMin   2.8532E+00  -8.63827431E+00 +/-   9.15881053E-03   8.39643388E+00
  # Using parabolic minimum
* Iteration # 1: E =  -8.638274310831E+00 +/-   9.158810532416E-03
* Reached maximum number of iterations: exiting.
* After optimization:
  -4.8320E+00   4.7653E-01   2.7487E-01   1.0116E-01   2.0773E-02   1.5110E-02
  -3.6949E-02  -4.7428E-02  -2.2305E-01  -2.5008E-01  -8.9661E-02  -1.2558E-01
  -1.8197E-02  -9.3502E-03
  > Energy =  -8.638274310831E+00 +/-   9.158810532416E-03
  > varE =   8.396433882665E+00

VMC #8:
* Size of Hilbert space =   2.3639E+09
* Number of equil. steps   = 1000
* Running VMC equilibration.
  Done. [total walltime: 0.02s]
* Equil. acc.ratio (%)     =  12.0077
* Sample config after equilibration:
  +-----------+
  |  u   0   u|
  |d   d   d  |
  |  u   u   u|
  |d   d   d  |
  |  u   u   u|
  |d   2   d  |
  +-----------+
* Number of accum. steps   = 500480 x 10
* Running VMC accumulation.
  Done. [total walltime: 0.85s]
* Acceptance ratio (%)     =  12.0161
* Etot/t                   =  -8.661607427390E+00 +/-   4.133785357347E-03
  > Ttot/t                 =  -1.830566113582E+01 +/-   1.534868141124E-02
  > Utot/t                 =   9.644053708440E+00 +/-   1.465887308312E-02
* var[Eloc/t]              =   8.369813440336E+00 +/-   3.333154134978E-02
* Correlation length       =   1.021802108056E+00
* log10 Psi^2 range: -10.726002678166545 -- 0.80626643130555464
* log10 Pgen range : -10.726002678166545 -- 0.80626643130555464
* Site occupation (ave. no. electrons per config.):
  > Site_  ___eu____  ___ed____
      1        0.498      0.499
      2        0.501      0.499
      3        0.502      0.499
      4        0.502      0.499
      5        0.499      0.501
      6        0.501      0.499
      7        0.501      0.500
      8        0.496      0.503
      9        0.501      0.500
     10        0.499      0.500
     11        0.501      0.498
     12        0.501      0.501
     13        0.498      0.501
     14        0.501      0.498
     15        0.499      0.500
     16        0.503      0.499
     17        0.500      0.499
     18        0.496      0.503
* Pair-correlation analysis (ave. no. pairs per config.):
  > Shell  nsite  ___dh____  __eueu___  __eued___
      0      1        0          0          1.207
      1     18        1.125      9.537     25.517
      2     18        0.416     23.778     12.114
      3     18        0.383     23.573     12.362
      4     18        0.393     11.967     23.955
      5     18        0.090      3.145      5.845

Optimization #8:
* Method          : lls
* Target function : energy
* No. of configs. : 100096
* No. of params.  : 14
* Before optimization:
  -4.8320E+00   4.7653E-01   2.7487E-01   1.0116E-01   2.0773E-02   1.5110E-02
  -3.6949E-02  -4.7428E-02  -2.2305E-01  -2.5008E-01  -8.9661E-02  -1.2558E-01
  -1.8197E-02  -9.3502E-03
  > E    =  -8.660291162957E+00 +/-   9.143767307555E-03
  > varE =   8.368874471606E+00
* Computing derivatives.
  Done. [total walltime: 0.54s]
* Optimizing manipulation constant:
  #igrid a___________ E____________________________________ varE____________
     1     Infinity    -8.66029116E+00 +/-   9.14376731E-03   8.36887447E+00
     2     1.0000E+06  -8.66029117E+00 +/-   9.14376742E-03   8.36887467E+00
     3     2.1544E+05  -8.66029120E+00 +/-   9.14376782E-03   8.36887541E+00
     4     4.6416E+04  -8.66029136E+00 +/-   9.14376969E-03   8.36887884E+00
     5     1.0000E+04  -8.66029206E+00 +/-   9.14377838E-03   8.36889473E+00
     6     2.1544E+03  -8.66029530E+00 +/-   9.14381867E-03   8.36896849E+00
     7     4.6416E+02  -8.66030963E+00 +/-   9.14400524E-03   8.36931002E+00
     8     1.0000E+02  -8.66036382E+00 +/-   9.14485160E-03   8.37085941E+00
     9     2.1544E+01  -8.66048280E+00 +/-   9.14806072E-03   8.37673544E+00
    10     4.6416E+00  -8.66056834E+00 +/-   9.15396471E-03   8.38755132E+00
    11     1.0000E+00  -8.66060074E+00 +/-   9.15622555E-03   8.39169493E+00
    12     2.1544E-01  -8.66061809E+00 +/-   9.15490996E-03   8.38928363E+00
    13     4.6416E-02  -8.66062328E+00 +/-   9.15405914E-03   8.38772437E+00
    14     1.0000E-02  -8.66062443E+00 +/-   9.15382224E-03   8.38729023E+00
    15     2.1544E-03  -8.66062468E+00 +/-   9.15376817E-03   8.38719115E+00
    16     4.6416E-04  -8.66062474E+00 +/-   9.15375637E-03   8.38716954E+00
    17     1.0000E-04  -8.66062475E+00 +/-   9.15375383E-03   8.38716487E+00
    18     2.1544E-05  -8.66062475E+00 +/-   9.15375328E-03   8.38716386E+00
    19     4.6416E-06  -8.66062475E+00 +/-   9.15375316E-03   8.38716364E+00
    20     1.0000E-06  -8.66062475E+00 +/-   9.15375313E-03   8.38716360E+00
    21     0.0000E+00  -8.66062475E+00 +/-   9.15375313E-03   8.38716358E+00
* Iteration # 1: E =  -8.660624752263E+00 +/-   9.153753125513E-03
* Reached maximum number of iterations: exiting.
* After optimization:
  -5.1540E+00   5.0232E-01   2.9332E-01   1.1593E-01   3.4863E-02   2.8295E-02
  -4.5191E-02  -6.0274E-02  -2.3438E-01  -2.6312E-01  -1.0164E-01  -1.3778E-01
  -2.1744E-02  -1.2348E-02
  > Energy =  -8.660624752263E+00 +/-   9.153753125513E-03
  > varE =   8.387163583127E+00

VMC #9:
* Size of Hilbert space =   2.3639E+09
* Number of equil. steps   = 1000
* Running VMC equilibration.
  Done. [total walltime: 0.02s]
* Equil. acc.ratio (%)     =  12.2253
* Sample config after equilibration:
  +-----------+
  |  0   d   d|
  |d   u   u  |
  |  d   d   2|
  |u   u   u  |
  |  d   d   d|
  |u   u   u  |
  +-----------+
* Number of accum. steps   = 500480 x 10
* Running VMC accumulation.
  Done. [total walltime: 0.85s]
* Acceptance ratio (%)     =  12.0638
* Etot/t                   =  -8.657705460516E+00 +/-   4.105215157910E-03
  > Ttot/t                 =  -1.838032374696E+01 +/-   1.503279689596E-02
  > Utot/t                 =   9.722618286445E+00 +/-   1.444432450852E-02
* var[Eloc/t]              =   8.329934109926E+00 +/-   6.433861504775E-02
* Correlation length       =   1.012551236898E+00
* log10 Psi^2 range: -11.679289878123232 -- -0.41796307086565621
* log10 Pgen range : -11.679289878123232 -- -0.41796307086565621
* Site occupation (ave. no. electrons per config.):
  > Site_  ___eu____  ___ed____
      1        0.501      0.499
      2        0.498      0.502
      3        0.499      0.498
      4        0.498      0.502
      5        0.500      0.499
      6        0.500      0.501
      7        0.500      0.500
      8        0.502      0.497
      9        0.497      0.503
     10        0.501      0.499
     11        0.500      0.500
     12        0.501      0.498
     13        0.499      0.501
     14        0.498      0.502
     15        0.502      0.498
     16        0.498      0.501
     17        0.503      0.500
     18        0.500      0.499
* Pair-correlation analysis (ave. no. pairs per config.):
  > Shell  nsite  ___dh____  __eueu___  __eued___
      0      1        0          0          1.213
      1     18        1.135      9.637     25.409
      2     18        0.419     23.661     12.231
      3     18        0.385     23.445     12.488
      4     18        0.392     12.079     23.848
      5     18        0.091      3.179      5.811

Optimization #9:
* Method          : lls
* Target function : energy
* No. of configs. : 100096
* No. of params.  : 14
* Before optimization:
  -5.1540E+00   5.0232E-01   2.9332E-01   1.1593E-01   3.4863E-02   2.8295E-02
  -4.5191E-02  -6.0274E-02  -2.3438E-01  -2.6312E-01  -1.0164E-01  -1.3778E-01
  -2.1744E-02  -1.2348E-02
  > E    =  -8.666762989962E+00 +/-   9.026853950323E-03
  > varE =   8.156231696901E+00
* Computing derivatives.
  Done. [total walltime: 0.54s]
* Optimizing manipulation constant:
  #igrid a___________ E____________________________________ varE____________
     1     Infinity    -8.66676299E+00 +/-   9.02685395E-03   8.15623170E+00
     2     1.0000E+06  -8.66676300E+00 +/-   9.02685403E-03   8.15623185E+00
     3     2.1544E+05  -8.66676304E+00 +/-   9.02685434E-03   8.15623240E+00
     4     4.6416E+04  -8.66676320E+00 +/-   9.02685576E-03   8.15623497E+00
     5     1.0000E+04  -8.66676396E+00 +/-   9.02686235E-03   8.15624687E+00
     6     2.1544E+03  -8.66676747E+00 +/-   9.02689299E-03   8.15630224E+00
     7     4.6416E+02  -8.66678306E+00 +/-   9.02703616E-03   8.15656096E+00
     8     1.0000E+02  -8.66684280E+00 +/-   9.02771294E-03   8.15778406E+00
     9     2.1544E+01  -8.66698287E+00 +/-   9.03072533E-03   8.16322918E+00
    10     4.6416E+00  -8.66711144E+00 +/-   9.03934409E-03   8.17881830E+00
    11     1.0000E+00  -8.66716905E+00 +/-   9.05040686E-03   8.19884978E+00
    12     2.1544E-01  -8.66718449E+00 +/-   9.05734931E-03   8.21143307E+00
    13     4.6416E-02  -8.66718529E+00 +/-   9.05977428E-03   8.21583064E+00
    14     1.0000E-02  -8.66718504E+00 +/-   9.06037771E-03   8.21692511E+00
    15     2.1544E-03  -8.66718495E+00 +/-   9.06051222E-03   8.21716908E+00
    16     4.6416E-04  -8.66718494E+00 +/-   9.06054141E-03   8.21722204E+00
    17     1.0000E-04  -8.66718493E+00 +/-   9.06054772E-03   8.21723347E+00
    18     2.1544E-05  -8.66718493E+00 +/-   9.06054907E-03   8.21723593E+00
    19     4.6416E-06  -8.66718493E+00 +/-   9.06054937E-03   8.21723646E+00
    20     1.0000E-06  -8.66718493E+00 +/-   9.06054943E-03   8.21723658E+00
    21     0.0000E+00  -8.66718493E+00 +/-   9.06054945E-03   8.21723661E+00
  ParMin   6.1253E-01  -8.66717736E+00 +/-   9.05323142E-03   8.20396817E+00
  # Using grid point #11
* Iteration # 1: E =  -8.667169053705E+00 +/-   9.050406861054E-03
* Reached maximum number of iterations: exiting.
* After optimization:
  -5.3125E+00   5.1036E-01   3.0827E-01   1.2024E-01   4.2107E-02   2.4121E-02
  -4.8293E-02  -6.5676E-02  -2.4042E-01  -2.7211E-01  -1.0052E-01  -1.3975E-01
  -2.6846E-02  -2.1201E-02
  > Energy =  -8.667169053705E+00 +/-   9.050406861054E-03
  > varE =   8.198849782039E+00

VMC #10:
* Size of Hilbert space =   2.3639E+09
* Number of equil. steps   = 1000
* Running VMC equilibration.
  Done. [total walltime: 0.02s]
* Equil. acc.ratio (%)     =  12.1750
* Sample config after equilibration:
  +-----------+
  |  u   u   u|
  |d   d   d  |
  |  u   u   u|
  |d   d   d  |
  |  u   u   u|
  |d   d   d  |
  +-----------+
* Number of accum. steps   = 500480 x 10
* Running VMC accumulation.
  Done. [total walltime: 0.84s]
* Acceptance ratio (%)     =  11.9719
* Etot/t                   =  -8.656531905569E+00 +/-   4.147932629016E-03
  > Ttot/t                 =  -1.829008369586E+01 +/-   1.481824280034E-02
  > Utot/t                 =   9.633551790281E+00 +/-   1.433025589446E-02
* var[Eloc/t]              =   8.343302297065E+00 +/-   2.687500914755E-02
* Correlation length       =   1.032077084885E+00
* log10 Psi^2 range: -13.022144316841928 -- -1.0175679142369540
* log10 Pgen range : -13.022144316841928 -- -1.0175679142369540
* Site occupation (ave. no. electrons per config.):
  > Site_  ___eu____  ___ed____
      1        0.502      0.498
      2        0.498      0.504
      3        0.503      0.497
      4        0.498      0.503
      5        0.501      0.499
      6        0.500      0.502
      7        0.496      0.503
      8        0.501      0.498
      9        0.497      0.502
     10        0.503      0.497
     11        0.498      0.502
     12        0.503      0.496
     13        0.503      0.496
     14        0.498      0.503
     15        0.502      0.499
     16        0.497      0.502
     17        0.503      0.496
     18        0.498      0.503
* Pair-correlation analysis (ave. no. pairs per config.):
  > Shell  nsite  ___dh____  __eueu___  __eued___
      0      1        0          0          1.204
      1     18        1.119      9.592     25.470
      2     18        0.420     23.715     12.169
      3     18        0.380     23.518     12.412
      4     18        0.389     12.017     23.910
      5     18        0.088      3.158      5.835

Optimization #10:
* Method          : lls
* Target function : energy
* No. of configs. : 100096
* No. of params.  : 14
* Before optimization:
  -5.3125E+00   5.1036E-01   3.0827E-01   1.2024E-01   4.2107E-02   2.4121E-02
  -4.8293E-02  -6.5676E-02  -2.4042E-01  -2.7211E-01  -1.0052E-01  -1.3975E-01
  -2.6846E-02  -2.1201E-02
  > E    =  -8.652065445991E+00 +/-   9.240706110913E-03
  > varE =   8.547262445172E+00
* Computing derivatives.
  Done. [total walltime: 0.54s]
* Optimizing manipulation constant:
  #igrid a___________ E____________________________________ varE____________
     1     Infinity    -8.65206545E+00 +/-   9.24070611E-03   8.54726245E+00
     2     1.0000E+06  -8.65206545E+00 +/-   9.24070605E-03   8.54726234E+00
     3     2.1544E+05  -8.65206549E+00 +/-   9.24070585E-03   8.54726196E+00
     4     4.6416E+04  -8.65206563E+00 +/-   9.24070490E-03   8.54726021E+00
     5     1.0000E+04  -8.65206631E+00 +/-   9.24070054E-03   8.54725213E+00
     6     2.1544E+03  -8.65206944E+00 +/-   9.24068073E-03   8.54721548E+00
     7     4.6416E+02  -8.65208324E+00 +/-   9.24059835E-03   8.54706309E+00
     8     1.0000E+02  -8.65213477E+00 +/-   9.24038292E-03   8.54666458E+00
     9     2.1544E+01  -8.65224387E+00 +/-   9.24099154E-03   8.54779047E+00
    10     4.6416E+00  -8.65232162E+00 +/-   9.24615358E-03   8.55734277E+00
    11     1.0000E+00  -8.65236533E+00 +/-   9.25471856E-03   8.57320394E+00
    12     2.1544E-01  -8.65239463E+00 +/-   9.26092649E-03   8.58470935E+00
    13     4.6416E-02  -8.65240378E+00 +/-   9.26322361E-03   8.58896867E+00
    14     1.0000E-02  -8.65240586E+00 +/-   9.26380356E-03   8.59004418E+00
    15     2.1544E-03  -8.65240630E+00 +/-   9.26393325E-03   8.59028469E+00
    16     4.6416E-04  -8.65240640E+00 +/-   9.26396142E-03   8.59033694E+00
    17     1.0000E-04  -8.65240642E+00 +/-   9.26396750E-03   8.59034821E+00
    18     2.1544E-05  -8.65240643E+00 +/-   9.26396881E-03   8.59035064E+00
    19     4.6416E-06  -8.65240643E+00 +/-   9.26396909E-03   8.59035117E+00
    20     1.0000E-06  -8.65240643E+00 +/-   9.26396916E-03   8.59035128E+00
    21     0.0000E+00  -8.65240643E+00 +/-   9.26396917E-03   8.59035131E+00
* Iteration # 1: E =  -8.652406427533E+00 +/-   9.263969172220E-03
* Reached maximum number of iterations: exiting.
* After optimization:
  -5.3825E+00   5.1870E-01   3.1428E-01   1.1899E-01   5.0054E-02   1.4647E-02
  -5.7327E-02  -6.2829E-02  -2.4956E-01  -2.7165E-01  -1.0331E-01  -1.3791E-01
  -3.1233E-02  -1.9087E-02
  > Energy =  -8.652406427533E+00 +/-   9.263969172220E-03
  > varE =   8.590351310368E+00

VMC #11:
* Size of Hilbert space =   2.3639E+09
* Number of equil. steps   = 1000
* Running VMC equilibration.
  Done. [total walltime: 0.02s]
* Equil. acc.ratio (%)     =  11.9532
* Sample config after equilibration:
  +-----------+
  |  d   d   2|
  |u   u   u  |
  |  d   d   d|
  |0   u   u  |
  |  2   d   d|
  |0   u   u  |
  +-----------+
* Number of accum. steps   = 500480 x 10
* Running VMC accumulation.
  Done. [total walltime: 0.84s]
* Acceptance ratio (%)     =  11.8546
* Etot/t                   =  -8.651709368661E+00 +/-   4.131375218495E-03
  > Ttot/t                 =  -1.826334619730E+01 +/-   1.489597917623E-02
  > Utot/t                 =   9.611636828645E+00 +/-   1.425359135977E-02
* var[Eloc/t]              =   8.404235918679E+00 +/-   2.461578679949E-02
* Correlation length       =   1.016430695905E+00
* log10 Psi^2 range: -13.199487943170588 -- -1.2355728030789437
* log10 Pgen range : -13.199487943170588 -- -1.2355728030789437
* Site occupation (ave. no. electrons per config.):
  > Site_  ___eu____  ___ed____
      1        0.504      0.496
      2        0.494      0.504
      3        0.503      0.498
      4        0.496      0.504
      5        0.502      0.497
      6        0.497      0.503
      7        0.496      0.503
      8        0.507      0.496
      9        0.495      0.505
     10        0.502      0.495
     11        0.497      0.502
     12        0.505      0.496
     13        0.502      0.497
     14        0.497      0.504
     15        0.502      0.498
     16        0.499      0.502
     17        0.503      0.497
     18        0.499      0.503
* Pair-correlation analysis (ave. no. pairs per config.):
  > Shell  nsite  ___dh____  __eueu___  __eued___
      0      1        0          0          1.202
      1     18        1.119      9.507     25.550
      2     18        0.412     23.817     12.071
      3     18        0.379     23.617     12.316
      4     18        0.389     11.917     24.007
      5     18        0.085      3.141      5.854

Optimization #11:
* Method          : lls
* Target function : energy
* No. of configs. : 100096
* No. of params.  : 14
* Before optimization:
  -5.3825E+00   5.1870E-01   3.1428E-01   1.1899E-01   5.0054E-02   1.4647E-02
  -5.7327E-02  -6.2829E-02  -2.4956E-01  -2.7165E-01  -1.0331E-01  -1.3791E-01
  -3.1233E-02  -1.9087E-02
  > E    =  -8.659877023366E+00 +/-   9.194599357707E-03
  > varE =   8.462181637980E+00
* Computing derivatives.
  Done. [total walltime: 0.55s]
* Optimizing manipulation constant:
  #igrid a___________ E____________________________________ varE____________
     1     Infinity    -8.65987702E+00 +/-   9.19459936E-03   8.46218164E+00
     2     1.0000E+06  -8.65987703E+00 +/-   9.19459923E-03   8.46218140E+00
     3     2.1544E+05  -8.65987706E+00 +/-   9.19459875E-03   8.46218052E+00
     4     4.6416E+04  -8.65987720E+00 +/-   9.19459654E-03   8.46217646E+00
     5     1.0000E+04  -8.65987782E+00 +/-   9.19458630E-03   8.46215760E+00
     6     2.1544E+03  -8.65988070E+00 +/-   9.19453889E-03   8.46207033E+00
     7     4.6416E+02  -8.65989351E+00 +/-   9.19432144E-03   8.46167008E+00
     8     1.0000E+02  -8.65994339E+00 +/-   9.19336211E-03   8.45990441E+00
     9     2.1544E+01  -8.66006729E+00 +/-   9.18965505E-03   8.45308317E+00
    10     4.6416E+00  -8.66019113E+00 +/-   9.18019080E-03   8.43568079E+00
    11     1.0000E+00  -8.66022710E+00 +/-   9.16987334E-03   8.41673001E+00
    12     2.1544E-01  -8.66022712E+00 +/-   9.16489922E-03   8.40760133E+00
    13     4.6416E-02  -8.66022569E+00 +/-   9.16341709E-03   8.40488222E+00
    14     1.0000E-02  -8.66022527E+00 +/-   9.16306575E-03   8.40423772E+00
    15     2.1544E-03  -8.66022518E+00 +/-   9.16298832E-03   8.40409569E+00
    16     4.6416E-04  -8.66022516E+00 +/-   9.16297156E-03   8.40406494E+00
    17     1.0000E-04  -8.66022515E+00 +/-   9.16296794E-03   8.40405831E+00
    18     2.1544E-05  -8.66022515E+00 +/-   9.16296716E-03   8.40405688E+00
    19     4.6416E-06  -8.66022515E+00 +/-   9.16296699E-03   8.40405657E+00
    20     1.0000E-06  -8.66022515E+00 +/-   9.16296696E-03   8.40405650E+00
    21     0.0000E+00  -8.66022515E+00 +/-   9.16296695E-03   8.40405649E+00
* Iteration # 1: E =  -8.660225151028E+00 +/-   9.162966947766E-03
* Reached maximum number of iterations: exiting.
* After optimization:
  -5.2026E+00   5.0821E-01   3.0282E-01   1.1179E-01   4.0104E-02   1.3320E-02
  -5.3310E-02  -6.0712E-02  -2.4225E-01  -2.6450E-01  -9.5059E-02  -1.2854E-01
  -3.0123E-02  -1.5499E-02
  > Energy =  -8.660225151028E+00 +/-   9.162966947766E-03
  > varE =   8.404056485061E+00

VMC #12:
* Size of Hilbert space =   2.3639E+09
* Number of equil. steps   = 1000
* Running VMC equilibration.
  Done. [total walltime: 0.02s]
* Equil. acc.ratio (%)     =  12.1046
* Sample config after equilibration:
  +-----------+
  |  d   2   2|
  |d   u   0  |
  |  d   u   u|
  |d   d   d  |
  |  u   u   u|
  |0   u   d  |
  +-----------+
* Number of accum. steps   = 500480 x 10
* Running VMC accumulation.
  Done. [total walltime: 0.85s]
* Acceptance ratio (%)     =  11.9839
* Etot/t                   =  -8.659495236507E+00 +/-   4.164065988085E-03
  > Ttot/t                 =  -1.833053104215E+01 +/-   1.516312972345E-02
  > Utot/t                 =   9.671035805627E+00 +/-   1.442667999923E-02
* var[Eloc/t]              =   8.452847624535E+00 +/-   5.514223265260E-02
* Correlation length       =   1.026641682886E+00
* log10 Psi^2 range: -12.318974345188478 -- -0.57070244235594858
* log10 Pgen range : -12.318974345188478 -- -0.57070244235594858
* Site occupation (ave. no. electrons per config.):
  > Site_  ___eu____  ___ed____
      1        0.496      0.503
      2        0.503      0.497
      3        0.497      0.502
      4        0.502      0.499
      5        0.496      0.503
      6        0.503      0.498
      7        0.503      0.498
      8        0.496      0.503
      9        0.502      0.497
     10        0.498      0.501
     11        0.505      0.497
     12        0.499      0.502
     13        0.499      0.502
     14        0.503      0.495
     15        0.496      0.505
     16        0.503      0.498
     17        0.497      0.503
     18        0.503      0.497
* Pair-correlation analysis (ave. no. pairs per config.):
  > Shell  nsite  ___dh____  __eueu___  __eued___
      0      1        0          0          1.204
      1     18        1.124      9.514     25.540
      2     18        0.411     23.804     12.088
      3     18        0.380     23.607     12.329
      4     18        0.391     11.931     23.988
      5     18        0.087      3.143      5.851

VDAGGER finished.
Total VDAGGER walltime: 28.5s

Run ended: Fri Jan 16 08:56:16 CET 2026
