Run started: Fri Jan 16 09:19:18 CET 2026
Using VDAGGER_ARCH = gnu7_fkfamd_cluster
Running 1x128 MPI processes.

                               xx
                              +##
                               #X
                               Xx
                          X##XxXxxX##x
                           +   Xx  ++
                               ##
                              +##
                              +##
     ++++         ++          +##
   xX+++##+      ####         +##
  Xx    ###      +X##          ##
 xX    X##+        ##          #X
 +    x##X         #x          #X
      ###         +#           x+
     X##+         #+
     ###         Xx                    _______
     ##X       +X+   __________________VDAGGER
     +##x    +xX     2nd quantized variational
       +xxxxx+       ______quantum Monte Carlo

* Running 128 MPI processes.
* Input file: "input.01.casl"

############# Start of input file dump #############
General:
  Random seed: timer

Plan:
  VMC-optimization:
    Minimum cycles: 10
    Convergence cycles: 7

System:
  Hubbard model:
    Primitive cell:
      a_1: [ 1.0, 1.0 ]
      a_2: [ -1.0, 1.0 ]
    Simulation cell:
      a_1: [ 6.0, 0.0 ]
      a_2: [ 0.0, 6.0 ]
    U: 8.0
    Dump Hamiltonian: FCIDUMP.new
    Dump orbitals: LTSC.new
  netot: 18

VMC:
  nstep: 500000
  nconfig: 100000

Jastrow: wfn.casl
############## End of input file dump ##############

General setup:
* Random seed: 1172511722 (from timer)

Hubbard system:
* Dimensionality        : 2
* Simulation cell:
  > a_1 =   6.000000000000E+00   0.000000000000E+00
  > a_2 =   0.000000000000E+00   6.000000000000E+00
* Primitive cell:
  > a_1 =   1.000000000000E+00   1.000000000000E+00
  > a_2 =  -1.000000000000E+00   1.000000000000E+00
* Prim.cells in sim.cell: 18
* Number of sublattices : 1
* # real-space shells   : 5
  > Shell #1: 4 sites, rij =  1.4142E+00
  > Shell #2: 4 sites, rij =  2.0000E+00
  > Shell #3: 4 sites, rij =  2.8284E+00
  > Shell #4: 4 sites, rij =  3.1623E+00
  > Shell #5: 1 sites, rij =  4.2426E+00
* Site labels:
  +-----------------+
  |    6    11    16|
  |15     5    10   |
  |   14     4     9|
  | 8    13     3   |
  |    7    18     2|
  | 1    12    17   |
  +-----------------+
* Shell diagram:
  +-----------+
  |  4   4   5|
  |3   2   3  |
  |  1   1   4|
  |2   0   2  |
  |  1   1   4|
  |3   2   3  |
  +-----------+
* Hop multiplicity diagram:
  +-----------+
  |  -   -   -|
  |-   -   -  |
  |  1   1   -|
  |-   0   -  |
  |  1   1   -|
  |-   -   -  |
  +-----------+
* Reciprocal lattice of the simulation cell:
  > b_1 =   1.047197551197E+00  -0.000000000000E+00
  > b_2 =  -0.000000000000E+00   1.047197551197E+00
* k-vector offset:
  > Fractional:   0.000000000000E+00   0.000000000000E+00
  > Absolute  :   0.000000000000E+00   0.000000000000E+00
* G-vector occupation diagram:
  +------0------+
  |      -      |
  |    - - -    |
  |  - 2 2 2 -  |
  0- - 2 2 2 - -0
  |  - 2 2 2 -  |
  |    - - -    |
  |      -      |
  +------0------+
* G-vectors and non-interacting energy levels:
  > G_1 = [   0.0000E+00,  0.0000E+00,  0.0000E+00 ], e =  -4.0000E+00
  > G_2 = [  -1.0472E+00,  0.0000E+00,  0.0000E+00 ], e =  -2.0000E+00
  > G_3 = [   1.0472E+00,  0.0000E+00,  0.0000E+00 ], e =  -2.0000E+00
  > G_4 = [   0.0000E+00,  1.0472E+00,  0.0000E+00 ], e =  -2.0000E+00
  > G_5 = [   0.0000E+00, -1.0472E+00,  0.0000E+00 ], e =  -2.0000E+00
  > G_6 = [  -1.0472E+00, -1.0472E+00,  0.0000E+00 ], e =  -1.0000E+00
  > G_7 = [   1.0472E+00,  1.0472E+00,  0.0000E+00 ], e =  -1.0000E+00
  > G_8 = [   1.0472E+00, -1.0472E+00,  0.0000E+00 ], e =  -1.0000E+00
  > G_9 = [  -1.0472E+00,  1.0472E+00,  0.0000E+00 ], e =  -1.0000E+00 = e_F
  > G_10 = [  -2.0944E+00, -1.0472E+00,  0.0000E+00 ], e =   1.0000E+00
  > G_11 = [   2.0944E+00,  1.0472E+00,  0.0000E+00 ], e =   1.0000E+00
  > G_12 = [   1.0472E+00,  2.0944E+00,  0.0000E+00 ], e =   1.0000E+00
  > G_13 = [  -1.0472E+00, -2.0944E+00,  0.0000E+00 ], e =   1.0000E+00
  > ...
* U/t                   :  8.00000000000E+00
* Hartree-Fock Etot/t   :  4.00000000000E+00
  > Ttot/t              : -3.20000000000E+01
  > Utot/t              :  3.60000000000E+01
* Writing Hamiltonian to "FCIDUMP.new".
* Writing orbitals to "LTSC.new".
* Analysis of Hamiltonian connecitivity performed:
  - U_iiii [opp] (local, 1-site): 18 (i) values
  - T_ji (single, 2-site): 72 contribs. from 18 (i) values
  - Max. no. wfn. ratios in Eloc: 4
* Site labels:
  +-----------------+
  |    6    11    16|
  |15     5    10   |
  |   14     4     9|
  | 8    13     3   |
  |    7    18     2|
  | 1    12    17   |
  +-----------------+
* Model system Site kinds:
  [ 1, 1, 1, 1, 1, 1, 1, 1, 1, 1, 1, 1, 1, 1, 1, 1, 1, 1 ]
  +-----------+
  |  1   1   1|
  |1   1   1  |
  |  1   1   1|
  |1   1   1  |
  |  1   1   1|
  |1   1   1  |
  +-----------+
* Maximum Site kind: 1
* Model system Site pair kinds:
  Site 1: [ 0, 1, 3, 5, 3, 1, 1, 2, 4, 3, 4, 2, 3, 4, 2, 1, 2, 4 ]
  Site 2: [ 1, 0, 1, 3, 5, 3, 2, 1, 2, 4, 3, 4, 4, 3, 4, 2, 1, 2 ]
  Site 3: [ 3, 1, 0, 1, 3, 5, 4, 2, 1, 2, 4, 3, 2, 4, 3, 4, 2, 1 ]
  Site 4: [ 5, 3, 1, 0, 1, 3, 3, 4, 2, 1, 2, 4, 1, 2, 4, 3, 4, 2 ]
  Site 5: [ 3, 5, 3, 1, 0, 1, 4, 3, 4, 2, 1, 2, 2, 1, 2, 4, 3, 4 ]
  Site 6: [ 1, 3, 5, 3, 1, 0, 2, 4, 3, 4, 2, 1, 4, 2, 1, 2, 4, 3 ]
  Site 7: [ 1, 2, 4, 3, 4, 2, 0, 1, 3, 5, 3, 1, 1, 2, 4, 3, 4, 2 ]
  Site 8: [ 2, 1, 2, 4, 3, 4, 1, 0, 1, 3, 5, 3, 2, 1, 2, 4, 3, 4 ]
  Site 9: [ 4, 2, 1, 2, 4, 3, 3, 1, 0, 1, 3, 5, 4, 2, 1, 2, 4, 3 ]
  Site 10: [ 3, 4, 2, 1, 2, 4, 5, 3, 1, 0, 1, 3, 3, 4, 2, 1, 2, 4 ]
  Site 11: [ 4, 3, 4, 2, 1, 2, 3, 5, 3, 1, 0, 1, 4, 3, 4, 2, 1, 2 ]
  Site 12: [ 2, 4, 3, 4, 2, 1, 1, 3, 5, 3, 1, 0, 2, 4, 3, 4, 2, 1 ]
  Site 13: [ 3, 4, 2, 1, 2, 4, 1, 2, 4, 3, 4, 2, 0, 1, 3, 5, 3, 1 ]
  Site 14: [ 4, 3, 4, 2, 1, 2, 2, 1, 2, 4, 3, 4, 1, 0, 1, 3, 5, 3 ]
  Site 15: [ 2, 4, 3, 4, 2, 1, 4, 2, 1, 2, 4, 3, 3, 1, 0, 1, 3, 5 ]
  Site 16: [ 1, 2, 4, 3, 4, 2, 3, 4, 2, 1, 2, 4, 5, 3, 1, 0, 1, 3 ]
  Site 17: [ 2, 1, 2, 4, 3, 4, 4, 3, 4, 2, 1, 2, 3, 5, 3, 1, 0, 1 ]
  Site 18: [ 4, 2, 1, 2, 4, 3, 2, 4, 3, 4, 2, 1, 1, 3, 5, 3, 1, 0 ]
  For site 1 of kind 1:
  +-----------+
  |  1   4   1|
  |2   3   3  |
  |  4   5   4|
  |2   3   3  |
  |  1   4   1|
  |0   2   2  |
  +-----------+
* Maximum (unsigned) Site pair kind: 5

General system setup:
* Number of sites       : 18
* Number of electrons   : 18
* Spin imbalance MS2    : 0
* Filling               : 0.500000
* Number of orbitals in pool: 21
* Using real-valued orbitals
* Using double-precision arithmetic for orbitals

Trial wave function setup:
* Jastrow parameter file: "wfn.casl"
* Not using multideterminants
* Not using a backflow transformation
* Not using wave function manipulation

VMC #1:
* Size of Hilbert space =   2.3639E+09
* Number of equil. steps   = 1000
* Running VMC equilibration.
  Done. [total walltime: 0.03s]
* Equil. acc.ratio (%)     =  12.3270
* Sample config after equilibration:
  +-----------+
  |  d   d   u|
  |d   u   d  |
  |  d   u   u|
  |u   u   d  |
  |  d   d   u|
  |d   u   u  |
  +-----------+
* Number of accum. steps   = 500480 x 10
* Running VMC accumulation.
  Done. [total walltime: 1.27s]
* Acceptance ratio (%)     =  11.9522
* Etot/t                   =  -8.654855278006E+00 +/-   4.139585994607E-03
  > Ttot/t                 =  -1.830664555935E+01 +/-   1.497590443481E-02
  > Utot/t                 =   9.651790281330E+00 +/-   1.430835575687E-02
* var[Eloc/t]              =   8.385252971604E+00 +/-   6.686527393030E-02
* Correlation length       =   1.022785060281E+00
* log10 Psi^2 range: -12.415019120869337 -- -0.57070244235588230
* log10 Pgen range : -12.415019120869337 -- -0.57070244235588230
* Site occupation (ave. no. electrons per config.):
  > Site_  ___eu____  ___ed____
      1        0.503      0.499
      2        0.496      0.503
      3        0.503      0.498
      4        0.499      0.500
      5        0.501      0.500
      6        0.500      0.500
      7        0.497      0.501
      8        0.501      0.499
      9        0.497      0.501
     10        0.501      0.498
     11        0.498      0.501
     12        0.504      0.499
     13        0.500      0.500
     14        0.499      0.503
     15        0.501      0.498
     16        0.499      0.503
     17        0.504      0.495
     18        0.497      0.501
* Pair-correlation analysis (ave. no. pairs per config.):
  > Shell  nsite  ___dh____  __eueu___  __eued___
      0      1        0          0          1.206
      1     18        1.130      9.487     25.563
      2     18        0.417     23.846     12.046
      3     18        0.383     23.644     12.290
      4     18        0.391     11.887     24.037
      5     18        0.087      3.136      5.858

Optimization #1:
* Method          : lls
* Target function : energy
* No. of configs. : 100096
* No. of params.  : 14
* Before optimization:
  -5.2026E+00   5.0821E-01   3.0282E-01   1.1179E-01   4.0104E-02   1.3320E-02
  -5.3310E-02  -6.0712E-02  -2.4225E-01  -2.6450E-01  -9.5059E-02  -1.2854E-01
  -3.0123E-02  -1.5499E-02
  > E    =  -8.654263163331E+00 +/-   9.151392227995E-03
  > varE =   8.382837777114E+00
* Computing derivatives.
  Done. [total walltime: 0.51s]
* Optimizing manipulation constant:
  #igrid a___________ E____________________________________ varE____________
     1     Infinity    -8.65426316E+00 +/-   9.15139223E-03   8.38283778E+00
     2     1.0000E+06  -8.65426318E+00 +/-   9.15139196E-03   8.38283728E+00
     3     2.1544E+05  -8.65426322E+00 +/-   9.15139098E-03   8.38283549E+00
     4     4.6416E+04  -8.65426342E+00 +/-   9.15138642E-03   8.38282714E+00
     5     1.0000E+04  -8.65426434E+00 +/-   9.15136533E-03   8.38278849E+00
     6     2.1544E+03  -8.65426859E+00 +/-   9.15126822E-03   8.38261058E+00
     7     4.6416E+02  -8.65428749E+00 +/-   9.15083444E-03   8.38181592E+00
     8     1.0000E+02  -8.65436042E+00 +/-   9.14913338E-03   8.37870000E+00
     9     2.1544E+01  -8.65453583E+00 +/-   9.14498773E-03   8.37110861E+00
    10     4.6416E+00  -8.65470417E+00 +/-   9.14248921E-03   8.36653506E+00
    11     1.0000E+00  -8.65476541E+00 +/-   9.14540242E-03   8.37186783E+00
    12     2.1544E-01  -8.65477450E+00 +/-   9.14876018E-03   8.37801647E+00
    13     4.6416E-02  -8.65477455E+00 +/-   9.15009389E-03   8.38045935E+00
    14     1.0000E-02  -8.65477434E+00 +/-   9.15043529E-03   8.38108473E+00
    15     2.1544E-03  -8.65477428E+00 +/-   9.15051186E-03   8.38122499E+00
    16     4.6416E-04  -8.65477427E+00 +/-   9.15052850E-03   8.38125547E+00
    17     1.0000E-04  -8.65477427E+00 +/-   9.15053209E-03   8.38126205E+00
    18     2.1544E-05  -8.65477427E+00 +/-   9.15053287E-03   8.38126347E+00
    19     4.6416E-06  -8.65477427E+00 +/-   9.15053303E-03   8.38126378E+00
    20     1.0000E-06  -8.65477427E+00 +/-   9.15053307E-03   8.38126384E+00
    21     0.0000E+00  -8.65477427E+00 +/-   9.15053308E-03   8.38126386E+00
  ParMin   4.7738E-01  -8.65477246E+00 +/-   9.14726257E-03   8.37527380E+00
  # Using parabolic minimum
* Iteration # 1: E =  -8.654772456754E+00 +/-   9.147262568664E-03
* Diminishing returns: exiting.
* After optimization:
  -4.9116E+00   4.8703E-01   2.8342E-01   9.6469E-02   2.1905E-02   5.9743E-03
  -4.5908E-02  -5.0411E-02  -2.3262E-01  -2.5376E-01  -8.8766E-02  -1.2459E-01
  -1.8054E-02  -6.6182E-03
  > Energy =  -8.654772456754E+00 +/-   9.147262568664E-03
  > varE =   8.375273801607E+00

VMC #2:
* Size of Hilbert space =   2.3639E+09
* Number of equil. steps   = 1000
* Running VMC equilibration.
  Done. [total walltime: 0.02s]
* Equil. acc.ratio (%)     =  12.0028
* Sample config after equilibration:
  +-----------+
  |  2   d   d|
  |u   2   u  |
  |  d   0   d|
  |u   u   u  |
  |  0   d   d|
  |d   u   u  |
  +-----------+
* Number of accum. steps   = 500480 x 10
* Running VMC accumulation.
  Done. [total walltime: 0.85s]
* Acceptance ratio (%)     =  11.8984
* Etot/t                   =  -8.650212221630E+00 +/-   4.067334650575E-03
  > Ttot/t                 =  -1.826574930604E+01 +/-   1.511192137873E-02
  > Utot/t                 =   9.615537084399E+00 +/-   1.439424611865E-02
* var[Eloc/t]              =   8.363152268578E+00 +/-   5.704777840896E-02
* Correlation length       =   9.900030580992E-01
* log10 Psi^2 range: -11.873453738359263 -- 0.52717239961524365
* log10 Pgen range : -11.873453738359263 -- 0.52717239961524365
* Site occupation (ave. no. electrons per config.):
  > Site_  ___eu____  ___ed____
      1        0.498      0.501
      2        0.503      0.497
      3        0.499      0.500
      4        0.502      0.501
      5        0.497      0.502
      6        0.503      0.496
      7        0.501      0.499
      8        0.500      0.500
      9        0.500      0.501
     10        0.498      0.503
     11        0.502      0.498
     12        0.498      0.502
     13        0.498      0.502
     14        0.502      0.499
     15        0.499      0.501
     16        0.501      0.497
     17        0.497      0.503
     18        0.502      0.498
* Pair-correlation analysis (ave. no. pairs per config.):
  > Shell  nsite  ___dh____  __eueu___  __eued___
      0      1        0          0          1.200
      1     18        1.119      9.474     25.581
      2     18        0.408     23.849     12.049
      3     18        0.378     23.652     12.284
      4     18        0.390     11.897     24.024
      5     18        0.088      3.129      5.862

Optimization #2:
* Method          : lls
* Target function : energy
* No. of configs. : 100096
* No. of params.  : 14
* Before optimization:
  -4.9116E+00   4.8703E-01   2.8342E-01   9.6469E-02   2.1905E-02   5.9743E-03
  -4.5908E-02  -5.0411E-02  -2.3262E-01  -2.5376E-01  -8.8766E-02  -1.2459E-01
  -1.8054E-02  -6.6182E-03
  > E    =  -8.663357658102E+00 +/-   9.165327719138E-03
  > varE =   8.408387530210E+00
* Computing derivatives.
  Done. [total walltime: 0.54s]
* Optimizing manipulation constant:
  #igrid a___________ E____________________________________ varE____________
     1     Infinity    -8.66335766E+00 +/-   9.16532772E-03   8.40838753E+00
     2     1.0000E+06  -8.66335767E+00 +/-   9.16532764E-03   8.40838739E+00
     3     2.1544E+05  -8.66335771E+00 +/-   9.16532737E-03   8.40838689E+00
     4     4.6416E+04  -8.66335788E+00 +/-   9.16532609E-03   8.40838454E+00
     5     1.0000E+04  -8.66335867E+00 +/-   9.16532017E-03   8.40837368E+00
     6     2.1544E+03  -8.66336233E+00 +/-   9.16529277E-03   8.40832341E+00
     7     4.6416E+02  -8.66337854E+00 +/-   9.16516742E-03   8.40809341E+00
     8     1.0000E+02  -8.66344017E+00 +/-   9.16461714E-03   8.40708379E+00
     9     2.1544E+01  -8.66357946E+00 +/-   9.16242894E-03   8.40306962E+00
    10     4.6416E+00  -8.66369876E+00 +/-   9.15580245E-03   8.39091941E+00
    11     1.0000E+00  -8.66376890E+00 +/-   9.14531408E-03   8.37170609E+00
    12     2.1544E-01  -8.66379764E+00 +/-   9.13744893E-03   8.35731261E+00
    13     4.6416E-02  -8.66380109E+00 +/-   9.13451386E-03   8.35194452E+00
    14     1.0000E-02  -8.66380121E+00 +/-   9.13377194E-03   8.35058786E+00
    15     2.1544E-03  -8.66380120E+00 +/-   9.13360599E-03   8.35028443E+00
    16     4.6416E-04  -8.66380119E+00 +/-   9.13356995E-03   8.35021852E+00
    17     1.0000E-04  -8.66380119E+00 +/-   9.13356217E-03   8.35020430E+00
    18     2.1544E-05  -8.66380119E+00 +/-   9.13356049E-03   8.35020123E+00
    19     4.6416E-06  -8.66380119E+00 +/-   9.13356013E-03   8.35020057E+00
    20     1.0000E-06  -8.66380119E+00 +/-   9.13356005E-03   8.35020043E+00
    21     0.0000E+00  -8.66380119E+00 +/-   9.13356003E-03   8.35020039E+00
* Iteration # 1: E =  -8.663801192733E+00 +/-   9.133560031417E-03
* Diminishing returns: exiting.
* After optimization:
  -4.8373E+00   4.7924E-01   2.7439E-01   1.0035E-01   1.7141E-02   2.3438E-02
  -3.5011E-02  -4.9261E-02  -2.2246E-01  -2.5175E-01  -9.0074E-02  -1.2940E-01
  -1.3938E-02  -8.7427E-03
  > Energy =  -8.663801192733E+00 +/-   9.133560031417E-03
  > varE =   8.350200388959E+00

VMC #3:
* Size of Hilbert space =   2.3639E+09
* Number of equil. steps   = 1000
* Running VMC equilibration.
  Done. [total walltime: 0.02s]
* Equil. acc.ratio (%)     =  12.2483
* Sample config after equilibration:
  +-----------+
  |  d   d   u|
  |u   u   d  |
  |  d   d   2|
  |u   u   0  |
  |  d   d   2|
  |0   u   u  |
  +-----------+
* Number of accum. steps   = 500480 x 10
* Running VMC accumulation.
  Done. [total walltime: 0.85s]
* Acceptance ratio (%)     =  12.0667
* Etot/t                   =  -8.656124872065E+00 +/-   4.130979227225E-03
  > Ttot/t                 =  -1.834786080555E+01 +/-   1.485450231149E-02
  > Utot/t                 =   9.691735933504E+00 +/-   1.414796176628E-02
* var[Eloc/t]              =   8.325513417661E+00 +/-   3.515218496941E-02
* Correlation length       =   1.025844948453E+00
* log10 Psi^2 range: -11.586195497083805 -- 0.84303118368902119
* log10 Pgen range : -11.586195497083805 -- 0.84303118368902119
* Site occupation (ave. no. electrons per config.):
  > Site_  ___eu____  ___ed____
      1        0.502      0.498
      2        0.497      0.501
      3        0.501      0.500
      4        0.499      0.499
      5        0.503      0.498
      6        0.499      0.501
      7        0.498      0.503
      8        0.501      0.499
      9        0.499      0.500
     10        0.500      0.501
     11        0.500      0.502
     12        0.501      0.499
     13        0.502      0.499
     14        0.499      0.502
     15        0.503      0.498
     16        0.497      0.503
     17        0.501      0.499
     18        0.499      0.500
* Pair-correlation analysis (ave. no. pairs per config.):
  > Shell  nsite  ___dh____  __eueu___  __eued___
      0      1        0          0          1.211
      1     18        1.126      9.598     25.454
      2     18        0.414     23.701     12.194
      3     18        0.384     23.514     12.420
      4     18        0.395     12.030     23.889
      5     18        0.092      3.157      5.831

Optimization #3:
* Method          : lls
* Target function : energy
* No. of configs. : 100096
* No. of params.  : 14
* Before optimization:
  -4.8373E+00   4.7924E-01   2.7439E-01   1.0035E-01   1.7141E-02   2.3438E-02
  -3.5011E-02  -4.9261E-02  -2.2246E-01  -2.5175E-01  -9.0074E-02  -1.2940E-01
  -1.3938E-02  -8.7427E-03
  > E    =  -8.649123308761E+00 +/-   9.109798735737E-03
  > varE =   8.306810190132E+00
* Computing derivatives.
  Done. [total walltime: 0.55s]
* Optimizing manipulation constant:
  #igrid a___________ E____________________________________ varE____________
     1     Infinity    -8.64912331E+00 +/-   9.10979874E-03   8.30681019E+00
     2     1.0000E+06  -8.64912332E+00 +/-   9.10979888E-03   8.30681045E+00
     3     2.1544E+05  -8.64912335E+00 +/-   9.10979941E-03   8.30681141E+00
     4     4.6416E+04  -8.64912349E+00 +/-   9.10980185E-03   8.30681587E+00
     5     1.0000E+04  -8.64912414E+00 +/-   9.10981318E-03   8.30683653E+00
     6     2.1544E+03  -8.64912714E+00 +/-   9.10986581E-03   8.30693252E+00
     7     4.6416E+02  -8.64914069E+00 +/-   9.11011053E-03   8.30737883E+00
     8     1.0000E+02  -8.64919616E+00 +/-   9.11124506E-03   8.30944808E+00
     9     2.1544E+01  -8.64936103E+00 +/-   9.11604682E-03   8.31820879E+00
    10     4.6416E+00  -8.64961077E+00 +/-   9.12897869E-03   8.34182567E+00
    11     1.0000E+00  -8.64975294E+00 +/-   9.14561574E-03   8.37225838E+00
    12     2.1544E-01  -8.64976774E+00 +/-   9.15668494E-03   8.39253701E+00
    13     4.6416E-02  -8.64975881E+00 +/-   9.16068165E-03   8.39986496E+00
    14     1.0000E-02  -8.64975536E+00 +/-   9.16168542E-03   8.40170587E+00
    15     2.1544E-03  -8.64975453E+00 +/-   9.16190964E-03   8.40211712E+00
    16     4.6416E-04  -8.64975434E+00 +/-   9.16195833E-03   8.40220643E+00
    17     1.0000E-04  -8.64975430E+00 +/-   9.16196884E-03   8.40222570E+00
    18     2.1544E-05  -8.64975429E+00 +/-   9.16197110E-03   8.40222986E+00
    19     4.6416E-06  -8.64975429E+00 +/-   9.16197159E-03   8.40223075E+00
    20     1.0000E-06  -8.64975429E+00 +/-   9.16197170E-03   8.40223094E+00
    21     0.0000E+00  -8.64975429E+00 +/-   9.16197173E-03   8.40223100E+00
  ParMin   5.9918E-01  -8.64976620E+00 +/-   9.15023003E-03   8.38070872E+00
  # Using grid point #11
* Iteration # 1: E =  -8.649752942456E+00 +/-   9.145615736011E-03
* Diminishing returns: exiting.
* After optimization:
  -5.0576E+00   4.9866E-01   2.9058E-01   1.0675E-01   2.6194E-02   1.8939E-02
  -5.1586E-02  -5.3247E-02  -2.3606E-01  -2.5466E-01  -9.8460E-02  -1.3028E-01
  -2.3050E-02  -8.1268E-03
  > Energy =  -8.649752942456E+00 +/-   9.145615736011E-03
  > varE =   8.372258378647E+00

VMC #4:
* Size of Hilbert space =   2.3639E+09
* Number of equil. steps   = 1000
* Running VMC equilibration.
  Done. [total walltime: 0.02s]
* Equil. acc.ratio (%)     =  12.0419
* Sample config after equilibration:
  +-----------+
  |  u   d   u|
  |d   u   d  |
  |  u   d   u|
  |d   u   d  |
  |  u   d   d|
  |u   d   u  |
  +-----------+
* Number of accum. steps   = 500480 x 10
* Running VMC accumulation.
  Done. [total walltime: 0.85s]
* Acceptance ratio (%)     =  11.9207
* Etot/t                   =  -8.660706497716E+00 +/-   4.142627388639E-03
  > Ttot/t                 =  -1.829325125475E+01 +/-   1.490364718042E-02
  > Utot/t                 =   9.632544757033E+00 +/-   1.433194561643E-02
* var[Eloc/t]              =   8.382904835049E+00 +/-   4.214082721151E-02
* Correlation length       =   1.024575426199E+00
* log10 Psi^2 range: -11.501145853999065 -- 0.54093419235126720E-001
* log10 Pgen range : -11.501145853999065 -- 0.54093419235126720E-001
* Site occupation (ave. no. electrons per config.):
  > Site_  ___eu____  ___ed____
      1        0.503      0.497
      2        0.497      0.504
      3        0.502      0.498
      4        0.498      0.502
      5        0.504      0.497
      6        0.498      0.500
      7        0.498      0.501
      8        0.501      0.497
      9        0.500      0.499
     10        0.500      0.499
     11        0.495      0.505
     12        0.504      0.498
     13        0.503      0.499
     14        0.496      0.503
     15        0.503      0.498
     16        0.497      0.502
     17        0.503      0.499
     18        0.497      0.504
* Pair-correlation analysis (ave. no. pairs per config.):
  > Shell  nsite  ___dh____  __eueu___  __eued___
      0      1        0          0          1.202
      1     18        1.120      9.547     25.512
      2     18        0.416     23.762     12.125
      3     18        0.379     23.550     12.381
      4     18        0.387     11.982     23.947
      5     18        0.088      3.160      5.833

Optimization #4:
* Method          : lls
* Target function : energy
* No. of configs. : 100096
* No. of params.  : 14
* Before optimization:
  -5.0576E+00   4.9866E-01   2.9058E-01   1.0675E-01   2.6194E-02   1.8939E-02
  -5.1586E-02  -5.3247E-02  -2.3606E-01  -2.5466E-01  -9.8460E-02  -1.3028E-01
  -2.3050E-02  -8.1268E-03
  > E    =  -8.658715731104E+00 +/-   9.082238568136E-03
  > varE =   8.256624498364E+00
* Computing derivatives.
  Done. [total walltime: 0.55s]
* Optimizing manipulation constant:
  #igrid a___________ E____________________________________ varE____________
     1     Infinity    -8.65871573E+00 +/-   9.08223857E-03   8.25662450E+00
     2     1.0000E+06  -8.65871573E+00 +/-   9.08223873E-03   8.25662479E+00
     3     2.1544E+05  -8.65871575E+00 +/-   9.08223932E-03   8.25662586E+00
     4     4.6416E+04  -8.65871581E+00 +/-   9.08224205E-03   8.25663082E+00
     5     1.0000E+04  -8.65871611E+00 +/-   9.08225470E-03   8.25665383E+00
     6     2.1544E+03  -8.65871747E+00 +/-   9.08231324E-03   8.25676027E+00
     7     4.6416E+02  -8.65872354E+00 +/-   9.08258063E-03   8.25724645E+00
     8     1.0000E+02  -8.65874729E+00 +/-   9.08373578E-03   8.25934693E+00
     9     2.1544E+01  -8.65880802E+00 +/-   9.08775877E-03   8.26666433E+00
    10     4.6416E+00  -8.65888024E+00 +/-   9.09560727E-03   8.28094925E+00
    11     1.0000E+00  -8.65891821E+00 +/-   9.10138374E-03   8.29147078E+00
    12     2.1544E-01  -8.65892607E+00 +/-   9.10274262E-03   8.29394687E+00
    13     4.6416E-02  -8.65892694E+00 +/-   9.10287060E-03   8.29418010E+00
    14     1.0000E-02  -8.65892703E+00 +/-   9.10287937E-03   8.29419608E+00
    15     2.1544E-03  -8.65892705E+00 +/-   9.10288016E-03   8.29419752E+00
    16     4.6416E-04  -8.65892705E+00 +/-   9.10288028E-03   8.29419773E+00
    17     1.0000E-04  -8.65892705E+00 +/-   9.10288030E-03   8.29419777E+00
    18     2.1544E-05  -8.65892705E+00 +/-   9.10288030E-03   8.29419778E+00
    19     4.6416E-06  -8.65892705E+00 +/-   9.10288031E-03   8.29419778E+00
    20     1.0000E-06  -8.65892705E+00 +/-   9.10288031E-03   8.29419778E+00
    21     0.0000E+00  -8.65892705E+00 +/-   9.10288031E-03   8.29419778E+00
* Iteration # 1: E =  -8.658927054136E+00 +/-   9.102880306127E-03
* Diminishing returns: exiting.
* After optimization:
  -5.1682E+00   5.0908E-01   2.9961E-01   1.0732E-01   2.8477E-02   1.5358E-02
  -5.1352E-02  -6.3188E-02  -2.3747E-01  -2.6622E-01  -9.5183E-02  -1.3201E-01
  -2.0844E-02  -1.3987E-02
  > Energy =  -8.658927054136E+00 +/-   9.102880306127E-03
  > varE =   8.294197780034E+00

VMC #5:
* Size of Hilbert space =   2.3639E+09
* Number of equil. steps   = 1000
* Running VMC equilibration.
  Done. [total walltime: 0.02s]
* Equil. acc.ratio (%)     =  12.0478
* Sample config after equilibration:
  +-----------+
  |  d   d   d|
  |u   u   u  |
  |  u   d   d|
  |u   d   u  |
  |  d   d   d|
  |u   u   u  |
  +-----------+
* Number of accum. steps   = 500480 x 10
* Running VMC accumulation.
  Done. [total walltime: 0.85s]
* Acceptance ratio (%)     =  11.8641
* Etot/t                   =  -8.659652832895E+00 +/-   4.155432593229E-03
  > Ttot/t                 =  -1.826566306307E+01 +/-   1.514147729306E-02
  > Utot/t                 =   9.606010230179E+00 +/-   1.448650910623E-02
* var[Eloc/t]              =   8.425529790340E+00 +/-   6.806247085742E-02
* Correlation length       =   1.025703865644E+00
* log10 Psi^2 range: -12.328442721276641 -- -0.45523825759887770
* log10 Pgen range : -12.328442721276641 -- -0.45523825759887770
* Site occupation (ave. no. electrons per config.):
  > Site_  ___eu____  ___ed____
      1        0.500      0.500
      2        0.500      0.498
      3        0.501      0.499
      4        0.499      0.500
      5        0.497      0.501
      6        0.502      0.500
      7        0.500      0.499
      8        0.499      0.502
      9        0.501      0.499
     10        0.501      0.501
     11        0.502      0.499
     12        0.497      0.502
     13        0.500      0.501
     14        0.500      0.501
     15        0.498      0.502
     16        0.500      0.500
     17        0.499      0.501
     18        0.505      0.496
* Pair-correlation analysis (ave. no. pairs per config.):
  > Shell  nsite  ___dh____  __eueu___  __eued___
      0      1        0          0          1.202
      1     18        1.122      9.520     25.535
      2     18        0.411     23.795     12.096
      3     18        0.378     23.570     12.365
      4     18        0.384     11.968     23.958
      5     18        0.089      3.146      5.844

Optimization #5:
* Method          : lls
* Target function : energy
* No. of configs. : 100096
* No. of params.  : 14
* Before optimization:
  -5.1682E+00   5.0908E-01   2.9961E-01   1.0732E-01   2.8477E-02   1.5358E-02
  -5.1352E-02  -6.3188E-02  -2.3747E-01  -2.6622E-01  -9.5183E-02  -1.3201E-01
  -2.0844E-02  -1.3987E-02
  > E    =  -8.663207764592E+00 +/-   9.124178161881E-03
  > varE =   8.333054773179E+00
* Computing derivatives.
  Done. [total walltime: 0.55s]
* Optimizing manipulation constant:
  #igrid a___________ E____________________________________ varE____________
     1     Infinity    -8.66320776E+00 +/-   9.12417816E-03   8.33305477E+00
     2     1.0000E+06  -8.66320777E+00 +/-   9.12417805E-03   8.33305458E+00
     3     2.1544E+05  -8.66320779E+00 +/-   9.12417766E-03   8.33305386E+00
     4     4.6416E+04  -8.66320790E+00 +/-   9.12417583E-03   8.33305052E+00
     5     1.0000E+04  -8.66320840E+00 +/-   9.12416735E-03   8.33303502E+00
     6     2.1544E+03  -8.66321068E+00 +/-   9.12412810E-03   8.33296334E+00
     7     4.6416E+02  -8.66322081E+00 +/-   9.12394865E-03   8.33263555E+00
     8     1.0000E+02  -8.66325995E+00 +/-   9.12316799E-03   8.33120971E+00
     9     2.1544E+01  -8.66335673E+00 +/-   9.12034077E-03   8.32604691E+00
    10     4.6416E+00  -8.66346754E+00 +/-   9.11444507E-03   8.31528591E+00
    11     1.0000E+00  -8.66352126E+00 +/-   9.11094052E-03   8.30889261E+00
    12     2.1544E-01  -8.66352251E+00 +/-   9.11156029E-03   8.31002306E+00
    13     4.6416E-02  -8.66351724E+00 +/-   9.11223588E-03   8.31125543E+00
    14     1.0000E-02  -8.66351548E+00 +/-   9.11243500E-03   8.31161867E+00
    15     2.1544E-03  -8.66351506E+00 +/-   9.11248096E-03   8.31170250E+00
    16     4.6416E-04  -8.66351496E+00 +/-   9.11249101E-03   8.31172084E+00
    17     1.0000E-04  -8.66351494E+00 +/-   9.11249318E-03   8.31172480E+00
    18     2.1544E-05  -8.66351494E+00 +/-   9.11249365E-03   8.31172565E+00
    19     4.6416E-06  -8.66351494E+00 +/-   9.11249375E-03   8.31172584E+00
    20     1.0000E-06  -8.66351494E+00 +/-   9.11249377E-03   8.31172588E+00
    21     0.0000E+00  -8.66351494E+00 +/-   9.11249378E-03   8.31172589E+00
  ParMin   4.7088E-01  -8.66352494E+00 +/-   9.11105379E-03   8.30909919E+00
  # Using parabolic minimum
* Iteration # 1: E =  -8.663524937849E+00 +/-   9.111053785873E-03
* Diminishing returns: exiting.
* After optimization:
  -5.1445E+00   5.0274E-01   2.9837E-01   1.0991E-01   2.9166E-02   1.4441E-02
  -5.1807E-02  -5.7044E-02  -2.4205E-01  -2.6310E-01  -9.8131E-02  -1.3245E-01
  -2.2676E-02  -9.6627E-03
  > Energy =  -8.663524937849E+00 +/-   9.111053785873E-03
  > varE =   8.309099193812E+00

VMC #6:
* Size of Hilbert space =   2.3639E+09
* Number of equil. steps   = 1000
* Running VMC equilibration.
  Done. [total walltime: 0.02s]
* Equil. acc.ratio (%)     =  12.0947
* Sample config after equilibration:
  +-----------+
  |  u   u   d|
  |d   d   d  |
  |  u   u   u|
  |d   d   d  |
  |  u   u   u|
  |u   d   d  |
  +-----------+
* Number of accum. steps   = 500480 x 10
* Running VMC accumulation.
  Done. [total walltime: 0.85s]
* Acceptance ratio (%)     =  11.9152
* Etot/t                   =  -8.662071580647E+00 +/-   4.171026869666E-03
  > Ttot/t                 =  -1.829770137604E+01 +/-   1.532346718613E-02
  > Utot/t                 =   9.635629795396E+00 +/-   1.465599168197E-02
* var[Eloc/t]              =   8.440601236317E+00 +/-   5.101857458457E-02
* Correlation length       =   1.031571461941E+00
* log10 Psi^2 range: -12.410939406779894 -- -0.36330331410088262
* log10 Pgen range : -12.410939406779894 -- -0.36330331410088262
* Site occupation (ave. no. electrons per config.):
  > Site_  ___eu____  ___ed____
      1        0.501      0.500
      2        0.501      0.500
      3        0.499      0.501
      4        0.500      0.499
      5        0.501      0.498
      6        0.498      0.502
      7        0.499      0.499
      8        0.497      0.500
      9        0.502      0.499
     10        0.499      0.501
     11        0.499      0.498
     12        0.502      0.499
     13        0.499      0.500
     14        0.500      0.501
     15        0.500      0.500
     16        0.501      0.500
     17        0.500      0.502
     18        0.501      0.500
* Pair-correlation analysis (ave. no. pairs per config.):
  > Shell  nsite  ___dh____  __eueu___  __eued___
      0      1        0          0          1.202
      1     18        1.118      9.510     25.550
      2     18        0.414     23.803     12.085
      3     18        0.377     23.615     12.321
      4     18        0.389     11.934     23.991
      5     18        0.088      3.139      5.851

Optimization #6:
* Method          : lls
* Target function : energy
* No. of configs. : 100096
* No. of params.  : 14
* Before optimization:
  -5.1445E+00   5.0274E-01   2.9837E-01   1.0991E-01   2.9166E-02   1.4441E-02
  -5.1807E-02  -5.7044E-02  -2.4205E-01  -2.6310E-01  -9.8131E-02  -1.3245E-01
  -2.2676E-02  -9.6627E-03
  > E    =  -8.661680865271E+00 +/-   9.273807253898E-03
  > varE =   8.608606434339E+00
* Computing derivatives.
  Done. [total walltime: 0.54s]
* Optimizing manipulation constant:
  #igrid a___________ E____________________________________ varE____________
     1     Infinity    -8.66168087E+00 +/-   9.27380725E-03   8.60860643E+00
     2     1.0000E+06  -8.66168087E+00 +/-   9.27380666E-03   8.60860533E+00
     3     2.1544E+05  -8.66168091E+00 +/-   9.27380449E-03   8.60860131E+00
     4     4.6416E+04  -8.66168107E+00 +/-   9.27379444E-03   8.60858265E+00
     5     1.0000E+04  -8.66168180E+00 +/-   9.27374786E-03   8.60849617E+00
     6     2.1544E+03  -8.66168518E+00 +/-   9.27353305E-03   8.60809736E+00
     7     4.6416E+02  -8.66169998E+00 +/-   9.27256480E-03   8.60629992E+00
     8     1.0000E+02  -8.66175372E+00 +/-   9.26860072E-03   8.59894300E+00
     9     2.1544E+01  -8.66185802E+00 +/-   9.25665996E-03   8.57680119E+00
    10     4.6416E+00  -8.66193363E+00 +/-   9.23581158E-03   8.53821037E+00
    11     1.0000E+00  -8.66200716E+00 +/-   9.21462872E-03   8.49908955E+00
    12     2.1544E-01  -8.66203908E+00 +/-   9.20179209E-03   8.47542637E+00
    13     4.6416E-02  -8.66203937E+00 +/-   9.19733320E-03   8.46721454E+00
    14     1.0000E-02  -8.66203821E+00 +/-   9.19622657E-03   8.46517709E+00
    15     2.1544E-03  -8.66203788E+00 +/-   9.19598008E-03   8.46472330E+00
    16     4.6416E-04  -8.66203781E+00 +/-   9.19592658E-03   8.46462482E+00
    17     1.0000E-04  -8.66203779E+00 +/-   9.19591504E-03   8.46460357E+00
    18     2.1544E-05  -8.66203779E+00 +/-   9.19591255E-03   8.46459899E+00
    19     4.6416E-06  -8.66203779E+00 +/-   9.19591202E-03   8.46459800E+00
    20     1.0000E-06  -8.66203779E+00 +/-   9.19591190E-03   8.46459779E+00
    21     0.0000E+00  -8.66203779E+00 +/-   9.19591187E-03   8.46459773E+00
* Iteration # 1: E =  -8.662037789063E+00 +/-   9.195911869662E-03
* Diminishing returns: exiting.
* After optimization:
  -5.0309E+00   4.9611E-01   2.8761E-01   1.0741E-01   3.0514E-02   2.6291E-02
  -4.9172E-02  -5.6199E-02  -2.3316E-01  -2.5263E-01  -9.7082E-02  -1.2985E-01
  -2.2215E-02  -7.1615E-03
  > Energy =  -8.662037789063E+00 +/-   9.195911869662E-03
  > varE =   8.464597731790E+00

VMC #7:
* Size of Hilbert space =   2.3639E+09
* Number of equil. steps   = 1000
* Running VMC equilibration.
  Done. [total walltime: 0.02s]
* Equil. acc.ratio (%)     =  12.2608
* Sample config after equilibration:
  +-----------+
  |  d   d   d|
  |u   u   u  |
  |  d   d   d|
  |u   2   u  |
  |  d   0   d|
  |u   u   u  |
  +-----------+
* Number of accum. steps   = 500480 x 10
* Running VMC accumulation.
  Done. [total walltime: 0.85s]
* Acceptance ratio (%)     =  12.1351
* Etot/t                   =  -8.656957473248E+00 +/-   4.155192799689E-03
  > Ttot/t                 =  -1.840075542721E+01 +/-   1.503932658569E-02
  > Utot/t                 =   9.743797953964E+00 +/-   1.440218490811E-02
* var[Eloc/t]              =   8.336923309186E+00 +/-   3.863821472256E-02
* Correlation length       =   1.036485617282E+00
* log10 Psi^2 range: -12.546523213015154 -- 0.52343756195991409E-001
* log10 Pgen range : -12.546523213015154 -- 0.52343756195991409E-001
* Site occupation (ave. no. electrons per config.):
  > Site_  ___eu____  ___ed____
      1        0.498      0.502
      2        0.504      0.496
      3        0.496      0.504
      4        0.504      0.497
      5        0.499      0.503
      6        0.503      0.496
      7        0.503      0.497
      8        0.496      0.503
      9        0.502      0.498
     10        0.500      0.500
     11        0.504      0.496
     12        0.496      0.503
     13        0.495      0.506
     14        0.503      0.494
     15        0.496      0.505
     16        0.503      0.499
     17        0.497      0.502
     18        0.503      0.498
* Pair-correlation analysis (ave. no. pairs per config.):
  > Shell  nsite  ___dh____  __eueu___  __eued___
      0      1        0          0          1.217
      1     18        1.137      9.666     25.379
      2     18        0.422     23.616     12.275
      3     18        0.388     23.415     12.518
      4     18        0.396     12.116     23.809
      5     18        0.092      3.186      5.802

Optimization #7:
* Method          : lls
* Target function : energy
* No. of configs. : 100096
* No. of params.  : 14
* Before optimization:
  -5.0309E+00   4.9611E-01   2.8761E-01   1.0741E-01   3.0514E-02   2.6291E-02
  -4.9172E-02  -5.6199E-02  -2.3316E-01  -2.5263E-01  -9.7082E-02  -1.2985E-01
  -2.2215E-02  -7.1615E-03
  > E    =  -8.659482808588E+00 +/-   9.094676359153E-03
  > varE =   8.279254269029E+00
* Computing derivatives.
  Done. [total walltime: 0.54s]
* Optimizing manipulation constant:
  #igrid a___________ E____________________________________ varE____________
     1     Infinity    -8.65948281E+00 +/-   9.09467636E-03   8.27925427E+00
     2     1.0000E+06  -8.65948281E+00 +/-   9.09467653E-03   8.27925458E+00
     3     2.1544E+05  -8.65948284E+00 +/-   9.09467716E-03   8.27925573E+00
     4     4.6416E+04  -8.65948294E+00 +/-   9.09468008E-03   8.27926104E+00
     5     1.0000E+04  -8.65948341E+00 +/-   9.09469362E-03   8.27928569E+00
     6     2.1544E+03  -8.65948560E+00 +/-   9.09475621E-03   8.27939966E+00
     7     4.6416E+02  -8.65949529E+00 +/-   9.09504196E-03   8.27991992E+00
     8     1.0000E+02  -8.65953235E+00 +/-   9.09627328E-03   8.28216201E+00
     9     2.1544E+01  -8.65962041E+00 +/-   9.10056933E-03   8.28998696E+00
    10     4.6416E+00  -8.65971986E+00 +/-   9.10993467E-03   8.30705809E+00
    11     1.0000E+00  -8.65979130E+00 +/-   9.12170343E-03   8.32853508E+00
    12     2.1544E-01  -8.65980344E+00 +/-   9.13003476E-03   8.34375580E+00
    13     4.6416E-02  -8.65979616E+00 +/-   9.13312749E-03   8.34940952E+00
    14     1.0000E-02  -8.65979319E+00 +/-   9.13390972E-03   8.35083979E+00
    15     2.1544E-03  -8.65979246E+00 +/-   9.13408473E-03   8.35115981E+00
    16     4.6416E-04  -8.65979229E+00 +/-   9.13412275E-03   8.35122933E+00
    17     1.0000E-04  -8.65979226E+00 +/-   9.13413095E-03   8.35124433E+00
    18     2.1544E-05  -8.65979225E+00 +/-   9.13413272E-03   8.35124756E+00
    19     4.6416E-06  -8.65979225E+00 +/-   9.13413310E-03   8.35124826E+00
    20     1.0000E-06  -8.65979225E+00 +/-   9.13413318E-03   8.35124841E+00
    21     0.0000E+00  -8.65979225E+00 +/-   9.13413321E-03   8.35124845E+00
  ParMin   6.9446E-01  -8.65979925E+00 +/-   9.12419885E-03   8.33309257E+00
  # Using parabolic minimum
* Iteration # 1: E =  -8.659799252877E+00 +/-   9.124198852301E-03
* Diminishing returns: exiting.
* After optimization:
  -5.0672E+00   4.9395E-01   2.9246E-01   1.1176E-01   3.4191E-02   2.3818E-02
  -4.2648E-02  -5.2863E-02  -2.3414E-01  -2.5802E-01  -9.9452E-02  -1.3449E-01
  -2.3129E-02  -1.0968E-02
  > Energy =  -8.659799252877E+00 +/-   9.124198852301E-03
  > varE =   8.333092566084E+00

VMC #8:
* Size of Hilbert space =   2.3639E+09
* Number of equil. steps   = 1000
* Running VMC equilibration.
  Done. [total walltime: 0.02s]
* Equil. acc.ratio (%)     =  12.0829
* Sample config after equilibration:
  +-----------+
  |  u   u   d|
  |u   d   d  |
  |  u   u   u|
  |d   d   d  |
  |  u   u   u|
  |d   d   d  |
  +-----------+
* Number of accum. steps   = 500480 x 10
* Running VMC accumulation.
  Done. [total walltime: 0.85s]
* Acceptance ratio (%)     =  12.0500
* Etot/t                   =  -8.665652911568E+00 +/-   4.164578566108E-03
  > Ttot/t                 =  -1.837275009828E+01 +/-   1.466371225826E-02
  > Utot/t                 =   9.707097186701E+00 +/-   1.409082127582E-02
* var[Eloc/t]              =   8.438248020887E+00 +/-   3.446969206927E-02
* Correlation length       =   1.028671150478E+00
* log10 Psi^2 range: -12.453706416412411 -- -0.67170428421962594E-001
* log10 Pgen range : -12.453706416412411 -- -0.67170428421962594E-001
* Site occupation (ave. no. electrons per config.):
  > Site_  ___eu____  ___ed____
      1        0.496      0.502
      2        0.502      0.499
      3        0.495      0.505
      4        0.506      0.494
      5        0.493      0.507
      6        0.504      0.497
      7        0.504      0.498
      8        0.497      0.504
      9        0.504      0.497
     10        0.497      0.503
     11        0.504      0.495
     12        0.495      0.505
     13        0.497      0.504
     14        0.503      0.497
     15        0.495      0.503
     16        0.506      0.495
     17        0.495      0.503
     18        0.506      0.492
* Pair-correlation analysis (ave. no. pairs per config.):
  > Shell  nsite  ___dh____  __eueu___  __eued___
      0      1        0          0          1.209
      1     18        1.126      9.579     25.476
      2     18        0.417     23.728     12.164
      3     18        0.385     23.523     12.406
      4     18        0.392     12.007     23.917
      5     18        0.090      3.163      5.827

Optimization #8:
* Method          : lls
* Target function : energy
* No. of configs. : 100096
* No. of params.  : 14
* Before optimization:
  -5.0672E+00   4.9395E-01   2.9246E-01   1.1176E-01   3.4191E-02   2.3818E-02
  -4.2648E-02  -5.2863E-02  -2.3414E-01  -2.5802E-01  -9.9452E-02  -1.3449E-01
  -2.3129E-02  -1.0968E-02
  > E    =  -8.677044688620E+00 +/-   9.273228805085E-03
  > varE =   8.607532553304E+00
* Computing derivatives.
  Done. [total walltime: 0.54s]
* Optimizing manipulation constant:
  #igrid a___________ E____________________________________ varE____________
     1     Infinity    -8.67704469E+00 +/-   9.27322881E-03   8.60753255E+00
     2     1.0000E+06  -8.67704469E+00 +/-   9.27322863E-03   8.60753222E+00
     3     2.1544E+05  -8.67704470E+00 +/-   9.27322798E-03   8.60753103E+00
     4     4.6416E+04  -8.67704476E+00 +/-   9.27322499E-03   8.60752547E+00
     5     1.0000E+04  -8.67704503E+00 +/-   9.27321110E-03   8.60749968E+00
     6     2.1544E+03  -8.67704625E+00 +/-   9.27314682E-03   8.60738036E+00
     7     4.6416E+02  -8.67705162E+00 +/-   9.27285249E-03   8.60683396E+00
     8     1.0000E+02  -8.67707159E+00 +/-   9.27156513E-03   8.60444435E+00
     9     2.1544E+01  -8.67711271E+00 +/-   9.26682376E-03   8.59564617E+00
    10     4.6416E+00  -8.67712959E+00 +/-   9.25639874E-03   8.57631714E+00
    11     1.0000E+00  -8.67711066E+00 +/-   9.24824156E-03   8.56120806E+00
    12     2.1544E-01  -8.67709734E+00 +/-   9.24654093E-03   8.55805978E+00
    13     4.6416E-02  -8.67709295E+00 +/-   9.24648432E-03   8.55795498E+00
    14     1.0000E-02  -8.67709186E+00 +/-   9.24650593E-03   8.55799499E+00
    15     2.1544E-03  -8.67709161E+00 +/-   9.24651255E-03   8.55800724E+00
    16     4.6416E-04  -8.67709156E+00 +/-   9.24651407E-03   8.55801006E+00
    17     1.0000E-04  -8.67709155E+00 +/-   9.24651440E-03   8.55801067E+00
    18     2.1544E-05  -8.67709155E+00 +/-   9.24651447E-03   8.55801080E+00
    19     4.6416E-06  -8.67709155E+00 +/-   9.24651449E-03   8.55801083E+00
    20     1.0000E-06  -8.67709155E+00 +/-   9.24651449E-03   8.55801084E+00
    21     0.0000E+00  -8.67709155E+00 +/-   9.24651449E-03   8.55801084E+00
  ParMin   1.1613E+00  -8.67711262E+00 +/-   9.24868371E-03   8.56202669E+00
  # Using parabolic minimum
* Iteration # 1: E =  -8.677112619310E+00 +/-   9.248683707548E-03
* Diminishing returns: exiting.
* After optimization:
  -5.0460E+00   4.8733E-01   2.8932E-01   1.1094E-01   3.8627E-02   2.5122E-02
  -3.9798E-02  -5.1409E-02  -2.3168E-01  -2.5796E-01  -9.7449E-02  -1.3449E-01
  -2.4638E-02  -1.5326E-02
  > Energy =  -8.677112619310E+00 +/-   9.248683707548E-03
  > varE =   8.562026694657E+00

VMC #9:
* Size of Hilbert space =   2.3639E+09
* Number of equil. steps   = 1000
* Running VMC equilibration.
  Done. [total walltime: 0.02s]
* Equil. acc.ratio (%)     =  12.4255
* Sample config after equilibration:
  +-----------+
  |  0   u   u|
  |u   d   0  |
  |  2   2   u|
  |d   d   d  |
  |  u   u   u|
  |d   d   d  |
  +-----------+
* Number of accum. steps   = 500480 x 10
* Running VMC accumulation.
  Done. [total walltime: 0.86s]
* Acceptance ratio (%)     =  12.1322
* Etot/t                   =  -8.656007924509E+00 +/-   4.087549732933E-03
  > Ttot/t                 =  -1.839366777105E+01 +/-   1.483539404806E-02
  > Utot/t                 =   9.737659846547E+00 +/-   1.427041032731E-02
* var[Eloc/t]              =   8.326819459795E+00 +/-   2.129537217205E-02
* Correlation length       =   1.004231125717E+00
* log10 Psi^2 range: -12.183372217228758 -- -0.18479237943653557E-001
* log10 Pgen range : -12.183372217228758 -- -0.18479237943653557E-001
* Site occupation (ave. no. electrons per config.):
  > Site_  ___eu____  ___ed____
      1        0.501      0.497
      2        0.496      0.501
      3        0.501      0.499
      4        0.499      0.501
      5        0.501      0.499
      6        0.499      0.502
      7        0.500      0.499
      8        0.501      0.499
      9        0.498      0.504
     10        0.500      0.497
     11        0.500      0.499
     12        0.502      0.499
     13        0.502      0.498
     14        0.498      0.502
     15        0.502      0.499
     16        0.498      0.503
     17        0.502      0.501
     18        0.499      0.501
* Pair-correlation analysis (ave. no. pairs per config.):
  > Shell  nsite  ___dh____  __eueu___  __eued___
      0      1        0          0          1.218
      1     18        1.136      9.599     25.449
      2     18        0.424     23.706     12.182
      3     18        0.387     23.512     12.427
      4     18        0.401     12.025     23.893
      5     18        0.092      3.159      5.830

Optimization #9:
* Method          : lls
* Target function : energy
* No. of configs. : 100096
* No. of params.  : 14
* Before optimization:
  -5.0460E+00   4.8733E-01   2.8932E-01   1.1094E-01   3.8627E-02   2.5122E-02
  -3.9798E-02  -5.1409E-02  -2.3168E-01  -2.5796E-01  -9.7449E-02  -1.3449E-01
  -2.4638E-02  -1.5326E-02
  > E    =  -8.663104133683E+00 +/-   9.156938879884E-03
  > varE =   8.393002519840E+00
* Computing derivatives.
  Done. [total walltime: 0.54s]
* Optimizing manipulation constant:
  #igrid a___________ E____________________________________ varE____________
     1     Infinity    -8.66310413E+00 +/-   9.15693888E-03   8.39300252E+00
     2     1.0000E+06  -8.66310414E+00 +/-   9.15693895E-03   8.39300265E+00
     3     2.1544E+05  -8.66310415E+00 +/-   9.15693920E-03   8.39300311E+00
     4     4.6416E+04  -8.66310420E+00 +/-   9.15694037E-03   8.39300525E+00
     5     1.0000E+04  -8.66310443E+00 +/-   9.15694580E-03   8.39301521E+00
     6     2.1544E+03  -8.66310548E+00 +/-   9.15697096E-03   8.39306133E+00
     7     4.6416E+02  -8.66311009E+00 +/-   9.15708667E-03   8.39327345E+00
     8     1.0000E+02  -8.66312663E+00 +/-   9.15760001E-03   8.39421452E+00
     9     2.1544E+01  -8.66315589E+00 +/-   9.15950856E-03   8.39771377E+00
    10     4.6416E+00  -8.66316454E+00 +/-   9.16357119E-03   8.40516491E+00
    11     1.0000E+00  -8.66316506E+00 +/-   9.16723942E-03   8.41189554E+00
    12     2.1544E-01  -8.66316625E+00 +/-   9.16890048E-03   8.41494421E+00
    13     4.6416E-02  -8.66316670E+00 +/-   9.16939589E-03   8.41585357E+00
    14     1.0000E-02  -8.66316681E+00 +/-   9.16951375E-03   8.41606993E+00
    15     2.1544E-03  -8.66316683E+00 +/-   9.16953975E-03   8.41611765E+00
    16     4.6416E-04  -8.66316684E+00 +/-   9.16954538E-03   8.41612799E+00
    17     1.0000E-04  -8.66316684E+00 +/-   9.16954660E-03   8.41613022E+00
    18     2.1544E-05  -8.66316684E+00 +/-   9.16954686E-03   8.41613070E+00
    19     4.6416E-06  -8.66316684E+00 +/-   9.16954692E-03   8.41613080E+00
    20     1.0000E-06  -8.66316684E+00 +/-   9.16954693E-03   8.41613083E+00
    21     0.0000E+00  -8.66316684E+00 +/-   9.16954693E-03   8.41613083E+00
  ParMin   1.2222E+01  -8.66316221E+00 +/-   9.16082011E-03   8.40011889E+00
  # Using parabolic minimum
* Iteration # 1: E =  -8.663162207269E+00 +/-   9.160820112312E-03
* Diminishing returns: exiting.
* After optimization:
  -4.9575E+00   4.8315E-01   2.8473E-01   1.0727E-01   3.1797E-02   2.1566E-02
  -3.7925E-02  -4.9092E-02  -2.2834E-01  -2.5390E-01  -9.4123E-02  -1.3092E-01
  -2.3259E-02  -1.3318E-02
  > Energy =  -8.663162207269E+00 +/-   9.160820112312E-03
  > varE =   8.400118893027E+00

VMC #10:
* Size of Hilbert space =   2.3639E+09
* Number of equil. steps   = 1000
* Running VMC equilibration.
  Done. [total walltime: 0.02s]
* Equil. acc.ratio (%)     =  12.3076
* Sample config after equilibration:
  +-----------+
  |  u   d   d|
  |0   2   u  |
  |  0   d   d|
  |2   u   u  |
  |  u   2   d|
  |d   0   u  |
  +-----------+
* Number of accum. steps   = 500480 x 10
* Running VMC accumulation.
  Done. [total walltime: 0.85s]
* Acceptance ratio (%)     =  12.1328
* Etot/t                   =  -8.652636022030E+00 +/-   4.172990520988E-03
  > Ttot/t                 =  -1.840017438519E+01 +/-   1.521947946142E-02
  > Utot/t                 =   9.747538363171E+00 +/-   1.464682329966E-02
* var[Eloc/t]              =   8.323923545851E+00 +/-   4.543331578279E-02
* Correlation length       =   1.047016295148E+00
* log10 Psi^2 range: -11.262288849401292 -- 0.32517885295051474
* log10 Pgen range : -11.262288849401292 -- 0.32517885295051474
* Site occupation (ave. no. electrons per config.):
  > Site_  ___eu____  ___ed____
      1        0.500      0.499
      2        0.502      0.501
      3        0.502      0.500
      4        0.501      0.500
      5        0.498      0.502
      6        0.500      0.501
      7        0.501      0.500
      8        0.498      0.501
      9        0.501      0.499
     10        0.500      0.499
     11        0.501      0.500
     12        0.499      0.499
     13        0.501      0.498
     14        0.499      0.501
     15        0.499      0.498
     16        0.500      0.502
     17        0.499      0.499
     18        0.500      0.502
* Pair-correlation analysis (ave. no. pairs per config.):
  > Shell  nsite  ___dh____  __eueu___  __eued___
      0      1        0          0          1.222
      1     18        1.141      9.592     25.451
      2     18        0.422     23.717     12.176
      3     18        0.393     23.532     12.400
      4     18        0.402     12.002     23.916
      5     18        0.092      3.158      5.835

Optimization #10:
* Method          : lls
* Target function : energy
* No. of configs. : 100096
* No. of params.  : 14
* Before optimization:
  -4.9575E+00   4.8315E-01   2.8473E-01   1.0727E-01   3.1797E-02   2.1566E-02
  -3.7925E-02  -4.9092E-02  -2.2834E-01  -2.5390E-01  -9.4123E-02  -1.3092E-01
  -2.3259E-02  -1.3318E-02
  > E    =  -8.645897896053E+00 +/-   9.081873903801E-03
  > varE =   8.255961482080E+00
* Computing derivatives.
  Done. [total walltime: 0.54s]
* Optimizing manipulation constant:
  #igrid a___________ E____________________________________ varE____________
     1     Infinity    -8.64589790E+00 +/-   9.08187390E-03   8.25596148E+00
     2     1.0000E+06  -8.64589790E+00 +/-   9.08187422E-03   8.25596206E+00
     3     2.1544E+05  -8.64589793E+00 +/-   9.08187537E-03   8.25596416E+00
     4     4.6416E+04  -8.64589805E+00 +/-   9.08188073E-03   8.25597389E+00
     5     1.0000E+04  -8.64589863E+00 +/-   9.08190557E-03   8.25601905E+00
     6     2.1544E+03  -8.64590127E+00 +/-   9.08202061E-03   8.25622821E+00
     7     4.6416E+02  -8.64591325E+00 +/-   9.08254926E-03   8.25718941E+00
     8     1.0000E+02  -8.64596372E+00 +/-   9.08489322E-03   8.26145188E+00
     9     2.1544E+01  -8.64612764E+00 +/-   9.09383744E-03   8.27772693E+00
    10     4.6416E+00  -8.64641535E+00 +/-   9.11544256E-03   8.31710606E+00
    11     1.0000E+00  -8.64659751E+00 +/-   9.13996543E-03   8.36191655E+00
    12     2.1544E-01  -8.64661759E+00 +/-   9.15402918E-03   8.38766947E+00
    13     4.6416E-02  -8.64660567E+00 +/-   9.15876166E-03   8.39634427E+00
    14     1.0000E-02  -8.64660105E+00 +/-   9.15992816E-03   8.39848320E+00
    15     2.1544E-03  -8.64659993E+00 +/-   9.16018763E-03   8.39895901E+00
    16     4.6416E-04  -8.64659968E+00 +/-   9.16024393E-03   8.39906225E+00
    17     1.0000E-04  -8.64659963E+00 +/-   9.16025608E-03   8.39908452E+00
    18     2.1544E-05  -8.64659962E+00 +/-   9.16025869E-03   8.39908933E+00
    19     4.6416E-06  -8.64659962E+00 +/-   9.16025926E-03   8.39909036E+00
    20     1.0000E-06  -8.64659962E+00 +/-   9.16025938E-03   8.39909058E+00
    21     0.0000E+00  -8.64659962E+00 +/-   9.16025941E-03   8.39909064E+00
  ParMin   6.0179E-01  -8.64661526E+00 +/-   9.14597895E-03   8.37292340E+00
  # Using grid point #11
* Iteration # 1: E =  -8.646597511245E+00 +/-   9.139965429574E-03
* Diminishing returns: exiting.
* After optimization:
  -4.9741E+00   4.8997E-01   2.8431E-01   1.0499E-01   2.4699E-02   1.8828E-02
  -3.6173E-02  -5.3066E-02  -2.2795E-01  -2.6035E-01  -9.3019E-02  -1.3209E-01
  -1.8302E-02  -1.2058E-02
  > Energy =  -8.646597511245E+00 +/-   9.139965429574E-03
  > varE =   8.361916546314E+00

VMC #11:
* Size of Hilbert space =   2.3639E+09
* Number of equil. steps   = 1000
* Running VMC equilibration.
  Done. [total walltime: 0.02s]
* Equil. acc.ratio (%)     =  11.9947
* Sample config after equilibration:
  +-----------+
  |  d   u   d|
  |d   u   d  |
  |  0   u   u|
  |d   d   2  |
  |  u   0   u|
  |u   d   2  |
  +-----------+
* Number of accum. steps   = 500480 x 10
* Running VMC accumulation.
  Done. [total walltime: 0.85s]
* Acceptance ratio (%)     =  11.8899
* Etot/t                   =  -8.653957622714E+00 +/-   4.190125254379E-03
  > Ttot/t                 =  -1.828304969432E+01 +/-   1.464909133078E-02
  > Utot/t                 =   9.629092071611E+00 +/-   1.389907061340E-02
* var[Eloc/t]              =   8.478325315385E+00 +/-   2.770656417386E-02
* Correlation length       =   1.036407772603E+00
* log10 Psi^2 range: -11.978612628087273 -- 0.28703343895525685
* log10 Pgen range : -11.978612628087273 -- 0.28703343895525685
* Site occupation (ave. no. electrons per config.):
  > Site_  ___eu____  ___ed____
      1        0.503      0.498
      2        0.499      0.500
      3        0.500      0.500
      4        0.500      0.502
      5        0.500      0.500
      6        0.500      0.499
      7        0.499      0.501
      8        0.502      0.500
      9        0.497      0.501
     10        0.502      0.497
     11        0.501      0.498
     12        0.500      0.501
     13        0.499      0.499
     14        0.500      0.499
     15        0.499      0.503
     16        0.500      0.501
     17        0.499      0.501
     18        0.500      0.499
* Pair-correlation analysis (ave. no. pairs per config.):
  > Shell  nsite  ___dh____  __eueu___  __eued___
      0      1        0          0          1.203
      1     18        1.123      9.451     25.605
      2     18        0.411     23.901     11.995
      3     18        0.383     23.692     12.237
      4     18        0.390     11.841     24.081
      5     18        0.088      3.115      5.879

Optimization #11:
* Method          : lls
* Target function : energy
* No. of configs. : 100096
* No. of params.  : 14
* Before optimization:
  -4.9741E+00   4.8997E-01   2.8431E-01   1.0499E-01   2.4699E-02   1.8828E-02
  -3.6173E-02  -5.3066E-02  -2.2795E-01  -2.6035E-01  -9.3019E-02  -1.3209E-01
  -1.8302E-02  -1.2058E-02
  > E    =  -8.647903887560E+00 +/-   9.182666381231E-03
  > varE =   8.440231037638E+00
* Computing derivatives.
  Done. [total walltime: 0.54s]
* Optimizing manipulation constant:
  #igrid a___________ E____________________________________ varE____________
     1     Infinity    -8.64790389E+00 +/-   9.18266638E-03   8.44023104E+00
     2     1.0000E+06  -8.64790389E+00 +/-   9.18266605E-03   8.44023043E+00
     3     2.1544E+05  -8.64790391E+00 +/-   9.18266485E-03   8.44022821E+00
     4     4.6416E+04  -8.64790401E+00 +/-   9.18265925E-03   8.44021794E+00
     5     1.0000E+04  -8.64790446E+00 +/-   9.18263334E-03   8.44017029E+00
     6     2.1544E+03  -8.64790653E+00 +/-   9.18251369E-03   8.43995034E+00
     7     4.6416E+02  -8.64791578E+00 +/-   9.18197209E-03   8.43895477E+00
     8     1.0000E+02  -8.64795243E+00 +/-   9.17971675E-03   8.43480961E+00
     9     2.1544E+01  -8.64805040E+00 +/-   9.17262605E-03   8.42178403E+00
    10     4.6416E+00  -8.64817568E+00 +/-   9.16021473E-03   8.39900871E+00
    11     1.0000E+00  -8.64823531E+00 +/-   9.15017658E-03   8.38061081E+00
    12     2.1544E-01  -8.64824403E+00 +/-   9.14607721E-03   8.37310331E+00
    13     4.6416E-02  -8.64824472E+00 +/-   9.14494532E-03   8.37103096E+00
    14     1.0000E-02  -8.64824478E+00 +/-   9.14468312E-03   8.37055096E+00
    15     2.1544E-03  -8.64824479E+00 +/-   9.14462565E-03   8.37044576E+00
    16     4.6416E-04  -8.64824480E+00 +/-   9.14461323E-03   8.37042301E+00
    17     1.0000E-04  -8.64824480E+00 +/-   9.14461055E-03   8.37041810E+00
    18     2.1544E-05  -8.64824480E+00 +/-   9.14460997E-03   8.37041704E+00
    19     4.6416E-06  -8.64824480E+00 +/-   9.14460984E-03   8.37041681E+00
    20     1.0000E-06  -8.64824480E+00 +/-   9.14460982E-03   8.37041677E+00
    21     0.0000E+00  -8.64824480E+00 +/-   9.14460981E-03   8.37041675E+00
* Iteration # 1: E =  -8.648244796737E+00 +/-   9.144609810748E-03
* Diminishing returns: exiting.
* After optimization:
  -4.9113E+00   4.8730E-01   2.7920E-01   1.0047E-01   1.9429E-02   1.0825E-02
  -4.1815E-02  -5.9542E-02  -2.2027E-01  -2.5703E-01  -8.6832E-02  -1.2780E-01
  -1.3548E-02  -1.3226E-02
  > Energy =  -8.648244796737E+00 +/-   9.144609810748E-03
  > varE =   8.370416752388E+00

VMC #12:
* Size of Hilbert space =   2.3639E+09
* Number of equil. steps   = 1000
* Running VMC equilibration.
  Done. [total walltime: 0.02s]
* Equil. acc.ratio (%)     =  12.1776
* Sample config after equilibration:
  +-----------+
  |  d   d   d|
  |u   u   u  |
  |  d   d   d|
  |u   u   u  |
  |  d   d   d|
  |u   u   u  |
  +-----------+
* Number of accum. steps   = 500480 x 10
* Running VMC accumulation.
  Done. [total walltime: 0.86s]
* Acceptance ratio (%)     =  12.0122
* Etot/t                   =  -8.656531285369E+00 +/-   4.115819911193E-03
  > Ttot/t                 =  -1.832851018562E+01 +/-   1.522522657422E-02
  > Utot/t                 =   9.671978900256E+00 +/-   1.472873842703E-02
* var[Eloc/t]              =   8.375853231433E+00 +/-   7.263721760257E-02
* Correlation length       =   1.012209469737E+00
* log10 Psi^2 range: -12.493969579295328 -- 0.48164818331734544
* log10 Pgen range : -12.493969579295328 -- 0.48164818331734544
* Site occupation (ave. no. electrons per config.):
  > Site_  ___eu____  ___ed____
      1        0.500      0.500
      2        0.500      0.500
      3        0.499      0.500
      4        0.501      0.499
      5        0.501      0.500
      6        0.501      0.500
      7        0.498      0.501
      8        0.499      0.501
      9        0.501      0.499
     10        0.500      0.501
     11        0.502      0.499
     12        0.500      0.498
     13        0.500      0.500
     14        0.498      0.501
     15        0.500      0.500
     16        0.501      0.500
     17        0.499      0.500
     18        0.500      0.500
* Pair-correlation analysis (ave. no. pairs per config.):
  > Shell  nsite  ___dh____  __eueu___  __eued___
      0      1        0          0          1.205
      1     18        1.119      9.545     25.516
      2     18        0.419     23.779     12.106
      3     18        0.384     23.566     12.362
      4     18        0.389     11.967     23.962
      5     18        0.089      3.142      5.850

Optimization #12:
* Method          : lls
* Target function : energy
* No. of configs. : 100096
* No. of params.  : 14
* Before optimization:
  -4.9113E+00   4.8730E-01   2.7920E-01   1.0047E-01   1.9429E-02   1.0825E-02
  -4.1815E-02  -5.9542E-02  -2.2027E-01  -2.5703E-01  -8.6832E-02  -1.2780E-01
  -1.3548E-02  -1.3226E-02
  > E    =  -8.670731246706E+00 +/-   9.130439575152E-03
  > varE =   8.344495716526E+00
* Computing derivatives.
  Done. [total walltime: 0.54s]
* Optimizing manipulation constant:
  #igrid a___________ E____________________________________ varE____________
     1     Infinity    -8.67073125E+00 +/-   9.13043958E-03   8.34449572E+00
     2     1.0000E+06  -8.67073125E+00 +/-   9.13043975E-03   8.34449604E+00
     3     2.1544E+05  -8.67073127E+00 +/-   9.13044039E-03   8.34449721E+00
     4     4.6416E+04  -8.67073137E+00 +/-   9.13044337E-03   8.34450266E+00
     5     1.0000E+04  -8.67073184E+00 +/-   9.13045719E-03   8.34452792E+00
     6     2.1544E+03  -8.67073396E+00 +/-   9.13052114E-03   8.34464481E+00
     7     4.6416E+02  -8.67074343E+00 +/-   9.13081391E-03   8.34517995E+00
     8     1.0000E+02  -8.67078048E+00 +/-   9.13208807E-03   8.34750918E+00
     9     2.1544E+01  -8.67087624E+00 +/-   9.13655021E-03   8.35566872E+00
    10     4.6416E+00  -8.67099065E+00 +/-   9.14495058E-03   8.37104060E+00
    11     1.0000E+00  -8.67101183E+00 +/-   9.15125499E-03   8.38258635E+00
    12     2.1544E-01  -8.67098433E+00 +/-   9.15357600E-03   8.38683901E+00
    13     4.6416E-02  -8.67097264E+00 +/-   9.15418806E-03   8.38796062E+00
    14     1.0000E-02  -8.67096973E+00 +/-   9.15432808E-03   8.38821722E+00
    15     2.1544E-03  -8.67096909E+00 +/-   9.15435868E-03   8.38827330E+00
    16     4.6416E-04  -8.67096895E+00 +/-   9.15436529E-03   8.38828542E+00
    17     1.0000E-04  -8.67096892E+00 +/-   9.15436672E-03   8.38828803E+00
    18     2.1544E-05  -8.67096891E+00 +/-   9.15436702E-03   8.38828860E+00
    19     4.6416E-06  -8.67096891E+00 +/-   9.15436709E-03   8.38828872E+00
    20     1.0000E-06  -8.67096891E+00 +/-   9.15436711E-03   8.38828874E+00
    21     0.0000E+00  -8.67096891E+00 +/-   9.15436711E-03   8.38828875E+00
  ParMin   1.9594E+00  -8.67101631E+00 +/-   9.14907953E-03   8.37860136E+00
  # Using parabolic minimum
* Iteration # 1: E =  -8.671016308937E+00 +/-   9.149079525741E-03
* Diminishing returns: exiting.
* After optimization:
  -5.2188E+00   5.0883E-01   3.0232E-01   1.1528E-01   3.6408E-02   2.5635E-02
  -5.4833E-02  -6.0613E-02  -2.4082E-01  -2.6541E-01  -9.9085E-02  -1.3506E-01
  -2.3400E-02  -1.5210E-02
  > Energy =  -8.671016308937E+00 +/-   9.149079525741E-03
  > varE =   8.378601359826E+00

VMC #13:
* Size of Hilbert space =   2.3639E+09
* Number of equil. steps   = 1000
* Running VMC equilibration.
  Done. [total walltime: 0.02s]
* Equil. acc.ratio (%)     =  12.0521
* Sample config after equilibration:
  +-----------+
  |  u   u   u|
  |d   d   d  |
  |  u   d   u|
  |d   d   u  |
  |  u   u   u|
  |d   d   d  |
  +-----------+
* Number of accum. steps   = 500480 x 10
* Running VMC accumulation.
  Done. [total walltime: 0.85s]
* Acceptance ratio (%)     =  11.9531
* Etot/t                   =  -8.659510105129E+00 +/-   4.080168726174E-03
  > Ttot/t                 =  -1.832485537368E+01 +/-   1.526533537144E-02
  > Utot/t                 =   9.665345268542E+00 +/-   1.464954165928E-02
* var[Eloc/t]              =   8.420238746828E+00 +/-   3.835629677757E-02
* Correlation length       =   9.895063074122E-01
* log10 Psi^2 range: -13.206397552642954 -- -0.63966747537944835
* log10 Pgen range : -13.206397552642954 -- -0.63966747537944835
* Site occupation (ave. no. electrons per config.):
  > Site_  ___eu____  ___ed____
      1        0.503      0.498
      2        0.498      0.500
      3        0.500      0.501
      4        0.499      0.501
      5        0.500      0.500
      6        0.497      0.500
      7        0.500      0.499
      8        0.499      0.502
      9        0.500      0.498
     10        0.503      0.498
     11        0.500      0.499
     12        0.503      0.499
     13        0.499      0.501
     14        0.501      0.500
     15        0.499      0.501
     16        0.501      0.501
     17        0.500      0.501
     18        0.500      0.500
* Pair-correlation analysis (ave. no. pairs per config.):
  > Shell  nsite  ___dh____  __eueu___  __eued___
      0      1        0          0          1.209
      1     18        1.133      9.500     25.547
      2     18        0.418     23.814     12.078
      3     18        0.387     23.587     12.343
      4     18        0.390     11.956     23.974
      5     18        0.090      3.143      5.850

VDAGGER finished.
Total VDAGGER walltime: 31.7s

Run ended: Fri Jan 16 09:20:19 CET 2026
