Run started: Fri Jan 16 10:17:56 CET 2026
Using VDAGGER_ARCH = gnu7_fkfamd_cluster
Running 1x128 MPI processes.

                               xx
                              +##
                               #X
                               Xx
                          X##XxXxxX##x
                           +   Xx  ++
                               ##
                              +##
                              +##
     ++++         ++          +##
   xX+++##+      ####         +##
  Xx    ###      +X##          ##
 xX    X##+        ##          #X
 +    x##X         #x          #X
      ###         +#           x+
     X##+         #+
     ###         Xx                    _______
     ##X       +X+   __________________VDAGGER
     +##x    +xX     2nd quantized variational
       +xxxxx+       ______quantum Monte Carlo

* Running 128 MPI processes.
* Input file: "input.01.casl"

############# Start of input file dump #############
General:
  Random seed: timer

Plan:
  VMC-optimization:
    Minimum cycles: 10
    Convergence cycles: 7

System:
  Hubbard model:
    Primitive cell:
      a_1: [ 1.0, 1.0 ]
      a_2: [ -1.0, 1.0 ]
    Simulation cell:
      a_1: [ 6.0, 0.0 ]
      a_2: [ 0.0, 6.0 ]
    U: 8.0
    Dump Hamiltonian: FCIDUMP.new
    Dump orbitals: LTSC.new
  netot: 18

VMC:
  nstep: 500000
  nconfig: 100000

Jastrow: wfn.casl
############## End of input file dump ##############

General setup:
* Random seed: 626608876 (from timer)

Hubbard system:
* Dimensionality        : 2
* Simulation cell:
  > a_1 =   6.000000000000E+00   0.000000000000E+00
  > a_2 =   0.000000000000E+00   6.000000000000E+00
* Primitive cell:
  > a_1 =   1.000000000000E+00   1.000000000000E+00
  > a_2 =  -1.000000000000E+00   1.000000000000E+00
* Prim.cells in sim.cell: 18
* Number of sublattices : 1
* # real-space shells   : 5
  > Shell #1: 4 sites, rij =  1.4142E+00
  > Shell #2: 4 sites, rij =  2.0000E+00
  > Shell #3: 4 sites, rij =  2.8284E+00
  > Shell #4: 4 sites, rij =  3.1623E+00
  > Shell #5: 1 sites, rij =  4.2426E+00
* Site labels:
  +-----------------+
  |    6    11    16|
  |15     5    10   |
  |   14     4     9|
  | 8    13     3   |
  |    7    18     2|
  | 1    12    17   |
  +-----------------+
* Shell diagram:
  +-----------+
  |  4   4   5|
  |3   2   3  |
  |  1   1   4|
  |2   0   2  |
  |  1   1   4|
  |3   2   3  |
  +-----------+
* Hop multiplicity diagram:
  +-----------+
  |  -   -   -|
  |-   -   -  |
  |  1   1   -|
  |-   0   -  |
  |  1   1   -|
  |-   -   -  |
  +-----------+
* Reciprocal lattice of the simulation cell:
  > b_1 =   1.047197551197E+00  -0.000000000000E+00
  > b_2 =  -0.000000000000E+00   1.047197551197E+00
* k-vector offset:
  > Fractional:   0.000000000000E+00   0.000000000000E+00
  > Absolute  :   0.000000000000E+00   0.000000000000E+00
* G-vector occupation diagram:
  +------0------+
  |      -      |
  |    - - -    |
  |  - 2 2 2 -  |
  0- - 2 2 2 - -0
  |  - 2 2 2 -  |
  |    - - -    |
  |      -      |
  +------0------+
* G-vectors and non-interacting energy levels:
  > G_1 = [   0.0000E+00,  0.0000E+00,  0.0000E+00 ], e =  -4.0000E+00
  > G_2 = [  -1.0472E+00,  0.0000E+00,  0.0000E+00 ], e =  -2.0000E+00
  > G_3 = [   1.0472E+00,  0.0000E+00,  0.0000E+00 ], e =  -2.0000E+00
  > G_4 = [   0.0000E+00,  1.0472E+00,  0.0000E+00 ], e =  -2.0000E+00
  > G_5 = [   0.0000E+00, -1.0472E+00,  0.0000E+00 ], e =  -2.0000E+00
  > G_6 = [  -1.0472E+00, -1.0472E+00,  0.0000E+00 ], e =  -1.0000E+00
  > G_7 = [   1.0472E+00,  1.0472E+00,  0.0000E+00 ], e =  -1.0000E+00
  > G_8 = [   1.0472E+00, -1.0472E+00,  0.0000E+00 ], e =  -1.0000E+00
  > G_9 = [  -1.0472E+00,  1.0472E+00,  0.0000E+00 ], e =  -1.0000E+00 = e_F
  > G_10 = [  -2.0944E+00, -1.0472E+00,  0.0000E+00 ], e =   1.0000E+00
  > G_11 = [   2.0944E+00,  1.0472E+00,  0.0000E+00 ], e =   1.0000E+00
  > G_12 = [   1.0472E+00,  2.0944E+00,  0.0000E+00 ], e =   1.0000E+00
  > G_13 = [  -1.0472E+00, -2.0944E+00,  0.0000E+00 ], e =   1.0000E+00
  > ...
* U/t                   :  8.00000000000E+00
* Hartree-Fock Etot/t   :  4.00000000000E+00
  > Ttot/t              : -3.20000000000E+01
  > Utot/t              :  3.60000000000E+01
* Writing Hamiltonian to "FCIDUMP.new".
* Writing orbitals to "LTSC.new".
* Analysis of Hamiltonian connecitivity performed:
  - U_iiii [opp] (local, 1-site): 18 (i) values
  - T_ji (single, 2-site): 72 contribs. from 18 (i) values
  - Max. no. wfn. ratios in Eloc: 4
* Site labels:
  +-----------------+
  |    6    11    16|
  |15     5    10   |
  |   14     4     9|
  | 8    13     3   |
  |    7    18     2|
  | 1    12    17   |
  +-----------------+
* Model system Site kinds:
  [ 1, 1, 1, 1, 1, 1, 1, 1, 1, 1, 1, 1, 1, 1, 1, 1, 1, 1 ]
  +-----------+
  |  1   1   1|
  |1   1   1  |
  |  1   1   1|
  |1   1   1  |
  |  1   1   1|
  |1   1   1  |
  +-----------+
* Maximum Site kind: 1
* Model system Site pair kinds:
  Site 1: [ 0, 1, 3, 5, 3, 1, 1, 2, 4, 3, 4, 2, 3, 4, 2, 1, 2, 4 ]
  Site 2: [ 1, 0, 1, 3, 5, 3, 2, 1, 2, 4, 3, 4, 4, 3, 4, 2, 1, 2 ]
  Site 3: [ 3, 1, 0, 1, 3, 5, 4, 2, 1, 2, 4, 3, 2, 4, 3, 4, 2, 1 ]
  Site 4: [ 5, 3, 1, 0, 1, 3, 3, 4, 2, 1, 2, 4, 1, 2, 4, 3, 4, 2 ]
  Site 5: [ 3, 5, 3, 1, 0, 1, 4, 3, 4, 2, 1, 2, 2, 1, 2, 4, 3, 4 ]
  Site 6: [ 1, 3, 5, 3, 1, 0, 2, 4, 3, 4, 2, 1, 4, 2, 1, 2, 4, 3 ]
  Site 7: [ 1, 2, 4, 3, 4, 2, 0, 1, 3, 5, 3, 1, 1, 2, 4, 3, 4, 2 ]
  Site 8: [ 2, 1, 2, 4, 3, 4, 1, 0, 1, 3, 5, 3, 2, 1, 2, 4, 3, 4 ]
  Site 9: [ 4, 2, 1, 2, 4, 3, 3, 1, 0, 1, 3, 5, 4, 2, 1, 2, 4, 3 ]
  Site 10: [ 3, 4, 2, 1, 2, 4, 5, 3, 1, 0, 1, 3, 3, 4, 2, 1, 2, 4 ]
  Site 11: [ 4, 3, 4, 2, 1, 2, 3, 5, 3, 1, 0, 1, 4, 3, 4, 2, 1, 2 ]
  Site 12: [ 2, 4, 3, 4, 2, 1, 1, 3, 5, 3, 1, 0, 2, 4, 3, 4, 2, 1 ]
  Site 13: [ 3, 4, 2, 1, 2, 4, 1, 2, 4, 3, 4, 2, 0, 1, 3, 5, 3, 1 ]
  Site 14: [ 4, 3, 4, 2, 1, 2, 2, 1, 2, 4, 3, 4, 1, 0, 1, 3, 5, 3 ]
  Site 15: [ 2, 4, 3, 4, 2, 1, 4, 2, 1, 2, 4, 3, 3, 1, 0, 1, 3, 5 ]
  Site 16: [ 1, 2, 4, 3, 4, 2, 3, 4, 2, 1, 2, 4, 5, 3, 1, 0, 1, 3 ]
  Site 17: [ 2, 1, 2, 4, 3, 4, 4, 3, 4, 2, 1, 2, 3, 5, 3, 1, 0, 1 ]
  Site 18: [ 4, 2, 1, 2, 4, 3, 2, 4, 3, 4, 2, 1, 1, 3, 5, 3, 1, 0 ]
  For site 1 of kind 1:
  +-----------+
  |  1   4   1|
  |2   3   3  |
  |  4   5   4|
  |2   3   3  |
  |  1   4   1|
  |0   2   2  |
  +-----------+
* Maximum (unsigned) Site pair kind: 5

General system setup:
* Number of sites       : 18
* Number of electrons   : 18
* Spin imbalance MS2    : 0
* Filling               : 0.500000
* Number of orbitals in pool: 21
* Using real-valued orbitals
* Using double-precision arithmetic for orbitals

Trial wave function setup:
* Jastrow parameter file: "wfn.casl"
* Not using multideterminants
* Not using a backflow transformation
* Not using wave function manipulation

VMC #1:
* Size of Hilbert space =   2.3639E+09
* Number of equil. steps   = 1000
* Running VMC equilibration.
  Done. [total walltime: 0.03s]
* Equil. acc.ratio (%)     =  12.2702
* Sample config after equilibration:
  +-----------+
  |  u   u   u|
  |d   d   d  |
  |  2   u   u|
  |d   0   d  |
  |  u   u   u|
  |d   d   d  |
  +-----------+
* Number of accum. steps   = 500480 x 10
* Running VMC accumulation.
  Done. [total walltime: 1.28s]
* Acceptance ratio (%)     =  11.9456
* Etot/t                   =  -8.661558635937E+00 +/-   4.122509185982E-03
  > Ttot/t                 =  -1.832378689681E+01 +/-   1.517741960269E-02
  > Utot/t                 =   9.662228260870E+00 +/-   1.464883541544E-02
* var[Eloc/t]              =   8.456114826118E+00 +/-   3.662018556839E-02
* Correlation length       =   1.005863662984E+00
* log10 Psi^2 range: -12.294671221858442 -- -0.63966747537954249
* log10 Pgen range : -12.294671221858442 -- -0.63966747537954249
* Site occupation (ave. no. electrons per config.):
  > Site_  ___eu____  ___ed____
      1        0.500      0.500
      2        0.502      0.498
      3        0.499      0.502
      4        0.500      0.498
      5        0.499      0.502
      6        0.500      0.500
      7        0.503      0.497
      8        0.498      0.503
      9        0.501      0.499
     10        0.498      0.501
     11        0.504      0.497
     12        0.497      0.501
     13        0.499      0.502
     14        0.503      0.497
     15        0.499      0.501
     16        0.498      0.502
     17        0.498      0.503
     18        0.503      0.498
* Pair-correlation analysis (ave. no. pairs per config.):
  > Shell  nsite  ___dh____  __eueu___  __eued___
      0      1        0          0          1.207
      1     18        1.128      9.500     25.553
      2     18        0.420     23.813     12.073
      3     18        0.380     23.602     12.335
      4     18        0.390     11.947     23.978
      5     18        0.088      3.137      5.854

Optimization #1:
* Method          : lls
* Target function : energy
* No. of configs. : 100096
* No. of params.  : 14
* Before optimization:
  -5.2188E+00   5.0883E-01   3.0232E-01   1.1528E-01   3.6408E-02   2.5635E-02
  -5.4833E-02  -6.0613E-02  -2.4082E-01  -2.6541E-01  -9.9085E-02  -1.3506E-01
  -2.3400E-02  -1.5210E-02
  > E    =  -8.653541100912E+00 +/-   9.194295161091E-03
  > varE =   8.461621717023E+00
* Computing derivatives.
  Done. [total walltime: 0.50s]
* Optimizing manipulation constant:
  #igrid a___________ E____________________________________ varE____________
     1     Infinity    -8.65354110E+00 +/-   9.19429516E-03   8.46162172E+00
     2     1.0000E+06  -8.65354111E+00 +/-   9.19429499E-03   8.46162139E+00
     3     2.1544E+05  -8.65354114E+00 +/-   9.19429435E-03   8.46162022E+00
     4     4.6416E+04  -8.65354129E+00 +/-   9.19429139E-03   8.46161478E+00
     5     1.0000E+04  -8.65354196E+00 +/-   9.19427769E-03   8.46158956E+00
     6     2.1544E+03  -8.65354507E+00 +/-   9.19421450E-03   8.46147326E+00
     7     4.6416E+02  -8.65355893E+00 +/-   9.19393008E-03   8.46094976E+00
     8     1.0000E+02  -8.65361334E+00 +/-   9.19277422E-03   8.45882247E+00
     9     2.1544E+01  -8.65375533E+00 +/-   9.18946731E-03   8.45273779E+00
    10     4.6416E+00  -8.65393077E+00 +/-   9.18498115E-03   8.44448680E+00
    11     1.0000E+00  -8.65399593E+00 +/-   9.18248045E-03   8.43988925E+00
    12     2.1544E-01  -8.65398522E+00 +/-   9.18181258E-03   8.43866157E+00
    13     4.6416E-02  -8.65397754E+00 +/-   9.18168824E-03   8.43843302E+00
    14     1.0000E-02  -8.65397549E+00 +/-   9.18166419E-03   8.43838881E+00
    15     2.1544E-03  -8.65397502E+00 +/-   9.18165917E-03   8.43837959E+00
    16     4.6416E-04  -8.65397492E+00 +/-   9.18165810E-03   8.43837762E+00
    17     1.0000E-04  -8.65397490E+00 +/-   9.18165787E-03   8.43837719E+00
    18     2.1544E-05  -8.65397490E+00 +/-   9.18165782E-03   8.43837710E+00
    19     4.6416E-06  -8.65397490E+00 +/-   9.18165781E-03   8.43837708E+00
    20     1.0000E-06  -8.65397490E+00 +/-   9.18165781E-03   8.43837708E+00
    21     0.0000E+00  -8.65397490E+00 +/-   9.18165780E-03   8.43837708E+00
  ParMin   5.4695E-01  -8.65399361E+00 +/-   9.18208818E-03   8.43916817E+00
  # Using grid point #11
* Iteration # 1: E =  -8.653995925425E+00 +/-   9.182480453517E-03
* Diminishing returns: exiting.
* After optimization:
  -5.0229E+00   4.8977E-01   2.8713E-01   1.1039E-01   2.7991E-02   1.9085E-02
  -4.3303E-02  -5.0453E-02  -2.3394E-01  -2.5507E-01  -9.8922E-02  -1.3420E-01
  -2.2468E-02  -8.7743E-03
  > Energy =  -8.653995925425E+00 +/-   9.182480453517E-03
  > varE =   8.439889250861E+00

VMC #2:
* Size of Hilbert space =   2.3639E+09
* Number of equil. steps   = 1000
* Running VMC equilibration.
  Done. [total walltime: 0.02s]
* Equil. acc.ratio (%)     =  12.0676
* Sample config after equilibration:
  +-----------+
  |  d   0   d|
  |u   2   d  |
  |  d   u   u|
  |d   u   u  |
  |  d   d   0|
  |u   2   u  |
  +-----------+
* Number of accum. steps   = 500480 x 10
* Running VMC accumulation.
  Done. [total walltime: 0.85s]
* Acceptance ratio (%)     =  11.9630
* Etot/t                   =  -8.666559768893E+00 +/-   4.159095197788E-03
  > Ttot/t                 =  -1.830716079191E+01 +/-   1.533936249871E-02
  > Utot/t                 =   9.640601023018E+00 +/-   1.464882055289E-02
* var[Eloc/t]              =   8.423341333272E+00 +/-   3.927632619136E-02
* Correlation length       =   1.027779733074E+00
* log10 Psi^2 range: -11.749787073697961 -- 0.99660963727320293E-001
* log10 Pgen range : -11.749787073697961 -- 0.99660963727320293E-001
* Site occupation (ave. no. electrons per config.):
  > Site_  ___eu____  ___ed____
      1        0.501      0.502
      2        0.500      0.499
      3        0.498      0.500
      4        0.501      0.501
      5        0.500      0.498
      6        0.499      0.499
      7        0.500      0.498
      8        0.499      0.500
      9        0.501      0.499
     10        0.500      0.501
     11        0.501      0.500
     12        0.501      0.500
     13        0.502      0.500
     14        0.501      0.500
     15        0.500      0.502
     16        0.499      0.500
     17        0.499      0.501
     18        0.498      0.500
* Pair-correlation analysis (ave. no. pairs per config.):
  > Shell  nsite  ___dh____  __eueu___  __eued___
      0      1        0          0          1.200
      1     18        1.115      9.518     25.543
      2     18        0.412     23.811     12.080
      3     18        0.378     23.617     12.314
      4     18        0.384     11.918     24.007
      5     18        0.088      3.135      5.857

Optimization #2:
* Method          : lls
* Target function : energy
* No. of configs. : 100096
* No. of params.  : 14
* Before optimization:
  -5.0229E+00   4.8977E-01   2.8713E-01   1.1039E-01   2.7991E-02   1.9085E-02
  -4.3303E-02  -5.0453E-02  -2.3394E-01  -2.5507E-01  -9.8922E-02  -1.3420E-01
  -2.2468E-02  -8.7743E-03
  > E    =  -8.663702401615E+00 +/-   9.162777326683E-03
  > varE =   8.403708656719E+00
* Computing derivatives.
  Done. [total walltime: 0.54s]
* Optimizing manipulation constant:
  #igrid a___________ E____________________________________ varE____________
     1     Infinity    -8.66370240E+00 +/-   9.16277733E-03   8.40370866E+00
     2     1.0000E+06  -8.66370241E+00 +/-   9.16277730E-03   8.40370861E+00
     3     2.1544E+05  -8.66370245E+00 +/-   9.16277720E-03   8.40370843E+00
     4     4.6416E+04  -8.66370264E+00 +/-   9.16277675E-03   8.40370760E+00
     5     1.0000E+04  -8.66370352E+00 +/-   9.16277466E-03   8.40370377E+00
     6     2.1544E+03  -8.66370758E+00 +/-   9.16276513E-03   8.40368628E+00
     7     4.6416E+02  -8.66372578E+00 +/-   9.16272417E-03   8.40361115E+00
     8     1.0000E+02  -8.66379886E+00 +/-   9.16258992E-03   8.40336489E+00
     9     2.1544E+01  -8.66399962E+00 +/-   9.16243982E-03   8.40308957E+00
    10     4.6416E+00  -8.66426528E+00 +/-   9.16180446E-03   8.40192420E+00
    11     1.0000E+00  -8.66442959E+00 +/-   9.15773779E-03   8.39446711E+00
    12     2.1544E-01  -8.66447147E+00 +/-   9.15292217E-03   8.38564091E+00
    13     4.6416E-02  -8.66447535E+00 +/-   9.15089575E-03   8.38192823E+00
    14     1.0000E-02  -8.66447544E+00 +/-   9.15036923E-03   8.38096372E+00
    15     2.1544E-03  -8.66447542E+00 +/-   9.15025076E-03   8.38074670E+00
    16     4.6416E-04  -8.66447541E+00 +/-   9.15022499E-03   8.38069950E+00
    17     1.0000E-04  -8.66447541E+00 +/-   9.15021943E-03   8.38068930E+00
    18     2.1544E-05  -8.66447541E+00 +/-   9.15021823E-03   8.38068711E+00
    19     4.6416E-06  -8.66447541E+00 +/-   9.15021797E-03   8.38068663E+00
    20     1.0000E-06  -8.66447541E+00 +/-   9.15021792E-03   8.38068653E+00
    21     0.0000E+00  -8.66447541E+00 +/-   9.15021790E-03   8.38068650E+00
* Iteration # 1: E =  -8.664475406285E+00 +/-   9.150217900224E-03
* Diminishing returns: exiting.
* After optimization:
  -5.3831E+00   5.1675E-01   3.1561E-01   1.2151E-01   5.2378E-02   1.6039E-02
  -5.5669E-02  -6.6712E-02  -2.4356E-01  -2.7296E-01  -1.0311E-01  -1.3747E-01
  -3.0240E-02  -2.2854E-02
  > Energy =  -8.664475406285E+00 +/-   9.150217900224E-03
  > varE =   8.380686504970E+00

VMC #3:
* Size of Hilbert space =   2.3639E+09
* Number of equil. steps   = 1000
* Running VMC equilibration.
  Done. [total walltime: 0.02s]
* Equil. acc.ratio (%)     =  12.1657
* Sample config after equilibration:
  +-----------+
  |  d   d   u|
  |u   u   u  |
  |  0   d   d|
  |u   u   u  |
  |  d   d   d|
  |2   u   d  |
  +-----------+
* Number of accum. steps   = 500480 x 10
* Running VMC accumulation.
  Done. [total walltime: 0.84s]
* Acceptance ratio (%)     =  12.0413
* Etot/t                   =  -8.666794490369E+00 +/-   4.133728735807E-03
  > Ttot/t                 =  -1.838236354408E+01 +/-   1.466051686591E-02
  > Utot/t                 =   9.715569053708E+00 +/-   1.409830825312E-02
* var[Eloc/t]              =   8.422773104676E+00 +/-   4.417375175459E-02
* Correlation length       =   1.015349532357E+00
* log10 Psi^2 range: -13.245768737808001 -- -1.2808648893577090
* log10 Pgen range : -13.245768737808001 -- -1.2808648893577090
* Site occupation (ave. no. electrons per config.):
  > Site_  ___eu____  ___ed____
      1        0.501      0.499
      2        0.499      0.502
      3        0.500      0.499
      4        0.499      0.501
      5        0.500      0.500
      6        0.497      0.502
      7        0.498      0.500
      8        0.502      0.499
      9        0.501      0.500
     10        0.502      0.499
     11        0.499      0.500
     12        0.502      0.498
     13        0.501      0.499
     14        0.501      0.500
     15        0.500      0.500
     16        0.499      0.500
     17        0.502      0.498
     18        0.498      0.502
* Pair-correlation analysis (ave. no. pairs per config.):
  > Shell  nsite  ___dh____  __eueu___  __eued___
      0      1        0          0          1.213
      1     18        1.132      9.599     25.452
      2     18        0.422     23.700     12.187
      3     18        0.386     23.475     12.455
      4     18        0.393     12.056     23.870
      5     18        0.088      3.170      5.824

Optimization #3:
* Method          : lls
* Target function : energy
* No. of configs. : 100096
* No. of params.  : 14
* Before optimization:
  -5.3831E+00   5.1675E-01   3.1561E-01   1.2151E-01   5.2378E-02   1.6039E-02
  -5.5669E-02  -6.6712E-02  -2.4356E-01  -2.7296E-01  -1.0311E-01  -1.3747E-01
  -3.0240E-02  -2.2854E-02
  > E    =  -8.663542258974E+00 +/-   9.136443931565E-03
  > varE =   8.355474333804E+00
* Computing derivatives.
  Done. [total walltime: 0.57s]
* Optimizing manipulation constant:
  #igrid a___________ E____________________________________ varE____________
     1     Infinity    -8.66354226E+00 +/-   9.13644393E-03   8.35547433E+00
     2     1.0000E+06  -8.66354227E+00 +/-   9.13644395E-03   8.35547437E+00
     3     2.1544E+05  -8.66354230E+00 +/-   9.13644403E-03   8.35547451E+00
     4     4.6416E+04  -8.66354243E+00 +/-   9.13644438E-03   8.35547516E+00
     5     1.0000E+04  -8.66354307E+00 +/-   9.13644604E-03   8.35547820E+00
     6     2.1544E+03  -8.66354600E+00 +/-   9.13645391E-03   8.35549259E+00
     7     4.6416E+02  -8.66355903E+00 +/-   9.13649388E-03   8.35556568E+00
     8     1.0000E+02  -8.66360929E+00 +/-   9.13673865E-03   8.35601340E+00
     9     2.1544E+01  -8.66373107E+00 +/-   9.13840034E-03   8.35905307E+00
    10     4.6416E+00  -8.66387584E+00 +/-   9.14541395E-03   8.37188893E+00
    11     1.0000E+00  -8.66403278E+00 +/-   9.15878825E-03   8.39639303E+00
    12     2.1544E-01  -8.66411786E+00 +/-   9.17009359E-03   8.41713434E+00
    13     4.6416E-02  -8.66413265E+00 +/-   9.17450463E-03   8.42523399E+00
    14     1.0000E-02  -8.66413452E+00 +/-   9.17563299E-03   8.42730653E+00
    15     2.1544E-03  -8.66413482E+00 +/-   9.17588606E-03   8.42777139E+00
    16     4.6416E-04  -8.66413489E+00 +/-   9.17594106E-03   8.42787243E+00
    17     1.0000E-04  -8.66413490E+00 +/-   9.17595293E-03   8.42789424E+00
    18     2.1544E-05  -8.66413490E+00 +/-   9.17595549E-03   8.42789894E+00
    19     4.6416E-06  -8.66413490E+00 +/-   9.17595604E-03   8.42789995E+00
    20     1.0000E-06  -8.66413490E+00 +/-   9.17595616E-03   8.42790017E+00
    21     0.0000E+00  -8.66413490E+00 +/-   9.17595619E-03   8.42790023E+00
* Iteration # 1: E =  -8.664132654944E+00 +/-   9.174504633770E-03
* Diminishing returns: exiting.
* After optimization:
  -5.3728E+00   5.1397E-01   3.1136E-01   1.2472E-01   4.9038E-02   3.2361E-02
  -5.3502E-02  -6.0742E-02  -2.4634E-01  -2.7236E-01  -1.0478E-01  -1.4279E-01
  -2.9052E-02  -2.1869E-02
  > Energy =  -8.664132654944E+00 +/-   9.174504633770E-03
  > varE =   8.425233994894E+00

VMC #4:
* Size of Hilbert space =   2.3639E+09
* Number of equil. steps   = 1000
* Running VMC equilibration.
  Done. [total walltime: 0.02s]
* Equil. acc.ratio (%)     =  11.9358
* Sample config after equilibration:
  +-----------+
  |  d   d   d|
  |u   u   2  |
  |  d   d   0|
  |u   u   u  |
  |  d   d   d|
  |u   u   u  |
  +-----------+
* Number of accum. steps   = 500480 x 10
* Running VMC accumulation.
  Done. [total walltime: 0.96s]
* Acceptance ratio (%)     =  11.8556
* Etot/t                   =  -8.663011289949E+00 +/-   4.224474333946E-03
  > Ttot/t                 =  -1.825585016463E+01 +/-   1.548973177650E-02
  > Utot/t                 =   9.592838874680E+00 +/-   1.464634741098E-02
* var[Eloc/t]              =   8.452143768233E+00 +/-   3.716765249540E-02
* Correlation length       =   1.056732837495E+00
* log10 Psi^2 range: -12.739389235180573 -- -0.47742440856952423
* log10 Pgen range : -12.739389235180573 -- -0.47742440856952423
* Site occupation (ave. no. electrons per config.):
  > Site_  ___eu____  ___ed____
      1        0.499      0.502
      2        0.502      0.499
      3        0.498      0.501
      4        0.501      0.499
      5        0.501      0.500
      6        0.500      0.500
      7        0.501      0.499
      8        0.500      0.500
      9        0.501      0.499
     10        0.497      0.503
     11        0.501      0.498
     12        0.499      0.502
     13        0.498      0.503
     14        0.504      0.496
     15        0.497      0.502
     16        0.503      0.499
     17        0.498      0.501
     18        0.500      0.498
* Pair-correlation analysis (ave. no. pairs per config.):
  > Shell  nsite  ___dh____  __eueu___  __eued___
      0      1        0          0          1.200
      1     18        1.120      9.426     25.633
      2     18        0.412     23.912     11.976
      3     18        0.380     23.714     12.219
      4     18        0.386     11.838     24.089
      5     18        0.087      3.110      5.883

Optimization #4:
* Method          : lls
* Target function : energy
* No. of configs. : 100096
* No. of params.  : 14
* Before optimization:
  -5.3728E+00   5.1397E-01   3.1136E-01   1.2472E-01   4.9038E-02   3.2361E-02
  -5.3502E-02  -6.0742E-02  -2.4634E-01  -2.7236E-01  -1.0478E-01  -1.4279E-01
  -2.9052E-02  -2.1869E-02
  > E    =  -8.670118722446E+00 +/-   9.152040548762E-03
  > varE =   8.384025565854E+00
* Computing derivatives.
  Done. [total walltime: 0.64s]
* Optimizing manipulation constant:
  #igrid a___________ E____________________________________ varE____________
     1     Infinity    -8.67011872E+00 +/-   9.15204055E-03   8.38402557E+00
     2     1.0000E+06  -8.67011873E+00 +/-   9.15204053E-03   8.38402553E+00
     3     2.1544E+05  -8.67011877E+00 +/-   9.15204046E-03   8.38402540E+00
     4     4.6416E+04  -8.67011896E+00 +/-   9.15204013E-03   8.38402479E+00
     5     1.0000E+04  -8.67011983E+00 +/-   9.15203859E-03   8.38402198E+00
     6     2.1544E+03  -8.67012382E+00 +/-   9.15203148E-03   8.38400895E+00
     7     4.6416E+02  -8.67014149E+00 +/-   9.15199863E-03   8.38394877E+00
     8     1.0000E+02  -8.67020899E+00 +/-   9.15184408E-03   8.38366560E+00
     9     2.1544E+01  -8.67037062E+00 +/-   9.15094834E-03   8.38202458E+00
    10     4.6416E+00  -8.67058024E+00 +/-   9.14606881E-03   8.37308793E+00
    11     1.0000E+00  -8.67080790E+00 +/-   9.13472441E-03   8.35232954E+00
    12     2.1544E-01  -8.67092649E+00 +/-   9.12466792E-03   8.33394939E+00
    13     4.6416E-02  -8.67095237E+00 +/-   9.12074307E-03   8.32678145E+00
    14     1.0000E-02  -8.67095706E+00 +/-   9.11974119E-03   8.32495223E+00
    15     2.1544E-03  -8.67095800E+00 +/-   9.11951664E-03   8.32454227E+00
    16     4.6416E-04  -8.67095820E+00 +/-   9.11946784E-03   8.32445318E+00
    17     1.0000E-04  -8.67095825E+00 +/-   9.11945731E-03   8.32443395E+00
    18     2.1544E-05  -8.67095826E+00 +/-   9.11945503E-03   8.32442980E+00
    19     4.6416E-06  -8.67095826E+00 +/-   9.11945455E-03   8.32442891E+00
    20     1.0000E-06  -8.67095826E+00 +/-   9.11945444E-03   8.32442872E+00
    21     0.0000E+00  -8.67095826E+00 +/-   9.11945441E-03   8.32442866E+00
* Iteration # 1: E =  -8.670958258935E+00 +/-   9.119454411368E-03
* Diminishing returns: exiting.
* After optimization:
  -4.8396E+00   4.8086E-01   2.7809E-01   9.8532E-02   1.3390E-02   1.3071E-02
  -3.9085E-02  -4.2771E-02  -2.3341E-01  -2.5071E-01  -9.3064E-02  -1.2381E-01
  -1.8529E-02  -9.1536E-04
  > Energy =  -8.670958258935E+00 +/-   9.119454411368E-03
  > varE =   8.324428663182E+00

VMC #5:
* Size of Hilbert space =   2.3639E+09
* Number of equil. steps   = 1000
* Running VMC equilibration.
  Done. [total walltime: 0.02s]
* Equil. acc.ratio (%)     =  12.1352
* Sample config after equilibration:
  +-----------+
  |  u   2   u|
  |d   d   d  |
  |  u   d   u|
  |d   u   d  |
  |  0   u   u|
  |d   u   d  |
  +-----------+
* Number of accum. steps   = 500480 x 10
* Running VMC accumulation.
  Done. [total walltime: 1.04s]
* Acceptance ratio (%)     =  12.0246
* Etot/t                   =  -8.655057420723E+00 +/-   4.117674862036E-03
  > Ttot/t                 =  -1.834062327749E+01 +/-   1.494984829724E-02
  > Utot/t                 =   9.685565856777E+00 +/-   1.428513127575E-02
* var[Eloc/t]              =   8.398285273337E+00 +/-   4.195734159355E-02
* Correlation length       =   1.010415980971E+00
* log10 Psi^2 range: -10.720783996666414 -- 0.78535753973604894
* log10 Pgen range : -10.720783996666414 -- 0.78535753973604894
* Site occupation (ave. no. electrons per config.):
  > Site_  ___eu____  ___ed____
      1        0.503      0.498
      2        0.497      0.503
      3        0.501      0.499
      4        0.499      0.502
      5        0.500      0.500
      6        0.497      0.502
      7        0.500      0.500
      8        0.502      0.498
      9        0.496      0.504
     10        0.501      0.497
     11        0.500      0.500
     12        0.498      0.501
     13        0.503      0.497
     14        0.500      0.501
     15        0.501      0.496
     16        0.499      0.504
     17        0.501      0.498
     18        0.501      0.500
* Pair-correlation analysis (ave. no. pairs per config.):
  > Shell  nsite  ___dh____  __eueu___  __eued___
      0      1        0          0          1.213
      1     18        1.129      9.633     25.420
      2     18        0.421     23.658     12.229
      3     18        0.386     23.450     12.480
      4     18        0.393     12.074     23.853
      5     18        0.089      3.184      5.806

Optimization #5:
* Method          : lls
* Target function : energy
* No. of configs. : 100096
* No. of params.  : 14
* Before optimization:
  -4.8396E+00   4.8086E-01   2.7809E-01   9.8532E-02   1.3390E-02   1.3071E-02
  -3.9085E-02  -4.2771E-02  -2.3341E-01  -2.5071E-01  -9.3064E-02  -1.2381E-01
  -1.8529E-02  -9.1536E-04
  > E    =  -8.655357905022E+00 +/-   9.186285618422E-03
  > varE =   8.446885579295E+00
* Computing derivatives.
  Done. [total walltime: 0.67s]
* Optimizing manipulation constant:
  #igrid a___________ E____________________________________ varE____________
     1     Infinity    -8.65535791E+00 +/-   9.18628562E-03   8.44688558E+00
     2     1.0000E+06  -8.65535791E+00 +/-   9.18628521E-03   8.44688482E+00
     3     2.1544E+05  -8.65535793E+00 +/-   9.18628370E-03   8.44688206E+00
     4     4.6416E+04  -8.65535804E+00 +/-   9.18627674E-03   8.44686924E+00
     5     1.0000E+04  -8.65535854E+00 +/-   9.18624444E-03   8.44680986E+00
     6     2.1544E+03  -8.65536082E+00 +/-   9.18609578E-03   8.44653646E+00
     7     4.6416E+02  -8.65537092E+00 +/-   9.18543082E-03   8.44531366E+00
     8     1.0000E+02  -8.65540929E+00 +/-   9.18280475E-03   8.44048540E+00
     9     2.1544E+01  -8.65550299E+00 +/-   9.17611698E-03   8.42819559E+00
    10     4.6416E+00  -8.65564823E+00 +/-   9.17073001E-03   8.41830271E+00
    11     1.0000E+00  -8.65580164E+00 +/-   9.17555068E-03   8.42715533E+00
    12     2.1544E-01  -8.65585604E+00 +/-   9.18350628E-03   8.44177509E+00
    13     4.6416E-02  -8.65585960E+00 +/-   9.18697158E-03   8.44814713E+00
    14     1.0000E-02  -8.65585891E+00 +/-   9.18787814E-03   8.44981452E+00
    15     2.1544E-03  -8.65585867E+00 +/-   9.18808244E-03   8.45019029E+00
    16     4.6416E-04  -8.65585861E+00 +/-   9.18812689E-03   8.45027205E+00
    17     1.0000E-04  -8.65585860E+00 +/-   9.18813648E-03   8.45028970E+00
    18     2.1544E-05  -8.65585859E+00 +/-   9.18813855E-03   8.45029350E+00
    19     4.6416E-06  -8.65585859E+00 +/-   9.18813900E-03   8.45029432E+00
    20     1.0000E-06  -8.65585859E+00 +/-   9.18813909E-03   8.45029450E+00
    21     0.0000E+00  -8.65585859E+00 +/-   9.18813912E-03   8.45029455E+00
  ParMin   1.3241E-01  -8.65585890E+00 +/-   9.18507212E-03   8.44465407E+00
  # Using grid point #12
* Iteration # 1: E =  -8.655856039215E+00 +/-   9.183506278473E-03
* Diminishing returns: exiting.
* After optimization:
  -5.0193E+00   4.9203E-01   2.8618E-01   1.0976E-01   2.6802E-02   1.8783E-02
  -4.2500E-02  -5.6958E-02  -2.2706E-01  -2.5951E-01  -9.5878E-02  -1.3452E-01
  -1.7028E-02  -1.2011E-02
  > Energy =  -8.655856039215E+00 +/-   9.183506278473E-03
  > varE =   8.441775088282E+00

VMC #6:
* Size of Hilbert space =   2.3639E+09
* Number of equil. steps   = 1000
* Running VMC equilibration.
  Done. [total walltime: 0.02s]
* Equil. acc.ratio (%)     =  11.9625
* Sample config after equilibration:
  +-----------+
  |  d   u   u|
  |u   d   d  |
  |  2   u   u|
  |0   0   d  |
  |  u   2   0|
  |d   d   2  |
  +-----------+
* Number of accum. steps   = 500480 x 10
* Running VMC accumulation.
  Done. [total walltime: 1.08s]
* Acceptance ratio (%)     =  11.9332
* Etot/t                   =  -8.660716065732E+00 +/-   4.103436005413E-03
  > Ttot/t                 =  -1.829423588670E+01 +/-   1.544726952736E-02
  > Utot/t                 =   9.633519820972E+00 +/-   1.463894800608E-02
* var[Eloc/t]              =   8.424494243451E+00 +/-   4.733417845829E-02
* Correlation length       =   1.000318311286E+00
* log10 Psi^2 range: -11.409039756189634 -- 0.10527794374330435
* log10 Pgen range : -11.409039756189634 -- 0.10527794374330435
* Site occupation (ave. no. electrons per config.):
  > Site_  ___eu____  ___ed____
      1        0.503      0.498
      2        0.496      0.503
      3        0.503      0.497
      4        0.497      0.503
      5        0.502      0.496
      6        0.498      0.502
      7        0.500      0.500
      8        0.503      0.496
      9        0.497      0.505
     10        0.504      0.496
     11        0.497      0.504
     12        0.502      0.498
     13        0.503      0.497
     14        0.495      0.505
     15        0.502      0.496
     16        0.497      0.503
     17        0.503      0.498
     18        0.499      0.503
* Pair-correlation analysis (ave. no. pairs per config.):
  > Shell  nsite  ___dh____  __eueu___  __eued___
      0      1        0          0          1.202
      1     18        1.118      9.465     25.594
      2     18        0.413     23.873     12.017
      3     18        0.380     23.643     12.288
      4     18        0.387     11.893     24.035
      5     18        0.088      3.126      5.864

Optimization #6:
* Method          : lls
* Target function : energy
* No. of configs. : 100096
* No. of params.  : 14
* Before optimization:
  -5.0193E+00   4.9203E-01   2.8618E-01   1.0976E-01   2.6802E-02   1.8783E-02
  -4.2500E-02  -5.6958E-02  -2.2706E-01  -2.5951E-01  -9.5878E-02  -1.3452E-01
  -1.7028E-02  -1.2011E-02
  > E    =  -8.667232505842E+00 +/-   9.141870359619E-03
  > varE =   8.365402451401E+00
* Computing derivatives.
  Done. [total walltime: 0.71s]
* Optimizing manipulation constant:
  #igrid a___________ E____________________________________ varE____________
     1     Infinity    -8.66723251E+00 +/-   9.14187036E-03   8.36540245E+00
     2     1.0000E+06  -8.66723251E+00 +/-   9.14187043E-03   8.36540257E+00
     3     2.1544E+05  -8.66723253E+00 +/-   9.14187067E-03   8.36540302E+00
     4     4.6416E+04  -8.66723263E+00 +/-   9.14187180E-03   8.36540509E+00
     5     1.0000E+04  -8.66723306E+00 +/-   9.14187706E-03   8.36541471E+00
     6     2.1544E+03  -8.66723507E+00 +/-   9.14190132E-03   8.36545911E+00
     7     4.6416E+02  -8.66724391E+00 +/-   9.14201125E-03   8.36566030E+00
     8     1.0000E+02  -8.66727647E+00 +/-   9.14246737E-03   8.36649509E+00
     9     2.1544E+01  -8.66734316E+00 +/-   9.14376379E-03   8.36886804E+00
    10     4.6416E+00  -8.66739490E+00 +/-   9.14488933E-03   8.37092847E+00
    11     1.0000E+00  -8.66741870E+00 +/-   9.14446440E-03   8.37015056E+00
    12     2.1544E-01  -8.66742171E+00 +/-   9.14390848E-03   8.36913288E+00
    13     4.6416E-02  -8.66742129E+00 +/-   9.14370812E-03   8.36876612E+00
    14     1.0000E-02  -8.66742110E+00 +/-   9.14365854E-03   8.36867538E+00
    15     2.1544E-03  -8.66742106E+00 +/-   9.14364752E-03   8.36865519E+00
    16     4.6416E-04  -8.66742105E+00 +/-   9.14364512E-03   8.36865081E+00
    17     1.0000E-04  -8.66742105E+00 +/-   9.14364461E-03   8.36864987E+00
    18     2.1544E-05  -8.66742104E+00 +/-   9.14364450E-03   8.36864967E+00
    19     4.6416E-06  -8.66742104E+00 +/-   9.14364447E-03   8.36864962E+00
    20     1.0000E-06  -8.66742104E+00 +/-   9.14364447E-03   8.36864961E+00
    21     0.0000E+00  -8.66742104E+00 +/-   9.14364447E-03   8.36864961E+00
  ParMin   2.7814E-02  -8.66742120E+00 +/-   9.14368312E-03   8.36872036E+00
  # Using grid point #13
* Iteration # 1: E =  -8.667421286885E+00 +/-   9.143708117355E-03
* Diminishing returns: exiting.
* After optimization:
  -4.8667E+00   4.8030E-01   2.7633E-01   9.9316E-02   1.8045E-02   2.2460E-02
  -3.8207E-02  -4.5977E-02  -2.2796E-01  -2.5167E-01  -9.2845E-02  -1.2989E-01
  -1.6855E-02  -6.7537E-03
  > Energy =  -8.667421286885E+00 +/-   9.143708117355E-03
  > varE =   8.368766123759E+00

VMC #7:
* Size of Hilbert space =   2.3639E+09
* Number of equil. steps   = 1000
* Running VMC equilibration.
  Done. [total walltime: 0.02s]
* Equil. acc.ratio (%)     =  12.1028
* Sample config after equilibration:
  +-----------+
  |  u   d   2|
  |0   u   d  |
  |  u   u   u|
  |d   d   d  |
  |  u   u   d|
  |d   d   u  |
  +-----------+
* Number of accum. steps   = 500480 x 10
* Running VMC accumulation.
  Done. [total walltime: 1.10s]
* Acceptance ratio (%)     =  11.9540
* Etot/t                   =  -8.660360978912E+00 +/-   4.112171850115E-03
  > Ttot/t                 =  -1.830033860040E+01 +/-   1.544950703763E-02
  > Utot/t                 =   9.639977621483E+00 +/-   1.467876385351E-02
* var[Eloc/t]              =   8.409433731334E+00 +/-   4.082646758191E-02
* Correlation length       =   1.006381132468E+00
* log10 Psi^2 range: -11.513646141217928 -- 0.67986982878303237
* log10 Pgen range : -11.513646141217928 -- 0.67986982878303237
* Site occupation (ave. no. electrons per config.):
  > Site_  ___eu____  ___ed____
      1        0.499      0.499
      2        0.500      0.500
      3        0.502      0.497
      4        0.500      0.500
      5        0.499      0.500
      6        0.500      0.501
      7        0.499      0.502
      8        0.502      0.498
      9        0.496      0.502
     10        0.502      0.498
     11        0.498      0.502
     12        0.503      0.499
     13        0.501      0.500
     14        0.500      0.503
     15        0.501      0.499
     16        0.499      0.500
     17        0.501      0.500
     18        0.498      0.502
* Pair-correlation analysis (ave. no. pairs per config.):
  > Shell  nsite  ___dh____  __eueu___  __eued___
      0      1        0          0          1.205
      1     18        1.124      9.484     25.573
      2     18        0.415     23.842     12.049
      3     18        0.377     23.660     12.275
      4     18        0.389     11.891     24.033
      5     18        0.090      3.124      5.864

Optimization #7:
* Method          : lls
* Target function : energy
* No. of configs. : 100096
* No. of params.  : 14
* Before optimization:
  -4.8667E+00   4.8030E-01   2.7633E-01   9.9316E-02   1.8045E-02   2.2460E-02
  -3.8207E-02  -4.5977E-02  -2.2796E-01  -2.5167E-01  -9.2845E-02  -1.2989E-01
  -1.6855E-02  -6.7537E-03
  > E    =  -8.669031004063E+00 +/-   9.232901151487E-03
  > varE =   8.532830027826E+00
* Computing derivatives.
  Done. [total walltime: 0.71s]
* Optimizing manipulation constant:
  #igrid a___________ E____________________________________ varE____________
     1     Infinity    -8.66903100E+00 +/-   9.23290115E-03   8.53283003E+00
     2     1.0000E+06  -8.66903102E+00 +/-   9.23290099E-03   8.53282974E+00
     3     2.1544E+05  -8.66903106E+00 +/-   9.23290042E-03   8.53282868E+00
     4     4.6416E+04  -8.66903127E+00 +/-   9.23289776E-03   8.53282376E+00
     5     1.0000E+04  -8.66903222E+00 +/-   9.23288543E-03   8.53280096E+00
     6     2.1544E+03  -8.66903660E+00 +/-   9.23282843E-03   8.53269562E+00
     7     4.6416E+02  -8.66905605E+00 +/-   9.23256923E-03   8.53221653E+00
     8     1.0000E+02  -8.66913095E+00 +/-   9.23146456E-03   8.53017491E+00
     9     2.1544E+01  -8.66930793E+00 +/-   9.22759677E-03   8.52302848E+00
    10     4.6416E+00  -8.66946599E+00 +/-   9.21855627E-03   8.50633622E+00
    11     1.0000E+00  -8.66952365E+00 +/-   9.20781128E-03   8.48651810E+00
    12     2.1544E-01  -8.66953827E+00 +/-   9.20142908E-03   8.47475768E+00
    13     4.6416E-02  -8.66954054E+00 +/-   9.19926611E-03   8.47077384E+00
    14     1.0000E-02  -8.66954086E+00 +/-   9.19873294E-03   8.46979197E+00
    15     2.1544E-03  -8.66954091E+00 +/-   9.19861436E-03   8.46957362E+00
    16     4.6416E-04  -8.66954093E+00 +/-   9.19858864E-03   8.46952624E+00
    17     1.0000E-04  -8.66954093E+00 +/-   9.19858309E-03   8.46951602E+00
    18     2.1544E-05  -8.66954093E+00 +/-   9.19858189E-03   8.46951382E+00
    19     4.6416E-06  -8.66954093E+00 +/-   9.19858163E-03   8.46951334E+00
    20     1.0000E-06  -8.66954093E+00 +/-   9.19858158E-03   8.46951324E+00
    21     0.0000E+00  -8.66954093E+00 +/-   9.19858156E-03   8.46951321E+00
* Iteration # 1: E =  -8.669540929393E+00 +/-   9.198581563085E-03
* Diminishing returns: exiting.
* After optimization:
  -4.8665E+00   4.7834E-01   2.7674E-01   1.0511E-01   2.3992E-02   1.4341E-02
  -3.4956E-02  -4.6573E-02  -2.2653E-01  -2.5306E-01  -9.2452E-02  -1.2901E-01
  -1.8229E-02  -8.3255E-03
  > Energy =  -8.669540929393E+00 +/-   9.198581563085E-03
  > varE =   8.469513211938E+00

VMC #8:
* Size of Hilbert space =   2.3639E+09
* Number of equil. steps   = 1000
* Running VMC equilibration.
  Done. [total walltime: 0.02s]
* Equil. acc.ratio (%)     =  12.2534
* Sample config after equilibration:
  +-----------+
  |  u   0   u|
  |d   2   0  |
  |  u   2   u|
  |d   d   d  |
  |  u   u   d|
  |u   d   d  |
  +-----------+
* Number of accum. steps   = 500480 x 10
* Running VMC accumulation.
  Done. [total walltime: 1.11s]
* Acceptance ratio (%)     =  12.0877
* Etot/t                   =  -8.658492079580E+00 +/-   4.203549811108E-03
  > Ttot/t                 =  -1.837940000797E+01 +/-   1.493914505038E-02
  > Utot/t                 =   9.720907928389E+00 +/-   1.426643760651E-02
* var[Eloc/t]              =   8.368978582406E+00 +/-   3.923453034473E-02
* Correlation length       =   1.056687735432E+00
* log10 Psi^2 range: -11.126936466269992 -- 0.66898303577701679
* log10 Pgen range : -11.126936466269992 -- 0.66898303577701679
* Site occupation (ave. no. electrons per config.):
  > Site_  ___eu____  ___ed____
      1        0.498      0.502
      2        0.502      0.498
      3        0.499      0.502
      4        0.499      0.499
      5        0.502      0.499
      6        0.500      0.500
      7        0.504      0.497
      8        0.499      0.501
      9        0.499      0.501
     10        0.500      0.499
     11        0.500      0.498
     12        0.499      0.500
     13        0.497      0.504
     14        0.501      0.499
     15        0.498      0.501
     16        0.502      0.498
     17        0.498      0.503
     18        0.502      0.499
* Pair-correlation analysis (ave. no. pairs per config.):
  > Shell  nsite  ___dh____  __eueu___  __eued___
      0      1        0          0          1.217
      1     18        1.143      9.556     25.485
      2     18        0.419     23.764     12.132
      3     18        0.390     23.553     12.377
      4     18        0.400     11.978     23.944
      5     18        0.088      3.149      5.845

Optimization #8:
* Method          : lls
* Target function : energy
* No. of configs. : 100096
* No. of params.  : 14
* Before optimization:
  -4.8665E+00   4.7834E-01   2.7674E-01   1.0511E-01   2.3992E-02   1.4341E-02
  -3.4956E-02  -4.6573E-02  -2.2653E-01  -2.5306E-01  -9.2452E-02  -1.2901E-01
  -1.8229E-02  -8.3255E-03
  > E    =  -8.659313923986E+00 +/-   9.126950353405E-03
  > varE =   8.338119192737E+00
* Computing derivatives.
  Done. [total walltime: 0.71s]
* Optimizing manipulation constant:
  #igrid a___________ E____________________________________ varE____________
     1     Infinity    -8.65931392E+00 +/-   9.12695035E-03   8.33811919E+00
     2     1.0000E+06  -8.65931394E+00 +/-   9.12695034E-03   8.33811918E+00
     3     2.1544E+05  -8.65931399E+00 +/-   9.12695031E-03   8.33811912E+00
     4     4.6416E+04  -8.65931423E+00 +/-   9.12695017E-03   8.33811885E+00
     5     1.0000E+04  -8.65931533E+00 +/-   9.12694951E-03   8.33811766E+00
     6     2.1544E+03  -8.65932039E+00 +/-   9.12694711E-03   8.33811326E+00
     7     4.6416E+02  -8.65934294E+00 +/-   9.12694872E-03   8.33811621E+00
     8     1.0000E+02  -8.65943043E+00 +/-   9.12717683E-03   8.33853300E+00
     9     2.1544E+01  -8.65964488E+00 +/-   9.13019217E-03   8.34404351E+00
    10     4.6416E+00  -8.65985079E+00 +/-   9.14244020E-03   8.36644537E+00
    11     1.0000E+00  -8.65990992E+00 +/-   9.15528285E-03   8.38996705E+00
    12     2.1544E-01  -8.65991790E+00 +/-   9.15966849E-03   8.39800703E+00
    13     4.6416E-02  -8.65991966E+00 +/-   9.16056803E-03   8.39965659E+00
    14     1.0000E-02  -8.65992007E+00 +/-   9.16074885E-03   8.39998820E+00
    15     2.1544E-03  -8.65992017E+00 +/-   9.16078697E-03   8.40005811E+00
    16     4.6416E-04  -8.65992019E+00 +/-   9.16079514E-03   8.40007310E+00
    17     1.0000E-04  -8.65992019E+00 +/-   9.16079690E-03   8.40007632E+00
    18     2.1544E-05  -8.65992019E+00 +/-   9.16079728E-03   8.40007702E+00
    19     4.6416E-06  -8.65992019E+00 +/-   9.16079736E-03   8.40007717E+00
    20     1.0000E-06  -8.65992019E+00 +/-   9.16079738E-03   8.40007720E+00
    21     0.0000E+00  -8.65992019E+00 +/-   9.16079738E-03   8.40007721E+00
  ParMin   6.3185E-01  -8.65991387E+00 +/-   9.15730903E-03   8.39368107E+00
  # Using grid point #11
* Iteration # 1: E =  -8.659909923272E+00 +/-   9.155282851823E-03
* Diminishing returns: exiting.
* After optimization:
  -5.3320E+00   5.1111E-01   3.0572E-01   1.2199E-01   4.9046E-02   2.6448E-02
  -5.0023E-02  -6.2591E-02  -2.4170E-01  -2.6909E-01  -1.0480E-01  -1.4187E-01
  -2.9279E-02  -2.0638E-02
  > Energy =  -8.659909923272E+00 +/-   9.155282851823E-03
  > varE =   8.389967053282E+00

VMC #9:
* Size of Hilbert space =   2.3639E+09
* Number of equil. steps   = 1000
* Running VMC equilibration.
  Done. [total walltime: 0.02s]
* Equil. acc.ratio (%)     =  12.1894
* Sample config after equilibration:
  +-----------+
  |  u   u   d|
  |d   d   d  |
  |  u   u   d|
  |d   d   u  |
  |  u   u   u|
  |2   d   0  |
  +-----------+
* Number of accum. steps   = 500480 x 10
* Running VMC accumulation.
  Done. [total walltime: 1.14s]
* Acceptance ratio (%)     =  11.9586
* Etot/t                   =  -8.656500284172E+00 +/-   4.167938655226E-03
  > Ttot/t                 =  -1.832146192101E+01 +/-   1.531814638382E-02
  > Utot/t                 =   9.664961636829E+00 +/-   1.436217455355E-02
* var[Eloc/t]              =   8.389625708131E+00 +/-   7.335828448806E-02
* Correlation length       =   1.036303053484E+00
* log10 Psi^2 range: -13.252996478539323 -- -1.0775845023446806
* log10 Pgen range : -13.252996478539323 -- -1.0775845023446806
* Site occupation (ave. no. electrons per config.):
  > Site_  ___eu____  ___ed____
      1        0.503      0.496
      2        0.496      0.504
      3        0.503      0.499
      4        0.498      0.503
      5        0.504      0.497
      6        0.497      0.502
      7        0.499      0.502
      8        0.503      0.496
      9        0.498      0.502
     10        0.502      0.497
     11        0.498      0.502
     12        0.503      0.497
     13        0.502      0.498
     14        0.496      0.504
     15        0.499      0.499
     16        0.499      0.502
     17        0.503      0.497
     18        0.498      0.502
* Pair-correlation analysis (ave. no. pairs per config.):
  > Shell  nsite  ___dh____  __eueu___  __eued___
      0      1        0          0          1.210
      1     18        1.131      9.550     25.500
      2     18        0.418     23.766     12.127
      3     18        0.381     23.565     12.370
      4     18        0.393     11.971     23.949
      5     18        0.089      3.148      5.844

Optimization #9:
* Method          : lls
* Target function : energy
* No. of configs. : 100096
* No. of params.  : 14
* Before optimization:
  -5.3320E+00   5.1111E-01   3.0572E-01   1.2199E-01   4.9046E-02   2.6448E-02
  -5.0023E-02  -6.2591E-02  -2.4170E-01  -2.6909E-01  -1.0480E-01  -1.4187E-01
  -2.9279E-02  -2.0638E-02
  > E    =  -8.657826968979E+00 +/-   9.246150019525E-03
  > varE =   8.557336182214E+00
* Computing derivatives.
  Done. [total walltime: 0.73s]
* Optimizing manipulation constant:
  #igrid a___________ E____________________________________ varE____________
     1     Infinity    -8.65782697E+00 +/-   9.24615002E-03   8.55733618E+00
     2     1.0000E+06  -8.65782698E+00 +/-   9.24614981E-03   8.55733580E+00
     3     2.1544E+05  -8.65782703E+00 +/-   9.24614906E-03   8.55733440E+00
     4     4.6416E+04  -8.65782726E+00 +/-   9.24614555E-03   8.55732791E+00
     5     1.0000E+04  -8.65782830E+00 +/-   9.24612931E-03   8.55729785E+00
     6     2.1544E+03  -8.65783307E+00 +/-   9.24605447E-03   8.55715933E+00
     7     4.6416E+02  -8.65785417E+00 +/-   9.24571836E-03   8.55653720E+00
     8     1.0000E+02  -8.65793323E+00 +/-   9.24436178E-03   8.55402646E+00
     9     2.1544E+01  -8.65810178E+00 +/-   9.24042941E-03   8.54675058E+00
    10     4.6416E+00  -8.65820535E+00 +/-   9.23420101E-03   8.53523279E+00
    11     1.0000E+00  -8.65820871E+00 +/-   9.23065056E-03   8.52867065E+00
    12     2.1544E-01  -8.65820317E+00 +/-   9.23081246E-03   8.52896983E+00
    13     4.6416E-02  -8.65820113E+00 +/-   9.23123719E-03   8.52975472E+00
    14     1.0000E-02  -8.65820059E+00 +/-   9.23136725E-03   8.52999507E+00
    15     2.1544E-03  -8.65820047E+00 +/-   9.23139746E-03   8.53005091E+00
    16     4.6416E-04  -8.65820044E+00 +/-   9.23140408E-03   8.53006314E+00
    17     1.0000E-04  -8.65820044E+00 +/-   9.23140551E-03   8.53006578E+00
    18     2.1544E-05  -8.65820044E+00 +/-   9.23140582E-03   8.53006635E+00
    19     4.6416E-06  -8.65820044E+00 +/-   9.23140589E-03   8.53006648E+00
    20     1.0000E-06  -8.65820044E+00 +/-   9.23140590E-03   8.53006650E+00
    21     0.0000E+00  -8.65820044E+00 +/-   9.23140591E-03   8.53006651E+00
  ParMin   7.3661E-01  -8.65820729E+00 +/-   9.23052381E-03   8.52843642E+00
  # Using grid point #11
* Iteration # 1: E =  -8.658208712668E+00 +/-   9.230650562906E-03
* Diminishing returns: exiting.
* After optimization:
  -5.1719E+00   5.0547E-01   2.9995E-01   1.1176E-01   3.5562E-02   1.2213E-02
  -5.0587E-02  -6.5347E-02  -2.3702E-01  -2.6626E-01  -9.3542E-02  -1.3306E-01
  -2.1274E-02  -1.4761E-02
  > Energy =  -8.658208712668E+00 +/-   9.230650562906E-03
  > varE =   8.528670652790E+00

VMC #10:
* Size of Hilbert space =   2.3639E+09
* Number of equil. steps   = 1000
* Running VMC equilibration.
  Done. [total walltime: 0.02s]
* Equil. acc.ratio (%)     =  12.2829
* Sample config after equilibration:
  +-----------+
  |  u   u   u|
  |d   d   d  |
  |  u   u   u|
  |d   d   d  |
  |  u   u   u|
  |d   d   d  |
  +-----------+
* Number of accum. steps   = 500480 x 10
* Running VMC accumulation.
  Done. [total walltime: 1.13s]
* Acceptance ratio (%)     =  12.0050
* Etot/t                   =  -8.663497566952E+00 +/-   4.061798152694E-03
  > Ttot/t                 =  -1.833141636490E+01 +/-   1.544259905941E-02
  > Utot/t                 =   9.667918797954E+00 +/-   1.473379428756E-02
* var[Eloc/t]              =   8.384310791670E+00 +/-   4.232421380207E-02
* Correlation length       =   9.848181275497E-01
* log10 Psi^2 range: -11.835215150990470 -- -0.48134755573537924
* log10 Pgen range : -11.835215150990470 -- -0.48134755573537924
* Site occupation (ave. no. electrons per config.):
  > Site_  ___eu____  ___ed____
      1        0.501      0.500
      2        0.500      0.501
      3        0.500      0.500
      4        0.500      0.501
      5        0.499      0.501
      6        0.498      0.502
      7        0.500      0.500
      8        0.501      0.499
      9        0.500      0.500
     10        0.499      0.499
     11        0.500      0.502
     12        0.501      0.498
     13        0.501      0.499
     14        0.500      0.500
     15        0.500      0.499
     16        0.499      0.502
     17        0.499      0.498
     18        0.501      0.500
* Pair-correlation analysis (ave. no. pairs per config.):
  > Shell  nsite  ___dh____  __eueu___  __eued___
      0      1        0          0          1.210
      1     18        1.131      9.568     25.480
      2     18        0.415     23.740     12.153
      3     18        0.387     23.557     12.375
      4     18        0.393     11.988     23.935
      5     18        0.090      3.147      5.847

VDAGGER finished.
Total VDAGGER walltime: 28.3s

Run ended: Fri Jan 16 10:18:55 CET 2026
