Run started: Fri Jan 16 12:12:30 CET 2026
Using VDAGGER_ARCH = gnu7_fkfamd_cluster
Running 1x128 MPI processes.

                               xx
                              +##
                               #X
                               Xx
                          X##XxXxxX##x
                           +   Xx  ++
                               ##
                              +##
                              +##
     ++++         ++          +##
   xX+++##+      ####         +##
  Xx    ###      +X##          ##
 xX    X##+        ##          #X
 +    x##X         #x          #X
      ###         +#           x+
     X##+         #+
     ###         Xx                    _______
     ##X       +X+   __________________VDAGGER
     +##x    +xX     2nd quantized variational
       +xxxxx+       ______quantum Monte Carlo

* Running 128 MPI processes.
* Input file: "input.01.casl"

############# Start of input file dump #############
General:
  Random seed: timer

Plan:
  VMC-optimization:
    Minimum cycles: 20
    Convergence cycles: 10

System:
  Hubbard model:
    Primitive cell:
      a_1: [ 1.0, 1.0 ]
      a_2: [ -1.0, 1.0 ]
    Simulation cell:
      a_1: [ 6.0, 0.0 ]
      a_2: [ 0.0, 6.0 ]
    U: 8.0
    Dump Hamiltonian: FCIDUMP.new
    Dump orbitals: LTSC.new
  netot: 18

VMC:
  nstep: 500000
  nconfig: 100000

Jastrow: wfn.casl
############## End of input file dump ##############

General setup:
* Random seed: 315251069 (from timer)

Hubbard system:
* Dimensionality        : 2
* Simulation cell:
  > a_1 =   6.000000000000E+00   0.000000000000E+00
  > a_2 =   0.000000000000E+00   6.000000000000E+00
* Primitive cell:
  > a_1 =   1.000000000000E+00   1.000000000000E+00
  > a_2 =  -1.000000000000E+00   1.000000000000E+00
* Prim.cells in sim.cell: 18
* Number of sublattices : 1
* # real-space shells   : 5
  > Shell #1: 4 sites, rij =  1.4142E+00
  > Shell #2: 4 sites, rij =  2.0000E+00
  > Shell #3: 4 sites, rij =  2.8284E+00
  > Shell #4: 4 sites, rij =  3.1623E+00
  > Shell #5: 1 sites, rij =  4.2426E+00
* Site labels:
  +-----------------+
  |    6    11    16|
  |15     5    10   |
  |   14     4     9|
  | 8    13     3   |
  |    7    18     2|
  | 1    12    17   |
  +-----------------+
* Shell diagram:
  +-----------+
  |  4   4   5|
  |3   2   3  |
  |  1   1   4|
  |2   0   2  |
  |  1   1   4|
  |3   2   3  |
  +-----------+
* Hop multiplicity diagram:
  +-----------+
  |  -   -   -|
  |-   -   -  |
  |  1   1   -|
  |-   0   -  |
  |  1   1   -|
  |-   -   -  |
  +-----------+
* Reciprocal lattice of the simulation cell:
  > b_1 =   1.047197551197E+00  -0.000000000000E+00
  > b_2 =  -0.000000000000E+00   1.047197551197E+00
* k-vector offset:
  > Fractional:   0.000000000000E+00   0.000000000000E+00
  > Absolute  :   0.000000000000E+00   0.000000000000E+00
* G-vector occupation diagram:
  +------0------+
  |      -      |
  |    - - -    |
  |  - 2 2 2 -  |
  0- - 2 2 2 - -0
  |  - 2 2 2 -  |
  |    - - -    |
  |      -      |
  +------0------+
* G-vectors and non-interacting energy levels:
  > G_1 = [   0.0000E+00,  0.0000E+00,  0.0000E+00 ], e =  -4.0000E+00
  > G_2 = [  -1.0472E+00,  0.0000E+00,  0.0000E+00 ], e =  -2.0000E+00
  > G_3 = [   1.0472E+00,  0.0000E+00,  0.0000E+00 ], e =  -2.0000E+00
  > G_4 = [   0.0000E+00,  1.0472E+00,  0.0000E+00 ], e =  -2.0000E+00
  > G_5 = [   0.0000E+00, -1.0472E+00,  0.0000E+00 ], e =  -2.0000E+00
  > G_6 = [  -1.0472E+00, -1.0472E+00,  0.0000E+00 ], e =  -1.0000E+00
  > G_7 = [   1.0472E+00,  1.0472E+00,  0.0000E+00 ], e =  -1.0000E+00
  > G_8 = [   1.0472E+00, -1.0472E+00,  0.0000E+00 ], e =  -1.0000E+00
  > G_9 = [  -1.0472E+00,  1.0472E+00,  0.0000E+00 ], e =  -1.0000E+00 = e_F
  > G_10 = [  -2.0944E+00, -1.0472E+00,  0.0000E+00 ], e =   1.0000E+00
  > G_11 = [   2.0944E+00,  1.0472E+00,  0.0000E+00 ], e =   1.0000E+00
  > G_12 = [   1.0472E+00,  2.0944E+00,  0.0000E+00 ], e =   1.0000E+00
  > G_13 = [  -1.0472E+00, -2.0944E+00,  0.0000E+00 ], e =   1.0000E+00
  > ...
* U/t                   :  8.00000000000E+00
* Hartree-Fock Etot/t   :  4.00000000000E+00
  > Ttot/t              : -3.20000000000E+01
  > Utot/t              :  3.60000000000E+01
* Writing Hamiltonian to "FCIDUMP.new".
* Writing orbitals to "LTSC.new".
* Analysis of Hamiltonian connecitivity performed:
  - U_iiii [opp] (local, 1-site): 18 (i) values
  - T_ji (single, 2-site): 72 contribs. from 18 (i) values
  - Max. no. wfn. ratios in Eloc: 4
* Site labels:
  +-----------------+
  |    6    11    16|
  |15     5    10   |
  |   14     4     9|
  | 8    13     3   |
  |    7    18     2|
  | 1    12    17   |
  +-----------------+
* Model system Site kinds:
  [ 1, 1, 1, 1, 1, 1, 1, 1, 1, 1, 1, 1, 1, 1, 1, 1, 1, 1 ]
  +-----------+
  |  1   1   1|
  |1   1   1  |
  |  1   1   1|
  |1   1   1  |
  |  1   1   1|
  |1   1   1  |
  +-----------+
* Maximum Site kind: 1
* Model system Site pair kinds:
  Site 1: [ 0, 1, 3, 5, 3, 1, 1, 2, 4, 3, 4, 2, 3, 4, 2, 1, 2, 4 ]
  Site 2: [ 1, 0, 1, 3, 5, 3, 2, 1, 2, 4, 3, 4, 4, 3, 4, 2, 1, 2 ]
  Site 3: [ 3, 1, 0, 1, 3, 5, 4, 2, 1, 2, 4, 3, 2, 4, 3, 4, 2, 1 ]
  Site 4: [ 5, 3, 1, 0, 1, 3, 3, 4, 2, 1, 2, 4, 1, 2, 4, 3, 4, 2 ]
  Site 5: [ 3, 5, 3, 1, 0, 1, 4, 3, 4, 2, 1, 2, 2, 1, 2, 4, 3, 4 ]
  Site 6: [ 1, 3, 5, 3, 1, 0, 2, 4, 3, 4, 2, 1, 4, 2, 1, 2, 4, 3 ]
  Site 7: [ 1, 2, 4, 3, 4, 2, 0, 1, 3, 5, 3, 1, 1, 2, 4, 3, 4, 2 ]
  Site 8: [ 2, 1, 2, 4, 3, 4, 1, 0, 1, 3, 5, 3, 2, 1, 2, 4, 3, 4 ]
  Site 9: [ 4, 2, 1, 2, 4, 3, 3, 1, 0, 1, 3, 5, 4, 2, 1, 2, 4, 3 ]
  Site 10: [ 3, 4, 2, 1, 2, 4, 5, 3, 1, 0, 1, 3, 3, 4, 2, 1, 2, 4 ]
  Site 11: [ 4, 3, 4, 2, 1, 2, 3, 5, 3, 1, 0, 1, 4, 3, 4, 2, 1, 2 ]
  Site 12: [ 2, 4, 3, 4, 2, 1, 1, 3, 5, 3, 1, 0, 2, 4, 3, 4, 2, 1 ]
  Site 13: [ 3, 4, 2, 1, 2, 4, 1, 2, 4, 3, 4, 2, 0, 1, 3, 5, 3, 1 ]
  Site 14: [ 4, 3, 4, 2, 1, 2, 2, 1, 2, 4, 3, 4, 1, 0, 1, 3, 5, 3 ]
  Site 15: [ 2, 4, 3, 4, 2, 1, 4, 2, 1, 2, 4, 3, 3, 1, 0, 1, 3, 5 ]
  Site 16: [ 1, 2, 4, 3, 4, 2, 3, 4, 2, 1, 2, 4, 5, 3, 1, 0, 1, 3 ]
  Site 17: [ 2, 1, 2, 4, 3, 4, 4, 3, 4, 2, 1, 2, 3, 5, 3, 1, 0, 1 ]
  Site 18: [ 4, 2, 1, 2, 4, 3, 2, 4, 3, 4, 2, 1, 1, 3, 5, 3, 1, 0 ]
  For site 1 of kind 1:
  +-----------+
  |  1   4   1|
  |2   3   3  |
  |  4   5   4|
  |2   3   3  |
  |  1   4   1|
  |0   2   2  |
  +-----------+
* Maximum (unsigned) Site pair kind: 5

General system setup:
* Number of sites       : 18
* Number of electrons   : 18
* Spin imbalance MS2    : 0
* Filling               : 0.500000
* Number of orbitals in pool: 21
* Using real-valued orbitals
* Using double-precision arithmetic for orbitals

Trial wave function setup:
* Jastrow parameter file: "wfn.casl"
* Not using multideterminants
* Not using a backflow transformation
* Not using wave function manipulation

VMC #1:
* Size of Hilbert space =   2.3639E+09
* Number of equil. steps   = 1000
* Running VMC equilibration.
  Done. [total walltime: 0.03s]
* Equil. acc.ratio (%)     =  12.2161
* Sample config after equilibration:
  +-----------+
  |  u   d   d|
  |u   2   u  |
  |  0   d   0|
  |u   2   u  |
  |  d   d   d|
  |d   u   u  |
  +-----------+
* Number of accum. steps   = 500480 x 10
* Running VMC accumulation.
  Done. [total walltime: 1.30s]
* Acceptance ratio (%)     =  12.0267
* Etot/t                   =  -8.662284266742E+00 +/-   4.138256792490E-03
  > Ttot/t                 =  -1.835048759156E+01 +/-   1.500108951646E-02
  > Utot/t                 =   9.688203324808E+00 +/-   1.442509991012E-02
* var[Eloc/t]              =   8.384016689233E+00 +/-   3.690513640923E-02
* Correlation length       =   1.022279062559E+00
* log10 Psi^2 range: -12.843784813513942 -- -1.2808648893578511
* log10 Pgen range : -12.843784813513942 -- -1.2808648893578511
* Site occupation (ave. no. electrons per config.):
  > Site_  ___eu____  ___ed____
      1        0.498      0.503
      2        0.502      0.498
      3        0.500      0.502
      4        0.502      0.498
      5        0.499      0.501
      6        0.500      0.498
      7        0.502      0.498
      8        0.501      0.502
      9        0.502      0.498
     10        0.498      0.501
     11        0.501      0.499
     12        0.498      0.502
     13        0.499      0.500
     14        0.500      0.498
     15        0.499      0.502
     16        0.503      0.497
     17        0.496      0.504
     18        0.501      0.500
* Pair-correlation analysis (ave. no. pairs per config.):
  > Shell  nsite  ___dh____  __eueu___  __eued___
      0      1        0          0          1.208
      1     18        1.127      9.587     25.464
      2     18        0.418     23.714     12.174
      3     18        0.380     23.474     12.465
      4     18        0.394     12.050     23.871
      5     18        0.089      3.174      5.818

Optimization #1:
* Method          : lls
* Target function : energy
* No. of configs. : 100096
* No. of params.  : 14
* Before optimization:
  -5.3831E+00   5.1675E-01   3.1561E-01   1.2151E-01   5.2378E-02   1.6039E-02
  -5.5669E-02  -6.6712E-02  -2.4356E-01  -2.7296E-01  -1.0311E-01  -1.3747E-01
  -3.0240E-02  -2.2854E-02
  > E    =  -8.666519658978E+00 +/-   9.155538372302E-03
  > varE =   8.390435381426E+00
* Computing derivatives.
  Done. [total walltime: 0.51s]
* Optimizing manipulation constant:
  #igrid a___________ E____________________________________ varE____________
     1     Infinity    -8.66651966E+00 +/-   9.15553837E-03   8.39043538E+00
     2     1.0000E+06  -8.66651968E+00 +/-   9.15553805E-03   8.39043479E+00
     3     2.1544E+05  -8.66651974E+00 +/-   9.15553688E-03   8.39043264E+00
     4     4.6416E+04  -8.66652004E+00 +/-   9.15553143E-03   8.39042266E+00
     5     1.0000E+04  -8.66652141E+00 +/-   9.15550618E-03   8.39037638E+00
     6     2.1544E+03  -8.66652775E+00 +/-   9.15538967E-03   8.39016283E+00
     7     4.6416E+02  -8.66655614E+00 +/-   9.15486320E-03   8.38919793E+00
     8     1.0000E+02  -8.66666870E+00 +/-   9.15269176E-03   8.38521874E+00
     9     2.1544E+01  -8.66695763E+00 +/-   9.14625588E-03   8.37343045E+00
    10     4.6416E+00  -8.66723998E+00 +/-   9.13777322E-03   8.35790584E+00
    11     1.0000E+00  -8.66733789E+00 +/-   9.13623049E-03   8.35508394E+00
    12     2.1544E-01  -8.66735421E+00 +/-   9.13922487E-03   8.36056156E+00
    13     4.6416E-02  -8.66735323E+00 +/-   9.14082716E-03   8.36349336E+00
    14     1.0000E-02  -8.66735239E+00 +/-   9.14126213E-03   8.36428935E+00
    15     2.1544E-03  -8.66735217E+00 +/-   9.14136091E-03   8.36447012E+00
    16     4.6416E-04  -8.66735212E+00 +/-   9.14138244E-03   8.36450952E+00
    17     1.0000E-04  -8.66735211E+00 +/-   9.14138709E-03   8.36451803E+00
    18     2.1544E-05  -8.66735211E+00 +/-   9.14138809E-03   8.36451987E+00
    19     4.6416E-06  -8.66735211E+00 +/-   9.14138831E-03   8.36452026E+00
    20     1.0000E-06  -8.66735211E+00 +/-   9.14138836E-03   8.36452035E+00
    21     0.0000E+00  -8.66735211E+00 +/-   9.14138837E-03   8.36452037E+00
  ParMin   1.9677E-01  -8.66735428E+00 +/-   9.13937356E-03   8.36083361E+00
  # Using grid point #12
* Iteration # 1: E =  -8.667354209855E+00 +/-   9.139224868067E-03
* Diminishing returns: exiting.
* After optimization:
  -4.8829E+00   4.8147E-01   2.7421E-01   1.0505E-01   1.8597E-02   2.0943E-02
  -3.6415E-02  -5.3833E-02  -2.2003E-01  -2.5533E-01  -9.3766E-02  -1.3221E-01
  -1.2483E-02  -8.6386E-03
  > Energy =  -8.667354209855E+00 +/-   9.139224868067E-03
  > varE =   8.360561560303E+00

VMC #2:
* Size of Hilbert space =   2.3639E+09
* Number of equil. steps   = 1000
* Running VMC equilibration.
  Done. [total walltime: 0.02s]
* Equil. acc.ratio (%)     =  11.9709
* Sample config after equilibration:
  +-----------+
  |  0   u   d|
  |u   2   u  |
  |  d   d   d|
  |d   u   u  |
  |  d   2   u|
  |u   d   0  |
  +-----------+
* Number of accum. steps   = 500480 x 10
* Running VMC accumulation.
  Done. [total walltime: 0.86s]
* Acceptance ratio (%)     =  12.0150
* Etot/t                   =  -8.655352046959E+00 +/-   4.148750405317E-03
  > Ttot/t                 =  -1.832768260962E+01 +/-   1.468874670034E-02
  > Utot/t                 =   9.672330562660E+00 +/-   1.421956211651E-02
* var[Eloc/t]              =   8.400769340053E+00 +/-   3.523147642764E-02
* Correlation length       =   1.025421177094E+00
* log10 Psi^2 range: -11.695779824055439 -- 0.59414770832397890
* log10 Pgen range : -11.695779824055439 -- 0.59414770832397890
* Site occupation (ave. no. electrons per config.):
  > Site_  ___eu____  ___ed____
      1        0.499      0.501
      2        0.499      0.500
      3        0.502      0.497
      4        0.497      0.502
      5        0.502      0.499
      6        0.498      0.502
      7        0.500      0.498
      8        0.502      0.498
      9        0.500      0.501
     10        0.503      0.496
     11        0.497      0.503
     12        0.500      0.501
     13        0.502      0.499
     14        0.497      0.503
     15        0.503      0.498
     16        0.499      0.501
     17        0.502      0.501
     18        0.499      0.502
* Pair-correlation analysis (ave. no. pairs per config.):
  > Shell  nsite  ___dh____  __eueu___  __eued___
      0      1        0          0          1.207
      1     18        1.119      9.543     25.514
      2     18        0.414     23.787     12.106
      3     18        0.386     23.570     12.355
      4     18        0.390     11.957     23.970
      5     18        0.089      3.142      5.848

Optimization #2:
* Method          : lls
* Target function : energy
* No. of configs. : 100096
* No. of params.  : 14
* Before optimization:
  -4.8829E+00   4.8147E-01   2.7421E-01   1.0505E-01   1.8597E-02   2.0943E-02
  -3.6415E-02  -5.3833E-02  -2.2003E-01  -2.5533E-01  -9.3766E-02  -1.3221E-01
  -1.2483E-02  -8.6386E-03
  > E    =  -8.665321034659E+00 +/-   9.172382378759E-03
  > varE =   8.421336579673E+00
* Computing derivatives.
  Done. [total walltime: 0.54s]
* Optimizing manipulation constant:
  #igrid a___________ E____________________________________ varE____________
     1     Infinity    -8.66532103E+00 +/-   9.17238238E-03   8.42133658E+00
     2     1.0000E+06  -8.66532105E+00 +/-   9.17238233E-03   8.42133648E+00
     3     2.1544E+05  -8.66532110E+00 +/-   9.17238214E-03   8.42133613E+00
     4     4.6416E+04  -8.66532135E+00 +/-   9.17238125E-03   8.42133451E+00
     5     1.0000E+04  -8.66532249E+00 +/-   9.17237716E-03   8.42132699E+00
     6     2.1544E+03  -8.66532776E+00 +/-   9.17235847E-03   8.42129267E+00
     7     4.6416E+02  -8.66535109E+00 +/-   9.17227825E-03   8.42114538E+00
     8     1.0000E+02  -8.66544027E+00 +/-   9.17201553E-03   8.42066297E+00
     9     2.1544E+01  -8.66564921E+00 +/-   9.17173573E-03   8.42014923E+00
    10     4.6416E+00  -8.66584382E+00 +/-   9.17170886E-03   8.42009988E+00
    11     1.0000E+00  -8.66592081E+00 +/-   9.17009242E-03   8.41713219E+00
    12     2.1544E-01  -8.66593722E+00 +/-   9.16797441E-03   8.41324444E+00
    13     4.6416E-02  -8.66593901E+00 +/-   9.16707393E-03   8.41159183E+00
    14     1.0000E-02  -8.66593917E+00 +/-   9.16683965E-03   8.41116190E+00
    15     2.1544E-03  -8.66593919E+00 +/-   9.16678693E-03   8.41106513E+00
    16     4.6416E-04  -8.66593919E+00 +/-   9.16677546E-03   8.41104408E+00
    17     1.0000E-04  -8.66593919E+00 +/-   9.16677298E-03   8.41103954E+00
    18     2.1544E-05  -8.66593919E+00 +/-   9.16677245E-03   8.41103856E+00
    19     4.6416E-06  -8.66593919E+00 +/-   9.16677233E-03   8.41103835E+00
    20     1.0000E-06  -8.66593919E+00 +/-   9.16677231E-03   8.41103830E+00
    21     0.0000E+00  -8.66593919E+00 +/-   9.16677230E-03   8.41103829E+00
* Iteration # 1: E =  -8.665939193444E+00 +/-   9.166772299485E-03
* Diminishing returns: exiting.
* After optimization:
  -4.7782E+00   4.7837E-01   2.7266E-01   9.2358E-02   1.6226E-02   1.5513E-02
  -3.4548E-02  -5.1731E-02  -2.1790E-01  -2.5307E-01  -8.3659E-02  -1.2226E-01
  -1.2780E-02  -1.0090E-02
  > Energy =  -8.665939193444E+00 +/-   9.166772299485E-03
  > varE =   8.411038291642E+00

VMC #3:
* Size of Hilbert space =   2.3639E+09
* Number of equil. steps   = 1000
* Running VMC equilibration.
  Done. [total walltime: 0.02s]
* Equil. acc.ratio (%)     =  12.2936
* Sample config after equilibration:
  +-----------+
  |  u   2   u|
  |u   0   u  |
  |  d   d   d|
  |d   u   d  |
  |  u   2   u|
  |d   d   0  |
  +-----------+
* Number of accum. steps   = 500480 x 10
* Running VMC accumulation.
  Done. [total walltime: 0.86s]
* Acceptance ratio (%)     =  12.0369
* Etot/t                   =  -8.659478523493E+00 +/-   4.103969066440E-03
  > Ttot/t                 =  -1.836090115777E+01 +/-   1.548373841697E-02
  > Utot/t                 =   9.701422634271E+00 +/-   1.490143218281E-02
* var[Eloc/t]              =   8.324839846426E+00 +/-   5.053144427637E-02
* Correlation length       =   1.012555873081E+00
* log10 Psi^2 range: -10.759223387582351 -- 0.99725938683814352
* log10 Pgen range : -10.759223387582351 -- 0.99725938683814352
* Site occupation (ave. no. electrons per config.):
  > Site_  ___eu____  ___ed____
      1        0.499      0.503
      2        0.501      0.497
      3        0.499      0.503
      4        0.504      0.496
      5        0.497      0.502
      6        0.504      0.499
      7        0.503      0.498
      8        0.499      0.502
      9        0.501      0.498
     10        0.497      0.504
     11        0.501      0.497
     12        0.498      0.502
     13        0.497      0.503
     14        0.504      0.497
     15        0.496      0.504
     16        0.499      0.498
     17        0.499      0.502
     18        0.503      0.496
* Pair-correlation analysis (ave. no. pairs per config.):
  > Shell  nsite  ___dh____  __eueu___  __eued___
      0      1        0          0          1.211
      1     18        1.133      9.569     25.477
      2     18        0.419     23.738     12.155
      3     18        0.382     23.517     12.424
      4     18        0.393     12.018     23.906
      5     18        0.093      3.157      5.828

Optimization #3:
* Method          : lls
* Target function : energy
* No. of configs. : 100096
* No. of params.  : 14
* Before optimization:
  -4.7782E+00   4.7837E-01   2.7266E-01   9.2358E-02   1.6226E-02   1.5513E-02
  -3.4548E-02  -5.1731E-02  -2.1790E-01  -2.5307E-01  -8.3659E-02  -1.2226E-01
  -1.2780E-02  -1.0090E-02
  > E    =  -8.651666935622E+00 +/-   9.066519214958E-03
  > varE =   8.228068437505E+00
* Computing derivatives.
  Done. [total walltime: 0.54s]
* Optimizing manipulation constant:
  #igrid a___________ E____________________________________ varE____________
     1     Infinity    -8.65166694E+00 +/-   9.06651921E-03   8.22806844E+00
     2     1.0000E+06  -8.65166695E+00 +/-   9.06651914E-03   8.22806830E+00
     3     2.1544E+05  -8.65166700E+00 +/-   9.06651887E-03   8.22806781E+00
     4     4.6416E+04  -8.65166722E+00 +/-   9.06651762E-03   8.22806554E+00
     5     1.0000E+04  -8.65166827E+00 +/-   9.06651184E-03   8.22805505E+00
     6     2.1544E+03  -8.65167311E+00 +/-   9.06648551E-03   8.22800726E+00
     7     4.6416E+02  -8.65169465E+00 +/-   9.06637385E-03   8.22780460E+00
     8     1.0000E+02  -8.65177897E+00 +/-   9.06604343E-03   8.22720488E+00
     9     2.1544E+01  -8.65199311E+00 +/-   9.06645001E-03   8.22794282E+00
    10     4.6416E+00  -8.65223035E+00 +/-   9.07178020E-03   8.23762014E+00
    11     1.0000E+00  -8.65233556E+00 +/-   9.07779414E-03   8.24854566E+00
    12     2.1544E-01  -8.65236231E+00 +/-   9.07921558E-03   8.25112904E+00
    13     4.6416E-02  -8.65236868E+00 +/-   9.07928506E-03   8.25125532E+00
    14     1.0000E-02  -8.65237011E+00 +/-   9.07927306E-03   8.25123351E+00
    15     2.1544E-03  -8.65237042E+00 +/-   9.07926889E-03   8.25122594E+00
    16     4.6416E-04  -8.65237048E+00 +/-   9.07926792E-03   8.25122417E+00
    17     1.0000E-04  -8.65237050E+00 +/-   9.07926770E-03   8.25122378E+00
    18     2.1544E-05  -8.65237050E+00 +/-   9.07926766E-03   8.25122370E+00
    19     4.6416E-06  -8.65237050E+00 +/-   9.07926765E-03   8.25122368E+00
    20     1.0000E-06  -8.65237050E+00 +/-   9.07926765E-03   8.25122368E+00
    21     0.0000E+00  -8.65237050E+00 +/-   9.07926765E-03   8.25122367E+00
* Iteration # 1: E =  -8.652370500795E+00 +/-   9.079267645021E-03
* Diminishing returns: exiting.
* After optimization:
  -4.9519E+00   4.8931E-01   2.7963E-01   1.0096E-01   2.1443E-02   1.7255E-02
  -3.8801E-02  -5.8767E-02  -2.2393E-01  -2.5734E-01  -9.0529E-02  -1.3076E-01
  -1.5394E-02  -1.1351E-02
  > Energy =  -8.652370500795E+00 +/-   9.079267645021E-03
  > varE =   8.251223674685E+00

VMC #4:
* Size of Hilbert space =   2.3639E+09
* Number of equil. steps   = 1000
* Running VMC equilibration.
  Done. [total walltime: 0.02s]
* Equil. acc.ratio (%)     =  12.2537
* Sample config after equilibration:
  +-----------+
  |  u   d   d|
  |2   u   u  |
  |  0   2   2|
  |u   2   0  |
  |  0   d   d|
  |0   d   u  |
  +-----------+
* Number of accum. steps   = 500480 x 10
* Running VMC accumulation.
  Done. [total walltime: 0.86s]
* Acceptance ratio (%)     =  11.9554
* Etot/t                   =  -8.660351736780E+00 +/-   4.122575745760E-03
  > Ttot/t                 =  -1.829123408973E+01 +/-   1.485404673985E-02
  > Utot/t                 =   9.630882352941E+00 +/-   1.413266393520E-02
* var[Eloc/t]              =   8.326462576578E+00 +/-   3.646351360505E-02
* Correlation length       =   1.021559061163E+00
* log10 Psi^2 range: -12.035778532089195 -- 0.33439512719277326
* log10 Pgen range : -12.035778532089195 -- 0.33439512719277326
* Site occupation (ave. no. electrons per config.):
  > Site_  ___eu____  ___ed____
      1        0.502      0.498
      2        0.498      0.501
      3        0.500      0.500
      4        0.498      0.501
      5        0.500      0.501
      6        0.501      0.499
      7        0.499      0.502
      8        0.503      0.498
      9        0.497      0.501
     10        0.502      0.500
     11        0.500      0.501
     12        0.501      0.499
     13        0.502      0.498
     14        0.497      0.501
     15        0.500      0.498
     16        0.500      0.502
     17        0.501      0.499
     18        0.499      0.501
* Pair-correlation analysis (ave. no. pairs per config.):
  > Shell  nsite  ___dh____  __eueu___  __eued___
      0      1        0          0          1.205
      1     18        1.122      9.609     25.446
      2     18        0.412     23.693     12.201
      3     18        0.379     23.487     12.449
      4     18        0.388     12.051     23.871
      5     18        0.091      3.161      5.827

Optimization #4:
* Method          : lls
* Target function : energy
* No. of configs. : 100096
* No. of params.  : 14
* Before optimization:
  -4.9519E+00   4.8931E-01   2.7963E-01   1.0096E-01   2.1443E-02   1.7255E-02
  -3.8801E-02  -5.8767E-02  -2.2393E-01  -2.5734E-01  -9.0529E-02  -1.3076E-01
  -1.5394E-02  -1.1351E-02
  > E    =  -8.660041478609E+00 +/-   9.099209673002E-03
  > varE =   8.287510046526E+00
* Computing derivatives.
  Done. [total walltime: 0.54s]
* Optimizing manipulation constant:
  #igrid a___________ E____________________________________ varE____________
     1     Infinity    -8.66004148E+00 +/-   9.09920967E-03   8.28751005E+00
     2     1.0000E+06  -8.66004149E+00 +/-   9.09920982E-03   8.28751031E+00
     3     2.1544E+05  -8.66004152E+00 +/-   9.09921034E-03   8.28751126E+00
     4     4.6416E+04  -8.66004166E+00 +/-   9.09921278E-03   8.28751570E+00
     5     1.0000E+04  -8.66004232E+00 +/-   9.09922406E-03   8.28753626E+00
     6     2.1544E+03  -8.66004536E+00 +/-   9.09927623E-03   8.28763129E+00
     7     4.6416E+02  -8.66005881E+00 +/-   9.09951364E-03   8.28806376E+00
     8     1.0000E+02  -8.66010947E+00 +/-   9.10051929E-03   8.28989580E+00
     9     2.1544E+01  -8.66021919E+00 +/-   9.10367171E-03   8.29564004E+00
    10     4.6416E+00  -8.66029401E+00 +/-   9.10768091E-03   8.30294835E+00
    11     1.0000E+00  -8.66031620E+00 +/-   9.10731765E-03   8.30228603E+00
    12     2.1544E-01  -8.66032440E+00 +/-   9.10481719E-03   8.29772779E+00
    13     4.6416E-02  -8.66032543E+00 +/-   9.10364493E-03   8.29559122E+00
    14     1.0000E-02  -8.66032546E+00 +/-   9.10333456E-03   8.29502560E+00
    15     2.1544E-03  -8.66032545E+00 +/-   9.10326446E-03   8.29489784E+00
    16     4.6416E-04  -8.66032545E+00 +/-   9.10324919E-03   8.29487003E+00
    17     1.0000E-04  -8.66032545E+00 +/-   9.10324590E-03   8.29486402E+00
    18     2.1544E-05  -8.66032545E+00 +/-   9.10324519E-03   8.29486273E+00
    19     4.6416E-06  -8.66032545E+00 +/-   9.10324504E-03   8.29486245E+00
    20     1.0000E-06  -8.66032545E+00 +/-   9.10324500E-03   8.29486239E+00
    21     0.0000E+00  -8.66032545E+00 +/-   9.10324499E-03   8.29486237E+00
* Iteration # 1: E =  -8.660325448697E+00 +/-   9.103244993790E-03
* Diminishing returns: exiting.
* After optimization:
  -5.1541E+00   5.0463E-01   2.9788E-01   1.1334E-01   3.3302E-02   2.5064E-02
  -4.3050E-02  -6.1122E-02  -2.3651E-01  -2.6783E-01  -9.7901E-02  -1.3487E-01
  -1.9438E-02  -1.2731E-02
  > Energy =  -8.660325448697E+00 +/-   9.103244993790E-03
  > varE =   8.294862372361E+00

VMC #5:
* Size of Hilbert space =   2.3639E+09
* Number of equil. steps   = 1000
* Running VMC equilibration.
  Done. [total walltime: 0.02s]
* Equil. acc.ratio (%)     =  12.0083
* Sample config after equilibration:
  +-----------+
  |  2   d   d|
  |u   d   u  |
  |  d   u   u|
  |u   0   d  |
  |  d   d   d|
  |u   u   u  |
  +-----------+
* Number of accum. steps   = 500480 x 10
* Running VMC accumulation.
  Done. [total walltime: 0.86s]
* Acceptance ratio (%)     =  12.0194
* Etot/t                   =  -8.657199480036E+00 +/-   4.145041235888E-03
  > Ttot/t                 =  -1.834182224218E+01 +/-   1.510046990363E-02
  > Utot/t                 =   9.684622762148E+00 +/-   1.438073066203E-02
* var[Eloc/t]              =   8.393253092899E+00 +/-   6.560360497424E-02
* Correlation length       =   1.024505085754E+00
* log10 Psi^2 range: -11.641513539568718 -- -0.40620015870397236
* log10 Pgen range : -11.641513539568718 -- -0.40620015870397236
* Site occupation (ave. no. electrons per config.):
  > Site_  ___eu____  ___ed____
      1        0.501      0.500
      2        0.501      0.498
      3        0.500      0.500
      4        0.500      0.502
      5        0.499      0.500
      6        0.502      0.498
      7        0.499      0.501
      8        0.499      0.500
      9        0.501      0.499
     10        0.501      0.499
     11        0.498      0.501
     12        0.500      0.500
     13        0.502      0.499
     14        0.497      0.500
     15        0.499      0.501
     16        0.498      0.500
     17        0.503      0.500
     18        0.499      0.501
* Pair-correlation analysis (ave. no. pairs per config.):
  > Shell  nsite  ___dh____  __eueu___  __eued___
      0      1        0          0          1.211
      1     18        1.131      9.715     25.334
      2     18        0.420     23.553     12.335
      3     18        0.385     23.349     12.583
      4     18        0.391     12.182     23.746
      5     18        0.090      3.201      5.791

Optimization #5:
* Method          : lls
* Target function : energy
* No. of configs. : 100096
* No. of params.  : 14
* Before optimization:
  -5.1541E+00   5.0463E-01   2.9788E-01   1.1334E-01   3.3302E-02   2.5064E-02
  -4.3050E-02  -6.1122E-02  -2.3651E-01  -2.6783E-01  -9.7901E-02  -1.3487E-01
  -1.9438E-02  -1.2731E-02
  > E    =  -8.674521370905E+00 +/-   9.139755300034E-03
  > varE =   8.361532066636E+00
* Computing derivatives.
  Done. [total walltime: 0.54s]
* Optimizing manipulation constant:
  #igrid a___________ E____________________________________ varE____________
     1     Infinity    -8.67452137E+00 +/-   9.13975530E-03   8.36153207E+00
     2     1.0000E+06  -8.67452138E+00 +/-   9.13975509E-03   8.36153169E+00
     3     2.1544E+05  -8.67452141E+00 +/-   9.13975433E-03   8.36153030E+00
     4     4.6416E+04  -8.67452155E+00 +/-   9.13975082E-03   8.36152387E+00
     5     1.0000E+04  -8.67452219E+00 +/-   9.13973452E-03   8.36149404E+00
     6     2.1544E+03  -8.67452515E+00 +/-   9.13965917E-03   8.36135618E+00
     7     4.6416E+02  -8.67453843E+00 +/-   9.13931630E-03   8.36072884E+00
     8     1.0000E+02  -8.67459205E+00 +/-   9.13785707E-03   8.35805922E+00
     9     2.1544E+01  -8.67474706E+00 +/-   9.13299865E-03   8.34917395E+00
    10     4.6416E+00  -8.67502180E+00 +/-   9.12498898E-03   8.33453586E+00
    11     1.0000E+00  -8.67536632E+00 +/-   9.12509480E-03   8.33472918E+00
    12     2.1544E-01  -8.67556344E+00 +/-   9.13210068E-03   8.34753222E+00
    13     4.6416E-02  -8.67561050E+00 +/-   9.13566884E-03   8.35405672E+00
    14     1.0000E-02  -8.67561957E+00 +/-   9.13663240E-03   8.35581906E+00
    15     2.1544E-03  -8.67562143E+00 +/-   9.13685102E-03   8.35621894E+00
    16     4.6416E-04  -8.67562183E+00 +/-   9.13689866E-03   8.35630607E+00
    17     1.0000E-04  -8.67562191E+00 +/-   9.13690895E-03   8.35632489E+00
    18     2.1544E-05  -8.67562193E+00 +/-   9.13691117E-03   8.35632895E+00
    19     4.6416E-06  -8.67562194E+00 +/-   9.13691164E-03   8.35632982E+00
    20     1.0000E-06  -8.67562194E+00 +/-   9.13691175E-03   8.35633001E+00
    21     0.0000E+00  -8.67562194E+00 +/-   9.13691178E-03   8.35633006E+00
* Iteration # 1: E =  -8.675621937755E+00 +/-   9.136911775759E-03
* Diminishing returns: exiting.
* After optimization:
  -5.1098E+00   4.9562E-01   2.9490E-01   1.1235E-01   3.6543E-02   1.9523E-02
  -4.8268E-02  -5.3234E-02  -2.4057E-01  -2.6269E-01  -9.6551E-02  -1.3046E-01
  -2.5236E-02  -1.2023E-02
  > Energy =  -8.675621937755E+00 +/-   9.136911775759E-03
  > varE =   8.356330062854E+00

VMC #6:
* Size of Hilbert space =   2.3639E+09
* Number of equil. steps   = 1000
* Running VMC equilibration.
  Done. [total walltime: 0.02s]
* Equil. acc.ratio (%)     =  11.8525
* Sample config after equilibration:
  +-----------+
  |  d   d   d|
  |u   u   u  |
  |  d   d   d|
  |u   u   u  |
  |  d   u   d|
  |u   d   u  |
  +-----------+
* Number of accum. steps   = 500480 x 10
* Running VMC accumulation.
  Done. [total walltime: 0.86s]
* Acceptance ratio (%)     =  11.9530
* Etot/t                   =  -8.661461111805E+00 +/-   4.127123268772E-03
  > Ttot/t                 =  -1.831174883559E+01 +/-   1.559818690931E-02
  > Utot/t                 =   9.650287723785E+00 +/-   1.478074319287E-02
* var[Eloc/t]              =   8.426099322592E+00 +/-   5.889626780835E-02
* Correlation length       =   1.011707650451E+00
* log10 Psi^2 range: -12.080861102776218 -- -0.22205519826082434
* log10 Pgen range : -12.080861102776218 -- -0.22205519826082434
* Site occupation (ave. no. electrons per config.):
  > Site_  ___eu____  ___ed____
      1        0.499      0.498
      2        0.500      0.501
      3        0.499      0.501
      4        0.500      0.500
      5        0.501      0.499
      6        0.498      0.502
      7        0.499      0.501
      8        0.500      0.500
      9        0.498      0.500
     10        0.501      0.500
     11        0.498      0.502
     12        0.504      0.499
     13        0.502      0.499
     14        0.499      0.501
     15        0.501      0.499
     16        0.501      0.501
     17        0.502      0.497
     18        0.500      0.500
* Pair-correlation analysis (ave. no. pairs per config.):
  > Shell  nsite  ___dh____  __eueu___  __eued___
      0      1        0          0          1.207
      1     18        1.124      9.483     25.574
      2     18        0.416     23.849     12.041
      3     18        0.387     23.652     12.276
      4     18        0.392     11.888     24.039
      5     18        0.090      3.128      5.863

Optimization #6:
* Method          : lls
* Target function : energy
* No. of configs. : 100096
* No. of params.  : 14
* Before optimization:
  -5.1098E+00   4.9562E-01   2.9490E-01   1.1235E-01   3.6543E-02   1.9523E-02
  -4.8268E-02  -5.3234E-02  -2.4057E-01  -2.6269E-01  -9.6551E-02  -1.3046E-01
  -2.5236E-02  -1.2023E-02
  > E    =  -8.663688787066E+00 +/-   9.179650105881E-03
  > varE =   8.434687140343E+00
* Computing derivatives.
  Done. [total walltime: 0.54s]
* Optimizing manipulation constant:
  #igrid a___________ E____________________________________ varE____________
     1     Infinity    -8.66368879E+00 +/-   9.17965011E-03   8.43468714E+00
     2     1.0000E+06  -8.66368879E+00 +/-   9.17965015E-03   8.43468723E+00
     3     2.1544E+05  -8.66368880E+00 +/-   9.17965032E-03   8.43468754E+00
     4     4.6416E+04  -8.66368887E+00 +/-   9.17965112E-03   8.43468900E+00
     5     1.0000E+04  -8.66368916E+00 +/-   9.17965479E-03   8.43469575E+00
     6     2.1544E+03  -8.66369049E+00 +/-   9.17967170E-03   8.43472682E+00
     7     4.6416E+02  -8.66369632E+00 +/-   9.17974704E-03   8.43486528E+00
     8     1.0000E+02  -8.66371767E+00 +/-   9.18003626E-03   8.43539679E+00
     9     2.1544E+01  -8.66375808E+00 +/-   9.18056424E-03   8.43636712E+00
    10     4.6416E+00  -8.66376604E+00 +/-   9.17959184E-03   8.43458007E+00
    11     1.0000E+00  -8.66374199E+00 +/-   9.17716595E-03   8.43012264E+00
    12     2.1544E-01  -8.66372609E+00 +/-   9.17580400E-03   8.42762065E+00
    13     4.6416E-02  -8.66372108E+00 +/-   9.17538161E-03   8.42684478E+00
    14     1.0000E-02  -8.66371988E+00 +/-   9.17528043E-03   8.42665893E+00
    15     2.1544E-03  -8.66371962E+00 +/-   9.17525808E-03   8.42661787E+00
    16     4.6416E-04  -8.66371956E+00 +/-   9.17525323E-03   8.42660898E+00
    17     1.0000E-04  -8.66371955E+00 +/-   9.17525219E-03   8.42660706E+00
    18     2.1544E-05  -8.66371955E+00 +/-   9.17525197E-03   8.42660665E+00
    19     4.6416E-06  -8.66371955E+00 +/-   9.17525192E-03   8.42660656E+00
    20     1.0000E-06  -8.66371955E+00 +/-   9.17525191E-03   8.42660654E+00
    21     0.0000E+00  -8.66371955E+00 +/-   9.17525190E-03   8.42660653E+00
  ParMin   5.4661E+00  -8.66376762E+00 +/-   9.17982000E-03   8.43499936E+00
  # Using parabolic minimum
* Iteration # 1: E =  -8.663767622314E+00 +/-   9.179820002922E-03
* Diminishing returns: exiting.
* After optimization:
  -5.0335E+00   4.9089E-01   2.8782E-01   1.1019E-01   3.1108E-02   1.6997E-02
  -4.4348E-02  -5.1491E-02  -2.3502E-01  -2.5903E-01  -9.5797E-02  -1.3113E-01
  -2.2833E-02  -1.1253E-02
  > Energy =  -8.663767622314E+00 +/-   9.179820002922E-03
  > varE =   8.434999361751E+00

VMC #7:
* Size of Hilbert space =   2.3639E+09
* Number of equil. steps   = 1000
* Running VMC equilibration.
  Done. [total walltime: 0.02s]
* Equil. acc.ratio (%)     =  12.2316
* Sample config after equilibration:
  +-----------+
  |  u   u   u|
  |u   2   d  |
  |  0   0   d|
  |d   d   u  |
  |  d   d   d|
  |u   u   2  |
  +-----------+
* Number of accum. steps   = 500480 x 10
* Running VMC accumulation.
  Done. [total walltime: 0.86s]
* Acceptance ratio (%)     =  11.9841
* Etot/t                   =  -8.663936470365E+00 +/-   4.124886174999E-03
  > Ttot/t                 =  -1.833994350359E+01 +/-   1.543236506368E-02
  > Utot/t                 =   9.676007033248E+00 +/-   1.459497022053E-02
* var[Eloc/t]              =   8.407857090055E+00 +/-   4.940238636286E-02
* Correlation length       =   1.012803849590E+00
* log10 Psi^2 range: -12.235865238768113 -- 0.53599185286957923E-001
* log10 Pgen range : -12.235865238768113 -- 0.53599185286957923E-001
* Site occupation (ave. no. electrons per config.):
  > Site_  ___eu____  ___ed____
      1        0.500      0.500
      2        0.502      0.499
      3        0.499      0.500
      4        0.502      0.498
      5        0.498      0.501
      6        0.501      0.500
      7        0.503      0.498
      8        0.497      0.503
      9        0.499      0.501
     10        0.501      0.501
     11        0.502      0.497
     12        0.497      0.502
     13        0.498      0.502
     14        0.502      0.499
     15        0.500      0.499
     16        0.499      0.499
     17        0.498      0.501
     18        0.500      0.500
* Pair-correlation analysis (ave. no. pairs per config.):
  > Shell  nsite  ___dh____  __eueu___  __eued___
      0      1        0          0          1.215
      1     18        1.132      9.473     25.578
      2     18        0.421     23.860     12.029
      3     18        0.389     23.671     12.261
      4     18        0.397     11.878     24.044
      5     18        0.091      3.118      5.872

Optimization #7:
* Method          : lls
* Target function : energy
* No. of configs. : 100096
* No. of params.  : 14
* Before optimization:
  -5.0335E+00   4.9089E-01   2.8782E-01   1.1019E-01   3.1108E-02   1.6997E-02
  -4.4348E-02  -5.1491E-02  -2.3502E-01  -2.5903E-01  -9.5797E-02  -1.3113E-01
  -2.2833E-02  -1.1253E-02
  > E    =  -8.680485396938E+00 +/-   9.262331622754E-03
  > varE =   8.587314624548E+00
* Computing derivatives.
  Done. [total walltime: 0.55s]
* Optimizing manipulation constant:
  #igrid a___________ E____________________________________ varE____________
     1     Infinity    -8.68048540E+00 +/-   9.26233162E-03   8.58731462E+00
     2     1.0000E+06  -8.68048540E+00 +/-   9.26233129E-03   8.58731401E+00
     3     2.1544E+05  -8.68048540E+00 +/-   9.26233010E-03   8.58731179E+00
     4     4.6416E+04  -8.68048539E+00 +/-   9.26232454E-03   8.58730149E+00
     5     1.0000E+04  -8.68048537E+00 +/-   9.26229876E-03   8.58725370E+00
     6     2.1544E+03  -8.68048528E+00 +/-   9.26217962E-03   8.58703278E+00
     7     4.6416E+02  -8.68048473E+00 +/-   9.26163701E-03   8.58602669E+00
     8     1.0000E+02  -8.68048020E+00 +/-   9.25931602E-03   8.58172387E+00
     9     2.1544E+01  -8.68044481E+00 +/-   9.25128698E-03   8.56684736E+00
    10     4.6416E+00  -8.68032204E+00 +/-   9.23420551E-03   8.53524111E+00
    11     1.0000E+00  -8.68018833E+00 +/-   9.21683146E-03   8.50315342E+00
    12     2.1544E-01  -8.68013366E+00 +/-   9.20789217E-03   8.48666722E+00
    13     4.6416E-02  -8.68011865E+00 +/-   9.20506555E-03   8.48145756E+00
    14     1.0000E-02  -8.68011511E+00 +/-   9.20438232E-03   8.48019856E+00
    15     2.1544E-03  -8.68011433E+00 +/-   9.20423105E-03   8.47991984E+00
    16     4.6416E-04  -8.68011416E+00 +/-   9.20419826E-03   8.47985942E+00
    17     1.0000E-04  -8.68011413E+00 +/-   9.20419119E-03   8.47984639E+00
    18     2.1544E-05  -8.68011412E+00 +/-   9.20418967E-03   8.47984358E+00
    19     4.6416E-06  -8.68011412E+00 +/-   9.20418934E-03   8.47984298E+00
    20     1.0000E-06  -8.68011412E+00 +/-   9.20418927E-03   8.47984285E+00
    21     0.0000E+00  -8.68011412E+00 +/-   9.20418925E-03   8.47984281E+00
  ParMin   1.6412E+02  -8.68048280E+00 +/-   9.26043398E-03   8.58379630E+00
  # Using grid point #8
* Iteration # 1: E =  -8.680480201974E+00 +/-   9.259316020604E-03
* Convergence: exiting.
* After optimization:
  -5.0330E+00   4.9080E-01   2.8782E-01   1.1002E-01   3.1286E-02   1.7321E-02
  -4.4629E-02  -5.1701E-02  -2.3458E-01  -2.5849E-01  -9.5845E-02  -1.3118E-01
  -2.3038E-02  -1.1412E-02
  > Energy =  -8.680480201974E+00 +/-   9.259316020604E-03
  > varE =   8.581723870526E+00

VMC #8:
* Size of Hilbert space =   2.3639E+09
* Number of equil. steps   = 1000
* Running VMC equilibration.
  Done. [total walltime: 0.02s]
* Equil. acc.ratio (%)     =  12.1504
* Sample config after equilibration:
  +-----------+
  |  u   u   u|
  |d   d   0  |
  |  2   u   u|
  |d   d   d  |
  |  u   u   u|
  |d   d   d  |
  +-----------+
* Number of accum. steps   = 500480 x 10
* Running VMC accumulation.
  Done. [total walltime: 0.86s]
* Acceptance ratio (%)     =  11.9911
* Etot/t                   =  -8.663733934743E+00 +/-   3.986905864109E-03
  > Ttot/t                 =  -1.831801782219E+01 +/-   1.524707719689E-02
  > Utot/t                 =   9.654283887468E+00 +/-   1.469083967813E-02
* var[Eloc/t]              =   8.374593869263E+00 +/-   4.519775717170E-02
* Correlation length       =   9.499372876637E-01
* log10 Psi^2 range: -11.899379848505957 -- 0.54355366844697751E-001
* log10 Pgen range : -11.899379848505957 -- 0.54355366844697751E-001
* Site occupation (ave. no. electrons per config.):
  > Site_  ___eu____  ___ed____
      1        0.505      0.495
      2        0.497      0.503
      3        0.505      0.494
      4        0.496      0.502
      5        0.504      0.497
      6        0.497      0.504
      7        0.496      0.504
      8        0.502      0.499
      9        0.498      0.502
     10        0.504      0.497
     11        0.494      0.504
     12        0.504      0.497
     13        0.503      0.497
     14        0.496      0.502
     15        0.503      0.496
     16        0.497      0.504
     17        0.503      0.498
     18        0.496      0.504
* Pair-correlation analysis (ave. no. pairs per config.):
  > Shell  nsite  ___dh____  __eueu___  __eued___
      0      1        0          0          1.206
      1     18        1.124      9.479     25.576
      2     18        0.414     23.853     12.040
      3     18        0.387     23.652     12.276
      4     18        0.392     11.889     24.037
      5     18        0.089      3.127      5.865

Optimization #8:
* Method          : lls
* Target function : energy
* No. of configs. : 100096
* No. of params.  : 14
* Before optimization:
  -5.0330E+00   4.9080E-01   2.8782E-01   1.1002E-01   3.1286E-02   1.7321E-02
  -4.4629E-02  -5.1701E-02  -2.3458E-01  -2.5849E-01  -9.5845E-02  -1.3118E-01
  -2.3038E-02  -1.1412E-02
  > E    =  -8.655977001202E+00 +/-   9.133464461745E-03
  > varE =   8.350025644011E+00
* Computing derivatives.
  Done. [total walltime: 0.54s]
* Optimizing manipulation constant:
  #igrid a___________ E____________________________________ varE____________
     1     Infinity    -8.65597700E+00 +/-   9.13346446E-03   8.35002564E+00
     2     1.0000E+06  -8.65597700E+00 +/-   9.13346439E-03   8.35002550E+00
     3     2.1544E+05  -8.65597701E+00 +/-   9.13346411E-03   8.35002500E+00
     4     4.6416E+04  -8.65597704E+00 +/-   9.13346282E-03   8.35002263E+00
     5     1.0000E+04  -8.65597719E+00 +/-   9.13345684E-03   8.35001170E+00
     6     2.1544E+03  -8.65597789E+00 +/-   9.13342937E-03   8.34996147E+00
     7     4.6416E+02  -8.65598096E+00 +/-   9.13330782E-03   8.34973924E+00
     8     1.0000E+02  -8.65599268E+00 +/-   9.13284987E-03   8.34890193E+00
     9     2.1544E+01  -8.65602163E+00 +/-   9.13184395E-03   8.34706288E+00
    10     4.6416E+00  -8.65607661E+00 +/-   9.13024671E-03   8.34414318E+00
    11     1.0000E+00  -8.65617053E+00 +/-   9.12404166E-03   8.33280544E+00
    12     2.1544E-01  -8.65620462E+00 +/-   9.11629042E-03   8.31865335E+00
    13     4.6416E-02  -8.65619976E+00 +/-   9.11297336E-03   8.31260080E+00
    14     1.0000E-02  -8.65619671E+00 +/-   9.11210896E-03   8.31102389E+00
    15     2.1544E-03  -8.65619593E+00 +/-   9.11191434E-03   8.31066889E+00
    16     4.6416E-04  -8.65619575E+00 +/-   9.11187201E-03   8.31059166E+00
    17     1.0000E-04  -8.65619571E+00 +/-   9.11186287E-03   8.31057499E+00
    18     2.1544E-05  -8.65619570E+00 +/-   9.11186090E-03   8.31057140E+00
    19     4.6416E-06  -8.65619570E+00 +/-   9.11186047E-03   8.31057062E+00
    20     1.0000E-06  -8.65619570E+00 +/-   9.11186038E-03   8.31057046E+00
    21     0.0000E+00  -8.65619570E+00 +/-   9.11186036E-03   8.31057041E+00
  ParMin   2.4428E-02  -8.65619803E+00 +/-   9.11245893E-03   8.31166232E+00
  # Using grid point #13
* Iteration # 1: E =  -8.656199758638E+00 +/-   9.112973363986E-03
* Diminishing returns: exiting.
* After optimization:
  -5.1465E+00   5.0267E-01   2.9420E-01   1.1427E-01   3.7139E-02   2.0153E-02
  -4.8427E-02  -6.0320E-02  -2.3534E-01  -2.6145E-01  -9.7946E-02  -1.3270E-01
  -2.4631E-02  -1.4065E-02
  > Energy =  -8.656199758638E+00 +/-   9.112973363986E-03
  > varE =   8.312600796491E+00

VMC #9:
* Size of Hilbert space =   2.3639E+09
* Number of equil. steps   = 1000
* Running VMC equilibration.
  Done. [total walltime: 0.02s]
* Equil. acc.ratio (%)     =  12.2754
* Sample config after equilibration:
  +-----------+
  |  u   u   d|
  |d   d   d  |
  |  u   u   u|
  |d   d   d  |
  |  u   u   u|
  |u   d   d  |
  +-----------+
* Number of accum. steps   = 500480 x 10
* Running VMC accumulation.
  Done. [total walltime: 0.86s]
* Acceptance ratio (%)     =  12.0579
* Etot/t                   =  -8.663068380905E+00 +/-   4.151041699105E-03
  > Ttot/t                 =  -1.837051723001E+01 +/-   1.522852296687E-02
  > Utot/t                 =   9.707448849105E+00 +/-   1.462753704867E-02
* var[Eloc/t]              =   8.435591349061E+00 +/-   3.195685501976E-02
* Correlation length       =   1.022316538065E+00
* log10 Psi^2 range: -12.671038400582901 -- -0.38748659537344476
* log10 Pgen range : -12.671038400582901 -- -0.38748659537344476
* Site occupation (ave. no. electrons per config.):
  > Site_  ___eu____  ___ed____
      1        0.501      0.498
      2        0.500      0.501
      3        0.500      0.501
      4        0.499      0.501
      5        0.500      0.501
      6        0.499      0.501
      7        0.499      0.503
      8        0.500      0.499
      9        0.501      0.500
     10        0.499      0.502
     11        0.500      0.499
     12        0.501      0.498
     13        0.501      0.498
     14        0.498      0.498
     15        0.500      0.500
     16        0.501      0.500
     17        0.500      0.500
     18        0.501      0.500
* Pair-correlation analysis (ave. no. pairs per config.):
  > Shell  nsite  ___dh____  __eueu___  __eued___
      0      1        0          0          1.213
      1     18        1.134      9.643     25.403
      2     18        0.416     23.649     12.247
      3     18        0.386     23.435     12.499
      4     18        0.394     12.090     23.831
      5     18        0.092      3.182      5.807

Optimization #9:
* Method          : lls
* Target function : energy
* No. of configs. : 100096
* No. of params.  : 14
* Before optimization:
  -5.1465E+00   5.0267E-01   2.9420E-01   1.1427E-01   3.7139E-02   2.0153E-02
  -4.8427E-02  -6.0320E-02  -2.3534E-01  -2.6145E-01  -9.7946E-02  -1.3270E-01
  -2.4631E-02  -1.4065E-02
  > E    =  -8.659677197053E+00 +/-   9.181816483258E-03
  > varE =   8.438668745601E+00
* Computing derivatives.
  Done. [total walltime: 0.53s]
* Optimizing manipulation constant:
  #igrid a___________ E____________________________________ varE____________
     1     Infinity    -8.65967720E+00 +/-   9.18181648E-03   8.43866875E+00
     2     1.0000E+06  -8.65967721E+00 +/-   9.18181650E-03   8.43866878E+00
     3     2.1544E+05  -8.65967724E+00 +/-   9.18181656E-03   8.43866888E+00
     4     4.6416E+04  -8.65967738E+00 +/-   9.18181683E-03   8.43866938E+00
     5     1.0000E+04  -8.65967806E+00 +/-   9.18181810E-03   8.43867171E+00
     6     2.1544E+03  -8.65968115E+00 +/-   9.18182418E-03   8.43868290E+00
     7     4.6416E+02  -8.65969501E+00 +/-   9.18185649E-03   8.43874228E+00
     8     1.0000E+02  -8.65974993E+00 +/-   9.18207702E-03   8.43914766E+00
     9     2.1544E+01  -8.65989980E+00 +/-   9.18376002E-03   8.44224159E+00
    10     4.6416E+00  -8.66014814E+00 +/-   9.19132411E-03   8.45615402E+00
    11     1.0000E+00  -8.66046842E+00 +/-   9.20653784E-03   8.48417090E+00
    12     2.1544E-01  -8.66065465E+00 +/-   9.21992914E-03   8.50887001E+00
    13     4.6416E-02  -8.66069896E+00 +/-   9.22523557E-03   8.51866721E+00
    14     1.0000E-02  -8.66070746E+00 +/-   9.22659860E-03   8.52118467E+00
    15     2.1544E-03  -8.66070921E+00 +/-   9.22690459E-03   8.52174987E+00
    16     4.6416E-04  -8.66070958E+00 +/-   9.22697111E-03   8.52187275E+00
    17     1.0000E-04  -8.66070966E+00 +/-   9.22698547E-03   8.52189927E+00
    18     2.1544E-05  -8.66070968E+00 +/-   9.22698857E-03   8.52190499E+00
    19     4.6416E-06  -8.66070968E+00 +/-   9.22698924E-03   8.52190622E+00
    20     1.0000E-06  -8.66070968E+00 +/-   9.22698938E-03   8.52190648E+00
    21     0.0000E+00  -8.66070968E+00 +/-   9.22698942E-03   8.52190656E+00
* Iteration # 1: E =  -8.660709682933E+00 +/-   9.226989418770E-03
* Diminishing returns: exiting.
* After optimization:
  -5.2602E+00   5.0871E-01   3.0610E-01   1.1525E-01   4.1643E-02   2.1701E-02
  -5.6226E-02  -5.9441E-02  -2.4544E-01  -2.6606E-01  -1.0133E-01  -1.3665E-01
  -2.6513E-02  -1.3975E-02
  > Energy =  -8.660709682933E+00 +/-   9.226989418770E-03
  > varE =   8.521906557447E+00

VMC #10:
* Size of Hilbert space =   2.3639E+09
* Number of equil. steps   = 1000
* Running VMC equilibration.
  Done. [total walltime: 0.02s]
* Equil. acc.ratio (%)     =  12.0110
* Sample config after equilibration:
  +-----------+
  |  u   d   u|
  |u   u   d  |
  |  d   d   d|
  |u   u   d  |
  |  d   d   u|
  |d   u   u  |
  +-----------+
* Number of accum. steps   = 500480 x 10
* Running VMC accumulation.
  Done. [total walltime: 0.86s]
* Acceptance ratio (%)     =  11.8680
* Etot/t                   =  -8.656017115904E+00 +/-   4.109190455032E-03
  > Ttot/t                 =  -1.825697619518E+01 +/-   1.519177785305E-02
  > Utot/t                 =   9.600959079284E+00 +/-   1.458226927441E-02
* var[Eloc/t]              =   8.385657485402E+00 +/-   5.810296310486E-02
* Correlation length       =   1.007771677623E+00
* log10 Psi^2 range: -12.516098325815104 -- -0.77916993282627622
* log10 Pgen range : -12.516098325815104 -- -0.77916993282627622
* Site occupation (ave. no. electrons per config.):
  > Site_  ___eu____  ___ed____
      1        0.501      0.499
      2        0.500      0.500
      3        0.503      0.498
      4        0.499      0.502
      5        0.500      0.498
      6        0.498      0.502
      7        0.497      0.502
      8        0.501      0.498
      9        0.498      0.500
     10        0.501      0.498
     11        0.500      0.499
     12        0.503      0.498
     13        0.500      0.500
     14        0.501      0.500
     15        0.502      0.499
     16        0.497      0.502
     17        0.501      0.501
     18        0.499      0.502
* Pair-correlation analysis (ave. no. pairs per config.):
  > Shell  nsite  ___dh____  __eueu___  __eued___
      0      1        0          0          1.198
      1     18        1.116      9.410     25.648
      2     18        0.410     23.936     11.957
      3     18        0.375     23.731     12.205
      4     18        0.388     11.815     24.107
      5     18        0.087      3.107      5.885

Optimization #10:
* Method          : lls
* Target function : energy
* No. of configs. : 100096
* No. of params.  : 14
* Before optimization:
  -5.2602E+00   5.0871E-01   3.0610E-01   1.1525E-01   4.1643E-02   2.1701E-02
  -5.6226E-02  -5.9441E-02  -2.4544E-01  -2.6606E-01  -1.0133E-01  -1.3665E-01
  -2.6513E-02  -1.3975E-02
  > E    =  -8.649044685106E+00 +/-   9.114096085076E-03
  > varE =   8.314649152555E+00
* Computing derivatives.
  Done. [total walltime: 0.52s]
* Optimizing manipulation constant:
  #igrid a___________ E____________________________________ varE____________
     1     Infinity    -8.64904469E+00 +/-   9.11409609E-03   8.31464915E+00
     2     1.0000E+06  -8.64904469E+00 +/-   9.11409604E-03   8.31464907E+00
     3     2.1544E+05  -8.64904471E+00 +/-   9.11409588E-03   8.31464877E+00
     4     4.6416E+04  -8.64904482E+00 +/-   9.11409512E-03   8.31464739E+00
     5     1.0000E+04  -8.64904530E+00 +/-   9.11409160E-03   8.31464097E+00
     6     2.1544E+03  -8.64904752E+00 +/-   9.11407526E-03   8.31461116E+00
     7     4.6416E+02  -8.64905740E+00 +/-   9.11399917E-03   8.31447233E+00
     8     1.0000E+02  -8.64909555E+00 +/-   9.11364241E-03   8.31382142E+00
     9     2.1544E+01  -8.64918858E+00 +/-   9.11201845E-03   8.31085879E+00
    10     4.6416E+00  -8.64929813E+00 +/-   9.10651693E-03   8.30082621E+00
    11     1.0000E+00  -8.64939649E+00 +/-   9.09624916E-03   8.28211809E+00
    12     2.1544E-01  -8.64943380E+00 +/-   9.08734983E-03   8.26592037E+00
    13     4.6416E-02  -8.64943420E+00 +/-   9.08385396E-03   8.25956184E+00
    14     1.0000E-02  -8.64943290E+00 +/-   9.08295920E-03   8.25793479E+00
    15     2.1544E-03  -8.64943253E+00 +/-   9.08275852E-03   8.25756990E+00
    16     4.6416E-04  -8.64943244E+00 +/-   9.08271490E-03   8.25749059E+00
    17     1.0000E-04  -8.64943243E+00 +/-   9.08270549E-03   8.25747347E+00
    18     2.1544E-05  -8.64943242E+00 +/-   9.08270346E-03   8.25746978E+00
    19     4.6416E-06  -8.64943242E+00 +/-   9.08270302E-03   8.25746898E+00
    20     1.0000E-06  -8.64943242E+00 +/-   9.08270293E-03   8.25746881E+00
    21     0.0000E+00  -8.64943242E+00 +/-   9.08270290E-03   8.25746877E+00
* Iteration # 1: E =  -8.649432420695E+00 +/-   9.082702900574E-03
* Diminishing returns: exiting.
* After optimization:
  -4.9674E+00   4.8788E-01   2.8431E-01   1.0369E-01   2.4071E-02   1.9376E-02
  -3.9581E-02  -5.4958E-02  -2.2877E-01  -2.6004E-01  -9.0727E-02  -1.2828E-01
  -1.8085E-02  -1.1889E-02
  > Energy =  -8.649432420695E+00 +/-   9.082702900574E-03
  > varE =   8.257468765239E+00

VMC #11:
* Size of Hilbert space =   2.3639E+09
* Number of equil. steps   = 1000
* Running VMC equilibration.
  Done. [total walltime: 0.02s]
* Equil. acc.ratio (%)     =  12.2016
* Sample config after equilibration:
  +-----------+
  |  u   u   u|
  |d   d   d  |
  |  u   u   u|
  |d   d   d  |
  |  u   u   u|
  |d   d   d  |
  +-----------+
* Number of accum. steps   = 500480 x 10
* Running VMC accumulation.
  Done. [total walltime: 0.86s]
* Acceptance ratio (%)     =  12.0246
* Etot/t                   =  -8.659105161590E+00 +/-   4.076454311864E-03
  > Ttot/t                 =  -1.833584748896E+01 +/-   1.557655640547E-02
  > Utot/t                 =   9.676742327366E+00 +/-   1.486985316284E-02
* var[Eloc/t]              =   8.387934475197E+00 +/-   5.490413448134E-02
* Correlation length       =   9.915094464831E-01
* log10 Psi^2 range: -11.835919883637089 -- 0.27922789433488582
* log10 Pgen range : -11.835919883637089 -- 0.27922789433488582
* Site occupation (ave. no. electrons per config.):
  > Site_  ___eu____  ___ed____
      1        0.504      0.496
      2        0.499      0.500
      3        0.502      0.500
      4        0.498      0.501
      5        0.502      0.499
      6        0.497      0.503
      7        0.498      0.501
      8        0.501      0.498
      9        0.498      0.502
     10        0.501      0.500
     11        0.496      0.504
     12        0.502      0.497
     13        0.503      0.499
     14        0.499      0.501
     15        0.504      0.495
     16        0.497      0.502
     17        0.500      0.500
     18        0.500      0.501
* Pair-correlation analysis (ave. no. pairs per config.):
  > Shell  nsite  ___dh____  __eueu___  __eued___
      0      1        0          0          1.208
      1     18        1.125      9.577     25.477
      2     18        0.416     23.738     12.151
      3     18        0.382     23.518     12.416
      4     18        0.391     12.006     23.917
      5     18        0.089      3.160      5.831

Optimization #11:
* Method          : lls
* Target function : energy
* No. of configs. : 100096
* No. of params.  : 14
* Before optimization:
  -4.9674E+00   4.8788E-01   2.8431E-01   1.0369E-01   2.4071E-02   1.9376E-02
  -3.9581E-02  -5.4958E-02  -2.2877E-01  -2.6004E-01  -9.0727E-02  -1.2828E-01
  -1.8085E-02  -1.1889E-02
  > E    =  -8.660829619949E+00 +/-   9.139229700316E-03
  > varE =   8.360570401386E+00
* Computing derivatives.
  Done. [total walltime: 0.54s]
* Optimizing manipulation constant:
  #igrid a___________ E____________________________________ varE____________
     1     Infinity    -8.66082962E+00 +/-   9.13922970E-03   8.36057040E+00
     2     1.0000E+06  -8.66082963E+00 +/-   9.13922966E-03   8.36057033E+00
     3     2.1544E+05  -8.66082964E+00 +/-   9.13922951E-03   8.36057006E+00
     4     4.6416E+04  -8.66082973E+00 +/-   9.13922882E-03   8.36056880E+00
     5     1.0000E+04  -8.66083014E+00 +/-   9.13922564E-03   8.36056298E+00
     6     2.1544E+03  -8.66083200E+00 +/-   9.13921101E-03   8.36053621E+00
     7     4.6416E+02  -8.66084020E+00 +/-   9.13914587E-03   8.36041702E+00
     8     1.0000E+02  -8.66087066E+00 +/-   9.13889099E-03   8.35995072E+00
     9     2.1544E+01  -8.66093350E+00 +/-   9.13816577E-03   8.35862394E+00
    10     4.6416E+00  -8.66097283E+00 +/-   9.13666594E-03   8.35588039E+00
    11     1.0000E+00  -8.66098416E+00 +/-   9.13542211E-03   8.35360548E+00
    12     2.1544E-01  -8.66098810E+00 +/-   9.13535752E-03   8.35348736E+00
    13     4.6416E-02  -8.66098909E+00 +/-   9.13546468E-03   8.35368334E+00
    14     1.0000E-02  -8.66098931E+00 +/-   9.13550028E-03   8.35374844E+00
    15     2.1544E-03  -8.66098936E+00 +/-   9.13550867E-03   8.35376379E+00
    16     4.6416E-04  -8.66098937E+00 +/-   9.13551051E-03   8.35376715E+00
    17     1.0000E-04  -8.66098937E+00 +/-   9.13551091E-03   8.35376788E+00
    18     2.1544E-05  -8.66098937E+00 +/-   9.13551100E-03   8.35376804E+00
    19     4.6416E-06  -8.66098937E+00 +/-   9.13551101E-03   8.35376807E+00
    20     1.0000E-06  -8.66098937E+00 +/-   9.13551102E-03   8.35376808E+00
    21     0.0000E+00  -8.66098937E+00 +/-   9.13551102E-03   8.35376808E+00
* Iteration # 1: E =  -8.660989370062E+00 +/-   9.135511019293E-03
* Diminishing returns: exiting.
* After optimization:
  -5.0659E+00   4.9183E-01   2.9244E-01   1.1126E-01   3.5553E-02   2.1468E-02
  -4.0133E-02  -5.2889E-02  -2.3263E-01  -2.6095E-01  -9.6954E-02  -1.3482E-01
  -2.2329E-02  -1.5238E-02
  > Energy =  -8.660989370062E+00 +/-   9.135511019293E-03
  > varE =   8.353768084275E+00

VMC #12:
* Size of Hilbert space =   2.3639E+09
* Number of equil. steps   = 1000
* Running VMC equilibration.
  Done. [total walltime: 0.02s]
* Equil. acc.ratio (%)     =  12.0523
* Sample config after equilibration:
  +-----------+
  |  d   d   u|
  |u   u   u  |
  |  d   d   d|
  |u   u   u  |
  |  d   0   d|
  |u   2   d  |
  +-----------+
* Number of accum. steps   = 500480 x 10
* Running VMC accumulation.
  Done. [total walltime: 0.86s]
* Acceptance ratio (%)     =  12.0581
* Etot/t                   =  -8.661595039634E+00 +/-   4.102199194383E-03
  > Ttot/t                 =  -1.836575104986E+01 +/-   1.523279513569E-02
  > Utot/t                 =   9.704156010230E+00 +/-   1.450696963762E-02
* var[Eloc/t]              =   8.336847287540E+00 +/-   2.604147330686E-02
* Correlation length       =   1.010225602445E+00
* log10 Psi^2 range: -11.331788332098389 -- -0.76216390762417222E-001
* log10 Pgen range : -11.331788332098389 -- -0.76216390762417222E-001
* Site occupation (ave. no. electrons per config.):
  > Site_  ___eu____  ___ed____
      1        0.500      0.499
      2        0.498      0.500
      3        0.500      0.500
      4        0.503      0.499
      5        0.498      0.501
      6        0.502      0.498
      7        0.500      0.500
      8        0.500      0.500
      9        0.501      0.498
     10        0.499      0.501
     11        0.503      0.500
     12        0.500      0.501
     13        0.498      0.502
     14        0.502      0.497
     15        0.498      0.502
     16        0.499      0.499
     17        0.500      0.501
     18        0.499      0.501
* Pair-correlation analysis (ave. no. pairs per config.):
  > Shell  nsite  ___dh____  __eueu___  __eued___
      0      1        0          0          1.213
      1     18        1.133      9.594     25.455
      2     18        0.417     23.703     12.191
      3     18        0.383     23.501     12.437
      4     18        0.399     12.039     23.877
      5     18        0.090      3.164      5.827

Optimization #12:
* Method          : lls
* Target function : energy
* No. of configs. : 100096
* No. of params.  : 14
* Before optimization:
  -5.0659E+00   4.9183E-01   2.9244E-01   1.1126E-01   3.5553E-02   2.1468E-02
  -4.0133E-02  -5.2889E-02  -2.3263E-01  -2.6095E-01  -9.6954E-02  -1.3482E-01
  -2.2329E-02  -1.5238E-02
  > E    =  -8.667423565557E+00 +/-   9.120158776762E-03
  > varE =   8.325714631762E+00
* Computing derivatives.
  Done. [total walltime: 0.54s]
* Optimizing manipulation constant:
  #igrid a___________ E____________________________________ varE____________
     1     Infinity    -8.66742357E+00 +/-   9.12015878E-03   8.32571463E+00
     2     1.0000E+06  -8.66742357E+00 +/-   9.12015884E-03   8.32571475E+00
     3     2.1544E+05  -8.66742360E+00 +/-   9.12015908E-03   8.32571518E+00
     4     4.6416E+04  -8.66742372E+00 +/-   9.12016017E-03   8.32571718E+00
     5     1.0000E+04  -8.66742427E+00 +/-   9.12016525E-03   8.32572646E+00
     6     2.1544E+03  -8.66742683E+00 +/-   9.12018892E-03   8.32576967E+00
     7     4.6416E+02  -8.66743830E+00 +/-   9.12030032E-03   8.32597306E+00
     8     1.0000E+02  -8.66748425E+00 +/-   9.12083916E-03   8.32695691E+00
     9     2.1544E+01  -8.66761052E+00 +/-   9.12329619E-03   8.33144385E+00
    10     4.6416E+00  -8.66777420E+00 +/-   9.12986948E-03   8.34345371E+00
    11     1.0000E+00  -8.66786250E+00 +/-   9.13659251E-03   8.35574610E+00
    12     2.1544E-01  -8.66788633E+00 +/-   9.13964637E-03   8.36133276E+00
    13     4.6416E-02  -8.66789149E+00 +/-   9.14052811E-03   8.36294613E+00
    14     1.0000E-02  -8.66789259E+00 +/-   9.14073507E-03   8.36332485E+00
    15     2.1544E-03  -8.66789283E+00 +/-   9.14078057E-03   8.36340811E+00
    16     4.6416E-04  -8.66789288E+00 +/-   9.14079041E-03   8.36342613E+00
    17     1.0000E-04  -8.66789289E+00 +/-   9.14079254E-03   8.36343002E+00
    18     2.1544E-05  -8.66789289E+00 +/-   9.14079300E-03   8.36343085E+00
    19     4.6416E-06  -8.66789290E+00 +/-   9.14079309E-03   8.36343103E+00
    20     1.0000E-06  -8.66789290E+00 +/-   9.14079312E-03   8.36343107E+00
    21     0.0000E+00  -8.66789290E+00 +/-   9.14079312E-03   8.36343108E+00
* Iteration # 1: E =  -8.667892895232E+00 +/-   9.140793121533E-03
* Diminishing returns: exiting.
* After optimization:
  -5.1091E+00   5.0034E-01   2.9375E-01   1.1247E-01   3.1543E-02   2.1005E-02
  -4.2407E-02  -5.9614E-02  -2.3196E-01  -2.6382E-01  -9.8557E-02  -1.3653E-01
  -1.9673E-02  -1.2515E-02
  > Energy =  -8.667892895232E+00 +/-   9.140793121533E-03
  > varE =   8.363431082561E+00

VMC #13:
* Size of Hilbert space =   2.3639E+09
* Number of equil. steps   = 1000
* Running VMC equilibration.
  Done. [total walltime: 0.02s]
* Equil. acc.ratio (%)     =  12.0807
* Sample config after equilibration:
  +-----------+
  |  d   u   u|
  |u   u   u  |
  |  d   d   d|
  |d   u   d  |
  |  u   u   u|
  |d   d   d  |
  +-----------+
* Number of accum. steps   = 500480 x 10
* Running VMC accumulation.
  Done. [total walltime: 0.86s]
* Acceptance ratio (%)     =  11.9754
* Etot/t                   =  -8.665287823336E+00 +/-   4.206862753683E-03
  > Ttot/t                 =  -1.831498411489E+01 +/-   1.525986175874E-02
  > Utot/t                 =   9.649696291560E+00 +/-   1.447407984132E-02
* var[Eloc/t]              =   8.439732541475E+00 +/-   4.962320227344E-02
* Correlation length       =   1.049481362575E+00
* log10 Psi^2 range: -12.021838198001266 -- -0.23038929018570531
* log10 Pgen range : -12.021838198001266 -- -0.23038929018570531
* Site occupation (ave. no. electrons per config.):
  > Site_  ___eu____  ___ed____
      1        0.497      0.501
      2        0.504      0.497
      3        0.499      0.501
      4        0.502      0.497
      5        0.499      0.500
      6        0.502      0.499
      7        0.502      0.498
      8        0.496      0.504
      9        0.503      0.499
     10        0.498      0.502
     11        0.500      0.498
     12        0.498      0.503
     13        0.497      0.503
     14        0.505      0.497
     15        0.496      0.502
     16        0.503      0.496
     17        0.497      0.504
     18        0.502      0.498
* Pair-correlation analysis (ave. no. pairs per config.):
  > Shell  nsite  ___dh____  __eueu___  __eued___
      0      1        0          0          1.203
      1     18        1.121      9.553     25.503
      2     18        0.415     23.772     12.119
      3     18        0.381     23.568     12.364
      4     18        0.388     11.964     23.965
      5     18        0.089      3.144      5.846

Optimization #13:
* Method          : lls
* Target function : energy
* No. of configs. : 100096
* No. of params.  : 14
* Before optimization:
  -5.1091E+00   5.0034E-01   2.9375E-01   1.1247E-01   3.1543E-02   2.1005E-02
  -4.2407E-02  -5.9614E-02  -2.3196E-01  -2.6382E-01  -9.8557E-02  -1.3653E-01
  -1.9673E-02  -1.2515E-02
  > E    =  -8.660427308333E+00 +/-   9.079164917357E-03
  > varE =   8.251036958274E+00
* Computing derivatives.
  Done. [total walltime: 0.54s]
* Optimizing manipulation constant:
  #igrid a___________ E____________________________________ varE____________
     1     Infinity    -8.66042731E+00 +/-   9.07916492E-03   8.25103696E+00
     2     1.0000E+06  -8.66042731E+00 +/-   9.07916466E-03   8.25103649E+00
     3     2.1544E+05  -8.66042733E+00 +/-   9.07916373E-03   8.25103480E+00
     4     4.6416E+04  -8.66042742E+00 +/-   9.07915940E-03   8.25102693E+00
     5     1.0000E+04  -8.66042782E+00 +/-   9.07913935E-03   8.25099048E+00
     6     2.1544E+03  -8.66042966E+00 +/-   9.07904682E-03   8.25082232E+00
     7     4.6416E+02  -8.66043779E+00 +/-   9.07862915E-03   8.25006319E+00
     8     1.0000E+02  -8.66046834E+00 +/-   9.07690707E-03   8.24693366E+00
     9     2.1544E+01  -8.66054112E+00 +/-   9.07158232E-03   8.23726076E+00
    10     4.6416E+00  -8.66064732E+00 +/-   9.06188480E-03   8.21965892E+00
    11     1.0000E+00  -8.66072749E+00 +/-   9.05218662E-03   8.20207470E+00
    12     2.1544E-01  -8.66074432E+00 +/-   9.04666444E-03   8.19207059E+00
    13     4.6416E-02  -8.66074489E+00 +/-   9.04480492E-03   8.18870321E+00
    14     1.0000E-02  -8.66074466E+00 +/-   9.04434712E-03   8.18787429E+00
    15     2.1544E-03  -8.66074459E+00 +/-   9.04424533E-03   8.18769000E+00
    16     4.6416E-04  -8.66074457E+00 +/-   9.04422324E-03   8.18765001E+00
    17     1.0000E-04  -8.66074456E+00 +/-   9.04421848E-03   8.18764139E+00
    18     2.1544E-05  -8.66074456E+00 +/-   9.04421745E-03   8.18763953E+00
    19     4.6416E-06  -8.66074456E+00 +/-   9.04421723E-03   8.18763913E+00
    20     1.0000E-06  -8.66074456E+00 +/-   9.04421718E-03   8.18763904E+00
    21     0.0000E+00  -8.66074456E+00 +/-   9.04421717E-03   8.18763902E+00
* Iteration # 1: E =  -8.660744563838E+00 +/-   9.044217170734E-03
* Diminishing returns: exiting.
* After optimization:
  -4.9812E+00   4.9258E-01   2.8628E-01   1.0267E-01   2.5189E-02   1.7985E-02
  -4.7265E-02  -5.4625E-02  -2.3296E-01  -2.5573E-01  -9.0289E-02  -1.2596E-01
  -1.9548E-02  -9.7766E-03
  > Energy =  -8.660744563838E+00 +/-   9.044217170734E-03
  > varE =   8.187639018107E+00

VMC #14:
* Size of Hilbert space =   2.3639E+09
* Number of equil. steps   = 1000
* Running VMC equilibration.
  Done. [total walltime: 0.02s]
* Equil. acc.ratio (%)     =  12.1042
* Sample config after equilibration:
  +-----------+
  |  d   u   u|
  |d   d   2  |
  |  0   u   u|
  |d   u   d  |
  |  0   u   2|
  |d   u   d  |
  +-----------+
* Number of accum. steps   = 500480 x 10
* Running VMC accumulation.
  Done. [total walltime: 0.86s]
* Acceptance ratio (%)     =  12.0787
* Etot/t                   =  -8.660985763935E+00 +/-   4.102827532790E-03
  > Ttot/t                 =  -1.837628307850E+01 +/-   1.544280102294E-02
  > Utot/t                 =   9.715297314578E+00 +/-   1.469900622704E-02
* var[Eloc/t]              =   8.381908843731E+00 +/-   6.029003676408E-02
* Correlation length       =   1.005102414257E+00
* log10 Psi^2 range: -12.529341530739144 -- 0.23841850698898978
* log10 Pgen range : -12.529341530739144 -- 0.23841850698898978
* Site occupation (ave. no. electrons per config.):
  > Site_  ___eu____  ___ed____
      1        0.500      0.501
      2        0.500      0.499
      3        0.501      0.501
      4        0.500      0.500
      5        0.501      0.498
      6        0.500      0.501
      7        0.501      0.499
      8        0.501      0.499
      9        0.497      0.501
     10        0.502      0.500
     11        0.500      0.499
     12        0.500      0.501
     13        0.499      0.501
     14        0.498      0.502
     15        0.498      0.500
     16        0.501      0.499
     17        0.500      0.501
     18        0.499      0.499
* Pair-correlation analysis (ave. no. pairs per config.):
  > Shell  nsite  ___dh____  __eueu___  __eued___
      0      1        0          0          1.217
      1     18        1.137      9.632     25.412
      2     18        0.420     23.644     12.247
      3     18        0.389     23.461     12.470
      4     18        0.395     12.089     23.836
      5     18        0.090      3.175      5.819

Optimization #14:
* Method          : lls
* Target function : energy
* No. of configs. : 100096
* No. of params.  : 14
* Before optimization:
  -4.9812E+00   4.9258E-01   2.8628E-01   1.0267E-01   2.5189E-02   1.7985E-02
  -4.7265E-02  -5.4625E-02  -2.3296E-01  -2.5573E-01  -9.0289E-02  -1.2596E-01
  -1.9548E-02  -9.7766E-03
  > E    =  -8.662809467254E+00 +/-   9.201636798786E-03
  > varE =   8.475140309175E+00
* Computing derivatives.
  Done. [total walltime: 0.54s]
* Optimizing manipulation constant:
  #igrid a___________ E____________________________________ varE____________
     1     Infinity    -8.66280947E+00 +/-   9.20163680E-03   8.47514031E+00
     2     1.0000E+06  -8.66280947E+00 +/-   9.20163671E-03   8.47514015E+00
     3     2.1544E+05  -8.66280949E+00 +/-   9.20163640E-03   8.47513957E+00
     4     4.6416E+04  -8.66280959E+00 +/-   9.20163495E-03   8.47513690E+00
     5     1.0000E+04  -8.66281003E+00 +/-   9.20162822E-03   8.47512450E+00
     6     2.1544E+03  -8.66281204E+00 +/-   9.20159728E-03   8.47506752E+00
     7     4.6416E+02  -8.66282094E+00 +/-   9.20145983E-03   8.47481431E+00
     8     1.0000E+02  -8.66285474E+00 +/-   9.20093021E-03   8.47383876E+00
     9     2.1544E+01  -8.66293635E+00 +/-   9.19962906E-03   8.47144226E+00
    10     4.6416E+00  -8.66303396E+00 +/-   9.19817020E-03   8.46875572E+00
    11     1.0000E+00  -8.66305895E+00 +/-   9.19747790E-03   8.46748096E+00
    12     2.1544E-01  -8.66303888E+00 +/-   9.19734801E-03   8.46724180E+00
    13     4.6416E-02  -8.66302967E+00 +/-   9.19733253E-03   8.46721330E+00
    14     1.0000E-02  -8.66302734E+00 +/-   9.19733027E-03   8.46720914E+00
    15     2.1544E-03  -8.66302682E+00 +/-   9.19732985E-03   8.46720835E+00
    16     4.6416E-04  -8.66302670E+00 +/-   9.19732976E-03   8.46720819E+00
    17     1.0000E-04  -8.66302668E+00 +/-   9.19732974E-03   8.46720815E+00
    18     2.1544E-05  -8.66302667E+00 +/-   9.19732973E-03   8.46720815E+00
    19     4.6416E-06  -8.66302667E+00 +/-   9.19732973E-03   8.46720814E+00
    20     1.0000E-06  -8.66302667E+00 +/-   9.19732973E-03   8.46720814E+00
    21     0.0000E+00  -8.66302667E+00 +/-   9.19732973E-03   8.46720814E+00
  ParMin   8.8568E-01  -8.66305761E+00 +/-   9.19745573E-03   8.46744014E+00
  # Using grid point #11
* Iteration # 1: E =  -8.663058945118E+00 +/-   9.197477900796E-03
* Diminishing returns: exiting.
* After optimization:
  -5.2255E+00   5.0288E-01   2.9976E-01   1.2194E-01   4.1915E-02   2.8609E-02
  -4.5154E-02  -6.1754E-02  -2.3705E-01  -2.6636E-01  -1.0204E-01  -1.3964E-01
  -2.5133E-02  -1.6475E-02
  > Energy =  -8.663058945118E+00 +/-   9.197477900796E-03
  > varE =   8.467480959138E+00

VMC #15:
* Size of Hilbert space =   2.3639E+09
* Number of equil. steps   = 1000
* Running VMC equilibration.
  Done. [total walltime: 0.02s]
* Equil. acc.ratio (%)     =  12.1789
* Sample config after equilibration:
  +-----------+
  |  d   u   u|
  |d   d   d  |
  |  u   u   u|
  |u   d   d  |
  |  u   u   d|
  |u   d   d  |
  +-----------+
* Number of accum. steps   = 500480 x 10
* Running VMC accumulation.
  Done. [total walltime: 0.86s]
* Acceptance ratio (%)     =  12.0815
* Etot/t                   =  -8.654099392357E+00 +/-   4.193981613196E-03
  > Ttot/t                 =  -1.835039095248E+01 +/-   1.490348420655E-02
  > Utot/t                 =   9.696291560102E+00 +/-   1.422068510694E-02
* var[Eloc/t]              =   8.425850262046E+00 +/-   5.272570921257E-02
* Correlation length       =   1.044782848423E+00
* log10 Psi^2 range: -12.244021393922415 -- -0.68963889134653877
* log10 Pgen range : -12.244021393922415 -- -0.68963889134653877
* Site occupation (ave. no. electrons per config.):
  > Site_  ___eu____  ___ed____
      1        0.504      0.498
      2        0.499      0.500
      3        0.503      0.497
      4        0.498      0.501
      5        0.502      0.498
      6        0.497      0.501
      7        0.500      0.501
      8        0.500      0.499
      9        0.498      0.499
     10        0.499      0.502
     11        0.497      0.502
     12        0.501      0.498
     13        0.500      0.501
     14        0.499      0.501
     15        0.503      0.498
     16        0.500      0.500
     17        0.499      0.501
     18        0.500      0.501
* Pair-correlation analysis (ave. no. pairs per config.):
  > Shell  nsite  ___dh____  __eueu___  __eued___
      0      1        0          0          1.215
      1     18        1.131      9.630     25.420
      2     18        0.416     23.667     12.227
      3     18        0.391     23.472     12.454
      4     18        0.396     12.062     23.859
      5     18        0.090      3.169      5.825

Optimization #15:
* Method          : lls
* Target function : energy
* No. of configs. : 100096
* No. of params.  : 14
* Before optimization:
  -5.2255E+00   5.0288E-01   2.9976E-01   1.2194E-01   4.1915E-02   2.8609E-02
  -4.5154E-02  -6.1754E-02  -2.3705E-01  -2.6636E-01  -1.0204E-01  -1.3964E-01
  -2.5133E-02  -1.6475E-02
  > E    =  -8.638363209366E+00 +/-   9.211214443766E-03
  > varE =   8.492792414171E+00
* Computing derivatives.
  Done. [total walltime: 0.55s]
* Optimizing manipulation constant:
  #igrid a___________ E____________________________________ varE____________
     1     Infinity    -8.63836321E+00 +/-   9.21121444E-03   8.49279241E+00
     2     1.0000E+06  -8.63836322E+00 +/-   9.21121463E-03   8.49279276E+00
     3     2.1544E+05  -8.63836326E+00 +/-   9.21121532E-03   8.49279404E+00
     4     4.6416E+04  -8.63836344E+00 +/-   9.21121853E-03   8.49279995E+00
     5     1.0000E+04  -8.63836428E+00 +/-   9.21123342E-03   8.49282740E+00
     6     2.1544E+03  -8.63836815E+00 +/-   9.21130249E-03   8.49295478E+00
     7     4.6416E+02  -8.63838545E+00 +/-   9.21162273E-03   8.49354531E+00
     8     1.0000E+02  -8.63845396E+00 +/-   9.21309114E-03   8.49625342E+00
     9     2.1544E+01  -8.63863963E+00 +/-   9.21917525E-03   8.50747858E+00
    10     4.6416E+00  -8.63891679E+00 +/-   9.23565754E-03   8.53792556E+00
    11     1.0000E+00  -8.63917052E+00 +/-   9.25801840E-03   8.57931871E+00
    12     2.1544E-01  -8.63926188E+00 +/-   9.27359325E-03   8.60820913E+00
    13     4.6416E-02  -8.63926478E+00 +/-   9.27931267E-03   8.61883051E+00
    14     1.0000E-02  -8.63926234E+00 +/-   9.28075537E-03   8.62151074E+00
    15     2.1544E-03  -8.63926161E+00 +/-   9.28107795E-03   8.62211009E+00
    16     4.6416E-04  -8.63926144E+00 +/-   9.28114802E-03   8.62224027E+00
    17     1.0000E-04  -8.63926141E+00 +/-   9.28116315E-03   8.62226837E+00
    18     2.1544E-05  -8.63926140E+00 +/-   9.28116640E-03   8.62227443E+00
    19     4.6416E-06  -8.63926140E+00 +/-   9.28116711E-03   8.62227573E+00
    20     1.0000E-06  -8.63926140E+00 +/-   9.28116726E-03   8.62227601E+00
    21     0.0000E+00  -8.63926140E+00 +/-   9.28116730E-03   8.62227609E+00
  ParMin   1.4502E-01  -8.63926530E+00 +/-   9.27580288E-03   8.61231180E+00
  # Using grid point #12
* Iteration # 1: E =  -8.639261880257E+00 +/-   9.273593251510E-03
* Diminishing returns: exiting.
* After optimization:
  -5.1554E+00   5.0109E-01   3.0003E-01   1.0848E-01   3.4099E-02   2.0486E-02
  -4.9451E-02  -5.4962E-02  -2.4051E-01  -2.6539E-01  -9.6042E-02  -1.3346E-01
  -2.3578E-02  -1.5899E-02
  > Energy =  -8.639261880257E+00 +/-   9.273593251510E-03
  > varE =   8.608209134498E+00

VMC #16:
* Size of Hilbert space =   2.3639E+09
* Number of equil. steps   = 1000
* Running VMC equilibration.
  Done. [total walltime: 0.02s]
* Equil. acc.ratio (%)     =  11.9595
* Sample config after equilibration:
  +-----------+
  |  2   d   u|
  |d   0   u  |
  |  d   d   u|
  |u   2   d  |
  |  d   0   u|
  |u   u   d  |
  +-----------+
* Number of accum. steps   = 500480 x 10
* Running VMC accumulation.
  Done. [total walltime: 0.86s]
* Acceptance ratio (%)     =  11.8263
* Etot/t                   =  -8.659855774320E+00 +/-   4.101832401770E-03
  > Ttot/t                 =  -1.822307508378E+01 +/-   1.531103411867E-02
  > Utot/t                 =   9.563219309463E+00 +/-   1.451670546957E-02
* var[Eloc/t]              =   8.477706711289E+00 +/-   4.411267881408E-02
* Correlation length       =   9.932627804684E-01
* log10 Psi^2 range: -12.671358221759084 -- -0.37965762391845853
* log10 Pgen range : -12.671358221759084 -- -0.37965762391845853
* Site occupation (ave. no. electrons per config.):
  > Site_  ___eu____  ___ed____
      1        0.503      0.498
      2        0.497      0.502
      3        0.503      0.496
      4        0.496      0.502
      5        0.504      0.497
      6        0.499      0.501
      7        0.498      0.501
      8        0.502      0.498
      9        0.496      0.505
     10        0.502      0.497
     11        0.495      0.505
     12        0.503      0.497
     13        0.503      0.499
     14        0.499      0.501
     15        0.505      0.495
     16        0.496      0.503
     17        0.502      0.496
     18        0.498      0.504
* Pair-correlation analysis (ave. no. pairs per config.):
  > Shell  nsite  ___dh____  __eueu___  __eued___
      0      1        0          0          1.191
      1     18        1.109      9.371     25.696
      2     18        0.408     23.966     11.922
      3     18        0.371     23.763     12.174
      4     18        0.380     11.801     24.125
      5     18        0.086      3.099      5.892

Optimization #16:
* Method          : lls
* Target function : energy
* No. of configs. : 100096
* No. of params.  : 14
* Before optimization:
  -5.1554E+00   5.0109E-01   3.0003E-01   1.0848E-01   3.4099E-02   2.0486E-02
  -4.9451E-02  -5.4962E-02  -2.4051E-01  -2.6539E-01  -9.6042E-02  -1.3346E-01
  -2.3578E-02  -1.5899E-02
  > E    =  -8.659029475832E+00 +/-   9.248729901864E-03
  > varE =   8.562112224223E+00
* Computing derivatives.
  Done. [total walltime: 0.54s]
* Optimizing manipulation constant:
  #igrid a___________ E____________________________________ varE____________
     1     Infinity    -8.65902948E+00 +/-   9.24872990E-03   8.56211222E+00
     2     1.0000E+06  -8.65902949E+00 +/-   9.24872975E-03   8.56211194E+00
     3     2.1544E+05  -8.65902953E+00 +/-   9.24872918E-03   8.56211089E+00
     4     4.6416E+04  -8.65902973E+00 +/-   9.24872656E-03   8.56210604E+00
     5     1.0000E+04  -8.65903064E+00 +/-   9.24871442E-03   8.56208356E+00
     6     2.1544E+03  -8.65903484E+00 +/-   9.24865830E-03   8.56197965E+00
     7     4.6416E+02  -8.65905371E+00 +/-   9.24840301E-03   8.56150699E+00
     8     1.0000E+02  -8.65912942E+00 +/-   9.24731374E-03   8.55949037E+00
     9     2.1544E+01  -8.65934223E+00 +/-   9.24348411E-03   8.55240228E+00
    10     4.6416E+00  -8.65965356E+00 +/-   9.23470888E-03   8.53617167E+00
    11     1.0000E+00  -8.65985917E+00 +/-   9.22564481E-03   8.51942302E+00
    12     2.1544E-01  -8.65992176E+00 +/-   9.22145526E-03   8.51168710E+00
    13     4.6416E-02  -8.65993538E+00 +/-   9.22024238E-03   8.50944819E+00
    14     1.0000E-02  -8.65993826E+00 +/-   9.21995769E-03   8.50892271E+00
    15     2.1544E-03  -8.65993888E+00 +/-   9.21989510E-03   8.50880719E+00
    16     4.6416E-04  -8.65993901E+00 +/-   9.21988156E-03   8.50878219E+00
    17     1.0000E-04  -8.65993904E+00 +/-   9.21987864E-03   8.50877680E+00
    18     2.1544E-05  -8.65993905E+00 +/-   9.21987801E-03   8.50877564E+00
    19     4.6416E-06  -8.65993905E+00 +/-   9.21987787E-03   8.50877539E+00
    20     1.0000E-06  -8.65993905E+00 +/-   9.21987784E-03   8.50877533E+00
    21     0.0000E+00  -8.65993905E+00 +/-   9.21987784E-03   8.50877532E+00
* Iteration # 1: E =  -8.659939048834E+00 +/-   9.219877835079E-03
* Diminishing returns: exiting.
* After optimization:
  -5.1496E+00   5.0071E-01   2.9604E-01   1.1349E-01   3.2842E-02   1.8824E-02
  -4.8681E-02  -5.8359E-02  -2.3916E-01  -2.6387E-01  -9.8318E-02  -1.3660E-01
  -2.2013E-02  -1.1699E-02
  > Energy =  -8.659939048834E+00 +/-   9.219877835079E-03
  > varE =   8.508775319517E+00

VMC #17:
* Size of Hilbert space =   2.3639E+09
* Number of equil. steps   = 1000
* Running VMC equilibration.
  Done. [total walltime: 0.02s]
* Equil. acc.ratio (%)     =  12.0050
* Sample config after equilibration:
  +-----------+
  |  d   u   0|
  |2   d   2  |
  |  0   d   d|
  |u   u   u  |
  |  d   u   d|
  |u   d   u  |
  +-----------+
* Number of accum. steps   = 500480 x 10
* Running VMC accumulation.
  Done. [total walltime: 0.86s]
* Acceptance ratio (%)     =  11.9167
* Etot/t                   =  -8.659984296188E+00 +/-   4.135692700252E-03
  > Ttot/t                 =  -1.827825475654E+01 +/-   1.523127932477E-02
  > Utot/t                 =   9.618270460358E+00 +/-   1.457937096675E-02
* var[Eloc/t]              =   8.397908319729E+00 +/-   5.142985151443E-02
* Correlation length       =   1.019323696750E+00
* log10 Psi^2 range: -11.544918105470121 -- -0.38344617326432184
* log10 Pgen range : -11.544918105470121 -- -0.38344617326432184
* Site occupation (ave. no. electrons per config.):
  > Site_  ___eu____  ___ed____
      1        0.502      0.497
      2        0.498      0.503
      3        0.502      0.499
      4        0.498      0.500
      5        0.502      0.499
      6        0.499      0.502
      7        0.499      0.501
      8        0.500      0.501
      9        0.500      0.500
     10        0.501      0.499
     11        0.500      0.500
     12        0.501      0.499
     13        0.500      0.500
     14        0.500      0.500
     15        0.501      0.498
     16        0.497      0.501
     17        0.501      0.499
     18        0.499      0.502
* Pair-correlation analysis (ave. no. pairs per config.):
  > Shell  nsite  ___dh____  __eueu___  __eued___
      0      1        0          0          1.207
      1     18        1.130      9.447     25.603
      2     18        0.414     23.894     12.001
      3     18        0.384     23.712     12.219
      4     18        0.391     11.838     24.088
      5     18        0.089      3.110      5.882

Optimization #17:
* Method          : lls
* Target function : energy
* No. of configs. : 100096
* No. of params.  : 14
* Before optimization:
  -5.1496E+00   5.0071E-01   2.9604E-01   1.1349E-01   3.2842E-02   1.8824E-02
  -4.8681E-02  -5.8359E-02  -2.3916E-01  -2.6387E-01  -9.8318E-02  -1.3660E-01
  -2.2013E-02  -1.1699E-02
  > E    =  -8.653993330411E+00 +/-   9.136652061483E-03
  > varE =   8.355855016706E+00
* Computing derivatives.
  Done. [total walltime: 0.54s]
* Optimizing manipulation constant:
  #igrid a___________ E____________________________________ varE____________
     1     Infinity    -8.65399333E+00 +/-   9.13665206E-03   8.35585502E+00
     2     1.0000E+06  -8.65399334E+00 +/-   9.13665211E-03   8.35585510E+00
     3     2.1544E+05  -8.65399336E+00 +/-   9.13665228E-03   8.35585541E+00
     4     4.6416E+04  -8.65399347E+00 +/-   9.13665306E-03   8.35585685E+00
     5     1.0000E+04  -8.65399398E+00 +/-   9.13665670E-03   8.35586351E+00
     6     2.1544E+03  -8.65399633E+00 +/-   9.13667364E-03   8.35589449E+00
     7     4.6416E+02  -8.65400679E+00 +/-   9.13675291E-03   8.35603947E+00
     8     1.0000E+02  -8.65404736E+00 +/-   9.13712684E-03   8.35672345E+00
     9     2.1544E+01  -8.65414969E+00 +/-   9.13868900E-03   8.35958117E+00
    10     4.6416E+00  -8.65428119E+00 +/-   9.14186290E-03   8.36538881E+00
    11     1.0000E+00  -8.65438115E+00 +/-   9.14213459E-03   8.36588603E+00
    12     2.1544E-01  -8.65442646E+00 +/-   9.13966917E-03   8.36137447E+00
    13     4.6416E-02  -8.65443883E+00 +/-   9.13839464E-03   8.35904264E+00
    14     1.0000E-02  -8.65444157E+00 +/-   9.13805021E-03   8.35841254E+00
    15     2.1544E-03  -8.65444217E+00 +/-   9.13797206E-03   8.35826958E+00
    16     4.6416E-04  -8.65444229E+00 +/-   9.13795503E-03   8.35823843E+00
    17     1.0000E-04  -8.65444232E+00 +/-   9.13795135E-03   8.35823170E+00
    18     2.1544E-05  -8.65444233E+00 +/-   9.13795056E-03   8.35823025E+00
    19     4.6416E-06  -8.65444233E+00 +/-   9.13795039E-03   8.35822994E+00
    20     1.0000E-06  -8.65444233E+00 +/-   9.13795035E-03   8.35822987E+00
    21     0.0000E+00  -8.65444233E+00 +/-   9.13795034E-03   8.35822985E+00
* Iteration # 1: E =  -8.654442329885E+00 +/-   9.137950343024E-03
* Diminishing returns: exiting.
* After optimization:
  -5.0079E+00   4.9150E-01   2.9189E-01   1.0092E-01   2.6932E-02   8.0647E-03
  -4.6106E-02  -4.9253E-02  -2.3835E-01  -2.5707E-01  -9.2135E-02  -1.2823E-01
  -2.2171E-02  -1.0468E-02
  > Energy =  -8.654442329885E+00 +/-   9.137950343024E-03
  > varE =   8.358229852258E+00

VMC #18:
* Size of Hilbert space =   2.3639E+09
* Number of equil. steps   = 1000
* Running VMC equilibration.
  Done. [total walltime: 0.02s]
* Equil. acc.ratio (%)     =  12.1209
* Sample config after equilibration:
  +-----------+
  |  d   d   d|
  |u   u   0  |
  |  d   2   d|
  |u   2   u  |
  |  0   d   d|
  |u   u   u  |
  +-----------+
* Number of accum. steps   = 500480 x 10
* Running VMC accumulation.
  Done. [total walltime: 0.86s]
* Acceptance ratio (%)     =  11.9234
* Etot/t                   =  -8.652293654265E+00 +/-   4.163782063139E-03
  > Ttot/t                 =  -1.828355963891E+01 +/-   1.554956523377E-02
  > Utot/t                 =   9.631265984655E+00 +/-   1.458216795367E-02
* var[Eloc/t]              =   8.371976444795E+00 +/-   5.943759873710E-02
* Correlation length       =   1.036417432704E+00
* log10 Psi^2 range: -12.049517064704409 -- 0.15856286667649722
* log10 Pgen range : -12.049517064704409 -- 0.15856286667649722
* Site occupation (ave. no. electrons per config.):
  > Site_  ___eu____  ___ed____
      1        0.499      0.499
      2        0.501      0.500
      3        0.498      0.502
      4        0.502      0.497
      5        0.499      0.502
      6        0.500      0.500
      7        0.502      0.498
      8        0.497      0.502
      9        0.502      0.497
     10        0.498      0.503
     11        0.501      0.498
     12        0.499      0.500
     13        0.499      0.501
     14        0.503      0.498
     15        0.497      0.502
     16        0.501      0.500
     17        0.498      0.501
     18        0.503      0.499
* Pair-correlation analysis (ave. no. pairs per config.):
  > Shell  nsite  ___dh____  __eueu___  __eued___
      0      1        0          0          1.204
      1     18        1.121      9.536     25.521
      2     18        0.416     23.764     12.123
      3     18        0.380     23.576     12.357
      4     18        0.385     11.978     23.949
      5     18        0.087      3.146      5.846

Optimization #18:
* Method          : lls
* Target function : energy
* No. of configs. : 100096
* No. of params.  : 14
* Before optimization:
  -5.0079E+00   4.9150E-01   2.9189E-01   1.0092E-01   2.6932E-02   8.0647E-03
  -4.6106E-02  -4.9253E-02  -2.3835E-01  -2.5707E-01  -9.2135E-02  -1.2823E-01
  -2.2171E-02  -1.0468E-02
  > E    =  -8.663945595395E+00 +/-   9.089869643522E-03
  > varE =   8.270505083715E+00
* Computing derivatives.
  Done. [total walltime: 0.54s]
* Optimizing manipulation constant:
  #igrid a___________ E____________________________________ varE____________
     1     Infinity    -8.66394560E+00 +/-   9.08986964E-03   8.27050508E+00
     2     1.0000E+06  -8.66394560E+00 +/-   9.08986978E-03   8.27050533E+00
     3     2.1544E+05  -8.66394561E+00 +/-   9.08987028E-03   8.27050624E+00
     4     4.6416E+04  -8.66394566E+00 +/-   9.08987260E-03   8.27051046E+00
     5     1.0000E+04  -8.66394588E+00 +/-   9.08988334E-03   8.27053001E+00
     6     2.1544E+03  -8.66394691E+00 +/-   9.08993304E-03   8.27062044E+00
     7     4.6416E+02  -8.66395142E+00 +/-   9.09015998E-03   8.27103343E+00
     8     1.0000E+02  -8.66396751E+00 +/-   9.09113782E-03   8.27281298E+00
     9     2.1544E+01  -8.66399745E+00 +/-   9.09448065E-03   8.27889796E+00
    10     4.6416E+00  -8.66402096E+00 +/-   9.10101637E-03   8.29080143E+00
    11     1.0000E+00  -8.66404517E+00 +/-   9.10778842E-03   8.30314436E+00
    12     2.1544E-01  -8.66405758E+00 +/-   9.11197299E-03   8.31077587E+00
    13     4.6416E-02  -8.66406035E+00 +/-   9.11345495E-03   8.31347940E+00
    14     1.0000E-02  -8.66406087E+00 +/-   9.11382541E-03   8.31415529E+00
    15     2.1544E-03  -8.66406097E+00 +/-   9.11390807E-03   8.31430611E+00
    16     4.6416E-04  -8.66406099E+00 +/-   9.11392602E-03   8.31433885E+00
    17     1.0000E-04  -8.66406100E+00 +/-   9.11392989E-03   8.31434592E+00
    18     2.1544E-05  -8.66406100E+00 +/-   9.11393072E-03   8.31434744E+00
    19     4.6416E-06  -8.66406100E+00 +/-   9.11393090E-03   8.31434777E+00
    20     1.0000E-06  -8.66406100E+00 +/-   9.11393094E-03   8.31434784E+00
    21     0.0000E+00  -8.66406100E+00 +/-   9.11393095E-03   8.31434786E+00
  ParMin   4.8958E-01  -8.66405285E+00 +/-   9.11014606E-03   8.30744363E+00
  # Using parabolic minimum
* Iteration # 1: E =  -8.664052854839E+00 +/-   9.110146064050E-03
* Diminishing returns: exiting.
* After optimization:
  -4.9414E+00   4.8702E-01   2.9033E-01   9.7652E-02   2.2714E-02   8.3561E-03
  -3.9286E-02  -4.5278E-02  -2.3970E-01  -2.6085E-01  -8.7456E-02  -1.2454E-01
  -2.0270E-02  -9.1418E-03
  > Energy =  -8.664052854839E+00 +/-   9.110146064050E-03
  > varE =   8.307443627917E+00

VMC #19:
* Size of Hilbert space =   2.3639E+09
* Number of equil. steps   = 1000
* Running VMC equilibration.
  Done. [total walltime: 0.02s]
* Equil. acc.ratio (%)     =  12.0262
* Sample config after equilibration:
  +-----------+
  |  d   d   u|
  |u   2   d  |
  |  0   d   d|
  |u   u   u  |
  |  d   d   d|
  |u   u   u  |
  +-----------+
* Number of accum. steps   = 500480 x 10
* Running VMC accumulation.
  Done. [total walltime: 0.86s]
* Acceptance ratio (%)     =  11.8931
* Etot/t                   =  -8.659428849168E+00 +/-   4.120079742684E-03
  > Ttot/t                 =  -1.827196081849E+01 +/-   1.530000989459E-02
  > Utot/t                 =   9.612531969309E+00 +/-   1.455006314485E-02
* var[Eloc/t]              =   8.462068847408E+00 +/-   4.671428421575E-02
* Correlation length       =   1.003971572867E+00
* log10 Psi^2 range: -11.134864904167138 -- 0.42848138845758793
* log10 Pgen range : -11.134864904167138 -- 0.42848138845758793
* Site occupation (ave. no. electrons per config.):
  > Site_  ___eu____  ___ed____
      1        0.502      0.500
      2        0.497      0.503
      3        0.501      0.499
      4        0.497      0.499
      5        0.503      0.498
      6        0.498      0.503
      7        0.500      0.502
      8        0.503      0.496
      9        0.499      0.502
     10        0.504      0.498
     11        0.497      0.503
     12        0.503      0.497
     13        0.502      0.498
     14        0.497      0.503
     15        0.501      0.498
     16        0.497      0.501
     17        0.503      0.497
     18        0.497      0.503
* Pair-correlation analysis (ave. no. pairs per config.):
  > Shell  nsite  ___dh____  __eueu___  __eued___
      0      1        0          0          1.202
      1     18        1.117      9.481     25.578
      2     18        0.409     23.838     12.054
      3     18        0.379     23.653     12.282
      4     18        0.387     11.898     24.024
      5     18        0.089      3.129      5.859

Optimization #19:
* Method          : lls
* Target function : energy
* No. of configs. : 100096
* No. of params.  : 14
* Before optimization:
  -4.9414E+00   4.8702E-01   2.9033E-01   9.7652E-02   2.2714E-02   8.3561E-03
  -3.9286E-02  -4.5278E-02  -2.3970E-01  -2.6085E-01  -8.7456E-02  -1.2454E-01
  -2.0270E-02  -9.1418E-03
  > E    =  -8.669884187442E+00 +/-   9.188382346310E-03
  > varE =   8.450741945732E+00
* Computing derivatives.
  Done. [total walltime: 0.55s]
* Optimizing manipulation constant:
  #igrid a___________ E____________________________________ varE____________
     1     Infinity    -8.66988419E+00 +/-   9.18838235E-03   8.45074195E+00
     2     1.0000E+06  -8.66988420E+00 +/-   9.18838187E-03   8.45074108E+00
     3     2.1544E+05  -8.66988426E+00 +/-   9.18838016E-03   8.45073792E+00
     4     4.6416E+04  -8.66988452E+00 +/-   9.18837219E-03   8.45072326E+00
     5     1.0000E+04  -8.66988572E+00 +/-   9.18833525E-03   8.45065531E+00
     6     2.1544E+03  -8.66989126E+00 +/-   9.18816475E-03   8.45034170E+00
     7     4.6416E+02  -8.66991583E+00 +/-   9.18739342E-03   8.44892298E+00
     8     1.0000E+02  -8.67001006E+00 +/-   9.18418313E-03   8.44301950E+00
     9     2.1544E+01  -8.67023507E+00 +/-   9.17391540E-03   8.42415181E+00
    10     4.6416E+00  -8.67046847E+00 +/-   9.15393058E-03   8.38748877E+00
    11     1.0000E+00  -8.67061315E+00 +/-   9.13283196E-03   8.34886920E+00
    12     2.1544E-01  -8.67067851E+00 +/-   9.12042630E-03   8.32620309E+00
    13     4.6416E-02  -8.67069340E+00 +/-   9.11618583E-03   8.31846248E+00
    14     1.0000E-02  -8.67069621E+00 +/-   9.11513735E-03   8.31654912E+00
    15     2.1544E-03  -8.67069678E+00 +/-   9.11490400E-03   8.31612331E+00
    16     4.6416E-04  -8.67069690E+00 +/-   9.11485336E-03   8.31603091E+00
    17     1.0000E-04  -8.67069692E+00 +/-   9.11484243E-03   8.31601097E+00
    18     2.1544E-05  -8.67069693E+00 +/-   9.11484008E-03   8.31600668E+00
    19     4.6416E-06  -8.67069693E+00 +/-   9.11483957E-03   8.31600575E+00
    20     1.0000E-06  -8.67069693E+00 +/-   9.11483946E-03   8.31600555E+00
    21     0.0000E+00  -8.67069693E+00 +/-   9.11483943E-03   8.31600550E+00
* Iteration # 1: E =  -8.670696932092E+00 +/-   9.114839432833E-03
* Diminishing returns: exiting.
* After optimization:
  -5.0272E+00   4.8977E-01   2.8907E-01   1.1073E-01   3.0932E-02   1.9511E-02
  -4.4544E-02  -4.9219E-02  -2.3510E-01  -2.5519E-01  -9.9478E-02  -1.3142E-01
  -2.3575E-02  -9.4149E-03
  > Energy =  -8.670696932092E+00 +/-   9.114839432833E-03
  > varE =   8.316005497230E+00

VMC #20:
* Size of Hilbert space =   2.3639E+09
* Number of equil. steps   = 1000
* Running VMC equilibration.
  Done. [total walltime: 0.02s]
* Equil. acc.ratio (%)     =  12.4145
* Sample config after equilibration:
  +-----------+
  |  0   2   2|
  |0   u   d  |
  |  2   u   u|
  |d   d   d  |
  |  d   u   u|
  |d   u   0  |
  +-----------+
* Number of accum. steps   = 500480 x 10
* Running VMC accumulation.
  Done. [total walltime: 0.86s]
* Acceptance ratio (%)     =  12.1114
* Etot/t                   =  -8.657730978242E+00 +/-   4.133429821566E-03
  > Ttot/t                 =  -1.838546435420E+01 +/-   1.532974671916E-02
  > Utot/t                 =   9.727733375959E+00 +/-   1.472257308771E-02
* var[Eloc/t]              =   8.353977281366E+00 +/-   4.768392145254E-02
* Correlation length       =   1.023562989593E+00
* log10 Psi^2 range: -11.947312816371332 -- 0.64609424700201562E-001
* log10 Pgen range : -11.947312816371332 -- 0.64609424700201562E-001
* Site occupation (ave. no. electrons per config.):
  > Site_  ___eu____  ___ed____
      1        0.501      0.499
      2        0.502      0.500
      3        0.499      0.499
      4        0.501      0.497
      5        0.499      0.502
      6        0.500      0.500
      7        0.497      0.501
      8        0.499      0.502
      9        0.501      0.500
     10        0.500      0.500
     11        0.501      0.500
     12        0.501      0.501
     13        0.501      0.500
     14        0.501      0.499
     15        0.499      0.502
     16        0.499      0.501
     17        0.499      0.500
     18        0.500      0.500
* Pair-correlation analysis (ave. no. pairs per config.):
  > Shell  nsite  ___dh____  __eueu___  __eued___
      0      1        0          0          1.214
      1     18        1.131      9.647     25.403
      2     18        0.419     23.646     12.246
      3     18        0.385     23.427     12.500
      4     18        0.393     12.092     23.832
      5     18        0.089      3.188      5.804

VDAGGER finished.
Total VDAGGER walltime: 48.7s

Run ended: Fri Jan 16 12:13:48 CET 2026
