Run started: Thu Oct 30 19:21:42 CET 2025
Using VDAGGER_ARCH = intel24_viper_cluster
Running 1x128 MPI processes.

                               xx
                              +##
                               #X
                               Xx
                          X##XxXxxX##x
                           +   Xx  ++
                               ##
                              +##
                              +##
     ++++         ++          +##
   xX+++##+      ####         +##
  Xx    ###      +X##          ##
 xX    X##+        ##          #X
 +    x##X         #x          #X
      ###         +#           x+
     X##+         #+
     ###         Xx                    _______
     ##X       +X+   __________________VDAGGER
     +##x    +xX     2nd quantized variational
       +xxxxx+       ______quantum Monte Carlo

* Running 4096 MPI processes.
* Input file: "input.casl"

############# Start of input file dump #############
############## End of input file dump ##############

General setup:
* Random seed: 559138649 (from timer)

* Loaded integrals for system with nelec=26, ms2=0, norb=26
* INFO: setting number of electrons from integrals file.
* Analysis of Hamiltonian connecitivity performed:
  - T_ii (local, 1-site): 26 (i) values
  - U_iiii [opp] (local, 1-site): 26 (i) values
  - U_kkii [opp] (local, 2-site): 650 contribs. from 26 (i) values
  - U_kkii [par] (local, 2-site): 325 contribs. from 25 (i) values
  - T_ji (single, 2-site): 650 contribs. from 26 (i) values
  - U_kkji [opp] (single, 2/3-site): 16900 contribs. from 650 (i,j) pairs
  - U_kkji [par] (single, 3-site): 16250 contribs. from 650 (i,j) pairs
  - U_lkji [opp] (double, 2/3/4-site): 420228 contribs. from 650 (i,j) pairs
  - U_lkji [par] (double, 4-site): 100076 contribs. from 600 (i,j) pairs
  - Max. no. wfn. ratios in Eloc: 31275
* Reading override orbitals from file "LTSC.mat".
* Site labels:
  +--------------------------------------+
  |    8     7     5    14    12    10   |
  |26     9    23     1     4    24    18|
  |22     2    16     3    11    25     6|
  |   17    15    13    21    20    19   |
  +--------------------------------------+
* Automatically set Site kinds:
  [ 1, 2, 1, 3, 4, 5, 6, 7, 2, 7, 3, 6, 4, 4, 6, 3, 7, 5, 7, 6, 4, 5, 3, 2, 2, 5 ]
  +-------------------------+
  |  7   6   4   4   6   7  |
  |5   2   3   1   3   2   5|
  |5   2   3   1   3   2   5|
  |  7   6   4   4   6   7  |
  +-------------------------+
* Maximum Site kind: 7
* Number of site-pair kinds with Tij=0: 0
* Automatically set Site pair kinds:
  Site 1: [ 0, 37, 2, 25, -8, 59, -47, 55, -42, -55, -20, -47, -22, -8, -34, -20, 57, -70, -57, 34, 22, 59, 25, 42, -37, 70 ]
  Site 2: [ 37, 0, 42, -51, 29, -74, 27, 18, -5, 75, 56, 60, 44, -46, 6, 26, 9, 86, 82, -77, 48, -24, -19, -66, 61, -17 ]
  Site 3: [ 2, 42, 0, 20, -22, 70, -34, 57, -37, -57, -25, -34, -8, -22, -47, -25, 55, -59, -55, 47, 8, 70, 20, 37, -42, 59 ]
  Site 4: [ 25, -51, 20, 0, -40, -43, 50, -73, 56, -90, -3, -10, -32, -7, 49, 38, -63, 52, 36, 21, 23, -71, -41, -26, 19, -69 ]
  Site 5: [ -8, 29, -22, -40, 0, -64, 14, -58, -44, 68, 32, -65, 11, 15, -30, 23, 39, 81, 67, -45, 31, 54, -7, -48, 46, 53 ]
  Site 6: [ 59, -74, 70, -43, -64, 0, 72, -84, 86, 33, 52, -35, -81, 54, 89, 69, -87, -4, 1, 76, -53, -85, -71, -17, 24, -93 ]
  Site 7: [ -47, 27, -34, 50, 14, 72, 0, 16, -6, -80, -49, -62, -30, -65, 12, 21, -28, -89, -79, 78, -45, -35, -10, 77, -60, -76 ]
  Site 8: [ 55, 18, 57, -73, -58, -84, 16, 0, -9, 88, 63, 80, 39, -68, -28, 36, 13, 87, 83, -79, 67, -33, 92, -82, 75, -1 ]
  Site 9: [ -42, -5, -37, 56, -44, 86, -6, -9, 0, -82, -51, -77, -29, 48, -27, -19, -18, -74, -75, 60, -46, 17, 26, 61, -66, 24 ]
  Site 10: [ -55, 75, -57, -90, 68, 33, -80, 88, -82, 0, -36, -16, 67, 58, -79, -63, 83, -1, 13, -28, 39, 84, 73, -9, 18, 87 ]
  Site 11: [ -20, 56, -25, -3, 32, 52, -49, 63, -51, -36, 0, 21, 40, 23, -50, -41, 73, -43, 90, -10, -7, 69, 38, 19, -26, 71 ]
  Site 12: [ -47, 60, -34, -10, -65, -35, -62, 80, -77, -16, 21, 0, 45, 14, -78, -49, 79, 76, 28, -12, 30, 72, 50, 6, -27, 89 ]
  Site 13: [ -22, 44, -8, -32, 11, -81, -30, 39, -29, 67, 40, 45, 0, -31, 14, 7, -58, 64, 68, 65, -15, 53, -23, -46, 48, 54 ]
  Site 14: [ -8, -46, -22, -7, 15, 54, -65, -68, 48, 58, 23, 14, -31, 0, 45, 32, -67, -53, -39, 30, -11, -64, -40, 44, -29, -81 ]
  Site 15: [ -34, 6, -47, 49, -30, 89, 12, -28, -27, -79, -50, -78, 14, 45, 0, 10, 16, -72, -80, 62, 65, -76, -21, 60, -77, -35 ]
  Site 16: [ -20, 26, -25, 38, 23, 69, 21, 36, -19, -63, -41, -49, 7, 32, 10, 0, -91, -71, -73, 50, -40, 52, -3, 51, -56, 43 ]
  Site 17: [ 57, 9, 55, -63, 39, -87, -28, 13, -18, 83, 73, 79, -58, -67, 16, -91, 0, 84, 88, -80, 68, -1, -36, -75, 82, -33 ]
  Site 18: [ -70, 86, -59, 52, 81, -4, -89, 87, -74, -1, -43, 76, 64, -53, -72, -71, 84, 0, -33, -35, 54, 93, 69, 24, -17, 85 ]
  Site 19: [ -57, 82, -55, 36, 67, 1, -79, 83, -75, 13, 90, 28, 68, -39, -80, -73, 88, -33, 0, 16, -58, 87, 63, -18, 9, 84 ]
  Site 20: [ 34, -77, 47, 21, -45, 76, 78, -79, 60, -28, -10, -12, 65, 30, 62, 50, -80, -35, 16, 0, 14, -89, -49, -27, 6, -72 ]
  Site 21: [ 22, 48, 8, 23, 31, -53, -45, 67, -46, 39, -7, 30, -15, -11, 65, -40, 68, 54, -58, 14, 0, 81, 32, -29, 44, 64 ]
  Site 22: [ 59, -24, 70, -71, 54, -85, -35, -33, 17, 84, 69, 72, 53, -64, -76, 52, -1, 93, 87, -89, 81, 0, -43, -86, 74, 4 ]
  Site 23: [ 25, -19, 20, -41, -7, -71, -10, 92, 26, 73, 38, 50, -23, -40, -21, -3, -36, 69, 63, -49, 32, -43, 0, -56, 51, -52 ]
  Site 24: [ 42, -66, 37, -26, -48, -17, 77, -82, 61, -9, 19, 6, -46, 44, 60, 51, -75, 24, -18, -27, -29, -86, -56, 0, -5, -74 ]
  Site 25: [ -37, 61, -42, 19, 46, 24, -60, 75, -66, 18, -26, -27, 48, -29, -77, -56, 82, -17, 9, 6, 44, 74, 51, -5, 0, 86 ]
  Site 26: [ 70, -17, 59, -69, 53, -93, -76, -1, 24, 87, 71, 89, 54, -81, -35, 43, -33, 85, 84, -72, 64, 4, -52, -74, 86, 0 ]
  For site 1 of kind 1:
  +---------------------------------------------------+
  |     55     -47      -8      -8     -47     -55    |
  | 70     -42      25       0      25      42     -70|
  | 59      37     -20       2     -20     -37      59|
  |     57     -34     -22      22      34     -57    |
  +---------------------------------------------------+
  For site 2 of kind 2:
  +---------------------------------------------------+
  |     18      27      29     -46      60      75    |
  |-17      -5     -19      37     -51     -66      86|
  |-24       0      26      42      56      61     -74|
  |      9       6      44      48     -77      82    |
  +---------------------------------------------------+
  For site 4 of kind 3:
  +---------------------------------------------------+
  |    -73      50     -40      -7     -10     -90    |
  |-69      56     -41      25       0     -26      52|
  |-71     -51      38      20      -3      19     -43|
  |    -63      49     -32      23      21      36    |
  +---------------------------------------------------+
  For site 5 of kind 4:
  +---------------------------------------------------+
  |    -58      14       0      15     -65      68    |
  | 53     -44      -7      -8     -40     -48      81|
  | 54      29      23     -22      32      46     -64|
  |     39     -30      11      31     -45      67    |
  +---------------------------------------------------+
  For site 6 of kind 5:
  +---------------------------------------------------+
  |    -84      72     -64      54     -35      33    |
  |-93      86     -71      59     -43     -17      -4|
  |-85     -74      69      70      52      24       0|
  |    -87      89     -81     -53      76       1    |
  +---------------------------------------------------+
  For site 7 of kind 6:
  +---------------------------------------------------+
  |     16       0      14     -65     -62     -80    |
  |-76      -6     -10     -47      50      77     -89|
  |-35      27      21     -34     -49     -60      72|
  |    -28      12     -30     -45      78     -79    |
  +---------------------------------------------------+
  For site 8 of kind 7:
  +---------------------------------------------------+
  |      0      16     -58     -68      80      88    |
  | -1      -9      92      55     -73     -82      87|
  |-33      18      36      57      63      75     -84|
  |     13     -28      39      67     -79      83    |
  +---------------------------------------------------+
* Maximum (unsigned) Site pair kind: 93
General system setup:
* Number of sites       : 26
* Number of electrons   : 26
* Spin imbalance MS2    : 0
* Filling               : 0.500000
* Number of orbitals in pool: 26
* Using real-valued orbitals
* Using double-precision arithmetic for orbitals

Trial wave function setup:
* Jastrow parameter file: "wfn.casl"
* Not using multideterminants
* Backflow parameter file: "wfn.casl"
* Not using wave function manipulation

VMC #1:
* Size of Hilbert space =   1.0817E+14
* Number of equil. steps   = 1000
* Running VMC equilibration.
  Done. [total walltime: 0.34s]
* Equil. acc.ratio (%)     =  13.3867
* Sample config after equilibration:
  +-------------------------+
  |  u   0   d   d   d   d  |
  |d   d   u   2   u   u   u|
  |u   u   d   u   0   d   d|
  |  d   2   u   d   u   u  |
  +-------------------------+
* Number of accum. steps   = 512000 x 10
* Running VMC accumulation.
    [walltime: 1m elapsed, 7.68s remaining]
  Done. [total walltime: 1m8s]
* Acceptance ratio (%)     =  13.3663
* Etot/t                   =  -9.938933204895E+02 +/-   1.545482517588E-04
  > Ttot/t                 =  -9.593638426244E+01 +/-   1.002614980038E-03
  > Utot/t                 =   4.235121822381E+01 +/-   9.935534080487E-04
* var[Eloc/t]              =   1.240757918693E-02 +/-   7.953080417823E-05
* Correlation length       =   9.856236113479E-01
* log10 Psi^2 range: -79.97140159619674 -- -67.94812418477893
* log10 Pgen range : -79.97140159619674 -- -67.94812418477893
* Site occupation (ave. no. electrons per config.):
  > Site_  ___eu____  ___ed____
      1        0.500      0.495
      2        0.499      0.499
      3        0.496      0.497
      4        0.498      0.495
      5        0.500      0.506
      6        0.500      0.505
      7        0.502      0.503
      8        0.497      0.503
      9        0.499      0.494
     10        0.500      0.499
     11        0.493      0.499
     12        0.505      0.502
     13        0.504      0.503
     14        0.501      0.507
     15        0.501      0.505
     16        0.500      0.494
     17        0.499      0.498
     18        0.502      0.499
     19        0.501      0.498
     20        0.506      0.505
     21        0.505      0.503
     22        0.502      0.502
     23        0.496      0.498
     24        0.494      0.500
     25        0.496      0.494
     26        0.503      0.498
* Pair-correlation analysis (ave. no. pairs per config.):
  > Shell  nsite  ___dh____  __eueu___  __eued___
      0      1        0          0          4.671
      1      0        0.956      0.495      2.569
      2      0        0.144      0.357      0.521
      3      0        0.278      0.722      1.042
      4      0        0.235      0.778      1.047
      5      0        0.267      0.742      1.034
      6      0        0.807      0.844      2.393
      7      0        0.711      1.052      2.297
      8      0        0.628      1.242      2.214
      9      0        0.465      1.570      2.061
     10      0        0.545      1.422      2.138
     11      0        0.156      0.823      1.145
     12      0        0.156      0.839      1.131
     13      0        0.151      0.861      1.075
     14      0        0.245      2.098      1.951
     15      0        0.121      1.054      0.973
     16      0        0.239      2.082      1.937
     17      0        0.280      1.909      2.044
     18      0        0.252      2.034      1.952
     19      0        0.316      1.887      2.023
     20      0        0.330      1.873      2.034
     21      0        0.261      2.072      1.950
     22      0        0.259      2.103      1.932
     23      0        0.259      2.111      1.918
     24      0        0.251      2.084      1.930
     25      0        0.291      2.060      1.925
     26      0        0.285      2.055      1.920
     27      0        0.252      2.124      1.913
     28      0        0.236      1.974      2.046
     29      0        0.264      2.040      1.963
     30      0        0.242      1.976      2.077
     31      0        0.120      0.984      1.041
     32      0        0.266      2.038      1.969
     33      0        0.222      2.124      1.920
     34      0        0.267      2.038      1.976
     35      0        0.237      2.064      1.975
     36      0        0.263      2.000      1.973
     37      0        0.303      1.935      2.005
     38      0        0.152      0.968      1.002
     39      0        0.236      2.005      2.019
     40      0        0.283      1.914      2.060
     41      0        0.149      1.002      0.973
     42      0        0.297      2.007      1.946
     43      0        0.268      1.963      2.016
     44      0        0.284      1.887      2.081
     45      0        0.239      2.013      2.043
     46      0        0.263      2.014      1.985
     47      0        0.281      1.941      2.045
     48      0        0.264      1.969      2.029
     49      0        0.267      2.013      1.991
     50      0        0.270      1.982      2.017
     51      0        0.297      1.956      1.984
     52      0        0.263      2.016      1.972
     53      0        0.240      1.988      2.045
     54      0        0.239      2.031      1.999
     55      0        0.269      1.976      1.993
     56      0        0.295      1.986      1.962
     57      0        0.267      1.992      1.979
     58      0        0.238      2.023      1.998
     59      0        0.269      1.978      2.008
     60      0        0.261      2.011      1.996
     61      0        0.145      0.990      0.983
     62      0        0.120      1.016      1.010
     63      0        0.266      1.991      1.975
     64      0        0.236      2.022      2.015
     65      0        0.239      2.055      2.001
     66      0        0.146      0.982      0.991
     67      0        0.233      2.011      2.016
     68      0        0.236      2.016      2.006
     69      0        0.269      1.996      1.983
     70      0        0.264      2.008      1.985
     71      0        0.265      1.982      2.002
     72      0        0.237      2.020      2.015
     73      0        0.264      1.979      1.993
     74      0        0.262      1.990      1.992
     75      0        0.261      1.981      1.984
     76      0        0.264      1.855      2.134
     77      0        0.262      1.996      2.008
     78      0        0.119      1.009      1.019
     79      0        0.234      2.013      2.011
     80      0        0.235      2.011      2.012
     81      0        0.238      2.011      2.024
     82      0        0.260      1.984      1.982
     83      0        0.116      0.996      0.999
     84      0        0.232      2.005      2.002
     85      0        0.117      1.006      1.005
     86      0        0.259      1.993      1.993
     87      0        0.237      1.999      2.003
     88      0        0.116      1.001      0.996
     89      0        0.233      2.020      2.023
     90      0        0.135      0.978      1.000
     91      0        0.067      0.490      0.501
     92      0        0.068      0.487      0.503
     93      0        0.118      1.004      1.005

Optimization #1:
* Method          : lls
* Target function : energy
* No. of configs. : 102400
* No. of params.  : 736
* Before optimization:
  -1.1241E+01  -1.1249E+01  -1.1246E+01  -1.1228E+01  -1.1226E+01  -1.1229E+01
  -1.1234E+01   1.2865E+00   1.2929E+00  -2.0579E-02   1.1913E+00   1.7896E+00
   1.9862E+00   1.5876E+00   1.5775E+00   1.1724E+00   1.1643E+00   5.9849E-01
   5.9161E-01   1.5981E+00   1.5897E+00   1.3010E+00   1.2922E+00   5.0951E-01
   6.5762E-01   4.6858E-01   8.1573E-01   8.1396E-01   7.4696E-01   7.4696E-01
   7.4323E-01   1.4091E+00   1.4092E+00   1.1561E+00   1.1545E+00   1.0762E+00
   1.0757E+00   7.1508E-02   7.1726E-02   8.4029E-01   8.4033E-01   1.4885E-01
   1.4832E-01   7.4766E-01   7.4567E-01   1.5530E+00   1.5485E+00   2.2347E-01
   2.2375E-01   1.2230E+00   1.2233E+00   1.2121E+00   1.2088E+00   4.4701E-01
   4.4728E-01   7.2521E-01   7.2510E-01   4.7732E-01   4.7751E-01   4.0305E-01
   3.4439E-01   3.4476E-01   1.0273E+00   1.0282E+00  -1.7107E-01  -1.7260E-01
   7.0568E-01   7.0747E-01   3.3336E-01   3.3147E-01   3.9673E-02   3.9497E-02
   2.5311E-01   5.8183E-02   5.8204E-02   4.4738E-01   4.4735E-01   2.8627E-01
   7.4676E-02   7.1967E-02   5.5624E-01   5.5495E-01   8.2072E-01   8.2214E-01
   1.8397E-01   1.8110E-01   4.2373E-01   4.2443E-01  -6.9126E-02  -7.0171E-02
   4.4991E-01   4.4960E-01   1.2592E-01   1.2577E-01   1.5069E-01   1.5067E-01
   3.7121E-01   3.7180E-01   5.8936E-01   5.8451E-01   3.2749E-01   3.2559E-01
   3.0558E-01   3.0321E-01  -5.6843E-01  -5.6948E-01   3.8068E-01   3.8143E-01
  -5.9265E-01  -5.9330E-01   1.2932E-01   1.2678E-01  -3.4471E-01  -3.4464E-01
   2.9594E-01   2.9590E-01   5.6927E-01   5.4477E-02  -2.1088E-01  -2.1123E-01
   8.5969E-02   8.5646E-02   2.6009E-01   2.6009E-01   5.6371E-01  -1.7485E-01
  -1.7620E-01  -1.5435E-01  -1.5602E-01   5.6858E-02   5.6254E-02  -3.3492E-01
  -3.3613E-01   5.4597E-02   5.4715E-02  -8.9808E-04  -2.0105E-04  -2.0381E-01
  -2.0323E-01   2.7830E-01   2.7752E-01   2.3664E-03   1.9297E-03   7.8140E-01
   7.8473E-01   3.0538E-01   3.0595E-01   3.2170E-02  -2.7217E-01  -2.7305E-01
  -2.6628E-01  -2.6692E-01   9.2072E-02   9.1336E-02   4.7272E-03   5.0393E-03
  -5.5441E-01  -2.7785E-01  -2.7834E-01   1.4095E-03   2.7765E-01   2.7540E-01
  -2.7775E-01  -2.7736E-01  -5.5522E-01   1.7717E-03   1.2384E-03   4.2828E-01
   4.2757E-01   4.2694E-01   4.2741E-01   4.3022E-01   4.2672E-01   2.9137E+00
  -4.0570E+00   1.2824E+01  -1.2765E+01  -2.0639E+00   9.1280E-01  -7.0589E-01
  -9.4424E-01  -9.4168E+00   7.4766E+00  -4.9585E+00   3.4684E+00  -1.1227E+00
   4.5519E-02   6.2977E+00  -6.8080E+00  -1.5969E+00   7.7886E-02  -1.3640E+00
   1.4445E-01  -4.4586E-02  -4.6943E-01  -4.2822E-01  -2.3540E-01   6.4983E+00
  -6.9818E+00  -3.0044E-01  -5.3878E-01  -1.0237E-01  -6.6938E-01   2.9799E+00
  -3.7456E+00  -4.8980E+00   3.4963E+00  -1.4353E+00   2.6934E-01  -5.5171E+00
   4.4449E+00   5.6107E+00  -5.6789E+00  -1.2079E+00   3.5555E-01   6.4372E+00
  -6.5992E+00  -1.0063E+00   2.4391E-01  -4.9884E+00   3.3951E+00   5.5313E+00
  -5.7852E+00  -5.5979E+00   4.3441E+00  -4.8709E+00   3.6409E+00   3.1197E+00
  -3.5653E+00  -4.4686E+00   3.7429E+00  -1.4558E-01  -3.2753E-01   4.8360E-02
  -4.4980E-01  -7.9099E-01   4.4581E-01   2.9022E+00  -3.9780E+00   6.4521E+00
  -6.2811E+00  -3.5425E-01  -3.5343E-01   2.4551E+00  -2.7882E+00   2.1376E+00
  -2.1754E+00  -1.6252E+00   1.3722E+00   3.4665E+00  -3.5246E+00  -8.3391E-01
   3.9218E-01  -1.6382E+00   1.3506E+00   2.1228E+00  -2.1972E+00  -1.0122E+00
   4.5831E-01  -4.5147E+00   3.6989E+00   8.1420E-03  -1.9227E-01  -4.3198E+00
   3.8948E+00   6.4079E+00  -6.3318E+00  -4.3333E+00   3.8841E+00  -8.4084E-01
   7.1463E-01  -8.5113E-01   7.0182E-01  -5.1744E+00   4.8029E+00  -1.0311E+00
   4.4148E-01  -3.2739E-02  -2.9382E-01  -1.4342E-02  -2.8918E-01   1.0045E+01
  -9.4754E+00  -5.1788E+00   4.7980E+00   1.0057E+01  -9.4642E+00   3.4301E+00
  -3.5598E+00   6.5708E+00  -6.2263E+00  -4.4150E+00   4.1196E+00  -8.7632E+00
   8.1936E+00  -8.5046E-02   2.8641E-02   2.7209E+00  -2.5097E+00   9.0406E-02
  -1.7573E-01  -2.3533E-02  -2.3785E-01  -8.7611E+00   8.1961E+00   3.5842E+00
  -3.4095E+00   3.5732E+00  -3.4181E+00  -7.7667E-01   7.1935E-01   6.5664E+00
  -6.2301E+00  -7.7517E-01   7.2181E-01  -2.9216E-02   2.9749E-02   2.7169E+00
  -2.5109E+00  -4.3781E+00   4.1000E+00  -8.7847E-01   8.7658E-01  -4.0040E-01
  -3.7911E-01  -4.4218E+00   4.1163E+00  -7.6610E-02   4.2905E-02   3.4705E+00
  -3.1977E+00   3.4672E+00  -3.2021E+00   8.7387E-02  -1.7842E-01  -8.7757E-01
   8.7181E-01   7.0035E+00  -6.4489E+00   3.5018E+00  -3.2241E+00  -6.5215E-05
  -2.0456E-03  -4.3786E+00   4.1016E+00   3.5025E+00  -3.2246E+00   7.0055E+00
  -6.4502E+00  -3.0000E-02   2.8605E-02   2.4140E+00  -2.8363E+00   2.4151E+00
  -2.8371E+00   2.4154E+00  -2.8383E+00   1.0000E+00   1.0000E+00   1.0000E+00
   1.0000E+00   1.0000E+00   1.0000E+00   1.0000E+00   0.0000E+00   0.0000E+00
   0.0000E+00   0.0000E+00   0.0000E+00   0.0000E+00   0.0000E+00   0.0000E+00
   0.0000E+00   0.0000E+00   0.0000E+00   0.0000E+00   0.0000E+00   0.0000E+00
   0.0000E+00   0.0000E+00   0.0000E+00   0.0000E+00   0.0000E+00   0.0000E+00
   0.0000E+00   0.0000E+00   0.0000E+00   0.0000E+00   0.0000E+00   0.0000E+00
   0.0000E+00   0.0000E+00   0.0000E+00   0.0000E+00   0.0000E+00   0.0000E+00
   0.0000E+00   0.0000E+00   0.0000E+00   0.0000E+00   0.0000E+00   0.0000E+00
   0.0000E+00   0.0000E+00   0.0000E+00   0.0000E+00   0.0000E+00   0.0000E+00
   0.0000E+00   0.0000E+00   0.0000E+00   0.0000E+00   0.0000E+00   0.0000E+00
   0.0000E+00   0.0000E+00   0.0000E+00   0.0000E+00   0.0000E+00   0.0000E+00
   0.0000E+00   0.0000E+00   0.0000E+00   0.0000E+00   0.0000E+00   0.0000E+00
   0.0000E+00   0.0000E+00   0.0000E+00   0.0000E+00   0.0000E+00   0.0000E+00
   0.0000E+00   0.0000E+00   0.0000E+00   0.0000E+00   0.0000E+00   0.0000E+00
   0.0000E+00   0.0000E+00   0.0000E+00   0.0000E+00   0.0000E+00   0.0000E+00
   0.0000E+00   0.0000E+00   0.0000E+00   0.0000E+00   0.0000E+00   0.0000E+00
   0.0000E+00   0.0000E+00   0.0000E+00   0.0000E+00   0.0000E+00   0.0000E+00
   0.0000E+00   0.0000E+00   0.0000E+00   0.0000E+00   0.0000E+00   0.0000E+00
   0.0000E+00   0.0000E+00   0.0000E+00   0.0000E+00   0.0000E+00   0.0000E+00
   0.0000E+00   0.0000E+00   0.0000E+00   0.0000E+00   0.0000E+00   0.0000E+00
   0.0000E+00   0.0000E+00   0.0000E+00   0.0000E+00   0.0000E+00   0.0000E+00
   0.0000E+00   0.0000E+00   0.0000E+00   0.0000E+00   0.0000E+00   0.0000E+00
   0.0000E+00   0.0000E+00   0.0000E+00   0.0000E+00   0.0000E+00   0.0000E+00
   0.0000E+00   0.0000E+00   0.0000E+00   0.0000E+00   0.0000E+00   0.0000E+00
   0.0000E+00   0.0000E+00   0.0000E+00   0.0000E+00   0.0000E+00   0.0000E+00
   0.0000E+00   0.0000E+00   0.0000E+00   0.0000E+00   0.0000E+00   0.0000E+00
   0.0000E+00   0.0000E+00   0.0000E+00   0.0000E+00   0.0000E+00   0.0000E+00
   0.0000E+00   0.0000E+00   0.0000E+00   0.0000E+00   0.0000E+00   0.0000E+00
   0.0000E+00   0.0000E+00   0.0000E+00   0.0000E+00   0.0000E+00   0.0000E+00
   0.0000E+00   0.0000E+00   0.0000E+00   0.0000E+00   0.0000E+00   0.0000E+00
   0.0000E+00   0.0000E+00   0.0000E+00   0.0000E+00   0.0000E+00   0.0000E+00
   0.0000E+00   0.0000E+00   0.0000E+00   0.0000E+00   0.0000E+00   0.0000E+00
   0.0000E+00   0.0000E+00   0.0000E+00   0.0000E+00   0.0000E+00   0.0000E+00
   0.0000E+00   0.0000E+00   0.0000E+00   0.0000E+00   0.0000E+00   0.0000E+00
   0.0000E+00   0.0000E+00   0.0000E+00   0.0000E+00   0.0000E+00   0.0000E+00
   0.0000E+00   0.0000E+00   0.0000E+00   0.0000E+00   0.0000E+00   0.0000E+00
   0.0000E+00   0.0000E+00   0.0000E+00   0.0000E+00   0.0000E+00   0.0000E+00
   0.0000E+00   0.0000E+00   0.0000E+00   0.0000E+00   0.0000E+00   0.0000E+00
   0.0000E+00   0.0000E+00   0.0000E+00   0.0000E+00   0.0000E+00   0.0000E+00
   0.0000E+00   0.0000E+00   0.0000E+00   0.0000E+00   0.0000E+00   0.0000E+00
   0.0000E+00   0.0000E+00   0.0000E+00   0.0000E+00   0.0000E+00   0.0000E+00
   0.0000E+00   0.0000E+00   0.0000E+00   0.0000E+00   0.0000E+00   0.0000E+00
   0.0000E+00   0.0000E+00   0.0000E+00   0.0000E+00   0.0000E+00   0.0000E+00
   0.0000E+00   0.0000E+00   0.0000E+00   0.0000E+00   0.0000E+00   0.0000E+00
   0.0000E+00   0.0000E+00   0.0000E+00   0.0000E+00   0.0000E+00   0.0000E+00
   0.0000E+00   0.0000E+00   0.0000E+00   0.0000E+00   0.0000E+00   0.0000E+00
   0.0000E+00   0.0000E+00   0.0000E+00   0.0000E+00   0.0000E+00   0.0000E+00
   0.0000E+00   0.0000E+00   0.0000E+00   0.0000E+00   0.0000E+00   0.0000E+00
   0.0000E+00   0.0000E+00   0.0000E+00   0.0000E+00   0.0000E+00   0.0000E+00
   0.0000E+00   0.0000E+00   0.0000E+00   0.0000E+00   0.0000E+00   0.0000E+00
   0.0000E+00   0.0000E+00   0.0000E+00   0.0000E+00   0.0000E+00   0.0000E+00
   0.0000E+00   0.0000E+00   0.0000E+00   0.0000E+00   0.0000E+00   0.0000E+00
   0.0000E+00   0.0000E+00   0.0000E+00   0.0000E+00   0.0000E+00   0.0000E+00
   0.0000E+00   0.0000E+00   0.0000E+00   0.0000E+00   0.0000E+00   0.0000E+00
   0.0000E+00   0.0000E+00   0.0000E+00   0.0000E+00   0.0000E+00   0.0000E+00
   0.0000E+00   0.0000E+00   0.0000E+00   0.0000E+00   0.0000E+00   0.0000E+00
   0.0000E+00   0.0000E+00   0.0000E+00   0.0000E+00   0.0000E+00   0.0000E+00
   0.0000E+00   0.0000E+00   0.0000E+00   0.0000E+00   0.0000E+00   0.0000E+00
   0.0000E+00   0.0000E+00   0.0000E+00   0.0000E+00   0.0000E+00   0.0000E+00
   0.0000E+00   0.0000E+00   0.0000E+00   0.0000E+00   0.0000E+00   0.0000E+00
   0.0000E+00   0.0000E+00   0.0000E+00   0.0000E+00   0.0000E+00   0.0000E+00
   0.0000E+00   0.0000E+00   0.0000E+00   0.0000E+00   0.0000E+00   0.0000E+00
   0.0000E+00   0.0000E+00   0.0000E+00   0.0000E+00   0.0000E+00   0.0000E+00
   0.0000E+00   0.0000E+00   0.0000E+00   0.0000E+00
  > E    =  -9.938934348111E+02 +/-   3.482655091263E-04
  > varE =   1.241997976033E-02
* Computing derivatives.
    [walltime: 13m43s elapsed, 2h37m remaining]
    [walltime: 1h8m elapsed, 1h42m remaining]
  Done. [total walltime: 2h51m]
* Optimizing manipulation constant:
  #igrid a___________ E____________________________________ varE____________
     1     Infinity    -9.93893435E+02 +/-   3.48265509E-04   1.24199798E-02
     2     1.0000E+06  -9.93893435E+02 +/-   3.48265236E-04   1.24199603E-02
     3     2.1544E+05  -9.93893435E+02 +/-   3.48264070E-04   1.24198771E-02
     4     4.6416E+04  -9.93893435E+02 +/-   3.48255209E-04   1.24192451E-02
     5     1.0000E+04  -9.93893432E+02 +/-   3.48153535E-04   1.24119946E-02
     6     2.1544E+03  -9.93893030E+02 +/-   3.52173275E-04   1.27002640E-02
     7     4.6416E+02  -9.93596945E+02 +/-   1.84521207E-03   3.48652298E-01
     8     1.0000E+02  -9.88577918E+02 +/-   7.46958964E-03   5.71338439E+00
     9     2.1544E+01 (error)
    10     4.6416E+00 (error)
    11     1.0000E+00 (error)
    12     2.1544E-01 (error)
    13     4.6416E-02   1.58256163E+49 +/-   0.00000000E+00  -1.00000000E+00
    14     1.0000E-02   1.37992875E+48 +/-   0.00000000E+00  -1.00000000E+00
    15     2.1544E-03   1.37925554E+48 +/-   0.00000000E+00  -1.00000000E+00
    16     4.6416E-04   1.37925524E+48 +/-   0.00000000E+00  -1.00000000E+00
    17     1.0000E-04   1.37925530E+48 +/-   0.00000000E+00  -1.00000000E+00
    18     2.1544E-05   1.37925532E+48 +/-   0.00000000E+00  -1.00000000E+00
    19     4.6416E-06   1.37925532E+48 +/-   0.00000000E+00  -1.00000000E+00
    20     1.0000E-06   1.37925532E+48 +/-   0.00000000E+00  -1.00000000E+00
    21     0.0000E+00   1.37925532E+48 +/-   0.00000000E+00  -1.00000000E+00
* Iteration # 1: E =  -9.938934350936E+02 +/-   3.482552088697E-04
* Convergence: exiting.
* After optimization:
  -1.1240E+01  -1.1250E+01  -1.1247E+01  -1.1228E+01  -1.1227E+01  -1.1228E+01
  -1.1233E+01   1.2864E+00   1.2928E+00  -2.0567E-02   1.1916E+00   1.7896E+00
   1.9866E+00   1.5876E+00   1.5776E+00   1.1727E+00   1.1646E+00   5.9861E-01
   5.9173E-01   1.5982E+00   1.5899E+00   1.3010E+00   1.2922E+00   5.0973E-01
   6.5731E-01   4.6852E-01   8.1569E-01   8.1391E-01   7.4718E-01   7.4678E-01
   7.4304E-01   1.4093E+00   1.4094E+00   1.1563E+00   1.1547E+00   1.0766E+00
   1.0761E+00   7.1689E-02   7.1907E-02   8.4031E-01   8.4035E-01   1.4897E-01
   1.4844E-01   7.4795E-01   7.4596E-01   1.5532E+00   1.5487E+00   2.2365E-01
   2.2393E-01   1.2234E+00   1.2236E+00   1.2121E+00   1.2089E+00   4.4682E-01
   4.4710E-01   7.2553E-01   7.2542E-01   4.7727E-01   4.7747E-01   4.0327E-01
   3.4468E-01   3.4505E-01   1.0273E+00   1.0281E+00  -1.7122E-01  -1.7275E-01
   7.0553E-01   7.0732E-01   3.3351E-01   3.3162E-01   3.9888E-02   3.9712E-02
   2.5346E-01   5.8263E-02   5.8285E-02   4.4766E-01   4.4763E-01   2.8661E-01
   7.4891E-02   7.2182E-02   5.5641E-01   5.5513E-01   8.2104E-01   8.2246E-01
   1.8393E-01   1.8105E-01   4.2405E-01   4.2475E-01  -6.9276E-02  -7.0322E-02
   4.5022E-01   4.4991E-01   1.2594E-01   1.2579E-01   1.5071E-01   1.5068E-01
   3.7160E-01   3.7218E-01   5.8953E-01   5.8468E-01   3.2761E-01   3.2570E-01
   3.0569E-01   3.0332E-01  -5.6846E-01  -5.6950E-01   3.8106E-01   3.8181E-01
  -5.9268E-01  -5.9332E-01   1.2940E-01   1.2686E-01  -3.4470E-01  -3.4463E-01
   2.9599E-01   2.9595E-01   5.6968E-01   5.4161E-02  -2.1074E-01  -2.1109E-01
   8.6081E-02   8.5758E-02   2.6004E-01   2.6005E-01   5.6413E-01  -1.7477E-01
  -1.7612E-01  -1.5427E-01  -1.5594E-01   5.7032E-02   5.6428E-02  -3.3492E-01
  -3.3613E-01   5.4771E-02   5.4889E-02  -1.0557E-03  -3.5864E-04  -2.0367E-01
  -2.0309E-01   2.7851E-01   2.7772E-01   2.5409E-03   2.1041E-03   7.8125E-01
   7.8458E-01   3.0543E-01   3.0600E-01   3.1855E-02  -2.7236E-01  -2.7324E-01
  -2.6647E-01  -2.6711E-01   9.2184E-02   9.1447E-02   4.9015E-03   5.2137E-03
  -5.5448E-01  -2.7788E-01  -2.7838E-01   1.4095E-03   2.7786E-01   2.7561E-01
  -2.7778E-01  -2.7739E-01  -5.5528E-01   1.6141E-03   1.0808E-03   4.2842E-01
   4.2771E-01   4.2709E-01   4.2756E-01   4.3037E-01   4.2686E-01   2.9137E+00
  -4.0569E+00   1.2824E+01  -1.2765E+01  -2.0638E+00   9.1229E-01  -7.0589E-01
  -9.4424E-01  -9.4171E+00   7.4764E+00  -4.9584E+00   3.4683E+00  -1.1227E+00
   4.5212E-02   6.2976E+00  -6.8081E+00  -1.5971E+00   7.7847E-02  -1.3637E+00
   1.4417E-01  -4.4708E-02  -4.6954E-01  -4.2786E-01  -2.3545E-01   6.4982E+00
  -6.9817E+00  -3.0032E-01  -5.3886E-01  -1.0249E-01  -6.6948E-01   2.9801E+00
  -3.7455E+00  -4.8981E+00   3.4962E+00  -1.4354E+00   2.6931E-01  -5.5171E+00
   4.4445E+00   5.6108E+00  -5.6792E+00  -1.2076E+00   3.5527E-01   6.4371E+00
  -6.5992E+00  -1.0063E+00   2.4360E-01  -4.9885E+00   3.3950E+00   5.5313E+00
  -5.7854E+00  -5.5979E+00   4.3437E+00  -4.8708E+00   3.6408E+00   3.1199E+00
  -3.5653E+00  -4.4688E+00   3.7427E+00  -1.4546E-01  -3.2761E-01   4.8238E-02
  -4.4990E-01  -7.9097E-01   4.4551E-01   2.9022E+00  -3.9779E+00   6.4523E+00
  -6.2811E+00  -3.5407E-01  -3.5346E-01   2.4551E+00  -2.7884E+00   2.1375E+00
  -2.1755E+00  -1.6250E+00   1.3716E+00   3.4664E+00  -3.5246E+00  -8.3389E-01
   3.9187E-01  -1.6381E+00   1.3501E+00   2.1227E+00  -2.1973E+00  -1.0121E+00
   4.5805E-01  -4.5149E+00   3.6988E+00   8.2669E-03  -1.9235E-01  -4.3200E+00
   3.8946E+00   6.4080E+00  -6.3318E+00  -4.3334E+00   3.8839E+00  -8.4057E-01
   7.1435E-01  -8.5086E-01   7.0154E-01  -5.1745E+00   4.8025E+00  -1.0311E+00
   4.4122E-01  -3.2801E-02  -2.9387E-01  -1.4404E-02  -2.8924E-01   1.0045E+01
  -9.4753E+00  -5.1788E+00   4.7976E+00   1.0057E+01  -9.4641E+00   3.4300E+00
  -3.5598E+00   6.5707E+00  -6.2262E+00  -4.4149E+00   4.1195E+00  -8.7634E+00
   8.1934E+00  -8.4675E-02   2.8585E-02   2.7209E+00  -2.5099E+00   9.0345E-02
  -1.7578E-01  -2.3408E-02  -2.3793E-01  -8.7613E+00   8.1959E+00   3.5841E+00
  -3.4095E+00   3.5731E+00  -3.4181E+00  -7.7659E-01   7.1910E-01   6.5664E+00
  -6.2301E+00  -7.7508E-01   7.2156E-01  -2.9031E-02   2.9721E-02   2.7169E+00
  -2.5111E+00  -4.3782E+00   4.0999E+00  -8.7860E-01   8.7654E-01  -4.0022E-01
  -3.7914E-01  -4.4217E+00   4.1162E+00  -7.6239E-02   4.2849E-02   3.4707E+00
  -3.1977E+00   3.4674E+00  -3.2020E+00   8.7327E-02  -1.7848E-01  -8.7771E-01
   8.7177E-01   7.0034E+00  -6.4488E+00   3.5018E+00  -3.2240E+00  -6.5206E-05
  -2.0455E-03  -4.3787E+00   4.1015E+00   3.5024E+00  -3.2245E+00   7.0054E+00
  -6.4501E+00  -2.9814E-02   2.8577E-02   2.4140E+00  -2.8364E+00   2.4152E+00
  -2.8373E+00   2.4154E+00  -2.8385E+00   1.0003E+00   9.9959E-01   9.9955E-01
   1.0002E+00   9.9973E-01   1.0003E+00   1.0002E+00   4.7347E-05   1.4545E-03
   1.0120E-04  -9.3047E-04   1.9867E-03  -3.3958E-05   1.3368E-03   3.0344E-04
   4.2284E-04  -3.2943E-04  -5.3809E-04   4.1279E-04   3.6902E-04  -9.9884E-04
  -5.9049E-04   1.2383E-04   1.5754E-03   8.0001E-04  -4.7589E-04   8.6934E-04
   6.0227E-05   4.2285E-04  -2.9578E-04   1.6719E-03  -3.4485E-05   1.1482E-03
  -6.1191E-04  -2.1191E-03  -3.7671E-04   4.9968E-04  -3.3439E-03   2.6959E-04
   3.4976E-04  -4.0777E-04   5.4460E-04  -7.7227E-04   2.6909E-03  -1.3657E-03
  -1.2706E-03  -1.3049E-03   2.3673E-03   2.7806E-03  -7.5638E-04  -1.8363E-03
  -1.0039E-04  -2.0166E-04  -1.6824E-03   1.9092E-03  -1.6255E-03   1.2547E-03
  -1.0659E-03   1.4757E-03  -2.5736E-04   1.2230E-03   1.3899E-03   1.5432E-03
   9.2532E-04   1.6221E-04  -6.8608E-04   2.3280E-03   5.0389E-05   1.4771E-04
   6.7723E-04   8.9800E-05   1.8948E-03   1.3112E-03  -1.7273E-04  -4.8491E-04
   1.4917E-04   8.5026E-04  -1.1517E-03   5.2895E-04   6.8275E-05  -1.1722E-03
  -1.3675E-04   3.6054E-04  -8.3087E-04   2.9281E-04  -6.9581E-04  -3.6424E-04
  -1.6017E-04   4.3369E-04   1.4370E-04   3.4182E-04   6.8586E-04  -7.1955E-04
  -4.7439E-04   1.7265E-03  -5.2318E-04  -1.4245E-05  -1.4261E-05  -1.4259E-05
  -3.8511E-04  -1.5994E-03   2.6599E-04   3.3669E-05  -2.7901E-03   1.0158E-05
  -3.2311E-04   4.9714E-04  -2.0491E-05  -2.0246E-07   3.1483E-04  -2.2802E-05
   2.8407E-04   1.4531E-03  -2.7588E-04  -4.3359E-04   1.2120E-04   3.8534E-03
  -9.8926E-05   1.0914E-03   1.2073E-03  -9.6889E-04   5.9219E-04  -7.3848E-04
   2.9066E-04  -1.7021E-05  -6.2040E-04  -3.3908E-07  -2.4174E-03  -7.2930E-05
   6.2345E-05  -2.5838E-03   1.2087E-03   2.1060E-04   7.1781E-04  -2.3172E-04
  -5.8204E-05   5.4352E-03   2.0439E-05  -2.5009E-03  -2.0759E-03   6.6937E-04
  -2.5551E-05   1.0467E-03  -2.1315E-03  -4.7311E-04  -5.4360E-04  -3.3751E-03
   2.5617E-03  -3.5319E-04   1.2407E-03   1.5193E-03   1.0850E-04   1.5374E-05
   9.1691E-06   1.6905E-03  -2.5979E-04  -2.7140E-05   2.6870E-04  -3.1193E-04
   3.2397E-05  -2.6332E-05   2.3527E-06   2.9405E-04   1.0661E-04   1.0203E-03
   3.6597E-04  -2.4439E-05  -4.6249E-04  -6.5779E-04  -9.6645E-06  -2.1496E-04
  -9.5647E-07   3.4296E-04  -1.1413E-03  -2.5566E-05   8.1566E-04  -1.9976E-04
  -2.4262E-03  -3.8927E-04  -3.6045E-04   4.1000E-05   7.2372E-04  -5.5098E-06
   3.7114E-04  -9.0971E-06  -7.1407E-04  -9.3877E-04   1.1461E-03  -1.9093E-04
  -7.0550E-06  -7.0423E-06  -7.0729E-06  -5.0412E-07   1.6527E-03   4.8008E-06
   4.5981E-04   1.3807E-03   1.3265E-03   2.3719E-04   2.3258E-04   5.2608E-04
  -3.0532E-04   7.4576E-05  -1.5192E-06   1.8578E-03  -8.4984E-04  -1.0124E-04
   2.0267E-03  -2.6155E-04  -1.3413E-03  -1.8048E-03   9.6357E-04   2.6139E-05
   1.0347E-03  -1.0977E-03   4.0832E-05   4.2990E-06   1.9702E-04   2.4305E-03
   1.3922E-05  -3.2747E-04   1.2227E-03  -2.0493E-05   4.1887E-04  -2.0120E-03
   6.3093E-04   5.2072E-04  -1.9112E-03  -3.6824E-04   1.0482E-06   5.6625E-05
   4.0418E-04   5.3222E-04   6.6171E-04  -2.4153E-04  -4.6210E-04   3.6179E-06
   1.0190E-04  -1.9219E-03   1.0291E-04  -4.4236E-04  -1.5312E-03  -9.9888E-04
  -3.3681E-05   2.0657E-03  -3.7054E-04   3.9228E-05  -6.9447E-05   3.5061E-03
  -5.1491E-04  -2.2764E-04   3.5016E-05   1.4138E-03   3.4770E-04  -1.9697E-03
  -1.4448E-05  -9.6280E-04  -1.5967E-04   2.4579E-03   1.4325E-04  -1.4542E-03
   1.5728E-03   1.5207E-03   4.5577E-04   3.6725E-04  -1.5814E-04  -5.1082E-04
  -3.4414E-04  -9.8826E-04  -1.1251E-04   1.7975E-03  -6.3403E-04  -8.7561E-04
  -3.1400E-04   2.3892E-04   4.6488E-04   2.5915E-04   8.6099E-05   1.5812E-04
   5.4247E-04   5.7329E-04   1.1431E-04  -2.4082E-05  -2.4083E-05  -2.4082E-05
  -1.1237E-04   2.8022E-06  -1.1845E-03   3.9162E-04  -4.8003E-04  -6.5079E-04
  -5.4145E-05  -6.0876E-04   2.0079E-04  -7.2903E-04   7.1779E-04   5.1332E-04
   1.7286E-03   2.3367E-04   6.2155E-04   2.1835E-03  -2.6427E-04   9.3655E-04
  -2.7038E-03   2.5307E-03   3.6389E-04   5.5092E-06  -9.2842E-04  -4.0199E-04
  -1.3771E-03   2.1439E-04   6.6172E-04   6.2536E-04  -6.2575E-04   1.5264E-03
  -4.5785E-04   1.1790E-03  -1.0728E-03   4.9159E-04   1.6463E-03  -2.6875E-03
   3.4585E-04   2.7454E-03   1.4428E-03  -8.2611E-04  -2.3882E-04  -1.0362E-03
  -3.0477E-03   1.3410E-03  -2.9169E-04  -2.7085E-04  -2.2639E-03  -1.5898E-03
   2.1024E-04  -2.5890E-04  -1.0128E-03   2.5516E-03   6.9854E-04  -9.7805E-05
  -1.1746E-03   2.3110E-04   1.7032E-03  -1.4674E-03  -1.2118E-04   4.0916E-04
  -8.8184E-04   2.7099E-04  -2.1150E-03  -3.9758E-04  -9.4595E-04  -1.0342E-03
   1.5127E-03   2.9155E-04  -1.4318E-03   7.6580E-04   6.6073E-04   1.3925E-03
  -1.6262E-04   1.1651E-04  -4.7984E-04  -2.3292E-04  -5.3321E-04   5.1860E-04
  -9.2159E-04  -3.2752E-04  -8.7182E-04  -1.1284E-04   5.2888E-04   3.1574E-04
   2.8847E-04  -6.0884E-04   1.6358E-04   7.8136E-05  -7.1570E-06   4.4655E-04
  -1.6865E-05  -1.6866E-05  -1.6891E-05   2.7230E-04
  > Energy =  -9.938934350936E+02 +/-   3.482552088697E-04
  > varE =   1.241924510770E-02

VMC #2:
* Size of Hilbert space =   1.0817E+14
* Number of equil. steps   = 1000
* Running VMC equilibration.
  Done. [total walltime: 0.34s]
* Equil. acc.ratio (%)     =  13.4136
* Sample config after equilibration:
  +-------------------------+
  |  d   u   u   d   0   u  |
  |u   d   d   u   2   d   u|
  |u   d   0   0   0   u   d|
  |  d   2   u   2   2   d  |
  +-------------------------+
* Number of accum. steps   = 512000 x 10
* Running VMC accumulation.
    [walltime: 1m elapsed, 8.31s remaining]
  Done. [total walltime: 1m9s]
* Acceptance ratio (%)     =  13.3711
* Etot/t                   =  -9.938932663889E+02 +/-   1.537177724554E-04
  > Ttot/t                 =  -9.593560680949E+01 +/-   1.012497201738E-03
  > Utot/t                 =   4.235049487153E+01 +/-   1.005464602753E-03
* var[Eloc/t]              =   1.234971765911E-02 +/-   5.108411336495E-05
* Correlation length       =   9.796277907799E-01
* log10 Psi^2 range: -80.90722489131242 -- -68.31769190857455
* log10 Pgen range : -80.90722489131242 -- -68.31769190857455
* Site occupation (ave. no. electrons per config.):
  > Site_  ___eu____  ___ed____
      1        0.496      0.500
      2        0.498      0.499
      3        0.494      0.496
      4        0.496      0.498
      5        0.503      0.501
      6        0.502      0.499
      7        0.504      0.502
      8        0.499      0.499
      9        0.494      0.496
     10        0.497      0.499
     11        0.495      0.496
     12        0.500      0.507
     13        0.504      0.503
     14        0.506      0.502
     15        0.504      0.500
     16        0.500      0.499
     17        0.500      0.500
     18        0.503      0.503
     19        0.500      0.502
     20        0.504      0.504
     21        0.505      0.503
     22        0.500      0.503
     23        0.498      0.498
     24        0.498      0.494
     25        0.496      0.494
     26        0.501      0.503
* Pair-correlation analysis (ave. no. pairs per config.):
  > Shell  nsite  ___dh____  __eueu___  __eued___
      0      1        0          0          4.660
      1      0        0.956      0.495      2.572
      2      0        0.143      0.357      0.522
      3      0        0.279      0.725      1.046
      4      0        0.229      0.782      1.052
      5      0        0.262      0.741      1.032
      6      0        0.798      0.836      2.401
      7      0        0.707      1.057      2.303
      8      0        0.629      1.242      2.210
      9      0        0.457      1.571      2.064
     10      0        0.549      1.420      2.134
     11      0        0.158      0.825      1.141
     12      0        0.154      0.840      1.127
     13      0        0.148      0.864      1.076
     14      0        0.242      2.095      1.951
     15      0        0.122      1.049      0.975
     16      0        0.240      2.076      1.936
     17      0        0.279      1.915      2.031
     18      0        0.249      2.029      1.957
     19      0        0.319      1.880      2.024
     20      0        0.327      1.876      2.035
     21      0        0.259      2.076      1.953
     22      0        0.261      2.095      1.932
     23      0        0.258      2.118      1.920
     24      0        0.246      2.086      1.931
     25      0        0.297      2.059      1.920
     26      0        0.280      2.062      1.921
     27      0        0.249      2.114      1.907
     28      0        0.234      1.980      2.039
     29      0        0.256      2.047      1.960
     30      0        0.244      1.970      2.074
     31      0        0.119      0.988      1.042
     32      0        0.267      2.038      1.969
     33      0        0.221      2.121      1.922
     34      0        0.268      2.028      1.972
     35      0        0.233      2.061      1.981
     36      0        0.263      2.005      1.972
     37      0        0.300      1.930      2.004
     38      0        0.154      0.970      1.003
     39      0        0.235      1.998      2.023
     40      0        0.284      1.919      2.062
     41      0        0.145      1.007      0.984
     42      0        0.295      2.002      1.945
     43      0        0.267      1.967      2.023
     44      0        0.279      1.882      2.080
     45      0        0.236      2.011      2.047
     46      0        0.262      2.013      1.978
     47      0        0.280      1.942      2.037
     48      0        0.263      1.971      2.021
     49      0        0.265      2.013      1.991
     50      0        0.269      1.986      2.011
     51      0        0.292      1.959      1.990
     52      0        0.262      2.022      1.978
     53      0        0.244      1.978      2.051
     54      0        0.236      2.036      2.003
     55      0        0.266      1.973      1.997
     56      0        0.291      1.982      1.969
     57      0        0.267      1.994      1.975
     58      0        0.236      2.031      1.991
     59      0        0.269      1.979      2.003
     60      0        0.259      2.008      1.987
     61      0        0.142      0.987      0.983
     62      0        0.117      1.017      1.009
     63      0        0.262      1.994      1.985
     64      0        0.238      2.024      2.014
     65      0        0.237      2.052      2.001
     66      0        0.142      0.980      0.990
     67      0        0.234      2.008      2.016
     68      0        0.233      2.015      2.011
     69      0        0.264      2.004      1.995
     70      0        0.268      2.007      1.982
     71      0        0.268      1.986      2.003
     72      0        0.234      2.023      2.015
     73      0        0.267      1.984      1.986
     74      0        0.258      2.000      1.983
     75      0        0.257      1.983      1.981
     76      0        0.263      1.857      2.130
     77      0        0.262      1.987      2.002
     78      0        0.117      1.007      1.019
     79      0        0.233      2.008      2.011
     80      0        0.232      2.017      2.006
     81      0        0.240      2.010      2.025
     82      0        0.258      1.977      1.985
     83      0        0.116      0.996      0.998
     84      0        0.230      2.009      2.003
     85      0        0.119      1.007      1.005
     86      0        0.257      1.989      1.996
     87      0        0.234      2.001      2.008
     88      0        0.115      1.001      0.997
     89      0        0.236      2.011      2.026
     90      0        0.135      0.974      1.000
     91      0        0.067      0.494      0.505
     92      0        0.066      0.490      0.502
     93      0        0.116      1.005      1.008

Optimization #2:
* Method          : lls
* Target function : energy
* No. of configs. : 102400
* No. of params.  : 736
* Before optimization:
  -1.1240E+01  -1.1250E+01  -1.1247E+01  -1.1228E+01  -1.1227E+01  -1.1228E+01
  -1.1233E+01   1.2864E+00   1.2928E+00  -2.0567E-02   1.1916E+00   1.7896E+00
   1.9866E+00   1.5876E+00   1.5776E+00   1.1727E+00   1.1646E+00   5.9861E-01
   5.9173E-01   1.5982E+00   1.5899E+00   1.3010E+00   1.2922E+00   5.0973E-01
   6.5731E-01   4.6852E-01   8.1569E-01   8.1391E-01   7.4718E-01   7.4678E-01
   7.4304E-01   1.4093E+00   1.4094E+00   1.1563E+00   1.1547E+00   1.0766E+00
   1.0761E+00   7.1689E-02   7.1907E-02   8.4031E-01   8.4035E-01   1.4897E-01
   1.4844E-01   7.4795E-01   7.4596E-01   1.5532E+00   1.5487E+00   2.2365E-01
   2.2393E-01   1.2234E+00   1.2236E+00   1.2121E+00   1.2089E+00   4.4682E-01
   4.4710E-01   7.2553E-01   7.2542E-01   4.7727E-01   4.7747E-01   4.0327E-01
   3.4468E-01   3.4505E-01   1.0273E+00   1.0281E+00  -1.7122E-01  -1.7275E-01
   7.0553E-01   7.0732E-01   3.3351E-01   3.3162E-01   3.9888E-02   3.9712E-02
   2.5346E-01   5.8263E-02   5.8285E-02   4.4766E-01   4.4763E-01   2.8661E-01
   7.4891E-02   7.2182E-02   5.5641E-01   5.5513E-01   8.2104E-01   8.2246E-01
   1.8393E-01   1.8105E-01   4.2405E-01   4.2475E-01  -6.9276E-02  -7.0322E-02
   4.5022E-01   4.4991E-01   1.2594E-01   1.2579E-01   1.5071E-01   1.5068E-01
   3.7160E-01   3.7218E-01   5.8953E-01   5.8468E-01   3.2761E-01   3.2570E-01
   3.0569E-01   3.0332E-01  -5.6846E-01  -5.6950E-01   3.8106E-01   3.8181E-01
  -5.9268E-01  -5.9332E-01   1.2940E-01   1.2686E-01  -3.4470E-01  -3.4463E-01
   2.9599E-01   2.9595E-01   5.6968E-01   5.4161E-02  -2.1074E-01  -2.1109E-01
   8.6081E-02   8.5758E-02   2.6004E-01   2.6005E-01   5.6413E-01  -1.7477E-01
  -1.7612E-01  -1.5427E-01  -1.5594E-01   5.7032E-02   5.6428E-02  -3.3492E-01
  -3.3613E-01   5.4771E-02   5.4889E-02  -1.0557E-03  -3.5864E-04  -2.0367E-01
  -2.0309E-01   2.7851E-01   2.7772E-01   2.5409E-03   2.1041E-03   7.8125E-01
   7.8458E-01   3.0543E-01   3.0600E-01   3.1855E-02  -2.7236E-01  -2.7324E-01
  -2.6647E-01  -2.6711E-01   9.2184E-02   9.1447E-02   4.9015E-03   5.2137E-03
  -5.5448E-01  -2.7788E-01  -2.7838E-01   1.4095E-03   2.7786E-01   2.7561E-01
  -2.7778E-01  -2.7739E-01  -5.5528E-01   1.6141E-03   1.0808E-03   4.2842E-01
   4.2771E-01   4.2709E-01   4.2756E-01   4.3037E-01   4.2686E-01   2.9137E+00
  -4.0569E+00   1.2824E+01  -1.2765E+01  -2.0638E+00   9.1229E-01  -7.0589E-01
  -9.4424E-01  -9.4171E+00   7.4764E+00  -4.9584E+00   3.4683E+00  -1.1227E+00
   4.5212E-02   6.2976E+00  -6.8081E+00  -1.5971E+00   7.7847E-02  -1.3637E+00
   1.4417E-01  -4.4708E-02  -4.6954E-01  -4.2786E-01  -2.3545E-01   6.4982E+00
  -6.9817E+00  -3.0032E-01  -5.3886E-01  -1.0249E-01  -6.6948E-01   2.9801E+00
  -3.7455E+00  -4.8981E+00   3.4962E+00  -1.4354E+00   2.6931E-01  -5.5171E+00
   4.4445E+00   5.6108E+00  -5.6792E+00  -1.2076E+00   3.5527E-01   6.4371E+00
  -6.5992E+00  -1.0063E+00   2.4360E-01  -4.9885E+00   3.3950E+00   5.5313E+00
  -5.7854E+00  -5.5979E+00   4.3437E+00  -4.8708E+00   3.6408E+00   3.1199E+00
  -3.5653E+00  -4.4688E+00   3.7427E+00  -1.4546E-01  -3.2761E-01   4.8238E-02
  -4.4990E-01  -7.9097E-01   4.4551E-01   2.9022E+00  -3.9779E+00   6.4523E+00
  -6.2811E+00  -3.5407E-01  -3.5346E-01   2.4551E+00  -2.7884E+00   2.1375E+00
  -2.1755E+00  -1.6250E+00   1.3716E+00   3.4664E+00  -3.5246E+00  -8.3389E-01
   3.9187E-01  -1.6381E+00   1.3501E+00   2.1227E+00  -2.1973E+00  -1.0121E+00
   4.5805E-01  -4.5149E+00   3.6988E+00   8.2669E-03  -1.9235E-01  -4.3200E+00
   3.8946E+00   6.4080E+00  -6.3318E+00  -4.3334E+00   3.8839E+00  -8.4057E-01
   7.1435E-01  -8.5086E-01   7.0154E-01  -5.1745E+00   4.8025E+00  -1.0311E+00
   4.4122E-01  -3.2801E-02  -2.9387E-01  -1.4404E-02  -2.8924E-01   1.0045E+01
  -9.4753E+00  -5.1788E+00   4.7976E+00   1.0057E+01  -9.4641E+00   3.4300E+00
  -3.5598E+00   6.5707E+00  -6.2262E+00  -4.4149E+00   4.1195E+00  -8.7634E+00
   8.1934E+00  -8.4675E-02   2.8585E-02   2.7209E+00  -2.5099E+00   9.0345E-02
  -1.7578E-01  -2.3408E-02  -2.3793E-01  -8.7613E+00   8.1959E+00   3.5841E+00
  -3.4095E+00   3.5731E+00  -3.4181E+00  -7.7659E-01   7.1910E-01   6.5664E+00
  -6.2301E+00  -7.7508E-01   7.2156E-01  -2.9031E-02   2.9721E-02   2.7169E+00
  -2.5111E+00  -4.3782E+00   4.0999E+00  -8.7860E-01   8.7654E-01  -4.0022E-01
  -3.7914E-01  -4.4217E+00   4.1162E+00  -7.6239E-02   4.2849E-02   3.4707E+00
  -3.1977E+00   3.4674E+00  -3.2020E+00   8.7327E-02  -1.7848E-01  -8.7771E-01
   8.7177E-01   7.0034E+00  -6.4488E+00   3.5018E+00  -3.2240E+00  -6.5206E-05
  -2.0455E-03  -4.3787E+00   4.1015E+00   3.5024E+00  -3.2245E+00   7.0054E+00
  -6.4501E+00  -2.9814E-02   2.8577E-02   2.4140E+00  -2.8364E+00   2.4152E+00
  -2.8373E+00   2.4154E+00  -2.8385E+00   1.0003E+00   9.9959E-01   9.9955E-01
   1.0002E+00   9.9973E-01   1.0003E+00   1.0002E+00   4.7347E-05   1.4545E-03
   1.0120E-04  -9.3047E-04   1.9867E-03  -3.3958E-05   1.3368E-03   3.0344E-04
   4.2284E-04  -3.2943E-04  -5.3809E-04   4.1279E-04   3.6902E-04  -9.9884E-04
  -5.9049E-04   1.2383E-04   1.5754E-03   8.0001E-04  -4.7589E-04   8.6934E-04
   6.0227E-05   4.2285E-04  -2.9578E-04   1.6719E-03  -3.4485E-05   1.1482E-03
  -6.1191E-04  -2.1191E-03  -3.7671E-04   4.9968E-04  -3.3439E-03   2.6959E-04
   3.4976E-04  -4.0777E-04   5.4460E-04  -7.7227E-04   2.6909E-03  -1.3657E-03
  -1.2706E-03  -1.3049E-03   2.3673E-03   2.7806E-03  -7.5638E-04  -1.8363E-03
  -1.0039E-04  -2.0166E-04  -1.6824E-03   1.9092E-03  -1.6255E-03   1.2547E-03
  -1.0659E-03   1.4757E-03  -2.5736E-04   1.2230E-03   1.3899E-03   1.5432E-03
   9.2532E-04   1.6221E-04  -6.8608E-04   2.3280E-03   5.0389E-05   1.4771E-04
   6.7723E-04   8.9800E-05   1.8948E-03   1.3112E-03  -1.7273E-04  -4.8491E-04
   1.4917E-04   8.5026E-04  -1.1517E-03   5.2895E-04   6.8275E-05  -1.1722E-03
  -1.3675E-04   3.6054E-04  -8.3087E-04   2.9281E-04  -6.9581E-04  -3.6424E-04
  -1.6017E-04   4.3369E-04   1.4370E-04   3.4182E-04   6.8586E-04  -7.1955E-04
  -4.7439E-04   1.7265E-03  -5.2318E-04  -1.4245E-05  -1.4261E-05  -1.4259E-05
  -3.8511E-04  -1.5994E-03   2.6599E-04   3.3669E-05  -2.7901E-03   1.0158E-05
  -3.2311E-04   4.9714E-04  -2.0491E-05  -2.0246E-07   3.1483E-04  -2.2802E-05
   2.8407E-04   1.4531E-03  -2.7588E-04  -4.3359E-04   1.2120E-04   3.8534E-03
  -9.8926E-05   1.0914E-03   1.2073E-03  -9.6889E-04   5.9219E-04  -7.3848E-04
   2.9066E-04  -1.7021E-05  -6.2040E-04  -3.3908E-07  -2.4174E-03  -7.2930E-05
   6.2345E-05  -2.5838E-03   1.2087E-03   2.1060E-04   7.1781E-04  -2.3172E-04
  -5.8204E-05   5.4352E-03   2.0439E-05  -2.5009E-03  -2.0759E-03   6.6937E-04
  -2.5551E-05   1.0467E-03  -2.1315E-03  -4.7311E-04  -5.4360E-04  -3.3751E-03
   2.5617E-03  -3.5319E-04   1.2407E-03   1.5193E-03   1.0850E-04   1.5374E-05
   9.1691E-06   1.6905E-03  -2.5979E-04  -2.7140E-05   2.6870E-04  -3.1193E-04
   3.2397E-05  -2.6332E-05   2.3527E-06   2.9405E-04   1.0661E-04   1.0203E-03
   3.6597E-04  -2.4439E-05  -4.6249E-04  -6.5779E-04  -9.6645E-06  -2.1496E-04
  -9.5647E-07   3.4296E-04  -1.1413E-03  -2.5566E-05   8.1566E-04  -1.9976E-04
  -2.4262E-03  -3.8927E-04  -3.6045E-04   4.1000E-05   7.2372E-04  -5.5098E-06
   3.7114E-04  -9.0971E-06  -7.1407E-04  -9.3877E-04   1.1461E-03  -1.9093E-04
  -7.0550E-06  -7.0423E-06  -7.0729E-06  -5.0412E-07   1.6527E-03   4.8008E-06
   4.5981E-04   1.3807E-03   1.3265E-03   2.3719E-04   2.3258E-04   5.2608E-04
  -3.0532E-04   7.4576E-05  -1.5192E-06   1.8578E-03  -8.4984E-04  -1.0124E-04
   2.0267E-03  -2.6155E-04  -1.3413E-03  -1.8048E-03   9.6357E-04   2.6139E-05
   1.0347E-03  -1.0977E-03   4.0832E-05   4.2990E-06   1.9702E-04   2.4305E-03
   1.3922E-05  -3.2747E-04   1.2227E-03  -2.0493E-05   4.1887E-04  -2.0120E-03
   6.3093E-04   5.2072E-04  -1.9112E-03  -3.6824E-04   1.0482E-06   5.6625E-05
   4.0418E-04   5.3222E-04   6.6171E-04  -2.4153E-04  -4.6210E-04   3.6179E-06
   1.0190E-04  -1.9219E-03   1.0291E-04  -4.4236E-04  -1.5312E-03  -9.9888E-04
  -3.3681E-05   2.0657E-03  -3.7054E-04   3.9228E-05  -6.9447E-05   3.5061E-03
  -5.1491E-04  -2.2764E-04   3.5016E-05   1.4138E-03   3.4770E-04  -1.9697E-03
  -1.4448E-05  -9.6280E-04  -1.5967E-04   2.4579E-03   1.4325E-04  -1.4542E-03
   1.5728E-03   1.5207E-03   4.5577E-04   3.6725E-04  -1.5814E-04  -5.1082E-04
  -3.4414E-04  -9.8826E-04  -1.1251E-04   1.7975E-03  -6.3403E-04  -8.7561E-04
  -3.1400E-04   2.3892E-04   4.6488E-04   2.5915E-04   8.6099E-05   1.5812E-04
   5.4247E-04   5.7329E-04   1.1431E-04  -2.4082E-05  -2.4083E-05  -2.4082E-05
  -1.1237E-04   2.8022E-06  -1.1845E-03   3.9162E-04  -4.8003E-04  -6.5079E-04
  -5.4145E-05  -6.0876E-04   2.0079E-04  -7.2903E-04   7.1779E-04   5.1332E-04
   1.7286E-03   2.3367E-04   6.2155E-04   2.1835E-03  -2.6427E-04   9.3655E-04
  -2.7038E-03   2.5307E-03   3.6389E-04   5.5092E-06  -9.2842E-04  -4.0199E-04
  -1.3771E-03   2.1439E-04   6.6172E-04   6.2536E-04  -6.2575E-04   1.5264E-03
  -4.5785E-04   1.1790E-03  -1.0728E-03   4.9159E-04   1.6463E-03  -2.6875E-03
   3.4585E-04   2.7454E-03   1.4428E-03  -8.2611E-04  -2.3882E-04  -1.0362E-03
  -3.0477E-03   1.3410E-03  -2.9169E-04  -2.7085E-04  -2.2639E-03  -1.5898E-03
   2.1024E-04  -2.5890E-04  -1.0128E-03   2.5516E-03   6.9854E-04  -9.7805E-05
  -1.1746E-03   2.3110E-04   1.7032E-03  -1.4674E-03  -1.2118E-04   4.0916E-04
  -8.8184E-04   2.7099E-04  -2.1150E-03  -3.9758E-04  -9.4595E-04  -1.0342E-03
   1.5127E-03   2.9155E-04  -1.4318E-03   7.6580E-04   6.6073E-04   1.3925E-03
  -1.6262E-04   1.1651E-04  -4.7984E-04  -2.3292E-04  -5.3321E-04   5.1860E-04
  -9.2159E-04  -3.2752E-04  -8.7182E-04  -1.1284E-04   5.2888E-04   3.1574E-04
   2.8847E-04  -6.0884E-04   1.6358E-04   7.8136E-05  -7.1570E-06   4.4655E-04
  -1.6865E-05  -1.6866E-05  -1.6891E-05   2.7230E-04
  > E    =  -9.938941766609E+02 +/-   3.448949459793E-04
  > varE =   1.218073843324E-02
* Computing derivatives.
    [walltime: 13m42s elapsed, 2h37m remaining]
    [walltime: 1h8m elapsed, 1h42m remaining]
  Done. [total walltime: 2h51m]
* Optimizing manipulation constant:
  #igrid a___________ E____________________________________ varE____________
     1     Infinity    -9.93894177E+02 +/-   3.44894946E-04   1.21807384E-02
     2     1.0000E+06  -9.93894177E+02 +/-   3.44894684E-04   1.21807199E-02
     3     2.1544E+05  -9.93894177E+02 +/-   3.44893733E-04   1.21806528E-02
     4     4.6416E+04  -9.93894177E+02 +/-   3.44889365E-04   1.21803442E-02
     5     1.0000E+04  -9.93894179E+02 +/-   3.44870074E-04   1.21789817E-02
     6     2.1544E+03  -9.93894187E+02 +/-   3.44801874E-04   1.21741652E-02
     7     4.6416E+02  -9.93894227E+02 +/-   3.44969290E-04   1.21859902E-02
     8     1.0000E+02  -9.93893759E+02 +/-   3.65082843E-04   1.36484334E-02
     9     2.1544E+01  -9.93043303E+02 +/-   2.51846506E-03   6.49489023E-01
    10     4.6416E+00  -9.23949642E+02 +/-   3.73969727E-01   1.43209837E+04
    11     1.0000E+00   6.22128719E+10 +/-   0.00000000E+00  -1.00000000E+00
    12     2.1544E-01  -9.90706122E+02 +/-   3.40480461E-04   1.18709191E-02
    13     4.6416E-02  -9.90714312E+02 +/-   2.97382527E-04   9.05588404E-03
    14     1.0000E-02  -9.90714709E+02 +/-   2.94958534E-04   8.90885499E-03
    15     2.1544E-03  -9.90714774E+02 +/-   2.94379958E-04   8.87393894E-03
    16     4.6416E-04  -9.90714788E+02 +/-   2.94251232E-04   8.86617982E-03
    17     1.0000E-04  -9.90714791E+02 +/-   2.94223297E-04   8.86449648E-03
    18     2.1544E-05  -9.90714791E+02 +/-   2.94217268E-04   8.86413322E-03
    19     4.6416E-06  -9.90714791E+02 +/-   2.94215970E-04   8.86405499E-03
    20     1.0000E-06  -9.90714791E+02 +/-   2.94215691E-04   8.86403815E-03
    21     0.0000E+00  -9.90714791E+02 +/-   2.94215615E-04   8.86403358E-03
  ParMin   8.9855E+02  -9.93894202E+02 +/-   3.44769153E-04   1.21718547E-02
  # Using grid point #7
* Iteration # 1: E =  -9.938942269964E+02 +/-   3.449692896657E-04
* Diminishing returns: exiting.
* After optimization:
  -1.1178E+01  -1.1186E+01  -1.1178E+01  -1.1170E+01  -1.1165E+01  -1.1177E+01
  -1.1186E+01   1.2863E+00   1.2927E+00  -2.1684E-02   1.1945E+00   1.7898E+00
   1.9856E+00   1.5866E+00   1.5766E+00   1.1748E+00   1.1667E+00   5.9866E-01
   5.9179E-01   1.5969E+00   1.5885E+00   1.3018E+00   1.2930E+00   5.1136E-01
   6.5652E-01   4.6743E-01   8.1572E-01   8.1394E-01   7.4843E-01   7.4549E-01
   7.4175E-01   1.4091E+00   1.4092E+00   1.1552E+00   1.1535E+00   1.0777E+00
   1.0772E+00   7.2779E-02   7.2995E-02   8.4129E-01   8.4134E-01   1.4918E-01
   1.4865E-01   7.5019E-01   7.4821E-01   1.5530E+00   1.5485E+00   2.2471E-01
   2.2499E-01   1.2245E+00   1.2247E+00   1.2112E+00   1.2080E+00   4.4566E-01
   4.4593E-01   7.2580E-01   7.2569E-01   4.7746E-01   4.7766E-01   4.0467E-01
   3.4688E-01   3.4725E-01   1.0268E+00   1.0277E+00  -1.7230E-01  -1.7383E-01
   7.0530E-01   7.0710E-01   3.3427E-01   3.3238E-01   3.8899E-02   3.8722E-02
   2.5647E-01   5.8175E-02   5.8192E-02   4.4984E-01   4.4981E-01   2.8962E-01
   7.3881E-02   7.1178E-02   5.5814E-01   5.5685E-01   8.2129E-01   8.2271E-01
   1.8396E-01   1.8109E-01   4.2418E-01   4.2487E-01  -7.0389E-02  -7.1433E-02
   4.5034E-01   4.5003E-01   1.2677E-01   1.2663E-01   1.5153E-01   1.5151E-01
   3.7252E-01   3.7311E-01   5.9124E-01   5.8639E-01   3.2847E-01   3.2656E-01
   3.0656E-01   3.0418E-01  -5.6983E-01  -5.7087E-01   3.8198E-01   3.8273E-01
  -5.9404E-01  -5.9468E-01   1.2929E-01   1.2674E-01  -3.4510E-01  -3.4504E-01
   2.9472E-01   2.9469E-01   5.6849E-01   5.2812E-02  -2.1020E-01  -2.1055E-01
   8.6786E-02   8.6461E-02   2.6005E-01   2.6006E-01   5.6294E-01  -1.7503E-01
  -1.7638E-01  -1.5454E-01  -1.5620E-01   5.8535E-02   5.7934E-02  -3.3532E-01
  -3.3653E-01   5.6275E-02   5.6389E-02  -1.7316E-03  -1.0350E-03  -2.0313E-01
  -2.0256E-01   2.7791E-01   2.7713E-01   9.8346E-04   5.4657E-04   7.8104E-01
   7.8437E-01   3.0417E-01   3.0473E-01   3.0512E-02  -2.7400E-01  -2.7488E-01
  -2.6810E-01  -2.6875E-01   9.2890E-02   9.2155E-02   3.3457E-03   3.6574E-03
  -5.5641E-01  -2.7885E-01  -2.7934E-01   1.4078E-03   2.7726E-01   2.7502E-01
  -2.7874E-01  -2.7836E-01  -5.5720E-01   9.3883E-04   4.0932E-04   4.2915E-01
   4.2844E-01   4.2782E-01   4.2828E-01   4.3110E-01   4.2759E-01   2.9230E+00
  -4.0668E+00   1.2830E+01  -1.2771E+01  -2.1079E+00   9.5336E-01  -7.0654E-01
  -9.4419E-01  -9.4111E+00   7.4713E+00  -4.9504E+00   3.4607E+00  -1.1572E+00
   7.7179E-02   6.2884E+00  -6.7992E+00  -1.5840E+00   6.5824E-02  -1.3805E+00
   1.5986E-01  -6.9352E-02  -4.4649E-01  -4.1732E-01  -2.4518E-01   6.5184E+00
  -7.0006E+00  -3.0716E-01  -5.3195E-01  -1.2692E-01  -6.4620E-01   2.9956E+00
  -3.7597E+00  -4.8954E+00   3.4936E+00  -1.4223E+00   2.5735E-01  -5.5362E+00
   4.4624E+00   5.5918E+00  -5.6613E+00  -1.2243E+00   3.7103E-01   6.4280E+00
  -6.5902E+00  -1.0406E+00   2.7574E-01  -4.9856E+00   3.3925E+00   5.5125E+00
  -5.7675E+00  -5.6168E+00   4.3617E+00  -4.8625E+00   3.6335E+00   3.1353E+00
  -3.5795E+00  -4.4780E+00   3.7517E+00  -1.5243E-01  -3.2084E-01   2.3684E-02
  -4.2676E-01  -8.2525E-01   4.7759E-01   2.9121E+00  -3.9872E+00   6.4608E+00
  -6.2885E+00  -3.4901E-01  -3.5829E-01   2.4433E+00  -2.7773E+00   2.1438E+00
  -2.1807E+00  -1.6691E+00   1.4126E+00   3.4643E+00  -3.5224E+00  -8.6817E-01
   4.2394E-01  -1.6821E+00   1.3911E+00   2.1290E+00  -2.2025E+00  -1.0344E+00
   4.7855E-01  -4.5241E+00   3.7077E+00   1.4352E-03  -1.8554E-01  -4.3291E+00
   3.9036E+00   6.4166E+00  -6.3392E+00  -4.3425E+00   3.8929E+00  -8.5713E-01
   7.3008E-01  -8.6742E-01   7.1727E-01  -5.1933E+00   4.8204E+00  -1.0533E+00
   4.6173E-01  -4.5207E-02  -2.8233E-01  -2.6825E-02  -2.7769E-01   1.0058E+01
  -9.4874E+00  -5.1976E+00   4.8156E+00   1.0071E+01  -9.4762E+00   3.4280E+00
  -3.5577E+00   6.5738E+00  -6.2289E+00  -4.4063E+00   4.1121E+00  -8.7571E+00
   8.1883E+00  -7.3775E-02   1.9036E-02   2.7093E+00  -2.4988E+00   7.8064E-02
  -1.6421E-01  -3.0223E-02  -2.3112E-01  -8.7550E+00   8.1907E+00   3.5822E+00
  -3.4073E+00   3.5712E+00  -3.4159E+00  -7.9860E-01   7.3960E-01   6.5694E+00
  -6.2327E+00  -7.9709E-01   7.4206E-01  -2.3580E-02   2.4945E-02   2.7053E+00
  -2.5000E+00  -4.3751E+00   4.0973E+00  -8.6507E-01   8.6456E-01  -3.9516E-01
  -3.8402E-01  -4.4131E+00   4.1088E+00  -6.5343E-02   3.3299E-02   3.4865E+00
  -3.2119E+00   3.4832E+00  -3.2162E+00   7.5045E-02  -1.6690E-01  -8.6417E-01
   8.5980E-01   7.0241E+00  -6.4676E+00   3.5121E+00  -3.2334E+00  -6.1358E-05
  -2.0433E-03  -4.3756E+00   4.0989E+00   3.5128E+00  -3.2339E+00   7.0261E+00
  -6.4689E+00  -2.4365E-02   2.3800E-02   2.4022E+00  -2.8254E+00   2.4034E+00
  -2.8262E+00   2.4036E+00  -2.8274E+00   9.6858E-01   9.6751E-01   9.6536E-01
   9.7134E-01   9.6737E-01   9.7427E-01   9.7577E-01  -6.4331E-04   1.2227E-03
   1.0888E-04  -8.8867E-04   1.6534E-03  -1.3453E-03  -1.2929E-04  -1.0607E-03
  -1.0879E-03  -1.1730E-03   3.4605E-04   6.6933E-04   6.0686E-04  -8.6539E-04
   4.4634E-06   1.3945E-03   1.1096E-03   8.5859E-04  -1.0142E-03   1.4734E-04
   5.1111E-04   3.3995E-04   3.0376E-04   2.4334E-03   7.7203E-04   1.5365E-03
  -5.8481E-04  -2.4862E-03  -2.3458E-04   8.1808E-04  -2.8792E-03   1.7407E-04
   4.2954E-04  -3.9246E-04   7.8458E-04  -2.8831E-04   3.1059E-03  -1.4634E-03
  -1.5996E-03  -1.2563E-03   2.5078E-03   3.4341E-03  -1.1140E-03  -1.9405E-03
  -2.5061E-04   5.0925E-05  -2.0796E-03   2.2752E-03  -1.2336E-03   1.2324E-03
  -1.0834E-03   4.9734E-04  -3.6117E-04   5.9443E-04   1.7088E-03   1.2724E-03
   7.1089E-04   2.8029E-04  -1.1003E-03   1.9680E-03   1.8686E-04   2.4847E-04
   7.7564E-04   3.1499E-04   2.0318E-03   1.0888E-03  -2.8449E-04  -2.2672E-04
   1.1178E-05   8.8950E-04  -1.4638E-03   3.4562E-04  -4.9702E-05  -7.7341E-04
   1.0008E-05  -1.9617E-04  -8.9065E-04   1.6262E-04  -5.0793E-04  -2.5701E-04
  -4.1983E-04   3.9547E-04  -5.7881E-04   1.6918E-04   3.0029E-04  -4.2671E-04
  -3.3626E-04   1.0241E-03  -6.5457E-04   3.7778E-05   3.6005E-05   4.0728E-05
  -1.1544E-03  -2.0930E-03   1.3661E-03   1.2291E-03  -2.4703E-03   7.2383E-04
   5.0657E-04   3.6999E-04  -3.6027E-05   4.9133E-04   3.0557E-04   9.2498E-04
   4.3400E-04   1.9415E-03  -1.7530E-04  -1.0384E-04  -5.5331E-04   3.4471E-03
  -3.0873E-05   6.2837E-04   7.1004E-04  -8.6907E-04   9.9889E-05  -5.5805E-04
   1.0939E-04   3.1232E-04  -4.9707E-04   5.4760E-05  -1.9262E-03  -4.9213E-04
  -7.2156E-05  -2.2960E-03   1.1059E-03   1.2671E-04   3.9863E-04   3.6943E-04
   3.6897E-04   5.1637E-03   6.3306E-05  -1.9122E-03  -2.0816E-03   6.4029E-04
   8.4412E-04   3.9247E-04  -2.5776E-03  -6.6906E-04  -2.4377E-04  -3.6619E-03
   2.7351E-03  -2.9392E-04   1.3513E-03   1.0689E-03  -3.6393E-04   1.0719E-04
   4.6144E-05   2.1097E-03  -3.5439E-04   4.7610E-04  -2.2002E-04  -2.6267E-04
   4.8947E-05   7.7079E-05  -3.3701E-05   5.8979E-04   2.5080E-04   1.1993E-03
   4.6279E-04  -1.7683E-04   1.5484E-05  -6.0971E-04   3.6233E-05  -5.4756E-04
  -1.8489E-04   3.5344E-04  -9.8011E-04  -2.2356E-04   1.4754E-03  -4.2544E-04
  -2.1606E-03  -3.7155E-04  -3.6690E-04  -5.5121E-05   3.6094E-04   2.7175E-04
   9.4669E-04  -2.8319E-04  -6.0750E-04  -3.7990E-04   1.2472E-03  -4.7649E-04
  -3.5333E-04  -3.5323E-04  -3.5186E-04  -1.1829E-04   1.2731E-03   3.4514E-04
   3.9106E-06   9.3786E-04   1.2777E-03  -3.4401E-04  -4.9765E-04   2.4625E-04
  -1.3364E-03  -2.3847E-04  -5.8792E-05   1.7150E-03  -8.5304E-04   1.0015E-04
   2.6882E-03   9.2655E-04  -1.4674E-03  -1.5342E-03   6.5956E-04  -5.6821E-04
   1.3410E-03  -1.2150E-03   2.5263E-05   1.1263E-03   1.3619E-03   3.2007E-03
  -6.2172E-05  -8.5204E-04   1.7875E-03   2.0687E-04   4.7021E-04  -1.6905E-03
   3.5512E-04   9.1292E-04  -1.5704E-03  -5.4458E-05  -5.2563E-05  -4.8931E-04
   3.2298E-05   4.1073E-04   9.3855E-04  -3.1494E-05  -3.6136E-04   3.2755E-05
   3.5269E-04  -1.9321E-03  -2.0278E-04  -5.5261E-04  -1.5821E-03  -1.2032E-03
   1.9430E-04   1.7661E-03  -3.8021E-04  -3.1968E-04  -3.0128E-04   3.7262E-03
  -7.8546E-04  -1.3746E-04  -3.6377E-04   1.2633E-03   5.8482E-04  -1.9964E-03
  -3.1705E-04  -1.1180E-03  -4.8654E-05   2.2994E-03   4.2612E-04  -1.7888E-03
   1.7971E-03   2.0054E-03   7.3491E-04   4.9231E-04  -2.3257E-04  -4.1878E-04
   2.6834E-05  -1.7377E-03  -1.0668E-04   1.4019E-03  -6.2727E-04  -9.2680E-04
  -3.4593E-04   4.2908E-04   3.3546E-04  -6.2885E-04   4.8804E-04   1.1986E-04
   1.8093E-04   1.9977E-04   2.4074E-04   3.7920E-04   3.8102E-04   3.8030E-04
   5.1214E-05  -5.5632E-04   3.7179E-04   1.0440E-03  -8.0674E-04   2.1523E-04
   1.2839E-03  -1.9737E-04   1.1241E-03   1.6112E-04   1.1568E-03   4.8567E-04
   1.4351E-03   4.4632E-04   8.0158E-04   2.5751E-03  -1.0293E-03   9.2845E-04
  -2.4557E-03   2.3326E-03  -1.0231E-05  -7.8665E-05  -1.4590E-03  -8.6544E-04
  -1.2515E-03   8.9231E-04   1.1019E-03   5.8419E-04  -2.9651E-04   1.5368E-03
  -6.9561E-04   1.0707E-03  -7.3271E-04   3.5213E-05   1.7358E-03  -2.0103E-03
   6.2147E-04   2.0973E-03   1.0833E-03  -3.1331E-04  -4.4087E-04  -9.8625E-04
  -2.7047E-03   1.2041E-03  -6.1732E-04  -7.3161E-05  -2.2370E-03  -1.8379E-03
  -7.3291E-05  -6.0466E-04  -1.0818E-03   2.4337E-03   8.5493E-04   1.0026E-04
  -9.0239E-04   1.0409E-04   2.0433E-03  -1.0479E-03  -6.3699E-04   4.9164E-04
  -7.1983E-04   4.6992E-04  -2.2834E-03  -5.1565E-04  -1.1808E-03  -9.0680E-04
   1.6443E-03   5.3788E-04  -1.5466E-03   1.1427E-03   1.1246E-03   1.6823E-03
  -5.3185E-05   1.7643E-04  -6.2804E-04  -2.0407E-04  -5.5817E-05   3.7367E-04
  -9.9681E-04  -4.8071E-04  -1.0373E-03   2.2828E-05   4.0421E-04   1.1907E-03
   1.5671E-04  -1.1650E-04  -6.1310E-05   1.2638E-04   4.1128E-04   4.2846E-04
  -6.4427E-06  -6.9337E-06  -6.3717E-06   1.0959E-03
  > Energy =  -9.938942269964E+02 +/-   3.449692896657E-04
  > varE =   1.218599022720E-02

VMC #3:
* Size of Hilbert space =   1.0817E+14
* Number of equil. steps   = 1000
* Running VMC equilibration.
  Done. [total walltime: 0.35s]
* Equil. acc.ratio (%)     =  13.7292
* Sample config after equilibration:
  +-------------------------+
  |  u   u   0   d   d   2  |
  |d   d   d   u   u   u   u|
  |0   0   u   d   d   u   0|
  |  2   2   2   u   d   d  |
  +-------------------------+
* Number of accum. steps   = 512000 x 10
* Running VMC accumulation.
    [walltime: 1m elapsed, 10.2s remaining]
  Done. [total walltime: 1m10s]
* Acceptance ratio (%)     =  13.6985
* Etot/t                   =  -9.938934447082E+02 +/-   1.545898163020E-04
  > Ttot/t                 =  -9.593458280071E+01 +/-   9.949411153749E-04
  > Utot/t                 =   4.234929254344E+01 +/-   9.844198198194E-04
* var[Eloc/t]              =   1.239243138177E-02 +/-   7.905335763719E-05
* Correlation length       =   9.873592526642E-01
* log10 Psi^2 range: -79.44442697030007 -- -68.28989312914094
* log10 Pgen range : -79.44442697030007 -- -68.28989312914094
* Site occupation (ave. no. electrons per config.):
  > Site_  ___eu____  ___ed____
      1        0.500      0.496
      2        0.496      0.500
      3        0.501      0.497
      4        0.494      0.498
      5        0.501      0.503
      6        0.501      0.500
      7        0.500      0.501
      8        0.498      0.501
      9        0.497      0.501
     10        0.500      0.496
     11        0.498      0.495
     12        0.503      0.501
     13        0.503      0.504
     14        0.504      0.506
     15        0.503      0.501
     16        0.498      0.497
     17        0.501      0.494
     18        0.500      0.504
     19        0.499      0.499
     20        0.500      0.501
     21        0.504      0.504
     22        0.499      0.503
     23        0.499      0.497
     24        0.500      0.499
     25        0.499      0.500
     26        0.504      0.501
* Pair-correlation analysis (ave. no. pairs per config.):
  > Shell  nsite  ___dh____  __eueu___  __eued___
      0      1        0          0          4.660
      1      0        0.957      0.490      2.567
      2      0        0.142      0.359      0.527
      3      0        0.276      0.721      1.047
      4      0        0.232      0.779      1.052
      5      0        0.264      0.749      1.047
      6      0        0.802      0.843      2.396
      7      0        0.709      1.052      2.299
      8      0        0.623      1.250      2.222
      9      0        0.457      1.575      2.074
     10      0        0.548      1.411      2.126
     11      0        0.157      0.824      1.142
     12      0        0.157      0.829      1.119
     13      0        0.148      0.859      1.073
     14      0        0.244      2.089      1.942
     15      0        0.121      1.049      0.975
     16      0        0.240      2.066      1.922
     17      0        0.278      1.925      2.045
     18      0        0.251      2.038      1.956
     19      0        0.317      1.894      2.030
     20      0        0.328      1.879      2.036
     21      0        0.261      2.067      1.940
     22      0        0.260      2.106      1.936
     23      0        0.254      2.115      1.923
     24      0        0.250      2.093      1.940
     25      0        0.291      2.064      1.928
     26      0        0.282      2.064      1.934
     27      0        0.251      2.123      1.912
     28      0        0.237      1.961      2.031
     29      0        0.262      2.055      1.969
     30      0        0.242      1.965      2.067
     31      0        0.119      0.986      1.041
     32      0        0.265      2.041      1.967
     33      0        0.221      2.121      1.914
     34      0        0.269      2.033      1.966
     35      0        0.235      2.052      1.972
     36      0        0.260      1.995      1.975
     37      0        0.298      1.944      2.030
     38      0        0.152      0.970      1.000
     39      0        0.235      1.998      2.017
     40      0        0.278      1.921      2.063
     41      0        0.149      1.001      0.975
     42      0        0.294      2.021      1.961
     43      0        0.270      1.966      2.014
     44      0        0.281      1.894      2.090
     45      0        0.237      1.999      2.042
     46      0        0.264      2.024      1.989
     47      0        0.277      1.941      2.043
     48      0        0.260      1.985      2.034
     49      0        0.267      1.999      1.986
     50      0        0.266      1.978      2.008
     51      0        0.295      1.969      1.994
     52      0        0.260      2.020      1.980
     53      0        0.244      1.978      2.047
     54      0        0.239      2.037      2.002
     55      0        0.268      1.973      1.993
     56      0        0.293      1.991      1.973
     57      0        0.264      2.000      1.976
     58      0        0.232      2.027      1.993
     59      0        0.269      1.979      2.015
     60      0        0.261      2.012      1.988
     61      0        0.146      1.000      0.988
     62      0        0.121      1.011      0.997
     63      0        0.263      1.984      1.978
     64      0        0.237      2.025      2.017
     65      0        0.244      2.038      1.992
     66      0        0.143      0.990      1.001
     67      0        0.234      2.008      2.008
     68      0        0.232      2.008      2.007
     69      0        0.265      1.996      1.991
     70      0        0.263      2.019      1.989
     71      0        0.268      1.989      1.995
     72      0        0.236      2.013      2.013
     73      0        0.260      1.980      1.986
     74      0        0.259      2.002      1.998
     75      0        0.259      1.986      1.988
     76      0        0.265      1.851      2.119
     77      0        0.262      1.989      2.013
     78      0        0.119      1.002      1.009
     79      0        0.235      1.994      2.001
     80      0        0.237      2.004      1.988
     81      0        0.237      2.013      2.026
     82      0        0.253      1.989      1.994
     83      0        0.114      0.993      0.996
     84      0        0.234      2.003      1.994
     85      0        0.118      1.006      1.005
     86      0        0.258      2.003      2.003
     87      0        0.231      2.001      2.002
     88      0        0.116      0.993      0.992
     89      0        0.236      2.004      2.019
     90      0        0.134      0.974      1.001
     91      0        0.068      0.488      0.498
     92      0        0.068      0.490      0.499
     93      0        0.117      1.005      1.009

Optimization #3:
* Method          : lls
* Target function : energy
* No. of configs. : 102400
* No. of params.  : 736
* Before optimization:
  -1.1178E+01  -1.1186E+01  -1.1178E+01  -1.1170E+01  -1.1165E+01  -1.1177E+01
  -1.1186E+01   1.2863E+00   1.2927E+00  -2.1684E-02   1.1945E+00   1.7898E+00
   1.9856E+00   1.5866E+00   1.5766E+00   1.1748E+00   1.1667E+00   5.9866E-01
   5.9179E-01   1.5969E+00   1.5885E+00   1.3018E+00   1.2930E+00   5.1136E-01
   6.5652E-01   4.6743E-01   8.1572E-01   8.1394E-01   7.4843E-01   7.4549E-01
   7.4175E-01   1.4091E+00   1.4092E+00   1.1552E+00   1.1535E+00   1.0777E+00
   1.0772E+00   7.2779E-02   7.2995E-02   8.4129E-01   8.4134E-01   1.4918E-01
   1.4865E-01   7.5019E-01   7.4821E-01   1.5530E+00   1.5485E+00   2.2471E-01
   2.2499E-01   1.2245E+00   1.2247E+00   1.2112E+00   1.2080E+00   4.4566E-01
   4.4593E-01   7.2580E-01   7.2569E-01   4.7746E-01   4.7766E-01   4.0467E-01
   3.4688E-01   3.4725E-01   1.0268E+00   1.0277E+00  -1.7230E-01  -1.7383E-01
   7.0530E-01   7.0710E-01   3.3427E-01   3.3238E-01   3.8899E-02   3.8722E-02
   2.5647E-01   5.8175E-02   5.8192E-02   4.4984E-01   4.4981E-01   2.8962E-01
   7.3881E-02   7.1178E-02   5.5814E-01   5.5685E-01   8.2129E-01   8.2271E-01
   1.8396E-01   1.8109E-01   4.2418E-01   4.2487E-01  -7.0389E-02  -7.1433E-02
   4.5034E-01   4.5003E-01   1.2677E-01   1.2663E-01   1.5153E-01   1.5151E-01
   3.7252E-01   3.7311E-01   5.9124E-01   5.8639E-01   3.2847E-01   3.2656E-01
   3.0656E-01   3.0418E-01  -5.6983E-01  -5.7087E-01   3.8198E-01   3.8273E-01
  -5.9404E-01  -5.9468E-01   1.2929E-01   1.2674E-01  -3.4510E-01  -3.4504E-01
   2.9472E-01   2.9469E-01   5.6849E-01   5.2812E-02  -2.1020E-01  -2.1055E-01
   8.6786E-02   8.6461E-02   2.6005E-01   2.6006E-01   5.6294E-01  -1.7503E-01
  -1.7638E-01  -1.5454E-01  -1.5620E-01   5.8535E-02   5.7934E-02  -3.3532E-01
  -3.3653E-01   5.6275E-02   5.6389E-02  -1.7316E-03  -1.0350E-03  -2.0313E-01
  -2.0256E-01   2.7791E-01   2.7713E-01   9.8346E-04   5.4657E-04   7.8104E-01
   7.8437E-01   3.0417E-01   3.0473E-01   3.0512E-02  -2.7400E-01  -2.7488E-01
  -2.6810E-01  -2.6875E-01   9.2890E-02   9.2155E-02   3.3457E-03   3.6574E-03
  -5.5641E-01  -2.7885E-01  -2.7934E-01   1.4078E-03   2.7726E-01   2.7502E-01
  -2.7874E-01  -2.7836E-01  -5.5720E-01   9.3883E-04   4.0932E-04   4.2915E-01
   4.2844E-01   4.2782E-01   4.2828E-01   4.3110E-01   4.2759E-01   2.9230E+00
  -4.0668E+00   1.2830E+01  -1.2771E+01  -2.1079E+00   9.5336E-01  -7.0654E-01
  -9.4419E-01  -9.4111E+00   7.4713E+00  -4.9504E+00   3.4607E+00  -1.1572E+00
   7.7179E-02   6.2884E+00  -6.7992E+00  -1.5840E+00   6.5824E-02  -1.3805E+00
   1.5986E-01  -6.9352E-02  -4.4649E-01  -4.1732E-01  -2.4518E-01   6.5184E+00
  -7.0006E+00  -3.0716E-01  -5.3195E-01  -1.2692E-01  -6.4620E-01   2.9956E+00
  -3.7597E+00  -4.8954E+00   3.4936E+00  -1.4223E+00   2.5735E-01  -5.5362E+00
   4.4624E+00   5.5918E+00  -5.6613E+00  -1.2243E+00   3.7103E-01   6.4280E+00
  -6.5902E+00  -1.0406E+00   2.7574E-01  -4.9856E+00   3.3925E+00   5.5125E+00
  -5.7675E+00  -5.6168E+00   4.3617E+00  -4.8625E+00   3.6335E+00   3.1353E+00
  -3.5795E+00  -4.4780E+00   3.7517E+00  -1.5243E-01  -3.2084E-01   2.3684E-02
  -4.2676E-01  -8.2525E-01   4.7759E-01   2.9121E+00  -3.9872E+00   6.4608E+00
  -6.2885E+00  -3.4901E-01  -3.5829E-01   2.4433E+00  -2.7773E+00   2.1438E+00
  -2.1807E+00  -1.6691E+00   1.4126E+00   3.4643E+00  -3.5224E+00  -8.6817E-01
   4.2394E-01  -1.6821E+00   1.3911E+00   2.1290E+00  -2.2025E+00  -1.0344E+00
   4.7855E-01  -4.5241E+00   3.7077E+00   1.4352E-03  -1.8554E-01  -4.3291E+00
   3.9036E+00   6.4166E+00  -6.3392E+00  -4.3425E+00   3.8929E+00  -8.5713E-01
   7.3008E-01  -8.6742E-01   7.1727E-01  -5.1933E+00   4.8204E+00  -1.0533E+00
   4.6173E-01  -4.5207E-02  -2.8233E-01  -2.6825E-02  -2.7769E-01   1.0058E+01
  -9.4874E+00  -5.1976E+00   4.8156E+00   1.0071E+01  -9.4762E+00   3.4280E+00
  -3.5577E+00   6.5738E+00  -6.2289E+00  -4.4063E+00   4.1121E+00  -8.7571E+00
   8.1883E+00  -7.3775E-02   1.9036E-02   2.7093E+00  -2.4988E+00   7.8064E-02
  -1.6421E-01  -3.0223E-02  -2.3112E-01  -8.7550E+00   8.1907E+00   3.5822E+00
  -3.4073E+00   3.5712E+00  -3.4159E+00  -7.9860E-01   7.3960E-01   6.5694E+00
  -6.2327E+00  -7.9709E-01   7.4206E-01  -2.3580E-02   2.4945E-02   2.7053E+00
  -2.5000E+00  -4.3751E+00   4.0973E+00  -8.6507E-01   8.6456E-01  -3.9516E-01
  -3.8402E-01  -4.4131E+00   4.1088E+00  -6.5343E-02   3.3299E-02   3.4865E+00
  -3.2119E+00   3.4832E+00  -3.2162E+00   7.5045E-02  -1.6690E-01  -8.6417E-01
   8.5980E-01   7.0241E+00  -6.4676E+00   3.5121E+00  -3.2334E+00  -6.1358E-05
  -2.0433E-03  -4.3756E+00   4.0989E+00   3.5128E+00  -3.2339E+00   7.0261E+00
  -6.4689E+00  -2.4365E-02   2.3800E-02   2.4022E+00  -2.8254E+00   2.4034E+00
  -2.8262E+00   2.4036E+00  -2.8274E+00   9.6858E-01   9.6751E-01   9.6536E-01
   9.7134E-01   9.6737E-01   9.7427E-01   9.7577E-01  -6.4331E-04   1.2227E-03
   1.0888E-04  -8.8867E-04   1.6534E-03  -1.3453E-03  -1.2929E-04  -1.0607E-03
  -1.0879E-03  -1.1730E-03   3.4605E-04   6.6933E-04   6.0686E-04  -8.6539E-04
   4.4634E-06   1.3945E-03   1.1096E-03   8.5859E-04  -1.0142E-03   1.4734E-04
   5.1111E-04   3.3995E-04   3.0376E-04   2.4334E-03   7.7203E-04   1.5365E-03
  -5.8481E-04  -2.4862E-03  -2.3458E-04   8.1808E-04  -2.8792E-03   1.7407E-04
   4.2954E-04  -3.9246E-04   7.8458E-04  -2.8831E-04   3.1059E-03  -1.4634E-03
  -1.5996E-03  -1.2563E-03   2.5078E-03   3.4341E-03  -1.1140E-03  -1.9405E-03
  -2.5061E-04   5.0925E-05  -2.0796E-03   2.2752E-03  -1.2336E-03   1.2324E-03
  -1.0834E-03   4.9734E-04  -3.6117E-04   5.9443E-04   1.7088E-03   1.2724E-03
   7.1089E-04   2.8029E-04  -1.1003E-03   1.9680E-03   1.8686E-04   2.4847E-04
   7.7564E-04   3.1499E-04   2.0318E-03   1.0888E-03  -2.8449E-04  -2.2672E-04
   1.1178E-05   8.8950E-04  -1.4638E-03   3.4562E-04  -4.9702E-05  -7.7341E-04
   1.0008E-05  -1.9617E-04  -8.9065E-04   1.6262E-04  -5.0793E-04  -2.5701E-04
  -4.1983E-04   3.9547E-04  -5.7881E-04   1.6918E-04   3.0029E-04  -4.2671E-04
  -3.3626E-04   1.0241E-03  -6.5457E-04   3.7778E-05   3.6005E-05   4.0728E-05
  -1.1544E-03  -2.0930E-03   1.3661E-03   1.2291E-03  -2.4703E-03   7.2383E-04
   5.0657E-04   3.6999E-04  -3.6027E-05   4.9133E-04   3.0557E-04   9.2498E-04
   4.3400E-04   1.9415E-03  -1.7530E-04  -1.0384E-04  -5.5331E-04   3.4471E-03
  -3.0873E-05   6.2837E-04   7.1004E-04  -8.6907E-04   9.9889E-05  -5.5805E-04
   1.0939E-04   3.1232E-04  -4.9707E-04   5.4760E-05  -1.9262E-03  -4.9213E-04
  -7.2156E-05  -2.2960E-03   1.1059E-03   1.2671E-04   3.9863E-04   3.6943E-04
   3.6897E-04   5.1637E-03   6.3306E-05  -1.9122E-03  -2.0816E-03   6.4029E-04
   8.4412E-04   3.9247E-04  -2.5776E-03  -6.6906E-04  -2.4377E-04  -3.6619E-03
   2.7351E-03  -2.9392E-04   1.3513E-03   1.0689E-03  -3.6393E-04   1.0719E-04
   4.6144E-05   2.1097E-03  -3.5439E-04   4.7610E-04  -2.2002E-04  -2.6267E-04
   4.8947E-05   7.7079E-05  -3.3701E-05   5.8979E-04   2.5080E-04   1.1993E-03
   4.6279E-04  -1.7683E-04   1.5484E-05  -6.0971E-04   3.6233E-05  -5.4756E-04
  -1.8489E-04   3.5344E-04  -9.8011E-04  -2.2356E-04   1.4754E-03  -4.2544E-04
  -2.1606E-03  -3.7155E-04  -3.6690E-04  -5.5121E-05   3.6094E-04   2.7175E-04
   9.4669E-04  -2.8319E-04  -6.0750E-04  -3.7990E-04   1.2472E-03  -4.7649E-04
  -3.5333E-04  -3.5323E-04  -3.5186E-04  -1.1829E-04   1.2731E-03   3.4514E-04
   3.9106E-06   9.3786E-04   1.2777E-03  -3.4401E-04  -4.9765E-04   2.4625E-04
  -1.3364E-03  -2.3847E-04  -5.8792E-05   1.7150E-03  -8.5304E-04   1.0015E-04
   2.6882E-03   9.2655E-04  -1.4674E-03  -1.5342E-03   6.5956E-04  -5.6821E-04
   1.3410E-03  -1.2150E-03   2.5263E-05   1.1263E-03   1.3619E-03   3.2007E-03
  -6.2172E-05  -8.5204E-04   1.7875E-03   2.0687E-04   4.7021E-04  -1.6905E-03
   3.5512E-04   9.1292E-04  -1.5704E-03  -5.4458E-05  -5.2563E-05  -4.8931E-04
   3.2298E-05   4.1073E-04   9.3855E-04  -3.1494E-05  -3.6136E-04   3.2755E-05
   3.5269E-04  -1.9321E-03  -2.0278E-04  -5.5261E-04  -1.5821E-03  -1.2032E-03
   1.9430E-04   1.7661E-03  -3.8021E-04  -3.1968E-04  -3.0128E-04   3.7262E-03
  -7.8546E-04  -1.3746E-04  -3.6377E-04   1.2633E-03   5.8482E-04  -1.9964E-03
  -3.1705E-04  -1.1180E-03  -4.8654E-05   2.2994E-03   4.2612E-04  -1.7888E-03
   1.7971E-03   2.0054E-03   7.3491E-04   4.9231E-04  -2.3257E-04  -4.1878E-04
   2.6834E-05  -1.7377E-03  -1.0668E-04   1.4019E-03  -6.2727E-04  -9.2680E-04
  -3.4593E-04   4.2908E-04   3.3546E-04  -6.2885E-04   4.8804E-04   1.1986E-04
   1.8093E-04   1.9977E-04   2.4074E-04   3.7920E-04   3.8102E-04   3.8030E-04
   5.1214E-05  -5.5632E-04   3.7179E-04   1.0440E-03  -8.0674E-04   2.1523E-04
   1.2839E-03  -1.9737E-04   1.1241E-03   1.6112E-04   1.1568E-03   4.8567E-04
   1.4351E-03   4.4632E-04   8.0158E-04   2.5751E-03  -1.0293E-03   9.2845E-04
  -2.4557E-03   2.3326E-03  -1.0231E-05  -7.8665E-05  -1.4590E-03  -8.6544E-04
  -1.2515E-03   8.9231E-04   1.1019E-03   5.8419E-04  -2.9651E-04   1.5368E-03
  -6.9561E-04   1.0707E-03  -7.3271E-04   3.5213E-05   1.7358E-03  -2.0103E-03
   6.2147E-04   2.0973E-03   1.0833E-03  -3.1331E-04  -4.4087E-04  -9.8625E-04
  -2.7047E-03   1.2041E-03  -6.1732E-04  -7.3161E-05  -2.2370E-03  -1.8379E-03
  -7.3291E-05  -6.0466E-04  -1.0818E-03   2.4337E-03   8.5493E-04   1.0026E-04
  -9.0239E-04   1.0409E-04   2.0433E-03  -1.0479E-03  -6.3699E-04   4.9164E-04
  -7.1983E-04   4.6992E-04  -2.2834E-03  -5.1565E-04  -1.1808E-03  -9.0680E-04
   1.6443E-03   5.3788E-04  -1.5466E-03   1.1427E-03   1.1246E-03   1.6823E-03
  -5.3185E-05   1.7643E-04  -6.2804E-04  -2.0407E-04  -5.5817E-05   3.7367E-04
  -9.9681E-04  -4.8071E-04  -1.0373E-03   2.2828E-05   4.0421E-04   1.1907E-03
   1.5671E-04  -1.1650E-04  -6.1310E-05   1.2638E-04   4.1128E-04   4.2846E-04
  -6.4427E-06  -6.9337E-06  -6.3717E-06   1.0959E-03
  > E    =  -9.938935203924E+02 +/-   3.451444603333E-04
  > varE =   1.219836912627E-02
srun: Job step aborted: Waiting up to 62 seconds for job step to finish.
slurmstepd: error: *** JOB 4411757 ON vipl2022 CANCELLED AT 2025-10-31T19:21:57 DUE TO TIME LIMIT ***
slurmstepd: error: *** STEP 4411757.0 ON vipl2022 CANCELLED AT 2025-10-31T19:21:57 DUE TO TIME LIMIT ***
forrtl: error (78): process killed (SIGTERM)
Image              PC                Routine            Line        Source             
forrtl: error (78): process killed (SIGTERM)
Image              PC                Routine            Line        Source             
forrtl: error (78): process killed (SIGTERM)
Image              PC                Routine            Line        Source             
forrtl: error (78): process killed (SIGTERM)
Image              PC                Routine            Line        Source             
forrtl: error (78): process killed (SIGTERM)
Image              PC                Routine            Line        Source             
forrtl: error (78): process killed (SIGTERM)
Image              PC                Routine            Line        Source             
forrtl: error (78): process killed (SIGTERM)
Image              PC                Routine            Line        Source             
forrtl: error (78): process killed (SIGTERM)
Image              PC                Routine            Line        Source             
forrtl: error (78): process killed (SIGTERM)
Image              PC                Routine            Line        Source             
forrtl: error (78): process killed (SIGTERM)
Image              PC                Routine            Line        Source             
forrtl: error (78): process killed (SIGTERM)
Image              PC                Routine            Line        Source             
forrtl: error (78): process killed (SIGTERM)
Image              PC                Routine            Line        Source             
forrtl: error (78): process killed (SIGTERM)
Image              PC                Routine            Line        Source             
forrtl: error (78): process killed (SIGTERM)
Image              PC                Routine            Line        Source             
forrtl: error (78): process killed (SIGTERM)
Image              PC                Routine            Line        Source             
forrtl: error (78): process killed (SIGTERM)
Image              PC                Routine            Line        Source             
forrtl: error (78): process killed (SIGTERM)
Image              PC                Routine            Line        Source             
forrtl: error (78): process killed (SIGTERM)
Image              PC                Routine            Line        Source             
forrtl: error (78): process killed (SIGTERM)
Image              PC                Routine            Line        Source             
forrtl: error (78): process killed (SIGTERM)
Image              PC                Routine            Line        Source             
forrtl: error (78): process killed (SIGTERM)
Image              PC                Routine            Line        Source             
forrtl: error (78): process killed (SIGTERM)
Image              PC                Routine            Line        Source             
forrtl: error (78): process killed (SIGTERM)
Image              PC                Routine            Line        Source             
forrtl: error (78): process killed (SIGTERM)
Image              PC                Routine            Line        Source             
forrtl: error (78): process killed (SIGTERM)
Image              PC                Routine            Line        Source             
srun: got SIGCONT
srun: forcing job termination
forrtl: error (78): process killed (SIGTERM)
Image              PC                Routine            Line        Source             
                                  
================================= 
Global information about the job: 
================================= 
  
Job owner: mdimauro(31184)
Job name:  vd[n
Node list: vipl[2022-2023,2025-2028,2030,2032-2033,2035-2041,2043-2053,2055-2057,2059,2063]
Job start: Thu Oct 30 19:21:40 CET 2025
Job end:   Fri Oct 31 19:21:57 CET 2025
Work dir:  /viper/u1/mdimauro/calcs/vmc/polyacenes/06-hexacene/11-sjb1
Command:   /viper/u1/mdimauro/calcs/vmc/polyacenes/06-hexacene/11-sjb1/vdagger
  
  
  
==========================================================================================
Information on jobsteps (Note: MaxRSS/AveRSS is the maximum/average over all 
tasks of the per-task memory high-water marks; cf. "man sacct"): 
==========================================================================================
  
JobID            JobName NNodes NTasks  NCPUS       MaxRSS       AveRSS    Elapsed ExitCode
------------- ---------- ------ ------ ------ ------------ ------------ ---------- --------
4411757          vd[n=6]     32          8192                           1-00:00:17      0:0
4411757.0        vdagger     32   4096   8192     1608.13M     1566.23M 1-00:01:17      1:0
  
Maximum memory per node: 215.840063 GB (defined as MaxRSS*Ntasks/NNodes)
CPU utilization: 98.6 %
  
