Run started: Sat Nov  1 17:02:00 CET 2025
Using VDAGGER_ARCH = intel24_viper_cluster
Running 1x128 MPI processes.

                               xx
                              +##
                               #X
                               Xx
                          X##XxXxxX##x
                           +   Xx  ++
                               ##
                              +##
                              +##
     ++++         ++          +##
   xX+++##+      ####         +##
  Xx    ###      +X##          ##
 xX    X##+        ##          #X
 +    x##X         #x          #X
      ###         +#           x+
     X##+         #+
     ###         Xx                    _______
     ##X       +X+   __________________VDAGGER
     +##x    +xX     2nd quantized variational
       +xxxxx+       ______quantum Monte Carlo

* Running 16384 MPI processes.
* Input file: "input.casl"

############# Start of input file dump #############
############## End of input file dump ##############

General setup:
* Random seed: 55833195 (from timer)

* Loaded integrals for system with nelec=26, ms2=0, norb=26
* INFO: setting number of electrons from integrals file.
* Analysis of Hamiltonian connecitivity performed:
  - T_ii (local, 1-site): 26 (i) values
  - U_iiii [opp] (local, 1-site): 26 (i) values
  - U_kkii [opp] (local, 2-site): 650 contribs. from 26 (i) values
  - U_kkii [par] (local, 2-site): 325 contribs. from 25 (i) values
  - T_ji (single, 2-site): 650 contribs. from 26 (i) values
  - U_kkji [opp] (single, 2/3-site): 16900 contribs. from 650 (i,j) pairs
  - U_kkji [par] (single, 3-site): 16250 contribs. from 650 (i,j) pairs
  - U_lkji [opp] (double, 2/3/4-site): 420228 contribs. from 650 (i,j) pairs
  - U_lkji [par] (double, 4-site): 100076 contribs. from 600 (i,j) pairs
  - Max. no. wfn. ratios in Eloc: 31275
* Reading override orbitals from file "LTSC.mat".
* Site labels:
  +--------------------------------------+
  |    8     7     5    14    12    10   |
  |26     9    23     1     4    24    18|
  |22     2    16     3    11    25     6|
  |   17    15    13    21    20    19   |
  +--------------------------------------+
* Automatically set Site kinds:
  [ 1, 2, 1, 3, 4, 5, 6, 7, 2, 7, 3, 6, 4, 4, 6, 3, 7, 5, 7, 6, 4, 5, 3, 2, 2, 5 ]
  +-------------------------+
  |  7   6   4   4   6   7  |
  |5   2   3   1   3   2   5|
  |5   2   3   1   3   2   5|
  |  7   6   4   4   6   7  |
  +-------------------------+
* Maximum Site kind: 7
* Number of site-pair kinds with Tij=0: 0
* Automatically set Site pair kinds:
  Site 1: [ 0, 37, 2, 25, -8, 59, -47, 55, -42, -55, -20, -47, -22, -8, -34, -20, 57, -70, -57, 34, 22, 59, 25, 42, -37, 70 ]
  Site 2: [ 37, 0, 42, -51, 29, -74, 27, 18, -5, 75, 56, 60, 44, -46, 6, 26, 9, 86, 82, -77, 48, -24, -19, -66, 61, -17 ]
  Site 3: [ 2, 42, 0, 20, -22, 70, -34, 57, -37, -57, -25, -34, -8, -22, -47, -25, 55, -59, -55, 47, 8, 70, 20, 37, -42, 59 ]
  Site 4: [ 25, -51, 20, 0, -40, -43, 50, -73, 56, -90, -3, -10, -32, -7, 49, 38, -63, 52, 36, 21, 23, -71, -41, -26, 19, -69 ]
  Site 5: [ -8, 29, -22, -40, 0, -64, 14, -58, -44, 68, 32, -65, 11, 15, -30, 23, 39, 81, 67, -45, 31, 54, -7, -48, 46, 53 ]
  Site 6: [ 59, -74, 70, -43, -64, 0, 72, -84, 86, 33, 52, -35, -81, 54, 89, 69, -87, -4, 1, 76, -53, -85, -71, -17, 24, -93 ]
  Site 7: [ -47, 27, -34, 50, 14, 72, 0, 16, -6, -80, -49, -62, -30, -65, 12, 21, -28, -89, -79, 78, -45, -35, -10, 77, -60, -76 ]
  Site 8: [ 55, 18, 57, -73, -58, -84, 16, 0, -9, 88, 63, 80, 39, -68, -28, 36, 13, 87, 83, -79, 67, -33, 92, -82, 75, -1 ]
  Site 9: [ -42, -5, -37, 56, -44, 86, -6, -9, 0, -82, -51, -77, -29, 48, -27, -19, -18, -74, -75, 60, -46, 17, 26, 61, -66, 24 ]
  Site 10: [ -55, 75, -57, -90, 68, 33, -80, 88, -82, 0, -36, -16, 67, 58, -79, -63, 83, -1, 13, -28, 39, 84, 73, -9, 18, 87 ]
  Site 11: [ -20, 56, -25, -3, 32, 52, -49, 63, -51, -36, 0, 21, 40, 23, -50, -41, 73, -43, 90, -10, -7, 69, 38, 19, -26, 71 ]
  Site 12: [ -47, 60, -34, -10, -65, -35, -62, 80, -77, -16, 21, 0, 45, 14, -78, -49, 79, 76, 28, -12, 30, 72, 50, 6, -27, 89 ]
  Site 13: [ -22, 44, -8, -32, 11, -81, -30, 39, -29, 67, 40, 45, 0, -31, 14, 7, -58, 64, 68, 65, -15, 53, -23, -46, 48, 54 ]
  Site 14: [ -8, -46, -22, -7, 15, 54, -65, -68, 48, 58, 23, 14, -31, 0, 45, 32, -67, -53, -39, 30, -11, -64, -40, 44, -29, -81 ]
  Site 15: [ -34, 6, -47, 49, -30, 89, 12, -28, -27, -79, -50, -78, 14, 45, 0, 10, 16, -72, -80, 62, 65, -76, -21, 60, -77, -35 ]
  Site 16: [ -20, 26, -25, 38, 23, 69, 21, 36, -19, -63, -41, -49, 7, 32, 10, 0, -91, -71, -73, 50, -40, 52, -3, 51, -56, 43 ]
  Site 17: [ 57, 9, 55, -63, 39, -87, -28, 13, -18, 83, 73, 79, -58, -67, 16, -91, 0, 84, 88, -80, 68, -1, -36, -75, 82, -33 ]
  Site 18: [ -70, 86, -59, 52, 81, -4, -89, 87, -74, -1, -43, 76, 64, -53, -72, -71, 84, 0, -33, -35, 54, 93, 69, 24, -17, 85 ]
  Site 19: [ -57, 82, -55, 36, 67, 1, -79, 83, -75, 13, 90, 28, 68, -39, -80, -73, 88, -33, 0, 16, -58, 87, 63, -18, 9, 84 ]
  Site 20: [ 34, -77, 47, 21, -45, 76, 78, -79, 60, -28, -10, -12, 65, 30, 62, 50, -80, -35, 16, 0, 14, -89, -49, -27, 6, -72 ]
  Site 21: [ 22, 48, 8, 23, 31, -53, -45, 67, -46, 39, -7, 30, -15, -11, 65, -40, 68, 54, -58, 14, 0, 81, 32, -29, 44, 64 ]
  Site 22: [ 59, -24, 70, -71, 54, -85, -35, -33, 17, 84, 69, 72, 53, -64, -76, 52, -1, 93, 87, -89, 81, 0, -43, -86, 74, 4 ]
  Site 23: [ 25, -19, 20, -41, -7, -71, -10, 92, 26, 73, 38, 50, -23, -40, -21, -3, -36, 69, 63, -49, 32, -43, 0, -56, 51, -52 ]
  Site 24: [ 42, -66, 37, -26, -48, -17, 77, -82, 61, -9, 19, 6, -46, 44, 60, 51, -75, 24, -18, -27, -29, -86, -56, 0, -5, -74 ]
  Site 25: [ -37, 61, -42, 19, 46, 24, -60, 75, -66, 18, -26, -27, 48, -29, -77, -56, 82, -17, 9, 6, 44, 74, 51, -5, 0, 86 ]
  Site 26: [ 70, -17, 59, -69, 53, -93, -76, -1, 24, 87, 71, 89, 54, -81, -35, 43, -33, 85, 84, -72, 64, 4, -52, -74, 86, 0 ]
  For site 1 of kind 1:
  +---------------------------------------------------+
  |     55     -47      -8      -8     -47     -55    |
  | 70     -42      25       0      25      42     -70|
  | 59      37     -20       2     -20     -37      59|
  |     57     -34     -22      22      34     -57    |
  +---------------------------------------------------+
  For site 2 of kind 2:
  +---------------------------------------------------+
  |     18      27      29     -46      60      75    |
  |-17      -5     -19      37     -51     -66      86|
  |-24       0      26      42      56      61     -74|
  |      9       6      44      48     -77      82    |
  +---------------------------------------------------+
  For site 4 of kind 3:
  +---------------------------------------------------+
  |    -73      50     -40      -7     -10     -90    |
  |-69      56     -41      25       0     -26      52|
  |-71     -51      38      20      -3      19     -43|
  |    -63      49     -32      23      21      36    |
  +---------------------------------------------------+
  For site 5 of kind 4:
  +---------------------------------------------------+
  |    -58      14       0      15     -65      68    |
  | 53     -44      -7      -8     -40     -48      81|
  | 54      29      23     -22      32      46     -64|
  |     39     -30      11      31     -45      67    |
  +---------------------------------------------------+
  For site 6 of kind 5:
  +---------------------------------------------------+
  |    -84      72     -64      54     -35      33    |
  |-93      86     -71      59     -43     -17      -4|
  |-85     -74      69      70      52      24       0|
  |    -87      89     -81     -53      76       1    |
  +---------------------------------------------------+
  For site 7 of kind 6:
  +---------------------------------------------------+
  |     16       0      14     -65     -62     -80    |
  |-76      -6     -10     -47      50      77     -89|
  |-35      27      21     -34     -49     -60      72|
  |    -28      12     -30     -45      78     -79    |
  +---------------------------------------------------+
  For site 8 of kind 7:
  +---------------------------------------------------+
  |      0      16     -58     -68      80      88    |
  | -1      -9      92      55     -73     -82      87|
  |-33      18      36      57      63      75     -84|
  |     13     -28      39      67     -79      83    |
  +---------------------------------------------------+
* Maximum (unsigned) Site pair kind: 93
General system setup:
* Number of sites       : 26
* Number of electrons   : 26
* Spin imbalance MS2    : 0
* Filling               : 0.500000
* Number of orbitals in pool: 26
* Using real-valued orbitals
* Using double-precision arithmetic for orbitals

Trial wave function setup:
* Jastrow parameter file: "wfn.casl"
* Not using multideterminants
* Backflow parameter file: "wfn.casl"
* Not using wave function manipulation

VMC #1:
* Size of Hilbert space =   1.0817E+14
* Number of equil. steps   = 1000
* Running VMC equilibration.
  Done. [total walltime: 0.34s]
* Equil. acc.ratio (%)     =  13.7325
* Sample config after equilibration:
  +-------------------------+
  |  2   u   0   u   u   d  |
  |0   2   d   u   d   d   u|
  |u   0   2   2   u   u   d|
  |  d   d   0   d   d   u  |
  +-------------------------+
* Number of accum. steps   = 573440 x 10
* Running VMC accumulation.
  Done. [total walltime: 19.3s]
* Acceptance ratio (%)     =  13.7060
* Etot/t                   =  -9.938935519691E+02 +/-   1.517265296417E-04
  > Ttot/t                 =  -9.593490831625E+01 +/-   9.743493936142E-04
  > Utot/t                 =   4.234951079804E+01 +/-   9.674865945011E-04
* var[Eloc/t]              =   1.229473123393E-02 +/-   4.129730539722E-05
* Correlation length       =   1.073722350337E+00
* log10 Psi^2 range: -79.66809275968915 -- -67.92499417313843
* log10 Pgen range : -79.66809275968915 -- -67.92499417313843
* Site occupation (ave. no. electrons per config.):
  > Site_  ___eu____  ___ed____
      1        0.496      0.501
      2        0.495      0.496
      3        0.499      0.499
      4        0.499      0.496
      5        0.502      0.502
      6        0.505      0.499
      7        0.500      0.502
      8        0.502      0.496
      9        0.498      0.497
     10        0.499      0.499
     11        0.497      0.499
     12        0.502      0.506
     13        0.503      0.503
     14        0.506      0.503
     15        0.504      0.502
     16        0.496      0.501
     17        0.501      0.500
     18        0.500      0.502
     19        0.495      0.500
     20        0.505      0.502
     21        0.504      0.499
     22        0.499      0.503
     23        0.501      0.497
     24        0.499      0.494
     25        0.494      0.498
     26        0.500      0.505
* Pair-correlation analysis (ave. no. pairs per config.):
  > Shell  nsite  ___dh____  __eueu___  __eued___
      0      1        0          0          4.659
      1      0        0.955      0.496      2.570
      2      0        0.142      0.358      0.529
      3      0        0.277      0.727      1.049
      4      0        0.233      0.777      1.052
      5      0        0.263      0.738      1.037
      6      0        0.800      0.836      2.397
      7      0        0.703      1.057      2.304
      8      0        0.623      1.241      2.224
      9      0        0.461      1.572      2.056
     10      0        0.546      1.422      2.139
     11      0        0.156      0.819      1.140
     12      0        0.155      0.836      1.127
     13      0        0.150      0.859      1.076
     14      0        0.242      2.094      1.940
     15      0        0.119      1.051      0.968
     16      0        0.238      2.071      1.940
     17      0        0.282      1.907      2.037
     18      0        0.250      2.035      1.950
     19      0        0.317      1.883      2.028
     20      0        0.323      1.884      2.049
     21      0        0.254      2.080      1.955
     22      0        0.257      2.109      1.926
     23      0        0.256      2.111      1.921
     24      0        0.248      2.081      1.934
     25      0        0.295      2.073      1.924
     26      0        0.282      2.062      1.924
     27      0        0.251      2.122      1.902
     28      0        0.238      1.969      2.041
     29      0        0.259      2.045      1.951
     30      0        0.237      1.965      2.076
     31      0        0.120      0.979      1.039
     32      0        0.264      2.037      1.972
     33      0        0.222      2.126      1.917
     34      0        0.269      2.041      1.974
     35      0        0.236      2.064      1.973
     36      0        0.259      2.008      1.977
     37      0        0.301      1.938      2.014
     38      0        0.152      0.974      1.003
     39      0        0.236      1.995      2.016
     40      0        0.281      1.917      2.060
     41      0        0.147      1.007      0.984
     42      0        0.297      2.013      1.946
     43      0        0.269      1.965      2.024
     44      0        0.283      1.872      2.080
     45      0        0.239      2.001      2.040
     46      0        0.262      2.015      1.975
     47      0        0.277      1.944      2.051
     48      0        0.262      1.962      2.023
     49      0        0.261      2.016      1.994
     50      0        0.267      1.985      2.017
     51      0        0.295      1.960      1.987
     52      0        0.262      2.026      1.977
     53      0        0.239      1.979      2.046
     54      0        0.236      2.036      1.996
     55      0        0.266      1.981      1.999
     56      0        0.291      1.988      1.969
     57      0        0.266      1.997      1.986
     58      0        0.234      2.023      1.991
     59      0        0.273      1.983      2.010
     60      0        0.258      2.011      1.985
     61      0        0.143      0.987      0.983
     62      0        0.118      1.018      1.006
     63      0        0.263      1.994      1.983
     64      0        0.234      2.024      2.014
     65      0        0.237      2.047      1.995
     66      0        0.144      0.979      0.991
     67      0        0.234      2.004      2.009
     68      0        0.234      2.013      1.999
     69      0        0.265      2.005      1.990
     70      0        0.267      2.012      1.991
     71      0        0.266      1.991      2.005
     72      0        0.235      2.023      2.014
     73      0        0.260      1.983      1.999
     74      0        0.260      1.992      1.990
     75      0        0.259      1.985      1.977
     76      0        0.264      1.860      2.126
     77      0        0.264      1.984      2.001
     78      0        0.117      1.005      1.020
     79      0        0.234      2.003      2.013
     80      0        0.233      2.013      2.005
     81      0        0.236      2.003      2.027
     82      0        0.257      1.981      1.981
     83      0        0.116      0.996      0.997
     84      0        0.234      2.003      2.000
     85      0        0.119      1.008      1.001
     86      0        0.262      1.985      1.995
     87      0        0.230      2.003      2.010
     88      0        0.115      0.997      0.995
     89      0        0.236      2.013      2.024
     90      0        0.132      0.978      1.004
     91      0        0.067      0.491      0.504
     92      0        0.069      0.489      0.502
     93      0        0.117      1.006      1.009

Optimization #1:
* Method          : lls
* Target function : energy
* No. of configs. : 114688
* No. of params.  : 736
* Before optimization:
  -1.1178E+01  -1.1186E+01  -1.1178E+01  -1.1170E+01  -1.1165E+01  -1.1177E+01
  -1.1186E+01   1.2863E+00   1.2927E+00  -2.1684E-02   1.1945E+00   1.7898E+00
   1.9856E+00   1.5866E+00   1.5766E+00   1.1748E+00   1.1667E+00   5.9866E-01
   5.9179E-01   1.5969E+00   1.5885E+00   1.3018E+00   1.2930E+00   5.1136E-01
   6.5652E-01   4.6743E-01   8.1572E-01   8.1394E-01   7.4843E-01   7.4549E-01
   7.4175E-01   1.4091E+00   1.4092E+00   1.1552E+00   1.1535E+00   1.0777E+00
   1.0772E+00   7.2779E-02   7.2995E-02   8.4129E-01   8.4134E-01   1.4918E-01
   1.4865E-01   7.5019E-01   7.4821E-01   1.5530E+00   1.5485E+00   2.2471E-01
   2.2499E-01   1.2245E+00   1.2247E+00   1.2112E+00   1.2080E+00   4.4566E-01
   4.4593E-01   7.2580E-01   7.2569E-01   4.7746E-01   4.7766E-01   4.0467E-01
   3.4688E-01   3.4725E-01   1.0268E+00   1.0277E+00  -1.7230E-01  -1.7383E-01
   7.0530E-01   7.0710E-01   3.3427E-01   3.3238E-01   3.8899E-02   3.8722E-02
   2.5647E-01   5.8175E-02   5.8192E-02   4.4984E-01   4.4981E-01   2.8962E-01
   7.3881E-02   7.1178E-02   5.5814E-01   5.5685E-01   8.2129E-01   8.2271E-01
   1.8396E-01   1.8109E-01   4.2418E-01   4.2487E-01  -7.0389E-02  -7.1433E-02
   4.5034E-01   4.5003E-01   1.2677E-01   1.2663E-01   1.5153E-01   1.5151E-01
   3.7252E-01   3.7311E-01   5.9124E-01   5.8639E-01   3.2847E-01   3.2656E-01
   3.0656E-01   3.0418E-01  -5.6983E-01  -5.7087E-01   3.8198E-01   3.8273E-01
  -5.9404E-01  -5.9468E-01   1.2929E-01   1.2674E-01  -3.4510E-01  -3.4504E-01
   2.9472E-01   2.9469E-01   5.6849E-01   5.2812E-02  -2.1020E-01  -2.1055E-01
   8.6786E-02   8.6461E-02   2.6005E-01   2.6006E-01   5.6294E-01  -1.7503E-01
  -1.7638E-01  -1.5454E-01  -1.5620E-01   5.8535E-02   5.7934E-02  -3.3532E-01
  -3.3653E-01   5.6275E-02   5.6389E-02  -1.7316E-03  -1.0350E-03  -2.0313E-01
  -2.0256E-01   2.7791E-01   2.7713E-01   9.8346E-04   5.4657E-04   7.8104E-01
   7.8437E-01   3.0417E-01   3.0473E-01   3.0512E-02  -2.7400E-01  -2.7488E-01
  -2.6810E-01  -2.6875E-01   9.2890E-02   9.2155E-02   3.3457E-03   3.6574E-03
  -5.5641E-01  -2.7885E-01  -2.7934E-01   1.4078E-03   2.7726E-01   2.7502E-01
  -2.7874E-01  -2.7836E-01  -5.5720E-01   9.3883E-04   4.0932E-04   4.2915E-01
   4.2844E-01   4.2782E-01   4.2828E-01   4.3110E-01   4.2759E-01   2.9230E+00
  -4.0668E+00   1.2830E+01  -1.2771E+01  -2.1079E+00   9.5336E-01  -7.0654E-01
  -9.4419E-01  -9.4111E+00   7.4713E+00  -4.9504E+00   3.4607E+00  -1.1572E+00
   7.7179E-02   6.2884E+00  -6.7992E+00  -1.5840E+00   6.5824E-02  -1.3805E+00
   1.5986E-01  -6.9352E-02  -4.4649E-01  -4.1732E-01  -2.4518E-01   6.5184E+00
  -7.0006E+00  -3.0716E-01  -5.3195E-01  -1.2692E-01  -6.4620E-01   2.9956E+00
  -3.7597E+00  -4.8954E+00   3.4936E+00  -1.4223E+00   2.5735E-01  -5.5362E+00
   4.4624E+00   5.5918E+00  -5.6613E+00  -1.2243E+00   3.7103E-01   6.4280E+00
  -6.5902E+00  -1.0406E+00   2.7574E-01  -4.9856E+00   3.3925E+00   5.5125E+00
  -5.7675E+00  -5.6168E+00   4.3617E+00  -4.8625E+00   3.6335E+00   3.1353E+00
  -3.5795E+00  -4.4780E+00   3.7517E+00  -1.5243E-01  -3.2084E-01   2.3684E-02
  -4.2676E-01  -8.2525E-01   4.7759E-01   2.9121E+00  -3.9872E+00   6.4608E+00
  -6.2885E+00  -3.4901E-01  -3.5829E-01   2.4433E+00  -2.7773E+00   2.1438E+00
  -2.1807E+00  -1.6691E+00   1.4126E+00   3.4643E+00  -3.5224E+00  -8.6817E-01
   4.2394E-01  -1.6821E+00   1.3911E+00   2.1290E+00  -2.2025E+00  -1.0344E+00
   4.7855E-01  -4.5241E+00   3.7077E+00   1.4352E-03  -1.8554E-01  -4.3291E+00
   3.9036E+00   6.4166E+00  -6.3392E+00  -4.3425E+00   3.8929E+00  -8.5713E-01
   7.3008E-01  -8.6742E-01   7.1727E-01  -5.1933E+00   4.8204E+00  -1.0533E+00
   4.6173E-01  -4.5207E-02  -2.8233E-01  -2.6825E-02  -2.7769E-01   1.0058E+01
  -9.4874E+00  -5.1976E+00   4.8156E+00   1.0071E+01  -9.4762E+00   3.4280E+00
  -3.5577E+00   6.5738E+00  -6.2289E+00  -4.4063E+00   4.1121E+00  -8.7571E+00
   8.1883E+00  -7.3775E-02   1.9036E-02   2.7093E+00  -2.4988E+00   7.8064E-02
  -1.6421E-01  -3.0223E-02  -2.3112E-01  -8.7550E+00   8.1907E+00   3.5822E+00
  -3.4073E+00   3.5712E+00  -3.4159E+00  -7.9860E-01   7.3960E-01   6.5694E+00
  -6.2327E+00  -7.9709E-01   7.4206E-01  -2.3580E-02   2.4945E-02   2.7053E+00
  -2.5000E+00  -4.3751E+00   4.0973E+00  -8.6507E-01   8.6456E-01  -3.9516E-01
  -3.8402E-01  -4.4131E+00   4.1088E+00  -6.5343E-02   3.3299E-02   3.4865E+00
  -3.2119E+00   3.4832E+00  -3.2162E+00   7.5045E-02  -1.6690E-01  -8.6417E-01
   8.5980E-01   7.0241E+00  -6.4676E+00   3.5121E+00  -3.2334E+00  -6.1358E-05
  -2.0433E-03  -4.3756E+00   4.0989E+00   3.5128E+00  -3.2339E+00   7.0261E+00
  -6.4689E+00  -2.4365E-02   2.3800E-02   2.4022E+00  -2.8254E+00   2.4034E+00
  -2.8262E+00   2.4036E+00  -2.8274E+00   9.6858E-01   9.6751E-01   9.6536E-01
   9.7134E-01   9.6737E-01   9.7427E-01   9.7577E-01  -6.4331E-04   1.2227E-03
   1.0888E-04  -8.8867E-04   1.6534E-03  -1.3453E-03  -1.2929E-04  -1.0607E-03
  -1.0879E-03  -1.1730E-03   3.4605E-04   6.6933E-04   6.0686E-04  -8.6539E-04
   4.4634E-06   1.3945E-03   1.1096E-03   8.5859E-04  -1.0142E-03   1.4734E-04
   5.1111E-04   3.3995E-04   3.0376E-04   2.4334E-03   7.7203E-04   1.5365E-03
  -5.8481E-04  -2.4862E-03  -2.3458E-04   8.1808E-04  -2.8792E-03   1.7407E-04
   4.2954E-04  -3.9246E-04   7.8458E-04  -2.8831E-04   3.1059E-03  -1.4634E-03
  -1.5996E-03  -1.2563E-03   2.5078E-03   3.4341E-03  -1.1140E-03  -1.9405E-03
  -2.5061E-04   5.0925E-05  -2.0796E-03   2.2752E-03  -1.2336E-03   1.2324E-03
  -1.0834E-03   4.9734E-04  -3.6117E-04   5.9443E-04   1.7088E-03   1.2724E-03
   7.1089E-04   2.8029E-04  -1.1003E-03   1.9680E-03   1.8686E-04   2.4847E-04
   7.7564E-04   3.1499E-04   2.0318E-03   1.0888E-03  -2.8449E-04  -2.2672E-04
   1.1178E-05   8.8950E-04  -1.4638E-03   3.4562E-04  -4.9702E-05  -7.7341E-04
   1.0008E-05  -1.9617E-04  -8.9065E-04   1.6262E-04  -5.0793E-04  -2.5701E-04
  -4.1983E-04   3.9547E-04  -5.7881E-04   1.6918E-04   3.0029E-04  -4.2671E-04
  -3.3626E-04   1.0241E-03  -6.5457E-04   3.7778E-05   3.6005E-05   4.0728E-05
  -1.1544E-03  -2.0930E-03   1.3661E-03   1.2291E-03  -2.4703E-03   7.2383E-04
   5.0657E-04   3.6999E-04  -3.6027E-05   4.9133E-04   3.0557E-04   9.2498E-04
   4.3400E-04   1.9415E-03  -1.7530E-04  -1.0384E-04  -5.5331E-04   3.4471E-03
  -3.0873E-05   6.2837E-04   7.1004E-04  -8.6907E-04   9.9889E-05  -5.5805E-04
   1.0939E-04   3.1232E-04  -4.9707E-04   5.4760E-05  -1.9262E-03  -4.9213E-04
  -7.2156E-05  -2.2960E-03   1.1059E-03   1.2671E-04   3.9863E-04   3.6943E-04
   3.6897E-04   5.1637E-03   6.3306E-05  -1.9122E-03  -2.0816E-03   6.4029E-04
   8.4412E-04   3.9247E-04  -2.5776E-03  -6.6906E-04  -2.4377E-04  -3.6619E-03
   2.7351E-03  -2.9392E-04   1.3513E-03   1.0689E-03  -3.6393E-04   1.0719E-04
   4.6144E-05   2.1097E-03  -3.5439E-04   4.7610E-04  -2.2002E-04  -2.6267E-04
   4.8947E-05   7.7079E-05  -3.3701E-05   5.8979E-04   2.5080E-04   1.1993E-03
   4.6279E-04  -1.7683E-04   1.5484E-05  -6.0971E-04   3.6233E-05  -5.4756E-04
  -1.8489E-04   3.5344E-04  -9.8011E-04  -2.2356E-04   1.4754E-03  -4.2544E-04
  -2.1606E-03  -3.7155E-04  -3.6690E-04  -5.5121E-05   3.6094E-04   2.7175E-04
   9.4669E-04  -2.8319E-04  -6.0750E-04  -3.7990E-04   1.2472E-03  -4.7649E-04
  -3.5333E-04  -3.5323E-04  -3.5186E-04  -1.1829E-04   1.2731E-03   3.4514E-04
   3.9106E-06   9.3786E-04   1.2777E-03  -3.4401E-04  -4.9765E-04   2.4625E-04
  -1.3364E-03  -2.3847E-04  -5.8792E-05   1.7150E-03  -8.5304E-04   1.0015E-04
   2.6882E-03   9.2655E-04  -1.4674E-03  -1.5342E-03   6.5956E-04  -5.6821E-04
   1.3410E-03  -1.2150E-03   2.5263E-05   1.1263E-03   1.3619E-03   3.2007E-03
  -6.2172E-05  -8.5204E-04   1.7875E-03   2.0687E-04   4.7021E-04  -1.6905E-03
   3.5512E-04   9.1292E-04  -1.5704E-03  -5.4458E-05  -5.2563E-05  -4.8931E-04
   3.2298E-05   4.1073E-04   9.3855E-04  -3.1494E-05  -3.6136E-04   3.2755E-05
   3.5269E-04  -1.9321E-03  -2.0278E-04  -5.5261E-04  -1.5821E-03  -1.2032E-03
   1.9430E-04   1.7661E-03  -3.8021E-04  -3.1968E-04  -3.0128E-04   3.7262E-03
  -7.8546E-04  -1.3746E-04  -3.6377E-04   1.2633E-03   5.8482E-04  -1.9964E-03
  -3.1705E-04  -1.1180E-03  -4.8654E-05   2.2994E-03   4.2612E-04  -1.7888E-03
   1.7971E-03   2.0054E-03   7.3491E-04   4.9231E-04  -2.3257E-04  -4.1878E-04
   2.6834E-05  -1.7377E-03  -1.0668E-04   1.4019E-03  -6.2727E-04  -9.2680E-04
  -3.4593E-04   4.2908E-04   3.3546E-04  -6.2885E-04   4.8804E-04   1.1986E-04
   1.8093E-04   1.9977E-04   2.4074E-04   3.7920E-04   3.8102E-04   3.8030E-04
   5.1214E-05  -5.5632E-04   3.7179E-04   1.0440E-03  -8.0674E-04   2.1523E-04
   1.2839E-03  -1.9737E-04   1.1241E-03   1.6112E-04   1.1568E-03   4.8567E-04
   1.4351E-03   4.4632E-04   8.0158E-04   2.5751E-03  -1.0293E-03   9.2845E-04
  -2.4557E-03   2.3326E-03  -1.0231E-05  -7.8665E-05  -1.4590E-03  -8.6544E-04
  -1.2515E-03   8.9231E-04   1.1019E-03   5.8419E-04  -2.9651E-04   1.5368E-03
  -6.9561E-04   1.0707E-03  -7.3271E-04   3.5213E-05   1.7358E-03  -2.0103E-03
   6.2147E-04   2.0973E-03   1.0833E-03  -3.1331E-04  -4.4087E-04  -9.8625E-04
  -2.7047E-03   1.2041E-03  -6.1732E-04  -7.3161E-05  -2.2370E-03  -1.8379E-03
  -7.3291E-05  -6.0466E-04  -1.0818E-03   2.4337E-03   8.5493E-04   1.0026E-04
  -9.0239E-04   1.0409E-04   2.0433E-03  -1.0479E-03  -6.3699E-04   4.9164E-04
  -7.1983E-04   4.6992E-04  -2.2834E-03  -5.1565E-04  -1.1808E-03  -9.0680E-04
   1.6443E-03   5.3788E-04  -1.5466E-03   1.1427E-03   1.1246E-03   1.6823E-03
  -5.3185E-05   1.7643E-04  -6.2804E-04  -2.0407E-04  -5.5817E-05   3.7367E-04
  -9.9681E-04  -4.8071E-04  -1.0373E-03   2.2828E-05   4.0421E-04   1.1907E-03
   1.5671E-04  -1.1650E-04  -6.1310E-05   1.2638E-04   4.1128E-04   4.2846E-04
  -6.4427E-06  -6.9337E-06  -6.3717E-06   1.0959E-03
  > E    =  -9.938930247390E+02 +/-   3.285191605060E-04
  > varE =   1.237768391454E-02
* Computing derivatives.
    [walltime: 13m27s elapsed, 33m37s remaining]
  Done. [total walltime: 47m4s]
* Optimizing manipulation constant:
  #igrid a___________ E____________________________________ varE____________
     1     Infinity    -9.93893025E+02 +/-   3.28519161E-04   1.23776839E-02
     2     1.0000E+06  -9.93893025E+02 +/-   3.28518911E-04   1.23776651E-02
     3     2.1544E+05  -9.93893025E+02 +/-   3.28518012E-04   1.23775973E-02
     4     4.6416E+04  -9.93893025E+02 +/-   3.28514066E-04   1.23773000E-02
     5     1.0000E+04  -9.93893027E+02 +/-   3.28500627E-04   1.23762874E-02
     6     2.1544E+03  -9.93893034E+02 +/-   3.28542869E-04   1.23794705E-02
     7     4.6416E+02  -9.93893027E+02 +/-   3.31129396E-04   1.25751581E-02
     8     1.0000E+02  -9.93884696E+02 +/-   4.48230783E-04   2.30420618E-02
     9     2.1544E+01  -9.92873817E+02 +/-   2.62906738E-03   7.92722914E-01
    10     4.6416E+00  -9.90675816E+02 +/-   3.92532728E-03   1.76713498E+00
    11     1.0000E+00 (error)
    12     2.1544E-01   6.13679531E+07 +/-   5.48714732E+08   3.45311641E+22
    13     4.6416E-02 (error)
    14     1.0000E-02 (error)
    15     2.1544E-03   2.60666678E+09 +/-   3.97681886E+08   1.81380084E+22
    16     4.6416E-04   1.70058712E+09 +/-   2.93712016E+08   9.89376081E+21
    17     1.0000E-04   1.56119534E+09 +/-   2.77330381E+08   8.82089954E+21
    18     2.1544E-05   1.53338507E+09 +/-   2.73980013E+08   8.60906017E+21
    19     4.6416E-06   1.52749053E+09 +/-   2.73265991E+08   8.56424633E+21
    20     1.0000E-06   1.52622503E+09 +/-   2.73112516E+08   8.55462909E+21
    21     0.0000E+00   1.52587778E+09 +/-   2.73070393E+08   8.55199048E+21
* Iteration # 1: E =  -9.938930343426E+02 +/-   3.285428689444E-04
* Convergence: exiting.
* After optimization:
  -1.1202E+01  -1.1210E+01  -1.1202E+01  -1.1196E+01  -1.1191E+01  -1.1203E+01
  -1.1212E+01   1.2865E+00   1.2929E+00  -2.1862E-02   1.1944E+00   1.7899E+00
   1.9855E+00   1.5865E+00   1.5765E+00   1.1746E+00   1.1666E+00   5.9848E-01
   5.9162E-01   1.5968E+00   1.5885E+00   1.3016E+00   1.2929E+00   5.1127E-01
   6.5643E-01   4.6759E-01   8.1555E-01   8.1377E-01   7.4826E-01   7.4546E-01
   7.4172E-01   1.4091E+00   1.4092E+00   1.1551E+00   1.1535E+00   1.0776E+00
   1.0771E+00   7.2649E-02   7.2864E-02   8.4115E-01   8.4120E-01   1.4904E-01
   1.4851E-01   7.5006E-01   7.4808E-01   1.5530E+00   1.5485E+00   2.2457E-01
   2.2485E-01   1.2244E+00   1.2246E+00   1.2111E+00   1.2079E+00   4.4565E-01
   4.4592E-01   7.2569E-01   7.2558E-01   4.7733E-01   4.7752E-01   4.0453E-01
   3.4674E-01   3.4711E-01   1.0270E+00   1.0278E+00  -1.7245E-01  -1.7398E-01
   7.0529E-01   7.0709E-01   3.3424E-01   3.3235E-01   3.8769E-02   3.8592E-02
   2.5633E-01   5.8137E-02   5.8154E-02   4.4969E-01   4.4967E-01   2.8947E-01
   7.3747E-02   7.1047E-02   5.5811E-01   5.5682E-01   8.2117E-01   8.2259E-01
   1.8379E-01   1.8093E-01   4.2403E-01   4.2473E-01  -7.0549E-02  -7.1593E-02
   4.5019E-01   4.4989E-01   1.2660E-01   1.2646E-01   1.5136E-01   1.5134E-01
   3.7237E-01   3.7296E-01   5.9121E-01   5.8636E-01   3.2843E-01   3.2652E-01
   3.0652E-01   3.0415E-01  -5.6988E-01  -5.7093E-01   3.8184E-01   3.8258E-01
  -5.9410E-01  -5.9474E-01   1.2925E-01   1.2670E-01  -3.4516E-01  -3.4509E-01
   2.9455E-01   2.9451E-01   5.6834E-01   5.2615E-02  -2.1027E-01  -2.1062E-01
   8.6719E-02   8.6394E-02   2.5988E-01   2.5989E-01   5.6279E-01  -1.7510E-01
  -1.7644E-01  -1.5461E-01  -1.5627E-01   5.8464E-02   5.7863E-02  -3.3537E-01
  -3.3659E-01   5.6204E-02   5.6318E-02  -1.8305E-03  -1.1341E-03  -2.0320E-01
  -2.0263E-01   2.7784E-01   2.7706E-01   9.0672E-04   4.6972E-04   7.8103E-01
   7.8436E-01   3.0399E-01   3.0455E-01   3.0316E-02  -2.7410E-01  -2.7498E-01
  -2.6820E-01  -2.6885E-01   9.2822E-02   9.2088E-02   3.2691E-03   3.5802E-03
  -5.5642E-01  -2.7885E-01  -2.7934E-01   1.4075E-03   2.7719E-01   2.7494E-01
  -2.7875E-01  -2.7836E-01  -5.5721E-01   8.4016E-04   3.1068E-04   4.2911E-01
   4.2840E-01   4.2778E-01   4.2824E-01   4.3106E-01   4.2755E-01   2.9232E+00
  -4.0674E+00   1.2831E+01  -1.2771E+01  -2.1070E+00   9.5253E-01  -7.0666E-01
  -9.4418E-01  -9.4102E+00   7.4705E+00  -4.9496E+00   3.4599E+00  -1.1564E+00
   7.6360E-02   6.2892E+00  -6.7999E+00  -1.5831E+00   6.4989E-02  -1.3796E+00
   1.5908E-01  -6.8480E-02  -4.4727E-01  -4.1648E-01  -2.4592E-01   6.5191E+00
  -7.0015E+00  -3.0626E-01  -5.3266E-01  -1.2601E-01  -6.4692E-01   2.9964E+00
  -3.7605E+00  -4.8950E+00   3.4932E+00  -1.4214E+00   2.5653E-01  -5.5353E+00
   4.4616E+00   5.5927E+00  -5.6620E+00  -1.2234E+00   3.7027E-01   6.4288E+00
  -6.5909E+00  -1.0397E+00   2.7496E-01  -4.9852E+00   3.3922E+00   5.5134E+00
  -5.7682E+00  -5.6159E+00   4.3609E+00  -4.8616E+00   3.6327E+00   3.1361E+00
  -3.5803E+00  -4.4771E+00   3.7509E+00  -1.5156E-01  -3.2158E-01   2.4574E-02
  -4.2751E-01  -8.2432E-01   4.7679E-01   2.9124E+00  -3.9876E+00   6.4616E+00
  -6.2892E+00  -3.4863E-01  -3.5865E-01   2.4441E+00  -2.7781E+00   2.1446E+00
  -2.1814E+00  -1.6681E+00   1.4118E+00   3.4652E+00  -3.5232E+00  -8.6723E-01
   4.2315E-01  -1.6811E+00   1.3903E+00   2.1298E+00  -2.2032E+00  -1.0339E+00
   4.7813E-01  -4.5232E+00   3.7069E+00   2.3310E-03  -1.8627E-01  -4.3282E+00
   3.9029E+00   6.4174E+00  -6.3399E+00  -4.3416E+00   3.8922E+00  -8.5619E-01
   7.2931E-01  -8.6648E-01   7.1650E-01  -5.1923E+00   4.8196E+00  -1.0528E+00
   4.6131E-01  -4.4785E-02  -2.8271E-01  -2.6407E-02  -2.7807E-01   1.0059E+01
  -9.4882E+00  -5.1967E+00   4.8147E+00   1.0071E+01  -9.4769E+00   3.4289E+00
  -3.5585E+00   6.5742E+00  -6.2292E+00  -4.4054E+00   4.1114E+00  -8.7561E+00
   8.1875E+00  -7.2869E-02   1.8329E-02   2.7102E+00  -2.4997E+00   7.8509E-02
  -1.6459E-01  -2.9323E-02  -2.3185E-01  -8.7540E+00   8.1899E+00   3.5830E+00
  -3.4081E+00   3.5721E+00  -3.4167E+00  -7.9811E-01   7.3919E-01   6.5698E+00
  -6.2330E+00  -7.9660E-01   7.4164E-01  -2.3128E-02   2.4591E-02   2.7062E+00
  -2.5008E+00  -4.3746E+00   4.0969E+00  -8.6416E-01   8.6373E-01  -3.9478E-01
  -3.8439E-01  -4.4121E+00   4.1081E+00  -6.4438E-02   3.2591E-02   3.4873E+00
  -3.2127E+00   3.4841E+00  -3.2170E+00   7.5489E-02  -1.6728E-01  -8.6327E-01
   8.5897E-01   7.0250E+00  -6.4684E+00   3.5126E+00  -3.2338E+00  -6.0730E-05
  -2.0422E-03  -4.3751E+00   4.0985E+00   3.5132E+00  -3.2344E+00   7.0270E+00
  -6.4698E+00  -2.3912E-02   2.3446E-02   2.4030E+00  -2.8262E+00   2.4042E+00
  -2.8271E+00   2.4045E+00  -2.8283E+00   9.8115E-01   9.8007E-01   9.7763E-01
   9.8474E-01   9.8078E-01   9.8786E-01   9.8882E-01  -6.5658E-04   1.2649E-03
   1.1489E-04  -9.9015E-04   1.8573E-03  -1.2649E-03  -1.6188E-04  -1.0773E-03
  -9.5593E-04  -1.2532E-03   4.0494E-04   8.0529E-04   4.4522E-04  -8.3255E-04
   4.4882E-05   1.6301E-03   9.4681E-04   1.0636E-03  -1.0985E-03   4.3179E-05
   6.4323E-04   4.6971E-04   5.2793E-04   2.5910E-03   9.5724E-04   1.6943E-03
  -4.9855E-04  -2.4183E-03  -2.2336E-04   9.4029E-04  -2.7528E-03   1.1797E-04
   7.6391E-04  -3.9372E-04   8.5828E-04  -1.9504E-04   3.1922E-03  -1.3139E-03
  -1.5783E-03  -1.3301E-03   2.7885E-03   3.6663E-03  -1.1804E-03  -2.0188E-03
  -2.7240E-04   8.8373E-05  -2.1174E-03   2.3228E-03  -1.1621E-03   1.3337E-03
  -1.0919E-03   3.6949E-04  -3.0070E-04   4.8686E-04   1.8210E-03   1.2723E-03
   6.9195E-04   3.5346E-04  -1.1826E-03   1.9351E-03   2.6493E-04   3.2540E-04
   7.8170E-04   3.4825E-04   2.1617E-03   1.0946E-03  -2.2715E-04  -1.8999E-04
  -1.4019E-05   8.8705E-04  -1.4598E-03   3.9790E-04  -1.0738E-05  -7.5060E-04
   4.7339E-05  -9.7064E-05  -9.2002E-04   1.8256E-04  -4.9753E-04  -2.2524E-04
  -4.3139E-04   4.7256E-04  -7.6218E-04   3.4131E-04   1.0241E-04  -3.9009E-04
  -3.6103E-04   9.7813E-04  -6.4513E-04   4.8931E-06   2.8792E-06   7.9043E-06
  -1.3180E-03  -2.2648E-03   1.8604E-03   1.6107E-03  -2.2090E-03   1.1157E-03
   9.0731E-04   5.9132E-04   2.1007E-04   7.0551E-04   4.3810E-04   1.0814E-03
   5.0489E-04   2.4084E-03  -6.6027E-05  -1.6203E-05  -4.8228E-04   3.5276E-03
  -9.5261E-05   5.9146E-04   6.5893E-04  -8.8426E-04   3.5096E-05  -5.0041E-04
   2.1842E-04   4.9386E-04  -4.0030E-04   1.7848E-04  -1.8623E-03  -6.1882E-04
  -1.3717E-04  -2.3371E-03   1.0017E-03   2.6195E-05   3.4261E-04   3.6803E-04
   4.2825E-04   5.1653E-03   1.8154E-04  -1.7641E-03  -2.2418E-03   8.9607E-04
   1.0444E-03   2.4841E-04  -2.7512E-03  -7.1220E-04  -2.2976E-04  -3.7947E-03
   2.7695E-03  -2.5642E-04   1.4473E-03   9.9390E-04  -3.9269E-04   1.4884E-04
   2.6885E-05   2.2235E-03  -3.4001E-04   5.5773E-04  -2.0492E-04  -2.7079E-04
   4.9578E-05   1.4446E-04   3.7171E-05   6.1623E-04   2.5574E-04   1.2981E-03
   4.9719E-04  -1.2748E-04   8.5097E-05  -6.0451E-04   4.7864E-06  -5.6053E-04
  -1.3192E-04   4.0981E-04  -9.8709E-04  -2.3438E-04   1.6918E-03  -4.7911E-04
  -2.1120E-03  -3.7832E-04  -3.4532E-04  -3.6669E-05   3.9846E-04   2.3382E-04
   1.2280E-03  -4.6337E-04  -6.0271E-04  -3.4446E-04   1.3143E-03  -4.8851E-04
  -4.5238E-04  -4.5242E-04  -4.5120E-04  -1.9191E-04   1.0086E-03   2.0217E-04
  -3.8060E-04   5.7662E-04   1.2607E-03  -2.8004E-04  -6.8906E-04   2.2593E-04
  -1.4292E-03  -3.2765E-04  -1.9747E-04   1.6052E-03  -1.0177E-03   8.4908E-05
   2.7490E-03   9.4548E-04  -1.5858E-03  -1.3072E-03   6.3112E-04  -6.3067E-04
   1.3142E-03  -1.1750E-03   4.1353E-05   1.1247E-03   1.5649E-03   3.4381E-03
  -1.1715E-04  -8.2954E-04   1.8953E-03   3.0664E-04   5.7608E-04  -1.6074E-03
   5.6188E-04   1.0179E-03  -1.4274E-03   1.8479E-05  -8.7745E-05  -4.5554E-04
   1.0276E-05   4.4349E-04   1.0748E-03   9.4728E-05  -2.9801E-04   7.2081E-05
   4.0500E-04  -1.9176E-03  -1.9669E-04  -5.4481E-04  -1.5324E-03  -1.1595E-03
   2.1856E-04   1.7707E-03  -3.1844E-04  -3.3143E-04  -3.0452E-04   3.7154E-03
  -8.1981E-04  -1.5231E-04  -4.2235E-04   1.2565E-03   5.8762E-04  -1.9487E-03
  -2.8305E-04  -1.0551E-03   2.6575E-05   2.2175E-03   4.6640E-04  -1.7636E-03
   1.7743E-03   2.0709E-03   7.2523E-04   4.8582E-04  -2.0946E-04  -3.6364E-04
   5.6917E-05  -1.7782E-03  -9.1748E-05   1.3919E-03  -5.4502E-04  -8.7420E-04
  -3.2260E-04   4.5375E-04   3.5050E-04  -6.9792E-04   5.4071E-04   1.5461E-04
   3.0901E-05   1.6053E-04   2.3304E-04   3.9391E-04   3.9570E-04   3.9585E-04
   2.3427E-04  -1.0374E-03   6.7778E-04   1.0160E-03  -7.9390E-04   3.8887E-04
   1.6049E-03  -1.7214E-04   1.3313E-03   1.1641E-04   1.2449E-03   4.2977E-04
   1.2532E-03   8.9545E-04   8.5297E-04   2.6846E-03  -1.1540E-03   1.0255E-03
  -2.4945E-03   2.3273E-03  -2.9021E-05  -2.4007E-04  -1.6183E-03  -1.0124E-03
  -1.2724E-03   1.0962E-03   1.3019E-03   5.5641E-04  -2.8528E-04   1.5057E-03
  -7.7621E-04   9.9516E-04  -7.1247E-04  -2.0515E-04   1.7733E-03  -1.9386E-03
   6.4959E-04   1.9472E-03   1.0646E-03  -2.0007E-04  -4.8770E-04  -8.5100E-04
  -2.5767E-03   1.1673E-03  -6.6856E-04  -3.6057E-05  -2.2427E-03  -1.9084E-03
  -8.4288E-05  -6.0316E-04  -1.0440E-03   2.3616E-03   9.7306E-04   1.3675E-04
  -8.1539E-04   9.7551E-05   2.0692E-03  -9.7531E-04  -7.0487E-04   4.9843E-04
  -6.6546E-04   4.6349E-04  -2.2376E-03  -4.5824E-04  -1.1454E-03  -8.5235E-04
   1.6003E-03   5.6805E-04  -1.4911E-03   1.1597E-03   1.1720E-03   1.6417E-03
  -5.1501E-05   2.1370E-04  -6.0072E-04  -2.1991E-04  -3.3802E-07   3.5770E-04
  -9.4514E-04  -4.1787E-04  -9.9423E-04   7.2214E-05   3.8907E-04   1.3439E-03
   1.8949E-04  -3.6937E-05  -5.7119E-05   3.8480E-05   4.8479E-04   3.9639E-04
  -5.4184E-05  -5.4183E-05  -5.3901E-05   1.3580E-03
  > Energy =  -9.938930343426E+02 +/-   3.285428689444E-04
  > varE =   1.237947051441E-02

VMC #2:
* Size of Hilbert space =   1.0817E+14
* Number of equil. steps   = 1000
* Running VMC equilibration.
  Done. [total walltime: 0.34s]
* Equil. acc.ratio (%)     =  13.5820
* Sample config after equilibration:
  +-------------------------+
  |  2   d   2   d   u   0  |
  |0   u   0   u   0   u   d|
  |u   u   d   u   u   2   2|
  |  d   2   d   d   d   0  |
  +-------------------------+
* Number of accum. steps   = 573440 x 10
* Running VMC accumulation.
  Done. [total walltime: 19.5s]
* Acceptance ratio (%)     =  13.5511
* Etot/t                   =  -9.938931861538E+02 +/-   1.493043571668E-04
  > Ttot/t                 =  -9.593476379874E+01 +/-   9.552306525992E-04
  > Utot/t                 =   4.234973209584E+01 +/-   9.463501406038E-04
* var[Eloc/t]              =   1.246556372339E-02 +/-   9.793831946899E-05
* Correlation length       =   1.025465430546E+00
* log10 Psi^2 range: -80.49040118466945 -- -68.28636864406647
* log10 Pgen range : -80.49040118466945 -- -68.28636864406647
* Site occupation (ave. no. electrons per config.):
  > Site_  ___eu____  ___ed____
      1        0.499      0.499
      2        0.499      0.494
      3        0.499      0.495
      4        0.498      0.498
      5        0.505      0.503
      6        0.498      0.501
      7        0.501      0.504
      8        0.501      0.499
      9        0.495      0.500
     10        0.501      0.499
     11        0.497      0.497
     12        0.502      0.501
     13        0.501      0.504
     14        0.501      0.503
     15        0.504      0.505
     16        0.499      0.495
     17        0.499      0.501
     18        0.499      0.502
     19        0.503      0.498
     20        0.504      0.504
     21        0.503      0.505
     22        0.499      0.500
     23        0.497      0.497
     24        0.496      0.498
     25        0.498      0.496
     26        0.501      0.502
* Pair-correlation analysis (ave. no. pairs per config.):
  > Shell  nsite  ___dh____  __eueu___  __eued___
      0      1        0          0          4.661
      1      0        0.953      0.493      2.572
      2      0        0.139      0.359      0.527
      3      0        0.279      0.723      1.044
      4      0        0.233      0.774      1.043
      5      0        0.266      0.741      1.035
      6      0        0.800      0.844      2.398
      7      0        0.709      1.057      2.296
      8      0        0.622      1.246      2.218
      9      0        0.462      1.573      2.068
     10      0        0.546      1.422      2.134
     11      0        0.156      0.824      1.142
     12      0        0.155      0.839      1.123
     13      0        0.147      0.865      1.080
     14      0        0.245      2.092      1.950
     15      0        0.124      1.049      0.970
     16      0        0.242      2.077      1.936
     17      0        0.282      1.910      2.031
     18      0        0.250      2.040      1.959
     19      0        0.318      1.885      2.025
     20      0        0.326      1.878      2.036
     21      0        0.258      2.071      1.955
     22      0        0.260      2.103      1.930
     23      0        0.257      2.109      1.920
     24      0        0.247      2.083      1.931
     25      0        0.292      2.059      1.930
     26      0        0.282      2.062      1.925
     27      0        0.248      2.122      1.914
     28      0        0.238      1.975      2.043
     29      0        0.259      2.047      1.959
     30      0        0.240      1.972      2.073
     31      0        0.120      0.979      1.044
     32      0        0.264      2.043      1.967
     33      0        0.218      2.125      1.918
     34      0        0.266      2.036      1.975
     35      0        0.237      2.053      1.975
     36      0        0.263      2.005      1.979
     37      0        0.300      1.938      2.014
     38      0        0.154      0.969      1.003
     39      0        0.234      2.003      2.023
     40      0        0.282      1.918      2.060
     41      0        0.149      1.002      0.980
     42      0        0.293      2.015      1.951
     43      0        0.272      1.963      2.010
     44      0        0.283      1.883      2.080
     45      0        0.239      2.006      2.041
     46      0        0.261      2.017      1.983
     47      0        0.279      1.943      2.043
     48      0        0.265      1.967      2.026
     49      0        0.266      2.013      1.990
     50      0        0.271      1.986      2.009
     51      0        0.296      1.963      1.987
     52      0        0.262      2.015      1.975
     53      0        0.240      1.979      2.041
     54      0        0.237      2.027      1.998
     55      0        0.261      1.985      2.003
     56      0        0.295      1.985      1.968
     57      0        0.262      2.001      1.985
     58      0        0.236      2.026      1.996
     59      0        0.268      1.978      2.003
     60      0        0.260      2.005      1.995
     61      0        0.144      0.990      0.986
     62      0        0.119      1.018      1.008
     63      0        0.262      1.996      1.985
     64      0        0.238      2.015      2.011
     65      0        0.236      2.050      2.001
     66      0        0.145      0.984      0.988
     67      0        0.233      2.014      2.014
     68      0        0.234      2.023      2.002
     69      0        0.264      2.003      1.980
     70      0        0.266      2.002      1.982
     71      0        0.265      1.978      1.999
     72      0        0.234      2.016      2.011
     73      0        0.265      1.978      1.999
     74      0        0.260      1.987      1.989
     75      0        0.257      1.984      1.996
     76      0        0.266      1.850      2.125
     77      0        0.262      1.992      2.006
     78      0        0.117      1.007      1.019
     79      0        0.236      2.013      2.008
     80      0        0.235      2.012      2.012
     81      0        0.237      2.001      2.025
     82      0        0.257      1.991      1.988
     83      0        0.116      1.004      0.994
     84      0        0.228      1.996      2.011
     85      0        0.116      1.008      0.995
     86      0        0.261      1.991      1.985
     87      0        0.229      1.992      2.014
     88      0        0.114      1.005      0.996
     89      0        0.233      2.012      2.017
     90      0        0.135      0.984      1.003
     91      0        0.067      0.490      0.501
     92      0        0.067      0.490      0.501
     93      0        0.116      1.004      0.999

Optimization #2:
* Method          : lls
* Target function : energy
* No. of configs. : 114688
* No. of params.  : 736
* Before optimization:
  -1.1202E+01  -1.1210E+01  -1.1202E+01  -1.1196E+01  -1.1191E+01  -1.1203E+01
  -1.1212E+01   1.2865E+00   1.2929E+00  -2.1862E-02   1.1944E+00   1.7899E+00
   1.9855E+00   1.5865E+00   1.5765E+00   1.1746E+00   1.1666E+00   5.9848E-01
   5.9162E-01   1.5968E+00   1.5885E+00   1.3016E+00   1.2929E+00   5.1127E-01
   6.5643E-01   4.6759E-01   8.1555E-01   8.1377E-01   7.4826E-01   7.4546E-01
   7.4172E-01   1.4091E+00   1.4092E+00   1.1551E+00   1.1535E+00   1.0776E+00
   1.0771E+00   7.2649E-02   7.2864E-02   8.4115E-01   8.4120E-01   1.4904E-01
   1.4851E-01   7.5006E-01   7.4808E-01   1.5530E+00   1.5485E+00   2.2457E-01
   2.2485E-01   1.2244E+00   1.2246E+00   1.2111E+00   1.2079E+00   4.4565E-01
   4.4592E-01   7.2569E-01   7.2558E-01   4.7733E-01   4.7752E-01   4.0453E-01
   3.4674E-01   3.4711E-01   1.0270E+00   1.0278E+00  -1.7245E-01  -1.7398E-01
   7.0529E-01   7.0709E-01   3.3424E-01   3.3235E-01   3.8769E-02   3.8592E-02
   2.5633E-01   5.8137E-02   5.8154E-02   4.4969E-01   4.4967E-01   2.8947E-01
   7.3747E-02   7.1047E-02   5.5811E-01   5.5682E-01   8.2117E-01   8.2259E-01
   1.8379E-01   1.8093E-01   4.2403E-01   4.2473E-01  -7.0549E-02  -7.1593E-02
   4.5019E-01   4.4989E-01   1.2660E-01   1.2646E-01   1.5136E-01   1.5134E-01
   3.7237E-01   3.7296E-01   5.9121E-01   5.8636E-01   3.2843E-01   3.2652E-01
   3.0652E-01   3.0415E-01  -5.6988E-01  -5.7093E-01   3.8184E-01   3.8258E-01
  -5.9410E-01  -5.9474E-01   1.2925E-01   1.2670E-01  -3.4516E-01  -3.4509E-01
   2.9455E-01   2.9451E-01   5.6834E-01   5.2615E-02  -2.1027E-01  -2.1062E-01
   8.6719E-02   8.6394E-02   2.5988E-01   2.5989E-01   5.6279E-01  -1.7510E-01
  -1.7644E-01  -1.5461E-01  -1.5627E-01   5.8464E-02   5.7863E-02  -3.3537E-01
  -3.3659E-01   5.6204E-02   5.6318E-02  -1.8305E-03  -1.1341E-03  -2.0320E-01
  -2.0263E-01   2.7784E-01   2.7706E-01   9.0672E-04   4.6972E-04   7.8103E-01
   7.8436E-01   3.0399E-01   3.0455E-01   3.0316E-02  -2.7410E-01  -2.7498E-01
  -2.6820E-01  -2.6885E-01   9.2822E-02   9.2088E-02   3.2691E-03   3.5802E-03
  -5.5642E-01  -2.7885E-01  -2.7934E-01   1.4075E-03   2.7719E-01   2.7494E-01
  -2.7875E-01  -2.7836E-01  -5.5721E-01   8.4016E-04   3.1068E-04   4.2911E-01
   4.2840E-01   4.2778E-01   4.2824E-01   4.3106E-01   4.2755E-01   2.9232E+00
  -4.0674E+00   1.2831E+01  -1.2771E+01  -2.1070E+00   9.5253E-01  -7.0666E-01
  -9.4418E-01  -9.4102E+00   7.4705E+00  -4.9496E+00   3.4599E+00  -1.1564E+00
   7.6360E-02   6.2892E+00  -6.7999E+00  -1.5831E+00   6.4989E-02  -1.3796E+00
   1.5908E-01  -6.8480E-02  -4.4727E-01  -4.1648E-01  -2.4592E-01   6.5191E+00
  -7.0015E+00  -3.0626E-01  -5.3266E-01  -1.2601E-01  -6.4692E-01   2.9964E+00
  -3.7605E+00  -4.8950E+00   3.4932E+00  -1.4214E+00   2.5653E-01  -5.5353E+00
   4.4616E+00   5.5927E+00  -5.6620E+00  -1.2234E+00   3.7027E-01   6.4288E+00
  -6.5909E+00  -1.0397E+00   2.7496E-01  -4.9852E+00   3.3922E+00   5.5134E+00
  -5.7682E+00  -5.6159E+00   4.3609E+00  -4.8616E+00   3.6327E+00   3.1361E+00
  -3.5803E+00  -4.4771E+00   3.7509E+00  -1.5156E-01  -3.2158E-01   2.4574E-02
  -4.2751E-01  -8.2432E-01   4.7679E-01   2.9124E+00  -3.9876E+00   6.4616E+00
  -6.2892E+00  -3.4863E-01  -3.5865E-01   2.4441E+00  -2.7781E+00   2.1446E+00
  -2.1814E+00  -1.6681E+00   1.4118E+00   3.4652E+00  -3.5232E+00  -8.6723E-01
   4.2315E-01  -1.6811E+00   1.3903E+00   2.1298E+00  -2.2032E+00  -1.0339E+00
   4.7813E-01  -4.5232E+00   3.7069E+00   2.3310E-03  -1.8627E-01  -4.3282E+00
   3.9029E+00   6.4174E+00  -6.3399E+00  -4.3416E+00   3.8922E+00  -8.5619E-01
   7.2931E-01  -8.6648E-01   7.1650E-01  -5.1923E+00   4.8196E+00  -1.0528E+00
   4.6131E-01  -4.4785E-02  -2.8271E-01  -2.6407E-02  -2.7807E-01   1.0059E+01
  -9.4882E+00  -5.1967E+00   4.8147E+00   1.0071E+01  -9.4769E+00   3.4289E+00
  -3.5585E+00   6.5742E+00  -6.2292E+00  -4.4054E+00   4.1114E+00  -8.7561E+00
   8.1875E+00  -7.2869E-02   1.8329E-02   2.7102E+00  -2.4997E+00   7.8509E-02
  -1.6459E-01  -2.9323E-02  -2.3185E-01  -8.7540E+00   8.1899E+00   3.5830E+00
  -3.4081E+00   3.5721E+00  -3.4167E+00  -7.9811E-01   7.3919E-01   6.5698E+00
  -6.2330E+00  -7.9660E-01   7.4164E-01  -2.3128E-02   2.4591E-02   2.7062E+00
  -2.5008E+00  -4.3746E+00   4.0969E+00  -8.6416E-01   8.6373E-01  -3.9478E-01
  -3.8439E-01  -4.4121E+00   4.1081E+00  -6.4438E-02   3.2591E-02   3.4873E+00
  -3.2127E+00   3.4841E+00  -3.2170E+00   7.5489E-02  -1.6728E-01  -8.6327E-01
   8.5897E-01   7.0250E+00  -6.4684E+00   3.5126E+00  -3.2338E+00  -6.0730E-05
  -2.0422E-03  -4.3751E+00   4.0985E+00   3.5132E+00  -3.2344E+00   7.0270E+00
  -6.4698E+00  -2.3912E-02   2.3446E-02   2.4030E+00  -2.8262E+00   2.4042E+00
  -2.8271E+00   2.4045E+00  -2.8283E+00   9.8115E-01   9.8007E-01   9.7763E-01
   9.8474E-01   9.8078E-01   9.8786E-01   9.8882E-01  -6.5658E-04   1.2649E-03
   1.1489E-04  -9.9015E-04   1.8573E-03  -1.2649E-03  -1.6188E-04  -1.0773E-03
  -9.5593E-04  -1.2532E-03   4.0494E-04   8.0529E-04   4.4522E-04  -8.3255E-04
   4.4882E-05   1.6301E-03   9.4681E-04   1.0636E-03  -1.0985E-03   4.3179E-05
   6.4323E-04   4.6971E-04   5.2793E-04   2.5910E-03   9.5724E-04   1.6943E-03
  -4.9855E-04  -2.4183E-03  -2.2336E-04   9.4029E-04  -2.7528E-03   1.1797E-04
   7.6391E-04  -3.9372E-04   8.5828E-04  -1.9504E-04   3.1922E-03  -1.3139E-03
  -1.5783E-03  -1.3301E-03   2.7885E-03   3.6663E-03  -1.1804E-03  -2.0188E-03
  -2.7240E-04   8.8373E-05  -2.1174E-03   2.3228E-03  -1.1621E-03   1.3337E-03
  -1.0919E-03   3.6949E-04  -3.0070E-04   4.8686E-04   1.8210E-03   1.2723E-03
   6.9195E-04   3.5346E-04  -1.1826E-03   1.9351E-03   2.6493E-04   3.2540E-04
   7.8170E-04   3.4825E-04   2.1617E-03   1.0946E-03  -2.2715E-04  -1.8999E-04
  -1.4019E-05   8.8705E-04  -1.4598E-03   3.9790E-04  -1.0738E-05  -7.5060E-04
   4.7339E-05  -9.7064E-05  -9.2002E-04   1.8256E-04  -4.9753E-04  -2.2524E-04
  -4.3139E-04   4.7256E-04  -7.6218E-04   3.4131E-04   1.0241E-04  -3.9009E-04
  -3.6103E-04   9.7813E-04  -6.4513E-04   4.8931E-06   2.8792E-06   7.9043E-06
  -1.3180E-03  -2.2648E-03   1.8604E-03   1.6107E-03  -2.2090E-03   1.1157E-03
   9.0731E-04   5.9132E-04   2.1007E-04   7.0551E-04   4.3810E-04   1.0814E-03
   5.0489E-04   2.4084E-03  -6.6027E-05  -1.6203E-05  -4.8228E-04   3.5276E-03
  -9.5261E-05   5.9146E-04   6.5893E-04  -8.8426E-04   3.5096E-05  -5.0041E-04
   2.1842E-04   4.9386E-04  -4.0030E-04   1.7848E-04  -1.8623E-03  -6.1882E-04
  -1.3717E-04  -2.3371E-03   1.0017E-03   2.6195E-05   3.4261E-04   3.6803E-04
   4.2825E-04   5.1653E-03   1.8154E-04  -1.7641E-03  -2.2418E-03   8.9607E-04
   1.0444E-03   2.4841E-04  -2.7512E-03  -7.1220E-04  -2.2976E-04  -3.7947E-03
   2.7695E-03  -2.5642E-04   1.4473E-03   9.9390E-04  -3.9269E-04   1.4884E-04
   2.6885E-05   2.2235E-03  -3.4001E-04   5.5773E-04  -2.0492E-04  -2.7079E-04
   4.9578E-05   1.4446E-04   3.7171E-05   6.1623E-04   2.5574E-04   1.2981E-03
   4.9719E-04  -1.2748E-04   8.5097E-05  -6.0451E-04   4.7864E-06  -5.6053E-04
  -1.3192E-04   4.0981E-04  -9.8709E-04  -2.3438E-04   1.6918E-03  -4.7911E-04
  -2.1120E-03  -3.7832E-04  -3.4532E-04  -3.6669E-05   3.9846E-04   2.3382E-04
   1.2280E-03  -4.6337E-04  -6.0271E-04  -3.4446E-04   1.3143E-03  -4.8851E-04
  -4.5238E-04  -4.5242E-04  -4.5120E-04  -1.9191E-04   1.0086E-03   2.0217E-04
  -3.8060E-04   5.7662E-04   1.2607E-03  -2.8004E-04  -6.8906E-04   2.2593E-04
  -1.4292E-03  -3.2765E-04  -1.9747E-04   1.6052E-03  -1.0177E-03   8.4908E-05
   2.7490E-03   9.4548E-04  -1.5858E-03  -1.3072E-03   6.3112E-04  -6.3067E-04
   1.3142E-03  -1.1750E-03   4.1353E-05   1.1247E-03   1.5649E-03   3.4381E-03
  -1.1715E-04  -8.2954E-04   1.8953E-03   3.0664E-04   5.7608E-04  -1.6074E-03
   5.6188E-04   1.0179E-03  -1.4274E-03   1.8479E-05  -8.7745E-05  -4.5554E-04
   1.0276E-05   4.4349E-04   1.0748E-03   9.4728E-05  -2.9801E-04   7.2081E-05
   4.0500E-04  -1.9176E-03  -1.9669E-04  -5.4481E-04  -1.5324E-03  -1.1595E-03
   2.1856E-04   1.7707E-03  -3.1844E-04  -3.3143E-04  -3.0452E-04   3.7154E-03
  -8.1981E-04  -1.5231E-04  -4.2235E-04   1.2565E-03   5.8762E-04  -1.9487E-03
  -2.8305E-04  -1.0551E-03   2.6575E-05   2.2175E-03   4.6640E-04  -1.7636E-03
   1.7743E-03   2.0709E-03   7.2523E-04   4.8582E-04  -2.0946E-04  -3.6364E-04
   5.6917E-05  -1.7782E-03  -9.1748E-05   1.3919E-03  -5.4502E-04  -8.7420E-04
  -3.2260E-04   4.5375E-04   3.5050E-04  -6.9792E-04   5.4071E-04   1.5461E-04
   3.0901E-05   1.6053E-04   2.3304E-04   3.9391E-04   3.9570E-04   3.9585E-04
   2.3427E-04  -1.0374E-03   6.7778E-04   1.0160E-03  -7.9390E-04   3.8887E-04
   1.6049E-03  -1.7214E-04   1.3313E-03   1.1641E-04   1.2449E-03   4.2977E-04
   1.2532E-03   8.9545E-04   8.5297E-04   2.6846E-03  -1.1540E-03   1.0255E-03
  -2.4945E-03   2.3273E-03  -2.9021E-05  -2.4007E-04  -1.6183E-03  -1.0124E-03
  -1.2724E-03   1.0962E-03   1.3019E-03   5.5641E-04  -2.8528E-04   1.5057E-03
  -7.7621E-04   9.9516E-04  -7.1247E-04  -2.0515E-04   1.7733E-03  -1.9386E-03
   6.4959E-04   1.9472E-03   1.0646E-03  -2.0007E-04  -4.8770E-04  -8.5100E-04
  -2.5767E-03   1.1673E-03  -6.6856E-04  -3.6057E-05  -2.2427E-03  -1.9084E-03
  -8.4288E-05  -6.0316E-04  -1.0440E-03   2.3616E-03   9.7306E-04   1.3675E-04
  -8.1539E-04   9.7551E-05   2.0692E-03  -9.7531E-04  -7.0487E-04   4.9843E-04
  -6.6546E-04   4.6349E-04  -2.2376E-03  -4.5824E-04  -1.1454E-03  -8.5235E-04
   1.6003E-03   5.6805E-04  -1.4911E-03   1.1597E-03   1.1720E-03   1.6417E-03
  -5.1501E-05   2.1370E-04  -6.0072E-04  -2.1991E-04  -3.3802E-07   3.5770E-04
  -9.4514E-04  -4.1787E-04  -9.9423E-04   7.2214E-05   3.8907E-04   1.3439E-03
   1.8949E-04  -3.6937E-05  -5.7119E-05   3.8480E-05   4.8479E-04   3.9639E-04
  -5.4184E-05  -5.4183E-05  -5.3901E-05   1.3580E-03
  > E    =  -9.938932120810E+02 +/-   3.293613292557E-04
  > varE =   1.244122638686E-02
* Computing derivatives.
    [walltime: 13m26s elapsed, 33m34s remaining]
  Done. [total walltime: 47m5s]
* Optimizing manipulation constant:
  #igrid a___________ E____________________________________ varE____________
     1     Infinity    -9.93893212E+02 +/-   3.29361329E-04   1.24412264E-02
     2     1.0000E+06  -9.93893212E+02 +/-   3.29361076E-04   1.24412072E-02
     3     2.1544E+05  -9.93893212E+02 +/-   3.29360153E-04   1.24411376E-02
     4     4.6416E+04  -9.93893213E+02 +/-   3.29355871E-04   1.24408141E-02
     5     1.0000E+04  -9.93893214E+02 +/-   3.29335998E-04   1.24393127E-02
     6     2.1544E+03  -9.93893222E+02 +/-   3.29243799E-04   1.24323489E-02
     7     4.6416E+02  -9.93893260E+02 +/-   3.28816840E-04   1.24001256E-02
     8     1.0000E+02  -9.93893434E+02 +/-   3.26857760E-04   1.22528066E-02
     9     2.1544E+01  -9.93894165E+02 +/-   3.18984742E-04   1.16696491E-02
    10     4.6416E+00  -9.93879467E+02 +/-   4.73061658E-04   2.56657216E-02
    11     1.0000E+00  -9.90083423E+02 +/-   2.22999012E-03   5.70326901E-01
    12     2.1544E-01 (error)
    13     4.6416E-02  -9.83423404E+02 +/-   4.18301713E+00   2.00676846E+06
    14     1.0000E-02 (error)
    15     2.1544E-03 (error)
    16     4.6416E-04 (error)
    17     1.0000E-04 (error)
    18     2.1544E-05 (error)
    19     4.6416E-06 (error)
    20     1.0000E-06 (error)
    21     0.0000E+00 (error)
  ParMin   4.3157E+01  -9.93893720E+02 +/-   3.23690362E-04   1.20164869E-02
  # Using grid point #9
* Iteration # 1: E =  -9.938941649976E+02 +/-   3.189847419573E-04
* Computing derivatives.
    [walltime: 13m27s elapsed, 33m37s remaining]
  Done. [total walltime: 47m9s]
* Optimizing manipulation constant:
  #igrid a___________ E____________________________________ varE____________
     1     Infinity    -9.93894165E+02 +/-   3.18984742E-04   1.16696491E-02
     2     1.0000E+06  -9.93894165E+02 +/-   3.18984501E-04   1.16696315E-02
     3     2.1544E+05  -9.93894165E+02 +/-   3.18983622E-04   1.16695672E-02
     4     4.6416E+04  -9.93894165E+02 +/-   3.18979546E-04   1.16692689E-02
     5     1.0000E+04  -9.93894167E+02 +/-   3.18960706E-04   1.16678906E-02
     6     2.1544E+03  -9.93894175E+02 +/-   3.18874981E-04   1.16616196E-02
     7     4.6416E+02  -9.93894210E+02 +/-   3.18514575E-04   1.16352736E-02
     8     1.0000E+02  -9.93894363E+02 +/-   3.17717531E-04   1.15771147E-02
     9     2.1544E+01  -9.93892990E+02 +/-   3.56546030E-04   1.45797202E-02
    10     4.6416E+00  -9.92504625E+02 +/-   2.98941977E-03   1.02492429E+00
    11     1.0000E+00  -9.90675798E+02 +/-   3.77842077E-03   1.63733905E+00
    12     2.1544E-01  -9.90689971E+02 +/-   5.08829716E-05   2.96936040E-04
    13     4.6416E-02  -9.90678202E+02 +/-   9.45891587E-05   1.02612603E-03
    14     1.0000E-02  -9.90667862E+02 +/-   1.31287692E-04   1.97681490E-03
    15     2.1544E-03  -9.90665237E+02 +/-   1.41863996E-04   2.30814111E-03
    16     4.6416E-04  -9.90664654E+02 +/-   1.44290960E-04   2.38779052E-03
    17     1.0000E-04  -9.90664527E+02 +/-   1.44821006E-04   2.40536561E-03
    18     2.1544E-05  -9.90664500E+02 +/-   1.44935537E-04   2.40917166E-03
    19     4.6416E-06  -9.90664494E+02 +/-   1.44960228E-04   2.40999257E-03
    20     1.0000E-06  -9.90664493E+02 +/-   1.44965548E-04   2.41016949E-03
    21     0.0000E+00  -9.90664493E+02 +/-   1.44967008E-04   2.41021803E-03
  ParMin   1.8635E+02  -9.93894274E+02 +/-   3.18005887E-04   1.15981387E-02
  # Using grid point #8
* Iteration # 2: E =  -9.938943625488E+02 +/-   3.177175305738E-04
* Computing derivatives.
srun: Job step aborted: Waiting up to 62 seconds for job step to finish.
slurmstepd: error: *** STEP 4523859.0 ON vipc2059 CANCELLED AT 2025-11-02T17:02:10 DUE TO TIME LIMIT ***
slurmstepd: error: *** JOB 4523859 ON vipc2059 CANCELLED AT 2025-11-02T17:02:10 DUE TO TIME LIMIT ***
forrtl: error (78): process killed (SIGTERM)
Image              PC                Routine            Line        Source             
libc.so.6          0000151ACB23E6F0  Unknown               Unknown  Unknown
forrtl: error (78): process killed (SIGTERM)
Image              PC                Routine            Line        Source             
forrtl: error (78): process killed (SIGTERM)
Image              PC                Routine            Line        Source             
forrtl: error (78): process killed (SIGTERM)
Image              PC                Routine            Line        Source             
forrtl: error (78): process killed (SIGTERM)
Image              PC                Routine            Line        Source             
forrtl: error (78): process killed (SIGTERM)
Image              PC                Routine            Line        Source             
forrtl: error (78): process killed (SIGTERM)
Image              PC                Routine            Line        Source             
forrtl: error (78): process killed (SIGTERM)
Image              PC                Routine            Line        Source             
forrtl: error (78): process killed (SIGTERM)
Image              PC                Routine            Line        Source             
forrtl: error (78): process killed (SIGTERM)
Image              PC                Routine            Line        Source             
forrtl: error (78): process killed (SIGTERM)
Image              PC                Routine            Line        Source             
forrtl: error (78): process killed (SIGTERM)
Image              PC                Routine            Line        Source             
forrtl: error (78): process killed (SIGTERM)
Image              PC                Routine            Line        Source             
forrtl: error (78): process killed (SIGTERM)
Image              PC                Routine            Line        Source             
forrtl: error (78): process killed (SIGTERM)
Image              PC                Routine            Line        Source             
forrtl: error (78): process killed (SIGTERM)
Image              PC                Routine            Line        Source             
forrtl: error (78): process killed (SIGTERM)
Image              PC                Routine            Line        Source             
forrtl: error (78): process killed (SIGTERM)
Image              PC                Routine            Line        Source             
forrtl: error (78): process killed (SIGTERM)
Image              PC                Routine            Line        Source             
forrtl: error (78): process killed (SIGTERM)
Image              PC                Routine            Line        Source             
forrtl: error (78): process killed (SIGTERM)
Image              PC                Routine            Line        Source             
forrtl: error (78): process killed (SIGTERM)
Image              PC                Routine            Line        Source             
forrtl: error (78): process killed (SIGTERM)
Image              PC                Routine            Line        Source             
libc.so.6          0000154F6A43E6F0  Unknown               Unknown  Unknown
forrtl: error (78): process killed (SIGTERM)
Image              PC                Routine            Line        Source             
forrtl: error (78): process killed (SIGTERM)
Image              PC                Routine            Line        Source             
forrtl: error (78): process killed (SIGTERM)
Image              PC                Routine            Line        Source             
forrtl: error (78): process killed (SIGTERM)
Image              PC                Routine            Line        Source             
forrtl: error (78): process killed (SIGTERM)
Image              PC                Routine            Line        Source             
srun: got SIGCONT
                                  
================================= 
Global information about the job: 
================================= 
  
Job owner: mdimauro(31184)
Job name:  vd[n
Node list: vipc[2059,2061-2063,2069,2076-2094,2099,2101-2102,2106-2107,2112-2115,2193-2197,2199-2211,2213-2217,2223-2224,2228-2229,2231-2237,2337-2349,2351-2353,2372-2381,2383-2384,2389,2396-2408,2410,2412,2414-2423,2425-2426,2428-2432]
Job start: Sat Nov  1 17:01:58 CET 2025
Job end:   Sun Nov  2 17:02:10 CET 2025
Work dir:  /viper/u1/mdimauro/calcs/vmc/polyacenes/06-hexacene/11-sjb1
Command:   /viper/u1/mdimauro/calcs/vmc/polyacenes/06-hexacene/11-sjb1/vdagger
  
  
  
==========================================================================================
Information on jobsteps (Note: MaxRSS/AveRSS is the maximum/average over all 
tasks of the per-task memory high-water marks; cf. "man sacct"): 
==========================================================================================
  
JobID            JobName NNodes NTasks  NCPUS       MaxRSS       AveRSS    Elapsed ExitCode
------------- ---------- ------ ------ ------ ------------ ------------ ---------- --------
4523859          vd[n=6]    128         32768                           1-00:00:12      0:0
4523859.0        vdagger    128  16384  32768      751.45M      667.07M 1-00:01:12      1:0
  
Maximum memory per node: 100.858331 GB (defined as MaxRSS*Ntasks/NNodes)
CPU utilization: 98.6 %
  
