Run started: Mon Oct 27 09:23:45 CET 2025
Using VDAGGER_ARCH = gnu7_fkfamd_cluster
Running 1x128 MPI processes.

                               xx
                              +##
                               #X
                               Xx
                          X##XxXxxX##x
                           +   Xx  ++
                               ##
                              +##
                              +##
     ++++         ++          +##
   xX+++##+      ####         +##
  Xx    ###      +X##          ##
 xX    X##+        ##          #X
 +    x##X         #x          #X
      ###         +#           x+
     X##+         #+
     ###         Xx                    _______
     ##X       +X+   __________________VDAGGER
     +##x    +xX     2nd quantized variational
       +xxxxx+       ______quantum Monte Carlo

* Running 128 MPI processes.
* Input file: "input.casl"

############# Start of input file dump #############
General:
  Random seed: timer

Plan:
  VMC-optimization:
    Minimum cycles: 10
    Convergence cycles: 5

System:
  Read Hamiltonian: FCIDUMP_loc_anthracene
  Read orbitals: LTSC_anthracene
  Complex orbitals: F
  Geometry:
    r_2: [ -6.89057736642100, 1.34708197213400 ]
    r_13: [ -6.89057736642100, -1.34708197213400 ]
    r_8: [ -4.67281867250400, 2.65001080964900 ]
    r_14: [ -4.67281867250400, -2.65001080964900 ]
    r_6: [ -2.30211174438900, 1.35516771450000 ]
    r_1: [ -2.30211174438900, -1.35516771450000 ]
    r_4: [ 0.00000000000000, 2.63879101222700 ]
    r_7: [ 0.00000000000000, -2.63879101222700 ]
    r_11: [ 2.30211174438900, 1.35516771450000 ]
    r_9: [ 2.30211174438900, -1.35516771450000 ]
    r_10: [ 4.67281867250400, 2.65001080964900 ]
    r_5: [ 4.67281867250400, -2.65001080964900 ]
    r_3: [ 6.89057736642100, 1.34708197213400 ]
    r_12: [ 6.89057736642100, -1.34708197213400 ]

VMC:
  nstep: 500000
  nconfig: 100000

Jastrow: wfn.casl

Backflow: wfn.casl

Multideterminants: wfn.casl
############## End of input file dump ##############

General setup:
* Random seed: 66174210 (from timer)

* Loaded integrals for system with nelec=14, ms2=0, norb=14
* INFO: setting number of electrons from integrals file.
* Analysis of Hamiltonian connecitivity performed:
  - T_ii (local, 1-site): 14 (i) values
  - U_iiii [opp] (local, 1-site): 14 (i) values
  - U_kkii [opp] (local, 2-site): 182 contribs. from 14 (i) values
  - U_kkii [par] (local, 2-site): 91 contribs. from 13 (i) values
  - T_ji (single, 2-site): 182 contribs. from 14 (i) values
  - U_kkji [opp] (single, 2/3-site): 2548 contribs. from 182 (i,j) pairs
  - U_kkji [par] (single, 3-site): 2366 contribs. from 182 (i,j) pairs
  - U_lkji [opp] (double, 2/3/4-site): 33092 contribs. from 182 (i,j) pairs
  - U_lkji [par] (double, 4-site): 7462 contribs. from 156 (i,j) pairs
  - Max. no. wfn. ratios in Eloc: 4407
* Reading override orbitals from file "LTSC_anthracene".
* Site labels:
  +--------------------+
  |    8          10   |
  |          4         |
  |       6    11      |
  | 2                 3|
  |13                12|
  |       1     9      |
  |          7         |
  |   14           5   |
  +--------------------+
* Automatically set Site kinds:
  [ 1, 2, 2, 3, 4, 1, 3, 4, 1, 4, 1, 2, 2, 4 ]
  +-------------+
  |  4       4  |
  |      3      |
  |    1   1    |
  |2           2|
  |2           2|
  |    1   1    |
  |      3      |
  |  4       4  |
  +-------------+
* Maximum Site kind: 4
* Number of site-pair kinds with Tij=0: 0
* Automatically set Site pair kinds:
  Site 1: [ 0, -10, -21, 12, -31, -2, -4, -11, -14, -17, -9, 22, 13, -5 ]
  Site 2: [ -10, 0, 32, 24, 27, 13, 18, 1, -21, -25, -22, 26, -3, 15 ]
  Site 3: [ -21, 32, 0, -24, 15, 22, -18, 25, -10, -1, -13, -3, 26, 27 ]
  Site 4: [ 12, 24, -24, 0, -16, -4, -7, -6, -12, -6, -4, -18, 18, 16 ]
  Site 5: [ -31, 27, 15, -16, 0, -17, -6, -19, -5, -8, -11, -1, -25, 20 ]
  Site 6: [ -2, 13, 22, -4, -17, 0, 12, 5, 9, -28, 14, -21, -10, 11 ]
  Site 7: [ -4, 18, -18, -7, -6, 12, 0, -16, 4, -16, 12, -23, 23, 6 ]
  Site 8: [ -11, 1, 25, -6, -19, 5, -16, 0, 17, -20, -29, -27, -15, 8 ]
  Site 9: [ -14, -21, -10, -12, -5, 9, 4, 17, 0, 11, 2, 13, 22, -30 ]
  Site 10: [ -17, -25, -1, -6, -8, -28, -16, -20, 11, 0, 5, 15, 27, 19 ]
  Site 11: [ -9, -22, -13, -4, -11, 14, 12, -29, 2, 5, 0, 10, 21, 17 ]
  Site 12: [ 22, 26, -3, -18, -1, -21, -23, -27, 13, 15, 10, 0, 32, -25 ]
  Site 13: [ 13, -3, 26, 18, -25, -10, 23, -15, 22, 27, 21, 32, 0, -1 ]
  Site 14: [ -5, 15, 27, 16, 20, 11, 6, 8, -30, 19, 17, -25, -1, 0 ]
  For site 1 of kind 1:
  +---------------------------+
  |    -11             -17    |
  |             12            |
  |         -2      -9        |
  |-10                     -21|
  | 13                      22|
  |          0     -14        |
  |             -4            |
  |     -5             -31    |
  +---------------------------+
  For site 2 of kind 2:
  +---------------------------+
  |      1             -25    |
  |             24            |
  |         13     -22        |
  |  0                      32|
  | -3                      26|
  |        -10     -21        |
  |             18            |
  |     15              27    |
  +---------------------------+
  For site 4 of kind 3:
  +---------------------------+
  |     -6              -6    |
  |              0            |
  |         -4      -4        |
  | 24                     -24|
  | 18                     -18|
  |         12     -12        |
  |             -7            |
  |     16             -16    |
  +---------------------------+
  For site 5 of kind 4:
  +---------------------------+
  |    -19              -8    |
  |            -16            |
  |        -17     -11        |
  | 27                      15|
  |-25                      -1|
  |        -31      -5        |
  |             -6            |
  |     20               0    |
  +---------------------------+
* Maximum (unsigned) Site pair kind: 32
General system setup:
* Number of sites       : 14
* Number of electrons   : 14
* Spin imbalance MS2    : 0
* Filling               : 0.500000
* Number of orbitals in pool: 14
* Using real-valued orbitals
* Using double-precision arithmetic for orbitals

Trial wave function setup:
* Jastrow parameter file: "wfn.casl"
* Multideterminant parameter file: "wfn.casl"
* Backflow parameter file: "wfn.casl"
* Not using wave function manipulation

VMC #1:
* Size of Hilbert space =   1.1779E+07
* Number of equil. steps   = 1000
* Running VMC equilibration.
  Done. [total walltime: 0.21s]
* Equil. acc.ratio (%)     =  12.8995
* Sample config after equilibration:
  +-------------+
  |  d       u  |
  |      d      |
  |    u   d    |
  |u           d|
  |2           2|
  |    d   u    |
  |      u      |
  |  0       0  |
  +-------------+
* Number of accum. steps   = 500480 x 10
* Running VMC accumulation.
    [walltime: 1m elapsed, 3m2s remaining]
  Done. [total walltime: 4m1s]
* Acceptance ratio (%)     =  12.8680
* Etot/t                   =  -5.359838323295E+02 +/-   9.898508939482E-05
  > Ttot/t                 =  -3.896026875540E+01 +/-   7.256628926138E-04
  > Utot/t                 =   1.644306996380E+01 +/-   7.079281502804E-04
* var[Eloc/t]              =   4.807057465367E-03 +/-   1.212398927204E-04
* Correlation length       =   1.020109923708E+00
* log10 Psi^2 range: -34.635104855261531 -- -24.984001830437020
* log10 Pgen range : -34.635104855261531 -- -24.984001830437020
* Site occupation (ave. no. electrons per config.):
  > Site_  ___eu____  ___ed____
      1        0.498      0.499
      2        0.502      0.501
      3        0.501      0.499
      4        0.504      0.502
      5        0.500      0.502
      6        0.496      0.498
      7        0.503      0.501
      8        0.501      0.500
      9        0.497      0.501
     10        0.502      0.501
     11        0.497      0.497
     12        0.499      0.500
     13        0.502      0.498
     14        0.499      0.501
* Pair-correlation analysis (ave. no. pairs per config.):
  > Shell  nsite  ___dh____  __eueu___  __eued___
      0      1        0          0          2.319
      1      1        0.824      0.657      2.549
      2      1        0.264      0.677      1.094
      3      1        0.252      0.674      1.112
      4      1        0.617      1.099      2.345
      5      1        0.512      1.378      2.192
      6      1        0.215      2.123      1.872
      7      1        0.059      0.415      0.580
      8      1        0.129      0.862      1.107
      9      1        0.138      0.912      1.055
     10      1        0.256      1.811      2.133
     11      1        0.226      2.109      1.899
     12      1        0.218      2.148      1.870
     13      1        0.229      2.137      1.858
     14      1        0.126      1.054      0.933
     15      1        0.207      2.164      1.861
     16      1        0.200      1.909      2.120
     17      1        0.232      2.063      1.928
     18      1        0.201      2.117      1.900
     19      1        0.106      0.976      1.032
     20      1        0.108      1.032      0.970
     21      1        0.232      1.894      2.088
     22      1        0.228      2.069      1.915
     23      1        0.106      0.913      1.082
     24      1        0.107      0.918      1.084
     25      1        0.211      1.930      2.077
     26      1        0.103      0.959      1.043
     27      1        0.209      2.065      1.942
     28      1        0.060      0.476      0.519
     29      1        0.059      0.474      0.518
     30      1        0.059      0.474      0.519
     31      1        0.061      0.474      0.520
     32      1        0.104      1.036      0.965

Optimization #1:
* Method          : lls
* Target function : energy
* No. of configs. : 100096
* No. of params.  : 255
* Before optimization:
   7.0765E+00   5.1772E+00   7.3360E+00   7.3356E+00  -1.0201E+00  -1.1564E+00
  -6.7835E-01   1.4038E+00  -6.3180E-01  -6.4480E-01  -2.2265E+00  -2.2536E+00
  -2.6185E+00  -2.6274E+00  -9.5272E-01  -4.1787E+00  -1.1416E+00  -3.3829E-02
  -3.9241E-02  -2.5597E+00  -2.5591E+00  -9.4939E-01  -9.4442E-01   1.0168E-01
   8.3368E-02  -1.0145E+00  -1.4567E+00  -1.4532E+00  -2.8553E+00  -2.8568E+00
  -3.0934E+00  -3.0941E+00  -3.5553E-01  -3.5282E-01  -4.9807E+00  -4.9267E+00
  -6.2884E-01  -6.2925E-01  -6.0174E-01  -6.0473E-01  -2.8629E-01  -2.7837E-01
  -2.8512E-01  -2.7816E-01  -2.4750E+00  -2.4742E+00  -6.6201E-03  -2.4948E+00
  -2.4939E+00  -3.0201E+00  -3.0209E+00  -3.0196E+00  -3.0211E+00  -3.0196E+00
  -3.0209E+00  -3.0193E+00  -3.0213E+00   1.6826E+01  -1.6038E+01   1.0020E+01
  -9.3611E+00  -7.9727E-01  -6.7618E-01   1.0030E+01  -9.4910E+00   2.2359E+01
  -2.0168E+01   2.2635E+01  -1.9999E+01   1.0218E+01  -9.2741E+00   3.4888E+01
  -3.0736E+01   1.0274E+01  -9.1401E+00   4.8337E+00  -4.8119E+00   2.2537E+01
  -1.9966E+01   1.0206E+01  -9.2503E+00   4.8086E+00  -4.8645E+00   1.0250E+01
  -9.2019E+00   1.7134E+01  -1.5637E+01   2.2723E+01  -1.9874E+01   2.2829E+01
  -1.9733E+01   5.0550E+00  -4.6950E+00   3.5347E+01  -3.0368E+01   3.5327E+01
  -3.0400E+01   5.1641E+00  -4.5391E+00   5.1586E+00  -4.5521E+00   5.0126E+00
  -4.7470E+00   5.0119E+00  -4.7464E+00   1.7668E+01  -1.5192E+01   5.9434E-04
   4.3764E-03   1.7677E+01  -1.5182E+01   2.2793E+01  -1.9779E+01   2.2794E+01
  -1.9780E+01   2.2794E+01  -1.9780E+01   2.2794E+01  -1.9780E+01  -1.6351E-01
  -1.0978E-01   9.3413E-02   7.7853E-02   7.0283E-01   1.8091E+00   5.4422E-01
   5.9199E-01  -6.1149E-02  -1.3878E-01  -2.8575E-01  -1.0933E-01  -1.0823E-01
   4.1059E-03  -5.9218E-02  -1.8948E-02  -2.9636E-02  -2.2970E-02   8.1777E-03
   4.6558E-03  -2.4500E-02  -6.6272E-02   2.6541E-02  -2.0834E-02  -1.4142E-02
  -1.2295E-02  -1.1287E-03   1.2774E-02   1.6743E-04  -2.8488E-02  -9.7970E-03
  -9.3917E-03  -1.0218E-02  -1.2509E-02  -2.0372E-02  -1.4962E-02  -1.4307E-02
  -1.4980E-02  -1.3724E-02   4.5121E-02   1.0828E-01  -7.2203E-02  -2.8492E-02
  -4.3945E-02  -3.5121E-02   3.2025E-02  -2.9986E-02  -2.6881E-02  -2.3183E-02
  -8.8130E-03   2.4668E-02   1.2937E-02  -6.3653E-02  -5.1669E-02   4.6002E-02
  -7.3481E-03  -1.1481E-02  -1.2533E-02  -9.6888E-04   9.6548E-03  -2.8311E-03
  -1.9580E-02  -1.0350E-02  -1.0413E-02  -6.2185E-03  -1.6205E-02  -2.2004E-02
  -4.2430E-03  -4.7572E-03  -5.1349E-03  -4.9831E-03   3.7247E-02  -4.0872E-03
  -1.2446E-01  -1.0180E-01  -7.5618E-02  -1.0421E-01  -3.9481E-02  -7.8090E-02
  -2.2665E-02  -2.1107E-02  -4.6610E-03   8.9321E-03   6.6589E-03  -3.0597E-02
  -7.9395E-02   7.5246E-03  -2.5734E-02  -2.1655E-02  -1.0771E-02  -1.0381E-02
   2.4276E-02  -3.9741E-03  -4.4226E-02   1.2218E-03   2.5582E-04  -5.1332E-03
  -1.4757E-03  -1.8734E-02  -1.5514E-02  -1.6393E-02  -1.5338E-02  -1.5875E-02
   3.4068E-02  -1.4160E-02  -7.6247E-02  -4.0126E-02  -8.3814E-02  -5.0976E-02
   7.7324E-03  -3.2106E-02  -3.4819E-02  -1.9423E-02   4.9853E-03   3.4378E-02
   1.4031E-02  -7.3226E-02  -6.4543E-02   3.4499E-02  -2.5555E-03  -1.6509E-02
  -1.4602E-02  -8.2426E-03   2.1210E-02  -2.5065E-03  -3.5848E-02  -9.6441E-03
  -9.4507E-03  -1.8395E-04   9.8264E-05  -2.0282E-02  -1.8641E-03  -2.1389E-03
  -2.8543E-03  -3.7888E-03   2.7011E-02
  > E    =  -5.359838397082E+02 +/-   2.223401218322E-04
  > varE =   4.948258750095E-03
* Computing derivatives.
    [walltime: 1m26s elapsed, 3h5m remaining]
    [walltime: 1h elapsed, 2h3m remaining]
  Done. [total walltime: 3h3m]
* Optimizing manipulation constant:
  #igrid a___________ E____________________________________ varE____________
     1     Infinity    -5.35983840E+02 +/-   2.22340122E-04   4.94825875E-03
     2     1.0000E+06  -5.35983840E+02 +/-   2.22340027E-04   4.94825454E-03
     3     2.1544E+05  -5.35983840E+02 +/-   2.22339683E-04   4.94823922E-03
     4     4.6416E+04  -5.35983840E+02 +/-   2.22338086E-04   4.94816812E-03
     5     1.0000E+04  -5.35983840E+02 +/-   2.22330671E-04   4.94783809E-03
     6     2.1544E+03  -5.35983843E+02 +/-   2.22296262E-04   4.94630673E-03
     7     4.6416E+02  -5.35983857E+02 +/-   2.22136725E-04   4.93920954E-03
     8     1.0000E+02  -5.35983917E+02 +/-   2.21399991E-04   4.90650130E-03
     9     2.1544E+01  -5.35984175E+02 +/-   2.18078665E-04   4.76039603E-03
    10     4.6416E+00  -5.35984790E+02 +/-   2.08734833E-04   4.36120579E-03
    11     1.0000E+00  -5.35979136E+02 +/-   2.95518351E-04   8.74149338E-03
    12     2.1544E-01  -5.35940741E+02 +/-   5.80615329E-04   3.37437789E-02
    13     4.6416E-02  -5.32141370E+02 +/-   0.00000000E+00  -1.00000000E+00
    14     1.0000E-02  -5.32083521E+02 +/-   0.00000000E+00  -1.00000000E+00
    15     2.1544E-03  -5.31971529E+02 +/-   0.00000000E+00  -1.00000000E+00
    16     4.6416E-04  -5.31933222E+02 +/-   0.00000000E+00  -1.00000000E+00
    17     1.0000E-04  -5.31924006E+02 +/-   0.00000000E+00  -1.00000000E+00
    18     2.1544E-05  -5.31921972E+02 +/-   0.00000000E+00  -1.00000000E+00
    19     4.6416E-06  -5.31921531E+02 +/-   0.00000000E+00  -1.00000000E+00
    20     1.0000E-06  -5.31921436E+02 +/-   0.00000000E+00  -1.00000000E+00
    21     0.0000E+00  -5.31921410E+02 +/-   0.00000000E+00  -1.00000000E+00
  ParMin   8.6031E+00  -5.35984561E+02 +/-   2.12545467E-04   4.52189441E-03
  # Using grid point #10
* Iteration # 1: E =  -5.359847897090E+02 +/-   2.087348329587E-04
* Computing derivatives.
    [walltime: 1m24s elapsed, 3h1m remaining]
    [walltime: 1h elapsed, 2h3m remaining]
  Done. [total walltime: 3h3m]
* Optimizing manipulation constant:
  #igrid a___________ E____________________________________ varE____________
     1     Infinity    -5.35984790E+02 +/-   2.08734833E-04   4.36120579E-03
     2     1.0000E+06  -5.35984790E+02 +/-   2.08734753E-04   4.36120246E-03
     3     2.1544E+05  -5.35984790E+02 +/-   2.08734462E-04   4.36119031E-03
     4     4.6416E+04  -5.35984790E+02 +/-   2.08733113E-04   4.36113392E-03
     5     1.0000E+04  -5.35984790E+02 +/-   2.08726851E-04   4.36087225E-03
     6     2.1544E+03  -5.35984793E+02 +/-   2.08697799E-04   4.35965838E-03
     7     4.6416E+02  -5.35984804E+02 +/-   2.08563262E-04   4.35403928E-03
     8     1.0000E+02  -5.35984857E+02 +/-   2.07945440E-04   4.32828177E-03
     9     2.1544E+01  -5.35985087E+02 +/-   2.05217700E-04   4.21547341E-03
    10     4.6416E+00  -5.35985874E+02 +/-   1.95891459E-04   3.84103023E-03
    11     1.0000E+00  -5.35984902E+02 +/-   2.29321114E-04   5.26386579E-03
    12     2.1544E-01  -5.35974100E+02 +/-   3.88058169E-04   1.50733708E-02
    13     4.6416E-02  -5.35971304E+02 +/-   4.25170984E-04   1.80943905E-02
    14     1.0000E-02  -5.35972192E+02 +/-   4.19445103E-04   1.76103092E-02
    15     2.1544E-03  -5.35972541E+02 +/-   4.16719870E-04   1.73822160E-02
    16     4.6416E-04  -5.35972624E+02 +/-   4.16047621E-04   1.73261795E-02
    17     1.0000E-04  -5.35972643E+02 +/-   4.15898654E-04   1.73137743E-02
    18     2.1544E-05  -5.35972647E+02 +/-   4.15866366E-04   1.73110861E-02
    19     4.6416E-06  -5.35972648E+02 +/-   4.15859401E-04   1.73105063E-02
    20     1.0000E-06  -5.35972648E+02 +/-   4.15857900E-04   1.73103813E-02
    21     0.0000E+00  -5.35972648E+02 +/-   4.15857488E-04   1.73103470E-02
  ParMin   5.1526E+00  -5.35985799E+02 +/-   1.96724164E-04   3.87375492E-03
  # Using grid point #10
* Iteration # 2: E =  -5.359858740947E+02 +/-   1.958914590828E-04
* Computing derivatives.
    [walltime: 1m24s elapsed, 3h2m remaining]
    [walltime: 1h elapsed, 2h3m remaining]
  Done. [total walltime: 3h3m]
* Optimizing manipulation constant:
  #igrid a___________ E____________________________________ varE____________
     1     Infinity    -5.35985874E+02 +/-   1.95891459E-04   3.84103023E-03
     2     1.0000E+06  -5.35985874E+02 +/-   1.95891390E-04   3.84102750E-03
     3     2.1544E+05  -5.35985874E+02 +/-   1.95891140E-04   3.84101771E-03
     4     4.6416E+04  -5.35985874E+02 +/-   1.95890053E-04   3.84097510E-03
     5     1.0000E+04  -5.35985875E+02 +/-   1.95886576E-04   3.84083873E-03
     6     2.1544E+03  -5.35985873E+02 +/-   1.95904404E-04   3.84153789E-03
     7     4.6416E+02  -5.35985805E+02 +/-   1.96776393E-04   3.87581210E-03
     8     1.0000E+02  -5.35982872E+02 +/-   2.39054676E-04   5.72019992E-03
     9     2.1544E+01  -5.34896435E+02 +/-   2.59448075E-03   6.73779246E-01
    10     4.6416E+00  -5.32512523E+02 +/-   2.36601410E-03   5.60339683E-01
    11     1.0000E+00  -5.32379711E+02 +/-   2.04947943E-03   4.20439830E-01
    12     2.1544E-01  -5.31869515E+02 +/-   3.07911080E-01   9.49002503E+03
    13     4.6416E-02  -5.34314320E+02 +/-   5.51044561E-05   3.03941612E-04
    14     1.0000E-02  -5.34306105E+02 +/-   4.52308324E-05   2.04779219E-04
    15     2.1544E-03  -5.34305291E+02 +/-   4.38656407E-05   1.92604166E-04
    16     4.6416E-04  -5.34305141E+02 +/-   4.36030710E-05   1.90305298E-04
    17     1.0000E-04  -5.34305110E+02 +/-   4.35479099E-05   1.89824102E-04
    18     2.1544E-05  -5.34305103E+02 +/-   4.35360905E-05   1.89721075E-04
    19     4.6416E-06  -5.34305102E+02 +/-   4.35335471E-05   1.89698909E-04
    20     1.0000E-06  -5.34305102E+02 +/-   4.35329993E-05   1.89694134E-04
    21     0.0000E+00  -5.34305102E+02 +/-   4.35328489E-05   1.89692824E-04
* Iteration # 3: E =  -5.359858745084E+02 +/-   1.958865759533E-04
* Convergence: exiting.
* After optimization:
   7.5927E+00   6.1714E+00   7.8958E+00   7.8662E+00  -1.0599E+00  -1.1710E+00
  -8.4447E-01   1.3220E+00  -7.7778E-01  -7.9314E-01  -2.3173E+00  -2.3418E+00
  -2.6649E+00  -2.6728E+00  -1.0721E+00  -4.1506E+00  -1.2900E+00  -1.5730E-01
  -1.6108E-01  -2.6337E+00  -2.6320E+00  -1.0847E+00  -1.0783E+00  -2.6722E-02
  -3.9821E-02  -1.1754E+00  -1.4829E+00  -1.4788E+00  -2.8856E+00  -2.8874E+00
  -3.1252E+00  -3.1265E+00  -4.3471E-01  -4.3045E-01  -4.8939E+00  -4.8502E+00
  -7.0508E-01  -7.0604E-01  -6.8223E-01  -6.8487E-01  -3.6910E-01  -3.6132E-01
  -3.6825E-01  -3.6111E-01  -2.4362E+00  -2.4354E+00  -5.6223E-03  -2.4520E+00
  -2.4508E+00  -3.0637E+00  -3.0636E+00  -3.0625E+00  -3.0637E+00  -3.0628E+00
  -3.0639E+00  -3.0624E+00  -3.0633E+00   1.6578E+01  -1.5692E+01   1.0931E+01
  -1.0108E+01  -7.6741E-01  -6.0829E-01   1.0795E+01  -1.0085E+01   2.2538E+01
  -2.0247E+01   2.2643E+01  -1.9963E+01   1.0826E+01  -9.7620E+00   3.4306E+01
  -3.0175E+01   1.1180E+01  -9.8950E+00   5.3031E+00  -5.1590E+00   2.2704E+01
  -2.0059E+01   1.0961E+01  -9.8690E+00   5.2773E+00  -5.2099E+00   1.1151E+01
  -9.9499E+00   1.6847E+01  -1.5334E+01   2.2729E+01  -1.9848E+01   2.2979E+01
  -1.9849E+01   5.3620E+00  -4.9245E+00   3.4742E+01  -2.9850E+01   3.4725E+01
  -2.9874E+01   5.6170E+00  -4.9127E+00   5.6091E+00  -4.9232E+00   5.3217E+00
  -4.9707E+00   5.3214E+00  -4.9704E+00   1.7366E+01  -1.4930E+01   1.8241E-03
   3.2302E-03   1.7375E+01  -1.4923E+01   2.2945E+01  -1.9888E+01   2.2947E+01
  -1.9888E+01   2.2945E+01  -1.9886E+01   2.2946E+01  -1.9889E+01  -1.6578E-01
  -9.0999E-02   8.6468E-02   6.4919E-02   7.4161E-01   1.4890E+00   5.6490E-01
   6.0878E-01  -8.0887E-02  -1.3809E-01  -2.4914E-01  -1.1443E-01  -1.2036E-01
   1.6010E-03  -4.7218E-02  -1.7910E-02  -2.9935E-02  -2.6433E-02   6.5454E-03
   3.9812E-03  -2.8619E-02  -6.6571E-02   1.9770E-02  -1.5245E-02  -1.6197E-02
  -1.2863E-02   1.4957E-03   1.8255E-02   8.9764E-03  -2.0956E-02  -1.0983E-02
  -1.0808E-02  -5.0920E-03   1.5844E-02  -2.0604E-02  -1.0411E-02  -9.4387E-03
  -9.7251E-03  -8.4017E-03   2.4055E-02   8.5299E-02  -7.2069E-02  -1.8717E-02
  -4.9200E-02  -3.9205E-02   2.9574E-02  -2.7194E-02  -2.6636E-02  -2.7812E-02
  -1.2973E-02   2.4715E-02   1.7767E-02  -6.7610E-02  -4.7602E-02   3.7016E-02
  -3.6871E-03  -1.6845E-02  -1.3523E-02   7.8121E-03   9.4788E-03   1.3747E-03
  -1.3565E-02  -1.0530E-02  -1.0723E-02   1.7028E-03   1.3928E-02  -1.8660E-02
   2.5204E-03   1.6141E-03   2.8739E-03   2.3259E-03   1.5878E-02  -1.0965E-02
  -1.0089E-01  -9.0829E-02  -6.8911E-02  -1.0337E-01  -3.6277E-02  -6.7615E-02
  -1.9569E-02  -2.6519E-02  -1.5243E-02   8.7971E-03   3.3304E-03  -3.3535E-02
  -7.3876E-02   5.0528E-03  -1.8106E-02  -1.6700E-02  -1.1216E-02  -5.6205E-03
   2.3325E-02  -6.2692E-03  -4.3427E-02   1.3869E-03   6.3035E-04  -3.0423E-03
  -8.3286E-04  -1.7331E-02  -1.4123E-02  -1.5523E-02  -1.4679E-02  -1.4841E-02
   3.5616E-02   4.6048E-03  -6.0567E-02  -1.4981E-02  -6.5621E-02  -4.1621E-02
   6.9807E-03  -3.8188E-02  -3.6183E-02  -3.1588E-02  -8.7156E-03   3.3939E-02
   1.8427E-02  -7.8787E-02  -5.5763E-02   2.9451E-02  -1.8289E-04  -1.7998E-02
  -1.5497E-02   3.3684E-03   1.0515E-02  -1.2552E-02  -3.8057E-02  -3.7611E-03
  -4.1899E-03   4.8173E-03   3.6662E-04  -1.2745E-02   2.5963E-03   2.8731E-03
   4.5718E-03   1.4979E-03   2.6026E-02
  > Energy =  -5.359858745084E+02 +/-   1.958865759533E-04
  > varE =   3.840838732734E-03

VMC #2:
* Size of Hilbert space =   1.1779E+07
* Number of equil. steps   = 1000
* Running VMC equilibration.
  Done. [total walltime: 0.21s]
* Equil. acc.ratio (%)     =  14.8005
* Sample config after equilibration:
  +-------------+
  |  u       d  |
  |      2      |
  |    d   u    |
  |0           u|
  |d           2|
  |    d   d    |
  |      u      |
  |  u       0  |
  +-------------+
* Number of accum. steps   = 500480 x 10
* Running VMC accumulation.
    [walltime: 1m elapsed, 2m52s remaining]
  Done. [total walltime: 3m51s]
* Acceptance ratio (%)     =  14.7612
* Etot/t                   =  -5.359861943627E+02 +/-   9.029705158172E-05
  > Ttot/t                 =  -3.895936773701E+01 +/-   7.037372650899E-04
  > Utot/t                 =   1.643980691232E+01 +/-   6.799282303395E-04
* var[Eloc/t]              =   3.789541137952E-03 +/-   5.802396740083E-05
* Correlation length       =   1.076830233856E+00
* log10 Psi^2 range: -31.709288737122261 -- -23.659129236989060
* log10 Pgen range : -31.709288737122261 -- -23.659129236989060
* Site occupation (ave. no. electrons per config.):
  > Site_  ___eu____  ___ed____
      1        0.498      0.498
      2        0.498      0.496
      3        0.498      0.502
      4        0.502      0.502
      5        0.503      0.501
      6        0.499      0.497
      7        0.500      0.505
      8        0.502      0.503
      9        0.499      0.498
     10        0.502      0.499
     11        0.498      0.498
     12        0.499      0.500
     13        0.497      0.503
     14        0.504      0.499
* Pair-correlation analysis (ave. no. pairs per config.):
  > Shell  nsite  ___dh____  __eueu___  __eued___
      0      1        0          0          2.297
      1      1        0.811      0.649      2.566
      2      1        0.266      0.676      1.096
      3      1        0.247      0.667      1.114
      4      1        0.612      1.100      2.350
      5      1        0.501      1.387      2.202
      6      1        0.211      2.127      1.873
      7      1        0.058      0.416      0.578
      8      1        0.127      0.861      1.112
      9      1        0.139      0.916      1.051
     10      1        0.254      1.812      2.123
     11      1        0.224      2.115      1.899
     12      1        0.215      2.145      1.875
     13      1        0.223      2.134      1.860
     14      1        0.126      1.056      0.937
     15      1        0.199      2.172      1.854
     16      1        0.194      1.915      2.125
     17      1        0.226      2.063      1.938
     18      1        0.201      2.103      1.897
     19      1        0.101      0.981      1.034
     20      1        0.103      1.031      0.980
     21      1        0.228      1.897      2.078
     22      1        0.226      2.059      1.919
     23      1        0.104      0.918      1.079
     24      1        0.103      0.913      1.079
     25      1        0.207      1.940      2.060
     26      1        0.100      0.960      1.033
     27      1        0.204      2.055      1.946
     28      1        0.060      0.477      0.517
     29      1        0.059      0.478      0.521
     30      1        0.059      0.474      0.521
     31      1        0.060      0.477      0.518
     32      1        0.099      1.027      0.968

Optimization #2:
* Method          : lls
* Target function : energy
* No. of configs. : 100096
* No. of params.  : 255
* Before optimization:
   7.5927E+00   6.1714E+00   7.8958E+00   7.8662E+00  -1.0599E+00  -1.1710E+00
  -8.4447E-01   1.3220E+00  -7.7778E-01  -7.9314E-01  -2.3173E+00  -2.3418E+00
  -2.6649E+00  -2.6728E+00  -1.0721E+00  -4.1506E+00  -1.2900E+00  -1.5730E-01
  -1.6108E-01  -2.6337E+00  -2.6320E+00  -1.0847E+00  -1.0783E+00  -2.6722E-02
  -3.9821E-02  -1.1754E+00  -1.4829E+00  -1.4788E+00  -2.8856E+00  -2.8874E+00
  -3.1252E+00  -3.1265E+00  -4.3471E-01  -4.3045E-01  -4.8939E+00  -4.8502E+00
  -7.0508E-01  -7.0604E-01  -6.8223E-01  -6.8487E-01  -3.6910E-01  -3.6132E-01
  -3.6825E-01  -3.6111E-01  -2.4362E+00  -2.4354E+00  -5.6223E-03  -2.4520E+00
  -2.4508E+00  -3.0637E+00  -3.0636E+00  -3.0625E+00  -3.0637E+00  -3.0628E+00
  -3.0639E+00  -3.0624E+00  -3.0633E+00   1.6578E+01  -1.5692E+01   1.0931E+01
  -1.0108E+01  -7.6741E-01  -6.0829E-01   1.0795E+01  -1.0085E+01   2.2538E+01
  -2.0247E+01   2.2643E+01  -1.9963E+01   1.0826E+01  -9.7620E+00   3.4306E+01
  -3.0175E+01   1.1180E+01  -9.8950E+00   5.3031E+00  -5.1590E+00   2.2704E+01
  -2.0059E+01   1.0961E+01  -9.8690E+00   5.2773E+00  -5.2099E+00   1.1151E+01
  -9.9499E+00   1.6847E+01  -1.5334E+01   2.2729E+01  -1.9848E+01   2.2979E+01
  -1.9849E+01   5.3620E+00  -4.9245E+00   3.4742E+01  -2.9850E+01   3.4725E+01
  -2.9874E+01   5.6170E+00  -4.9127E+00   5.6091E+00  -4.9232E+00   5.3217E+00
  -4.9707E+00   5.3214E+00  -4.9704E+00   1.7366E+01  -1.4930E+01   1.8241E-03
   3.2302E-03   1.7375E+01  -1.4923E+01   2.2945E+01  -1.9888E+01   2.2947E+01
  -1.9888E+01   2.2945E+01  -1.9886E+01   2.2946E+01  -1.9889E+01  -1.6578E-01
  -9.0999E-02   8.6468E-02   6.4919E-02   7.4161E-01   1.4890E+00   5.6490E-01
   6.0878E-01  -8.0887E-02  -1.3809E-01  -2.4914E-01  -1.1443E-01  -1.2036E-01
   1.6010E-03  -4.7218E-02  -1.7910E-02  -2.9935E-02  -2.6433E-02   6.5454E-03
   3.9812E-03  -2.8619E-02  -6.6571E-02   1.9770E-02  -1.5245E-02  -1.6197E-02
  -1.2863E-02   1.4957E-03   1.8255E-02   8.9764E-03  -2.0956E-02  -1.0983E-02
  -1.0808E-02  -5.0920E-03   1.5844E-02  -2.0604E-02  -1.0411E-02  -9.4387E-03
  -9.7251E-03  -8.4017E-03   2.4055E-02   8.5299E-02  -7.2069E-02  -1.8717E-02
  -4.9200E-02  -3.9205E-02   2.9574E-02  -2.7194E-02  -2.6636E-02  -2.7812E-02
  -1.2973E-02   2.4715E-02   1.7767E-02  -6.7610E-02  -4.7602E-02   3.7016E-02
  -3.6871E-03  -1.6845E-02  -1.3523E-02   7.8121E-03   9.4788E-03   1.3747E-03
  -1.3565E-02  -1.0530E-02  -1.0723E-02   1.7028E-03   1.3928E-02  -1.8660E-02
   2.5204E-03   1.6141E-03   2.8739E-03   2.3259E-03   1.5878E-02  -1.0965E-02
  -1.0089E-01  -9.0829E-02  -6.8911E-02  -1.0337E-01  -3.6277E-02  -6.7615E-02
  -1.9569E-02  -2.6519E-02  -1.5243E-02   8.7971E-03   3.3304E-03  -3.3535E-02
  -7.3876E-02   5.0528E-03  -1.8106E-02  -1.6700E-02  -1.1216E-02  -5.6205E-03
   2.3325E-02  -6.2692E-03  -4.3427E-02   1.3869E-03   6.3035E-04  -3.0423E-03
  -8.3286E-04  -1.7331E-02  -1.4123E-02  -1.5523E-02  -1.4679E-02  -1.4841E-02
   3.5616E-02   4.6048E-03  -6.0567E-02  -1.4981E-02  -6.5621E-02  -4.1621E-02
   6.9807E-03  -3.8188E-02  -3.6183E-02  -3.1588E-02  -8.7156E-03   3.3939E-02
   1.8427E-02  -7.8787E-02  -5.5763E-02   2.9451E-02  -1.8289E-04  -1.7998E-02
  -1.5497E-02   3.3684E-03   1.0515E-02  -1.2552E-02  -3.8057E-02  -3.7611E-03
  -4.1899E-03   4.8173E-03   3.6662E-04  -1.2745E-02   2.5963E-03   2.8731E-03
   4.5718E-03   1.4979E-03   2.6026E-02
  > E    =  -5.359861310885E+02 +/-   1.980660310929E-04
  > varE =   3.926781361945E-03
* Computing derivatives.
    [walltime: 1m25s elapsed, 3h4m remaining]
    [walltime: 1h elapsed, 2h3m remaining]
  Done. [total walltime: 3h4m]
* Optimizing manipulation constant:
  #igrid a___________ E____________________________________ varE____________
     1     Infinity    -5.35986131E+02 +/-   1.98066031E-04   3.92678136E-03
     2     1.0000E+06  -5.35986131E+02 +/-   1.98065957E-04   3.92677841E-03
     3     2.1544E+05  -5.35986131E+02 +/-   1.98065686E-04   3.92676769E-03
     4     4.6416E+04  -5.35986131E+02 +/-   1.98064433E-04   3.92671800E-03
     5     1.0000E+04  -5.35986132E+02 +/-   1.98058672E-04   3.92648958E-03
     6     2.1544E+03  -5.35986134E+02 +/-   1.98033133E-04   3.92547701E-03
     7     4.6416E+02  -5.35986141E+02 +/-   1.97940337E-04   3.92179901E-03
     8     1.0000E+02  -5.35986133E+02 +/-   1.98071204E-04   3.92698648E-03
     9     2.1544E+01  -5.35984862E+02 +/-   2.17323382E-04   4.72747925E-03
    10     4.6416E+00  -5.35881752E+02 +/-   9.20208801E-04   8.47597150E-02
    11     1.0000E+00  -5.34586996E+02 +/-   2.76457518E-03   7.65021311E-01
    12     2.1544E-01  -5.34297621E+02 +/-   2.87766323E-03   8.28889538E-01
    13     4.6416E-02  -5.32483807E+02 +/-   2.79807827E-03   7.83675809E-01
    14     1.0000E-02  -5.32392545E+02 +/-   2.59985937E-02   6.76575763E+01
    15     2.1544E-03  -5.32321994E+02 +/-   4.03876467E-02   1.63272792E+02
    16     4.6416E-04  -5.32300842E+02 +/-   1.34058885E-02   1.79890376E+01
    17     1.0000E-04  -5.32295942E+02 +/-   1.29062850E-02   1.66732102E+01
    18     2.1544E-05  -5.32294870E+02 +/-   1.28945135E-02   1.66428097E+01
    19     4.6416E-06  -5.32294638E+02 +/-   1.28946423E-02   1.66431421E+01
    20     1.0000E-06  -5.32294588E+02 +/-   1.28947808E-02   1.66434996E+01
    21     0.0000E+00  -5.32294575E+02 +/-   1.28948255E-02   1.66436151E+01
* Iteration # 1: E =  -5.359861413138E+02 +/-   1.979403367488E-04
* Diminishing returns: exiting.
* After optimization:
   7.5726E+00   6.1539E+00   7.8756E+00   7.8461E+00  -1.0594E+00  -1.1705E+00
  -8.4198E-01   1.3215E+00  -7.7751E-01  -7.9285E-01  -2.3154E+00  -2.3398E+00
  -2.6651E+00  -2.6729E+00  -1.0741E+00  -4.1489E+00  -1.2873E+00  -1.5627E-01
  -1.6006E-01  -2.6316E+00  -2.6300E+00  -1.0844E+00  -1.0780E+00  -2.5714E-02
  -3.8803E-02  -1.1728E+00  -1.4823E+00  -1.4782E+00  -2.8857E+00  -2.8875E+00
  -3.1229E+00  -3.1242E+00  -4.3579E-01  -4.3153E-01  -4.8919E+00  -4.8483E+00
  -7.0377E-01  -7.0473E-01  -6.8094E-01  -6.8358E-01  -3.7021E-01  -3.6243E-01
  -3.6937E-01  -3.6221E-01  -2.4352E+00  -2.4344E+00  -5.6134E-03  -2.4510E+00
  -2.4498E+00  -3.0614E+00  -3.0613E+00  -3.0603E+00  -3.0614E+00  -3.0605E+00
  -3.0617E+00  -3.0602E+00  -3.0610E+00   1.6572E+01  -1.5686E+01   1.0912E+01
  -1.0091E+01  -7.6719E-01  -6.0797E-01   1.0792E+01  -1.0082E+01   2.2522E+01
  -2.0233E+01   2.2643E+01  -1.9962E+01   1.0839E+01  -9.7725E+00   3.4292E+01
  -3.0163E+01   1.1161E+01  -9.8785E+00   5.2937E+00  -5.1506E+00   2.2687E+01
  -2.0045E+01   1.0958E+01  -9.8660E+00   5.2679E+00  -5.2014E+00   1.1132E+01
  -9.9334E+00   1.6841E+01  -1.5328E+01   2.2729E+01  -1.9848E+01   2.2962E+01
  -1.9835E+01   5.3683E+00  -4.9298E+00   3.4728E+01  -2.9838E+01   3.4711E+01
  -2.9862E+01   5.6075E+00  -4.9044E+00   5.5995E+00  -4.9150E+00   5.3280E+00
  -4.9759E+00   5.3277E+00  -4.9755E+00   1.7359E+01  -1.4924E+01   1.8268E-03
   3.2221E-03   1.7368E+01  -1.4917E+01   2.2928E+01  -1.9874E+01   2.2930E+01
  -1.9874E+01   2.2928E+01  -1.9872E+01   2.2929E+01  -1.9875E+01  -1.6584E-01
  -9.1011E-02   8.6485E-02   6.4903E-02   7.4718E-01   1.4985E+00   5.6921E-01
   6.1335E-01  -8.1671E-02  -1.3920E-01  -2.5097E-01  -1.1529E-01  -1.2132E-01
   1.6210E-03  -4.7542E-02  -1.8053E-02  -3.0101E-02  -2.6606E-02   6.6032E-03
   3.9997E-03  -2.8804E-02  -6.7036E-02   1.9900E-02  -1.5321E-02  -1.6304E-02
  -1.2936E-02   1.5410E-03   1.8399E-02   9.0863E-03  -2.1104E-02  -1.1109E-02
  -1.0936E-02  -5.0956E-03   1.6125E-02  -2.0739E-02  -1.0501E-02  -9.5205E-03
  -9.8137E-03  -8.4780E-03   2.4217E-02   8.5755E-02  -7.2673E-02  -1.8934E-02
  -4.9591E-02  -3.9513E-02   2.9802E-02  -2.7420E-02  -2.6813E-02  -2.8005E-02
  -1.3030E-02   2.4889E-02   1.7918E-02  -6.8088E-02  -4.7907E-02   3.7245E-02
  -3.6953E-03  -1.6965E-02  -1.3608E-02   7.8855E-03   9.5695E-03   1.4108E-03
  -1.3650E-02  -1.0653E-02  -1.0850E-02   1.7464E-03   1.4125E-02  -1.8794E-02
   2.5214E-03   1.6077E-03   2.8751E-03   2.3211E-03   1.5974E-02  -1.1115E-02
  -1.0094E-01  -9.0952E-02  -6.8948E-02  -1.0342E-01  -3.6305E-02  -6.7605E-02
  -1.9548E-02  -2.6511E-02  -1.5246E-02   8.8157E-03   3.2966E-03  -3.3532E-02
  -7.3897E-02   5.0578E-03  -1.8063E-02  -1.6675E-02  -1.1195E-02  -5.5815E-03
   2.3296E-02  -6.2450E-03  -4.3426E-02   1.3562E-03   5.9947E-04  -3.0390E-03
  -7.6273E-04  -1.7298E-02  -1.4126E-02  -1.5522E-02  -1.4681E-02  -1.4838E-02
   3.5629E-02   4.5499E-03  -6.0612E-02  -1.4996E-02  -6.5619E-02  -4.1633E-02
   6.9425E-03  -3.8238E-02  -3.6134E-02  -3.1638E-02  -8.7109E-03   3.3929E-02
   1.8438E-02  -7.8793E-02  -5.5762E-02   2.9419E-02  -1.6863E-04  -1.7982E-02
  -1.5484E-02   3.3881E-03   1.0502E-02  -1.2553E-02  -3.8047E-02  -3.7685E-03
  -4.1980E-03   4.8146E-03   3.8868E-04  -1.2735E-02   2.5889E-03   2.8682E-03
   4.5635E-03   1.4896E-03   2.6015E-02
  > Energy =  -5.359861413138E+02 +/-   1.979403367488E-04
  > varE =   3.921799007406E-03

VMC #3:
* Size of Hilbert space =   1.1779E+07
* Number of equil. steps   = 1000
* Running VMC equilibration.
  Done. [total walltime: 0.21s]
* Equil. acc.ratio (%)     =  15.0196
* Sample config after equilibration:
  +-------------+
  |  0       d  |
  |      u      |
  |    2   d    |
  |d           u|
  |u           u|
  |    d   u    |
  |      d      |
  |  u       d  |
  +-------------+
* Number of accum. steps   = 500480 x 10
* Running VMC accumulation.
    [walltime: 1m elapsed, 2m53s remaining]
  Done. [total walltime: 3m52s]
* Acceptance ratio (%)     =  14.8354
* Etot/t                   =  -5.359859590268E+02 +/-   8.991670293385E-05
  > Ttot/t                 =  -3.895792939622E+01 +/-   7.196275180158E-04
  > Utot/t                 =   1.643860390740E+01 +/-   6.942533564258E-04
* var[Eloc/t]              =   3.779735991883E-03 +/-   5.255237105741E-05
* Correlation length       =   1.070547664811E+00
* log10 Psi^2 range: -31.458422259287673 -- -23.649946092007944
* log10 Pgen range : -31.458422259287673 -- -23.649946092007944
* Site occupation (ave. no. electrons per config.):
  > Site_  ___eu____  ___ed____
      1        0.500      0.497
      2        0.500      0.500
      3        0.498      0.499
      4        0.502      0.501
      5        0.499      0.500
      6        0.499      0.497
      7        0.501      0.505
      8        0.500      0.502
      9        0.500      0.498
     10        0.501      0.504
     11        0.500      0.497
     12        0.501      0.500
     13        0.498      0.498
     14        0.501      0.502
* Pair-correlation analysis (ave. no. pairs per config.):
  > Shell  nsite  ___dh____  __eueu___  __eued___
      0      1        0          0          2.292
      1      1        0.813      0.644      2.566
      2      1        0.265      0.678      1.097
      3      1        0.244      0.672      1.113
      4      1        0.614      1.098      2.352
      5      1        0.499      1.389      2.202
      6      1        0.213      2.124      1.873
      7      1        0.058      0.417      0.577
      8      1        0.128      0.859      1.111
      9      1        0.138      0.915      1.054
     10      1        0.251      1.812      2.127
     11      1        0.222      2.113      1.902
     12      1        0.215      2.147      1.876
     13      1        0.224      2.137      1.856
     14      1        0.125      1.056      0.937
     15      1        0.198      2.168      1.856
     16      1        0.195      1.917      2.117
     17      1        0.225      2.064      1.938
     18      1        0.200      2.102      1.902
     19      1        0.103      0.977      1.032
     20      1        0.102      1.034      0.976
     21      1        0.230      1.899      2.076
     22      1        0.227      2.059      1.922
     23      1        0.104      0.921      1.078
     24      1        0.104      0.911      1.082
     25      1        0.206      1.936      2.060
     26      1        0.099      0.962      1.032
     27      1        0.200      2.056      1.948
     28      1        0.058      0.478      0.520
     29      1        0.059      0.475      0.519
     30      1        0.060      0.479      0.519
     31      1        0.058      0.476      0.518
     32      1        0.099      1.026      0.969

Optimization #3:
* Method          : lls
* Target function : energy
* No. of configs. : 100096
* No. of params.  : 255
* Before optimization:
   7.5726E+00   6.1539E+00   7.8756E+00   7.8461E+00  -1.0594E+00  -1.1705E+00
  -8.4198E-01   1.3215E+00  -7.7751E-01  -7.9285E-01  -2.3154E+00  -2.3398E+00
  -2.6651E+00  -2.6729E+00  -1.0741E+00  -4.1489E+00  -1.2873E+00  -1.5627E-01
  -1.6006E-01  -2.6316E+00  -2.6300E+00  -1.0844E+00  -1.0780E+00  -2.5714E-02
  -3.8803E-02  -1.1728E+00  -1.4823E+00  -1.4782E+00  -2.8857E+00  -2.8875E+00
  -3.1229E+00  -3.1242E+00  -4.3579E-01  -4.3153E-01  -4.8919E+00  -4.8483E+00
  -7.0377E-01  -7.0473E-01  -6.8094E-01  -6.8358E-01  -3.7021E-01  -3.6243E-01
  -3.6937E-01  -3.6221E-01  -2.4352E+00  -2.4344E+00  -5.6134E-03  -2.4510E+00
  -2.4498E+00  -3.0614E+00  -3.0613E+00  -3.0603E+00  -3.0614E+00  -3.0605E+00
  -3.0617E+00  -3.0602E+00  -3.0610E+00   1.6572E+01  -1.5686E+01   1.0912E+01
  -1.0091E+01  -7.6719E-01  -6.0797E-01   1.0792E+01  -1.0082E+01   2.2522E+01
  -2.0233E+01   2.2643E+01  -1.9962E+01   1.0839E+01  -9.7725E+00   3.4292E+01
  -3.0163E+01   1.1161E+01  -9.8785E+00   5.2937E+00  -5.1506E+00   2.2687E+01
  -2.0045E+01   1.0958E+01  -9.8660E+00   5.2679E+00  -5.2014E+00   1.1132E+01
  -9.9334E+00   1.6841E+01  -1.5328E+01   2.2729E+01  -1.9848E+01   2.2962E+01
  -1.9835E+01   5.3683E+00  -4.9298E+00   3.4728E+01  -2.9838E+01   3.4711E+01
  -2.9862E+01   5.6075E+00  -4.9044E+00   5.5995E+00  -4.9150E+00   5.3280E+00
  -4.9759E+00   5.3277E+00  -4.9755E+00   1.7359E+01  -1.4924E+01   1.8268E-03
   3.2221E-03   1.7368E+01  -1.4917E+01   2.2928E+01  -1.9874E+01   2.2930E+01
  -1.9874E+01   2.2928E+01  -1.9872E+01   2.2929E+01  -1.9875E+01  -1.6584E-01
  -9.1011E-02   8.6485E-02   6.4903E-02   7.4718E-01   1.4985E+00   5.6921E-01
   6.1335E-01  -8.1671E-02  -1.3920E-01  -2.5097E-01  -1.1529E-01  -1.2132E-01
   1.6210E-03  -4.7542E-02  -1.8053E-02  -3.0101E-02  -2.6606E-02   6.6032E-03
   3.9997E-03  -2.8804E-02  -6.7036E-02   1.9900E-02  -1.5321E-02  -1.6304E-02
  -1.2936E-02   1.5410E-03   1.8399E-02   9.0863E-03  -2.1104E-02  -1.1109E-02
  -1.0936E-02  -5.0956E-03   1.6125E-02  -2.0739E-02  -1.0501E-02  -9.5205E-03
  -9.8137E-03  -8.4780E-03   2.4217E-02   8.5755E-02  -7.2673E-02  -1.8934E-02
  -4.9591E-02  -3.9513E-02   2.9802E-02  -2.7420E-02  -2.6813E-02  -2.8005E-02
  -1.3030E-02   2.4889E-02   1.7918E-02  -6.8088E-02  -4.7907E-02   3.7245E-02
  -3.6953E-03  -1.6965E-02  -1.3608E-02   7.8855E-03   9.5695E-03   1.4108E-03
  -1.3650E-02  -1.0653E-02  -1.0850E-02   1.7464E-03   1.4125E-02  -1.8794E-02
   2.5214E-03   1.6077E-03   2.8751E-03   2.3211E-03   1.5974E-02  -1.1115E-02
  -1.0094E-01  -9.0952E-02  -6.8948E-02  -1.0342E-01  -3.6305E-02  -6.7605E-02
  -1.9548E-02  -2.6511E-02  -1.5246E-02   8.8157E-03   3.2966E-03  -3.3532E-02
  -7.3897E-02   5.0578E-03  -1.8063E-02  -1.6675E-02  -1.1195E-02  -5.5815E-03
   2.3296E-02  -6.2450E-03  -4.3426E-02   1.3562E-03   5.9947E-04  -3.0390E-03
  -7.6273E-04  -1.7298E-02  -1.4126E-02  -1.5522E-02  -1.4681E-02  -1.4838E-02
   3.5629E-02   4.5499E-03  -6.0612E-02  -1.4996E-02  -6.5619E-02  -4.1633E-02
   6.9425E-03  -3.8238E-02  -3.6134E-02  -3.1638E-02  -8.7109E-03   3.3929E-02
   1.8438E-02  -7.8793E-02  -5.5762E-02   2.9419E-02  -1.6863E-04  -1.7982E-02
  -1.5484E-02   3.3881E-03   1.0502E-02  -1.2553E-02  -3.8047E-02  -3.7685E-03
  -4.1980E-03   4.8146E-03   3.8868E-04  -1.2735E-02   2.5889E-03   2.8682E-03
   4.5635E-03   1.4896E-03   2.6015E-02
  > E    =  -5.359861077114E+02 +/-   1.948958360929E-04
  > varE =   3.802085193779E-03
* Computing derivatives.
    [walltime: 1m24s elapsed, 3h2m remaining]
    [walltime: 1h elapsed, 2h4m remaining]
  Done. [total walltime: 3h4m]
* Optimizing manipulation constant:
  #igrid a___________ E____________________________________ varE____________
     1     Infinity    -5.35986108E+02 +/-   1.94895836E-04   3.80208519E-03
     2     1.0000E+06  -5.35986108E+02 +/-   1.94895763E-04   3.80208235E-03
     3     2.1544E+05  -5.35986108E+02 +/-   1.94895498E-04   3.80207201E-03
     4     4.6416E+04  -5.35986108E+02 +/-   1.94894268E-04   3.80202402E-03
     5     1.0000E+04  -5.35986108E+02 +/-   1.94888561E-04   3.80180134E-03
     6     2.1544E+03  -5.35986110E+02 +/-   1.94862123E-04   3.80076994E-03
     7     4.6416E+02  -5.35986120E+02 +/-   1.94740568E-04   3.79602956E-03
     8     1.0000E+02  -5.35986164E+02 +/-   1.94200743E-04   3.77501341E-03
     9     2.1544E+01  -5.35986327E+02 +/-   1.92190866E-04   3.69727887E-03
    10     4.6416E+00  -5.35986297E+02 +/-   1.94811735E-04   3.79880457E-03
    11     1.0000E+00  -5.35976696E+02 +/-   3.35852768E-04   1.12905367E-02
    12     2.1544E-01  -5.35982673E+02 +/-   2.84878086E-04   8.12334331E-03
    13     4.6416E-02  -5.32698543E+02 +/-   1.30333954E-02   1.70032469E+01
    14     1.0000E-02  -5.29012840E+02 +/-   1.80158234E+02   3.24881480E+09
    15     2.1544E-03  -5.20872699E+02 +/-   1.88506102E+03   3.55686638E+11
    16     4.6416E-04  -5.17485419E+02 +/-   3.13551766E+03   9.84090918E+11
    17     1.0000E-04  -5.16636479E+02 +/-   3.49920578E+03   1.22561958E+12
    18     2.1544E-05  -5.16447437E+02 +/-   3.58294303E+03   1.28498048E+12
    19     4.6416E-06  -5.16406418E+02 +/-   3.60124473E+03   1.29814138E+12
    20     1.0000E-06  -5.16397567E+02 +/-   3.60520020E+03   1.30099461E+12
    21     0.0000E+00  -5.16395136E+02 +/-   3.60628678E+03   1.30177894E+12
  ParMin   1.3232E+01  -5.35986413E+02 +/-   1.91164622E-04   3.65789948E-03
  # Using parabolic minimum
* Iteration # 1: E =  -5.359864131921E+02 +/-   1.911646217882E-04
* Computing derivatives.
    [walltime: 1m26s elapsed, 3h7m remaining]
    [walltime: 1h elapsed, 2h4m remaining]
  Done. [total walltime: 3h4m]
* Optimizing manipulation constant:
  #igrid a___________ E____________________________________ varE____________
     1     Infinity    -5.35986413E+02 +/-   1.91164622E-04   3.65789948E-03
     2     1.0000E+06  -5.35986413E+02 +/-   1.91164552E-04   3.65789679E-03
     3     2.1544E+05  -5.35986413E+02 +/-   1.91164296E-04   3.65788700E-03
     4     4.6416E+04  -5.35986413E+02 +/-   1.91163108E-04   3.65784156E-03
     5     1.0000E+04  -5.35986414E+02 +/-   1.91157599E-04   3.65763074E-03
     6     2.1544E+03  -5.35986416E+02 +/-   1.91132065E-04   3.65665366E-03
     7     4.6416E+02  -5.35986425E+02 +/-   1.91014328E-04   3.65215003E-03
     8     1.0000E+02  -5.35986468E+02 +/-   1.90482984E-04   3.63185997E-03
     9     2.1544E+01  -5.35986650E+02 +/-   1.88227239E-04   3.54635058E-03
    10     4.6416E+00  -5.35987102E+02 +/-   1.83607981E-04   3.37442540E-03
    11     1.0000E+00  -5.35587906E+02 +/-   1.60643773E-03   2.58311961E-01
    12     2.1544E-01  -5.35158976E+02 +/-   2.31820387E-03   5.37922829E-01
    13     4.6416E-02  -5.35953417E+02 +/-   5.59548336E-04   3.13394911E-02
    14     1.0000E-02  -5.35164103E+02 +/-   2.32374058E-03   5.40495407E-01
    15     2.1544E-03  -5.34867206E+02 +/-   2.58169194E-03   6.67153182E-01
    16     4.6416E-04  -5.34807827E+02 +/-   2.62236013E-03   6.88337435E-01
    17     1.0000E-04  -5.34795380E+02 +/-   2.63047978E-03   6.92606653E-01
    18     2.1544E-05  -5.34792715E+02 +/-   2.63220009E-03   6.93512865E-01
    19     4.6416E-06  -5.34792142E+02 +/-   2.63256938E-03   6.93707474E-01
    20     1.0000E-06  -5.34792019E+02 +/-   2.63264888E-03   6.93749372E-01
    21     0.0000E+00  -5.34791985E+02 +/-   2.63267071E-03   6.93760876E-01
  ParMin   9.9823E+00  -5.35986891E+02 +/-   1.85270002E-04   3.43579258E-03
  # Using grid point #10
* Iteration # 2: E =  -5.359871021521E+02 +/-   1.836079808038E-04
* Computing derivatives.
    [walltime: 1m26s elapsed, 3h6m remaining]
srun: Job step aborted: Waiting up to 32 seconds for job step to finish.
slurmstepd: error: *** JOB 816661 ON alnode250 CANCELLED AT 2025-10-28T09:23:58 DUE TO TIME LIMIT ***
slurmstepd: error: *** STEP 816661.0 ON alnode250 CANCELLED AT 2025-10-28T09:23:58 DUE TO TIME LIMIT ***
