Run started: Fri Oct 17 23:29:31 CEST 2025
Using VDAGGER_ARCH = intel23_fkfamd23_cluster
Running 1x128 MPI processes.

                               xx
                              +##
                               #X
                               Xx
                          X##XxXxxX##x
                           +   Xx  ++
                               ##
                              +##
                              +##
     ++++         ++          +##
   xX+++##+      ####         +##
  Xx    ###      +X##          ##
 xX    X##+        ##          #X
 +    x##X         #x          #X
      ###         +#           x+
     X##+         #+
     ###         Xx                    _______
     ##X       +X+   __________________VDAGGER
     +##x    +xX     2nd quantized variational
       +xxxxx+       ______quantum Monte Carlo

* Running 128 MPI processes.
* Input file: "input.casl"

############# Start of input file dump #############
General:
  Random seed: timer

Plan:
  VMC-optimization:
    Minimum cycles: 5
    Convergence cycles: 5

System:
  Read Hamiltonian: FCIDUMP_loc_naphthalene
  Read orbitals: LTSC_naphthalene
  Complex orbitals: F
  Site kinds: [ 1, 2, 3, 1, 3, 3, 2, 3, 2, 2 ]
  Geometry:
    r_1: [ 0.00000000000000, 1.34347620379600 ]
    r_4: [ 0.00000000000000, -1.34347620379600 ]
    r_3: [ 2.34629842880300, 2.63976101399600 ]
    r_5: [ -2.34629842880300, -2.63976101399600 ]
    r_6: [ -2.34629842880300, 2.63976101399600 ]
    r_8: [ 2.34629842880300, -2.63976101399600 ]
    r_9: [ 4.58120036880600, 1.33647725770700 ]
    r_2: [ -4.58120036880600, -1.33647725770700 ]
    r_7: [ -4.58120036880600, 1.33647725770700 ]
    r_10: [ 4.58120036880600, -1.33647725770700 ]
    Tolerance: 0.05

VMC:
  nstep: 1000000
  nconfig: 500000

Jastrow: wfn.casl

Backflow: wfn.casl

Multideterminants: wfn.casl
############## End of input file dump ##############

General setup:
* Random seed: 177215854 (from timer)

* Loaded integrals for system with nelec=10, ms2=0, norb=10
* INFO: setting number of electrons from integrals file.
* Analysis of Hamiltonian connecitivity performed:
  - T_ii (local, 1-site): 10 (i) values
  - U_iiii [opp] (local, 1-site): 10 (i) values
  - U_kkii [opp] (local, 2-site): 90 contribs. from 10 (i) values
  - U_kkii [par] (local, 2-site): 45 contribs. from 9 (i) values
  - T_ji (single, 2-site): 90 contribs. from 10 (i) values
  - U_kkji [opp] (single, 2/3-site): 900 contribs. from 90 (i,j) pairs
  - U_kkji [par] (single, 3-site): 810 contribs. from 90 (i,j) pairs
  - U_lkji [opp] (double, 2/3/4-site): 8100 contribs. from 90 (i,j) pairs
  - U_lkji [par] (double, 4-site): 1740 contribs. from 72 (i,j) pairs
  - Max. no. wfn. ratios in Eloc: 1467
* Reading override orbitals from file "LTSC_naphthalene".
* Site labels:
  +--------------+
  |    6     3   |
  | 7     1     9|
  | 2     4    10|
  |    5     8   |
  +--------------+
* Read-in Site kinds:
  [ 1, 2, 3, 1, 3, 3, 2, 3, 2, 2 ]
  +---------+
  |  3   3  |
  |2   1   2|
  |2   1   2|
  |  3   3  |
  +---------+
* Maximum Site kind: 3
* Number of site-pair kinds with Tij=0: 0
* Automatically set Site pair kinds:
  Site 1: [ 0, -7, -4, 3, -8, -4, -9, 8, 9, -7 ]
  Site 2: [ -7, 0, 12, -9, 1, 10, 2, 14, 16, -15 ]
  Site 3: [ -4, 12, 0, -8, -11, 5, -13, -6, -1, 10 ]
  Site 4: [ 3, -9, -8, 0, -4, -8, -7, 4, 7, -9 ]
  Site 5: [ -8, 1, -11, -4, 0, 6, 10, -5, -12, -14 ]
  Site 6: [ -4, 10, 5, -8, 6, 0, 1, 11, 14, 12 ]
  Site 7: [ -9, 2, -13, -7, 10, 1, 0, -12, 15, -16 ]
  Site 8: [ 8, 14, -6, 4, -5, 11, -12, 0, 10, -1 ]
  Site 9: [ 9, 16, -1, 7, -12, 14, 15, 10, 0, -2 ]
  Site 10: [ -7, -15, 10, -9, -14, 12, -16, -1, -2, 0 ]
  For site 1 of kind 1:
  +--------------+
  |   -4    -4   |
  |-9     0     9|
  |-7     3    -7|
  |   -8     8   |
  +--------------+
  For site 2 of kind 2:
  +-------------------+
  |     10      12    |
  |  2      -7      16|
  |  0      -9     -15|
  |      1      14    |
  +-------------------+
  For site 3 of kind 3:
  +-------------------+
  |      5       0    |
  |-13      -4      -1|
  | 12      -8      10|
  |    -11      -6    |
  +-------------------+
* Maximum (unsigned) Site pair kind: 16
General system setup:
* Number of sites       : 10
* Number of electrons   : 10
* Spin imbalance MS2    : 0
* Filling               : 0.500000
* Number of orbitals in pool: 10
* Using real-valued orbitals
* Using double-precision arithmetic for orbitals

Trial wave function setup:
* Jastrow parameter file: "wfn.casl"
* Multideterminant parameter file: "wfn.casl"
* Backflow parameter file: "wfn.casl"
* Not using wave function manipulation

VMC #1:
* Size of Hilbert space =   6.3504E+04
* Deterministic energy evaluation:
  > Deterministic Etot/t = -383.3499080506399
    - Ttot/t = -23.36480706212116
    - Utot/t = 9.529244688651392
* Number of equil. steps   = 1000
* Running VMC equilibration.
  Done. [total walltime: 0.11s]
* Equil. acc.ratio (%)     =  14.4493
* Sample config after equilibration:
  +---------+
  |  d   d  |
  |u   u   u|
  |d   d   d|
  |  u   u  |
  +---------+
* Number of accum. steps   = 1000192 x 10
* Running VMC accumulation.
    [walltime: 1m elapsed, 47.1s remaining]
  Done. [total walltime: 1m47s]
* Acceptance ratio (%)     =  14.5514
* Etot/t                   =  -3.833499124831E+02 +/-   1.487520389519E-05
  > Ttot/t                 =  -2.336484671336E+01 +/-   3.935911577426E-04
  > Utot/t                 =   9.529279907462E+00 +/-   3.928641572235E-04
* var[Eloc/t]              =   2.205791329907E-04 +/-   2.253031231812E-06
* Correlation length       =   1.003332328346E+00
* log10 Psi^2 range: -16.25493826596911 -- -9.099848630338494
* log10 Pgen range : -16.25493826596911 -- -9.099848630338494
* Site occupation (ave. no. electrons per config.):
  > Site_  ___eu____  ___ed____
      1        0.498      0.497
      2        0.501      0.501
      3        0.500      0.501
      4        0.497      0.499
      5        0.501      0.500
      6        0.502      0.500
      7        0.499      0.500
      8        0.500      0.501
      9        0.501      0.500
     10        0.501      0.500
* Pair-correlation analysis (ave. no. pairs per config.):
  > Shell  nsite  ___dh____  __eueu___  __eued___
      0      1        0          0          1.733
      1      1        0.831      0.710      2.494
      2      1        0.284      0.646      1.109
      3      1        0.161      0.295      0.558
      4      1        0.554      1.346      2.180
      5      1        0.118      1.029      0.968
      6      1        0.146      0.848      1.107
      7      1        0.296      1.796      2.125
      8      1        0.247      2.109      1.900
      9      1        0.246      2.124      1.894
     10      1        0.226      2.164      1.871
     11      1        0.114      0.983      1.025
     12      1        0.233      2.055      1.952
     13      1        0.061      0.478      0.516
     14      1        0.182      1.439      1.555
     15      1        0.118      1.026      0.975
     16      1        0.123      0.953      1.038

Optimization #1:
* Method          : lls
* Target function : energy
* No. of configs. : 500096
* No. of params.  : 128
* Before optimization:
   8.7184E+00   8.2884E+00   8.5713E+00  -7.8271E-01  -8.1043E-01   8.0598E-01
  -6.1601E+00  -4.4124E+00  -4.4016E+00  -2.9854E+00  -2.9290E+00  -3.0863E+00
  -3.0816E+00  -4.6773E+00  -4.6744E+00  -2.9854E+00  -2.9826E+00  -1.1413E+00
  -1.1447E+00  -3.1541E+00  -1.5700E+00  -1.5733E+00  -1.5249E+00  -1.5246E+00
  -1.5240E+00  -1.5244E+00   6.3300E-03   7.6143E+00  -6.8854E+00  -5.0469E-01
  -3.3276E-01   3.2625E+01  -2.6481E+01   2.4261E+01  -1.9873E+01   1.6110E+01
  -1.3118E+01   1.6053E+01  -1.3141E+01   1.6288E+01  -1.3209E+01   2.4424E+01
  -1.9738E+01   1.6243E+01  -1.3243E+01   7.8382E+00  -6.6802E+00   1.6210E+01
  -1.3058E+01   8.1026E+00  -6.5277E+00   8.0613E+00  -6.5420E+00   8.0616E+00
  -6.5410E+00  -7.8475E-03   1.0058E-02  -4.7512E-02  -5.3563E-02   3.2914E-02
  -1.2483E-03   1.2497E+00   1.5681E+00   1.3559E+00  -9.7642E-02  -1.6367E-01
  -2.3553E-01  -1.8855E-01  -1.0059E-03  -3.2550E-02  -1.4904E-02   4.3600E-02
   4.2854E-02   5.3576E-02   6.1907E-02   9.1241E-03   4.2518E-03   4.8117E-03
   2.8748E-02   1.3903E-01   1.0310E-01   6.4980E-02  -4.9475E-02  -5.7290E-03
  -8.0493E-03   5.5761E-03   4.0255E-03   1.5529E-02   3.6615E-03   4.1741E-02
   4.4669E-02  -8.0823E-04   7.1130E-03   6.9264E-03   2.9119E-02   1.1148E-01
  -3.5935E-02  -7.5031E-02  -1.2057E-01  -1.0152E-01  -2.3193E-02  -1.7421E-02
  -2.6226E-02   2.3163E-02   7.6493E-03  -8.6747E-03   3.6549E-02   1.7317E-02
   8.5392E-03   8.4171E-03   3.8856E-04   5.5372E-02   2.2975E-02   1.8649E-02
  -2.1322E-02  -2.7733E-03  -2.7922E-02   9.2452E-03  -2.0514E-02   3.3850E-03
  -1.5299E-02  -1.2041E-02   2.7351E-02   1.0053E-02   1.1160E-02   1.1015E-02
   2.8174E-03   4.0175E-02
  > E    =  -3.833499079507E+02 +/-   2.133110510332E-05
  > varE =   2.275517040047E-04
* Computing derivatives.
    [walltime: 1m1s elapsed, 1h24m remaining]
    [walltime: 1h elapsed, 25m17s remaining]
  Done. [total walltime: 1h25m]
* Optimizing manipulation constant:
  #igrid a___________ E____________________________________ varE____________
     1     Infinity    -3.83349908E+02 +/-   2.13311051E-05   2.27551704E-04
     2     1.0000E+06  -3.83349908E+02 +/-   2.13311036E-05   2.27551671E-04
     3     2.1544E+05  -3.83349908E+02 +/-   2.13310980E-05   2.27551553E-04
     4     4.6416E+04  -3.83349908E+02 +/-   2.13310723E-05   2.27551004E-04
     5     1.0000E+04  -3.83349908E+02 +/-   2.13309537E-05   2.27548474E-04
     6     2.1544E+03  -3.83349908E+02 +/-   2.13304234E-05   2.27537160E-04
     7     4.6416E+02  -3.83349908E+02 +/-   2.13283951E-05   2.27493889E-04
     8     1.0000E+02  -3.83349908E+02 +/-   2.13286309E-05   2.27498920E-04
     9     2.1544E+01  -3.83349897E+02 +/-   2.17369817E-05   2.36293547E-04
    10     4.6416E+00  -3.83347804E+02 +/-   6.24584727E-05   1.95090491E-03
    11     1.0000E+00  -3.83010872E+02 +/-   6.97057000E-04   2.42990876E-01
    12     2.1544E-01  -3.82545977E+02 +/-   9.77603893E-04   4.77946434E-01
    13     4.6416E-02  -3.83276251E+02 +/-   2.92338212E-04   4.27390194E-02
    14     1.0000E-02  -3.82387785E+02 +/-   9.25466811E-04   4.28326632E-01
    15     2.1544E-03  -3.82252240E+02 +/-   9.27975728E-04   4.30652145E-01
    16     4.6416E-04  -3.82234349E+02 +/-   9.19427421E-04   4.22754544E-01
    17     1.0000E-04  -3.82230904E+02 +/-   9.17136852E-04   4.20650752E-01
    18     2.1544E-05  -3.82230179E+02 +/-   9.16622243E-04   4.20178827E-01
    19     4.6416E-06  -3.82230024E+02 +/-   9.16510391E-04   4.20076288E-01
    20     1.0000E-06  -3.82229991E+02 +/-   9.16486250E-04   4.20054158E-01
    21     0.0000E+00  -3.82229982E+02 +/-   9.16479618E-04   4.20048079E-01
* Iteration # 1: E =  -3.833499079972E+02 +/-   2.132839508960E-05
* Convergence: exiting.
* After optimization:
   8.7264E+00   8.2961E+00   8.5793E+00  -7.8289E-01  -8.1062E-01   8.0597E-01
  -6.1617E+00  -4.4133E+00  -4.4026E+00  -2.9857E+00  -2.9293E+00  -3.0871E+00
  -3.0824E+00  -4.6782E+00  -4.6753E+00  -2.9862E+00  -2.9834E+00  -1.1414E+00
  -1.1449E+00  -3.1544E+00  -1.5701E+00  -1.5735E+00  -1.5250E+00  -1.5247E+00
  -1.5241E+00  -1.5246E+00   6.3318E-03   7.6150E+00  -6.8859E+00  -5.0466E-01
  -3.3276E-01   3.2632E+01  -2.6488E+01   2.4265E+01  -1.9877E+01   1.6112E+01
  -1.3120E+01   1.6055E+01  -1.3142E+01   1.6292E+01  -1.3212E+01   2.4429E+01
  -1.9741E+01   1.6247E+01  -1.3246E+01   7.8390E+00  -6.6808E+00   1.6212E+01
  -1.3060E+01   8.1034E+00  -6.5283E+00   8.0620E+00  -6.5426E+00   8.0623E+00
  -6.5416E+00  -7.8554E-03   1.0048E-02  -4.7553E-02  -5.3617E-02   3.2943E-02
  -1.2481E-03   1.2460E+00   1.5640E+00   1.3519E+00  -9.7568E-02  -1.6342E-01
  -2.3508E-01  -1.8815E-01  -1.0110E-03  -3.2398E-02  -1.4783E-02   4.3465E-02
   4.2719E-02   5.3419E-02   6.1786E-02   9.0957E-03   4.1907E-03   4.7486E-03
   2.8661E-02   1.3878E-01   1.0258E-01   6.4588E-02  -4.9534E-02  -5.8674E-03
  -8.0130E-03   5.6470E-03   4.0953E-03   1.5468E-02   3.6594E-03   4.1646E-02
   4.4575E-02  -8.2401E-04   7.0409E-03   6.8549E-03   2.9048E-02   1.1130E-01
  -3.6054E-02  -7.5160E-02  -1.2067E-01  -1.0159E-01  -2.3210E-02  -1.7376E-02
  -2.6174E-02   2.3172E-02   7.6277E-03  -8.6962E-03   3.6565E-02   1.7327E-02
   8.5133E-03   8.3907E-03   3.7840E-04   5.5432E-02   2.2815E-02   1.8498E-02
  -2.1415E-02  -2.8628E-03  -2.7924E-02   9.3094E-03  -2.0466E-02   3.3894E-03
  -1.5304E-02  -1.2043E-02   2.7353E-02   1.0056E-02   1.1133E-02   1.0987E-02
   2.8129E-03   4.0226E-02
  > Energy =  -3.833499079972E+02 +/-   2.132839508960E-05
  > varE =   2.274938889909E-04

VMC #2:
* Size of Hilbert space =   6.3504E+04
* Deterministic energy evaluation:
  > Deterministic Etot/t = -383.3499081075799
    - Ttot/t = -23.36480416943864
    - Utot/t = 9.529241739029130
* Number of equil. steps   = 1000
* Running VMC equilibration.
  Done. [total walltime: 0.11s]
* Equil. acc.ratio (%)     =  14.5643
* Sample config after equilibration:
  +---------+
  |  u   d  |
  |d   d   u|
  |u   u   2|
  |  d   0  |
  +---------+
* Number of accum. steps   = 1000192 x 10
* Running VMC accumulation.
    [walltime: 1m elapsed, 32.0s remaining]
  Done. [total walltime: 1m31s]
* Acceptance ratio (%)     =  14.5931
* Etot/t                   =  -3.833498949392E+02 +/-   1.498553959449E-05
  > Ttot/t                 =  -2.336485895979E+01 +/-   3.842501331118E-04
  > Utot/t                 =   9.529309697683E+00 +/-   3.836311796134E-04
* var[Eloc/t]              =   2.243505817609E-04 +/-   3.954264367468E-06
* Correlation length       =   1.001154139754E+00
* log10 Psi^2 range: -16.16993823942048 -- -9.097895560871905
* log10 Pgen range : -16.16993823942048 -- -9.097895560871905
* Site occupation (ave. no. electrons per config.):
  > Site_  ___eu____  ___ed____
      1        0.498      0.498
      2        0.501      0.501
      3        0.500      0.501
      4        0.498      0.498
      5        0.499      0.500
      6        0.500      0.501
      7        0.500      0.501
      8        0.502      0.499
      9        0.501      0.501
     10        0.500      0.500
* Pair-correlation analysis (ave. no. pairs per config.):
  > Shell  nsite  ___dh____  __eueu___  __eued___
      0      1        0          0          1.735
      1      1        0.831      0.711      2.493
      2      1        0.284      0.646      1.110
      3      1        0.162      0.296      0.557
      4      1        0.555      1.342      2.180
      5      1        0.118      1.027      0.967
      6      1        0.145      0.848      1.105
      7      1        0.296      1.796      2.128
      8      1        0.247      2.110      1.899
      9      1        0.246      2.127      1.894
     10      1        0.226      2.162      1.871
     11      1        0.114      0.980      1.024
     12      1        0.232      2.058      1.950
     13      1        0.061      0.479      0.517
     14      1        0.183      1.437      1.552
     15      1        0.118      1.027      0.978
     16      1        0.124      0.954      1.039

Optimization #2:
* Method          : lls
* Target function : energy
* No. of configs. : 500096
* No. of params.  : 128
* Before optimization:
   8.7264E+00   8.2961E+00   8.5793E+00  -7.8289E-01  -8.1062E-01   8.0597E-01
  -6.1617E+00  -4.4133E+00  -4.4026E+00  -2.9857E+00  -2.9293E+00  -3.0871E+00
  -3.0824E+00  -4.6782E+00  -4.6753E+00  -2.9862E+00  -2.9834E+00  -1.1414E+00
  -1.1449E+00  -3.1544E+00  -1.5701E+00  -1.5735E+00  -1.5250E+00  -1.5247E+00
  -1.5241E+00  -1.5246E+00   6.3318E-03   7.6150E+00  -6.8859E+00  -5.0466E-01
  -3.3276E-01   3.2632E+01  -2.6488E+01   2.4265E+01  -1.9877E+01   1.6112E+01
  -1.3120E+01   1.6055E+01  -1.3142E+01   1.6292E+01  -1.3212E+01   2.4429E+01
  -1.9741E+01   1.6247E+01  -1.3246E+01   7.8390E+00  -6.6808E+00   1.6212E+01
  -1.3060E+01   8.1034E+00  -6.5283E+00   8.0620E+00  -6.5426E+00   8.0623E+00
  -6.5416E+00  -7.8554E-03   1.0048E-02  -4.7553E-02  -5.3617E-02   3.2943E-02
  -1.2481E-03   1.2460E+00   1.5640E+00   1.3519E+00  -9.7568E-02  -1.6342E-01
  -2.3508E-01  -1.8815E-01  -1.0110E-03  -3.2398E-02  -1.4783E-02   4.3465E-02
   4.2719E-02   5.3419E-02   6.1786E-02   9.0957E-03   4.1907E-03   4.7486E-03
   2.8661E-02   1.3878E-01   1.0258E-01   6.4588E-02  -4.9534E-02  -5.8674E-03
  -8.0130E-03   5.6470E-03   4.0953E-03   1.5468E-02   3.6594E-03   4.1646E-02
   4.4575E-02  -8.2401E-04   7.0409E-03   6.8549E-03   2.9048E-02   1.1130E-01
  -3.6054E-02  -7.5160E-02  -1.2067E-01  -1.0159E-01  -2.3210E-02  -1.7376E-02
  -2.6174E-02   2.3172E-02   7.6277E-03  -8.6962E-03   3.6565E-02   1.7327E-02
   8.5133E-03   8.3907E-03   3.7840E-04   5.5432E-02   2.2815E-02   1.8498E-02
  -2.1415E-02  -2.8628E-03  -2.7924E-02   9.3094E-03  -2.0466E-02   3.3894E-03
  -1.5304E-02  -1.2043E-02   2.7353E-02   1.0056E-02   1.1133E-02   1.0987E-02
   2.8129E-03   4.0226E-02
  > E    =  -3.833499022473E+02 +/-   2.132053448927E-05
  > varE =   2.273262337124E-04
* Computing derivatives.
    [walltime: 1m1s elapsed, 1h24m remaining]
    [walltime: 1h elapsed, 24m55s remaining]
  Done. [total walltime: 1h24m]
* Optimizing manipulation constant:
  #igrid a___________ E____________________________________ varE____________
     1     Infinity    -3.83349902E+02 +/-   2.13205345E-05   2.27326234E-04
     2     1.0000E+06  -3.83349902E+02 +/-   2.13205330E-05   2.27326202E-04
     3     2.1544E+05  -3.83349902E+02 +/-   2.13205277E-05   2.27326088E-04
     4     4.6416E+04  -3.83349902E+02 +/-   2.13205031E-05   2.27325563E-04
     5     1.0000E+04  -3.83349902E+02 +/-   2.13203940E-05   2.27323238E-04
     6     2.1544E+03  -3.83349902E+02 +/-   2.13199991E-05   2.27314818E-04
     7     4.6416E+02  -3.83349902E+02 +/-   2.13205846E-05   2.27327302E-04
     8     1.0000E+02  -3.83349902E+02 +/-   2.13867726E-05   2.28740930E-04
     9     2.1544E+01  -3.83349741E+02 +/-   2.75465815E-05   3.79479923E-04
    10     4.6416E+00  -3.83286617E+02 +/-   3.19486908E-04   5.10457410E-02
    11     1.0000E+00  -3.82144338E+02 +/-   1.08555638E-03   5.89329453E-01
    12     2.1544E-01  -3.82143420E+02 +/-   1.08560387E-03   5.89381019E-01
    13     4.6416E-02  -3.82143450E+02 +/-   1.08572324E-03   5.89510643E-01
    14     1.0000E-02  -3.82143482E+02 +/-   1.08575073E-03   5.89540499E-01
    15     2.1544E-03  -3.82143474E+02 +/-   1.08575279E-03   5.89542733E-01
    16     4.6416E-04  -3.82143470E+02 +/-   1.08575214E-03   5.89542024E-01
    17     1.0000E-04  -3.82143468E+02 +/-   1.08575190E-03   5.89541764E-01
    18     2.1544E-05  -3.82143468E+02 +/-   1.08575184E-03   5.89541702E-01
    19     4.6416E-06  -3.82143468E+02 +/-   1.08575183E-03   5.89541688E-01
    20     1.0000E-06  -3.82143468E+02 +/-   1.08575183E-03   5.89541685E-01
    21     0.0000E+00  -3.82143468E+02 +/-   1.08575183E-03   5.89541684E-01
* Iteration # 1: E =  -3.833499022809E+02 +/-   2.132058459293E-05
* Convergence: exiting.
* After optimization:
   8.7178E+00   8.2873E+00   8.5707E+00  -7.8266E-01  -8.1040E-01   8.0595E-01
  -6.1651E+00  -4.4148E+00  -4.4040E+00  -2.9852E+00  -2.9288E+00  -3.0887E+00
  -3.0841E+00  -4.6796E+00  -4.6767E+00  -2.9879E+00  -2.9851E+00  -1.1412E+00
  -1.1446E+00  -3.1539E+00  -1.5699E+00  -1.5732E+00  -1.5248E+00  -1.5245E+00
  -1.5239E+00  -1.5243E+00   6.3333E-03   7.6138E+00  -6.8849E+00  -5.0464E-01
  -3.3276E-01   3.2649E+01  -2.6501E+01   2.4272E+01  -1.9882E+01   1.6109E+01
  -1.3117E+01   1.6052E+01  -1.3140E+01   1.6301E+01  -1.3219E+01   2.4436E+01
  -1.9747E+01   1.6256E+01  -1.3253E+01   7.8377E+00  -6.6798E+00   1.6209E+01
  -1.3057E+01   8.1021E+00  -6.5273E+00   8.0607E+00  -6.5416E+00   8.0610E+00
  -6.5405E+00  -7.8622E-03   1.0038E-02  -4.7591E-02  -5.3667E-02   3.2970E-02
  -1.2463E-03   1.2529E+00   1.5728E+00   1.3594E+00  -9.8317E-02  -1.6454E-01
  -2.3656E-01  -1.8932E-01  -1.0377E-03  -3.2513E-02  -1.4796E-02   4.3668E-02
   4.2931E-02   5.3684E-02   6.2201E-02   9.1313E-03   4.1735E-03   4.7337E-03
   2.8829E-02   1.3972E-01   1.0291E-01   6.4725E-02  -5.0006E-02  -6.0711E-03
  -8.0307E-03   5.7604E-03   4.1864E-03   1.5529E-02   3.6878E-03   4.1887E-02
   4.4863E-02  -8.6666E-04   7.0446E-03   6.8574E-03   2.9234E-02   1.1205E-01
  -3.6157E-02  -7.5264E-02  -1.2073E-01  -1.0164E-01  -2.3235E-02  -1.7322E-02
  -2.6125E-02   2.3169E-02   7.6083E-03  -8.7250E-03   3.6585E-02   1.7341E-02
   8.4916E-03   8.3693E-03   3.7389E-04   5.5494E-02   2.2659E-02   1.8360E-02
  -2.1502E-02  -2.9561E-03  -2.7916E-02   9.3744E-03  -2.0422E-02   3.3933E-03
  -1.5304E-02  -1.2046E-02   2.7352E-02   1.0053E-02   1.1114E-02   1.0968E-02
   2.8121E-03   4.0275E-02
  > Energy =  -3.833499022809E+02 +/-   2.132058459293E-05
  > varE =   2.273273021555E-04

VMC #3:
* Size of Hilbert space =   6.3504E+04
* Deterministic energy evaluation:
  > Deterministic Etot/t = -383.3499080907469
    - Ttot/t = -23.36478890553064
    - Utot/t = 9.529226491953896
* Number of equil. steps   = 1000
* Running VMC equilibration.
  Done. [total walltime: 0.11s]
* Equil. acc.ratio (%)     =  14.5251
* Sample config after equilibration:
  +---------+
  |  d   u  |
  |u   u   d|
  |d   d   d|
  |  u   u  |
  +---------+
* Number of accum. steps   = 1000192 x 10
* Running VMC accumulation.
    [walltime: 1m elapsed, 30.4s remaining]
  Done. [total walltime: 1m30s]
* Acceptance ratio (%)     =  14.5242
* Etot/t                   =  -3.833499058713E+02 +/-   1.488949981703E-05
  > Ttot/t                 =  -2.336532093608E+01 +/-   3.877439520636E-04
  > Utot/t                 =   9.529760741927E+00 +/-   3.869899436418E-04
* var[Eloc/t]              =   2.201945545128E-04 +/-   2.251666733964E-06
* Correlation length       =   1.007017503931E+00
* log10 Psi^2 range: -15.64101989597667 -- -9.096033156154968
* log10 Pgen range : -15.64101989597667 -- -9.096033156154968
* Site occupation (ave. no. electrons per config.):
  > Site_  ___eu____  ___ed____
      1        0.498      0.498
      2        0.501      0.502
      3        0.501      0.501
      4        0.498      0.498
      5        0.500      0.500
      6        0.501      0.500
      7        0.500      0.500
      8        0.500      0.500
      9        0.499      0.501
     10        0.502      0.500
* Pair-correlation analysis (ave. no. pairs per config.):
  > Shell  nsite  ___dh____  __eueu___  __eued___
      0      1        0          0          1.736
      1      1        0.833      0.710      2.492
      2      1        0.285      0.646      1.109
      3      1        0.161      0.296      0.558
      4      1        0.554      1.343      2.181
      5      1        0.120      1.028      0.966
      6      1        0.146      0.849      1.104
      7      1        0.296      1.797      2.126
      8      1        0.247      2.108      1.902
      9      1        0.246      2.127      1.893
     10      1        0.226      2.162      1.873
     11      1        0.114      0.981      1.024
     12      1        0.232      2.057      1.950
     13      1        0.061      0.479      0.518
     14      1        0.182      1.438      1.554
     15      1        0.118      1.026      0.977
     16      1        0.124      0.953      1.038

Optimization #3:
* Method          : lls
* Target function : energy
* No. of configs. : 500096
* No. of params.  : 128
* Before optimization:
   8.7178E+00   8.2873E+00   8.5707E+00  -7.8266E-01  -8.1040E-01   8.0595E-01
  -6.1651E+00  -4.4148E+00  -4.4040E+00  -2.9852E+00  -2.9288E+00  -3.0887E+00
  -3.0841E+00  -4.6796E+00  -4.6767E+00  -2.9879E+00  -2.9851E+00  -1.1412E+00
  -1.1446E+00  -3.1539E+00  -1.5699E+00  -1.5732E+00  -1.5248E+00  -1.5245E+00
  -1.5239E+00  -1.5243E+00   6.3333E-03   7.6138E+00  -6.8849E+00  -5.0464E-01
  -3.3276E-01   3.2649E+01  -2.6501E+01   2.4272E+01  -1.9882E+01   1.6109E+01
  -1.3117E+01   1.6052E+01  -1.3140E+01   1.6301E+01  -1.3219E+01   2.4436E+01
  -1.9747E+01   1.6256E+01  -1.3253E+01   7.8377E+00  -6.6798E+00   1.6209E+01
  -1.3057E+01   8.1021E+00  -6.5273E+00   8.0607E+00  -6.5416E+00   8.0610E+00
  -6.5405E+00  -7.8622E-03   1.0038E-02  -4.7591E-02  -5.3667E-02   3.2970E-02
  -1.2463E-03   1.2529E+00   1.5728E+00   1.3594E+00  -9.8317E-02  -1.6454E-01
  -2.3656E-01  -1.8932E-01  -1.0377E-03  -3.2513E-02  -1.4796E-02   4.3668E-02
   4.2931E-02   5.3684E-02   6.2201E-02   9.1313E-03   4.1735E-03   4.7337E-03
   2.8829E-02   1.3972E-01   1.0291E-01   6.4725E-02  -5.0006E-02  -6.0711E-03
  -8.0307E-03   5.7604E-03   4.1864E-03   1.5529E-02   3.6878E-03   4.1887E-02
   4.4863E-02  -8.6666E-04   7.0446E-03   6.8574E-03   2.9234E-02   1.1205E-01
  -3.6157E-02  -7.5264E-02  -1.2073E-01  -1.0164E-01  -2.3235E-02  -1.7322E-02
  -2.6125E-02   2.3169E-02   7.6083E-03  -8.7250E-03   3.6585E-02   1.7341E-02
   8.4916E-03   8.3693E-03   3.7389E-04   5.5494E-02   2.2659E-02   1.8360E-02
  -2.1502E-02  -2.9561E-03  -2.7916E-02   9.3744E-03  -2.0422E-02   3.3933E-03
  -1.5304E-02  -1.2046E-02   2.7352E-02   1.0053E-02   1.1114E-02   1.0968E-02
   2.8121E-03   4.0275E-02
  > E    =  -3.833499147778E+02 +/-   2.108244431740E-05
  > varE =   2.222773982661E-04
* Computing derivatives.
    [walltime: 1m1s elapsed, 1h23m remaining]
    [walltime: 1h elapsed, 24m53s remaining]
  Done. [total walltime: 1h24m]
* Optimizing manipulation constant:
  #igrid a___________ E____________________________________ varE____________
     1     Infinity    -3.83349915E+02 +/-   2.10824443E-05   2.22277398E-04
     2     1.0000E+06  -3.83349915E+02 +/-   2.10824430E-05   2.22277370E-04
     3     2.1544E+05  -3.83349915E+02 +/-   2.10824382E-05   2.22277269E-04
     4     4.6416E+04  -3.83349915E+02 +/-   2.10824158E-05   2.22276797E-04
     5     1.0000E+04  -3.83349915E+02 +/-   2.10823122E-05   2.22274612E-04
     6     2.1544E+03  -3.83349915E+02 +/-   2.10818375E-05   2.22264602E-04
     7     4.6416E+02  -3.83349915E+02 +/-   2.10797648E-05   2.22220900E-04
     8     1.0000E+02  -3.83349915E+02 +/-   2.10728914E-05   2.22076006E-04
     9     2.1544E+01  -3.83349915E+02 +/-   2.11011466E-05   2.22671939E-04
    10     4.6416E+00  -3.83349850E+02 +/-   2.37472569E-05   2.82020243E-04
    11     1.0000E+00  -3.83345683E+02 +/-   8.60641933E-05   3.70423376E-03
    12     2.1544E-01  -3.83022646E+02 +/-   6.89536603E-04   2.37776008E-01
    13     4.6416E-02  -3.82150472E+02 +/-   1.01664400E-03   5.16881736E-01
    14     1.0000E-02  -3.82160087E+02 +/-   2.03050734E-05   2.06187584E-04
    15     2.1544E-03  -3.80858827E+02 +/-   1.15915255E-03   6.71946305E-01
    16     4.6416E-04  -3.80845694E+02 +/-   1.17058892E-03   6.85270754E-01
    17     1.0000E-04  -3.80842376E+02 +/-   1.17344977E-03   6.88624366E-01
    18     2.1544E-05  -3.80841641E+02 +/-   1.17408385E-03   6.89368773E-01
    19     4.6416E-06  -3.80841481E+02 +/-   1.17422127E-03   6.89530165E-01
    20     1.0000E-06  -3.80841447E+02 +/-   1.17425092E-03   6.89564982E-01
    21     0.0000E+00  -3.80841438E+02 +/-   1.17425906E-03   6.89574546E-01
* Iteration # 1: E =  -3.833499149883E+02 +/-   2.107289135940E-05
* Convergence: exiting.
* After optimization:
   8.7107E+00   8.2788E+00   8.5639E+00  -7.8337E-01  -8.1120E-01   8.0585E-01
  -6.1647E+00  -4.4153E+00  -4.4046E+00  -2.9866E+00  -2.9302E+00  -3.0885E+00
  -3.0839E+00  -4.6801E+00  -4.6772E+00  -2.9876E+00  -2.9848E+00  -1.1419E+00
  -1.1453E+00  -3.1553E+00  -1.5706E+00  -1.5739E+00  -1.5255E+00  -1.5252E+00
  -1.5246E+00  -1.5250E+00   6.3505E-03   7.6173E+00  -6.8877E+00  -5.0461E-01
  -3.3265E-01   3.2647E+01  -2.6499E+01   2.4275E+01  -1.9884E+01   1.6116E+01
  -1.3123E+01   1.6060E+01  -1.3146E+01   1.6299E+01  -1.3218E+01   2.4438E+01
  -1.9749E+01   1.6254E+01  -1.3252E+01   7.8412E+00  -6.6826E+00   1.6216E+01
  -1.3063E+01   8.1056E+00  -6.5301E+00   8.0642E+00  -6.5444E+00   8.0645E+00
  -6.5433E+00  -7.9030E-03   9.9925E-03  -4.7730E-02  -5.3846E-02   3.3066E-02
  -1.2331E-03   1.2588E+00   1.5817E+00   1.3658E+00  -9.9657E-02  -1.6620E-01
  -2.3849E-01  -1.9085E-01  -1.1222E-03  -3.2390E-02  -1.4655E-02   4.3790E-02
   4.3105E-02   5.3910E-02   6.2765E-02   9.1008E-03   3.9915E-03   4.5545E-03
   2.9080E-02   1.4093E-01   1.0251E-01   6.4293E-02  -5.0993E-02  -6.7533E-03
  -7.9824E-03   6.1568E-03   4.4721E-03   1.5492E-02   3.6921E-03   4.2183E-02
   4.5225E-02  -1.0060E-03   6.9343E-03   6.7385E-03   2.9407E-02   1.1311E-01
  -3.6591E-02  -7.5673E-02  -1.2103E-01  -1.0193E-01  -2.3344E-02  -1.7152E-02
  -2.5976E-02   2.3185E-02   7.5798E-03  -8.8293E-03   3.6612E-02   1.7415E-02
   8.3684E-03   8.2527E-03   3.8929E-04   5.5603E-02   2.2075E-02   1.7881E-02
  -2.1802E-02  -3.2943E-03  -2.7923E-02   9.5993E-03  -2.0253E-02   3.3909E-03
  -1.5325E-02  -1.2070E-02   2.7300E-02   1.0090E-02   1.1042E-02   1.0896E-02
   2.7571E-03   4.0403E-02
  > Energy =  -3.833499149883E+02 +/-   2.107289135940E-05
  > varE =   2.220760055306E-04

VMC #4:
* Size of Hilbert space =   6.3504E+04
* Deterministic energy evaluation:
  > Deterministic Etot/t = -383.3499083006175
    - Ttot/t = -23.36477584352410
    - Utot/t = 9.529213220076791
* Number of equil. steps   = 1000
* Running VMC equilibration.
  Done. [total walltime: 0.11s]
* Equil. acc.ratio (%)     =  14.4982
* Sample config after equilibration:
  +---------+
  |  u   0  |
  |d   u   2|
  |d   d   d|
  |  u   u  |
  +---------+
* Number of accum. steps   = 1000192 x 10
* Running VMC accumulation.
    [walltime: 1m elapsed, 30.7s remaining]
  Done. [total walltime: 1m30s]
* Acceptance ratio (%)     =  14.4436
* Etot/t                   =  -3.833499109088E+02 +/-   1.539135067532E-05
  > Ttot/t                 =  -2.336463319233E+01 +/-   3.868093982823E-04
  > Utot/t                 =   9.529067960601E+00 +/-   3.863380661300E-04
* var[Eloc/t]              =   2.342013573887E-04 +/-   9.329427521585E-06
* Correlation length       =   1.011689948505E+00
* log10 Psi^2 range: -16.48455108446603 -- -9.089374278899008
* log10 Pgen range : -16.48455108446603 -- -9.089374278899008
* Site occupation (ave. no. electrons per config.):
  > Site_  ___eu____  ___ed____
      1        0.498      0.499
      2        0.500      0.501
      3        0.500      0.500
      4        0.497      0.498
      5        0.501      0.500
      6        0.500      0.500
      7        0.501      0.501
      8        0.501      0.499
      9        0.501      0.500
     10        0.500      0.501
* Pair-correlation analysis (ave. no. pairs per config.):
  > Shell  nsite  ___dh____  __eueu___  __eued___
      0      1        0          0          1.732
      1      1        0.831      0.708      2.494
      2      1        0.283      0.646      1.111
      3      1        0.159      0.297      0.560
      4      1        0.553      1.343      2.182
      5      1        0.118      1.028      0.966
      6      1        0.144      0.848      1.106
      7      1        0.295      1.795      2.129
      8      1        0.248      2.109      1.897
      9      1        0.245      2.128      1.894
     10      1        0.225      2.164      1.870
     11      1        0.113      0.980      1.024
     12      1        0.231      2.057      1.949
     13      1        0.060      0.478      0.518
     14      1        0.181      1.437      1.552
     15      1        0.117      1.028      0.977
     16      1        0.124      0.952      1.039

Optimization #4:
* Method          : lls
* Target function : energy
* No. of configs. : 500096
* No. of params.  : 128
* Before optimization:
   8.7107E+00   8.2788E+00   8.5639E+00  -7.8337E-01  -8.1120E-01   8.0585E-01
  -6.1647E+00  -4.4153E+00  -4.4046E+00  -2.9866E+00  -2.9302E+00  -3.0885E+00
  -3.0839E+00  -4.6801E+00  -4.6772E+00  -2.9876E+00  -2.9848E+00  -1.1419E+00
  -1.1453E+00  -3.1553E+00  -1.5706E+00  -1.5739E+00  -1.5255E+00  -1.5252E+00
  -1.5246E+00  -1.5250E+00   6.3505E-03   7.6173E+00  -6.8877E+00  -5.0461E-01
  -3.3265E-01   3.2647E+01  -2.6499E+01   2.4275E+01  -1.9884E+01   1.6116E+01
  -1.3123E+01   1.6060E+01  -1.3146E+01   1.6299E+01  -1.3218E+01   2.4438E+01
  -1.9749E+01   1.6254E+01  -1.3252E+01   7.8412E+00  -6.6826E+00   1.6216E+01
  -1.3063E+01   8.1056E+00  -6.5301E+00   8.0642E+00  -6.5444E+00   8.0645E+00
  -6.5433E+00  -7.9030E-03   9.9925E-03  -4.7730E-02  -5.3846E-02   3.3066E-02
  -1.2331E-03   1.2588E+00   1.5817E+00   1.3658E+00  -9.9657E-02  -1.6620E-01
  -2.3849E-01  -1.9085E-01  -1.1222E-03  -3.2390E-02  -1.4655E-02   4.3790E-02
   4.3105E-02   5.3910E-02   6.2765E-02   9.1008E-03   3.9915E-03   4.5545E-03
   2.9080E-02   1.4093E-01   1.0251E-01   6.4293E-02  -5.0993E-02  -6.7533E-03
  -7.9824E-03   6.1568E-03   4.4721E-03   1.5492E-02   3.6921E-03   4.2183E-02
   4.5225E-02  -1.0060E-03   6.9343E-03   6.7385E-03   2.9407E-02   1.1311E-01
  -3.6591E-02  -7.5673E-02  -1.2103E-01  -1.0193E-01  -2.3344E-02  -1.7152E-02
  -2.5976E-02   2.3185E-02   7.5798E-03  -8.8293E-03   3.6612E-02   1.7415E-02
   8.3684E-03   8.2527E-03   3.8929E-04   5.5603E-02   2.2075E-02   1.7881E-02
  -2.1802E-02  -3.2943E-03  -2.7923E-02   9.5993E-03  -2.0253E-02   3.3909E-03
  -1.5325E-02  -1.2070E-02   2.7300E-02   1.0090E-02   1.1042E-02   1.0896E-02
   2.7571E-03   4.0403E-02
  > E    =  -3.833499063188E+02 +/-   2.179624526265E-05
  > varE =   2.375837611003E-04
* Computing derivatives.
    [walltime: 1m2s elapsed, 1h23m remaining]
    [walltime: 1h elapsed, 24m49s remaining]
  Done. [total walltime: 1h24m]
* Optimizing manipulation constant:
  #igrid a___________ E____________________________________ varE____________
     1     Infinity    -3.83349906E+02 +/-   2.17962453E-05   2.37583761E-04
     2     1.0000E+06  -3.83349906E+02 +/-   2.17962431E-05   2.37583714E-04
     3     2.1544E+05  -3.83349906E+02 +/-   2.17962353E-05   2.37583544E-04
     4     4.6416E+04  -3.83349906E+02 +/-   2.17962020E-05   2.37582817E-04
     5     1.0000E+04  -3.83349906E+02 +/-   2.17961076E-05   2.37580761E-04
     6     2.1544E+03  -3.83349906E+02 +/-   2.17969844E-05   2.37599874E-04
     7     4.6416E+02  -3.83349905E+02 +/-   2.18339555E-05   2.38406571E-04
     8     1.0000E+02  -3.83349812E+02 +/-   2.47438279E-05   3.06187286E-04
     9     2.1544E+01  -3.83304828E+02 +/-   2.69588779E-04   3.63460321E-02
    10     4.6416E+00  -3.81068888E+02 +/-   1.15855048E-03   6.71248463E-01
    11     1.0000E+00  -3.80882388E+02 +/-   1.11234722E-03   6.18776956E-01
    12     2.1544E-01  -3.80875379E+02 +/-   1.11716295E-03   6.24146343E-01
    13     4.6416E-02  -3.82143436E+02 +/-   1.07950547E-03   5.82777897E-01
    14     1.0000E-02  -3.82143695E+02 +/-   1.07746420E-03   5.80576000E-01
    15     2.1544E-03  -3.82143889E+02 +/-   1.07574978E-03   5.78729891E-01
    16     4.6416E-04  -3.82143956E+02 +/-   1.07514226E-03   5.78076413E-01
    17     1.0000E-04  -3.82143972E+02 +/-   1.07499180E-03   5.77914628E-01
    18     2.1544E-05  -3.82143976E+02 +/-   1.07495816E-03   5.77878454E-01
    19     4.6416E-06  -3.82143977E+02 +/-   1.07495085E-03   5.77870596E-01
    20     1.0000E-06  -3.82143977E+02 +/-   1.07494927E-03   5.77868900E-01
    21     0.0000E+00  -3.82143977E+02 +/-   1.07494884E-03   5.77868434E-01
* Iteration # 1: E =  -3.833499063194E+02 +/-   2.179620195061E-05
* Convergence: exiting.
* After optimization:
   8.7112E+00   8.2793E+00   8.5644E+00  -7.8338E-01  -8.1121E-01   8.0585E-01
  -6.1647E+00  -4.4153E+00  -4.4046E+00  -2.9866E+00  -2.9302E+00  -3.0885E+00
  -3.0839E+00  -4.6801E+00  -4.6772E+00  -2.9876E+00  -2.9848E+00  -1.1419E+00
  -1.1453E+00  -3.1553E+00  -1.5706E+00  -1.5739E+00  -1.5255E+00  -1.5252E+00
  -1.5246E+00  -1.5250E+00   6.3505E-03   7.6174E+00  -6.8878E+00  -5.0461E-01
  -3.3265E-01   3.2647E+01  -2.6499E+01   2.4275E+01  -1.9884E+01   1.6116E+01
  -1.3123E+01   1.6060E+01  -1.3146E+01   1.6300E+01  -1.3218E+01   2.4438E+01
  -1.9749E+01   1.6254E+01  -1.3252E+01   7.8413E+00  -6.6826E+00   1.6216E+01
  -1.3063E+01   8.1056E+00  -6.5301E+00   8.0643E+00  -6.5444E+00   8.0646E+00
  -6.5434E+00  -7.9030E-03   9.9924E-03  -4.7731E-02  -5.3847E-02   3.3066E-02
  -1.2331E-03   1.2585E+00   1.5813E+00   1.3655E+00  -9.9638E-02  -1.6617E-01
  -2.3844E-01  -1.9082E-01  -1.1219E-03  -3.2383E-02  -1.4652E-02   4.3781E-02
   4.3096E-02   5.3899E-02   6.2752E-02   9.0988E-03   3.9906E-03   4.5535E-03
   2.9074E-02   1.4091E-01   1.0248E-01   6.4279E-02  -5.0983E-02  -6.7531E-03
  -7.9806E-03   6.1566E-03   4.4719E-03   1.5489E-02   3.6914E-03   4.2174E-02
   4.5216E-02  -1.0061E-03   6.9327E-03   6.7370E-03   2.9401E-02   1.1309E-01
  -3.6592E-02  -7.5674E-02  -1.2103E-01  -1.0193E-01  -2.3344E-02  -1.7152E-02
  -2.5976E-02   2.3185E-02   7.5796E-03  -8.8295E-03   3.6612E-02   1.7416E-02
   8.3684E-03   8.2527E-03   3.8924E-04   5.5603E-02   2.2074E-02   1.7880E-02
  -2.1803E-02  -3.2948E-03  -2.7923E-02   9.5999E-03  -2.0253E-02   3.3907E-03
  -1.5325E-02  -1.2070E-02   2.7299E-02   1.0090E-02   1.1042E-02   1.0896E-02
   2.7570E-03   4.0404E-02
  > Energy =  -3.833499063194E+02 +/-   2.179620195061E-05
  > varE =   2.375828168801E-04

VMC #5:
* Size of Hilbert space =   6.3504E+04
* Deterministic energy evaluation:
  > Deterministic Etot/t = -383.3499083011953
    - Ttot/t = -23.36477582584350
    - Utot/t = 9.529213201818365
* Number of equil. steps   = 1000
* Running VMC equilibration.
  Done. [total walltime: 0.11s]
* Equil. acc.ratio (%)     =  14.4892
* Sample config after equilibration:
  +---------+
  |  u   d  |
  |0   d   2|
  |2   u   0|
  |  d   u  |
  +---------+
* Number of accum. steps   = 1000192 x 10
* Running VMC accumulation.
    [walltime: 1m elapsed, 30.4s remaining]
  Done. [total walltime: 1m30s]
* Acceptance ratio (%)     =  14.4473
* Etot/t                   =  -3.833499095066E+02 +/-   1.523306911781E-05
  > Ttot/t                 =  -2.336523583032E+01 +/-   3.799335204982E-04
  > Utot/t                 =   9.529672000879E+00 +/-   3.789811950990E-04
* var[Eloc/t]              =   2.311259432056E-04 +/-   6.618071904322E-06
* Correlation length       =   1.004175232069E+00
* log10 Psi^2 range: -16.76604551486697 -- -9.089361333350713
* log10 Pgen range : -16.76604551486697 -- -9.089361333350713
* Site occupation (ave. no. electrons per config.):
  > Site_  ___eu____  ___ed____
      1        0.497      0.498
      2        0.501      0.500
      3        0.501      0.500
      4        0.498      0.499
      5        0.500      0.501
      6        0.501      0.500
      7        0.502      0.500
      8        0.500      0.500
      9        0.500      0.501
     10        0.501      0.500
* Pair-correlation analysis (ave. no. pairs per config.):
  > Shell  nsite  ___dh____  __eueu___  __eued___
      0      1        0          0          1.733
      1      1        0.832      0.708      2.492
      2      1        0.283      0.646      1.110
      3      1        0.160      0.296      0.560
      4      1        0.554      1.342      2.183
      5      1        0.119      1.028      0.966
      6      1        0.146      0.848      1.105
      7      1        0.296      1.795      2.126
      8      1        0.245      2.113      1.901
      9      1        0.244      2.129      1.895
     10      1        0.226      2.163      1.870
     11      1        0.114      0.981      1.023
     12      1        0.231      2.055      1.950
     13      1        0.060      0.481      0.518
     14      1        0.181      1.436      1.552
     15      1        0.118      1.026      0.976
     16      1        0.123      0.953      1.039

Optimization #5:
* Method          : lls
* Target function : energy
* No. of configs. : 500096
* No. of params.  : 128
* Before optimization:
   8.7112E+00   8.2793E+00   8.5644E+00  -7.8338E-01  -8.1121E-01   8.0585E-01
  -6.1647E+00  -4.4153E+00  -4.4046E+00  -2.9866E+00  -2.9302E+00  -3.0885E+00
  -3.0839E+00  -4.6801E+00  -4.6772E+00  -2.9876E+00  -2.9848E+00  -1.1419E+00
  -1.1453E+00  -3.1553E+00  -1.5706E+00  -1.5739E+00  -1.5255E+00  -1.5252E+00
  -1.5246E+00  -1.5250E+00   6.3505E-03   7.6174E+00  -6.8878E+00  -5.0461E-01
  -3.3265E-01   3.2647E+01  -2.6499E+01   2.4275E+01  -1.9884E+01   1.6116E+01
  -1.3123E+01   1.6060E+01  -1.3146E+01   1.6300E+01  -1.3218E+01   2.4438E+01
  -1.9749E+01   1.6254E+01  -1.3252E+01   7.8413E+00  -6.6826E+00   1.6216E+01
  -1.3063E+01   8.1056E+00  -6.5301E+00   8.0643E+00  -6.5444E+00   8.0646E+00
  -6.5434E+00  -7.9030E-03   9.9924E-03  -4.7731E-02  -5.3847E-02   3.3066E-02
  -1.2331E-03   1.2585E+00   1.5813E+00   1.3655E+00  -9.9638E-02  -1.6617E-01
  -2.3844E-01  -1.9082E-01  -1.1219E-03  -3.2383E-02  -1.4652E-02   4.3781E-02
   4.3096E-02   5.3899E-02   6.2752E-02   9.0988E-03   3.9906E-03   4.5535E-03
   2.9074E-02   1.4091E-01   1.0248E-01   6.4279E-02  -5.0983E-02  -6.7531E-03
  -7.9806E-03   6.1566E-03   4.4719E-03   1.5489E-02   3.6914E-03   4.2174E-02
   4.5216E-02  -1.0061E-03   6.9327E-03   6.7370E-03   2.9401E-02   1.1309E-01
  -3.6592E-02  -7.5674E-02  -1.2103E-01  -1.0193E-01  -2.3344E-02  -1.7152E-02
  -2.5976E-02   2.3185E-02   7.5796E-03  -8.8295E-03   3.6612E-02   1.7416E-02
   8.3684E-03   8.2527E-03   3.8924E-04   5.5603E-02   2.2074E-02   1.7880E-02
  -2.1803E-02  -3.2948E-03  -2.7923E-02   9.5999E-03  -2.0253E-02   3.3907E-03
  -1.5325E-02  -1.2070E-02   2.7299E-02   1.0090E-02   1.1042E-02   1.0896E-02
   2.7570E-03   4.0404E-02
  > E    =  -3.833498886558E+02 +/-   2.134374856176E-05
  > varE =   2.278215346716E-04
* Computing derivatives.
    [walltime: 1m1s elapsed, 1h23m remaining]
    [walltime: 1h elapsed, 24m47s remaining]
  Done. [total walltime: 1h24m]
* Optimizing manipulation constant:
  #igrid a___________ E____________________________________ varE____________
     1     Infinity    -3.83349889E+02 +/-   2.13437486E-05   2.27821535E-04
     2     1.0000E+06  -3.83349889E+02 +/-   2.13437468E-05   2.27821497E-04
     3     2.1544E+05  -3.83349889E+02 +/-   2.13437404E-05   2.27821360E-04
     4     4.6416E+04  -3.83349889E+02 +/-   2.13437108E-05   2.27820729E-04
     5     1.0000E+04  -3.83349889E+02 +/-   2.13435759E-05   2.27817849E-04
     6     2.1544E+03  -3.83349889E+02 +/-   2.13430041E-05   2.27805642E-04
     7     4.6416E+02  -3.83349889E+02 +/-   2.13415380E-05   2.27774346E-04
     8     1.0000E+02  -3.83349888E+02 +/-   2.13651806E-05   2.28279292E-04
     9     2.1544E+01  -3.83349796E+02 +/-   2.45647701E-05   3.01771894E-04
    10     4.6416E+00  -3.83122447E+02 +/-   5.87186014E-04   1.72426807E-01
    11     1.0000E+00  -3.80880839E+02 +/-   1.08632334E-03   5.90162486E-01
    12     2.1544E-01  -3.82143480E+02 +/-   1.08360243E-03   5.87209839E-01
    13     4.6416E-02  -3.82143879E+02 +/-   1.08321636E-03   5.86791487E-01
    14     1.0000E-02  -3.82143651E+02 +/-   1.08243512E-03   5.85945369E-01
    15     2.1544E-03  -3.82143682E+02 +/-   1.08158390E-03   5.85024173E-01
    16     4.6416E-04  -3.82143731E+02 +/-   1.08112915E-03   5.84532325E-01
    17     1.0000E-04  -3.82143744E+02 +/-   1.08101590E-03   5.84409873E-01
    18     2.1544E-05  -3.82143747E+02 +/-   1.08099100E-03   5.84382951E-01
    19     4.6416E-06  -3.82143747E+02 +/-   1.08098561E-03   5.84377128E-01
    20     1.0000E-06  -3.82143747E+02 +/-   1.08098445E-03   5.84375873E-01
    21     0.0000E+00  -3.82143748E+02 +/-   1.08098413E-03   5.84375528E-01
* Iteration # 1: E =  -3.833498886980E+02 +/-   2.134153800038E-05
* Convergence: exiting.
* After optimization:
   8.7177E+00   8.2856E+00   8.5709E+00  -7.8353E-01  -8.1137E-01   8.0582E-01
  -6.1619E+00  -4.4141E+00  -4.4033E+00  -2.9869E+00  -2.9304E+00  -3.0871E+00
  -3.0825E+00  -4.6788E+00  -4.6759E+00  -2.9862E+00  -2.9834E+00  -1.1421E+00
  -1.1455E+00  -3.1555E+00  -1.5707E+00  -1.5741E+00  -1.5256E+00  -1.5253E+00
  -1.5247E+00  -1.5251E+00   6.3516E-03   7.6180E+00  -6.8883E+00  -5.0459E-01
  -3.3265E-01   3.2633E+01  -2.6488E+01   2.4268E+01  -1.9879E+01   1.6117E+01
  -1.3124E+01   1.6061E+01  -1.3147E+01   1.6292E+01  -1.3212E+01   2.4432E+01
  -1.9744E+01   1.6247E+01  -1.3246E+01   7.8419E+00  -6.6831E+00   1.6218E+01
  -1.3064E+01   8.1063E+00  -6.5306E+00   8.0649E+00  -6.5450E+00   8.0652E+00
  -6.5439E+00  -7.9101E-03   9.9830E-03  -4.7774E-02  -5.3907E-02   3.3099E-02
  -1.2356E-03   1.2530E+00   1.5747E+00   1.3595E+00  -9.9447E-02  -1.6570E-01
  -2.3769E-01  -1.9018E-01  -1.1479E-03  -3.2166E-02  -1.4503E-02   4.3555E-02
   4.2884E-02   5.3656E-02   6.2548E-02   9.0303E-03   3.9192E-03   4.4797E-03
   2.8976E-02   1.4046E-01   1.0177E-01   6.3753E-02  -5.1028E-02  -6.9398E-03
  -7.9223E-03   6.2317E-03   4.5411E-03   1.5387E-02   3.6827E-03   4.2017E-02
   4.5065E-02  -1.0384E-03   6.8640E-03   6.6703E-03   2.9294E-02   1.1276E-01
  -3.6719E-02  -7.5814E-02  -1.2114E-01  -1.0201E-01  -2.3366E-02  -1.7094E-02
  -2.5912E-02   2.3194E-02   7.5614E-03  -8.8529E-03   3.6625E-02   1.7424E-02
   8.3298E-03   8.2154E-03   3.8837E-04   5.5659E-02   2.1892E-02   1.7713E-02
  -2.1908E-02  -3.4047E-03  -2.7911E-02   9.6771E-03  -2.0194E-02   3.3973E-03
  -1.5322E-02  -1.2070E-02   2.7293E-02   1.0092E-02   1.1017E-02   1.0872E-02
   2.7464E-03   4.0462E-02
  > Energy =  -3.833498886980E+02 +/-   2.134153800038E-05
  > varE =   2.277743463904E-04

VMC #6:
* Size of Hilbert space =   6.3504E+04
* Deterministic energy evaluation:
  > Deterministic Etot/t = -383.3499083345817
    - Ttot/t = -23.36476822481324
    - Utot/t = 9.529205567401888
* Number of equil. steps   = 1000
* Running VMC equilibration.
  Done. [total walltime: 0.11s]
* Equil. acc.ratio (%)     =  14.5324
* Sample config after equilibration:
  +---------+
  |  u   u  |
  |d   2   0|
  |0   0   d|
  |  2   2  |
  +---------+
* Number of accum. steps   = 1000192 x 10
* Running VMC accumulation.
    [walltime: 1m elapsed, 30.6s remaining]
  Done. [total walltime: 1m30s]
* Acceptance ratio (%)     =  14.5068
* Etot/t                   =  -3.833499034011E+02 +/-   1.502291538125E-05
  > Ttot/t                 =  -2.336484738918E+01 +/-   3.901059944145E-04
  > Utot/t                 =   9.529289665151E+00 +/-   3.895945576107E-04
* var[Eloc/t]              =   2.242654728651E-04 +/-   4.932099915927E-06
* Correlation length       =   1.006536208012E+00
* log10 Psi^2 range: -16.51767459340266 -- -9.087137094403943
* log10 Pgen range : -16.51767459340266 -- -9.087137094403943
* Site occupation (ave. no. electrons per config.):
  > Site_  ___eu____  ___ed____
      1        0.498      0.498
      2        0.500      0.501
      3        0.500      0.501
      4        0.497      0.499
      5        0.501      0.500
      6        0.500      0.500
      7        0.501      0.500
      8        0.501      0.501
      9        0.501      0.500
     10        0.501      0.501
* Pair-correlation analysis (ave. no. pairs per config.):
  > Shell  nsite  ___dh____  __eueu___  __eued___
      0      1        0          0          1.733
      1      1        0.831      0.709      2.493
      2      1        0.284      0.645      1.110
      3      1        0.161      0.295      0.559
      4      1        0.555      1.342      2.181
      5      1        0.118      1.029      0.965
      6      1        0.145      0.848      1.105
      7      1        0.297      1.796      2.125
      8      1        0.246      2.112      1.900
      9      1        0.244      2.129      1.895
     10      1        0.224      2.163      1.872
     11      1        0.114      0.979      1.025
     12      1        0.233      2.057      1.948
     13      1        0.061      0.479      0.519
     14      1        0.182      1.436      1.553
     15      1        0.118      1.027      0.976
     16      1        0.123      0.954      1.039

VDAGGER finished.
Total VDAGGER walltime: 11h50m

Run ended: Sat Oct 18 11:20:15 CEST 2025
