Run started: Wed Oct 22 10:56:10 CEST 2025
Using VDAGGER_ARCH = gnu7_fkfamd_cluster
Running 1x128 MPI processes.

                               xx
                              +##
                               #X
                               Xx
                          X##XxXxxX##x
                           +   Xx  ++
                               ##
                              +##
                              +##
     ++++         ++          +##
   xX+++##+      ####         +##
  Xx    ###      +X##          ##
 xX    X##+        ##          #X
 +    x##X         #x          #X
      ###         +#           x+
     X##+         #+
     ###         Xx                    _______
     ##X       +X+   __________________VDAGGER
     +##x    +xX     2nd quantized variational
       +xxxxx+       ______quantum Monte Carlo

* Running 128 MPI processes.
* Input file: "input.casl"

############# Start of input file dump #############
General:
  Random seed: timer

Plan:
  VMC-optimization:
    Minimum cycles: 10
    Convergence cycles: 5

System:
  Read Hamiltonian: FCIDUMP_loc_anthracene
  Read orbitals: LTSC_anthracene
  Complex orbitals: F
  Geometry:
    r_2: [ -6.89057736642100, 1.34708197213400 ]
    r_13: [ -6.89057736642100, -1.34708197213400 ]
    r_8: [ -4.67281867250400, 2.65001080964900 ]
    r_14: [ -4.67281867250400, -2.65001080964900 ]
    r_6: [ -2.30211174438900, 1.35516771450000 ]
    r_1: [ -2.30211174438900, -1.35516771450000 ]
    r_4: [ 0.00000000000000, 2.63879101222700 ]
    r_7: [ 0.00000000000000, -2.63879101222700 ]
    r_11: [ 2.30211174438900, 1.35516771450000 ]
    r_9: [ 2.30211174438900, -1.35516771450000 ]
    r_10: [ 4.67281867250400, 2.65001080964900 ]
    r_5: [ 4.67281867250400, -2.65001080964900 ]
    r_3: [ 6.89057736642100, 1.34708197213400 ]
    r_12: [ 6.89057736642100, -1.34708197213400 ]

VMC:
  nstep: 500000
  nconfig: 100000

Jastrow: wfn.casl

Multideterminants: wfn.casl
############## End of input file dump ##############

General setup:
* Random seed: 1950413596 (from timer)

* Loaded integrals for system with nelec=14, ms2=0, norb=14
* INFO: setting number of electrons from integrals file.
* Analysis of Hamiltonian connecitivity performed:
  - T_ii (local, 1-site): 14 (i) values
  - U_iiii [opp] (local, 1-site): 14 (i) values
  - U_kkii [opp] (local, 2-site): 182 contribs. from 14 (i) values
  - U_kkii [par] (local, 2-site): 91 contribs. from 13 (i) values
  - T_ji (single, 2-site): 182 contribs. from 14 (i) values
  - U_kkji [opp] (single, 2/3-site): 2548 contribs. from 182 (i,j) pairs
  - U_kkji [par] (single, 3-site): 2366 contribs. from 182 (i,j) pairs
  - U_lkji [opp] (double, 2/3/4-site): 33092 contribs. from 182 (i,j) pairs
  - U_lkji [par] (double, 4-site): 7462 contribs. from 156 (i,j) pairs
  - Max. no. wfn. ratios in Eloc: 4407
* Reading override orbitals from file "LTSC_anthracene".
* Site labels:
  +--------------------+
  |    8          10   |
  |          4         |
  |       6    11      |
  | 2                 3|
  |13                12|
  |       1     9      |
  |          7         |
  |   14           5   |
  +--------------------+
* Automatically set Site kinds:
  [ 1, 2, 2, 3, 4, 1, 3, 4, 1, 4, 1, 2, 2, 4 ]
  +-------------+
  |  4       4  |
  |      3      |
  |    1   1    |
  |2           2|
  |2           2|
  |    1   1    |
  |      3      |
  |  4       4  |
  +-------------+
* Maximum Site kind: 4
* Number of site-pair kinds with Tij=0: 0
* Automatically set Site pair kinds:
  Site 1: [ 0, -10, -21, 12, -31, -2, -4, -11, -14, -17, -9, 22, 13, -5 ]
  Site 2: [ -10, 0, 32, 24, 27, 13, 18, 1, -21, -25, -22, 26, -3, 15 ]
  Site 3: [ -21, 32, 0, -24, 15, 22, -18, 25, -10, -1, -13, -3, 26, 27 ]
  Site 4: [ 12, 24, -24, 0, -16, -4, -7, -6, -12, -6, -4, -18, 18, 16 ]
  Site 5: [ -31, 27, 15, -16, 0, -17, -6, -19, -5, -8, -11, -1, -25, 20 ]
  Site 6: [ -2, 13, 22, -4, -17, 0, 12, 5, 9, -28, 14, -21, -10, 11 ]
  Site 7: [ -4, 18, -18, -7, -6, 12, 0, -16, 4, -16, 12, -23, 23, 6 ]
  Site 8: [ -11, 1, 25, -6, -19, 5, -16, 0, 17, -20, -29, -27, -15, 8 ]
  Site 9: [ -14, -21, -10, -12, -5, 9, 4, 17, 0, 11, 2, 13, 22, -30 ]
  Site 10: [ -17, -25, -1, -6, -8, -28, -16, -20, 11, 0, 5, 15, 27, 19 ]
  Site 11: [ -9, -22, -13, -4, -11, 14, 12, -29, 2, 5, 0, 10, 21, 17 ]
  Site 12: [ 22, 26, -3, -18, -1, -21, -23, -27, 13, 15, 10, 0, 32, -25 ]
  Site 13: [ 13, -3, 26, 18, -25, -10, 23, -15, 22, 27, 21, 32, 0, -1 ]
  Site 14: [ -5, 15, 27, 16, 20, 11, 6, 8, -30, 19, 17, -25, -1, 0 ]
  For site 1 of kind 1:
  +---------------------------+
  |    -11             -17    |
  |             12            |
  |         -2      -9        |
  |-10                     -21|
  | 13                      22|
  |          0     -14        |
  |             -4            |
  |     -5             -31    |
  +---------------------------+
  For site 2 of kind 2:
  +---------------------------+
  |      1             -25    |
  |             24            |
  |         13     -22        |
  |  0                      32|
  | -3                      26|
  |        -10     -21        |
  |             18            |
  |     15              27    |
  +---------------------------+
  For site 4 of kind 3:
  +---------------------------+
  |     -6              -6    |
  |              0            |
  |         -4      -4        |
  | 24                     -24|
  | 18                     -18|
  |         12     -12        |
  |             -7            |
  |     16             -16    |
  +---------------------------+
  For site 5 of kind 4:
  +---------------------------+
  |    -19              -8    |
  |            -16            |
  |        -17     -11        |
  | 27                      15|
  |-25                      -1|
  |        -31      -5        |
  |             -6            |
  |     20               0    |
  +---------------------------+
* Maximum (unsigned) Site pair kind: 32
General system setup:
* Number of sites       : 14
* Number of electrons   : 14
* Spin imbalance MS2    : 0
* Filling               : 0.500000
* Number of orbitals in pool: 14
* Using real-valued orbitals
* Using double-precision arithmetic for orbitals

Trial wave function setup:
* Jastrow parameter file: "wfn.casl"
* Multideterminant parameter file: "wfn.casl"
* Not using a backflow transformation
* Not using wave function manipulation

VMC #1:
* Size of Hilbert space =   1.1779E+07
* Number of equil. steps   = 1000
* Running VMC equilibration.
  Done. [total walltime: 0.02s]
* Equil. acc.ratio (%)     =  20.5112
* Sample config after equilibration:
  +-------------+
  |  u       u  |
  |      d      |
  |    0   d    |
  |d           d|
  |2           2|
  |    2   0    |
  |      u      |
  |  0       u  |
  +-------------+
* Number of accum. steps   = 500480 x 10
* Running VMC accumulation.
    [walltime: 1m elapsed, 18.0s remaining]
  Done. [total walltime: 1m18s]
* Acceptance ratio (%)     =  20.5255
* Etot/t                   =  -5.359849945383E+02 +/-   1.168032279824E-04
  > Ttot/t                 =  -3.898234231819E+01 +/-   7.088062258531E-04
  > Utot/t                 =   1.646398131791E+01 +/-   6.913026509273E-04
* var[Eloc/t]              =   6.681072681273E-03 +/-   6.304463650655E-05
* Correlation length       =   1.021998411998E+00
* log10 Psi^2 range: -28.134572559791884 -- -20.353974477965593
* log10 Pgen range : -28.134572559791884 -- -20.353974477965593
* Site occupation (ave. no. electrons per config.):
  > Site_  ___eu____  ___ed____
      1        0.496      0.498
      2        0.504      0.501
      3        0.501      0.503
      4        0.502      0.504
      5        0.499      0.502
      6        0.497      0.495
      7        0.503      0.502
      8        0.500      0.501
      9        0.498      0.497
     10        0.500      0.499
     11        0.498      0.495
     12        0.503      0.502
     13        0.499      0.501
     14        0.502      0.501
* Pair-correlation analysis (ave. no. pairs per config.):
  > Shell  nsite  ___dh____  __eueu___  __eued___
      0      1        0          0          2.406
      1      1        0.872      0.630      2.532
      2      1        0.281      0.654      1.096
      3      1        0.254      0.708      1.091
      4      1        0.637      1.128      2.289
      5      1        0.505      1.446      2.128
      6      1        0.234      2.096      1.900
      7      1        0.066      0.409      0.583
      8      1        0.143      0.859      1.095
      9      1        0.145      0.909      1.051
     10      1        0.273      1.841      2.107
     11      1        0.243      2.075      1.920
     12      1        0.238      2.123      1.888
     13      1        0.245      2.110      1.895
     14      1        0.138      1.041      0.937
     15      1        0.221      2.142      1.899
     16      1        0.212      1.942      2.099
     17      1        0.251      2.025      1.946
     18      1        0.229      2.081      1.935
     19      1        0.111      0.985      1.021
     20      1        0.113      1.016      0.983
     21      1        0.245      1.921      2.072
     22      1        0.259      2.041      1.927
     23      1        0.116      0.937      1.067
     24      1        0.114      0.941      1.070
     25      1        0.223      1.970      2.046
     26      1        0.113      0.981      1.033
     27      1        0.230      2.037      1.969
     28      1        0.064      0.482      0.506
     29      1        0.064      0.483      0.508
     30      1        0.063      0.484      0.512
     31      1        0.064      0.483      0.509
     32      1        0.117      1.021      0.982

Optimization #1:
* Method          : lls
* Target function : energy
* No. of configs. : 100096
* No. of params.  : 121
* Before optimization:
   2.7907E+00   2.8091E+00   2.7998E+00   2.8047E+00  -1.1127E+00  -1.1106E+00
   1.3812E+00   1.3575E+00   4.2114E-01   4.1370E-01  -9.4786E-01  -9.5560E-01
  -2.3672E+00  -2.3711E+00  -1.1360E+00  -3.9740E+00   8.1267E-01   8.4446E-01
   8.4530E-01  -1.3887E+00  -1.3889E+00   9.0858E-03   7.0899E-03   1.0011E+00
   9.9767E-01   9.6397E-01  -1.4117E+00  -1.4111E+00  -2.6824E+00  -2.6808E+00
  -1.8639E+00  -1.8659E+00  -4.4146E-01  -4.3980E-01  -4.4624E+00  -4.3896E+00
   3.4079E-01   3.4017E-01   3.8100E-01   3.7763E-01  -3.4430E-01  -3.3912E-01
  -3.4415E-01  -3.3825E-01  -2.2093E+00  -2.2076E+00  -1.3203E-02  -2.2382E+00
  -2.2367E+00  -1.7624E+00  -1.7654E+00  -1.7610E+00  -1.7639E+00  -1.7617E+00
  -1.7619E+00  -1.7612E+00  -1.7621E+00   1.5369E+01  -1.4099E+01  -4.6800E+00
   3.3439E+00  -5.2505E-01  -6.7649E-01   2.3423E+00  -2.6676E+00   1.3174E+01
  -1.2143E+01   2.0321E+01  -1.7973E+01   9.5121E+00  -8.3795E+00   3.1274E+01
  -2.7316E+01  -4.4304E+00   3.6198E+00  -2.4192E+00   1.5794E+00   1.3332E+01
  -1.1956E+01   2.4648E+00  -2.4906E+00  -2.5082E+00   1.4669E+00  -4.5102E+00
   3.5134E+00   1.5373E+01  -1.4013E+01   2.0478E+01  -1.7795E+01   1.3569E+01
  -1.1705E+01   4.7152E+00  -4.2755E+00   3.1532E+01  -2.7069E+01   3.1493E+01
  -2.7106E+01  -2.1834E+00   1.8449E+00  -2.2010E+00   1.8191E+00   4.6633E+00
  -4.3144E+00   4.6641E+00  -4.3140E+00   1.5754E+01  -1.3544E+01   3.5443E-03
   8.3272E-03   1.5769E+01  -1.3531E+01   1.3523E+01  -1.1754E+01   1.3523E+01
  -1.1753E+01   1.3522E+01  -1.1754E+01   1.3524E+01  -1.1755E+01  -1.6351E-01
  -1.0978E-01
  > E    =  -5.359850019296E+02 +/-   2.583444117791E-04
  > varE =   6.680590725921E-03
* Computing derivatives.
    [walltime: 1m1s elapsed, 8m16s remaining]
  Done. [total walltime: 8m49s]
* Optimizing manipulation constant:
  #igrid a___________ E____________________________________ varE____________
     1     Infinity    -5.35985002E+02 +/-   2.58344412E-04   6.68059073E-03
     2     1.0000E+06  -5.35985002E+02 +/-   2.58344374E-04   6.68058875E-03
     3     2.1544E+05  -5.35985002E+02 +/-   2.58344235E-04   6.68058156E-03
     4     4.6416E+04  -5.35985002E+02 +/-   2.58343589E-04   6.68054819E-03
     5     1.0000E+04  -5.35985002E+02 +/-   2.58340595E-04   6.68039332E-03
     6     2.1544E+03  -5.35985003E+02 +/-   2.58326697E-04   6.67967456E-03
     7     4.6416E+02  -5.35985009E+02 +/-   2.58262224E-04   6.67634079E-03
     8     1.0000E+02  -5.35985035E+02 +/-   2.57963751E-04   6.66091802E-03
     9     2.1544E+01  -5.35985149E+02 +/-   2.56596143E-04   6.59047885E-03
    10     4.6416E+00  -5.35985561E+02 +/-   2.51197644E-04   6.31608325E-03
    11     1.0000E+00  -5.35982229E+02 +/-   2.93223854E-04   8.60627696E-03
    12     2.1544E-01  -5.35954448E+02 +/-   5.12336463E-04   2.62740640E-02
    13     4.6416E-02  -5.35920289E+02 +/-   6.60831721E-04   4.37117794E-02
    14     1.0000E-02  -5.35853043E+02 +/-   8.73920540E-04   7.64470299E-02
    15     2.1544E-03  -5.35861673E+02 +/-   8.47813239E-04   7.19477325E-02
    16     4.6416E-04  -5.35863566E+02 +/-   8.42065759E-04   7.09755455E-02
    17     1.0000E-04  -5.35863975E+02 +/-   8.40822981E-04   7.07661990E-02
    18     2.1544E-05  -5.35864064E+02 +/-   8.40555037E-04   7.07211042E-02
    19     4.6416E-06  -5.35864083E+02 +/-   8.40497301E-04   7.07113892E-02
    20     1.0000E-06  -5.35864087E+02 +/-   8.40484862E-04   7.07092962E-02
    21     0.0000E+00  -5.35864088E+02 +/-   8.40481446E-04   7.07087214E-02
  ParMin   8.4442E+00  -5.35985353E+02 +/-   2.54027264E-04   6.45917997E-03
  # Using grid point #10
* Iteration # 1: E =  -5.359855612785E+02 +/-   2.511976437220E-04
* Computing derivatives.
    [walltime: 1m1s elapsed, 8m3s remaining]
  Done. [total walltime: 8m58s]
* Optimizing manipulation constant:
  #igrid a___________ E____________________________________ varE____________
     1     Infinity    -5.35985561E+02 +/-   2.51197644E-04   6.31608325E-03
     2     1.0000E+06  -5.35985561E+02 +/-   2.51197611E-04   6.31608162E-03
     3     2.1544E+05  -5.35985561E+02 +/-   2.51197494E-04   6.31607571E-03
     4     4.6416E+04  -5.35985561E+02 +/-   2.51196949E-04   6.31604829E-03
     5     1.0000E+04  -5.35985562E+02 +/-   2.51194417E-04   6.31592100E-03
     6     2.1544E+03  -5.35985563E+02 +/-   2.51182672E-04   6.31533040E-03
     7     4.6416E+02  -5.35985567E+02 +/-   2.51128245E-04   6.31259382E-03
     8     1.0000E+02  -5.35985589E+02 +/-   2.50877482E-04   6.29999331E-03
     9     2.1544E+01  -5.35985686E+02 +/-   2.49752268E-04   6.24360765E-03
    10     4.6416E+00  -5.35986074E+02 +/-   2.45239036E-04   6.01999211E-03
    11     1.0000E+00  -5.35987118E+02 +/-   2.32931077E-04   5.43089733E-03
    12     2.1544E-01  -5.35988236E+02 +/-   2.18849174E-04   4.79409399E-03
    13     4.6416E-02  -5.35988550E+02 +/-   2.13616527E-04   4.56758276E-03
    14     1.0000E-02  -5.35988568E+02 +/-   2.12644627E-04   4.52611466E-03
    15     2.1544E-03  -5.35988566E+02 +/-   2.12467922E-04   4.51859549E-03
    16     4.6416E-04  -5.35988565E+02 +/-   2.12431937E-04   4.51706500E-03
    17     1.0000E-04  -5.35988565E+02 +/-   2.12424288E-04   4.51673972E-03
    18     2.1544E-05  -5.35988565E+02 +/-   2.12422645E-04   4.51666984E-03
    19     4.6416E-06  -5.35988565E+02 +/-   2.12422291E-04   4.51665480E-03
    20     1.0000E-06  -5.35988565E+02 +/-   2.12422215E-04   4.51665156E-03
    21     0.0000E+00  -5.35988565E+02 +/-   2.12422194E-04   4.51665067E-03
  ParMin   5.2077E-03  -5.35988567E+02 +/-   2.12534862E-04   4.52144319E-03
  # Using grid point #14
* Iteration # 2: E =  -5.359885684736E+02 +/-   2.126446274661E-04
* Computing derivatives.
    [walltime: 1m1s elapsed, 7m44s remaining]
  Done. [total walltime: 8m48s]
* Optimizing manipulation constant:
  #igrid a___________ E____________________________________ varE____________
     1     Infinity    -5.35988568E+02 +/-   2.12644627E-04   4.52611466E-03
     2     1.0000E+06  -5.35988568E+02 +/-   2.12644627E-04   4.52611464E-03
     3     2.1544E+05  -5.35988568E+02 +/-   2.12644626E-04   4.52611458E-03
     4     4.6416E+04  -5.35988568E+02 +/-   2.12644618E-04   4.52611428E-03
     5     1.0000E+04  -5.35988568E+02 +/-   2.12644586E-04   4.52611288E-03
     6     2.1544E+03  -5.35988568E+02 +/-   2.12644434E-04   4.52610641E-03
     7     4.6416E+02  -5.35988569E+02 +/-   2.12643730E-04   4.52607645E-03
     8     1.0000E+02  -5.35988569E+02 +/-   2.12640510E-04   4.52593937E-03
     9     2.1544E+01  -5.35988570E+02 +/-   2.12626493E-04   4.52534270E-03
    10     4.6416E+00  -5.35988573E+02 +/-   2.12576554E-04   4.52321725E-03
    11     1.0000E+00  -5.35988582E+02 +/-   2.12478228E-04   4.51903383E-03
    12     2.1544E-01  -5.35988591E+02 +/-   2.12415279E-04   4.51635662E-03
    13     4.6416E-02  -5.35988595E+02 +/-   2.12406816E-04   4.51599674E-03
    14     1.0000E-02  -5.35988596E+02 +/-   2.12407244E-04   4.51601495E-03
    15     2.1544E-03  -5.35988596E+02 +/-   2.12407508E-04   4.51602619E-03
    16     4.6416E-04  -5.35988596E+02 +/-   2.12407574E-04   4.51602898E-03
    17     1.0000E-04  -5.35988596E+02 +/-   2.12407589E-04   4.51602960E-03
    18     2.1544E-05  -5.35988596E+02 +/-   2.12407592E-04   4.51602973E-03
    19     4.6416E-06  -5.35988596E+02 +/-   2.12407592E-04   4.51602976E-03
    20     1.0000E-06  -5.35988596E+02 +/-   2.12407592E-04   4.51602977E-03
    21     0.0000E+00  -5.35988596E+02 +/-   2.12407593E-04   4.51602977E-03
* Iteration # 3: E =  -5.359885958959E+02 +/-   2.124075925365E-04
* Diminishing returns: exiting.
* After optimization:
   3.9875E+00   3.9985E+00   3.9970E+00   3.9994E+00  -1.1338E+00  -1.1336E+00
   6.6166E-01   1.4242E+00   1.2267E-01   1.1493E-01  -1.3873E+00  -1.3954E+00
  -2.3420E+00  -2.3441E+00  -8.3481E-01  -4.0235E+00   9.5451E-02   5.1410E-01
   5.1521E-01  -1.7725E+00  -1.7741E+00  -2.0856E-01  -2.1105E-01   6.3229E-01
   6.3175E-01   1.8354E-01  -1.4087E+00  -1.4086E+00  -2.5693E+00  -2.5690E+00
  -2.2594E+00  -2.2593E+00  -2.8737E-01  -2.8637E-01  -4.5479E+00  -4.5254E+00
   2.1676E-03   2.0100E-03   1.2907E-03   1.7514E-03  -2.2546E-01  -2.2667E-01
  -2.2738E-01  -2.2669E-01  -2.2718E+00  -2.2714E+00   1.8307E-02  -2.2688E+00
  -2.2697E+00  -2.2120E+00  -2.2141E+00  -2.2140E+00  -2.2109E+00  -2.2125E+00
  -2.2119E+00  -2.2093E+00  -2.2132E+00   1.5732E+01  -1.4448E+01   7.0969E-01
  -1.3272E+00  -6.0867E-01  -6.7283E-01   4.3166E+00  -4.3481E+00   1.6281E+01
  -1.4816E+01   2.0028E+01  -1.7707E+01   8.0567E+00  -7.2244E+00   3.2092E+01
  -2.8084E+01   9.6559E-01  -1.0589E+00   2.4633E-01  -7.5668E-01   1.6441E+01
  -1.4678E+01   4.4339E+00  -4.2415E+00   1.5534E-01  -8.2997E-01   8.9117E-01
  -1.1071E+00   1.5748E+01  -1.4386E+01   2.0178E+01  -1.7605E+01   1.6702E+01
  -1.4444E+01   3.9741E+00  -3.6893E+00   3.2414E+01  -2.7865E+01   3.2377E+01
  -2.7852E+01   5.0785E-01  -5.0757E-01   4.8963E-01  -4.9536E-01   3.9229E+00
  -3.6863E+00   3.9237E+00  -3.6865E+00   1.6194E+01  -1.3921E+01   3.9479E-03
  -2.2012E-02   1.6209E+01  -1.3941E+01   1.6658E+01  -1.4441E+01   1.6658E+01
  -1.4439E+01   1.6659E+01  -1.4439E+01   1.6659E+01  -1.4439E+01  -1.1009E-01
  -6.1171E-02
  > Energy =  -5.359885958959E+02 +/-   2.124075925365E-04
  > varE =   4.516029767310E-03

VMC #2:
* Size of Hilbert space =   1.1779E+07
* Number of equil. steps   = 1000
* Running VMC equilibration.
  Done. [total walltime: 0.02s]
* Equil. acc.ratio (%)     =  21.1706
* Sample config after equilibration:
  +-------------+
  |  0       u  |
  |      0      |
  |    2   d    |
  |2           d|
  |0           u|
  |    d   u    |
  |      2      |
  |  u       d  |
  +-------------+
* Number of accum. steps   = 500480 x 10
* Running VMC accumulation.
    [walltime: 1m elapsed, 10.4s remaining]
  Done. [total walltime: 1m10s]
* Acceptance ratio (%)     =  21.1015
* Etot/t                   =  -5.359886968382E+02 +/-   9.403725998353E-05
  > Ttot/t                 =  -3.900307769268E+01 +/-   7.074967264332E-04
  > Utot/t                 =   1.648101439241E+01 +/-   7.045452020436E-04
* var[Eloc/t]              =   4.513038229771E-03 +/-   5.217699731591E-05
* Correlation length       =   9.806581620376E-01
* log10 Psi^2 range: -29.538435341868770 -- -21.568924811665166
* log10 Pgen range : -29.538435341868770 -- -21.568924811665166
* Site occupation (ave. no. electrons per config.):
  > Site_  ___eu____  ___ed____
      1        0.498      0.497
      2        0.505      0.501
      3        0.500      0.501
      4        0.501      0.503
      5        0.499      0.499
      6        0.497      0.498
      7        0.505      0.502
      8        0.497      0.501
      9        0.497      0.499
     10        0.502      0.501
     11        0.495      0.497
     12        0.502      0.500
     13        0.499      0.503
     14        0.501      0.497
* Pair-correlation analysis (ave. no. pairs per config.):
  > Shell  nsite  ___dh____  __eueu___  __eued___
      0      1        0          0          2.469
      1      1        0.897      0.599      2.533
      2      1        0.302      0.654      1.078
      3      1        0.259      0.714      1.080
      4      1        0.673      1.110      2.281
      5      1        0.508      1.468      2.112
      6      1        0.241      2.072      1.932
      7      1        0.074      0.415      0.572
      8      1        0.147      0.855      1.093
      9      1        0.164      0.906      1.041
     10      1        0.294      1.852      2.084
     11      1        0.253      2.072      1.924
     12      1        0.254      2.131      1.894
     13      1        0.249      2.103      1.923
     14      1        0.138      1.046      0.953
     15      1        0.226      2.146      1.895
     16      1        0.232      1.958      2.064
     17      1        0.259      2.030      1.950
     18      1        0.235      2.077      1.956
     19      1        0.113      0.990      1.013
     20      1        0.117      1.009      0.985
     21      1        0.269      1.926      2.048
     22      1        0.262      2.034      1.955
     23      1        0.125      0.944      1.056
     24      1        0.125      0.945      1.058
     25      1        0.233      1.977      2.034
     26      1        0.119      0.986      1.021
     27      1        0.236      2.028      1.976
     28      1        0.067      0.486      0.510
     29      1        0.066      0.481      0.506
     30      1        0.066      0.484      0.507
     31      1        0.066      0.483      0.509
     32      1        0.119      1.019      0.989

Optimization #2:
* Method          : lls
* Target function : energy
* No. of configs. : 100096
* No. of params.  : 121
* Before optimization:
   3.9875E+00   3.9985E+00   3.9970E+00   3.9994E+00  -1.1338E+00  -1.1336E+00
   6.6166E-01   1.4242E+00   1.2267E-01   1.1493E-01  -1.3873E+00  -1.3954E+00
  -2.3420E+00  -2.3441E+00  -8.3481E-01  -4.0235E+00   9.5451E-02   5.1410E-01
   5.1521E-01  -1.7725E+00  -1.7741E+00  -2.0856E-01  -2.1105E-01   6.3229E-01
   6.3175E-01   1.8354E-01  -1.4087E+00  -1.4086E+00  -2.5693E+00  -2.5690E+00
  -2.2594E+00  -2.2593E+00  -2.8737E-01  -2.8637E-01  -4.5479E+00  -4.5254E+00
   2.1676E-03   2.0100E-03   1.2907E-03   1.7514E-03  -2.2546E-01  -2.2667E-01
  -2.2738E-01  -2.2669E-01  -2.2718E+00  -2.2714E+00   1.8307E-02  -2.2688E+00
  -2.2697E+00  -2.2120E+00  -2.2141E+00  -2.2140E+00  -2.2109E+00  -2.2125E+00
  -2.2119E+00  -2.2093E+00  -2.2132E+00   1.5732E+01  -1.4448E+01   7.0969E-01
  -1.3272E+00  -6.0867E-01  -6.7283E-01   4.3166E+00  -4.3481E+00   1.6281E+01
  -1.4816E+01   2.0028E+01  -1.7707E+01   8.0567E+00  -7.2244E+00   3.2092E+01
  -2.8084E+01   9.6559E-01  -1.0589E+00   2.4633E-01  -7.5668E-01   1.6441E+01
  -1.4678E+01   4.4339E+00  -4.2415E+00   1.5534E-01  -8.2997E-01   8.9117E-01
  -1.1071E+00   1.5748E+01  -1.4386E+01   2.0178E+01  -1.7605E+01   1.6702E+01
  -1.4444E+01   3.9741E+00  -3.6893E+00   3.2414E+01  -2.7865E+01   3.2377E+01
  -2.7852E+01   5.0785E-01  -5.0757E-01   4.8963E-01  -4.9536E-01   3.9229E+00
  -3.6863E+00   3.9237E+00  -3.6865E+00   1.6194E+01  -1.3921E+01   3.9479E-03
  -2.2012E-02   1.6209E+01  -1.3941E+01   1.6658E+01  -1.4441E+01   1.6658E+01
  -1.4439E+01   1.6659E+01  -1.4439E+01   1.6659E+01  -1.4439E+01  -1.1009E-01
  -6.1171E-02
  > E    =  -5.359887072714E+02 +/-   2.120471293864E-04
  > varE =   4.500715050668E-03
* Computing derivatives.
    [walltime: 1m elapsed, 7m35s remaining]
  Done. [total walltime: 8m32s]
* Optimizing manipulation constant:
  #igrid a___________ E____________________________________ varE____________
     1     Infinity    -5.35988707E+02 +/-   2.12047129E-04   4.50071505E-03
     2     1.0000E+06  -5.35988707E+02 +/-   2.12047127E-04   4.50071497E-03
     3     2.1544E+05  -5.35988707E+02 +/-   2.12047120E-04   4.50071466E-03
     4     4.6416E+04  -5.35988707E+02 +/-   2.12047086E-04   4.50071323E-03
     5     1.0000E+04  -5.35988707E+02 +/-   2.12046928E-04   4.50070651E-03
     6     2.1544E+03  -5.35988707E+02 +/-   2.12046162E-04   4.50067400E-03
     7     4.6416E+02  -5.35988707E+02 +/-   2.12041918E-04   4.50049381E-03
     8     1.0000E+02  -5.35988707E+02 +/-   2.12008298E-04   4.49906680E-03
     9     2.1544E+01  -5.35988688E+02 +/-   2.11921041E-04   4.49536418E-03
    10     4.6416E+00  -5.35983877E+02 +/-   3.09267470E-04   9.57381884E-03
    11     1.0000E+00  -5.35947853E+02 +/-   5.77521299E-04   3.33851041E-02
    12     2.1544E-01  -5.35960372E+02 +/-   4.71101331E-04   2.22149523E-02
    13     4.6416E-02  -5.35908777E+02 +/-   7.72568423E-04   5.97434955E-02
    14     1.0000E-02  -5.35602629E+02 +/-   1.63064856E-03   2.66156736E-01
    15     2.1544E-03  -5.35463434E+02 +/-   1.82011667E-03   3.31600501E-01
    16     4.6416E-04  -5.35430340E+02 +/-   1.85328189E-03   3.43795105E-01
    17     1.0000E-04  -5.35423096E+02 +/-   1.85998352E-03   3.46285986E-01
    18     2.1544E-05  -5.35421531E+02 +/-   1.86140601E-03   3.46815859E-01
    19     4.6416E-06  -5.35421193E+02 +/-   1.86171148E-03   3.46929698E-01
    20     1.0000E-06  -5.35421121E+02 +/-   1.86177725E-03   3.46954209E-01
    21     0.0000E+00  -5.35421101E+02 +/-   1.86179530E-03   3.46960939E-01
* Iteration # 1: E =  -5.359887073053E+02 +/-   2.120419176184E-04
* Convergence: exiting.
* After optimization:
   3.9481E+00   3.9591E+00   3.9575E+00   3.9600E+00  -1.1340E+00  -1.1338E+00
   6.7912E-01   1.4241E+00   1.3404E-01   1.2630E-01  -1.3788E+00  -1.3869E+00
  -2.3395E+00  -2.3417E+00  -8.2953E-01  -4.0239E+00   1.1291E-01   5.2283E-01
   5.2393E-01  -1.7640E+00  -1.7655E+00  -1.9720E-01  -1.9968E-01   6.4102E-01
   6.4047E-01   2.0100E-01  -1.4089E+00  -1.4088E+00  -2.5668E+00  -2.5665E+00
  -2.2509E+00  -2.2507E+00  -2.8474E-01  -2.8373E-01  -4.5482E+00  -4.5258E+00
   1.0902E-02   1.0742E-02   1.0023E-02   1.0469E-02  -2.2284E-01  -2.2403E-01
  -2.2475E-01  -2.2405E-01  -2.2720E+00  -2.2716E+00   1.8319E-02  -2.2690E+00
  -2.2699E+00  -2.2035E+00  -2.2055E+00  -2.2054E+00  -2.2024E+00  -2.2039E+00
  -2.2034E+00  -2.2008E+00  -2.2046E+00   1.5733E+01  -1.4449E+01   5.8749E-01
  -1.2224E+00  -6.0867E-01  -6.7282E-01   4.2371E+00  -4.2799E+00   1.6221E+01
  -1.4765E+01   2.0011E+01  -1.7693E+01   8.0198E+00  -7.1928E+00   3.2095E+01
  -2.8086E+01   8.4340E-01  -9.5421E-01   1.8524E-01  -7.0431E-01   1.6382E+01
  -1.4627E+01   4.3544E+00  -4.1734E+00   9.4241E-02  -7.7759E-01   7.6897E-01
  -1.0024E+00   1.5749E+01  -1.4387E+01   2.0161E+01  -1.7591E+01   1.6642E+01
  -1.4393E+01   3.9556E+00  -3.6735E+00   3.2417E+01  -2.7867E+01   3.2380E+01
  -2.7854E+01   4.4675E-01  -4.5521E-01   4.2854E-01  -4.4298E-01   3.9044E+00
  -3.6705E+00   3.9053E+00  -3.6707E+00   1.6195E+01  -1.3923E+01   3.9396E-03
  -2.2017E-02   1.6210E+01  -1.3943E+01   1.6599E+01  -1.4390E+01   1.6599E+01
  -1.4388E+01   1.6599E+01  -1.4388E+01   1.6599E+01  -1.4388E+01  -1.1009E-01
  -6.1173E-02
  > Energy =  -5.359887073053E+02 +/-   2.120419176184E-04
  > varE =   4.500493813112E-03

VMC #3:
* Size of Hilbert space =   1.1779E+07
* Number of equil. steps   = 1000
* Running VMC equilibration.
  Done. [total walltime: 0.02s]
* Equil. acc.ratio (%)     =  21.1701
* Sample config after equilibration:
  +-------------+
  |  u       d  |
  |      u      |
  |    d   u    |
  |d           0|
  |u           2|
  |    d   d    |
  |      2      |
  |  0       u  |
  +-------------+
* Number of accum. steps   = 500480 x 10
* Running VMC accumulation.
    [walltime: 1m elapsed, 10.6s remaining]
  Done. [total walltime: 1m10s]
* Acceptance ratio (%)     =  21.1034
* Etot/t                   =  -5.359884933893E+02 +/-   9.513831587588E-05
  > Ttot/t                 =  -3.900353137785E+01 +/-   6.883205406600E-04
  > Utot/t                 =   1.648167152654E+01 +/-   6.834672091254E-04
* var[Eloc/t]              =   4.564060108054E-03 +/-   3.529041772954E-05
* Correlation length       =   9.925360512772E-01
* log10 Psi^2 range: -30.436978786524811 -- -21.569024104123411
* log10 Pgen range : -30.436978786524811 -- -21.569024104123411
* Site occupation (ave. no. electrons per config.):
  > Site_  ___eu____  ___ed____
      1        0.498      0.499
      2        0.498      0.503
      3        0.500      0.500
      4        0.502      0.499
      5        0.499      0.501
      6        0.498      0.499
      7        0.502      0.502
      8        0.502      0.498
      9        0.499      0.497
     10        0.501      0.499
     11        0.496      0.499
     12        0.501      0.503
     13        0.505      0.500
     14        0.500      0.500
* Pair-correlation analysis (ave. no. pairs per config.):
  > Shell  nsite  ___dh____  __eueu___  __eued___
      0      1        0          0          2.474
      1      1        0.896      0.604      2.531
      2      1        0.302      0.658      1.080
      3      1        0.261      0.712      1.079
      4      1        0.677      1.107      2.273
      5      1        0.511      1.465      2.117
      6      1        0.242      2.071      1.922
      7      1        0.075      0.412      0.568
      8      1        0.147      0.856      1.092
      9      1        0.163      0.913      1.043
     10      1        0.296      1.851      2.086
     11      1        0.250      2.078      1.932
     12      1        0.256      2.127      1.892
     13      1        0.249      2.109      1.924
     14      1        0.141      1.045      0.955
     15      1        0.224      2.146      1.899
     16      1        0.233      1.950      2.063
     17      1        0.259      2.035      1.952
     18      1        0.239      2.069      1.945
     19      1        0.115      0.992      1.010
     20      1        0.117      1.010      0.987
     21      1        0.270      1.927      2.052
     22      1        0.266      2.039      1.953
     23      1        0.127      0.943      1.056
     24      1        0.125      0.936      1.054
     25      1        0.232      1.981      2.033
     26      1        0.119      0.990      1.017
     27      1        0.236      2.025      1.982
     28      1        0.066      0.484      0.510
     29      1        0.066      0.482      0.510
     30      1        0.068      0.485      0.509
     31      1        0.067      0.484      0.511
     32      1        0.120      1.014      0.992

Optimization #3:
* Method          : lls
* Target function : energy
* No. of configs. : 100096
* No. of params.  : 121
* Before optimization:
   3.9481E+00   3.9591E+00   3.9575E+00   3.9600E+00  -1.1340E+00  -1.1338E+00
   6.7912E-01   1.4241E+00   1.3404E-01   1.2630E-01  -1.3788E+00  -1.3869E+00
  -2.3395E+00  -2.3417E+00  -8.2953E-01  -4.0239E+00   1.1291E-01   5.2283E-01
   5.2393E-01  -1.7640E+00  -1.7655E+00  -1.9720E-01  -1.9968E-01   6.4102E-01
   6.4047E-01   2.0100E-01  -1.4089E+00  -1.4088E+00  -2.5668E+00  -2.5665E+00
  -2.2509E+00  -2.2507E+00  -2.8474E-01  -2.8373E-01  -4.5482E+00  -4.5258E+00
   1.0902E-02   1.0742E-02   1.0023E-02   1.0469E-02  -2.2284E-01  -2.2403E-01
  -2.2475E-01  -2.2405E-01  -2.2720E+00  -2.2716E+00   1.8319E-02  -2.2690E+00
  -2.2699E+00  -2.2035E+00  -2.2055E+00  -2.2054E+00  -2.2024E+00  -2.2039E+00
  -2.2034E+00  -2.2008E+00  -2.2046E+00   1.5733E+01  -1.4449E+01   5.8749E-01
  -1.2224E+00  -6.0867E-01  -6.7282E-01   4.2371E+00  -4.2799E+00   1.6221E+01
  -1.4765E+01   2.0011E+01  -1.7693E+01   8.0198E+00  -7.1928E+00   3.2095E+01
  -2.8086E+01   8.4340E-01  -9.5421E-01   1.8524E-01  -7.0431E-01   1.6382E+01
  -1.4627E+01   4.3544E+00  -4.1734E+00   9.4241E-02  -7.7759E-01   7.6897E-01
  -1.0024E+00   1.5749E+01  -1.4387E+01   2.0161E+01  -1.7591E+01   1.6642E+01
  -1.4393E+01   3.9556E+00  -3.6735E+00   3.2417E+01  -2.7867E+01   3.2380E+01
  -2.7854E+01   4.4675E-01  -4.5521E-01   4.2854E-01  -4.4298E-01   3.9044E+00
  -3.6705E+00   3.9053E+00  -3.6707E+00   1.6195E+01  -1.3923E+01   3.9396E-03
  -2.2017E-02   1.6210E+01  -1.3943E+01   1.6599E+01  -1.4390E+01   1.6599E+01
  -1.4388E+01   1.6599E+01  -1.4388E+01   1.6599E+01  -1.4388E+01  -1.1009E-01
  -6.1173E-02
  > E    =  -5.359880789530E+02 +/-   2.123482421602E-04
  > varE =   4.513506405344E-03
* Computing derivatives.
    [walltime: 1m elapsed, 7m30s remaining]
  Done. [total walltime: 8m29s]
* Optimizing manipulation constant:
  #igrid a___________ E____________________________________ varE____________
     1     Infinity    -5.35988079E+02 +/-   2.12348242E-04   4.51350641E-03
     2     1.0000E+06  -5.35988079E+02 +/-   2.12348242E-04   4.51350640E-03
     3     2.1544E+05  -5.35988079E+02 +/-   2.12348241E-04   4.51350637E-03
     4     4.6416E+04  -5.35988079E+02 +/-   2.12348238E-04   4.51350624E-03
     5     1.0000E+04  -5.35988079E+02 +/-   2.12348225E-04   4.51350568E-03
     6     2.1544E+03  -5.35988079E+02 +/-   2.12348189E-04   4.51350415E-03
     7     4.6416E+02  -5.35988079E+02 +/-   2.12348553E-04   4.51351961E-03
     8     1.0000E+02  -5.35988079E+02 +/-   2.12361642E-04   4.51407605E-03
     9     2.1544E+01  -5.35988082E+02 +/-   2.12673754E-04   4.52735464E-03
    10     4.6416E+00  -5.35987763E+02 +/-   2.25888038E-04   5.10743901E-03
    11     1.0000E+00  -5.35976334E+02 +/-   3.40808381E-04   1.16261857E-02
    12     2.1544E-01  -5.34418492E+02 +/-   6.22008089E-02   3.87265481E+02
    13     4.6416E-02  -5.35936377E+02 +/-   6.43727474E-04   4.14782871E-02
    14     1.0000E-02  -5.35944589E+02 +/-   5.98397887E-04   3.58423788E-02
    15     2.1544E-03  -5.35947231E+02 +/-   5.82872529E-04   3.40066536E-02
    16     4.6416E-04  -5.35947742E+02 +/-   5.79738969E-04   3.36419925E-02
    17     1.0000E-04  -5.35947849E+02 +/-   5.79074029E-04   3.35648645E-02
    18     2.1544E-05  -5.35947872E+02 +/-   5.78931248E-04   3.35483145E-02
    19     4.6416E-06  -5.35947877E+02 +/-   5.78900509E-04   3.35447520E-02
    20     1.0000E-06  -5.35947878E+02 +/-   5.78893888E-04   3.35439846E-02
    21     0.0000E+00  -5.35947878E+02 +/-   5.78892069E-04   3.35437739E-02
  ParMin   4.6075E+01  -5.35988080E+02 +/-   2.12416064E-04   4.51639001E-03
  # Using grid point #9
* Iteration # 1: E =  -5.359880820277E+02 +/-   2.126737535586E-04
* Convergence: exiting.
* After optimization:
   3.7694E+00   3.7808E+00   3.7788E+00   3.7814E+00  -1.1137E+00  -1.1134E+00
   6.5827E-01   1.4249E+00   1.9286E-01   1.8507E-01  -1.3692E+00  -1.3773E+00
  -2.2506E+00  -2.2529E+00  -6.9160E-01  -3.9838E+00   9.1808E-02   5.1281E-01
   5.1388E-01  -1.7544E+00  -1.7559E+00  -1.3866E-01  -1.4109E-01   6.3092E-01
   6.3027E-01   1.8019E-01  -1.3885E+00  -1.3884E+00  -2.4779E+00  -2.4778E+00
  -2.2416E+00  -2.2416E+00  -2.1572E-01  -2.1457E-01  -4.5086E+00  -4.4864E+00
   5.0374E-04   1.6898E-04  -4.3868E-04  -2.7663E-04  -1.5392E-01  -1.5487E-01
  -1.5563E-01  -1.5486E-01  -2.2522E+00  -2.2519E+00   1.8350E-02  -2.2492E+00
  -2.2501E+00  -2.1944E+00  -2.1962E+00  -2.1961E+00  -2.1934E+00  -2.1947E+00
  -2.1943E+00  -2.1917E+00  -2.1955E+00   1.5595E+01  -1.4331E+01   7.3606E-01
  -1.3501E+00  -6.0890E-01  -6.7319E-01   3.8294E+00  -3.9306E+00   1.6157E+01
  -1.4711E+01   1.9391E+01  -1.7162E+01   7.0559E+00  -6.3671E+00   3.1818E+01
  -2.7850E+01   9.9219E-01  -1.0818E+00   2.5938E-01  -7.6834E-01   1.6318E+01
  -1.4572E+01   3.9471E+00  -3.8246E+00   1.6843E-01  -8.4174E-01   9.1741E-01
  -1.1300E+00   1.5611E+01  -1.4270E+01   1.9541E+01  -1.7059E+01   1.6578E+01
  -1.4338E+01   3.4738E+00  -3.2608E+00   3.2140E+01  -2.7630E+01   3.2103E+01
  -2.7618E+01   5.2101E-01  -5.1902E-01   5.0290E-01  -5.0671E-01   3.4228E+00
  -3.2575E+00   3.4238E+00  -3.2579E+00   1.6057E+01  -1.3804E+01   3.8724E-03
  -2.1989E-02   1.6072E+01  -1.3824E+01   1.6535E+01  -1.4335E+01   1.6535E+01
  -1.4333E+01   1.6535E+01  -1.4333E+01   1.6535E+01  -1.4334E+01  -1.0998E-01
  -6.1158E-02
  > Energy =  -5.359880820277E+02 +/-   2.126737535586E-04
  > varE =   4.527354637313E-03

VMC #4:
* Size of Hilbert space =   1.1779E+07
* Number of equil. steps   = 1000
* Running VMC equilibration.
  Done. [total walltime: 0.02s]
* Equil. acc.ratio (%)     =  21.0691
* Sample config after equilibration:
  +-------------+
  |  0       0  |
  |      d      |
  |    2   2    |
  |d           u|
  |u           u|
  |    0   d    |
  |      u      |
  |  2       d  |
  +-------------+
* Number of accum. steps   = 500480 x 10
* Running VMC accumulation.
    [walltime: 1m elapsed, 10.9s remaining]
  Done. [total walltime: 1m10s]
* Acceptance ratio (%)     =  21.0827
* Etot/t                   =  -5.359887358327E+02 +/-   9.494347828623E-05
  > Ttot/t                 =  -3.900103247803E+01 +/-   6.814421145712E-04
  > Utot/t                 =   1.647893018330E+01 +/-   6.738062640639E-04
* var[Eloc/t]              =   4.506556305124E-03 +/-   3.136023360173E-05
* Correlation length       =   1.001087876383E+00
* log10 Psi^2 range: -29.688097287697055 -- -21.577990896132910
* log10 Pgen range : -29.688097287697055 -- -21.577990896132910
* Site occupation (ave. no. electrons per config.):
  > Site_  ___eu____  ___ed____
      1        0.496      0.498
      2        0.502      0.503
      3        0.500      0.503
      4        0.504      0.503
      5        0.501      0.500
      6        0.498      0.497
      7        0.500      0.501
      8        0.499      0.497
      9        0.498      0.497
     10        0.499      0.499
     11        0.498      0.497
     12        0.501      0.501
     13        0.502      0.503
     14        0.503      0.500
* Pair-correlation analysis (ave. no. pairs per config.):
  > Shell  nsite  ___dh____  __eueu___  __eued___
      0      1        0          0          2.464
      1      1        0.897      0.604      2.531
      2      1        0.300      0.654      1.079
      3      1        0.261      0.715      1.081
      4      1        0.664      1.111      2.283
      5      1        0.510      1.463      2.113
      6      1        0.240      2.072      1.924
      7      1        0.073      0.413      0.570
      8      1        0.148      0.857      1.090
      9      1        0.160      0.913      1.040
     10      1        0.293      1.855      2.084
     11      1        0.249      2.074      1.928
     12      1        0.252      2.125      1.890
     13      1        0.248      2.104      1.927
     14      1        0.140      1.040      0.952
     15      1        0.225      2.145      1.902
     16      1        0.229      1.952      2.065
     17      1        0.258      2.029      1.949
     18      1        0.235      2.072      1.953
     19      1        0.115      0.988      1.010
     20      1        0.116      1.010      0.986
     21      1        0.268      1.930      2.052
     22      1        0.261      2.039      1.953
     23      1        0.124      0.940      1.052
     24      1        0.126      0.947      1.059
     25      1        0.235      1.979      2.032
     26      1        0.120      0.989      1.021
     27      1        0.232      2.030      1.983
     28      1        0.066      0.482      0.508
     29      1        0.066      0.481      0.506
     30      1        0.066      0.485      0.510
     31      1        0.067      0.482      0.509
     32      1        0.120      1.018      0.994

Optimization #4:
* Method          : lls
* Target function : energy
* No. of configs. : 100096
* No. of params.  : 121
* Before optimization:
   3.7694E+00   3.7808E+00   3.7788E+00   3.7814E+00  -1.1137E+00  -1.1134E+00
   6.5827E-01   1.4249E+00   1.9286E-01   1.8507E-01  -1.3692E+00  -1.3773E+00
  -2.2506E+00  -2.2529E+00  -6.9160E-01  -3.9838E+00   9.1808E-02   5.1281E-01
   5.1388E-01  -1.7544E+00  -1.7559E+00  -1.3866E-01  -1.4109E-01   6.3092E-01
   6.3027E-01   1.8019E-01  -1.3885E+00  -1.3884E+00  -2.4779E+00  -2.4778E+00
  -2.2416E+00  -2.2416E+00  -2.1572E-01  -2.1457E-01  -4.5086E+00  -4.4864E+00
   5.0374E-04   1.6898E-04  -4.3868E-04  -2.7663E-04  -1.5392E-01  -1.5487E-01
  -1.5563E-01  -1.5486E-01  -2.2522E+00  -2.2519E+00   1.8350E-02  -2.2492E+00
  -2.2501E+00  -2.1944E+00  -2.1962E+00  -2.1961E+00  -2.1934E+00  -2.1947E+00
  -2.1943E+00  -2.1917E+00  -2.1955E+00   1.5595E+01  -1.4331E+01   7.3606E-01
  -1.3501E+00  -6.0890E-01  -6.7319E-01   3.8294E+00  -3.9306E+00   1.6157E+01
  -1.4711E+01   1.9391E+01  -1.7162E+01   7.0559E+00  -6.3671E+00   3.1818E+01
  -2.7850E+01   9.9219E-01  -1.0818E+00   2.5938E-01  -7.6834E-01   1.6318E+01
  -1.4572E+01   3.9471E+00  -3.8246E+00   1.6843E-01  -8.4174E-01   9.1741E-01
  -1.1300E+00   1.5611E+01  -1.4270E+01   1.9541E+01  -1.7059E+01   1.6578E+01
  -1.4338E+01   3.4738E+00  -3.2608E+00   3.2140E+01  -2.7630E+01   3.2103E+01
  -2.7618E+01   5.2101E-01  -5.1902E-01   5.0290E-01  -5.0671E-01   3.4228E+00
  -3.2575E+00   3.4238E+00  -3.2579E+00   1.6057E+01  -1.3804E+01   3.8724E-03
  -2.1989E-02   1.6072E+01  -1.3824E+01   1.6535E+01  -1.4335E+01   1.6535E+01
  -1.4333E+01   1.6535E+01  -1.4333E+01   1.6535E+01  -1.4334E+01  -1.0998E-01
  -6.1158E-02
  > E    =  -5.359884750610E+02 +/-   2.109569072656E-04
  > varE =   4.454553942712E-03
* Computing derivatives.
    [walltime: 1m1s elapsed, 7m32s remaining]
  Done. [total walltime: 8m30s]
* Optimizing manipulation constant:
  #igrid a___________ E____________________________________ varE____________
     1     Infinity    -5.35988475E+02 +/-   2.10956907E-04   4.45455394E-03
     2     1.0000E+06  -5.35988475E+02 +/-   2.10956908E-04   4.45455396E-03
     3     2.1544E+05  -5.35988475E+02 +/-   2.10956909E-04   4.45455401E-03
     4     4.6416E+04  -5.35988475E+02 +/-   2.10956914E-04   4.45455424E-03
     5     1.0000E+04  -5.35988475E+02 +/-   2.10956940E-04   4.45455533E-03
     6     2.1544E+03  -5.35988475E+02 +/-   2.10957061E-04   4.45456045E-03
     7     4.6416E+02  -5.35988475E+02 +/-   2.10957668E-04   4.45458609E-03
     8     1.0000E+02  -5.35988476E+02 +/-   2.10961458E-04   4.45474615E-03
     9     2.1544E+01  -5.35988478E+02 +/-   2.11012287E-04   4.45689302E-03
    10     4.6416E+00  -5.35988327E+02 +/-   2.15785791E-04   4.66082086E-03
    11     1.0000E+00  -5.35584680E+02 +/-   1.70198670E-03   2.89953963E-01
    12     2.1544E-01  -5.35894217E+02 +/-   8.09741011E-04   6.56309959E-02
    13     4.6416E-02  -5.35831187E+02 +/-   1.00316818E-03   1.00731249E-01
    14     1.0000E-02  -5.35815288E+02 +/-   1.04436153E-03   1.09173806E-01
    15     2.1544E-03  -5.35811679E+02 +/-   1.05346703E-03   1.11085818E-01
    16     4.6416E-04  -5.35810886E+02 +/-   1.05546153E-03   1.11506849E-01
    17     1.0000E-04  -5.35810714E+02 +/-   1.05589315E-03   1.11598065E-01
    18     2.1544E-05  -5.35810677E+02 +/-   1.05598623E-03   1.11617742E-01
    19     4.6416E-06  -5.35810669E+02 +/-   1.05600629E-03   1.11621982E-01
    20     1.0000E-06  -5.35810667E+02 +/-   1.05601061E-03   1.11622896E-01
    21     0.0000E+00  -5.35810666E+02 +/-   1.05601180E-03   1.11623147E-01
  ParMin   4.5324E+01  -5.35988476E+02 +/-   2.10970958E-04   4.45514736E-03
  # Using grid point #9
* Iteration # 1: E =  -5.359884783717E+02 +/-   2.110122865194E-04
* Convergence: exiting.
* After optimization:
   3.2589E+00   3.2704E+00   3.2683E+00   3.2703E+00  -1.0627E+00  -1.0621E+00
   8.3151E-01   1.4256E+00   2.5893E-01   2.5112E-01  -1.2320E+00  -1.2400E+00
  -2.2207E+00  -2.2229E+00  -7.3253E-01  -3.8823E+00   2.6504E-01   5.9987E-01
   6.0093E-01  -1.6170E+00  -1.6186E+00  -7.2585E-02  -7.4932E-02   7.1786E-01
   7.1704E-01   3.5342E-01  -1.3374E+00  -1.3372E+00  -2.4479E+00  -2.4477E+00
  -2.1045E+00  -2.1045E+00  -2.3605E-01  -2.3502E-01  -4.4075E+00  -4.3855E+00
   8.7175E-02   8.6866E-02   8.6036E-02   8.6192E-02  -1.7444E-01  -1.7532E-01
  -1.7615E-01  -1.7534E-01  -2.2018E+00  -2.2014E+00   1.8449E-02  -2.1986E+00
  -2.1994E+00  -2.0574E+00  -2.0592E+00  -2.0591E+00  -2.0565E+00  -2.0577E+00
  -2.0575E+00  -2.0548E+00  -2.0586E+00   1.5241E+01  -1.4029E+01  -4.7402E-01
  -3.1339E-01  -6.0908E-01  -6.7354E-01   3.3689E+00  -3.5364E+00   1.5199E+01
  -1.3890E+01   1.9182E+01  -1.6983E+01   7.3453E+00  -6.6157E+00   3.1112E+01
  -2.7245E+01  -2.1829E-01  -4.5150E-02  -3.4557E-01  -2.5017E-01   1.5359E+01
  -1.3751E+01   3.4869E+00  -3.4305E+00  -4.3654E-01  -3.2333E-01  -2.9292E-01
  -9.3262E-02   1.5258E+01  -1.3967E+01   1.9332E+01  -1.6881E+01   1.5620E+01
  -1.3517E+01   3.6187E+00  -3.3850E+00   3.1433E+01  -2.7025E+01   3.1397E+01
  -2.7012E+01  -8.4235E-02  -5.1335E-04  -1.0248E-01   1.2172E-02   3.5677E+00
  -3.3818E+00   3.5686E+00  -3.3822E+00   1.5704E+01  -1.3501E+01   3.8627E-03
  -2.1981E-02   1.5719E+01  -1.3521E+01   1.5577E+01  -1.3513E+01   1.5576E+01
  -1.3512E+01   1.5577E+01  -1.3512E+01   1.5577E+01  -1.3512E+01  -1.0992E-01
  -6.1241E-02
  > Energy =  -5.359884783717E+02 +/-   2.110122865194E-04
  > varE =   4.456893019979E-03

VMC #5:
* Size of Hilbert space =   1.1779E+07
* Number of equil. steps   = 1000
* Running VMC equilibration.
  Done. [total walltime: 0.02s]
* Equil. acc.ratio (%)     =  21.0516
* Sample config after equilibration:
  +-------------+
  |  0       u  |
  |      0      |
  |    2   d    |
  |d           d|
  |u           2|
  |    0   u    |
  |      2      |
  |  2       0  |
  +-------------+
* Number of accum. steps   = 500480 x 10
* Running VMC accumulation.
    [walltime: 1m elapsed, 10.2s remaining]
  Done. [total walltime: 1m10s]
* Acceptance ratio (%)     =  21.0803
* Etot/t                   =  -5.359886743717E+02 +/-   9.335338494718E-05
  > Ttot/t                 =  -3.900082150232E+01 +/-   6.950637268274E-04
  > Utot/t                 =   1.647878066864E+01 +/-   6.889331574155E-04
* var[Eloc/t]              =   4.500595481094E-03 +/-   3.154596147164E-05
* Correlation length       =   9.691185064335E-01
* log10 Psi^2 range: -29.335669356694911 -- -21.591540987646834
* log10 Pgen range : -29.335669356694911 -- -21.591540987646834
* Site occupation (ave. no. electrons per config.):
  > Site_  ___eu____  ___ed____
      1        0.497      0.497
      2        0.503      0.500
      3        0.500      0.500
      4        0.502      0.503
      5        0.503      0.499
      6        0.499      0.496
      7        0.504      0.500
      8        0.499      0.502
      9        0.493      0.500
     10        0.499      0.499
     11        0.498      0.497
     12        0.501      0.503
     13        0.501      0.503
     14        0.501      0.500
* Pair-correlation analysis (ave. no. pairs per config.):
  > Shell  nsite  ___dh____  __eueu___  __eued___
      0      1        0          0          2.470
      1      1        0.897      0.603      2.532
      2      1        0.302      0.653      1.078
      3      1        0.261      0.713      1.079
      4      1        0.672      1.108      2.280
      5      1        0.509      1.461      2.117
      6      1        0.238      2.077      1.929
      7      1        0.074      0.414      0.571
      8      1        0.148      0.855      1.094
      9      1        0.160      0.912      1.040
     10      1        0.296      1.848      2.080
     11      1        0.250      2.079      1.925
     12      1        0.254      2.125      1.890
     13      1        0.248      2.107      1.922
     14      1        0.141      1.040      0.951
     15      1        0.226      2.147      1.899
     16      1        0.230      1.961      2.064
     17      1        0.258      2.030      1.952
     18      1        0.235      2.069      1.959
     19      1        0.114      0.992      1.012
     20      1        0.117      1.010      0.990
     21      1        0.272      1.925      2.045
     22      1        0.259      2.040      1.955
     23      1        0.126      0.946      1.054
     24      1        0.125      0.942      1.054
     25      1        0.235      1.980      2.030
     26      1        0.121      0.987      1.020
     27      1        0.232      2.031      1.982
     28      1        0.067      0.483      0.507
     29      1        0.067      0.483      0.507
     30      1        0.067      0.482      0.509
     31      1        0.067      0.483      0.508
     32      1        0.119      1.017      0.994

Optimization #5:
* Method          : lls
* Target function : energy
* No. of configs. : 100096
* No. of params.  : 121
* Before optimization:
   3.2589E+00   3.2704E+00   3.2683E+00   3.2703E+00  -1.0627E+00  -1.0621E+00
   8.3151E-01   1.4256E+00   2.5893E-01   2.5112E-01  -1.2320E+00  -1.2400E+00
  -2.2207E+00  -2.2229E+00  -7.3253E-01  -3.8823E+00   2.6504E-01   5.9987E-01
   6.0093E-01  -1.6170E+00  -1.6186E+00  -7.2585E-02  -7.4932E-02   7.1786E-01
   7.1704E-01   3.5342E-01  -1.3374E+00  -1.3372E+00  -2.4479E+00  -2.4477E+00
  -2.1045E+00  -2.1045E+00  -2.3605E-01  -2.3502E-01  -4.4075E+00  -4.3855E+00
   8.7175E-02   8.6866E-02   8.6036E-02   8.6192E-02  -1.7444E-01  -1.7532E-01
  -1.7615E-01  -1.7534E-01  -2.2018E+00  -2.2014E+00   1.8449E-02  -2.1986E+00
  -2.1994E+00  -2.0574E+00  -2.0592E+00  -2.0591E+00  -2.0565E+00  -2.0577E+00
  -2.0575E+00  -2.0548E+00  -2.0586E+00   1.5241E+01  -1.4029E+01  -4.7402E-01
  -3.1339E-01  -6.0908E-01  -6.7354E-01   3.3689E+00  -3.5364E+00   1.5199E+01
  -1.3890E+01   1.9182E+01  -1.6983E+01   7.3453E+00  -6.6157E+00   3.1112E+01
  -2.7245E+01  -2.1829E-01  -4.5150E-02  -3.4557E-01  -2.5017E-01   1.5359E+01
  -1.3751E+01   3.4869E+00  -3.4305E+00  -4.3654E-01  -3.2333E-01  -2.9292E-01
  -9.3262E-02   1.5258E+01  -1.3967E+01   1.9332E+01  -1.6881E+01   1.5620E+01
  -1.3517E+01   3.6187E+00  -3.3850E+00   3.1433E+01  -2.7025E+01   3.1397E+01
  -2.7012E+01  -8.4235E-02  -5.1335E-04  -1.0248E-01   1.2172E-02   3.5677E+00
  -3.3818E+00   3.5686E+00  -3.3822E+00   1.5704E+01  -1.3501E+01   3.8627E-03
  -2.1981E-02   1.5719E+01  -1.3521E+01   1.5577E+01  -1.3513E+01   1.5576E+01
  -1.3512E+01   1.5577E+01  -1.3512E+01   1.5577E+01  -1.3512E+01  -1.0992E-01
  -6.1241E-02
  > E    =  -5.359888985632E+02 +/-   2.131654539585E-04
  > varE =   4.548313269166E-03
* Computing derivatives.
    [walltime: 1m1s elapsed, 7m28s remaining]
  Done. [total walltime: 8m27s]
* Optimizing manipulation constant:
  #igrid a___________ E____________________________________ varE____________
     1     Infinity    -5.35988899E+02 +/-   2.13165454E-04   4.54831327E-03
     2     1.0000E+06  -5.35988899E+02 +/-   2.13165452E-04   4.54831321E-03
     3     2.1544E+05  -5.35988899E+02 +/-   2.13165447E-04   4.54831297E-03
     4     4.6416E+04  -5.35988899E+02 +/-   2.13165422E-04   4.54831190E-03
     5     1.0000E+04  -5.35988899E+02 +/-   2.13165304E-04   4.54830686E-03
     6     2.1544E+03  -5.35988899E+02 +/-   2.13164732E-04   4.54828247E-03
     7     4.6416E+02  -5.35988899E+02 +/-   2.13161568E-04   4.54814745E-03
     8     1.0000E+02  -5.35988899E+02 +/-   2.13136091E-04   4.54706034E-03
     9     2.1544E+01  -5.35988892E+02 +/-   2.12857984E-04   4.53520177E-03
    10     4.6416E+00  -5.35987652E+02 +/-   2.27584126E-04   5.18442570E-03
    11     1.0000E+00  -5.35950819E+02 +/-   5.39461654E-04   2.91298254E-02
    12     2.1544E-01  -5.35915073E+02 +/-   7.00417731E-04   4.91055959E-02
    13     4.6416E-02  -5.35857395E+02 +/-   8.83462025E-04   7.81254434E-02
    14     1.0000E-02  -5.35872169E+02 +/-   8.56705499E-04   7.34648899E-02
    15     2.1544E-03  -5.35857977E+02 +/-   9.01240480E-04   8.13014148E-02
    16     4.6416E-04  -5.35854859E+02 +/-   9.10504446E-04   8.29814204E-02
    17     1.0000E-04  -5.35854186E+02 +/-   9.12482078E-04   8.33422861E-02
    18     2.1544E-05  -5.35854041E+02 +/-   9.12907279E-04   8.34199764E-02
    19     4.6416E-06  -5.35854009E+02 +/-   9.12998846E-04   8.34367116E-02
    20     1.0000E-06  -5.35854003E+02 +/-   9.13018571E-04   8.34403170E-02
    21     0.0000E+00  -5.35854001E+02 +/-   9.13023988E-04   8.34413071E-02
  ParMin   2.0817E+02  -5.35988899E+02 +/-   2.13154930E-04   4.54786418E-03
  # Using grid point #8
* Iteration # 1: E =  -5.359888986800E+02 +/-   2.131360913780E-04
* Convergence: exiting.
* After optimization:
   3.2244E+00   3.2360E+00   3.2337E+00   3.2358E+00  -1.1047E+00  -1.1040E+00
   8.9281E-01   1.4257E+00   3.2937E-01   3.2156E-01  -1.2434E+00  -1.2515E+00
  -2.2231E+00  -2.2252E+00  -6.5292E-01  -3.9663E+00   3.2639E-01   6.3063E-01
   6.3166E-01  -1.6284E+00  -1.6299E+00  -2.1494E-03  -4.4806E-03   7.4859E-01
   7.4772E-01   4.1479E-01  -1.3793E+00  -1.3792E+00  -2.4501E+00  -2.4500E+00
  -2.1159E+00  -2.1159E+00  -1.9624E-01  -1.9521E-01  -4.4917E+00  -4.4697E+00
   1.1790E-01   1.1756E-01   1.1672E-01   1.1686E-01  -1.3470E-01  -1.3552E-01
  -1.3641E-01  -1.3553E-01  -2.2439E+00  -2.2435E+00   1.8446E-02  -2.2407E+00
  -2.2415E+00  -2.0688E+00  -2.0706E+00  -2.0705E+00  -2.0680E+00  -2.0691E+00
  -2.0690E+00  -2.0663E+00  -2.0701E+00   1.5536E+01  -1.4281E+01  -9.0284E-01
   5.4154E-02  -6.0912E-01  -6.7362E-01   2.8764E+00  -3.1143E+00   1.5280E+01
  -1.3958E+01   1.9199E+01  -1.6998E+01   6.7890E+00  -6.1390E+00   3.1701E+01
  -2.7750E+01  -6.4721E-01   3.2242E-01  -5.6005E-01  -6.6433E-02   1.5440E+01
  -1.3820E+01   2.9943E+00  -3.0084E+00  -6.5100E-01  -1.3956E-01  -7.2187E-01
   2.7435E-01   1.5552E+01  -1.4220E+01   1.9349E+01  -1.6895E+01   1.5700E+01
  -1.3585E+01   3.3405E+00  -3.1467E+00   3.2023E+01  -2.7530E+01   3.1986E+01
  -2.7517E+01  -2.9873E-01   1.8323E-01  -3.1692E-01   1.9593E-01   3.2895E+00
  -3.1435E+00   3.2904E+00  -3.1438E+00   1.5999E+01  -1.3754E+01   3.8507E-03
  -2.1978E-02   1.6014E+01  -1.3774E+01   1.5657E+01  -1.3582E+01   1.5656E+01
  -1.3581E+01   1.5657E+01  -1.3580E+01   1.5657E+01  -1.3581E+01  -1.0994E-01
  -6.1246E-02
  > Energy =  -5.359888986800E+02 +/-   2.131360913780E-04
  > varE =   4.547060336162E-03

VMC #6:
* Size of Hilbert space =   1.1779E+07
* Number of equil. steps   = 1000
* Running VMC equilibration.
  Done. [total walltime: 0.02s]
* Equil. acc.ratio (%)     =  21.1163
* Sample config after equilibration:
  +-------------+
  |  u       u  |
  |      0      |
  |    2   d    |
  |d           2|
  |2           0|
  |    2   u    |
  |      0      |
  |  0       d  |
  +-------------+
* Number of accum. steps   = 500480 x 10
* Running VMC accumulation.
    [walltime: 1m elapsed, 10.4s remaining]
  Done. [total walltime: 1m10s]
* Acceptance ratio (%)     =  21.0947
* Etot/t                   =  -5.359887361616E+02 +/-   9.688898623704E-05
  > Ttot/t                 =  -3.900247059489E+01 +/-   6.914272802765E-04
  > Utot/t                 =   1.648036797130E+01 +/-   6.827722448278E-04
* var[Eloc/t]              =   4.581834746021E-03 +/-   3.408622473682E-05
* Correlation length       =   1.025406649468E+00
* log10 Psi^2 range: -29.452770589967272 -- -21.594283034590571
* log10 Pgen range : -29.452770589967272 -- -21.594283034590571
* Site occupation (ave. no. electrons per config.):
  > Site_  ___eu____  ___ed____
      1        0.497      0.502
      2        0.501      0.498
      3        0.500      0.501
      4        0.502      0.501
      5        0.500      0.501
      6        0.497      0.495
      7        0.503      0.500
      8        0.501      0.503
      9        0.498      0.495
     10        0.500      0.500
     11        0.497      0.499
     12        0.503      0.501
     13        0.503      0.502
     14        0.498      0.500
* Pair-correlation analysis (ave. no. pairs per config.):
  > Shell  nsite  ___dh____  __eueu___  __eued___
      0      1        0          0          2.468
      1      1        0.897      0.606      2.528
      2      1        0.299      0.654      1.084
      3      1        0.261      0.713      1.075
      4      1        0.666      1.110      2.282
      5      1        0.514      1.464      2.117
      6      1        0.241      2.073      1.928
      7      1        0.073      0.412      0.570
      8      1        0.149      0.859      1.093
      9      1        0.160      0.913      1.042
     10      1        0.291      1.856      2.084
     11      1        0.254      2.077      1.928
     12      1        0.252      2.127      1.890
     13      1        0.250      2.102      1.920
     14      1        0.140      1.042      0.953
     15      1        0.227      2.141      1.903
     16      1        0.231      1.961      2.060
     17      1        0.261      2.030      1.953
     18      1        0.237      2.066      1.951
     19      1        0.114      0.994      1.013
     20      1        0.118      1.010      0.991
     21      1        0.269      1.928      2.046
     22      1        0.263      2.034      1.951
     23      1        0.125      0.941      1.061
     24      1        0.126      0.940      1.051
     25      1        0.234      1.981      2.029
     26      1        0.120      0.985      1.018
     27      1        0.235      2.027      1.982
     28      1        0.066      0.482      0.508
     29      1        0.066      0.487      0.512
     30      1        0.066      0.482      0.507
     31      1        0.067      0.488      0.510
     32      1        0.119      1.015      0.990

Optimization #6:
* Method          : lls
* Target function : energy
* No. of configs. : 100096
* No. of params.  : 121
* Before optimization:
   3.2244E+00   3.2360E+00   3.2337E+00   3.2358E+00  -1.1047E+00  -1.1040E+00
   8.9281E-01   1.4257E+00   3.2937E-01   3.2156E-01  -1.2434E+00  -1.2515E+00
  -2.2231E+00  -2.2252E+00  -6.5292E-01  -3.9663E+00   3.2639E-01   6.3063E-01
   6.3166E-01  -1.6284E+00  -1.6299E+00  -2.1494E-03  -4.4806E-03   7.4859E-01
   7.4772E-01   4.1479E-01  -1.3793E+00  -1.3792E+00  -2.4501E+00  -2.4500E+00
  -2.1159E+00  -2.1159E+00  -1.9624E-01  -1.9521E-01  -4.4917E+00  -4.4697E+00
   1.1790E-01   1.1756E-01   1.1672E-01   1.1686E-01  -1.3470E-01  -1.3552E-01
  -1.3641E-01  -1.3553E-01  -2.2439E+00  -2.2435E+00   1.8446E-02  -2.2407E+00
  -2.2415E+00  -2.0688E+00  -2.0706E+00  -2.0705E+00  -2.0680E+00  -2.0691E+00
  -2.0690E+00  -2.0663E+00  -2.0701E+00   1.5536E+01  -1.4281E+01  -9.0284E-01
   5.4154E-02  -6.0912E-01  -6.7362E-01   2.8764E+00  -3.1143E+00   1.5280E+01
  -1.3958E+01   1.9199E+01  -1.6998E+01   6.7890E+00  -6.1390E+00   3.1701E+01
  -2.7750E+01  -6.4721E-01   3.2242E-01  -5.6005E-01  -6.6433E-02   1.5440E+01
  -1.3820E+01   2.9943E+00  -3.0084E+00  -6.5100E-01  -1.3956E-01  -7.2187E-01
   2.7435E-01   1.5552E+01  -1.4220E+01   1.9349E+01  -1.6895E+01   1.5700E+01
  -1.3585E+01   3.3405E+00  -3.1467E+00   3.2023E+01  -2.7530E+01   3.1986E+01
  -2.7517E+01  -2.9873E-01   1.8323E-01  -3.1692E-01   1.9593E-01   3.2895E+00
  -3.1435E+00   3.2904E+00  -3.1438E+00   1.5999E+01  -1.3754E+01   3.8507E-03
  -2.1978E-02   1.6014E+01  -1.3774E+01   1.5657E+01  -1.3582E+01   1.5656E+01
  -1.3581E+01   1.5657E+01  -1.3580E+01   1.5657E+01  -1.3581E+01  -1.0994E-01
  -6.1246E-02
  > E    =  -5.359888414809E+02 +/-   2.134518044979E-04
  > varE =   4.560541204936E-03
* Computing derivatives.
    [walltime: 1m elapsed, 7m36s remaining]
  Done. [total walltime: 8m32s]
* Optimizing manipulation constant:
  #igrid a___________ E____________________________________ varE____________
     1     Infinity    -5.35988841E+02 +/-   2.13451804E-04   4.56054120E-03
     2     1.0000E+06  -5.35988841E+02 +/-   2.13451802E-04   4.56054110E-03
     3     2.1544E+05  -5.35988841E+02 +/-   2.13451793E-04   4.56054070E-03
     4     4.6416E+04  -5.35988841E+02 +/-   2.13451750E-04   4.56053886E-03
     5     1.0000E+04  -5.35988841E+02 +/-   2.13451549E-04   4.56053030E-03
     6     2.1544E+03  -5.35988842E+02 +/-   2.13450604E-04   4.56048989E-03
     7     4.6416E+02  -5.35988842E+02 +/-   2.13445890E-04   4.56028847E-03
     8     1.0000E+02  -5.35988842E+02 +/-   2.13417195E-04   4.55906240E-03
     9     2.1544E+01  -5.35988841E+02 +/-   2.13198515E-04   4.54972422E-03
    10     4.6416E+00  -5.35988026E+02 +/-   2.24458026E-04   5.04297715E-03
    11     1.0000E+00  -5.35973768E+02 +/-   3.77551119E-04   1.42681690E-02
    12     2.1544E-01  -5.35957690E+02 +/-   4.85872963E-04   2.36299166E-02
    13     4.6416E-02  -5.35936890E+02 +/-   5.86654111E-04   3.44493443E-02
    14     1.0000E-02  -5.35932099E+02 +/-   6.08837988E-04   3.71039552E-02
    15     2.1544E-03  -5.35931629E+02 +/-   6.10646313E-04   3.73246894E-02
    16     4.6416E-04  -5.35931550E+02 +/-   6.10918547E-04   3.73579764E-02
    17     1.0000E-04  -5.35931534E+02 +/-   6.10971910E-04   3.73645030E-02
    18     2.1544E-05  -5.35931531E+02 +/-   6.10983162E-04   3.73658793E-02
    19     4.6416E-06  -5.35931530E+02 +/-   6.10985575E-04   3.73661744E-02
    20     1.0000E-06  -5.35931530E+02 +/-   6.10986095E-04   3.73662380E-02
    21     0.0000E+00  -5.35931530E+02 +/-   6.10986237E-04   3.73662554E-02
* Iteration # 1: E =  -5.359888421796E+02 +/-   2.134171947239E-04
* Convergence: exiting.
* After optimization:
   3.1561E+00   3.1676E+00   3.1654E+00   3.1674E+00  -1.1046E+00  -1.1040E+00
   9.0253E-01   1.4256E+00   3.5849E-01   3.5067E-01  -1.2384E+00  -1.2465E+00
  -2.1988E+00  -2.2009E+00  -6.0436E-01  -3.9661E+00   3.3615E-01   6.3548E-01
   6.3652E-01  -1.6235E+00  -1.6250E+00   2.6980E-02   2.4644E-02   7.5342E-01
   7.5257E-01   4.2455E-01  -1.3793E+00  -1.3791E+00  -2.4258E+00  -2.4256E+00
  -2.1109E+00  -2.1109E+00  -1.7196E-01  -1.7095E-01  -4.4914E+00  -4.4695E+00
   1.2279E-01   1.2247E-01   1.2158E-01   1.2172E-01  -1.1051E-01  -1.1130E-01
  -1.1219E-01  -1.1130E-01  -2.2438E+00  -2.2434E+00   1.8498E-02  -2.2406E+00
  -2.2414E+00  -2.0638E+00  -2.0657E+00  -2.0656E+00  -2.0630E+00  -2.0642E+00
  -2.0640E+00  -2.0613E+00  -2.0651E+00   1.5535E+01  -1.4281E+01  -9.7108E-01
   1.1268E-01  -6.0904E-01  -6.7366E-01   2.6724E+00  -2.9394E+00   1.5245E+01
  -1.3928E+01   1.9028E+01  -1.6851E+01   6.4493E+00  -5.8480E+00   3.1700E+01
  -2.7749E+01  -7.1547E-01   3.8097E-01  -5.9414E-01  -3.7177E-02   1.5405E+01
  -1.3790E+01   2.7903E+00  -2.8334E+00  -6.8509E-01  -1.1033E-01  -7.9015E-01
   3.3284E-01   1.5552E+01  -1.4219E+01   1.9178E+01  -1.6749E+01   1.5665E+01
  -1.3556E+01   3.1707E+00  -3.0011E+00   3.2021E+01  -2.7529E+01   3.1985E+01
  -2.7516E+01  -3.3289E-01   2.1245E-01  -3.5103E-01   2.2519E-01   3.1199E+00
  -2.9979E+00   3.1207E+00  -2.9983E+00   1.5998E+01  -1.3753E+01   3.8045E-03
  -2.2005E-02   1.6013E+01  -1.3773E+01   1.5622E+01  -1.3552E+01   1.5621E+01
  -1.3551E+01   1.5622E+01  -1.3551E+01   1.5622E+01  -1.3551E+01  -1.0992E-01
  -6.1228E-02
  > Energy =  -5.359888421796E+02 +/-   2.134171947239E-04
  > varE =   4.559062402685E-03

VMC #7:
* Size of Hilbert space =   1.1779E+07
* Number of equil. steps   = 1000
* Running VMC equilibration.
  Done. [total walltime: 0.02s]
* Equil. acc.ratio (%)     =  21.0830
* Sample config after equilibration:
  +-------------+
  |  u       u  |
  |      u      |
  |    d   0    |
  |d           d|
  |u           u|
  |    u   d    |
  |      2      |
  |  d       d  |
  +-------------+
* Number of accum. steps   = 500480 x 10
* Running VMC accumulation.
    [walltime: 1m elapsed, 10.9s remaining]
  Done. [total walltime: 1m10s]
* Acceptance ratio (%)     =  21.0883
* Etot/t                   =  -5.359887977547E+02 +/-   9.791755633331E-05
  > Ttot/t                 =  -3.900192979449E+01 +/-   6.967669711442E-04
  > Utot/t                 =   1.647976557778E+01 +/-   6.859480598899E-04
* var[Eloc/t]              =   4.578740290356E-03 +/-   3.207068548552E-05
* Correlation length       =   1.048001367584E+00
* log10 Psi^2 range: -30.751037276713838 -- -21.594241816285603
* log10 Pgen range : -30.751037276713838 -- -21.594241816285603
* Site occupation (ave. no. electrons per config.):
  > Site_  ___eu____  ___ed____
      1        0.496      0.502
      2        0.505      0.499
      3        0.502      0.501
      4        0.502      0.504
      5        0.500      0.499
      6        0.499      0.494
      7        0.503      0.501
      8        0.497      0.501
      9        0.498      0.497
     10        0.497      0.502
     11        0.499      0.495
     12        0.502      0.502
     13        0.499      0.504
     14        0.502      0.498
* Pair-correlation analysis (ave. no. pairs per config.):
  > Shell  nsite  ___dh____  __eueu___  __eued___
      0      1        0          0          2.468
      1      1        0.895      0.604      2.530
      2      1        0.302      0.655      1.079
      3      1        0.261      0.709      1.085
      4      1        0.674      1.110      2.280
      5      1        0.509      1.465      2.112
      6      1        0.240      2.073      1.927
      7      1        0.076      0.414      0.568
      8      1        0.149      0.850      1.093
      9      1        0.161      0.911      1.042
     10      1        0.293      1.857      2.082
     11      1        0.250      2.071      1.930
     12      1        0.252      2.130      1.896
     13      1        0.249      2.103      1.925
     14      1        0.142      1.042      0.953
     15      1        0.224      2.152      1.893
     16      1        0.230      1.953      2.066
     17      1        0.258      2.030      1.950
     18      1        0.234      2.077      1.955
     19      1        0.115      0.987      1.009
     20      1        0.116      1.008      0.985
     21      1        0.272      1.924      2.049
     22      1        0.261      2.041      1.955
     23      1        0.125      0.941      1.058
     24      1        0.127      0.945      1.055
     25      1        0.230      1.980      2.033
     26      1        0.117      0.989      1.022
     27      1        0.231      2.030      1.979
     28      1        0.066      0.484      0.505
     29      1        0.067      0.481      0.509
     30      1        0.067      0.482      0.510
     31      1        0.066      0.486      0.508
     32      1        0.121      1.015      0.991

Optimization #7:
* Method          : lls
* Target function : energy
* No. of configs. : 100096
* No. of params.  : 121
* Before optimization:
   3.1561E+00   3.1676E+00   3.1654E+00   3.1674E+00  -1.1046E+00  -1.1040E+00
   9.0253E-01   1.4256E+00   3.5849E-01   3.5067E-01  -1.2384E+00  -1.2465E+00
  -2.1988E+00  -2.2009E+00  -6.0436E-01  -3.9661E+00   3.3615E-01   6.3548E-01
   6.3652E-01  -1.6235E+00  -1.6250E+00   2.6980E-02   2.4644E-02   7.5342E-01
   7.5257E-01   4.2455E-01  -1.3793E+00  -1.3791E+00  -2.4258E+00  -2.4256E+00
  -2.1109E+00  -2.1109E+00  -1.7196E-01  -1.7095E-01  -4.4914E+00  -4.4695E+00
   1.2279E-01   1.2247E-01   1.2158E-01   1.2172E-01  -1.1051E-01  -1.1130E-01
  -1.1219E-01  -1.1130E-01  -2.2438E+00  -2.2434E+00   1.8498E-02  -2.2406E+00
  -2.2414E+00  -2.0638E+00  -2.0657E+00  -2.0656E+00  -2.0630E+00  -2.0642E+00
  -2.0640E+00  -2.0613E+00  -2.0651E+00   1.5535E+01  -1.4281E+01  -9.7108E-01
   1.1268E-01  -6.0904E-01  -6.7366E-01   2.6724E+00  -2.9394E+00   1.5245E+01
  -1.3928E+01   1.9028E+01  -1.6851E+01   6.4493E+00  -5.8480E+00   3.1700E+01
  -2.7749E+01  -7.1547E-01   3.8097E-01  -5.9414E-01  -3.7177E-02   1.5405E+01
  -1.3790E+01   2.7903E+00  -2.8334E+00  -6.8509E-01  -1.1033E-01  -7.9015E-01
   3.3284E-01   1.5552E+01  -1.4219E+01   1.9178E+01  -1.6749E+01   1.5665E+01
  -1.3556E+01   3.1707E+00  -3.0011E+00   3.2021E+01  -2.7529E+01   3.1985E+01
  -2.7516E+01  -3.3289E-01   2.1245E-01  -3.5103E-01   2.2519E-01   3.1199E+00
  -2.9979E+00   3.1207E+00  -2.9983E+00   1.5998E+01  -1.3753E+01   3.8045E-03
  -2.2005E-02   1.6013E+01  -1.3773E+01   1.5622E+01  -1.3552E+01   1.5621E+01
  -1.3551E+01   1.5622E+01  -1.3551E+01   1.5622E+01  -1.3551E+01  -1.0992E-01
  -6.1228E-02
  > E    =  -5.359888574106E+02 +/-   2.171654851349E-04
  > varE =   4.720612234790E-03
* Computing derivatives.
    [walltime: 1m elapsed, 7m35s remaining]
  Done. [total walltime: 8m27s]
* Optimizing manipulation constant:
  #igrid a___________ E____________________________________ varE____________
     1     Infinity    -5.35988857E+02 +/-   2.17165485E-04   4.72061223E-03
     2     1.0000E+06  -5.35988857E+02 +/-   2.17165484E-04   4.72061219E-03
     3     2.1544E+05  -5.35988857E+02 +/-   2.17165481E-04   4.72061205E-03
     4     4.6416E+04  -5.35988857E+02 +/-   2.17165465E-04   4.72061137E-03
     5     1.0000E+04  -5.35988857E+02 +/-   2.17165393E-04   4.72060821E-03
     6     2.1544E+03  -5.35988857E+02 +/-   2.17165053E-04   4.72059344E-03
     7     4.6416E+02  -5.35988858E+02 +/-   2.17163428E-04   4.72052282E-03
     8     1.0000E+02  -5.35988858E+02 +/-   2.17154854E-04   4.72015006E-03
     9     2.1544E+01  -5.35988859E+02 +/-   2.17092990E-04   4.71746104E-03
    10     4.6416E+00  -5.35988853E+02 +/-   2.16415510E-04   4.68806353E-03
    11     1.0000E+00  -5.35987691E+02 +/-   2.23279564E-04   4.99016235E-03
    12     2.1544E-01  -5.35263655E+02 +/-   1.82158855E-03   3.32137030E-01
    13     4.6416E-02  -5.35507907E+02 +/-   1.64514255E-03   2.70909223E-01
    14     1.0000E-02  -5.35171869E+02 +/-   1.97376112E-03   3.89947285E-01
    15     2.1544E-03  -5.35082719E+02 +/-   2.02036565E-03   4.08579595E-01
    16     4.6416E-04  -5.35062963E+02 +/-   2.02856873E-03   4.11904159E-01
    17     1.0000E-04  -5.35058686E+02 +/-   2.03024493E-03   4.12585150E-01
    18     2.1544E-05  -5.35057763E+02 +/-   2.03060178E-03   4.12730199E-01
    19     4.6416E-06  -5.35057565E+02 +/-   2.03067846E-03   4.12761371E-01
    20     1.0000E-06  -5.35057522E+02 +/-   2.03069497E-03   4.12768083E-01
    21     0.0000E+00  -5.35057510E+02 +/-   2.03069950E-03   4.12769926E-01
* Iteration # 1: E =  -5.359888589889E+02 +/-   2.170929898431E-04
* Convergence: exiting.
* After optimization:
   3.0879E+00   3.0995E+00   3.0973E+00   3.0992E+00  -1.0973E+00  -1.0966E+00
   9.5787E-01   1.4261E+00   3.4980E-01   3.4193E-01  -1.2039E+00  -1.2119E+00
  -2.2282E+00  -2.2303E+00  -6.7693E-01  -3.9520E+00   3.9139E-01   6.6333E-01
   6.6442E-01  -1.5889E+00  -1.5904E+00   1.8267E-02   1.5970E-02   7.8125E-01
   7.8029E-01   4.7974E-01  -1.3719E+00  -1.3718E+00  -2.4551E+00  -2.4549E+00
  -2.0763E+00  -2.0763E+00  -2.0807E-01  -2.0714E-01  -4.4777E+00  -4.4562E+00
   1.5055E-01   1.5018E-01   1.4910E-01   1.4931E-01  -1.4682E-01  -1.4756E-01
  -1.4851E-01  -1.4752E-01  -2.2371E+00  -2.2368E+00   1.8603E-02  -2.2337E+00
  -2.2344E+00  -2.0294E+00  -2.0313E+00  -2.0311E+00  -2.0287E+00  -2.0299E+00
  -2.0298E+00  -2.0271E+00  -2.0306E+00   1.5488E+01  -1.4241E+01  -1.3558E+00
   4.4188E-01  -6.0893E-01  -6.7409E-01   2.7351E+00  -2.9937E+00   1.5005E+01
  -1.3724E+01   1.9236E+01  -1.7030E+01   6.9595E+00  -6.2855E+00   3.1605E+01
  -2.7668E+01  -1.0999E+00   7.1050E-01  -7.8650E-01   1.2727E-01   1.5165E+01
  -1.3585E+01   2.8531E+00  -2.8875E+00  -8.7742E-01   5.4112E-02  -1.1748E+00
   6.6217E-01   1.5504E+01  -1.4179E+01   1.9386E+01  -1.6928E+01   1.5425E+01
  -1.3350E+01   3.4257E+00  -3.2200E+00   3.1926E+01  -2.7448E+01   3.1890E+01
  -2.7435E+01  -5.2531E-01   3.7706E-01  -5.4329E-01   3.8987E-01   3.3751E+00
  -3.2167E+00   3.3758E+00  -3.2171E+00   1.5951E+01  -1.3713E+01   3.6362E-03
  -2.2006E-02   1.5966E+01  -1.3733E+01   1.5382E+01  -1.3347E+01   1.5382E+01
  -1.3346E+01   1.5383E+01  -1.3345E+01   1.5383E+01  -1.3346E+01  -1.0972E-01
  -6.1242E-02
  > Energy =  -5.359888589889E+02 +/-   2.170929898431E-04
  > varE =   4.717461043062E-03

VMC #8:
* Size of Hilbert space =   1.1779E+07
* Number of equil. steps   = 1000
* Running VMC equilibration.
  Done. [total walltime: 0.02s]
* Equil. acc.ratio (%)     =  21.1269
* Sample config after equilibration:
  +-------------+
  |  d       u  |
  |      d      |
  |    u   2    |
  |u           d|
  |d           d|
  |    0   u    |
  |      d      |
  |  u       u  |
  +-------------+
* Number of accum. steps   = 500480 x 10
* Running VMC accumulation.
    [walltime: 1m elapsed, 10.1s remaining]
  Done. [total walltime: 1m10s]
* Acceptance ratio (%)     =  21.0913
* Etot/t                   =  -5.359888172164E+02 +/-   9.588733312713E-05
  > Ttot/t                 =  -3.900316597113E+01 +/-   6.819848031098E-04
  > Utot/t                 =   1.648098229277E+01 +/-   6.750878440123E-04
* var[Eloc/t]              =   4.508864574887E-03 +/-   3.960551648418E-05
* Correlation length       =   1.020568161541E+00
* log10 Psi^2 range: -29.335532159890946 -- -21.607430098178401
* log10 Pgen range : -29.335532159890946 -- -21.607430098178401
* Site occupation (ave. no. electrons per config.):
  > Site_  ___eu____  ___ed____
      1        0.501      0.498
      2        0.501      0.500
      3        0.502      0.502
      4        0.501      0.504
      5        0.501      0.498
      6        0.498      0.496
      7        0.501      0.500
      8        0.500      0.501
      9        0.496      0.500
     10        0.500      0.499
     11        0.499      0.497
     12        0.501      0.504
     13        0.502      0.501
     14        0.499      0.500
* Pair-correlation analysis (ave. no. pairs per config.):
  > Shell  nsite  ___dh____  __eueu___  __eued___
      0      1        0          0          2.467
      1      1        0.898      0.600      2.531
      2      1        0.300      0.657      1.084
      3      1        0.263      0.711      1.081
      4      1        0.673      1.107      2.279
      5      1        0.512      1.463      2.113
      6      1        0.236      2.069      1.928
      7      1        0.074      0.410      0.570
      8      1        0.149      0.851      1.091
      9      1        0.160      0.912      1.046
     10      1        0.295      1.850      2.088
     11      1        0.248      2.079      1.927
     12      1        0.251      2.131      1.891
     13      1        0.247      2.111      1.928
     14      1        0.140      1.047      0.952
     15      1        0.223      2.152      1.897
     16      1        0.229      1.949      2.060
     17      1        0.259      2.029      1.949
     18      1        0.234      2.075      1.950
     19      1        0.114      0.990      1.010
     20      1        0.115      1.008      0.987
     21      1        0.270      1.929      2.053
     22      1        0.260      2.042      1.960
     23      1        0.128      0.939      1.050
     24      1        0.126      0.945      1.055
     25      1        0.232      1.979      2.031
     26      1        0.119      0.989      1.023
     27      1        0.237      2.027      1.976
     28      1        0.066      0.483      0.508
     29      1        0.066      0.484      0.509
     30      1        0.067      0.482      0.506
     31      1        0.066      0.485      0.510
     32      1        0.121      1.016      0.990

Optimization #8:
* Method          : lls
* Target function : energy
* No. of configs. : 100096
* No. of params.  : 121
* Before optimization:
   3.0879E+00   3.0995E+00   3.0973E+00   3.0992E+00  -1.0973E+00  -1.0966E+00
   9.5787E-01   1.4261E+00   3.4980E-01   3.4193E-01  -1.2039E+00  -1.2119E+00
  -2.2282E+00  -2.2303E+00  -6.7693E-01  -3.9520E+00   3.9139E-01   6.6333E-01
   6.6442E-01  -1.5889E+00  -1.5904E+00   1.8267E-02   1.5970E-02   7.8125E-01
   7.8029E-01   4.7974E-01  -1.3719E+00  -1.3718E+00  -2.4551E+00  -2.4549E+00
  -2.0763E+00  -2.0763E+00  -2.0807E-01  -2.0714E-01  -4.4777E+00  -4.4562E+00
   1.5055E-01   1.5018E-01   1.4910E-01   1.4931E-01  -1.4682E-01  -1.4756E-01
  -1.4851E-01  -1.4752E-01  -2.2371E+00  -2.2368E+00   1.8603E-02  -2.2337E+00
  -2.2344E+00  -2.0294E+00  -2.0313E+00  -2.0311E+00  -2.0287E+00  -2.0299E+00
  -2.0298E+00  -2.0271E+00  -2.0306E+00   1.5488E+01  -1.4241E+01  -1.3558E+00
   4.4188E-01  -6.0893E-01  -6.7409E-01   2.7351E+00  -2.9937E+00   1.5005E+01
  -1.3724E+01   1.9236E+01  -1.7030E+01   6.9595E+00  -6.2855E+00   3.1605E+01
  -2.7668E+01  -1.0999E+00   7.1050E-01  -7.8650E-01   1.2727E-01   1.5165E+01
  -1.3585E+01   2.8531E+00  -2.8875E+00  -8.7742E-01   5.4112E-02  -1.1748E+00
   6.6217E-01   1.5504E+01  -1.4179E+01   1.9386E+01  -1.6928E+01   1.5425E+01
  -1.3350E+01   3.4257E+00  -3.2200E+00   3.1926E+01  -2.7448E+01   3.1890E+01
  -2.7435E+01  -5.2531E-01   3.7706E-01  -5.4329E-01   3.8987E-01   3.3751E+00
  -3.2167E+00   3.3758E+00  -3.2171E+00   1.5951E+01  -1.3713E+01   3.6362E-03
  -2.2006E-02   1.5966E+01  -1.3733E+01   1.5382E+01  -1.3347E+01   1.5382E+01
  -1.3346E+01   1.5383E+01  -1.3345E+01   1.5383E+01  -1.3346E+01  -1.0972E-01
  -6.1242E-02
  > E    =  -5.359887432533E+02 +/-   2.098428240079E-04
  > varE =   4.407628343795E-03
* Computing derivatives.
    [walltime: 1m elapsed, 7m26s remaining]
  Done. [total walltime: 8m29s]
* Optimizing manipulation constant:
  #igrid a___________ E____________________________________ varE____________
     1     Infinity    -5.35988743E+02 +/-   2.09842824E-04   4.40762834E-03
     2     1.0000E+06  -5.35988743E+02 +/-   2.09842822E-04   4.40762825E-03
     3     2.1544E+05  -5.35988743E+02 +/-   2.09842813E-04   4.40762790E-03
     4     4.6416E+04  -5.35988743E+02 +/-   2.09842775E-04   4.40762629E-03
     5     1.0000E+04  -5.35988743E+02 +/-   2.09842598E-04   4.40761883E-03
     6     2.1544E+03  -5.35988743E+02 +/-   2.09841789E-04   4.40758484E-03
     7     4.6416E+02  -5.35988743E+02 +/-   2.09838344E-04   4.40744016E-03
     8     1.0000E+02  -5.35988744E+02 +/-   2.09829164E-04   4.40705451E-03
     9     2.1544E+01  -5.35988748E+02 +/-   2.09990688E-04   4.41384214E-03
    10     4.6416E+00  -5.35987619E+02 +/-   2.31828687E-04   5.37961349E-03
    11     1.0000E+00  -5.35930076E+02 +/-   6.43069321E-04   4.13935149E-02
    12     2.1544E-01  -5.35827206E+02 +/-   9.73402411E-04   9.48421866E-02
    13     4.6416E-02  -5.35806796E+02 +/-   1.01252115E-03   1.02618328E-01
    14     1.0000E-02  -5.35804331E+02 +/-   1.00633521E-03   1.01368276E-01
    15     2.1544E-03  -5.35803269E+02 +/-   1.00482473E-03   1.01064202E-01
    16     4.6416E-04  -5.35802983E+02 +/-   1.00455347E-03   1.01009644E-01
    17     1.0000E-04  -5.35802919E+02 +/-   1.00449864E-03   1.00998617E-01
    18     2.1544E-05  -5.35802905E+02 +/-   1.00448700E-03   1.00996277E-01
    19     4.6416E-06  -5.35802902E+02 +/-   1.00448451E-03   1.00995775E-01
    20     1.0000E-06  -5.35802901E+02 +/-   1.00448397E-03   1.00995667E-01
    21     0.0000E+00  -5.35802901E+02 +/-   1.00448382E-03   1.00995637E-01
  ParMin   4.6180E+01  -5.35988746E+02 +/-   2.09838358E-04   4.40744074E-03
  # Using grid point #9
* Iteration # 1: E =  -5.359887484499E+02 +/-   2.099906882193E-04
* Convergence: exiting.
* After optimization:
   2.6480E+00   2.6593E+00   2.6579E+00   2.6596E+00  -9.5375E-01  -9.5289E-01
   8.5432E-01   1.4267E+00   3.3320E-01   3.2535E-01  -1.1123E+00  -1.1204E+00
  -2.0495E+00  -2.0518E+00  -6.0617E-01  -3.6653E+00   2.8774E-01   6.1195E-01
   6.1300E-01  -1.4972E+00  -1.4986E+00   1.7715E-03  -4.2042E-04   7.2978E-01
   7.2855E-01   3.7596E-01  -1.2281E+00  -1.2278E+00  -2.2764E+00  -2.2761E+00
  -1.9848E+00  -1.9846E+00  -1.7258E-01  -1.7165E-01  -4.1909E+00  -4.1702E+00
   9.8900E-02   9.8426E-02   9.7302E-02   9.7359E-02  -1.1153E-01  -1.1200E-01
  -1.1304E-01  -1.1191E-01  -2.0940E+00  -2.0935E+00   1.8765E-02  -2.0904E+00
  -2.0911E+00  -1.9380E+00  -1.9398E+00  -1.9397E+00  -1.9372E+00  -1.9382E+00
  -1.9384E+00  -1.9360E+00  -1.9391E+00   1.4486E+01  -1.3383E+01  -6.2847E-01
  -1.8217E-01  -6.0907E-01  -6.7454E-01   2.8531E+00  -3.0952E+00   1.4367E+01
  -1.3177E+01   1.7988E+01  -1.5960E+01   6.4675E+00  -5.8648E+00   2.9599E+01
  -2.5950E+01  -3.7096E-01   8.6487E-02  -4.2270E-01  -1.8503E-01   1.4527E+01
  -1.3038E+01   2.9709E+00  -2.9890E+00  -5.1351E-01  -2.5804E-01  -4.4796E-01
   3.8221E-02   1.4502E+01  -1.3321E+01   1.8138E+01  -1.5858E+01   1.4787E+01
  -1.2803E+01   3.1798E+00  -3.0094E+00   2.9923E+01  -2.5731E+01   2.9885E+01
  -2.5716E+01  -1.6138E-01   6.4482E-02  -1.7929E-01   7.7759E-02   3.1290E+00
  -3.0063E+00   3.1297E+00  -3.0066E+00   1.4949E+01  -1.2853E+01   3.5702E-03
  -2.2086E-02   1.4963E+01  -1.2874E+01   1.4744E+01  -1.2799E+01   1.4743E+01
  -1.2799E+01   1.4744E+01  -1.2798E+01   1.4744E+01  -1.2799E+01  -1.0978E-01
  -6.1319E-02
  > Energy =  -5.359887484499E+02 +/-   2.099906882193E-04
  > varE =   4.413842138437E-03

VMC #9:
* Size of Hilbert space =   1.1779E+07
* Number of equil. steps   = 1000
* Running VMC equilibration.
  Done. [total walltime: 0.02s]
* Equil. acc.ratio (%)     =  21.1647
* Sample config after equilibration:
  +-------------+
  |  2       u  |
  |      0      |
  |    u   2    |
  |0           d|
  |2           d|
  |    d   0    |
  |      2      |
  |  0       u  |
  +-------------+
* Number of accum. steps   = 500480 x 10
* Running VMC accumulation.
    [walltime: 1m elapsed, 10.2s remaining]
  Done. [total walltime: 1m10s]
* Acceptance ratio (%)     =  21.0952
* Etot/t                   =  -5.359886767148E+02 +/-   9.641906778287E-05
  > Ttot/t                 =  -3.900189665992E+01 +/-   6.893712811897E-04
  > Utot/t                 =   1.647985348311E+01 +/-   6.817211261117E-04
* var[Eloc/t]              =   4.526538705646E-03 +/-   4.559369745972E-05
* Correlation length       =   1.027889300016E+00
* log10 Psi^2 range: -30.276897148845894 -- -21.627807058378167
* log10 Pgen range : -30.276897148845894 -- -21.627807058378167
* Site occupation (ave. no. electrons per config.):
  > Site_  ___eu____  ___ed____
      1        0.500      0.496
      2        0.502      0.501
      3        0.501      0.503
      4        0.505      0.503
      5        0.500      0.498
      6        0.496      0.498
      7        0.499      0.502
      8        0.500      0.499
      9        0.499      0.498
     10        0.502      0.500
     11        0.496      0.496
     12        0.500      0.502
     13        0.503      0.501
     14        0.499      0.502
* Pair-correlation analysis (ave. no. pairs per config.):
  > Shell  nsite  ___dh____  __eueu___  __eued___
      0      1        0          0          2.463
      1      1        0.891      0.600      2.539
      2      1        0.302      0.653      1.079
      3      1        0.257      0.713      1.083
      4      1        0.678      1.106      2.278
      5      1        0.504      1.468      2.116
      6      1        0.241      2.075      1.927
      7      1        0.076      0.414      0.568
      8      1        0.146      0.853      1.093
      9      1        0.161      0.911      1.040
     10      1        0.291      1.851      2.089
     11      1        0.250      2.076      1.924
     12      1        0.252      2.132      1.896
     13      1        0.250      2.104      1.917
     14      1        0.141      1.043      0.953
     15      1        0.224      2.147      1.893
     16      1        0.231      1.955      2.066
     17      1        0.257      2.027      1.952
     18      1        0.237      2.073      1.953
     19      1        0.115      0.988      1.009
     20      1        0.114      1.011      0.988
     21      1        0.266      1.930      2.048
     22      1        0.261      2.037      1.954
     23      1        0.125      0.940      1.054
     24      1        0.126      0.948      1.062
     25      1        0.233      1.976      2.029
     26      1        0.119      0.987      1.019
     27      1        0.229      2.032      1.981
     28      1        0.067      0.484      0.508
     29      1        0.066      0.480      0.506
     30      1        0.066      0.485      0.509
     31      1        0.067      0.480      0.509
     32      1        0.117      1.018      0.994

Optimization #9:
* Method          : lls
* Target function : energy
* No. of configs. : 100096
* No. of params.  : 121
* Before optimization:
   2.6480E+00   2.6593E+00   2.6579E+00   2.6596E+00  -9.5375E-01  -9.5289E-01
   8.5432E-01   1.4267E+00   3.3320E-01   3.2535E-01  -1.1123E+00  -1.1204E+00
  -2.0495E+00  -2.0518E+00  -6.0617E-01  -3.6653E+00   2.8774E-01   6.1195E-01
   6.1300E-01  -1.4972E+00  -1.4986E+00   1.7715E-03  -4.2042E-04   7.2978E-01
   7.2855E-01   3.7596E-01  -1.2281E+00  -1.2278E+00  -2.2764E+00  -2.2761E+00
  -1.9848E+00  -1.9846E+00  -1.7258E-01  -1.7165E-01  -4.1909E+00  -4.1702E+00
   9.8900E-02   9.8426E-02   9.7302E-02   9.7359E-02  -1.1153E-01  -1.1200E-01
  -1.1304E-01  -1.1191E-01  -2.0940E+00  -2.0935E+00   1.8765E-02  -2.0904E+00
  -2.0911E+00  -1.9380E+00  -1.9398E+00  -1.9397E+00  -1.9372E+00  -1.9382E+00
  -1.9384E+00  -1.9360E+00  -1.9391E+00   1.4486E+01  -1.3383E+01  -6.2847E-01
  -1.8217E-01  -6.0907E-01  -6.7454E-01   2.8531E+00  -3.0952E+00   1.4367E+01
  -1.3177E+01   1.7988E+01  -1.5960E+01   6.4675E+00  -5.8648E+00   2.9599E+01
  -2.5950E+01  -3.7096E-01   8.6487E-02  -4.2270E-01  -1.8503E-01   1.4527E+01
  -1.3038E+01   2.9709E+00  -2.9890E+00  -5.1351E-01  -2.5804E-01  -4.4796E-01
   3.8221E-02   1.4502E+01  -1.3321E+01   1.8138E+01  -1.5858E+01   1.4787E+01
  -1.2803E+01   3.1798E+00  -3.0094E+00   2.9923E+01  -2.5731E+01   2.9885E+01
  -2.5716E+01  -1.6138E-01   6.4482E-02  -1.7929E-01   7.7759E-02   3.1290E+00
  -3.0063E+00   3.1297E+00  -3.0066E+00   1.4949E+01  -1.2853E+01   3.5702E-03
  -2.2086E-02   1.4963E+01  -1.2874E+01   1.4744E+01  -1.2799E+01   1.4743E+01
  -1.2799E+01   1.4744E+01  -1.2798E+01   1.4744E+01  -1.2799E+01  -1.0978E-01
  -6.1319E-02
  > E    =  -5.359886676337E+02 +/-   2.115356362211E-04
  > varE =   4.479028282384E-03
* Computing derivatives.
    [walltime: 1m1s elapsed, 7m27s remaining]
  Done. [total walltime: 8m29s]
* Optimizing manipulation constant:
  #igrid a___________ E____________________________________ varE____________
     1     Infinity    -5.35988668E+02 +/-   2.11535636E-04   4.47902828E-03
     2     1.0000E+06  -5.35988668E+02 +/-   2.11535635E-04   4.47902821E-03
     3     2.1544E+05  -5.35988668E+02 +/-   2.11535628E-04   4.47902795E-03
     4     4.6416E+04  -5.35988668E+02 +/-   2.11535599E-04   4.47902672E-03
     5     1.0000E+04  -5.35988668E+02 +/-   2.11535465E-04   4.47902105E-03
     6     2.1544E+03  -5.35988668E+02 +/-   2.11534853E-04   4.47899513E-03
     7     4.6416E+02  -5.35988668E+02 +/-   2.11532218E-04   4.47888354E-03
     8     1.0000E+02  -5.35988668E+02 +/-   2.11524413E-04   4.47855302E-03
     9     2.1544E+01  -5.35988668E+02 +/-   2.11583369E-04   4.48104990E-03
    10     4.6416E+00  -5.35988615E+02 +/-   2.14538048E-04   4.60707596E-03
    11     1.0000E+00  -5.35961011E+02 +/-   5.43833452E-04   2.96038748E-02
    12     2.1544E-01  -5.35958120E+02 +/-   4.87771187E-04   2.38149135E-02
    13     4.6416E-02  -5.35864068E+02 +/-   8.82691471E-04   7.79892212E-02
    14     1.0000E-02  -5.35454653E+02 +/-   1.47671469E-03   2.18277973E-01
    15     2.1544E-03  -5.35368961E+02 +/-   1.50312690E-03   2.26155949E-01
    16     4.6416E-04  -5.35353524E+02 +/-   1.50689087E-03   2.27290000E-01
    17     1.0000E-04  -5.35350375E+02 +/-   1.50771252E-03   2.27537932E-01
    18     2.1544E-05  -5.35349704E+02 +/-   1.50789120E-03   2.27591866E-01
    19     4.6416E-06  -5.35349560E+02 +/-   1.50792979E-03   2.27603514E-01
    20     1.0000E-06  -5.35349529E+02 +/-   1.50793810E-03   2.27606025E-01
    21     0.0000E+00  -5.35349521E+02 +/-   1.50794039E-03   2.27606714E-01
* Iteration # 1: E =  -5.359886679070E+02 +/-   2.115244129693E-04
* Convergence: exiting.
* After optimization:
   2.5488E+00   2.5601E+00   2.5587E+00   2.5604E+00  -9.5157E-01  -9.5069E-01
   8.8989E-01   1.4268E+00   3.6038E-01   3.5252E-01  -1.0923E+00  -1.1005E+00
  -2.0380E+00  -2.0403E+00  -5.8736E-01  -3.6610E+00   3.2337E-01   6.2981E-01
   6.3082E-01  -1.4772E+00  -1.4786E+00   2.8955E-02   2.6760E-02   7.4763E-01
   7.4634E-01   4.1160E-01  -1.2259E+00  -1.2256E+00  -2.2648E+00  -2.2646E+00
  -1.9648E+00  -1.9646E+00  -1.6315E-01  -1.6222E-01  -4.1866E+00  -4.1659E+00
   1.1679E-01   1.1630E-01   1.1516E-01   1.1518E-01  -1.0219E-01  -1.0261E-01
  -1.0369E-01  -1.0251E-01  -2.0919E+00  -2.0913E+00   1.8793E-02  -2.0882E+00
  -2.0889E+00  -1.9181E+00  -1.9198E+00  -1.9197E+00  -1.9173E+00  -1.9183E+00
  -1.9185E+00  -1.9161E+00  -1.9191E+00   1.4471E+01  -1.3370E+01  -8.7714E-01
   3.0966E-02  -6.0913E-01  -6.7463E-01   2.6634E+00  -2.9327E+00   1.4228E+01
  -1.3058E+01   1.7908E+01  -1.5892E+01   6.3368E+00  -5.7528E+00   2.9569E+01
  -2.5925E+01  -6.1969E-01   2.9961E-01  -5.4708E-01  -7.8493E-02   1.4387E+01
  -1.2919E+01   2.7812E+00  -2.8265E+00  -6.3786E-01  -1.5149E-01  -6.9669E-01
   2.5133E-01   1.4487E+01  -1.3308E+01   1.8057E+01  -1.5789E+01   1.4648E+01
  -1.2684E+01   3.1144E+00  -2.9535E+00   2.9894E+01  -2.5705E+01   2.9855E+01
  -2.5690E+01  -2.8578E-01   1.7100E-01  -3.0365E-01   1.8431E-01   3.0636E+00
  -2.9503E+00   3.0643E+00  -2.9506E+00   1.4934E+01  -1.2840E+01   3.5399E-03
  -2.2110E-02   1.4948E+01  -1.2861E+01   1.4605E+01  -1.2680E+01   1.4604E+01
  -1.2680E+01   1.4605E+01  -1.2679E+01   1.4605E+01  -1.2680E+01  -1.0981E-01
  -6.1319E-02
  > Energy =  -5.359886679070E+02 +/-   2.115244129693E-04
  > varE =   4.478553015618E-03

VMC #10:
* Size of Hilbert space =   1.1779E+07
* Number of equil. steps   = 1000
* Running VMC equilibration.
  Done. [total walltime: 0.02s]
* Equil. acc.ratio (%)     =  21.1099
* Sample config after equilibration:
  +-------------+
  |  0       u  |
  |      0      |
  |    2   2    |
  |0           d|
  |2           d|
  |    u   d    |
  |      u      |
  |  d       u  |
  +-------------+
* Number of accum. steps   = 500480 x 10
* Running VMC accumulation.
    [walltime: 1m elapsed, 10.0s remaining]
  Done. [total walltime: 1m10s]
* Acceptance ratio (%)     =  21.0881
* Etot/t                   =  -5.359888143639E+02 +/-   9.684033495598E-05
  > Ttot/t                 =  -3.900296374973E+01 +/-   6.855350784535E-04
  > Utot/t                 =   1.648078292383E+01 +/-   6.780329911535E-04
* var[Eloc/t]              =   4.528796933781E-03 +/-   5.185988396265E-05
* Correlation length       =   1.036373847194E+00
* log10 Psi^2 range: -29.658131180180781 -- -21.630809923927423
* log10 Pgen range : -29.658131180180781 -- -21.630809923927423
* Site occupation (ave. no. electrons per config.):
  > Site_  ___eu____  ___ed____
      1        0.498      0.497
      2        0.500      0.502
      3        0.501      0.501
      4        0.504      0.501
      5        0.501      0.499
      6        0.494      0.496
      7        0.503      0.503
      8        0.503      0.499
      9        0.498      0.498
     10        0.500      0.500
     11        0.497      0.500
     12        0.501      0.502
     13        0.500      0.500
     14        0.500      0.503
* Pair-correlation analysis (ave. no. pairs per config.):
  > Shell  nsite  ___dh____  __eueu___  __eued___
      0      1        0          0          2.469
      1      1        0.895      0.607      2.528
      2      1        0.301      0.656      1.077
      3      1        0.265      0.708      1.074
      4      1        0.672      1.110      2.279
      5      1        0.507      1.470      2.117
      6      1        0.240      2.077      1.933
      7      1        0.075      0.413      0.571
      8      1        0.149      0.857      1.094
      9      1        0.163      0.911      1.038
     10      1        0.294      1.850      2.079
     11      1        0.249      2.075      1.933
     12      1        0.252      2.128      1.898
     13      1        0.251      2.098      1.919
     14      1        0.139      1.041      0.954
     15      1        0.224      2.145      1.905
     16      1        0.231      1.960      2.067
     17      1        0.259      2.032      1.951
     18      1        0.235      2.076      1.950
     19      1        0.114      0.995      1.010
     20      1        0.117      1.010      0.992
     21      1        0.269      1.925      2.048
     22      1        0.267      2.030      1.948
     23      1        0.127      0.942      1.056
     24      1        0.125      0.942      1.055
     25      1        0.232      1.983      2.030
     26      1        0.122      0.986      1.013
     27      1        0.233      2.023      1.988
     28      1        0.067      0.482      0.505
     29      1        0.067      0.484      0.510
     30      1        0.066      0.484      0.512
     31      1        0.066      0.484      0.508
     32      1        0.119      1.014      0.990

VDAGGER finished.
Total VDAGGER walltime: 3h14m

Run ended: Wed Oct 22 14:10:46 CEST 2025
