Run started: Fri Jan 16 09:15:55 CET 2026
Using VDAGGER_ARCH = gnu7_fkfamd_cluster
Running 1x128 MPI processes.

                               xx
                              +##
                               #X
                               Xx
                          X##XxXxxX##x
                           +   Xx  ++
                               ##
                              +##
                              +##
     ++++         ++          +##
   xX+++##+      ####         +##
  Xx    ###      +X##          ##
 xX    X##+        ##          #X
 +    x##X         #x          #X
      ###         +#           x+
     X##+         #+
     ###         Xx                    _______
     ##X       +X+   __________________VDAGGER
     +##x    +xX     2nd quantized variational
       +xxxxx+       ______quantum Monte Carlo

* Running 128 MPI processes.
* Input file: "input.01.casl"

############# Start of input file dump #############
General:
  Random seed: timer

Plan:
  VMC-optimization:
    Minimum cycles: 10
    Convergence cycles: 7

System:
  Hubbard model:
    Primitive cell:
      a_1: [ 3.0, 1.0 ]
      a_2: [ -1.0, 3.0 ]
    Simulation cell:
      a_1: [ 10.0, 0.0 ]
      a_2: [ 0.0, 10.0 ]
    U: 4.0
    Dump Hamiltonian: FCIDUMP.new
    Dump orbitals: LTSC.new
  netot: 10

VMC:
  nstep: 500000
  nconfig: 100000

Jastrow: wfn.casl
############## End of input file dump ##############

General setup:
* Random seed: 798644141 (from timer)

Hubbard system:
* Dimensionality        : 2
* Simulation cell:
  > a_1 =   1.000000000000E+01   0.000000000000E+00
  > a_2 =   0.000000000000E+00   1.000000000000E+01
* Primitive cell:
  > a_1 =   3.000000000000E+00   1.000000000000E+00
  > a_2 =  -1.000000000000E+00   3.000000000000E+00
* Prim.cells in sim.cell: 10
* Number of sublattices : 1
* # real-space shells   : 3
  > Shell #1: 4 sites, rij =  3.1623E+00
  > Shell #2: 4 sites, rij =  4.4721E+00
  > Shell #3: 1 sites, rij =  7.0711E+00
* Site labels:
  +-----------------------------+
  |                      4      |
  |             7               |
  |   10                        |
  |                         3   |
  |                6            |
  |       9                     |
  |                            2|
  |                   5         |
  |          8                  |
  | 1                           |
  +-----------------------------+
* Shell diagram:
  +-------------------+
  |              0    |
  |        1          |
  |  2                |
  |                1  |
  |          2        |
  |    3              |
  |                  2|
  |            1      |
  |      2            |
  |1                  |
  +-------------------+
* Hop multiplicity diagram:
  +-------------------+
  |              0    |
  |        1          |
  |  -                |
  |                1  |
  |          -        |
  |    -              |
  |                  -|
  |            1      |
  |      -            |
  |1                  |
  +-------------------+
* Reciprocal lattice of the simulation cell:
  > b_1 =   6.283185307180E-01  -0.000000000000E+00
  > b_2 =  -0.000000000000E+00   6.283185307180E-01
* k-vector offset:
  > Fractional:   0.000000000000E+00   0.000000000000E+00
  > Absolute  :   0.000000000000E+00   0.000000000000E+00
* G-vector occupation diagram:
  +----0----+
  |      -  |
  |- - 2 -  |
  0  2 2 2  0
  |  - 2 - -|
  |  -      |
  +----0----+
* G-vectors and non-interacting energy levels:
  > G_1 = [   0.0000E+00,  0.0000E+00,  0.0000E+00 ], e =  -4.0000E+00
  > G_2 = [  -6.2832E-01,  0.0000E+00,  0.0000E+00 ], e =  -1.0000E+00
  > G_3 = [   6.2832E-01,  0.0000E+00,  0.0000E+00 ], e =  -1.0000E+00
  > G_4 = [   0.0000E+00, -6.2832E-01,  0.0000E+00 ], e =  -1.0000E+00
  > G_5 = [   0.0000E+00,  6.2832E-01,  0.0000E+00 ], e =  -1.0000E+00 = e_F
  > G_6 = [  -6.2832E-01, -6.2832E-01,  0.0000E+00 ], e =   1.0000E+00
  > G_7 = [   6.2832E-01,  6.2832E-01,  0.0000E+00 ], e =   1.0000E+00
  > G_8 = [   6.2832E-01, -6.2832E-01,  0.0000E+00 ], e =   1.0000E+00
  > G_9 = [  -6.2832E-01,  6.2832E-01,  0.0000E+00 ], e =   1.0000E+00
  > ...
* U/t                   :  4.00000000000E+00
* Hartree-Fock Etot/t   : -6.00000000000E+00
  > Ttot/t              : -1.60000000000E+01
  > Utot/t              :  1.00000000000E+01
* Writing Hamiltonian to "FCIDUMP.new".
* Writing orbitals to "LTSC.new".
* Analysis of Hamiltonian connecitivity performed:
  - U_iiii [opp] (local, 1-site): 10 (i) values
  - T_ji (single, 2-site): 40 contribs. from 10 (i) values
  - Max. no. wfn. ratios in Eloc: 4
* Site labels:
  +-----------------------------+
  |                      4      |
  |             7               |
  |   10                        |
  |                         3   |
  |                6            |
  |       9                     |
  |                            2|
  |                   5         |
  |          8                  |
  | 1                           |
  +-----------------------------+
* Model system Site kinds:
  [ 1, 1, 1, 1, 1, 1, 1, 1, 1, 1 ]
  +-------------------+
  |              1    |
  |        1          |
  |  1                |
  |                1  |
  |          1        |
  |    1              |
  |                  1|
  |            1      |
  |      1            |
  |1                  |
  +-------------------+
* Maximum Site kind: 1
* Model system Site pair kinds:
  Site 1: [ 0, 1, 2, 1, 2, 3, 2, 1, 2, 1 ]
  Site 2: [ 1, 0, 1, 2, 1, 2, 3, 2, 1, 2 ]
  Site 3: [ 2, 1, 0, 1, 2, 1, 2, 3, 2, 1 ]
  Site 4: [ 1, 2, 1, 0, 1, 2, 1, 2, 3, 2 ]
  Site 5: [ 2, 1, 2, 1, 0, 1, 2, 1, 2, 3 ]
  Site 6: [ 3, 2, 1, 2, 1, 0, 1, 2, 1, 2 ]
  Site 7: [ 2, 3, 2, 1, 2, 1, 0, 1, 2, 1 ]
  Site 8: [ 1, 2, 3, 2, 1, 2, 1, 0, 1, 2 ]
  Site 9: [ 2, 1, 2, 3, 2, 1, 2, 1, 0, 1 ]
  Site 10: [ 1, 2, 1, 2, 3, 2, 1, 2, 1, 0 ]
  For site 1 of kind 1:
  +-------------------+
  |              1    |
  |        2          |
  |  1                |
  |                2  |
  |          3        |
  |    2              |
  |                  1|
  |            2      |
  |      1            |
  |0                  |
  +-------------------+
* Maximum (unsigned) Site pair kind: 3

General system setup:
* Number of sites       : 10
* Number of electrons   : 10
* Spin imbalance MS2    : 0
* Filling               : 0.500000
* Number of orbitals in pool: 13
* Using real-valued orbitals
* Using double-precision arithmetic for orbitals

Trial wave function setup:
* Jastrow parameter file: "wfn.casl"
* Not using multideterminants
* Not using a backflow transformation
* Not using wave function manipulation

VMC #1:
* Size of Hilbert space =   6.3504E+04
* Deterministic energy evaluation:
  > Deterministic Etot/t = -8.2373518711585554
    - Ttot/t = -13.863818344620286
    - Utot/t = 5.6264664734617318
* Number of equil. steps   = 1000
* Running VMC equilibration.
  Done. [total walltime: 0.02s]
* Equil. acc.ratio (%)     =  37.6986
* Sample config after equilibration:
  +-------------------+
  |              2    |
  |        u          |
  |  2                |
  |                0  |
  |          d        |
  |    d              |
  |                  0|
  |            u      |
  |      d            |
  |u                  |
  +-------------------+
* Number of accum. steps   = 500480 x 10
* Running VMC accumulation.
  Done. [total walltime: 0.73s]
* Acceptance ratio (%)     =  37.6334
* Etot/t                   =  -8.238339079438E+00 +/-   1.462859569301E-03
  > Ttot/t                 =  -1.385662552446E+01 +/-   4.997533479893E-03
  > Utot/t                 =   5.618286445013E+00 +/-   4.790928223609E-03
* var[Eloc/t]              =   1.109797110547E+00 +/-   1.075531884033E-02
* Correlation length       =   9.650468806113E-01
* log10 Psi^2 range: -6.4303955721004336 -- -0.44324999679097149
* log10 Pgen range : -6.4303955721004336 -- -0.44324999679097149
* Site occupation (ave. no. electrons per config.):
  > Site_  ___eu____  ___ed____
      1        0.499      0.502
      2        0.498      0.502
      3        0.501      0.501
      4        0.501      0.497
      5        0.500      0.502
      6        0.502      0.499
      7        0.503      0.497
      8        0.499      0.500
      9        0.499      0.500
     10        0.500      0.500
* Pair-correlation analysis (ave. no. pairs per config.):
  > Shell  nsite  ___dh____  __eueu___  __eued___
      0      1        0          0          1.408
      1     10        1.417      8.001     11.009
      2     10        0.901     10.504      9.303
      3     10        0.359      1.495      3.279

Optimization #1:
* Method          : lls
* Target function : energy
* No. of configs. : 100096
* No. of params.  : 8
* Before optimization:
  -3.1735E+00   3.6197E-01   2.4854E-01  -5.0321E-02  -7.9518E-02  -1.9472E-01
  -9.4521E-02  -1.9353E-01
  > E    =  -8.240024012714E+00 +/-   3.303846882506E-03
  > varE =   1.092588301110E+00
* Computing derivatives.
  Done. [total walltime: 0.17s]
* Optimizing manipulation constant:
  #igrid a___________ E____________________________________ varE____________
     1     Infinity    -8.24002401E+00 +/-   3.30384688E-03   1.09258830E+00
     2     1.0000E+06  -8.24002401E+00 +/-   3.30384693E-03   1.09258833E+00
     3     2.1544E+05  -8.24002401E+00 +/-   3.30384708E-03   1.09258843E+00
     4     4.6416E+04  -8.24002401E+00 +/-   3.30384782E-03   1.09258892E+00
     5     1.0000E+04  -8.24002402E+00 +/-   3.30385122E-03   1.09259117E+00
     6     2.1544E+03  -8.24002402E+00 +/-   3.30386693E-03   1.09260156E+00
     7     4.6416E+02  -8.24002406E+00 +/-   3.30393810E-03   1.09264864E+00
     8     1.0000E+02  -8.24002411E+00 +/-   3.30423459E-03   1.09284475E+00
     9     2.1544E+01  -8.24002316E+00 +/-   3.30511571E-03   1.09342767E+00
    10     4.6416E+00  -8.24001661E+00 +/-   3.30599167E-03   1.09400733E+00
    11     1.0000E+00  -8.24000625E+00 +/-   3.30540014E-03   1.09361587E+00
    12     2.1544E-01  -8.24000043E+00 +/-   3.30459895E-03   1.09308578E+00
    13     4.6416E-02  -8.23999866E+00 +/-   3.30430998E-03   1.09289462E+00
    14     1.0000E-02  -8.23999825E+00 +/-   3.30423927E-03   1.09284784E+00
    15     2.1544E-03  -8.23999815E+00 +/-   3.30422359E-03   1.09283747E+00
    16     4.6416E-04  -8.23999813E+00 +/-   3.30422019E-03   1.09283522E+00
    17     1.0000E-04  -8.23999813E+00 +/-   3.30421946E-03   1.09283474E+00
    18     2.1544E-05  -8.23999813E+00 +/-   3.30421930E-03   1.09283463E+00
    19     4.6416E-06  -8.23999813E+00 +/-   3.30421927E-03   1.09283461E+00
    20     1.0000E-06  -8.23999813E+00 +/-   3.30421926E-03   1.09283461E+00
    21     0.0000E+00  -8.23999813E+00 +/-   3.30421926E-03   1.09283460E+00
* Iteration # 1: E =  -8.240024012714E+00 +/-   3.303846882506E-03
* Convergence: exiting.
* After optimization:
  -3.1735E+00   3.6197E-01   2.4854E-01  -5.0321E-02  -7.9518E-02  -1.9472E-01
  -9.4521E-02  -1.9353E-01
  > Energy =  -8.240024012714E+00 +/-   3.303846882506E-03
  > varE =   1.092588301110E+00

VMC #2:
* Size of Hilbert space =   6.3504E+04
* Deterministic energy evaluation:
  > Deterministic Etot/t = -8.2373518711585554
    - Ttot/t = -13.863818344620286
    - Utot/t = 5.6264664734617318
* Number of equil. steps   = 1000
* Running VMC equilibration.
  Done. [total walltime: 0.01s]
* Equil. acc.ratio (%)     =  37.6854
* Sample config after equilibration:
  +-------------------+
  |              0    |
  |        d          |
  |  u                |
  |                d  |
  |          2        |
  |    0              |
  |                  u|
  |            2      |
  |      u            |
  |d                  |
  +-------------------+
* Number of accum. steps   = 500480 x 10
* Running VMC accumulation.
  Done. [total walltime: 0.43s]
* Acceptance ratio (%)     =  37.6365
* Etot/t                   =  -8.235736965467E+00 +/-   1.503656380949E-03
  > Ttot/t                 =  -1.386093677366E+01 +/-   4.958361939503E-03
  > Utot/t                 =   5.625199808184E+00 +/-   4.746103677123E-03
* var[Eloc/t]              =   1.111340963150E+00 +/-   8.759611361478E-03
* Correlation length       =   1.018208241315E+00
* log10 Psi^2 range: -5.6393580479330199 -- -0.44324999679097765
* log10 Pgen range : -5.6393580479330199 -- -0.44324999679097765
* Site occupation (ave. no. electrons per config.):
  > Site_  ___eu____  ___ed____
      1        0.503      0.499
      2        0.500      0.499
      3        0.500      0.500
      4        0.500      0.502
      5        0.500      0.499
      6        0.497      0.502
      7        0.499      0.499
      8        0.500      0.501
      9        0.503      0.497
     10        0.498      0.502
* Pair-correlation analysis (ave. no. pairs per config.):
  > Shell  nsite  ___dh____  __eueu___  __eued___
      0      1        0          0          1.403
      1     10        1.418      7.998     11.008
      2     10        0.889     10.511      9.308
      3     10        0.359      1.491      3.282

Optimization #2:
* Method          : lls
* Target function : energy
* No. of configs. : 100096
* No. of params.  : 8
* Before optimization:
  -3.1735E+00   3.6197E-01   2.4854E-01  -5.0321E-02  -7.9518E-02  -1.9472E-01
  -9.4521E-02  -1.9353E-01
  > E    =  -8.232864904391E+00 +/-   3.328738022481E-03
  > varE =   1.109113409926E+00
* Computing derivatives.
  Done. [total walltime: 0.12s]
* Optimizing manipulation constant:
  #igrid a___________ E____________________________________ varE____________
     1     Infinity    -8.23286490E+00 +/-   3.32873802E-03   1.10911341E+00
     2     1.0000E+06  -8.23286490E+00 +/-   3.32873808E-03   1.10911345E+00
     3     2.1544E+05  -8.23286490E+00 +/-   3.32873830E-03   1.10911359E+00
     4     4.6416E+04  -8.23286491E+00 +/-   3.32873930E-03   1.10911426E+00
     5     1.0000E+04  -8.23286491E+00 +/-   3.32874395E-03   1.10911736E+00
     6     2.1544E+03  -8.23286495E+00 +/-   3.32876546E-03   1.10913169E+00
     7     4.6416E+02  -8.23286512E+00 +/-   3.32886349E-03   1.10919702E+00
     8     1.0000E+02  -8.23286573E+00 +/-   3.32928318E-03   1.10947673E+00
     9     2.1544E+01  -8.23286679E+00 +/-   3.33069854E-03   1.11042026E+00
    10     4.6416E+00  -8.23286496E+00 +/-   3.33329735E-03   1.11215376E+00
    11     1.0000E+00  -8.23286097E+00 +/-   3.33535096E-03   1.11352456E+00
    12     2.1544E-01  -8.23285923E+00 +/-   3.33616881E-03   1.11407072E+00
    13     4.6416E-02  -8.23285879E+00 +/-   3.33638757E-03   1.11421683E+00
    14     1.0000E-02  -8.23285869E+00 +/-   3.33643745E-03   1.11425014E+00
    15     2.1544E-03  -8.23285867E+00 +/-   3.33644833E-03   1.11425741E+00
    16     4.6416E-04  -8.23285867E+00 +/-   3.33645069E-03   1.11425898E+00
    17     1.0000E-04  -8.23285867E+00 +/-   3.33645119E-03   1.11425932E+00
    18     2.1544E-05  -8.23285867E+00 +/-   3.33645130E-03   1.11425939E+00
    19     4.6416E-06  -8.23285867E+00 +/-   3.33645133E-03   1.11425941E+00
    20     1.0000E-06  -8.23285867E+00 +/-   3.33645133E-03   1.11425941E+00
    21     0.0000E+00  -8.23285867E+00 +/-   3.33645133E-03   1.11425941E+00
* Iteration # 1: E =  -8.232864904391E+00 +/-   3.328738022481E-03
* Convergence: exiting.
* After optimization:
  -3.1735E+00   3.6197E-01   2.4854E-01  -5.0321E-02  -7.9518E-02  -1.9472E-01
  -9.4521E-02  -1.9353E-01
  > Energy =  -8.232864904391E+00 +/-   3.328738022481E-03
  > varE =   1.109113409926E+00

VMC #3:
* Size of Hilbert space =   6.3504E+04
* Deterministic energy evaluation:
  > Deterministic Etot/t = -8.2373518711585554
    - Ttot/t = -13.863818344620286
    - Utot/t = 5.6264664734617318
* Number of equil. steps   = 1000
* Running VMC equilibration.
  Done. [total walltime: 0.01s]
* Equil. acc.ratio (%)     =  37.8988
* Sample config after equilibration:
  +-------------------+
  |              u    |
  |        d          |
  |  2                |
  |                d  |
  |          u        |
  |    d              |
  |                  u|
  |            0      |
  |      2            |
  |0                  |
  +-------------------+
* Number of accum. steps   = 500480 x 10
* Running VMC accumulation.
  Done. [total walltime: 0.44s]
* Acceptance ratio (%)     =  37.6387
* Etot/t                   =  -8.236979056464E+00 +/-   1.489164820005E-03
  > Ttot/t                 =  -1.385545731734E+01 +/-   4.958444574319E-03
  > Utot/t                 =   5.618478260870E+00 +/-   4.695095855118E-03
* var[Eloc/t]              =   1.119265730754E+00 +/-   1.415643129256E-02
* Correlation length       =   9.916057945558E-01
* log10 Psi^2 range: -5.6383200209582283 -- -0.44324999679103549
* log10 Pgen range : -5.6383200209582283 -- -0.44324999679103549
* Site occupation (ave. no. electrons per config.):
  > Site_  ___eu____  ___ed____
      1        0.502      0.502
      2        0.500      0.501
      3        0.502      0.499
      4        0.499      0.502
      5        0.500      0.500
      6        0.497      0.502
      7        0.499      0.498
      8        0.499      0.500
      9        0.503      0.498
     10        0.500      0.499
* Pair-correlation analysis (ave. no. pairs per config.):
  > Shell  nsite  ___dh____  __eueu___  __eued___
      0      1        0          0          1.404
      1     10        1.414      7.980     11.031
      2     10        0.891     10.525      9.286
      3     10        0.356      1.494      3.280

Optimization #3:
* Method          : lls
* Target function : energy
* No. of configs. : 100096
* No. of params.  : 8
* Before optimization:
  -3.1735E+00   3.6197E-01   2.4854E-01  -5.0321E-02  -7.9518E-02  -1.9472E-01
  -9.4521E-02  -1.9353E-01
  > E    =  -8.236426833244E+00 +/-   3.310875353808E-03
  > varE =   1.097241902824E+00
* Computing derivatives.
  Done. [total walltime: 0.12s]
* Optimizing manipulation constant:
  #igrid a___________ E____________________________________ varE____________
     1     Infinity    -8.23642683E+00 +/-   3.31087535E-03   1.09724190E+00
     2     1.0000E+06  -8.23642683E+00 +/-   3.31087545E-03   1.09724197E+00
     3     2.1544E+05  -8.23642683E+00 +/-   3.31087581E-03   1.09724220E+00
     4     4.6416E+04  -8.23642682E+00 +/-   3.31087746E-03   1.09724330E+00
     5     1.0000E+04  -8.23642677E+00 +/-   3.31088511E-03   1.09724837E+00
     6     2.1544E+03  -8.23642655E+00 +/-   3.31092048E-03   1.09727181E+00
     7     4.6416E+02  -8.23642553E+00 +/-   3.31108168E-03   1.09737866E+00
     8     1.0000E+02  -8.23642112E+00 +/-   3.31177104E-03   1.09783566E+00
     9     2.1544E+01  -8.23640604E+00 +/-   3.31409332E-03   1.09937584E+00
    10     4.6416E+00  -8.23637834E+00 +/-   3.31843485E-03   1.10225814E+00
    11     1.0000E+00  -8.23635719E+00 +/-   3.32216274E-03   1.10473606E+00
    12     2.1544E-01  -8.23634890E+00 +/-   3.32382825E-03   1.10584401E+00
    13     4.6416E-02  -8.23634668E+00 +/-   3.32430080E-03   1.10615848E+00
    14     1.0000E-02  -8.23634617E+00 +/-   3.32441036E-03   1.10623139E+00
    15     2.1544E-03  -8.23634606E+00 +/-   3.32443437E-03   1.10624736E+00
    16     4.6416E-04  -8.23634604E+00 +/-   3.32443956E-03   1.10625082E+00
    17     1.0000E-04  -8.23634603E+00 +/-   3.32444068E-03   1.10625156E+00
    18     2.1544E-05  -8.23634603E+00 +/-   3.32444092E-03   1.10625172E+00
    19     4.6416E-06  -8.23634603E+00 +/-   3.32444097E-03   1.10625176E+00
    20     1.0000E-06  -8.23634603E+00 +/-   3.32444098E-03   1.10625177E+00
    21     0.0000E+00  -8.23634603E+00 +/-   3.32444098E-03   1.10625177E+00
* Iteration # 1: E =  -8.236426833244E+00 +/-   3.310875353808E-03
* Convergence: exiting.
* After optimization:
  -3.1735E+00   3.6197E-01   2.4854E-01  -5.0321E-02  -7.9518E-02  -1.9472E-01
  -9.4521E-02  -1.9353E-01
  > Energy =  -8.236426833244E+00 +/-   3.310875353808E-03
  > varE =   1.097241902824E+00

VMC #4:
* Size of Hilbert space =   6.3504E+04
* Deterministic energy evaluation:
  > Deterministic Etot/t = -8.2373518711585554
    - Ttot/t = -13.863818344620286
    - Utot/t = 5.6264664734617318
* Number of equil. steps   = 1000
* Running VMC equilibration.
  Done. [total walltime: 0.01s]
* Equil. acc.ratio (%)     =  37.6124
* Sample config after equilibration:
  +-------------------+
  |              d    |
  |        d          |
  |  d                |
  |                u  |
  |          2        |
  |    u              |
  |                  0|
  |            u      |
  |      2            |
  |0                  |
  +-------------------+
* Number of accum. steps   = 500480 x 10
* Running VMC accumulation.
  Done. [total walltime: 0.43s]
* Acceptance ratio (%)     =  37.6627
* Etot/t                   =  -8.239937061454E+00 +/-   1.473194914969E-03
  > Ttot/t                 =  -1.386889326351E+01 +/-   5.024821646373E-03
  > Utot/t                 =   5.628956202046E+00 +/-   4.820767431572E-03
* var[Eloc/t]              =   1.116075803450E+00 +/-   1.190123153907E-02
* Correlation length       =   9.732254484434E-01
* log10 Psi^2 range: -5.6383200209580915 -- -0.44324999679101468
* log10 Pgen range : -5.6383200209580915 -- -0.44324999679101468
* Site occupation (ave. no. electrons per config.):
  > Site_  ___eu____  ___ed____
      1        0.499      0.502
      2        0.500      0.501
      3        0.499      0.501
      4        0.501      0.500
      5        0.498      0.502
      6        0.502      0.498
      7        0.501      0.501
      8        0.501      0.497
      9        0.499      0.502
     10        0.501      0.496
* Pair-correlation analysis (ave. no. pairs per config.):
  > Shell  nsite  ___dh____  __eueu___  __eued___
      0      1        0          0          1.407
      1     10        1.423      7.995     11.009
      2     10        0.896     10.511      9.304
      3     10        0.361      1.493      3.280

Optimization #4:
* Method          : lls
* Target function : energy
* No. of configs. : 100096
* No. of params.  : 8
* Before optimization:
  -3.1735E+00   3.6197E-01   2.4854E-01  -5.0321E-02  -7.9518E-02  -1.9472E-01
  -9.4521E-02  -1.9353E-01
  > E    =  -8.239936050410E+00 +/-   3.342690469369E-03
  > varE =   1.118430621040E+00
* Computing derivatives.
  Done. [total walltime: 0.12s]
* Optimizing manipulation constant:
  #igrid a___________ E____________________________________ varE____________
     1     Infinity    -8.23993605E+00 +/-   3.34269047E-03   1.11843062E+00
     2     1.0000E+06  -8.23993605E+00 +/-   3.34269046E-03   1.11843062E+00
     3     2.1544E+05  -8.23993605E+00 +/-   3.34269045E-03   1.11843061E+00
     4     4.6416E+04  -8.23993605E+00 +/-   3.34269037E-03   1.11843055E+00
     5     1.0000E+04  -8.23993604E+00 +/-   3.34269001E-03   1.11843031E+00
     6     2.1544E+03  -8.23993600E+00 +/-   3.34268828E-03   1.11842915E+00
     7     4.6416E+02  -8.23993581E+00 +/-   3.34267942E-03   1.11842323E+00
     8     1.0000E+02  -8.23993498E+00 +/-   3.34262268E-03   1.11838526E+00
     9     2.1544E+01  -8.23993187E+00 +/-   3.34217604E-03   1.11808640E+00
    10     4.6416E+00  -8.23992187E+00 +/-   3.33994133E-03   1.11659171E+00
    11     1.0000E+00  -8.23990562E+00 +/-   3.33608284E-03   1.11401330E+00
    12     2.1544E-01  -8.23989592E+00 +/-   3.33373572E-03   1.11244631E+00
    13     4.6416E-02  -8.23989294E+00 +/-   3.33300766E-03   1.11196047E+00
    14     1.0000E-02  -8.23989223E+00 +/-   3.33283531E-03   1.11184547E+00
    15     2.1544E-03  -8.23989208E+00 +/-   3.33279738E-03   1.11182016E+00
    16     4.6416E-04  -8.23989204E+00 +/-   3.33278917E-03   1.11181469E+00
    17     1.0000E-04  -8.23989204E+00 +/-   3.33278740E-03   1.11181350E+00
    18     2.1544E-05  -8.23989203E+00 +/-   3.33278702E-03   1.11181325E+00
    19     4.6416E-06  -8.23989203E+00 +/-   3.33278694E-03   1.11181319E+00
    20     1.0000E-06  -8.23989203E+00 +/-   3.33278692E-03   1.11181318E+00
    21     0.0000E+00  -8.23989203E+00 +/-   3.33278692E-03   1.11181318E+00
* Iteration # 1: E =  -8.239936050410E+00 +/-   3.342690469369E-03
* Convergence: exiting.
* After optimization:
  -3.1735E+00   3.6197E-01   2.4854E-01  -5.0321E-02  -7.9518E-02  -1.9472E-01
  -9.4521E-02  -1.9353E-01
  > Energy =  -8.239936050410E+00 +/-   3.342690469369E-03
  > varE =   1.118430621040E+00

VMC #5:
* Size of Hilbert space =   6.3504E+04
* Deterministic energy evaluation:
  > Deterministic Etot/t = -8.2373518711585554
    - Ttot/t = -13.863818344620286
    - Utot/t = 5.6264664734617318
* Number of equil. steps   = 1000
* Running VMC equilibration.
  Done. [total walltime: 0.01s]
* Equil. acc.ratio (%)     =  37.5913
* Sample config after equilibration:
  +-------------------+
  |              2    |
  |        0          |
  |  u                |
  |                u  |
  |          d        |
  |    u              |
  |                  d|
  |            d      |
  |      d            |
  |u                  |
  +-------------------+
* Number of accum. steps   = 500480 x 10
* Running VMC accumulation.
  Done. [total walltime: 0.44s]
* Acceptance ratio (%)     =  37.6227
* Etot/t                   =  -8.239642978198E+00 +/-   1.491689443888E-03
  > Ttot/t                 =  -1.385721810608E+01 +/-   4.947802565769E-03
  > Utot/t                 =   5.617575127877E+00 +/-   4.738892033978E-03
* var[Eloc/t]              =   1.098401057688E+00 +/-   6.552802289456E-03
* Correlation length       =   1.013870804894E+00
* log10 Psi^2 range: -5.6393580479328813 -- -0.44324999679095145
* log10 Pgen range : -5.6393580479328813 -- -0.44324999679095145
* Site occupation (ave. no. electrons per config.):
  > Site_  ___eu____  ___ed____
      1        0.499      0.502
      2        0.498      0.499
      3        0.501      0.498
      4        0.501      0.499
      5        0.501      0.499
      6        0.500      0.498
      7        0.501      0.500
      8        0.499      0.502
      9        0.500      0.502
     10        0.499      0.501
* Pair-correlation analysis (ave. no. pairs per config.):
  > Shell  nsite  ___dh____  __eueu___  __eued___
      0      1        0          0          1.407
      1     10        1.426      7.992     11.010
      2     10        0.895     10.514      9.304
      3     10        0.360      1.494      3.278

Optimization #5:
* Method          : lls
* Target function : energy
* No. of configs. : 100096
* No. of params.  : 8
* Before optimization:
  -3.1735E+00   3.6197E-01   2.4854E-01  -5.0321E-02  -7.9518E-02  -1.9472E-01
  -9.4521E-02  -1.9353E-01
  > E    =  -8.234982291172E+00 +/-   3.241316664979E-03
  > varE =   1.051621961104E+00
* Computing derivatives.
  Done. [total walltime: 0.13s]
* Optimizing manipulation constant:
  #igrid a___________ E____________________________________ varE____________
     1     Infinity    -8.23498229E+00 +/-   3.24131666E-03   1.05162196E+00
     2     1.0000E+06  -8.23498229E+00 +/-   3.24131682E-03   1.05162206E+00
     3     2.1544E+05  -8.23498229E+00 +/-   3.24131739E-03   1.05162243E+00
     4     4.6416E+04  -8.23498230E+00 +/-   3.24132003E-03   1.05162414E+00
     5     1.0000E+04  -8.23498234E+00 +/-   3.24133227E-03   1.05163208E+00
     6     2.1544E+03  -8.23498249E+00 +/-   3.24138885E-03   1.05166880E+00
     7     4.6416E+02  -8.23498321E+00 +/-   3.24164700E-03   1.05183632E+00
     8     1.0000E+02  -8.23498611E+00 +/-   3.24275679E-03   1.05255665E+00
     9     2.1544E+01  -8.23499436E+00 +/-   3.24659617E-03   1.05505055E+00
    10     4.6416E+00  -8.23500776E+00 +/-   3.25468873E-03   1.06031680E+00
    11     1.0000E+00  -8.23502198E+00 +/-   3.26391641E-03   1.06633774E+00
    12     2.1544E-01  -8.23502799E+00 +/-   3.26921053E-03   1.06979977E+00
    13     4.6416E-02  -8.23502924E+00 +/-   3.27086588E-03   1.07088342E+00
    14     1.0000E-02  -8.23502949E+00 +/-   3.27125936E-03   1.07114109E+00
    15     2.1544E-03  -8.23502954E+00 +/-   3.27134604E-03   1.07119786E+00
    16     4.6416E-04  -8.23502955E+00 +/-   3.27136481E-03   1.07121015E+00
    17     1.0000E-04  -8.23502955E+00 +/-   3.27136886E-03   1.07121280E+00
    18     2.1544E-05  -8.23502955E+00 +/-   3.27136973E-03   1.07121337E+00
    19     4.6416E-06  -8.23502955E+00 +/-   3.27136992E-03   1.07121349E+00
    20     1.0000E-06  -8.23502955E+00 +/-   3.27136996E-03   1.07121352E+00
    21     0.0000E+00  -8.23502955E+00 +/-   3.27136997E-03   1.07121353E+00
* Iteration # 1: E =  -8.234982291172E+00 +/-   3.241316664979E-03
* Convergence: exiting.
* After optimization:
  -3.1735E+00   3.6197E-01   2.4854E-01  -5.0321E-02  -7.9518E-02  -1.9472E-01
  -9.4521E-02  -1.9353E-01
  > Energy =  -8.234982291172E+00 +/-   3.241316664979E-03
  > varE =   1.051621961104E+00

VMC #6:
* Size of Hilbert space =   6.3504E+04
* Deterministic energy evaluation:
  > Deterministic Etot/t = -8.2373518711585554
    - Ttot/t = -13.863818344620286
    - Utot/t = 5.6264664734617318
* Number of equil. steps   = 1000
* Running VMC equilibration.
  Done. [total walltime: 0.01s]
* Equil. acc.ratio (%)     =  37.6066
* Sample config after equilibration:
  +-------------------+
  |              2    |
  |        u          |
  |  d                |
  |                0  |
  |          d        |
  |    u              |
  |                  d|
  |            u      |
  |      2            |
  |0                  |
  +-------------------+
* Number of accum. steps   = 500480 x 10
* Running VMC accumulation.
  Done. [total walltime: 0.44s]
* Acceptance ratio (%)     =  37.6354
* Etot/t                   =  -8.235674519911E+00 +/-   1.510800198826E-03
  > Ttot/t                 =  -1.386475060687E+01 +/-   5.014188103237E-03
  > Utot/t                 =   5.629076086957E+00 +/-   4.770894695524E-03
* var[Eloc/t]              =   1.114080902904E+00 +/-   6.381421393697E-03
* Correlation length       =   1.025378162111E+00
* log10 Psi^2 range: -5.6383200209581927 -- -0.44324999679101390
* log10 Pgen range : -5.6383200209581927 -- -0.44324999679101390
* Site occupation (ave. no. electrons per config.):
  > Site_  ___eu____  ___ed____
      1        0.499      0.499
      2        0.500      0.499
      3        0.500      0.503
      4        0.500      0.498
      5        0.499      0.498
      6        0.499      0.502
      7        0.498      0.501
      8        0.503      0.498
      9        0.500      0.501
     10        0.502      0.500
* Pair-correlation analysis (ave. no. pairs per config.):
  > Shell  nsite  ___dh____  __eueu___  __eued___
      0      1        0          0          1.407
      1     10        1.425      7.987     11.015
      2     10        0.891     10.520      9.297
      3     10        0.358      1.493      3.281

Optimization #6:
* Method          : lls
* Target function : energy
* No. of configs. : 100096
* No. of params.  : 8
* Before optimization:
  -3.1735E+00   3.6197E-01   2.4854E-01  -5.0321E-02  -7.9518E-02  -1.9472E-01
  -9.4521E-02  -1.9353E-01
  > E    =  -8.238209912877E+00 +/-   3.323000711036E-03
  > varE =   1.105293436592E+00
* Computing derivatives.
  Done. [total walltime: 0.13s]
* Optimizing manipulation constant:
  #igrid a___________ E____________________________________ varE____________
     1     Infinity    -8.23820991E+00 +/-   3.32300071E-03   1.10529344E+00
     2     1.0000E+06  -8.23820991E+00 +/-   3.32300080E-03   1.10529350E+00
     3     2.1544E+05  -8.23820991E+00 +/-   3.32300114E-03   1.10529372E+00
     4     4.6416E+04  -8.23820992E+00 +/-   3.32300271E-03   1.10529476E+00
     5     1.0000E+04  -8.23820993E+00 +/-   3.32300997E-03   1.10529960E+00
     6     2.1544E+03  -8.23821000E+00 +/-   3.32304354E-03   1.10532193E+00
     7     4.6416E+02  -8.23821032E+00 +/-   3.32319627E-03   1.10542353E+00
     8     1.0000E+02  -8.23821154E+00 +/-   3.32384500E-03   1.10585516E+00
     9     2.1544E+01  -8.23821446E+00 +/-   3.32598070E-03   1.10727673E+00
    10     4.6416E+00  -8.23821680E+00 +/-   3.32989128E-03   1.10988206E+00
    11     1.0000E+00  -8.23821704E+00 +/-   3.33370187E-03   1.11242372E+00
    12     2.1544E-01  -8.23821662E+00 +/-   3.33580010E-03   1.11382447E+00
    13     4.6416E-02  -8.23821640E+00 +/-   3.33645531E-03   1.11426207E+00
    14     1.0000E-02  -8.23821633E+00 +/-   3.33661114E-03   1.11436616E+00
    15     2.1544E-03  -8.23821632E+00 +/-   3.33664548E-03   1.11438909E+00
    16     4.6416E-04  -8.23821632E+00 +/-   3.33665291E-03   1.11439406E+00
    17     1.0000E-04  -8.23821632E+00 +/-   3.33665451E-03   1.11439513E+00
    18     2.1544E-05  -8.23821632E+00 +/-   3.33665486E-03   1.11439536E+00
    19     4.6416E-06  -8.23821632E+00 +/-   3.33665493E-03   1.11439541E+00
    20     1.0000E-06  -8.23821632E+00 +/-   3.33665495E-03   1.11439542E+00
    21     0.0000E+00  -8.23821632E+00 +/-   3.33665495E-03   1.11439542E+00
* Iteration # 1: E =  -8.238209912877E+00 +/-   3.323000711036E-03
* Convergence: exiting.
* After optimization:
  -3.1735E+00   3.6197E-01   2.4854E-01  -5.0321E-02  -7.9518E-02  -1.9472E-01
  -9.4521E-02  -1.9353E-01
  > Energy =  -8.238209912877E+00 +/-   3.323000711036E-03
  > varE =   1.105293436592E+00

VMC #7:
* Size of Hilbert space =   6.3504E+04
* Deterministic energy evaluation:
  > Deterministic Etot/t = -8.2373518711585554
    - Ttot/t = -13.863818344620286
    - Utot/t = 5.6264664734617318
* Number of equil. steps   = 1000
* Running VMC equilibration.
  Done. [total walltime: 0.01s]
* Equil. acc.ratio (%)     =  37.5930
* Sample config after equilibration:
  +-------------------+
  |              u    |
  |        d          |
  |  0                |
  |                d  |
  |          d        |
  |    2              |
  |                  u|
  |            d      |
  |      u            |
  |u                  |
  +-------------------+
* Number of accum. steps   = 500480 x 10
* Running VMC accumulation.
  Done. [total walltime: 0.44s]
* Acceptance ratio (%)     =  37.6355
* Etot/t                   =  -8.238972377385E+00 +/-   1.496097041157E-03
  > Ttot/t                 =  -1.386281348992E+01 +/-   4.943587672066E-03
  > Utot/t                 =   5.623841112532E+00 +/-   4.692236625327E-03
* var[Eloc/t]              =   1.138146532690E+00 +/-   4.864106446602E-03
* Correlation length       =   9.842560102366E-01
* log10 Psi^2 range: -7.1094210846942953 -- -0.44324999679102778
* log10 Pgen range : -7.1094210846942953 -- -0.44324999679102778
* Site occupation (ave. no. electrons per config.):
  > Site_  ___eu____  ___ed____
      1        0.500      0.501
      2        0.502      0.500
      3        0.501      0.498
      4        0.498      0.500
      5        0.500      0.501
      6        0.500      0.503
      7        0.499      0.500
      8        0.497      0.500
      9        0.500      0.500
     10        0.502      0.498
* Pair-correlation analysis (ave. no. pairs per config.):
  > Shell  nsite  ___dh____  __eueu___  __eued___
      0      1        0          0          1.409
      1     10        1.422      7.992     11.017
      2     10        0.902     10.513      9.299
      3     10        0.363      1.495      3.275

Optimization #7:
* Method          : lls
* Target function : energy
* No. of configs. : 100096
* No. of params.  : 8
* Before optimization:
  -3.1735E+00   3.6197E-01   2.4854E-01  -5.0321E-02  -7.9518E-02  -1.9472E-01
  -9.4521E-02  -1.9353E-01
  > E    =  -8.236711911974E+00 +/-   3.386804926068E-03
  > varE =   1.148145923694E+00
* Computing derivatives.
  Done. [total walltime: 0.13s]
* Optimizing manipulation constant:
  #igrid a___________ E____________________________________ varE____________
     1     Infinity    -8.23671191E+00 +/-   3.38680493E-03   1.14814592E+00
     2     1.0000E+06  -8.23671191E+00 +/-   3.38680493E-03   1.14814593E+00
     3     2.1544E+05  -8.23671191E+00 +/-   3.38680496E-03   1.14814595E+00
     4     4.6416E+04  -8.23671189E+00 +/-   3.38680508E-03   1.14814603E+00
     5     1.0000E+04  -8.23671183E+00 +/-   3.38680565E-03   1.14814641E+00
     6     2.1544E+03  -8.23671152E+00 +/-   3.38680826E-03   1.14814818E+00
     7     4.6416E+02  -8.23671013E+00 +/-   3.38682021E-03   1.14815629E+00
     8     1.0000E+02  -8.23670414E+00 +/-   3.38687170E-03   1.14819120E+00
     9     2.1544E+01  -8.23668377E+00 +/-   3.38702569E-03   1.14829561E+00
    10     4.6416E+00  -8.23664726E+00 +/-   3.38702460E-03   1.14829487E+00
    11     1.0000E+00  -8.23662167E+00 +/-   3.38646625E-03   1.14791631E+00
    12     2.1544E-01  -8.23661313E+00 +/-   3.38601264E-03   1.14760881E+00
    13     4.6416E-02  -8.23661107E+00 +/-   3.38586216E-03   1.14750681E+00
    14     1.0000E-02  -8.23661061E+00 +/-   3.38582599E-03   1.14748229E+00
    15     2.1544E-03  -8.23661051E+00 +/-   3.38581800E-03   1.14747688E+00
    16     4.6416E-04  -8.23661049E+00 +/-   3.38581627E-03   1.14747570E+00
    17     1.0000E-04  -8.23661049E+00 +/-   3.38581590E-03   1.14747545E+00
    18     2.1544E-05  -8.23661049E+00 +/-   3.38581582E-03   1.14747540E+00
    19     4.6416E-06  -8.23661049E+00 +/-   3.38581580E-03   1.14747538E+00
    20     1.0000E-06  -8.23661049E+00 +/-   3.38581580E-03   1.14747538E+00
    21     0.0000E+00  -8.23661049E+00 +/-   3.38581580E-03   1.14747538E+00
* Iteration # 1: E =  -8.236711911974E+00 +/-   3.386804926068E-03
* Convergence: exiting.
* After optimization:
  -3.1735E+00   3.6197E-01   2.4854E-01  -5.0321E-02  -7.9518E-02  -1.9472E-01
  -9.4521E-02  -1.9353E-01
  > Energy =  -8.236711911974E+00 +/-   3.386804926068E-03
  > varE =   1.148145923694E+00

VMC #8:
* Size of Hilbert space =   6.3504E+04
* Deterministic energy evaluation:
  > Deterministic Etot/t = -8.2373518711585554
    - Ttot/t = -13.863818344620286
    - Utot/t = 5.6264664734617318
* Number of equil. steps   = 1000
* Running VMC equilibration.
  Done. [total walltime: 0.01s]
* Equil. acc.ratio (%)     =  37.5181
* Sample config after equilibration:
  +-------------------+
  |              u    |
  |        d          |
  |  u                |
  |                d  |
  |          d        |
  |    u              |
  |                  d|
  |            d      |
  |      u            |
  |u                  |
  +-------------------+
* Number of accum. steps   = 500480 x 10
* Running VMC accumulation.
  Done. [total walltime: 0.44s]
* Acceptance ratio (%)     =  37.6550
* Etot/t                   =  -8.239597776507E+00 +/-   1.509385367390E-03
  > Ttot/t                 =  -1.387227041078E+01 +/-   5.025620847351E-03
  > Utot/t                 =   5.632672634271E+00 +/-   4.758361838338E-03
* var[Eloc/t]              =   1.114158311270E+00 +/-   9.079269202583E-03
* Correlation length       =   1.023387465966E+00
* log10 Psi^2 range: -5.6393580479330945 -- -0.44324999679098304
* log10 Pgen range : -5.6393580479330945 -- -0.44324999679098304
* Site occupation (ave. no. electrons per config.):
  > Site_  ___eu____  ___ed____
      1        0.499      0.499
      2        0.501      0.498
      3        0.499      0.502
      4        0.499      0.503
      5        0.501      0.499
      6        0.500      0.499
      7        0.498      0.501
      8        0.502      0.499
      9        0.500      0.498
     10        0.500      0.500
* Pair-correlation analysis (ave. no. pairs per config.):
  > Shell  nsite  ___dh____  __eueu___  __eued___
      0      1        0          0          1.407
      1     10        1.423      7.978     11.029
      2     10        0.894     10.529      9.287
      3     10        0.361      1.493      3.278

Optimization #8:
* Method          : lls
* Target function : energy
* No. of configs. : 100096
* No. of params.  : 8
* Before optimization:
  -3.1735E+00   3.6197E-01   2.4854E-01  -5.0321E-02  -7.9518E-02  -1.9472E-01
  -9.4521E-02  -1.9353E-01
  > E    =  -8.237536907077E+00 +/-   3.309399423456E-03
  > varE =   1.096263858353E+00
* Computing derivatives.
  Done. [total walltime: 0.12s]
* Optimizing manipulation constant:
  #igrid a___________ E____________________________________ varE____________
     1     Infinity    -8.23753691E+00 +/-   3.30939942E-03   1.09626386E+00
     2     1.0000E+06  -8.23753691E+00 +/-   3.30939950E-03   1.09626391E+00
     3     2.1544E+05  -8.23753691E+00 +/-   3.30939976E-03   1.09626408E+00
     4     4.6416E+04  -8.23753690E+00 +/-   3.30940098E-03   1.09626489E+00
     5     1.0000E+04  -8.23753689E+00 +/-   3.30940666E-03   1.09626865E+00
     6     2.1544E+03  -8.23753683E+00 +/-   3.30943289E-03   1.09628603E+00
     7     4.6416E+02  -8.23753654E+00 +/-   3.30955230E-03   1.09636514E+00
     8     1.0000E+02  -8.23753528E+00 +/-   3.31006066E-03   1.09670198E+00
     9     2.1544E+01  -8.23753094E+00 +/-   3.31174881E-03   1.09782091E+00
    10     4.6416E+00  -8.23752279E+00 +/-   3.31483778E-03   1.09986981E+00
    11     1.0000E+00  -8.23751634E+00 +/-   3.31748693E-03   1.10162850E+00
    12     2.1544E-01  -8.23751365E+00 +/-   3.31869124E-03   1.10242847E+00
    13     4.6416E-02  -8.23751290E+00 +/-   3.31903629E-03   1.10265772E+00
    14     1.0000E-02  -8.23751272E+00 +/-   3.31911650E-03   1.10271102E+00
    15     2.1544E-03  -8.23751268E+00 +/-   3.31913409E-03   1.10272271E+00
    16     4.6416E-04  -8.23751268E+00 +/-   3.31913789E-03   1.10272523E+00
    17     1.0000E-04  -8.23751267E+00 +/-   3.31913871E-03   1.10272578E+00
    18     2.1544E-05  -8.23751267E+00 +/-   3.31913889E-03   1.10272590E+00
    19     4.6416E-06  -8.23751267E+00 +/-   3.31913892E-03   1.10272592E+00
    20     1.0000E-06  -8.23751267E+00 +/-   3.31913893E-03   1.10272593E+00
    21     0.0000E+00  -8.23751267E+00 +/-   3.31913894E-03   1.10272593E+00
* Iteration # 1: E =  -8.237536907077E+00 +/-   3.309399423456E-03
* Convergence: exiting.
* After optimization:
  -3.1735E+00   3.6197E-01   2.4854E-01  -5.0321E-02  -7.9518E-02  -1.9472E-01
  -9.4521E-02  -1.9353E-01
  > Energy =  -8.237536907077E+00 +/-   3.309399423456E-03
  > varE =   1.096263858353E+00

VMC #9:
* Size of Hilbert space =   6.3504E+04
* Deterministic energy evaluation:
  > Deterministic Etot/t = -8.2373518711585554
    - Ttot/t = -13.863818344620286
    - Utot/t = 5.6264664734617318
* Number of equil. steps   = 1000
* Running VMC equilibration.
  Done. [total walltime: 0.01s]
* Equil. acc.ratio (%)     =  37.5753
* Sample config after equilibration:
  +-------------------+
  |              d    |
  |        d          |
  |  2                |
  |                0  |
  |          2        |
  |    u              |
  |                  0|
  |            2      |
  |      u            |
  |0                  |
  +-------------------+
* Number of accum. steps   = 500480 x 10
* Running VMC accumulation.
  Done. [total walltime: 0.44s]
* Acceptance ratio (%)     =  37.6510
* Etot/t                   =  -8.238970646329E+00 +/-   1.509705883864E-03
  > Ttot/t                 =  -1.387181111948E+01 +/-   4.925223197451E-03
  > Utot/t                 =   5.632840473146E+00 +/-   4.693062070168E-03
* var[Eloc/t]              =   1.121654656276E+00 +/-   8.946639518161E-03
* Correlation length       =   1.016979640921E+00
* log10 Psi^2 range: -6.4303955721003270 -- -0.44324999679105637
* log10 Pgen range : -6.4303955721003270 -- -0.44324999679105637
* Site occupation (ave. no. electrons per config.):
  > Site_  ___eu____  ___ed____
      1        0.501      0.502
      2        0.500      0.499
      3        0.500      0.498
      4        0.502      0.500
      5        0.498      0.501
      6        0.499      0.500
      7        0.500      0.500
      8        0.500      0.501
      9        0.500      0.501
     10        0.500      0.498
* Pair-correlation analysis (ave. no. pairs per config.):
  > Shell  nsite  ___dh____  __eueu___  __eued___
      0      1        0          0          1.409
      1     10        1.423      7.975     11.031
      2     10        0.895     10.532      9.279
      3     10        0.356      1.493      3.282

Optimization #9:
* Method          : lls
* Target function : energy
* No. of configs. : 100096
* No. of params.  : 8
* Before optimization:
  -3.1735E+00   3.6197E-01   2.4854E-01  -5.0321E-02  -7.9518E-02  -1.9472E-01
  -9.4521E-02  -1.9353E-01
  > E    =  -8.235215946698E+00 +/-   3.298248135917E-03
  > varE =   1.088888406922E+00
* Computing derivatives.
  Done. [total walltime: 0.13s]
* Optimizing manipulation constant:
  #igrid a___________ E____________________________________ varE____________
     1     Infinity    -8.23521595E+00 +/-   3.29824814E-03   1.08888841E+00
     2     1.0000E+06  -8.23521595E+00 +/-   3.29824824E-03   1.08888847E+00
     3     2.1544E+05  -8.23521595E+00 +/-   3.29824861E-03   1.08888872E+00
     4     4.6416E+04  -8.23521595E+00 +/-   3.29825035E-03   1.08888987E+00
     5     1.0000E+04  -8.23521598E+00 +/-   3.29825841E-03   1.08889519E+00
     6     2.1544E+03  -8.23521611E+00 +/-   3.29829566E-03   1.08891978E+00
     7     4.6416E+02  -8.23521666E+00 +/-   3.29846567E-03   1.08903205E+00
     8     1.0000E+02  -8.23521876E+00 +/-   3.29919833E-03   1.08951590E+00
     9     2.1544E+01  -8.23522302E+00 +/-   3.30177050E-03   1.09121541E+00
    10     4.6416E+00  -8.23522079E+00 +/-   3.30765509E-03   1.09510851E+00
    11     1.0000E+00  -8.23520177E+00 +/-   3.31570890E-03   1.10044797E+00
    12     2.1544E-01  -8.23518195E+00 +/-   3.32094806E-03   1.10392835E+00
    13     4.6416E-02  -8.23517430E+00 +/-   3.32265523E-03   1.10506362E+00
    14     1.0000E-02  -8.23517238E+00 +/-   3.32306511E-03   1.10533627E+00
    15     2.1544E-03  -8.23517195E+00 +/-   3.32315560E-03   1.10539648E+00
    16     4.6416E-04  -8.23517186E+00 +/-   3.32317521E-03   1.10540952E+00
    17     1.0000E-04  -8.23517184E+00 +/-   3.32317943E-03   1.10541233E+00
    18     2.1544E-05  -8.23517184E+00 +/-   3.32318035E-03   1.10541294E+00
    19     4.6416E-06  -8.23517184E+00 +/-   3.32318054E-03   1.10541307E+00
    20     1.0000E-06  -8.23517184E+00 +/-   3.32318058E-03   1.10541310E+00
    21     0.0000E+00  -8.23517184E+00 +/-   3.32318060E-03   1.10541311E+00
* Iteration # 1: E =  -8.235216659787E+00 +/-   3.298465672861E-03
* Convergence: exiting.
* After optimization:
  -3.1738E+00   3.6201E-01   2.4861E-01  -5.0290E-02  -7.9544E-02  -1.9471E-01
  -9.4572E-02  -1.9355E-01
  > Energy =  -8.235216659787E+00 +/-   3.298465672861E-03
  > varE =   1.089032047581E+00

VMC #10:
* Size of Hilbert space =   6.3504E+04
* Deterministic energy evaluation:
  > Deterministic Etot/t = -8.2373525067349309
    - Ttot/t = -13.863817787945402
    - Utot/t = 5.6264652812104661
* Number of equil. steps   = 1000
* Running VMC equilibration.
  Done. [total walltime: 0.01s]
* Equil. acc.ratio (%)     =  37.6545
* Sample config after equilibration:
  +-------------------+
  |              2    |
  |        2          |
  |  u                |
  |                0  |
  |          u        |
  |    d              |
  |                  0|
  |            u      |
  |      d            |
  |d                  |
  +-------------------+
* Number of accum. steps   = 500480 x 10
* Running VMC accumulation.
  Done. [total walltime: 0.44s]
* Acceptance ratio (%)     =  37.6284
* Etot/t                   =  -8.238103885661E+00 +/-   1.485390617453E-03
  > Ttot/t                 =  -1.386610100843E+01 +/-   4.937163062629E-03
  > Utot/t                 =   5.627997122762E+00 +/-   4.687750521294E-03
* var[Eloc/t]              =   1.112798400117E+00 +/-   1.038701328191E-02
* Correlation length       =   9.923196403147E-01
* log10 Psi^2 range: -5.6398743037725652 -- -0.44387348123879361
* log10 Pgen range : -5.6398743037725652 -- -0.44387348123879361
* Site occupation (ave. no. electrons per config.):
  > Site_  ___eu____  ___ed____
      1        0.501      0.502
      2        0.503      0.498
      3        0.500      0.499
      4        0.500      0.500
      5        0.501      0.499
      6        0.499      0.500
      7        0.497      0.502
      8        0.499      0.499
      9        0.500      0.501
     10        0.500      0.501
* Pair-correlation analysis (ave. no. pairs per config.):
  > Shell  nsite  ___dh____  __eueu___  __eued___
      0      1        0          0          1.406
      1     10        1.427      7.990     11.005
      2     10        0.887     10.517      9.310
      3     10        0.359      1.493      3.279

VDAGGER finished.
Total VDAGGER walltime: 11.2s

Run ended: Fri Jan 16 09:16:37 CET 2026
