Run started: Mon 20 Oct 2025 10:58:53 PM CEST
Using VDAGGER_ARCH = intel23_fkfamd23_cluster
Running 1x128 MPI processes.

[LOG_CAT_SBGP] libnuma.so: cannot open shared object file: No such file or directory
[LOG_CAT_SBGP] Failed to dlopen libnuma.so. Fallback to GROUP_BY_SOCKET manual.
[LOG_CAT_SBGP] libnuma.so: cannot open shared object file: No such file or directory
[LOG_CAT_SBGP] libnuma.so: cannot open shared object file: No such file or directory
[LOG_CAT_SBGP] Failed to dlopen libnuma.so. Fallback to GROUP_BY_SOCKET manual.
[LOG_CAT_SBGP] libnuma.so: cannot open shared object file: No such file or directory
[LOG_CAT_SBGP] Failed to dlopen libnuma.so. Fallback to GROUP_BY_SOCKET manual.
[LOG_CAT_SBGP] libnuma.so: cannot open shared object file: No such file or directory
[LOG_CAT_SBGP] Failed to dlopen libnuma.so. Fallback to GROUP_BY_SOCKET manual.
[LOG_CAT_SBGP] libnuma.so: cannot open shared object file: No such file or directory
[LOG_CAT_SBGP] Failed to dlopen libnuma.so. Fallback to GROUP_BY_SOCKET manual.
[LOG_CAT_SBGP] libnuma.so: cannot open shared object file: No such file or directory
[LOG_CAT_SBGP] Failed to dlopen libnuma.so. Fallback to GROUP_BY_SOCKET manual.
[LOG_CAT_SBGP] libnuma.so: cannot open shared object file: No such file or directory
[LOG_CAT_SBGP] Failed to dlopen libnuma.so. Fallback to GROUP_BY_SOCKET manual.
[LOG_CAT_SBGP] libnuma.so: cannot open shared object file: No such file or directory
[LOG_CAT_SBGP] Failed to dlopen libnuma.so. Fallback to GROUP_BY_SOCKET manual.
[LOG_CAT_SBGP] libnuma.so: cannot open shared object file: No such file or directory
[LOG_CAT_SBGP] Failed to dlopen libnuma.so. Fallback to GROUP_BY_SOCKET manual.
[LOG_CAT_SBGP] libnuma.so: cannot open shared object file: No such file or directory
[LOG_CAT_SBGP] Failed to dlopen libnuma.so. Fallback to GROUP_BY_SOCKET manual.
[LOG_CAT_SBGP] libnuma.so: cannot open shared object file: No such file or directory
[LOG_CAT_SBGP] Failed to dlopen libnuma.so. Fallback to GROUP_BY_SOCKET manual.
[LOG_CAT_SBGP] libnuma.so: cannot open shared object file: No such file or directory
[LOG_CAT_SBGP] Failed to dlopen libnuma.so. Fallback to GROUP_BY_SOCKET manual.
[LOG_CAT_SBGP] libnuma.so: cannot open shared object file: No such file or directory
[LOG_CAT_SBGP] Failed to dlopen libnuma.so. Fallback to GROUP_BY_SOCKET manual.
[LOG_CAT_SBGP] libnuma.so: cannot open shared object file: No such file or directory
[LOG_CAT_SBGP] Failed to dlopen libnuma.so. Fallback to GROUP_BY_SOCKET manual.
[LOG_CAT_SBGP] libnuma.so: cannot open shared object file: No such file or directory
[LOG_CAT_SBGP] Failed to dlopen libnuma.so. Fallback to GROUP_BY_SOCKET manual.
[LOG_CAT_SBGP] libnuma.so: cannot open shared object file: No such file or directory
[LOG_CAT_SBGP] Failed to dlopen libnuma.so. Fallback to GROUP_BY_SOCKET manual.
[LOG_CAT_SBGP] libnuma.so: cannot open shared object file: No such file or directory
[LOG_CAT_SBGP] Failed to dlopen libnuma.so. Fallback to GROUP_BY_SOCKET manual.
[LOG_CAT_SBGP] libnuma.so: cannot open shared object file: No such file or directory
[LOG_CAT_SBGP] Failed to dlopen libnuma.so. Fallback to GROUP_BY_SOCKET manual.
[LOG_CAT_SBGP] libnuma.so: cannot open shared object file: No such file or directory
[LOG_CAT_SBGP] Failed to dlopen libnuma.so. Fallback to GROUP_BY_SOCKET manual.
[LOG_CAT_SBGP] libnuma.so: cannot open shared object file: No such file or directory
[LOG_CAT_SBGP] Failed to dlopen libnuma.so. Fallback to GROUP_BY_SOCKET manual.
[LOG_CAT_SBGP] libnuma.so: cannot open shared object file: No such file or directory
[LOG_CAT_SBGP] Failed to dlopen libnuma.so. Fallback to GROUP_BY_SOCKET manual.
[LOG_CAT_SBGP] libnuma.so: cannot open shared object file: No such file or directory
[LOG_CAT_SBGP] Failed to dlopen libnuma.so. Fallback to GROUP_BY_SOCKET manual.
[LOG_CAT_SBGP] libnuma.so: cannot open shared object file: No such file or directory
[LOG_CAT_SBGP] Failed to dlopen libnuma.so. Fallback to GROUP_BY_SOCKET manual.
[LOG_CAT_SBGP] libnuma.so: cannot open shared object file: No such file or directory
[LOG_CAT_SBGP] Failed to dlopen libnuma.so. Fallback to GROUP_BY_SOCKET manual.
[LOG_CAT_SBGP] libnuma.so: cannot open shared object file: No such file or directory
[LOG_CAT_SBGP] Failed to dlopen libnuma.so. Fallback to GROUP_BY_SOCKET manual.
[LOG_CAT_SBGP] libnuma.so: cannot open shared object file: No such file or directory
[LOG_CAT_SBGP] Failed to dlopen libnuma.so. Fallback to GROUP_BY_SOCKET manual.
[LOG_CAT_SBGP] libnuma.so: cannot open shared object file: No such file or directory
[LOG_CAT_SBGP] Failed to dlopen libnuma.so. Fallback to GROUP_BY_SOCKET manual.
[LOG_CAT_SBGP] libnuma.so: cannot open shared object file: No such file or directory
[LOG_CAT_SBGP] Failed to dlopen libnuma.so. Fallback to GROUP_BY_SOCKET manual.
[LOG_CAT_SBGP] libnuma.so: cannot open shared object file: No such file or directory
[LOG_CAT_SBGP] Failed to dlopen libnuma.so. Fallback to GROUP_BY_SOCKET manual.
[LOG_CAT_SBGP] libnuma.so: cannot open shared object file: No such file or directory
[LOG_CAT_SBGP] Failed to dlopen libnuma.so. Fallback to GROUP_BY_SOCKET manual.
[LOG_CAT_SBGP] libnuma.so: cannot open shared object file: No such file or directory
[LOG_CAT_SBGP] Failed to dlopen libnuma.so. Fallback to GROUP_BY_SOCKET manual.
[LOG_CAT_SBGP] libnuma.so: cannot open shared object file: No such file or directory
[LOG_CAT_SBGP] Failed to dlopen libnuma.so. Fallback to GROUP_BY_SOCKET manual.
[LOG_CAT_SBGP] libnuma.so: cannot open shared object file: No such file or directory
[LOG_CAT_SBGP] Failed to dlopen libnuma.so. Fallback to GROUP_BY_SOCKET manual.
[LOG_CAT_SBGP] libnuma.so: cannot open shared object file: No such file or directory
[LOG_CAT_SBGP] Failed to dlopen libnuma.so. Fallback to GROUP_BY_SOCKET manual.
[LOG_CAT_SBGP] libnuma.so: cannot open shared object file: No such file or directory
[LOG_CAT_SBGP] Failed to dlopen libnuma.so. Fallback to GROUP_BY_SOCKET manual.
[LOG_CAT_SBGP] libnuma.so: cannot open shared object file: No such file or directory
[LOG_CAT_SBGP] Failed to dlopen libnuma.so. Fallback to GROUP_BY_SOCKET manual.
[LOG_CAT_SBGP] libnuma.so: cannot open shared object file: No such file or directory
[LOG_CAT_SBGP] Failed to dlopen libnuma.so. Fallback to GROUP_BY_SOCKET manual.
[LOG_CAT_SBGP] libnuma.so: cannot open shared object file: No such file or directory
[LOG_CAT_SBGP] Failed to dlopen libnuma.so. Fallback to GROUP_BY_SOCKET manual.
[LOG_CAT_SBGP] libnuma.so: cannot open shared object file: No such file or directory
[LOG_CAT_SBGP] Failed to dlopen libnuma.so. Fallback to GROUP_BY_SOCKET manual.
[LOG_CAT_SBGP] libnuma.so: cannot open shared object file: No such file or directory
[LOG_CAT_SBGP] Failed to dlopen libnuma.so. Fallback to GROUP_BY_SOCKET manual.
[LOG_CAT_SBGP] libnuma.so: cannot open shared object file: No such file or directory
[LOG_CAT_SBGP] Failed to dlopen libnuma.so. Fallback to GROUP_BY_SOCKET manual.
[LOG_CAT_SBGP] libnuma.so: cannot open shared object file: No such file or directory
[LOG_CAT_SBGP] Failed to dlopen libnuma.so. Fallback to GROUP_BY_SOCKET manual.
[LOG_CAT_SBGP] libnuma.so: cannot open shared object file: No such file or directory
[LOG_CAT_SBGP] Failed to dlopen libnuma.so. Fallback to GROUP_BY_SOCKET manual.
[LOG_CAT_SBGP] libnuma.so: cannot open shared object file: No such file or directory
[LOG_CAT_SBGP] Failed to dlopen libnuma.so. Fallback to GROUP_BY_SOCKET manual.
[LOG_CAT_SBGP] libnuma.so: cannot open shared object file: No such file or directory
[LOG_CAT_SBGP] Failed to dlopen libnuma.so. Fallback to GROUP_BY_SOCKET manual.
[LOG_CAT_SBGP] libnuma.so: cannot open shared object file: No such file or directory
[LOG_CAT_SBGP] Failed to dlopen libnuma.so. Fallback to GROUP_BY_SOCKET manual.
[LOG_CAT_SBGP] libnuma.so: cannot open shared object file: No such file or directory
[LOG_CAT_SBGP] Failed to dlopen libnuma.so. Fallback to GROUP_BY_SOCKET manual.
[LOG_CAT_SBGP] libnuma.so: cannot open shared object file: No such file or directory
[LOG_CAT_SBGP] Failed to dlopen libnuma.so. Fallback to GROUP_BY_SOCKET manual.
[LOG_CAT_SBGP] libnuma.so: cannot open shared object file: No such file or directory
[LOG_CAT_SBGP] Failed to dlopen libnuma.so. Fallback to GROUP_BY_SOCKET manual.
[LOG_CAT_SBGP] libnuma.so: cannot open shared object file: No such file or directory
[LOG_CAT_SBGP] Failed to dlopen libnuma.so. Fallback to GROUP_BY_SOCKET manual.
[LOG_CAT_SBGP] libnuma.so: cannot open shared object file: No such file or directory
[LOG_CAT_SBGP] Failed to dlopen libnuma.so. Fallback to GROUP_BY_SOCKET manual.
[LOG_CAT_SBGP] libnuma.so: cannot open shared object file: No such file or directory
[LOG_CAT_SBGP] Failed to dlopen libnuma.so. Fallback to GROUP_BY_SOCKET manual.
[LOG_CAT_SBGP] libnuma.so: cannot open shared object file: No such file or directory
[LOG_CAT_SBGP] Failed to dlopen libnuma.so. Fallback to GROUP_BY_SOCKET manual.
[LOG_CAT_SBGP] libnuma.so: cannot open shared object file: No such file or directory
[LOG_CAT_SBGP] Failed to dlopen libnuma.so. Fallback to GROUP_BY_SOCKET manual.
[LOG_CAT_SBGP] libnuma.so: cannot open shared object file: No such file or directory
[LOG_CAT_SBGP] Failed to dlopen libnuma.so. Fallback to GROUP_BY_SOCKET manual.
[LOG_CAT_SBGP] libnuma.so: cannot open shared object file: No such file or directory
[LOG_CAT_SBGP] Failed to dlopen libnuma.so. Fallback to GROUP_BY_SOCKET manual.
[LOG_CAT_SBGP] libnuma.so: cannot open shared object file: No such file or directory
[LOG_CAT_SBGP] Failed to dlopen libnuma.so. Fallback to GROUP_BY_SOCKET manual.
[LOG_CAT_SBGP] libnuma.so: cannot open shared object file: No such file or directory
[LOG_CAT_SBGP] Failed to dlopen libnuma.so. Fallback to GROUP_BY_SOCKET manual.
[LOG_CAT_SBGP] libnuma.so: cannot open shared object file: No such file or directory
[LOG_CAT_SBGP] Failed to dlopen libnuma.so. Fallback to GROUP_BY_SOCKET manual.
[LOG_CAT_SBGP] libnuma.so: cannot open shared object file: No such file or directory
[LOG_CAT_SBGP] Failed to dlopen libnuma.so. Fallback to GROUP_BY_SOCKET manual.
[LOG_CAT_SBGP] libnuma.so: cannot open shared object file: No such file or directory
[LOG_CAT_SBGP] Failed to dlopen libnuma.so. Fallback to GROUP_BY_SOCKET manual.
[LOG_CAT_SBGP] libnuma.so: cannot open shared object file: No such file or directory
[LOG_CAT_SBGP] Failed to dlopen libnuma.so. Fallback to GROUP_BY_SOCKET manual.
[LOG_CAT_SBGP] libnuma.so: cannot open shared object file: No such file or directory
[LOG_CAT_SBGP] Failed to dlopen libnuma.so. Fallback to GROUP_BY_SOCKET manual.
[LOG_CAT_SBGP] libnuma.so: cannot open shared object file: No such file or directory
[LOG_CAT_SBGP] Failed to dlopen libnuma.so. Fallback to GROUP_BY_SOCKET manual.
[LOG_CAT_SBGP] libnuma.so: cannot open shared object file: No such file or directory
[LOG_CAT_SBGP] Failed to dlopen libnuma.so. Fallback to GROUP_BY_SOCKET manual.
[LOG_CAT_SBGP] libnuma.so: cannot open shared object file: No such file or directory
[LOG_CAT_SBGP] Failed to dlopen libnuma.so. Fallback to GROUP_BY_SOCKET manual.
[LOG_CAT_SBGP] libnuma.so: cannot open shared object file: No such file or directory
[LOG_CAT_SBGP] Failed to dlopen libnuma.so. Fallback to GROUP_BY_SOCKET manual.
[LOG_CAT_SBGP] libnuma.so: cannot open shared object file: No such file or directory
[LOG_CAT_SBGP] Failed to dlopen libnuma.so. Fallback to GROUP_BY_SOCKET manual.
[LOG_CAT_SBGP] libnuma.so: cannot open shared object file: No such file or directory
[LOG_CAT_SBGP] Failed to dlopen libnuma.so. Fallback to GROUP_BY_SOCKET manual.
[LOG_CAT_SBGP] libnuma.so: cannot open shared object file: No such file or directory
[LOG_CAT_SBGP] Failed to dlopen libnuma.so. Fallback to GROUP_BY_SOCKET manual.
[LOG_CAT_SBGP] libnuma.so: cannot open shared object file: No such file or directory
[LOG_CAT_SBGP] Failed to dlopen libnuma.so. Fallback to GROUP_BY_SOCKET manual.
[LOG_CAT_SBGP] libnuma.so: cannot open shared object file: No such file or directory
[LOG_CAT_SBGP] Failed to dlopen libnuma.so. Fallback to GROUP_BY_SOCKET manual.
[LOG_CAT_SBGP] libnuma.so: cannot open shared object file: No such file or directory
[LOG_CAT_SBGP] Failed to dlopen libnuma.so. Fallback to GROUP_BY_SOCKET manual.
[LOG_CAT_SBGP] libnuma.so: cannot open shared object file: No such file or directory
[LOG_CAT_SBGP] Failed to dlopen libnuma.so. Fallback to GROUP_BY_SOCKET manual.
[LOG_CAT_SBGP] libnuma.so: cannot open shared object file: No such file or directory
[LOG_CAT_SBGP] Failed to dlopen libnuma.so. Fallback to GROUP_BY_SOCKET manual.
[LOG_CAT_SBGP] libnuma.so: cannot open shared object file: No such file or directory
[LOG_CAT_SBGP] Failed to dlopen libnuma.so. Fallback to GROUP_BY_SOCKET manual.
[LOG_CAT_SBGP] libnuma.so: cannot open shared object file: No such file or directory
[LOG_CAT_SBGP] Failed to dlopen libnuma.so. Fallback to GROUP_BY_SOCKET manual.
[LOG_CAT_SBGP] libnuma.so: cannot open shared object file: No such file or directory
[LOG_CAT_SBGP] Failed to dlopen libnuma.so. Fallback to GROUP_BY_SOCKET manual.
[LOG_CAT_SBGP] libnuma.so: cannot open shared object file: No such file or directory
[LOG_CAT_SBGP] Failed to dlopen libnuma.so. Fallback to GROUP_BY_SOCKET manual.
[LOG_CAT_SBGP] libnuma.so: cannot open shared object file: No such file or directory
[LOG_CAT_SBGP] Failed to dlopen libnuma.so. Fallback to GROUP_BY_SOCKET manual.
[LOG_CAT_SBGP] libnuma.so: cannot open shared object file: No such file or directory
[LOG_CAT_SBGP] Failed to dlopen libnuma.so. Fallback to GROUP_BY_SOCKET manual.
[LOG_CAT_SBGP] libnuma.so: cannot open shared object file: No such file or directory
[LOG_CAT_SBGP] Failed to dlopen libnuma.so. Fallback to GROUP_BY_SOCKET manual.
[LOG_CAT_SBGP] libnuma.so: cannot open shared object file: No such file or directory
[LOG_CAT_SBGP] Failed to dlopen libnuma.so. Fallback to GROUP_BY_SOCKET manual.
[LOG_CAT_SBGP] libnuma.so: cannot open shared object file: No such file or directory
[LOG_CAT_SBGP] Failed to dlopen libnuma.so. Fallback to GROUP_BY_SOCKET manual.
[LOG_CAT_SBGP] libnuma.so: cannot open shared object file: No such file or directory
[LOG_CAT_SBGP] Failed to dlopen libnuma.so. Fallback to GROUP_BY_SOCKET manual.
[LOG_CAT_SBGP] libnuma.so: cannot open shared object file: No such file or directory
[LOG_CAT_SBGP] Failed to dlopen libnuma.so. Fallback to GROUP_BY_SOCKET manual.
[LOG_CAT_SBGP] libnuma.so: cannot open shared object file: No such file or directory
[LOG_CAT_SBGP] Failed to dlopen libnuma.so. Fallback to GROUP_BY_SOCKET manual.
[LOG_CAT_SBGP] libnuma.so: cannot open shared object file: No such file or directory
[LOG_CAT_SBGP] Failed to dlopen libnuma.so. Fallback to GROUP_BY_SOCKET manual.
[LOG_CAT_SBGP] libnuma.so: cannot open shared object file: No such file or directory
[LOG_CAT_SBGP] Failed to dlopen libnuma.so. Fallback to GROUP_BY_SOCKET manual.
[LOG_CAT_SBGP] libnuma.so: cannot open shared object file: No such file or directory
[LOG_CAT_SBGP] Failed to dlopen libnuma.so. Fallback to GROUP_BY_SOCKET manual.
[LOG_CAT_SBGP] libnuma.so: cannot open shared object file: No such file or directory
[LOG_CAT_SBGP] Failed to dlopen libnuma.so. Fallback to GROUP_BY_SOCKET manual.
[LOG_CAT_SBGP] libnuma.so: cannot open shared object file: No such file or directory
[LOG_CAT_SBGP] Failed to dlopen libnuma.so. Fallback to GROUP_BY_SOCKET manual.
[LOG_CAT_SBGP] libnuma.so: cannot open shared object file: No such file or directory
[LOG_CAT_SBGP] Failed to dlopen libnuma.so. Fallback to GROUP_BY_SOCKET manual.
[LOG_CAT_SBGP] libnuma.so: cannot open shared object file: No such file or directory
[LOG_CAT_SBGP] Failed to dlopen libnuma.so. Fallback to GROUP_BY_SOCKET manual.
[LOG_CAT_SBGP] libnuma.so: cannot open shared object file: No such file or directory
[LOG_CAT_SBGP] Failed to dlopen libnuma.so. Fallback to GROUP_BY_SOCKET manual.
[LOG_CAT_SBGP] libnuma.so: cannot open shared object file: No such file or directory
[LOG_CAT_SBGP] Failed to dlopen libnuma.so. Fallback to GROUP_BY_SOCKET manual.
[LOG_CAT_SBGP] libnuma.so: cannot open shared object file: No such file or directory
[LOG_CAT_SBGP] Failed to dlopen libnuma.so. Fallback to GROUP_BY_SOCKET manual.
[LOG_CAT_SBGP] libnuma.so: cannot open shared object file: No such file or directory
[LOG_CAT_SBGP] Failed to dlopen libnuma.so. Fallback to GROUP_BY_SOCKET manual.
[LOG_CAT_SBGP] libnuma.so: cannot open shared object file: No such file or directory
[LOG_CAT_SBGP] Failed to dlopen libnuma.so. Fallback to GROUP_BY_SOCKET manual.
[LOG_CAT_SBGP] libnuma.so: cannot open shared object file: No such file or directory
[LOG_CAT_SBGP] Failed to dlopen libnuma.so. Fallback to GROUP_BY_SOCKET manual.
[LOG_CAT_SBGP] libnuma.so: cannot open shared object file: No such file or directory
[LOG_CAT_SBGP] Failed to dlopen libnuma.so. Fallback to GROUP_BY_SOCKET manual.
[LOG_CAT_SBGP] libnuma.so: cannot open shared object file: No such file or directory
[LOG_CAT_SBGP] Failed to dlopen libnuma.so. Fallback to GROUP_BY_SOCKET manual.
[LOG_CAT_SBGP] libnuma.so: cannot open shared object file: No such file or directory
[LOG_CAT_SBGP] Failed to dlopen libnuma.so. Fallback to GROUP_BY_SOCKET manual.
[LOG_CAT_SBGP] libnuma.so: cannot open shared object file: No such file or directory
[LOG_CAT_SBGP] Failed to dlopen libnuma.so. Fallback to GROUP_BY_SOCKET manual.
[LOG_CAT_SBGP] libnuma.so: cannot open shared object file: No such file or directory
[LOG_CAT_SBGP] Failed to dlopen libnuma.so. Fallback to GROUP_BY_SOCKET manual.
[LOG_CAT_SBGP] libnuma.so: cannot open shared object file: No such file or directory
[LOG_CAT_SBGP] Failed to dlopen libnuma.so. Fallback to GROUP_BY_SOCKET manual.
[LOG_CAT_SBGP] libnuma.so: cannot open shared object file: No such file or directory
[LOG_CAT_SBGP] Failed to dlopen libnuma.so. Fallback to GROUP_BY_SOCKET manual.
[LOG_CAT_SBGP] libnuma.so: cannot open shared object file: No such file or directory
[LOG_CAT_SBGP] Failed to dlopen libnuma.so. Fallback to GROUP_BY_SOCKET manual.
[LOG_CAT_SBGP] libnuma.so: cannot open shared object file: No such file or directory
[LOG_CAT_SBGP] Failed to dlopen libnuma.so. Fallback to GROUP_BY_SOCKET manual.
[LOG_CAT_SBGP] libnuma.so: cannot open shared object file: No such file or directory
[LOG_CAT_SBGP] Failed to dlopen libnuma.so. Fallback to GROUP_BY_SOCKET manual.
[LOG_CAT_SBGP] libnuma.so: cannot open shared object file: No such file or directory
[LOG_CAT_SBGP] Failed to dlopen libnuma.so. Fallback to GROUP_BY_SOCKET manual.
[LOG_CAT_SBGP] libnuma.so: cannot open shared object file: No such file or directory
[LOG_CAT_SBGP] Failed to dlopen libnuma.so. Fallback to GROUP_BY_SOCKET manual.
[LOG_CAT_SBGP] libnuma.so: cannot open shared object file: No such file or directory
[LOG_CAT_SBGP] Failed to dlopen libnuma.so. Fallback to GROUP_BY_SOCKET manual.
[LOG_CAT_SBGP] libnuma.so: cannot open shared object file: No such file or directory
[LOG_CAT_SBGP] Failed to dlopen libnuma.so. Fallback to GROUP_BY_SOCKET manual.
[LOG_CAT_SBGP] libnuma.so: cannot open shared object file: No such file or directory
[LOG_CAT_SBGP] Failed to dlopen libnuma.so. Fallback to GROUP_BY_SOCKET manual.
[LOG_CAT_SBGP] libnuma.so: cannot open shared object file: No such file or directory
[LOG_CAT_SBGP] Failed to dlopen libnuma.so. Fallback to GROUP_BY_SOCKET manual.
[LOG_CAT_SBGP] libnuma.so: cannot open shared object file: No such file or directory
[LOG_CAT_SBGP] Failed to dlopen libnuma.so. Fallback to GROUP_BY_SOCKET manual.
[LOG_CAT_SBGP] libnuma.so: cannot open shared object file: No such file or directory
[LOG_CAT_SBGP] Failed to dlopen libnuma.so. Fallback to GROUP_BY_SOCKET manual.
[LOG_CAT_SBGP] libnuma.so: cannot open shared object file: No such file or directory
[LOG_CAT_SBGP] Failed to dlopen libnuma.so. Fallback to GROUP_BY_SOCKET manual.
[LOG_CAT_SBGP] libnuma.so: cannot open shared object file: No such file or directory
[LOG_CAT_SBGP] Failed to dlopen libnuma.so. Fallback to GROUP_BY_SOCKET manual.
[LOG_CAT_SBGP] libnuma.so: cannot open shared object file: No such file or directory
[LOG_CAT_SBGP] Failed to dlopen libnuma.so. Fallback to GROUP_BY_SOCKET manual.
[LOG_CAT_SBGP] libnuma.so: cannot open shared object file: No such file or directory
[LOG_CAT_SBGP] Failed to dlopen libnuma.so. Fallback to GROUP_BY_SOCKET manual.
[LOG_CAT_SBGP] libnuma.so: cannot open shared object file: No such file or directory
[LOG_CAT_SBGP] Failed to dlopen libnuma.so. Fallback to GROUP_BY_SOCKET manual.
[LOG_CAT_SBGP] libnuma.so: cannot open shared object file: No such file or directory
[LOG_CAT_SBGP] Failed to dlopen libnuma.so. Fallback to GROUP_BY_SOCKET manual.
[LOG_CAT_SBGP] libnuma.so: cannot open shared object file: No such file or directory
[LOG_CAT_SBGP] Failed to dlopen libnuma.so. Fallback to GROUP_BY_SOCKET manual.
[LOG_CAT_SBGP] libnuma.so: cannot open shared object file: No such file or directory
[LOG_CAT_SBGP] Failed to dlopen libnuma.so. Fallback to GROUP_BY_SOCKET manual.
[LOG_CAT_SBGP] libnuma.so: cannot open shared object file: No such file or directory
[LOG_CAT_SBGP] Failed to dlopen libnuma.so. Fallback to GROUP_BY_SOCKET manual.
[LOG_CAT_SBGP] Failed to dlopen libnuma.so. Fallback to GROUP_BY_SOCKET manual.
                               xx
                              +##
                               #X
                               Xx
                          X##XxXxxX##x
                           +   Xx  ++
                               ##
                              +##
                              +##
     ++++         ++          +##
   xX+++##+      ####         +##
  Xx    ###      +X##          ##
 xX    X##+        ##          #X
 +    x##X         #x          #X
      ###         +#           x+
     X##+         #+
     ###         Xx                    _______
     ##X       +X+   __________________VDAGGER
     +##x    +xX     2nd quantized variational
       +xxxxx+       ______quantum Monte Carlo

* Running 128 MPI processes.
* Input file: "input.casl"

############# Start of input file dump #############
General:
  Random seed: timer

Plan:
  VMC-optimization:
    Minimum cycles: 10
    Convergence cycles: 5

System:
  Read Hamiltonian: FCIDUMP_loc_benzene
  Read orbitals: LTSC_benzene
  Complex orbitals: F
  Geometry:
    r_5: [ 0.00000000000000, 2.63994739601739 ]
    r_4: [ 2.28626150960564, 1.31997369800870 ]
    r_6: [ 2.28626150960564, -1.31997369800870 ]
    r_2: [ 0.00000000000000, -2.63994739601739 ]
    r_3: [ -2.28626150960564, -1.31997369800870 ]
    r_1: [ -2.28626150960564, 1.31997369800870 ]

VMC:
  nstep: 500000
  nconfig: 50000

Jastrow: wfn.casl

Backflow: wfn.casl

Multideterminants: wfn.casl
############## End of input file dump ##############

General setup:
* Random seed: 603394409 (from timer)

* Loaded integrals for system with nelec=6, ms2=0, norb=6
* INFO: setting number of electrons from integrals file.
* Analysis of Hamiltonian connecitivity performed:
  - T_ii (local, 1-site): 6 (i) values
  - U_iiii [opp] (local, 1-site): 6 (i) values
  - U_kkii [opp] (local, 2-site): 30 contribs. from 6 (i) values
  - U_kkii [par] (local, 2-site): 15 contribs. from 5 (i) values
  - T_ji (single, 2-site): 30 contribs. from 6 (i) values
  - U_kkji [opp] (single, 2/3-site): 180 contribs. from 30 (i,j) pairs
  - U_kkji [par] (single, 3-site): 150 contribs. from 30 (i,j) pairs
  - U_lkji [opp] (double, 2/3/4-site): 900 contribs. from 30 (i,j) pairs
  - U_lkji [par] (double, 4-site): 170 contribs. from 20 (i,j) pairs
  - Max. no. wfn. ratios in Eloc: 255
* Reading override orbitals from file "LTSC_benzene".
* Site labels:
  +-----+
  |  5  |
  |1   4|
  |3   6|
  |  2  |
  +-----+
* Automatically set Site kinds:
  [ 1, 1, 1, 1, 1, 1 ]
  +-----+
  |  1  |
  |1   1|
  |1   1|
  |  1  |
  +-----+
* Maximum Site kind: 1
* Number of site-pair kinds with Tij=0: 0
* Automatically set Site pair kinds:
  Site 1: [ 0, 4, 1, -5, -1, -2 ]
  Site 2: [ 4, 0, 1, -4, -3, -1 ]
  Site 3: [ 1, 1, 0, -2, -4, -5 ]
  Site 4: [ -5, -4, -2, 0, 1, 1 ]
  Site 5: [ -1, -3, -4, 1, 0, 4 ]
  Site 6: [ -2, -1, -5, 1, 4, 0 ]
  For site 1 of kind 1:
  +--------+
  |   -1   |
  | 0    -5|
  | 1    -2|
  |    4   |
  +--------+
* Maximum (unsigned) Site pair kind: 5
General system setup:
* Number of sites       : 6
* Number of electrons   : 6
* Spin imbalance MS2    : 0
* Filling               : 0.500000
* Number of orbitals in pool: 6
* Using real-valued orbitals
* Using double-precision arithmetic for orbitals

Trial wave function setup:
* Jastrow parameter file: "wfn.casl"
* Multideterminant parameter file: "wfn.casl"
* Backflow parameter file: "wfn.casl"
* Not using wave function manipulation

VMC #1:
* Size of Hilbert space =   4.0000E+02
* Deterministic energy evaluation:
  > Deterministic Etot/t = -230.7002773210459
    - Ttot/t = -10.36273142457826
    - Utot/t = 3.904945957680221
* Number of equil. steps   = 1000
* Running VMC equilibration.
  Done. [total walltime: 0.09s]
* Equil. acc.ratio (%)     =  35.5949
* Sample config after equilibration:
  +-----+
  |  d  |
  |u   u|
  |d   d|
  |  u  |
  +-----+
* Number of accum. steps   = 500480 x 10
* Running VMC accumulation.
  Done. [total walltime: 9.31s]
* Acceptance ratio (%)     =  35.5274
* Etot/t                   =  -2.307002791084E+02 +/-   1.625965601938E-06
  > Ttot/t                 =  -1.036327169267E+01 +/-   2.982154766876E-04
  > Utot/t                 =   3.905484438498E+00 +/-   2.971796108014E-04
* var[Eloc/t]              =   1.279571352597E-06 +/-   6.623857194863E-09
* Correlation length       =   1.034058064400E+00
* log10 Psi^2 range: -7.784551574052535 -- -4.242027134701737
* log10 Pgen range : -7.784551574052535 -- -4.242027134701737
* Site occupation (ave. no. electrons per config.):
  > Site_  ___eu____  ___ed____
      1        0.498      0.495
      2        0.503      0.497
      3        0.500      0.504
      4        0.499      0.499
      5        0.502      0.504
      6        0.497      0.502
* Pair-correlation analysis (ave. no. pairs per config.):
  > Shell  nsite  ___dh____  __eueu___  __eued___
      0      1        0          0          1.038
      1      4        1.072      1.482      3.515
      2      4        0.155      0.839      1.099
      3      4        0.077      0.426      0.555
      4      4        0.235      2.170      1.864
      5      4        0.115      1.083      0.930

Optimization #1:
* Method          : lls
* Target function : energy
* No. of configs. : 50048
* No. of params.  : 40
* Before optimization:
  -4.6312E-01   2.9318E-01  -9.1534E-02  -8.0042E-02   1.9343E-02   1.2923E-02
  -1.2332E-01  -1.7140E-01   5.3366E-02   3.7873E-02   8.2714E-02  -1.4620E-03
   1.7180E-02  -2.7318E-02  -1.4506E-02  -1.4194E-02   8.0617E-03  -1.0670E-03
   3.5726E-05   6.6529E-01   9.2141E-02  -5.9774E-02  -5.4904E-02  -1.5998E-02
  -1.6099E-02   9.0736E-02  -5.3891E-02  -5.1831E-02  -1.0730E-02  -1.5540E-02
   2.2022E-01  -3.5443E-02  -3.3821E-02   2.4346E-02   3.1820E-02   2.0156E-01
  -2.8566E-02  -2.8449E-02   3.5151E-02   3.5499E-02
  > E    =  -2.307002821040E+02 +/-   5.051506315159E-06
  > varE =   1.277110652975E-06
* Computing derivatives.
  Done. [total walltime: 23.7s]
* Optimizing manipulation constant:
  #igrid a___________ E____________________________________ varE____________
     1     Infinity    -2.30700282E+02 +/-   5.05150632E-06   1.27711065E-06
     2     1.0000E+06  -2.30700282E+02 +/-   5.05150310E-06   1.27710903E-06
     3     2.1544E+05  -2.30700282E+02 +/-   5.05149142E-06   1.27710312E-06
     4     4.6416E+04  -2.30700282E+02 +/-   5.05143728E-06   1.27707575E-06
     5     1.0000E+04  -2.30700282E+02 +/-   5.05118825E-06   1.27694983E-06
     6     2.1544E+03  -2.30700282E+02 +/-   5.05008079E-06   1.27638996E-06
     7     4.6416E+02  -2.30700282E+02 +/-   5.04598275E-06   1.27431927E-06
     8     1.0000E+02  -2.30700282E+02 +/-   5.04933789E-06   1.27601445E-06
     9     2.1544E+01  -2.30700284E+02 +/-   5.57703396E-06   1.55665835E-06
    10     4.6416E+00  -2.30700298E+02 +/-   1.98172624E-05   1.96550451E-05
    11     1.0000E+00  -2.30700237E+02 +/-   4.39707976E-05   9.67643570E-05
    12     2.1544E-01  -2.30699705E+02 +/-   9.61689515E-05   4.62867288E-04
    13     4.6416E-02  -2.30689887E+02 +/-   4.23621060E-04   8.98135397E-03
    14     1.0000E-02  -2.30553965E+02 +/-   1.53683094E-03   1.18205836E-01
    15     2.1544E-03  -2.30108578E+02 +/-   2.10186139E-03   2.21103121E-01
    16     4.6416E-04  -2.29943335E+02 +/-   1.78504460E-03   1.59472157E-01
    17     1.0000E-04  -2.29914102E+02 +/-   1.70329924E-03   1.45200674E-01
    18     2.1544E-05  -2.29908255E+02 +/-   1.68715104E-03   1.42460563E-01
    19     4.6416E-06  -2.29907016E+02 +/-   1.68377266E-03   1.41890602E-01
    20     1.0000E-06  -2.29906750E+02 +/-   1.68304983E-03   1.41768804E-01
    21     0.0000E+00  -2.29906677E+02 +/-   1.68285165E-03   1.41735420E-01
  ParMin   4.5463E+01  -2.30700283E+02 +/-   5.12656145E-06   1.31534314E-06
  # Using grid point #9
* Iteration # 1: E =  -2.307002842043E+02 +/-   5.577033962070E-06
* Convergence: exiting.
* After optimization:
  -4.2785E-01   2.9158E-01  -9.2000E-02  -8.0945E-02   1.8937E-02   1.2795E-02
  -1.2167E-01  -1.7150E-01   5.3800E-02   3.7978E-02   8.2900E-02  -7.2573E-04
   1.7148E-02  -2.6897E-02  -1.4166E-02  -1.3882E-02   8.0175E-03  -9.6234E-04
   4.2615E-05   6.5363E-01   9.1610E-02  -5.9409E-02  -5.4772E-02  -1.5189E-02
  -1.5288E-02   9.0455E-02  -5.3779E-02  -5.1800E-02  -1.0290E-02  -1.4822E-02
   2.2148E-01  -3.7317E-02  -3.5706E-02   2.4701E-02   3.1875E-02   2.0375E-01
  -3.0489E-02  -3.0367E-02   3.5239E-02   3.5572E-02
  > Energy =  -2.307002842043E+02 +/-   5.577033962070E-06
  > varE =   1.556658349479E-06

VMC #2:
* Size of Hilbert space =   4.0000E+02
* Deterministic energy evaluation:
  > Deterministic Etot/t = -230.7002768921981
    - Ttot/t = -10.36261606949243
    - Utot/t = 3.904831031442216
* Number of equil. steps   = 1000
* Running VMC equilibration.
  Done. [total walltime: 0.08s]
* Equil. acc.ratio (%)     =  34.4799
* Sample config after equilibration:
  +-----+
  |  d  |
  |0   u|
  |2   u|
  |  d  |
  +-----+
* Number of accum. steps   = 500480 x 10
* Running VMC accumulation.
  Done. [total walltime: 9.18s]
* Acceptance ratio (%)     =  34.4691
* Etot/t                   =  -2.307002770207E+02 +/-   1.766736913796E-06
  > Ttot/t                 =  -1.036280786768E+01 +/-   2.851484460051E-04
  > Utot/t                 =   3.905022701289E+00 +/-   2.838588942423E-04
* var[Eloc/t]              =   1.563574748577E-06 +/-   7.431361605039E-09
* Correlation length       =   9.991066402041E-01
* log10 Psi^2 range: -8.457771221409438 -- -4.267277739857230
* log10 Pgen range : -8.457771221409438 -- -4.267277739857230
* Site occupation (ave. no. electrons per config.):
  > Site_  ___eu____  ___ed____
      1        0.502      0.497
      2        0.497      0.500
      3        0.499      0.503
      4        0.501      0.497
      5        0.499      0.501
      6        0.502      0.502
* Pair-correlation analysis (ave. no. pairs per config.):
  > Shell  nsite  ___dh____  __eueu___  __eued___
      0      1        0          0          1.023
      1      4        1.052      1.472      3.542
      2      4        0.150      0.840      1.108
      3      4        0.075      0.416      0.554
      4      4        0.227      2.181      1.846
      5      4        0.114      1.091      0.927

Optimization #2:
* Method          : lls
* Target function : energy
* No. of configs. : 50048
* No. of params.  : 40
* Before optimization:
  -4.2785E-01   2.9158E-01  -9.2000E-02  -8.0945E-02   1.8937E-02   1.2795E-02
  -1.2167E-01  -1.7150E-01   5.3800E-02   3.7978E-02   8.2900E-02  -7.2573E-04
   1.7148E-02  -2.6897E-02  -1.4166E-02  -1.3882E-02   8.0175E-03  -9.6234E-04
   4.2615E-05   6.5363E-01   9.1610E-02  -5.9409E-02  -5.4772E-02  -1.5189E-02
  -1.5288E-02   9.0455E-02  -5.3779E-02  -5.1800E-02  -1.0290E-02  -1.4822E-02
   2.2148E-01  -3.7317E-02  -3.5706E-02   2.4701E-02   3.1875E-02   2.0375E-01
  -3.0489E-02  -3.0367E-02   3.5239E-02   3.5572E-02
  > E    =  -2.307002718126E+02 +/-   5.573468903232E-06
  > varE =   1.554668831434E-06
* Computing derivatives.
  Done. [total walltime: 23.8s]
* Optimizing manipulation constant:
  #igrid a___________ E____________________________________ varE____________
     1     Infinity    -2.30700272E+02 +/-   5.57346890E-06   1.55466883E-06
     2     1.0000E+06  -2.30700272E+02 +/-   5.57346542E-06   1.55466689E-06
     3     2.1544E+05  -2.30700272E+02 +/-   5.57345274E-06   1.55465982E-06
     4     4.6416E+04  -2.30700272E+02 +/-   5.57339390E-06   1.55462699E-06
     5     1.0000E+04  -2.30700272E+02 +/-   5.57312082E-06   1.55447465E-06
     6     2.1544E+03  -2.30700272E+02 +/-   5.57185437E-06   1.55376824E-06
     7     4.6416E+02  -2.30700272E+02 +/-   5.56599944E-06   1.55050455E-06
     8     1.0000E+02  -2.30700272E+02 +/-   5.53940453E-06   1.53572301E-06
     9     2.1544E+01  -2.30700272E+02 +/-   5.45978300E-06   1.49189236E-06
    10     4.6416E+00  -2.30700272E+02 +/-   5.11536344E-06   1.30960317E-06
    11     1.0000E+00  -2.30700275E+02 +/-   4.19749323E-06   8.81793181E-07
    12     2.1544E-01  -2.30700278E+02 +/-   3.81882291E-06   7.29870424E-07
    13     4.6416E-02  -2.30700280E+02 +/-   3.97220613E-06   7.89678443E-07
    14     1.0000E-02  -2.30700281E+02 +/-   4.06138204E-06   8.25532953E-07
    15     2.1544E-03  -2.30700281E+02 +/-   4.08493372E-06   8.35135135E-07
    16     4.6416E-04  -2.30700281E+02 +/-   4.09023660E-06   8.37304815E-07
    17     1.0000E-04  -2.30700281E+02 +/-   4.09139000E-06   8.37777103E-07
    18     2.1544E-05  -2.30700281E+02 +/-   4.09163901E-06   8.37879080E-07
    19     4.6416E-06  -2.30700281E+02 +/-   4.09169268E-06   8.37901061E-07
    20     1.0000E-06  -2.30700281E+02 +/-   4.09170424E-06   8.37905798E-07
    21     0.0000E+00  -2.30700281E+02 +/-   4.09170742E-06   8.37907098E-07
* Iteration # 1: E =  -2.307002810822E+02 +/-   4.091707416001E-06
* Convergence: exiting.
* After optimization:
  -4.5540E-01   2.8796E-01  -8.9710E-02  -8.6205E-02   1.3469E-02   1.1911E-02
  -1.1847E-01  -1.6945E-01   5.4420E-02   3.7782E-02   8.2718E-02   5.3749E-03
   1.8232E-02  -2.2185E-02  -1.3215E-02  -1.4993E-02   9.1108E-03  -2.4002E-04
   1.0193E-04   6.5021E-01   8.6625E-02  -5.7666E-02  -5.2190E-02  -1.4679E-02
  -1.4778E-02   8.5204E-02  -5.3633E-02  -5.2051E-02  -9.7733E-03  -1.2181E-02
   2.2538E-01  -3.5856E-02  -3.3645E-02   2.9978E-02   3.3923E-02   2.1092E-01
  -3.0420E-02  -3.3949E-02   4.0637E-02   4.0812E-02
  > Energy =  -2.307002810822E+02 +/-   4.091707416001E-06
  > varE =   8.379070982477E-07

VMC #3:
* Size of Hilbert space =   4.0000E+02
* Deterministic energy evaluation:
  > Deterministic Etot/t = -230.7002781484796
    - Ttot/t = -10.36322398889896
    - Utot/t = 3.905437694567213
* Number of equil. steps   = 1000
* Running VMC equilibration.
  Done. [total walltime: 0.08s]
* Equil. acc.ratio (%)     =  36.3113
* Sample config after equilibration:
  +-----+
  |  d  |
  |u   2|
  |d   0|
  |  u  |
  +-----+
* Number of accum. steps   = 500480 x 10
* Running VMC accumulation.
  Done. [total walltime: 9.21s]
* Acceptance ratio (%)     =  36.2143
* Etot/t                   =  -2.307002795189E+02 +/-   1.291244609257E-06
  > Ttot/t                 =  -1.036244581448E+01 +/-   2.926289216395E-04
  > Utot/t                 =   3.904658149698E+00 +/-   2.926661573267E-04
* var[Eloc/t]              =   8.394530260642E-07 +/-   5.277510649030E-09
* Correlation length       =   9.940480344065E-01
* log10 Psi^2 range: -7.853184982915240 -- -4.317441001494056
* log10 Pgen range : -7.853184982915240 -- -4.317441001494056
* Site occupation (ave. no. electrons per config.):
  > Site_  ___eu____  ___ed____
      1        0.501      0.503
      2        0.500      0.501
      3        0.497      0.496
      4        0.502      0.502
      5        0.500      0.499
      6        0.499      0.499
* Pair-correlation analysis (ave. no. pairs per config.):
  > Shell  nsite  ___dh____  __eueu___  __eued___
      0      1        0          0          1.020
      1      4        1.041      1.487      3.538
      2      4        0.149      0.840      1.109
      3      4        0.072      0.423      0.555
      4      4        0.229      2.166      1.854
      5      4        0.119      1.084      0.923

Optimization #3:
* Method          : lls
* Target function : energy
* No. of configs. : 50048
* No. of params.  : 40
* Before optimization:
  -4.5540E-01   2.8796E-01  -8.9710E-02  -8.6205E-02   1.3469E-02   1.1911E-02
  -1.1847E-01  -1.6945E-01   5.4420E-02   3.7782E-02   8.2718E-02   5.3749E-03
   1.8232E-02  -2.2185E-02  -1.3215E-02  -1.4993E-02   9.1108E-03  -2.4002E-04
   1.0193E-04   6.5021E-01   8.6625E-02  -5.7666E-02  -5.2190E-02  -1.4679E-02
  -1.4778E-02   8.5204E-02  -5.3633E-02  -5.2051E-02  -9.7733E-03  -1.2181E-02
   2.2538E-01  -3.5856E-02  -3.3645E-02   2.9978E-02   3.3923E-02   2.1092E-01
  -3.0420E-02  -3.3949E-02   4.0637E-02   4.0812E-02
  > E    =  -2.307002813451E+02 +/-   4.085353751519E-06
  > varE =   8.353068892856E-07
* Computing derivatives.
  Done. [total walltime: 23.9s]
* Optimizing manipulation constant:
  #igrid a___________ E____________________________________ varE____________
     1     Infinity    -2.30700281E+02 +/-   4.08535375E-06   8.35306889E-07
     2     1.0000E+06  -2.30700281E+02 +/-   4.08535026E-06   8.35305463E-07
     3     2.1544E+05  -2.30700281E+02 +/-   4.08533756E-06   8.35300269E-07
     4     4.6416E+04  -2.30700281E+02 +/-   4.08527861E-06   8.35276161E-07
     5     1.0000E+04  -2.30700281E+02 +/-   4.08500500E-06   8.35164283E-07
     6     2.1544E+03  -2.30700281E+02 +/-   4.08373587E-06   8.34645424E-07
     7     4.6416E+02  -2.30700281E+02 +/-   4.07786272E-06   8.32246409E-07
     8     1.0000E+02  -2.30700281E+02 +/-   4.05097785E-06   8.21308777E-07
     9     2.1544E+01  -2.30700281E+02 +/-   3.93396503E-06   7.74546894E-07
    10     4.6416E+00  -2.30700282E+02 +/-   3.55232811E-06   6.31557463E-07
    11     1.0000E+00  -2.30700288E+02 +/-   4.58279087E-06   1.05110670E-06
    12     2.1544E-01  -2.30700295E+02 +/-   9.81212731E-06   4.81851345E-06
    13     4.6416E-02  -2.30700296E+02 +/-   1.29139350E-05   8.34649084E-06
    14     1.0000E-02  -2.30700296E+02 +/-   1.38057458E-05   9.53907965E-06
    15     2.1544E-03  -2.30700296E+02 +/-   1.40117162E-05   9.82583328E-06
    16     4.6416E-04  -2.30700296E+02 +/-   1.40567821E-05   9.88914066E-06
    17     1.0000E-04  -2.30700296E+02 +/-   1.40665239E-05   9.90285235E-06
    18     2.1544E-05  -2.30700296E+02 +/-   1.40686242E-05   9.90580982E-06
    19     4.6416E-06  -2.30700296E+02 +/-   1.40690768E-05   9.90644715E-06
    20     1.0000E-06  -2.30700296E+02 +/-   1.40691743E-05   9.90658446E-06
    21     0.0000E+00  -2.30700296E+02 +/-   1.40692011E-05   9.90662217E-06
  ParMin   1.4539E+00  -2.30700286E+02 +/-   3.83646123E-06   7.36628221E-07
  # Using parabolic minimum
* Iteration # 1: E =  -2.307002861279E+02 +/-   3.836461225002E-06
* Convergence: exiting.
* After optimization:
  -4.3659E-01   2.7640E-01  -9.1012E-02  -8.6347E-02   1.3220E-02   1.0817E-02
  -1.0644E-01  -1.7028E-01   5.5051E-02   3.7641E-02   8.1742E-02   6.3894E-03
   1.6919E-02  -2.1688E-02  -1.2209E-02  -1.2500E-02   8.3141E-03   1.0919E-03
   6.1049E-05   6.5135E-01   9.2413E-02  -6.2743E-02  -5.8831E-02  -1.3706E-02
  -1.3744E-02   9.3456E-02  -6.0021E-02  -5.8622E-02  -9.6998E-03  -1.2357E-02
   2.2596E-01  -4.9170E-02  -4.7387E-02   2.5734E-02   3.0010E-02   2.1685E-01
  -4.5237E-02  -4.6501E-02   3.5849E-02   3.5935E-02
  > Energy =  -2.307002861279E+02 +/-   3.836461225002E-06
  > varE =   7.366282214142E-07

VMC #4:
* Size of Hilbert space =   4.0000E+02
* Deterministic energy evaluation:
  > Deterministic Etot/t = -230.7002779814339
    - Ttot/t = -10.36326585143391
    - Utot/t = 3.905479724147916
* Number of equil. steps   = 1000
* Running VMC equilibration.
  Done. [total walltime: 0.08s]
* Equil. acc.ratio (%)     =  36.2642
* Sample config after equilibration:
  +-----+
  |  0  |
  |u   2|
  |d   d|
  |  u  |
  +-----+
* Number of accum. steps   = 500480 x 10
* Running VMC accumulation.
  Done. [total walltime: 9.18s]
* Acceptance ratio (%)     =  36.2948
* Etot/t                   =  -2.307002761154E+02 +/-   1.246541248185E-06
  > Ttot/t                 =  -1.036327625861E+01 +/-   2.875847488974E-04
  > Utot/t                 =   3.905491997468E+00 +/-   2.877107468401E-04
* var[Eloc/t]              =   7.801182826388E-07 +/-   1.412699854478E-08
* Correlation length       =   9.968724157101E-01
* log10 Psi^2 range: -8.602962169075289 -- -4.409020140877568
* log10 Pgen range : -8.602962169075289 -- -4.409020140877568
* Site occupation (ave. no. electrons per config.):
  > Site_  ___eu____  ___ed____
      1        0.500      0.499
      2        0.502      0.497
      3        0.497      0.502
      4        0.501      0.496
      5        0.501      0.502
      6        0.499      0.505
* Pair-correlation analysis (ave. no. pairs per config.):
  > Shell  nsite  ___dh____  __eueu___  __eued___
      0      1        0          0          1.028
      1      4        1.058      1.470      3.539
      2      4        0.149      0.841      1.108
      3      4        0.074      0.422      0.556
      4      4        0.232      2.180      1.845
      5      4        0.115      1.088      0.924

Optimization #4:
* Method          : lls
* Target function : energy
* No. of configs. : 50048
* No. of params.  : 40
* Before optimization:
  -4.3659E-01   2.7640E-01  -9.1012E-02  -8.6347E-02   1.3220E-02   1.0817E-02
  -1.0644E-01  -1.7028E-01   5.5051E-02   3.7641E-02   8.1742E-02   6.3894E-03
   1.6919E-02  -2.1688E-02  -1.2209E-02  -1.2500E-02   8.3141E-03   1.0919E-03
   6.1049E-05   6.5135E-01   9.2413E-02  -6.2743E-02  -5.8831E-02  -1.3706E-02
  -1.3744E-02   9.3456E-02  -6.0021E-02  -5.8622E-02  -9.6998E-03  -1.2357E-02
   2.2596E-01  -4.9170E-02  -4.7387E-02   2.5734E-02   3.0010E-02   2.1685E-01
  -4.5237E-02  -4.6501E-02   3.5849E-02   3.5935E-02
  > E    =  -2.307002674087E+02 +/-   4.075470373562E-06
  > varE =   8.312701923097E-07
* Computing derivatives.
  Done. [total walltime: 24.2s]
* Optimizing manipulation constant:
  #igrid a___________ E____________________________________ varE____________
     1     Infinity    -2.30700267E+02 +/-   4.07547037E-06   8.31270192E-07
     2     1.0000E+06  -2.30700267E+02 +/-   4.07546838E-06   8.31269377E-07
     3     2.1544E+05  -2.30700267E+02 +/-   4.07546110E-06   8.31266408E-07
     4     4.6416E+04  -2.30700267E+02 +/-   4.07542728E-06   8.31252615E-07
     5     1.0000E+04  -2.30700267E+02 +/-   4.07526979E-06   8.31188368E-07
     6     2.1544E+03  -2.30700267E+02 +/-   4.07452677E-06   8.30885306E-07
     7     4.6416E+02  -2.30700267E+02 +/-   4.07082158E-06   8.29374851E-07
     8     1.0000E+02  -2.30700267E+02 +/-   4.04840460E-06   8.20265692E-07
     9     2.1544E+01  -2.30700267E+02 +/-   3.90910561E-06   7.64788828E-07
    10     4.6416E+00  -2.30700256E+02 +/-   1.06885915E-05   5.71778317E-06
    11     1.0000E+00  -2.30700269E+02 +/-   4.07598706E-06   8.31480982E-07
    12     2.1544E-01  -2.30672394E+02 +/-   6.42154635E-04   2.06379221E-02
    13     4.6416E-02  -2.30661530E+02 +/-   7.54454493E-04   2.84874008E-02
    14     1.0000E-02  -2.30657167E+02 +/-   7.94748233E-04   3.16115557E-02
    15     2.1544E-03  -2.30656093E+02 +/-   8.04327568E-04   3.23781951E-02
    16     4.6416E-04  -2.30655855E+02 +/-   8.06435470E-04   3.25481246E-02
    17     1.0000E-04  -2.30655803E+02 +/-   8.06891677E-04   3.25849605E-02
    18     2.1544E-05  -2.30655792E+02 +/-   8.06990061E-04   3.25929071E-02
    19     4.6416E-06  -2.30655790E+02 +/-   8.07011261E-04   3.25946196E-02
    20     1.0000E-06  -2.30655789E+02 +/-   8.07015829E-04   3.25949886E-02
    21     0.0000E+00  -2.30655789E+02 +/-   8.07017083E-04   3.25950899E-02
  ParMin   2.1508E+00  -2.30700207E+02 +/-   2.67931311E-05   3.59280517E-05
  # Using grid point #11
* Iteration # 1: E =  -2.307002686013E+02 +/-   4.075987060424E-06
* Convergence: exiting.
* After optimization:
  -4.4509E-01   2.7399E-01  -9.2164E-02  -8.7499E-02   1.4947E-02   1.2863E-02
  -1.0364E-01  -1.7469E-01   5.6655E-02   3.7214E-02   8.1136E-02   8.6098E-03
   1.5537E-02  -1.9600E-02  -1.1096E-02  -1.0818E-02   7.9285E-03   8.9419E-04
   3.4169E-05   6.4894E-01   9.7186E-02  -6.4862E-02  -6.2263E-02  -1.3306E-02
  -1.3339E-02   9.6675E-02  -6.4435E-02  -6.3211E-02  -8.6642E-03  -1.0940E-02
   2.3598E-01  -5.3605E-02  -5.2230E-02   2.6781E-02   3.0443E-02   2.2558E-01
  -5.2291E-02  -5.2096E-02   3.8994E-02   3.9088E-02
  > Energy =  -2.307002686013E+02 +/-   4.075987060424E-06
  > varE =   8.314809820219E-07

VMC #5:
* Size of Hilbert space =   4.0000E+02
* Deterministic energy evaluation:
  > Deterministic Etot/t = -230.7002777848501
    - Ttot/t = -10.36328785772734
    - Utot/t = 3.905501927025125
* Number of equil. steps   = 1000
* Running VMC equilibration.
  Done. [total walltime: 0.08s]
* Equil. acc.ratio (%)     =  36.8062
* Sample config after equilibration:
  +-----+
  |  d  |
  |d   u|
  |u   u|
  |  d  |
  +-----+
* Number of accum. steps   = 500480 x 10
* Running VMC accumulation.
  Done. [total walltime: 9.19s]
* Acceptance ratio (%)     =  36.5360
* Etot/t                   =  -2.307002806738E+02 +/-   1.257180796485E-06
  > Ttot/t                 =  -1.036332624931E+01 +/-   2.949505397289E-04
  > Utot/t                 =   3.905537429612E+00 +/-   2.951044331250E-04
* var[Eloc/t]              =   8.103439447148E-07 +/-   9.050818780194E-09
* Correlation length       =   9.761415808570E-01
* log10 Psi^2 range: -8.083715617425003 -- -4.543380388361670
* log10 Pgen range : -8.083715617425003 -- -4.543380388361670
* Site occupation (ave. no. electrons per config.):
  > Site_  ___eu____  ___ed____
      1        0.500      0.499
      2        0.504      0.498
      3        0.497      0.501
      4        0.496      0.500
      5        0.503      0.502
      6        0.500      0.501
* Pair-correlation analysis (ave. no. pairs per config.):
  > Shell  nsite  ___dh____  __eueu___  __eued___
      0      1        0          0          1.031
      1      4        1.061      1.472      3.535
      2      4        0.150      0.832      1.109
      3      4        0.076      0.423      0.557
      4      4        0.232      2.183      1.852
      5      4        0.117      1.089      0.916

Optimization #5:
* Method          : lls
* Target function : energy
* No. of configs. : 50048
* No. of params.  : 40
* Before optimization:
  -4.4509E-01   2.7399E-01  -9.2164E-02  -8.7499E-02   1.4947E-02   1.2863E-02
  -1.0364E-01  -1.7469E-01   5.6655E-02   3.7214E-02   8.1136E-02   8.6098E-03
   1.5537E-02  -1.9600E-02  -1.1096E-02  -1.0818E-02   7.9285E-03   8.9419E-04
   3.4169E-05   6.4894E-01   9.7186E-02  -6.4862E-02  -6.2263E-02  -1.3306E-02
  -1.3339E-02   9.6675E-02  -6.4435E-02  -6.3211E-02  -8.6642E-03  -1.0940E-02
   2.3598E-01  -5.3605E-02  -5.2230E-02   2.6781E-02   3.0443E-02   2.2558E-01
  -5.2291E-02  -5.2096E-02   3.8994E-02   3.9088E-02
  > E    =  -2.307002768371E+02 +/-   3.943681164592E-06
  > varE =   7.783775822122E-07
* Computing derivatives.
  Done. [total walltime: 23.9s]
* Optimizing manipulation constant:
  #igrid a___________ E____________________________________ varE____________
     1     Infinity    -2.30700277E+02 +/-   3.94368116E-06   7.78377582E-07
     2     1.0000E+06  -2.30700277E+02 +/-   3.94367805E-06   7.78376351E-07
     3     2.1544E+05  -2.30700277E+02 +/-   3.94366668E-06   7.78371863E-07
     4     4.6416E+04  -2.30700277E+02 +/-   3.94361365E-06   7.78350931E-07
     5     1.0000E+04  -2.30700277E+02 +/-   3.94336197E-06   7.78251585E-07
     6     2.1544E+03  -2.30700277E+02 +/-   3.94207469E-06   7.77743560E-07
     7     4.6416E+02  -2.30700277E+02 +/-   3.93360176E-06   7.74403855E-07
     8     1.0000E+02  -2.30700277E+02 +/-   3.85312831E-06   7.43042523E-07
     9     2.1544E+01  -2.30700279E+02 +/-   4.85627758E-06   1.18030360E-06
    10     4.6416E+00  -2.30700280E+02 +/-   4.71983489E-06   1.11491136E-06
    11     1.0000E+00  -2.30375292E+02 +/-   2.03271735E-03   2.06795324E-01
    12     2.1544E-01  -2.30474558E+02 +/-   1.75770273E-03   1.54624242E-01
    13     4.6416E-02  -2.30487116E+02 +/-   1.71790685E-03   1.47701855E-01
    14     1.0000E-02  -2.30492858E+02 +/-   1.69866447E-03   1.44411551E-01
    15     2.1544E-03  -2.30494334E+02 +/-   1.69363184E-03   1.43557124E-01
    16     4.6416E-04  -2.30494664E+02 +/-   1.69250050E-03   1.43365396E-01
    17     1.0000E-04  -2.30494736E+02 +/-   1.69225451E-03   1.43323725E-01
    18     2.1544E-05  -2.30494752E+02 +/-   1.69220141E-03   1.43314730E-01
    19     4.6416E-06  -2.30494755E+02 +/-   1.69218996E-03   1.43312792E-01
    20     1.0000E-06  -2.30494756E+02 +/-   1.69218750E-03   1.43312374E-01
    21     0.0000E+00  -2.30494756E+02 +/-   1.69218682E-03   1.43312259E-01
  ParMin   9.9999E+00  -2.30700277E+02 +/-   1.06036021E-05   5.62721577E-06
  # Using grid point #10
* Iteration # 1: E =  -2.307002795937E+02 +/-   4.719834891656E-06
* Convergence: exiting.
* After optimization:
  -5.5282E-01   2.6997E-01  -8.5708E-02  -8.3253E-02   1.5322E-02   1.4462E-02
  -1.0363E-01  -1.7517E-01   5.6520E-02   3.2760E-02   7.4011E-02   1.3079E-02
   1.1485E-02  -1.3530E-02  -1.0879E-02  -1.0369E-02   8.9544E-03   2.4094E-03
   4.2176E-05   6.6649E-01   9.6630E-02  -6.6555E-02  -6.5278E-02  -1.4175E-02
  -1.4197E-02   9.4265E-02  -7.1766E-02  -7.0881E-02  -7.2528E-03  -8.6752E-03
   2.4064E-01  -5.7499E-02  -5.6667E-02   2.8019E-02   3.0249E-02   2.3158E-01
  -6.2353E-02  -6.1489E-02   4.4789E-02   4.4871E-02
  > Energy =  -2.307002795937E+02 +/-   4.719834891656E-06
  > varE =   1.114911358612E-06

VMC #6:
* Size of Hilbert space =   4.0000E+02
* Deterministic energy evaluation:
  > Deterministic Etot/t = -230.7002772594174
    - Ttot/t = -10.36295476752989
    - Utot/t = 3.905169362260319
* Number of equil. steps   = 1000
* Running VMC equilibration.
  Done. [total walltime: 0.08s]
* Equil. acc.ratio (%)     =  40.3233
* Sample config after equilibration:
  +-----+
  |  2  |
  |2   0|
  |u   d|
  |  0  |
  +-----+
* Number of accum. steps   = 500480 x 10
* Running VMC accumulation.
  Done. [total walltime: 9.21s]
* Acceptance ratio (%)     =  40.1332
* Etot/t                   =  -2.307002763489E+02 +/-   1.530075588847E-06
  > Ttot/t                 =  -1.036303717688E+01 +/-   2.917628313437E-04
  > Utot/t                 =   3.905252681964E+00 +/-   2.911652340014E-04
* var[Eloc/t]              =   1.149365297256E-06 +/-   2.663984001347E-08
* Correlation length       =   1.019422980334E+00
* log10 Psi^2 range: -8.178155442856374 -- -4.636491639153025
* log10 Pgen range : -8.178155442856374 -- -4.636491639153025
* Site occupation (ave. no. electrons per config.):
  > Site_  ___eu____  ___ed____
      1        0.497      0.497
      2        0.496      0.503
      3        0.502      0.501
      4        0.502      0.501
      5        0.503      0.499
      6        0.499      0.498
* Pair-correlation analysis (ave. no. pairs per config.):
  > Shell  nsite  ___dh____  __eueu___  __eued___
      0      1        0          0          1.026
      1      4        1.056      1.475      3.535
      2      4        0.151      0.843      1.105
      3      4        0.073      0.421      0.556
      4      4        0.228      2.176      1.853
      5      4        0.117      1.085      0.925

Optimization #6:
* Method          : lls
* Target function : energy
* No. of configs. : 50048
* No. of params.  : 40
* Before optimization:
  -5.5282E-01   2.6997E-01  -8.5708E-02  -8.3253E-02   1.5322E-02   1.4462E-02
  -1.0363E-01  -1.7517E-01   5.6520E-02   3.2760E-02   7.4011E-02   1.3079E-02
   1.1485E-02  -1.3530E-02  -1.0879E-02  -1.0369E-02   8.9544E-03   2.4094E-03
   4.2176E-05   6.6649E-01   9.6630E-02  -6.6555E-02  -6.5278E-02  -1.4175E-02
  -1.4197E-02   9.4265E-02  -7.1766E-02  -7.0881E-02  -7.2528E-03  -8.6752E-03
   2.4064E-01  -5.7499E-02  -5.6667E-02   2.8019E-02   3.0249E-02   2.3158E-01
  -6.2353E-02  -6.1489E-02   4.4789E-02   4.4871E-02
  > E    =  -2.307002737957E+02 +/-   4.658008609020E-06
  > varE =   1.085893668207E-06
* Computing derivatives.
  Done. [total walltime: 23.9s]
* Optimizing manipulation constant:
  #igrid a___________ E____________________________________ varE____________
     1     Infinity    -2.30700274E+02 +/-   4.65800861E-06   1.08589367E-06
     2     1.0000E+06  -2.30700274E+02 +/-   4.65800511E-06   1.08589204E-06
     3     2.1544E+05  -2.30700274E+02 +/-   4.65799239E-06   1.08588610E-06
     4     4.6416E+04  -2.30700274E+02 +/-   4.65793375E-06   1.08585876E-06
     5     1.0000E+04  -2.30700274E+02 +/-   4.65767058E-06   1.08573607E-06
     6     2.1544E+03  -2.30700274E+02 +/-   4.65664304E-06   1.08525707E-06
     7     4.6416E+02  -2.30700274E+02 +/-   4.65603637E-06   1.08497431E-06
     8     1.0000E+02  -2.30700274E+02 +/-   4.74705676E-06   1.12780905E-06
     9     2.1544E+01  -2.30700266E+02 +/-   8.47585713E-06   3.59545603E-06
    10     4.6416E+00  -2.30699859E+02 +/-   7.46405097E-05   2.78827702E-04
    11     1.0000E+00  -2.30691904E+02 +/-   3.54511380E-04   6.28994847E-03
    12     2.1544E-01  -2.30678304E+02 +/-   5.75669891E-04   1.65856982E-02
    13     4.6416E-02  -2.30674635E+02 +/-   6.21685599E-04   1.93432009E-02
    14     1.0000E-02  -2.30674084E+02 +/-   6.28285995E-04   1.97561122E-02
    15     2.1544E-03  -2.30673988E+02 +/-   6.29432098E-04   1.98282551E-02
    16     4.6416E-04  -2.30673969E+02 +/-   6.29664256E-04   1.98428846E-02
    17     1.0000E-04  -2.30673964E+02 +/-   6.29713565E-04   1.98459926E-02
    18     2.1544E-05  -2.30673964E+02 +/-   6.29724156E-04   1.98466601E-02
    19     4.6416E-06  -2.30673963E+02 +/-   6.29726436E-04   1.98468038E-02
    20     1.0000E-06  -2.30673963E+02 +/-   6.29726927E-04   1.98468348E-02
    21     0.0000E+00  -2.30673963E+02 +/-   6.29727062E-04   1.98468433E-02
* Iteration # 1: E =  -2.307002737965E+02 +/-   4.656643044538E-06
* Convergence: exiting.
* After optimization:
  -5.5383E-01   2.6997E-01  -8.5693E-02  -8.3239E-02   1.5324E-02   1.4464E-02
  -1.0363E-01  -1.7517E-01   5.6515E-02   3.2752E-02   7.3996E-02   1.3084E-02
   1.1479E-02  -1.3523E-02  -1.0880E-02  -1.0371E-02   8.9569E-03   2.4124E-03
   4.2177E-05   6.6680E-01   9.6658E-02  -6.6583E-02  -6.5306E-02  -1.4186E-02
  -1.4209E-02   9.4288E-02  -7.1804E-02  -7.0919E-02  -7.2565E-03  -8.6787E-03
   2.4063E-01  -5.7496E-02  -5.6665E-02   2.8019E-02   3.0247E-02   2.3157E-01
  -6.2359E-02  -6.1496E-02   4.4796E-02   4.4878E-02
  > Energy =  -2.307002737965E+02 +/-   4.656643044538E-06
  > varE =   1.085257069785E-06

VMC #7:
* Size of Hilbert space =   4.0000E+02
* Deterministic energy evaluation:
  > Deterministic Etot/t = -230.7002772601808
    - Ttot/t = -10.36295476580532
    - Utot/t = 3.905169359772347
* Number of equil. steps   = 1000
* Running VMC equilibration.
  Done. [total walltime: 0.08s]
* Equil. acc.ratio (%)     =  40.2092
* Sample config after equilibration:
  +-----+
  |  u  |
  |d   d|
  |u   d|
  |  u  |
  +-----+
* Number of accum. steps   = 500480 x 10
* Running VMC accumulation.
  Done. [total walltime: 9.22s]
* Acceptance ratio (%)     =  40.1591
* Etot/t                   =  -2.307002791662E+02 +/-   1.547307594903E-06
  > Ttot/t                 =  -1.036303959749E+01 +/-   2.900216749789E-04
  > Utot/t                 =   3.905252285342E+00 +/-   2.893894124462E-04
* var[Eloc/t]              =   1.184955292583E-06 +/-   1.922430537951E-08
* Correlation length       =   1.011202364598E+00
* log10 Psi^2 range: -8.178081226867787 -- -4.636418133395034
* log10 Pgen range : -8.178081226867787 -- -4.636418133395034
* Site occupation (ave. no. electrons per config.):
  > Site_  ___eu____  ___ed____
      1        0.503      0.500
      2        0.497      0.503
      3        0.502      0.498
      4        0.500      0.497
      5        0.499      0.502
      6        0.498      0.501
* Pair-correlation analysis (ave. no. pairs per config.):
  > Shell  nsite  ___dh____  __eueu___  __eued___
      0      1        0          0          1.030
      1      4        1.063      1.477      3.527
      2      4        0.152      0.840      1.108
      3      4        0.076      0.421      0.553
      4      4        0.231      2.174      1.856
      5      4        0.116      1.088      0.927

Optimization #7:
* Method          : lls
* Target function : energy
* No. of configs. : 50048
* No. of params.  : 40
* Before optimization:
  -5.5383E-01   2.6997E-01  -8.5693E-02  -8.3239E-02   1.5324E-02   1.4464E-02
  -1.0363E-01  -1.7517E-01   5.6515E-02   3.2752E-02   7.3996E-02   1.3084E-02
   1.1479E-02  -1.3523E-02  -1.0880E-02  -1.0371E-02   8.9569E-03   2.4124E-03
   4.2177E-05   6.6680E-01   9.6658E-02  -6.6583E-02  -6.5306E-02  -1.4186E-02
  -1.4209E-02   9.4288E-02  -7.1804E-02  -7.0919E-02  -7.2565E-03  -8.6787E-03
   2.4063E-01  -5.7496E-02  -5.6665E-02   2.8019E-02   3.0247E-02   2.3157E-01
  -6.2359E-02  -6.1496E-02   4.4796E-02   4.4878E-02
  > E    =  -2.307002750700E+02 +/-   4.717543270654E-06
  > varE =   1.113828975821E-06
* Computing derivatives.
  Done. [total walltime: 23.8s]
* Optimizing manipulation constant:
  #igrid a___________ E____________________________________ varE____________
     1     Infinity    -2.30700275E+02 +/-   4.71754327E-06   1.11382898E-06
     2     1.0000E+06  -2.30700275E+02 +/-   4.71753973E-06   1.11382730E-06
     3     2.1544E+05  -2.30700275E+02 +/-   4.71752682E-06   1.11382121E-06
     4     4.6416E+04  -2.30700275E+02 +/-   4.71746708E-06   1.11379300E-06
     5     1.0000E+04  -2.30700275E+02 +/-   4.71719293E-06   1.11366355E-06
     6     2.1544E+03  -2.30700275E+02 +/-   4.71598799E-06   1.11309468E-06
     7     4.6416E+02  -2.30700275E+02 +/-   4.71186077E-06   1.11114727E-06
     8     1.0000E+02  -2.30700275E+02 +/-   4.72594983E-06   1.11780215E-06
     9     2.1544E+01  -2.30700275E+02 +/-   6.01398142E-06   1.81013469E-06
    10     4.6416E+00  -2.30699770E+02 +/-   9.24230830E-05   4.27511331E-04
    11     1.0000E+00  -2.30017282E+02 +/-   2.55173971E-03   3.25881323E-01
    12     2.1544E-01  -2.30697534E+02 +/-   2.12487119E-04   2.25970602E-03
    13     4.6416E-02  -2.30700067E+02 +/-   6.70117625E-05   2.24744364E-04
    14     1.0000E-02  -2.30700203E+02 +/-   4.57582953E-05   1.04791583E-04
    15     2.1544E-03  -2.30700221E+02 +/-   4.17786912E-05   8.73567341E-05
    16     4.6416E-04  -2.30700225E+02 +/-   4.09520643E-05   8.39340781E-05
    17     1.0000E-04  -2.30700225E+02 +/-   4.07754337E-05   8.32116062E-05
    18     2.1544E-05  -2.30700226E+02 +/-   4.07374479E-05   8.30566411E-05
    19     4.6416E-06  -2.30700226E+02 +/-   4.07292673E-05   8.30232867E-05
    20     1.0000E-06  -2.30700226E+02 +/-   4.07275050E-05   8.30161022E-05
    21     0.0000E+00  -2.30700226E+02 +/-   4.07270211E-05   8.30141294E-05
  ParMin   2.1521E+02  -2.30700275E+02 +/-   4.71025621E-06   1.11039063E-06
  # Using parabolic minimum
* Iteration # 1: E =  -2.307002750892E+02 +/-   4.710256209893E-06
* Convergence: exiting.
* After optimization:
  -5.5950E-01   2.6998E-01  -8.5542E-02  -8.3107E-02   1.5331E-02   1.4478E-02
  -1.0370E-01  -1.7510E-01   5.6467E-02   3.2686E-02   7.3853E-02   1.3130E-02
   1.1417E-02  -1.3448E-02  -1.0895E-02  -1.0386E-02   8.9812E-03   2.4428E-03
   4.2213E-05   6.6843E-01   9.6727E-02  -6.6715E-02  -6.5444E-02  -1.4269E-02
  -1.4292E-02   9.4320E-02  -7.2025E-02  -7.1143E-02  -7.2779E-03  -8.6958E-03
   2.4058E-01  -5.7467E-02  -5.6641E-02   2.8017E-02   3.0234E-02   2.3152E-01
  -6.2413E-02  -6.1551E-02   4.4867E-02   4.4948E-02
  > Energy =  -2.307002750892E+02 +/-   4.710256209893E-06
  > varE =   1.110390630793E-06

VMC #8:
* Size of Hilbert space =   4.0000E+02
* Deterministic energy evaluation:
  > Deterministic Etot/t = -230.7002772640045
    - Ttot/t = -10.36295295872407
    - Utot/t = 3.905167548867514
* Number of equil. steps   = 1000
* Running VMC equilibration.
  Done. [total walltime: 0.08s]
* Equil. acc.ratio (%)     =  40.4893
* Sample config after equilibration:
  +-----+
  |  d  |
  |u   u|
  |d   d|
  |  u  |
  +-----+
* Number of accum. steps   = 500480 x 10
* Running VMC accumulation.
  Done. [total walltime: 9.18s]
* Acceptance ratio (%)     =  40.3430
* Etot/t                   =  -2.307002785172E+02 +/-   1.526978608286E-06
  > Ttot/t                 =  -1.036324554896E+01 +/-   2.917037680052E-04
  > Utot/t                 =   3.905458885738E+00 +/-   2.911102947304E-04
* var[Eloc/t]              =   1.177956679557E-06 +/-   2.315013071067E-08
* Correlation length       =   9.906570028377E-01
* log10 Psi^2 range: -8.177307176069618 -- -4.635650560069423
* log10 Pgen range : -8.177307176069618 -- -4.635650560069423
* Site occupation (ave. no. electrons per config.):
  > Site_  ___eu____  ___ed____
      1        0.498      0.504
      2        0.500      0.499
      3        0.502      0.496
      4        0.499      0.496
      5        0.500      0.502
      6        0.501      0.503
* Pair-correlation analysis (ave. no. pairs per config.):
  > Shell  nsite  ___dh____  __eueu___  __eued___
      0      1        0          0          1.029
      1      4        1.059      1.475      3.532
      2      4        0.153      0.842      1.103
      3      4        0.076      0.419      0.555
      4      4        0.232      2.179      1.850
      5      4        0.113      1.085      0.932

Optimization #8:
* Method          : lls
* Target function : energy
* No. of configs. : 50048
* No. of params.  : 40
* Before optimization:
  -5.5950E-01   2.6998E-01  -8.5542E-02  -8.3107E-02   1.5331E-02   1.4478E-02
  -1.0370E-01  -1.7510E-01   5.6467E-02   3.2686E-02   7.3853E-02   1.3130E-02
   1.1417E-02  -1.3448E-02  -1.0895E-02  -1.0386E-02   8.9812E-03   2.4428E-03
   4.2213E-05   6.6843E-01   9.6727E-02  -6.6715E-02  -6.5444E-02  -1.4269E-02
  -1.4292E-02   9.4320E-02  -7.2025E-02  -7.1143E-02  -7.2779E-03  -8.6958E-03
   2.4058E-01  -5.7467E-02  -5.6641E-02   2.8017E-02   3.0234E-02   2.3152E-01
  -6.2413E-02  -6.1551E-02   4.4867E-02   4.4948E-02
  > E    =  -2.307002798211E+02 +/-   4.666667560031E-06
  > varE =   1.089934639526E-06
* Computing derivatives.
  Done. [total walltime: 23.9s]
* Optimizing manipulation constant:
  #igrid a___________ E____________________________________ varE____________
     1     Infinity    -2.30700280E+02 +/-   4.66666756E-06   1.08993464E-06
     2     1.0000E+06  -2.30700280E+02 +/-   4.66666397E-06   1.08993296E-06
     3     2.1544E+05  -2.30700280E+02 +/-   4.66665091E-06   1.08992686E-06
     4     4.6416E+04  -2.30700280E+02 +/-   4.66659029E-06   1.08989854E-06
     5     1.0000E+04  -2.30700280E+02 +/-   4.66630888E-06   1.08976710E-06
     6     2.1544E+03  -2.30700280E+02 +/-   4.66500236E-06   1.08915694E-06
     7     4.6416E+02  -2.30700280E+02 +/-   4.65892940E-06   1.08632303E-06
     8     1.0000E+02  -2.30700280E+02 +/-   4.63040683E-06   1.07306252E-06
     9     2.1544E+01  -2.30700280E+02 +/-   4.48984952E-06   1.00890506E-06
    10     4.6416E+00  -2.30638394E+02 +/-   9.62324905E-04   4.63479125E-02
    11     1.0000E+00  -2.30669969E+02 +/-   6.57286890E-04   2.16220400E-02
    12     2.1544E-01  -2.30700253E+02 +/-   1.18079285E-05   6.97805130E-06
    13     4.6416E-02  -2.30700253E+02 +/-   1.21210756E-05   7.35307584E-06
    14     1.0000E-02  -2.30700252E+02 +/-   1.23324670E-05   7.61178740E-06
    15     2.1544E-03  -2.30700252E+02 +/-   1.23775398E-05   7.66752832E-06
    16     4.6416E-04  -2.30700252E+02 +/-   1.23871578E-05   7.67944910E-06
    17     1.0000E-04  -2.30700252E+02 +/-   1.23892249E-05   7.68201237E-06
    18     2.1544E-05  -2.30700252E+02 +/-   1.23896700E-05   7.68256437E-06
    19     4.6416E-06  -2.30700252E+02 +/-   1.23897659E-05   7.68268328E-06
    20     1.0000E-06  -2.30700252E+02 +/-   1.23897866E-05   7.68270890E-06
    21     0.0000E+00  -2.30700252E+02 +/-   1.23897923E-05   7.68271594E-06
  ParMin   4.6416E+01  -2.30700280E+02 +/-   4.58678010E-06   1.05293743E-06
  # Using grid point #9
* Iteration # 1: E =  -2.307002796921E+02 +/-   4.489849522435E-06
* Convergence: exiting.
* After optimization:
  -5.4974E-01   2.7005E-01  -8.4146E-02  -8.1870E-02   1.5409E-02   1.4610E-02
  -1.0433E-01  -1.7447E-01   5.5994E-02   3.2079E-02   7.2554E-02   1.3502E-02
   1.0883E-02  -1.2802E-02  -1.1037E-02  -1.0520E-02   9.2020E-03   2.7284E-03
   4.2885E-05   6.6269E-01   9.4308E-02  -6.5866E-02  -6.4700E-02  -1.4602E-02
  -1.4622E-02   9.1669E-02  -7.1821E-02  -7.0983E-02  -7.2670E-03  -8.6071E-03
   2.4000E-01  -5.7193E-02  -5.6413E-02   2.7983E-02   3.0099E-02   2.3098E-01
  -6.2903E-02  -6.2032E-02   4.5477E-02   4.5556E-02
  > Energy =  -2.307002796921E+02 +/-   4.489849522435E-06
  > varE =   1.008905056645E-06

VMC #9:
* Size of Hilbert space =   4.0000E+02
* Deterministic energy evaluation:
  > Deterministic Etot/t = -230.7002773638776
    - Ttot/t = -10.36295806615531
    - Utot/t = 3.905172556425564
* Number of equil. steps   = 1000
* Running VMC equilibration.
  Done. [total walltime: 0.08s]
* Equil. acc.ratio (%)     =  40.1504
* Sample config after equilibration:
  +-----+
  |  d  |
  |u   d|
  |d   u|
  |  u  |
  +-----+
* Number of accum. steps   = 500480 x 10
* Running VMC accumulation.
  Done. [total walltime: 9.20s]
* Acceptance ratio (%)     =  40.0105
* Etot/t                   =  -2.307002774008E+02 +/-   1.478369126638E-06
  > Ttot/t                 =  -1.036317301090E+01 +/-   2.884903229527E-04
  > Utot/t                 =   3.905387464216E+00 +/-   2.878533449276E-04
* var[Eloc/t]              =   1.045108354793E-06 +/-   1.101414530169E-08
* Correlation length       =   1.046625173757E+00
* log10 Psi^2 range: -8.169482201437331 -- -4.627878607781509
* log10 Pgen range : -8.169482201437331 -- -4.627878607781509
* Site occupation (ave. no. electrons per config.):
  > Site_  ___eu____  ___ed____
      1        0.497      0.501
      2        0.501      0.495
      3        0.499      0.501
      4        0.498      0.499
      5        0.502      0.498
      6        0.503      0.506
* Pair-correlation analysis (ave. no. pairs per config.):
  > Shell  nsite  ___dh____  __eueu___  __eued___
      0      1        0          0          1.025
      1      4        1.052      1.475      3.540
      2      4        0.147      0.842      1.113
      3      4        0.074      0.416      0.557
      4      4        0.232      2.177      1.837
      5      4        0.112      1.090      0.928

Optimization #9:
* Method          : lls
* Target function : energy
* No. of configs. : 50048
* No. of params.  : 40
* Before optimization:
  -5.4974E-01   2.7005E-01  -8.4146E-02  -8.1870E-02   1.5409E-02   1.4610E-02
  -1.0433E-01  -1.7447E-01   5.5994E-02   3.2079E-02   7.2554E-02   1.3502E-02
   1.0883E-02  -1.2802E-02  -1.1037E-02  -1.0520E-02   9.2020E-03   2.7284E-03
   4.2885E-05   6.6269E-01   9.4308E-02  -6.5866E-02  -6.4700E-02  -1.4602E-02
  -1.4622E-02   9.1669E-02  -7.1821E-02  -7.0983E-02  -7.2670E-03  -8.6071E-03
   2.4000E-01  -5.7193E-02  -5.6413E-02   2.7983E-02   3.0099E-02   2.3098E-01
  -6.2903E-02  -6.2032E-02   4.5477E-02   4.5556E-02
  > E    =  -2.307002833226E+02 +/-   4.619160610272E-06
  > varE =   1.067856396122E-06
* Computing derivatives.
  Done. [total walltime: 23.9s]
* Optimizing manipulation constant:
  #igrid a___________ E____________________________________ varE____________
     1     Infinity    -2.30700283E+02 +/-   4.61916061E-06   1.06785640E-06
     2     1.0000E+06  -2.30700283E+02 +/-   4.61915746E-06   1.06785494E-06
     3     2.1544E+05  -2.30700283E+02 +/-   4.61914598E-06   1.06784963E-06
     4     4.6416E+04  -2.30700283E+02 +/-   4.61909271E-06   1.06782500E-06
     5     1.0000E+04  -2.30700283E+02 +/-   4.61884548E-06   1.06771070E-06
     6     2.1544E+03  -2.30700283E+02 +/-   4.61769856E-06   1.06718051E-06
     7     4.6416E+02  -2.30700283E+02 +/-   4.61238869E-06   1.06472763E-06
     8     1.0000E+02  -2.30700283E+02 +/-   4.58803850E-06   1.05351527E-06
     9     2.1544E+01  -2.30700283E+02 +/-   4.48159549E-06   1.00519897E-06
    10     4.6416E+00  -2.30700284E+02 +/-   4.14794582E-06   8.61098588E-07
    11     1.0000E+00  -2.30700287E+02 +/-   5.77312516E-06   1.66804850E-06
    12     2.1544E-01  -2.30699530E+02 +/-   1.13834823E-04   6.48540353E-04
    13     4.6416E-02  -2.30032734E+02 +/-   1.63437519E-15   1.33687330E-25
    14     1.0000E-02  -2.30623557E+02 +/-   1.10633264E-03   6.12573463E-02
    15     2.1544E-03  -2.30658025E+02 +/-   8.25356847E-04   3.40933945E-02
    16     4.6416E-04  -2.30662718E+02 +/-   7.78491767E-04   3.03315619E-02
    17     1.0000E-04  -2.30663642E+02 +/-   7.68907370E-04   2.95893057E-02
    18     2.1544E-05  -2.30663837E+02 +/-   7.66865226E-04   2.94323417E-02
    19     4.6416E-06  -2.30663879E+02 +/-   7.66426305E-04   2.93986597E-02
    20     1.0000E-06  -2.30663888E+02 +/-   7.66331791E-04   2.93914094E-02
    21     0.0000E+00  -2.30663890E+02 +/-   7.66305840E-04   2.93894188E-02
* Iteration # 1: E =  -2.307002839004E+02 +/-   4.147945819719E-06
* Convergence: exiting.
* After optimization:
  -5.5365E-01   2.6913E-01  -8.2592E-02  -8.0994E-02   1.5020E-02   1.4498E-02
  -1.0401E-01  -1.7339E-01   5.5800E-02   3.1092E-02   7.2736E-02   1.3084E-02
   1.1036E-02  -1.2520E-02  -1.1196E-02  -1.0775E-02   9.4776E-03   3.1929E-03
   4.6161E-05   6.6266E-01   9.2069E-02  -6.6280E-02  -6.5091E-02  -1.5718E-02
  -1.5732E-02   8.9176E-02  -7.3264E-02  -7.2423E-02  -7.8435E-03  -9.0257E-03
   2.3850E-01  -5.7675E-02  -5.6861E-02   2.7221E-02   2.9145E-02   2.2973E-01
  -6.4500E-02  -6.3675E-02   4.5667E-02   4.5740E-02
  > Energy =  -2.307002839004E+02 +/-   4.147945819719E-06
  > varE =   8.610985879832E-07

VMC #10:
* Size of Hilbert space =   4.0000E+02
* Deterministic energy evaluation:
  > Deterministic Etot/t = -230.7002776142656
    - Ttot/t = -10.36296670911910
    - Utot/t = 3.905180949001388
* Number of equil. steps   = 1000
* Running VMC equilibration.
  Done. [total walltime: 0.08s]
* Equil. acc.ratio (%)     =  40.1331
* Sample config after equilibration:
  +-----+
  |  2  |
  |u   d|
  |d   u|
  |  0  |
  +-----+
* Number of accum. steps   = 500480 x 10
* Running VMC accumulation.
  Done. [total walltime: 9.22s]
* Acceptance ratio (%)     =  40.2516
* Etot/t                   =  -2.307002754814E+02 +/-   1.363789474585E-06
  > Ttot/t                 =  -1.036275508609E+01 +/-   2.956017730350E-04
  > Utot/t                 =   3.904971458923E+00 +/-   2.950288890695E-04
* var[Eloc/t]              =   8.943559833673E-07 +/-   1.688416819357E-08
* Correlation length       =   1.040808856022E+00
* log10 Psi^2 range: -8.814652348565685 -- -4.610053861132910
* log10 Pgen range : -8.814652348565685 -- -4.610053861132910
* Site occupation (ave. no. electrons per config.):
  > Site_  ___eu____  ___ed____
      1        0.503      0.496
      2        0.502      0.499
      3        0.500      0.502
      4        0.501      0.500
      5        0.497      0.502
      6        0.497      0.501
* Pair-correlation analysis (ave. no. pairs per config.):
  > Shell  nsite  ___dh____  __eueu___  __eued___
      0      1        0          0          1.031
      1      4        1.054      1.486      3.526
      2      4        0.149      0.846      1.106
      3      4        0.076      0.419      0.554
      4      4        0.234      2.169      1.854
      5      4        0.118      1.080      0.928

Optimization #10:
* Method          : lls
* Target function : energy
* No. of configs. : 50048
* No. of params.  : 40
* Before optimization:
  -5.5365E-01   2.6913E-01  -8.2592E-02  -8.0994E-02   1.5020E-02   1.4498E-02
  -1.0401E-01  -1.7339E-01   5.5800E-02   3.1092E-02   7.2736E-02   1.3084E-02
   1.1036E-02  -1.2520E-02  -1.1196E-02  -1.0775E-02   9.4776E-03   3.1929E-03
   4.6161E-05   6.6266E-01   9.2069E-02  -6.6280E-02  -6.5091E-02  -1.5718E-02
  -1.5732E-02   8.9176E-02  -7.3264E-02  -7.2423E-02  -7.8435E-03  -9.0257E-03
   2.3850E-01  -5.7675E-02  -5.6861E-02   2.7221E-02   2.9145E-02   2.2973E-01
  -6.4500E-02  -6.3675E-02   4.5667E-02   4.5740E-02
  > E    =  -2.307002876626E+02 +/-   4.282816543760E-06
  > varE =   9.180063182176E-07
* Computing derivatives.
  Done. [total walltime: 23.9s]
* Optimizing manipulation constant:
  #igrid a___________ E____________________________________ varE____________
     1     Infinity    -2.30700288E+02 +/-   4.28281654E-06   9.18006318E-07
     2     1.0000E+06  -2.30700288E+02 +/-   4.28281370E-06   9.18005099E-07
     3     2.1544E+05  -2.30700288E+02 +/-   4.28280335E-06   9.18000661E-07
     4     4.6416E+04  -2.30700288E+02 +/-   4.28275541E-06   9.17980109E-07
     5     1.0000E+04  -2.30700288E+02 +/-   4.28253518E-06   9.17885705E-07
     6     2.1544E+03  -2.30700288E+02 +/-   4.28156250E-06   9.17468796E-07
     7     4.6416E+02  -2.30700288E+02 +/-   4.27810815E-06   9.15988974E-07
     8     1.0000E+02  -2.30700288E+02 +/-   4.28470633E-06   9.18816634E-07
     9     2.1544E+01  -2.30700288E+02 +/-   4.89842870E-06   1.20088193E-06
    10     4.6416E+00  -2.30700270E+02 +/-   2.15340588E-05   2.32080427E-05
    11     1.0000E+00  -2.30699399E+02 +/-   1.21746232E-04   7.41818713E-04
    12     2.1544E-01  -2.30608441E+02 +/-   1.15299114E-03   6.65332392E-02
    13     4.6416E-02  -2.30700135E+02 +/-   5.26549090E-05   1.38760054E-04
    14     1.0000E-02  -2.30700045E+02 +/-   6.57617765E-05   2.16438144E-04
    15     2.1544E-03  -2.30700014E+02 +/-   6.97194161E-05   2.43273167E-04
    16     4.6416E-04  -2.30700007E+02 +/-   7.05793799E-05   2.49311553E-04
    17     1.0000E-04  -2.30700006E+02 +/-   7.07647702E-05   2.50623003E-04
    18     2.1544E-05  -2.30700005E+02 +/-   7.08047149E-05   2.50906021E-04
    19     4.6416E-06  -2.30700005E+02 +/-   7.08133208E-05   2.50967017E-04
    20     1.0000E-06  -2.30700005E+02 +/-   7.08151749E-05   2.50980160E-04
    21     0.0000E+00  -2.30700005E+02 +/-   7.08156841E-05   2.50983769E-04
* Iteration # 1: E =  -2.307002876549E+02 +/-   4.278108151832E-06
* Convergence: exiting.
* After optimization:
  -5.5613E-01   2.6919E-01  -8.2555E-02  -8.0963E-02   1.5039E-02   1.4520E-02
  -1.0411E-01  -1.7339E-01   5.5806E-02   3.1059E-02   7.2705E-02   1.3092E-02
   1.1011E-02  -1.2491E-02  -1.1201E-02  -1.0780E-02   9.4861E-03   3.1931E-03
   4.6067E-05   6.6334E-01   9.2124E-02  -6.6323E-02  -6.5137E-02  -1.5748E-02
  -1.5762E-02   8.9196E-02  -7.3347E-02  -7.2507E-02  -7.8414E-03  -9.0220E-03
   2.3853E-01  -5.7643E-02  -5.6832E-02   2.7228E-02   2.9147E-02   2.2972E-01
  -6.4503E-02  -6.3679E-02   4.5715E-02   4.5788E-02
  > Energy =  -2.307002876549E+02 +/-   4.278108151832E-06
  > varE =   9.159889739879E-07

VMC #11:
* Size of Hilbert space =   4.0000E+02
* Deterministic energy evaluation:
  > Deterministic Etot/t = -230.7002776166032
    - Ttot/t = -10.36296662434597
    - Utot/t = 3.905180861890706
* Number of equil. steps   = 1000
* Running VMC equilibration.
  Done. [total walltime: 0.08s]
* Equil. acc.ratio (%)     =  40.4371
* Sample config after equilibration:
  +-----+
  |  d  |
  |u   0|
  |d   2|
  |  u  |
  +-----+
* Number of accum. steps   = 500480 x 10
* Running VMC accumulation.
  Done. [total walltime: 9.21s]
* Acceptance ratio (%)     =  40.2964
* Etot/t                   =  -2.307002780951E+02 +/-   1.325340901380E-06
  > Ttot/t                 =  -1.036306766962E+01 +/-   2.935363004209E-04
  > Utot/t                 =   3.905281428736E+00 +/-   2.929565091376E-04
* var[Eloc/t]              =   8.727368350479E-07 +/-   2.398823490067E-08
* Correlation length       =   1.007299509788E+00
* log10 Psi^2 range: -8.814618303703860 -- -4.610055469090963
* log10 Pgen range : -8.814618303703860 -- -4.610055469090963
* Site occupation (ave. no. electrons per config.):
  > Site_  ___eu____  ___ed____
      1        0.501      0.499
      2        0.499      0.503
      3        0.496      0.501
      4        0.500      0.500
      5        0.501      0.499
      6        0.503      0.498
* Pair-correlation analysis (ave. no. pairs per config.):
  > Shell  nsite  ___dh____  __eueu___  __eued___
      0      1        0          0          1.036
      1      4        1.070      1.481      3.516
      2      4        0.153      0.847      1.102
      3      4        0.076      0.424      0.553
      4      4        0.235      2.168      1.860
      5      4        0.117      1.081      0.932

VDAGGER finished.
Total VDAGGER walltime: 8m55s

Run ended: Mon 20 Oct 2025 11:07:56 PM CEST
