Run started: Sun Nov  9 09:54:12 CET 2025
Using VDAGGER_ARCH = gnu7_fkfamd_cluster
Running 1x128 MPI processes.

                               xx
                              +##
                               #X
                               Xx
                          X##XxXxxX##x
                           +   Xx  ++
                               ##
                              +##
                              +##
     ++++         ++          +##
   xX+++##+      ####         +##
  Xx    ###      +X##          ##
 xX    X##+        ##          #X
 +    x##X         #x          #X
      ###         +#           x+
     X##+         #+
     ###         Xx                    _______
     ##X       +X+   __________________VDAGGER
     +##x    +xX     2nd quantized variational
       +xxxxx+       ______quantum Monte Carlo

* Running 1024 MPI processes.
* Input file: "input.casl"

############# Start of input file dump #############
General:
  Random seed: timer

Plan:
  VMC-optimization:
    Minimum cycles: 7
    Convergence cycles: 3

System:
  Read Hamiltonian: FCIDUMP_loc
  Hamiltonian tolerance: 1.e-10
  Read orbitals: LTSC.mat
  Complex orbitals: F
  Geometry:
    r_6: [ 2.65527474609200, 6.99295716670100 ]
    r_17: [ 1.36293650781400, 4.60945461241000 ]
    r_4: [ 2.64522049959100, 2.32844339311600 ]
    r_3: [ 1.36109054637300, 0.00000000000000 ]
    r_15: [ 1.35254544726900, 9.20289291228100 ]
    r_7: [ 2.65527474609200, -6.99295716670100 ]
    r_11: [ 1.36293650781400, -4.60945461241000 ]
    r_9: [ 2.64522049959100, -2.32844339311600 ]
    r_16: [ 1.35254544726900, -9.20289291228100 ]
    r_12: [ -2.65527474609200, 6.99295716670100 ]
    r_8: [ -1.36293650781400, 4.60945461241000 ]
    r_14: [ -2.64522049959100, 2.32844339311600 ]
    r_1: [ -1.36109054637300, 0.00000000000000 ]
    r_5: [ -1.35254544726900, 9.20289291228100 ]
    r_13: [ -2.65527474609200, -6.99295716670100 ]
    r_2: [ -1.36293650781400, -4.60945461241000 ]
    r_10: [ -2.64522049959100, -2.32844339311600 ]
    r_18: [ -1.35254544726900, -9.20289291228100 ]
    Tolerance: 0.05

VMC:
  nstep: 500000
  nconfig: 100000

Optimization:
  max_niter: 1

Jastrow: wfn.casl
############## End of input file dump ##############

General setup:
* Random seed: 1540810955 (from timer)

* Loaded integrals for system with nelec=18, ms2=0, norb=18
* INFO: setting number of electrons from integrals file.
* Analysis of Hamiltonian connecitivity performed:
  - T_ii (local, 1-site): 18 (i) values
  - U_iiii [opp] (local, 1-site): 18 (i) values
  - U_kkii [opp] (local, 2-site): 306 contribs. from 18 (i) values
  - U_kkii [par] (local, 2-site): 153 contribs. from 17 (i) values
  - T_ji (single, 2-site): 306 contribs. from 18 (i) values
  - U_kkji [opp] (single, 2/3-site): 5508 contribs. from 306 (i,j) pairs
  - U_kkji [par] (single, 3-site): 5202 contribs. from 306 (i,j) pairs
  - U_lkji [opp] (double, 2/3/4-site): 93492 contribs. from 306 (i,j) pairs
  - U_lkji [par] (double, 4-site): 21624 contribs. from 272 (i,j) pairs
  - Max. no. wfn. ratios in Eloc: 9843
* Reading override orbitals from file "LTSC.mat".
* Site labels:
  +-----------+
  |    5 15   |
  |12        6|
  |    8 17   |
  |14        4|
  |    1  3   |
  |10        9|
  |    2 11   |
  |13        7|
  |   18 16   |
  +-----------+
* Automatically set Site kinds:
  [ 1, 2, 1, 3, 4, 5, 5, 2, 3, 3, 2, 5, 5, 3, 4, 4, 2, 4 ]
  +-------+
  |  4 4  |
  |5     5|
  |  2 2  |
  |3     3|
  |  1 1  |
  |3     3|
  |  2 2  |
  |5     5|
  |  4 4  |
  +-------+
* Maximum Site kind: 5
* Number of site-pair kinds with Tij=0: 0
* Automatically set Site pair kinds:
  Site 1: [ 0, -18, 2, -15, 29, -24, -24, 18, -15, 6, -13, -44, -44, -6, 28, -28, 13, 29 ]
  Site 2: [ -18, 0, -13, 22, 40, -33, 14, 26, 17, -5, 3, 31, -7, 36, 34, -12, 25, 16 ]
  Site 3: [ 2, -13, 0, -6, 28, 44, 44, 13, -6, 15, -18, 24, 24, -15, 29, -29, 18, 28 ]
  Site 4: [ -15, 22, -6, 0, 23, 11, -30, -17, 8, 20, 36, 19, -27, 9, -38, 32, -5, -35 ]
  Site 5: [ 29, 40, 28, 23, 0, 21, 39, -16, -35, 32, 34, -1, -43, -38, 4, 42, -12, -45 ]
  Site 6: [ -24, -33, 44, 11, 21, 0, -41, -14, -30, -27, -31, -10, 37, -19, 1, -43, -7, 39 ]
  Site 7: [ -24, 14, 44, -30, 39, -41, 0, 33, 11, 19, 7, 37, -10, 27, 43, -1, 31, 21 ]
  Site 8: [ 18, 26, 13, -17, -16, -14, 33, 0, -22, 36, 25, 7, -31, -5, -12, 34, 3, -40 ]
  Site 9: [ -15, 17, -6, 8, -35, -30, 11, -22, 0, -9, 5, -27, 19, -20, -32, 38, -36, 23 ]
  Site 10: [ 6, -5, 15, 20, 32, -27, 19, 36, -9, 0, -17, -30, 11, -8, 35, 23, 22, 38 ]
  Site 11: [ -13, 3, -18, 36, 34, -31, 7, 25, 5, -17, 0, 33, -14, 22, 40, -16, 26, 12 ]
  Site 12: [ -44, 31, 24, 19, -1, -10, 37, 7, -27, -30, 33, 0, -41, -11, -21, 39, 14, -43 ]
  Site 13: [ -44, -7, 24, -27, -43, 37, -10, -31, 19, 11, -14, -41, 0, 30, -39, 21, -33, -1 ]
  Site 14: [ -6, 36, -15, 9, -38, -19, 27, -5, -20, -8, 22, -11, 30, 0, 23, 35, -17, -32 ]
  Site 15: [ 28, 34, 29, -38, 4, 1, 43, -12, -32, 35, 40, -21, -39, 23, 0, 45, -16, -42 ]
  Site 16: [ -28, -12, -29, 32, 42, -43, -1, 34, 38, 23, -16, 39, 21, 35, 45, 0, 40, -4 ]
  Site 17: [ 13, 25, 18, -5, -12, -7, 31, 3, -36, 22, 26, 14, -33, -17, -16, 40, 0, -34 ]
  Site 18: [ 29, 16, 28, -35, -45, 39, 21, -40, 23, 38, 12, -43, -1, -32, -42, -4, -34, 0 ]
  For site 1 of kind 1:
  +---------------+
  |     29  28    |
  |-44         -24|
  |     18  13    |
  | -6         -15|
  |      0   2    |
  |  6         -15|
  |    -18 -13    |
  |-44         -24|
  |     29 -28    |
  +---------------+
  For site 2 of kind 2:
  +---------------+
  |     40  34    |
  | 31         -33|
  |     26  25    |
  | 36          22|
  |    -18 -13    |
  | -5          17|
  |      0   3    |
  | -7          14|
  |     16 -12    |
  +---------------+
  For site 4 of kind 3:
  +---------------+
  |     23 -38    |
  | 19          11|
  |    -17  -5    |
  |  9           0|
  |    -15  -6    |
  | 20           8|
  |     22  36    |
  |-27         -30|
  |    -35  32    |
  +---------------+
  For site 5 of kind 4:
  +---------------+
  |      0   4    |
  | -1          21|
  |    -16 -12    |
  |-38          23|
  |     29  28    |
  | 32         -35|
  |     40  34    |
  |-43          39|
  |    -45  42    |
  +---------------+
  For site 6 of kind 5:
  +---------------+
  |     21   1    |
  |-10           0|
  |    -14  -7    |
  |-19          11|
  |    -24  44    |
  |-27         -30|
  |    -33 -31    |
  | 37         -41|
  |     39 -43    |
  +---------------+
* Maximum (unsigned) Site pair kind: 45
General system setup:
* Number of sites       : 18
* Number of electrons   : 18
* Spin imbalance MS2    : 0
* Filling               : 0.500000
* Number of orbitals in pool: 18
* Using real-valued orbitals
* Using double-precision arithmetic for orbitals

Trial wave function setup:
* Jastrow parameter file: "wfn.casl"
* Not using multideterminants
* Not using a backflow transformation
* Not using wave function manipulation

VMC #1:
* Size of Hilbert space =   2.3639E+09
* Number of equil. steps   = 1000
* Running VMC equilibration.
  Done. [total walltime: 0.02s]
* Equil. acc.ratio (%)     =  18.0552
* Sample config after equilibration:
  +-------+
  |  u d  |
  |d     0|
  |  2 u  |
  |d     u|
  |  u d  |
  |d     u|
  |  2 d  |
  |0     d|
  |  u u  |
  +-------+
* Number of accum. steps   = 501760 x 10
* Running VMC accumulation.
  Done. [total walltime: 19.9s]
* Acceptance ratio (%)     =  18.0399
* Etot/t                   =  -6.886210374114E+02 +/-   1.349938805031E-04
  > Ttot/t                 =  -5.654914780495E+01 +/-   8.263488955344E-04
  > Utot/t                 =   2.439494767611E+01 +/-   8.170495203566E-04
* var[Eloc/t]              =   9.247747340014E-03 +/-   3.585771676737E-05
* Correlation length       =   9.887539789460E-01
* log10 Psi^2 range: -23.124800635853692 -- -13.817155398826289
* log10 Pgen range : -23.124800635853692 -- -13.817155398826289
* Site occupation (ave. no. electrons per config.):
  > Site_  ___eu____  ___ed____
      1        0.499      0.498
      2        0.498      0.498
      3        0.498      0.498
      4        0.501      0.506
      5        0.502      0.499
      6        0.499      0.501
      7        0.497      0.500
      8        0.497      0.498
      9        0.502      0.501
     10        0.502      0.505
     11        0.498      0.497
     12        0.498      0.500
     13        0.498      0.499
     14        0.504      0.502
     15        0.501      0.501
     16        0.503      0.500
     17        0.499      0.496
     18        0.503      0.500
* Pair-correlation analysis (ave. no. pairs per config.):
  > Shell  nsite  ___dh____  __eueu___  __eued___
      0      1        0          0          3.226
      1      0        0.931      0.540      2.548
      2      0        0.151      0.344      0.529
      3      0        0.286      0.702      1.056
      4      0        0.246      0.755      1.055
      5      0        0.746      0.974      2.336
      6      0        0.620      1.281      2.188
      7      0        0.481      1.537      2.076
      8      0        0.124      1.039      0.980
      9      0        0.159      0.836      1.127
     10      0        0.147      0.863      1.076
     11      0        0.240      2.067      1.944
     12      0        0.289      1.895      2.049
     13      0        0.331      1.862      2.051
     14      0        0.250      2.044      1.954
     15      0        0.267      2.093      1.937
     16      0        0.250      2.089      1.941
     17      0        0.256      2.122      1.914
     18      0        0.288      2.076      1.926
     19      0        0.237      1.973      2.041
     20      0        0.121      0.992      1.033
     21      0        0.224      2.117      1.921
     22      0        0.267      2.040      1.967
     23      0        0.239      2.064      1.973
     24      0        0.267      2.012      1.965
     25      0        0.151      0.964      1.012
     26      0        0.148      1.006      0.976
     27      0        0.239      1.996      2.017
     28      0        0.277      1.949      2.032
     29      0        0.269      2.026      1.972
     30      0        0.237      2.022      1.992
     31      0        0.266      1.973      1.992
     32      0        0.244      1.987      2.038
     33      0        0.266      1.993      1.971
     34      0        0.271      1.973      2.004
     35      0        0.243      2.029      2.000
     36      0        0.275      1.927      2.063
     37      0        0.115      0.995      0.999
     38      0        0.261      1.883      2.111
     39      0        0.234      2.005      1.998
     40      0        0.269      2.000      1.982
     41      0        0.113      0.998      0.999
     42      0        0.120      1.000      1.007
     43      0        0.234      2.001      1.999
     44      0        0.269      1.952      2.020
     45      0        0.119      1.004      1.004

Optimization #1:
* Method          : lls
* Target function : energy
* No. of configs. : 100352
* No. of params.  : 172
* Before optimization:
  -2.9308E+00  -2.9527E+00  -2.9230E+00  -2.9392E+00  -2.9433E+00   6.6187E-01
   6.6548E-01   5.7181E-01   4.7814E-01   8.7926E-01   5.3381E-01   5.2052E-01
   6.4367E-01   6.3757E-01   6.3128E-01   6.2191E-01   3.3002E-01   4.8569E-02
   1.0858E-01   2.4391E-01   2.4708E-01   1.6940E-01   1.6788E-01   5.5563E-02
   5.9589E-02   2.0561E-01   2.0480E-01   2.2627E-01   2.2798E-01   3.0122E-01
   3.0046E-01   1.6063E-01   1.5581E-01   1.7744E-01   1.8241E-01  -1.9357E-02
  -1.8471E-02   4.6539E-02   3.8982E-01   3.9118E-01  -5.2185E-02  -5.5645E-02
  -4.9349E-02  -4.8201E-02  -5.1654E-02  -4.9433E-02  -1.3246E-01  -1.2769E-01
   5.9575E-03   8.9898E-03  -9.8515E-02  -9.6728E-02  -9.5223E-02  -9.4036E-02
   3.5026E-02   3.5381E-02   0.0000E+00   0.0000E+00   0.0000E+00   0.0000E+00
   0.0000E+00   0.0000E+00   0.0000E+00   0.0000E+00   0.0000E+00   0.0000E+00
   0.0000E+00   0.0000E+00   0.0000E+00   0.0000E+00   0.0000E+00   0.0000E+00
   0.0000E+00   0.0000E+00   0.0000E+00   0.0000E+00   0.0000E+00   0.0000E+00
   0.0000E+00   0.0000E+00   0.0000E+00   0.0000E+00  -1.7414E-01  -3.3023E-01
  -2.7042E-01  -2.6394E-01  -2.0246E-01  -2.1847E-01  -2.9657E-01  -4.3289E-01
  -1.8187E-01  -2.4899E-01  -2.6261E-01  -3.0569E-01  -2.5708E-01  -2.8799E-01
  -1.6131E-01  -1.9088E-01  -6.9849E-02   1.6863E-02  -8.3236E-02  -4.0998E-02
  -1.2437E-01  -1.4186E-01  -6.8335E-02  -9.1094E-02  -3.2756E-02  -2.0814E-02
  -1.0921E-01  -1.0697E-01  -1.2589E-01  -1.1341E-01  -1.4893E-01  -1.9207E-01
  -9.1407E-02  -8.5055E-02  -9.5078E-02  -1.1229E-01   1.3092E-03   1.8000E-02
  -3.1187E-02  -1.8166E-02  -1.8761E-01  -2.5207E-01   2.7396E-02   2.7449E-02
   2.8891E-02   1.6471E-02   1.8363E-02   2.9881E-02   6.3318E-02   7.1706E-02
   6.5678E-02   6.7059E-02  -6.8467E-03  -2.2909E-03   4.5952E-02   5.2820E-02
   4.9495E-02   4.6401E-02  -1.7874E-02  -1.9986E-02   0.0000E+00   0.0000E+00
   0.0000E+00   0.0000E+00   0.0000E+00   0.0000E+00   0.0000E+00   0.0000E+00
   0.0000E+00   0.0000E+00   0.0000E+00   0.0000E+00   0.0000E+00   0.0000E+00
   0.0000E+00   0.0000E+00   0.0000E+00   0.0000E+00   0.0000E+00   0.0000E+00
   0.0000E+00   0.0000E+00   0.0000E+00   0.0000E+00   0.0000E+00   0.0000E+00
   0.0000E+00   0.0000E+00   0.0000E+00   0.0000E+00
  > E    =  -6.886208637770E+02 +/-   3.012771729009E-04
  > varE =   9.108743804206E-03
* Computing derivatives.
    [walltime: 1m5s elapsed, 5m33s remaining]
  Done. [total walltime: 6m29s]
* Optimizing manipulation constant:
  #igrid a___________ E____________________________________ varE____________
     1     Infinity    -6.88620864E+02 +/-   3.01277173E-04   9.10874380E-03
     2     1.0000E+06  -6.88620864E+02 +/-   3.01277137E-04   9.10874160E-03
     3     2.1544E+05  -6.88620864E+02 +/-   3.01277004E-04   9.10873359E-03
     4     4.6416E+04  -6.88620864E+02 +/-   3.01276389E-04   9.10869641E-03
     5     1.0000E+04  -6.88620864E+02 +/-   3.01273535E-04   9.10852381E-03
     6     2.1544E+03  -6.88620865E+02 +/-   3.01260289E-04   9.10772290E-03
     7     4.6416E+02  -6.88620871E+02 +/-   3.01198871E-04   9.10400967E-03
     8     1.0000E+02  -6.88620895E+02 +/-   3.00915139E-04   9.08686568E-03
     9     2.1544E+01  -6.88621003E+02 +/-   2.99625404E-04   9.00913924E-03
    10     4.6416E+00  -6.88621402E+02 +/-   2.94139141E-04   8.68223772E-03
    11     1.0000E+00  -6.88620994E+02 +/-   2.84606880E-04   8.12861998E-03
    12     2.1544E-01  -6.85827402E+02 +/-   3.00091409E-03   9.03718470E-01
    13     4.6416E-02  -6.87249692E+02 +/-   3.31076448E-03   1.09997447E+00
    14     1.0000E-02  -6.87238113E+02 +/-   4.17072325E-03   1.74561626E+00
    15     2.1544E-03  -6.87237926E+02 +/-   4.40092777E-03   1.94363412E+00
    16     4.6416E-04  -6.87237984E+02 +/-   4.45290719E-03   1.98981784E+00
    17     1.0000E-04  -6.87238000E+02 +/-   4.46421976E-03   1.99994090E+00
    18     2.1544E-05  -6.87238004E+02 +/-   4.46666232E-03   2.00213001E+00
    19     4.6416E-06  -6.87238005E+02 +/-   4.46718883E-03   2.00260204E+00
    20     1.0000E-06  -6.87238005E+02 +/-   4.46730228E-03   2.00270376E+00
    21     0.0000E+00  -6.87238005E+02 +/-   4.46733341E-03   2.00273167E+00
* Iteration # 1: E =  -6.886214022114E+02 +/-   2.941391412083E-04
* Reached maximum number of iterations: exiting.
* After optimization:
   8.7415E-01   8.5466E-01   8.8314E-01   8.6683E-01   8.6197E-01   3.5602E-01
   3.5974E-01   5.3509E-01   3.0831E-01   6.2134E-01   4.0478E-01   3.9259E-01
   5.8189E-01   5.7546E-01   3.7238E-01   3.6350E-01   2.3580E-01  -4.3325E-02
  -2.4766E-01   2.5738E-02   2.7751E-02  -4.3034E-02  -4.4971E-02  -5.2951E-02
  -4.9324E-02  -5.5310E-02  -5.6625E-02   1.6172E-01   1.6253E-01   9.1242E-02
   8.9595E-02   2.8191E-02   2.4223E-02   7.3211E-02   7.6992E-02  -2.4369E-01
  -2.4302E-01  -5.4190E-02   8.2911E-02   8.4122E-02  -2.0207E-01  -2.0490E-01
  -2.2487E-01  -2.2385E-01  -2.5894E-01  -2.5723E-01  -3.3795E-01  -3.2892E-01
  -2.5370E-01  -2.5132E-01  -2.5927E-01  -2.5754E-01  -2.5105E-01  -2.5032E-01
  -2.1918E-01  -2.1936E-01  -3.1885E-01  -3.1874E-01  -2.1147E-01  -2.1173E-01
  -3.2201E-01  -3.2185E-01  -2.7686E-01  -2.7683E-01  -2.1517E-01  -2.1526E-01
  -1.4272E-01  -1.4283E-01  -4.0940E-01  -1.6933E-01  -1.7027E-01  -3.6271E-01
  -3.6314E-01  -2.7550E-01  -2.7552E-01  -4.0729E-01  -3.1556E-01  -3.6167E-01
  -3.6194E-01  -2.0022E-01  -2.0056E-01  -3.1482E-01   9.8822E-01  -1.1883E+00
  -1.8661E+00   1.3709E+00  -3.6665E-01   1.1192E-01   4.4353E-01  -9.1596E-01
  -7.7166E-01   4.6806E-01  -1.5697E+00   1.0643E+00   4.5244E-01  -7.4039E-01
  -1.1753E+00   9.1663E-01  -1.0830E+00   1.1223E+00   1.5043E+00  -1.2724E+00
   1.5984E-01  -2.0668E-01   2.1944E-01  -1.6742E-01  -9.1037E-01   9.6502E-01
   6.0245E-01  -5.5722E-01  -1.4318E+00   1.2584E+00   1.3791E-01  -2.6896E-01
  -6.7944E-01   6.3400E-01  -9.7421E-01   8.7319E-01   2.8844E-01  -4.4675E-02
  -1.0402E+00   1.0939E+00   9.7677E-01  -1.1088E+00  -5.5246E-01   7.5596E-01
  -1.0755E-01   3.2846E-01   1.8467E-02   2.3787E-01  -8.2125E-02   4.2244E-01
  -8.3105E-02   4.1500E-01   2.9749E-01  -4.5304E-02  -3.7684E-01   6.3521E-01
  -3.7492E-01   6.2661E-01   2.8265E-01  -6.5727E-02   7.3894E-01  -4.1974E-01
  -1.1900E-01   3.3135E-01   7.4016E-01  -4.1854E-01   3.1943E-01  -4.2534E-02
  -1.1736E-01   3.3257E-01  -5.8187E-01   7.2659E-01   1.6110E+00  -1.2028E+00
  -1.3889E-01   3.0949E-01   1.1905E+00  -8.2692E-01   3.1882E-01  -4.3300E-02
   1.6113E+00  -1.2036E+00   7.6764E-01  -4.5252E-01   1.1896E+00  -8.2806E-01
  -3.6369E-03   2.0491E-01   7.6765E-01  -4.5290E-01
  > Energy =  -6.886214022114E+02 +/-   2.941391412083E-04
  > varE =   8.682237716782E-03

VMC #2:
* Size of Hilbert space =   2.3639E+09
* Number of equil. steps   = 1000
* Running VMC equilibration.
  Done. [total walltime: 0.01s]
* Equil. acc.ratio (%)     =  18.0730
* Sample config after equilibration:
  +-------+
  |  2 u  |
  |d     0|
  |  u 2  |
  |0     d|
  |  d 0  |
  |2     u|
  |  0 2  |
  |u     d|
  |  d u  |
  +-------+
* Number of accum. steps   = 501760 x 10
* Running VMC accumulation.
  Done. [total walltime: 19.8s]
* Acceptance ratio (%)     =  18.0232
* Etot/t                   =  -6.886214500139E+02 +/-   1.314008607248E-04
  > Ttot/t                 =  -5.654832405171E+01 +/-   8.215137915638E-04
  > Utot/t                 =   2.439371132034E+01 +/-   8.140798054674E-04
* var[Eloc/t]              =   8.974350202129E-03 +/-   6.377036320784E-05
* Correlation length       =   9.653603204908E-01
* log10 Psi^2 range: -8.2359634777548081 -- 0.74734734659659374
* log10 Pgen range : -8.2359634777548081 -- 0.74734734659659374
* Site occupation (ave. no. electrons per config.):
  > Site_  ___eu____  ___ed____
      1        0.499      0.500
      2        0.497      0.499
      3        0.500      0.499
      4        0.500      0.504
      5        0.502      0.500
      6        0.497      0.499
      7        0.498      0.500
      8        0.499      0.497
      9        0.502      0.506
     10        0.502      0.503
     11        0.498      0.495
     12        0.498      0.501
     13        0.498      0.498
     14        0.503      0.501
     15        0.503      0.501
     16        0.502      0.500
     17        0.500      0.495
     18        0.505      0.501
* Pair-correlation analysis (ave. no. pairs per config.):
  > Shell  nsite  ___dh____  __eueu___  __eued___
      0      1        0          0          3.232
      1      0        0.940      0.536      2.544
      2      0        0.150      0.346      0.532
      3      0        0.284      0.705      1.054
      4      0        0.246      0.756      1.057
      5      0        0.748      0.970      2.331
      6      0        0.620      1.285      2.192
      7      0        0.482      1.534      2.072
      8      0        0.124      1.038      0.977
      9      0        0.157      0.836      1.124
     10      0        0.150      0.857      1.077
     11      0        0.244      2.061      1.940
     12      0        0.291      1.892      2.055
     13      0        0.331      1.869      2.054
     14      0        0.254      2.046      1.944
     15      0        0.265      2.100      1.941
     16      0        0.250      2.091      1.942
     17      0        0.259      2.113      1.914
     18      0        0.288      2.073      1.936
     19      0        0.242      1.965      2.039
     20      0        0.123      0.989      1.029
     21      0        0.222      2.127      1.918
     22      0        0.268      2.034      1.966
     23      0        0.240      2.062      1.975
     24      0        0.269      2.016      1.971
     25      0        0.153      0.966      1.005
     26      0        0.147      1.003      0.976
     27      0        0.239      1.997      2.011
     28      0        0.281      1.956      2.036
     29      0        0.269      2.032      1.983
     30      0        0.238      2.013      1.995
     31      0        0.267      1.973      1.986
     32      0        0.246      1.997      2.028
     33      0        0.264      1.989      1.975
     34      0        0.271      1.978      2.003
     35      0        0.244      2.023      2.005
     36      0        0.277      1.925      2.056
     37      0        0.115      0.998      0.995
     38      0        0.263      1.886      2.109
     39      0        0.237      2.001      2.001
     40      0        0.270      1.995      1.988
     41      0        0.116      0.996      0.995
     42      0        0.121      1.002      1.010
     43      0        0.236      2.001      2.005
     44      0        0.271      1.960      2.020
     45      0        0.121      1.009      1.002

Optimization #2:
* Method          : lls
* Target function : energy
* No. of configs. : 100352
* No. of params.  : 172
* Before optimization:
   8.7415E-01   8.5466E-01   8.8314E-01   8.6683E-01   8.6197E-01   3.5602E-01
   3.5974E-01   5.3509E-01   3.0831E-01   6.2134E-01   4.0478E-01   3.9259E-01
   5.8189E-01   5.7546E-01   3.7238E-01   3.6350E-01   2.3580E-01  -4.3325E-02
  -2.4766E-01   2.5738E-02   2.7751E-02  -4.3034E-02  -4.4971E-02  -5.2951E-02
  -4.9324E-02  -5.5310E-02  -5.6625E-02   1.6172E-01   1.6253E-01   9.1242E-02
   8.9595E-02   2.8191E-02   2.4223E-02   7.3211E-02   7.6992E-02  -2.4369E-01
  -2.4302E-01  -5.4190E-02   8.2911E-02   8.4122E-02  -2.0207E-01  -2.0490E-01
  -2.2487E-01  -2.2385E-01  -2.5894E-01  -2.5723E-01  -3.3795E-01  -3.2892E-01
  -2.5370E-01  -2.5132E-01  -2.5927E-01  -2.5754E-01  -2.5105E-01  -2.5032E-01
  -2.1918E-01  -2.1936E-01  -3.1885E-01  -3.1874E-01  -2.1147E-01  -2.1173E-01
  -3.2201E-01  -3.2185E-01  -2.7686E-01  -2.7683E-01  -2.1517E-01  -2.1526E-01
  -1.4272E-01  -1.4283E-01  -4.0940E-01  -1.6933E-01  -1.7027E-01  -3.6271E-01
  -3.6314E-01  -2.7550E-01  -2.7552E-01  -4.0729E-01  -3.1556E-01  -3.6167E-01
  -3.6194E-01  -2.0022E-01  -2.0056E-01  -3.1482E-01   9.8822E-01  -1.1883E+00
  -1.8661E+00   1.3709E+00  -3.6665E-01   1.1192E-01   4.4353E-01  -9.1596E-01
  -7.7166E-01   4.6806E-01  -1.5697E+00   1.0643E+00   4.5244E-01  -7.4039E-01
  -1.1753E+00   9.1663E-01  -1.0830E+00   1.1223E+00   1.5043E+00  -1.2724E+00
   1.5984E-01  -2.0668E-01   2.1944E-01  -1.6742E-01  -9.1037E-01   9.6502E-01
   6.0245E-01  -5.5722E-01  -1.4318E+00   1.2584E+00   1.3791E-01  -2.6896E-01
  -6.7944E-01   6.3400E-01  -9.7421E-01   8.7319E-01   2.8844E-01  -4.4675E-02
  -1.0402E+00   1.0939E+00   9.7677E-01  -1.1088E+00  -5.5246E-01   7.5596E-01
  -1.0755E-01   3.2846E-01   1.8467E-02   2.3787E-01  -8.2125E-02   4.2244E-01
  -8.3105E-02   4.1500E-01   2.9749E-01  -4.5304E-02  -3.7684E-01   6.3521E-01
  -3.7492E-01   6.2661E-01   2.8265E-01  -6.5727E-02   7.3894E-01  -4.1974E-01
  -1.1900E-01   3.3135E-01   7.4016E-01  -4.1854E-01   3.1943E-01  -4.2534E-02
  -1.1736E-01   3.3257E-01  -5.8187E-01   7.2659E-01   1.6110E+00  -1.2028E+00
  -1.3889E-01   3.0949E-01   1.1905E+00  -8.2692E-01   3.1882E-01  -4.3300E-02
   1.6113E+00  -1.2036E+00   7.6764E-01  -4.5252E-01   1.1896E+00  -8.2806E-01
  -3.6369E-03   2.0491E-01   7.6765E-01  -4.5290E-01
  > E    =  -6.886214072784E+02 +/-   2.946272554881E-04
  > varE =   8.711077404970E-03
* Computing derivatives.
    [walltime: 1m4s elapsed, 5m28s remaining]
  Done. [total walltime: 6m27s]
* Optimizing manipulation constant:
  #igrid a___________ E____________________________________ varE____________
     1     Infinity    -6.88621407E+02 +/-   2.94627255E-04   8.71107740E-03
     2     1.0000E+06  -6.88621407E+02 +/-   2.94627228E-04   8.71107579E-03
     3     2.1544E+05  -6.88621407E+02 +/-   2.94627129E-04   8.71106990E-03
     4     4.6416E+04  -6.88621407E+02 +/-   2.94626666E-04   8.71104258E-03
     5     1.0000E+04  -6.88621408E+02 +/-   2.94624522E-04   8.71091577E-03
     6     2.1544E+03  -6.88621408E+02 +/-   2.94614577E-04   8.71032773E-03
     7     4.6416E+02  -6.88621412E+02 +/-   2.94568612E-04   8.70760999E-03
     8     1.0000E+02  -6.88621430E+02 +/-   2.94359377E-04   8.69524418E-03
     9     2.1544E+01  -6.88621509E+02 +/-   2.93472663E-04   8.64293683E-03
    10     4.6416E+00  -6.88621800E+02 +/-   2.90834211E-04   8.48822757E-03
    11     1.0000E+00  -6.88622376E+02 +/-   2.90565837E-04   8.47256941E-03
    12     2.1544E-01  -6.88621619E+02 +/-   3.19676827E-04   1.02552994E-02
    13     4.6416E-02  -6.88619407E+02 +/-   3.52042915E-04   1.24370462E-02
    14     1.0000E-02  -6.88618642E+02 +/-   3.60430257E-04   1.30367253E-02
    15     2.1544E-03  -6.88618471E+02 +/-   3.62151617E-04   1.31615455E-02
    16     4.6416E-04  -6.88618434E+02 +/-   3.62515365E-04   1.31879979E-02
    17     1.0000E-04  -6.88618426E+02 +/-   3.62593366E-04   1.31936737E-02
    18     2.1544E-05  -6.88618424E+02 +/-   3.62610153E-04   1.31948954E-02
    19     4.6416E-06  -6.88618424E+02 +/-   3.62613769E-04   1.31951586E-02
    20     1.0000E-06  -6.88618424E+02 +/-   3.62614548E-04   1.31952153E-02
    21     0.0000E+00  -6.88618424E+02 +/-   3.62614762E-04   1.31952309E-02
  ParMin   1.1554E+00  -6.88622322E+02 +/-   2.90012923E-04   8.44035541E-03
  # Using grid point #11
* Iteration # 1: E =  -6.886223757691E+02 +/-   2.905658371894E-04
* Reached maximum number of iterations: exiting.
* After optimization:
   5.5314E-01   5.2673E-01   5.5440E-01   5.5156E-01   5.2775E-01   4.5138E-01
   4.5758E-01   5.3228E-01   4.2320E-01   7.8847E-01   4.8031E-01   4.6970E-01
   5.9410E-01   5.8706E-01   4.4924E-01   4.4349E-01   2.4578E-01  -1.9333E-02
  -2.2762E-01   6.2137E-02   6.3776E-02   1.0139E-01   1.0134E-01  -1.6276E-02
  -1.4613E-02   1.5626E-02   1.3889E-02   1.6914E-01   1.6939E-01   2.4245E-01
   2.4127E-01   9.5718E-02   9.3335E-02   1.1899E-01   1.2233E-01  -2.2508E-01
  -2.2479E-01  -6.1593E-02   1.7801E-01   1.7993E-01  -1.9596E-01  -1.9795E-01
  -1.3151E-01  -1.3077E-01  -2.8661E-01  -2.8639E-01  -3.3936E-01  -3.1672E-01
  -3.4313E-01  -3.4195E-01  -2.1947E-01  -2.1960E-01  -1.9701E-01  -1.9892E-01
  -2.9167E-01  -2.9175E-01  -4.1996E-01  -4.2077E-01  -2.2848E-01  -2.2771E-01
  -4.3378E-01  -4.3339E-01  -3.2657E-01  -3.2533E-01  -2.4227E-01  -2.4282E-01
  -1.1816E-01  -1.2003E-01  -5.6451E-01  -5.9860E-02  -6.0497E-02  -4.5175E-01
  -4.5430E-01  -3.2155E-01  -3.2089E-01  -5.5660E-01  -3.3747E-01  -4.4927E-01
  -4.4871E-01  -2.1016E-01  -2.0872E-01  -3.3642E-01   1.1506E+00  -1.4475E+00
  -1.8418E+00   1.3501E+00  -6.9672E-01   3.2541E-01   2.7551E-04  -6.3278E-01
  -9.2459E-01   5.4479E-01  -1.5405E+00   1.0311E+00   6.6971E-01  -1.0380E+00
  -1.1379E+00   8.7123E-01  -1.0518E+00   1.0664E+00   2.2797E+00  -2.0687E+00
   5.5580E-01  -6.3890E-01  -1.7210E-01   7.8111E-02  -1.0538E+00   1.0720E+00
   8.2216E-01  -8.5072E-01  -1.4050E+00   1.2215E+00  -2.5787E-01  -2.5780E-02
  -8.2874E-01   7.1499E-01  -1.1239E+00   9.7461E-01   6.9473E-01  -4.6771E-01
  -9.9442E-01   1.0590E+00   1.1388E+00  -1.3688E+00  -6.7239E-01   8.6945E-01
  -3.1557E-01   4.4492E-01   4.3748E-01  -1.5102E-01  -3.5634E-01   6.9725E-01
  -3.6464E-01   6.8111E-01   7.5560E-01  -4.1247E-01  -5.6904E-01   7.8862E-01
  -5.7606E-01   7.7331E-01   7.3156E-01  -4.4113E-01   1.0439E+00  -6.2283E-01
  -2.7470E-01   5.0427E-01   1.0493E+00  -6.1651E-01   2.3216E-02   3.0361E-01
  -2.6792E-01   5.0954E-01  -7.0884E-01   8.3167E-01   2.4714E+00  -1.9065E+00
  -3.5496E-01   4.1887E-01   1.4416E+00  -9.8946E-01   2.0156E-02   3.0050E-01
   2.4712E+00  -1.9138E+00   4.0988E-01  -7.3588E-02   1.4404E+00  -9.9220E-01
   4.0520E-01  -1.9194E-01   4.1120E-01  -7.3796E-02
  > Energy =  -6.886223757691E+02 +/-   2.905658371894E-04
  > varE =   8.472569408176E-03

VMC #3:
* Size of Hilbert space =   2.3639E+09
* Number of equil. steps   = 1000
* Running VMC equilibration.
  Done. [total walltime: 0.01s]
* Equil. acc.ratio (%)     =  17.7743
* Sample config after equilibration:
  +-------+
  |  2 u  |
  |0     d|
  |  2 u  |
  |0     d|
  |  d u  |
  |d     u|
  |  0 d  |
  |2     u|
  |  u d  |
  +-------+
* Number of accum. steps   = 501760 x 10
* Running VMC accumulation.
  Done. [total walltime: 19.7s]
* Acceptance ratio (%)     =  17.7555
* Etot/t                   =  -6.886224764344E+02 +/-   1.290581012384E-04
  > Ttot/t                 =  -5.654008288952E+01 +/-   8.310732545952E-04
  > Utot/t                 =   2.438444373773E+01 +/-   8.155493471416E-04
* var[Eloc/t]              =   8.583294365511E-03 +/-   3.851928255499E-05
* Correlation length       =   9.736717558899E-01
* log10 Psi^2 range: -11.010853964107040 -- -0.51804999201165003
* log10 Pgen range : -11.010853964107040 -- -0.51804999201165003
* Site occupation (ave. no. electrons per config.):
  > Site_  ___eu____  ___ed____
      1        0.500      0.500
      2        0.496      0.499
      3        0.499      0.498
      4        0.503      0.502
      5        0.504      0.505
      6        0.493      0.498
      7        0.496      0.498
      8        0.498      0.499
      9        0.504      0.504
     10        0.502      0.503
     11        0.496      0.497
     12        0.498      0.496
     13        0.497      0.496
     14        0.502      0.503
     15        0.507      0.501
     16        0.505      0.503
     17        0.498      0.496
     18        0.502      0.503
* Pair-correlation analysis (ave. no. pairs per config.):
  > Shell  nsite  ___dh____  __eueu___  __eued___
      0      1        0          0          3.187
      1      0        0.914      0.535      2.567
      2      0        0.149      0.343      0.536
      3      0        0.277      0.705      1.057
      4      0        0.244      0.761      1.068
      5      0        0.738      0.969      2.345
      6      0        0.613      1.286      2.199
      7      0        0.471      1.522      2.071
      8      0        0.124      1.042      0.978
      9      0        0.154      0.839      1.128
     10      0        0.145      0.846      1.071
     11      0        0.237      2.059      1.927
     12      0        0.283      1.902      2.061
     13      0        0.324      1.867      2.055
     14      0        0.245      2.033      1.937
     15      0        0.261      2.101      1.940
     16      0        0.244      2.101      1.944
     17      0        0.255      2.113      1.911
     18      0        0.283      2.078      1.930
     19      0        0.232      1.964      2.032
     20      0        0.119      0.992      1.032
     21      0        0.217      2.128      1.909
     22      0        0.261      2.034      1.969
     23      0        0.236      2.069      1.983
     24      0        0.261      2.004      1.960
     25      0        0.147      0.965      1.006
     26      0        0.144      1.004      0.976
     27      0        0.233      1.990      2.004
     28      0        0.272      1.967      2.043
     29      0        0.262      2.041      1.988
     30      0        0.230      2.013      1.984
     31      0        0.256      1.962      1.983
     32      0        0.240      2.000      2.043
     33      0        0.257      1.980      1.964
     34      0        0.263      1.985      2.015
     35      0        0.236      2.036      2.015
     36      0        0.274      1.923      2.060
     37      0        0.111      0.985      0.988
     38      0        0.258      1.888      2.124
     39      0        0.226      2.002      1.998
     40      0        0.263      2.009      1.989
     41      0        0.112      0.990      0.981
     42      0        0.117      1.012      1.015
     43      0        0.228      1.994      2.007
     44      0        0.266      1.943      2.011
     45      0        0.118      1.015      1.011

Optimization #3:
* Method          : lls
* Target function : energy
* No. of configs. : 100352
* No. of params.  : 172
* Before optimization:
   5.5314E-01   5.2673E-01   5.5440E-01   5.5156E-01   5.2775E-01   4.5138E-01
   4.5758E-01   5.3228E-01   4.2320E-01   7.8847E-01   4.8031E-01   4.6970E-01
   5.9410E-01   5.8706E-01   4.4924E-01   4.4349E-01   2.4578E-01  -1.9333E-02
  -2.2762E-01   6.2137E-02   6.3776E-02   1.0139E-01   1.0134E-01  -1.6276E-02
  -1.4613E-02   1.5626E-02   1.3889E-02   1.6914E-01   1.6939E-01   2.4245E-01
   2.4127E-01   9.5718E-02   9.3335E-02   1.1899E-01   1.2233E-01  -2.2508E-01
  -2.2479E-01  -6.1593E-02   1.7801E-01   1.7993E-01  -1.9596E-01  -1.9795E-01
  -1.3151E-01  -1.3077E-01  -2.8661E-01  -2.8639E-01  -3.3936E-01  -3.1672E-01
  -3.4313E-01  -3.4195E-01  -2.1947E-01  -2.1960E-01  -1.9701E-01  -1.9892E-01
  -2.9167E-01  -2.9175E-01  -4.1996E-01  -4.2077E-01  -2.2848E-01  -2.2771E-01
  -4.3378E-01  -4.3339E-01  -3.2657E-01  -3.2533E-01  -2.4227E-01  -2.4282E-01
  -1.1816E-01  -1.2003E-01  -5.6451E-01  -5.9860E-02  -6.0497E-02  -4.5175E-01
  -4.5430E-01  -3.2155E-01  -3.2089E-01  -5.5660E-01  -3.3747E-01  -4.4927E-01
  -4.4871E-01  -2.1016E-01  -2.0872E-01  -3.3642E-01   1.1506E+00  -1.4475E+00
  -1.8418E+00   1.3501E+00  -6.9672E-01   3.2541E-01   2.7551E-04  -6.3278E-01
  -9.2459E-01   5.4479E-01  -1.5405E+00   1.0311E+00   6.6971E-01  -1.0380E+00
  -1.1379E+00   8.7123E-01  -1.0518E+00   1.0664E+00   2.2797E+00  -2.0687E+00
   5.5580E-01  -6.3890E-01  -1.7210E-01   7.8111E-02  -1.0538E+00   1.0720E+00
   8.2216E-01  -8.5072E-01  -1.4050E+00   1.2215E+00  -2.5787E-01  -2.5780E-02
  -8.2874E-01   7.1499E-01  -1.1239E+00   9.7461E-01   6.9473E-01  -4.6771E-01
  -9.9442E-01   1.0590E+00   1.1388E+00  -1.3688E+00  -6.7239E-01   8.6945E-01
  -3.1557E-01   4.4492E-01   4.3748E-01  -1.5102E-01  -3.5634E-01   6.9725E-01
  -3.6464E-01   6.8111E-01   7.5560E-01  -4.1247E-01  -5.6904E-01   7.8862E-01
  -5.7606E-01   7.7331E-01   7.3156E-01  -4.4113E-01   1.0439E+00  -6.2283E-01
  -2.7470E-01   5.0427E-01   1.0493E+00  -6.1651E-01   2.3216E-02   3.0361E-01
  -2.6792E-01   5.0954E-01  -7.0884E-01   8.3167E-01   2.4714E+00  -1.9065E+00
  -3.5496E-01   4.1887E-01   1.4416E+00  -9.8946E-01   2.0156E-02   3.0050E-01
   2.4712E+00  -1.9138E+00   4.0988E-01  -7.3588E-02   1.4404E+00  -9.9220E-01
   4.0520E-01  -1.9194E-01   4.1120E-01  -7.3796E-02
  > E    =  -6.886225705862E+02 +/-   2.920654915471E-04
  > varE =   8.560251527742E-03
* Computing derivatives.
    [walltime: 1m4s elapsed, 5m29s remaining]
  Done. [total walltime: 6m27s]
* Optimizing manipulation constant:
  #igrid a___________ E____________________________________ varE____________
     1     Infinity    -6.88622571E+02 +/-   2.92065492E-04   8.56025153E-03
     2     1.0000E+06  -6.88622571E+02 +/-   2.92065475E-04   8.56025058E-03
     3     2.1544E+05  -6.88622571E+02 +/-   2.92065416E-04   8.56024712E-03
     4     4.6416E+04  -6.88622571E+02 +/-   2.92065143E-04   8.56023109E-03
     5     1.0000E+04  -6.88622571E+02 +/-   2.92063872E-04   8.56015659E-03
     6     2.1544E+03  -6.88622571E+02 +/-   2.92057955E-04   8.55980974E-03
     7     4.6416E+02  -6.88622573E+02 +/-   2.92030095E-04   8.55817678E-03
     8     1.0000E+02  -6.88622583E+02 +/-   2.91892802E-04   8.55013168E-03
     9     2.1544E+01  -6.88622622E+02 +/-   2.91251399E-04   8.51259700E-03
    10     4.6416E+00  -6.88618881E+02 +/-   3.40804354E-04   1.16556447E-02
    11     1.0000E+00  -6.86460427E+02 +/-   3.42945361E-03   1.18025513E+00
    12     2.1544E-01  -6.87582986E+02 +/-   2.11234790E-03   4.47771996E-01
    13     4.6416E-02  -6.87670493E+02 +/-   2.05965270E-03   4.25710166E-01
    14     1.0000E-02  -6.87674779E+02 +/-   2.05237662E-03   4.22707693E-01
    15     2.1544E-03  -6.87674745E+02 +/-   2.05117229E-03   4.22211749E-01
    16     4.6416E-04  -6.87674688E+02 +/-   2.05093246E-03   4.22113022E-01
    17     1.0000E-04  -6.87674674E+02 +/-   2.05088173E-03   4.22092142E-01
    18     2.1544E-05  -6.87674671E+02 +/-   2.05087085E-03   4.22087661E-01
    19     4.6416E-06  -6.87674670E+02 +/-   2.05086851E-03   4.22086697E-01
    20     1.0000E-06  -6.87674670E+02 +/-   2.05086800E-03   4.22086489E-01
    21     0.0000E+00  -6.87674670E+02 +/-   2.05086786E-03   4.22086432E-01
  ParMin   4.5674E+01  -6.88622598E+02 +/-   2.91667018E-04   8.53690948E-03
  # Using grid point #9
* Iteration # 1: E =  -6.886226222409E+02 +/-   2.912513994223E-04
* Reached maximum number of iterations: exiting.
* After optimization:
   2.5557E+00   2.5284E+00   2.5560E+00   2.5562E+00   2.5302E+00   3.5465E-01
   3.6086E-01   1.3751E-01   2.2113E-01   6.1482E-01   3.6295E-01   3.5229E-01
   3.8001E-01   3.7313E-01   3.3866E-01   3.3276E-01   2.1133E-01  -5.2684E-02
  -2.4831E-01   3.5788E-02   3.7286E-02  -8.6425E-02  -8.6532E-02  -3.1556E-01
  -3.1405E-01  -9.5820E-02  -9.7209E-02  -4.4980E-02  -4.4912E-02   5.5192E-02
   5.3783E-02  -2.1899E-02  -2.4506E-02  -1.7989E-01  -1.7694E-01  -2.5238E-01
  -2.5210E-01  -9.6485E-02   8.0787E-02   8.2725E-02  -3.1709E-01  -3.1887E-01
  -2.3519E-01  -2.3465E-01  -4.9580E-01  -4.9591E-01  -5.4726E-01  -5.2423E-01
  -3.7583E-01  -3.7471E-01  -5.0572E-01  -5.0604E-01  -4.8297E-01  -4.8408E-01
  -3.2358E-01  -3.2377E-01  -5.3980E-01  -5.4054E-01  -3.3784E-01  -3.3719E-01
  -5.5422E-01  -5.5400E-01  -5.2403E-01  -5.2311E-01  -3.5204E-01  -3.5262E-01
  -2.3848E-01  -2.4030E-01  -5.9396E-01  -1.6277E-01  -1.6352E-01  -5.5801E-01
  -5.6062E-01  -5.1874E-01  -5.1821E-01  -5.8549E-01  -5.2071E-01  -5.5527E-01
  -5.5458E-01  -4.1894E-01  -4.1750E-01  -5.1934E-01   1.3443E+00  -1.5442E+00
   9.7770E-01  -1.0753E+00   4.2681E-01  -5.9669E-01   8.8567E-01  -1.3440E+00
  -5.7169E-01   3.0896E-01  -3.3987E-01   4.4143E-02   9.8240E-01  -1.2399E+00
  -1.5548E+00   1.3228E+00  -1.4687E+00   1.5171E+00   1.7823E+00  -1.5503E+00
   9.8221E-02  -1.5415E-01   8.3087E-01  -7.3809E-01   9.1727E-01  -6.0293E-01
   1.1353E+00  -1.0522E+00  -2.0338E-01   2.3387E-01   7.4770E-01  -8.4346E-01
  -4.7510E-01   4.7968E-01   8.4794E-01  -6.9821E-01   2.3678E-01   1.7361E-02
  -1.4116E+00   1.5104E+00   1.3325E+00  -1.4654E+00  -3.1794E-01   6.3567E-01
  -8.1487E-02   3.1495E-01   1.5998E+00  -1.1039E+00   7.7004E-01  -2.2248E-01
   7.6057E-01  -2.3753E-01   3.0086E-01   7.5064E-02   1.2856E+00  -7.7929E-01
   1.2789E+00  -7.9432E-01   2.7630E-01   4.5477E-02   1.3604E+00  -8.2007E-01
  -3.8175E-02   3.7695E-01   1.3666E+00  -8.1347E-01   1.0311E+00  -5.0765E-01
  -3.1112E-02   3.8271E-01  -3.5427E-01   5.9757E-01   1.9777E+00  -1.3838E+00
  -1.2161E-01   2.8842E-01   1.6396E+00  -1.0811E+00   1.0290E+00  -5.1075E-01
   1.9770E+00  -1.3907E+00   1.2994E+00  -7.8011E-01   1.6381E+00  -1.0840E+00
   1.5672E+00  -1.1448E+00   1.3008E+00  -7.8056E-01
  > Energy =  -6.886226222409E+02 +/-   2.912513994223E-04
  > varE =   8.512597003485E-03

VMC #4:
* Size of Hilbert space =   2.3639E+09
* Number of equil. steps   = 1000
* Running VMC equilibration.
  Done. [total walltime: 0.01s]
* Equil. acc.ratio (%)     =  17.7802
* Sample config after equilibration:
  +-------+
  |  d d  |
  |u     u|
  |  u 0  |
  |d     2|
  |  d 0  |
  |2     2|
  |  0 0  |
  |2     0|
  |  2 u  |
  +-------+
* Number of accum. steps   = 501760 x 10
* Running VMC accumulation.
  Done. [total walltime: 19.8s]
* Acceptance ratio (%)     =  17.7671
* Etot/t                   =  -6.886221985140E+02 +/-   1.282289780230E-04
  > Ttot/t                 =  -5.654129298187E+01 +/-   8.170719186141E-04
  > Utot/t                 =   2.438593175043E+01 +/-   8.023630553314E-04
* var[Eloc/t]              =   8.533298922377E-03 +/-   3.244465402152E-05
* Correlation length       =   9.668329421108E-01
* log10 Psi^2 range: -5.3397986300987856 -- 5.1379939842052522
* log10 Pgen range : -5.3397986300987856 -- 5.1379939842052522
* Site occupation (ave. no. electrons per config.):
  > Site_  ___eu____  ___ed____
      1        0.503      0.498
      2        0.498      0.497
      3        0.500      0.500
      4        0.501      0.504
      5        0.506      0.506
      6        0.495      0.497
      7        0.497      0.496
      8        0.493      0.498
      9        0.501      0.502
     10        0.501      0.504
     11        0.498      0.497
     12        0.496      0.494
     13        0.495      0.497
     14        0.504      0.503
     15        0.504      0.503
     16        0.503      0.502
     17        0.499      0.497
     18        0.504      0.506
* Pair-correlation analysis (ave. no. pairs per config.):
  > Shell  nsite  ___dh____  __eueu___  __eued___
      0      1        0          0          3.203
      1      0        0.924      0.535      2.558
      2      0        0.149      0.349      0.534
      3      0        0.281      0.703      1.056
      4      0        0.244      0.766      1.067
      5      0        0.745      0.967      2.336
      6      0        0.617      1.285      2.201
      7      0        0.474      1.523      2.066
      8      0        0.122      1.040      0.976
      9      0        0.154      0.839      1.123
     10      0        0.149      0.847      1.065
     11      0        0.239      2.053      1.927
     12      0        0.287      1.904      2.060
     13      0        0.330      1.866      2.055
     14      0        0.247      2.032      1.938
     15      0        0.261      2.103      1.942
     16      0        0.248      2.101      1.946
     17      0        0.253      2.113      1.915
     18      0        0.285      2.080      1.938
     19      0        0.235      1.962      2.023
     20      0        0.120      0.988      1.030
     21      0        0.220      2.123      1.918
     22      0        0.260      2.038      1.967
     23      0        0.236      2.066      1.989
     24      0        0.262      2.004      1.968
     25      0        0.149      0.963      1.005
     26      0        0.143      1.004      0.976
     27      0        0.232      1.989      2.001
     28      0        0.276      1.972      2.045
     29      0        0.264      2.049      1.994
     30      0        0.233      2.008      1.980
     31      0        0.260      1.958      1.981
     32      0        0.240      2.003      2.043
     33      0        0.257      1.979      1.964
     34      0        0.264      1.985      2.017
     35      0        0.240      2.030      2.015
     36      0        0.276      1.919      2.055
     37      0        0.113      0.986      0.984
     38      0        0.259      1.890      2.122
     39      0        0.231      2.002      2.001
     40      0        0.265      2.015      1.988
     41      0        0.113      0.989      0.980
     42      0        0.119      1.012      1.018
     43      0        0.231      1.989      2.010
     44      0        0.270      1.949      2.010
     45      0        0.118      1.021      1.010

Optimization #4:
* Method          : lls
* Target function : energy
* No. of configs. : 100352
* No. of params.  : 172
* Before optimization:
   2.5557E+00   2.5284E+00   2.5560E+00   2.5562E+00   2.5302E+00   3.5465E-01
   3.6086E-01   1.3751E-01   2.2113E-01   6.1482E-01   3.6295E-01   3.5229E-01
   3.8001E-01   3.7313E-01   3.3866E-01   3.3276E-01   2.1133E-01  -5.2684E-02
  -2.4831E-01   3.5788E-02   3.7286E-02  -8.6425E-02  -8.6532E-02  -3.1556E-01
  -3.1405E-01  -9.5820E-02  -9.7209E-02  -4.4980E-02  -4.4912E-02   5.5192E-02
   5.3783E-02  -2.1899E-02  -2.4506E-02  -1.7989E-01  -1.7694E-01  -2.5238E-01
  -2.5210E-01  -9.6485E-02   8.0787E-02   8.2725E-02  -3.1709E-01  -3.1887E-01
  -2.3519E-01  -2.3465E-01  -4.9580E-01  -4.9591E-01  -5.4726E-01  -5.2423E-01
  -3.7583E-01  -3.7471E-01  -5.0572E-01  -5.0604E-01  -4.8297E-01  -4.8408E-01
  -3.2358E-01  -3.2377E-01  -5.3980E-01  -5.4054E-01  -3.3784E-01  -3.3719E-01
  -5.5422E-01  -5.5400E-01  -5.2403E-01  -5.2311E-01  -3.5204E-01  -3.5262E-01
  -2.3848E-01  -2.4030E-01  -5.9396E-01  -1.6277E-01  -1.6352E-01  -5.5801E-01
  -5.6062E-01  -5.1874E-01  -5.1821E-01  -5.8549E-01  -5.2071E-01  -5.5527E-01
  -5.5458E-01  -4.1894E-01  -4.1750E-01  -5.1934E-01   1.3443E+00  -1.5442E+00
   9.7770E-01  -1.0753E+00   4.2681E-01  -5.9669E-01   8.8567E-01  -1.3440E+00
  -5.7169E-01   3.0896E-01  -3.3987E-01   4.4143E-02   9.8240E-01  -1.2399E+00
  -1.5548E+00   1.3228E+00  -1.4687E+00   1.5171E+00   1.7823E+00  -1.5503E+00
   9.8221E-02  -1.5415E-01   8.3087E-01  -7.3809E-01   9.1727E-01  -6.0293E-01
   1.1353E+00  -1.0522E+00  -2.0338E-01   2.3387E-01   7.4770E-01  -8.4346E-01
  -4.7510E-01   4.7968E-01   8.4794E-01  -6.9821E-01   2.3678E-01   1.7361E-02
  -1.4116E+00   1.5104E+00   1.3325E+00  -1.4654E+00  -3.1794E-01   6.3567E-01
  -8.1487E-02   3.1495E-01   1.5998E+00  -1.1039E+00   7.7004E-01  -2.2248E-01
   7.6057E-01  -2.3753E-01   3.0086E-01   7.5064E-02   1.2856E+00  -7.7929E-01
   1.2789E+00  -7.9432E-01   2.7630E-01   4.5477E-02   1.3604E+00  -8.2007E-01
  -3.8175E-02   3.7695E-01   1.3666E+00  -8.1347E-01   1.0311E+00  -5.0765E-01
  -3.1112E-02   3.8271E-01  -3.5427E-01   5.9757E-01   1.9777E+00  -1.3838E+00
  -1.2161E-01   2.8842E-01   1.6396E+00  -1.0811E+00   1.0290E+00  -5.1075E-01
   1.9770E+00  -1.3907E+00   1.2994E+00  -7.8011E-01   1.6381E+00  -1.0840E+00
   1.5672E+00  -1.1448E+00   1.3008E+00  -7.8056E-01
  > E    =  -6.886218707314E+02 +/-   2.896429575148E-04
  > varE =   8.418834634870E-03
* Computing derivatives.
    [walltime: 1m4s elapsed, 5m29s remaining]
  Done. [total walltime: 6m27s]
* Optimizing manipulation constant:
  #igrid a___________ E____________________________________ varE____________
     1     Infinity    -6.88621871E+02 +/-   2.89642958E-04   8.41883463E-03
     2     1.0000E+06  -6.88621871E+02 +/-   2.89642942E-04   8.41883375E-03
     3     2.1544E+05  -6.88621871E+02 +/-   2.89642887E-04   8.41883052E-03
     4     4.6416E+04  -6.88621871E+02 +/-   2.89642629E-04   8.41881553E-03
     5     1.0000E+04  -6.88621871E+02 +/-   2.89641432E-04   8.41874597E-03
     6     2.1544E+03  -6.88621871E+02 +/-   2.89635881E-04   8.41842327E-03
     7     4.6416E+02  -6.88621873E+02 +/-   2.89610169E-04   8.41692869E-03
     8     1.0000E+02  -6.88621883E+02 +/-   2.89492006E-04   8.41006174E-03
     9     2.1544E+01  -6.88621927E+02 +/-   2.88967796E-04   8.37963153E-03
    10     4.6416E+00  -6.88622096E+02 +/-   2.86963873E-04   8.26381300E-03
    11     1.0000E+00  -6.88622502E+02 +/-   2.82314520E-04   7.99820377E-03
    12     2.1544E-01  -6.88622853E+02 +/-   2.78515869E-04   7.78441395E-03
    13     4.6416E-02  -6.88622862E+02 +/-   2.77274193E-04   7.71515990E-03
    14     1.0000E-02  -6.88622437E+02 +/-   2.78907317E-04   7.80631097E-03
    15     2.1544E-03  -6.88621913E+02 +/-   2.82448239E-04   8.00578230E-03
    16     4.6416E-04  -6.88621702E+02 +/-   2.84027443E-04   8.09555524E-03
    17     1.0000E-04  -6.88621649E+02 +/-   2.84436210E-04   8.11887397E-03
    18     2.1544E-05  -6.88621637E+02 +/-   2.84527977E-04   8.12411356E-03
    19     4.6416E-06  -6.88621634E+02 +/-   2.84547926E-04   8.12525276E-03
    20     1.0000E-06  -6.88621633E+02 +/-   2.84552232E-04   8.12549868E-03
    21     0.0000E+00  -6.88621633E+02 +/-   2.84553414E-04   8.12556623E-03
  ParMin   9.5737E-02  -6.88622901E+02 +/-   2.77665040E-04   7.73692591E-03
  # Using parabolic minimum
* Iteration # 1: E =  -6.886229010914E+02 +/-   2.776650402550E-04
* Reached maximum number of iterations: exiting.
* After optimization:
   6.1231E+00   6.1221E+00   6.1393E+00   6.1449E+00   6.1356E+00   1.0194E+00
   1.0239E+00  -1.1773E+00  -2.7851E-01   1.2416E+00  -1.7226E-02  -2.6105E-02
  -4.1027E-01  -4.1868E-01   4.4907E-01   4.4219E-01  -1.0363E-01  -3.3882E-01
   4.3396E-01   2.4543E-01   2.4199E-01  -2.0692E-02  -2.0809E-02  -1.2668E+00
  -1.2661E+00  -4.4097E-03  -3.2458E-03  -8.5438E-01  -8.5493E-01   1.3467E-01
   1.3229E-01  -4.1871E-01  -4.2056E-01  -1.1123E+00  -1.1109E+00  -6.9929E-02
  -7.0217E-02  -4.3844E-01   7.3541E-01   7.3525E-01  -8.3095E-01  -8.3168E-01
  -7.8149E-02  -7.8940E-02  -8.9270E-01  -8.9410E-01  -1.2617E+00  -1.2251E+00
  -3.7616E-01  -3.7427E-01  -9.3884E-01  -9.3929E-01  -8.9987E-01  -9.0277E-01
  -3.0253E-01  -3.0371E-01  -7.4830E-01  -7.4971E-01  -3.7192E-01  -3.7376E-01
  -7.7549E-01  -7.7664E-01  -7.9954E-01  -7.9960E-01  -3.9782E-01  -3.9899E-01
  -7.2960E-01  -7.2759E-01  -2.7147E-01   1.4152E-02   1.2046E-02  -2.8107E-01
  -2.8049E-01  -7.8755E-01  -7.8902E-01  -2.4750E-01  -2.8625E-01  -2.7036E-01
  -2.6943E-01  -7.9276E-01  -7.9265E-01  -2.8089E-01  -5.2204E+00   4.3489E+00
   1.0258E+01  -9.0405E+00   3.5380E+00  -3.2151E+00  -5.3206E+00   4.2243E+00
   1.1550E+00  -1.0402E+00   4.4727E+00  -3.9714E+00  -9.2989E-01   5.6071E-01
  -1.1884E+00   1.2667E+00  -1.1112E+00   1.4450E+00  -5.1226E+00   4.6750E+00
  -3.1866E+00   2.9230E+00  -7.1678E-01   7.4244E-01   7.1356E+00  -5.8664E+00
  -7.6249E-01   7.5638E-01   4.6189E+00  -3.7765E+00  -8.0842E-01   6.3403E-01
   1.2618E+00  -8.6086E-01   7.0523E+00  -5.9725E+00  -3.0341E+00   3.1045E+00
  -1.0314E+00   1.4696E+00  -5.2213E+00   4.4359E+00   1.4730E+00  -6.4163E-01
  -2.9998E+00   3.0772E+00   2.8223E+00  -1.9263E+00   3.9840E+00  -2.7226E+00
   3.9693E+00  -2.7444E+00  -2.8841E+00   3.2579E+00   2.8622E+00  -1.9249E+00
   2.8459E+00  -1.9458E+00  -2.9163E+00   3.2199E+00  -3.9707E-01   1.1467E+00
  -2.8678E+00   3.2395E+00  -3.8394E-01   1.1610E+00  -3.5513E-01   1.1535E+00
  -2.8497E+00   3.2506E+00   1.4253E+00  -6.9034E-01  -4.7662E+00   5.0367E+00
  -3.0498E+00   3.0416E+00  -4.7423E+00   5.0228E+00  -3.5861E-01   1.1482E+00
  -4.7738E+00   5.0229E+00  -4.7224E+00   5.0092E+00  -4.7470E+00   5.0163E+00
   2.7765E+00  -1.9788E+00  -4.7249E+00   5.0044E+00
  > Energy =  -6.886229010914E+02 +/-   2.776650402550E-04
  > varE =   7.736925909835E-03

VMC #5:
* Size of Hilbert space =   2.3639E+09
* Number of equil. steps   = 1000
* Running VMC equilibration.
  Done. [total walltime: 0.01s]
* Equil. acc.ratio (%)     =  17.6665
* Sample config after equilibration:
  +-------+
  |  2 0  |
  |d     u|
  |  u d  |
  |u     u|
  |  0 d  |
  |2     2|
  |  d 0  |
  |d     d|
  |  u u  |
  +-------+
* Number of accum. steps   = 501760 x 10
* Running VMC accumulation.
  Done. [total walltime: 19.6s]
* Acceptance ratio (%)     =  17.5998
* Etot/t                   =  -6.886234200146E+02 +/-   1.271201438069E-04
  > Ttot/t                 =  -5.654349488321E+01 +/-   8.167999339990E-04
  > Utot/t                 =   2.438691215117E+01 +/-   8.033399260669E-04
* var[Eloc/t]              =   7.962711136970E-03 +/-   8.305059304133E-05
* Correlation length       =   1.018272057816E+00
* log10 Psi^2 range: 14.247391059875271 -- 23.511237191230162
* log10 Pgen range : 14.247391059875271 -- 23.511237191230162
* Site occupation (ave. no. electrons per config.):
  > Site_  ___eu____  ___ed____
      1        0.499      0.498
      2        0.498      0.498
      3        0.497      0.496
      4        0.505      0.502
      5        0.502      0.503
      6        0.498      0.498
      7        0.499      0.500
      8        0.496      0.496
      9        0.503      0.502
     10        0.503      0.501
     11        0.497      0.498
     12        0.499      0.499
     13        0.498      0.498
     14        0.502      0.504
     15        0.502      0.504
     16        0.502      0.503
     17        0.497      0.498
     18        0.503      0.501
* Pair-correlation analysis (ave. no. pairs per config.):
  > Shell  nsite  ___dh____  __eueu___  __eued___
      0      1        0          0          3.217
      1      0        0.935      0.537      2.553
      2      0        0.149      0.339      0.534
      3      0        0.285      0.699      1.057
      4      0        0.247      0.761      1.057
      5      0        0.749      0.968      2.336
      6      0        0.614      1.274      2.198
      7      0        0.482      1.531      2.071
      8      0        0.124      1.044      0.973
      9      0        0.157      0.835      1.129
     10      0        0.150      0.860      1.073
     11      0        0.241      2.063      1.941
     12      0        0.291      1.897      2.053
     13      0        0.331      1.854      2.049
     14      0        0.252      2.041      1.947
     15      0        0.261      2.102      1.928
     16      0        0.247      2.096      1.944
     17      0        0.256      2.121      1.909
     18      0        0.284      2.076      1.921
     19      0        0.237      1.974      2.039
     20      0        0.121      0.987      1.034
     21      0        0.224      2.122      1.924
     22      0        0.264      2.042      1.965
     23      0        0.241      2.063      1.980
     24      0        0.264      2.010      1.963
     25      0        0.150      0.964      1.008
     26      0        0.145      1.005      0.975
     27      0        0.236      1.993      2.019
     28      0        0.276      1.951      2.034
     29      0        0.264      2.031      1.976
     30      0        0.234      2.024      1.987
     31      0        0.262      1.967      1.994
     32      0        0.243      1.994      2.038
     33      0        0.261      1.993      1.974
     34      0        0.267      1.982      2.009
     35      0        0.240      2.033      2.007
     36      0        0.278      1.916      2.062
     37      0        0.115      0.991      0.997
     38      0        0.265      1.881      2.113
     39      0        0.234      2.013      1.996
     40      0        0.262      2.010      1.989
     41      0        0.114      0.997      0.994
     42      0        0.120      1.001      1.014
     43      0        0.235      1.997      2.006
     44      0        0.273      1.946      2.008
     45      0        0.118      1.012      1.007

Optimization #5:
* Method          : lls
* Target function : energy
* No. of configs. : 100352
* No. of params.  : 172
* Before optimization:
   6.1231E+00   6.1221E+00   6.1393E+00   6.1449E+00   6.1356E+00   1.0194E+00
   1.0239E+00  -1.1773E+00  -2.7851E-01   1.2416E+00  -1.7226E-02  -2.6105E-02
  -4.1027E-01  -4.1868E-01   4.4907E-01   4.4219E-01  -1.0363E-01  -3.3882E-01
   4.3396E-01   2.4543E-01   2.4199E-01  -2.0692E-02  -2.0809E-02  -1.2668E+00
  -1.2661E+00  -4.4097E-03  -3.2458E-03  -8.5438E-01  -8.5493E-01   1.3467E-01
   1.3229E-01  -4.1871E-01  -4.2056E-01  -1.1123E+00  -1.1109E+00  -6.9929E-02
  -7.0217E-02  -4.3844E-01   7.3541E-01   7.3525E-01  -8.3095E-01  -8.3168E-01
  -7.8149E-02  -7.8940E-02  -8.9270E-01  -8.9410E-01  -1.2617E+00  -1.2251E+00
  -3.7616E-01  -3.7427E-01  -9.3884E-01  -9.3929E-01  -8.9987E-01  -9.0277E-01
  -3.0253E-01  -3.0371E-01  -7.4830E-01  -7.4971E-01  -3.7192E-01  -3.7376E-01
  -7.7549E-01  -7.7664E-01  -7.9954E-01  -7.9960E-01  -3.9782E-01  -3.9899E-01
  -7.2960E-01  -7.2759E-01  -2.7147E-01   1.4152E-02   1.2046E-02  -2.8107E-01
  -2.8049E-01  -7.8755E-01  -7.8902E-01  -2.4750E-01  -2.8625E-01  -2.7036E-01
  -2.6943E-01  -7.9276E-01  -7.9265E-01  -2.8089E-01  -5.2204E+00   4.3489E+00
   1.0258E+01  -9.0405E+00   3.5380E+00  -3.2151E+00  -5.3206E+00   4.2243E+00
   1.1550E+00  -1.0402E+00   4.4727E+00  -3.9714E+00  -9.2989E-01   5.6071E-01
  -1.1884E+00   1.2667E+00  -1.1112E+00   1.4450E+00  -5.1226E+00   4.6750E+00
  -3.1866E+00   2.9230E+00  -7.1678E-01   7.4244E-01   7.1356E+00  -5.8664E+00
  -7.6249E-01   7.5638E-01   4.6189E+00  -3.7765E+00  -8.0842E-01   6.3403E-01
   1.2618E+00  -8.6086E-01   7.0523E+00  -5.9725E+00  -3.0341E+00   3.1045E+00
  -1.0314E+00   1.4696E+00  -5.2213E+00   4.4359E+00   1.4730E+00  -6.4163E-01
  -2.9998E+00   3.0772E+00   2.8223E+00  -1.9263E+00   3.9840E+00  -2.7226E+00
   3.9693E+00  -2.7444E+00  -2.8841E+00   3.2579E+00   2.8622E+00  -1.9249E+00
   2.8459E+00  -1.9458E+00  -2.9163E+00   3.2199E+00  -3.9707E-01   1.1467E+00
  -2.8678E+00   3.2395E+00  -3.8394E-01   1.1610E+00  -3.5513E-01   1.1535E+00
  -2.8497E+00   3.2506E+00   1.4253E+00  -6.9034E-01  -4.7662E+00   5.0367E+00
  -3.0498E+00   3.0416E+00  -4.7423E+00   5.0228E+00  -3.5861E-01   1.1482E+00
  -4.7738E+00   5.0229E+00  -4.7224E+00   5.0092E+00  -4.7470E+00   5.0163E+00
   2.7765E+00  -1.9788E+00  -4.7249E+00   5.0044E+00
  > E    =  -6.886236811467E+02 +/-   2.792773681050E-04
  > varE =   7.827039372181E-03
* Computing derivatives.
    [walltime: 1m4s elapsed, 5m28s remaining]
  Done. [total walltime: 6m27s]
* Optimizing manipulation constant:
  #igrid a___________ E____________________________________ varE____________
     1     Infinity    -6.88623681E+02 +/-   2.79277368E-04   7.82703937E-03
     2     1.0000E+06  -6.88623681E+02 +/-   2.79277367E-04   7.82703933E-03
     3     2.1544E+05  -6.88623681E+02 +/-   2.79277364E-04   7.82703917E-03
     4     4.6416E+04  -6.88623681E+02 +/-   2.79277351E-04   7.82703841E-03
     5     1.0000E+04  -6.88623681E+02 +/-   2.79277289E-04   7.82703493E-03
     6     2.1544E+03  -6.88623681E+02 +/-   2.79277001E-04   7.82701879E-03
     7     4.6416E+02  -6.88623681E+02 +/-   2.79275682E-04   7.82694486E-03
     8     1.0000E+02  -6.88623682E+02 +/-   2.79269928E-04   7.82662232E-03
     9     2.1544E+01  -6.88623684E+02 +/-   2.79250514E-04   7.82553423E-03
    10     4.6416E+00  -6.88623688E+02 +/-   2.79282439E-04   7.82732361E-03
    11     1.0000E+00  -6.88623604E+02 +/-   2.80591376E-04   7.90086550E-03
    12     2.1544E-01  -6.88623211E+02 +/-   2.85223286E-04   8.16386830E-03
    13     4.6416E-02  -6.88143483E+02 +/-   1.60079432E-03   2.57156261E-01
    14     1.0000E-02  -6.87205890E+02 +/-   2.34505495E-03   5.51864019E-01
    15     2.1544E-03  -6.87020138E+02 +/-   2.39636870E-03   5.76279683E-01
    16     4.6416E-04  -6.86982332E+02 +/-   2.40471093E-03   5.80298951E-01
    17     1.0000E-04  -6.86974295E+02 +/-   2.40641202E-03   5.81120249E-01
    18     2.1544E-05  -6.86972569E+02 +/-   2.40677432E-03   5.81295247E-01
    19     4.6416E-06  -6.86972197E+02 +/-   2.40685219E-03   5.81332860E-01
    20     1.0000E-06  -6.86972117E+02 +/-   2.40686896E-03   5.81340960E-01
    21     0.0000E+00  -6.86972095E+02 +/-   2.40687356E-03   5.81343184E-01
  ParMin   9.3807E+00  -6.88623687E+02 +/-   2.79241041E-04   7.82500329E-03
  # Using grid point #10
* Iteration # 1: E =  -6.886236880940E+02 +/-   2.792824390706E-04
* Reached maximum number of iterations: exiting.
* After optimization:
   7.0957E+00   7.0942E+00   7.1105E+00   7.1195E+00   7.1070E+00   9.7141E-01
   9.7644E-01  -1.2308E+00  -3.3767E-01   1.1938E+00  -7.1901E-02  -8.0531E-02
  -4.6110E-01  -4.6910E-01   3.9459E-01   3.8735E-01  -1.5358E-01  -3.8618E-01
   3.8490E-01   1.9658E-01   1.9303E-01  -7.3856E-02  -7.4099E-02  -1.3234E+00
  -1.3228E+00  -5.7717E-02  -5.7427E-02  -9.0492E-01  -9.0575E-01   8.1446E-02
   7.8297E-02  -4.7250E-01  -4.7414E-01  -1.1692E+00  -1.1680E+00  -1.1798E-01
  -1.1892E-01  -4.8792E-01   6.8726E-01   6.8752E-01  -8.8759E-01  -8.8810E-01
  -1.2572E-01  -1.2725E-01  -9.4521E-01  -9.4656E-01  -1.3253E+00  -1.2889E+00
  -4.2969E-01  -4.2850E-01  -9.9069E-01  -9.9173E-01  -9.5244E-01  -9.5562E-01
  -3.5715E-01  -3.5821E-01  -8.1139E-01  -8.1180E-01  -4.2616E-01  -4.2734E-01
  -8.3727E-01  -8.3820E-01  -8.6075E-01  -8.6084E-01  -4.5142E-01  -4.5241E-01
  -7.8642E-01  -7.8463E-01  -3.2925E-01  -3.3374E-02  -3.5829E-02  -3.3906E-01
  -3.3845E-01  -8.4922E-01  -8.5017E-01  -3.0684E-01  -3.4413E-01  -3.2896E-01
  -3.2822E-01  -8.4561E-01  -8.4576E-01  -3.3913E-01  -5.2275E+00   4.4033E+00
   1.0242E+01  -8.9716E+00   3.6107E+00  -3.2277E+00  -5.3313E+00   4.2844E+00
   1.1697E+00  -9.9959E-01   4.4421E+00  -3.8906E+00  -8.9467E-01   5.7994E-01
  -1.2319E+00   1.3604E+00  -1.1560E+00   1.5376E+00  -5.1247E+00   4.7259E+00
  -3.2097E+00   2.9950E+00  -6.8618E-01   7.6550E-01   7.1636E+00  -5.8377E+00
  -7.2778E-01   7.7482E-01   4.5883E+00  -3.6956E+00  -7.7794E-01   6.5711E-01
   1.2754E+00  -8.2129E-01   7.0807E+00  -5.9439E+00  -3.0573E+00   3.1763E+00
  -1.0748E+00   1.5633E+00  -5.2282E+00   4.4905E+00   1.4883E+00  -6.0044E-01
  -3.0277E+00   3.1527E+00   2.8132E+00  -1.8658E+00   4.0586E+00  -2.7332E+00
   4.0434E+00  -2.7553E+00  -2.9045E+00   3.3327E+00   2.8496E+00  -1.8592E+00
   2.8333E+00  -1.8804E+00  -2.9371E+00   3.2947E+00  -3.5761E-01   1.1702E+00
  -2.8923E+00   3.3186E+00  -3.4515E-01   1.1839E+00  -3.2055E-01   1.1808E+00
  -2.8753E+00   3.3288E+00   1.4409E+00  -6.4858E-01  -4.7641E+00   5.0927E+00
  -3.0780E+00   3.1171E+00  -4.7445E+00   5.0830E+00  -3.2450E-01   1.1749E+00
  -4.7715E+00   5.0795E+00  -4.7292E+00   5.0732E+00  -4.7485E+00   5.0771E+00
   2.7682E+00  -1.9173E+00  -4.7314E+00   5.0689E+00
  > Energy =  -6.886236880940E+02 +/-   2.792824390706E-04
  > varE =   7.827323612953E-03

VMC #6:
* Size of Hilbert space =   2.3639E+09
* Number of equil. steps   = 1000
* Running VMC equilibration.
  Done. [total walltime: 0.01s]
* Equil. acc.ratio (%)     =  17.6189
* Sample config after equilibration:
  +-------+
  |  2 0  |
  |0     2|
  |  d d  |
  |u     u|
  |  2 0  |
  |0     u|
  |  u d  |
  |d     u|
  |  d 2  |
  +-------+
* Number of accum. steps   = 501760 x 10
* Running VMC accumulation.
  Done. [total walltime: 19.7s]
* Acceptance ratio (%)     =  17.5973
* Etot/t                   =  -6.886233608161E+02 +/-   1.255425255203E-04
  > Ttot/t                 =  -5.654355979773E+01 +/-   8.004382710650E-04
  > Utot/t                 =   2.438703626414E+01 +/-   7.915504405523E-04
* var[Eloc/t]              =   7.937368286550E-03 +/-   2.807067027410E-05
* Correlation length       =   9.963254570995E-01
* log10 Psi^2 range: 17.223807835054604 -- 27.307540347747047
* log10 Pgen range : 17.223807835054604 -- 27.307540347747047
* Site occupation (ave. no. electrons per config.):
  > Site_  ___eu____  ___ed____
      1        0.495      0.496
      2        0.498      0.496
      3        0.497      0.500
      4        0.505      0.501
      5        0.500      0.502
      6        0.497      0.501
      7        0.498      0.498
      8        0.497      0.500
      9        0.504      0.503
     10        0.503      0.504
     11        0.498      0.497
     12        0.501      0.497
     13        0.500      0.501
     14        0.504      0.506
     15        0.503      0.504
     16        0.504      0.501
     17        0.496      0.495
     18        0.502      0.500
* Pair-correlation analysis (ave. no. pairs per config.):
  > Shell  nsite  ___dh____  __eueu___  __eued___
      0      1        0          0          3.215
      1      0        0.932      0.540      2.552
      2      0        0.149      0.338      0.531
      3      0        0.285      0.699      1.053
      4      0        0.248      0.758      1.055
      5      0        0.745      0.977      2.335
      6      0        0.611      1.276      2.200
      7      0        0.480      1.532      2.074
      8      0        0.124      1.049      0.975
      9      0        0.158      0.838      1.131
     10      0        0.149      0.861      1.076
     11      0        0.241      2.065      1.946
     12      0        0.290      1.895      2.051
     13      0        0.325      1.851      2.050
     14      0        0.253      2.043      1.946
     15      0        0.261      2.101      1.927
     16      0        0.251      2.089      1.937
     17      0        0.256      2.118      1.918
     18      0        0.285      2.068      1.917
     19      0        0.236      1.978      2.044
     20      0        0.121      0.987      1.041
     21      0        0.224      2.120      1.922
     22      0        0.263      2.047      1.962
     23      0        0.242      2.066      1.976
     24      0        0.263      2.007      1.962
     25      0        0.150      0.959      1.008
     26      0        0.145      1.004      0.973
     27      0        0.236      1.996      2.025
     28      0        0.275      1.945      2.032
     29      0        0.267      2.027      1.967
     30      0        0.237      2.024      1.995
     31      0        0.261      1.974      1.993
     32      0        0.241      1.995      2.045
     33      0        0.261      1.997      1.969
     34      0        0.265      1.972      2.017
     35      0        0.243      2.039      1.999
     36      0        0.277      1.919      2.062
     37      0        0.114      0.993      0.999
     38      0        0.263      1.882      2.119
     39      0        0.234      2.011      1.995
     40      0        0.266      2.005      1.983
     41      0        0.116      0.995      0.996
     42      0        0.119      1.001      1.013
     43      0        0.236      2.000      2.007
     44      0        0.271      1.947      2.007
     45      0        0.121      1.009      1.004

Optimization #6:
* Method          : lls
* Target function : energy
* No. of configs. : 100352
* No. of params.  : 172
* Before optimization:
   7.0957E+00   7.0942E+00   7.1105E+00   7.1195E+00   7.1070E+00   9.7141E-01
   9.7644E-01  -1.2308E+00  -3.3767E-01   1.1938E+00  -7.1901E-02  -8.0531E-02
  -4.6110E-01  -4.6910E-01   3.9459E-01   3.8735E-01  -1.5358E-01  -3.8618E-01
   3.8490E-01   1.9658E-01   1.9303E-01  -7.3856E-02  -7.4099E-02  -1.3234E+00
  -1.3228E+00  -5.7717E-02  -5.7427E-02  -9.0492E-01  -9.0575E-01   8.1446E-02
   7.8297E-02  -4.7250E-01  -4.7414E-01  -1.1692E+00  -1.1680E+00  -1.1798E-01
  -1.1892E-01  -4.8792E-01   6.8726E-01   6.8752E-01  -8.8759E-01  -8.8810E-01
  -1.2572E-01  -1.2725E-01  -9.4521E-01  -9.4656E-01  -1.3253E+00  -1.2889E+00
  -4.2969E-01  -4.2850E-01  -9.9069E-01  -9.9173E-01  -9.5244E-01  -9.5562E-01
  -3.5715E-01  -3.5821E-01  -8.1139E-01  -8.1180E-01  -4.2616E-01  -4.2734E-01
  -8.3727E-01  -8.3820E-01  -8.6075E-01  -8.6084E-01  -4.5142E-01  -4.5241E-01
  -7.8642E-01  -7.8463E-01  -3.2925E-01  -3.3374E-02  -3.5829E-02  -3.3906E-01
  -3.3845E-01  -8.4922E-01  -8.5017E-01  -3.0684E-01  -3.4413E-01  -3.2896E-01
  -3.2822E-01  -8.4561E-01  -8.4576E-01  -3.3913E-01  -5.2275E+00   4.4033E+00
   1.0242E+01  -8.9716E+00   3.6107E+00  -3.2277E+00  -5.3313E+00   4.2844E+00
   1.1697E+00  -9.9959E-01   4.4421E+00  -3.8906E+00  -8.9467E-01   5.7994E-01
  -1.2319E+00   1.3604E+00  -1.1560E+00   1.5376E+00  -5.1247E+00   4.7259E+00
  -3.2097E+00   2.9950E+00  -6.8618E-01   7.6550E-01   7.1636E+00  -5.8377E+00
  -7.2778E-01   7.7482E-01   4.5883E+00  -3.6956E+00  -7.7794E-01   6.5711E-01
   1.2754E+00  -8.2129E-01   7.0807E+00  -5.9439E+00  -3.0573E+00   3.1763E+00
  -1.0748E+00   1.5633E+00  -5.2282E+00   4.4905E+00   1.4883E+00  -6.0044E-01
  -3.0277E+00   3.1527E+00   2.8132E+00  -1.8658E+00   4.0586E+00  -2.7332E+00
   4.0434E+00  -2.7553E+00  -2.9045E+00   3.3327E+00   2.8496E+00  -1.8592E+00
   2.8333E+00  -1.8804E+00  -2.9371E+00   3.2947E+00  -3.5761E-01   1.1702E+00
  -2.8923E+00   3.3186E+00  -3.4515E-01   1.1839E+00  -3.2055E-01   1.1808E+00
  -2.8753E+00   3.3288E+00   1.4409E+00  -6.4858E-01  -4.7641E+00   5.0927E+00
  -3.0780E+00   3.1171E+00  -4.7445E+00   5.0830E+00  -3.2450E-01   1.1749E+00
  -4.7715E+00   5.0795E+00  -4.7292E+00   5.0732E+00  -4.7485E+00   5.0771E+00
   2.7682E+00  -1.9173E+00  -4.7314E+00   5.0689E+00
  > E    =  -6.886236415064E+02 +/-   2.798667535694E-04
  > varE =   7.860110516059E-03
* Computing derivatives.
    [walltime: 1m4s elapsed, 5m28s remaining]
  Done. [total walltime: 6m27s]
* Optimizing manipulation constant:
  #igrid a___________ E____________________________________ varE____________
     1     Infinity    -6.88623642E+02 +/-   2.79866754E-04   7.86011052E-03
     2     1.0000E+06  -6.88623642E+02 +/-   2.79866752E-04   7.86011043E-03
     3     2.1544E+05  -6.88623642E+02 +/-   2.79866746E-04   7.86011012E-03
     4     4.6416E+04  -6.88623642E+02 +/-   2.79866721E-04   7.86010868E-03
     5     1.0000E+04  -6.88623642E+02 +/-   2.79866606E-04   7.86010220E-03
     6     2.1544E+03  -6.88623642E+02 +/-   2.79866154E-04   7.86007686E-03
     7     4.6416E+02  -6.88623642E+02 +/-   2.79865862E-04   7.86006042E-03
     8     1.0000E+02  -6.88623642E+02 +/-   2.79903318E-04   7.86216451E-03
     9     2.1544E+01  -6.88623623E+02 +/-   2.81070078E-04   7.92784703E-03
    10     4.6416E+00  -6.88619028E+02 +/-   3.47212755E-04   1.20981057E-02
    11     1.0000E+00  -6.87141136E+02 +/-   2.34390254E-03   5.51321757E-01
    12     2.1544E-01  -6.88489343E+02 +/-   2.27241329E-02   5.18203894E+01
    13     4.6416E-02 (error)
    14     1.0000E-02 (error)
    15     2.1544E-03 (error)
    16     4.6416E-04 (error)
    17     1.0000E-04 (error)
    18     2.1544E-05 (error)
    19     4.6416E-06 (error)
    20     1.0000E-06 (error)
    21     0.0000E+00 (error)
  ParMin   2.1381E+02  -6.88623642E+02 +/-   2.79870924E-04   7.86034479E-03
  # Using grid point #8
* Iteration # 1: E =  -6.886236418587E+02 +/-   2.799033184154E-04
* Reached maximum number of iterations: exiting.
* After optimization:
   6.5365E+00   6.5347E+00   6.5512E+00   6.5601E+00   6.5479E+00   9.9350E-01
   9.9853E-01  -1.1937E+00  -3.2032E-01   1.1902E+00  -2.7879E-02  -3.6535E-02
  -4.0724E-01  -4.1522E-01   4.2713E-01   4.1992E-01  -8.2984E-02  -3.1534E-01
   4.3274E-01   2.5587E-01   2.5233E-01  -6.6936E-02  -6.7184E-02  -1.2962E+00
  -1.2957E+00  -2.5089E-02  -2.4823E-02  -8.5096E-01  -8.5182E-01   8.8320E-02
   8.5173E-02  -4.2845E-01  -4.3008E-01  -1.1421E+00  -1.1410E+00  -5.8655E-02
  -5.9582E-02  -4.1724E-01   7.0937E-01   7.0963E-01  -8.4376E-01  -8.4425E-01
  -9.2102E-02  -9.3642E-02  -9.0284E-01  -9.0418E-01  -1.3083E+00  -1.2719E+00
  -3.7068E-01  -3.6954E-01  -9.7404E-01  -9.7509E-01  -9.3580E-01  -9.3898E-01
  -2.9814E-01  -2.9917E-01  -7.7921E-01  -7.7961E-01  -3.9285E-01  -3.9405E-01
  -8.0512E-01  -8.0605E-01  -8.5431E-01  -8.5442E-01  -4.1815E-01  -4.1913E-01
  -7.4262E-01  -7.4087E-01  -2.8189E-01   1.9646E-04  -2.2506E-03  -3.1741E-01
  -3.1682E-01  -8.4279E-01  -8.4372E-01  -2.5940E-01  -3.4826E-01  -3.0729E-01
  -3.0654E-01  -8.0325E-01  -8.0340E-01  -3.4323E-01  -5.1655E+00   4.3193E+00
   1.0167E+01  -8.9337E+00   3.7152E+00  -3.3495E+00  -5.0377E+00   3.9945E+00
   1.0332E+00  -9.0709E-01   4.2158E+00  -3.7183E+00  -9.2725E-01   5.7998E-01
  -1.6093E+00   1.6672E+00  -1.5335E+00   1.8443E+00  -5.2943E+00   4.8477E+00
  -3.4833E+00   3.2093E+00  -4.8719E-01   5.5964E-01   7.1784E+00  -5.8797E+00
  -7.6038E-01   7.7481E-01   4.3620E+00  -3.5233E+00  -5.7898E-01   4.5124E-01
   1.1389E+00  -7.2880E-01   7.0955E+00  -5.9858E+00  -3.3309E+00   3.3907E+00
  -1.4523E+00   1.8701E+00  -5.1663E+00   4.4065E+00   1.3519E+00  -5.0786E-01
  -3.0698E+00   3.1611E+00   2.6910E+00  -1.7860E+00   4.1632E+00  -2.8549E+00
   4.1480E+00  -2.8769E+00  -3.1779E+00   3.5471E+00   2.9590E+00  -1.9851E+00
   2.9426E+00  -2.0064E+00  -3.2106E+00   3.5092E+00  -3.9001E-01   1.1704E+00
  -2.9341E+00   3.3272E+00  -3.7752E-01   1.1842E+00  -1.2134E-01   9.7513E-01
  -2.9171E+00   3.3373E+00   1.3045E+00  -5.5594E-01  -4.9335E+00   5.2147E+00
  -3.1200E+00   3.1256E+00  -4.6823E+00   4.9993E+00  -1.2532E-01   9.6919E-01
  -4.9410E+00   5.2016E+00  -4.4354E+00   4.7836E+00  -4.6864E+00   4.9933E+00
   2.6460E+00  -1.8374E+00  -4.4377E+00   4.7793E+00
  > Energy =  -6.886236418587E+02 +/-   2.799033184154E-04
  > varE =   7.862164511410E-03

VMC #7:
* Size of Hilbert space =   2.3639E+09
* Number of equil. steps   = 1000
* Running VMC equilibration.
  Done. [total walltime: 0.01s]
* Equil. acc.ratio (%)     =  17.6266
* Sample config after equilibration:
  +-------+
  |  d u  |
  |0     d|
  |  2 u  |
  |0     u|
  |  u d  |
  |d     2|
  |  2 0  |
  |u     u|
  |  d d  |
  +-------+
* Number of accum. steps   = 501760 x 10
* Running VMC accumulation.
  Done. [total walltime: 19.6s]
* Acceptance ratio (%)     =  17.5962
* Etot/t                   =  -6.886233967388E+02 +/-   1.283041253692E-04
  > Ttot/t                 =  -5.654420770834E+01 +/-   8.038689972937E-04
  > Utot/t                 =   2.438764825213E+01 +/-   7.964029527603E-04
* var[Eloc/t]              =   7.997054964950E-03 +/-   5.505297406215E-05
* Correlation length       =   1.032873646497E+00
* log10 Psi^2 range: 15.661347334015158 -- 25.283954728493690
* log10 Pgen range : 15.661347334015158 -- 25.283954728493690
* Site occupation (ave. no. electrons per config.):
  > Site_  ___eu____  ___ed____
      1        0.495      0.499
      2        0.496      0.501
      3        0.498      0.500
      4        0.504      0.499
      5        0.503      0.500
      6        0.498      0.499
      7        0.499      0.499
      8        0.497      0.498
      9        0.505      0.501
     10        0.505      0.501
     11        0.496      0.497
     12        0.498      0.499
     13        0.500      0.496
     14        0.504      0.503
     15        0.503      0.502
     16        0.503      0.502
     17        0.496      0.501
     18        0.501      0.504
* Pair-correlation analysis (ave. no. pairs per config.):
  > Shell  nsite  ___dh____  __eueu___  __eued___
      0      1        0          0          3.215
      1      0        0.935      0.540      2.544
      2      0        0.149      0.341      0.534
      3      0        0.287      0.700      1.056
      4      0        0.246      0.760      1.056
      5      0        0.742      0.970      2.342
      6      0        0.611      1.276      2.200
      7      0        0.484      1.532      2.071
      8      0        0.123      1.044      0.973
      9      0        0.155      0.834      1.129
     10      0        0.150      0.860      1.071
     11      0        0.241      2.061      1.941
     12      0        0.290      1.896      2.056
     13      0        0.328      1.859      2.056
     14      0        0.251      2.048      1.947
     15      0        0.258      2.106      1.927
     16      0        0.250      2.092      1.944
     17      0        0.254      2.124      1.910
     18      0        0.286      2.076      1.924
     19      0        0.239      1.968      2.035
     20      0        0.119      0.986      1.037
     21      0        0.223      2.117      1.926
     22      0        0.265      2.038      1.965
     23      0        0.238      2.063      1.976
     24      0        0.265      2.010      1.965
     25      0        0.151      0.967      1.007
     26      0        0.143      1.008      0.980
     27      0        0.237      1.994      2.010
     28      0        0.276      1.954      2.033
     29      0        0.265      2.034      1.976
     30      0        0.237      2.020      1.987
     31      0        0.264      1.971      1.993
     32      0        0.242      1.988      2.041
     33      0        0.260      1.993      1.979
     34      0        0.269      1.978      2.009
     35      0        0.236      2.034      2.006
     36      0        0.279      1.918      2.058
     37      0        0.117      0.990      0.997
     38      0        0.263      1.881      2.112
     39      0        0.234      2.010      1.996
     40      0        0.264      2.011      1.988
     41      0        0.114      0.998      0.992
     42      0        0.120      1.002      1.011
     43      0        0.236      1.995      2.005
     44      0        0.274      1.944      2.014
     45      0        0.119      1.010      1.006

Optimization #7:
* Method          : lls
* Target function : energy
* No. of configs. : 100352
* No. of params.  : 172
* Before optimization:
   6.5365E+00   6.5347E+00   6.5512E+00   6.5601E+00   6.5479E+00   9.9350E-01
   9.9853E-01  -1.1937E+00  -3.2032E-01   1.1902E+00  -2.7879E-02  -3.6535E-02
  -4.0724E-01  -4.1522E-01   4.2713E-01   4.1992E-01  -8.2984E-02  -3.1534E-01
   4.3274E-01   2.5587E-01   2.5233E-01  -6.6936E-02  -6.7184E-02  -1.2962E+00
  -1.2957E+00  -2.5089E-02  -2.4823E-02  -8.5096E-01  -8.5182E-01   8.8320E-02
   8.5173E-02  -4.2845E-01  -4.3008E-01  -1.1421E+00  -1.1410E+00  -5.8655E-02
  -5.9582E-02  -4.1724E-01   7.0937E-01   7.0963E-01  -8.4376E-01  -8.4425E-01
  -9.2102E-02  -9.3642E-02  -9.0284E-01  -9.0418E-01  -1.3083E+00  -1.2719E+00
  -3.7068E-01  -3.6954E-01  -9.7404E-01  -9.7509E-01  -9.3580E-01  -9.3898E-01
  -2.9814E-01  -2.9917E-01  -7.7921E-01  -7.7961E-01  -3.9285E-01  -3.9405E-01
  -8.0512E-01  -8.0605E-01  -8.5431E-01  -8.5442E-01  -4.1815E-01  -4.1913E-01
  -7.4262E-01  -7.4087E-01  -2.8189E-01   1.9646E-04  -2.2506E-03  -3.1741E-01
  -3.1682E-01  -8.4279E-01  -8.4372E-01  -2.5940E-01  -3.4826E-01  -3.0729E-01
  -3.0654E-01  -8.0325E-01  -8.0340E-01  -3.4323E-01  -5.1655E+00   4.3193E+00
   1.0167E+01  -8.9337E+00   3.7152E+00  -3.3495E+00  -5.0377E+00   3.9945E+00
   1.0332E+00  -9.0709E-01   4.2158E+00  -3.7183E+00  -9.2725E-01   5.7998E-01
  -1.6093E+00   1.6672E+00  -1.5335E+00   1.8443E+00  -5.2943E+00   4.8477E+00
  -3.4833E+00   3.2093E+00  -4.8719E-01   5.5964E-01   7.1784E+00  -5.8797E+00
  -7.6038E-01   7.7481E-01   4.3620E+00  -3.5233E+00  -5.7898E-01   4.5124E-01
   1.1389E+00  -7.2880E-01   7.0955E+00  -5.9858E+00  -3.3309E+00   3.3907E+00
  -1.4523E+00   1.8701E+00  -5.1663E+00   4.4065E+00   1.3519E+00  -5.0786E-01
  -3.0698E+00   3.1611E+00   2.6910E+00  -1.7860E+00   4.1632E+00  -2.8549E+00
   4.1480E+00  -2.8769E+00  -3.1779E+00   3.5471E+00   2.9590E+00  -1.9851E+00
   2.9426E+00  -2.0064E+00  -3.2106E+00   3.5092E+00  -3.9001E-01   1.1704E+00
  -2.9341E+00   3.3272E+00  -3.7752E-01   1.1842E+00  -1.2134E-01   9.7513E-01
  -2.9171E+00   3.3373E+00   1.3045E+00  -5.5594E-01  -4.9335E+00   5.2147E+00
  -3.1200E+00   3.1256E+00  -4.6823E+00   4.9993E+00  -1.2532E-01   9.6919E-01
  -4.9410E+00   5.2016E+00  -4.4354E+00   4.7836E+00  -4.6864E+00   4.9933E+00
   2.6460E+00  -1.8374E+00  -4.4377E+00   4.7793E+00
  > E    =  -6.886234508288E+02 +/-   2.831460854244E-04
  > varE =   8.045391009522E-03
* Computing derivatives.
    [walltime: 1m4s elapsed, 5m28s remaining]
  Done. [total walltime: 6m27s]
* Optimizing manipulation constant:
  #igrid a___________ E____________________________________ varE____________
     1     Infinity    -6.88623451E+02 +/-   2.83146085E-04   8.04539101E-03
     2     1.0000E+06  -6.88623451E+02 +/-   2.83146084E-04   8.04539090E-03
     3     2.1544E+05  -6.88623451E+02 +/-   2.83146077E-04   8.04539052E-03
     4     4.6416E+04  -6.88623451E+02 +/-   2.83146045E-04   8.04538871E-03
     5     1.0000E+04  -6.88623451E+02 +/-   2.83145896E-04   8.04538023E-03
     6     2.1544E+03  -6.88623451E+02 +/-   2.83145162E-04   8.04533854E-03
     7     4.6416E+02  -6.88623451E+02 +/-   2.83140878E-04   8.04509507E-03
     8     1.0000E+02  -6.88623451E+02 +/-   2.83102936E-04   8.04293905E-03
     9     2.1544E+01  -6.88623428E+02 +/-   2.82866119E-04   8.02948879E-03
    10     4.6416E+00  -6.88615200E+02 +/-   3.67399811E-04   1.35457760E-02
    11     1.0000E+00  -6.88069486E+02 +/-   1.79607745E-03   3.23724936E-01
    12     2.1544E-01  -6.88075320E+02 +/-   1.82824809E-03   3.35425665E-01
    13     4.6416E-02 (error)
    14     1.0000E-02 (error)
    15     2.1544E-03 (error)
    16     4.6416E-04 (error)
    17     1.0000E-04 (error)
    18     2.1544E-05 (error)
    19     4.6416E-06 (error)
    20     1.0000E-06 (error)
    21     0.0000E+00 (error)
  ParMin   2.0739E+02  -6.88623451E+02 +/-   2.83131219E-04   8.04454619E-03
  # Using grid point #8
* Iteration # 1: E =  -6.886234514341E+02 +/-   2.831029355044E-04
* Reached maximum number of iterations: exiting.
* After optimization:
   6.6053E+00   6.6035E+00   6.6200E+00   6.6289E+00   6.6167E+00   1.0021E+00
   1.0072E+00  -1.1848E+00  -3.7826E-01   1.2240E+00  -5.5444E-02  -6.4095E-02
  -4.0137E-01  -4.0935E-01   3.8990E-01   3.8269E-01  -8.0265E-02  -3.1248E-01
   4.1621E-01   2.4896E-01   2.4545E-01  -7.8984E-02  -7.9226E-02  -1.3208E+00
  -1.3202E+00  -6.2287E-02  -6.2047E-02  -8.4508E-01  -8.4592E-01   7.6300E-02
   7.3129E-02  -4.5598E-01  -4.5764E-01  -1.1667E+00  -1.1655E+00  -6.5511E-02
  -6.6459E-02  -4.1446E-01   7.1799E-01   7.1826E-01  -8.7142E-01  -8.7193E-01
  -7.3790E-02  -7.5344E-02  -9.0674E-01  -9.0809E-01  -1.3664E+00  -1.3300E+00
  -3.7774E-01  -3.7665E-01  -9.5274E-01  -9.5383E-01  -9.1452E-01  -9.1771E-01
  -3.0519E-01  -3.0624E-01  -8.1676E-01  -8.1718E-01  -3.7475E-01  -3.7594E-01
  -8.4267E-01  -8.4361E-01  -8.6666E-01  -8.6682E-01  -4.0006E-01  -4.0106E-01
  -7.7029E-01  -7.6855E-01  -2.9875E-01   1.8519E-02   1.6061E-02  -3.0911E-01
  -3.0852E-01  -8.5516E-01  -8.5612E-01  -2.7627E-01  -3.1483E-01  -2.9905E-01
  -2.9828E-01  -8.0714E-01  -8.0729E-01  -3.0985E-01  -5.2426E+00   4.3877E+00
   1.0085E+01  -8.8611E+00   4.2367E+00  -3.8129E+00  -5.3414E+00   4.2643E+00
   1.2806E+00  -1.1269E+00   4.1619E+00  -3.6704E+00  -5.9188E-01   2.8184E-01
  -1.6355E+00   1.6907E+00  -1.5597E+00   1.8677E+00  -5.1449E+00   4.7148E+00
  -3.4216E+00   3.1545E+00  -3.7843E-01   4.6288E-01   7.3983E+00  -6.0750E+00
  -4.2520E-01   4.7668E-01   4.3081E+00  -3.4753E+00  -4.7018E-01   3.5445E-01
   1.3863E+00  -9.4877E-01   7.3155E+00  -6.1811E+00  -3.2692E+00   3.3359E+00
  -1.4784E+00   1.8936E+00  -5.2433E+00   4.4750E+00   1.5995E+00  -7.2777E-01
  -3.2347E+00   3.3077E+00   2.7249E+00  -1.8161E+00   4.6846E+00  -3.3181E+00
   4.6694E+00  -3.3400E+00  -3.1162E+00   3.4925E+00   2.7664E+00  -1.8138E+00
   2.7501E+00  -1.8351E+00  -3.1490E+00   3.4545E+00  -5.4575E-02   8.7243E-01
  -3.0989E+00   3.4739E+00  -4.2036E-02   8.8621E-01  -1.2374E-02   8.7859E-01
  -3.0819E+00   3.4840E+00   1.5521E+00  -7.7588E-01  -4.7839E+00   5.0820E+00
  -3.2849E+00   3.2721E+00  -4.7593E+00   5.0678E+00  -1.6392E-02   8.7257E-01
  -4.7914E+00   5.0689E+00  -4.7388E+00   5.0536E+00  -4.7633E+00   5.0619E+00
   2.6800E+00  -1.8675E+00  -4.7410E+00   5.0492E+00
  > Energy =  -6.886234514341E+02 +/-   2.831029355044E-04
  > varE =   8.042939048897E-03

VMC #8:
* Size of Hilbert space =   2.3639E+09
* Number of equil. steps   = 1000
* Running VMC equilibration.
  Done. [total walltime: 0.01s]
* Equil. acc.ratio (%)     =  17.6318
* Sample config after equilibration:
  +-------+
  |  d u  |
  |u     d|
  |  u 0  |
  |d     2|
  |  0 2  |
  |2     u|
  |  0 d  |
  |u     u|
  |  d d  |
  +-------+
* Number of accum. steps   = 501760 x 10
* Running VMC accumulation.
  Done. [total walltime: 19.9s]
* Acceptance ratio (%)     =  17.5999
* Etot/t                   =  -6.886231733160E+02 +/-   1.273765569237E-04
  > Ttot/t                 =  -5.654330916959E+01 +/-   8.029119047376E-04
  > Utot/t                 =   2.438697313619E+01 +/-   7.937779127190E-04
* var[Eloc/t]              =   7.955153132229E-03 +/-   4.797561948977E-05
* Correlation length       =   1.023355442330E+00
* log10 Psi^2 range: 14.531418588598051 -- 25.291755939426050
* log10 Pgen range : 14.531418588598051 -- 25.291755939426050
* Site occupation (ave. no. electrons per config.):
  > Site_  ___eu____  ___ed____
      1        0.500      0.500
      2        0.497      0.497
      3        0.499      0.496
      4        0.502      0.504
      5        0.502      0.504
      6        0.500      0.498
      7        0.500      0.496
      8        0.494      0.497
      9        0.502      0.505
     10        0.503      0.501
     11        0.496      0.498
     12        0.500      0.498
     13        0.497      0.500
     14        0.504      0.502
     15        0.502      0.501
     16        0.502      0.503
     17        0.496      0.498
     18        0.503      0.502
* Pair-correlation analysis (ave. no. pairs per config.):
  > Shell  nsite  ___dh____  __eueu___  __eued___
      0      1        0          0          3.216
      1      0        0.938      0.537      2.549
      2      0        0.151      0.340      0.533
      3      0        0.283      0.700      1.051
      4      0        0.249      0.759      1.056
      5      0        0.742      0.967      2.339
      6      0        0.611      1.284      2.199
      7      0        0.483      1.530      2.067
      8      0        0.123      1.041      0.977
      9      0        0.155      0.836      1.128
     10      0        0.152      0.859      1.072
     11      0        0.242      2.063      1.939
     12      0        0.290      1.893      2.053
     13      0        0.328      1.858      2.053
     14      0        0.254      2.040      1.942
     15      0        0.257      2.109      1.935
     16      0        0.248      2.092      1.942
     17      0        0.254      2.116      1.910
     18      0        0.286      2.069      1.925
     19      0        0.236      1.971      2.041
     20      0        0.120      0.986      1.036
     21      0        0.221      2.127      1.926
     22      0        0.264      2.038      1.959
     23      0        0.239      2.065      1.979
     24      0        0.264      2.016      1.967
     25      0        0.148      0.962      1.007
     26      0        0.145      1.002      0.973
     27      0        0.236      1.994      2.018
     28      0        0.277      1.954      2.038
     29      0        0.268      2.033      1.978
     30      0        0.238      2.021      1.988
     31      0        0.263      1.965      1.991
     32      0        0.244      1.991      2.043
     33      0        0.261      1.991      1.970
     34      0        0.270      1.973      2.009
     35      0        0.237      2.040      2.003
     36      0        0.276      1.919      2.055
     37      0        0.117      0.991      0.997
     38      0        0.263      1.883      2.115
     39      0        0.236      2.009      1.999
     40      0        0.262      2.012      1.984
     41      0        0.115      0.998      0.992
     42      0        0.121      1.004      1.013
     43      0        0.235      1.999      2.010
     44      0        0.272      1.951      2.016
     45      0        0.120      1.011      1.006

VDAGGER finished.
Total VDAGGER walltime: 1h26m

Run ended: Sun Nov  9 11:21:33 CET 2025
