Run started: Tue Oct 21 04:39:32 CEST 2025
Using VDAGGER_ARCH = gnu7_fkfamd_cluster
Running 1x128 MPI processes.

                               xx
                              +##
                               #X
                               Xx
                          X##XxXxxX##x
                           +   Xx  ++
                               ##
                              +##
                              +##
     ++++         ++          +##
   xX+++##+      ####         +##
  Xx    ###      +X##          ##
 xX    X##+        ##          #X
 +    x##X         #x          #X
      ###         +#           x+
     X##+         #+
     ###         Xx                    _______
     ##X       +X+   __________________VDAGGER
     +##x    +xX     2nd quantized variational
       +xxxxx+       ______quantum Monte Carlo

* Running 128 MPI processes.
* Input file: "input.casl"

############# Start of input file dump #############
General:
  Random seed: timer

Plan:
  VMC-optimization:
    Minimum cycles: 7
    Convergence cycles: 3

System:
  Read Hamiltonian: FCIDUMP_loc_anthracene
  Read orbitals: LTSC_anthracene
  Complex orbitals: F
  Geometry:
    r_2: [ -6.89057736642100, 1.34708197213400 ]
    r_13: [ -6.89057736642100, -1.34708197213400 ]
    r_8: [ -4.67281867250400, 2.65001080964900 ]
    r_14: [ -4.67281867250400, -2.65001080964900 ]
    r_6: [ -2.30211174438900, 1.35516771450000 ]
    r_1: [ -2.30211174438900, -1.35516771450000 ]
    r_4: [ 0.00000000000000, 2.63879101222700 ]
    r_7: [ 0.00000000000000, -2.63879101222700 ]
    r_11: [ 2.30211174438900, 1.35516771450000 ]
    r_9: [ 2.30211174438900, -1.35516771450000 ]
    r_10: [ 4.67281867250400, 2.65001080964900 ]
    r_5: [ 4.67281867250400, -2.65001080964900 ]
    r_3: [ 6.89057736642100, 1.34708197213400 ]
    r_12: [ 6.89057736642100, -1.34708197213400 ]

VMC:
  nstep: 500000
  nconfig: 100000

Optimization:
  max_niter: 1

Jastrow: wfn.casl
############## End of input file dump ##############

General setup:
* Random seed: 1858752216 (from timer)

* Loaded integrals for system with nelec=14, ms2=0, norb=14
* INFO: setting number of electrons from integrals file.
* Analysis of Hamiltonian connecitivity performed:
  - T_ii (local, 1-site): 14 (i) values
  - U_iiii [opp] (local, 1-site): 14 (i) values
  - U_kkii [opp] (local, 2-site): 182 contribs. from 14 (i) values
  - U_kkii [par] (local, 2-site): 91 contribs. from 13 (i) values
  - T_ji (single, 2-site): 182 contribs. from 14 (i) values
  - U_kkji [opp] (single, 2/3-site): 2548 contribs. from 182 (i,j) pairs
  - U_kkji [par] (single, 3-site): 2366 contribs. from 182 (i,j) pairs
  - U_lkji [opp] (double, 2/3/4-site): 33092 contribs. from 182 (i,j) pairs
  - U_lkji [par] (double, 4-site): 7462 contribs. from 156 (i,j) pairs
  - Max. no. wfn. ratios in Eloc: 4407
* Reading override orbitals from file "LTSC_anthracene".
* Site labels:
  +--------------------+
  |    8          10   |
  |          4         |
  |       6    11      |
  | 2                 3|
  |13                12|
  |       1     9      |
  |          7         |
  |   14           5   |
  +--------------------+
* Automatically set Site kinds:
  [ 1, 2, 2, 3, 4, 1, 3, 4, 1, 4, 1, 2, 2, 4 ]
  +-------------+
  |  4       4  |
  |      3      |
  |    1   1    |
  |2           2|
  |2           2|
  |    1   1    |
  |      3      |
  |  4       4  |
  +-------------+
* Maximum Site kind: 4
* Number of site-pair kinds with Tij=0: 0
* Automatically set Site pair kinds:
  Site 1: [ 0, -10, -21, 12, -31, -2, -4, -11, -14, -17, -9, 22, 13, -5 ]
  Site 2: [ -10, 0, 32, 24, 27, 13, 18, 1, -21, -25, -22, 26, -3, 15 ]
  Site 3: [ -21, 32, 0, -24, 15, 22, -18, 25, -10, -1, -13, -3, 26, 27 ]
  Site 4: [ 12, 24, -24, 0, -16, -4, -7, -6, -12, -6, -4, -18, 18, 16 ]
  Site 5: [ -31, 27, 15, -16, 0, -17, -6, -19, -5, -8, -11, -1, -25, 20 ]
  Site 6: [ -2, 13, 22, -4, -17, 0, 12, 5, 9, -28, 14, -21, -10, 11 ]
  Site 7: [ -4, 18, -18, -7, -6, 12, 0, -16, 4, -16, 12, -23, 23, 6 ]
  Site 8: [ -11, 1, 25, -6, -19, 5, -16, 0, 17, -20, -29, -27, -15, 8 ]
  Site 9: [ -14, -21, -10, -12, -5, 9, 4, 17, 0, 11, 2, 13, 22, -30 ]
  Site 10: [ -17, -25, -1, -6, -8, -28, -16, -20, 11, 0, 5, 15, 27, 19 ]
  Site 11: [ -9, -22, -13, -4, -11, 14, 12, -29, 2, 5, 0, 10, 21, 17 ]
  Site 12: [ 22, 26, -3, -18, -1, -21, -23, -27, 13, 15, 10, 0, 32, -25 ]
  Site 13: [ 13, -3, 26, 18, -25, -10, 23, -15, 22, 27, 21, 32, 0, -1 ]
  Site 14: [ -5, 15, 27, 16, 20, 11, 6, 8, -30, 19, 17, -25, -1, 0 ]
  For site 1 of kind 1:
  +---------------------------+
  |    -11             -17    |
  |             12            |
  |         -2      -9        |
  |-10                     -21|
  | 13                      22|
  |          0     -14        |
  |             -4            |
  |     -5             -31    |
  +---------------------------+
  For site 2 of kind 2:
  +---------------------------+
  |      1             -25    |
  |             24            |
  |         13     -22        |
  |  0                      32|
  | -3                      26|
  |        -10     -21        |
  |             18            |
  |     15              27    |
  +---------------------------+
  For site 4 of kind 3:
  +---------------------------+
  |     -6              -6    |
  |              0            |
  |         -4      -4        |
  | 24                     -24|
  | 18                     -18|
  |         12     -12        |
  |             -7            |
  |     16             -16    |
  +---------------------------+
  For site 5 of kind 4:
  +---------------------------+
  |    -19              -8    |
  |            -16            |
  |        -17     -11        |
  | 27                      15|
  |-25                      -1|
  |        -31      -5        |
  |             -6            |
  |     20               0    |
  +---------------------------+
* Maximum (unsigned) Site pair kind: 32
General system setup:
* Number of sites       : 14
* Number of electrons   : 14
* Spin imbalance MS2    : 0
* Filling               : 0.500000
* Number of orbitals in pool: 14
* Using real-valued orbitals
* Using double-precision arithmetic for orbitals

Trial wave function setup:
* Jastrow parameter file: "wfn.casl"
* Not using multideterminants
* Not using a backflow transformation
* Not using wave function manipulation

VMC #1:
* Size of Hilbert space =   1.1779E+07
* Number of equil. steps   = 1000
* Running VMC equilibration.
  Done. [total walltime: 0.01s]
* Equil. acc.ratio (%)     =  21.6407
* Sample config after equilibration:
  +-------------+
  |  u       d  |
  |      u      |
  |    d   2    |
  |d           u|
  |d           0|
  |    d   u    |
  |      u      |
  |  u       d  |
  +-------------+
* Number of accum. steps   = 500480 x 10
* Running VMC accumulation.
  Done. [total walltime: 35.2s]
* Acceptance ratio (%)     =  21.6252
* Etot/t                   =  -5.359830297839E+02 +/-   1.239714020604E-04
  > Ttot/t                 =  -3.900883609079E+01 +/-   6.916523268218E-04
  > Utot/t                 =   1.649243984488E+01 +/-   6.835451778095E-04
* var[Eloc/t]              =   7.889758379223E-03 +/-   5.957486909621E-05
* Correlation length       =   9.749134220338E-01
* log10 Psi^2 range: -18.530249370991672 -- -10.180007565522878
* log10 Pgen range : -18.530249370991672 -- -10.180007565522878
* Site occupation (ave. no. electrons per config.):
  > Site_  ___eu____  ___ed____
      1        0.498      0.497
      2        0.500      0.499
      3        0.500      0.503
      4        0.503      0.504
      5        0.501      0.499
      6        0.498      0.496
      7        0.503      0.505
      8        0.501      0.501
      9        0.498      0.495
     10        0.500      0.499
     11        0.497      0.498
     12        0.499      0.501
     13        0.503      0.502
     14        0.499      0.501
* Pair-correlation analysis (ave. no. pairs per config.):
  > Shell  nsite  ___dh____  __eueu___  __eued___
      0      1        0          0          2.496
      1      1        0.906      0.595      2.527
      2      1        0.307      0.654      1.073
      3      1        0.260      0.720      1.071
      4      1        0.684      1.115      2.270
      5      1        0.507      1.488      2.094
      6      1        0.246      2.062      1.951
      7      1        0.078      0.420      0.563
      8      1        0.152      0.853      1.087
      9      1        0.164      0.916      1.033
     10      1        0.301      1.863      2.067
     11      1        0.253      2.064      1.942
     12      1        0.260      2.116      1.915
     13      1        0.248      2.094      1.939
     14      1        0.143      1.037      0.957
     15      1        0.225      2.138      1.909
     16      1        0.236      1.989      2.048
     17      1        0.271      2.006      1.959
     18      1        0.247      2.047      1.981
     19      1        0.117      0.998      1.003
     20      1        0.119      1.001      0.995
     21      1        0.280      1.940      2.020
     22      1        0.283      2.002      1.950
     23      1        0.122      0.963      1.054
     24      1        0.124      0.960      1.051
     25      1        0.237      1.994      2.014
     26      1        0.124      0.992      1.010
     27      1        0.239      2.011      1.995
     28      1        0.065      0.487      0.506
     29      1        0.064      0.490      0.512
     30      1        0.064      0.489      0.508
     31      1        0.065      0.490      0.508
     32      1        0.122      1.008      0.996

Optimization #1:
* Method          : lls
* Target function : energy
* No. of configs. : 100096
* No. of params.  : 115
* Before optimization:
  -2.7548E+00  -2.7516E+00  -2.7093E+00  -2.7291E+00   6.3119E-01   6.1756E-01
   4.1203E-01   7.9740E-01   5.3697E-01   5.1104E-01   5.5874E-01   5.4565E-01
   2.3387E-01   2.4028E-01   5.8025E-02   8.8933E-02   1.4576E-02   9.7198E-02
   9.9702E-02   1.4881E-01   1.4397E-01   1.5130E-01   1.3967E-01   2.1498E-01
   2.1628E-01   1.1845E-01   3.5029E-01   3.4273E-01   0.0000E+00   0.0000E+00
   0.0000E+00   0.0000E+00   0.0000E+00   0.0000E+00   0.0000E+00   0.0000E+00
   0.0000E+00   0.0000E+00   0.0000E+00   0.0000E+00   0.0000E+00   0.0000E+00
   0.0000E+00   0.0000E+00   0.0000E+00   0.0000E+00   0.0000E+00   0.0000E+00
   0.0000E+00   0.0000E+00   0.0000E+00   0.0000E+00   0.0000E+00   0.0000E+00
   0.0000E+00  -1.8713E-01  -2.7876E-01  -1.6146E-01  -1.6979E-01  -2.7144E-01
  -3.2422E-01  -1.8621E-01  -2.6675E-01  -2.2985E-01  -2.4383E-01  -1.2241E-01
  -1.4884E-01  -5.7818E-02  -3.2269E-02  -9.4675E-02  -3.0010E-02  -2.3402E-03
  -8.9761E-04  -5.4995E-02  -2.6532E-02  -9.3262E-02  -7.0366E-02  -6.8895E-02
  -9.5136E-02  -1.2302E-01  -1.2494E-01  -5.4075E-02  -8.2164E-02  -1.9598E-01
  -2.0799E-01   0.0000E+00   0.0000E+00   0.0000E+00   0.0000E+00   0.0000E+00
   0.0000E+00   0.0000E+00   0.0000E+00   0.0000E+00   0.0000E+00   0.0000E+00
   0.0000E+00   0.0000E+00   0.0000E+00   0.0000E+00   0.0000E+00   0.0000E+00
   0.0000E+00   0.0000E+00   0.0000E+00   0.0000E+00   0.0000E+00   0.0000E+00
   0.0000E+00   0.0000E+00   0.0000E+00   0.0000E+00   0.0000E+00   0.0000E+00
   0.0000E+00
  > E    =  -5.359827282002E+02 +/-   2.805297843486E-04
  > varE =   7.877250898820E-03
* Computing derivatives.
    [walltime: 1m elapsed, 4m3s remaining]
  Done. [total walltime: 4m55s]
* Optimizing manipulation constant:
  #igrid a___________ E____________________________________ varE____________
     1     Infinity    -5.35982728E+02 +/-   2.80529784E-04   7.87725090E-03
     2     1.0000E+06  -5.35982728E+02 +/-   2.80529721E-04   7.87724733E-03
     3     2.1544E+05  -5.35982728E+02 +/-   2.80529489E-04   7.87723432E-03
     4     4.6416E+04  -5.35982728E+02 +/-   2.80528414E-04   7.87717395E-03
     5     1.0000E+04  -5.35982729E+02 +/-   2.80523425E-04   7.87689374E-03
     6     2.1544E+03  -5.35982730E+02 +/-   2.80500274E-04   7.87559372E-03
     7     4.6416E+02  -5.35982738E+02 +/-   2.80393009E-04   7.86957150E-03
     8     1.0000E+02  -5.35982771E+02 +/-   2.79899145E-04   7.84187412E-03
     9     2.1544E+01  -5.35982920E+02 +/-   2.77689994E-04   7.71857599E-03
    10     4.6416E+00  -5.35983484E+02 +/-   2.69040051E-04   7.24520363E-03
    11     1.0000E+00  -5.35984061E+02 +/-   2.60997881E-04   6.81852890E-03
    12     2.1544E-01  -5.35970078E+02 +/-   4.57898669E-04   2.09872475E-02
    13     4.6416E-02  -5.35474661E+02 +/-   1.82874568E-03   3.34752132E-01
    14     1.0000E-02  -5.35266583E+02 +/-   2.05852746E-03   4.24160333E-01
    15     2.1544E-03  -5.35226401E+02 +/-   2.09712867E-03   4.40217067E-01
    16     4.6416E-04  -5.35217951E+02 +/-   2.10511705E-03   4.43577205E-01
    17     1.0000E-04  -5.35216140E+02 +/-   2.10682412E-03   4.44296904E-01
    18     2.1544E-05  -5.35215750E+02 +/-   2.10719126E-03   4.44451766E-01
    19     4.6416E-06  -5.35215666E+02 +/-   2.10727033E-03   4.44485121E-01
    20     1.0000E-06  -5.35215648E+02 +/-   2.10728736E-03   4.44492307E-01
    21     0.0000E+00  -5.35215643E+02 +/-   2.10729204E-03   4.44494280E-01
  ParMin   2.0274E+00  -5.35984034E+02 +/-   2.60207424E-04   6.77729032E-03
  # Using grid point #11
* Iteration # 1: E =  -5.359840607090E+02 +/-   2.609978810759E-04
* Reached maximum number of iterations: exiting.
* After optimization:
  -3.1997E+00  -3.2037E+00  -3.1728E+00  -3.1858E+00   7.1305E-01   7.0508E-01
   4.7934E-01   8.9563E-01   5.7058E-01   5.5449E-01   6.4318E-01   6.3748E-01
   2.9449E-01   2.9652E-01   6.1982E-02   1.6364E-01   2.2352E-02   1.8070E-01
   1.8395E-01   2.2770E-01   2.2667E-01   1.8008E-01   1.7359E-01   3.1190E-01
   3.1112E-01   1.4407E-01   4.3103E-01   4.2747E-01   3.4123E-02   3.5372E-02
  -3.2107E-02  -5.3809E-02   2.5146E-02   2.4384E-02  -2.8197E-02   1.9537E-03
  -5.2193E-02  -5.1186E-02  -6.9916E-02  -3.7004E-02   8.7014E-02   6.1297E-02
   6.8075E-02   9.7183E-02  -9.6083E-03  -8.3003E-03  -3.0745E-02  -2.5975E-02
  -2.3771E-02   1.1764E-02   7.3644E-03   7.1297E-03   5.6718E-03   5.7863E-03
   1.5024E-02  -2.1683E-01  -3.3175E-01  -2.1683E-01  -2.0665E-01  -3.2057E-01
  -3.8765E-01  -2.1320E-01  -2.6629E-01  -2.7227E-01  -2.9405E-01  -1.4944E-01
  -1.7359E-01  -7.0294E-02  -7.3115E-03  -1.1292E-01  -7.8659E-02  -2.0034E-02
   3.5079E-03  -9.9133E-02  -7.2618E-02  -1.2766E-01  -1.1336E-01  -9.8664E-02
  -9.4846E-02  -1.7204E-01  -1.7437E-01  -8.2595E-02  -8.9184E-02  -2.2524E-01
  -2.5864E-01  -1.8327E-02  -1.5401E-02   1.5665E-02   2.2914E-02  -2.5746E-02
  -1.0538E-02   4.2894E-02   1.0873E-02   2.4577E-03  -2.6589E-02   1.9798E-02
   3.4628E-02   1.1282E-02   2.2157E-02  -5.8371E-02  -4.1557E-02  -3.4052E-02
  -2.1508E-02   9.1435E-03   1.1882E-03   8.7434E-03   2.3192E-02   1.5918E-02
   9.0260E-03   3.4948E-04  -1.0471E-04  -3.5108E-04  -4.7530E-05  -5.6275E-04
  -1.5722E-03
  > Energy =  -5.359840607090E+02 +/-   2.609978810759E-04
  > varE =   6.818528902429E-03

VMC #2:
* Size of Hilbert space =   1.1779E+07
* Number of equil. steps   = 1000
* Running VMC equilibration.
  Done. [total walltime: 0.01s]
* Equil. acc.ratio (%)     =  21.6037
* Sample config after equilibration:
  +-------------+
  |  d       u  |
  |      u      |
  |    d   u    |
  |2           d|
  |u           d|
  |    u   2    |
  |      d      |
  |  0       0  |
  +-------------+
* Number of accum. steps   = 500480 x 10
* Running VMC accumulation.
  Done. [total walltime: 34.5s]
* Acceptance ratio (%)     =  21.5969
* Etot/t                   =  -5.359842192240E+02 +/-   1.162603829118E-04
  > Ttot/t                 =  -3.900953413042E+01 +/-   6.836964751031E-04
  > Utot/t                 =   1.649194844443E+01 +/-   6.802886904236E-04
* var[Eloc/t]              =   6.741055124239E-03 +/-   3.617717598033E-05
* Correlation length       =   1.003511483219E+00
* log10 Psi^2 range: -18.898321153165135 -- -11.482134196691435
* log10 Pgen range : -18.898321153165135 -- -11.482134196691435
* Site occupation (ave. no. electrons per config.):
  > Site_  ___eu____  ___ed____
      1        0.500      0.498
      2        0.501      0.500
      3        0.501      0.501
      4        0.508      0.506
      5        0.501      0.500
      6        0.493      0.497
      7        0.503      0.502
      8        0.499      0.499
      9        0.494      0.498
     10        0.499      0.500
     11        0.497      0.497
     12        0.502      0.501
     13        0.502      0.501
     14        0.499      0.500
* Pair-correlation analysis (ave. no. pairs per config.):
  > Shell  nsite  ___dh____  __eueu___  __eued___
      0      1        0          0          2.499
      1      1        0.905      0.592      2.527
      2      1        0.302      0.655      1.076
      3      1        0.265      0.720      1.066
      4      1        0.700      1.118      2.258
      5      1        0.504      1.477      2.098
      6      1        0.247      2.073      1.956
      7      1        0.081      0.425      0.565
      8      1        0.148      0.853      1.088
      9      1        0.167      0.913      1.029
     10      1        0.301      1.863      2.063
     11      1        0.253      2.059      1.936
     12      1        0.268      2.119      1.918
     13      1        0.249      2.099      1.935
     14      1        0.138      1.037      0.963
     15      1        0.222      2.137      1.911
     16      1        0.240      1.991      2.048
     17      1        0.262      2.006      1.964
     18      1        0.248      2.056      1.992
     19      1        0.116      0.999      0.997
     20      1        0.112      1.006      0.995
     21      1        0.284      1.935      2.018
     22      1        0.266      2.022      1.959
     23      1        0.133      0.951      1.051
     24      1        0.133      0.961      1.053
     25      1        0.239      1.983      2.013
     26      1        0.123      0.994      1.011
     27      1        0.237      2.008      1.996
     28      1        0.065      0.484      0.503
     29      1        0.065      0.486      0.505
     30      1        0.067      0.483      0.506
     31      1        0.066      0.487      0.509
     32      1        0.124      1.008      0.994

Optimization #2:
* Method          : lls
* Target function : energy
* No. of configs. : 100096
* No. of params.  : 115
* Before optimization:
  -3.1997E+00  -3.2037E+00  -3.1728E+00  -3.1858E+00   7.1305E-01   7.0508E-01
   4.7934E-01   8.9563E-01   5.7058E-01   5.5449E-01   6.4318E-01   6.3748E-01
   2.9449E-01   2.9652E-01   6.1982E-02   1.6364E-01   2.2352E-02   1.8070E-01
   1.8395E-01   2.2770E-01   2.2667E-01   1.8008E-01   1.7359E-01   3.1190E-01
   3.1112E-01   1.4407E-01   4.3103E-01   4.2747E-01   3.4123E-02   3.5372E-02
  -3.2107E-02  -5.3809E-02   2.5146E-02   2.4384E-02  -2.8197E-02   1.9537E-03
  -5.2193E-02  -5.1186E-02  -6.9916E-02  -3.7004E-02   8.7014E-02   6.1297E-02
   6.8075E-02   9.7183E-02  -9.6083E-03  -8.3003E-03  -3.0745E-02  -2.5975E-02
  -2.3771E-02   1.1764E-02   7.3644E-03   7.1297E-03   5.6718E-03   5.7863E-03
   1.5024E-02  -2.1683E-01  -3.3175E-01  -2.1683E-01  -2.0665E-01  -3.2057E-01
  -3.8765E-01  -2.1320E-01  -2.6629E-01  -2.7227E-01  -2.9405E-01  -1.4944E-01
  -1.7359E-01  -7.0294E-02  -7.3115E-03  -1.1292E-01  -7.8659E-02  -2.0034E-02
   3.5079E-03  -9.9133E-02  -7.2618E-02  -1.2766E-01  -1.1336E-01  -9.8664E-02
  -9.4846E-02  -1.7204E-01  -1.7437E-01  -8.2595E-02  -8.9184E-02  -2.2524E-01
  -2.5864E-01  -1.8327E-02  -1.5401E-02   1.5665E-02   2.2914E-02  -2.5746E-02
  -1.0538E-02   4.2894E-02   1.0873E-02   2.4577E-03  -2.6589E-02   1.9798E-02
   3.4628E-02   1.1282E-02   2.2157E-02  -5.8371E-02  -4.1557E-02  -3.4052E-02
  -2.1508E-02   9.1435E-03   1.1882E-03   8.7434E-03   2.3192E-02   1.5918E-02
   9.0260E-03   3.4948E-04  -1.0471E-04  -3.5108E-04  -4.7530E-05  -5.6275E-04
  -1.5722E-03
  > E    =  -5.359843004749E+02 +/-   2.589227726176E-04
  > varE =   6.710536154210E-03
* Computing derivatives.
    [walltime: 1m elapsed, 4m remaining]
  Done. [total walltime: 4m56s]
* Optimizing manipulation constant:
  #igrid a___________ E____________________________________ varE____________
     1     Infinity    -5.35984300E+02 +/-   2.58922773E-04   6.71053615E-03
     2     1.0000E+06  -5.35984300E+02 +/-   2.58922732E-04   6.71053406E-03
     3     2.1544E+05  -5.35984300E+02 +/-   2.58922585E-04   6.71052642E-03
     4     4.6416E+04  -5.35984301E+02 +/-   2.58921901E-04   6.71049096E-03
     5     1.0000E+04  -5.35984301E+02 +/-   2.58918727E-04   6.71032643E-03
     6     2.1544E+03  -5.35984302E+02 +/-   2.58904017E-04   6.70956401E-03
     7     4.6416E+02  -5.35984306E+02 +/-   2.58836242E-04   6.70605167E-03
     8     1.0000E+02  -5.35984324E+02 +/-   2.58532407E-04   6.69031710E-03
     9     2.1544E+01  -5.35984403E+02 +/-   2.57363758E-04   6.62996906E-03
    10     4.6416E+00  -5.35984081E+02 +/-   2.63197912E-04   6.93396431E-03
    11     1.0000E+00  -5.35621867E+02 +/-   1.33988436E-03   1.79701357E-01
    12     2.1544E-01  -5.34362748E+02 +/-   2.37811349E-03   5.66085300E-01
    13     4.6416E-02  -5.34348819E+02 +/-   2.42764905E-03   5.89913766E-01
    14     1.0000E-02  -5.34334721E+02 +/-   4.42958543E-03   1.96400635E+00
    15     2.1544E-03  -5.34333495E+02 +/-   4.43085785E-03   1.96513485E+00
    16     4.6416E-04  -5.34333281E+02 +/-   4.43107634E-03   1.96532866E+00
    17     1.0000E-04  -5.34333238E+02 +/-   4.43112088E-03   1.96536817E+00
    18     2.1544E-05  -5.34333228E+02 +/-   4.43113036E-03   1.96537658E+00
    19     4.6416E-06  -5.34333226E+02 +/-   4.43113239E-03   1.96537838E+00
    20     1.0000E-06  -5.34333226E+02 +/-   4.43113283E-03   1.96537877E+00
    21     0.0000E+00  -5.34333226E+02 +/-   4.43113295E-03   1.96537888E+00
  ParMin   3.4367E+01  -5.35984367E+02 +/-   2.57867767E-04   6.65596214E-03
  # Using grid point #9
* Iteration # 1: E =  -5.359844031859E+02 +/-   2.573637580383E-04
* Reached maximum number of iterations: exiting.
* After optimization:
  -3.6488E+00  -3.6526E+00  -3.6228E+00  -3.6351E+00   7.9116E-01   7.8355E-01
   3.3606E-01   9.0091E-01   7.1064E-01   6.9497E-01   6.4787E-01   6.4217E-01
   5.8272E-01   5.8464E-01   4.8603E-01   3.1467E-01  -1.2384E-01   1.1160E-01
   1.1485E-01   2.3187E-01   2.3090E-01   3.1978E-01   3.1355E-01   2.4346E-01
   2.4289E-01  -1.2363E-03   5.0914E-01   5.0566E-01   3.2094E-01   3.2226E-01
  -3.3717E-02  -5.4145E-02   2.3807E-01   2.3748E-01   1.1792E-01   1.4939E-01
  -1.2815E-01  -1.2711E-01  -1.4356E-01  -1.1250E-01   3.0129E-01   2.7655E-01
   2.8252E-01   3.1061E-01   6.3767E-02   6.4935E-02  -3.1029E-02   4.6551E-02
   4.8494E-02   1.1845E-02   7.7498E-03   7.4610E-03   6.2343E-03   6.2116E-03
   1.4957E-02  -7.3279E-01   1.0674E-01   8.0972E-01  -1.0907E+00  -3.2329E-01
  -3.9108E-01  -1.1805E+00   5.6127E-01  -2.7450E-01  -2.9666E-01  -2.1446E+00
   1.5342E+00  -3.0316E+00   2.5306E+00  -1.1435E+00   8.0112E-01   1.0084E+00
  -8.7917E-01   4.1286E-01  -5.1610E-01  -1.2948E-01  -1.1563E-01  -1.0660E+00
   7.3234E-01   3.3979E-01  -6.1818E-01   9.4531E-01  -9.7200E-01  -7.4178E-01
   1.7967E-01  -2.0149E+00   1.6936E+00   1.6234E-02   2.3374E-02  -1.5062E+00
   1.2577E+00  -9.8620E-01   8.9239E-01  -1.0259E+00   8.5617E-01   5.3526E-01
  -4.0498E-01   5.2686E-01  -4.1739E-01  -1.5395E+00   1.2264E+00  -1.5162E+00
   1.2460E+00  -5.0521E-01   4.4215E-01   9.1674E-03   2.3365E-02  -4.9805E-01
   4.5023E-01   2.6559E-04  -2.4486E-04  -3.8910E-04  -1.2278E-04  -6.2642E-04
  -1.6559E-03
  > Energy =  -5.359844031859E+02 +/-   2.573637580383E-04
  > varE =   6.629969061141E-03

VMC #3:
* Size of Hilbert space =   1.1779E+07
* Number of equil. steps   = 1000
* Running VMC equilibration.
  Done. [total walltime: 0.01s]
* Equil. acc.ratio (%)     =  21.6312
* Sample config after equilibration:
  +-------------+
  |  d       d  |
  |      d      |
  |    0   u    |
  |u           u|
  |2           u|
  |    d   2    |
  |      u      |
  |  0       d  |
  +-------------+
* Number of accum. steps   = 500480 x 10
* Running VMC accumulation.
  Done. [total walltime: 35.2s]
* Acceptance ratio (%)     =  21.5962
* Etot/t                   =  -5.359843315152E+02 +/-   1.152994507350E-04
  > Ttot/t                 =  -3.901015746227E+01 +/-   6.865277486695E-04
  > Utot/t                 =   1.649245948509E+01 +/-   6.809217803551E-04
* var[Eloc/t]              =   6.748300486618E-03 +/-   7.173800648227E-05
* Correlation length       =   9.859316112987E-01
* log10 Psi^2 range: -19.138112449222479 -- -11.549482967066217
* log10 Pgen range : -19.138112449222479 -- -11.549482967066217
* Site occupation (ave. no. electrons per config.):
  > Site_  ___eu____  ___ed____
      1        0.500      0.498
      2        0.501      0.497
      3        0.497      0.500
      4        0.506      0.508
      5        0.501      0.498
      6        0.497      0.495
      7        0.502      0.504
      8        0.498      0.502
      9        0.496      0.497
     10        0.501      0.500
     11        0.497      0.496
     12        0.502      0.501
     13        0.502      0.504
     14        0.498      0.500
* Pair-correlation analysis (ave. no. pairs per config.):
  > Shell  nsite  ___dh____  __eueu___  __eued___
      0      1        0          0          2.505
      1      1        0.901      0.596      2.525
      2      1        0.308      0.656      1.072
      3      1        0.264      0.718      1.065
      4      1        0.701      1.123      2.257
      5      1        0.504      1.482      2.100
      6      1        0.248      2.070      1.957
      7      1        0.084      0.423      0.565
      8      1        0.149      0.853      1.088
      9      1        0.168      0.914      1.030
     10      1        0.300      1.864      2.063
     11      1        0.253      2.062      1.938
     12      1        0.267      2.122      1.925
     13      1        0.252      2.092      1.934
     14      1        0.141      1.035      0.964
     15      1        0.226      2.131      1.908
     16      1        0.244      1.993      2.044
     17      1        0.259      2.009      1.973
     18      1        0.249      2.054      1.990
     19      1        0.116      1.000      0.997
     20      1        0.114      1.005      0.993
     21      1        0.285      1.936      2.013
     22      1        0.268      2.020      1.960
     23      1        0.134      0.954      1.050
     24      1        0.132      0.957      1.050
     25      1        0.237      1.982      2.015
     26      1        0.123      0.992      1.009
     27      1        0.237      2.005      1.995
     28      1        0.066      0.486      0.506
     29      1        0.067      0.487      0.502
     30      1        0.068      0.484      0.505
     31      1        0.066      0.488      0.508
     32      1        0.123      1.008      0.992

Optimization #3:
* Method          : lls
* Target function : energy
* No. of configs. : 100096
* No. of params.  : 115
* Before optimization:
  -3.6488E+00  -3.6526E+00  -3.6228E+00  -3.6351E+00   7.9116E-01   7.8355E-01
   3.3606E-01   9.0091E-01   7.1064E-01   6.9497E-01   6.4787E-01   6.4217E-01
   5.8272E-01   5.8464E-01   4.8603E-01   3.1467E-01  -1.2384E-01   1.1160E-01
   1.1485E-01   2.3187E-01   2.3090E-01   3.1978E-01   3.1355E-01   2.4346E-01
   2.4289E-01  -1.2363E-03   5.0914E-01   5.0566E-01   3.2094E-01   3.2226E-01
  -3.3717E-02  -5.4145E-02   2.3807E-01   2.3748E-01   1.1792E-01   1.4939E-01
  -1.2815E-01  -1.2711E-01  -1.4356E-01  -1.1250E-01   3.0129E-01   2.7655E-01
   2.8252E-01   3.1061E-01   6.3767E-02   6.4935E-02  -3.1029E-02   4.6551E-02
   4.8494E-02   1.1845E-02   7.7498E-03   7.4610E-03   6.2343E-03   6.2116E-03
   1.4957E-02  -7.3279E-01   1.0674E-01   8.0972E-01  -1.0907E+00  -3.2329E-01
  -3.9108E-01  -1.1805E+00   5.6127E-01  -2.7450E-01  -2.9666E-01  -2.1446E+00
   1.5342E+00  -3.0316E+00   2.5306E+00  -1.1435E+00   8.0112E-01   1.0084E+00
  -8.7917E-01   4.1286E-01  -5.1610E-01  -1.2948E-01  -1.1563E-01  -1.0660E+00
   7.3234E-01   3.3979E-01  -6.1818E-01   9.4531E-01  -9.7200E-01  -7.4178E-01
   1.7967E-01  -2.0149E+00   1.6936E+00   1.6234E-02   2.3374E-02  -1.5062E+00
   1.2577E+00  -9.8620E-01   8.9239E-01  -1.0259E+00   8.5617E-01   5.3526E-01
  -4.0498E-01   5.2686E-01  -4.1739E-01  -1.5395E+00   1.2264E+00  -1.5162E+00
   1.2460E+00  -5.0521E-01   4.4215E-01   9.1674E-03   2.3365E-02  -4.9805E-01
   4.5023E-01   2.6559E-04  -2.4486E-04  -3.8910E-04  -1.2278E-04  -6.2642E-04
  -1.6559E-03
  > E    =  -5.359847143233E+02 +/-   2.585823481592E-04
  > varE =   6.692902101707E-03
* Computing derivatives.
    [walltime: 1m elapsed, 4m3s remaining]
  Done. [total walltime: 4m57s]
* Optimizing manipulation constant:
  #igrid a___________ E____________________________________ varE____________
     1     Infinity    -5.35984714E+02 +/-   2.58582348E-04   6.69290210E-03
     2     1.0000E+06  -5.35984714E+02 +/-   2.58582310E-04   6.69290011E-03
     3     2.1544E+05  -5.35984714E+02 +/-   2.58582170E-04   6.69289286E-03
     4     4.6416E+04  -5.35984714E+02 +/-   2.58581519E-04   6.69285920E-03
     5     1.0000E+04  -5.35984715E+02 +/-   2.58578502E-04   6.69270299E-03
     6     2.1544E+03  -5.35984715E+02 +/-   2.58564505E-04   6.69197845E-03
     7     4.6416E+02  -5.35984719E+02 +/-   2.58499751E-04   6.68862703E-03
     8     1.0000E+02  -5.35984735E+02 +/-   2.58203720E-04   6.67331634E-03
     9     2.1544E+01  -5.35984806E+02 +/-   2.56921002E-04   6.60717692E-03
    10     4.6416E+00  -5.35985060E+02 +/-   2.52457400E-04   6.37959242E-03
    11     1.0000E+00  -5.35985562E+02 +/-   2.44590594E-04   5.98819903E-03
    12     2.1544E-01  -5.35985877E+02 +/-   2.41095035E-04   5.81826176E-03
    13     4.6416E-02  -5.35985555E+02 +/-   2.44391814E-04   5.97846972E-03
    14     1.0000E-02  -5.35978016E+02 +/-   3.28038747E-04   1.07712724E-02
    15     2.1544E-03  -5.35884287E+02 +/-   8.65264436E-04   7.49401279E-02
    16     4.6416E-04  -5.35434882E+02 +/-   1.82877919E-03   3.34764400E-01
    17     1.0000E-04  -5.35304239E+02 +/-   1.96666122E-03   3.87146939E-01
    18     2.1544E-05  -5.35271345E+02 +/-   1.99532218E-03   3.98513266E-01
    19     4.6416E-06  -5.35264017E+02 +/-   2.00140160E-03   4.00945373E-01
    20     1.0000E-06  -5.35262427E+02 +/-   2.00270639E-03   4.01468329E-01
    21     0.0000E+00  -5.35261989E+02 +/-   2.00306437E-03   4.01611865E-01
* Iteration # 1: E =  -5.359858773161E+02 +/-   2.410950349372E-04
* Reached maximum number of iterations: exiting.
* After optimization:
  -2.7647E+00  -2.7647E+00  -2.7539E+00  -2.7585E+00  -7.8966E-01  -7.9195E-01
   3.8397E+00   1.0258E+00   1.6885E+00   1.6802E+00   7.6887E-01   7.6210E-01
  -1.8258E+00  -1.8258E+00  -1.0441E+00  -2.9869E+00   3.2998E+00   1.9273E+00
   1.9305E+00   3.3795E-01   3.3785E-01   1.2890E+00   1.2873E+00   2.0758E+00
   2.0763E+00   3.4392E+00  -1.0809E+00  -1.0817E+00  -2.1167E+00  -2.1172E+00
  -6.5131E-02  -6.7020E-02  -5.0657E-01  -5.0780E-01  -3.3115E+00  -3.2483E+00
   1.5247E+00   1.5256E+00   1.5505E+00   1.5548E+00  -4.1895E-01  -4.2442E-01
  -4.2418E-01  -4.1992E-01  -1.6434E+00  -1.6433E+00  -3.9066E-02  -1.6803E+00
  -1.6819E+00   1.4354E-02   1.4339E-02   1.5940E-02   1.3504E-02   1.2047E-02
   1.7559E-02   1.1147E+01  -1.0188E+01  -2.3094E+01   1.9298E+01  -3.7552E-01
  -4.7805E-01  -7.6743E+00   6.0782E+00  -3.2796E-01  -3.6429E-01   1.5209E+01
  -1.3405E+01   7.8824E+00  -6.8421E+00   2.2672E+01  -1.9702E+01  -2.2853E+01
   1.9556E+01  -1.1559E+01   9.6367E+00  -1.7373E-01  -1.7665E-01  -7.5562E+00
   6.2516E+00  -1.1645E+01   9.5278E+00  -2.2925E+01   1.9456E+01   1.1139E+01
  -1.0114E+01   1.5354E+01  -1.3238E+01   3.0788E-02   3.3122E-02   3.9513E+00
  -3.4445E+00   2.2859E+01  -1.9549E+01   2.2823E+01  -1.9583E+01  -1.1367E+01
   9.8443E+00  -1.1380E+01   9.8223E+00   3.9068E+00  -3.4809E+00   3.9100E+00
  -3.4770E+00   1.1423E+01  -9.7767E+00   1.7497E-02   2.6838E-02   1.1440E+01
  -9.7584E+00  -9.9959E-04  -3.4184E-03  -1.3519E-03  -3.6678E-03  -4.6203E-04
  -4.6186E-03
  > Energy =  -5.359858773161E+02 +/-   2.410950349372E-04
  > varE =   5.818261761459E-03

VMC #4:
* Size of Hilbert space =   1.1779E+07
* Number of equil. steps   = 1000
* Running VMC equilibration.
  Done. [total walltime: 0.01s]
* Equil. acc.ratio (%)     =  21.3761
* Sample config after equilibration:
  +-------------+
  |  u       d  |
  |      2      |
  |    0   d    |
  |d           u|
  |2           2|
  |    2   0    |
  |      u      |
  |  0       0  |
  +-------------+
* Number of accum. steps   = 500480 x 10
* Running VMC accumulation.
  Done. [total walltime: 33.8s]
* Acceptance ratio (%)     =  21.3360
* Etot/t                   =  -5.359855950965E+02 +/-   1.078554475178E-04
  > Ttot/t                 =  -3.900979787360E+01 +/-   6.735659642935E-04
  > Utot/t                 =   1.649083631504E+01 +/-   6.687363998261E-04
* var[Eloc/t]              =   5.855825595323E-03 +/-   3.948843958658E-05
* Correlation length       =   9.942206146142E-01
* log10 Psi^2 range: -21.206176706900397 -- -13.453006505335019
* log10 Pgen range : -21.206176706900397 -- -13.453006505335019
* Site occupation (ave. no. electrons per config.):
  > Site_  ___eu____  ___ed____
      1        0.498      0.495
      2        0.503      0.501
      3        0.504      0.497
      4        0.500      0.501
      5        0.501      0.499
      6        0.500      0.501
      7        0.504      0.507
      8        0.499      0.500
      9        0.496      0.496
     10        0.497      0.504
     11        0.498      0.497
     12        0.500      0.502
     13        0.502      0.500
     14        0.498      0.499
* Pair-correlation analysis (ave. no. pairs per config.):
  > Shell  nsite  ___dh____  __eueu___  __eued___
      0      1        0          0          2.498
      1      1        0.908      0.594      2.524
      2      1        0.304      0.657      1.077
      3      1        0.263      0.725      1.064
      4      1        0.687      1.115      2.268
      5      1        0.508      1.483      2.097
      6      1        0.246      2.060      1.949
      7      1        0.080      0.420      0.561
      8      1        0.150      0.859      1.083
      9      1        0.165      0.916      1.034
     10      1        0.302      1.864      2.065
     11      1        0.253      2.065      1.939
     12      1        0.263      2.116      1.915
     13      1        0.249      2.096      1.940
     14      1        0.141      1.041      0.959
     15      1        0.226      2.127      1.918
     16      1        0.239      1.979      2.042
     17      1        0.261      2.016      1.967
     18      1        0.243      2.057      1.979
     19      1        0.117      0.997      1.000
     20      1        0.116      1.005      0.993
     21      1        0.281      1.937      2.029
     22      1        0.264      2.028      1.970
     23      1        0.131      0.958      1.050
     24      1        0.134      0.945      1.043
     25      1        0.241      1.987      2.012
     26      1        0.122      0.995      1.010
     27      1        0.237      2.008      1.997
     28      1        0.069      0.489      0.508
     29      1        0.069      0.484      0.504
     30      1        0.067      0.484      0.504
     31      1        0.067      0.485      0.505
     32      1        0.125      1.007      0.994

Optimization #4:
* Method          : lls
* Target function : energy
* No. of configs. : 100096
* No. of params.  : 115
* Before optimization:
  -2.7647E+00  -2.7647E+00  -2.7539E+00  -2.7585E+00  -7.8966E-01  -7.9195E-01
   3.8397E+00   1.0258E+00   1.6885E+00   1.6802E+00   7.6887E-01   7.6210E-01
  -1.8258E+00  -1.8258E+00  -1.0441E+00  -2.9869E+00   3.2998E+00   1.9273E+00
   1.9305E+00   3.3795E-01   3.3785E-01   1.2890E+00   1.2873E+00   2.0758E+00
   2.0763E+00   3.4392E+00  -1.0809E+00  -1.0817E+00  -2.1167E+00  -2.1172E+00
  -6.5131E-02  -6.7020E-02  -5.0657E-01  -5.0780E-01  -3.3115E+00  -3.2483E+00
   1.5247E+00   1.5256E+00   1.5505E+00   1.5548E+00  -4.1895E-01  -4.2442E-01
  -4.2418E-01  -4.1992E-01  -1.6434E+00  -1.6433E+00  -3.9066E-02  -1.6803E+00
  -1.6819E+00   1.4354E-02   1.4339E-02   1.5940E-02   1.3504E-02   1.2047E-02
   1.7559E-02   1.1147E+01  -1.0188E+01  -2.3094E+01   1.9298E+01  -3.7552E-01
  -4.7805E-01  -7.6743E+00   6.0782E+00  -3.2796E-01  -3.6429E-01   1.5209E+01
  -1.3405E+01   7.8824E+00  -6.8421E+00   2.2672E+01  -1.9702E+01  -2.2853E+01
   1.9556E+01  -1.1559E+01   9.6367E+00  -1.7373E-01  -1.7665E-01  -7.5562E+00
   6.2516E+00  -1.1645E+01   9.5278E+00  -2.2925E+01   1.9456E+01   1.1139E+01
  -1.0114E+01   1.5354E+01  -1.3238E+01   3.0788E-02   3.3122E-02   3.9513E+00
  -3.4445E+00   2.2859E+01  -1.9549E+01   2.2823E+01  -1.9583E+01  -1.1367E+01
   9.8443E+00  -1.1380E+01   9.8223E+00   3.9068E+00  -3.4809E+00   3.9100E+00
  -3.4770E+00   1.1423E+01  -9.7767E+00   1.7497E-02   2.6838E-02   1.1440E+01
  -9.7584E+00  -9.9959E-04  -3.4184E-03  -1.3519E-03  -3.6678E-03  -4.6203E-04
  -4.6186E-03
  > E    =  -5.359857726133E+02 +/-   2.458657618750E-04
  > varE =   6.050800483632E-03
* Computing derivatives.
    [walltime: 1m elapsed, 3m59s remaining]
  Done. [total walltime: 4m56s]
* Optimizing manipulation constant:
  #igrid a___________ E____________________________________ varE____________
     1     Infinity    -5.35985773E+02 +/-   2.45865762E-04   6.05080048E-03
     2     1.0000E+06  -5.35985773E+02 +/-   2.45865761E-04   6.05080042E-03
     3     2.1544E+05  -5.35985773E+02 +/-   2.45865756E-04   6.05080018E-03
     4     4.6416E+04  -5.35985773E+02 +/-   2.45865733E-04   6.05079905E-03
     5     1.0000E+04  -5.35985773E+02 +/-   2.45865623E-04   6.05079366E-03
     6     2.1544E+03  -5.35985773E+02 +/-   2.45865038E-04   6.05076485E-03
     7     4.6416E+02  -5.35985773E+02 +/-   2.45860672E-04   6.05054996E-03
     8     1.0000E+02  -5.35985773E+02 +/-   2.45805509E-04   6.04783520E-03
     9     2.1544E+01  -5.35985757E+02 +/-   2.45008720E-04   6.00869011E-03
    10     4.6416E+00  -5.35983433E+02 +/-   2.64339314E-04   6.99423534E-03
    11     1.0000E+00  -5.35967648E+02 +/-   4.04165746E-04   1.63506766E-02
    12     2.1544E-01  -5.35934969E+02 +/-   6.11464043E-04   3.74247209E-02
    13     4.6416E-02  -5.34717214E+02 +/-   1.23122850E-03   1.51737890E-01
    14     1.0000E-02  -5.34558780E+02 +/-   1.52256757E-03   2.32043750E-01
    15     2.1544E-03  -5.34536553E+02 +/-   1.64937791E-03   2.72305912E-01
    16     4.6416E-04  -5.34532125E+02 +/-   1.67981944E-03   2.82450228E-01
    17     1.0000E-04  -5.34531186E+02 +/-   1.68652476E-03   2.84709634E-01
    18     2.1544E-05  -5.34530985E+02 +/-   1.68797621E-03   2.85199898E-01
    19     4.6416E-06  -5.34530942E+02 +/-   1.68828923E-03   2.85305685E-01
    20     1.0000E-06  -5.34530932E+02 +/-   1.68835669E-03   2.85328483E-01
    21     0.0000E+00  -5.34530930E+02 +/-   1.68837521E-03   2.85334745E-01
  ParMin   2.0250E+02  -5.35985773E+02 +/-   2.45847604E-04   6.04990678E-03
  # Using grid point #8
* Iteration # 1: E =  -5.359857732755E+02 +/-   2.458055093447E-04
* Reached maximum number of iterations: exiting.
* After optimization:
  -2.8741E+00  -2.8741E+00  -2.8633E+00  -2.8680E+00  -7.9535E-01  -7.9764E-01
   3.8520E+00   1.0261E+00   1.7484E+00   1.7400E+00   7.6921E-01   7.6244E-01
  -1.7780E+00  -1.7780E+00  -9.3671E-01  -2.9987E+00   3.3121E+00   1.9336E+00
   1.9369E+00   3.3827E-01   3.3817E-01   1.3488E+00   1.3471E+00   2.0822E+00
   2.0828E+00   3.4514E+00  -1.0866E+00  -1.0874E+00  -2.0690E+00  -2.0694E+00
  -6.5167E-02  -6.6982E-02  -4.5273E-01  -4.5402E-01  -3.3237E+00  -3.2604E+00
   1.5306E+00   1.5316E+00   1.5565E+00   1.5609E+00  -3.6509E-01  -3.7049E-01
  -3.7029E-01  -3.6607E-01  -1.6494E+00  -1.6494E+00  -3.9077E-02  -1.6864E+00
  -1.6880E+00   1.4389E-02   1.4350E-02   1.5954E-02   1.3569E-02   1.2090E-02
   1.7570E-02   1.1190E+01  -1.0225E+01  -2.3179E+01   1.9371E+01  -3.7569E-01
  -4.7827E-01  -8.0924E+00   6.4365E+00  -3.2812E-01  -3.6449E-01   1.4875E+01
  -1.3120E+01   7.1310E+00  -6.1981E+00   2.2757E+01  -1.9775E+01  -2.2938E+01
   1.9629E+01  -1.1602E+01   9.6729E+00  -1.7388E-01  -1.7683E-01  -7.9744E+00
   6.6100E+00  -1.1687E+01   9.5639E+00  -2.3010E+01   1.9528E+01   1.1182E+01
  -1.0150E+01   1.5021E+01  -1.2952E+01   3.0791E-02   3.3105E-02   3.5755E+00
  -3.1227E+00   2.2944E+01  -1.9621E+01   2.2908E+01  -1.9656E+01  -1.1409E+01
   9.8807E+00  -1.1422E+01   9.8587E+00   3.5310E+00  -3.1590E+00   3.5342E+00
  -3.1551E+00   1.1466E+01  -9.8130E+00   1.7490E-02   2.6831E-02   1.1482E+01
  -9.7947E+00  -1.0001E-03  -3.4306E-03  -1.3441E-03  -3.6702E-03  -4.6642E-04
  -4.6188E-03
  > Energy =  -5.359857732755E+02 +/-   2.458055093447E-04
  > varE =   6.047835195868E-03

VMC #5:
* Size of Hilbert space =   1.1779E+07
* Number of equil. steps   = 1000
* Running VMC equilibration.
  Done. [total walltime: 0.01s]
* Equil. acc.ratio (%)     =  21.4345
* Sample config after equilibration:
  +-------------+
  |  d       0  |
  |      d      |
  |    2   u    |
  |u           d|
  |u           u|
  |    0   u    |
  |      2      |
  |  d       d  |
  +-------------+
* Number of accum. steps   = 500480 x 10
* Running VMC accumulation.
  Done. [total walltime: 35.1s]
* Acceptance ratio (%)     =  21.3308
* Etot/t                   =  -5.359854875868E+02 +/-   1.062250186379E-04
  > Ttot/t                 =  -3.900814831287E+01 +/-   6.900569403712E-04
  > Utot/t                 =   1.648929426399E+01 +/-   6.839272567656E-04
* var[Eloc/t]              =   5.902391732278E-03 +/-   5.465145800906E-05
* Correlation length       =   9.567805307857E-01
* log10 Psi^2 range: -22.363686204589278 -- -13.459410494442658
* log10 Pgen range : -22.363686204589278 -- -13.459410494442658
* Site occupation (ave. no. electrons per config.):
  > Site_  ___eu____  ___ed____
      1        0.499      0.499
      2        0.501      0.501
      3        0.501      0.500
      4        0.504      0.503
      5        0.500      0.501
      6        0.495      0.496
      7        0.501      0.502
      8        0.500      0.498
      9        0.498      0.498
     10        0.501      0.500
     11        0.497      0.497
     12        0.501      0.501
     13        0.501      0.504
     14        0.501      0.499
* Pair-correlation analysis (ave. no. pairs per config.):
  > Shell  nsite  ___dh____  __eueu___  __eued___
      0      1        0          0          2.496
      1      1        0.911      0.595      2.525
      2      1        0.303      0.657      1.074
      3      1        0.260      0.720      1.074
      4      1        0.688      1.111      2.265
      5      1        0.507      1.488      2.096
      6      1        0.247      2.062      1.951
      7      1        0.080      0.420      0.560
      8      1        0.151      0.856      1.091
      9      1        0.165      0.914      1.032
     10      1        0.300      1.866      2.066
     11      1        0.255      2.060      1.943
     12      1        0.259      2.111      1.917
     13      1        0.249      2.095      1.936
     14      1        0.142      1.039      0.956
     15      1        0.228      2.140      1.906
     16      1        0.241      1.986      2.036
     17      1        0.263      2.017      1.964
     18      1        0.244      2.052      1.979
     19      1        0.119      0.997      1.003
     20      1        0.117      1.006      0.996
     21      1        0.276      1.937      2.031
     22      1        0.267      2.024      1.961
     23      1        0.132      0.950      1.046
     24      1        0.132      0.953      1.046
     25      1        0.239      1.989      2.018
     26      1        0.122      0.991      1.014
     27      1        0.238      2.017      1.994
     28      1        0.068      0.484      0.505
     29      1        0.067      0.485      0.504
     30      1        0.067      0.486      0.508
     31      1        0.067      0.486      0.511
     32      1        0.124      1.008      0.993

Optimization #5:
* Method          : lls
* Target function : energy
* No. of configs. : 100096
* No. of params.  : 115
* Before optimization:
  -2.8741E+00  -2.8741E+00  -2.8633E+00  -2.8680E+00  -7.9535E-01  -7.9764E-01
   3.8520E+00   1.0261E+00   1.7484E+00   1.7400E+00   7.6921E-01   7.6244E-01
  -1.7780E+00  -1.7780E+00  -9.3671E-01  -2.9987E+00   3.3121E+00   1.9336E+00
   1.9369E+00   3.3827E-01   3.3817E-01   1.3488E+00   1.3471E+00   2.0822E+00
   2.0828E+00   3.4514E+00  -1.0866E+00  -1.0874E+00  -2.0690E+00  -2.0694E+00
  -6.5167E-02  -6.6982E-02  -4.5273E-01  -4.5402E-01  -3.3237E+00  -3.2604E+00
   1.5306E+00   1.5316E+00   1.5565E+00   1.5609E+00  -3.6509E-01  -3.7049E-01
  -3.7029E-01  -3.6607E-01  -1.6494E+00  -1.6494E+00  -3.9077E-02  -1.6864E+00
  -1.6880E+00   1.4389E-02   1.4350E-02   1.5954E-02   1.3569E-02   1.2090E-02
   1.7570E-02   1.1190E+01  -1.0225E+01  -2.3179E+01   1.9371E+01  -3.7569E-01
  -4.7827E-01  -8.0924E+00   6.4365E+00  -3.2812E-01  -3.6449E-01   1.4875E+01
  -1.3120E+01   7.1310E+00  -6.1981E+00   2.2757E+01  -1.9775E+01  -2.2938E+01
   1.9629E+01  -1.1602E+01   9.6729E+00  -1.7388E-01  -1.7683E-01  -7.9744E+00
   6.6100E+00  -1.1687E+01   9.5639E+00  -2.3010E+01   1.9528E+01   1.1182E+01
  -1.0150E+01   1.5021E+01  -1.2952E+01   3.0791E-02   3.3105E-02   3.5755E+00
  -3.1227E+00   2.2944E+01  -1.9621E+01   2.2908E+01  -1.9656E+01  -1.1409E+01
   9.8807E+00  -1.1422E+01   9.8587E+00   3.5310E+00  -3.1590E+00   3.5342E+00
  -3.1551E+00   1.1466E+01  -9.8130E+00   1.7490E-02   2.6831E-02   1.1482E+01
  -9.7947E+00  -1.0001E-03  -3.4306E-03  -1.3441E-03  -3.6702E-03  -4.6642E-04
  -4.6188E-03
  > E    =  -5.359854956739E+02 +/-   2.421899391498E-04
  > varE =   5.871227635336E-03
* Computing derivatives.
    [walltime: 1m elapsed, 3m58s remaining]
  Done. [total walltime: 4m55s]
* Optimizing manipulation constant:
  #igrid a___________ E____________________________________ varE____________
     1     Infinity    -5.35985496E+02 +/-   2.42189939E-04   5.87122764E-03
     2     1.0000E+06  -5.35985496E+02 +/-   2.42189937E-04   5.87122753E-03
     3     2.1544E+05  -5.35985496E+02 +/-   2.42189929E-04   5.87122714E-03
     4     4.6416E+04  -5.35985496E+02 +/-   2.42189891E-04   5.87122532E-03
     5     1.0000E+04  -5.35985496E+02 +/-   2.42189718E-04   5.87121690E-03
     6     2.1544E+03  -5.35985496E+02 +/-   2.42188909E-04   5.87117769E-03
     7     4.6416E+02  -5.35985496E+02 +/-   2.42185099E-04   5.87099298E-03
     8     1.0000E+02  -5.35985497E+02 +/-   2.42166296E-04   5.87008138E-03
     9     2.1544E+01  -5.35985507E+02 +/-   2.42073552E-04   5.86558604E-03
    10     4.6416E+00  -5.35985268E+02 +/-   2.46386009E-04   6.07643432E-03
    11     1.0000E+00  -5.35967453E+02 +/-   4.25455097E-04   1.81185811E-02
    12     2.1544E-01  -5.35922401E+02 +/-   6.74982409E-04   4.56038630E-02
    13     4.6416E-02  -5.35902521E+02 +/-   7.50948419E-04   5.64464894E-02
    14     1.0000E-02  -5.35897477E+02 +/-   7.67786033E-04   5.90061308E-02
    15     2.1544E-03  -5.35896411E+02 +/-   7.71143055E-04   5.95232486E-02
    16     4.6416E-04  -5.35896187E+02 +/-   7.71832590E-04   5.96297444E-02
    17     1.0000E-04  -5.35896139E+02 +/-   7.71979103E-04   5.96523849E-02
    18     2.1544E-05  -5.35896128E+02 +/-   7.72010567E-04   5.96572476E-02
    19     4.6416E-06  -5.35896126E+02 +/-   7.72017341E-04   5.96582945E-02
    20     1.0000E-06  -5.35896126E+02 +/-   7.72018800E-04   5.96585201E-02
    21     0.0000E+00  -5.35896126E+02 +/-   7.72019201E-04   5.96585820E-02
  ParMin   4.3899E+01  -5.35985500E+02 +/-   2.42132757E-04   5.86845551E-03
  # Using grid point #9
* Iteration # 1: E =  -5.359855066171E+02 +/-   2.420735524618E-04
* Reached maximum number of iterations: exiting.
* After optimization:
  -3.3136E+00  -3.3136E+00  -3.3028E+00  -3.3074E+00  -7.7448E-01  -7.7683E-01
   3.8155E+00   1.0279E+00   1.9444E+00   1.9360E+00   7.7097E-01   7.6443E-01
  -1.5439E+00  -1.5438E+00  -5.0775E-01  -2.9592E+00   3.2746E+00   1.9163E+00
   1.9196E+00   3.3977E-01   3.3982E-01   1.5448E+00   1.5431E+00   2.0653E+00
   2.0659E+00   3.4140E+00  -1.0660E+00  -1.0669E+00  -1.8353E+00  -1.8356E+00
  -6.5371E-02  -6.6978E-02  -2.3780E-01  -2.3924E-01  -3.2862E+00  -3.2226E+00
   1.5114E+00   1.5125E+00   1.5377E+00   1.5420E+00  -1.4987E-01  -1.5498E-01
  -1.5512E-01  -1.5104E-01  -1.6306E+00  -1.6306E+00  -3.9078E-02  -1.6677E+00
  -1.6692E+00   1.4652E-02   1.4633E-02   1.6210E-02   1.3754E-02   1.2603E-02
   1.7645E-02   1.1057E+01  -1.0113E+01  -2.2915E+01   1.9143E+01  -3.7647E-01
  -4.7939E-01  -9.4600E+00   7.6072E+00  -3.2907E-01  -3.6552E-01   1.3243E+01
  -1.1722E+01   4.1329E+00  -3.6288E+00   2.2491E+01  -1.9549E+01  -2.2674E+01
   1.9402E+01  -1.1470E+01   9.5587E+00  -1.7456E-01  -1.7773E-01  -9.3410E+00
   7.7809E+00  -1.1556E+01   9.4495E+00  -2.2746E+01   1.9301E+01   1.1049E+01
  -1.0038E+01   1.3389E+01  -1.1555E+01   3.0855E-02   3.3190E-02   2.0779E+00
  -1.8387E+00   2.2679E+01  -1.9395E+01   2.2644E+01  -1.9429E+01  -1.1277E+01
   9.7675E+00  -1.1290E+01   9.7454E+00   2.0316E+00  -1.8744E+00   2.0351E+00
  -1.8710E+00   1.1333E+01  -9.6996E+00   1.7352E-02   2.6697E-02   1.1350E+01
  -9.6812E+00  -1.0385E-03  -3.4584E-03  -1.3626E-03  -3.6227E-03  -5.5825E-04
  -4.6056E-03
  > Energy =  -5.359855066171E+02 +/-   2.420735524618E-04
  > varE =   5.865586042211E-03

VMC #6:
* Size of Hilbert space =   1.1779E+07
* Number of equil. steps   = 1000
* Running VMC equilibration.
  Done. [total walltime: 0.01s]
* Equil. acc.ratio (%)     =  21.3658
* Sample config after equilibration:
  +-------------+
  |  0       u  |
  |      u      |
  |    d   d    |
  |2           d|
  |u           2|
  |    u   d    |
  |      2      |
  |  0       0  |
  +-------------+
* Number of accum. steps   = 500480 x 10
* Running VMC accumulation.
  Done. [total walltime: 35.1s]
* Acceptance ratio (%)     =  21.3419
* Etot/t                   =  -5.359855721253E+02 +/-   1.055453545460E-04
  > Ttot/t                 =  -3.900860559283E+01 +/-   6.820520340546E-04
  > Utot/t                 =   1.648966700553E+01 +/-   6.756256706237E-04
* var[Eloc/t]              =   5.851827772456E-03 +/-   3.670035503502E-05
* Correlation length       =   9.527378905194E-01
* log10 Psi^2 range: -21.370198802178521 -- -13.488394824094776
* log10 Pgen range : -21.370198802178521 -- -13.488394824094776
* Site occupation (ave. no. electrons per config.):
  > Site_  ___eu____  ___ed____
      1        0.496      0.495
      2        0.500      0.503
      3        0.500      0.500
      4        0.504      0.502
      5        0.499      0.499
      6        0.497      0.497
      7        0.502      0.502
      8        0.501      0.501
      9        0.498      0.499
     10        0.500      0.501
     11        0.498      0.496
     12        0.502      0.504
     13        0.502      0.501
     14        0.499      0.501
* Pair-correlation analysis (ave. no. pairs per config.):
  > Shell  nsite  ___dh____  __eueu___  __eued___
      0      1        0          0          2.498
      1      1        0.905      0.600      2.527
      2      1        0.307      0.650      1.076
      3      1        0.263      0.722      1.069
      4      1        0.692      1.109      2.261
      5      1        0.506      1.487      2.094
      6      1        0.246      2.059      1.954
      7      1        0.083      0.415      0.563
      8      1        0.152      0.857      1.088
      9      1        0.166      0.913      1.033
     10      1        0.298      1.869      2.065
     11      1        0.255      2.062      1.938
     12      1        0.261      2.121      1.907
     13      1        0.254      2.087      1.939
     14      1        0.141      1.040      0.956
     15      1        0.228      2.135      1.915
     16      1        0.242      1.982      2.038
     17      1        0.260      2.018      1.963
     18      1        0.244      2.054      1.982
     19      1        0.118      0.997      1.002
     20      1        0.116      1.008      0.995
     21      1        0.278      1.933      2.032
     22      1        0.266      2.029      1.961
     23      1        0.130      0.956      1.047
     24      1        0.133      0.953      1.045
     25      1        0.240      1.986      2.020
     26      1        0.124      0.992      1.013
     27      1        0.234      2.020      1.998
     28      1        0.069      0.485      0.505
     29      1        0.069      0.485      0.506
     30      1        0.067      0.485      0.510
     31      1        0.066      0.481      0.507
     32      1        0.124      1.010      0.993

Optimization #6:
* Method          : lls
* Target function : energy
* No. of configs. : 100096
* No. of params.  : 115
* Before optimization:
  -3.3136E+00  -3.3136E+00  -3.3028E+00  -3.3074E+00  -7.7448E-01  -7.7683E-01
   3.8155E+00   1.0279E+00   1.9444E+00   1.9360E+00   7.7097E-01   7.6443E-01
  -1.5439E+00  -1.5438E+00  -5.0775E-01  -2.9592E+00   3.2746E+00   1.9163E+00
   1.9196E+00   3.3977E-01   3.3982E-01   1.5448E+00   1.5431E+00   2.0653E+00
   2.0659E+00   3.4140E+00  -1.0660E+00  -1.0669E+00  -1.8353E+00  -1.8356E+00
  -6.5371E-02  -6.6978E-02  -2.3780E-01  -2.3924E-01  -3.2862E+00  -3.2226E+00
   1.5114E+00   1.5125E+00   1.5377E+00   1.5420E+00  -1.4987E-01  -1.5498E-01
  -1.5512E-01  -1.5104E-01  -1.6306E+00  -1.6306E+00  -3.9078E-02  -1.6677E+00
  -1.6692E+00   1.4652E-02   1.4633E-02   1.6210E-02   1.3754E-02   1.2603E-02
   1.7645E-02   1.1057E+01  -1.0113E+01  -2.2915E+01   1.9143E+01  -3.7647E-01
  -4.7939E-01  -9.4600E+00   7.6072E+00  -3.2907E-01  -3.6552E-01   1.3243E+01
  -1.1722E+01   4.1329E+00  -3.6288E+00   2.2491E+01  -1.9549E+01  -2.2674E+01
   1.9402E+01  -1.1470E+01   9.5587E+00  -1.7456E-01  -1.7773E-01  -9.3410E+00
   7.7809E+00  -1.1556E+01   9.4495E+00  -2.2746E+01   1.9301E+01   1.1049E+01
  -1.0038E+01   1.3389E+01  -1.1555E+01   3.0855E-02   3.3190E-02   2.0779E+00
  -1.8387E+00   2.2679E+01  -1.9395E+01   2.2644E+01  -1.9429E+01  -1.1277E+01
   9.7675E+00  -1.1290E+01   9.7454E+00   2.0316E+00  -1.8744E+00   2.0351E+00
  -1.8710E+00   1.1333E+01  -9.6996E+00   1.7352E-02   2.6697E-02   1.1350E+01
  -9.6812E+00  -1.0385E-03  -3.4584E-03  -1.3626E-03  -3.6227E-03  -5.5825E-04
  -4.6056E-03
  > E    =  -5.359857359656E+02 +/-   2.415333806427E-04
  > varE =   5.839437880369E-03
* Computing derivatives.
    [walltime: 1m elapsed, 4m3s remaining]
  Done. [total walltime: 4m57s]
* Optimizing manipulation constant:
  #igrid a___________ E____________________________________ varE____________
     1     Infinity    -5.35985736E+02 +/-   2.41533381E-04   5.83943788E-03
     2     1.0000E+06  -5.35985736E+02 +/-   2.41533380E-04   5.83943785E-03
     3     2.1544E+05  -5.35985736E+02 +/-   2.41533378E-04   5.83943776E-03
     4     4.6416E+04  -5.35985736E+02 +/-   2.41533369E-04   5.83943732E-03
     5     1.0000E+04  -5.35985736E+02 +/-   2.41533327E-04   5.83943526E-03
     6     2.1544E+03  -5.35985736E+02 +/-   2.41533131E-04   5.83942580E-03
     7     4.6416E+02  -5.35985736E+02 +/-   2.41532254E-04   5.83938339E-03
     8     1.0000E+02  -5.35985738E+02 +/-   2.41528843E-04   5.83921850E-03
     9     2.1544E+01  -5.35985743E+02 +/-   2.41526831E-04   5.83912118E-03
    10     4.6416E+00  -5.35985761E+02 +/-   2.41791391E-04   5.85192012E-03
    11     1.0000E+00  -5.35985498E+02 +/-   2.50274129E-04   6.26972715E-03
    12     2.1544E-01  -5.35933156E+02 +/-   6.31356134E-04   3.98993235E-02
    13     4.6416E-02  -5.34349233E+02 +/-   8.92359149E-04   7.97069304E-02
    14     1.0000E-02  -5.34767056E+02 +/-   1.88705429E-03   3.56439242E-01
    15     2.1544E-03  -5.34878545E+02 +/-   1.87991611E-03   3.53747730E-01
    16     4.6416E-04  -5.34901547E+02 +/-   1.87639754E-03   3.52424775E-01
    17     1.0000E-04  -5.34906459E+02 +/-   1.87558226E-03   3.52118590E-01
    18     2.1544E-05  -5.34907516E+02 +/-   1.87540417E-03   3.52051725E-01
    19     4.6416E-06  -5.34907743E+02 +/-   1.87536569E-03   3.52037278E-01
    20     1.0000E-06  -5.34907792E+02 +/-   1.87535739E-03   3.52034164E-01
    21     0.0000E+00  -5.34907806E+02 +/-   1.87535511E-03   3.52033308E-01
  ParMin   9.1625E+00  -5.35985751E+02 +/-   2.41573765E-04   5.84139075E-03
  # Using grid point #10
* Iteration # 1: E =  -5.359857610684E+02 +/-   2.417913906612E-04
* Reached maximum number of iterations: exiting.
* After optimization:
  -2.4215E+00  -2.4217E+00  -2.4114E+00  -2.4160E+00  -7.1569E-01  -7.1787E-01
   3.7174E+00   1.0347E+00   1.4296E+00   1.4215E+00   7.7695E-01   7.7078E-01
  -1.9544E+00  -1.9546E+00  -1.4396E+00  -2.8493E+00   3.1734E+00   1.8699E+00
   1.8735E+00   3.4536E-01   3.4599E-01   1.0293E+00   1.0279E+00   2.0195E+00
   2.0207E+00   3.3131E+00  -1.0078E+00  -1.0089E+00  -2.2478E+00  -2.2479E+00
  -6.5876E-02  -6.6781E-02  -7.0237E-01  -7.0368E-01  -3.1834E+00  -3.1185E+00
   1.4590E+00   1.4598E+00   1.4859E+00   1.4894E+00  -6.1309E-01  -6.1726E-01
  -6.1766E-01  -6.1419E-01  -1.5786E+00  -1.5792E+00  -3.9049E-02  -1.6165E+00
  -1.6178E+00   1.4895E-02   1.5106E-02   1.6755E-02   1.4681E-02   1.3820E-02
   1.8228E-02   1.0692E+01  -9.8064E+00  -2.2193E+01   1.8520E+01  -3.7970E-01
  -4.8407E-01  -5.8319E+00   4.4957E+00  -3.3200E-01  -3.6834E-01   1.6147E+01
  -1.4214E+01   1.0667E+01  -9.2307E+00   2.1764E+01  -1.8932E+01  -2.1952E+01
   1.8780E+01  -1.1111E+01   9.2454E+00  -1.7735E-01  -1.8092E-01  -5.7134E+00
   4.6679E+00  -1.1197E+01   9.1358E+00  -2.2025E+01   1.8680E+01   1.0684E+01
  -9.7309E+00   1.6294E+01  -1.4046E+01   3.1208E-02   3.3375E-02   5.3438E+00
  -4.6396E+00   2.1955E+01  -1.8774E+01   2.1919E+01  -1.8808E+01  -1.0915E+01
   9.4576E+00  -1.0928E+01   9.4356E+00   5.2965E+00  -4.6750E+00   5.2997E+00
  -4.6737E+00   1.0971E+01  -9.3895E+00   1.7431E-02   2.6601E-02   1.0988E+01
  -9.3709E+00  -1.0590E-03  -3.4654E-03  -1.6395E-03  -3.5817E-03  -7.0446E-04
  -4.4654E-03
  > Energy =  -5.359857610684E+02 +/-   2.417913906612E-04
  > varE =   5.851920115139E-03

VMC #7:
* Size of Hilbert space =   1.1779E+07
* Number of equil. steps   = 1000
* Running VMC equilibration.
  Done. [total walltime: 0.01s]
* Equil. acc.ratio (%)     =  21.3410
* Sample config after equilibration:
  +-------------+
  |  2       2  |
  |      d      |
  |    u   u    |
  |0           0|
  |2           d|
  |    u   d    |
  |      0      |
  |  d       u  |
  +-------------+
* Number of accum. steps   = 500480 x 10
* Running VMC accumulation.
  Done. [total walltime: 33.9s]
* Acceptance ratio (%)     =  21.3147
* Etot/t                   =  -5.359856269534E+02 +/-   1.093298205176E-04
  > Ttot/t                 =  -3.900878571518E+01 +/-   6.817719769801E-04
  > Utot/t                 =   1.648979229978E+01 +/-   6.756704238119E-04
* var[Eloc/t]              =   5.895369714374E-03 +/-   4.872726983406E-05
* Correlation length       =   1.014735726794E+00
* log10 Psi^2 range: -21.129869141592767 -- -13.603120386983120
* log10 Pgen range : -21.129869141592767 -- -13.603120386983120
* Site occupation (ave. no. electrons per config.):
  > Site_  ___eu____  ___ed____
      1        0.497      0.497
      2        0.501      0.499
      3        0.500      0.501
      4        0.504      0.502
      5        0.499      0.500
      6        0.498      0.498
      7        0.502      0.503
      8        0.499      0.502
      9        0.497      0.497
     10        0.501      0.500
     11        0.497      0.498
     12        0.503      0.501
     13        0.502      0.502
     14        0.500      0.500
* Pair-correlation analysis (ave. no. pairs per config.):
  > Shell  nsite  ___dh____  __eueu___  __eued___
      0      1        0          0          2.504
      1      1        0.909      0.596      2.525
      2      1        0.307      0.654      1.074
      3      1        0.265      0.721      1.067
      4      1        0.691      1.108      2.266
      5      1        0.512      1.484      2.093
      6      1        0.245      2.065      1.949
      7      1        0.080      0.419      0.562
      8      1        0.152      0.856      1.087
      9      1        0.169      0.913      1.029
     10      1        0.300      1.868      2.065
     11      1        0.256      2.058      1.940
     12      1        0.262      2.118      1.914
     13      1        0.252      2.093      1.937
     14      1        0.140      1.042      0.958
     15      1        0.228      2.137      1.913
     16      1        0.239      1.984      2.043
     17      1        0.263      2.017      1.963
     18      1        0.246      2.055      1.977
     19      1        0.117      0.997      1.002
     20      1        0.118      1.005      0.995
     21      1        0.281      1.932      2.031
     22      1        0.265      2.026      1.966
     23      1        0.131      0.953      1.050
     24      1        0.131      0.950      1.045
     25      1        0.239      1.990      2.018
     26      1        0.124      0.993      1.012
     27      1        0.237      2.015      1.997
     28      1        0.068      0.485      0.508
     29      1        0.069      0.485      0.506
     30      1        0.069      0.485      0.504
     31      1        0.064      0.486      0.507
     32      1        0.125      1.008      0.992

VDAGGER finished.
Total VDAGGER walltime: 57m56s

Run ended: Tue Oct 21 05:37:37 CEST 2025
