Run started: Wed Aug 20 16:07:07 CEST 2025
Using VDAGGER_ARCH = gnu7_fkfamd_cluster
Running 1x128 MPI processes.

                               xx
                              +##
                               #X
                               Xx
                          X##XxXxxX##x
                           +   Xx  ++
                               ##
                              +##
                              +##
     ++++         ++          +##
   xX+++##+      ####         +##
  Xx    ###      +X##          ##
 xX    X##+        ##          #X
 +    x##X         #x          #X
      ###         +#           x+
     X##+         #+
     ###         Xx                    _______
     ##X       +X+   __________________VDAGGER
     +##x    +xX     2nd quantized variational
       +xxxxx+       ______quantum Monte Carlo

* Running 1024 MPI processes.
* Input file: "input.casl"

############# Start of input file dump #############
General:
  Random seed: timer

Plan:
  VMC-optimization:
    Minimum cycles: 10
    Convergence cycles: 3

System:
  Read Hamiltonian: FCIDUMP_loc
  Read orbitals: LTSC.mat
  Complex orbitals: F

VMC:
  nstep: 500000
  nconfig: 100000
  Report density: T
  Report pair correlation: T

Optimization:
  max_niter: 3

Jastrow: wfn.casl

Backflow: wfn.casl
############## End of input file dump ##############

General setup:
* Random seed: 832665083 (from timer)

* Loaded integrals for system with nelec=24, ms2=0, norb=24
* INFO: setting number of electrons from integrals file.
* Analysis of Hamiltonian connecitivity performed:
  - T_ii (local, 1-site): 24 (i) values
  - U_iiii [opp] (local, 1-site): 24 (i) values
  - U_kkii [opp] (local, 2-site): 552 contribs. from 24 (i) values
  - U_kkii [par] (local, 2-site): 276 contribs. from 23 (i) values
  - T_ji (single, 2-site): 552 contribs. from 24 (i) values
  - U_kkji [opp] (single, 2/3-site): 13248 contribs. from 552 (i,j) pairs
  - U_kkji [par] (single, 3-site): 12696 contribs. from 552 (i,j) pairs
  - U_lkji [opp] (double, 2/3/4-site): 304384 contribs. from 552 (i,j) pairs
  - U_lkji [par] (double, 4-site): 71852 contribs. from 506 (i,j) pairs
  - Max. no. wfn. ratios in Eloc: 24357
* Reading override orbitals from file "LTSC.mat".
* Site labels:
  [draw_int: system geometry not defined]
* Automatically set Site kinds:
  [ 1, 2, 3, 2, 4, 1, 5, 3, 6, 1, 5, 5, 5, 5, 6, 1, 3, 4, 5, 5, 4, 5, 3, 4 ]
  [draw_int: system geometry not defined]
* Automatically set Site pair kinds:
  Site 1: [ 0, -68, 69, -17, -26, 22, -65, 18, -8, 9, -38, -25, 16, 29, 23, 21, -28, 40, 53, -51, -31, 15, 3, 64 ]
  Site 2: [ -68, 0, 62, 76, -71, -68, 32, 13, -27, 17, -55, 39, 32, 6, 4, 17, -13, -42, -6, -39, -71, -55, -62, -42 ]
  Site 3: [ 69, 62, 0, 13, -36, -3, -43, -77, 19, -28, -41, 74, 59, -75, 67, -18, 12, -54, -35, -5, 7, -34, 66, 33 ]
  Site 4: [ -17, 76, 13, 0, 42, -17, 39, 62, 4, 68, -6, 32, 39, 55, -27, 68, -62, 71, -55, -32, 42, -6, -13, 71 ]
  Site 5: [ -26, -71, -36, 42, 0, -31, -50, -33, 14, 40, 44, 11, 46, 57, 52, 64, -54, 61, 78, 60, -47, -1, -7, -72 ]
  Site 6: [ 22, -68, -3, -17, -31, 0, 16, 28, -8, 21, 15, 51, -65, -53, 23, 9, -18, 64, -29, 25, -26, -38, -69, 40 ]
  Site 7: [ -65, 32, -43, 39, -50, 16, 0, 74, -30, -51, -48, 73, 79, 56, -37, 25, -5, 60, 45, 2, 46, -58, -59, -11 ]
  Site 8: [ 18, 13, -77, 62, -33, 28, 74, 0, 67, 3, 75, -43, 5, 41, 19, -69, 66, -7, -34, -59, 54, -35, 12, 36 ]
  Site 9: [ -8, -27, 19, 4, 14, -8, -30, 67, 0, -23, -24, -37, -30, 63, -20, -23, -67, -52, -63, 37, 14, -24, -19, -52 ]
  Site 10: [ 9, 17, -28, 68, 40, 21, -51, 3, -23, 0, -53, -16, 25, 15, 8, 22, 69, -26, 38, -65, 64, 29, 18, -31 ]
  Site 11: [ -38, -55, -41, -6, 44, 15, -48, 75, -24, -53, 0, -56, -58, -70, -63, 29, 35, -78, -49, -45, -1, 10, 34, 57 ]
  Site 12: [ -25, 39, 74, 32, 11, 51, 73, -43, -37, -16, -56, 0, -2, 48, -30, 65, -59, -46, -58, -79, -60, 45, -5, 50 ]
  Site 13: [ 16, 32, 59, 39, 46, -65, 79, 5, -30, 25, -58, -2, 0, -45, -37, -51, -74, -11, -56, -73, -50, -48, 43, 60 ]
  Site 14: [ 29, 6, -75, 55, 57, -53, 56, 41, 63, 15, -70, 48, -45, 0, 24, -38, -34, -1, -10, -58, -78, 49, -35, 44 ]
  Site 15: [ 23, 4, 67, -27, 52, 23, -37, 19, -20, 8, -63, -30, -37, 24, 0, 8, -19, -14, -24, 30, 52, -63, -67, -14 ]
  Site 16: [ 21, 17, -18, 68, 64, 9, 25, -69, -23, 22, 29, 65, -51, -38, 8, 0, -3, -31, -15, 16, 40, -53, 28, -26 ]
  Site 17: [ -28, -13, 12, -62, -54, -18, -5, 66, -67, 69, 35, -59, -74, -34, -19, -3, 0, -36, 41, -43, 33, -75, -77, 7 ]
  Site 18: [ 40, -42, -54, 71, 61, 64, 60, -7, -52, -26, -78, -46, -11, -1, -14, -31, -36, 0, -44, -50, -72, 57, -33, -47 ]
  Site 19: [ 53, -6, -35, -55, 78, -29, 45, -34, -63, 38, -49, -58, -56, -10, -24, -15, 41, -44, 0, 48, -57, 70, -75, 1 ]
  Site 20: [ -51, -39, -5, -32, 60, 25, 2, -59, 37, -65, -45, -79, -73, -58, 30, 16, -43, -50, 48, 0, -11, 56, 74, 46 ]
  Site 21: [ -31, -71, 7, 42, -47, -26, 46, 54, 14, 64, -1, -60, -50, -78, 52, 40, 33, -72, -57, -11, 0, 44, 36, 61 ]
  Site 22: [ 15, -55, -34, -6, -1, -38, -58, -35, -24, 29, 10, 45, -48, 49, -63, -53, -75, 57, 70, 56, 44, 0, 41, -78 ]
  Site 23: [ 3, -62, 66, -13, -7, -69, -59, 12, -19, 18, 34, -5, 43, -35, -67, 28, -77, -33, -75, 74, 36, 41, 0, 54 ]
  Site 24: [ 64, -42, 33, 71, -72, 40, -11, 36, -52, -31, 57, 50, 60, 44, -14, -26, 7, -47, 1, 46, 61, -78, 54, 0 ]
  For site 1 of kind 1:
  [draw_int: system geometry not defined]
  For site 2 of kind 2:
  [draw_int: system geometry not defined]
  For site 3 of kind 3:
  [draw_int: system geometry not defined]
  For site 5 of kind 4:
  [draw_int: system geometry not defined]
  For site 7 of kind 5:
  [draw_int: system geometry not defined]
  For site 9 of kind 6:
  [draw_int: system geometry not defined]
General system setup:
* Number of sites       : 24
* Number of electrons   : 24
* Spin imbalance MS2    : 0
* Filling               : 0.500000
* Number of orbitals in pool: 24
* Using real-valued orbitals
* Using double-precision arithmetic for orbitals

Trial wave function setup:
* Jastrow parameter file: "wfn.casl"
* Not using multideterminants
* Backflow parameter file: "wfn.casl"
* Not using wave function manipulation

VMC #1:
* Size of Hilbert space =   7.3125E+12
* Number of equil. steps   = 1000
* Running VMC equilibration.
  Done. [total walltime: 0.12s]
* Equil. acc.ratio (%)     =  13.8069
* Sample config after equilibration:
  [draw: system geometry not defined]
* Number of accum. steps   = 501760 x 10
* Running VMC accumulation.
    [walltime: 1m elapsed, 1m37s remaining]
  Done. [total walltime: 2m38s]
* Acceptance ratio (%)     =  13.7976
* Etot/t                   =  -9.156312475934E+02 +/-   6.727068628498E-04
  > Ttot/t                 =  -9.578801095603E+01 +/-   1.399602414404E-03
  > Utot/t                 =   4.306155161172E+01 +/-   1.561905552396E-03
* var[Eloc/t]              =   2.203991259839E-01 +/-   5.696732639042E-04
* Correlation length       =   1.030238760748E+00
* Site occupation (ave. no. electrons per config.):
  > Site_  ___eu____  ___ed____
      1        0.499      0.494
      2        0.499      0.496
      3        0.496      0.500
      4        0.498      0.499
      5        0.504      0.499
      6        0.498      0.500
      7        0.505      0.503
      8        0.498      0.497
      9        0.498      0.499
     10        0.498      0.499
     11        0.502      0.503
     12        0.500      0.501
     13        0.502      0.501
     14        0.501      0.502
     15        0.501      0.497
     16        0.499      0.498
     17        0.500      0.500
     18        0.501      0.501
     19        0.501      0.501
     20        0.499      0.499
     21        0.503      0.500
     22        0.500      0.505
     23        0.499      0.501
     24        0.500      0.503
* Pair-correlation analysis (ave. no. pairs per config.):
  > Shell  nsite  ___dh____  __eueu___  __eued___
      0      1        0          0          6.003
      1      0        1.309      0.776      2.012
      2      0        0.656      0.388      1.003
      3      0        0.919      1.278      1.989
      4      0        0.456      0.641      0.994
      5      0        0.782      1.505      1.998
      6      0        0.780      1.501      1.999
      7      0        0.782      1.503      1.998
      8      0        0.774      1.497      1.990
      9      0        0.389      0.749      0.992
     10      0        0.252      1.006      1.006
     11      0        0.500      2.009      2.014
     12      0        0.274      0.948      0.996
     13      0        0.550      1.894      1.987
     14      0        0.560      1.881      2.001
     15      0        0.565      1.881      1.997
     16      0        0.560      1.882      2.000
     17      0        0.497      1.986      1.989
     18      0        0.501      1.989      1.988
     19      0        0.501      1.991      1.989
     20      0        0.129      0.487      0.498
     21      0        0.261      0.973      0.993
     22      0        0.248      0.992      0.995
     23      0        0.496      1.992      1.990
     24      0        0.498      2.004      2.003
     25      0        0.504      1.996      1.996
     26      0        0.501      1.998      1.999
     27      0        0.248      0.995      0.992
     28      0        0.501      1.989      1.989
     29      0        0.501      1.999      2.001
     30      0        0.502      1.996      1.999
     31      0        0.501      2.000      1.998
     32      0        0.500      1.998      1.999
     33      0        0.497      2.006      2.001
     34      0        0.502      2.002      2.005
     35      0        0.520      1.966      2.003
     36      0        0.519      1.967      2.000
     37      0        0.499      2.001      2.000
     38      0        0.504      1.999      1.997
     39      0        0.516      1.965      2.000
     40      0        0.500      1.999      1.998
     41      0        0.501      2.003      2.002
     42      0        0.496      1.999      2.001
     43      0        0.504      1.998      2.000
     44      0        0.519      1.974      2.012
     45      0        0.521      1.973      2.013
     46      0        0.520      1.970      2.010
     47      0        0.249      1.005      1.006
     48      0        0.498      2.017      2.014
     49      0        0.255      0.997      1.008
     50      0        0.509      1.993      2.010
     51      0        0.502      1.998      1.999
     52      0        0.495      2.003      2.002
     53      0        0.499      2.001      2.004
     54      0        0.501      2.000      2.002
     55      0        0.500      2.001      1.997
     56      0        0.503      2.009      2.012
     57      0        0.497      2.016      2.009
     58      0        0.501      2.014      2.014
     59      0        0.505      1.999      1.997
     60      0        0.501      2.009      2.011
     61      0        0.251      0.999      1.007
     62      0        0.500      1.988      1.985
     63      0        0.504      1.993      2.002
     64      0        0.505      1.991      1.997
     65      0        0.505      1.994      1.998
     66      0        0.252      0.993      0.995
     67      0        0.508      1.977      1.988
     68      0        0.506      1.974      1.984
     69      0        0.506      1.980      1.988
     70      0        0.250      1.006      1.008
     71      0        0.502      1.992      1.998
     72      0        0.252      1.005      1.002
     73      0        0.249      1.007      1.006
     74      0        0.504      1.995      2.004
     75      0        0.505      1.998      2.000
     76      0        0.123      0.494      0.500
     77      0        0.251      0.991      0.998
     78      0        0.498      2.011      2.015
     79      0        0.253      1.002      1.004

Optimization #1:
* Method          : lls
* Target function : energy
* No. of configs. : 100352
* No. of params.  : 167
* Before optimization:
   0.0000E+00   0.0000E+00   0.0000E+00   0.0000E+00   0.0000E+00   0.0000E+00
   0.0000E+00   0.0000E+00   0.0000E+00   0.0000E+00   0.0000E+00   0.0000E+00
   0.0000E+00   0.0000E+00   0.0000E+00   0.0000E+00   0.0000E+00   0.0000E+00
   0.0000E+00   0.0000E+00   0.0000E+00   0.0000E+00   0.0000E+00   0.0000E+00
   0.0000E+00   0.0000E+00   0.0000E+00   0.0000E+00   0.0000E+00   0.0000E+00
   0.0000E+00   0.0000E+00   0.0000E+00   0.0000E+00   0.0000E+00   0.0000E+00
   0.0000E+00   0.0000E+00   0.0000E+00   0.0000E+00   0.0000E+00   0.0000E+00
   0.0000E+00   0.0000E+00   0.0000E+00   0.0000E+00   0.0000E+00   0.0000E+00
   0.0000E+00   0.0000E+00   0.0000E+00   0.0000E+00   0.0000E+00   0.0000E+00
   0.0000E+00   0.0000E+00   0.0000E+00   0.0000E+00   0.0000E+00   0.0000E+00
   0.0000E+00   0.0000E+00   0.0000E+00   0.0000E+00   0.0000E+00   0.0000E+00
   0.0000E+00   0.0000E+00   0.0000E+00   0.0000E+00   0.0000E+00   0.0000E+00
   0.0000E+00   0.0000E+00   0.0000E+00   0.0000E+00   0.0000E+00   0.0000E+00
   0.0000E+00   0.0000E+00   0.0000E+00   1.0000E+00   1.0000E+00   1.0000E+00
   1.0000E+00   1.0000E+00   1.0000E+00   0.0000E+00   0.0000E+00   0.0000E+00
   0.0000E+00   0.0000E+00   0.0000E+00   0.0000E+00   0.0000E+00   0.0000E+00
   0.0000E+00   0.0000E+00   0.0000E+00   0.0000E+00   0.0000E+00   0.0000E+00
   0.0000E+00   0.0000E+00   0.0000E+00   0.0000E+00   0.0000E+00   0.0000E+00
   0.0000E+00   0.0000E+00   0.0000E+00   0.0000E+00   0.0000E+00   0.0000E+00
   0.0000E+00   0.0000E+00   0.0000E+00   0.0000E+00   0.0000E+00   0.0000E+00
   0.0000E+00   0.0000E+00   0.0000E+00   0.0000E+00   0.0000E+00   0.0000E+00
   0.0000E+00   0.0000E+00   0.0000E+00   0.0000E+00   0.0000E+00   0.0000E+00
   0.0000E+00   0.0000E+00   0.0000E+00   0.0000E+00   0.0000E+00   0.0000E+00
   0.0000E+00   0.0000E+00   0.0000E+00   0.0000E+00   0.0000E+00   0.0000E+00
   0.0000E+00   0.0000E+00   0.0000E+00   0.0000E+00   0.0000E+00   0.0000E+00
   0.0000E+00   0.0000E+00   0.0000E+00   0.0000E+00   0.0000E+00   0.0000E+00
   0.0000E+00   0.0000E+00   0.0000E+00   0.0000E+00   0.0000E+00   0.0000E+00
   0.0000E+00   0.0000E+00   0.0000E+00   0.0000E+00   0.0000E+00
  > E    =  -9.156307379705E+02 +/-   1.483405378024E-03
  > varE =   2.208237245686E-01
* Computing derivatives.
    [walltime: 2m34s elapsed, 1h21m remaining]
    [walltime: 1h1m elapsed, 22m12s remaining]
  Done. [total walltime: 1h23m]
* Optimizing manipulation constant:
  #igrid a___________ E____________________________________ varE____________
     1     Infinity    -9.15630738E+02 +/-   1.48340538E-03   2.20823725E-01
     2     1.0000E+06  -9.15630738E+02 +/-   1.48340420E-03   2.20823374E-01
     3     2.1544E+05  -9.15630740E+02 +/-   1.48339992E-03   2.20822099E-01
     4     4.6416E+04  -9.15630747E+02 +/-   1.48338004E-03   2.20816180E-01
     5     1.0000E+04  -9.15630781E+02 +/-   1.48328776E-03   2.20788709E-01
     6     2.1544E+03  -9.15630936E+02 +/-   1.48285967E-03   2.20661282E-01
     7     4.6416E+02  -9.15631655E+02 +/-   1.48087697E-03   2.20071595E-01
     8     1.0000E+02  -9.15634952E+02 +/-   1.47176680E-03   2.17372219E-01
     9     2.1544E+01  -9.15649449E+02 +/-   1.43137641E-03   2.05605035E-01
    10     4.6416E+00  -9.15702841E+02 +/-   1.27673266E-03   1.63578406E-01
    11     1.0000E+00  -9.15812859E+02 +/-   9.09473763E-04   8.30054066E-02
    12     2.1544E-01  -9.15882349E+02 +/-   6.23550278E-04   3.90183578E-02
    13     4.6416E-02  -9.15894993E+02 +/-   5.83974058E-04   3.42226111E-02
    14     1.0000E-02  -9.15896402E+02 +/-   5.86061539E-04   3.44677135E-02
    15     2.1544E-03  -9.15896593E+02 +/-   5.87368390E-04   3.46216031E-02
    16     4.6416E-04  -9.15896628E+02 +/-   5.87695834E-04   3.46602154E-02
    17     1.0000E-04  -9.15896635E+02 +/-   5.87768582E-04   3.46687967E-02
    18     2.1544E-05  -9.15896637E+02 +/-   5.87784357E-04   3.46706577E-02
    19     4.6416E-06  -9.15896637E+02 +/-   5.87787761E-04   3.46710592E-02
    20     1.0000E-06  -9.15896637E+02 +/-   5.87788494E-04   3.46711458E-02
    21     0.0000E+00  -9.15896637E+02 +/-   5.87788696E-04   3.46711695E-02
* Iteration # 1: E =  -9.158966370612E+02 +/-   5.877886958576E-04
* Computing derivatives.
    [walltime: 2m47s elapsed, 1h28m remaining]
    [walltime: 1h1m elapsed, 29m35s remaining]
  Done. [total walltime: 1h30m]
* Optimizing manipulation constant:
  #igrid a___________ E____________________________________ varE____________
     1     Infinity    -9.15896637E+02 +/-   5.87788696E-04   3.46711695E-02
     2     1.0000E+06  -9.15896637E+02 +/-   5.87788197E-04   3.46711107E-02
     3     2.1544E+05  -9.15896637E+02 +/-   5.87786381E-04   3.46708965E-02
     4     4.6416E+04  -9.15896638E+02 +/-   5.87777953E-04   3.46699022E-02
     5     1.0000E+04  -9.15896641E+02 +/-   5.87738836E-04   3.46652878E-02
     6     2.1544E+03  -9.15896657E+02 +/-   5.87557372E-04   3.46438853E-02
     7     4.6416E+02  -9.15896729E+02 +/-   5.86717248E-04   3.45448844E-02
     8     1.0000E+02  -9.15897061E+02 +/-   5.82865018E-04   3.40927484E-02
     9     2.1544E+01  -9.15898518E+02 +/-   5.66054032E-04   3.21545035E-02
    10     4.6416E+00  -9.15903409E+02 +/-   5.09497593E-04   2.60501547E-02
    11     1.0000E+00  -9.15909606E+02 +/-   4.36827200E-04   1.91489682E-02
    12     2.1544E-01  -9.15910266E+02 +/-   4.34689986E-04   1.89620507E-02
    13     4.6416E-02  -9.15909401E+02 +/-   4.46955588E-04   2.00472486E-02
    14     1.0000E-02  -9.15909052E+02 +/-   4.51256035E-04   2.04348794E-02
    15     2.1544E-03  -9.15908965E+02 +/-   4.52294212E-04   2.05290141E-02
    16     4.6416E-04  -9.15908946E+02 +/-   4.52523611E-04   2.05498436E-02
    17     1.0000E-04  -9.15908942E+02 +/-   4.52573306E-04   2.05543573E-02
    18     2.1544E-05  -9.15908941E+02 +/-   4.52584025E-04   2.05553310E-02
    19     4.6416E-06  -9.15908941E+02 +/-   4.52586335E-04   2.05555408E-02
    20     1.0000E-06  -9.15908941E+02 +/-   4.52586833E-04   2.05555860E-02
    21     0.0000E+00  -9.15908941E+02 +/-   4.52586969E-04   2.05555984E-02
  ParMin   2.4180E-01  -9.15910330E+02 +/-   4.33570451E-04   1.88645037E-02
  # Using parabolic minimum
* Iteration # 2: E =  -9.159103304119E+02 +/-   4.335704510641E-04
* Computing derivatives.
    [walltime: 2m46s elapsed, 1h27m remaining]
    [walltime: 1h1m elapsed, 28m36s remaining]
  Done. [total walltime: 1h30m]
* Optimizing manipulation constant:
  #igrid a___________ E____________________________________ varE____________
     1     Infinity    -9.15910330E+02 +/-   4.33570451E-04   1.88645037E-02
     2     1.0000E+06  -9.15910330E+02 +/-   4.33570295E-04   1.88644902E-02
     3     2.1544E+05  -9.15910330E+02 +/-   4.33569728E-04   1.88644408E-02
     4     4.6416E+04  -9.15910331E+02 +/-   4.33567097E-04   1.88642119E-02
     5     1.0000E+04  -9.15910332E+02 +/-   4.33554889E-04   1.88631496E-02
     6     2.1544E+03  -9.15910336E+02 +/-   4.33498374E-04   1.88582322E-02
     7     4.6416E+02  -9.15910356E+02 +/-   4.33239183E-04   1.88356880E-02
     8     1.0000E+02  -9.15910446E+02 +/-   4.32100425E-04   1.87367999E-02
     9     2.1544E+01  -9.15910774E+02 +/-   4.27946034E-04   1.83782454E-02
    10     4.6416E+00  -9.15911377E+02 +/-   4.20684554E-04   1.77598448E-02
    11     1.0000E+00  -9.15911023E+02 +/-   4.26711622E-04   1.82723740E-02
    12     2.1544E-01  -9.15910597E+02 +/-   4.34670184E-04   1.89603231E-02
    13     4.6416E-02  -9.15911100E+02 +/-   4.29928731E-04   1.85489346E-02
    14     1.0000E-02  -9.15911345E+02 +/-   4.27116914E-04   1.83071007E-02
    15     2.1544E-03  -9.15911407E+02 +/-   4.26368055E-04   1.82429618E-02
    16     4.6416E-04  -9.15911421E+02 +/-   4.26199115E-04   1.82285078E-02
    17     1.0000E-04  -9.15911424E+02 +/-   4.26162354E-04   1.82253634E-02
    18     2.1544E-05  -9.15911425E+02 +/-   4.26154417E-04   1.82246846E-02
    19     4.6416E-06  -9.15911425E+02 +/-   4.26152706E-04   1.82245382E-02
    20     1.0000E-06  -9.15911425E+02 +/-   4.26152337E-04   1.82245067E-02
    21     0.0000E+00  -9.15911425E+02 +/-   4.26152236E-04   1.82244981E-02
* Iteration # 3: E =  -9.159114249545E+02 +/-   4.261522361334E-04
* Reached maximum number of iterations: exiting.
* After optimization:
  -2.1891E+00  -1.8056E+00  -1.8229E+00  -1.7561E+00  -1.8046E+00  -2.3459E+00
   3.6554E-01   3.6904E-01   3.5315E-01   2.6249E-01   2.6707E-01   2.6422E-01
   2.5638E-01   2.5558E-01   2.4469E-01   2.4788E-01   2.4153E-01   2.4001E-01
   2.3140E-01   2.4682E-01   2.5713E-01   2.6412E-01   1.3268E-01   1.3481E-01
   1.3253E-01  -3.0474E-02  -2.4696E-02  -2.3629E-02  -4.3557E-02  -4.6900E-02
  -4.8733E-02  -4.1619E-02  -4.8191E-02  -4.2965E-02   3.4078E-02   4.2712E-02
   3.7471E-02   4.3700E-02   4.2732E-02   4.0638E-02  -1.5085E-02  -1.4050E-01
  -2.3617E-01  -1.3070E-01  -2.5909E-01  -1.4537E-01  -1.3430E-01  -1.2461E-01
  -1.2347E-01  -1.1260E-01  -9.7223E-02  -1.0648E-01  -1.0298E-01  -1.0066E-01
  -1.0097E-01  -1.4172E-01  -1.1729E-01  -1.3821E-01  -1.2661E-01  -6.6027E-02
  -5.9924E-02  -6.7910E-02  -6.2486E-02   7.4048E-03   3.3183E-02   6.7164E-03
   2.7297E-02   7.6858E-03   2.9502E-02   2.9877E-03   3.0948E-02   6.7181E-03
   3.2128E-02  -2.2702E-02  -1.3388E-02  -2.0567E-02  -1.3585E-02  -2.3730E-02
  -1.1113E-02   1.2536E-02   1.4969E-02   1.2488E+00   1.0350E+00   1.0315E+00
   1.0100E+00   1.0266E+00   1.3416E+00   9.1503E-02   9.3813E-02  -9.5178E-03
   6.1162E-03   5.1192E-02   4.4337E-02   4.2378E-02  -8.3983E-02  -9.9482E-02
   2.7016E-03   1.7351E-03   9.0997E-03  -2.8027E-03   2.4297E-02   3.2859E-02
   4.0499E-02   9.4223E-03   2.7578E-03   3.6997E-03  -2.5859E-02   1.9212E-01
   2.0714E-01   7.0278E-02   1.0427E-01   1.3894E-01   1.2977E-01   1.3118E-01
   4.2853E-02   6.8087E-03  -1.1324E-02  -1.3638E-02  -1.3567E-03   2.5756E-03
   2.1457E-02   3.3741E-02   3.9102E-02  -7.7566E-03  -2.0889E-03  -9.4628E-03
  -2.8222E-02   1.5933E-01   1.5953E-01   4.2733E-02   5.2721E-02   1.0769E-01
   1.0251E-01   1.0305E-01  -2.4634E-02  -5.0155E-02   1.8933E-02   1.3726E-02
   7.1965E-03   1.2462E-03   2.3640E-02   3.1146E-02   4.3711E-02   1.6763E-02
   1.4302E-02   1.6133E-02  -2.0416E-02   2.0175E-01   1.9972E-01   9.7444E-02
   1.1623E-01   1.8018E-01   1.7074E-01   1.7320E-01   5.3096E-02   2.0995E-02
   3.6487E-03  -7.4091E-04  -2.8474E-03   1.0472E-03   1.7554E-02   2.6090E-02
   3.8260E-02   3.6389E-03   8.8869E-03   4.1690E-03  -2.1898E-02
  > Energy =  -9.159114249545E+02 +/-   4.261522361334E-04
  > varE =   1.822449805253E-02

VMC #2:
* Size of Hilbert space =   7.3125E+12
* Number of equil. steps   = 1000
* Running VMC equilibration.
  Done. [total walltime: 0.13s]
* Equil. acc.ratio (%)     =   6.0367
* Sample config after equilibration:
  [draw: system geometry not defined]
* Number of accum. steps   = 501760 x 10
* Running VMC accumulation.
    [walltime: 1m elapsed, 1m46s remaining]
  Done. [total walltime: 2m46s]
* Acceptance ratio (%)     =   6.0086
* Etot/t                   =  -9.159106240779E+02 +/-   2.116570358830E-04
  > Ttot/t                 =  -9.547048181624E+01 +/-   1.445889678108E-03
  > Utot/t                 =   4.246464598742E+01 +/-   1.380170519947E-03
* var[Eloc/t]              =   1.867874317447E-02 +/-   6.502584088705E-05
* Correlation length       =   1.203410525157E+00
* Site occupation (ave. no. electrons per config.):
  > Site_  ___eu____  ___ed____
      1        0.494      0.496
      2        0.505      0.501
      3        0.500      0.500
      4        0.502      0.504
      5        0.505      0.508
      6        0.496      0.494
      7        0.503      0.502
      8        0.502      0.500
      9        0.492      0.490
     10        0.494      0.496
     11        0.502      0.501
     12        0.504      0.502
     13        0.499      0.501
     14        0.502      0.503
     15        0.491      0.490
     16        0.495      0.495
     17        0.500      0.504
     18        0.504      0.504
     19        0.502      0.502
     20        0.502      0.501
     21        0.504      0.503
     22        0.501      0.500
     23        0.498      0.500
     24        0.504      0.504
* Pair-correlation analysis (ave. no. pairs per config.):
  > Shell  nsite  ___dh____  __eueu___  __eued___
      0      1        0          0          4.222
      1      0        0.860      0.665      2.546
      2      0        0.425      0.332      1.266
      3      0        0.620      1.106      2.313
      4      0        0.316      0.542      1.153
      5      0        0.519      1.429      2.167
      6      0        0.515      1.454      2.167
      7      0        0.514      1.453      2.172
      8      0        0.471      1.389      2.129
      9      0        0.239      0.702      1.071
     10      0        0.121      1.018      0.989
     11      0        0.243      2.052      1.982
     12      0        0.151      0.932      1.049
     13      0        0.304      1.874      2.105
     14      0        0.274      1.798      2.100
     15      0        0.278      1.798      2.108
     16      0        0.277      1.796      2.114
     17      0        0.259      2.074      1.918
     18      0        0.261      2.062      1.907
     19      0        0.256      2.042      1.896
     20      0        0.064      0.468      0.490
     21      0        0.130      0.952      0.994
     22      0        0.117      1.010      0.965
     23      0        0.226      2.003      1.918
     24      0        0.231      2.069      1.889
     25      0        0.236      2.088      1.901
     26      0        0.235      2.100      1.913
     27      0        0.132      0.994      0.977
     28      0        0.263      1.992      1.967
     29      0        0.246      2.009      1.954
     30      0        0.245      1.991      1.937
     31      0        0.249      2.017      1.965
     32      0        0.260      2.035      1.990
     33      0        0.261      2.037      1.990
     34      0        0.260      2.024      1.982
     35      0        0.263      1.961      2.039
     36      0        0.264      1.973      2.050
     37      0        0.240      1.957      1.981
     38      0        0.241      1.970      2.005
     39      0        0.264      1.966      2.052
     40      0        0.242      1.977      2.018
     41      0        0.234      2.134      1.932
     42      0        0.237      2.152      1.954
     43      0        0.236      2.138      1.928
     44      0        0.239      1.982      2.062
     45      0        0.235      1.965      2.058
     46      0        0.237      1.979      2.067
     47      0        0.125      1.022      1.001
     48      0        0.247      2.026      1.974
     49      0        0.120      0.995      1.014
     50      0        0.242      2.002      2.035
     51      0        0.241      1.993      1.979
     52      0        0.242      1.987      1.971
     53      0        0.242      1.990      1.978
     54      0        0.253      2.028      2.011
     55      0        0.259      2.026      2.004
     56      0        0.235      2.004      2.024
     57      0        0.238      2.032      2.015
     58      0        0.237      2.023      2.001
     59      0        0.254      2.013      2.003
     60      0        0.240      2.027      2.016
     61      0        0.119      1.012      1.023
     62      0        0.279      2.023      1.996
     63      0        0.242      1.953      1.981
     64      0        0.243      1.984      2.006
     65      0        0.243      1.971      1.997
     66      0        0.140      1.009      0.991
     67      0        0.264      1.932      1.986
     68      0        0.268      1.963      2.007
     69      0        0.268      1.954      1.998
     70      0        0.117      1.005      1.010
     71      0        0.255      2.021      2.037
     72      0        0.118      1.015      1.021
     73      0        0.117      1.001      1.013
     74      0        0.257      2.001      2.011
     75      0        0.256      2.001      2.013
     76      0        0.071      0.500      0.510
     77      0        0.141      0.992      1.006
     78      0        0.239      2.027      2.018
     79      0        0.119      1.011      1.000

Optimization #2:
* Method          : lls
* Target function : energy
* No. of configs. : 100352
* No. of params.  : 167
* Before optimization:
  -2.1891E+00  -1.8056E+00  -1.8229E+00  -1.7561E+00  -1.8046E+00  -2.3459E+00
   3.6554E-01   3.6904E-01   3.5315E-01   2.6249E-01   2.6707E-01   2.6422E-01
   2.5638E-01   2.5558E-01   2.4469E-01   2.4788E-01   2.4153E-01   2.4001E-01
   2.3140E-01   2.4682E-01   2.5713E-01   2.6412E-01   1.3268E-01   1.3481E-01
   1.3253E-01  -3.0474E-02  -2.4696E-02  -2.3629E-02  -4.3557E-02  -4.6900E-02
  -4.8733E-02  -4.1619E-02  -4.8191E-02  -4.2965E-02   3.4078E-02   4.2712E-02
   3.7471E-02   4.3700E-02   4.2732E-02   4.0638E-02  -1.5085E-02  -1.4050E-01
  -2.3617E-01  -1.3070E-01  -2.5909E-01  -1.4537E-01  -1.3430E-01  -1.2461E-01
  -1.2347E-01  -1.1260E-01  -9.7223E-02  -1.0648E-01  -1.0298E-01  -1.0066E-01
  -1.0097E-01  -1.4172E-01  -1.1729E-01  -1.3821E-01  -1.2661E-01  -6.6027E-02
  -5.9924E-02  -6.7910E-02  -6.2486E-02   7.4048E-03   3.3183E-02   6.7164E-03
   2.7297E-02   7.6858E-03   2.9502E-02   2.9877E-03   3.0948E-02   6.7181E-03
   3.2128E-02  -2.2702E-02  -1.3388E-02  -2.0567E-02  -1.3585E-02  -2.3730E-02
  -1.1113E-02   1.2536E-02   1.4969E-02   1.2488E+00   1.0350E+00   1.0315E+00
   1.0100E+00   1.0266E+00   1.3416E+00   9.1503E-02   9.3813E-02  -9.5178E-03
   6.1162E-03   5.1192E-02   4.4337E-02   4.2378E-02  -8.3983E-02  -9.9482E-02
   2.7016E-03   1.7351E-03   9.0997E-03  -2.8027E-03   2.4297E-02   3.2859E-02
   4.0499E-02   9.4223E-03   2.7578E-03   3.6997E-03  -2.5859E-02   1.9212E-01
   2.0714E-01   7.0278E-02   1.0427E-01   1.3894E-01   1.2977E-01   1.3118E-01
   4.2853E-02   6.8087E-03  -1.1324E-02  -1.3638E-02  -1.3567E-03   2.5756E-03
   2.1457E-02   3.3741E-02   3.9102E-02  -7.7566E-03  -2.0889E-03  -9.4628E-03
  -2.8222E-02   1.5933E-01   1.5953E-01   4.2733E-02   5.2721E-02   1.0769E-01
   1.0251E-01   1.0305E-01  -2.4634E-02  -5.0155E-02   1.8933E-02   1.3726E-02
   7.1965E-03   1.2462E-03   2.3640E-02   3.1146E-02   4.3711E-02   1.6763E-02
   1.4302E-02   1.6133E-02  -2.0416E-02   2.0175E-01   1.9972E-01   9.7444E-02
   1.1623E-01   1.8018E-01   1.7074E-01   1.7320E-01   5.3096E-02   2.0995E-02
   3.6487E-03  -7.4091E-04  -2.8474E-03   1.0472E-03   1.7554E-02   2.6090E-02
   3.8260E-02   3.6389E-03   8.8869E-03   4.1690E-03  -2.1898E-02
  > E    =  -9.159100555630E+02 +/-   4.328025202537E-04
  > varE =   1.879773809738E-02
* Computing derivatives.
    [walltime: 2m45s elapsed, 1h27m remaining]
    [walltime: 1h1m elapsed, 28m15s remaining]
  Done. [total walltime: 1h29m]
* Optimizing manipulation constant:
  #igrid a___________ E____________________________________ varE____________
     1     Infinity    -9.15910056E+02 +/-   4.32802520E-04   1.87977381E-02
     2     1.0000E+06  -9.15910056E+02 +/-   4.32802380E-04   1.87977259E-02
     3     2.1544E+05  -9.15910056E+02 +/-   4.32801915E-04   1.87976855E-02
     4     4.6416E+04  -9.15910056E+02 +/-   4.32800684E-04   1.87975786E-02
     5     1.0000E+04  -9.15910055E+02 +/-   4.32814895E-04   1.87988130E-02
     6     2.1544E+03  -9.15910013E+02 +/-   4.33305368E-04   1.88414434E-02
     7     4.6416E+02  -9.15909009E+02 +/-   4.44835170E-04   1.98574860E-02
     8     1.0000E+02  -9.15865658E+02 +/-   7.69898667E-04   5.94830415E-02
     9     2.1544E+01  -9.14089730E+02 +/-   3.36390182E-03   1.13556672E+00
    10     4.6416E+00  -9.12841484E+02 +/-   3.74410836E-03   1.40676920E+00
    11     1.0000E+00  -9.12840216E+02 +/-   3.74451674E-03   1.40707610E+00
    12     2.1544E-01  -9.12840629E+02 +/-   3.70140251E-03   1.37486059E+00
    13     4.6416E-02  -9.12849088E+02 +/-   1.15267540E-04   1.33333746E-03
    14     1.0000E-02  -9.12852839E+02 +/-   4.74060791E-05   2.25524696E-04
    15     2.1544E-03  -9.12854132E+02 +/-   4.90440781E-05   2.41378833E-04
    16     4.6416E-04  -9.12854441E+02 +/-   4.93768158E-05   2.44665194E-04
    17     1.0000E-04  -9.12854509E+02 +/-   4.94471142E-05   2.45362357E-04
    18     2.1544E-05  -9.12854524E+02 +/-   4.94621900E-05   2.45511995E-04
    19     4.6416E-06  -9.12854527E+02 +/-   4.94654347E-05   2.45544207E-04
    20     1.0000E-06  -9.12854528E+02 +/-   4.94661336E-05   2.45551146E-04
    21     0.0000E+00  -9.12854528E+02 +/-   4.94663256E-05   2.45553051E-04
* Iteration # 1: E =  -9.159100557388E+02 +/-   4.328006842944E-04
* Convergence: exiting.
* After optimization:
  -2.1909E+00  -1.8075E+00  -1.8247E+00  -1.7579E+00  -1.8064E+00  -2.3477E+00
   3.6554E-01   3.6904E-01   3.5315E-01   2.6249E-01   2.6707E-01   2.6421E-01
   2.5638E-01   2.5558E-01   2.4469E-01   2.4789E-01   2.4153E-01   2.4001E-01
   2.3140E-01   2.4682E-01   2.5713E-01   2.6412E-01   1.3268E-01   1.3481E-01
   1.3253E-01  -3.0474E-02  -2.4696E-02  -2.3629E-02  -4.3557E-02  -4.6900E-02
  -4.8733E-02  -4.1620E-02  -4.8191E-02  -4.2965E-02   3.4078E-02   4.2712E-02
   3.7471E-02   4.3700E-02   4.2733E-02   4.0638E-02  -1.5085E-02  -1.4050E-01
  -2.3617E-01  -1.3070E-01  -2.5909E-01  -1.4537E-01  -1.3430E-01  -1.2461E-01
  -1.2347E-01  -1.1260E-01  -9.7223E-02  -1.0648E-01  -1.0298E-01  -1.0066E-01
  -1.0097E-01  -1.4172E-01  -1.1729E-01  -1.3821E-01  -1.2661E-01  -6.6027E-02
  -5.9924E-02  -6.7911E-02  -6.2486E-02   7.4048E-03   3.3182E-02   6.7165E-03
   2.7297E-02   7.6860E-03   2.9502E-02   2.9880E-03   3.0948E-02   6.7182E-03
   3.2128E-02  -2.2702E-02  -1.3388E-02  -2.0567E-02  -1.3585E-02  -2.3729E-02
  -1.1113E-02   1.2536E-02   1.4969E-02   1.2500E+00   1.0360E+00   1.0324E+00
   1.0109E+00   1.0275E+00   1.3428E+00   9.1585E-02   9.3897E-02  -9.5278E-03
   6.1206E-03   5.1238E-02   4.4376E-02   4.2416E-02  -8.4061E-02  -9.9574E-02
   2.7040E-03   1.7366E-03   9.1078E-03  -2.8052E-03   2.4319E-02   3.2889E-02
   4.0536E-02   9.4308E-03   2.7603E-03   3.7031E-03  -2.5882E-02   1.9229E-01
   2.0733E-01   7.0342E-02   1.0437E-01   1.3906E-01   1.2989E-01   1.3130E-01
   4.2892E-02   6.8148E-03  -1.1334E-02  -1.3650E-02  -1.3579E-03   2.5779E-03
   2.1476E-02   3.3771E-02   3.9138E-02  -7.7637E-03  -2.0909E-03  -9.4714E-03
  -2.8247E-02   1.5933E-01   1.5953E-01   4.2733E-02   5.2721E-02   1.0769E-01
   1.0251E-01   1.0305E-01  -2.4634E-02  -5.0155E-02   1.8933E-02   1.3726E-02
   7.1965E-03   1.2461E-03   2.3640E-02   3.1146E-02   4.3711E-02   1.6763E-02
   1.4302E-02   1.6133E-02  -2.0416E-02   2.0175E-01   1.9972E-01   9.7444E-02
   1.1623E-01   1.8017E-01   1.7074E-01   1.7320E-01   5.3096E-02   2.0995E-02
   3.6487E-03  -7.4090E-04  -2.8475E-03   1.0471E-03   1.7554E-02   2.6090E-02
   3.8260E-02   3.6389E-03   8.8868E-03   4.1690E-03  -2.1898E-02
  > Energy =  -9.159100557388E+02 +/-   4.328006842944E-04
  > varE =   1.879757861675E-02

VMC #3:
* Size of Hilbert space =   7.3125E+12
* Number of equil. steps   = 1000
* Running VMC equilibration.
  Done. [total walltime: 0.13s]
* Equil. acc.ratio (%)     =   6.0305
* Sample config after equilibration:
  [draw: system geometry not defined]
* Number of accum. steps   = 501760 x 10
* Running VMC accumulation.
    [walltime: 1m elapsed, 1m46s remaining]
  Done. [total walltime: 2m47s]
* Acceptance ratio (%)     =   6.0102
* Etot/t                   =  -9.159108347601E+02 +/-   2.096425759312E-04
  > Ttot/t                 =  -9.547386050139E+01 +/-   1.436013431502E-03
  > Utot/t                 =   4.246781399031E+01 +/-   1.367873109414E-03
* var[Eloc/t]              =   1.857392212383E-02 +/-   6.461274511235E-05
* Correlation length       =   1.187275185687E+00
* Site occupation (ave. no. electrons per config.):
  > Site_  ___eu____  ___ed____
      1        0.493      0.496
      2        0.502      0.503
      3        0.503      0.502
      4        0.503      0.502
      5        0.503      0.506
      6        0.494      0.496
      7        0.501      0.502
      8        0.499      0.504
      9        0.490      0.489
     10        0.496      0.494
     11        0.502      0.503
     12        0.499      0.503
     13        0.503      0.502
     14        0.502      0.502
     15        0.492      0.492
     16        0.496      0.495
     17        0.502      0.502
     18        0.507      0.502
     19        0.503      0.500
     20        0.499      0.501
     21        0.504      0.501
     22        0.503      0.502
     23        0.504      0.500
     24        0.501      0.505
* Pair-correlation analysis (ave. no. pairs per config.):
  > Shell  nsite  ___dh____  __eueu___  __eued___
      0      1        0          0          4.230
      1      0        0.860      0.664      2.542
      2      0        0.426      0.332      1.262
      3      0        0.620      1.115      2.318
      4      0        0.314      0.545      1.150
      5      0        0.518      1.437      2.168
      6      0        0.513      1.446      2.173
      7      0        0.514      1.458      2.173
      8      0        0.477      1.387      2.122
      9      0        0.240      0.701      1.069
     10      0        0.122      1.019      0.989
     11      0        0.242      2.047      1.976
     12      0        0.151      0.940      1.053
     13      0        0.303      1.879      2.106
     14      0        0.279      1.789      2.094
     15      0        0.278      1.810      2.103
     16      0        0.276      1.798      2.110
     17      0        0.260      2.067      1.920
     18      0        0.261      2.066      1.914
     19      0        0.256      2.046      1.902
     20      0        0.064      0.469      0.487
     21      0        0.133      0.952      0.992
     22      0        0.117      1.013      0.965
     23      0        0.230      1.998      1.919
     24      0        0.233      2.069      1.889
     25      0        0.237      2.083      1.902
     26      0        0.239      2.089      1.914
     27      0        0.133      0.990      0.976
     28      0        0.261      1.999      1.978
     29      0        0.250      2.006      1.957
     30      0        0.246      1.990      1.932
     31      0        0.250      2.014      1.963
     32      0        0.263      2.030      1.984
     33      0        0.262      2.039      1.994
     34      0        0.257      2.031      1.992
     35      0        0.264      1.967      2.046
     36      0        0.266      1.973      2.050
     37      0        0.240      1.950      1.982
     38      0        0.244      1.972      2.002
     39      0        0.264      1.962      2.047
     40      0        0.243      1.978      2.013
     41      0        0.238      2.135      1.942
     42      0        0.235      2.152      1.947
     43      0        0.236      2.136      1.936
     44      0        0.239      1.980      2.060
     45      0        0.236      1.965      2.057
     46      0        0.237      1.973      2.062
     47      0        0.124      1.019      1.000
     48      0        0.248      2.025      1.973
     49      0        0.119      0.997      1.014
     50      0        0.241      1.997      2.033
     51      0        0.242      1.993      1.978
     52      0        0.244      1.980      1.967
     53      0        0.244      1.992      1.981
     54      0        0.257      2.027      2.014
     55      0        0.256      2.022      2.009
     56      0        0.236      2.001      2.022
     57      0        0.238      2.027      2.012
     58      0        0.238      2.020      2.000
     59      0        0.255      2.013      2.009
     60      0        0.237      2.027      2.009
     61      0        0.117      1.011      1.019
     62      0        0.279      2.028      1.997
     63      0        0.243      1.957      1.978
     64      0        0.248      1.981      2.001
     65      0        0.248      1.966      1.992
     66      0        0.139      1.013      1.000
     67      0        0.266      1.937      1.987
     68      0        0.268      1.962      2.007
     69      0        0.271      1.956      2.003
     70      0        0.118      1.005      1.008
     71      0        0.256      2.018      2.028
     72      0        0.119      1.010      1.016
     73      0        0.118      1.002      1.007
     74      0        0.257      2.010      2.012
     75      0        0.256      2.009      2.019
     76      0        0.069      0.501      0.508
     77      0        0.139      1.001      1.010
     78      0        0.233      2.027      2.020
     79      0        0.119      1.005      1.003

Optimization #3:
* Method          : lls
* Target function : energy
* No. of configs. : 100352
* No. of params.  : 167
* Before optimization:
  -2.1909E+00  -1.8075E+00  -1.8247E+00  -1.7579E+00  -1.8064E+00  -2.3477E+00
   3.6554E-01   3.6904E-01   3.5315E-01   2.6249E-01   2.6707E-01   2.6421E-01
   2.5638E-01   2.5558E-01   2.4469E-01   2.4789E-01   2.4153E-01   2.4001E-01
   2.3140E-01   2.4682E-01   2.5713E-01   2.6412E-01   1.3268E-01   1.3481E-01
   1.3253E-01  -3.0474E-02  -2.4696E-02  -2.3629E-02  -4.3557E-02  -4.6900E-02
  -4.8733E-02  -4.1620E-02  -4.8191E-02  -4.2965E-02   3.4078E-02   4.2712E-02
   3.7471E-02   4.3700E-02   4.2733E-02   4.0638E-02  -1.5085E-02  -1.4050E-01
  -2.3617E-01  -1.3070E-01  -2.5909E-01  -1.4537E-01  -1.3430E-01  -1.2461E-01
  -1.2347E-01  -1.1260E-01  -9.7223E-02  -1.0648E-01  -1.0298E-01  -1.0066E-01
  -1.0097E-01  -1.4172E-01  -1.1729E-01  -1.3821E-01  -1.2661E-01  -6.6027E-02
  -5.9924E-02  -6.7911E-02  -6.2486E-02   7.4048E-03   3.3182E-02   6.7165E-03
   2.7297E-02   7.6860E-03   2.9502E-02   2.9880E-03   3.0948E-02   6.7182E-03
   3.2128E-02  -2.2702E-02  -1.3388E-02  -2.0567E-02  -1.3585E-02  -2.3729E-02
  -1.1113E-02   1.2536E-02   1.4969E-02   1.2500E+00   1.0360E+00   1.0324E+00
   1.0109E+00   1.0275E+00   1.3428E+00   9.1585E-02   9.3897E-02  -9.5278E-03
   6.1206E-03   5.1238E-02   4.4376E-02   4.2416E-02  -8.4061E-02  -9.9574E-02
   2.7040E-03   1.7366E-03   9.1078E-03  -2.8052E-03   2.4319E-02   3.2889E-02
   4.0536E-02   9.4308E-03   2.7603E-03   3.7031E-03  -2.5882E-02   1.9229E-01
   2.0733E-01   7.0342E-02   1.0437E-01   1.3906E-01   1.2989E-01   1.3130E-01
   4.2892E-02   6.8148E-03  -1.1334E-02  -1.3650E-02  -1.3579E-03   2.5779E-03
   2.1476E-02   3.3771E-02   3.9138E-02  -7.7637E-03  -2.0909E-03  -9.4714E-03
  -2.8247E-02   1.5933E-01   1.5953E-01   4.2733E-02   5.2721E-02   1.0769E-01
   1.0251E-01   1.0305E-01  -2.4634E-02  -5.0155E-02   1.8933E-02   1.3726E-02
   7.1965E-03   1.2461E-03   2.3640E-02   3.1146E-02   4.3711E-02   1.6763E-02
   1.4302E-02   1.6133E-02  -2.0416E-02   2.0175E-01   1.9972E-01   9.7444E-02
   1.1623E-01   1.8017E-01   1.7074E-01   1.7320E-01   5.3096E-02   2.0995E-02
   3.6487E-03  -7.4090E-04  -2.8475E-03   1.0471E-03   1.7554E-02   2.6090E-02
   3.8260E-02   3.6389E-03   8.8868E-03   4.1690E-03  -2.1898E-02
  > E    =  -9.159106978173E+02 +/-   4.293695177247E-04
  > varE =   1.850071235545E-02
* Computing derivatives.
    [walltime: 2m44s elapsed, 1h26m remaining]
    [walltime: 1h elapsed, 28m13s remaining]
  Done. [total walltime: 1h29m]
* Optimizing manipulation constant:
  #igrid a___________ E____________________________________ varE____________
     1     Infinity    -9.15910698E+02 +/-   4.29369518E-04   1.85007124E-02
     2     1.0000E+06  -9.15910698E+02 +/-   4.29369452E-04   1.85007066E-02
     3     2.1544E+05  -9.15910698E+02 +/-   4.29370356E-04   1.85007846E-02
     4     4.6416E+04  -9.15910695E+02 +/-   4.29398028E-04   1.85031693E-02
     5     1.0000E+04  -9.15910643E+02 +/-   4.30027483E-04   1.85574568E-02
     6     2.1544E+03  -9.15909422E+02 +/-   4.44078784E-04   1.97900131E-02
     7     4.6416E+02  -9.15851484E+02 +/-   8.50712059E-04   7.26258470E-02
     8     1.0000E+02  -9.13699597E+02 +/-   3.73433489E-03   1.39943444E+00
     9     2.1544E+01  -9.12839521E+02 +/-   4.01183752E-03   1.61514941E+00
    10     4.6416E+00  -9.12839494E+02 +/-   4.01396455E-03   1.61686254E+00
    11     1.0000E+00  -9.12839632E+02 +/-   4.04038639E-03   1.63821852E+00
    12     2.1544E-01  -9.12846440E+02 +/-   4.06854591E-03   1.66113326E+00
    13     4.6416E-02  -9.12845585E+02 +/-   4.04498127E-03   1.64194673E+00
    14     1.0000E-02  -9.12845670E+02 +/-   4.03259474E-03   1.63190619E+00
    15     2.1544E-03  -9.12845711E+02 +/-   4.02938023E-03   1.62930554E+00
    16     4.6416E-04  -9.12845721E+02 +/-   4.02865830E-03   1.62872176E+00
    17     1.0000E-04  -9.12845723E+02 +/-   4.02850135E-03   1.62859486E+00
    18     2.1544E-05  -9.12845724E+02 +/-   4.02846747E-03   1.62856747E+00
    19     4.6416E-06  -9.12845724E+02 +/-   4.02846017E-03   1.62856156E+00
    20     1.0000E-06  -9.12845724E+02 +/-   4.02845860E-03   1.62856029E+00
    21     0.0000E+00  -9.12845724E+02 +/-   4.02845817E-03   1.62855994E+00
* Iteration # 1: E =  -9.159106978237E+02 +/-   4.293694515156E-04
* Convergence: exiting.
* After optimization:
  -2.1913E+00  -1.8079E+00  -1.8252E+00  -1.7584E+00  -1.8068E+00  -2.3481E+00
   3.6554E-01   3.6904E-01   3.5315E-01   2.6249E-01   2.6707E-01   2.6421E-01
   2.5638E-01   2.5558E-01   2.4469E-01   2.4789E-01   2.4153E-01   2.4001E-01
   2.3140E-01   2.4682E-01   2.5713E-01   2.6412E-01   1.3268E-01   1.3481E-01
   1.3253E-01  -3.0474E-02  -2.4696E-02  -2.3629E-02  -4.3557E-02  -4.6900E-02
  -4.8733E-02  -4.1620E-02  -4.8191E-02  -4.2965E-02   3.4078E-02   4.2712E-02
   3.7471E-02   4.3700E-02   4.2733E-02   4.0638E-02  -1.5085E-02  -1.4050E-01
  -2.3617E-01  -1.3070E-01  -2.5909E-01  -1.4537E-01  -1.3430E-01  -1.2461E-01
  -1.2347E-01  -1.1260E-01  -9.7223E-02  -1.0648E-01  -1.0298E-01  -1.0066E-01
  -1.0097E-01  -1.4172E-01  -1.1729E-01  -1.3821E-01  -1.2661E-01  -6.6027E-02
  -5.9924E-02  -6.7911E-02  -6.2486E-02   7.4048E-03   3.3182E-02   6.7165E-03
   2.7297E-02   7.6860E-03   2.9502E-02   2.9881E-03   3.0948E-02   6.7182E-03
   3.2128E-02  -2.2702E-02  -1.3388E-02  -2.0567E-02  -1.3585E-02  -2.3729E-02
  -1.1113E-02   1.2536E-02   1.4969E-02   1.2502E+00   1.0362E+00   1.0326E+00
   1.0112E+00   1.0278E+00   1.3431E+00   9.1605E-02   9.3917E-02  -9.5299E-03
   6.1219E-03   5.1248E-02   4.4386E-02   4.2425E-02  -8.4079E-02  -9.9596E-02
   2.7045E-03   1.7370E-03   9.1097E-03  -2.8058E-03   2.4325E-02   3.2896E-02
   4.0545E-02   9.4328E-03   2.7609E-03   3.7039E-03  -2.5888E-02   1.9233E-01
   2.0737E-01   7.0357E-02   1.0439E-01   1.3909E-01   1.2992E-01   1.3133E-01
   4.2901E-02   6.8162E-03  -1.1336E-02  -1.3653E-02  -1.3582E-03   2.5785E-03
   2.1481E-02   3.3778E-02   3.9146E-02  -7.7654E-03  -2.0914E-03  -9.4734E-03
  -2.8253E-02   1.5933E-01   1.5953E-01   4.2733E-02   5.2721E-02   1.0769E-01
   1.0251E-01   1.0305E-01  -2.4634E-02  -5.0155E-02   1.8933E-02   1.3726E-02
   7.1964E-03   1.2461E-03   2.3640E-02   3.1146E-02   4.3711E-02   1.6763E-02
   1.4302E-02   1.6133E-02  -2.0416E-02   2.0175E-01   1.9972E-01   9.7444E-02
   1.1623E-01   1.8017E-01   1.7074E-01   1.7320E-01   5.3096E-02   2.0995E-02
   3.6487E-03  -7.4090E-04  -2.8475E-03   1.0471E-03   1.7554E-02   2.6090E-02
   3.8260E-02   3.6389E-03   8.8868E-03   4.1690E-03  -2.1898E-02
  > Energy =  -9.159106978237E+02 +/-   4.293694515156E-04
  > varE =   1.850070664979E-02

VMC #4:
* Size of Hilbert space =   7.3125E+12
* Number of equil. steps   = 1000
* Running VMC equilibration.
  Done. [total walltime: 0.13s]
* Equil. acc.ratio (%)     =   6.0446
* Sample config after equilibration:
  [draw: system geometry not defined]
* Number of accum. steps   = 501760 x 10
* Running VMC accumulation.
    [walltime: 1m elapsed, 1m46s remaining]
  Done. [total walltime: 2m46s]
* Acceptance ratio (%)     =   6.0061
* Etot/t                   =  -9.159109917411E+02 +/-   2.097057988161E-04
  > Ttot/t                 =  -9.547055593758E+01 +/-   1.443525428003E-03
  > Utot/t                 =   4.246435244554E+01 +/-   1.380783796046E-03
* var[Eloc/t]              =   1.862975623781E-02 +/-   6.412367627113E-05
* Correlation length       =   1.184430940787E+00
* Site occupation (ave. no. electrons per config.):
  > Site_  ___eu____  ___ed____
      1        0.495      0.494
      2        0.502      0.504
      3        0.503      0.501
      4        0.503      0.504
      5        0.503      0.504
      6        0.495      0.495
      7        0.501      0.499
      8        0.500      0.505
      9        0.491      0.490
     10        0.495      0.494
     11        0.501      0.502
     12        0.502      0.503
     13        0.501      0.497
     14        0.500      0.501
     15        0.491      0.491
     16        0.495      0.493
     17        0.501      0.502
     18        0.506      0.504
     19        0.500      0.502
     20        0.501      0.505
     21        0.503      0.503
     22        0.500      0.503
     23        0.504      0.500
     24        0.505      0.502
* Pair-correlation analysis (ave. no. pairs per config.):
  > Shell  nsite  ___dh____  __eueu___  __eued___
      0      1        0          0          4.231
      1      0        0.860      0.661      2.540
      2      0        0.430      0.329      1.262
      3      0        0.623      1.110      2.315
      4      0        0.321      0.544      1.149
      5      0        0.518      1.436      2.170
      6      0        0.519      1.452      2.167
      7      0        0.510      1.459      2.179
      8      0        0.477      1.389      2.122
      9      0        0.239      0.699      1.070
     10      0        0.120      1.017      0.986
     11      0        0.247      2.048      1.972
     12      0        0.152      0.937      1.055
     13      0        0.307      1.884      2.108
     14      0        0.278      1.797      2.094
     15      0        0.277      1.805      2.098
     16      0        0.278      1.797      2.104
     17      0        0.259      2.073      1.925
     18      0        0.260      2.068      1.912
     19      0        0.258      2.048      1.907
     20      0        0.064      0.470      0.489
     21      0        0.132      0.952      0.988
     22      0        0.115      1.008      0.967
     23      0        0.230      1.998      1.921
     24      0        0.230      2.068      1.894
     25      0        0.236      2.081      1.903
     26      0        0.239      2.087      1.912
     27      0        0.132      0.995      0.980
     28      0        0.260      1.996      1.978
     29      0        0.247      2.005      1.951
     30      0        0.247      1.987      1.941
     31      0        0.249      2.013      1.961
     32      0        0.263      2.033      1.993
     33      0        0.259      2.041      1.996
     34      0        0.258      2.034      1.985
     35      0        0.263      1.965      2.042
     36      0        0.266      1.969      2.056
     37      0        0.243      1.956      1.981
     38      0        0.242      1.968      1.999
     39      0        0.268      1.968      2.048
     40      0        0.243      1.974      2.012
     41      0        0.235      2.135      1.938
     42      0        0.236      2.153      1.957
     43      0        0.235      2.141      1.935
     44      0        0.236      1.978      2.062
     45      0        0.238      1.963      2.055
     46      0        0.240      1.974      2.063
     47      0        0.125      1.020      0.996
     48      0        0.249      2.021      1.973
     49      0        0.121      0.996      1.008
     50      0        0.241      1.996      2.033
     51      0        0.246      1.984      1.975
     52      0        0.243      1.989      1.966
     53      0        0.245      1.985      1.976
     54      0        0.255      2.029      2.016
     55      0        0.257      2.024      2.013
     56      0        0.238      1.997      2.019
     57      0        0.237      2.022      2.016
     58      0        0.238      2.018      1.998
     59      0        0.257      2.016      2.005
     60      0        0.237      2.030      2.008
     61      0        0.117      1.013      1.018
     62      0        0.280      2.037      2.003
     63      0        0.244      1.953      1.979
     64      0        0.246      1.979      2.000
     65      0        0.245      1.972      1.990
     66      0        0.138      1.015      0.999
     67      0        0.270      1.937      1.988
     68      0        0.271      1.961      2.009
     69      0        0.269      1.959      2.000
     70      0        0.117      1.003      1.008
     71      0        0.259      2.021      2.033
     72      0        0.118      1.012      1.017
     73      0        0.118      1.001      1.009
     74      0        0.255      2.006      2.019
     75      0        0.254      2.006      2.018
     76      0        0.071      0.502      0.509
     77      0        0.139      1.001      1.012
     78      0        0.236      2.022      2.016
     79      0        0.121      1.008      0.999

Optimization #4:
* Method          : lls
* Target function : energy
* No. of configs. : 100352
* No. of params.  : 167
* Before optimization:
  -2.1913E+00  -1.8079E+00  -1.8252E+00  -1.7584E+00  -1.8068E+00  -2.3481E+00
   3.6554E-01   3.6904E-01   3.5315E-01   2.6249E-01   2.6707E-01   2.6421E-01
   2.5638E-01   2.5558E-01   2.4469E-01   2.4789E-01   2.4153E-01   2.4001E-01
   2.3140E-01   2.4682E-01   2.5713E-01   2.6412E-01   1.3268E-01   1.3481E-01
   1.3253E-01  -3.0474E-02  -2.4696E-02  -2.3629E-02  -4.3557E-02  -4.6900E-02
  -4.8733E-02  -4.1620E-02  -4.8191E-02  -4.2965E-02   3.4078E-02   4.2712E-02
   3.7471E-02   4.3700E-02   4.2733E-02   4.0638E-02  -1.5085E-02  -1.4050E-01
  -2.3617E-01  -1.3070E-01  -2.5909E-01  -1.4537E-01  -1.3430E-01  -1.2461E-01
  -1.2347E-01  -1.1260E-01  -9.7223E-02  -1.0648E-01  -1.0298E-01  -1.0066E-01
  -1.0097E-01  -1.4172E-01  -1.1729E-01  -1.3821E-01  -1.2661E-01  -6.6027E-02
  -5.9924E-02  -6.7911E-02  -6.2486E-02   7.4048E-03   3.3182E-02   6.7165E-03
   2.7297E-02   7.6860E-03   2.9502E-02   2.9881E-03   3.0948E-02   6.7182E-03
   3.2128E-02  -2.2702E-02  -1.3388E-02  -2.0567E-02  -1.3585E-02  -2.3729E-02
  -1.1113E-02   1.2536E-02   1.4969E-02   1.2502E+00   1.0362E+00   1.0326E+00
   1.0112E+00   1.0278E+00   1.3431E+00   9.1605E-02   9.3917E-02  -9.5299E-03
   6.1219E-03   5.1248E-02   4.4386E-02   4.2425E-02  -8.4079E-02  -9.9596E-02
   2.7045E-03   1.7370E-03   9.1097E-03  -2.8058E-03   2.4325E-02   3.2896E-02
   4.0545E-02   9.4328E-03   2.7609E-03   3.7039E-03  -2.5888E-02   1.9233E-01
   2.0737E-01   7.0357E-02   1.0439E-01   1.3909E-01   1.2992E-01   1.3133E-01
   4.2901E-02   6.8162E-03  -1.1336E-02  -1.3653E-02  -1.3582E-03   2.5785E-03
   2.1481E-02   3.3778E-02   3.9146E-02  -7.7654E-03  -2.0914E-03  -9.4734E-03
  -2.8253E-02   1.5933E-01   1.5953E-01   4.2733E-02   5.2721E-02   1.0769E-01
   1.0251E-01   1.0305E-01  -2.4634E-02  -5.0155E-02   1.8933E-02   1.3726E-02
   7.1964E-03   1.2461E-03   2.3640E-02   3.1146E-02   4.3711E-02   1.6763E-02
   1.4302E-02   1.6133E-02  -2.0416E-02   2.0175E-01   1.9972E-01   9.7444E-02
   1.1623E-01   1.8017E-01   1.7074E-01   1.7320E-01   5.3096E-02   2.0995E-02
   3.6487E-03  -7.4090E-04  -2.8475E-03   1.0471E-03   1.7554E-02   2.6090E-02
   3.8260E-02   3.6389E-03   8.8868E-03   4.1690E-03  -2.1898E-02
  > E    =  -9.159110003255E+02 +/-   4.304607477156E-04
  > varE =   1.859486988466E-02
* Computing derivatives.
    [walltime: 2m45s elapsed, 1h27m remaining]
    [walltime: 1h1m elapsed, 28m14s remaining]
  Done. [total walltime: 1h29m]
* Optimizing manipulation constant:
  #igrid a___________ E____________________________________ varE____________
     1     Infinity    -9.15911000E+02 +/-   4.30460748E-04   1.85948699E-02
     2     1.0000E+06  -9.15911000E+02 +/-   4.30460606E-04   1.85948577E-02
     3     2.1544E+05  -9.15911000E+02 +/-   4.30460091E-04   1.85948132E-02
     4     4.6416E+04  -9.15911001E+02 +/-   4.30457707E-04   1.85946072E-02
     5     1.0000E+04  -9.15911002E+02 +/-   4.30446782E-04   1.85936633E-02
     6     2.1544E+03  -9.15911006E+02 +/-   4.30399111E-04   1.85895452E-02
     7     4.6416E+02  -9.15911020E+02 +/-   4.30247178E-04   1.85764231E-02
     8     1.0000E+02  -9.15910924E+02 +/-   4.31540369E-04   1.86882610E-02
     9     2.1544E+01  -9.15842517E+02 +/-   8.96521825E-04   8.06580588E-02
    10     4.6416E+00  -9.15793265E+02 +/-   1.10859059E-03   1.23329909E-01
    11     1.0000E+00  -9.15858750E+02 +/-   8.12778079E-04   6.62933546E-02
    12     2.1544E-01  -9.15844435E+02 +/-   8.86387003E-04   7.88447519E-02
    13     4.6416E-02  -9.15833188E+02 +/-   9.39864753E-04   8.86455132E-02
    14     1.0000E-02  -9.15829465E+02 +/-   9.56805752E-04   9.18699727E-02
    15     2.1544E-03  -9.15828561E+02 +/-   9.60863334E-04   9.26508216E-02
    16     4.6416E-04  -9.15828361E+02 +/-   9.61759261E-04   9.28236808E-02
    17     1.0000E-04  -9.15828318E+02 +/-   9.61953325E-04   9.28611446E-02
    18     2.1544E-05  -9.15828309E+02 +/-   9.61995184E-04   9.28692264E-02
    19     4.6416E-06  -9.15828307E+02 +/-   9.62004204E-04   9.28709680E-02
    20     1.0000E-06  -9.15828306E+02 +/-   9.62006148E-04   9.28713432E-02
    21     0.0000E+00  -9.15828306E+02 +/-   9.62006681E-04   9.28714463E-02
  ParMin   8.2062E+02  -9.15911013E+02 +/-   4.30316778E-04   1.85824337E-02
  # Using grid point #7
* Iteration # 1: E =  -9.159110201734E+02 +/-   4.302471781754E-04
* Diminishing returns: exiting.
* After optimization:
  -2.1757E+00  -1.7921E+00  -1.8092E+00  -1.7420E+00  -1.7906E+00  -2.3321E+00
   3.6545E-01   3.6895E-01   3.5308E-01   2.6244E-01   2.6701E-01   2.6417E-01
   2.5635E-01   2.5561E-01   2.4472E-01   2.4793E-01   2.4157E-01   2.4008E-01
   2.3146E-01   2.4680E-01   2.5710E-01   2.6408E-01   1.3270E-01   1.3483E-01
   1.3255E-01  -3.0473E-02  -2.4709E-02  -2.3643E-02  -4.3585E-02  -4.6922E-02
  -4.8747E-02  -4.1656E-02  -4.8203E-02  -4.2996E-02   3.4084E-02   4.2713E-02
   3.7465E-02   4.3703E-02   4.2730E-02   4.0622E-02  -1.5123E-02  -1.4049E-01
  -2.3615E-01  -1.3069E-01  -2.5904E-01  -1.4528E-01  -1.3425E-01  -1.2458E-01
  -1.2347E-01  -1.1263E-01  -9.7239E-02  -1.0652E-01  -1.0299E-01  -1.0070E-01
  -1.0099E-01  -1.4174E-01  -1.1732E-01  -1.3822E-01  -1.2662E-01  -6.6046E-02
  -5.9941E-02  -6.7925E-02  -6.2500E-02   7.4125E-03   3.3168E-02   6.7270E-03
   2.7296E-02   7.7027E-03   2.9507E-02   3.0167E-03   3.0958E-02   6.7332E-03
   3.2134E-02  -2.2682E-02  -1.3382E-02  -2.0560E-02  -1.3590E-02  -2.3713E-02
  -1.1113E-02   1.2514E-02   1.4947E-02   1.2404E+00   1.0279E+00   1.0243E+00
   1.0028E+00   1.0194E+00   1.3324E+00   9.0712E-02   9.3024E-02  -9.5702E-03
   5.9567E-03   5.0756E-02   4.3954E-02   4.2014E-02  -8.3565E-02  -9.8967E-02
   2.6819E-03   1.7209E-03   9.0232E-03  -2.7776E-03   2.4133E-02   3.2636E-02
   4.0221E-02   9.3387E-03   2.7362E-03   3.6785E-03  -2.5662E-02   1.9068E-01
   2.0561E-01   6.9793E-02   1.0352E-01   1.3794E-01   1.2884E-01   1.3022E-01
   4.2540E-02   6.7531E-03  -1.1243E-02  -1.3539E-02  -1.3432E-03   2.5525E-03
   2.1314E-02   3.3504E-02   3.8834E-02  -7.7051E-03  -2.0842E-03  -9.3917E-03
  -2.8021E-02   1.5925E-01   1.5947E-01   4.2693E-02   5.2689E-02   1.0765E-01
   1.0248E-01   1.0302E-01  -2.4653E-02  -5.0159E-02   1.8925E-02   1.3728E-02
   7.1902E-03   1.2454E-03   2.3652E-02   3.1153E-02   4.3708E-02   1.6754E-02
   1.4299E-02   1.6130E-02  -2.0399E-02   2.0169E-01   1.9968E-01   9.7440E-02
   1.1621E-01   1.8014E-01   1.7071E-01   1.7317E-01   5.3099E-02   2.1020E-02
   3.6464E-03  -7.3982E-04  -2.8506E-03   1.0366E-03   1.7565E-02   2.6095E-02
   3.8253E-02   3.6378E-03   8.8768E-03   4.1658E-03  -2.1885E-02
  > Energy =  -9.159110201734E+02 +/-   4.302471781754E-04
  > varE =   1.857642308007E-02

VMC #5:
* Size of Hilbert space =   7.3125E+12
* Number of equil. steps   = 1000
* Running VMC equilibration.
  Done. [total walltime: 0.13s]
* Equil. acc.ratio (%)     =   6.0851
* Sample config after equilibration:
  [draw: system geometry not defined]
* Number of accum. steps   = 501760 x 10
* Running VMC accumulation.
    [walltime: 1m elapsed, 1m46s remaining]
  Done. [total walltime: 2m46s]
* Acceptance ratio (%)     =   6.0516
* Etot/t                   =  -9.159103253886E+02 +/-   2.114786605455E-04
  > Ttot/t                 =  -9.547073061939E+01 +/-   1.440514114213E-03
  > Utot/t                 =   4.246519347981E+01 +/-   1.376052632205E-03
* var[Eloc/t]              =   1.855885606967E-02 +/-   4.978022693459E-05
* Correlation length       =   1.209143749098E+00
* Site occupation (ave. no. electrons per config.):
  > Site_  ___eu____  ___ed____
      1        0.495      0.495
      2        0.505      0.503
      3        0.500      0.500
      4        0.506      0.503
      5        0.504      0.503
      6        0.496      0.496
      7        0.503      0.499
      8        0.500      0.503
      9        0.488      0.490
     10        0.498      0.495
     11        0.501      0.500
     12        0.502      0.499
     13        0.502      0.502
     14        0.500      0.502
     15        0.489      0.490
     16        0.496      0.495
     17        0.500      0.501
     18        0.506      0.503
     19        0.500      0.503
     20        0.500      0.505
     21        0.505      0.505
     22        0.499      0.502
     23        0.501      0.502
     24        0.505      0.502
* Pair-correlation analysis (ave. no. pairs per config.):
  > Shell  nsite  ___dh____  __eueu___  __eued___
      0      1        0          0          4.222
      1      0        0.860      0.663      2.540
      2      0        0.426      0.331      1.266
      3      0        0.621      1.112      2.316
      4      0        0.314      0.544      1.154
      5      0        0.516      1.431      2.169
      6      0        0.515      1.454      2.172
      7      0        0.514      1.459      2.170
      8      0        0.476      1.382      2.126
      9      0        0.241      0.704      1.072
     10      0        0.122      1.017      0.982
     11      0        0.244      2.053      1.975
     12      0        0.153      0.931      1.051
     13      0        0.305      1.879      2.113
     14      0        0.279      1.789      2.089
     15      0        0.276      1.803      2.105
     16      0        0.278      1.797      2.112
     17      0        0.260      2.084      1.927
     18      0        0.259      2.069      1.916
     19      0        0.258      2.040      1.890
     20      0        0.064      0.466      0.486
     21      0        0.134      0.956      0.991
     22      0        0.115      1.011      0.972
     23      0        0.228      1.999      1.919
     24      0        0.230      2.062      1.883
     25      0        0.234      2.091      1.906
     26      0        0.237      2.094      1.919
     27      0        0.131      0.994      0.979
     28      0        0.260      1.999      1.978
     29      0        0.246      2.012      1.953
     30      0        0.243      1.986      1.932
     31      0        0.250      2.020      1.964
     32      0        0.259      2.042      1.994
     33      0        0.259      2.039      1.993
     34      0        0.259      2.026      1.980
     35      0        0.264      1.960      2.037
     36      0        0.263      1.971      2.054
     37      0        0.239      1.946      1.978
     38      0        0.240      1.971      2.003
     39      0        0.266      1.971      2.054
     40      0        0.244      1.978      2.018
     41      0        0.238      2.125      1.933
     42      0        0.236      2.159      1.960
     43      0        0.232      2.141      1.932
     44      0        0.239      1.975      2.062
     45      0        0.235      1.960      2.057
     46      0        0.238      1.975      2.065
     47      0        0.125      1.021      0.999
     48      0        0.248      2.021      1.972
     49      0        0.119      0.994      1.010
     50      0        0.242      1.997      2.036
     51      0        0.243      1.987      1.985
     52      0        0.241      1.983      1.963
     53      0        0.244      1.992      1.978
     54      0        0.256      2.029      2.013
     55      0        0.255      2.027      2.013
     56      0        0.238      1.999      2.017
     57      0        0.238      2.027      2.010
     58      0        0.237      2.017      1.999
     59      0        0.254      2.014      2.003
     60      0        0.237      2.030      2.012
     61      0        0.119      1.010      1.021
     62      0        0.278      2.035      2.003
     63      0        0.242      1.943      1.971
     64      0        0.247      1.984      2.006
     65      0        0.243      1.978      1.995
     66      0        0.140      1.008      0.994
     67      0        0.267      1.930      1.977
     68      0        0.270      1.967      2.017
     69      0        0.268      1.961      1.999
     70      0        0.118      1.000      1.005
     71      0        0.258      2.024      2.041
     72      0        0.119      1.014      1.017
     73      0        0.118      1.004      1.004
     74      0        0.254      2.003      2.016
     75      0        0.257      1.998      2.012
     76      0        0.070      0.505      0.510
     77      0        0.140      0.995      1.007
     78      0        0.236      2.023      2.018
     79      0        0.115      1.007      1.007

Optimization #5:
* Method          : lls
* Target function : energy
* No. of configs. : 100352
* No. of params.  : 167
* Before optimization:
  -2.1757E+00  -1.7921E+00  -1.8092E+00  -1.7420E+00  -1.7906E+00  -2.3321E+00
   3.6545E-01   3.6895E-01   3.5308E-01   2.6244E-01   2.6701E-01   2.6417E-01
   2.5635E-01   2.5561E-01   2.4472E-01   2.4793E-01   2.4157E-01   2.4008E-01
   2.3146E-01   2.4680E-01   2.5710E-01   2.6408E-01   1.3270E-01   1.3483E-01
   1.3255E-01  -3.0473E-02  -2.4709E-02  -2.3643E-02  -4.3585E-02  -4.6922E-02
  -4.8747E-02  -4.1656E-02  -4.8203E-02  -4.2996E-02   3.4084E-02   4.2713E-02
   3.7465E-02   4.3703E-02   4.2730E-02   4.0622E-02  -1.5123E-02  -1.4049E-01
  -2.3615E-01  -1.3069E-01  -2.5904E-01  -1.4528E-01  -1.3425E-01  -1.2458E-01
  -1.2347E-01  -1.1263E-01  -9.7239E-02  -1.0652E-01  -1.0299E-01  -1.0070E-01
  -1.0099E-01  -1.4174E-01  -1.1732E-01  -1.3822E-01  -1.2662E-01  -6.6046E-02
  -5.9941E-02  -6.7925E-02  -6.2500E-02   7.4125E-03   3.3168E-02   6.7270E-03
   2.7296E-02   7.7027E-03   2.9507E-02   3.0167E-03   3.0958E-02   6.7332E-03
   3.2134E-02  -2.2682E-02  -1.3382E-02  -2.0560E-02  -1.3590E-02  -2.3713E-02
  -1.1113E-02   1.2514E-02   1.4947E-02   1.2404E+00   1.0279E+00   1.0243E+00
   1.0028E+00   1.0194E+00   1.3324E+00   9.0712E-02   9.3024E-02  -9.5702E-03
   5.9567E-03   5.0756E-02   4.3954E-02   4.2014E-02  -8.3565E-02  -9.8967E-02
   2.6819E-03   1.7209E-03   9.0232E-03  -2.7776E-03   2.4133E-02   3.2636E-02
   4.0221E-02   9.3387E-03   2.7362E-03   3.6785E-03  -2.5662E-02   1.9068E-01
   2.0561E-01   6.9793E-02   1.0352E-01   1.3794E-01   1.2884E-01   1.3022E-01
   4.2540E-02   6.7531E-03  -1.1243E-02  -1.3539E-02  -1.3432E-03   2.5525E-03
   2.1314E-02   3.3504E-02   3.8834E-02  -7.7051E-03  -2.0842E-03  -9.3917E-03
  -2.8021E-02   1.5925E-01   1.5947E-01   4.2693E-02   5.2689E-02   1.0765E-01
   1.0248E-01   1.0302E-01  -2.4653E-02  -5.0159E-02   1.8925E-02   1.3728E-02
   7.1902E-03   1.2454E-03   2.3652E-02   3.1153E-02   4.3708E-02   1.6754E-02
   1.4299E-02   1.6130E-02  -2.0399E-02   2.0169E-01   1.9968E-01   9.7440E-02
   1.1621E-01   1.8014E-01   1.7071E-01   1.7317E-01   5.3099E-02   2.1020E-02
   3.6464E-03  -7.3982E-04  -2.8506E-03   1.0366E-03   1.7565E-02   2.6095E-02
   3.8253E-02   3.6378E-03   8.8768E-03   4.1658E-03  -2.1885E-02
  > E    =  -9.159103412874E+02 +/-   4.305880081388E-04
  > varE =   1.860586619883E-02
* Computing derivatives.
    [walltime: 2m44s elapsed, 1h26m remaining]
    [walltime: 1h1m elapsed, 28m14s remaining]
  Done. [total walltime: 1h29m]
* Optimizing manipulation constant:
  #igrid a___________ E____________________________________ varE____________
     1     Infinity    -9.15910341E+02 +/-   4.30588008E-04   1.86058662E-02
     2     1.0000E+06  -9.15910341E+02 +/-   4.30587867E-04   1.86058540E-02
     3     2.1544E+05  -9.15910341E+02 +/-   4.30587355E-04   1.86058098E-02
     4     4.6416E+04  -9.15910342E+02 +/-   4.30584978E-04   1.86056043E-02
     5     1.0000E+04  -9.15910343E+02 +/-   4.30573968E-04   1.86046528E-02
     6     2.1544E+03  -9.15910347E+02 +/-   4.30523372E-04   1.86002807E-02
     7     4.6416E+02  -9.15910368E+02 +/-   4.30299595E-04   1.85809497E-02
     8     1.0000E+02  -9.15910442E+02 +/-   4.29512254E-04   1.85130149E-02
     9     2.1544E+01  -9.15910135E+02 +/-   4.33360983E-04   1.88462804E-02
    10     4.6416E+00  -9.12845747E+02 +/-   3.91457016E-03   1.53777995E+00
    11     1.0000E+00  -9.15905335E+02 +/-   4.81300132E-04   2.32465224E-02
    12     2.1544E-01  -9.15916481E+02 +/-   3.70147176E-04   1.37491203E-02
    13     4.6416E-02  -9.15916801E+02 +/-   3.67524575E-04   1.35549775E-02
    14     1.0000E-02  -9.15916773E+02 +/-   3.68033768E-04   1.35925635E-02
    15     2.1544E-03  -9.15916760E+02 +/-   3.68201831E-04   1.36049804E-02
    16     4.6416E-04  -9.15916758E+02 +/-   3.68240955E-04   1.36078718E-02
    17     1.0000E-04  -9.15916757E+02 +/-   3.68249522E-04   1.36085049E-02
    18     2.1544E-05  -9.15916757E+02 +/-   3.68251374E-04   1.36086418E-02
    19     4.6416E-06  -9.15916757E+02 +/-   3.68251773E-04   1.36086714E-02
    20     1.0000E-06  -9.15916757E+02 +/-   3.68251859E-04   1.36086777E-02
    21     0.0000E+00  -9.15916757E+02 +/-   3.68251883E-04   1.36086795E-02
  ParMin   2.4539E-02  -9.15916789E+02 +/-   3.67778765E-04   1.35737340E-02
  # Using grid point #13
* Iteration # 1: E =  -9.159168013622E+02 +/-   3.675245749942E-04
* Computing derivatives.
    [walltime: 2m44s elapsed, 1h26m remaining]
    [walltime: 1h1m elapsed, 28m14s remaining]
  Done. [total walltime: 1h29m]
* Optimizing manipulation constant:
  #igrid a___________ E____________________________________ varE____________
     1     Infinity    -9.15916801E+02 +/-   3.67524575E-04   1.35549775E-02
     2     1.0000E+06  -9.15916801E+02 +/-   3.67524567E-04   1.35549769E-02
     3     2.1544E+05  -9.15916801E+02 +/-   3.67524548E-04   1.35549755E-02
     4     4.6416E+04  -9.15916801E+02 +/-   3.67524684E-04   1.35549855E-02
     5     1.0000E+04  -9.15916802E+02 +/-   3.67533164E-04   1.35556111E-02
     6     2.1544E+03  -9.15916677E+02 +/-   3.69293579E-04   1.36857797E-02
     7     4.6416E+02  -9.15809767E+02 +/-   1.02161832E-03   1.04737783E-01
     8     1.0000E+02  -9.10624115E+02 +/-   3.20537270E-03   1.03105801E+00
     9     2.1544E+01  -9.10517370E+02 +/-   0.00000000E+00  -1.00000000E+00
    10     4.6416E+00  -9.10505456E+02 +/-   0.00000000E+00  -1.00000000E+00
    11     1.0000E+00  -9.12841598E+02 +/-   1.89334880E-03   3.59738806E-01
    12     2.1544E-01  -9.12841432E+02 +/-   3.80483435E-03   1.45277226E+00
    13     4.6416E-02  -9.12841676E+02 +/-   3.79463276E-03   1.44499231E+00
    14     1.0000E-02  -9.12841784E+02 +/-   3.79167499E-03   1.44274056E+00
    15     2.1544E-03  -9.12841812E+02 +/-   3.79099702E-03   1.44222467E+00
    16     4.6416E-04  -9.12841818E+02 +/-   3.79084902E-03   1.44211206E+00
    17     1.0000E-04  -9.12841819E+02 +/-   3.79081704E-03   1.44208773E+00
    18     2.1544E-05  -9.12841819E+02 +/-   3.79081015E-03   1.44208248E+00
    19     4.6416E-06  -9.12841819E+02 +/-   3.79080866E-03   1.44208135E+00
    20     1.0000E-06  -9.12841819E+02 +/-   3.79080834E-03   1.44208111E+00
    21     0.0000E+00  -9.12841819E+02 +/-   3.79080825E-03   1.44208104E+00
  ParMin   2.1443E+04  -9.15916802E+02 +/-   3.67525675E-04   1.35550586E-02
  # Using grid point #5
* Iteration # 2: E =  -9.159168018448E+02 +/-   3.675331642265E-04
* Convergence: exiting.
* After optimization:
  -1.9519E+00  -1.6301E+00  -1.7189E+00  -1.4565E+00  -1.5312E+00  -2.0911E+00
   3.0861E-01   3.1176E-01   3.2420E-01   2.4471E-01   2.5537E-01   2.4830E-01
   2.5118E-01   2.8021E-01   2.6217E-01   2.7776E-01   2.6865E-01   2.8344E-01
   2.6426E-01   2.5066E-01   2.5938E-01   2.6045E-01   1.5289E-01   1.5176E-01
   1.5282E-01  -3.4500E-02  -3.0396E-02  -2.9461E-02  -5.4494E-02  -5.7985E-02
  -5.4937E-02  -5.5724E-02  -5.7808E-02  -5.7502E-02   3.8854E-02   4.2441E-02
   3.6301E-02   4.5017E-02   4.4100E-02   3.7764E-02  -2.7068E-02  -1.3138E-01
  -2.2684E-01  -1.1528E-01  -2.3684E-01  -1.1130E-01  -1.2901E-01  -1.2543E-01
  -1.4408E-01  -1.3468E-01  -1.0295E-01  -1.2707E-01  -1.0777E-01  -1.3053E-01
  -1.1209E-01  -1.4488E-01  -1.3050E-01  -1.3923E-01  -1.3270E-01  -7.7097E-02
  -7.1850E-02  -7.8548E-02  -7.3634E-02   1.6130E-02   2.8880E-02   1.4077E-02
   2.6246E-02   1.6724E-02   3.2509E-02   1.4363E-02   3.3235E-02   1.7267E-02
   3.3036E-02  -1.2867E-02  -1.4692E-02  -1.3503E-02  -1.7595E-02  -1.3337E-02
  -1.6048E-02   1.1413E-02   1.6756E-02   1.1260E+00   9.3395E-01   9.6004E-01
   8.4831E-01   8.7934E-01   1.2148E+00   1.1152E-02   8.0459E-03  -5.2301E-02
  -2.5975E-02   8.5534E-03   1.5062E-02   1.0557E-02  -1.2775E-01  -1.4275E-01
   4.0483E-03   2.4532E-03  -3.0960E-03  -2.3104E-03   2.3375E-02   3.2323E-02
   3.4931E-02   5.3271E-03   2.6879E-03   5.0306E-03  -1.1083E-02   1.3537E-01
   1.2794E-01   6.2003E-02   5.7910E-02   1.0364E-01   1.0357E-01   1.0105E-01
   2.1973E-02  -5.9790E-03  -6.7250E-03  -8.4858E-03  -4.1669E-03   1.8483E-04
   2.3584E-02   2.9990E-02   3.3135E-02  -8.9307E-03  -7.9429E-03  -1.2494E-02
  -2.2117E-02   1.2178E-01   1.1264E-01   1.9122E-02   3.7014E-02   8.5888E-02
   8.3640E-02   8.5925E-02  -4.4282E-02  -5.9372E-02   1.3154E-02   1.2691E-02
   2.5045E-04   2.1263E-03   3.1904E-02   3.8403E-02   4.3718E-02   1.3559E-02
   1.5379E-02   1.6009E-02  -8.2063E-03   1.7114E-01   1.5969E-01   8.7599E-02
   1.0049E-01   1.5812E-01   1.5439E-01   1.5501E-01   4.2401E-02   2.1297E-02
   4.7390E-04  -5.2325E-04  -5.4644E-03  -6.7211E-04   2.7185E-02   3.1625E-02
   3.6531E-02   1.3193E-03   5.3148E-03   9.1163E-04  -1.9295E-02
  > Energy =  -9.159168018448E+02 +/-   3.675331642265E-04
  > varE =   1.355561106127E-02

VMC #6:
* Size of Hilbert space =   7.3125E+12
* Number of equil. steps   = 1000
* Running VMC equilibration.
  Done. [total walltime: 0.13s]
* Equil. acc.ratio (%)     =   6.7113
* Sample config after equilibration:
  [draw: system geometry not defined]
* Number of accum. steps   = 501760 x 10
* Running VMC accumulation.
    [walltime: 1m elapsed, 1m47s remaining]
  Done. [total walltime: 2m47s]
* Acceptance ratio (%)     =   6.6924
* Etot/t                   =  -9.159171371142E+02 +/-   1.643305100434E-04
  > Ttot/t                 =  -9.556035300456E+01 +/-   1.359885422936E-03
  > Utot/t                 =   4.254800413943E+01 +/-   1.365242090045E-03
* var[Eloc/t]              =   1.356700556377E-02 +/-   3.999658479441E-05
* Correlation length       =   9.987307922127E-01
* Site occupation (ave. no. electrons per config.):
  > Site_  ___eu____  ___ed____
      1        0.498      0.499
      2        0.500      0.503
      3        0.498      0.497
      4        0.501      0.503
      5        0.501      0.501
      6        0.500      0.499
      7        0.501      0.500
      8        0.499      0.497
      9        0.499      0.503
     10        0.498      0.499
     11        0.502      0.500
     12        0.498      0.503
     13        0.502      0.499
     14        0.501      0.499
     15        0.504      0.502
     16        0.497      0.499
     17        0.501      0.500
     18        0.500      0.500
     19        0.499      0.502
     20        0.502      0.500
     21        0.498      0.500
     22        0.499      0.498
     23        0.502      0.499
     24        0.500      0.499
* Pair-correlation analysis (ave. no. pairs per config.):
  > Shell  nsite  ___dh____  __eueu___  __eued___
      0      1        0          0          4.368
      1      0        0.872      0.651      2.501
      2      0        0.440      0.328      1.248
      3      0        0.678      1.132      2.259
      4      0        0.335      0.581      1.141
      5      0        0.542      1.415      2.144
      6      0        0.540      1.429      2.153
      7      0        0.537      1.412      2.148
      8      0        0.557      1.439      2.124
      9      0        0.276      0.715      1.057
     10      0        0.126      1.015      0.977
     11      0        0.249      2.037      1.952
     12      0        0.160      0.928      1.038
     13      0        0.323      1.866      2.089
     14      0        0.299      1.831      2.121
     15      0        0.301      1.814      2.106
     16      0        0.300      1.819      2.109
     17      0        0.283      2.073      1.947
     18      0        0.281      2.066      1.936
     19      0        0.282      2.081      1.947
     20      0        0.076      0.492      0.509
     21      0        0.154      0.965      1.002
     22      0        0.129      1.025      0.992
     23      0        0.263      2.060      1.995
     24      0        0.253      2.097      1.942
     25      0        0.254      2.089      1.929
     26      0        0.251      2.090      1.926
     27      0        0.147      1.010      1.002
     28      0        0.289      2.000      1.981
     29      0        0.268      2.014      1.964
     30      0        0.272      2.024      1.981
     31      0        0.268      2.011      1.965
     32      0        0.274      2.024      1.983
     33      0        0.269      2.015      1.970
     34      0        0.271      2.011      1.970
     35      0        0.275      1.949      2.025
     36      0        0.274      1.948      2.026
     37      0        0.266      1.995      2.025
     38      0        0.263      1.982      2.007
     39      0        0.277      1.960      2.039
     40      0        0.263      1.975      2.011
     41      0        0.243      2.125      1.922
     42      0        0.247      2.133      1.932
     43      0        0.241      2.128      1.928
     44      0        0.241      1.956      2.047
     45      0        0.241      1.957      2.050
     46      0        0.244      1.952      2.049
     47      0        0.127      1.006      0.980
     48      0        0.258      2.010      1.963
     49      0        0.124      0.989      1.005
     50      0        0.247      1.977      2.016
     51      0        0.267      1.998      1.987
     52      0        0.266      2.011      1.999
     53      0        0.265      1.997      1.987
     54      0        0.266      1.999      1.990
     55      0        0.270      2.009      2.002
     56      0        0.240      1.994      2.012
     57      0        0.239      2.008      1.996
     58      0        0.242      2.012      1.992
     59      0        0.266      2.003      1.991
     60      0        0.245      2.009      1.989
     61      0        0.123      0.994      1.001
     62      0        0.295      2.014      1.985
     63      0        0.266      1.998      2.013
     64      0        0.264      1.983      2.002
     65      0        0.264      1.988      2.003
     66      0        0.147      1.003      0.987
     67      0        0.300      1.973      2.016
     68      0        0.298      1.973      2.014
     69      0        0.298      1.962      2.003
     70      0        0.122      0.996      1.002
     71      0        0.267      2.002      2.012
     72      0        0.120      0.996      1.003
     73      0        0.121      0.996      1.006
     74      0        0.266      1.989      2.006
     75      0        0.264      1.989      2.004
     76      0        0.075      0.501      0.504
     77      0        0.148      0.988      0.999
     78      0        0.241      2.006      1.993
     79      0        0.120      1.007      0.997

Optimization #6:
* Method          : lls
* Target function : energy
* No. of configs. : 100352
* No. of params.  : 167
* Before optimization:
  -1.9519E+00  -1.6301E+00  -1.7189E+00  -1.4565E+00  -1.5312E+00  -2.0911E+00
   3.0861E-01   3.1176E-01   3.2420E-01   2.4471E-01   2.5537E-01   2.4830E-01
   2.5118E-01   2.8021E-01   2.6217E-01   2.7776E-01   2.6865E-01   2.8344E-01
   2.6426E-01   2.5066E-01   2.5938E-01   2.6045E-01   1.5289E-01   1.5176E-01
   1.5282E-01  -3.4500E-02  -3.0396E-02  -2.9461E-02  -5.4494E-02  -5.7985E-02
  -5.4937E-02  -5.5724E-02  -5.7808E-02  -5.7502E-02   3.8854E-02   4.2441E-02
   3.6301E-02   4.5017E-02   4.4100E-02   3.7764E-02  -2.7068E-02  -1.3138E-01
  -2.2684E-01  -1.1528E-01  -2.3684E-01  -1.1130E-01  -1.2901E-01  -1.2543E-01
  -1.4408E-01  -1.3468E-01  -1.0295E-01  -1.2707E-01  -1.0777E-01  -1.3053E-01
  -1.1209E-01  -1.4488E-01  -1.3050E-01  -1.3923E-01  -1.3270E-01  -7.7097E-02
  -7.1850E-02  -7.8548E-02  -7.3634E-02   1.6130E-02   2.8880E-02   1.4077E-02
   2.6246E-02   1.6724E-02   3.2509E-02   1.4363E-02   3.3235E-02   1.7267E-02
   3.3036E-02  -1.2867E-02  -1.4692E-02  -1.3503E-02  -1.7595E-02  -1.3337E-02
  -1.6048E-02   1.1413E-02   1.6756E-02   1.1260E+00   9.3395E-01   9.6004E-01
   8.4831E-01   8.7934E-01   1.2148E+00   1.1152E-02   8.0459E-03  -5.2301E-02
  -2.5975E-02   8.5534E-03   1.5062E-02   1.0557E-02  -1.2775E-01  -1.4275E-01
   4.0483E-03   2.4532E-03  -3.0960E-03  -2.3104E-03   2.3375E-02   3.2323E-02
   3.4931E-02   5.3271E-03   2.6879E-03   5.0306E-03  -1.1083E-02   1.3537E-01
   1.2794E-01   6.2003E-02   5.7910E-02   1.0364E-01   1.0357E-01   1.0105E-01
   2.1973E-02  -5.9790E-03  -6.7250E-03  -8.4858E-03  -4.1669E-03   1.8483E-04
   2.3584E-02   2.9990E-02   3.3135E-02  -8.9307E-03  -7.9429E-03  -1.2494E-02
  -2.2117E-02   1.2178E-01   1.1264E-01   1.9122E-02   3.7014E-02   8.5888E-02
   8.3640E-02   8.5925E-02  -4.4282E-02  -5.9372E-02   1.3154E-02   1.2691E-02
   2.5045E-04   2.1263E-03   3.1904E-02   3.8403E-02   4.3718E-02   1.3559E-02
   1.5379E-02   1.6009E-02  -8.2063E-03   1.7114E-01   1.5969E-01   8.7599E-02
   1.0049E-01   1.5812E-01   1.5439E-01   1.5501E-01   4.2401E-02   2.1297E-02
   4.7390E-04  -5.2325E-04  -5.4644E-03  -6.7211E-04   2.7185E-02   3.1625E-02
   3.6531E-02   1.3193E-03   5.3148E-03   9.1163E-04  -1.9295E-02
  > E    =  -9.159172133676E+02 +/-   3.677315045701E-04
  > varE =   1.357024565907E-02
* Computing derivatives.
    [walltime: 2m44s elapsed, 1h26m remaining]
    [walltime: 1h elapsed, 28m13s remaining]
  Done. [total walltime: 1h29m]
* Optimizing manipulation constant:
  #igrid a___________ E____________________________________ varE____________
     1     Infinity    -9.15917213E+02 +/-   3.67731505E-04   1.35702457E-02
     2     1.0000E+06  -9.15917213E+02 +/-   3.67731492E-04   1.35702447E-02
     3     2.1544E+05  -9.15917213E+02 +/-   3.67731447E-04   1.35702414E-02
     4     4.6416E+04  -9.15917213E+02 +/-   3.67731238E-04   1.35702260E-02
     5     1.0000E+04  -9.15917213E+02 +/-   3.67730269E-04   1.35701545E-02
     6     2.1544E+03  -9.15917214E+02 +/-   3.67725775E-04   1.35698228E-02
     7     4.6416E+02  -9.15917215E+02 +/-   3.67705050E-04   1.35682933E-02
     8     1.0000E+02  -9.15917223E+02 +/-   3.67611629E-04   1.35613996E-02
     9     2.1544E+01  -9.15917256E+02 +/-   3.67237095E-04   1.35337802E-02
    10     4.6416E+00  -9.15917299E+02 +/-   3.67002805E-04   1.35165171E-02
    11     1.0000E+00  -9.15916535E+02 +/-   3.76952787E-04   1.42593572E-02
    12     2.1544E-01  -9.15914751E+02 +/-   3.98288896E-04   1.59192437E-02
    13     4.6416E-02  -9.15913714E+02 +/-   4.10139779E-04   1.68806754E-02
    14     1.0000E-02  -9.15913407E+02 +/-   4.13580572E-04   1.71650982E-02
    15     2.1544E-03  -9.15913336E+02 +/-   4.14379628E-04   1.72314897E-02
    16     4.6416E-04  -9.15913320E+02 +/-   4.14554713E-04   1.72460542E-02
    17     1.0000E-04  -9.15913317E+02 +/-   4.14592573E-04   1.72492044E-02
    18     2.1544E-05  -9.15913316E+02 +/-   4.14600736E-04   1.72498836E-02
    19     4.6416E-06  -9.15913316E+02 +/-   4.14602495E-04   1.72500300E-02
    20     1.0000E-06  -9.15913316E+02 +/-   4.14602874E-04   1.72500615E-02
    21     0.0000E+00  -9.15913316E+02 +/-   4.14602978E-04   1.72500702E-02
  ParMin   9.2241E+00  -9.15917295E+02 +/-   3.66859012E-04   1.35059276E-02
  # Using grid point #10
* Iteration # 1: E =  -9.159172989456E+02 +/-   3.670028046744E-04
* Diminishing returns: exiting.
* After optimization:
  -2.1300E+00  -1.7827E+00  -1.8673E+00  -1.6221E+00  -1.6880E+00  -2.2563E+00
   3.1371E-01   3.1640E-01   3.2425E-01   2.4646E-01   2.5333E-01   2.5092E-01
   2.5336E-01   2.7918E-01   2.6176E-01   2.7581E-01   2.6606E-01   2.8151E-01
   2.6259E-01   2.5042E-01   2.5787E-01   2.5988E-01   1.5161E-01   1.5144E-01
   1.5155E-01  -3.3846E-02  -3.0507E-02  -2.9344E-02  -5.5177E-02  -5.8196E-02
  -5.6022E-02  -5.6750E-02  -5.8607E-02  -5.7448E-02   3.8077E-02   4.2624E-02
   3.6902E-02   4.4589E-02   4.4266E-02   3.7537E-02  -2.8765E-02  -1.3294E-01
  -2.2747E-01  -1.1886E-01  -2.3700E-01  -1.1289E-01  -1.2900E-01  -1.2252E-01
  -1.4020E-01  -1.3475E-01  -1.0351E-01  -1.2697E-01  -1.0747E-01  -1.2981E-01
  -1.1072E-01  -1.4467E-01  -1.3033E-01  -1.4002E-01  -1.3322E-01  -7.6546E-02
  -7.1605E-02  -7.8153E-02  -7.3243E-02   1.5942E-02   2.8398E-02   1.3753E-02
   2.5895E-02   1.6827E-02   3.2268E-02   1.5174E-02   3.3686E-02   1.7786E-02
   3.3351E-02  -1.3346E-02  -1.5131E-02  -1.3599E-02  -1.7700E-02  -1.3405E-02
  -1.6034E-02   1.1472E-02   1.6700E-02   1.2244E+00   1.0030E+00   1.0303E+00
   9.1701E-01   9.4715E-01   1.3140E+00   1.0351E-02   5.8828E-03  -6.4339E-02
  -3.3027E-02   5.4325E-03   1.1706E-02   7.5402E-03  -1.4851E-01  -1.6605E-01
   4.0280E-03   2.2477E-03  -3.6369E-03  -2.4688E-03   2.5916E-02   3.5625E-02
   3.8590E-02   5.3296E-03   3.1596E-03   5.3964E-03  -1.2148E-02   1.4443E-01
   1.3748E-01   6.1599E-02   6.1842E-02   1.0905E-01   1.0891E-01   1.0649E-01
   1.6626E-02  -1.4396E-02  -7.6520E-03  -9.4991E-03  -4.0375E-03   1.3060E-04
   2.5418E-02   3.3402E-02   3.6942E-02  -9.8285E-03  -9.1098E-03  -1.3188E-02
  -2.3798E-02   1.1978E-01   1.1121E-01   1.3918E-02   3.3916E-02   8.3517E-02
   8.1073E-02   8.3210E-02  -5.0343E-02  -6.6847E-02   1.3552E-02   1.2751E-02
   3.5860E-04   2.0040E-03   3.2012E-02   3.9489E-02   4.4405E-02   1.3806E-02
   1.5562E-02   1.6157E-02  -9.6678E-03   1.6953E-01   1.5840E-01   8.3117E-02
   9.8586E-02   1.5585E-01   1.5264E-01   1.5322E-01   3.7830E-02   1.5421E-02
   6.6915E-04  -3.8414E-04  -4.9185E-03  -1.0448E-03   2.6729E-02   3.2419E-02
   3.7197E-02   1.7251E-03   4.9258E-03   8.7809E-04  -2.0311E-02
  > Energy =  -9.159172989456E+02 +/-   3.670028046744E-04
  > varE =   1.351651711653E-02

VMC #7:
* Size of Hilbert space =   7.3125E+12
* Number of equil. steps   = 1000
* Running VMC equilibration.
  Done. [total walltime: 0.13s]
* Equil. acc.ratio (%)     =   6.1562
* Sample config after equilibration:
  [draw: system geometry not defined]
* Number of accum. steps   = 501760 x 10
* Running VMC accumulation.
    [walltime: 1m elapsed, 1m45s remaining]
  Done. [total walltime: 2m46s]
* Acceptance ratio (%)     =   6.1296
* Etot/t                   =  -9.159171006105E+02 +/-   1.670961519828E-04
  > Ttot/t                 =  -9.555179337440E+01 +/-   1.429394446159E-03
  > Utot/t                 =   4.253948101291E+01 +/-   1.425427884411E-03
* var[Eloc/t]              =   1.358755840416E-02 +/-   8.326915383269E-05
* Correlation length       =   1.031068479359E+00
* Site occupation (ave. no. electrons per config.):
  > Site_  ___eu____  ___ed____
      1        0.497      0.500
      2        0.501      0.502
      3        0.500      0.498
      4        0.502      0.502
      5        0.500      0.501
      6        0.498      0.499
      7        0.503      0.502
      8        0.499      0.499
      9        0.502      0.502
     10        0.498      0.499
     11        0.499      0.501
     12        0.501      0.501
     13        0.501      0.502
     14        0.504      0.495
     15        0.503      0.498
     16        0.497      0.499
     17        0.498      0.502
     18        0.496      0.504
     19        0.502      0.498
     20        0.499      0.500
     21        0.500      0.501
     22        0.500      0.500
     23        0.501      0.496
     24        0.500      0.500
* Pair-correlation analysis (ave. no. pairs per config.):
  > Shell  nsite  ___dh____  __eueu___  __eued___
      0      1        0          0          4.336
      1      0        0.864      0.651      2.509
      2      0        0.436      0.329      1.253
      3      0        0.670      1.128      2.266
      4      0        0.332      0.577      1.144
      5      0        0.535      1.415      2.155
      6      0        0.530      1.431      2.156
      7      0        0.531      1.416      2.152
      8      0        0.545      1.433      2.134
      9      0        0.272      0.712      1.062
     10      0        0.124      1.015      0.974
     11      0        0.247      2.035      1.958
     12      0        0.159      0.925      1.042
     13      0        0.319      1.860      2.096
     14      0        0.295      1.824      2.125
     15      0        0.298      1.813      2.104
     16      0        0.295      1.817      2.113
     17      0        0.281      2.077      1.939
     18      0        0.279      2.069      1.927
     19      0        0.279      2.084      1.936
     20      0        0.074      0.490      0.509
     21      0        0.152      0.965      1.002
     22      0        0.128      1.025      0.989
     23      0        0.258      2.059      1.986
     24      0        0.250      2.096      1.935
     25      0        0.250      2.092      1.926
     26      0        0.247      2.092      1.926
     27      0        0.145      1.012      0.996
     28      0        0.284      2.004      1.976
     29      0        0.265      2.009      1.964
     30      0        0.265      2.024      1.984
     31      0        0.264      2.016      1.965
     32      0        0.268      2.028      1.986
     33      0        0.267      2.013      1.971
     34      0        0.267      2.013      1.970
     35      0        0.272      1.947      2.026
     36      0        0.274      1.948      2.025
     37      0        0.260      1.995      2.021
     38      0        0.263      1.977      2.004
     39      0        0.274      1.963      2.038
     40      0        0.259      1.980      2.009
     41      0        0.242      2.125      1.919
     42      0        0.241      2.134      1.934
     43      0        0.239      2.134      1.925
     44      0        0.238      1.952      2.048
     45      0        0.239      1.960      2.047
     46      0        0.238      1.960      2.049
     47      0        0.125      1.008      0.982
     48      0        0.252      2.009      1.968
     49      0        0.121      0.988      1.006
     50      0        0.245      1.981      2.019
     51      0        0.260      2.002      1.993
     52      0        0.256      2.011      2.000
     53      0        0.261      1.996      1.986
     54      0        0.264      2.002      1.986
     55      0        0.264      2.010      1.995
     56      0        0.242      1.992      2.010
     57      0        0.239      2.008      1.990
     58      0        0.240      2.010      1.995
     59      0        0.266      2.004      1.991
     60      0        0.240      2.015      1.995
     61      0        0.119      0.997      1.006
     62      0        0.293      2.018      1.984
     63      0        0.259      1.992      2.011
     64      0        0.260      1.980      2.004
     65      0        0.265      1.985      2.002
     66      0        0.145      1.005      0.988
     67      0        0.295      1.969      2.015
     68      0        0.295      1.970      2.015
     69      0        0.297      1.953      2.007
     70      0        0.119      0.996      1.002
     71      0        0.259      2.002      2.017
     72      0        0.118      1.000      1.003
     73      0        0.119      1.005      1.003
     74      0        0.267      1.992      2.004
     75      0        0.263      1.988      2.000
     76      0        0.072      0.499      0.509
     77      0        0.144      0.988      1.004
     78      0        0.239      2.003      1.994
     79      0        0.120      1.002      1.004

Optimization #7:
* Method          : lls
* Target function : energy
* No. of configs. : 100352
* No. of params.  : 167
* Before optimization:
  -2.1300E+00  -1.7827E+00  -1.8673E+00  -1.6221E+00  -1.6880E+00  -2.2563E+00
   3.1371E-01   3.1640E-01   3.2425E-01   2.4646E-01   2.5333E-01   2.5092E-01
   2.5336E-01   2.7918E-01   2.6176E-01   2.7581E-01   2.6606E-01   2.8151E-01
   2.6259E-01   2.5042E-01   2.5787E-01   2.5988E-01   1.5161E-01   1.5144E-01
   1.5155E-01  -3.3846E-02  -3.0507E-02  -2.9344E-02  -5.5177E-02  -5.8196E-02
  -5.6022E-02  -5.6750E-02  -5.8607E-02  -5.7448E-02   3.8077E-02   4.2624E-02
   3.6902E-02   4.4589E-02   4.4266E-02   3.7537E-02  -2.8765E-02  -1.3294E-01
  -2.2747E-01  -1.1886E-01  -2.3700E-01  -1.1289E-01  -1.2900E-01  -1.2252E-01
  -1.4020E-01  -1.3475E-01  -1.0351E-01  -1.2697E-01  -1.0747E-01  -1.2981E-01
  -1.1072E-01  -1.4467E-01  -1.3033E-01  -1.4002E-01  -1.3322E-01  -7.6546E-02
  -7.1605E-02  -7.8153E-02  -7.3243E-02   1.5942E-02   2.8398E-02   1.3753E-02
   2.5895E-02   1.6827E-02   3.2268E-02   1.5174E-02   3.3686E-02   1.7786E-02
   3.3351E-02  -1.3346E-02  -1.5131E-02  -1.3599E-02  -1.7700E-02  -1.3405E-02
  -1.6034E-02   1.1472E-02   1.6700E-02   1.2244E+00   1.0030E+00   1.0303E+00
   9.1701E-01   9.4715E-01   1.3140E+00   1.0351E-02   5.8828E-03  -6.4339E-02
  -3.3027E-02   5.4325E-03   1.1706E-02   7.5402E-03  -1.4851E-01  -1.6605E-01
   4.0280E-03   2.2477E-03  -3.6369E-03  -2.4688E-03   2.5916E-02   3.5625E-02
   3.8590E-02   5.3296E-03   3.1596E-03   5.3964E-03  -1.2148E-02   1.4443E-01
   1.3748E-01   6.1599E-02   6.1842E-02   1.0905E-01   1.0891E-01   1.0649E-01
   1.6626E-02  -1.4396E-02  -7.6520E-03  -9.4991E-03  -4.0375E-03   1.3060E-04
   2.5418E-02   3.3402E-02   3.6942E-02  -9.8285E-03  -9.1098E-03  -1.3188E-02
  -2.3798E-02   1.1978E-01   1.1121E-01   1.3918E-02   3.3916E-02   8.3517E-02
   8.1073E-02   8.3210E-02  -5.0343E-02  -6.6847E-02   1.3552E-02   1.2751E-02
   3.5860E-04   2.0040E-03   3.2012E-02   3.9489E-02   4.4405E-02   1.3806E-02
   1.5562E-02   1.6157E-02  -9.6678E-03   1.6953E-01   1.5840E-01   8.3117E-02
   9.8586E-02   1.5585E-01   1.5264E-01   1.5322E-01   3.7830E-02   1.5421E-02
   6.6915E-04  -3.8414E-04  -4.9185E-03  -1.0448E-03   2.6729E-02   3.2419E-02
   3.7197E-02   1.7251E-03   4.9258E-03   8.7809E-04  -2.0311E-02
  > E    =  -9.159172405450E+02 +/-   3.695762999693E-04
  > varE =   1.370674264771E-02
srun: Job step aborted: Waiting up to 32 seconds for job step to finish.
slurmstepd: error: *** STEP 773787.0 ON alnode243 CANCELLED AT 2025-08-21T16:07:14 DUE TO TIME LIMIT ***
slurmstepd: error: *** JOB 773787 ON alnode243 CANCELLED AT 2025-08-21T16:07:14 DUE TO TIME LIMIT ***
