Run started: Fri Aug 22 18:58:44 CEST 2025
Using VDAGGER_ARCH = gnu7_fkfamd_cluster
Running 1x128 MPI processes.

                               xx
                              +##
                               #X
                               Xx
                          X##XxXxxX##x
                           +   Xx  ++
                               ##
                              +##
                              +##
     ++++         ++          +##
   xX+++##+      ####         +##
  Xx    ###      +X##          ##
 xX    X##+        ##          #X
 +    x##X         #x          #X
      ###         +#           x+
     X##+         #+
     ###         Xx                    _______
     ##X       +X+   __________________VDAGGER
     +##x    +xX     2nd quantized variational
       +xxxxx+       ______quantum Monte Carlo

* Running 1024 MPI processes.
* Input file: "input.casl"

############# Start of input file dump #############
General:
  Random seed: timer

Plan:
  VMC-optimization:
    Minimum cycles: 5
    Convergence cycles: 3

System:
  Read Hamiltonian: FCIDUMP_loc
  Read orbitals: LTSC.mat
  Complex orbitals: F

VMC:
  nstep: 500000
  nconfig: 100000
  Report density: T
  Report pair correlation: T

Optimization:
  max_niter: 3

Jastrow: wfn.casl

Backflow: wfn.casl
############## End of input file dump ##############

General setup:
* Random seed: 1387780298 (from timer)

* Loaded integrals for system with nelec=24, ms2=0, norb=24
* INFO: setting number of electrons from integrals file.
* Analysis of Hamiltonian connecitivity performed:
  - T_ii (local, 1-site): 24 (i) values
  - U_iiii [opp] (local, 1-site): 24 (i) values
  - U_kkii [opp] (local, 2-site): 552 contribs. from 24 (i) values
  - U_kkii [par] (local, 2-site): 276 contribs. from 23 (i) values
  - T_ji (single, 2-site): 552 contribs. from 24 (i) values
  - U_kkji [opp] (single, 2/3-site): 13248 contribs. from 552 (i,j) pairs
  - U_kkji [par] (single, 3-site): 12696 contribs. from 552 (i,j) pairs
  - U_lkji [opp] (double, 2/3/4-site): 304384 contribs. from 552 (i,j) pairs
  - U_lkji [par] (double, 4-site): 71852 contribs. from 506 (i,j) pairs
  - Max. no. wfn. ratios in Eloc: 24357
* Reading override orbitals from file "LTSC.mat".
* Site labels:
  [draw_int: system geometry not defined]
* Automatically set Site kinds:
  [ 1, 2, 3, 2, 4, 1, 5, 3, 6, 1, 5, 5, 5, 5, 6, 1, 3, 4, 5, 5, 4, 5, 3, 4 ]
  [draw_int: system geometry not defined]
* Automatically set Site pair kinds:
  Site 1: [ 0, -68, 69, -17, -26, 22, -65, 18, -8, 9, -38, -25, 16, 29, 23, 21, -28, 40, 53, -51, -31, 15, 3, 64 ]
  Site 2: [ -68, 0, 62, 76, -71, -68, 32, 13, -27, 17, -55, 39, 32, 6, 4, 17, -13, -42, -6, -39, -71, -55, -62, -42 ]
  Site 3: [ 69, 62, 0, 13, -36, -3, -43, -77, 19, -28, -41, 74, 59, -75, 67, -18, 12, -54, -35, -5, 7, -34, 66, 33 ]
  Site 4: [ -17, 76, 13, 0, 42, -17, 39, 62, 4, 68, -6, 32, 39, 55, -27, 68, -62, 71, -55, -32, 42, -6, -13, 71 ]
  Site 5: [ -26, -71, -36, 42, 0, -31, -50, -33, 14, 40, 44, 11, 46, 57, 52, 64, -54, 61, 78, 60, -47, -1, -7, -72 ]
  Site 6: [ 22, -68, -3, -17, -31, 0, 16, 28, -8, 21, 15, 51, -65, -53, 23, 9, -18, 64, -29, 25, -26, -38, -69, 40 ]
  Site 7: [ -65, 32, -43, 39, -50, 16, 0, 74, -30, -51, -48, 73, 79, 56, -37, 25, -5, 60, 45, 2, 46, -58, -59, -11 ]
  Site 8: [ 18, 13, -77, 62, -33, 28, 74, 0, 67, 3, 75, -43, 5, 41, 19, -69, 66, -7, -34, -59, 54, -35, 12, 36 ]
  Site 9: [ -8, -27, 19, 4, 14, -8, -30, 67, 0, -23, -24, -37, -30, 63, -20, -23, -67, -52, -63, 37, 14, -24, -19, -52 ]
  Site 10: [ 9, 17, -28, 68, 40, 21, -51, 3, -23, 0, -53, -16, 25, 15, 8, 22, 69, -26, 38, -65, 64, 29, 18, -31 ]
  Site 11: [ -38, -55, -41, -6, 44, 15, -48, 75, -24, -53, 0, -56, -58, -70, -63, 29, 35, -78, -49, -45, -1, 10, 34, 57 ]
  Site 12: [ -25, 39, 74, 32, 11, 51, 73, -43, -37, -16, -56, 0, -2, 48, -30, 65, -59, -46, -58, -79, -60, 45, -5, 50 ]
  Site 13: [ 16, 32, 59, 39, 46, -65, 79, 5, -30, 25, -58, -2, 0, -45, -37, -51, -74, -11, -56, -73, -50, -48, 43, 60 ]
  Site 14: [ 29, 6, -75, 55, 57, -53, 56, 41, 63, 15, -70, 48, -45, 0, 24, -38, -34, -1, -10, -58, -78, 49, -35, 44 ]
  Site 15: [ 23, 4, 67, -27, 52, 23, -37, 19, -20, 8, -63, -30, -37, 24, 0, 8, -19, -14, -24, 30, 52, -63, -67, -14 ]
  Site 16: [ 21, 17, -18, 68, 64, 9, 25, -69, -23, 22, 29, 65, -51, -38, 8, 0, -3, -31, -15, 16, 40, -53, 28, -26 ]
  Site 17: [ -28, -13, 12, -62, -54, -18, -5, 66, -67, 69, 35, -59, -74, -34, -19, -3, 0, -36, 41, -43, 33, -75, -77, 7 ]
  Site 18: [ 40, -42, -54, 71, 61, 64, 60, -7, -52, -26, -78, -46, -11, -1, -14, -31, -36, 0, -44, -50, -72, 57, -33, -47 ]
  Site 19: [ 53, -6, -35, -55, 78, -29, 45, -34, -63, 38, -49, -58, -56, -10, -24, -15, 41, -44, 0, 48, -57, 70, -75, 1 ]
  Site 20: [ -51, -39, -5, -32, 60, 25, 2, -59, 37, -65, -45, -79, -73, -58, 30, 16, -43, -50, 48, 0, -11, 56, 74, 46 ]
  Site 21: [ -31, -71, 7, 42, -47, -26, 46, 54, 14, 64, -1, -60, -50, -78, 52, 40, 33, -72, -57, -11, 0, 44, 36, 61 ]
  Site 22: [ 15, -55, -34, -6, -1, -38, -58, -35, -24, 29, 10, 45, -48, 49, -63, -53, -75, 57, 70, 56, 44, 0, 41, -78 ]
  Site 23: [ 3, -62, 66, -13, -7, -69, -59, 12, -19, 18, 34, -5, 43, -35, -67, 28, -77, -33, -75, 74, 36, 41, 0, 54 ]
  Site 24: [ 64, -42, 33, 71, -72, 40, -11, 36, -52, -31, 57, 50, 60, 44, -14, -26, 7, -47, 1, 46, 61, -78, 54, 0 ]
  For site 1 of kind 1:
  [draw_int: system geometry not defined]
  For site 2 of kind 2:
  [draw_int: system geometry not defined]
  For site 3 of kind 3:
  [draw_int: system geometry not defined]
  For site 5 of kind 4:
  [draw_int: system geometry not defined]
  For site 7 of kind 5:
  [draw_int: system geometry not defined]
  For site 9 of kind 6:
  [draw_int: system geometry not defined]
General system setup:
* Number of sites       : 24
* Number of electrons   : 24
* Spin imbalance MS2    : 0
* Filling               : 0.500000
* Number of orbitals in pool: 24
* Using real-valued orbitals
* Using double-precision arithmetic for orbitals

Trial wave function setup:
* Jastrow parameter file: "wfn.casl"
* Not using multideterminants
* Backflow parameter file: "wfn.casl"
* Not using wave function manipulation

VMC #1:
* Size of Hilbert space =   7.3125E+12
* Number of equil. steps   = 1000
* Running VMC equilibration.
  Done. [total walltime: 0.13s]
* Equil. acc.ratio (%)     =   6.0796
* Sample config after equilibration:
  [draw: system geometry not defined]
* Number of accum. steps   = 501760 x 10
* Running VMC accumulation.
    [walltime: 1m elapsed, 1m49s remaining]
  Done. [total walltime: 2m49s]
* Acceptance ratio (%)     =   6.0493
* Etot/t                   =  -9.159177108902E+02 +/-   1.687421255223E-04
  > Ttot/t                 =  -9.554141469646E+01 +/-   1.503123863694E-03
  > Utot/t                 =   4.252849205530E+01 +/-   1.495924823232E-03
* var[Eloc/t]              =   1.346489850146E-02 +/-   6.661826878323E-05
* Correlation length       =   1.061060098894E+00
* Site occupation (ave. no. electrons per config.):
  > Site_  ___eu____  ___ed____
      1        0.498      0.499
      2        0.497      0.497
      3        0.498      0.500
      4        0.499      0.496
      5        0.502      0.502
      6        0.498      0.497
      7        0.501      0.500
      8        0.498      0.500
      9        0.501      0.500
     10        0.497      0.498
     11        0.499      0.504
     12        0.502      0.500
     13        0.500      0.502
     14        0.502      0.501
     15        0.502      0.499
     16        0.496      0.500
     17        0.499      0.499
     18        0.502      0.502
     19        0.501      0.503
     20        0.505      0.501
     21        0.501      0.498
     22        0.502      0.502
     23        0.498      0.498
     24        0.502      0.502
* Pair-correlation analysis (ave. no. pairs per config.):
  > Shell  nsite  ___dh____  __eueu___  __eued___
      0      1        0          0          4.348
      1      0        0.871      0.667      2.511
      2      0        0.434      0.330      1.259
      3      0        0.681      1.124      2.253
      4      0        0.335      0.565      1.134
      5      0        0.534      1.422      2.149
      6      0        0.532      1.413      2.151
      7      0        0.540      1.416      2.147
      8      0        0.551      1.428      2.123
      9      0        0.273      0.712      1.058
     10      0        0.123      1.023      0.985
     11      0        0.245      2.048      1.961
     12      0        0.160      0.923      1.042
     13      0        0.318      1.840      2.077
     14      0        0.298      1.825      2.122
     15      0        0.298      1.815      2.118
     16      0        0.301      1.814      2.110
     17      0        0.277      2.065      1.916
     18      0        0.283      2.066      1.927
     19      0        0.279      2.078      1.938
     20      0        0.076      0.487      0.505
     21      0        0.153      0.962      1.001
     22      0        0.129      1.025      0.987
     23      0        0.262      2.050      1.983
     24      0        0.253      2.103      1.935
     25      0        0.248      2.092      1.932
     26      0        0.250      2.094      1.928
     27      0        0.143      0.999      0.990
     28      0        0.287      1.999      1.975
     29      0        0.268      2.017      1.968
     30      0        0.265      2.025      1.980
     31      0        0.269      2.015      1.964
     32      0        0.265      2.014      1.968
     33      0        0.270      2.019      1.972
     34      0        0.270      2.024      1.970
     35      0        0.273      1.954      2.035
     36      0        0.274      1.948      2.035
     37      0        0.264      1.990      2.016
     38      0        0.263      1.979      2.018
     39      0        0.269      1.945      2.025
     40      0        0.262      1.980      2.012
     41      0        0.240      2.132      1.930
     42      0        0.238      2.122      1.922
     43      0        0.238      2.132      1.928
     44      0        0.241      1.967      2.056
     45      0        0.240      1.961      2.062
     46      0        0.241      1.959      2.060
     47      0        0.126      1.010      0.987
     48      0        0.253      2.025      1.971
     49      0        0.123      0.995      1.015
     50      0        0.244      1.983      2.027
     51      0        0.261      2.005      1.990
     52      0        0.263      2.013      1.998
     53      0        0.263      2.006      1.990
     54      0        0.267      2.006      1.991
     55      0        0.264      2.003      1.986
     56      0        0.241      1.997      2.024
     57      0        0.242      2.022      2.003
     58      0        0.239      2.023      2.001
     59      0        0.264      2.010      1.989
     60      0        0.239      2.024      1.997
     61      0        0.121      1.000      1.009
     62      0        0.290      1.999      1.964
     63      0        0.265      1.996      2.016
     64      0        0.265      1.982      2.005
     65      0        0.264      1.983      2.003
     66      0        0.145      1.005      0.986
     67      0        0.296      1.966      2.011
     68      0        0.292      1.951      1.997
     69      0        0.299      1.953      2.000
     70      0        0.120      1.008      1.007
     71      0        0.265      1.985      2.001
     72      0        0.120      1.004      1.008
     73      0        0.118      1.004      1.008
     74      0        0.264      1.988      2.011
     75      0        0.265      1.994      2.009
     76      0        0.071      0.491      0.498
     77      0        0.147      0.985      1.001
     78      0        0.241      2.012      2.009
     79      0        0.119      1.007      1.002

Optimization #1:
* Method          : lls
* Target function : energy
* No. of configs. : 100352
* No. of params.  : 245
* Before optimization:
  -2.4037E+00  -1.7039E+00  -1.7292E+00  -1.5468E+00  -1.5458E+00  -2.4274E+00
   3.2799E-01   3.2614E-01   3.2020E-01   2.6067E-01   2.3613E-01   2.3895E-01
   2.5908E-01   2.7050E-01   2.5213E-01   2.6690E-01   2.5061E-01   2.7096E-01
   2.5074E-01   2.4474E-01   2.4819E-01   2.4652E-01   1.4457E-01   1.4437E-01
   1.4435E-01  -3.0965E-02  -3.1278E-02  -3.2031E-02  -5.8011E-02  -6.2045E-02
  -6.0216E-02  -5.7190E-02  -5.8062E-02  -5.5880E-02   3.5642E-02   4.2974E-02
   3.8467E-02   4.5154E-02   4.3931E-02   3.6646E-02  -2.4574E-02   0.0000E+00
   0.0000E+00   0.0000E+00   0.0000E+00   0.0000E+00   0.0000E+00   0.0000E+00
   0.0000E+00   0.0000E+00   0.0000E+00   0.0000E+00   0.0000E+00   0.0000E+00
   0.0000E+00   0.0000E+00   0.0000E+00   0.0000E+00   0.0000E+00  -1.4401E-01
  -2.2548E-01  -1.4976E-01  -2.3730E-01  -1.1546E-01  -1.2464E-01  -1.1478E-01
  -1.3556E-01  -1.3484E-01  -1.0494E-01  -1.2776E-01  -1.0236E-01  -1.2868E-01
  -1.0363E-01  -1.4125E-01  -1.3167E-01  -1.4414E-01  -1.2543E-01  -7.1450E-02
  -6.6843E-02  -7.2446E-02  -6.8322E-02   1.4667E-02   2.4720E-02   1.4181E-02
   2.4114E-02   2.1557E-02   3.3257E-02   1.9293E-02   3.3253E-02   1.8524E-02
   3.2972E-02  -1.0805E-02  -1.7472E-02  -1.4997E-02  -1.7521E-02  -1.2315E-02
  -1.8087E-02   6.3248E-03   1.1750E-02   0.0000E+00   0.0000E+00   0.0000E+00
   0.0000E+00   0.0000E+00   0.0000E+00   0.0000E+00   0.0000E+00   0.0000E+00
   0.0000E+00   0.0000E+00   0.0000E+00   0.0000E+00   0.0000E+00   0.0000E+00
   0.0000E+00   0.0000E+00   0.0000E+00   0.0000E+00   0.0000E+00   1.4249E+00
   9.4656E-01   9.5814E-01   8.8032E-01   8.8119E-01   1.4428E+00  -2.7170E-02
  -2.7848E-02  -1.4284E-01  -1.0901E-01  -3.4482E-02  -3.8476E-02  -3.8659E-02
  -2.6940E-01  -3.1146E-01  -2.0639E-03  -2.9620E-03  -5.6706E-03  -2.2482E-03
   2.7398E-02   3.9753E-02   4.1492E-02   2.5639E-04   1.7064E-03   3.5770E-03
  -3.2388E-02   0.0000E+00   0.0000E+00   0.0000E+00   0.0000E+00   0.0000E+00
   0.0000E+00   0.0000E+00   0.0000E+00   0.0000E+00   0.0000E+00   1.0775E-01
   1.0799E-01   2.1453E-03   3.1926E-02   7.2383E-02   6.7990E-02   6.9320E-02
  -5.8133E-02  -9.3044E-02  -1.0743E-02  -1.2190E-02   1.7162E-05   2.4555E-04
   2.6408E-02   3.9169E-02   4.3795E-02  -1.4927E-02  -1.6607E-02  -1.1806E-02
  -4.0239E-02   0.0000E+00   0.0000E+00   0.0000E+00   0.0000E+00   0.0000E+00
   0.0000E+00   0.0000E+00   0.0000E+00   0.0000E+00   0.0000E+00   9.7736E-02
   1.0182E-01  -4.1369E-02  -9.2608E-03   5.7940E-02   5.1931E-02   5.2755E-02
  -1.1204E-01  -1.4167E-01   1.0169E-02   1.0652E-02  -2.6040E-03  -1.4821E-03
   3.2241E-02   4.5314E-02   4.8504E-02   1.4379E-02   1.5458E-02   1.3094E-02
  -1.8953E-02   0.0000E+00   0.0000E+00   0.0000E+00   0.0000E+00   0.0000E+00
   0.0000E+00   0.0000E+00   0.0000E+00   0.0000E+00   0.0000E+00   1.4366E-01
   1.3678E-01   3.6730E-02   6.1949E-02   1.3136E-01   1.2762E-01   1.2921E-01
  -1.3743E-02  -3.6979E-02   7.0115E-04   3.3436E-04  -3.0743E-03  -3.7647E-03
   2.4674E-02   3.8314E-02   4.3092E-02   2.3406E-03  -2.2129E-05   4.5534E-04
  -2.8758E-02   0.0000E+00   0.0000E+00   0.0000E+00   0.0000E+00   0.0000E+00
   0.0000E+00   0.0000E+00   0.0000E+00   0.0000E+00   0.0000E+00
  > E    =  -9.159178778850E+02 +/-   3.654601211276E-04
  > varE =   1.340312352070E-02
* Computing derivatives.
    [walltime: 2m43s elapsed, 2h11m remaining]
    [walltime: 1h2m elapsed, 1h10m remaining]
  Done. [total walltime: 2h13m]
* Optimizing manipulation constant:
  #igrid a___________ E____________________________________ varE____________
     1     Infinity    -9.15917878E+02 +/-   3.65460121E-04   1.34031235E-02
     2     1.0000E+06  -9.15917878E+02 +/-   3.65460042E-04   1.34031177E-02
     3     2.1544E+05  -9.15917878E+02 +/-   3.65459754E-04   1.34030966E-02
     4     4.6416E+04  -9.15917878E+02 +/-   3.65458418E-04   1.34029986E-02
     5     1.0000E+04  -9.15917878E+02 +/-   3.65452216E-04   1.34025437E-02
     6     2.1544E+03  -9.15917881E+02 +/-   3.65423460E-04   1.34004346E-02
     7     4.6416E+02  -9.15917890E+02 +/-   3.65290659E-04   1.33906965E-02
     8     1.0000E+02  -9.15917934E+02 +/-   3.64689263E-04   1.33466412E-02
     9     2.1544E+01  -9.15918089E+02 +/-   3.62447628E-04   1.31830699E-02
    10     4.6416E+00  -9.15889149E+02 +/-   6.18172706E-04   3.83482618E-02
    11     1.0000E+00 (error)
    12     2.1544E-01 (error)
    13     4.6416E-02 (error)
    14     1.0000E-02 (error)
    15     2.1544E-03 (error)
    16     4.6416E-04 (error)
    17     1.0000E-04 (error)
    18     2.1544E-05 (error)
    19     4.6416E-06 (error)
    20     1.0000E-06 (error)
    21     0.0000E+00 (error)
  ParMin   4.6033E+01  -9.15917995E+02 +/-   3.63844520E-04   1.32848822E-02
  # Using grid point #9
* Iteration # 1: E =  -9.159180885871E+02 +/-   3.624476279672E-04
* Computing derivatives.
    [walltime: 2m49s elapsed, 2h15m remaining]
    [walltime: 1h1m elapsed, 1h16m remaining]
  Done. [total walltime: 2h17m]
* Optimizing manipulation constant:
  #igrid a___________ E____________________________________ varE____________
     1     Infinity    -9.15918089E+02 +/-   3.62447628E-04   1.31830699E-02
     2     1.0000E+06  -9.15918089E+02 +/-   3.62447555E-04   1.31830647E-02
     3     2.1544E+05  -9.15918089E+02 +/-   3.62447291E-04   1.31830454E-02
     4     4.6416E+04  -9.15918089E+02 +/-   3.62446065E-04   1.31829562E-02
     5     1.0000E+04  -9.15918089E+02 +/-   3.62440382E-04   1.31825428E-02
     6     2.1544E+03  -9.15918091E+02 +/-   3.62414200E-04   1.31806383E-02
     7     4.6416E+02  -9.15918100E+02 +/-   3.62296942E-04   1.31721106E-02
     8     1.0000E+02  -9.15918131E+02 +/-   3.61854738E-04   1.31399756E-02
     9     2.1544E+01  -9.15917694E+02 +/-   3.66773732E-04   1.34996491E-02
    10     4.6416E+00  -9.13088995E+02 +/-   3.92095827E-03   1.54280299E+00
    11     1.0000E+00  -9.15603579E+02 +/-   1.66164445E-03   2.77078121E-01
    12     2.1544E-01  -9.15914162E+02 +/-   4.03200582E-04   1.63142958E-02
    13     4.6416E-02  -9.15918364E+02 +/-   3.46137204E-04   1.20232699E-02
    14     1.0000E-02  -9.15918492E+02 +/-   3.43421386E-04   1.18353391E-02
    15     2.1544E-03  -9.15918496E+02 +/-   3.43163579E-04   1.18175762E-02
    16     4.6416E-04  -9.15918496E+02 +/-   3.43122720E-04   1.18147622E-02
    17     1.0000E-04  -9.15918496E+02 +/-   3.43114597E-04   1.18142028E-02
    18     2.1544E-05  -9.15918496E+02 +/-   3.43112879E-04   1.18140845E-02
    19     4.6416E-06  -9.15918496E+02 +/-   3.43112510E-04   1.18140591E-02
    20     1.0000E-06  -9.15918496E+02 +/-   3.43112430E-04   1.18140536E-02
    21     0.0000E+00  -9.15918496E+02 +/-   3.43112409E-04   1.18140521E-02
* Iteration # 2: E =  -9.159184962225E+02 +/-   3.431635794444E-04
* Computing derivatives.
    [walltime: 2m49s elapsed, 2h15m remaining]
    [walltime: 1h1m elapsed, 1h15m remaining]
  Done. [total walltime: 2h17m]
* Optimizing manipulation constant:
  #igrid a___________ E____________________________________ varE____________
     1     Infinity    -9.15918496E+02 +/-   3.43163579E-04   1.18175762E-02
     2     1.0000E+06  -9.15918496E+02 +/-   3.43163543E-04   1.18175737E-02
     3     2.1544E+05  -9.15918496E+02 +/-   3.43163412E-04   1.18175647E-02
     4     4.6416E+04  -9.15918496E+02 +/-   3.43162831E-04   1.18175246E-02
     5     1.0000E+04  -9.15918497E+02 +/-   3.43160674E-04   1.18173761E-02
     6     2.1544E+03  -9.15918498E+02 +/-   3.43163028E-04   1.18175382E-02
     7     4.6416E+02  -9.15918490E+02 +/-   3.43714086E-04   1.18555224E-02
     8     1.0000E+02  -9.15904881E+02 +/-   4.92722167E-04   2.43629702E-02
     9     2.1544E+01  -9.15773002E+02 +/-   1.16970430E-03   1.37302425E-01
    10     4.6416E+00 (error)
    11     1.0000E+00 (error)
    12     2.1544E-01   2.89681097E+49 +/-   2.50657825E+47   6.30505047E+99
    13     4.6416E-02  -9.12841072E+02 +/-   4.02755966E-03   1.62783356E+00
    14     1.0000E-02  -9.12844672E+02 +/-   3.99551208E-03   1.60203104E+00
    15     2.1544E-03 (error)
    16     4.6416E-04 (error)
    17     1.0000E-04 (error)
    18     2.1544E-05 (error)
    19     4.6416E-06 (error)
    20     1.0000E-06 (error)
    21     0.0000E+00 (error)
* Iteration # 3: E =  -9.159184981145E+02 +/-   3.431630283454E-04
* Reached maximum number of iterations: exiting.
* After optimization:
  -2.4205E+00  -1.6416E+00  -1.7475E+00  -1.4062E+00  -1.5121E+00  -2.4264E+00
   2.6348E-01   2.6001E-01   2.5132E-01   2.9411E-01   2.7503E-01   2.6216E-01
   2.9251E-01   3.3939E-01   3.2065E-01   3.2011E-01   3.0803E-01   3.2437E-01
   3.0245E-01   3.4417E-01   3.4157E-01   3.5151E-01   1.7867E-01   1.7492E-01
   1.7218E-01  -1.9304E-02  -3.0410E-02  -3.0221E-02  -4.0332E-02  -3.5392E-02
  -3.7593E-02  -4.4997E-02  -3.9534E-02  -4.5525E-02   6.0815E-02   5.5815E-02
   6.9974E-02   6.4069E-02   5.4840E-02   5.9615E-02   8.3473E-02   9.2396E-02
   1.3502E-01   1.3117E-01   1.3243E-01   3.9195E-02   4.4370E-02   5.3056E-02
   4.5779E-02   4.8604E-02   4.5358E-02   1.1783E-03   1.6254E-03   2.8085E-03
  -3.9762E-04  -3.3604E-02  -3.9652E-02  -3.7408E-02  -3.4575E-02  -1.6747E-01
  -2.3705E-01  -1.6640E-01  -2.3047E-01  -1.3775E-01  -1.7736E-01  -1.2777E-01
  -1.5847E-01  -1.7480E-01  -1.4480E-01  -1.6367E-01  -1.3446E-01  -1.6104E-01
  -1.3605E-01  -1.8951E-01  -1.7642E-01  -1.9287E-01  -1.8488E-01  -9.1681E-02
  -8.5163E-02  -8.6700E-02  -8.2072E-02   7.7301E-03   1.3225E-02   1.2090E-02
   1.9429E-02   2.1471E-02   1.7952E-02   2.2252E-02   1.1450E-02   2.3304E-02
   1.7499E-02  -2.2784E-02  -3.2760E-02  -2.6863E-02  -4.0449E-02  -2.1920E-02
  -3.4685E-02  -5.2175E-02  -3.0846E-02  -5.7628E-02  -3.7252E-02  -7.3996E-02
  -5.8171E-02  -7.2142E-02  -5.8979E-02  -8.3124E-03  -3.1384E-02  -1.1550E-02
  -3.3613E-02  -5.4593E-03  -3.4063E-02  -8.3441E-04   2.2713E-03  -9.5533E-04
   2.1087E-03   2.1043E-02   1.4098E-02   2.0344E-02   1.5861E-02   1.2644E+00
   8.5515E-01   9.1102E-01   7.8941E-01   8.3479E-01   1.2710E+00  -6.3078E-02
  -7.3253E-02  -5.3245E-02  -8.2840E-02  -3.2659E-02  -3.6066E-02  -3.4785E-02
  -9.5457E-02  -5.2825E-02  -6.3586E-03  -3.8321E-03  -8.8376E-04   1.0409E-03
   2.5220E-02   7.9066E-03   1.3665E-02  -1.9730E-02  -1.9544E-02  -1.2401E-02
  -3.3774E-02  -4.7658E-02  -2.9538E-03  -1.0823E-02  -1.4428E-02  -1.8229E-02
  -1.0840E-02   6.3598E-03   1.3423E-03   2.0390E-03  -2.1631E-03   2.8955E-02
   8.1495E-02  -6.4732E-03  -7.4150E-03   5.9448E-02   6.1663E-02   5.2297E-02
  -8.3540E-02  -7.6384E-02  -1.5635E-02  -1.0899E-02  -9.8314E-03  -9.1871E-03
   3.7904E-02   2.8180E-02   2.9984E-02   2.8319E-04   1.1858E-02   1.3010E-02
  -2.9416E-02  -3.5147E-02   1.9422E-02   2.6942E-02  -2.6815E-02  -1.9100E-02
  -1.1103E-02  -2.7209E-03  -9.1791E-03  -8.3935E-03  -1.3120E-02   5.9957E-02
   6.3190E-02  -1.8575E-02  -3.2754E-02   4.3444E-02   4.6335E-02   4.3465E-02
  -8.8344E-02  -7.5067E-02   1.4703E-02   1.0591E-02  -6.6576E-03  -4.4423E-03
   4.5869E-02   4.0279E-02   3.9268E-02  -2.0547E-02  -3.2975E-02  -2.3544E-02
  -2.4720E-02  -2.8920E-02  -1.8618E-02  -3.1087E-02   8.4394E-03   1.5969E-03
   4.8389E-03   1.4440E-02   1.2237E-02   1.4695E-02   1.0893E-02   1.0613E-01
   1.0460E-01  -9.7049E-03   9.7342E-03   1.1322E-01   1.2398E-01   1.1003E-01
  -1.0575E-01  -1.2063E-01   2.6059E-04   2.2892E-03  -1.6682E-02  -1.3827E-02
   5.1681E-02   5.4008E-02   5.1039E-02  -6.0842E-03  -4.7201E-03   2.3003E-04
  -2.0819E-02  -1.3017E-02  -8.3210E-04  -4.8793E-03  -8.0768E-03  -6.5626E-03
   1.3169E-04   5.2312E-03   1.6736E-03   2.9971E-03  -2.7596E-03
  > Energy =  -9.159184981145E+02 +/-   3.431630283454E-04
  > varE =   1.181753822645E-02

VMC #2:
* Size of Hilbert space =   7.3125E+12
* Number of equil. steps   = 1000
* Running VMC equilibration.
  Done. [total walltime: 0.14s]
* Equil. acc.ratio (%)     =   7.2654
* Sample config after equilibration:
  [draw: system geometry not defined]
* Number of accum. steps   = 501760 x 10
* Running VMC accumulation.
    [walltime: 1m elapsed, 1m52s remaining]
  Done. [total walltime: 2m52s]
* Acceptance ratio (%)     =   7.2345
* Etot/t                   =  -9.159185060339E+02 +/-   1.584068493269E-04
  > Ttot/t                 =  -9.551217514050E+01 +/-   1.357444266858E-03
  > Utot/t                 =   4.249845735567E+01 +/-   1.343699502218E-03
* var[Eloc/t]              =   1.200474799801E-02 +/-   5.057153540721E-05
* Correlation length       =   1.048795706796E+00
* Site occupation (ave. no. electrons per config.):
  > Site_  ___eu____  ___ed____
      1        0.499      0.499
      2        0.488      0.491
      3        0.492      0.492
      4        0.492      0.489
      5        0.507      0.508
      6        0.501      0.498
      7        0.498      0.502
      8        0.493      0.496
      9        0.496      0.498
     10        0.501      0.500
     11        0.506      0.505
     12        0.500      0.502
     13        0.501      0.499
     14        0.504      0.506
     15        0.498      0.496
     16        0.496      0.499
     17        0.496      0.495
     18        0.509      0.507
     19        0.510      0.504
     20        0.503      0.500
     21        0.507      0.510
     22        0.506      0.504
     23        0.492      0.493
     24        0.504      0.507
* Pair-correlation analysis (ave. no. pairs per config.):
  > Shell  nsite  ___dh____  __eueu___  __eued___
      0      1        0          0          4.367
      1      0        0.848      0.732      2.548
      2      0        0.433      0.328      1.255
      3      0        0.670      1.116      2.242
      4      0        0.340      0.547      1.104
      5      0        0.539      1.393      2.124
      6      0        0.538      1.403      2.128
      7      0        0.548      1.415      2.147
      8      0        0.542      1.430      2.118
      9      0        0.265      0.720      1.069
     10      0        0.126      1.037      0.997
     11      0        0.249      2.069      1.981
     12      0        0.160      0.906      1.016
     13      0        0.316      1.805      2.022
     14      0        0.302      1.837      2.137
     15      0        0.297      1.835      2.140
     16      0        0.297      1.812      2.122
     17      0        0.279      2.035      1.898
     18      0        0.281      2.049      1.909
     19      0        0.286      2.037      1.902
     20      0        0.076      0.481      0.500
     21      0        0.145      0.974      1.012
     22      0        0.141      1.012      0.983
     23      0        0.283      2.019      1.956
     24      0        0.261      2.100      1.932
     25      0        0.253      2.097      1.920
     26      0        0.259      2.119      1.947
     27      0        0.147      0.983      0.965
     28      0        0.286      1.985      1.961
     29      0        0.260      2.046      1.996
     30      0        0.263      2.017      1.966
     31      0        0.269      2.041      1.999
     32      0        0.268      1.981      1.940
     33      0        0.270      2.025      1.980
     34      0        0.272      2.011      1.971
     35      0        0.281      1.940      2.025
     36      0        0.279      1.954      2.032
     37      0        0.265      1.971      2.006
     38      0        0.258      2.007      2.039
     39      0        0.277      1.911      1.990
     40      0        0.264      2.008      2.042
     41      0        0.245      2.113      1.926
     42      0        0.250      2.101      1.920
     43      0        0.238      2.109      1.905
     44      0        0.243      2.008      2.101
     45      0        0.240      1.976      2.076
     46      0        0.243      1.978      2.083
     47      0        0.133      1.032      1.009
     48      0        0.258      2.036      1.979
     49      0        0.124      1.010      1.031
     50      0        0.247      2.007      2.045
     51      0        0.259      2.008      1.989
     52      0        0.269      2.026      2.006
     53      0        0.262      2.025      2.011
     54      0        0.271      2.009      1.992
     55      0        0.271      1.993      1.968
     56      0        0.239      2.015      2.035
     57      0        0.244      2.059      2.045
     58      0        0.241      2.035      2.013
     59      0        0.268      1.982      1.967
     60      0        0.242      2.040      2.022
     61      0        0.123      1.026      1.031
     62      0        0.298      1.944      1.914
     63      0        0.269      1.992      2.022
     64      0        0.267      2.016      2.031
     65      0        0.262      1.984      2.008
     66      0        0.151      0.977      0.964
     67      0        0.291      1.942      1.984
     68      0        0.287      1.936      1.982
     69      0        0.283      1.957      1.996
     70      0        0.123      1.020      1.022
     71      0        0.271      1.979      1.996
     72      0        0.123      1.028      1.031
     73      0        0.119      1.005      1.002
     74      0        0.265      1.971      1.982
     75      0        0.267      1.988      2.005
     76      0        0.075      0.474      0.485
     77      0        0.149      0.963      0.979
     78      0        0.243      2.053      2.051
     79      0        0.121      0.999      1.003

Optimization #2:
* Method          : lls
* Target function : energy
* No. of configs. : 100352
* No. of params.  : 245
* Before optimization:
  -2.4205E+00  -1.6416E+00  -1.7475E+00  -1.4062E+00  -1.5121E+00  -2.4264E+00
   2.6348E-01   2.6001E-01   2.5132E-01   2.9411E-01   2.7503E-01   2.6216E-01
   2.9251E-01   3.3939E-01   3.2065E-01   3.2011E-01   3.0803E-01   3.2437E-01
   3.0245E-01   3.4417E-01   3.4157E-01   3.5151E-01   1.7867E-01   1.7492E-01
   1.7218E-01  -1.9304E-02  -3.0410E-02  -3.0221E-02  -4.0332E-02  -3.5392E-02
  -3.7593E-02  -4.4997E-02  -3.9534E-02  -4.5525E-02   6.0815E-02   5.5815E-02
   6.9974E-02   6.4069E-02   5.4840E-02   5.9615E-02   8.3473E-02   9.2396E-02
   1.3502E-01   1.3117E-01   1.3243E-01   3.9195E-02   4.4370E-02   5.3056E-02
   4.5779E-02   4.8604E-02   4.5358E-02   1.1783E-03   1.6254E-03   2.8085E-03
  -3.9762E-04  -3.3604E-02  -3.9652E-02  -3.7408E-02  -3.4575E-02  -1.6747E-01
  -2.3705E-01  -1.6640E-01  -2.3047E-01  -1.3775E-01  -1.7736E-01  -1.2777E-01
  -1.5847E-01  -1.7480E-01  -1.4480E-01  -1.6367E-01  -1.3446E-01  -1.6104E-01
  -1.3605E-01  -1.8951E-01  -1.7642E-01  -1.9287E-01  -1.8488E-01  -9.1681E-02
  -8.5163E-02  -8.6700E-02  -8.2072E-02   7.7301E-03   1.3225E-02   1.2090E-02
   1.9429E-02   2.1471E-02   1.7952E-02   2.2252E-02   1.1450E-02   2.3304E-02
   1.7499E-02  -2.2784E-02  -3.2760E-02  -2.6863E-02  -4.0449E-02  -2.1920E-02
  -3.4685E-02  -5.2175E-02  -3.0846E-02  -5.7628E-02  -3.7252E-02  -7.3996E-02
  -5.8171E-02  -7.2142E-02  -5.8979E-02  -8.3124E-03  -3.1384E-02  -1.1550E-02
  -3.3613E-02  -5.4593E-03  -3.4063E-02  -8.3441E-04   2.2713E-03  -9.5533E-04
   2.1087E-03   2.1043E-02   1.4098E-02   2.0344E-02   1.5861E-02   1.2644E+00
   8.5515E-01   9.1102E-01   7.8941E-01   8.3479E-01   1.2710E+00  -6.3078E-02
  -7.3253E-02  -5.3245E-02  -8.2840E-02  -3.2659E-02  -3.6066E-02  -3.4785E-02
  -9.5457E-02  -5.2825E-02  -6.3586E-03  -3.8321E-03  -8.8376E-04   1.0409E-03
   2.5220E-02   7.9066E-03   1.3665E-02  -1.9730E-02  -1.9544E-02  -1.2401E-02
  -3.3774E-02  -4.7658E-02  -2.9538E-03  -1.0823E-02  -1.4428E-02  -1.8229E-02
  -1.0840E-02   6.3598E-03   1.3423E-03   2.0390E-03  -2.1631E-03   2.8955E-02
   8.1495E-02  -6.4732E-03  -7.4150E-03   5.9448E-02   6.1663E-02   5.2297E-02
  -8.3540E-02  -7.6384E-02  -1.5635E-02  -1.0899E-02  -9.8314E-03  -9.1871E-03
   3.7904E-02   2.8180E-02   2.9984E-02   2.8319E-04   1.1858E-02   1.3010E-02
  -2.9416E-02  -3.5147E-02   1.9422E-02   2.6942E-02  -2.6815E-02  -1.9100E-02
  -1.1103E-02  -2.7209E-03  -9.1791E-03  -8.3935E-03  -1.3120E-02   5.9957E-02
   6.3190E-02  -1.8575E-02  -3.2754E-02   4.3444E-02   4.6335E-02   4.3465E-02
  -8.8344E-02  -7.5067E-02   1.4703E-02   1.0591E-02  -6.6576E-03  -4.4423E-03
   4.5869E-02   4.0279E-02   3.9268E-02  -2.0547E-02  -3.2975E-02  -2.3544E-02
  -2.4720E-02  -2.8920E-02  -1.8618E-02  -3.1087E-02   8.4394E-03   1.5969E-03
   4.8389E-03   1.4440E-02   1.2237E-02   1.4695E-02   1.0893E-02   1.0613E-01
   1.0460E-01  -9.7049E-03   9.7342E-03   1.1322E-01   1.2398E-01   1.1003E-01
  -1.0575E-01  -1.2063E-01   2.6059E-04   2.2892E-03  -1.6682E-02  -1.3827E-02
   5.1681E-02   5.4008E-02   5.1039E-02  -6.0842E-03  -4.7201E-03   2.3003E-04
  -2.0819E-02  -1.3017E-02  -8.3210E-04  -4.8793E-03  -8.0768E-03  -6.5626E-03
   1.3169E-04   5.2312E-03   1.6736E-03   2.9971E-03  -2.7596E-03
  > E    =  -9.159187407922E+02 +/-   3.461562113306E-04
  > varE =   1.202459035544E-02
* Computing derivatives.
    [walltime: 2m47s elapsed, 2h13m remaining]
    [walltime: 1h2m elapsed, 1h13m remaining]
  Done. [total walltime: 2h16m]
* Optimizing manipulation constant:
  #igrid a___________ E____________________________________ varE____________
     1     Infinity    -9.15918741E+02 +/-   3.46156211E-04   1.20245904E-02
     2     1.0000E+06  -9.15918741E+02 +/-   3.46156173E-04   1.20245877E-02
     3     2.1544E+05  -9.15918741E+02 +/-   3.46156033E-04   1.20245780E-02
     4     4.6416E+04  -9.15918741E+02 +/-   3.46155390E-04   1.20245333E-02
     5     1.0000E+04  -9.15918741E+02 +/-   3.46152490E-04   1.20243318E-02
     6     2.1544E+03  -9.15918742E+02 +/-   3.46140909E-04   1.20235273E-02
     7     4.6416E+02  -9.15918746E+02 +/-   3.46133347E-04   1.20230019E-02
     8     1.0000E+02  -9.15918527E+02 +/-   3.49459134E-04   1.22551555E-02
     9     2.1544E+01  -9.15886149E+02 +/-   6.37182035E-04   4.07430068E-02
    10     4.6416E+00  -9.15276874E+02 +/-   2.26606204E-03   5.15311248E-01
    11     1.0000E+00  -9.14359892E+02 +/-   3.23160611E-03   1.04800384E+00
    12     2.1544E-01  -9.14080917E+02 +/-   3.42069897E-03   1.17423696E+00
    13     4.6416E-02  -9.14005439E+02 +/-   3.46558238E-03   1.20525374E+00
    14     1.0000E-02  -9.13980818E+02 +/-   3.47939106E-03   1.21487758E+00
    15     2.1544E-03  -9.13974594E+02 +/-   3.48281471E-03   1.21726959E+00
    16     4.6416E-04  -9.13973199E+02 +/-   3.48357815E-03   1.21780330E+00
    17     1.0000E-04  -9.13972896E+02 +/-   3.48374389E-03   1.21791919E+00
    18     2.1544E-05  -9.13972831E+02 +/-   3.48377965E-03   1.21794419E+00
    19     4.6416E-06  -9.13972816E+02 +/-   3.48378736E-03   1.21794958E+00
    20     1.0000E-06  -9.13972813E+02 +/-   3.48378902E-03   1.21795074E+00
    21     0.0000E+00  -9.13972813E+02 +/-   3.48378948E-03   1.21795106E+00
  ParMin   9.7506E+02  -9.15918744E+02 +/-   3.46129309E-04   1.20227214E-02
  # Using grid point #7
* Iteration # 1: E =  -9.159187461637E+02 +/-   3.461333474559E-04
* Convergence: exiting.
* After optimization:
  -2.4717E+00  -1.6918E+00  -1.7979E+00  -1.4563E+00  -1.5625E+00  -2.4770E+00
   2.6346E-01   2.6000E-01   2.5129E-01   2.9413E-01   2.7505E-01   2.6212E-01
   2.9249E-01   3.3937E-01   3.2063E-01   3.2011E-01   3.0803E-01   3.2436E-01
   3.0244E-01   3.4418E-01   3.4159E-01   3.5152E-01   1.7867E-01   1.7492E-01
   1.7218E-01  -1.9310E-02  -3.0406E-02  -3.0218E-02  -4.0335E-02  -3.5398E-02
  -3.7596E-02  -4.4981E-02  -3.9528E-02  -4.5503E-02   6.0812E-02   5.5822E-02
   6.9977E-02   6.4081E-02   5.4846E-02   5.9618E-02   8.3504E-02   9.2418E-02
   1.3504E-01   1.3119E-01   1.3245E-01   3.9202E-02   4.4369E-02   5.3062E-02
   4.5805E-02   4.8607E-02   4.5369E-02   1.1722E-03   1.6261E-03   2.8114E-03
  -3.9031E-04  -3.3600E-02  -3.9642E-02  -3.7403E-02  -3.4576E-02  -1.6738E-01
  -2.3692E-01  -1.6634E-01  -2.3036E-01  -1.3772E-01  -1.7736E-01  -1.2774E-01
  -1.5847E-01  -1.7480E-01  -1.4481E-01  -1.6367E-01  -1.3447E-01  -1.6104E-01
  -1.3605E-01  -1.8948E-01  -1.7639E-01  -1.9282E-01  -1.8485E-01  -9.1677E-02
  -8.5167E-02  -8.6694E-02  -8.2069E-02   7.7302E-03   1.3224E-02   1.2092E-02
   1.9430E-02   2.1477E-02   1.7947E-02   2.2253E-02   1.1446E-02   2.3303E-02
   1.7478E-02  -2.2783E-02  -3.2766E-02  -2.6852E-02  -4.0447E-02  -2.1916E-02
  -3.4680E-02  -5.2197E-02  -3.0865E-02  -5.7636E-02  -3.7256E-02  -7.4005E-02
  -5.8181E-02  -7.2153E-02  -5.8987E-02  -8.3086E-03  -3.1383E-02  -1.1550E-02
  -3.3630E-02  -5.4662E-03  -3.4071E-02  -8.3267E-04   2.2743E-03  -9.6016E-04
   2.1016E-03   2.1040E-02   1.4097E-02   2.0346E-02   1.5860E-02   1.2968E+00
   8.7658E-01   9.3398E-01   8.0923E-01   8.5582E-01   1.3031E+00  -6.4727E-02
  -7.5187E-02  -5.4654E-02  -8.5011E-02  -3.3556E-02  -3.7050E-02  -3.5730E-02
  -9.7957E-02  -5.4271E-02  -6.5310E-03  -3.9370E-03  -9.0266E-04   1.0642E-03
   2.5851E-02   8.1081E-03   1.4011E-02  -2.0250E-02  -2.0066E-02  -1.2738E-02
  -3.4612E-02  -4.8873E-02  -3.0465E-03  -1.1124E-02  -1.4815E-02  -1.8708E-02
  -1.1124E-02   6.5179E-03   1.3808E-03   2.0961E-03  -2.2194E-03   2.9709E-02
   8.3472E-02  -6.7290E-03  -7.6646E-03   6.0892E-02   6.3152E-02   5.3553E-02
  -8.5756E-02  -7.8474E-02  -1.6040E-02  -1.1181E-02  -1.0091E-02  -9.4164E-03
   3.8841E-02   2.8899E-02   3.0750E-02   2.6006E-04   1.2159E-02   1.3345E-02
  -3.0191E-02  -3.6043E-02   1.9909E-02   2.7637E-02  -2.7511E-02  -1.9603E-02
  -1.1385E-02  -2.7805E-03  -9.4155E-03  -8.6146E-03  -1.3469E-02   5.9889E-02
   6.3088E-02  -1.8644E-02  -3.2803E-02   4.3386E-02   4.6264E-02   4.3402E-02
  -8.8386E-02  -7.5119E-02   1.4694E-02   1.0592E-02  -6.6519E-03  -4.4449E-03
   4.5858E-02   4.0280E-02   3.9283E-02  -2.0563E-02  -3.2994E-02  -2.3564E-02
  -2.4718E-02  -2.8918E-02  -1.8637E-02  -3.1111E-02   8.4201E-03   1.5822E-03
   4.8237E-03   1.4431E-02   1.2234E-02   1.4695E-02   1.0888E-02   1.0610E-01
   1.0454E-01  -9.8012E-03   9.6887E-03   1.1316E-01   1.2393E-01   1.0998E-01
  -1.0581E-01  -1.2075E-01   2.5353E-04   2.2868E-03  -1.6687E-02  -1.3831E-02
   5.1663E-02   5.4012E-02   5.1059E-02  -6.0989E-03  -4.7086E-03   2.3091E-04
  -2.0845E-02  -1.3023E-02  -8.4350E-04  -4.8698E-03  -8.0989E-03  -6.5727E-03
   1.2772E-04   5.2285E-03   1.6657E-03   2.9896E-03  -2.7712E-03
  > Energy =  -9.159187461637E+02 +/-   3.461333474559E-04
  > varE =   1.202300194167E-02

VMC #3:
* Size of Hilbert space =   7.3125E+12
* Number of equil. steps   = 1000
* Running VMC equilibration.
  Done. [total walltime: 0.13s]
* Equil. acc.ratio (%)     =   7.0836
* Sample config after equilibration:
  [draw: system geometry not defined]
* Number of accum. steps   = 501760 x 10
* Running VMC accumulation.
    [walltime: 1m elapsed, 1m52s remaining]
  Done. [total walltime: 2m53s]
* Acceptance ratio (%)     =   7.0447
* Etot/t                   =  -9.159182532977E+02 +/-   1.587316332379E-04
  > Ttot/t                 =  -9.551045159087E+01 +/-   1.362028109115E-03
  > Utot/t                 =   4.249698654223E+01 +/-   1.343086827765E-03
* var[Eloc/t]              =   1.211877747828E-02 +/-   1.182043477316E-04
* Correlation length       =   1.043191873528E+00
* Site occupation (ave. no. electrons per config.):
  > Site_  ___eu____  ___ed____
      1        0.496      0.499
      2        0.488      0.490
      3        0.494      0.496
      4        0.488      0.492
      5        0.506      0.507
      6        0.499      0.500
      7        0.503      0.501
      8        0.496      0.495
      9        0.498      0.496
     10        0.500      0.497
     11        0.506      0.505
     12        0.502      0.500
     13        0.498      0.503
     14        0.503      0.509
     15        0.498      0.497
     16        0.495      0.499
     17        0.497      0.492
     18        0.509      0.504
     19        0.507      0.507
     20        0.499      0.500
     21        0.506      0.507
     22        0.508      0.505
     23        0.495      0.494
     24        0.507      0.506
* Pair-correlation analysis (ave. no. pairs per config.):
  > Shell  nsite  ___dh____  __eueu___  __eued___
      0      1        0          0          4.372
      1      0        0.850      0.733      2.541
      2      0        0.434      0.330      1.254
      3      0        0.673      1.118      2.239
      4      0        0.337      0.548      1.107
      5      0        0.538      1.402      2.126
      6      0        0.544      1.395      2.129
      7      0        0.549      1.411      2.152
      8      0        0.545      1.425      2.114
      9      0        0.265      0.719      1.065
     10      0        0.126      1.040      1.000
     11      0        0.252      2.060      1.980
     12      0        0.158      0.912      1.022
     13      0        0.318      1.804      2.023
     14      0        0.307      1.829      2.132
     15      0        0.299      1.835      2.140
     16      0        0.300      1.814      2.112
     17      0        0.279      2.032      1.894
     18      0        0.283      2.046      1.911
     19      0        0.283      2.045      1.910
     20      0        0.076      0.482      0.502
     21      0        0.147      0.970      1.006
     22      0        0.142      1.008      0.980
     23      0        0.285      2.017      1.954
     24      0        0.261      2.109      1.935
     25      0        0.254      2.087      1.923
     26      0        0.261      2.113      1.940
     27      0        0.146      0.981      0.965
     28      0        0.288      1.981      1.965
     29      0        0.263      2.049      1.990
     30      0        0.260      2.019      1.970
     31      0        0.274      2.039      1.982
     32      0        0.268      1.983      1.934
     33      0        0.274      2.026      1.974
     34      0        0.274      2.024      1.971
     35      0        0.280      1.943      2.039
     36      0        0.277      1.953      2.038
     37      0        0.267      1.970      2.006
     38      0        0.259      2.000      2.047
     39      0        0.278      1.906      1.992
     40      0        0.265      1.999      2.040
     41      0        0.248      2.121      1.931
     42      0        0.247      2.105      1.914
     43      0        0.238      2.110      1.913
     44      0        0.245      2.000      2.102
     45      0        0.240      1.981      2.080
     46      0        0.242      1.982      2.081
     47      0        0.131      1.031      1.005
     48      0        0.261      2.034      1.983
     49      0        0.126      1.009      1.034
     50      0        0.249      2.003      2.044
     51      0        0.259      2.009      1.986
     52      0        0.270      2.023      2.003
     53      0        0.266      2.023      2.007
     54      0        0.271      2.008      1.995
     55      0        0.268      1.991      1.974
     56      0        0.244      2.017      2.037
     57      0        0.245      2.068      2.036
     58      0        0.243      2.040      2.015
     59      0        0.267      1.988      1.970
     60      0        0.245      2.037      2.017
     61      0        0.125      1.016      1.033
     62      0        0.297      1.951      1.915
     63      0        0.267      1.999      2.024
     64      0        0.264      2.009      2.030
     65      0        0.265      1.979      2.004
     66      0        0.150      0.982      0.967
     67      0        0.293      1.947      1.989
     68      0        0.289      1.929      1.976
     69      0        0.284      1.956      1.995
     70      0        0.122      1.021      1.028
     71      0        0.275      1.969      1.991
     72      0        0.123      1.024      1.029
     73      0        0.121      0.999      1.004
     74      0        0.264      1.972      1.990
     75      0        0.266      1.995      2.014
     76      0        0.074      0.474      0.483
     77      0        0.149      0.970      0.981
     78      0        0.248      2.056      2.043
     79      0        0.118      1.006      1.001

Optimization #3:
* Method          : lls
* Target function : energy
* No. of configs. : 100352
* No. of params.  : 245
* Before optimization:
  -2.4717E+00  -1.6918E+00  -1.7979E+00  -1.4563E+00  -1.5625E+00  -2.4770E+00
   2.6346E-01   2.6000E-01   2.5129E-01   2.9413E-01   2.7505E-01   2.6212E-01
   2.9249E-01   3.3937E-01   3.2063E-01   3.2011E-01   3.0803E-01   3.2436E-01
   3.0244E-01   3.4418E-01   3.4159E-01   3.5152E-01   1.7867E-01   1.7492E-01
   1.7218E-01  -1.9310E-02  -3.0406E-02  -3.0218E-02  -4.0335E-02  -3.5398E-02
  -3.7596E-02  -4.4981E-02  -3.9528E-02  -4.5503E-02   6.0812E-02   5.5822E-02
   6.9977E-02   6.4081E-02   5.4846E-02   5.9618E-02   8.3504E-02   9.2418E-02
   1.3504E-01   1.3119E-01   1.3245E-01   3.9202E-02   4.4369E-02   5.3062E-02
   4.5805E-02   4.8607E-02   4.5369E-02   1.1722E-03   1.6261E-03   2.8114E-03
  -3.9031E-04  -3.3600E-02  -3.9642E-02  -3.7403E-02  -3.4576E-02  -1.6738E-01
  -2.3692E-01  -1.6634E-01  -2.3036E-01  -1.3772E-01  -1.7736E-01  -1.2774E-01
  -1.5847E-01  -1.7480E-01  -1.4481E-01  -1.6367E-01  -1.3447E-01  -1.6104E-01
  -1.3605E-01  -1.8948E-01  -1.7639E-01  -1.9282E-01  -1.8485E-01  -9.1677E-02
  -8.5167E-02  -8.6694E-02  -8.2069E-02   7.7302E-03   1.3224E-02   1.2092E-02
   1.9430E-02   2.1477E-02   1.7947E-02   2.2253E-02   1.1446E-02   2.3303E-02
   1.7478E-02  -2.2783E-02  -3.2766E-02  -2.6852E-02  -4.0447E-02  -2.1916E-02
  -3.4680E-02  -5.2197E-02  -3.0865E-02  -5.7636E-02  -3.7256E-02  -7.4005E-02
  -5.8181E-02  -7.2153E-02  -5.8987E-02  -8.3086E-03  -3.1383E-02  -1.1550E-02
  -3.3630E-02  -5.4662E-03  -3.4071E-02  -8.3267E-04   2.2743E-03  -9.6016E-04
   2.1016E-03   2.1040E-02   1.4097E-02   2.0346E-02   1.5860E-02   1.2968E+00
   8.7658E-01   9.3398E-01   8.0923E-01   8.5582E-01   1.3031E+00  -6.4727E-02
  -7.5187E-02  -5.4654E-02  -8.5011E-02  -3.3556E-02  -3.7050E-02  -3.5730E-02
  -9.7957E-02  -5.4271E-02  -6.5310E-03  -3.9370E-03  -9.0266E-04   1.0642E-03
   2.5851E-02   8.1081E-03   1.4011E-02  -2.0250E-02  -2.0066E-02  -1.2738E-02
  -3.4612E-02  -4.8873E-02  -3.0465E-03  -1.1124E-02  -1.4815E-02  -1.8708E-02
  -1.1124E-02   6.5179E-03   1.3808E-03   2.0961E-03  -2.2194E-03   2.9709E-02
   8.3472E-02  -6.7290E-03  -7.6646E-03   6.0892E-02   6.3152E-02   5.3553E-02
  -8.5756E-02  -7.8474E-02  -1.6040E-02  -1.1181E-02  -1.0091E-02  -9.4164E-03
   3.8841E-02   2.8899E-02   3.0750E-02   2.6006E-04   1.2159E-02   1.3345E-02
  -3.0191E-02  -3.6043E-02   1.9909E-02   2.7637E-02  -2.7511E-02  -1.9603E-02
  -1.1385E-02  -2.7805E-03  -9.4155E-03  -8.6146E-03  -1.3469E-02   5.9889E-02
   6.3088E-02  -1.8644E-02  -3.2803E-02   4.3386E-02   4.6264E-02   4.3402E-02
  -8.8386E-02  -7.5119E-02   1.4694E-02   1.0592E-02  -6.6519E-03  -4.4449E-03
   4.5858E-02   4.0280E-02   3.9283E-02  -2.0563E-02  -3.2994E-02  -2.3564E-02
  -2.4718E-02  -2.8918E-02  -1.8637E-02  -3.1111E-02   8.4201E-03   1.5822E-03
   4.8237E-03   1.4431E-02   1.2234E-02   1.4695E-02   1.0888E-02   1.0610E-01
   1.0454E-01  -9.8012E-03   9.6887E-03   1.1316E-01   1.2393E-01   1.0998E-01
  -1.0581E-01  -1.2075E-01   2.5353E-04   2.2868E-03  -1.6687E-02  -1.3831E-02
   5.1663E-02   5.4012E-02   5.1059E-02  -6.0989E-03  -4.7086E-03   2.3091E-04
  -2.0845E-02  -1.3023E-02  -8.4350E-04  -4.8698E-03  -8.0989E-03  -6.5727E-03
   1.2772E-04   5.2285E-03   1.6657E-03   2.9896E-03  -2.7712E-03
  > E    =  -9.159184186682E+02 +/-   3.519011271294E-04
  > varE =   1.242703003745E-02
* Computing derivatives.
    [walltime: 2m47s elapsed, 2h13m remaining]
    [walltime: 1h2m elapsed, 1h13m remaining]
  Done. [total walltime: 2h16m]
* Optimizing manipulation constant:
  #igrid a___________ E____________________________________ varE____________
     1     Infinity    -9.15918419E+02 +/-   3.51901127E-04   1.24270300E-02
     2     1.0000E+06  -9.15918419E+02 +/-   3.51901084E-04   1.24270270E-02
     3     2.1544E+05  -9.15918419E+02 +/-   3.51900927E-04   1.24270159E-02
     4     4.6416E+04  -9.15918419E+02 +/-   3.51900199E-04   1.24269645E-02
     5     1.0000E+04  -9.15918419E+02 +/-   3.51896821E-04   1.24267259E-02
     6     2.1544E+03  -9.15918420E+02 +/-   3.51881153E-04   1.24256194E-02
     7     4.6416E+02  -9.15918427E+02 +/-   3.51808670E-04   1.24205008E-02
     8     1.0000E+02  -9.15918456E+02 +/-   3.51477362E-04   1.23971184E-02
     9     2.1544E+01  -9.15918583E+02 +/-   3.50042561E-04   1.22961099E-02
    10     4.6416E+00  -9.15919038E+02 +/-   3.45046532E-04   1.19476190E-02
    11     1.0000E+00  -9.15919894E+02 +/-   3.36524822E-04   1.13647592E-02
    12     2.1544E-01  -9.15914960E+02 +/-   3.82067937E-04   1.46489743E-02
    13     4.6416E-02   7.93507900E+03 +/-   5.77911211E+01   3.35156983E+08
    14     1.0000E-02  -9.14466066E+02 +/-   2.13134983E-03   4.55864222E-01
    15     2.1544E-03  -9.14780876E+02 +/-   1.99774584E-03   4.00503674E-01
    16     4.6416E-04  -9.14642501E+02 +/-   2.06364145E-03   4.27360638E-01
    17     1.0000E-04  -9.14557455E+02 +/-   2.09941212E-03   4.42304578E-01
    18     2.1544E-05  -9.14542335E+02 +/-   2.10522788E-03   4.44758503E-01
    19     4.6416E-06  -9.14539178E+02 +/-   2.10641917E-03   4.45261998E-01
    20     1.0000E-06  -9.14538502E+02 +/-   2.10667313E-03   4.45369371E-01
    21     0.0000E+00  -9.14538317E+02 +/-   2.10674271E-03   4.45398788E-01
  ParMin   1.7164E+00  -9.15919600E+02 +/-   3.39282815E-04   1.15518026E-02
  # Using grid point #11
* Iteration # 1: E =  -9.159198935491E+02 +/-   3.365248223603E-04
* Computing derivatives.
    [walltime: 2m47s elapsed, 2h13m remaining]
    [walltime: 1h2m elapsed, 1h13m remaining]
srun: Job step aborted: Waiting up to 32 seconds for job step to finish.
slurmstepd: error: *** STEP 777228.0 ON alnode246 CANCELLED AT 2025-08-23T18:58:50 DUE TO TIME LIMIT ***
slurmstepd: error: *** JOB 777228 ON alnode246 CANCELLED AT 2025-08-23T18:58:50 DUE TO TIME LIMIT ***
