Run started: Sun Aug 24 11:47:50 CEST 2025
Using VDAGGER_ARCH = gnu7_fkfamd_cluster
Running 1x128 MPI processes.

                               xx
                              +##
                               #X
                               Xx
                          X##XxXxxX##x
                           +   Xx  ++
                               ##
                              +##
                              +##
     ++++         ++          +##
   xX+++##+      ####         +##
  Xx    ###      +X##          ##
 xX    X##+        ##          #X
 +    x##X         #x          #X
      ###         +#           x+
     X##+         #+
     ###         Xx                    _______
     ##X       +X+   __________________VDAGGER
     +##x    +xX     2nd quantized variational
       +xxxxx+       ______quantum Monte Carlo

* Running 1024 MPI processes.
* Input file: "input.casl"

############# Start of input file dump #############
General:
  Random seed: timer

Plan:
  VMC-optimization:
    Minimum cycles: 5
    Convergence cycles: 3

System:
  Read Hamiltonian: FCIDUMP_loc
  Read orbitals: LTSC.mat
  Complex orbitals: F

VMC:
  nstep: 500000
  nconfig: 100000
  Report density: T
  Report pair correlation: T

Optimization:
  max_niter: 1

Jastrow: wfn.casl

Backflow: wfn.casl
############## End of input file dump ##############

General setup:
* Random seed: 1319564731 (from timer)

* Loaded integrals for system with nelec=24, ms2=0, norb=24
* INFO: setting number of electrons from integrals file.
* Analysis of Hamiltonian connecitivity performed:
  - T_ii (local, 1-site): 24 (i) values
  - U_iiii [opp] (local, 1-site): 24 (i) values
  - U_kkii [opp] (local, 2-site): 552 contribs. from 24 (i) values
  - U_kkii [par] (local, 2-site): 276 contribs. from 23 (i) values
  - T_ji (single, 2-site): 552 contribs. from 24 (i) values
  - U_kkji [opp] (single, 2/3-site): 13248 contribs. from 552 (i,j) pairs
  - U_kkji [par] (single, 3-site): 12696 contribs. from 552 (i,j) pairs
  - U_lkji [opp] (double, 2/3/4-site): 304384 contribs. from 552 (i,j) pairs
  - U_lkji [par] (double, 4-site): 71852 contribs. from 506 (i,j) pairs
  - Max. no. wfn. ratios in Eloc: 24357
* Reading override orbitals from file "LTSC.mat".
* Site labels:
  [draw_int: system geometry not defined]
* Automatically set Site kinds:
  [ 1, 2, 3, 2, 4, 1, 5, 3, 6, 1, 5, 5, 5, 5, 6, 1, 3, 4, 5, 5, 4, 5, 3, 4 ]
  [draw_int: system geometry not defined]
* Automatically set Site pair kinds:
  Site 1: [ 0, -68, 69, -17, -26, 22, -65, 18, -8, 9, -38, -25, 16, 29, 23, 21, -28, 40, 53, -51, -31, 15, 3, 64 ]
  Site 2: [ -68, 0, 62, 76, -71, -68, 32, 13, -27, 17, -55, 39, 32, 6, 4, 17, -13, -42, -6, -39, -71, -55, -62, -42 ]
  Site 3: [ 69, 62, 0, 13, -36, -3, -43, -77, 19, -28, -41, 74, 59, -75, 67, -18, 12, -54, -35, -5, 7, -34, 66, 33 ]
  Site 4: [ -17, 76, 13, 0, 42, -17, 39, 62, 4, 68, -6, 32, 39, 55, -27, 68, -62, 71, -55, -32, 42, -6, -13, 71 ]
  Site 5: [ -26, -71, -36, 42, 0, -31, -50, -33, 14, 40, 44, 11, 46, 57, 52, 64, -54, 61, 78, 60, -47, -1, -7, -72 ]
  Site 6: [ 22, -68, -3, -17, -31, 0, 16, 28, -8, 21, 15, 51, -65, -53, 23, 9, -18, 64, -29, 25, -26, -38, -69, 40 ]
  Site 7: [ -65, 32, -43, 39, -50, 16, 0, 74, -30, -51, -48, 73, 79, 56, -37, 25, -5, 60, 45, 2, 46, -58, -59, -11 ]
  Site 8: [ 18, 13, -77, 62, -33, 28, 74, 0, 67, 3, 75, -43, 5, 41, 19, -69, 66, -7, -34, -59, 54, -35, 12, 36 ]
  Site 9: [ -8, -27, 19, 4, 14, -8, -30, 67, 0, -23, -24, -37, -30, 63, -20, -23, -67, -52, -63, 37, 14, -24, -19, -52 ]
  Site 10: [ 9, 17, -28, 68, 40, 21, -51, 3, -23, 0, -53, -16, 25, 15, 8, 22, 69, -26, 38, -65, 64, 29, 18, -31 ]
  Site 11: [ -38, -55, -41, -6, 44, 15, -48, 75, -24, -53, 0, -56, -58, -70, -63, 29, 35, -78, -49, -45, -1, 10, 34, 57 ]
  Site 12: [ -25, 39, 74, 32, 11, 51, 73, -43, -37, -16, -56, 0, -2, 48, -30, 65, -59, -46, -58, -79, -60, 45, -5, 50 ]
  Site 13: [ 16, 32, 59, 39, 46, -65, 79, 5, -30, 25, -58, -2, 0, -45, -37, -51, -74, -11, -56, -73, -50, -48, 43, 60 ]
  Site 14: [ 29, 6, -75, 55, 57, -53, 56, 41, 63, 15, -70, 48, -45, 0, 24, -38, -34, -1, -10, -58, -78, 49, -35, 44 ]
  Site 15: [ 23, 4, 67, -27, 52, 23, -37, 19, -20, 8, -63, -30, -37, 24, 0, 8, -19, -14, -24, 30, 52, -63, -67, -14 ]
  Site 16: [ 21, 17, -18, 68, 64, 9, 25, -69, -23, 22, 29, 65, -51, -38, 8, 0, -3, -31, -15, 16, 40, -53, 28, -26 ]
  Site 17: [ -28, -13, 12, -62, -54, -18, -5, 66, -67, 69, 35, -59, -74, -34, -19, -3, 0, -36, 41, -43, 33, -75, -77, 7 ]
  Site 18: [ 40, -42, -54, 71, 61, 64, 60, -7, -52, -26, -78, -46, -11, -1, -14, -31, -36, 0, -44, -50, -72, 57, -33, -47 ]
  Site 19: [ 53, -6, -35, -55, 78, -29, 45, -34, -63, 38, -49, -58, -56, -10, -24, -15, 41, -44, 0, 48, -57, 70, -75, 1 ]
  Site 20: [ -51, -39, -5, -32, 60, 25, 2, -59, 37, -65, -45, -79, -73, -58, 30, 16, -43, -50, 48, 0, -11, 56, 74, 46 ]
  Site 21: [ -31, -71, 7, 42, -47, -26, 46, 54, 14, 64, -1, -60, -50, -78, 52, 40, 33, -72, -57, -11, 0, 44, 36, 61 ]
  Site 22: [ 15, -55, -34, -6, -1, -38, -58, -35, -24, 29, 10, 45, -48, 49, -63, -53, -75, 57, 70, 56, 44, 0, 41, -78 ]
  Site 23: [ 3, -62, 66, -13, -7, -69, -59, 12, -19, 18, 34, -5, 43, -35, -67, 28, -77, -33, -75, 74, 36, 41, 0, 54 ]
  Site 24: [ 64, -42, 33, 71, -72, 40, -11, 36, -52, -31, 57, 50, 60, 44, -14, -26, 7, -47, 1, 46, 61, -78, 54, 0 ]
  For site 1 of kind 1:
  [draw_int: system geometry not defined]
  For site 2 of kind 2:
  [draw_int: system geometry not defined]
  For site 3 of kind 3:
  [draw_int: system geometry not defined]
  For site 5 of kind 4:
  [draw_int: system geometry not defined]
  For site 7 of kind 5:
  [draw_int: system geometry not defined]
  For site 9 of kind 6:
  [draw_int: system geometry not defined]
General system setup:
* Number of sites       : 24
* Number of electrons   : 24
* Spin imbalance MS2    : 0
* Filling               : 0.500000
* Number of orbitals in pool: 24
* Using real-valued orbitals
* Using double-precision arithmetic for orbitals

Trial wave function setup:
* Jastrow parameter file: "wfn.casl"
* Not using multideterminants
* Backflow parameter file: "wfn.casl"
* Not using wave function manipulation

VMC #1:
* Size of Hilbert space =   7.3125E+12
* Number of equil. steps   = 1000
* Running VMC equilibration.
  Done. [total walltime: 0.13s]
* Equil. acc.ratio (%)     =   7.0856
* Sample config after equilibration:
  [draw: system geometry not defined]
* Number of accum. steps   = 501760 x 10
* Running VMC accumulation.
    [walltime: 1m elapsed, 1m50s remaining]
  Done. [total walltime: 2m51s]
* Acceptance ratio (%)     =   7.0456
* Etot/t                   =  -9.159184345206E+02 +/-   1.565860928116E-04
  > Ttot/t                 =  -9.551111665376E+01 +/-   1.372493662374E-03
  > Utot/t                 =   4.249747038221E+01 +/-   1.352253789091E-03
* var[Eloc/t]              =   1.202575509962E-02 +/-   5.735839790748E-05
* Correlation length       =   1.023033974078E+00
* Site occupation (ave. no. electrons per config.):
  > Site_  ___eu____  ___ed____
      1        0.501      0.497
      2        0.489      0.489
      3        0.495      0.492
      4        0.491      0.488
      5        0.510      0.505
      6        0.496      0.501
      7        0.496      0.502
      8        0.494      0.491
      9        0.497      0.499
     10        0.499      0.500
     11        0.506      0.506
     12        0.501      0.499
     13        0.500      0.501
     14        0.509      0.504
     15        0.499      0.499
     16        0.499      0.499
     17        0.495      0.497
     18        0.505      0.506
     19        0.503      0.507
     20        0.505      0.499
     21        0.507      0.508
     22        0.503      0.508
     23        0.493      0.495
     24        0.508      0.507
* Pair-correlation analysis (ave. no. pairs per config.):
  > Shell  nsite  ___dh____  __eueu___  __eued___
      0      1        0          0          4.372
      1      0        0.851      0.729      2.545
      2      0        0.432      0.327      1.255
      3      0        0.672      1.116      2.242
      4      0        0.340      0.549      1.106
      5      0        0.537      1.394      2.125
      6      0        0.542      1.395      2.126
      7      0        0.546      1.417      2.150
      8      0        0.547      1.433      2.120
      9      0        0.266      0.721      1.067
     10      0        0.126      1.038      0.999
     11      0        0.250      2.062      1.981
     12      0        0.159      0.908      1.021
     13      0        0.317      1.799      2.022
     14      0        0.307      1.839      2.138
     15      0        0.299      1.835      2.138
     16      0        0.297      1.810      2.119
     17      0        0.280      2.032      1.894
     18      0        0.282      2.048      1.911
     19      0        0.283      2.049      1.910
     20      0        0.075      0.484      0.504
     21      0        0.147      0.973      1.010
     22      0        0.141      1.013      0.981
     23      0        0.288      2.022      1.958
     24      0        0.262      2.108      1.938
     25      0        0.255      2.094      1.917
     26      0        0.260      2.117      1.946
     27      0        0.145      0.983      0.971
     28      0        0.285      1.990      1.963
     29      0        0.262      2.048      1.994
     30      0        0.263      2.023      1.969
     31      0        0.271      2.042      1.994
     32      0        0.268      1.979      1.930
     33      0        0.274      2.026      1.971
     34      0        0.271      2.017      1.971
     35      0        0.279      1.941      2.033
     36      0        0.279      1.954      2.035
     37      0        0.265      1.977      2.011
     38      0        0.259      2.005      2.042
     39      0        0.279      1.902      1.985
     40      0        0.265      2.005      2.045
     41      0        0.246      2.115      1.926
     42      0        0.247      2.101      1.917
     43      0        0.239      2.109      1.903
     44      0        0.245      2.007      2.099
     45      0        0.241      1.973      2.074
     46      0        0.242      1.984      2.078
     47      0        0.132      1.031      1.007
     48      0        0.257      2.034      1.981
     49      0        0.126      1.010      1.029
     50      0        0.248      2.008      2.040
     51      0        0.262      2.000      1.992
     52      0        0.270      2.029      2.011
     53      0        0.264      2.027      2.009
     54      0        0.271      2.012      1.993
     55      0        0.266      1.986      1.973
     56      0        0.241      2.017      2.029
     57      0        0.244      2.063      2.042
     58      0        0.241      2.029      2.018
     59      0        0.266      1.978      1.970
     60      0        0.243      2.034      2.022
     61      0        0.123      1.023      1.033
     62      0        0.299      1.946      1.911
     63      0        0.273      1.998      2.021
     64      0        0.266      2.008      2.037
     65      0        0.265      1.985      2.000
     66      0        0.150      0.979      0.965
     67      0        0.292      1.946      1.996
     68      0        0.289      1.933      1.974
     69      0        0.288      1.952      1.996
     70      0        0.123      1.018      1.024
     71      0        0.270      1.973      1.991
     72      0        0.124      1.026      1.031
     73      0        0.120      1.000      1.000
     74      0        0.264      1.973      1.980
     75      0        0.270      1.988      2.004
     76      0        0.075      0.474      0.480
     77      0        0.150      0.965      0.981
     78      0        0.243      2.059      2.047
     79      0        0.118      1.001      1.002

Optimization #1:
* Method          : lls
* Target function : energy
* No. of configs. : 100352
* No. of params.  : 245
* Before optimization:
  -2.4717E+00  -1.6918E+00  -1.7979E+00  -1.4563E+00  -1.5625E+00  -2.4770E+00
   2.6346E-01   2.6000E-01   2.5129E-01   2.9413E-01   2.7505E-01   2.6212E-01
   2.9249E-01   3.3937E-01   3.2063E-01   3.2011E-01   3.0803E-01   3.2436E-01
   3.0244E-01   3.4418E-01   3.4159E-01   3.5152E-01   1.7867E-01   1.7492E-01
   1.7218E-01  -1.9310E-02  -3.0406E-02  -3.0218E-02  -4.0335E-02  -3.5398E-02
  -3.7596E-02  -4.4981E-02  -3.9528E-02  -4.5503E-02   6.0812E-02   5.5822E-02
   6.9977E-02   6.4081E-02   5.4846E-02   5.9618E-02   8.3504E-02   9.2418E-02
   1.3504E-01   1.3119E-01   1.3245E-01   3.9202E-02   4.4369E-02   5.3062E-02
   4.5805E-02   4.8607E-02   4.5369E-02   1.1722E-03   1.6261E-03   2.8114E-03
  -3.9031E-04  -3.3600E-02  -3.9642E-02  -3.7403E-02  -3.4576E-02  -1.6738E-01
  -2.3692E-01  -1.6634E-01  -2.3036E-01  -1.3772E-01  -1.7736E-01  -1.2774E-01
  -1.5847E-01  -1.7480E-01  -1.4481E-01  -1.6367E-01  -1.3447E-01  -1.6104E-01
  -1.3605E-01  -1.8948E-01  -1.7639E-01  -1.9282E-01  -1.8485E-01  -9.1677E-02
  -8.5167E-02  -8.6694E-02  -8.2069E-02   7.7302E-03   1.3224E-02   1.2092E-02
   1.9430E-02   2.1477E-02   1.7947E-02   2.2253E-02   1.1446E-02   2.3303E-02
   1.7478E-02  -2.2783E-02  -3.2766E-02  -2.6852E-02  -4.0447E-02  -2.1916E-02
  -3.4680E-02  -5.2197E-02  -3.0865E-02  -5.7636E-02  -3.7256E-02  -7.4005E-02
  -5.8181E-02  -7.2153E-02  -5.8987E-02  -8.3086E-03  -3.1383E-02  -1.1550E-02
  -3.3630E-02  -5.4662E-03  -3.4071E-02  -8.3267E-04   2.2743E-03  -9.6016E-04
   2.1016E-03   2.1040E-02   1.4097E-02   2.0346E-02   1.5860E-02   1.2968E+00
   8.7658E-01   9.3398E-01   8.0923E-01   8.5582E-01   1.3031E+00  -6.4727E-02
  -7.5187E-02  -5.4654E-02  -8.5011E-02  -3.3556E-02  -3.7050E-02  -3.5730E-02
  -9.7957E-02  -5.4271E-02  -6.5310E-03  -3.9370E-03  -9.0266E-04   1.0642E-03
   2.5851E-02   8.1081E-03   1.4011E-02  -2.0250E-02  -2.0066E-02  -1.2738E-02
  -3.4612E-02  -4.8873E-02  -3.0465E-03  -1.1124E-02  -1.4815E-02  -1.8708E-02
  -1.1124E-02   6.5179E-03   1.3808E-03   2.0961E-03  -2.2194E-03   2.9709E-02
   8.3472E-02  -6.7290E-03  -7.6646E-03   6.0892E-02   6.3152E-02   5.3553E-02
  -8.5756E-02  -7.8474E-02  -1.6040E-02  -1.1181E-02  -1.0091E-02  -9.4164E-03
   3.8841E-02   2.8899E-02   3.0750E-02   2.6006E-04   1.2159E-02   1.3345E-02
  -3.0191E-02  -3.6043E-02   1.9909E-02   2.7637E-02  -2.7511E-02  -1.9603E-02
  -1.1385E-02  -2.7805E-03  -9.4155E-03  -8.6146E-03  -1.3469E-02   5.9889E-02
   6.3088E-02  -1.8644E-02  -3.2803E-02   4.3386E-02   4.6264E-02   4.3402E-02
  -8.8386E-02  -7.5119E-02   1.4694E-02   1.0592E-02  -6.6519E-03  -4.4449E-03
   4.5858E-02   4.0280E-02   3.9283E-02  -2.0563E-02  -3.2994E-02  -2.3564E-02
  -2.4718E-02  -2.8918E-02  -1.8637E-02  -3.1111E-02   8.4201E-03   1.5822E-03
   4.8237E-03   1.4431E-02   1.2234E-02   1.4695E-02   1.0888E-02   1.0610E-01
   1.0454E-01  -9.8012E-03   9.6887E-03   1.1316E-01   1.2393E-01   1.0998E-01
  -1.0581E-01  -1.2075E-01   2.5353E-04   2.2868E-03  -1.6687E-02  -1.3831E-02
   5.1663E-02   5.4012E-02   5.1059E-02  -6.0989E-03  -4.7086E-03   2.3091E-04
  -2.0845E-02  -1.3023E-02  -8.4350E-04  -4.8698E-03  -8.0989E-03  -6.5727E-03
   1.2772E-04   5.2285E-03   1.6657E-03   2.9896E-03  -2.7712E-03
  > E    =  -9.159187557568E+02 +/-   3.455195634052E-04
  > varE =   1.198039995615E-02
* Computing derivatives.
    [walltime: 2m45s elapsed, 2h12m remaining]
    [walltime: 1h1m elapsed, 1h12m remaining]
  Done. [total walltime: 2h13m]
* Optimizing manipulation constant:
  #igrid a___________ E____________________________________ varE____________
     1     Infinity    -9.15918756E+02 +/-   3.45519563E-04   1.19804000E-02
     2     1.0000E+06  -9.15918756E+02 +/-   3.45519522E-04   1.19803971E-02
     3     2.1544E+05  -9.15918756E+02 +/-   3.45519372E-04   1.19803867E-02
     4     4.6416E+04  -9.15918756E+02 +/-   3.45518679E-04   1.19803387E-02
     5     1.0000E+04  -9.15918756E+02 +/-   3.45515525E-04   1.19801199E-02
     6     2.1544E+03  -9.15918757E+02 +/-   3.45502226E-04   1.19791977E-02
     7     4.6416E+02  -9.15918763E+02 +/-   3.45471853E-04   1.19770916E-02
     8     1.0000E+02  -9.15918708E+02 +/-   3.47109606E-04   1.20909186E-02
     9     2.1544E+01  -9.15809203E+02 +/-   1.03576104E-03   1.07657718E-01
    10     4.6416E+00  -9.08876422E+02 +/-   4.32000218E-02   1.87281106E+02
    11     1.0000E+00  -9.13073357E+02 +/-   3.74054461E-03   1.40409247E+00
    12     2.1544E-01  -9.14818774E+02 +/-   2.77174128E-03   7.70959230E-01
    13     4.6416E-02  -9.15394277E+02 +/-   2.00553533E-03   4.03632999E-01
    14     1.0000E-02  -9.15509402E+02 +/-   1.78991714E-03   3.21508075E-01
    15     2.1544E-03  -9.15533003E+02 +/-   1.74147211E-03   3.04340031E-01
    16     4.6416E-04  -9.15538020E+02 +/-   1.73095700E-03   3.00675880E-01
    17     1.0000E-04  -9.15539098E+02 +/-   1.72868816E-03   2.99888180E-01
    18     2.1544E-05  -9.15539330E+02 +/-   1.72819920E-03   2.99718555E-01
    19     4.6416E-06  -9.15539380E+02 +/-   1.72809385E-03   2.99682015E-01
    20     1.0000E-06  -9.15539391E+02 +/-   1.72807115E-03   2.99674143E-01
    21     0.0000E+00  -9.15539394E+02 +/-   1.72806492E-03   2.99671981E-01
  ParMin   8.6849E+02  -9.15918760E+02 +/-   3.45483335E-04   1.19778878E-02
  # Using grid point #7
* Iteration # 1: E =  -9.159187634956E+02 +/-   3.454718528003E-04
* Reached maximum number of iterations: exiting.
* After optimization:
  -2.5079E+00  -1.7269E+00  -1.8328E+00  -1.4912E+00  -1.5978E+00  -2.5125E+00
   2.6336E-01   2.5995E-01   2.5126E-01   2.9418E-01   2.7507E-01   2.6209E-01
   2.9250E-01   3.3935E-01   3.2063E-01   3.2013E-01   3.0804E-01   3.2437E-01
   3.0246E-01   3.4418E-01   3.4161E-01   3.5153E-01   1.7867E-01   1.7492E-01
   1.7218E-01  -1.9312E-02  -3.0395E-02  -3.0217E-02  -4.0318E-02  -3.5389E-02
  -3.7583E-02  -4.4951E-02  -3.9525E-02  -4.5471E-02   6.0815E-02   5.5834E-02
   6.9983E-02   6.4097E-02   5.4860E-02   5.9624E-02   8.3529E-02   9.2449E-02
   1.3506E-01   1.3122E-01   1.3246E-01   3.9224E-02   4.4384E-02   5.3073E-02
   4.5837E-02   4.8638E-02   4.5406E-02   1.1690E-03   1.6273E-03   2.8149E-03
  -3.7934E-04  -3.3600E-02  -3.9625E-02  -3.7408E-02  -3.4578E-02  -1.6725E-01
  -2.3675E-01  -1.6632E-01  -2.3029E-01  -1.3772E-01  -1.7736E-01  -1.2772E-01
  -1.5845E-01  -1.7481E-01  -1.4482E-01  -1.6368E-01  -1.3449E-01  -1.6105E-01
  -1.3607E-01  -1.8944E-01  -1.7636E-01  -1.9278E-01  -1.8481E-01  -9.1677E-02
  -8.5174E-02  -8.6692E-02  -8.2072E-02   7.7345E-03   1.3221E-02   1.2095E-02
   1.9430E-02   2.1469E-02   1.7934E-02   2.2241E-02   1.1436E-02   2.3301E-02
   1.7462E-02  -2.2782E-02  -3.2770E-02  -2.6846E-02  -4.0445E-02  -2.1915E-02
  -3.4683E-02  -5.2217E-02  -3.0877E-02  -5.7648E-02  -3.7261E-02  -7.4016E-02
  -5.8196E-02  -7.2162E-02  -5.8992E-02  -8.3159E-03  -3.1387E-02  -1.1558E-02
  -3.3647E-02  -5.4884E-03  -3.4086E-02  -8.3923E-04   2.2709E-03  -9.6543E-04
   2.0978E-03   2.1037E-02   1.4093E-02   2.0348E-02   1.5861E-02   1.3204E+00
   8.9193E-01   9.5030E-01   8.2336E-01   8.7096E-01   1.3263E+00  -6.5962E-02
  -7.6615E-02  -5.5676E-02  -8.6621E-02  -3.4226E-02  -3.7790E-02  -3.6427E-02
  -9.9817E-02  -5.5356E-02  -6.6599E-03  -4.0135E-03  -9.2719E-04   1.0796E-03
   2.6312E-02   8.2594E-03   1.4241E-02  -2.0642E-02  -2.0451E-02  -1.2991E-02
  -3.5189E-02  -4.9761E-02  -3.1335E-03  -1.1369E-02  -1.5109E-02  -1.9058E-02
  -1.1331E-02   6.6169E-03   1.4003E-03   2.1336E-03  -2.2632E-03   3.0241E-02
   8.4871E-02  -6.9342E-03  -7.9016E-03   6.1900E-02   6.4194E-02   5.4421E-02
  -8.7427E-02  -8.0070E-02  -1.6341E-02  -1.1384E-02  -1.0281E-02  -9.5767E-03
   3.9518E-02   2.9416E-02   3.1302E-02   2.3495E-04   1.2373E-02   1.3583E-02
  -3.0749E-02  -3.6700E-02   2.0245E-02   2.8136E-02  -2.8026E-02  -1.9976E-02
  -1.1584E-02  -2.8365E-03  -9.5923E-03  -8.7775E-03  -1.3723E-02   5.9801E-02
   6.2984E-02  -1.8703E-02  -3.2861E-02   4.3321E-02   4.6194E-02   4.3337E-02
  -8.8443E-02  -7.5163E-02   1.4688E-02   1.0593E-02  -6.6578E-03  -4.4476E-03
   4.5859E-02   4.0283E-02   3.9286E-02  -2.0586E-02  -3.3005E-02  -2.3583E-02
  -2.4707E-02  -2.8918E-02  -1.8669E-02  -3.1155E-02   8.3989E-03   1.5771E-03
   4.8045E-03   1.4406E-02   1.2226E-02   1.4690E-02   1.0883E-02   1.0605E-01
   1.0446E-01  -9.9009E-03   9.6298E-03   1.1309E-01   1.2387E-01   1.0992E-01
  -1.0591E-01  -1.2087E-01   2.4257E-04   2.2828E-03  -1.6693E-02  -1.3834E-02
   5.1660E-02   5.4015E-02   5.1078E-02  -6.1160E-03  -4.6921E-03   2.3597E-04
  -2.0869E-02  -1.3038E-02  -8.6394E-04  -4.8642E-03  -8.1177E-03  -6.5900E-03
   1.2504E-04   5.2188E-03   1.6560E-03   2.9795E-03  -2.7821E-03
  > Energy =  -9.159187634956E+02 +/-   3.454718528003E-04
  > varE =   1.197709158971E-02

VMC #2:
* Size of Hilbert space =   7.3125E+12
* Number of equil. steps   = 1000
* Running VMC equilibration.
  Done. [total walltime: 0.13s]
* Equil. acc.ratio (%)     =   6.9577
* Sample config after equilibration:
  [draw: system geometry not defined]
* Number of accum. steps   = 501760 x 10
* Running VMC accumulation.
    [walltime: 1m elapsed, 1m48s remaining]
  Done. [total walltime: 2m48s]
* Acceptance ratio (%)     =   6.9122
* Etot/t                   =  -9.159184436542E+02 +/-   1.583744675664E-04
  > Ttot/t                 =  -9.551274315541E+01 +/-   1.373297196345E-03
  > Utot/t                 =   4.249908775021E+01 +/-   1.351120505608E-03
* var[Eloc/t]              =   1.211194385019E-02 +/-   1.274642024386E-04
* Correlation length       =   1.039088464643E+00
* Site occupation (ave. no. electrons per config.):
  > Site_  ___eu____  ___ed____
      1        0.499      0.498
      2        0.489      0.495
      3        0.495      0.494
      4        0.492      0.491
      5        0.508      0.505
      6        0.499      0.500
      7        0.498      0.503
      8        0.494      0.498
      9        0.498      0.498
     10        0.497      0.500
     11        0.504      0.504
     12        0.498      0.503
     13        0.503      0.498
     14        0.506      0.506
     15        0.500      0.495
     16        0.498      0.498
     17        0.495      0.492
     18        0.507      0.506
     19        0.505      0.505
     20        0.500      0.498
     21        0.509      0.507
     22        0.505      0.509
     23        0.494      0.492
     24        0.507      0.507
* Pair-correlation analysis (ave. no. pairs per config.):
  > Shell  nsite  ___dh____  __eueu___  __eued___
      0      1        0          0          4.373
      1      0        0.856      0.730      2.535
      2      0        0.433      0.326      1.253
      3      0        0.670      1.116      2.242
      4      0        0.341      0.552      1.107
      5      0        0.535      1.397      2.126
      6      0        0.548      1.401      2.130
      7      0        0.548      1.418      2.149
      8      0        0.540      1.430      2.118
      9      0        0.262      0.719      1.069
     10      0        0.126      1.036      0.999
     11      0        0.251      2.063      1.979
     12      0        0.161      0.907      1.022
     13      0        0.318      1.816      2.026
     14      0        0.306      1.832      2.137
     15      0        0.297      1.833      2.138
     16      0        0.295      1.811      2.117
     17      0        0.280      2.036      1.906
     18      0        0.281      2.049      1.907
     19      0        0.282      2.042      1.910
     20      0        0.074      0.483      0.504
     21      0        0.146      0.972      1.007
     22      0        0.139      1.010      0.982
     23      0        0.286      2.013      1.954
     24      0        0.262      2.103      1.933
     25      0        0.253      2.091      1.916
     26      0        0.260      2.115      1.942
     27      0        0.146      0.986      0.971
     28      0        0.282      1.986      1.966
     29      0        0.258      2.049      1.991
     30      0        0.262      2.018      1.968
     31      0        0.272      2.036      1.996
     32      0        0.271      1.992      1.933
     33      0        0.272      2.028      1.975
     34      0        0.272      2.012      1.974
     35      0        0.281      1.940      2.029
     36      0        0.279      1.958      2.033
     37      0        0.266      1.970      2.006
     38      0        0.257      2.007      2.034
     39      0        0.279      1.910      2.000
     40      0        0.265      2.000      2.043
     41      0        0.249      2.111      1.929
     42      0        0.252      2.111      1.925
     43      0        0.235      2.111      1.909
     44      0        0.248      2.005      2.093
     45      0        0.240      1.971      2.076
     46      0        0.243      1.977      2.081
     47      0        0.133      1.030      1.010
     48      0        0.260      2.032      1.975
     49      0        0.125      1.006      1.031
     50      0        0.247      2.011      2.038
     51      0        0.259      2.001      1.989
     52      0        0.270      2.027      2.004
     53      0        0.264      2.019      2.010
     54      0        0.271      2.007      2.000
     55      0        0.274      1.991      1.976
     56      0        0.241      2.016      2.030
     57      0        0.247      2.062      2.034
     58      0        0.243      2.028      2.015
     59      0        0.264      1.982      1.972
     60      0        0.245      2.032      2.020
     61      0        0.123      1.020      1.035
     62      0        0.299      1.952      1.927
     63      0        0.270      1.995      2.018
     64      0        0.267      2.014      2.025
     65      0        0.265      1.981      2.000
     66      0        0.149      0.980      0.968
     67      0        0.287      1.950      1.989
     68      0        0.291      1.939      1.981
     69      0        0.285      1.956      1.991
     70      0        0.122      1.021      1.023
     71      0        0.273      1.985      2.000
     72      0        0.124      1.027      1.028
     73      0        0.120      0.997      1.003
     74      0        0.265      1.972      1.981
     75      0        0.270      1.992      1.999
     76      0        0.075      0.479      0.488
     77      0        0.149      0.967      0.980
     78      0        0.246      2.049      2.050
     79      0        0.119      1.004      0.999

Optimization #2:
* Method          : lls
* Target function : energy
* No. of configs. : 100352
* No. of params.  : 245
* Before optimization:
  -2.5079E+00  -1.7269E+00  -1.8328E+00  -1.4912E+00  -1.5978E+00  -2.5125E+00
   2.6336E-01   2.5995E-01   2.5126E-01   2.9418E-01   2.7507E-01   2.6209E-01
   2.9250E-01   3.3935E-01   3.2063E-01   3.2013E-01   3.0804E-01   3.2437E-01
   3.0246E-01   3.4418E-01   3.4161E-01   3.5153E-01   1.7867E-01   1.7492E-01
   1.7218E-01  -1.9312E-02  -3.0395E-02  -3.0217E-02  -4.0318E-02  -3.5389E-02
  -3.7583E-02  -4.4951E-02  -3.9525E-02  -4.5471E-02   6.0815E-02   5.5834E-02
   6.9983E-02   6.4097E-02   5.4860E-02   5.9624E-02   8.3529E-02   9.2449E-02
   1.3506E-01   1.3122E-01   1.3246E-01   3.9224E-02   4.4384E-02   5.3073E-02
   4.5837E-02   4.8638E-02   4.5406E-02   1.1690E-03   1.6273E-03   2.8149E-03
  -3.7934E-04  -3.3600E-02  -3.9625E-02  -3.7408E-02  -3.4578E-02  -1.6725E-01
  -2.3675E-01  -1.6632E-01  -2.3029E-01  -1.3772E-01  -1.7736E-01  -1.2772E-01
  -1.5845E-01  -1.7481E-01  -1.4482E-01  -1.6368E-01  -1.3449E-01  -1.6105E-01
  -1.3607E-01  -1.8944E-01  -1.7636E-01  -1.9278E-01  -1.8481E-01  -9.1677E-02
  -8.5174E-02  -8.6692E-02  -8.2072E-02   7.7345E-03   1.3221E-02   1.2095E-02
   1.9430E-02   2.1469E-02   1.7934E-02   2.2241E-02   1.1436E-02   2.3301E-02
   1.7462E-02  -2.2782E-02  -3.2770E-02  -2.6846E-02  -4.0445E-02  -2.1915E-02
  -3.4683E-02  -5.2217E-02  -3.0877E-02  -5.7648E-02  -3.7261E-02  -7.4016E-02
  -5.8196E-02  -7.2162E-02  -5.8992E-02  -8.3159E-03  -3.1387E-02  -1.1558E-02
  -3.3647E-02  -5.4884E-03  -3.4086E-02  -8.3923E-04   2.2709E-03  -9.6543E-04
   2.0978E-03   2.1037E-02   1.4093E-02   2.0348E-02   1.5861E-02   1.3204E+00
   8.9193E-01   9.5030E-01   8.2336E-01   8.7096E-01   1.3263E+00  -6.5962E-02
  -7.6615E-02  -5.5676E-02  -8.6621E-02  -3.4226E-02  -3.7790E-02  -3.6427E-02
  -9.9817E-02  -5.5356E-02  -6.6599E-03  -4.0135E-03  -9.2719E-04   1.0796E-03
   2.6312E-02   8.2594E-03   1.4241E-02  -2.0642E-02  -2.0451E-02  -1.2991E-02
  -3.5189E-02  -4.9761E-02  -3.1335E-03  -1.1369E-02  -1.5109E-02  -1.9058E-02
  -1.1331E-02   6.6169E-03   1.4003E-03   2.1336E-03  -2.2632E-03   3.0241E-02
   8.4871E-02  -6.9342E-03  -7.9016E-03   6.1900E-02   6.4194E-02   5.4421E-02
  -8.7427E-02  -8.0070E-02  -1.6341E-02  -1.1384E-02  -1.0281E-02  -9.5767E-03
   3.9518E-02   2.9416E-02   3.1302E-02   2.3495E-04   1.2373E-02   1.3583E-02
  -3.0749E-02  -3.6700E-02   2.0245E-02   2.8136E-02  -2.8026E-02  -1.9976E-02
  -1.1584E-02  -2.8365E-03  -9.5923E-03  -8.7775E-03  -1.3723E-02   5.9801E-02
   6.2984E-02  -1.8703E-02  -3.2861E-02   4.3321E-02   4.6194E-02   4.3337E-02
  -8.8443E-02  -7.5163E-02   1.4688E-02   1.0593E-02  -6.6578E-03  -4.4476E-03
   4.5859E-02   4.0283E-02   3.9286E-02  -2.0586E-02  -3.3005E-02  -2.3583E-02
  -2.4707E-02  -2.8918E-02  -1.8669E-02  -3.1155E-02   8.3989E-03   1.5771E-03
   4.8045E-03   1.4406E-02   1.2226E-02   1.4690E-02   1.0883E-02   1.0605E-01
   1.0446E-01  -9.9009E-03   9.6298E-03   1.1309E-01   1.2387E-01   1.0992E-01
  -1.0591E-01  -1.2087E-01   2.4257E-04   2.2828E-03  -1.6693E-02  -1.3834E-02
   5.1660E-02   5.4015E-02   5.1078E-02  -6.1160E-03  -4.6921E-03   2.3597E-04
  -2.0869E-02  -1.3038E-02  -8.6394E-04  -4.8642E-03  -8.1177E-03  -6.5900E-03
   1.2504E-04   5.2188E-03   1.6560E-03   2.9795E-03  -2.7821E-03
  > E    =  -9.159183067536E+02 +/-   3.456315008220E-04
  > varE =   1.198816375534E-02
* Computing derivatives.
    [walltime: 2m44s elapsed, 2h11m remaining]
    [walltime: 1h2m elapsed, 1h10m remaining]
  Done. [total walltime: 2h13m]
* Optimizing manipulation constant:
  #igrid a___________ E____________________________________ varE____________
     1     Infinity    -9.15918307E+02 +/-   3.45631501E-04   1.19881638E-02
     2     1.0000E+06  -9.15918307E+02 +/-   3.45631463E-04   1.19881611E-02
     3     2.1544E+05  -9.15918307E+02 +/-   3.45631327E-04   1.19881517E-02
     4     4.6416E+04  -9.15918307E+02 +/-   3.45630721E-04   1.19881097E-02
     5     1.0000E+04  -9.15918307E+02 +/-   3.45628465E-04   1.19879532E-02
     6     2.1544E+03  -9.15918309E+02 +/-   3.45630222E-04   1.19880750E-02
     7     4.6416E+02  -9.15918306E+02 +/-   3.46038363E-04   1.20164042E-02
     8     1.0000E+02  -9.15913834E+02 +/-   4.04493591E-04   1.64190990E-02
     9     2.1544E+01  -9.15106267E+02 +/-   2.51712713E-03   6.35823147E-01
    10     4.6416E+00  -9.12839929E+02 +/-   3.71134305E-03   1.38225520E+00
    11     1.0000E+00 (error)
    12     2.1544E-01 (error)
    13     4.6416E-02 (error)
    14     1.0000E-02 (error)
    15     2.1544E-03 (error)
    16     4.6416E-04 (error)
    17     1.0000E-04 (error)
    18     2.1544E-05 (error)
    19     4.6416E-06 (error)
    20     1.0000E-06 (error)
    21     0.0000E+00 (error)
* Iteration # 1: E =  -9.159183085671E+02 +/-   3.456302215032E-04
* Reached maximum number of iterations: exiting.
* After optimization:
  -2.5312E+00  -1.7499E+00  -1.8559E+00  -1.5141E+00  -1.6208E+00  -2.5357E+00
   2.6334E-01   2.5993E-01   2.5125E-01   2.9419E-01   2.7507E-01   2.6208E-01
   2.9250E-01   3.3935E-01   3.2063E-01   3.2013E-01   3.0804E-01   3.2438E-01
   3.0246E-01   3.4419E-01   3.4161E-01   3.5153E-01   1.7867E-01   1.7491E-01
   1.7218E-01  -1.9311E-02  -3.0393E-02  -3.0215E-02  -4.0319E-02  -3.5390E-02
  -3.7582E-02  -4.4948E-02  -3.9524E-02  -4.5465E-02   6.0817E-02   5.5837E-02
   6.9984E-02   6.4101E-02   5.4863E-02   5.9627E-02   8.3535E-02   9.2454E-02
   1.3507E-01   1.3122E-01   1.3247E-01   3.9226E-02   4.4385E-02   5.3075E-02
   4.5841E-02   4.8641E-02   4.5409E-02   1.1692E-03   1.6275E-03   2.8146E-03
  -3.7806E-04  -3.3599E-02  -3.9622E-02  -3.7407E-02  -3.4577E-02  -1.6723E-01
  -2.3671E-01  -1.6633E-01  -2.3028E-01  -1.3771E-01  -1.7736E-01  -1.2771E-01
  -1.5845E-01  -1.7481E-01  -1.4482E-01  -1.6368E-01  -1.3449E-01  -1.6106E-01
  -1.3607E-01  -1.8944E-01  -1.7636E-01  -1.9277E-01  -1.8480E-01  -9.1678E-02
  -8.5175E-02  -8.6692E-02  -8.2073E-02   7.7353E-03   1.3221E-02   1.2096E-02
   1.9429E-02   2.1470E-02   1.7933E-02   2.2240E-02   1.1436E-02   2.3299E-02
   1.7458E-02  -2.2782E-02  -3.2772E-02  -2.6845E-02  -4.0446E-02  -2.1916E-02
  -3.4684E-02  -5.2221E-02  -3.0881E-02  -5.7650E-02  -3.7262E-02  -7.4019E-02
  -5.8200E-02  -7.2164E-02  -5.8994E-02  -8.3160E-03  -3.1387E-02  -1.1558E-02
  -3.3649E-02  -5.4920E-03  -3.4087E-02  -8.3931E-04   2.2702E-03  -9.6598E-04
   2.0971E-03   2.1036E-02   1.4092E-02   2.0348E-02   1.5860E-02   1.3357E+00
   9.0216E-01   9.6124E-01   8.3282E-01   8.8098E-01   1.3416E+00  -6.6743E-02
  -7.7517E-02  -5.6330E-02  -8.7629E-02  -3.4636E-02  -3.8240E-02  -3.6861E-02
  -1.0098E-01  -5.6010E-02  -6.7391E-03  -4.0611E-03  -9.4062E-04   1.0900E-03
   2.6613E-02   8.3543E-03   1.4402E-02  -2.0887E-02  -2.0693E-02  -1.3146E-02
  -3.5587E-02  -5.0336E-02  -3.1781E-03  -1.1507E-02  -1.5288E-02  -1.9279E-02
  -1.1463E-02   6.6923E-03   1.4174E-03   2.1594E-03  -2.2883E-03   3.0592E-02
   8.5834E-02  -7.0298E-03  -8.0037E-03   6.2599E-02   6.4918E-02   5.5033E-02
  -8.8453E-02  -8.1021E-02  -1.6533E-02  -1.1516E-02  -1.0402E-02  -9.6876E-03
   3.9969E-02   2.9755E-02   3.1662E-02   2.3047E-04   1.2514E-02   1.3738E-02
  -3.1106E-02  -3.7124E-02   2.0475E-02   2.8462E-02  -2.8352E-02  -2.0209E-02
  -1.1717E-02  -2.8673E-03  -9.7032E-03  -8.8798E-03  -1.3884E-02   5.9784E-02
   6.2963E-02  -1.8713E-02  -3.2862E-02   4.3306E-02   4.6180E-02   4.3321E-02
  -8.8442E-02  -7.5167E-02   1.4685E-02   1.0592E-02  -6.6577E-03  -4.4489E-03
   4.5855E-02   4.0281E-02   3.9289E-02  -2.0589E-02  -3.3006E-02  -2.3586E-02
  -2.4706E-02  -2.8915E-02  -1.8674E-02  -3.1161E-02   8.3953E-03   1.5769E-03
   4.8014E-03   1.4405E-02   1.2225E-02   1.4691E-02   1.0882E-02   1.0605E-01
   1.0444E-01  -9.9176E-03   9.6244E-03   1.1308E-01   1.2386E-01   1.0991E-01
  -1.0591E-01  -1.2088E-01   2.4054E-04   2.2825E-03  -1.6693E-02  -1.3836E-02
   5.1655E-02   5.4014E-02   5.1082E-02  -6.1180E-03  -4.6908E-03   2.3570E-04
  -2.0874E-02  -1.3037E-02  -8.6708E-04  -4.8636E-03  -8.1212E-03  -6.5884E-03
   1.2381E-04   5.2187E-03   1.6547E-03   2.9787E-03  -2.7823E-03
  > Energy =  -9.159183085671E+02 +/-   3.456302215032E-04
  > varE =   1.198807500964E-02

VMC #3:
* Size of Hilbert space =   7.3125E+12
* Number of equil. steps   = 1000
* Running VMC equilibration.
  Done. [total walltime: 0.13s]
* Equil. acc.ratio (%)     =   6.8570
* Sample config after equilibration:
  [draw: system geometry not defined]
* Number of accum. steps   = 501760 x 10
* Running VMC accumulation.
    [walltime: 1m elapsed, 1m48s remaining]
  Done. [total walltime: 2m49s]
* Acceptance ratio (%)     =   6.8363
* Etot/t                   =  -9.159181579467E+02 +/-   1.587093720070E-04
  > Ttot/t                 =  -9.550912574615E+01 +/-   1.359761472525E-03
  > Utot/t                 =   4.249575604850E+01 +/-   1.342956758266E-03
* var[Eloc/t]              =   1.221973937581E-02 +/-   1.470892408830E-04
* Correlation length       =   1.034282650613E+00
* Site occupation (ave. no. electrons per config.):
  > Site_  ___eu____  ___ed____
      1        0.500      0.500
      2        0.490      0.489
      3        0.497      0.495
      4        0.491      0.489
      5        0.509      0.507
      6        0.495      0.502
      7        0.499      0.502
      8        0.493      0.494
      9        0.497      0.495
     10        0.499      0.498
     11        0.506      0.505
     12        0.501      0.499
     13        0.500      0.501
     14        0.507      0.507
     15        0.498      0.501
     16        0.497      0.498
     17        0.498      0.490
     18        0.505      0.508
     19        0.507      0.505
     20        0.500      0.499
     21        0.507      0.508
     22        0.504      0.506
     23        0.494      0.496
     24        0.507      0.507
* Pair-correlation analysis (ave. no. pairs per config.):
  > Shell  nsite  ___dh____  __eueu___  __eued___
      0      1        0          0          4.370
      1      0        0.850      0.732      2.544
      2      0        0.430      0.326      1.255
      3      0        0.674      1.118      2.237
      4      0        0.336      0.550      1.107
      5      0        0.538      1.394      2.127
      6      0        0.542      1.400      2.125
      7      0        0.552      1.417      2.149
      8      0        0.541      1.435      2.117
      9      0        0.266      0.716      1.067
     10      0        0.126      1.038      0.999
     11      0        0.249      2.065      1.979
     12      0        0.160      0.908      1.025
     13      0        0.315      1.807      2.028
     14      0        0.306      1.839      2.135
     15      0        0.298      1.836      2.137
     16      0        0.298      1.808      2.114
     17      0        0.282      2.025      1.895
     18      0        0.281      2.052      1.911
     19      0        0.282      2.046      1.913
     20      0        0.075      0.483      0.503
     21      0        0.148      0.971      1.005
     22      0        0.142      1.006      0.983
     23      0        0.287      2.018      1.956
     24      0        0.261      2.105      1.939
     25      0        0.254      2.091      1.916
     26      0        0.260      2.115      1.948
     27      0        0.145      0.985      0.967
     28      0        0.287      1.986      1.965
     29      0        0.259      2.048      1.992
     30      0        0.261      2.021      1.967
     31      0        0.273      2.037      1.993
     32      0        0.267      1.983      1.928
     33      0        0.274      2.029      1.974
     34      0        0.273      2.017      1.973
     35      0        0.281      1.941      2.034
     36      0        0.278      1.961      2.035
     37      0        0.266      1.967      2.011
     38      0        0.257      2.008      2.038
     39      0        0.276      1.903      1.991
     40      0        0.267      2.002      2.039
     41      0        0.248      2.116      1.932
     42      0        0.250      2.101      1.917
     43      0        0.234      2.116      1.907
     44      0        0.243      2.006      2.102
     45      0        0.240      1.974      2.075
     46      0        0.244      1.976      2.080
     47      0        0.133      1.030      1.008
     48      0        0.256      2.036      1.980
     49      0        0.123      1.007      1.034
     50      0        0.248      2.005      2.039
     51      0        0.259      2.003      1.986
     52      0        0.268      2.029      2.010
     53      0        0.265      2.021      2.008
     54      0        0.269      2.016      1.997
     55      0        0.270      1.991      1.964
     56      0        0.240      2.014      2.032
     57      0        0.245      2.066      2.036
     58      0        0.241      2.031      2.014
     59      0        0.265      1.984      1.968
     60      0        0.242      2.036      2.022
     61      0        0.123      1.021      1.036
     62      0        0.298      1.948      1.914
     63      0        0.269      1.995      2.026
     64      0        0.267      2.014      2.029
     65      0        0.264      1.980      2.002
     66      0        0.150      0.979      0.968
     67      0        0.289      1.951      1.993
     68      0        0.290      1.929      1.976
     69      0        0.285      1.958      1.994
     70      0        0.119      1.020      1.029
     71      0        0.268      1.976      1.998
     72      0        0.124      1.022      1.033
     73      0        0.118      0.997      1.004
     74      0        0.263      1.970      1.985
     75      0        0.269      1.990      2.010
     76      0        0.075      0.472      0.484
     77      0        0.149      0.969      0.983
     78      0        0.247      2.059      2.041
     79      0        0.120      1.002      0.997

Optimization #3:
* Method          : lls
* Target function : energy
* No. of configs. : 100352
* No. of params.  : 245
* Before optimization:
  -2.5312E+00  -1.7499E+00  -1.8559E+00  -1.5141E+00  -1.6208E+00  -2.5357E+00
   2.6334E-01   2.5993E-01   2.5125E-01   2.9419E-01   2.7507E-01   2.6208E-01
   2.9250E-01   3.3935E-01   3.2063E-01   3.2013E-01   3.0804E-01   3.2438E-01
   3.0246E-01   3.4419E-01   3.4161E-01   3.5153E-01   1.7867E-01   1.7491E-01
   1.7218E-01  -1.9311E-02  -3.0393E-02  -3.0215E-02  -4.0319E-02  -3.5390E-02
  -3.7582E-02  -4.4948E-02  -3.9524E-02  -4.5465E-02   6.0817E-02   5.5837E-02
   6.9984E-02   6.4101E-02   5.4863E-02   5.9627E-02   8.3535E-02   9.2454E-02
   1.3507E-01   1.3122E-01   1.3247E-01   3.9226E-02   4.4385E-02   5.3075E-02
   4.5841E-02   4.8641E-02   4.5409E-02   1.1692E-03   1.6275E-03   2.8146E-03
  -3.7806E-04  -3.3599E-02  -3.9622E-02  -3.7407E-02  -3.4577E-02  -1.6723E-01
  -2.3671E-01  -1.6633E-01  -2.3028E-01  -1.3771E-01  -1.7736E-01  -1.2771E-01
  -1.5845E-01  -1.7481E-01  -1.4482E-01  -1.6368E-01  -1.3449E-01  -1.6106E-01
  -1.3607E-01  -1.8944E-01  -1.7636E-01  -1.9277E-01  -1.8480E-01  -9.1678E-02
  -8.5175E-02  -8.6692E-02  -8.2073E-02   7.7353E-03   1.3221E-02   1.2096E-02
   1.9429E-02   2.1470E-02   1.7933E-02   2.2240E-02   1.1436E-02   2.3299E-02
   1.7458E-02  -2.2782E-02  -3.2772E-02  -2.6845E-02  -4.0446E-02  -2.1916E-02
  -3.4684E-02  -5.2221E-02  -3.0881E-02  -5.7650E-02  -3.7262E-02  -7.4019E-02
  -5.8200E-02  -7.2164E-02  -5.8994E-02  -8.3160E-03  -3.1387E-02  -1.1558E-02
  -3.3649E-02  -5.4920E-03  -3.4087E-02  -8.3931E-04   2.2702E-03  -9.6598E-04
   2.0971E-03   2.1036E-02   1.4092E-02   2.0348E-02   1.5860E-02   1.3357E+00
   9.0216E-01   9.6124E-01   8.3282E-01   8.8098E-01   1.3416E+00  -6.6743E-02
  -7.7517E-02  -5.6330E-02  -8.7629E-02  -3.4636E-02  -3.8240E-02  -3.6861E-02
  -1.0098E-01  -5.6010E-02  -6.7391E-03  -4.0611E-03  -9.4062E-04   1.0900E-03
   2.6613E-02   8.3543E-03   1.4402E-02  -2.0887E-02  -2.0693E-02  -1.3146E-02
  -3.5587E-02  -5.0336E-02  -3.1781E-03  -1.1507E-02  -1.5288E-02  -1.9279E-02
  -1.1463E-02   6.6923E-03   1.4174E-03   2.1594E-03  -2.2883E-03   3.0592E-02
   8.5834E-02  -7.0298E-03  -8.0037E-03   6.2599E-02   6.4918E-02   5.5033E-02
  -8.8453E-02  -8.1021E-02  -1.6533E-02  -1.1516E-02  -1.0402E-02  -9.6876E-03
   3.9969E-02   2.9755E-02   3.1662E-02   2.3047E-04   1.2514E-02   1.3738E-02
  -3.1106E-02  -3.7124E-02   2.0475E-02   2.8462E-02  -2.8352E-02  -2.0209E-02
  -1.1717E-02  -2.8673E-03  -9.7032E-03  -8.8798E-03  -1.3884E-02   5.9784E-02
   6.2963E-02  -1.8713E-02  -3.2862E-02   4.3306E-02   4.6180E-02   4.3321E-02
  -8.8442E-02  -7.5167E-02   1.4685E-02   1.0592E-02  -6.6577E-03  -4.4489E-03
   4.5855E-02   4.0281E-02   3.9289E-02  -2.0589E-02  -3.3006E-02  -2.3586E-02
  -2.4706E-02  -2.8915E-02  -1.8674E-02  -3.1161E-02   8.3953E-03   1.5769E-03
   4.8014E-03   1.4405E-02   1.2225E-02   1.4691E-02   1.0882E-02   1.0605E-01
   1.0444E-01  -9.9176E-03   9.6244E-03   1.1308E-01   1.2386E-01   1.0991E-01
  -1.0591E-01  -1.2088E-01   2.4054E-04   2.2825E-03  -1.6693E-02  -1.3836E-02
   5.1655E-02   5.4014E-02   5.1082E-02  -6.1180E-03  -4.6908E-03   2.3570E-04
  -2.0874E-02  -1.3037E-02  -8.6708E-04  -4.8636E-03  -8.1212E-03  -6.5884E-03
   1.2381E-04   5.2187E-03   1.6547E-03   2.9787E-03  -2.7823E-03
  > E    =  -9.159181868745E+02 +/-   3.462222941726E-04
  > varE =   1.202918189491E-02
* Computing derivatives.
    [walltime: 2m44s elapsed, 2h11m remaining]
    [walltime: 1h2m elapsed, 1h10m remaining]
  Done. [total walltime: 2h13m]
* Optimizing manipulation constant:
  #igrid a___________ E____________________________________ varE____________
     1     Infinity    -9.15918187E+02 +/-   3.46222294E-04   1.20291819E-02
     2     1.0000E+06  -9.15918187E+02 +/-   3.46222256E-04   1.20291792E-02
     3     2.1544E+05  -9.15918187E+02 +/-   3.46222117E-04   1.20291696E-02
     4     4.6416E+04  -9.15918187E+02 +/-   3.46221470E-04   1.20291246E-02
     5     1.0000E+04  -9.15918187E+02 +/-   3.46218470E-04   1.20289162E-02
     6     2.1544E+03  -9.15918189E+02 +/-   3.46204554E-04   1.20279492E-02
     7     4.6416E+02  -9.15918195E+02 +/-   3.46140168E-04   1.20234758E-02
     8     1.0000E+02  -9.15918223E+02 +/-   3.45845819E-04   1.20030355E-02
     9     2.1544E+01  -9.15918349E+02 +/-   3.44592488E-04   1.19161962E-02
    10     4.6416E+00  -9.15910780E+02 +/-   4.34942213E-04   1.89840624E-02
    11     1.0000E+00 (error)
    12     2.1544E-01 (error)
    13     4.6416E-02 (error)
    14     1.0000E-02 (error)
    15     2.1544E-03 (error)
    16     4.6416E-04 (error)
    17     1.0000E-04 (error)
    18     2.1544E-05 (error)
    19     4.6416E-06 (error)
    20     1.0000E-06 (error)
    21     0.0000E+00 (error)
  ParMin   4.5271E+01  -9.15918265E+02 +/-   3.45407298E-04   1.19726159E-02
  # Using grid point #9
* Iteration # 1: E =  -9.159183486111E+02 +/-   3.445924882608E-04
* Reached maximum number of iterations: exiting.
* After optimization:
  -2.4980E+00  -1.6865E+00  -1.7979E+00  -1.4543E+00  -1.5659E+00  -2.4977E+00
   2.6177E-01   2.5907E-01   2.5028E-01   2.9493E-01   2.7512E-01   2.6140E-01
   2.9285E-01   3.3881E-01   3.2040E-01   3.2028E-01   3.0826E-01   3.2460E-01
   3.0257E-01   3.4432E-01   3.4201E-01   3.5180E-01   1.7860E-01   1.7487E-01
   1.7223E-01  -1.9362E-02  -3.0077E-02  -2.9954E-02  -4.0342E-02  -3.5513E-02
  -3.7619E-02  -4.4749E-02  -3.9232E-02  -4.4890E-02   6.0829E-02   5.6079E-02
   7.0142E-02   6.4514E-02   5.5155E-02   5.9880E-02   8.4182E-02   9.2960E-02
   1.3550E-01   1.3164E-01   1.3290E-01   3.9403E-02   4.4488E-02   5.3206E-02
   4.6333E-02   4.8748E-02   4.5726E-02   1.1508E-03   1.6152E-03   2.8828E-03
  -1.9591E-04  -3.3513E-02  -3.9399E-02  -3.7366E-02  -3.4573E-02  -1.6512E-01
  -2.3350E-01  -1.6547E-01  -2.2864E-01  -1.3749E-01  -1.7727E-01  -1.2736E-01
  -1.5865E-01  -1.7474E-01  -1.4481E-01  -1.6376E-01  -1.3472E-01  -1.6118E-01
  -1.3623E-01  -1.8885E-01  -1.7599E-01  -1.9199E-01  -1.8421E-01  -9.1633E-02
  -8.5322E-02  -8.6641E-02  -8.2080E-02   7.9323E-03   1.3273E-02   1.2130E-02
   1.9349E-02   2.1456E-02   1.7767E-02   2.2150E-02   1.1355E-02   2.3134E-02
   1.7075E-02  -2.2756E-02  -3.2894E-02  -2.6807E-02  -4.0539E-02  -2.1938E-02
  -3.4728E-02  -5.2590E-02  -3.1197E-02  -5.7823E-02  -3.7458E-02  -7.4156E-02
  -5.8421E-02  -7.2352E-02  -5.9148E-02  -8.3003E-03  -3.1448E-02  -1.1601E-02
  -3.3823E-02  -5.6237E-03  -3.4104E-02  -7.7499E-04   2.2964E-03  -1.0238E-03
   2.0044E-03   2.0989E-02   1.4071E-02   2.0356E-02   1.5854E-02   1.3139E+00
   8.7340E-01   9.3360E-01   8.0864E-01   8.5752E-01   1.3157E+00  -6.6671E-02
  -7.7208E-02  -5.6522E-02  -8.7133E-02  -3.5187E-02  -3.8591E-02  -3.7131E-02
  -1.0151E-01  -5.7677E-02  -6.7993E-03  -4.1364E-03  -1.0619E-03   8.3649E-04
   2.6231E-02   8.5205E-03   1.3822E-02  -2.0938E-02  -2.1034E-02  -1.3669E-02
  -3.4745E-02  -4.9471E-02  -4.1388E-03  -1.2339E-02  -1.5298E-02  -1.9212E-02
  -1.1349E-02   6.5495E-03   1.3168E-03   2.3375E-03  -2.1049E-03   3.0205E-02
   8.2392E-02  -8.9942E-03  -9.8428E-03   5.9702E-02   6.1675E-02   5.2188E-02
  -8.9743E-02  -8.2926E-02  -1.6265E-02  -1.1326E-02  -1.0274E-02  -9.3400E-03
   3.8909E-02   2.9275E-02   3.0768E-02  -2.7128E-04   1.1966E-02   1.3219E-02
  -3.0987E-02  -3.6584E-02   1.9555E-02   2.7845E-02  -2.7656E-02  -2.0002E-02
  -1.1248E-02  -2.8145E-03  -9.7280E-03  -8.8124E-03  -1.3748E-02   5.8281E-02
   6.1127E-02  -2.0056E-02  -3.4060E-02   4.2159E-02   4.4941E-02   4.2134E-02
  -8.9532E-02  -7.6414E-02   1.4512E-02   1.0557E-02  -6.6507E-03  -4.5105E-03
   4.5870E-02   4.0404E-02   3.9582E-02  -2.0935E-02  -3.3372E-02  -2.4141E-02
  -2.4611E-02  -2.8940E-02  -1.9210E-02  -3.1884E-02   8.0455E-03   1.4366E-03
   4.3819E-03   1.4284E-02   1.2149E-02   1.4692E-02   1.0855E-02   1.0541E-01
   1.0323E-01  -1.1851E-02   7.9760E-03   1.1196E-01   1.2272E-01   1.0880E-01
  -1.0792E-01  -1.2324E-01   4.7850E-05   2.2394E-03  -1.6780E-02  -1.3853E-02
   5.1555E-02   5.4084E-02   5.1379E-02  -6.2277E-03  -4.6774E-03   1.1848E-04
  -2.1175E-02  -1.3103E-02  -1.1680E-03  -4.9195E-03  -8.2904E-03  -6.5239E-03
   5.3811E-05   5.2229E-03   1.4433E-03   2.8660E-03  -2.8429E-03
  > Energy =  -9.159183486111E+02 +/-   3.445924882608E-04
  > varE =   1.191619617858E-02

VMC #4:
* Size of Hilbert space =   7.3125E+12
* Number of equil. steps   = 1000
* Running VMC equilibration.
  Done. [total walltime: 0.13s]
* Equil. acc.ratio (%)     =   7.0363
* Sample config after equilibration:
  [draw: system geometry not defined]
* Number of accum. steps   = 501760 x 10
* Running VMC accumulation.
    [walltime: 1m elapsed, 1m48s remaining]
  Done. [total walltime: 2m49s]
* Acceptance ratio (%)     =   7.0018
* Etot/t                   =  -9.159183035173E+02 +/-   1.579757800074E-04
  > Ttot/t                 =  -9.551140492640E+01 +/-   1.362805015012E-03
  > Utot/t                 =   4.249788965815E+01 +/-   1.343193647153E-03
* var[Eloc/t]              =   1.199031850043E-02 +/-   4.123142371539E-05
* Correlation length       =   1.044350632126E+00
* Site occupation (ave. no. electrons per config.):
  > Site_  ___eu____  ___ed____
      1        0.501      0.498
      2        0.491      0.489
      3        0.493      0.492
      4        0.488      0.491
      5        0.507      0.508
      6        0.498      0.502
      7        0.500      0.498
      8        0.495      0.494
      9        0.497      0.498
     10        0.499      0.498
     11        0.506      0.505
     12        0.502      0.500
     13        0.499      0.503
     14        0.506      0.506
     15        0.500      0.498
     16        0.500      0.497
     17        0.495      0.495
     18        0.507      0.506
     19        0.504      0.508
     20        0.501      0.503
     21        0.508      0.507
     22        0.505      0.505
     23        0.492      0.494
     24        0.507      0.505
* Pair-correlation analysis (ave. no. pairs per config.):
  > Shell  nsite  ___dh____  __eueu___  __eued___
      0      1        0          0          4.361
      1      0        0.851      0.731      2.540
      2      0        0.429      0.327      1.260
      3      0        0.672      1.115      2.238
      4      0        0.339      0.551      1.106
      5      0        0.531      1.398      2.127
      6      0        0.539      1.399      2.134
      7      0        0.544      1.411      2.150
      8      0        0.539      1.437      2.121
      9      0        0.267      0.718      1.067
     10      0        0.127      1.038      0.997
     11      0        0.249      2.063      1.976
     12      0        0.158      0.904      1.021
     13      0        0.316      1.804      2.021
     14      0        0.307      1.833      2.136
     15      0        0.300      1.833      2.138
     16      0        0.295      1.817      2.115
     17      0        0.281      2.032      1.900
     18      0        0.281      2.048      1.906
     19      0        0.282      2.044      1.910
     20      0        0.075      0.483      0.505
     21      0        0.147      0.972      1.010
     22      0        0.141      1.012      0.984
     23      0        0.285      2.022      1.958
     24      0        0.257      2.108      1.942
     25      0        0.251      2.092      1.923
     26      0        0.258      2.117      1.946
     27      0        0.144      0.986      0.969
     28      0        0.284      1.986      1.959
     29      0        0.261      2.049      1.992
     30      0        0.261      2.021      1.970
     31      0        0.271      2.038      1.996
     32      0        0.265      1.984      1.935
     33      0        0.273      2.025      1.968
     34      0        0.272      2.015      1.970
     35      0        0.280      1.938      2.029
     36      0        0.282      1.950      2.027
     37      0        0.263      1.974      2.013
     38      0        0.259      2.006      2.038
     39      0        0.275      1.910      1.991
     40      0        0.262      2.002      2.046
     41      0        0.244      2.115      1.926
     42      0        0.250      2.103      1.916
     43      0        0.234      2.109      1.906
     44      0        0.243      2.004      2.099
     45      0        0.238      1.976      2.079
     46      0        0.242      1.976      2.081
     47      0        0.130      1.032      1.007
     48      0        0.256      2.036      1.981
     49      0        0.125      1.010      1.029
     50      0        0.246      2.005      2.044
     51      0        0.261      2.003      1.991
     52      0        0.269      2.026      2.007
     53      0        0.263      2.027      2.010
     54      0        0.271      2.002      1.995
     55      0        0.270      1.988      1.973
     56      0        0.239      2.013      2.040
     57      0        0.242      2.061      2.042
     58      0        0.241      2.036      2.013
     59      0        0.264      1.979      1.972
     60      0        0.242      2.042      2.014
     61      0        0.124      1.020      1.031
     62      0        0.295      1.946      1.915
     63      0        0.267      2.000      2.027
     64      0        0.267      2.010      2.031
     65      0        0.262      1.987      2.003
     66      0        0.147      0.978      0.967
     67      0        0.284      1.951      1.992
     68      0        0.288      1.934      1.980
     69      0        0.285      1.953      1.992
     70      0        0.121      1.020      1.026
     71      0        0.270      1.979      1.994
     72      0        0.123      1.026      1.027
     73      0        0.119      0.999      1.004
     74      0        0.262      1.970      1.983
     75      0        0.269      1.991      2.000
     76      0        0.074      0.475      0.483
     77      0        0.149      0.965      0.978
     78      0        0.244      2.053      2.046
     79      0        0.118      1.005      0.999

Optimization #4:
* Method          : lls
* Target function : energy
* No. of configs. : 100352
* No. of params.  : 245
* Before optimization:
  -2.4980E+00  -1.6865E+00  -1.7979E+00  -1.4543E+00  -1.5659E+00  -2.4977E+00
   2.6177E-01   2.5907E-01   2.5028E-01   2.9493E-01   2.7512E-01   2.6140E-01
   2.9285E-01   3.3881E-01   3.2040E-01   3.2028E-01   3.0826E-01   3.2460E-01
   3.0257E-01   3.4432E-01   3.4201E-01   3.5180E-01   1.7860E-01   1.7487E-01
   1.7223E-01  -1.9362E-02  -3.0077E-02  -2.9954E-02  -4.0342E-02  -3.5513E-02
  -3.7619E-02  -4.4749E-02  -3.9232E-02  -4.4890E-02   6.0829E-02   5.6079E-02
   7.0142E-02   6.4514E-02   5.5155E-02   5.9880E-02   8.4182E-02   9.2960E-02
   1.3550E-01   1.3164E-01   1.3290E-01   3.9403E-02   4.4488E-02   5.3206E-02
   4.6333E-02   4.8748E-02   4.5726E-02   1.1508E-03   1.6152E-03   2.8828E-03
  -1.9591E-04  -3.3513E-02  -3.9399E-02  -3.7366E-02  -3.4573E-02  -1.6512E-01
  -2.3350E-01  -1.6547E-01  -2.2864E-01  -1.3749E-01  -1.7727E-01  -1.2736E-01
  -1.5865E-01  -1.7474E-01  -1.4481E-01  -1.6376E-01  -1.3472E-01  -1.6118E-01
  -1.3623E-01  -1.8885E-01  -1.7599E-01  -1.9199E-01  -1.8421E-01  -9.1633E-02
  -8.5322E-02  -8.6641E-02  -8.2080E-02   7.9323E-03   1.3273E-02   1.2130E-02
   1.9349E-02   2.1456E-02   1.7767E-02   2.2150E-02   1.1355E-02   2.3134E-02
   1.7075E-02  -2.2756E-02  -3.2894E-02  -2.6807E-02  -4.0539E-02  -2.1938E-02
  -3.4728E-02  -5.2590E-02  -3.1197E-02  -5.7823E-02  -3.7458E-02  -7.4156E-02
  -5.8421E-02  -7.2352E-02  -5.9148E-02  -8.3003E-03  -3.1448E-02  -1.1601E-02
  -3.3823E-02  -5.6237E-03  -3.4104E-02  -7.7499E-04   2.2964E-03  -1.0238E-03
   2.0044E-03   2.0989E-02   1.4071E-02   2.0356E-02   1.5854E-02   1.3139E+00
   8.7340E-01   9.3360E-01   8.0864E-01   8.5752E-01   1.3157E+00  -6.6671E-02
  -7.7208E-02  -5.6522E-02  -8.7133E-02  -3.5187E-02  -3.8591E-02  -3.7131E-02
  -1.0151E-01  -5.7677E-02  -6.7993E-03  -4.1364E-03  -1.0619E-03   8.3649E-04
   2.6231E-02   8.5205E-03   1.3822E-02  -2.0938E-02  -2.1034E-02  -1.3669E-02
  -3.4745E-02  -4.9471E-02  -4.1388E-03  -1.2339E-02  -1.5298E-02  -1.9212E-02
  -1.1349E-02   6.5495E-03   1.3168E-03   2.3375E-03  -2.1049E-03   3.0205E-02
   8.2392E-02  -8.9942E-03  -9.8428E-03   5.9702E-02   6.1675E-02   5.2188E-02
  -8.9743E-02  -8.2926E-02  -1.6265E-02  -1.1326E-02  -1.0274E-02  -9.3400E-03
   3.8909E-02   2.9275E-02   3.0768E-02  -2.7128E-04   1.1966E-02   1.3219E-02
  -3.0987E-02  -3.6584E-02   1.9555E-02   2.7845E-02  -2.7656E-02  -2.0002E-02
  -1.1248E-02  -2.8145E-03  -9.7280E-03  -8.8124E-03  -1.3748E-02   5.8281E-02
   6.1127E-02  -2.0056E-02  -3.4060E-02   4.2159E-02   4.4941E-02   4.2134E-02
  -8.9532E-02  -7.6414E-02   1.4512E-02   1.0557E-02  -6.6507E-03  -4.5105E-03
   4.5870E-02   4.0404E-02   3.9582E-02  -2.0935E-02  -3.3372E-02  -2.4141E-02
  -2.4611E-02  -2.8940E-02  -1.9210E-02  -3.1884E-02   8.0455E-03   1.4366E-03
   4.3819E-03   1.4284E-02   1.2149E-02   1.4692E-02   1.0855E-02   1.0541E-01
   1.0323E-01  -1.1851E-02   7.9760E-03   1.1196E-01   1.2272E-01   1.0880E-01
  -1.0792E-01  -1.2324E-01   4.7850E-05   2.2394E-03  -1.6780E-02  -1.3853E-02
   5.1555E-02   5.4084E-02   5.1379E-02  -6.2277E-03  -4.6774E-03   1.1848E-04
  -2.1175E-02  -1.3103E-02  -1.1680E-03  -4.9195E-03  -8.2904E-03  -6.5239E-03
   5.3811E-05   5.2229E-03   1.4433E-03   2.8660E-03  -2.8429E-03
  > E    =  -9.159182391460E+02 +/-   3.460534348584E-04
  > varE =   1.201745102661E-02
* Computing derivatives.
    [walltime: 2m44s elapsed, 2h11m remaining]
    [walltime: 1h2m elapsed, 1h10m remaining]
  Done. [total walltime: 2h13m]
* Optimizing manipulation constant:
  #igrid a___________ E____________________________________ varE____________
     1     Infinity    -9.15918239E+02 +/-   3.46053435E-04   1.20174510E-02
     2     1.0000E+06  -9.15918239E+02 +/-   3.46053399E-04   1.20174485E-02
     3     2.1544E+05  -9.15918239E+02 +/-   3.46053269E-04   1.20174395E-02
     4     4.6416E+04  -9.15918239E+02 +/-   3.46052664E-04   1.20173975E-02
     5     1.0000E+04  -9.15918239E+02 +/-   3.46049858E-04   1.20172026E-02
     6     2.1544E+03  -9.15918241E+02 +/-   3.46036843E-04   1.20162987E-02
     7     4.6416E+02  -9.15918246E+02 +/-   3.45976651E-04   1.20121186E-02
     8     1.0000E+02  -9.15918272E+02 +/-   3.45701838E-04   1.19930435E-02
     9     2.1544E+01  -9.15918384E+02 +/-   3.44513600E-04   1.19107408E-02
    10     4.6416E+00  -9.15918802E+02 +/-   3.40265788E-04   1.16188355E-02
    11     1.0000E+00  -9.15919658E+02 +/-   3.32162038E-04   1.10719987E-02
    12     2.1544E-01  -9.15917835E+02 +/-   3.56946006E-04   1.27858936E-02
    13     4.6416E-02  -9.15909697E+02 +/-   4.45773679E-04   1.99413647E-02
    14     1.0000E-02  -9.15905384E+02 +/-   4.86214174E-04   2.37236366E-02
    15     2.1544E-03  -9.15904232E+02 +/-   4.96446252E-04   2.47326416E-02
    16     4.6416E-04  -9.15903972E+02 +/-   4.98727519E-04   2.49604664E-02
    17     1.0000E-04  -9.15903915E+02 +/-   4.99222633E-04   2.50100503E-02
    18     2.1544E-05  -9.15903903E+02 +/-   4.99329471E-04   2.50207562E-02
    19     4.6416E-06  -9.15903900E+02 +/-   4.99352496E-04   2.50230638E-02
    20     1.0000E-06  -9.15903900E+02 +/-   4.99357457E-04   2.50235610E-02
    21     0.0000E+00  -9.15903899E+02 +/-   4.99358820E-04   2.50236975E-02
  ParMin   1.3242E+00  -9.15919516E+02 +/-   3.33387900E-04   1.11538731E-02
  # Using grid point #11
* Iteration # 1: E =  -9.159196582174E+02 +/-   3.321620377457E-04
* Reached maximum number of iterations: exiting.
* After optimization:
  -2.5903E+00  -1.5983E+00  -1.7339E+00  -1.3933E+00  -1.5104E+00  -2.5299E+00
   2.5429E-01   2.5355E-01   2.4226E-01   3.0068E-01   2.7420E-01   2.4602E-01
   2.8821E-01   3.3632E-01   3.1886E-01   3.2245E-01   3.1103E-01   3.2374E-01
   3.0360E-01   3.4825E-01   3.4709E-01   3.5648E-01   1.7877E-01   1.7451E-01
   1.7159E-01  -1.9981E-02  -3.0390E-02  -3.0222E-02  -3.9248E-02  -3.5088E-02
  -3.6999E-02  -4.1319E-02  -3.6978E-02  -3.9743E-02   5.8774E-02   5.5476E-02
   7.2146E-02   6.7681E-02   5.7911E-02   6.1130E-02   9.0390E-02   9.9419E-02
   1.3980E-01   1.3908E-01   1.3850E-01   4.0554E-02   4.5871E-02   5.5612E-02
   5.0250E-02   5.1083E-02   4.9456E-02   2.0629E-03   2.5965E-03   2.7832E-03
   1.5417E-03  -3.1501E-02  -3.5811E-02  -3.7165E-02  -3.4052E-02  -1.4521E-01
  -2.0059E-01  -1.6832E-01  -2.1986E-01  -1.3371E-01  -1.7739E-01  -1.1935E-01
  -1.5760E-01  -1.7614E-01  -1.4693E-01  -1.6820E-01  -1.4098E-01  -1.6456E-01
  -1.3861E-01  -1.8281E-01  -1.7315E-01  -1.8863E-01  -1.8159E-01  -9.0380E-02
  -8.5441E-02  -8.6066E-02  -8.1670E-02   8.5316E-03   1.2385E-02   1.4034E-02
   1.9115E-02   2.1735E-02   1.5971E-02   2.1528E-02   9.7757E-03   2.2654E-02
   1.3845E-02  -2.0413E-02  -3.2915E-02  -2.5994E-02  -4.0883E-02  -2.1711E-02
  -3.6077E-02  -5.5928E-02  -3.5516E-02  -6.0478E-02  -3.9864E-02  -7.6074E-02
  -6.1418E-02  -7.5246E-02  -6.1595E-02  -6.8898E-03  -3.1232E-02  -1.2730E-02
  -3.6084E-02  -8.4550E-03  -3.4873E-02  -1.0969E-03   5.3693E-04  -1.9788E-03
   5.2015E-04   2.0360E-02   1.3006E-02   2.0281E-02   1.5040E-02   1.3733E+00
   8.2706E-01   9.0658E-01   7.8916E-01   8.3843E-01   1.3226E+00  -8.3664E-02
  -9.6469E-02  -7.2520E-02  -1.1328E-01  -5.0390E-02  -5.4678E-02  -5.2738E-02
  -1.2510E-01  -8.3885E-02  -9.2068E-03  -4.5307E-03  -2.8570E-03  -1.3503E-03
   2.5687E-02   7.1984E-03   9.5232E-03  -2.9005E-02  -2.8455E-02  -2.2144E-02
  -2.6859E-02  -5.0260E-02  -1.1006E-02  -1.8979E-02  -2.1877E-02  -2.1385E-02
  -1.4270E-02   5.2097E-03   3.2015E-03   1.4601E-03  -2.6979E-03   3.4889E-02
   6.4756E-02  -2.8023E-02  -3.5619E-02   4.6019E-02   3.8422E-02   3.9213E-02
  -1.1853E-01  -1.1388E-01  -1.9004E-02  -1.2121E-02  -1.2893E-02  -9.1240E-03
   3.6475E-02   2.9016E-02   2.9706E-02  -9.0705E-03   7.9501E-03   1.1325E-02
  -3.1649E-02  -3.7040E-02   1.7038E-02   2.8487E-02  -3.2921E-02  -2.3104E-02
  -1.3996E-02  -3.1725E-03  -7.8458E-03  -1.0860E-02  -1.6482E-02   3.9427E-02
   4.2065E-02  -3.6254E-02  -4.5317E-02   2.6394E-02   3.1277E-02   2.7001E-02
  -9.9577E-02  -8.6367E-02   1.1896E-02   9.8105E-03  -7.1581E-03  -4.1340E-03
   4.6819E-02   4.0332E-02   4.0136E-02  -2.3634E-02  -3.6685E-02  -3.0307E-02
  -2.5455E-02  -2.9987E-02  -2.4750E-02  -3.8265E-02   4.4350E-03  -1.0481E-03
   4.5812E-04   1.0970E-02   1.1870E-02   1.4005E-02   1.1194E-02   9.6494E-02
   8.6284E-02  -3.2948E-02  -5.5687E-03   9.6949E-02   1.1110E-01   9.5800E-02
  -1.2666E-01  -1.4373E-01  -1.0976E-03   1.0778E-03  -1.7218E-02  -1.3789E-02
   5.0724E-02   5.6142E-02   5.3750E-02  -7.7652E-03  -5.3086E-03  -1.4075E-03
  -2.5221E-02  -1.6357E-02  -4.5763E-03  -6.1548E-03  -1.1314E-02  -8.8944E-03
  -3.0313E-03   3.1578E-03   8.4376E-04   5.0126E-04  -4.0257E-03
  > Energy =  -9.159196582174E+02 +/-   3.321620377457E-04
  > varE =   1.107199866194E-02

VMC #5:
* Size of Hilbert space =   7.3125E+12
* Number of equil. steps   = 1000
* Running VMC equilibration.
  Done. [total walltime: 0.13s]
* Equil. acc.ratio (%)     =   7.0333
* Sample config after equilibration:
  [draw: system geometry not defined]
* Number of accum. steps   = 501760 x 10
* Running VMC accumulation.
    [walltime: 1m elapsed, 1m48s remaining]
  Done. [total walltime: 2m48s]
* Acceptance ratio (%)     =   7.0112
* Etot/t                   =  -9.159197696058E+02 +/-   1.534261695151E-04
  > Ttot/t                 =  -9.552309842164E+01 +/-   1.349072354120E-03
  > Utot/t                 =   4.250811706493E+01 +/-   1.339943833468E-03
* var[Eloc/t]              =   1.110621496833E-02 +/-   7.170177324123E-05
* Correlation length       =   1.063478823094E+00
* Site occupation (ave. no. electrons per config.):
  > Site_  ___eu____  ___ed____
      1        0.497      0.497
      2        0.496      0.493
      3        0.493      0.498
      4        0.496      0.494
      5        0.503      0.504
      6        0.499      0.501
      7        0.502      0.500
      8        0.497      0.496
      9        0.496      0.499
     10        0.498      0.498
     11        0.506      0.504
     12        0.501      0.499
     13        0.499      0.503
     14        0.505      0.504
     15        0.496      0.500
     16        0.501      0.493
     17        0.497      0.497
     18        0.503      0.504
     19        0.503      0.507
     20        0.501      0.500
     21        0.504      0.504
     22        0.506      0.506
     23        0.496      0.496
     24        0.504      0.503
* Pair-correlation analysis (ave. no. pairs per config.):
  > Shell  nsite  ___dh____  __eueu___  __eued___
      0      1        0          0          4.367
      1      0        0.859      0.707      2.528
      2      0        0.433      0.329      1.254
      3      0        0.675      1.121      2.245
      4      0        0.339      0.559      1.115
      5      0        0.535      1.405      2.137
      6      0        0.537      1.417      2.147
      7      0        0.545      1.408      2.148
      8      0        0.550      1.421      2.117
      9      0        0.269      0.716      1.061
     10      0        0.128      1.035      0.996
     11      0        0.248      2.054      1.966
     12      0        0.157      0.918      1.030
     13      0        0.319      1.827      2.051
     14      0        0.303      1.824      2.123
     15      0        0.302      1.829      2.131
     16      0        0.299      1.812      2.112
     17      0        0.281      2.049      1.912
     18      0        0.279      2.053      1.918
     19      0        0.284      2.055      1.915
     20      0        0.075      0.483      0.503
     21      0        0.149      0.969      1.004
     22      0        0.141      1.010      0.980
     23      0        0.287      2.017      1.953
     24      0        0.261      2.103      1.935
     25      0        0.257      2.087      1.917
     26      0        0.259      2.102      1.926
     27      0        0.144      0.994      0.977
     28      0        0.286      1.993      1.966
     29      0        0.262      2.043      1.986
     30      0        0.262      2.020      1.969
     31      0        0.271      2.021      1.976
     32      0        0.268      2.004      1.948
     33      0        0.272      2.018      1.969
     34      0        0.271      2.025      1.977
     35      0        0.278      1.951      2.038
     36      0        0.277      1.950      2.030
     37      0        0.263      1.975      2.013
     38      0        0.259      2.000      2.036
     39      0        0.276      1.925      2.013
     40      0        0.263      1.983      2.030
     41      0        0.243      2.129      1.935
     42      0        0.243      2.111      1.928
     43      0        0.238      2.116      1.917
     44      0        0.242      1.988      2.088
     45      0        0.242      1.973      2.076
     46      0        0.242      1.966      2.067
     47      0        0.131      1.020      0.991
     48      0        0.259      2.034      1.977
     49      0        0.124      1.011      1.026
     50      0        0.248      1.994      2.026
     51      0        0.262      2.002      1.988
     52      0        0.268      2.013      1.993
     53      0        0.267      2.021      1.999
     54      0        0.270      2.002      1.991
     55      0        0.271      2.003      1.988
     56      0        0.243      2.010      2.034
     57      0        0.246      2.040      2.027
     58      0        0.241      2.035      2.013
     59      0        0.266      1.991      1.978
     60      0        0.242      2.026      2.008
     61      0        0.121      1.012      1.017
     62      0        0.298      1.974      1.944
     63      0        0.267      1.996      2.024
     64      0        0.266      1.992      2.016
     65      0        0.267      1.978      2.002
     66      0        0.149      0.989      0.975
     67      0        0.290      1.956      1.998
     68      0        0.288      1.951      1.993
     69      0        0.287      1.960      1.999
     70      0        0.121      1.019      1.023
     71      0        0.265      1.986      2.002
     72      0        0.124      1.014      1.012
     73      0        0.120      1.000      1.004
     74      0        0.266      1.975      1.995
     75      0        0.267      1.996      2.013
     76      0        0.075      0.483      0.492
     77      0        0.146      0.977      0.989
     78      0        0.244      2.036      2.035
     79      0        0.120      1.006      0.999

Optimization #5:
* Method          : lls
* Target function : energy
* No. of configs. : 100352
* No. of params.  : 245
* Before optimization:
  -2.5903E+00  -1.5983E+00  -1.7339E+00  -1.3933E+00  -1.5104E+00  -2.5299E+00
   2.5429E-01   2.5355E-01   2.4226E-01   3.0068E-01   2.7420E-01   2.4602E-01
   2.8821E-01   3.3632E-01   3.1886E-01   3.2245E-01   3.1103E-01   3.2374E-01
   3.0360E-01   3.4825E-01   3.4709E-01   3.5648E-01   1.7877E-01   1.7451E-01
   1.7159E-01  -1.9981E-02  -3.0390E-02  -3.0222E-02  -3.9248E-02  -3.5088E-02
  -3.6999E-02  -4.1319E-02  -3.6978E-02  -3.9743E-02   5.8774E-02   5.5476E-02
   7.2146E-02   6.7681E-02   5.7911E-02   6.1130E-02   9.0390E-02   9.9419E-02
   1.3980E-01   1.3908E-01   1.3850E-01   4.0554E-02   4.5871E-02   5.5612E-02
   5.0250E-02   5.1083E-02   4.9456E-02   2.0629E-03   2.5965E-03   2.7832E-03
   1.5417E-03  -3.1501E-02  -3.5811E-02  -3.7165E-02  -3.4052E-02  -1.4521E-01
  -2.0059E-01  -1.6832E-01  -2.1986E-01  -1.3371E-01  -1.7739E-01  -1.1935E-01
  -1.5760E-01  -1.7614E-01  -1.4693E-01  -1.6820E-01  -1.4098E-01  -1.6456E-01
  -1.3861E-01  -1.8281E-01  -1.7315E-01  -1.8863E-01  -1.8159E-01  -9.0380E-02
  -8.5441E-02  -8.6066E-02  -8.1670E-02   8.5316E-03   1.2385E-02   1.4034E-02
   1.9115E-02   2.1735E-02   1.5971E-02   2.1528E-02   9.7757E-03   2.2654E-02
   1.3845E-02  -2.0413E-02  -3.2915E-02  -2.5994E-02  -4.0883E-02  -2.1711E-02
  -3.6077E-02  -5.5928E-02  -3.5516E-02  -6.0478E-02  -3.9864E-02  -7.6074E-02
  -6.1418E-02  -7.5246E-02  -6.1595E-02  -6.8898E-03  -3.1232E-02  -1.2730E-02
  -3.6084E-02  -8.4550E-03  -3.4873E-02  -1.0969E-03   5.3693E-04  -1.9788E-03
   5.2015E-04   2.0360E-02   1.3006E-02   2.0281E-02   1.5040E-02   1.3733E+00
   8.2706E-01   9.0658E-01   7.8916E-01   8.3843E-01   1.3226E+00  -8.3664E-02
  -9.6469E-02  -7.2520E-02  -1.1328E-01  -5.0390E-02  -5.4678E-02  -5.2738E-02
  -1.2510E-01  -8.3885E-02  -9.2068E-03  -4.5307E-03  -2.8570E-03  -1.3503E-03
   2.5687E-02   7.1984E-03   9.5232E-03  -2.9005E-02  -2.8455E-02  -2.2144E-02
  -2.6859E-02  -5.0260E-02  -1.1006E-02  -1.8979E-02  -2.1877E-02  -2.1385E-02
  -1.4270E-02   5.2097E-03   3.2015E-03   1.4601E-03  -2.6979E-03   3.4889E-02
   6.4756E-02  -2.8023E-02  -3.5619E-02   4.6019E-02   3.8422E-02   3.9213E-02
  -1.1853E-01  -1.1388E-01  -1.9004E-02  -1.2121E-02  -1.2893E-02  -9.1240E-03
   3.6475E-02   2.9016E-02   2.9706E-02  -9.0705E-03   7.9501E-03   1.1325E-02
  -3.1649E-02  -3.7040E-02   1.7038E-02   2.8487E-02  -3.2921E-02  -2.3104E-02
  -1.3996E-02  -3.1725E-03  -7.8458E-03  -1.0860E-02  -1.6482E-02   3.9427E-02
   4.2065E-02  -3.6254E-02  -4.5317E-02   2.6394E-02   3.1277E-02   2.7001E-02
  -9.9577E-02  -8.6367E-02   1.1896E-02   9.8105E-03  -7.1581E-03  -4.1340E-03
   4.6819E-02   4.0332E-02   4.0136E-02  -2.3634E-02  -3.6685E-02  -3.0307E-02
  -2.5455E-02  -2.9987E-02  -2.4750E-02  -3.8265E-02   4.4350E-03  -1.0481E-03
   4.5812E-04   1.0970E-02   1.1870E-02   1.4005E-02   1.1194E-02   9.6494E-02
   8.6284E-02  -3.2948E-02  -5.5687E-03   9.6949E-02   1.1110E-01   9.5800E-02
  -1.2666E-01  -1.4373E-01  -1.0976E-03   1.0778E-03  -1.7218E-02  -1.3789E-02
   5.0724E-02   5.6142E-02   5.3750E-02  -7.7652E-03  -5.3086E-03  -1.4075E-03
  -2.5221E-02  -1.6357E-02  -4.5763E-03  -6.1548E-03  -1.1314E-02  -8.8944E-03
  -3.0313E-03   3.1578E-03   8.4376E-04   5.0126E-04  -4.0257E-03
  > E    =  -9.159194943307E+02 +/-   3.330875017626E-04
  > varE =   1.113378182695E-02
* Computing derivatives.
    [walltime: 2m44s elapsed, 2h11m remaining]
    [walltime: 1h1m elapsed, 1h12m remaining]
srun: Job step aborted: Waiting up to 32 seconds for job step to finish.
slurmstepd: error: *** JOB 777242 ON alnode265 CANCELLED AT 2025-08-25T11:47:52 DUE TO TIME LIMIT ***
slurmstepd: error: *** STEP 777242.0 ON alnode265 CANCELLED AT 2025-08-25T11:47:52 DUE TO TIME LIMIT ***
