Run started: Wed Aug 27 08:40:46 CEST 2025
Using VDAGGER_ARCH = gnu7_fkfamd_cluster
Running 1x128 MPI processes.

                               xx
                              +##
                               #X
                               Xx
                          X##XxXxxX##x
                           +   Xx  ++
                               ##
                              +##
                              +##
     ++++         ++          +##
   xX+++##+      ####         +##
  Xx    ###      +X##          ##
 xX    X##+        ##          #X
 +    x##X         #x          #X
      ###         +#           x+
     X##+         #+
     ###         Xx                    _______
     ##X       +X+   __________________VDAGGER
     +##x    +xX     2nd quantized variational
       +xxxxx+       ______quantum Monte Carlo

* Running 1024 MPI processes.
* Input file: "input.casl"

############# Start of input file dump #############
General:
  Random seed: timer

Plan:
  VMC-optimization:
    Minimum cycles: 5
    Convergence cycles: 3

System:
  Read Hamiltonian: FCIDUMP_loc
  Read orbitals: LTSC.mat
  Complex orbitals: F

VMC:
  nstep: 500000
  nconfig: 100000
  Report density: T
  Report pair correlation: T

Optimization:
  max_niter: 1

Jastrow: wfn.casl

Backflow: wfn.casl
############## End of input file dump ##############

General setup:
* Random seed: 1408377721 (from timer)

* Loaded integrals for system with nelec=24, ms2=0, norb=24
* INFO: setting number of electrons from integrals file.
* Analysis of Hamiltonian connecitivity performed:
  - T_ii (local, 1-site): 24 (i) values
  - U_iiii [opp] (local, 1-site): 24 (i) values
  - U_kkii [opp] (local, 2-site): 552 contribs. from 24 (i) values
  - U_kkii [par] (local, 2-site): 276 contribs. from 23 (i) values
  - T_ji (single, 2-site): 552 contribs. from 24 (i) values
  - U_kkji [opp] (single, 2/3-site): 13248 contribs. from 552 (i,j) pairs
  - U_kkji [par] (single, 3-site): 12696 contribs. from 552 (i,j) pairs
  - U_lkji [opp] (double, 2/3/4-site): 304384 contribs. from 552 (i,j) pairs
  - U_lkji [par] (double, 4-site): 71852 contribs. from 506 (i,j) pairs
  - Max. no. wfn. ratios in Eloc: 24357
* Reading override orbitals from file "LTSC.mat".
* Site labels:
  [draw_int: system geometry not defined]
* Automatically set Site kinds:
  [ 1, 2, 3, 2, 4, 1, 5, 3, 6, 1, 5, 5, 5, 5, 6, 1, 3, 4, 5, 5, 4, 5, 3, 4 ]
  [draw_int: system geometry not defined]
* Automatically set Site pair kinds:
  Site 1: [ 0, -68, 69, -17, -26, 22, -65, 18, -8, 9, -38, -25, 16, 29, 23, 21, -28, 40, 53, -51, -31, 15, 3, 64 ]
  Site 2: [ -68, 0, 62, 76, -71, -68, 32, 13, -27, 17, -55, 39, 32, 6, 4, 17, -13, -42, -6, -39, -71, -55, -62, -42 ]
  Site 3: [ 69, 62, 0, 13, -36, -3, -43, -77, 19, -28, -41, 74, 59, -75, 67, -18, 12, -54, -35, -5, 7, -34, 66, 33 ]
  Site 4: [ -17, 76, 13, 0, 42, -17, 39, 62, 4, 68, -6, 32, 39, 55, -27, 68, -62, 71, -55, -32, 42, -6, -13, 71 ]
  Site 5: [ -26, -71, -36, 42, 0, -31, -50, -33, 14, 40, 44, 11, 46, 57, 52, 64, -54, 61, 78, 60, -47, -1, -7, -72 ]
  Site 6: [ 22, -68, -3, -17, -31, 0, 16, 28, -8, 21, 15, 51, -65, -53, 23, 9, -18, 64, -29, 25, -26, -38, -69, 40 ]
  Site 7: [ -65, 32, -43, 39, -50, 16, 0, 74, -30, -51, -48, 73, 79, 56, -37, 25, -5, 60, 45, 2, 46, -58, -59, -11 ]
  Site 8: [ 18, 13, -77, 62, -33, 28, 74, 0, 67, 3, 75, -43, 5, 41, 19, -69, 66, -7, -34, -59, 54, -35, 12, 36 ]
  Site 9: [ -8, -27, 19, 4, 14, -8, -30, 67, 0, -23, -24, -37, -30, 63, -20, -23, -67, -52, -63, 37, 14, -24, -19, -52 ]
  Site 10: [ 9, 17, -28, 68, 40, 21, -51, 3, -23, 0, -53, -16, 25, 15, 8, 22, 69, -26, 38, -65, 64, 29, 18, -31 ]
  Site 11: [ -38, -55, -41, -6, 44, 15, -48, 75, -24, -53, 0, -56, -58, -70, -63, 29, 35, -78, -49, -45, -1, 10, 34, 57 ]
  Site 12: [ -25, 39, 74, 32, 11, 51, 73, -43, -37, -16, -56, 0, -2, 48, -30, 65, -59, -46, -58, -79, -60, 45, -5, 50 ]
  Site 13: [ 16, 32, 59, 39, 46, -65, 79, 5, -30, 25, -58, -2, 0, -45, -37, -51, -74, -11, -56, -73, -50, -48, 43, 60 ]
  Site 14: [ 29, 6, -75, 55, 57, -53, 56, 41, 63, 15, -70, 48, -45, 0, 24, -38, -34, -1, -10, -58, -78, 49, -35, 44 ]
  Site 15: [ 23, 4, 67, -27, 52, 23, -37, 19, -20, 8, -63, -30, -37, 24, 0, 8, -19, -14, -24, 30, 52, -63, -67, -14 ]
  Site 16: [ 21, 17, -18, 68, 64, 9, 25, -69, -23, 22, 29, 65, -51, -38, 8, 0, -3, -31, -15, 16, 40, -53, 28, -26 ]
  Site 17: [ -28, -13, 12, -62, -54, -18, -5, 66, -67, 69, 35, -59, -74, -34, -19, -3, 0, -36, 41, -43, 33, -75, -77, 7 ]
  Site 18: [ 40, -42, -54, 71, 61, 64, 60, -7, -52, -26, -78, -46, -11, -1, -14, -31, -36, 0, -44, -50, -72, 57, -33, -47 ]
  Site 19: [ 53, -6, -35, -55, 78, -29, 45, -34, -63, 38, -49, -58, -56, -10, -24, -15, 41, -44, 0, 48, -57, 70, -75, 1 ]
  Site 20: [ -51, -39, -5, -32, 60, 25, 2, -59, 37, -65, -45, -79, -73, -58, 30, 16, -43, -50, 48, 0, -11, 56, 74, 46 ]
  Site 21: [ -31, -71, 7, 42, -47, -26, 46, 54, 14, 64, -1, -60, -50, -78, 52, 40, 33, -72, -57, -11, 0, 44, 36, 61 ]
  Site 22: [ 15, -55, -34, -6, -1, -38, -58, -35, -24, 29, 10, 45, -48, 49, -63, -53, -75, 57, 70, 56, 44, 0, 41, -78 ]
  Site 23: [ 3, -62, 66, -13, -7, -69, -59, 12, -19, 18, 34, -5, 43, -35, -67, 28, -77, -33, -75, 74, 36, 41, 0, 54 ]
  Site 24: [ 64, -42, 33, 71, -72, 40, -11, 36, -52, -31, 57, 50, 60, 44, -14, -26, 7, -47, 1, 46, 61, -78, 54, 0 ]
  For site 1 of kind 1:
  [draw_int: system geometry not defined]
  For site 2 of kind 2:
  [draw_int: system geometry not defined]
  For site 3 of kind 3:
  [draw_int: system geometry not defined]
  For site 5 of kind 4:
  [draw_int: system geometry not defined]
  For site 7 of kind 5:
  [draw_int: system geometry not defined]
  For site 9 of kind 6:
  [draw_int: system geometry not defined]
General system setup:
* Number of sites       : 24
* Number of electrons   : 24
* Spin imbalance MS2    : 0
* Filling               : 0.500000
* Number of orbitals in pool: 24
* Using real-valued orbitals
* Using double-precision arithmetic for orbitals

Trial wave function setup:
* Jastrow parameter file: "wfn.casl"
* Not using multideterminants
* Backflow parameter file: "wfn.casl"
* Not using wave function manipulation

VMC #1:
* Size of Hilbert space =   7.3125E+12
* Number of equil. steps   = 1000
* Running VMC equilibration.
  Done. [total walltime: 0.13s]
* Equil. acc.ratio (%)     =   7.1636
* Sample config after equilibration:
  [draw: system geometry not defined]
* Number of accum. steps   = 501760 x 10
* Running VMC accumulation.
    [walltime: 1m elapsed, 1m52s remaining]
  Done. [total walltime: 2m53s]
* Acceptance ratio (%)     =   7.1258
* Etot/t                   =  -9.159207482129E+02 +/-   1.502522892445E-04
  > Ttot/t                 =  -9.553945699573E+01 +/-   1.316990012207E-03
  > Utot/t                 =   4.252349703183E+01 +/-   1.315195129888E-03
* var[Eloc/t]              =   1.085884555782E-02 +/-   5.201694894733E-05
* Correlation length       =   1.043168767069E+00
* Site occupation (ave. no. electrons per config.):
  > Site_  ___eu____  ___ed____
      1        0.500      0.498
      2        0.497      0.500
      3        0.500      0.498
      4        0.497      0.499
      5        0.503      0.502
      6        0.497      0.501
      7        0.500      0.503
      8        0.497      0.502
      9        0.497      0.498
     10        0.499      0.499
     11        0.501      0.503
     12        0.502      0.504
     13        0.503      0.499
     14        0.504      0.500
     15        0.500      0.497
     16        0.498      0.497
     17        0.499      0.501
     18        0.497      0.502
     19        0.503      0.503
     20        0.505      0.499
     21        0.501      0.499
     22        0.500      0.499
     23        0.498      0.497
     24        0.500      0.500
* Pair-correlation analysis (ave. no. pairs per config.):
  > Shell  nsite  ___dh____  __eueu___  __eued___
      0      1        0          0          4.338
      1      0        0.864      0.659      2.518
      2      0        0.431      0.336      1.259
      3      0        0.673      1.134      2.261
      4      0        0.337      0.562      1.129
      5      0        0.536      1.419      2.153
      6      0        0.530      1.420      2.152
      7      0        0.534      1.413      2.153
      8      0        0.550      1.423      2.121
      9      0        0.274      0.714      1.061
     10      0        0.123      1.025      0.981
     11      0        0.246      2.043      1.960
     12      0        0.157      0.927      1.041
     13      0        0.318      1.843      2.082
     14      0        0.298      1.812      2.113
     15      0        0.297      1.815      2.124
     16      0        0.299      1.823      2.117
     17      0        0.278      2.071      1.927
     18      0        0.279      2.069      1.931
     19      0        0.279      2.068      1.928
     20      0        0.076      0.483      0.503
     21      0        0.151      0.967      1.008
     22      0        0.141      1.014      0.981
     23      0        0.281      2.027      1.957
     24      0        0.254      2.095      1.921
     25      0        0.255      2.093      1.929
     26      0        0.255      2.096      1.915
     27      0        0.142      1.001      0.988
     28      0        0.284      2.010      1.976
     29      0        0.260      2.031      1.977
     30      0        0.259      2.029      1.972
     31      0        0.269      2.014      1.965
     32      0        0.266      2.024      1.968
     33      0        0.267      2.020      1.966
     34      0        0.270      2.019      1.970
     35      0        0.274      1.945      2.037
     36      0        0.270      1.946      2.032
     37      0        0.263      1.978      2.017
     38      0        0.256      1.989      2.024
     39      0        0.273      1.942      2.033
     40      0        0.261      1.977      2.016
     41      0        0.239      2.139      1.924
     42      0        0.236      2.124      1.923
     43      0        0.238      2.129      1.931
     44      0        0.236      1.958      2.063
     45      0        0.238      1.961      2.067
     46      0        0.238      1.958      2.063
     47      0        0.127      1.011      0.978
     48      0        0.253      2.031      1.968
     49      0        0.123      0.993      1.012
     50      0        0.243      1.984      2.025
     51      0        0.263      2.011      1.991
     52      0        0.262      2.001      1.983
     53      0        0.263      2.008      1.993
     54      0        0.264      2.002      1.988
     55      0        0.260      2.007      1.993
     56      0        0.239      2.004      2.026
     57      0        0.237      2.017      2.000
     58      0        0.240      2.024      2.001
     59      0        0.263      2.009      1.994
     60      0        0.238      2.021      1.998
     61      0        0.119      0.998      1.006
     62      0        0.294      1.997      1.969
     63      0        0.265      1.984      2.005
     64      0        0.261      1.984      2.008
     65      0        0.265      1.987      2.009
     66      0        0.146      1.004      0.983
     67      0        0.286      1.966      2.014
     68      0        0.287      1.966      2.010
     69      0        0.285      1.967      2.020
     70      0        0.119      1.006      1.008
     71      0        0.262      1.988      2.000
     72      0        0.120      1.001      1.003
     73      0        0.120      1.006      1.006
     74      0        0.263      1.991      2.011
     75      0        0.263      1.995      2.008
     76      0        0.074      0.491      0.497
     77      0        0.147      0.985      1.000
     78      0        0.238      2.011      2.007
     79      0        0.117      1.008      1.008

Optimization #1:
* Method          : lls
* Target function : energy
* No. of configs. : 100352
* No. of params.  : 325
* Before optimization:
  -2.5199E+00  -1.5484E+00  -1.6251E+00  -1.2680E+00  -1.5195E+00  -2.4637E+00
   2.2987E-01   2.4722E-01   2.2337E-01   3.2035E-01   2.8635E-01   2.4997E-01
   2.9765E-01   3.2523E-01   3.1439E-01   3.1449E-01   3.0079E-01   3.2441E-01
   3.0511E-01   3.4958E-01   3.5073E-01   3.6004E-01   1.7479E-01   1.7494E-01
   1.7095E-01  -1.7263E-02  -2.2825E-02  -2.4422E-02  -3.1596E-02  -3.2106E-02
  -3.3951E-02  -3.6006E-02  -3.3078E-02  -3.0803E-02   6.3300E-02   6.1244E-02
   7.6645E-02   7.2547E-02   6.3779E-02   6.7146E-02   1.0067E-01   1.0188E-01
   1.4465E-01   1.4222E-01   1.4304E-01   4.6313E-02   5.1574E-02   6.2513E-02
   5.9427E-02   5.9716E-02   5.9851E-02   3.3437E-03   3.5385E-03   4.4841E-03
   2.1425E-03  -3.5769E-02  -3.7569E-02  -3.6710E-02  -3.4581E-02   0.0000E+00
   0.0000E+00   0.0000E+00   0.0000E+00   0.0000E+00   0.0000E+00   0.0000E+00
   0.0000E+00   0.0000E+00   0.0000E+00   0.0000E+00   0.0000E+00   0.0000E+00
   0.0000E+00   0.0000E+00   0.0000E+00   0.0000E+00   0.0000E+00   0.0000E+00
   0.0000E+00  -1.5012E-01  -1.8020E-01  -1.6360E-01  -1.9592E-01  -1.4131E-01
  -1.9233E-01  -1.0543E-01  -1.7637E-01  -1.7058E-01  -1.4868E-01  -1.5892E-01
  -1.3797E-01  -1.6391E-01  -1.4221E-01  -1.8328E-01  -1.7275E-01  -1.8512E-01
  -1.7789E-01  -8.6598E-02  -8.6333E-02  -8.4700E-02  -8.3339E-02   8.3866E-03
   9.1842E-03   1.0981E-02   1.5852E-02   2.2791E-02   9.1616E-03   2.1641E-02
   6.4748E-03   1.9702E-02   8.9774E-03  -2.1352E-02  -3.6751E-02  -2.7584E-02
  -4.2858E-02  -2.4007E-02  -3.7795E-02  -6.1707E-02  -3.9464E-02  -6.0970E-02
  -4.0220E-02  -7.8278E-02  -6.3502E-02  -7.6849E-02  -6.2652E-02  -6.1483E-03
  -3.9827E-02  -1.5881E-02  -3.9340E-02  -1.2543E-02  -3.9526E-02  -1.6163E-03
   3.2132E-04  -1.5400E-03  -1.1452E-03   2.2540E-02   1.3884E-02   2.1924E-02
   1.4334E-02   0.0000E+00   0.0000E+00   0.0000E+00   0.0000E+00   0.0000E+00
   0.0000E+00   0.0000E+00   0.0000E+00   0.0000E+00   0.0000E+00   0.0000E+00
   0.0000E+00   0.0000E+00   0.0000E+00   0.0000E+00   0.0000E+00   0.0000E+00
   0.0000E+00   0.0000E+00   0.0000E+00   1.2896E+00   8.0335E-01   8.3943E-01
   7.2617E-01   8.4168E-01   1.2454E+00  -1.4941E-01  -1.6723E-01  -9.4361E-02
  -1.4349E-01  -1.0202E-01  -1.0793E-01  -9.3653E-02  -1.3248E-01  -9.8199E-02
  -1.0009E-02  -1.1791E-02  -5.0907E-03  -6.1693E-03   1.3659E-02   1.0116E-03
   3.0135E-03  -3.9910E-02  -3.3501E-02  -3.9181E-02  -2.3298E-02  -3.8860E-02
  -3.7012E-02  -3.3680E-02  -2.5075E-02  -2.8433E-02  -2.2799E-02   3.4517E-03
   1.5288E-03  -9.6956E-05  -1.9888E-03   0.0000E+00   0.0000E+00   0.0000E+00
   0.0000E+00   0.0000E+00   0.0000E+00   0.0000E+00   0.0000E+00   0.0000E+00
   0.0000E+00   1.4923E-02   1.7392E-02  -6.2208E-02  -7.6854E-02  -3.7712E-04
   5.2178E-03  -3.0972E-03  -1.4289E-01  -1.4487E-01  -1.9791E-02  -1.6918E-02
  -1.3309E-02  -1.3935E-02   2.6047E-02   2.3696E-02   2.8891E-02  -1.2817E-02
   7.2957E-03   2.0527E-03  -3.5884E-02  -3.6107E-02  -2.1680E-03   2.8248E-02
  -3.6553E-02  -3.2327E-02  -1.7570E-02  -2.7063E-03  -9.5354E-03  -1.7974E-02
  -2.0490E-02   0.0000E+00   0.0000E+00   0.0000E+00   0.0000E+00   0.0000E+00
   0.0000E+00   0.0000E+00   0.0000E+00   0.0000E+00   0.0000E+00  -1.3514E-02
  -1.6502E-02  -4.6979E-02  -6.9285E-02  -1.4956E-02  -1.9300E-02  -1.0976E-02
  -9.0127E-02  -7.9552E-02   1.2069E-02   8.3838E-03  -8.5985E-03  -8.0444E-03
   3.6542E-02   3.5330E-02   3.3922E-02  -3.3553E-02  -4.0964E-02  -4.5538E-02
  -2.2405E-02  -2.1421E-02  -3.9360E-02  -4.8501E-02   6.8869E-03  -4.9030E-03
  -6.5580E-03   6.8809E-03   1.1104E-02   1.0894E-02   1.2264E-02   0.0000E+00
   0.0000E+00   0.0000E+00   0.0000E+00   0.0000E+00   0.0000E+00   0.0000E+00
   0.0000E+00   0.0000E+00   0.0000E+00   5.0888E-02   3.7646E-02  -6.2418E-02
  -4.4582E-02   5.6485E-02   6.8242E-02   5.9160E-02  -1.4029E-01  -1.6022E-01
  -3.9422E-03   1.2382E-03  -1.8813E-02  -1.8792E-02   4.3301E-02   5.0679E-02
   5.3302E-02  -9.4300E-03  -3.4366E-03  -6.8356E-03  -2.9328E-02  -1.7147E-02
  -1.2934E-02  -1.2282E-03  -1.1522E-02  -1.4097E-02  -5.2798E-03   3.8268E-04
  -1.8024E-03  -6.4336E-03  -6.5251E-03   0.0000E+00   0.0000E+00   0.0000E+00
   0.0000E+00   0.0000E+00   0.0000E+00   0.0000E+00   0.0000E+00   0.0000E+00
   0.0000E+00
  > E    =  -9.159203487253E+02 +/-   3.291589202489E-04
  > varE =   1.087269712730E-02
* Computing derivatives.
    [walltime: 3m42s elapsed, 2h57m remaining]
    [walltime: 1h2m elapsed, 1h57m remaining]
  Done. [total walltime: 3h]
* Optimizing manipulation constant:
  #igrid a___________ E____________________________________ varE____________
     1     Infinity    -9.15920349E+02 +/-   3.29158920E-04   1.08726971E-02
     2     1.0000E+06  -9.15920349E+02 +/-   3.29158885E-04   1.08726948E-02
     3     2.1544E+05  -9.15920349E+02 +/-   3.29158759E-04   1.08726865E-02
     4     4.6416E+04  -9.15920349E+02 +/-   3.29158171E-04   1.08726476E-02
     5     1.0000E+04  -9.15920349E+02 +/-   3.29155457E-04   1.08724683E-02
     6     2.1544E+03  -9.15920350E+02 +/-   3.29143165E-04   1.08716563E-02
     7     4.6416E+02  -9.15920354E+02 +/-   3.29092448E-04   1.08683062E-02
     8     1.0000E+02  -9.15920354E+02 +/-   3.29001985E-04   1.08623319E-02
     9     2.1544E+01  -9.15919815E+02 +/-   3.34961172E-04   1.12593927E-02
    10     4.6416E+00  -9.15901936E+02 +/-   5.11754280E-04   2.62814305E-02
    11     1.0000E+00  -9.15694126E+02 +/-   1.40176925E-03   1.97187368E-01
    12     2.1544E-01  -9.15233415E+02 +/-   2.31406797E-03   5.37375988E-01
    13     4.6416E-02  -9.14911385E+02 +/-   2.72832447E-03   7.46995645E-01
    14     1.0000E-02  -9.14736446E+02 +/-   2.91056057E-03   8.50118201E-01
    15     2.1544E-03  -9.14683898E+02 +/-   2.96062402E-03   8.79614843E-01
    16     4.6416E-04  -9.14671649E+02 +/-   2.97201190E-03   8.86394637E-01
    17     1.0000E-04  -9.14668964E+02 +/-   2.97449419E-03   8.87875927E-01
    18     2.1544E-05  -9.14668383E+02 +/-   2.97503033E-03   8.88196027E-01
    19     4.6416E-06  -9.14668258E+02 +/-   2.97514590E-03   8.88265036E-01
    20     1.0000E-06  -9.14668231E+02 +/-   2.97517080E-03   8.88279905E-01
    21     0.0000E+00  -9.14668223E+02 +/-   2.97517764E-03   8.88283989E-01
  ParMin   2.1496E+02  -9.15920357E+02 +/-   3.29036335E-04   1.08646003E-02
  # Using parabolic minimum
* Iteration # 1: E =  -9.159203566571E+02 +/-   3.290363354578E-04
* Reached maximum number of iterations: exiting.
* After optimization:
  -2.5531E+00  -1.5822E+00  -1.6580E+00  -1.3024E+00  -1.5527E+00  -2.4972E+00
   2.3006E-01   2.4732E-01   2.2366E-01   3.2020E-01   2.8623E-01   2.4998E-01
   2.9757E-01   3.2506E-01   3.1424E-01   3.1444E-01   3.0072E-01   3.2428E-01
   3.0502E-01   3.4957E-01   3.5070E-01   3.5998E-01   1.7475E-01   1.7489E-01
   1.7092E-01  -1.7402E-02  -2.2942E-02  -2.4529E-02  -3.1704E-02  -3.2220E-02
  -3.4082E-02  -3.6096E-02  -3.3192E-02  -3.0900E-02   6.3220E-02   6.1153E-02
   7.6516E-02   7.2434E-02   6.3706E-02   6.7073E-02   1.0076E-01   1.0195E-01
   1.4465E-01   1.4226E-01   1.4306E-01   4.6208E-02   5.1457E-02   6.2358E-02
   5.9271E-02   5.9560E-02   5.9672E-02   3.3891E-03   3.5693E-03   4.5299E-03
   2.1932E-03  -3.5899E-02  -3.7708E-02  -3.6832E-02  -3.4718E-02  -3.0505E-04
  -3.0991E-04  -2.3427E-04  -2.3637E-04  -2.3252E-04  -2.3632E-04  -2.2472E-04
  -2.3260E-04  -1.8410E-04  -1.9007E-04  -1.8410E-04  -1.8754E-04  -1.9374E-04
  -1.7621E-04  -1.7982E-04  -2.0537E-04  -1.9805E-04  -1.9828E-04  -1.7709E-04
  -1.9992E-04  -1.5015E-01  -1.8026E-01  -1.6350E-01  -1.9583E-01  -1.4124E-01
  -1.9236E-01  -1.0550E-01  -1.7649E-01  -1.7053E-01  -1.4863E-01  -1.5896E-01
  -1.3801E-01  -1.6391E-01  -1.4222E-01  -1.8322E-01  -1.7276E-01  -1.8506E-01
  -1.7789E-01  -8.6562E-02  -8.6305E-02  -8.4670E-02  -8.3319E-02   8.4461E-03
   9.2534E-03   1.1015E-02   1.5882E-02   2.2874E-02   9.1801E-03   2.1739E-02
   6.5182E-03   1.9790E-02   8.9944E-03  -2.1292E-02  -3.6729E-02  -2.7506E-02
  -4.2808E-02  -2.3953E-02  -3.7779E-02  -6.1749E-02  -3.9507E-02  -6.1012E-02
  -4.0249E-02  -7.8274E-02  -6.3522E-02  -7.6859E-02  -6.2681E-02  -6.0618E-03
  -3.9798E-02  -1.5775E-02  -3.9300E-02  -1.2442E-02  -3.9483E-02  -1.6476E-03
   2.9933E-04  -1.5703E-03  -1.1647E-03   2.2626E-02   1.3949E-02   2.2005E-02
   1.4377E-02   1.7866E-04   1.3564E-04   1.2706E-04   1.1945E-04   1.1320E-04
   1.0857E-04   1.1809E-04   1.1985E-04   7.9693E-05   9.7345E-05   7.7481E-05
   9.7736E-05   1.2275E-04   6.9352E-05   1.1222E-04   6.4995E-05   8.3865E-05
   9.6052E-05   1.0952E-04   6.8685E-05   1.3126E+00   8.1784E-01   8.5420E-01
   7.3940E-01   8.5643E-01   1.2678E+00  -1.5230E-01  -1.7039E-01  -9.5925E-02
  -1.4578E-01  -1.0392E-01  -1.0985E-01  -9.5414E-02  -1.3473E-01  -9.9973E-02
  -1.0155E-02  -1.1964E-02  -5.3286E-03  -6.4137E-03   1.3865E-02   1.0038E-03
   3.0479E-03  -4.0541E-02  -3.3982E-02  -3.9774E-02  -2.3824E-02  -3.9568E-02
  -3.7583E-02  -3.4152E-02  -2.5449E-02  -2.8838E-02  -2.3124E-02   3.5276E-03
   1.5391E-03  -9.6088E-05  -2.0267E-03  -2.2938E-05  -2.4346E-05  -7.5313E-07
  -2.9983E-05  -6.9099E-05  -4.5083E-05  -4.3013E-05  -4.9866E-05  -3.8150E-05
  -3.2484E-05   1.4871E-02   1.7315E-02  -6.3206E-02  -7.8160E-02  -4.8931E-04
   5.2262E-03  -3.2306E-03  -1.4553E-01  -1.4747E-01  -2.0058E-02  -1.7153E-02
  -1.3654E-02  -1.4293E-02   2.6560E-02   2.4135E-02   2.9385E-02  -1.2917E-02
   7.5123E-03   2.1663E-03  -3.6578E-02  -3.6819E-02  -1.9800E-03   2.8875E-02
  -3.7094E-02  -3.2787E-02  -1.7847E-02  -2.7715E-03  -9.7145E-03  -1.8286E-02
  -2.0851E-02  -6.9990E-05  -3.5101E-05  -6.3628E-06  -2.9064E-05  -5.0298E-05
  -2.8586E-05  -3.7736E-05  -5.2861E-05  -4.2568E-05  -4.9569E-05  -1.3993E-02
  -1.7046E-02  -4.7106E-02  -6.9274E-02  -1.5197E-02  -1.9426E-02  -1.1204E-02
  -9.0352E-02  -7.9829E-02   1.2034E-02   8.3574E-03  -8.7368E-03  -8.1751E-03
   3.6605E-02   3.5377E-02   3.3959E-02  -3.3548E-02  -4.0912E-02  -4.5486E-02
  -2.2472E-02  -2.1483E-02  -3.9421E-02  -4.8495E-02   6.9181E-03  -4.8521E-03
  -6.4610E-03   6.9112E-03   1.1089E-02   1.0923E-02   1.2265E-02   5.4582E-05
   1.5952E-06   2.7305E-06  -6.9813E-06  -6.6286E-05  -5.1578E-05  -3.3951E-05
  -6.1427E-05  -5.9830E-05  -3.5559E-05   5.0311E-02   3.7106E-02  -6.2581E-02
  -4.4821E-02   5.6223E-02   6.7995E-02   5.8901E-02  -1.4067E-01  -1.6051E-01
  -3.9190E-03   1.2405E-03  -1.8901E-02  -1.8861E-02   4.3451E-02   5.0781E-02
   5.3361E-02  -9.3639E-03  -3.4025E-03  -6.8213E-03  -2.9359E-02  -1.7236E-02
  -1.2876E-02  -1.2133E-03  -1.1438E-02  -1.4016E-02  -5.2364E-03   3.8480E-04
  -1.8113E-03  -6.4172E-03  -6.5099E-03  -1.2715E-05  -1.3598E-05  -7.4324E-07
  -1.9778E-05  -2.1230E-05  -2.3329E-05  -4.3454E-05  -5.3402E-05  -2.9332E-05
  -5.1064E-05
  > Energy =  -9.159203566571E+02 +/-   3.290363354578E-04
  > varE =   1.086460025349E-02

VMC #2:
* Size of Hilbert space =   7.3125E+12
* Number of equil. steps   = 1000
* Running VMC equilibration.
  Done. [total walltime: 0.14s]
* Equil. acc.ratio (%)     =   7.0463
* Sample config after equilibration:
  [draw: system geometry not defined]
* Number of accum. steps   = 501760 x 10
* Running VMC accumulation.
    [walltime: 1m elapsed, 1m56s remaining]
  Done. [total walltime: 2m56s]
* Acceptance ratio (%)     =   7.0075
* Etot/t                   =  -9.159206248784E+02 +/-   1.494468093632E-04
  > Ttot/t                 =  -9.553850569170E+01 +/-   1.368122537806E-03
  > Utot/t                 =   4.252266906233E+01 +/-   1.359866599539E-03
* var[Eloc/t]              =   1.085247236049E-02 +/-   5.660176033569E-05
* Correlation length       =   1.032620263486E+00
* Site occupation (ave. no. electrons per config.):
  > Site_  ___eu____  ___ed____
      1        0.498      0.498
      2        0.501      0.496
      3        0.499      0.497
      4        0.496      0.500
      5        0.500      0.501
      6        0.501      0.500
      7        0.501      0.501
      8        0.499      0.499
      9        0.498      0.496
     10        0.498      0.499
     11        0.505      0.501
     12        0.501      0.503
     13        0.502      0.502
     14        0.501      0.505
     15        0.495      0.500
     16        0.498      0.497
     17        0.501      0.499
     18        0.503      0.497
     19        0.501      0.505
     20        0.502      0.501
     21        0.496      0.506
     22        0.503      0.500
     23        0.499      0.499
     24        0.501      0.500
* Pair-correlation analysis (ave. no. pairs per config.):
  > Shell  nsite  ___dh____  __eueu___  __eued___
      0      1        0          0          4.341
      1      0        0.863      0.667      2.519
      2      0        0.432      0.334      1.259
      3      0        0.675      1.130      2.262
      4      0        0.338      0.562      1.126
      5      0        0.540      1.414      2.151
      6      0        0.536      1.419      2.154
      7      0        0.539      1.415      2.144
      8      0        0.546      1.422      2.120
      9      0        0.274      0.712      1.061
     10      0        0.123      1.026      0.987
     11      0        0.243      2.045      1.961
     12      0        0.159      0.926      1.038
     13      0        0.318      1.847      2.077
     14      0        0.297      1.805      2.113
     15      0        0.296      1.823      2.125
     16      0        0.300      1.814      2.118
     17      0        0.281      2.067      1.926
     18      0        0.278      2.071      1.928
     19      0        0.278      2.064      1.925
     20      0        0.074      0.483      0.501
     21      0        0.148      0.969      1.009
     22      0        0.142      1.014      0.978
     23      0        0.284      2.020      1.951
     24      0        0.255      2.097      1.916
     25      0        0.252      2.101      1.924
     26      0        0.257      2.089      1.918
     27      0        0.143      0.998      0.986
     28      0        0.287      2.004      1.978
     29      0        0.260      2.036      1.975
     30      0        0.262      2.025      1.966
     31      0        0.268      2.013      1.966
     32      0        0.267      2.021      1.966
     33      0        0.265      2.019      1.971
     34      0        0.267      2.023      1.978
     35      0        0.274      1.949      2.038
     36      0        0.271      1.948      2.031
     37      0        0.261      1.973      2.018
     38      0        0.256      1.991      2.027
     39      0        0.274      1.942      2.033
     40      0        0.260      1.974      2.019
     41      0        0.236      2.137      1.934
     42      0        0.239      2.126      1.923
     43      0        0.233      2.135      1.935
     44      0        0.237      1.965      2.063
     45      0        0.239      1.964      2.068
     46      0        0.241      1.957      2.055
     47      0        0.127      1.008      0.980
     48      0        0.253      2.030      1.973
     49      0        0.122      0.997      1.016
     50      0        0.243      1.984      2.022
     51      0        0.263      2.007      1.989
     52      0        0.262      2.001      1.979
     53      0        0.262      2.012      1.996
     54      0        0.263      2.003      1.993
     55      0        0.264      2.007      1.994
     56      0        0.235      2.010      2.026
     57      0        0.236      2.023      2.003
     58      0        0.240      2.023      2.005
     59      0        0.265      2.005      1.995
     60      0        0.238      2.017      1.998
     61      0        0.119      0.997      1.006
     62      0        0.296      2.000      1.965
     63      0        0.263      1.981      2.009
     64      0        0.267      1.986      2.000
     65      0        0.263      1.988      2.011
     66      0        0.148      1.000      0.984
     67      0        0.285      1.963      2.011
     68      0        0.287      1.961      2.017
     69      0        0.283      1.973      2.017
     70      0        0.118      1.010      1.012
     71      0        0.265      1.986      2.000
     72      0        0.121      1.001      1.001
     73      0        0.120      1.003      1.007
     74      0        0.265      1.992      2.006
     75      0        0.264      1.995      2.013
     76      0        0.073      0.493      0.498
     77      0        0.147      0.987      0.999
     78      0        0.239      2.012      2.011
     79      0        0.118      1.009      1.005

Optimization #2:
* Method          : lls
* Target function : energy
* No. of configs. : 100352
* No. of params.  : 325
* Before optimization:
  -2.5531E+00  -1.5822E+00  -1.6580E+00  -1.3024E+00  -1.5527E+00  -2.4972E+00
   2.3006E-01   2.4732E-01   2.2366E-01   3.2020E-01   2.8623E-01   2.4998E-01
   2.9757E-01   3.2506E-01   3.1424E-01   3.1444E-01   3.0072E-01   3.2428E-01
   3.0502E-01   3.4957E-01   3.5070E-01   3.5998E-01   1.7475E-01   1.7489E-01
   1.7092E-01  -1.7402E-02  -2.2942E-02  -2.4529E-02  -3.1704E-02  -3.2220E-02
  -3.4082E-02  -3.6096E-02  -3.3192E-02  -3.0900E-02   6.3220E-02   6.1153E-02
   7.6516E-02   7.2434E-02   6.3706E-02   6.7073E-02   1.0076E-01   1.0195E-01
   1.4465E-01   1.4226E-01   1.4306E-01   4.6208E-02   5.1457E-02   6.2358E-02
   5.9271E-02   5.9560E-02   5.9672E-02   3.3891E-03   3.5693E-03   4.5299E-03
   2.1932E-03  -3.5899E-02  -3.7708E-02  -3.6832E-02  -3.4718E-02  -3.0505E-04
  -3.0991E-04  -2.3427E-04  -2.3637E-04  -2.3252E-04  -2.3632E-04  -2.2472E-04
  -2.3260E-04  -1.8410E-04  -1.9007E-04  -1.8410E-04  -1.8754E-04  -1.9374E-04
  -1.7621E-04  -1.7982E-04  -2.0537E-04  -1.9805E-04  -1.9828E-04  -1.7709E-04
  -1.9992E-04  -1.5015E-01  -1.8026E-01  -1.6350E-01  -1.9583E-01  -1.4124E-01
  -1.9236E-01  -1.0550E-01  -1.7649E-01  -1.7053E-01  -1.4863E-01  -1.5896E-01
  -1.3801E-01  -1.6391E-01  -1.4222E-01  -1.8322E-01  -1.7276E-01  -1.8506E-01
  -1.7789E-01  -8.6562E-02  -8.6305E-02  -8.4670E-02  -8.3319E-02   8.4461E-03
   9.2534E-03   1.1015E-02   1.5882E-02   2.2874E-02   9.1801E-03   2.1739E-02
   6.5182E-03   1.9790E-02   8.9944E-03  -2.1292E-02  -3.6729E-02  -2.7506E-02
  -4.2808E-02  -2.3953E-02  -3.7779E-02  -6.1749E-02  -3.9507E-02  -6.1012E-02
  -4.0249E-02  -7.8274E-02  -6.3522E-02  -7.6859E-02  -6.2681E-02  -6.0618E-03
  -3.9798E-02  -1.5775E-02  -3.9300E-02  -1.2442E-02  -3.9483E-02  -1.6476E-03
   2.9933E-04  -1.5703E-03  -1.1647E-03   2.2626E-02   1.3949E-02   2.2005E-02
   1.4377E-02   1.7866E-04   1.3564E-04   1.2706E-04   1.1945E-04   1.1320E-04
   1.0857E-04   1.1809E-04   1.1985E-04   7.9693E-05   9.7345E-05   7.7481E-05
   9.7736E-05   1.2275E-04   6.9352E-05   1.1222E-04   6.4995E-05   8.3865E-05
   9.6052E-05   1.0952E-04   6.8685E-05   1.3126E+00   8.1784E-01   8.5420E-01
   7.3940E-01   8.5643E-01   1.2678E+00  -1.5230E-01  -1.7039E-01  -9.5925E-02
  -1.4578E-01  -1.0392E-01  -1.0985E-01  -9.5414E-02  -1.3473E-01  -9.9973E-02
  -1.0155E-02  -1.1964E-02  -5.3286E-03  -6.4137E-03   1.3865E-02   1.0038E-03
   3.0479E-03  -4.0541E-02  -3.3982E-02  -3.9774E-02  -2.3824E-02  -3.9568E-02
  -3.7583E-02  -3.4152E-02  -2.5449E-02  -2.8838E-02  -2.3124E-02   3.5276E-03
   1.5391E-03  -9.6088E-05  -2.0267E-03  -2.2938E-05  -2.4346E-05  -7.5313E-07
  -2.9983E-05  -6.9099E-05  -4.5083E-05  -4.3013E-05  -4.9866E-05  -3.8150E-05
  -3.2484E-05   1.4871E-02   1.7315E-02  -6.3206E-02  -7.8160E-02  -4.8931E-04
   5.2262E-03  -3.2306E-03  -1.4553E-01  -1.4747E-01  -2.0058E-02  -1.7153E-02
  -1.3654E-02  -1.4293E-02   2.6560E-02   2.4135E-02   2.9385E-02  -1.2917E-02
   7.5123E-03   2.1663E-03  -3.6578E-02  -3.6819E-02  -1.9800E-03   2.8875E-02
  -3.7094E-02  -3.2787E-02  -1.7847E-02  -2.7715E-03  -9.7145E-03  -1.8286E-02
  -2.0851E-02  -6.9990E-05  -3.5101E-05  -6.3628E-06  -2.9064E-05  -5.0298E-05
  -2.8586E-05  -3.7736E-05  -5.2861E-05  -4.2568E-05  -4.9569E-05  -1.3993E-02
  -1.7046E-02  -4.7106E-02  -6.9274E-02  -1.5197E-02  -1.9426E-02  -1.1204E-02
  -9.0352E-02  -7.9829E-02   1.2034E-02   8.3574E-03  -8.7368E-03  -8.1751E-03
   3.6605E-02   3.5377E-02   3.3959E-02  -3.3548E-02  -4.0912E-02  -4.5486E-02
  -2.2472E-02  -2.1483E-02  -3.9421E-02  -4.8495E-02   6.9181E-03  -4.8521E-03
  -6.4610E-03   6.9112E-03   1.1089E-02   1.0923E-02   1.2265E-02   5.4582E-05
   1.5952E-06   2.7305E-06  -6.9813E-06  -6.6286E-05  -5.1578E-05  -3.3951E-05
  -6.1427E-05  -5.9830E-05  -3.5559E-05   5.0311E-02   3.7106E-02  -6.2581E-02
  -4.4821E-02   5.6223E-02   6.7995E-02   5.8901E-02  -1.4067E-01  -1.6051E-01
  -3.9190E-03   1.2405E-03  -1.8901E-02  -1.8861E-02   4.3451E-02   5.0781E-02
   5.3361E-02  -9.3639E-03  -3.4025E-03  -6.8213E-03  -2.9359E-02  -1.7236E-02
  -1.2876E-02  -1.2133E-03  -1.1438E-02  -1.4016E-02  -5.2364E-03   3.8480E-04
  -1.8113E-03  -6.4172E-03  -6.5099E-03  -1.2715E-05  -1.3598E-05  -7.4324E-07
  -1.9778E-05  -2.1230E-05  -2.3329E-05  -4.3454E-05  -5.3402E-05  -2.9332E-05
  -5.1064E-05
  > E    =  -9.159201916878E+02 +/-   3.313420479847E-04
  > varE =   1.101740049484E-02
* Computing derivatives.
    [walltime: 3m47s elapsed, 3h2m remaining]
    [walltime: 1h2m elapsed, 2h2m remaining]
  Done. [total walltime: 3h5m]
* Optimizing manipulation constant:
  #igrid a___________ E____________________________________ varE____________
     1     Infinity    -9.15920192E+02 +/-   3.31342048E-04   1.10174005E-02
     2     1.0000E+06  -9.15920192E+02 +/-   3.31342010E-04   1.10173980E-02
     3     2.1544E+05  -9.15920192E+02 +/-   3.31341874E-04   1.10173889E-02
     4     4.6416E+04  -9.15920192E+02 +/-   3.31341239E-04   1.10173467E-02
     5     1.0000E+04  -9.15920192E+02 +/-   3.31338294E-04   1.10171508E-02
     6     2.1544E+03  -9.15920193E+02 +/-   3.31324631E-04   1.10162423E-02
     7     4.6416E+02  -9.15920198E+02 +/-   3.31261412E-04   1.10120387E-02
     8     1.0000E+02  -9.15920219E+02 +/-   3.30972157E-04   1.09928158E-02
     9     2.1544E+01  -9.15920311E+02 +/-   3.29713969E-04   1.09093965E-02
    10     4.6416E+00  -9.15920639E+02 +/-   3.25269648E-04   1.06172761E-02
    11     1.0000E+00  -9.15921185E+02 +/-   3.17887428E-04   1.01408121E-02
    12     2.1544E-01  -9.15919005E+02 +/-   3.41877357E-04   1.17291546E-02
    13     4.6416E-02  -9.15856749E+02 +/-   8.02634460E-04   6.46489739E-02
    14     1.0000E-02  -9.15338812E+02 +/-   1.95203975E-03   3.82387201E-01
    15     2.1544E-03  -9.14078089E+02 +/-   2.18607077E-03   4.79572718E-01
    16     4.6416E-04  -9.13852996E+02 +/-   2.11775244E-03   4.50066214E-01
    17     1.0000E-04  -9.13813251E+02 +/-   2.10230117E-03   4.43522743E-01
    18     2.1544E-05  -9.13805024E+02 +/-   2.09898542E-03   4.42124801E-01
    19     4.6416E-06  -9.13803266E+02 +/-   2.09827244E-03   4.41824492E-01
    20     1.0000E-06  -9.13802888E+02 +/-   2.09811891E-03   4.41759836E-01
    21     0.0000E+00  -9.13802785E+02 +/-   2.09807675E-03   4.41742084E-01
  ParMin   1.5811E+00  -9.15921054E+02 +/-   3.19712143E-04   1.02575654E-02
  # Using grid point #11
* Iteration # 1: E =  -9.159211852858E+02 +/-   3.178874279907E-04
* Reached maximum number of iterations: exiting.
* After optimization:
  -2.4209E+00  -1.4989E+00  -1.5281E+00  -1.3275E+00  -1.4367E+00  -2.3359E+00
   2.4884E-01   2.5439E-01   2.4504E-01   2.9576E-01   2.6364E-01   2.6079E-01
   2.9630E-01   3.0990E-01   3.0058E-01   3.0931E-01   2.9449E-01   3.1356E-01
   2.9859E-01   3.4697E-01   3.4873E-01   3.5630E-01   1.7246E-01   1.6954E-01
   1.6864E-01  -3.1692E-02  -3.5318E-02  -3.6928E-02  -4.5279E-02  -4.5151E-02
  -5.1237E-02  -5.1079E-02  -5.0172E-02  -4.8464E-02   5.4415E-02   5.1649E-02
   6.1788E-02   5.8941E-02   5.1566E-02   5.5850E-02   1.0945E-01   1.1324E-01
   1.4801E-01   1.4743E-01   1.4651E-01   3.5223E-02   3.9594E-02   3.9870E-02
   3.6572E-02   3.9187E-02   3.6204E-02   8.0397E-03   8.6645E-03   1.0066E-02
   8.3172E-03  -5.1815E-02  -5.3821E-02  -5.4357E-02  -5.3160E-02  -3.3349E-02
  -3.3892E-02  -2.7556E-02  -2.9052E-02  -2.6373E-02  -2.7395E-02  -2.5629E-02
  -2.5363E-02  -2.2241E-02  -2.3047E-02  -2.0106E-02  -1.9415E-02  -2.6302E-02
  -2.3084E-02  -2.0980E-02  -2.2958E-02  -2.3896E-02  -2.3824E-02  -2.0926E-02
  -2.3554E-02  -1.4863E-01  -1.7753E-01  -1.7015E-01  -2.0659E-01  -1.2522E-01
  -1.8905E-01  -1.1838E-01  -1.9090E-01  -1.6517E-01  -1.4404E-01  -1.6302E-01
  -1.4357E-01  -1.6573E-01  -1.4596E-01  -1.7635E-01  -1.7452E-01  -1.8274E-01
  -1.7888E-01  -8.4818E-02  -8.5012E-02  -8.2318E-02  -8.2482E-02   1.3448E-02
   1.6646E-02   1.5903E-02   2.0604E-02   3.3665E-02   1.1927E-02   3.5206E-02
   1.1923E-02   3.4322E-02   1.1946E-02  -1.4840E-02  -3.5069E-02  -1.8660E-02
  -3.7080E-02  -1.5198E-02  -3.4774E-02  -6.4625E-02  -4.4035E-02  -6.7451E-02
  -4.6072E-02  -7.8294E-02  -6.7274E-02  -7.8428E-02  -6.6288E-02   2.6168E-03
  -3.6742E-02   1.5243E-03  -3.3706E-02   2.4567E-03  -3.3976E-02  -4.6741E-03
  -2.7798E-03  -5.3893E-03  -3.2865E-03   3.2684E-02   2.1139E-02   3.3474E-02
   2.0432E-02   2.0598E-02   1.4123E-02   1.4176E-02   1.3731E-02   1.2606E-02
   1.3190E-02   1.2918E-02   1.3570E-02   9.9114E-03   1.2517E-02   7.3239E-03
   1.0005E-02   1.6419E-02   9.0269E-03   1.4338E-02   7.9486E-03   1.1157E-02
   1.2659E-02   1.4296E-02   8.1440E-03   1.3867E+00   8.9017E-01   9.0140E-01
   8.2323E-01   8.8937E-01   1.3155E+00  -1.9453E-01  -2.1149E-01  -8.9577E-02
  -1.0593E-01  -1.2059E-01  -1.1424E-01  -1.1085E-01  -1.1798E-01  -9.9429E-02
  -2.2639E-03  -7.0638E-03  -2.2952E-02  -2.0596E-02   1.3124E-02   4.7168E-03
   1.7306E-03  -3.0329E-02  -2.7091E-02  -3.2885E-02  -2.9729E-02  -4.8942E-02
  -2.9426E-02  -1.7317E-02  -1.2231E-02  -1.9960E-02  -1.8089E-02   2.8006E-03
   1.7740E-03  -5.9143E-03  -3.2866E-03  -3.4984E-04  -1.5090E-03  -6.9565E-03
  -3.3771E-03  -4.2788E-03  -4.4448E-03  -5.7691E-03  -5.3184E-03  -4.0527E-03
  -5.6063E-03  -1.9220E-02  -1.9651E-02  -5.1600E-02  -5.0586E-02  -1.2463E-02
   2.4539E-03  -8.4694E-03  -1.3555E-01  -1.3039E-01  -8.9566E-03  -9.2999E-03
  -2.7425E-02  -2.6391E-02   3.0869E-02   2.7885E-02   2.9876E-02   2.3337E-03
   1.0591E-02   8.5584E-03  -3.9229E-02  -4.7370E-02   1.2035E-02   4.0194E-02
  -1.8081E-02  -2.2431E-02  -1.1333E-02  -5.5513E-03  -8.9229E-03  -2.1966E-02
  -2.0407E-02  -4.9553E-03  -3.2474E-03  -6.2933E-03  -4.6654E-03  -2.8352E-03
  -3.4670E-03  -3.0158E-03  -5.5645E-03  -4.2309E-03  -4.3574E-03  -7.0510E-02
  -9.2322E-02  -5.3357E-02  -6.0892E-02  -3.9263E-02  -3.6336E-02  -3.1523E-02
  -1.0295E-01  -9.4290E-02   9.0173E-03   7.5823E-03  -2.0899E-02  -2.0413E-02
   4.2951E-02   4.1888E-02   3.7563E-02  -3.4022E-02  -3.2783E-02  -4.1374E-02
  -2.9478E-02  -3.1081E-02  -4.2397E-02  -4.4409E-02   9.5026E-03   1.9485E-03
   2.3921E-03   7.5584E-03   1.1516E-02   1.0281E-02   1.3113E-02   6.8090E-03
  -1.9996E-03  -3.1902E-03  -1.2402E-03  -6.0212E-03  -5.1312E-03  -5.8232E-03
  -3.2646E-03  -5.6521E-03  -8.2955E-03  -4.9555E-03  -2.1084E-02  -6.4874E-02
  -5.7967E-02   3.1163E-02   4.1060E-02   3.5522E-02  -1.5602E-01  -1.6177E-01
  -7.5865E-04   3.5475E-03  -2.4914E-02  -2.7130E-02   5.2899E-02   5.7390E-02
   5.8579E-02  -6.3125E-03  -1.2870E-03  -4.4230E-03  -3.4662E-02  -2.5621E-02
  -1.2668E-02  -8.0375E-04  -1.7586E-03  -4.9741E-03   3.7538E-03   1.7108E-04
  -4.3545E-04  -4.8838E-03  -2.7305E-03   5.6357E-04  -2.4057E-03  -3.8068E-03
  -2.9240E-03  -2.6463E-03  -2.0963E-03  -3.3769E-03  -3.7156E-03  -1.7296E-03
  -7.0894E-03
  > Energy =  -9.159211852858E+02 +/-   3.178874279907E-04
  > varE =   1.014081213820E-02

VMC #3:
* Size of Hilbert space =   7.3125E+12
* Number of equil. steps   = 1000
* Running VMC equilibration.
  Done. [total walltime: 0.14s]
* Equil. acc.ratio (%)     =   6.9748
* Sample config after equilibration:
  [draw: system geometry not defined]
* Number of accum. steps   = 501760 x 10
* Running VMC accumulation.
    [walltime: 1m elapsed, 1m56s remaining]
  Done. [total walltime: 2m56s]
* Acceptance ratio (%)     =   6.9352
* Etot/t                   =  -9.159216175440E+02 +/-   1.409998969936E-04
  > Ttot/t                 =  -9.554814450554E+01 +/-   1.340577017650E-03
  > Utot/t                 =   4.253131521058E+01 +/-   1.341131602759E-03
* var[Eloc/t]              =   1.015888827343E-02 +/-   6.913755460096E-05
* Correlation length       =   9.819456338615E-01
* Site occupation (ave. no. electrons per config.):
  > Site_  ___eu____  ___ed____
      1        0.501      0.498
      2        0.495      0.499
      3        0.501      0.501
      4        0.495      0.497
      5        0.497      0.501
      6        0.500      0.497
      7        0.499      0.500
      8        0.503      0.499
      9        0.499      0.501
     10        0.495      0.499
     11        0.505      0.503
     12        0.503      0.500
     13        0.499      0.503
     14        0.504      0.503
     15        0.503      0.497
     16        0.499      0.500
     17        0.500      0.501
     18        0.497      0.498
     19        0.502      0.502
     20        0.500      0.502
     21        0.498      0.500
     22        0.506      0.502
     23        0.497      0.499
     24        0.501      0.498
* Pair-correlation analysis (ave. no. pairs per config.):
  > Shell  nsite  ___dh____  __eueu___  __eued___
      0      1        0          0          4.338
      1      0        0.859      0.659      2.522
      2      0        0.429      0.333      1.256
      3      0        0.673      1.137      2.265
      4      0        0.341      0.563      1.126
      5      0        0.537      1.417      2.156
      6      0        0.538      1.413      2.152
      7      0        0.530      1.408      2.154
      8      0        0.551      1.435      2.125
      9      0        0.276      0.709      1.063
     10      0        0.123      1.034      0.986
     11      0        0.244      2.032      1.946
     12      0        0.160      0.926      1.044
     13      0        0.320      1.843      2.076
     14      0        0.297      1.808      2.114
     15      0        0.296      1.824      2.130
     16      0        0.299      1.812      2.119
     17      0        0.280      2.060      1.924
     18      0        0.281      2.080      1.928
     19      0        0.280      2.079      1.942
     20      0        0.075      0.487      0.507
     21      0        0.151      0.967      1.007
     22      0        0.142      1.012      0.980
     23      0        0.285      2.030      1.968
     24      0        0.257      2.109      1.933
     25      0        0.256      2.094      1.918
     26      0        0.252      2.087      1.909
     27      0        0.146      1.000      0.986
     28      0        0.285      2.012      1.980
     29      0        0.261      2.037      1.979
     30      0        0.262      2.033      1.975
     31      0        0.262      2.007      1.963
     32      0        0.265      2.015      1.962
     33      0        0.258      2.025      1.967
     34      0        0.265      2.037      1.985
     35      0        0.272      1.955      2.053
     36      0        0.268      1.943      2.030
     37      0        0.260      1.987      2.022
     38      0        0.258      1.996      2.026
     39      0        0.275      1.935      2.024
     40      0        0.258      1.973      2.006
     41      0        0.239      2.150      1.934
     42      0        0.235      2.117      1.905
     43      0        0.237      2.134      1.932
     44      0        0.237      1.949      2.067
     45      0        0.238      1.964      2.073
     46      0        0.238      1.943      2.050
     47      0        0.125      1.005      0.967
     48      0        0.253      2.034      1.969
     49      0        0.123      1.001      1.019
     50      0        0.239      1.977      2.012
     51      0        0.263      2.002      1.989
     52      0        0.259      2.000      1.985
     53      0        0.262      2.013      2.002
     54      0        0.262      1.998      1.985
     55      0        0.265      2.008      1.989
     56      0        0.237      2.012      2.023
     57      0        0.236      2.017      1.998
     58      0        0.240      2.022      2.008
     59      0        0.265      2.009      1.993
     60      0        0.239      2.001      1.988
     61      0        0.119      0.986      0.998
     62      0        0.298      1.997      1.961
     63      0        0.266      2.000      2.018
     64      0        0.261      1.979      1.994
     65      0        0.264      1.983      2.007
     66      0        0.149      1.003      0.988
     67      0        0.288      1.975      2.027
     68      0        0.289      1.955      2.007
     69      0        0.284      1.978      2.018
     70      0        0.118      1.011      1.017
     71      0        0.263      1.973      1.988
     72      0        0.117      0.992      0.995
     73      0        0.118      1.000      1.009
     74      0        0.263      1.996      2.013
     75      0        0.261      2.006      2.021
     76      0        0.074      0.488      0.496
     77      0        0.146      0.989      1.008
     78      0        0.234      2.012      2.004
     79      0        0.119      1.008      0.997

Optimization #3:
* Method          : lls
* Target function : energy
* No. of configs. : 100352
* No. of params.  : 325
* Before optimization:
  -2.4209E+00  -1.4989E+00  -1.5281E+00  -1.3275E+00  -1.4367E+00  -2.3359E+00
   2.4884E-01   2.5439E-01   2.4504E-01   2.9576E-01   2.6364E-01   2.6079E-01
   2.9630E-01   3.0990E-01   3.0058E-01   3.0931E-01   2.9449E-01   3.1356E-01
   2.9859E-01   3.4697E-01   3.4873E-01   3.5630E-01   1.7246E-01   1.6954E-01
   1.6864E-01  -3.1692E-02  -3.5318E-02  -3.6928E-02  -4.5279E-02  -4.5151E-02
  -5.1237E-02  -5.1079E-02  -5.0172E-02  -4.8464E-02   5.4415E-02   5.1649E-02
   6.1788E-02   5.8941E-02   5.1566E-02   5.5850E-02   1.0945E-01   1.1324E-01
   1.4801E-01   1.4743E-01   1.4651E-01   3.5223E-02   3.9594E-02   3.9870E-02
   3.6572E-02   3.9187E-02   3.6204E-02   8.0397E-03   8.6645E-03   1.0066E-02
   8.3172E-03  -5.1815E-02  -5.3821E-02  -5.4357E-02  -5.3160E-02  -3.3349E-02
  -3.3892E-02  -2.7556E-02  -2.9052E-02  -2.6373E-02  -2.7395E-02  -2.5629E-02
  -2.5363E-02  -2.2241E-02  -2.3047E-02  -2.0106E-02  -1.9415E-02  -2.6302E-02
  -2.3084E-02  -2.0980E-02  -2.2958E-02  -2.3896E-02  -2.3824E-02  -2.0926E-02
  -2.3554E-02  -1.4863E-01  -1.7753E-01  -1.7015E-01  -2.0659E-01  -1.2522E-01
  -1.8905E-01  -1.1838E-01  -1.9090E-01  -1.6517E-01  -1.4404E-01  -1.6302E-01
  -1.4357E-01  -1.6573E-01  -1.4596E-01  -1.7635E-01  -1.7452E-01  -1.8274E-01
  -1.7888E-01  -8.4818E-02  -8.5012E-02  -8.2318E-02  -8.2482E-02   1.3448E-02
   1.6646E-02   1.5903E-02   2.0604E-02   3.3665E-02   1.1927E-02   3.5206E-02
   1.1923E-02   3.4322E-02   1.1946E-02  -1.4840E-02  -3.5069E-02  -1.8660E-02
  -3.7080E-02  -1.5198E-02  -3.4774E-02  -6.4625E-02  -4.4035E-02  -6.7451E-02
  -4.6072E-02  -7.8294E-02  -6.7274E-02  -7.8428E-02  -6.6288E-02   2.6168E-03
  -3.6742E-02   1.5243E-03  -3.3706E-02   2.4567E-03  -3.3976E-02  -4.6741E-03
  -2.7798E-03  -5.3893E-03  -3.2865E-03   3.2684E-02   2.1139E-02   3.3474E-02
   2.0432E-02   2.0598E-02   1.4123E-02   1.4176E-02   1.3731E-02   1.2606E-02
   1.3190E-02   1.2918E-02   1.3570E-02   9.9114E-03   1.2517E-02   7.3239E-03
   1.0005E-02   1.6419E-02   9.0269E-03   1.4338E-02   7.9486E-03   1.1157E-02
   1.2659E-02   1.4296E-02   8.1440E-03   1.3867E+00   8.9017E-01   9.0140E-01
   8.2323E-01   8.8937E-01   1.3155E+00  -1.9453E-01  -2.1149E-01  -8.9577E-02
  -1.0593E-01  -1.2059E-01  -1.1424E-01  -1.1085E-01  -1.1798E-01  -9.9429E-02
  -2.2639E-03  -7.0638E-03  -2.2952E-02  -2.0596E-02   1.3124E-02   4.7168E-03
   1.7306E-03  -3.0329E-02  -2.7091E-02  -3.2885E-02  -2.9729E-02  -4.8942E-02
  -2.9426E-02  -1.7317E-02  -1.2231E-02  -1.9960E-02  -1.8089E-02   2.8006E-03
   1.7740E-03  -5.9143E-03  -3.2866E-03  -3.4984E-04  -1.5090E-03  -6.9565E-03
  -3.3771E-03  -4.2788E-03  -4.4448E-03  -5.7691E-03  -5.3184E-03  -4.0527E-03
  -5.6063E-03  -1.9220E-02  -1.9651E-02  -5.1600E-02  -5.0586E-02  -1.2463E-02
   2.4539E-03  -8.4694E-03  -1.3555E-01  -1.3039E-01  -8.9566E-03  -9.2999E-03
  -2.7425E-02  -2.6391E-02   3.0869E-02   2.7885E-02   2.9876E-02   2.3337E-03
   1.0591E-02   8.5584E-03  -3.9229E-02  -4.7370E-02   1.2035E-02   4.0194E-02
  -1.8081E-02  -2.2431E-02  -1.1333E-02  -5.5513E-03  -8.9229E-03  -2.1966E-02
  -2.0407E-02  -4.9553E-03  -3.2474E-03  -6.2933E-03  -4.6654E-03  -2.8352E-03
  -3.4670E-03  -3.0158E-03  -5.5645E-03  -4.2309E-03  -4.3574E-03  -7.0510E-02
  -9.2322E-02  -5.3357E-02  -6.0892E-02  -3.9263E-02  -3.6336E-02  -3.1523E-02
  -1.0295E-01  -9.4290E-02   9.0173E-03   7.5823E-03  -2.0899E-02  -2.0413E-02
   4.2951E-02   4.1888E-02   3.7563E-02  -3.4022E-02  -3.2783E-02  -4.1374E-02
  -2.9478E-02  -3.1081E-02  -4.2397E-02  -4.4409E-02   9.5026E-03   1.9485E-03
   2.3921E-03   7.5584E-03   1.1516E-02   1.0281E-02   1.3113E-02   6.8090E-03
  -1.9996E-03  -3.1902E-03  -1.2402E-03  -6.0212E-03  -5.1312E-03  -5.8232E-03
  -3.2646E-03  -5.6521E-03  -8.2955E-03  -4.9555E-03  -2.1084E-02  -6.4874E-02
  -5.7967E-02   3.1163E-02   4.1060E-02   3.5522E-02  -1.5602E-01  -1.6177E-01
  -7.5865E-04   3.5475E-03  -2.4914E-02  -2.7130E-02   5.2899E-02   5.7390E-02
   5.8579E-02  -6.3125E-03  -1.2870E-03  -4.4230E-03  -3.4662E-02  -2.5621E-02
  -1.2668E-02  -8.0375E-04  -1.7586E-03  -4.9741E-03   3.7538E-03   1.7108E-04
  -4.3545E-04  -4.8838E-03  -2.7305E-03   5.6357E-04  -2.4057E-03  -3.8068E-03
  -2.9240E-03  -2.6463E-03  -2.0963E-03  -3.3769E-03  -3.7156E-03  -1.7296E-03
  -7.0894E-03
  > E    =  -9.159218184497E+02 +/-   3.163530055568E-04
  > varE =   1.004315029937E-02
* Computing derivatives.
    [walltime: 3m46s elapsed, 3h1m remaining]
    [walltime: 1h2m elapsed, 2h2m remaining]
  Done. [total walltime: 3h4m]
* Optimizing manipulation constant:
  #igrid a___________ E____________________________________ varE____________
     1     Infinity    -9.15921818E+02 +/-   3.16353006E-04   1.00431503E-02
     2     1.0000E+06  -9.15921818E+02 +/-   3.16352985E-04   1.00431490E-02
     3     2.1544E+05  -9.15921818E+02 +/-   3.16352908E-04   1.00431441E-02
     4     4.6416E+04  -9.15921818E+02 +/-   3.16352557E-04   1.00431218E-02
     5     1.0000E+04  -9.15921819E+02 +/-   3.16350996E-04   1.00430227E-02
     6     2.1544E+03  -9.15921819E+02 +/-   3.16345190E-04   1.00426540E-02
     7     4.6416E+02  -9.15921819E+02 +/-   3.16350009E-04   1.00429600E-02
     8     1.0000E+02  -9.15921748E+02 +/-   3.17408072E-04   1.01102516E-02
     9     2.1544E+01  -9.15909575E+02 +/-   4.56158020E-04   2.08812581E-02
    10     4.6416E+00  -9.15922081E+02 +/-   3.13035501E-04   9.83361541E-03
    11     1.0000E+00 (error)
    12     2.1544E-01 (error)
    13     4.6416E-02 (error)
    14     1.0000E-02 (error)
    15     2.1544E-03 (error)
    16     4.6416E-04 (error)
    17     1.0000E-04 (error)
    18     2.1544E-05 (error)
    19     4.6416E-06 (error)
    20     1.0000E-06 (error)
    21     0.0000E+00 (error)
* Iteration # 1: E =  -9.159220814595E+02 +/-   3.130355012145E-04
* Reached maximum number of iterations: exiting.
* After optimization:
  -2.2693E+00  -1.4345E+00  -1.4428E+00  -1.2988E+00  -1.3797E+00  -2.1982E+00
   2.5218E-01   2.5677E-01   2.4813E-01   2.9338E-01   2.6297E-01   2.6043E-01
   2.9363E-01   3.0710E-01   2.9961E-01   3.0648E-01   2.9261E-01   3.0915E-01
   2.9711E-01   3.4753E-01   3.4856E-01   3.5562E-01   1.7131E-01   1.6925E-01
   1.6855E-01  -3.2263E-02  -3.6346E-02  -3.7133E-02  -4.6737E-02  -4.7242E-02
  -5.2586E-02  -5.1409E-02  -5.1458E-02  -4.9434E-02   5.3180E-02   5.0204E-02
   5.9637E-02   5.6725E-02   4.9849E-02   5.4276E-02   1.1105E-01   1.1383E-01
   1.4826E-01   1.4816E-01   1.4702E-01   3.3599E-02   3.7983E-02   3.7552E-02
   3.4870E-02   3.7028E-02   3.3862E-02   9.3068E-03   1.0271E-02   1.0621E-02
   8.8319E-03  -5.4542E-02  -5.6114E-02  -5.6747E-02  -5.5269E-02  -3.9541E-02
  -4.0066E-02  -3.2112E-02  -3.3646E-02  -3.0950E-02  -3.1969E-02  -3.0749E-02
  -3.0310E-02  -2.5622E-02  -2.5802E-02  -2.3679E-02  -2.3644E-02  -2.9585E-02
  -2.6750E-02  -2.5176E-02  -2.7524E-02  -2.6666E-02  -2.6975E-02  -2.4563E-02
  -2.7536E-02  -1.5360E-01  -1.8166E-01  -1.6559E-01  -2.0046E-01  -1.2362E-01
  -1.9060E-01  -1.1656E-01  -1.9294E-01  -1.6509E-01  -1.4522E-01  -1.6294E-01
  -1.4417E-01  -1.6426E-01  -1.4552E-01  -1.7671E-01  -1.7386E-01  -1.8129E-01
  -1.7734E-01  -8.3656E-02  -8.4165E-02  -8.1803E-02  -8.2442E-02   1.3319E-02
   1.7309E-02   1.5554E-02   2.0971E-02   3.5164E-02   1.1713E-02   3.6347E-02
   1.1437E-02   3.5650E-02   1.1404E-02  -1.3711E-02  -3.4454E-02  -1.7180E-02
  -3.6445E-02  -1.4295E-02  -3.4153E-02  -6.5834E-02  -4.4690E-02  -6.8130E-02
  -4.6313E-02  -7.8307E-02  -6.7266E-02  -7.8434E-02  -6.6576E-02   4.3432E-03
  -3.5860E-02   3.6028E-03  -3.3176E-02   4.4825E-03  -3.2974E-02  -5.6131E-03
  -3.4480E-03  -5.8985E-03  -3.4629E-03   3.4572E-02   2.2181E-02   3.5103E-02
   2.1324E-02   2.4375E-02   1.6372E-02   1.6464E-02   1.6017E-02   1.5116E-02
   1.5755E-02   1.5025E-02   1.5936E-02   1.0968E-02   1.3965E-02   9.2271E-03
   1.2468E-02   1.8518E-02   9.9789E-03   1.7125E-02   9.5725E-03   1.2515E-02
   1.4275E-02   1.6386E-02   9.3096E-03   1.3052E+00   8.8201E-01   8.8261E-01
   8.3031E-01   8.8290E-01   1.2492E+00  -2.2750E-01  -2.4129E-01  -7.7707E-02
  -9.4719E-02  -1.3193E-01  -1.2872E-01  -1.2366E-01  -9.5355E-02  -8.0589E-02
  -7.8679E-04  -6.0683E-03  -3.3457E-02  -3.2223E-02   4.9433E-03  -2.4713E-03
  -4.1853E-03  -2.8512E-02  -2.4807E-02  -3.1733E-02  -3.0042E-02  -4.4867E-02
  -2.7692E-02  -1.3847E-02  -1.1801E-02  -2.2606E-02  -1.7451E-02   4.0501E-03
   7.1090E-04  -7.4998E-03  -6.2959E-03  -2.4368E-03  -4.1562E-03  -7.7072E-03
  -5.1474E-03  -7.8234E-03  -7.2332E-03  -6.6198E-03  -4.4820E-03  -6.9630E-03
  -6.3313E-03  -5.0353E-02  -4.9494E-02  -4.0496E-02  -4.3729E-02  -2.3191E-02
  -1.1980E-02  -1.9103E-02  -1.1650E-01  -1.1014E-01  -6.0676E-03  -7.6638E-03
  -3.6213E-02  -3.6096E-02   2.6589E-02   2.3474E-02   2.4426E-02   2.9156E-03
   9.6959E-03   6.8107E-03  -3.9325E-02  -4.5176E-02   1.5136E-02   3.9367E-02
  -1.9222E-02  -2.5160E-02  -1.5207E-02  -5.3579E-03  -9.7169E-03  -2.3575E-02
  -2.2951E-02  -9.9505E-03  -5.7923E-03  -6.9043E-03  -7.1047E-03  -5.9037E-03
  -6.2426E-03  -3.8817E-03  -6.1698E-03  -6.6328E-03  -5.7974E-03  -1.0951E-01
  -1.2846E-01  -4.6716E-02  -5.6018E-02  -5.8713E-02  -5.4825E-02  -4.9458E-02
  -9.2930E-02  -8.6838E-02   7.8612E-03   6.4057E-03  -2.9714E-02  -2.9669E-02
   3.8822E-02   3.8203E-02   3.4978E-02  -3.2847E-02  -3.1646E-02  -4.0601E-02
  -3.3414E-02  -3.2573E-02  -4.4058E-02  -4.4104E-02   1.0871E-02   6.7409E-04
   5.2077E-03   7.6870E-03   9.3862E-03   1.1111E-02   1.1660E-02   7.6415E-03
  -2.3419E-03  -2.3660E-03  -1.1520E-03  -1.0174E-02  -9.0273E-03  -7.9571E-03
  -5.0200E-03  -9.1876E-03  -1.1160E-02  -4.6050E-02  -5.7884E-02  -5.8626E-02
  -5.6698E-02   1.5385E-02   2.2110E-02   1.9818E-02  -1.4844E-01  -1.5237E-01
   4.8369E-04   3.1041E-03  -3.2653E-02  -3.4447E-02   5.3391E-02   5.8223E-02
   5.7401E-02  -5.3553E-03  -1.0758E-03  -5.4582E-03  -3.7154E-02  -2.9453E-02
  -1.1939E-02  -1.0659E-03  -1.7548E-03  -6.8210E-03   2.3581E-03  -6.3117E-04
  -1.7436E-03  -4.5228E-03  -3.7758E-03  -1.1321E-03  -3.3727E-03  -3.0250E-03
  -3.7650E-03  -5.5402E-03  -5.2177E-03  -6.0297E-03  -6.4284E-03  -4.4403E-03
  -1.0485E-02
  > Energy =  -9.159220814595E+02 +/-   3.130355012145E-04
  > varE =   9.833615413268E-03

VMC #4:
* Size of Hilbert space =   7.3125E+12
* Number of equil. steps   = 1000
* Running VMC equilibration.
  Done. [total walltime: 0.14s]
* Equil. acc.ratio (%)     =   7.2372
* Sample config after equilibration:
  [draw: system geometry not defined]
* Number of accum. steps   = 501760 x 10
* Running VMC accumulation.
    [walltime: 1m elapsed, 1m56s remaining]
  Done. [total walltime: 2m56s]
* Acceptance ratio (%)     =   7.2059
* Etot/t                   =  -9.159218680044E+02 +/-   1.423408935067E-04
  > Ttot/t                 =  -9.554593377433E+01 +/-   1.327060285720E-03
  > Utot/t                 =   4.252885401899E+01 +/-   1.326849109295E-03
* var[Eloc/t]              =   9.982425748748E-03 +/-   5.664221499330E-05
* Correlation length       =   1.018402187479E+00
* Site occupation (ave. no. electrons per config.):
  > Site_  ___eu____  ___ed____
      1        0.499      0.498
      2        0.498      0.499
      3        0.501      0.500
      4        0.499      0.500
      5        0.500      0.499
      6        0.497      0.499
      7        0.501      0.501
      8        0.500      0.501
      9        0.498      0.499
     10        0.497      0.498
     11        0.503      0.504
     12        0.500      0.497
     13        0.502      0.502
     14        0.504      0.502
     15        0.499      0.497
     16        0.498      0.498
     17        0.502      0.501
     18        0.499      0.500
     19        0.501      0.503
     20        0.500      0.500
     21        0.499      0.498
     22        0.503      0.503
     23        0.500      0.503
     24        0.500      0.499
* Pair-correlation analysis (ave. no. pairs per config.):
  > Shell  nsite  ___dh____  __eueu___  __eued___
      0      1        0          0          4.340
      1      0        0.856      0.661      2.521
      2      0        0.432      0.335      1.248
      3      0        0.678      1.137      2.261
      4      0        0.338      0.563      1.130
      5      0        0.539      1.418      2.152
      6      0        0.533      1.422      2.161
      7      0        0.527      1.418      2.155
      8      0        0.547      1.426      2.121
      9      0        0.276      0.709      1.058
     10      0        0.124      1.029      0.984
     11      0        0.242      2.034      1.951
     12      0        0.159      0.934      1.047
     13      0        0.314      1.862      2.089
     14      0        0.296      1.804      2.112
     15      0        0.297      1.820      2.124
     16      0        0.297      1.812      2.114
     17      0        0.282      2.066      1.926
     18      0        0.279      2.076      1.935
     19      0        0.278      2.077      1.940
     20      0        0.075      0.481      0.505
     21      0        0.150      0.964      1.008
     22      0        0.141      1.009      0.978
     23      0        0.282      2.028      1.953
     24      0        0.253      2.103      1.926
     25      0        0.256      2.085      1.917
     26      0        0.254      2.083      1.909
     27      0        0.143      1.004      0.987
     28      0        0.287      2.014      1.979
     29      0        0.257      2.036      1.977
     30      0        0.262      2.024      1.969
     31      0        0.260      2.013      1.959
     32      0        0.268      2.018      1.972
     33      0        0.259      2.026      1.975
     34      0        0.265      2.034      1.989
     35      0        0.274      1.954      2.052
     36      0        0.268      1.949      2.034
     37      0        0.262      1.980      2.013
     38      0        0.257      1.992      2.021
     39      0        0.275      1.940      2.034
     40      0        0.259      1.968      2.008
     41      0        0.239      2.143      1.938
     42      0        0.236      2.122      1.915
     43      0        0.240      2.130      1.935
     44      0        0.237      1.953      2.064
     45      0        0.239      1.960      2.066
     46      0        0.239      1.945      2.049
     47      0        0.127      1.006      0.970
     48      0        0.256      2.030      1.964
     49      0        0.121      0.997      1.021
     50      0        0.243      1.972      2.015
     51      0        0.267      1.997      1.986
     52      0        0.260      1.998      1.978
     53      0        0.263      2.009      1.994
     54      0        0.262      2.001      1.992
     55      0        0.261      2.013      1.998
     56      0        0.242      2.001      2.021
     57      0        0.237      2.021      1.991
     58      0        0.241      2.024      1.999
     59      0        0.269      2.012      1.990
     60      0        0.241      2.007      1.984
     61      0        0.118      0.989      1.000
     62      0        0.296      2.010      1.973
     63      0        0.264      1.988      2.015
     64      0        0.259      1.976      1.998
     65      0        0.267      1.980      2.002
     66      0        0.150      1.006      0.989
     67      0        0.287      1.973      2.022
     68      0        0.289      1.964      2.009
     69      0        0.287      1.973      2.020
     70      0        0.118      1.011      1.011
     71      0        0.259      1.982      2.000
     72      0        0.117      0.994      0.997
     73      0        0.121      1.001      1.003
     74      0        0.261      1.998      2.018
     75      0        0.260      2.011      2.022
     76      0        0.073      0.493      0.500
     77      0        0.145      0.994      1.012
     78      0        0.235      2.009      2.005
     79      0        0.121      1.003      0.999

Optimization #4:
* Method          : lls
* Target function : energy
* No. of configs. : 100352
* No. of params.  : 325
* Before optimization:
  -2.2693E+00  -1.4345E+00  -1.4428E+00  -1.2988E+00  -1.3797E+00  -2.1982E+00
   2.5218E-01   2.5677E-01   2.4813E-01   2.9338E-01   2.6297E-01   2.6043E-01
   2.9363E-01   3.0710E-01   2.9961E-01   3.0648E-01   2.9261E-01   3.0915E-01
   2.9711E-01   3.4753E-01   3.4856E-01   3.5562E-01   1.7131E-01   1.6925E-01
   1.6855E-01  -3.2263E-02  -3.6346E-02  -3.7133E-02  -4.6737E-02  -4.7242E-02
  -5.2586E-02  -5.1409E-02  -5.1458E-02  -4.9434E-02   5.3180E-02   5.0204E-02
   5.9637E-02   5.6725E-02   4.9849E-02   5.4276E-02   1.1105E-01   1.1383E-01
   1.4826E-01   1.4816E-01   1.4702E-01   3.3599E-02   3.7983E-02   3.7552E-02
   3.4870E-02   3.7028E-02   3.3862E-02   9.3068E-03   1.0271E-02   1.0621E-02
   8.8319E-03  -5.4542E-02  -5.6114E-02  -5.6747E-02  -5.5269E-02  -3.9541E-02
  -4.0066E-02  -3.2112E-02  -3.3646E-02  -3.0950E-02  -3.1969E-02  -3.0749E-02
  -3.0310E-02  -2.5622E-02  -2.5802E-02  -2.3679E-02  -2.3644E-02  -2.9585E-02
  -2.6750E-02  -2.5176E-02  -2.7524E-02  -2.6666E-02  -2.6975E-02  -2.4563E-02
  -2.7536E-02  -1.5360E-01  -1.8166E-01  -1.6559E-01  -2.0046E-01  -1.2362E-01
  -1.9060E-01  -1.1656E-01  -1.9294E-01  -1.6509E-01  -1.4522E-01  -1.6294E-01
  -1.4417E-01  -1.6426E-01  -1.4552E-01  -1.7671E-01  -1.7386E-01  -1.8129E-01
  -1.7734E-01  -8.3656E-02  -8.4165E-02  -8.1803E-02  -8.2442E-02   1.3319E-02
   1.7309E-02   1.5554E-02   2.0971E-02   3.5164E-02   1.1713E-02   3.6347E-02
   1.1437E-02   3.5650E-02   1.1404E-02  -1.3711E-02  -3.4454E-02  -1.7180E-02
  -3.6445E-02  -1.4295E-02  -3.4153E-02  -6.5834E-02  -4.4690E-02  -6.8130E-02
  -4.6313E-02  -7.8307E-02  -6.7266E-02  -7.8434E-02  -6.6576E-02   4.3432E-03
  -3.5860E-02   3.6028E-03  -3.3176E-02   4.4825E-03  -3.2974E-02  -5.6131E-03
  -3.4480E-03  -5.8985E-03  -3.4629E-03   3.4572E-02   2.2181E-02   3.5103E-02
   2.1324E-02   2.4375E-02   1.6372E-02   1.6464E-02   1.6017E-02   1.5116E-02
   1.5755E-02   1.5025E-02   1.5936E-02   1.0968E-02   1.3965E-02   9.2271E-03
   1.2468E-02   1.8518E-02   9.9789E-03   1.7125E-02   9.5725E-03   1.2515E-02
   1.4275E-02   1.6386E-02   9.3096E-03   1.3052E+00   8.8201E-01   8.8261E-01
   8.3031E-01   8.8290E-01   1.2492E+00  -2.2750E-01  -2.4129E-01  -7.7707E-02
  -9.4719E-02  -1.3193E-01  -1.2872E-01  -1.2366E-01  -9.5355E-02  -8.0589E-02
  -7.8679E-04  -6.0683E-03  -3.3457E-02  -3.2223E-02   4.9433E-03  -2.4713E-03
  -4.1853E-03  -2.8512E-02  -2.4807E-02  -3.1733E-02  -3.0042E-02  -4.4867E-02
  -2.7692E-02  -1.3847E-02  -1.1801E-02  -2.2606E-02  -1.7451E-02   4.0501E-03
   7.1090E-04  -7.4998E-03  -6.2959E-03  -2.4368E-03  -4.1562E-03  -7.7072E-03
  -5.1474E-03  -7.8234E-03  -7.2332E-03  -6.6198E-03  -4.4820E-03  -6.9630E-03
  -6.3313E-03  -5.0353E-02  -4.9494E-02  -4.0496E-02  -4.3729E-02  -2.3191E-02
  -1.1980E-02  -1.9103E-02  -1.1650E-01  -1.1014E-01  -6.0676E-03  -7.6638E-03
  -3.6213E-02  -3.6096E-02   2.6589E-02   2.3474E-02   2.4426E-02   2.9156E-03
   9.6959E-03   6.8107E-03  -3.9325E-02  -4.5176E-02   1.5136E-02   3.9367E-02
  -1.9222E-02  -2.5160E-02  -1.5207E-02  -5.3579E-03  -9.7169E-03  -2.3575E-02
  -2.2951E-02  -9.9505E-03  -5.7923E-03  -6.9043E-03  -7.1047E-03  -5.9037E-03
  -6.2426E-03  -3.8817E-03  -6.1698E-03  -6.6328E-03  -5.7974E-03  -1.0951E-01
  -1.2846E-01  -4.6716E-02  -5.6018E-02  -5.8713E-02  -5.4825E-02  -4.9458E-02
  -9.2930E-02  -8.6838E-02   7.8612E-03   6.4057E-03  -2.9714E-02  -2.9669E-02
   3.8822E-02   3.8203E-02   3.4978E-02  -3.2847E-02  -3.1646E-02  -4.0601E-02
  -3.3414E-02  -3.2573E-02  -4.4058E-02  -4.4104E-02   1.0871E-02   6.7409E-04
   5.2077E-03   7.6870E-03   9.3862E-03   1.1111E-02   1.1660E-02   7.6415E-03
  -2.3419E-03  -2.3660E-03  -1.1520E-03  -1.0174E-02  -9.0273E-03  -7.9571E-03
  -5.0200E-03  -9.1876E-03  -1.1160E-02  -4.6050E-02  -5.7884E-02  -5.8626E-02
  -5.6698E-02   1.5385E-02   2.2110E-02   1.9818E-02  -1.4844E-01  -1.5237E-01
   4.8369E-04   3.1041E-03  -3.2653E-02  -3.4447E-02   5.3391E-02   5.8223E-02
   5.7401E-02  -5.3553E-03  -1.0758E-03  -5.4582E-03  -3.7154E-02  -2.9453E-02
  -1.1939E-02  -1.0659E-03  -1.7548E-03  -6.8210E-03   2.3581E-03  -6.3117E-04
  -1.7436E-03  -4.5228E-03  -3.7758E-03  -1.1321E-03  -3.3727E-03  -3.0250E-03
  -3.7650E-03  -5.5402E-03  -5.2177E-03  -6.0297E-03  -6.4284E-03  -4.4403E-03
  -1.0485E-02
  > E    =  -9.159225347454E+02 +/-   3.137971835904E-04
  > varE =   9.881528215620E-03
* Computing derivatives.
    [walltime: 3m48s elapsed, 3h2m remaining]
    [walltime: 1h2m elapsed, 2h2m remaining]
  Done. [total walltime: 3h5m]
* Optimizing manipulation constant:
  #igrid a___________ E____________________________________ varE____________
     1     Infinity    -9.15922535E+02 +/-   3.13797184E-04   9.88152822E-03
     2     1.0000E+06  -9.15922535E+02 +/-   3.13797168E-04   9.88152725E-03
     3     2.1544E+05  -9.15922535E+02 +/-   3.13797112E-04   9.88152372E-03
     4     4.6416E+04  -9.15922535E+02 +/-   3.13796854E-04   9.88150745E-03
     5     1.0000E+04  -9.15922535E+02 +/-   3.13795683E-04   9.88143372E-03
     6     2.1544E+03  -9.15922535E+02 +/-   3.13790862E-04   9.88113010E-03
     7     4.6416E+02  -9.15922536E+02 +/-   3.13781807E-04   9.88055980E-03
     8     1.0000E+02  -9.15922518E+02 +/-   3.14084820E-04   9.89965196E-03
     9     2.1544E+01  -9.15919940E+02 +/-   3.48855956E-04   1.22128863E-02
    10     4.6416E+00  -9.14940432E+02 +/-   2.74665974E-03   7.57069509E-01
    11     1.0000E+00 (error)
    12     2.1544E-01 (error)
    13     4.6416E-02 (error)
    14     1.0000E-02 (error)
    15     2.1544E-03 (error)
    16     4.6416E-04 (error)
    17     1.0000E-04 (error)
    18     2.1544E-05 (error)
    19     4.6416E-06 (error)
    20     1.0000E-06 (error)
    21     0.0000E+00 (error)
  ParMin   9.1754E+02  -9.15922536E+02 +/-   3.13784941E-04   9.88075719E-03
  # Using grid point #7
* Iteration # 1: E =  -9.159225364112E+02 +/-   3.137818067338E-04
* Reached maximum number of iterations: exiting.
* After optimization:
  -2.2502E+00  -1.4156E+00  -1.4240E+00  -1.2811E+00  -1.3615E+00  -2.1790E+00
   2.5225E-01   2.5681E-01   2.4815E-01   2.9337E-01   2.6299E-01   2.6044E-01
   2.9362E-01   3.0704E-01   2.9958E-01   3.0641E-01   2.9258E-01   3.0909E-01
   2.9708E-01   3.4753E-01   3.4855E-01   3.5561E-01   1.7129E-01   1.6924E-01
   1.6854E-01  -3.2265E-02  -3.6341E-02  -3.7126E-02  -4.6748E-02  -4.7256E-02
  -5.2580E-02  -5.1396E-02  -5.1446E-02  -4.9423E-02   5.3182E-02   5.0204E-02
   5.9623E-02   5.6718E-02   4.9846E-02   5.4268E-02   1.1105E-01   1.1384E-01
   1.4826E-01   1.4816E-01   1.4702E-01   3.3586E-02   3.7966E-02   3.7552E-02
   3.4873E-02   3.7015E-02   3.3849E-02   9.3115E-03   1.0268E-02   1.0626E-02
   8.8413E-03  -5.4568E-02  -5.6132E-02  -5.6770E-02  -5.5287E-02  -3.9593E-02
  -4.0120E-02  -3.2139E-02  -3.3678E-02  -3.0991E-02  -3.2004E-02  -3.0790E-02
  -3.0354E-02  -2.5644E-02  -2.5826E-02  -2.3705E-02  -2.3677E-02  -2.9615E-02
  -2.6785E-02  -2.5210E-02  -2.7557E-02  -2.6680E-02  -2.6992E-02  -2.4605E-02
  -2.7574E-02  -1.5361E-01  -1.8166E-01  -1.6551E-01  -2.0037E-01  -1.2363E-01
  -1.9062E-01  -1.1657E-01  -1.9297E-01  -1.6508E-01  -1.4521E-01  -1.6292E-01
  -1.4417E-01  -1.6425E-01  -1.4553E-01  -1.7670E-01  -1.7386E-01  -1.8128E-01
  -1.7733E-01  -8.3646E-02  -8.4164E-02  -8.1794E-02  -8.2440E-02   1.3308E-02
   1.7317E-02   1.5534E-02   2.0969E-02   3.5171E-02   1.1715E-02   3.6349E-02
   1.1434E-02   3.5644E-02   1.1394E-02  -1.3712E-02  -3.4452E-02  -1.7176E-02
  -3.6437E-02  -1.4291E-02  -3.4145E-02  -6.5839E-02  -4.4693E-02  -6.8133E-02
  -4.6317E-02  -7.8306E-02  -6.7274E-02  -7.8428E-02  -6.6577E-02   4.3506E-03
  -3.5847E-02   3.6059E-03  -3.3172E-02   4.4899E-03  -3.2965E-02  -5.6175E-03
  -3.4495E-03  -5.9030E-03  -3.4663E-03   3.4587E-02   2.2189E-02   3.5117E-02
   2.1335E-02   2.4411E-02   1.6398E-02   1.6476E-02   1.6038E-02   1.5136E-02
   1.5777E-02   1.5049E-02   1.5962E-02   1.0970E-02   1.3972E-02   9.2375E-03
   1.2486E-02   1.8535E-02   9.9906E-03   1.7140E-02   9.5783E-03   1.2513E-02
   1.4287E-02   1.6413E-02   9.3255E-03   1.2929E+00   8.7387E-01   8.7451E-01
   8.2314E-01   8.7506E-01   1.2375E+00  -2.2592E-01  -2.3964E-01  -7.6964E-02
  -9.3853E-02  -1.3096E-01  -1.2778E-01  -1.2276E-01  -9.4457E-02  -7.9820E-02
  -7.6965E-04  -5.9927E-03  -3.3267E-02  -3.2040E-02   4.8538E-03  -2.5092E-03
  -4.1729E-03  -2.8235E-02  -2.4602E-02  -3.1429E-02  -2.9790E-02  -4.4476E-02
  -2.7385E-02  -1.3725E-02  -1.1680E-02  -2.2374E-02  -1.7281E-02   3.9995E-03
   7.0539E-04  -7.4432E-03  -6.2555E-03  -2.4283E-03  -4.1346E-03  -7.6547E-03
  -5.1138E-03  -7.7888E-03  -7.2051E-03  -6.5797E-03  -4.4673E-03  -6.9282E-03
  -6.2853E-03  -5.0274E-02  -4.9499E-02  -4.0129E-02  -4.3337E-02  -2.3166E-02
  -1.2065E-02  -1.9103E-02  -1.1547E-01  -1.0917E-01  -5.9895E-03  -7.5607E-03
  -3.5987E-02  -3.5858E-02   2.6336E-02   2.3243E-02   2.4198E-02   2.8976E-03
   9.5967E-03   6.7686E-03  -3.8999E-02  -4.4799E-02   1.5078E-02   3.9027E-02
  -1.9051E-02  -2.4911E-02  -1.5068E-02  -5.3173E-03  -9.6296E-03  -2.3378E-02
  -2.2763E-02  -9.9023E-03  -5.7595E-03  -6.8647E-03  -7.0578E-03  -5.8788E-03
  -6.2207E-03  -3.8801E-03  -6.1422E-03  -6.5995E-03  -5.7598E-03  -1.1001E-01
  -1.2901E-01  -4.6688E-02  -5.6101E-02  -5.8952E-02  -5.5101E-02  -4.9704E-02
  -9.2951E-02  -8.6824E-02   7.8438E-03   6.3974E-03  -2.9824E-02  -2.9766E-02
   3.8805E-02   3.8164E-02   3.4980E-02  -3.2848E-02  -3.1661E-02  -4.0576E-02
  -3.3449E-02  -3.2616E-02  -4.4044E-02  -4.4116E-02   1.0857E-02   7.1306E-04
   5.2231E-03   7.6871E-03   9.3833E-03   1.1116E-02   1.1666E-02   7.6495E-03
  -2.3345E-03  -2.3786E-03  -1.1523E-03  -1.0215E-02  -9.0689E-03  -7.9989E-03
  -5.0425E-03  -9.2210E-03  -1.1178E-02  -4.6532E-02  -5.8403E-02  -5.8647E-02
  -5.6803E-02   1.5151E-02   2.1849E-02   1.9583E-02  -1.4851E-01  -1.5242E-01
   4.7493E-04   3.1126E-03  -3.2743E-02  -3.4517E-02   5.3414E-02   5.8222E-02
   5.7432E-02  -5.3543E-03  -1.0739E-03  -5.4218E-03  -3.7184E-02  -2.9506E-02
  -1.1898E-02  -1.0567E-03  -1.7883E-03  -6.7935E-03   2.3627E-03  -6.3870E-04
  -1.7459E-03  -4.5278E-03  -3.7851E-03  -1.1460E-03  -3.3769E-03  -3.0373E-03
  -3.7690E-03  -5.5645E-03  -5.2530E-03  -6.0765E-03  -6.4631E-03  -4.4679E-03
  -1.0509E-02
  > Energy =  -9.159225364112E+02 +/-   3.137818067338E-04
  > varE =   9.880559799538E-03

VMC #5:
* Size of Hilbert space =   7.3125E+12
* Number of equil. steps   = 1000
* Running VMC equilibration.
  Done. [total walltime: 0.14s]
* Equil. acc.ratio (%)     =   7.3077
* Sample config after equilibration:
  [draw: system geometry not defined]
* Number of accum. steps   = 501760 x 10
* Running VMC accumulation.
    [walltime: 1m elapsed, 1m56s remaining]
  Done. [total walltime: 2m56s]
* Acceptance ratio (%)     =   7.2735
* Etot/t                   =  -9.159216140585E+02 +/-   1.394623898715E-04
  > Ttot/t                 =  -9.554575539025E+01 +/-   1.291346260911E-03
  > Utot/t                 =   4.252892958082E+01 +/-   1.287408679863E-03
* var[Eloc/t]              =   1.000633810547E-02 +/-   3.423135644166E-05
* Correlation length       =   9.752929159376E-01
* Site occupation (ave. no. electrons per config.):
  > Site_  ___eu____  ___ed____
      1        0.498      0.499
      2        0.499      0.498
      3        0.500      0.499
      4        0.501      0.497
      5        0.501      0.500
      6        0.500      0.497
      7        0.501      0.502
      8        0.500      0.503
      9        0.498      0.498
     10        0.500      0.495
     11        0.500      0.505
     12        0.502      0.501
     13        0.498      0.500
     14        0.504      0.504
     15        0.498      0.500
     16        0.497      0.501
     17        0.501      0.498
     18        0.498      0.498
     19        0.503      0.500
     20        0.501      0.499
     21        0.499      0.501
     22        0.502      0.503
     23        0.499      0.499
     24        0.499      0.501
* Pair-correlation analysis (ave. no. pairs per config.):
  > Shell  nsite  ___dh____  __eueu___  __eued___
      0      1        0          0          4.341
      1      0        0.861      0.663      2.516
      2      0        0.433      0.335      1.249
      3      0        0.673      1.138      2.261
      4      0        0.335      0.565      1.132
      5      0        0.537      1.415      2.152
      6      0        0.533      1.420      2.158
      7      0        0.532      1.411      2.153
      8      0        0.547      1.429      2.123
      9      0        0.275      0.710      1.065
     10      0        0.125      1.023      0.985
     11      0        0.246      2.035      1.950
     12      0        0.159      0.927      1.044
     13      0        0.315      1.848      2.087
     14      0        0.294      1.811      2.114
     15      0        0.300      1.821      2.121
     16      0        0.301      1.813      2.114
     17      0        0.277      2.070      1.929
     18      0        0.280      2.075      1.930
     19      0        0.278      2.076      1.934
     20      0        0.074      0.485      0.504
     21      0        0.150      0.967      1.007
     22      0        0.141      1.011      0.981
     23      0        0.282      2.027      1.959
     24      0        0.254      2.101      1.926
     25      0        0.257      2.090      1.922
     26      0        0.255      2.089      1.916
     27      0        0.141      1.001      0.992
     28      0        0.283      2.012      1.983
     29      0        0.259      2.036      1.978
     30      0        0.263      2.026      1.969
     31      0        0.261      2.016      1.969
     32      0        0.264      2.023      1.968
     33      0        0.259      2.028      1.971
     34      0        0.262      2.034      1.981
     35      0        0.275      1.949      2.045
     36      0        0.271      1.942      2.032
     37      0        0.261      1.979      2.020
     38      0        0.259      1.989      2.023
     39      0        0.272      1.941      2.036
     40      0        0.259      1.975      2.012
     41      0        0.237      2.142      1.934
     42      0        0.233      2.125      1.920
     43      0        0.240      2.125      1.931
     44      0        0.236      1.961      2.059
     45      0        0.239      1.961      2.063
     46      0        0.239      1.949      2.053
     47      0        0.128      1.004      0.975
     48      0        0.257      2.027      1.963
     49      0        0.121      0.994      1.020
     50      0        0.245      1.979      2.012
     51      0        0.268      2.002      1.984
     52      0        0.261      2.006      1.979
     53      0        0.262      2.012      1.995
     54      0        0.264      2.002      1.986
     55      0        0.259      2.019      1.993
     56      0        0.241      2.002      2.021
     57      0        0.237      2.024      1.991
     58      0        0.241      2.021      2.003
     59      0        0.268      2.005      1.991
     60      0        0.239      2.010      1.992
     61      0        0.119      0.988      1.006
     62      0        0.296      2.007      1.963
     63      0        0.267      1.985      2.015
     64      0        0.264      1.977      2.000
     65      0        0.265      1.985      2.006
     66      0        0.147      1.004      0.987
     67      0        0.285      1.971      2.021
     68      0        0.288      1.966      2.010
     69      0        0.289      1.971      2.014
     70      0        0.121      1.005      1.012
     71      0        0.262      1.977      2.006
     72      0        0.118      0.995      1.002
     73      0        0.122      1.001      1.003
     74      0        0.265      1.993      2.010
     75      0        0.263      1.998      2.018
     76      0        0.073      0.492      0.498
     77      0        0.146      0.989      1.004
     78      0        0.236      2.017      2.003
     79      0        0.122      1.002      1.002

Optimization #5:
* Method          : lls
* Target function : energy
* No. of configs. : 100352
* No. of params.  : 325
* Before optimization:
  -2.2502E+00  -1.4156E+00  -1.4240E+00  -1.2811E+00  -1.3615E+00  -2.1790E+00
   2.5225E-01   2.5681E-01   2.4815E-01   2.9337E-01   2.6299E-01   2.6044E-01
   2.9362E-01   3.0704E-01   2.9958E-01   3.0641E-01   2.9258E-01   3.0909E-01
   2.9708E-01   3.4753E-01   3.4855E-01   3.5561E-01   1.7129E-01   1.6924E-01
   1.6854E-01  -3.2265E-02  -3.6341E-02  -3.7126E-02  -4.6748E-02  -4.7256E-02
  -5.2580E-02  -5.1396E-02  -5.1446E-02  -4.9423E-02   5.3182E-02   5.0204E-02
   5.9623E-02   5.6718E-02   4.9846E-02   5.4268E-02   1.1105E-01   1.1384E-01
   1.4826E-01   1.4816E-01   1.4702E-01   3.3586E-02   3.7966E-02   3.7552E-02
   3.4873E-02   3.7015E-02   3.3849E-02   9.3115E-03   1.0268E-02   1.0626E-02
   8.8413E-03  -5.4568E-02  -5.6132E-02  -5.6770E-02  -5.5287E-02  -3.9593E-02
  -4.0120E-02  -3.2139E-02  -3.3678E-02  -3.0991E-02  -3.2004E-02  -3.0790E-02
  -3.0354E-02  -2.5644E-02  -2.5826E-02  -2.3705E-02  -2.3677E-02  -2.9615E-02
  -2.6785E-02  -2.5210E-02  -2.7557E-02  -2.6680E-02  -2.6992E-02  -2.4605E-02
  -2.7574E-02  -1.5361E-01  -1.8166E-01  -1.6551E-01  -2.0037E-01  -1.2363E-01
  -1.9062E-01  -1.1657E-01  -1.9297E-01  -1.6508E-01  -1.4521E-01  -1.6292E-01
  -1.4417E-01  -1.6425E-01  -1.4553E-01  -1.7670E-01  -1.7386E-01  -1.8128E-01
  -1.7733E-01  -8.3646E-02  -8.4164E-02  -8.1794E-02  -8.2440E-02   1.3308E-02
   1.7317E-02   1.5534E-02   2.0969E-02   3.5171E-02   1.1715E-02   3.6349E-02
   1.1434E-02   3.5644E-02   1.1394E-02  -1.3712E-02  -3.4452E-02  -1.7176E-02
  -3.6437E-02  -1.4291E-02  -3.4145E-02  -6.5839E-02  -4.4693E-02  -6.8133E-02
  -4.6317E-02  -7.8306E-02  -6.7274E-02  -7.8428E-02  -6.6577E-02   4.3506E-03
  -3.5847E-02   3.6059E-03  -3.3172E-02   4.4899E-03  -3.2965E-02  -5.6175E-03
  -3.4495E-03  -5.9030E-03  -3.4663E-03   3.4587E-02   2.2189E-02   3.5117E-02
   2.1335E-02   2.4411E-02   1.6398E-02   1.6476E-02   1.6038E-02   1.5136E-02
   1.5777E-02   1.5049E-02   1.5962E-02   1.0970E-02   1.3972E-02   9.2375E-03
   1.2486E-02   1.8535E-02   9.9906E-03   1.7140E-02   9.5783E-03   1.2513E-02
   1.4287E-02   1.6413E-02   9.3255E-03   1.2929E+00   8.7387E-01   8.7451E-01
   8.2314E-01   8.7506E-01   1.2375E+00  -2.2592E-01  -2.3964E-01  -7.6964E-02
  -9.3853E-02  -1.3096E-01  -1.2778E-01  -1.2276E-01  -9.4457E-02  -7.9820E-02
  -7.6965E-04  -5.9927E-03  -3.3267E-02  -3.2040E-02   4.8538E-03  -2.5092E-03
  -4.1729E-03  -2.8235E-02  -2.4602E-02  -3.1429E-02  -2.9790E-02  -4.4476E-02
  -2.7385E-02  -1.3725E-02  -1.1680E-02  -2.2374E-02  -1.7281E-02   3.9995E-03
   7.0539E-04  -7.4432E-03  -6.2555E-03  -2.4283E-03  -4.1346E-03  -7.6547E-03
  -5.1138E-03  -7.7888E-03  -7.2051E-03  -6.5797E-03  -4.4673E-03  -6.9282E-03
  -6.2853E-03  -5.0274E-02  -4.9499E-02  -4.0129E-02  -4.3337E-02  -2.3166E-02
  -1.2065E-02  -1.9103E-02  -1.1547E-01  -1.0917E-01  -5.9895E-03  -7.5607E-03
  -3.5987E-02  -3.5858E-02   2.6336E-02   2.3243E-02   2.4198E-02   2.8976E-03
   9.5967E-03   6.7686E-03  -3.8999E-02  -4.4799E-02   1.5078E-02   3.9027E-02
  -1.9051E-02  -2.4911E-02  -1.5068E-02  -5.3173E-03  -9.6296E-03  -2.3378E-02
  -2.2763E-02  -9.9023E-03  -5.7595E-03  -6.8647E-03  -7.0578E-03  -5.8788E-03
  -6.2207E-03  -3.8801E-03  -6.1422E-03  -6.5995E-03  -5.7598E-03  -1.1001E-01
  -1.2901E-01  -4.6688E-02  -5.6101E-02  -5.8952E-02  -5.5101E-02  -4.9704E-02
  -9.2951E-02  -8.6824E-02   7.8438E-03   6.3974E-03  -2.9824E-02  -2.9766E-02
   3.8805E-02   3.8164E-02   3.4980E-02  -3.2848E-02  -3.1661E-02  -4.0576E-02
  -3.3449E-02  -3.2616E-02  -4.4044E-02  -4.4116E-02   1.0857E-02   7.1306E-04
   5.2231E-03   7.6871E-03   9.3833E-03   1.1116E-02   1.1666E-02   7.6495E-03
  -2.3345E-03  -2.3786E-03  -1.1523E-03  -1.0215E-02  -9.0689E-03  -7.9989E-03
  -5.0425E-03  -9.2210E-03  -1.1178E-02  -4.6532E-02  -5.8403E-02  -5.8647E-02
  -5.6803E-02   1.5151E-02   2.1849E-02   1.9583E-02  -1.4851E-01  -1.5242E-01
   4.7493E-04   3.1126E-03  -3.2743E-02  -3.4517E-02   5.3414E-02   5.8222E-02
   5.7432E-02  -5.3543E-03  -1.0739E-03  -5.4218E-03  -3.7184E-02  -2.9506E-02
  -1.1898E-02  -1.0567E-03  -1.7883E-03  -6.7935E-03   2.3627E-03  -6.3870E-04
  -1.7459E-03  -4.5278E-03  -3.7851E-03  -1.1460E-03  -3.3769E-03  -3.0373E-03
  -3.7690E-03  -5.5645E-03  -5.2530E-03  -6.0765E-03  -6.4631E-03  -4.4679E-03
  -1.0509E-02
  > E    =  -9.159217998796E+02 +/-   3.151808606092E-04
  > varE =   9.968864808599E-03
* Computing derivatives.
    [walltime: 3m48s elapsed, 3h2m remaining]
    [walltime: 1h2m elapsed, 2h2m remaining]
srun: Job step aborted: Waiting up to 32 seconds for job step to finish.
slurmstepd: error: *** STEP 777422.0 ON alnode260 CANCELLED AT 2025-08-28T08:40:48 DUE TO TIME LIMIT ***
slurmstepd: error: *** JOB 777422 ON alnode260 CANCELLED AT 2025-08-28T08:40:48 DUE TO TIME LIMIT ***
