Run started: Thu Oct 16 17:43:59 CEST 2025
Using VDAGGER_ARCH = gnu7_fkfamd_cluster
Running 1x128 MPI processes.

                               xx
                              +##
                               #X
                               Xx
                          X##XxXxxX##x
                           +   Xx  ++
                               ##
                              +##
                              +##
     ++++         ++          +##
   xX+++##+      ####         +##
  Xx    ###      +X##          ##
 xX    X##+        ##          #X
 +    x##X         #x          #X
      ###         +#           x+
     X##+         #+
     ###         Xx                    _______
     ##X       +X+   __________________VDAGGER
     +##x    +xX     2nd quantized variational
       +xxxxx+       ______quantum Monte Carlo

* Running 128 MPI processes.
* Input file: "input.casl"

############# Start of input file dump #############
General:
  Random seed: timer

Plan:
  VMC-optimization:
    Minimum cycles: 10
    Convergence cycles: 5

System:
  Read Hamiltonian: FCIDUMP_loc_naphthalene
  Read orbitals: LTSC_naphthalene
  Complex orbitals: F
  Site kinds: [ 1, 2, 3, 1, 3, 3, 2, 3, 2, 2 ]
  Geometry:
    r_1: [ 0.00000000000000, 1.34347620379600 ]
    r_4: [ 0.00000000000000, -1.34347620379600 ]
    r_3: [ 2.34629842880300, 2.63976101399600 ]
    r_5: [ -2.34629842880300, -2.63976101399600 ]
    r_6: [ -2.34629842880300, 2.63976101399600 ]
    r_8: [ 2.34629842880300, -2.63976101399600 ]
    r_9: [ 4.58120036880600, 1.33647725770700 ]
    r_2: [ -4.58120036880600, -1.33647725770700 ]
    r_7: [ -4.58120036880600, 1.33647725770700 ]
    r_10: [ 4.58120036880600, -1.33647725770700 ]
    Tolerance: 0.05

VMC:
  nstep: 1000000
  nconfig: 500000

Jastrow: wfn.casl

Multideterminants: wfn.casl
############## End of input file dump ##############

General setup:
* Random seed: 1641321203 (from timer)

* Loaded integrals for system with nelec=10, ms2=0, norb=10
* INFO: setting number of electrons from integrals file.
* Analysis of Hamiltonian connecitivity performed:
  - T_ii (local, 1-site): 10 (i) values
  - U_iiii [opp] (local, 1-site): 10 (i) values
  - U_kkii [opp] (local, 2-site): 90 contribs. from 10 (i) values
  - U_kkii [par] (local, 2-site): 45 contribs. from 9 (i) values
  - T_ji (single, 2-site): 90 contribs. from 10 (i) values
  - U_kkji [opp] (single, 2/3-site): 900 contribs. from 90 (i,j) pairs
  - U_kkji [par] (single, 3-site): 810 contribs. from 90 (i,j) pairs
  - U_lkji [opp] (double, 2/3/4-site): 8100 contribs. from 90 (i,j) pairs
  - U_lkji [par] (double, 4-site): 1740 contribs. from 72 (i,j) pairs
  - Max. no. wfn. ratios in Eloc: 1467
* Reading override orbitals from file "LTSC_naphthalene".
* Site labels:
  +--------------+
  |    6     3   |
  | 7     1     9|
  | 2     4    10|
  |    5     8   |
  +--------------+
* Read-in Site kinds:
  [ 1, 2, 3, 1, 3, 3, 2, 3, 2, 2 ]
  +---------+
  |  3   3  |
  |2   1   2|
  |2   1   2|
  |  3   3  |
  +---------+
* Maximum Site kind: 3
* Number of site-pair kinds with Tij=0: 0
* Automatically set Site pair kinds:
  Site 1: [ 0, -7, -4, 3, -8, -4, -9, 8, 9, -7 ]
  Site 2: [ -7, 0, 12, -9, 1, 10, 2, 14, 16, -15 ]
  Site 3: [ -4, 12, 0, -8, -11, 5, -13, -6, -1, 10 ]
  Site 4: [ 3, -9, -8, 0, -4, -8, -7, 4, 7, -9 ]
  Site 5: [ -8, 1, -11, -4, 0, 6, 10, -5, -12, -14 ]
  Site 6: [ -4, 10, 5, -8, 6, 0, 1, 11, 14, 12 ]
  Site 7: [ -9, 2, -13, -7, 10, 1, 0, -12, 15, -16 ]
  Site 8: [ 8, 14, -6, 4, -5, 11, -12, 0, 10, -1 ]
  Site 9: [ 9, 16, -1, 7, -12, 14, 15, 10, 0, -2 ]
  Site 10: [ -7, -15, 10, -9, -14, 12, -16, -1, -2, 0 ]
  For site 1 of kind 1:
  +--------------+
  |   -4    -4   |
  |-9     0     9|
  |-7     3    -7|
  |   -8     8   |
  +--------------+
  For site 2 of kind 2:
  +-------------------+
  |     10      12    |
  |  2      -7      16|
  |  0      -9     -15|
  |      1      14    |
  +-------------------+
  For site 3 of kind 3:
  +-------------------+
  |      5       0    |
  |-13      -4      -1|
  | 12      -8      10|
  |    -11      -6    |
  +-------------------+
* Maximum (unsigned) Site pair kind: 16
General system setup:
* Number of sites       : 10
* Number of electrons   : 10
* Spin imbalance MS2    : 0
* Filling               : 0.500000
* Number of orbitals in pool: 10
* Using real-valued orbitals
* Using double-precision arithmetic for orbitals

Trial wave function setup:
* Jastrow parameter file: "wfn.casl"
* Multideterminant parameter file: "wfn.casl"
* Not using a backflow transformation
* Not using wave function manipulation

VMC #1:
* Size of Hilbert space =   6.3504E+04
* Deterministic energy evaluation:
  > Deterministic Etot/t = -383.34789650435096
    - Ttot/t = -23.366139796879050
    - Utot/t = 9.5325889696984429
* Number of equil. steps   = 1000
* Running VMC equilibration.
  Done. [total walltime: 0.02s]
* Equil. acc.ratio (%)     =  27.5355
* Sample config after equilibration:
  +---------+
  |  u   d  |
  |d   0   u|
  |u   2   d|
  |  d   u  |
  +---------+
* Number of accum. steps   = 1000192 x 10
* Running VMC accumulation.
    [walltime: 1m elapsed, 22.1s remaining]
  Done. [total walltime: 1m22s]
* Acceptance ratio (%)     =  27.6210
* Etot/t                   =  -3.833478546631E+02 +/-   4.297272342986E-05
  > Ttot/t                 =  -2.336636913285E+01 +/-   3.682878874974E-04
  > Utot/t                 =   9.532860146989E+00 +/-   3.655585675719E-04
* var[Eloc/t]              =   1.848844122850E-03 +/-   9.931105063754E-06
* Correlation length       =   9.990077010301E-01
* log10 Psi^2 range: -13.699470232230851 -- -6.8633382916566665
* log10 Pgen range : -13.699470232230851 -- -6.8633382916566665
* Site occupation (ave. no. electrons per config.):
  > Site_  ___eu____  ___ed____
      1        0.497      0.497
      2        0.502      0.501
      3        0.500      0.501
      4        0.498      0.498
      5        0.500      0.500
      6        0.499      0.500
      7        0.501      0.501
      8        0.500      0.500
      9        0.501      0.500
     10        0.502      0.501
* Pair-correlation analysis (ave. no. pairs per config.):
  > Shell  nsite  ___dh____  __eueu___  __eued___
      0      1        0          0          1.753
      1      1        0.842      0.718      2.476
      2      1        0.290      0.647      1.108
      3      1        0.162      0.297      0.555
      4      1        0.563      1.348      2.163
      5      1        0.122      1.023      0.968
      6      1        0.150      0.847      1.100
      7      1        0.304      1.801      2.119
      8      1        0.251      2.100      1.906
      9      1        0.250      2.119      1.907
     10      1        0.228      2.160      1.882
     11      1        0.116      0.980      1.022
     12      1        0.237      2.054      1.954
     13      1        0.061      0.481      0.518
     14      1        0.186      1.440      1.551
     15      1        0.122      1.030      0.975
     16      1        0.125      0.956      1.043

Optimization #1:
* Method          : lls
* Target function : energy
* No. of configs. : 500096
* No. of params.  : 62
* Before optimization:
   7.7952E-01   7.9335E-01   7.8807E-01   1.4639E+00   1.4688E+00   7.2642E-01
  -6.5745E+00  -2.1147E+00  -2.1246E+00   2.0391E+00   1.8989E+00  -3.3920E+00
  -3.3911E+00  -2.4325E+00  -2.4339E+00  -3.3082E+00  -3.3120E+00   1.1968E+00
   1.1979E+00   1.8302E+00   9.1627E-01   9.1695E-01   9.5969E-01   9.6163E-01
   9.6016E-01   9.6185E-01   0.0000E+00  -4.7226E+00   3.3505E+00  -3.1616E-01
  -3.0447E-01   3.4593E+01  -2.7975E+01   1.2694E+01  -1.0521E+01  -9.0688E+00
   7.0145E+00  -9.0245E+00   7.1209E+00   1.7325E+01  -1.3929E+01   1.2826E+01
  -1.0403E+01   1.7263E+01  -1.3983E+01  -4.6540E+00   3.4200E+00  -8.9540E+00
   7.1243E+00  -4.4756E+00   3.5605E+00  -4.5023E+00   3.5477E+00  -4.5023E+00
   3.5474E+00   0.0000E+00   0.0000E+00  -7.1129E-02  -6.3338E-02   3.8435E-02
  -2.6579E-02   2.1412E-02
  > E    =  -3.833478964690E+02 +/-   6.103287937371E-05
  > varE =   1.862863783510E-03
* Computing derivatives.
    [walltime: 1m elapsed, 16m35s remaining]
  Done. [total walltime: 17m12s]
* Optimizing manipulation constant:
  #igrid a___________ E____________________________________ varE____________
     1     Infinity    -3.83347896E+02 +/-   6.10328794E-05   1.86286378E-03
     2     1.0000E+06  -3.83347896E+02 +/-   6.10328785E-05   1.86286373E-03
     3     2.1544E+05  -3.83347896E+02 +/-   6.10328752E-05   1.86286353E-03
     4     4.6416E+04  -3.83347896E+02 +/-   6.10328599E-05   1.86286260E-03
     5     1.0000E+04  -3.83347896E+02 +/-   6.10327890E-05   1.86285827E-03
     6     2.1544E+03  -3.83347897E+02 +/-   6.10324603E-05   1.86283820E-03
     7     4.6416E+02  -3.83347897E+02 +/-   6.10309384E-05   1.86274530E-03
     8     1.0000E+02  -3.83347897E+02 +/-   6.10239581E-05   1.86231923E-03
     9     2.1544E+01  -3.83347900E+02 +/-   6.09932765E-05   1.86044703E-03
    10     4.6416E+00  -3.83347909E+02 +/-   6.08806780E-05   1.85358429E-03
    11     1.0000E+00  -3.83347929E+02 +/-   6.06580936E-05   1.84005538E-03
    12     2.1544E-01  -3.83347944E+02 +/-   6.05703521E-05   1.83473598E-03
    13     4.6416E-02  -3.83347946E+02 +/-   6.06098881E-05   1.83713193E-03
    14     1.0000E-02  -3.83347946E+02 +/-   6.05938607E-05   1.83616045E-03
    15     2.1544E-03  -3.83347940E+02 +/-   6.04042532E-05   1.82468718E-03
    16     4.6416E-04  -3.83347509E+02 +/-   6.19783028E-05   1.92102378E-03
    17     1.0000E-04  -3.83326794E+02 +/-   1.62898539E-04   1.32705144E-02
    18     2.1544E-05  -3.83157450E+02 +/-   4.12038223E-04   8.49040469E-02
    19     4.6416E-06  -3.83284274E+02 +/-   2.65441067E-04   3.52362442E-02
    20     1.0000E-06  -3.83295136E+02 +/-   2.45139368E-04   3.00524239E-02
    21     0.0000E+00  -3.83297653E+02 +/-   2.40097268E-04   2.88288832E-02
* Iteration # 1: E =  -3.833479463105E+02 +/-   6.060988811027E-05
* Computing derivatives.
    [walltime: 1m elapsed, 16m27s remaining]
  Done. [total walltime: 17m8s]
* Optimizing manipulation constant:
  #igrid a___________ E____________________________________ varE____________
     1     Infinity    -3.83347946E+02 +/-   6.06098881E-05   1.83713193E-03
     2     1.0000E+06  -3.83347946E+02 +/-   6.06098881E-05   1.83713193E-03
     3     2.1544E+05  -3.83347946E+02 +/-   6.06098881E-05   1.83713193E-03
     4     4.6416E+04  -3.83347946E+02 +/-   6.06098879E-05   1.83713191E-03
     5     1.0000E+04  -3.83347946E+02 +/-   6.06098870E-05   1.83713186E-03
     6     2.1544E+03  -3.83347946E+02 +/-   6.06098828E-05   1.83713161E-03
     7     4.6416E+02  -3.83347946E+02 +/-   6.06098633E-05   1.83713043E-03
     8     1.0000E+02  -3.83347946E+02 +/-   6.06097740E-05   1.83712501E-03
     9     2.1544E+01  -3.83347946E+02 +/-   6.06093792E-05   1.83710108E-03
    10     4.6416E+00  -3.83347946E+02 +/-   6.06079055E-05   1.83701174E-03
    11     1.0000E+00  -3.83347947E+02 +/-   6.06050911E-05   1.83684114E-03
    12     2.1544E-01  -3.83347947E+02 +/-   6.06056381E-05   1.83687430E-03
    13     4.6416E-02  -3.83347947E+02 +/-   6.06087596E-05   1.83706352E-03
    14     1.0000E-02  -3.83347947E+02 +/-   6.06101735E-05   1.83714923E-03
    15     2.1544E-03  -3.83347947E+02 +/-   6.06105405E-05   1.83717148E-03
    16     4.6416E-04  -3.83347947E+02 +/-   6.06106229E-05   1.83717647E-03
    17     1.0000E-04  -3.83347947E+02 +/-   6.06106408E-05   1.83717756E-03
    18     2.1544E-05  -3.83347947E+02 +/-   6.06106447E-05   1.83717780E-03
    19     4.6416E-06  -3.83347947E+02 +/-   6.06106455E-05   1.83717785E-03
    20     1.0000E-06  -3.83347947E+02 +/-   6.06106457E-05   1.83717786E-03
    21     0.0000E+00  -3.83347947E+02 +/-   6.06106458E-05   1.83717786E-03
* Iteration # 2: E =  -3.833479467815E+02 +/-   6.060563811745E-05
* Convergence: exiting.
* After optimization:
   8.7777E-01   8.9213E-01   8.8677E-01   1.6219E+00   1.6277E+00   7.1631E-01
  -7.2352E+00  -2.2847E+00  -2.2957E+00   2.3555E+00   2.2295E+00  -3.7248E+00
  -3.7251E+00  -2.5955E+00  -2.5976E+00  -3.6494E+00  -3.6534E+00   1.3574E+00
   1.3586E+00   2.1694E+00   1.0835E+00   1.0841E+00   1.1083E+00   1.1106E+00
   1.1082E+00   1.1104E+00  -2.3308E-02  -5.5913E+00   4.0556E+00  -3.3218E-01
  -2.8167E-01   3.7841E+01  -3.0562E+01   1.3461E+01  -1.1117E+01  -1.0778E+01
   8.4070E+00  -1.0738E+01   8.5027E+00   1.8945E+01  -1.5215E+01   1.3595E+01
  -1.1007E+01   1.8881E+01  -1.5261E+01  -5.5161E+00   4.1236E+00  -1.0662E+01
   8.4931E+00  -5.3298E+00   4.2476E+00  -5.3573E+00   4.2557E+00  -5.3579E+00
   4.2564E+00  -3.4884E-03   2.3559E-02  -7.5023E-02  -7.0592E-02   4.2592E-02
  -2.3207E-02   1.9861E-02
  > Energy =  -3.833479467815E+02 +/-   6.060563811745E-05
  > varE =   1.836874297975E-03

VMC #2:
* Size of Hilbert space =   6.3504E+04
* Deterministic energy evaluation:
  > Deterministic Etot/t = -383.34793558544067
    - Ttot/t = -23.366028968664217
    - Utot/t = 9.5324390603937879
* Number of equil. steps   = 1000
* Running VMC equilibration.
  Done. [total walltime: 0.02s]
* Equil. acc.ratio (%)     =  27.6534
* Sample config after equilibration:
  +---------+
  |  2   0  |
  |d   u   2|
  |0   d   d|
  |  u   u  |
  +---------+
* Number of accum. steps   = 1000192 x 10
* Running VMC accumulation.
    [walltime: 1m elapsed, 24.7s remaining]
  Done. [total walltime: 1m24s]
* Acceptance ratio (%)     =  27.6287
* Etot/t                   =  -3.833478430698E+02 +/-   4.424405792336E-05
  > Ttot/t                 =  -2.336647658330E+01 +/-   3.675377692963E-04
  > Utot/t                 =   9.532979190617E+00 +/-   3.641787464389E-04
* var[Eloc/t]              =   1.938353124182E-03 +/-   8.442099960357E-05
* Correlation length       =   1.010090722964E+00
* log10 Psi^2 range: -13.284940539594544 -- -6.5604569183680388
* log10 Pgen range : -13.284940539594544 -- -6.5604569183680388
* Site occupation (ave. no. electrons per config.):
  > Site_  ___eu____  ___ed____
      1        0.497      0.498
      2        0.501      0.501
      3        0.499      0.499
      4        0.498      0.498
      5        0.501      0.500
      6        0.500      0.500
      7        0.501      0.501
      8        0.500      0.500
      9        0.502      0.502
     10        0.500      0.500
* Pair-correlation analysis (ave. no. pairs per config.):
  > Shell  nsite  ___dh____  __eueu___  __eued___
      0      1        0          0          1.753
      1      1        0.842      0.717      2.475
      2      1        0.290      0.648      1.106
      3      1        0.163      0.298      0.554
      4      1        0.563      1.345      2.167
      5      1        0.122      1.024      0.967
      6      1        0.149      0.849      1.098
      7      1        0.304      1.801      2.119
      8      1        0.249      2.102      1.908
      9      1        0.251      2.120      1.906
     10      1        0.228      2.156      1.886
     11      1        0.116      0.979      1.022
     12      1        0.236      2.056      1.952
     13      1        0.062      0.478      0.517
     14      1        0.185      1.441      1.553
     15      1        0.121      1.030      0.977
     16      1        0.126      0.956      1.041

Optimization #2:
* Method          : lls
* Target function : energy
* No. of configs. : 500096
* No. of params.  : 62
* Before optimization:
   8.7777E-01   8.9213E-01   8.8677E-01   1.6219E+00   1.6277E+00   7.1631E-01
  -7.2352E+00  -2.2847E+00  -2.2957E+00   2.3555E+00   2.2295E+00  -3.7248E+00
  -3.7251E+00  -2.5955E+00  -2.5976E+00  -3.6494E+00  -3.6534E+00   1.3574E+00
   1.3586E+00   2.1694E+00   1.0835E+00   1.0841E+00   1.1083E+00   1.1106E+00
   1.1082E+00   1.1104E+00  -2.3308E-02  -5.5913E+00   4.0556E+00  -3.3218E-01
  -2.8167E-01   3.7841E+01  -3.0562E+01   1.3461E+01  -1.1117E+01  -1.0778E+01
   8.4070E+00  -1.0738E+01   8.5027E+00   1.8945E+01  -1.5215E+01   1.3595E+01
  -1.1007E+01   1.8881E+01  -1.5261E+01  -5.5161E+00   4.1236E+00  -1.0662E+01
   8.4931E+00  -5.3298E+00   4.2476E+00  -5.3573E+00   4.2557E+00  -5.3579E+00
   4.2564E+00  -3.4884E-03   2.3559E-02  -7.5023E-02  -7.0592E-02   4.2592E-02
  -2.3207E-02   1.9861E-02
  > E    =  -3.833478407644E+02 +/-   6.127664336245E-05
  > varE =   1.877773974278E-03
* Computing derivatives.
    [walltime: 1m elapsed, 16m32s remaining]
  Done. [total walltime: 17m6s]
* Optimizing manipulation constant:
  #igrid a___________ E____________________________________ varE____________
     1     Infinity    -3.83347841E+02 +/-   6.12766434E-05   1.87777397E-03
     2     1.0000E+06  -3.83347841E+02 +/-   6.12766435E-05   1.87777398E-03
     3     2.1544E+05  -3.83347841E+02 +/-   6.12766438E-05   1.87777400E-03
     4     4.6416E+04  -3.83347841E+02 +/-   6.12766455E-05   1.87777411E-03
     5     1.0000E+04  -3.83347841E+02 +/-   6.12766534E-05   1.87777459E-03
     6     2.1544E+03  -3.83347841E+02 +/-   6.12766913E-05   1.87777692E-03
     7     4.6416E+02  -3.83347841E+02 +/-   6.12768928E-05   1.87778926E-03
     8     1.0000E+02  -3.83347841E+02 +/-   6.12783721E-05   1.87787993E-03
     9     2.1544E+01  -3.83347841E+02 +/-   6.12966547E-05   1.87900064E-03
    10     4.6416E+00  -3.83347841E+02 +/-   6.16279014E-05   1.89936372E-03
    11     1.0000E+00  -3.83347327E+02 +/-   7.15644070E-05   2.56122383E-03
    12     2.1544E-01  -3.83292188E+02 +/-   2.95099257E-04   4.35501458E-02
    13     4.6416E-02   4.40543876E+03 +/-   5.32702207E+02   1.41913063E+11
    14     1.0000E-02  -3.81707598E+02 +/-   8.11714406E-04   3.29503391E-01
    15     2.1544E-03  -3.82169896E+02 +/-   9.59776647E-04   4.60674038E-01
    16     4.6416E-04  -3.82272745E+02 +/-   9.54977885E-04   4.56078931E-01
    17     1.0000E-04  -3.82294340E+02 +/-   9.52419961E-04   4.53638973E-01
    18     2.1544E-05  -3.82298964E+02 +/-   9.51803786E-04   4.53052192E-01
    19     4.6416E-06  -3.82299958E+02 +/-   9.51668070E-04   4.52923003E-01
    20     1.0000E-06  -3.82300173E+02 +/-   9.51638695E-04   4.52895042E-01
    21     0.0000E+00  -3.82300231E+02 +/-   9.51630619E-04   4.52887355E-01
* Iteration # 1: E =  -3.833478414798E+02 +/-   6.129665471358E-05
* Convergence: exiting.
* After optimization:
   1.0966E+00   1.1109E+00   1.1055E+00   1.5950E+00   1.6007E+00   7.1541E-01
  -7.3454E+00  -2.3665E+00  -2.3774E+00   2.3026E+00   2.1764E+00  -3.7803E+00
  -3.7805E+00  -2.6771E+00  -2.6792E+00  -3.7049E+00  -3.7089E+00   1.3305E+00
   1.3317E+00   2.1166E+00   1.0571E+00   1.0578E+00   1.0818E+00   1.0841E+00
   1.0817E+00   1.0839E+00  -2.3279E-02  -5.4596E+00   3.9508E+00  -3.3158E-01
  -2.8139E-01   3.8391E+01  -3.1002E+01   1.3867E+01  -1.1442E+01  -1.0515E+01
   8.1970E+00  -1.0476E+01   8.2931E+00   1.9220E+01  -1.5435E+01   1.4001E+01
  -1.1332E+01   1.9157E+01  -1.5481E+01  -5.3845E+00   4.0189E+00  -1.0400E+01
   8.2834E+00  -5.1985E+00   4.1427E+00  -5.2259E+00   4.1507E+00  -5.2264E+00
   4.1514E+00  -3.4454E-03   2.3530E-02  -7.4893E-02  -7.0546E-02   4.2649E-02
  -2.3212E-02   2.0028E-02
  > Energy =  -3.833478414798E+02 +/-   6.129665471358E-05
  > varE =   1.879000638406E-03

VMC #3:
* Size of Hilbert space =   6.3504E+04
* Deterministic energy evaluation:
  > Deterministic Etot/t = -383.34793567957348
    - Ttot/t = -23.365976306690204
    - Utot/t = 9.5323863042869341
* Number of equil. steps   = 1000
* Running VMC equilibration.
  Done. [total walltime: 0.03s]
* Equil. acc.ratio (%)     =  27.7462
* Sample config after equilibration:
  +---------+
  |  d   d  |
  |u   u   u|
  |d   d   d|
  |  u   u  |
  +---------+
* Number of accum. steps   = 1000192 x 10
* Running VMC accumulation.
    [walltime: 1m elapsed, 24.4s remaining]
  Done. [total walltime: 1m24s]
* Acceptance ratio (%)     =  27.6339
* Etot/t                   =  -3.833478702509E+02 +/-   4.266625642544E-05
  > Ttot/t                 =  -2.336606032942E+01 +/-   3.660164380150E-04
  > Utot/t                 =   9.532535755753E+00 +/-   3.633661566076E-04
* var[Eloc/t]              =   1.827674959951E-03 +/-   8.818417487475E-06
* Correlation length       =   9.962159551725E-01
* log10 Psi^2 range: -13.563869292074356 -- -6.5530324517362493
* log10 Pgen range : -13.563869292074356 -- -6.5530324517362493
* Site occupation (ave. no. electrons per config.):
  > Site_  ___eu____  ___ed____
      1        0.498      0.498
      2        0.499      0.500
      3        0.501      0.499
      4        0.497      0.496
      5        0.501      0.500
      6        0.499      0.500
      7        0.502      0.502
      8        0.500      0.502
      9        0.501      0.501
     10        0.502      0.501
* Pair-correlation analysis (ave. no. pairs per config.):
  > Shell  nsite  ___dh____  __eueu___  __eued___
      0      1        0          0          1.753
      1      1        0.842      0.719      2.475
      2      1        0.290      0.648      1.106
      3      1        0.163      0.298      0.553
      4      1        0.564      1.345      2.165
      5      1        0.121      1.025      0.968
      6      1        0.150      0.850      1.100
      7      1        0.304      1.799      2.118
      8      1        0.250      2.102      1.907
      9      1        0.250      2.117      1.905
     10      1        0.228      2.156      1.886
     11      1        0.117      0.979      1.024
     12      1        0.236      2.058      1.952
     13      1        0.062      0.480      0.519
     14      1        0.184      1.439      1.553
     15      1        0.120      1.029      0.977
     16      1        0.126      0.956      1.040

Optimization #3:
* Method          : lls
* Target function : energy
* No. of configs. : 500096
* No. of params.  : 62
* Before optimization:
   1.0966E+00   1.1109E+00   1.1055E+00   1.5950E+00   1.6007E+00   7.1541E-01
  -7.3454E+00  -2.3665E+00  -2.3774E+00   2.3026E+00   2.1764E+00  -3.7803E+00
  -3.7805E+00  -2.6771E+00  -2.6792E+00  -3.7049E+00  -3.7089E+00   1.3305E+00
   1.3317E+00   2.1166E+00   1.0571E+00   1.0578E+00   1.0818E+00   1.0841E+00
   1.0817E+00   1.0839E+00  -2.3279E-02  -5.4596E+00   3.9508E+00  -3.3158E-01
  -2.8139E-01   3.8391E+01  -3.1002E+01   1.3867E+01  -1.1442E+01  -1.0515E+01
   8.1970E+00  -1.0476E+01   8.2931E+00   1.9220E+01  -1.5435E+01   1.4001E+01
  -1.1332E+01   1.9157E+01  -1.5481E+01  -5.3845E+00   4.0189E+00  -1.0400E+01
   8.2834E+00  -5.1985E+00   4.1427E+00  -5.2259E+00   4.1507E+00  -5.2264E+00
   4.1514E+00  -3.4454E-03   2.3530E-02  -7.4893E-02  -7.0546E-02   4.2649E-02
  -2.3212E-02   2.0028E-02
  > E    =  -3.833478600440E+02 +/-   6.050030105214E-05
  > varE =   1.830494601197E-03
* Computing derivatives.
    [walltime: 1m elapsed, 16m32s remaining]
  Done. [total walltime: 17m16s]
* Optimizing manipulation constant:
  #igrid a___________ E____________________________________ varE____________
     1     Infinity    -3.83347860E+02 +/-   6.05003011E-05   1.83049460E-03
     2     1.0000E+06  -3.83347860E+02 +/-   6.05003010E-05   1.83049460E-03
     3     2.1544E+05  -3.83347860E+02 +/-   6.05003009E-05   1.83049459E-03
     4     4.6416E+04  -3.83347860E+02 +/-   6.05003005E-05   1.83049457E-03
     5     1.0000E+04  -3.83347860E+02 +/-   6.05002985E-05   1.83049445E-03
     6     2.1544E+03  -3.83347860E+02 +/-   6.05002893E-05   1.83049389E-03
     7     4.6416E+02  -3.83347860E+02 +/-   6.05002467E-05   1.83049131E-03
     8     1.0000E+02  -3.83347860E+02 +/-   6.05000492E-05   1.83047936E-03
     9     2.1544E+01  -3.83347860E+02 +/-   6.04991433E-05   1.83042455E-03
    10     4.6416E+00  -3.83347860E+02 +/-   6.04951033E-05   1.83018009E-03
    11     1.0000E+00  -3.83347860E+02 +/-   6.04790559E-05   1.82920924E-03
    12     2.1544E-01  -3.83347860E+02 +/-   6.04441950E-05   1.82710109E-03
    13     4.6416E-02  -3.83347860E+02 +/-   6.04164342E-05   1.82542317E-03
    14     1.0000E-02  -3.83347860E+02 +/-   6.03968240E-05   1.82423836E-03
    15     2.1544E-03  -3.83347860E+02 +/-   6.03274849E-05   1.82005210E-03
    16     4.6416E-04  -3.83344349E+02 +/-   8.86162196E-05   3.92717106E-03
    17     1.0000E-04  -3.83347801E+02 +/-   6.14919374E-05   1.89099218E-03
    18     2.1544E-05  -3.83347817E+02 +/-   6.12627938E-05   1.87692525E-03
    19     4.6416E-06  -3.83347820E+02 +/-   6.12248315E-05   1.87459985E-03
    20     1.0000E-06  -3.83347820E+02 +/-   6.12170612E-05   1.87412405E-03
    21     0.0000E+00  -3.83347820E+02 +/-   6.12149515E-05   1.87399488E-03
  ParMin   4.6413E-03  -3.83347861E+02 +/-   6.03774946E-05   1.82307089E-03
  # Using parabolic minimum
* Iteration # 1: E =  -3.833478605849E+02 +/-   6.037749457961E-05
* Convergence: exiting.
* After optimization:
   2.7765E+00   2.7908E+00   2.7856E+00   1.7688E+00   1.7737E+00   7.3169E-01
  -9.7327E+00  -3.3932E+00  -3.4037E+00   2.6307E+00   2.5072E+00  -4.9697E+00
  -4.9689E+00  -3.7058E+00  -3.7075E+00  -4.8923E+00  -4.8961E+00   1.5035E+00
   1.5049E+00   2.4425E+00   1.2208E+00   1.2212E+00   1.2469E+00   1.2487E+00
   1.2470E+00   1.2491E+00  -2.2460E-02  -6.2716E+00   4.5913E+00  -3.4184E-01
  -2.8653E-01   5.0349E+01  -4.0571E+01   1.9037E+01  -1.5585E+01  -1.2129E+01
   9.4826E+00  -1.2090E+01   9.5763E+00   2.5196E+01  -2.0222E+01   1.9173E+01
  -1.5475E+01   2.5132E+01  -2.0268E+01  -6.1968E+00   4.6581E+00  -1.2010E+01
   9.5681E+00  -6.0041E+00   4.7850E+00  -6.0342E+00   4.7935E+00  -6.0340E+00
   4.7931E+00  -3.8097E-03   2.3615E-02  -7.5693E-02  -6.9693E-02   4.0782E-02
  -2.2873E-02   1.8190E-02
  > Energy =  -3.833478605849E+02 +/-   6.037749457961E-05
  > varE =   1.823070888273E-03

VMC #4:
* Size of Hilbert space =   6.3504E+04
* Deterministic energy evaluation:
  > Deterministic Etot/t = -383.34793499958550
    - Ttot/t = -23.365976941084906
    - Utot/t = 9.5323876186697927
* Number of equil. steps   = 1000
* Running VMC equilibration.
  Done. [total walltime: 0.02s]
* Equil. acc.ratio (%)     =  27.6133
* Sample config after equilibration:
  +---------+
  |  u   u  |
  |d   d   0|
  |d   2   2|
  |  u   0  |
  +---------+
* Number of accum. steps   = 1000192 x 10
* Running VMC accumulation.
    [walltime: 1m elapsed, 24.6s remaining]
  Done. [total walltime: 1m24s]
* Acceptance ratio (%)     =  27.6276
* Etot/t                   =  -3.833479463030E+02 +/-   4.299362610769E-05
  > Ttot/t                 =  -2.336605474629E+01 +/-   3.673141154070E-04
  > Utot/t                 =   9.532454120474E+00 +/-   3.655253487017E-04
* var[Eloc/t]              =   1.834884400147E-03 +/-   1.784194020260E-05
* Correlation length       =   1.007587610697E+00
* log10 Psi^2 range: -12.909454188583666 -- -6.6851510567083450
* log10 Pgen range : -12.909454188583666 -- -6.6851510567083450
* Site occupation (ave. no. electrons per config.):
  > Site_  ___eu____  ___ed____
      1        0.496      0.498
      2        0.502      0.502
      3        0.501      0.500
      4        0.498      0.497
      5        0.500      0.499
      6        0.501      0.500
      7        0.501      0.502
      8        0.501      0.500
      9        0.500      0.501
     10        0.501      0.501
* Pair-correlation analysis (ave. no. pairs per config.):
  > Shell  nsite  ___dh____  __eueu___  __eued___
      0      1        0          0          1.752
      1      1        0.840      0.717      2.479
      2      1        0.289      0.648      1.107
      3      1        0.162      0.297      0.554
      4      1        0.563      1.346      2.164
      5      1        0.122      1.025      0.968
      6      1        0.149      0.848      1.101
      7      1        0.304      1.797      2.118
      8      1        0.250      2.101      1.906
      9      1        0.250      2.119      1.904
     10      1        0.229      2.159      1.882
     11      1        0.116      0.980      1.024
     12      1        0.236      2.058      1.951
     13      1        0.062      0.480      0.518
     14      1        0.184      1.439      1.554
     15      1        0.121      1.030      0.976
     16      1        0.125      0.956      1.042

Optimization #4:
* Method          : lls
* Target function : energy
* No. of configs. : 500096
* No. of params.  : 62
* Before optimization:
   2.7765E+00   2.7908E+00   2.7856E+00   1.7688E+00   1.7737E+00   7.3169E-01
  -9.7327E+00  -3.3932E+00  -3.4037E+00   2.6307E+00   2.5072E+00  -4.9697E+00
  -4.9689E+00  -3.7058E+00  -3.7075E+00  -4.8923E+00  -4.8961E+00   1.5035E+00
   1.5049E+00   2.4425E+00   1.2208E+00   1.2212E+00   1.2469E+00   1.2487E+00
   1.2470E+00   1.2491E+00  -2.2460E-02  -6.2716E+00   4.5913E+00  -3.4184E-01
  -2.8653E-01   5.0349E+01  -4.0571E+01   1.9037E+01  -1.5585E+01  -1.2129E+01
   9.4826E+00  -1.2090E+01   9.5763E+00   2.5196E+01  -2.0222E+01   1.9173E+01
  -1.5475E+01   2.5132E+01  -2.0268E+01  -6.1968E+00   4.6581E+00  -1.2010E+01
   9.5681E+00  -6.0041E+00   4.7850E+00  -6.0342E+00   4.7935E+00  -6.0340E+00
   4.7931E+00  -3.8097E-03   2.3615E-02  -7.5693E-02  -6.9693E-02   4.0782E-02
  -2.2873E-02   1.8190E-02
  > E    =  -3.833479243602E+02 +/-   6.032140190579E-05
  > varE =   1.819685076407E-03
* Computing derivatives.
    [walltime: 1m elapsed, 16m28s remaining]
  Done. [total walltime: 17m8s]
* Optimizing manipulation constant:
  #igrid a___________ E____________________________________ varE____________
     1     Infinity    -3.83347924E+02 +/-   6.03214019E-05   1.81968508E-03
     2     1.0000E+06  -3.83347924E+02 +/-   6.03214013E-05   1.81968504E-03
     3     2.1544E+05  -3.83347924E+02 +/-   6.03213993E-05   1.81968492E-03
     4     4.6416E+04  -3.83347924E+02 +/-   6.03213898E-05   1.81968435E-03
     5     1.0000E+04  -3.83347924E+02 +/-   6.03213459E-05   1.81968170E-03
     6     2.1544E+03  -3.83347924E+02 +/-   6.03211429E-05   1.81966945E-03
     7     4.6416E+02  -3.83347924E+02 +/-   6.03202183E-05   1.81961367E-03
     8     1.0000E+02  -3.83347924E+02 +/-   6.03163033E-05   1.81937748E-03
     9     2.1544E+01  -3.83347925E+02 +/-   6.03060331E-05   1.81875795E-03
    10     4.6416E+00  -3.83347924E+02 +/-   6.04182030E-05   1.82553006E-03
    11     1.0000E+00  -3.83347830E+02 +/-   6.26632385E-05   1.96371769E-03
    12     2.1544E-01  -3.83347827E+02 +/-   6.05087002E-05   1.83100288E-03
    13     4.6416E-02  -3.83329132E+02 +/-   1.57407046E-04   1.23908677E-02
    14     1.0000E-02  -3.83239549E+02 +/-   3.55666662E-04   6.32615313E-02
    15     2.1544E-03  -3.83163466E+02 +/-   4.55003490E-04   1.03533963E-01
    16     4.6416E-04  -3.83136189E+02 +/-   4.84600945E-04   1.17441582E-01
    17     1.0000E-04  -3.83129385E+02 +/-   4.91633469E-04   1.20874937E-01
    18     2.1544E-05  -3.83127867E+02 +/-   4.93184671E-04   1.21638910E-01
    19     4.6416E-06  -3.83127537E+02 +/-   4.93520612E-04   1.21804679E-01
    20     1.0000E-06  -3.83127466E+02 +/-   4.93593070E-04   1.21840448E-01
    21     0.0000E+00  -3.83127447E+02 +/-   4.93612973E-04   1.21850274E-01
* Iteration # 1: E =  -3.833479245321E+02 +/-   6.030603305474E-05
* Convergence: exiting.
* After optimization:
   2.7992E+00   2.8135E+00   2.8083E+00   1.7632E+00   1.7681E+00   7.3142E-01
  -9.7325E+00  -3.3987E+00  -3.4091E+00   2.6197E+00   2.4961E+00  -4.9697E+00
  -4.9689E+00  -3.7112E+00  -3.7129E+00  -4.8923E+00  -4.8962E+00   1.4978E+00
   1.4992E+00   2.4314E+00   1.2152E+00   1.2156E+00   1.2414E+00   1.2431E+00
   1.2415E+00   1.2436E+00  -2.2467E-02  -6.2444E+00   4.5695E+00  -3.4183E-01
  -2.8631E-01   5.0347E+01  -4.0570E+01   1.9064E+01  -1.5607E+01  -1.2074E+01
   9.4389E+00  -1.2035E+01   9.5326E+00   2.5195E+01  -2.0221E+01   1.9199E+01
  -1.5496E+01   2.5131E+01  -2.0267E+01  -6.1695E+00   4.6364E+00  -1.1955E+01
   9.5246E+00  -5.9768E+00   4.7632E+00  -6.0068E+00   4.7716E+00  -6.0066E+00
   4.7713E+00  -3.8150E-03   2.3615E-02  -7.5683E-02  -6.9716E-02   4.0826E-02
  -2.2952E-02   1.8205E-02
  > Energy =  -3.833479245321E+02 +/-   6.030603305474E-05
  > varE =   1.818757945892E-03

VMC #5:
* Size of Hilbert space =   6.3504E+04
* Deterministic energy evaluation:
  > Deterministic Etot/t = -383.34793513973636
    - Ttot/t = -23.365990211872475
    - Utot/t = 9.5324007493063547
* Number of equil. steps   = 1000
* Running VMC equilibration.
  Done. [total walltime: 0.03s]
* Equil. acc.ratio (%)     =  27.6766
* Sample config after equilibration:
  +---------+
  |  d   d  |
  |u   u   0|
  |u   d   2|
  |  d   u  |
  +---------+
* Number of accum. steps   = 1000192 x 10
* Running VMC accumulation.
    [walltime: 1m elapsed, 23.7s remaining]
  Done. [total walltime: 1m23s]
* Acceptance ratio (%)     =  27.6376
* Etot/t                   =  -3.833479016763E+02 +/-   4.412449972123E-05
  > Ttot/t                 =  -2.336593466927E+01 +/-   3.671686509584E-04
  > Utot/t                 =   9.532378670196E+00 +/-   3.651083344644E-04
* var[Eloc/t]              =   1.952088289176E-03 +/-   4.115884982985E-05
* Correlation length       =   9.975702968816E-01
* log10 Psi^2 range: -13.275428710761174 -- -6.6827668443187962
* log10 Pgen range : -13.275428710761174 -- -6.6827668443187962
* Site occupation (ave. no. electrons per config.):
  > Site_  ___eu____  ___ed____
      1        0.497      0.496
      2        0.501      0.501
      3        0.501      0.501
      4        0.499      0.498
      5        0.500      0.501
      6        0.501      0.500
      7        0.501      0.501
      8        0.498      0.500
      9        0.501      0.502
     10        0.502      0.500
* Pair-correlation analysis (ave. no. pairs per config.):
  > Shell  nsite  ___dh____  __eueu___  __eued___
      0      1        0          0          1.752
      1      1        0.840      0.718      2.478
      2      1        0.289      0.650      1.105
      3      1        0.162      0.297      0.554
      4      1        0.563      1.347      2.164
      5      1        0.121      1.026      0.968
      6      1        0.148      0.850      1.101
      7      1        0.303      1.799      2.118
      8      1        0.252      2.100      1.905
      9      1        0.251      2.117      1.904
     10      1        0.229      2.154      1.886
     11      1        0.116      0.981      1.023
     12      1        0.237      2.054      1.954
     13      1        0.061      0.481      0.518
     14      1        0.185      1.439      1.553
     15      1        0.121      1.028      0.977
     16      1        0.125      0.958      1.039

Optimization #5:
* Method          : lls
* Target function : energy
* No. of configs. : 500096
* No. of params.  : 62
* Before optimization:
   2.7992E+00   2.8135E+00   2.8083E+00   1.7632E+00   1.7681E+00   7.3142E-01
  -9.7325E+00  -3.3987E+00  -3.4091E+00   2.6197E+00   2.4961E+00  -4.9697E+00
  -4.9689E+00  -3.7112E+00  -3.7129E+00  -4.8923E+00  -4.8962E+00   1.4978E+00
   1.4992E+00   2.4314E+00   1.2152E+00   1.2156E+00   1.2414E+00   1.2431E+00
   1.2415E+00   1.2436E+00  -2.2467E-02  -6.2444E+00   4.5695E+00  -3.4183E-01
  -2.8631E-01   5.0347E+01  -4.0570E+01   1.9064E+01  -1.5607E+01  -1.2074E+01
   9.4389E+00  -1.2035E+01   9.5326E+00   2.5195E+01  -2.0221E+01   1.9199E+01
  -1.5496E+01   2.5131E+01  -2.0267E+01  -6.1695E+00   4.6364E+00  -1.1955E+01
   9.5246E+00  -5.9768E+00   4.7632E+00  -6.0068E+00   4.7716E+00  -6.0066E+00
   4.7713E+00  -3.8150E-03   2.3615E-02  -7.5683E-02  -6.9716E-02   4.0826E-02
  -2.2952E-02   1.8205E-02
  > E    =  -3.833478491656E+02 +/-   6.112316091103E-05
  > varE =   1.868379059795E-03
* Computing derivatives.
    [walltime: 1m elapsed, 16m28s remaining]
  Done. [total walltime: 17m4s]
* Optimizing manipulation constant:
  #igrid a___________ E____________________________________ varE____________
     1     Infinity    -3.83347849E+02 +/-   6.11231609E-05   1.86837906E-03
     2     1.0000E+06  -3.83347849E+02 +/-   6.11231610E-05   1.86837907E-03
     3     2.1544E+05  -3.83347849E+02 +/-   6.11231615E-05   1.86837910E-03
     4     4.6416E+04  -3.83347849E+02 +/-   6.11231636E-05   1.86837923E-03
     5     1.0000E+04  -3.83347849E+02 +/-   6.11231736E-05   1.86837983E-03
     6     2.1544E+03  -3.83347849E+02 +/-   6.11232197E-05   1.86838265E-03
     7     4.6416E+02  -3.83347849E+02 +/-   6.11234335E-05   1.86839572E-03
     8     1.0000E+02  -3.83347849E+02 +/-   6.11244210E-05   1.86845610E-03
     9     2.1544E+01  -3.83347850E+02 +/-   6.11289013E-05   1.86873001E-03
    10     4.6416E+00  -3.83347851E+02 +/-   6.11477007E-05   1.86987960E-03
    11     1.0000E+00  -3.83347853E+02 +/-   6.12070497E-05   1.87351111E-03
    12     2.1544E-01  -3.83347856E+02 +/-   6.13026906E-05   1.87937071E-03
    13     4.6416E-02  -3.83347857E+02 +/-   6.13613168E-05   1.88296706E-03
    14     1.0000E-02  -3.83347858E+02 +/-   6.13620377E-05   1.88301130E-03
    15     2.1544E-03  -3.83347855E+02 +/-   6.13618711E-05   1.88300108E-03
    16     4.6416E-04  -3.83347842E+02 +/-   6.14666809E-05   1.88943914E-03
    17     1.0000E-04  -3.83347834E+02 +/-   6.15339016E-05   1.89357402E-03
    18     2.1544E-05  -3.83347832E+02 +/-   6.15524665E-05   1.89471678E-03
    19     4.6416E-06  -3.83347831E+02 +/-   6.15566857E-05   1.89497654E-03
    20     1.0000E-06  -3.83347831E+02 +/-   6.15576052E-05   1.89503315E-03
    21     0.0000E+00  -3.83347831E+02 +/-   6.15578583E-05   1.89504874E-03
* Iteration # 1: E =  -3.833478580941E+02 +/-   6.136203770066E-05
* Convergence: exiting.
* After optimization:
  -1.0007E+00  -9.8773E-01  -9.9163E-01   3.1010E+00   3.1045E+00   7.2719E-01
  -1.1283E+01  -2.8328E+00  -2.8428E+00   5.3070E+00   5.1788E+00  -5.7474E+00
  -5.7465E+00  -3.1445E+00  -3.1464E+00  -5.6718E+00  -5.6761E+00   2.8379E+00
   2.8393E+00   5.1165E+00   2.5578E+00   2.5583E+00   2.5843E+00   2.5844E+00
   2.5841E+00   2.5852E+00  -2.2570E-02  -1.2952E+01   9.9444E+00  -3.3188E-01
  -2.8893E-01   5.8098E+01  -4.6769E+01   1.6223E+01  -1.3330E+01  -2.5514E+01
   2.0192E+01  -2.5471E+01   2.0285E+01   2.9074E+01  -2.3322E+01   1.6356E+01
  -1.3219E+01   2.9011E+01  -2.3368E+01  -1.2883E+01   1.0009E+01  -2.5397E+01
   2.0281E+01  -1.2697E+01   1.0141E+01  -1.2726E+01   1.0149E+01  -1.2726E+01
   1.0148E+01  -4.0051E-03   2.4015E-02  -6.9297E-02  -6.9768E-02   4.0163E-02
  -2.2594E-02   2.0044E-02
  > Energy =  -3.833478580941E+02 +/-   6.136203770066E-05
  > varE =   1.883011304157E-03

VMC #6:
* Size of Hilbert space =   6.3504E+04
* Deterministic energy evaluation:
  > Deterministic Etot/t = -383.34793645530692
    - Ttot/t = -23.366233413860961
    - Utot/t = 9.5326426357243399
* Number of equil. steps   = 1000
* Running VMC equilibration.
  Done. [total walltime: 0.03s]
* Equil. acc.ratio (%)     =  27.6241
* Sample config after equilibration:
  +---------+
  |  0   d  |
  |d   2   u|
  |d   u   2|
  |  u   0  |
  +---------+
* Number of accum. steps   = 1000192 x 10
* Running VMC accumulation.
    [walltime: 1m elapsed, 24.8s remaining]
  Done. [total walltime: 1m24s]
* Acceptance ratio (%)     =  27.6021
* Etot/t                   =  -3.833479503969E+02 +/-   4.360310509442E-05
  > Ttot/t                 =  -2.336583215678E+01 +/-   3.695535041068E-04
  > Utot/t                 =   9.532227437035E+00 +/-   3.672451633263E-04
* var[Eloc/t]              =   1.879439120972E-03 +/-   1.903511772926E-05
* Correlation length       =   1.011788990111E+00
* log10 Psi^2 range: -14.231233205197466 -- -6.6405482279216645
* log10 Pgen range : -14.231233205197466 -- -6.6405482279216645
* Site occupation (ave. no. electrons per config.):
  > Site_  ___eu____  ___ed____
      1        0.497      0.497
      2        0.501      0.502
      3        0.501      0.499
      4        0.498      0.498
      5        0.500      0.499
      6        0.500      0.500
      7        0.501      0.502
      8        0.498      0.501
      9        0.502      0.502
     10        0.502      0.501
* Pair-correlation analysis (ave. no. pairs per config.):
  > Shell  nsite  ___dh____  __eueu___  __eued___
      0      1        0          0          1.755
      1      1        0.844      0.717      2.475
      2      1        0.290      0.649      1.108
      3      1        0.163      0.297      0.553
      4      1        0.564      1.344      2.164
      5      1        0.121      1.024      0.966
      6      1        0.150      0.846      1.099
      7      1        0.304      1.800      2.121
      8      1        0.250      2.101      1.904
      9      1        0.251      2.121      1.906
     10      1        0.229      2.159      1.883
     11      1        0.117      0.978      1.021
     12      1        0.238      2.056      1.953
     13      1        0.063      0.480      0.516
     14      1        0.186      1.438      1.555
     15      1        0.122      1.031      0.979
     16      1        0.126      0.959      1.042

Optimization #6:
* Method          : lls
* Target function : energy
* No. of configs. : 500096
* No. of params.  : 62
* Before optimization:
  -1.0007E+00  -9.8773E-01  -9.9163E-01   3.1010E+00   3.1045E+00   7.2719E-01
  -1.1283E+01  -2.8328E+00  -2.8428E+00   5.3070E+00   5.1788E+00  -5.7474E+00
  -5.7465E+00  -3.1445E+00  -3.1464E+00  -5.6718E+00  -5.6761E+00   2.8379E+00
   2.8393E+00   5.1165E+00   2.5578E+00   2.5583E+00   2.5843E+00   2.5844E+00
   2.5841E+00   2.5852E+00  -2.2570E-02  -1.2952E+01   9.9444E+00  -3.3188E-01
  -2.8893E-01   5.8098E+01  -4.6769E+01   1.6223E+01  -1.3330E+01  -2.5514E+01
   2.0192E+01  -2.5471E+01   2.0285E+01   2.9074E+01  -2.3322E+01   1.6356E+01
  -1.3219E+01   2.9011E+01  -2.3368E+01  -1.2883E+01   1.0009E+01  -2.5397E+01
   2.0281E+01  -1.2697E+01   1.0141E+01  -1.2726E+01   1.0149E+01  -1.2726E+01
   1.0148E+01  -4.0051E-03   2.4015E-02  -6.9297E-02  -6.9768E-02   4.0163E-02
  -2.2594E-02   2.0044E-02
  > E    =  -3.833479423849E+02 +/-   6.065226656566E-05
  > varE =   1.839701874730E-03
* Computing derivatives.
    [walltime: 1m elapsed, 16m17s remaining]
  Done. [total walltime: 17m3s]
* Optimizing manipulation constant:
  #igrid a___________ E____________________________________ varE____________
     1     Infinity    -3.83347942E+02 +/-   6.06522666E-05   1.83970187E-03
     2     1.0000E+06  -3.83347942E+02 +/-   6.06522663E-05   1.83970186E-03
     3     2.1544E+05  -3.83347942E+02 +/-   6.06522653E-05   1.83970180E-03
     4     4.6416E+04  -3.83347942E+02 +/-   6.06522607E-05   1.83970152E-03
     5     1.0000E+04  -3.83347942E+02 +/-   6.06522393E-05   1.83970022E-03
     6     2.1544E+03  -3.83347942E+02 +/-   6.06521398E-05   1.83969419E-03
     7     4.6416E+02  -3.83347942E+02 +/-   6.06516792E-05   1.83966624E-03
     8     1.0000E+02  -3.83347942E+02 +/-   6.06495595E-05   1.83953766E-03
     9     2.1544E+01  -3.83347943E+02 +/-   6.06400957E-05   1.83896362E-03
    10     4.6416E+00  -3.83347943E+02 +/-   6.06028588E-05   1.83670583E-03
    11     1.0000E+00  -3.83347944E+02 +/-   6.05054367E-05   1.83080538E-03
    12     2.1544E-01  -3.83347944E+02 +/-   6.03930470E-05   1.82401021E-03
    13     4.6416E-02  -3.83347943E+02 +/-   6.03432002E-05   1.82100047E-03
    14     1.0000E-02  -3.83347943E+02 +/-   6.03289368E-05   1.82013971E-03
    15     2.1544E-03  -3.83347942E+02 +/-   6.03172270E-05   1.81943320E-03
    16     4.6416E-04  -3.83347929E+02 +/-   6.04151838E-05   1.82534762E-03
    17     1.0000E-04  -3.83347873E+02 +/-   6.11046787E-05   1.86724932E-03
    18     2.1544E-05  -3.83347811E+02 +/-   6.19148664E-05   1.91709335E-03
    19     4.6416E-06  -3.83347787E+02 +/-   6.22324538E-05   1.93681095E-03
    20     1.0000E-06  -3.83347781E+02 +/-   6.23122819E-05   1.94178299E-03
    21     0.0000E+00  -3.83347779E+02 +/-   6.23350170E-05   1.94320020E-03
* Iteration # 1: E =  -3.833479439432E+02 +/-   6.039304700998E-05
* Convergence: exiting.
* After optimization:
  -9.8246E-01  -9.6861E-01  -9.7332E-01   3.0958E+00   3.1001E+00   7.2548E-01
  -1.1277E+01  -2.8354E+00  -2.8454E+00   5.2959E+00   5.1685E+00  -5.7442E+00
  -5.7431E+00  -3.1467E+00  -3.1482E+00  -5.6687E+00  -5.6726E+00   2.8314E+00
   2.8322E+00   5.1054E+00   2.5523E+00   2.5529E+00   2.5785E+00   2.5795E+00
   2.5784E+00   2.5801E+00  -2.2863E-02  -1.2933E+01   9.9244E+00  -3.3621E-01
  -2.8599E-01   5.8063E+01  -4.6741E+01   1.6230E+01  -1.3337E+01  -2.5460E+01
   2.0150E+01  -2.5420E+01   2.0245E+01   2.9056E+01  -2.3307E+01   1.6364E+01
  -1.3226E+01   2.8993E+01  -2.3352E+01  -1.2858E+01   9.9920E+00  -2.5343E+01
   2.0239E+01  -1.2670E+01   1.0120E+01  -1.2700E+01   1.0127E+01  -1.2699E+01
   1.0127E+01  -3.1771E-03   2.3891E-02  -7.1971E-02  -7.0252E-02   4.1620E-02
  -2.3700E-02   1.9517E-02
  > Energy =  -3.833479439432E+02 +/-   6.039304700998E-05
  > varE =   1.824010206307E-03

VMC #7:
* Size of Hilbert space =   6.3504E+04
* Deterministic energy evaluation:
  > Deterministic Etot/t = -383.34793923344245
    - Ttot/t = -23.365869399532237
    - Utot/t = 9.5322758432601660
* Number of equil. steps   = 1000
* Running VMC equilibration.
  Done. [total walltime: 0.02s]
* Equil. acc.ratio (%)     =  27.6399
* Sample config after equilibration:
  +---------+
  |  d   d  |
  |u   u   2|
  |0   d   0|
  |  2   u  |
  +---------+
* Number of accum. steps   = 1000192 x 10
* Running VMC accumulation.
    [walltime: 1m elapsed, 22.9s remaining]
  Done. [total walltime: 1m23s]
* Acceptance ratio (%)     =  27.6199
* Etot/t                   =  -3.833479610645E+02 +/-   4.283671737253E-05
  > Ttot/t                 =  -2.336609438387E+01 +/-   3.657682489882E-04
  > Utot/t                 =   9.532478996501E+00 +/-   3.633744236156E-04
* var[Eloc/t]              =   1.846979900322E-03 +/-   1.693507644135E-05
* Correlation length       =   9.936960721285E-01
* log10 Psi^2 range: -14.276692095136514 -- -6.6277862369249361
* log10 Pgen range : -14.276692095136514 -- -6.6277862369249361
* Site occupation (ave. no. electrons per config.):
  > Site_  ___eu____  ___ed____
      1        0.497      0.497
      2        0.501      0.502
      3        0.501      0.499
      4        0.497      0.498
      5        0.499      0.499
      6        0.499      0.501
      7        0.502      0.501
      8        0.500      0.501
      9        0.501      0.502
     10        0.502      0.501
* Pair-correlation analysis (ave. no. pairs per config.):
  > Shell  nsite  ___dh____  __eueu___  __eued___
      0      1        0          0          1.754
      1      1        0.843      0.718      2.476
      2      1        0.290      0.648      1.108
      3      1        0.163      0.297      0.554
      4      1        0.564      1.344      2.163
      5      1        0.122      1.024      0.967
      6      1        0.150      0.847      1.098
      7      1        0.305      1.801      2.118
      8      1        0.251      2.100      1.907
      9      1        0.251      2.120      1.906
     10      1        0.228      2.158      1.885
     11      1        0.117      0.979      1.022
     12      1        0.237      2.057      1.954
     13      1        0.062      0.481      0.518
     14      1        0.185      1.439      1.553
     15      1        0.122      1.029      0.978
     16      1        0.126      0.958      1.041

Optimization #7:
* Method          : lls
* Target function : energy
* No. of configs. : 500096
* No. of params.  : 62
* Before optimization:
  -9.8246E-01  -9.6861E-01  -9.7332E-01   3.0958E+00   3.1001E+00   7.2548E-01
  -1.1277E+01  -2.8354E+00  -2.8454E+00   5.2959E+00   5.1685E+00  -5.7442E+00
  -5.7431E+00  -3.1467E+00  -3.1482E+00  -5.6687E+00  -5.6726E+00   2.8314E+00
   2.8322E+00   5.1054E+00   2.5523E+00   2.5529E+00   2.5785E+00   2.5795E+00
   2.5784E+00   2.5801E+00  -2.2863E-02  -1.2933E+01   9.9244E+00  -3.3621E-01
  -2.8599E-01   5.8063E+01  -4.6741E+01   1.6230E+01  -1.3337E+01  -2.5460E+01
   2.0150E+01  -2.5420E+01   2.0245E+01   2.9056E+01  -2.3307E+01   1.6364E+01
  -1.3226E+01   2.8993E+01  -2.3352E+01  -1.2858E+01   9.9920E+00  -2.5343E+01
   2.0239E+01  -1.2670E+01   1.0120E+01  -1.2700E+01   1.0127E+01  -1.2699E+01
   1.0127E+01  -3.1771E-03   2.3891E-02  -7.1971E-02  -7.0252E-02   4.1620E-02
  -2.3700E-02   1.9517E-02
  > E    =  -3.833479241599E+02 +/-   6.065113548840E-05
  > varE =   1.839633259799E-03
* Computing derivatives.
    [walltime: 1m elapsed, 16m37s remaining]
  Done. [total walltime: 17m15s]
* Optimizing manipulation constant:
  #igrid a___________ E____________________________________ varE____________
     1     Infinity    -3.83347924E+02 +/-   6.06511355E-05   1.83963326E-03
     2     1.0000E+06  -3.83347924E+02 +/-   6.06511354E-05   1.83963326E-03
     3     2.1544E+05  -3.83347924E+02 +/-   6.06511351E-05   1.83963324E-03
     4     4.6416E+04  -3.83347924E+02 +/-   6.06511338E-05   1.83963316E-03
     5     1.0000E+04  -3.83347924E+02 +/-   6.06511276E-05   1.83963278E-03
     6     2.1544E+03  -3.83347924E+02 +/-   6.06510989E-05   1.83963104E-03
     7     4.6416E+02  -3.83347924E+02 +/-   6.06509659E-05   1.83962297E-03
     8     1.0000E+02  -3.83347924E+02 +/-   6.06503546E-05   1.83958589E-03
     9     2.1544E+01  -3.83347924E+02 +/-   6.06476373E-05   1.83942105E-03
    10     4.6416E+00  -3.83347925E+02 +/-   6.06371308E-05   1.83878379E-03
    11     1.0000E+00  -3.83347927E+02 +/-   6.06109587E-05   1.83719683E-03
    12     2.1544E-01  -3.83347928E+02 +/-   6.05812207E-05   1.83539448E-03
    13     4.6416E-02  -3.83347928E+02 +/-   6.05578616E-05   1.83397936E-03
    14     1.0000E-02  -3.83347929E+02 +/-   6.05029620E-05   1.83065563E-03
    15     2.1544E-03  -3.83347896E+02 +/-   6.01106372E-05   1.80699123E-03
    16     4.6416E-04  -3.83346822E+02 +/-   7.33600816E-05   2.69136743E-03
    17     1.0000E-04  -3.83347697E+02 +/-   6.42765621E-05   2.06613484E-03
    18     2.1544E-05  -3.83347741E+02 +/-   6.37135260E-05   2.03009640E-03
    19     4.6416E-06  -3.83347749E+02 +/-   6.36118504E-05   2.02362222E-03
    20     1.0000E-06  -3.83347751E+02 +/-   6.35907126E-05   2.02227757E-03
    21     0.0000E+00  -3.83347751E+02 +/-   6.35849540E-05   2.02191132E-03
  ParMin   2.0826E-02  -3.83347929E+02 +/-   6.05385534E-05   1.83281005E-03
  # Using grid point #14
* Iteration # 1: E =  -3.833479289668E+02 +/-   6.050296203257E-05
* Convergence: exiting.
* After optimization:
  -1.9533E+00  -1.9388E+00  -1.9442E+00   4.4060E+00   4.4108E+00   7.2207E-01
  -1.5544E+01  -3.6560E+00  -3.6662E+00   7.9208E+00   7.7915E+00  -7.8781E+00
  -7.8774E+00  -3.9690E+00  -3.9704E+00  -7.8014E+00  -7.8053E+00   4.1412E+00
   4.1427E+00   7.7290E+00   3.8645E+00   3.8645E+00   3.8914E+00   3.8937E+00
   3.8910E+00   3.8929E+00  -2.2267E-02  -1.9497E+01   1.5179E+01  -3.3952E-01
  -2.8008E-01   7.9385E+01  -6.3798E+01   2.0329E+01  -1.6615E+01  -3.8582E+01
   3.0647E+01  -3.8545E+01   3.0747E+01   3.9716E+01  -3.1833E+01   2.0465E+01
  -1.6504E+01   3.9652E+01  -3.1879E+01  -1.9423E+01   1.5246E+01  -3.8466E+01
   3.0736E+01  -1.9231E+01   1.5369E+01  -1.9261E+01   1.5375E+01  -1.9261E+01
   1.5375E+01  -3.1730E-03   2.3542E-02  -7.2212E-02  -6.8991E-02   4.2595E-02
  -2.4855E-02   1.8950E-02
  > Energy =  -3.833479289668E+02 +/-   6.050296203257E-05
  > varE =   1.830655625765E-03

VMC #8:
* Size of Hilbert space =   6.3504E+04
* Deterministic energy evaluation:
  > Deterministic Etot/t = -383.34793879000188
    - Ttot/t = -23.365911151652547
    - Utot/t = 9.5323180388209572
* Number of equil. steps   = 1000
* Running VMC equilibration.
  Done. [total walltime: 0.03s]
* Equil. acc.ratio (%)     =  27.6735
* Sample config after equilibration:
  +---------+
  |  d   d  |
  |2   2   u|
  |0   u   d|
  |  u   0  |
  +---------+
* Number of accum. steps   = 1000192 x 10
* Running VMC accumulation.
    [walltime: 1m elapsed, 24.7s remaining]
  Done. [total walltime: 1m24s]
* Acceptance ratio (%)     =  27.6311
* Etot/t                   =  -3.833479236165E+02 +/-   4.351383915698E-05
  > Ttot/t                 =  -2.336587569407E+01 +/-   3.643867314469E-04
  > Utot/t                 =   9.532297754701E+00 +/-   3.623422244090E-04
* var[Eloc/t]              =   1.907748135331E-03 +/-   7.595270947082E-05
* Correlation length       =   9.926979910568E-01
* log10 Psi^2 range: -14.496645374801444 -- -6.5945727839704471
* log10 Pgen range : -14.496645374801444 -- -6.5945727839704471
* Site occupation (ave. no. electrons per config.):
  > Site_  ___eu____  ___ed____
      1        0.497      0.498
      2        0.501      0.500
      3        0.501      0.500
      4        0.497      0.497
      5        0.500      0.501
      6        0.500      0.499
      7        0.502      0.502
      8        0.500      0.500
      9        0.500      0.501
     10        0.501      0.502
* Pair-correlation analysis (ave. no. pairs per config.):
  > Shell  nsite  ___dh____  __eueu___  __eued___
      0      1        0          0          1.755
      1      1        0.843      0.719      2.475
      2      1        0.291      0.648      1.106
      3      1        0.163      0.296      0.554
      4      1        0.564      1.345      2.162
      5      1        0.121      1.025      0.968
      6      1        0.150      0.848      1.099
      7      1        0.306      1.799      2.117
      8      1        0.250      2.102      1.906
      9      1        0.251      2.119      1.905
     10      1        0.228      2.157      1.887
     11      1        0.116      0.979      1.023
     12      1        0.237      2.057      1.954
     13      1        0.062      0.481      0.519
     14      1        0.187      1.438      1.551
     15      1        0.121      1.029      0.980
     16      1        0.127      0.958      1.038

Optimization #8:
* Method          : lls
* Target function : energy
* No. of configs. : 500096
* No. of params.  : 62
* Before optimization:
  -1.9533E+00  -1.9388E+00  -1.9442E+00   4.4060E+00   4.4108E+00   7.2207E-01
  -1.5544E+01  -3.6560E+00  -3.6662E+00   7.9208E+00   7.7915E+00  -7.8781E+00
  -7.8774E+00  -3.9690E+00  -3.9704E+00  -7.8014E+00  -7.8053E+00   4.1412E+00
   4.1427E+00   7.7290E+00   3.8645E+00   3.8645E+00   3.8914E+00   3.8937E+00
   3.8910E+00   3.8929E+00  -2.2267E-02  -1.9497E+01   1.5179E+01  -3.3952E-01
  -2.8008E-01   7.9385E+01  -6.3798E+01   2.0329E+01  -1.6615E+01  -3.8582E+01
   3.0647E+01  -3.8545E+01   3.0747E+01   3.9716E+01  -3.1833E+01   2.0465E+01
  -1.6504E+01   3.9652E+01  -3.1879E+01  -1.9423E+01   1.5246E+01  -3.8466E+01
   3.0736E+01  -1.9231E+01   1.5369E+01  -1.9261E+01   1.5375E+01  -1.9261E+01
   1.5375E+01  -3.1730E-03   2.3542E-02  -7.2212E-02  -6.8991E-02   4.2595E-02
  -2.4855E-02   1.8950E-02
  > E    =  -3.833478729232E+02 +/-   6.250538275908E-05
  > varE =   1.953836501526E-03
* Computing derivatives.
    [walltime: 1m elapsed, 16m remaining]
  Done. [total walltime: 17m6s]
* Optimizing manipulation constant:
  #igrid a___________ E____________________________________ varE____________
     1     Infinity    -3.83347873E+02 +/-   6.25053828E-05   1.95383650E-03
     2     1.0000E+06  -3.83347873E+02 +/-   6.25053816E-05   1.95383643E-03
     3     2.1544E+05  -3.83347873E+02 +/-   6.25053774E-05   1.95383617E-03
     4     4.6416E+04  -3.83347873E+02 +/-   6.25053579E-05   1.95383495E-03
     5     1.0000E+04  -3.83347873E+02 +/-   6.25052673E-05   1.95382928E-03
     6     2.1544E+03  -3.83347873E+02 +/-   6.25048469E-05   1.95380300E-03
     7     4.6416E+02  -3.83347873E+02 +/-   6.25028995E-05   1.95368126E-03
     8     1.0000E+02  -3.83347873E+02 +/-   6.24939462E-05   1.95312158E-03
     9     2.1544E+01  -3.83347874E+02 +/-   6.24541466E-05   1.95063466E-03
    10     4.6416E+00  -3.83347877E+02 +/-   6.23006955E-05   1.94106094E-03
    11     1.0000E+00  -3.83347882E+02 +/-   6.19298393E-05   1.91802069E-03
    12     2.1544E-01  -3.83347880E+02 +/-   6.15634067E-05   1.89539037E-03
    13     4.6416E-02  -3.83347875E+02 +/-   6.14042391E-05   1.88560226E-03
    14     1.0000E-02  -3.83347873E+02 +/-   6.13249213E-05   1.88073402E-03
    15     2.1544E-03  -3.83347871E+02 +/-   6.11730659E-05   1.87143124E-03
    16     4.6416E-04  -3.83347863E+02 +/-   6.10187355E-05   1.86200048E-03
    17     1.0000E-04  -3.83347858E+02 +/-   6.09804357E-05   1.85966376E-03
    18     2.1544E-05  -3.83347857E+02 +/-   6.09731681E-05   1.85922052E-03
    19     4.6416E-06  -3.83347856E+02 +/-   6.09716707E-05   1.85912920E-03
    20     1.0000E-06  -3.83347856E+02 +/-   6.09713515E-05   1.85910973E-03
    21     0.0000E+00  -3.83347856E+02 +/-   6.09712641E-05   1.85910440E-03
  ParMin   5.9782E-01  -3.83347882E+02 +/-   6.17866031E-05   1.90915865E-03
  # Using parabolic minimum
* Iteration # 1: E =  -3.833478822874E+02 +/-   6.178660313566E-05
* Convergence: exiting.
* After optimization:
  -2.1146E+00  -2.0995E+00  -2.1054E+00   4.4397E+00   4.4450E+00   7.5146E-01
  -1.5535E+01  -3.6268E+00  -3.6372E+00   7.9546E+00   7.8241E+00  -7.8650E+00
  -7.8643E+00  -3.9485E+00  -3.9500E+00  -7.7835E+00  -7.7876E+00   4.1703E+00
   4.1719E+00   7.7529E+00   3.8770E+00   3.8773E+00   3.9113E+00   3.9130E+00
   3.9109E+00   3.9128E+00  -1.9322E-02  -1.9568E+01   1.5215E+01  -3.6643E-01
  -2.8173E-01   7.9367E+01  -6.3788E+01   2.0258E+01  -1.6574E+01  -3.8691E+01
   3.0722E+01  -3.8650E+01   3.0820E+01   3.9698E+01  -3.1829E+01   2.0402E+01
  -1.6462E+01   3.9630E+01  -3.1874E+01  -1.9488E+01   1.5282E+01  -3.8564E+01
   3.0811E+01  -1.9282E+01   1.5406E+01  -1.9318E+01   1.5413E+01  -1.9318E+01
   1.5413E+01  -6.3897E-03   2.2519E-02  -7.3404E-02  -6.9428E-02   4.2402E-02
  -2.5192E-02   1.2520E-02
  > Energy =  -3.833478822874E+02 +/-   6.178660313566E-05
  > varE =   1.909158651617E-03

VMC #9:
* Size of Hilbert space =   6.3504E+04
* Deterministic energy evaluation:
  > Deterministic Etot/t = -383.34793126087902
    - Ttot/t = -23.365885059882139
    - Utot/t = 9.5322994761734918
* Number of equil. steps   = 1000
* Running VMC equilibration.
  Done. [total walltime: 0.03s]
* Equil. acc.ratio (%)     =  27.7745
* Sample config after equilibration:
  +---------+
  |  d   u  |
  |u   0   d|
  |u   2   d|
  |  d   u  |
  +---------+
* Number of accum. steps   = 1000192 x 10
* Running VMC accumulation.
    [walltime: 1m elapsed, 24.1s remaining]
  Done. [total walltime: 1m23s]
* Acceptance ratio (%)     =  27.6941
* Etot/t                   =  -3.833478620746E+02 +/-   4.272845271021E-05
  > Ttot/t                 =  -2.336574971770E+01 +/-   3.692902901933E-04
  > Utot/t                 =   9.532233320345E+00 +/-   3.665918733232E-04
* var[Eloc/t]              =   1.838471738465E-03 +/-   2.012847613961E-05
* Correlation length       =   9.932549797595E-01
* log10 Psi^2 range: -13.613264183118613 -- -6.8143953855258195
* log10 Pgen range : -13.613264183118613 -- -6.8143953855258195
* Site occupation (ave. no. electrons per config.):
  > Site_  ___eu____  ___ed____
      1        0.497      0.498
      2        0.501      0.501
      3        0.501      0.501
      4        0.497      0.498
      5        0.500      0.499
      6        0.500      0.499
      7        0.501      0.503
      8        0.500      0.500
      9        0.501      0.500
     10        0.501      0.501
* Pair-correlation analysis (ave. no. pairs per config.):
  > Shell  nsite  ___dh____  __eueu___  __eued___
      0      1        0          0          1.752
      1      1        0.841      0.718      2.477
      2      1        0.290      0.647      1.106
      3      1        0.163      0.298      0.552
      4      1        0.562      1.345      2.164
      5      1        0.121      1.026      0.969
      6      1        0.149      0.849      1.100
      7      1        0.304      1.799      2.118
      8      1        0.249      2.099      1.908
      9      1        0.250      2.119      1.905
     10      1        0.227      2.158      1.885
     11      1        0.116      0.982      1.022
     12      1        0.236      2.055      1.955
     13      1        0.062      0.482      0.520
     14      1        0.186      1.437      1.551
     15      1        0.121      1.029      0.977
     16      1        0.126      0.957      1.039

Optimization #9:
* Method          : lls
* Target function : energy
* No. of configs. : 500096
* No. of params.  : 62
* Before optimization:
  -2.1146E+00  -2.0995E+00  -2.1054E+00   4.4397E+00   4.4450E+00   7.5146E-01
  -1.5535E+01  -3.6268E+00  -3.6372E+00   7.9546E+00   7.8241E+00  -7.8650E+00
  -7.8643E+00  -3.9485E+00  -3.9500E+00  -7.7835E+00  -7.7876E+00   4.1703E+00
   4.1719E+00   7.7529E+00   3.8770E+00   3.8773E+00   3.9113E+00   3.9130E+00
   3.9109E+00   3.9128E+00  -1.9322E-02  -1.9568E+01   1.5215E+01  -3.6643E-01
  -2.8173E-01   7.9367E+01  -6.3788E+01   2.0258E+01  -1.6574E+01  -3.8691E+01
   3.0722E+01  -3.8650E+01   3.0820E+01   3.9698E+01  -3.1829E+01   2.0402E+01
  -1.6462E+01   3.9630E+01  -3.1874E+01  -1.9488E+01   1.5282E+01  -3.8564E+01
   3.0811E+01  -1.9282E+01   1.5406E+01  -1.9318E+01   1.5413E+01  -1.9318E+01
   1.5413E+01  -6.3897E-03   2.2519E-02  -7.3404E-02  -6.9428E-02   4.2402E-02
  -2.5192E-02   1.2520E-02
  > E    =  -3.833477971665E+02 +/-   6.071033491214E-05
  > varE =   1.843226214069E-03
* Computing derivatives.
    [walltime: 1m elapsed, 16m15s remaining]
  Done. [total walltime: 17m6s]
* Optimizing manipulation constant:
  #igrid a___________ E____________________________________ varE____________
     1     Infinity    -3.83347797E+02 +/-   6.07103349E-05   1.84322621E-03
     2     1.0000E+06  -3.83347797E+02 +/-   6.07103349E-05   1.84322621E-03
     3     2.1544E+05  -3.83347797E+02 +/-   6.07103348E-05   1.84322621E-03
     4     4.6416E+04  -3.83347797E+02 +/-   6.07103346E-05   1.84322619E-03
     5     1.0000E+04  -3.83347797E+02 +/-   6.07103333E-05   1.84322611E-03
     6     2.1544E+03  -3.83347797E+02 +/-   6.07103273E-05   1.84322575E-03
     7     4.6416E+02  -3.83347797E+02 +/-   6.07103000E-05   1.84322409E-03
     8     1.0000E+02  -3.83347797E+02 +/-   6.07101800E-05   1.84321681E-03
     9     2.1544E+01  -3.83347798E+02 +/-   6.07097608E-05   1.84319136E-03
    10     4.6416E+00  -3.83347800E+02 +/-   6.07101117E-05   1.84321266E-03
    11     1.0000E+00  -3.83347804E+02 +/-   6.07301045E-05   1.84442686E-03
    12     2.1544E-01  -3.83347806E+02 +/-   6.08055066E-05   1.84900976E-03
    13     4.6416E-02  -3.83347806E+02 +/-   6.08686816E-05   1.85285388E-03
    14     1.0000E-02  -3.83347805E+02 +/-   6.08661298E-05   1.85269853E-03
    15     2.1544E-03  -3.83347803E+02 +/-   6.06391326E-05   1.83890520E-03
    16     4.6416E-04  -3.83347612E+02 +/-   6.15892673E-05   1.89698307E-03
    17     1.0000E-04  -3.83328169E+02 +/-   1.92021178E-04   1.84396062E-02
    18     2.1544E-05  -3.83345907E+02 +/-   8.57174583E-05   3.67444669E-03
    19     4.6416E-06  -3.83346361E+02 +/-   8.09076002E-05   3.27364830E-03
    20     1.0000E-06  -3.83346437E+02 +/-   8.00657160E-05   3.20587485E-03
    21     0.0000E+00  -3.83346457E+02 +/-   7.98444448E-05   3.18817970E-03
* Iteration # 1: E =  -3.833478061753E+02 +/-   6.080550662830E-05
* Convergence: exiting.
* After optimization:
  -1.9307E+00  -1.9169E+00  -1.9221E+00   4.4000E+00   4.4053E+00   7.2739E-01
  -1.5544E+01  -3.6644E+00  -3.6745E+00   7.9041E+00   7.7765E+00  -7.8777E+00
  -7.8767E+00  -3.9769E+00  -3.9786E+00  -7.8011E+00  -7.8053E+00   4.1360E+00
   4.1374E+00   7.7119E+00   3.8557E+00   3.8563E+00   3.8825E+00   3.8846E+00
   3.8826E+00   3.8839E+00  -2.3196E-02  -1.9455E+01   1.5142E+01  -3.4236E-01
  -2.8143E-01   7.9397E+01  -6.3808E+01   2.0378E+01  -1.6655E+01  -3.8496E+01
   3.0576E+01  -3.8457E+01   3.0674E+01   3.9720E+01  -3.1839E+01   2.0513E+01
  -1.6545E+01   3.9656E+01  -3.1883E+01  -1.9380E+01   1.5209E+01  -3.8376E+01
   3.0665E+01  -1.9187E+01   1.5333E+01  -1.9217E+01   1.5342E+01  -1.9217E+01
   1.5342E+01  -4.8824E-03   2.4236E-02  -7.3063E-02  -7.0575E-02   4.1825E-02
  -2.4391E-02   1.8595E-02
  > Energy =  -3.833478061753E+02 +/-   6.080550662830E-05
  > varE =   1.849009759887E-03

VMC #10:
* Size of Hilbert space =   6.3504E+04
* Deterministic energy evaluation:
  > Deterministic Etot/t = -383.34793885907754
    - Ttot/t = -23.365921617885597
    - Utot/t = 9.5323284359783482
* Number of equil. steps   = 1000
* Running VMC equilibration.
  Done. [total walltime: 0.03s]
* Equil. acc.ratio (%)     =  27.6886
* Sample config after equilibration:
  +---------+
  |  u   d  |
  |0   2   u|
  |2   0   d|
  |  d   u  |
  +---------+
* Number of accum. steps   = 1000192 x 10
* Running VMC accumulation.
    [walltime: 1m elapsed, 23.9s remaining]
  Done. [total walltime: 1m23s]
* Acceptance ratio (%)     =  27.6299
* Etot/t                   =  -3.833479805324E+02 +/-   4.592044626635E-05
  > Ttot/t                 =  -2.336618094908E+01 +/-   3.720468480000E-04
  > Utot/t                 =   9.532546093905E+00 +/-   3.717880626797E-04
* var[Eloc/t]              =   2.096764690541E-03 +/-   2.360448388299E-04
* Correlation length       =   1.005879325798E+00
* log10 Psi^2 range: -14.492149422048342 -- -6.6233734720006776
* log10 Pgen range : -14.492149422048342 -- -6.6233734720006776
* Site occupation (ave. no. electrons per config.):
  > Site_  ___eu____  ___ed____
      1        0.497      0.496
      2        0.502      0.500
      3        0.500      0.500
      4        0.497      0.499
      5        0.500      0.501
      6        0.500      0.501
      7        0.501      0.501
      8        0.501      0.500
      9        0.501      0.501
     10        0.502      0.501
* Pair-correlation analysis (ave. no. pairs per config.):
  > Shell  nsite  ___dh____  __eueu___  __eued___
      0      1        0          0          1.753
      1      1        0.842      0.718      2.477
      2      1        0.291      0.647      1.106
      3      1        0.162      0.297      0.554
      4      1        0.563      1.346      2.164
      5      1        0.121      1.025      0.968
      6      1        0.149      0.849      1.100
      7      1        0.304      1.800      2.117
      8      1        0.250      2.100      1.906
      9      1        0.251      2.118      1.904
     10      1        0.228      2.159      1.886
     11      1        0.116      0.980      1.023
     12      1        0.237      2.057      1.953
     13      1        0.062      0.480      0.518
     14      1        0.185      1.440      1.553
     15      1        0.121      1.029      0.977
     16      1        0.126      0.957      1.040

Optimization #10:
* Method          : lls
* Target function : energy
* No. of configs. : 500096
* No. of params.  : 62
* Before optimization:
  -1.9307E+00  -1.9169E+00  -1.9221E+00   4.4000E+00   4.4053E+00   7.2739E-01
  -1.5544E+01  -3.6644E+00  -3.6745E+00   7.9041E+00   7.7765E+00  -7.8777E+00
  -7.8767E+00  -3.9769E+00  -3.9786E+00  -7.8011E+00  -7.8053E+00   4.1360E+00
   4.1374E+00   7.7119E+00   3.8557E+00   3.8563E+00   3.8825E+00   3.8846E+00
   3.8826E+00   3.8839E+00  -2.3196E-02  -1.9455E+01   1.5142E+01  -3.4236E-01
  -2.8143E-01   7.9397E+01  -6.3808E+01   2.0378E+01  -1.6655E+01  -3.8496E+01
   3.0576E+01  -3.8457E+01   3.0674E+01   3.9720E+01  -3.1839E+01   2.0513E+01
  -1.6545E+01   3.9656E+01  -3.1883E+01  -1.9380E+01   1.5209E+01  -3.8376E+01
   3.0665E+01  -1.9187E+01   1.5333E+01  -1.9217E+01   1.5342E+01  -1.9217E+01
   1.5342E+01  -4.8824E-03   2.4236E-02  -7.3063E-02  -7.0575E-02   4.1825E-02
  -2.4391E-02   1.8595E-02
  > E    =  -3.833479815982E+02 +/-   6.810904438604E-05
  > varE =   2.319866292415E-03
* Computing derivatives.
    [walltime: 1m elapsed, 16m39s remaining]
  Done. [total walltime: 17m6s]
* Optimizing manipulation constant:
  #igrid a___________ E____________________________________ varE____________
     1     Infinity    -3.83347982E+02 +/-   6.81090444E-05   2.31986629E-03
     2     1.0000E+06  -3.83347982E+02 +/-   6.81090380E-05   2.31986585E-03
     3     2.1544E+05  -3.83347982E+02 +/-   6.81090145E-05   2.31986426E-03
     4     4.6416E+04  -3.83347982E+02 +/-   6.81089058E-05   2.31985685E-03
     5     1.0000E+04  -3.83347982E+02 +/-   6.81084012E-05   2.31982248E-03
     6     2.1544E+03  -3.83347982E+02 +/-   6.81060602E-05   2.31966301E-03
     7     4.6416E+02  -3.83347982E+02 +/-   6.80952162E-05   2.31892438E-03
     8     1.0000E+02  -3.83347984E+02 +/-   6.80453542E-05   2.31552961E-03
     9     2.1544E+01  -3.83347994E+02 +/-   6.78236641E-05   2.30046631E-03
    10     4.6416E+00  -3.83348028E+02 +/-   6.69705302E-05   2.24295653E-03
    11     1.0000E+00  -3.83348078E+02 +/-   6.49766506E-05   2.11138787E-03
    12     2.1544E-01  -3.83348044E+02 +/-   6.33494716E-05   2.00696304E-03
    13     4.6416E-02  -3.83347982E+02 +/-   6.29300555E-05   1.98047612E-03
    14     1.0000E-02  -3.83347955E+02 +/-   6.28771391E-05   1.97714685E-03
    15     2.1544E-03  -3.83347800E+02 +/-   6.36884065E-05   2.02849595E-03
    16     4.6416E-04  -3.83096454E+02 +/-   3.80184637E-04   7.22840548E-02
    17     1.0000E-04  -3.83346382E+02 +/-   7.27740453E-05   2.64853926E-03
    18     2.1544E-05  -3.83346891E+02 +/-   6.98102417E-05   2.43720278E-03
    19     4.6416E-06  -3.83346969E+02 +/-   6.93408512E-05   2.40453841E-03
    20     1.0000E-06  -3.83346985E+02 +/-   6.92456716E-05   2.39794183E-03
    21     0.0000E+00  -3.83346990E+02 +/-   6.92198839E-05   2.39615613E-03
  ParMin   7.8275E-01  -3.83348080E+02 +/-   6.46280974E-05   2.08879646E-03
  # Using parabolic minimum
* Iteration # 1: E =  -3.833480796971E+02 +/-   6.462809743974E-05
* Computing derivatives.
    [walltime: 1m elapsed, 16m45s remaining]
  Done. [total walltime: 17m16s]
* Optimizing manipulation constant:
  #igrid a___________ E____________________________________ varE____________
     1     Infinity    -3.83348080E+02 +/-   6.46280974E-05   2.08879646E-03
     2     1.0000E+06  -3.83348080E+02 +/-   6.46280955E-05   2.08879634E-03
     3     2.1544E+05  -3.83348080E+02 +/-   6.46280886E-05   2.08879589E-03
     4     4.6416E+04  -3.83348080E+02 +/-   6.46280563E-05   2.08879380E-03
     5     1.0000E+04  -3.83348080E+02 +/-   6.46279065E-05   2.08878412E-03
     6     2.1544E+03  -3.83348080E+02 +/-   6.46272115E-05   2.08873920E-03
     7     4.6416E+02  -3.83348080E+02 +/-   6.46239920E-05   2.08853109E-03
     8     1.0000E+02  -3.83348080E+02 +/-   6.46091826E-05   2.08757398E-03
     9     2.1544E+01  -3.83348080E+02 +/-   6.45432225E-05   2.08331370E-03
    10     4.6416E+00  -3.83348078E+02 +/-   6.42874780E-05   2.06683667E-03
    11     1.0000E+00  -3.83348061E+02 +/-   6.36740379E-05   2.02758077E-03
    12     2.1544E-01  -3.83348008E+02 +/-   6.31404682E-05   1.99374209E-03
    13     4.6416E-02  -3.83347966E+02 +/-   6.29892871E-05   1.98420604E-03
    14     1.0000E-02  -3.83347952E+02 +/-   6.29643190E-05   1.98263333E-03
    15     2.1544E-03  -3.83347948E+02 +/-   6.29599827E-05   1.98236025E-03
    16     4.6416E-04  -3.83347948E+02 +/-   6.29591134E-05   1.98230551E-03
    17     1.0000E-04  -3.83347947E+02 +/-   6.29589293E-05   1.98229392E-03
    18     2.1544E-05  -3.83347947E+02 +/-   6.29588898E-05   1.98229143E-03
    19     4.6416E-06  -3.83347947E+02 +/-   6.29588813E-05   1.98229090E-03
    20     1.0000E-06  -3.83347947E+02 +/-   6.29588795E-05   1.98229078E-03
    21     0.0000E+00  -3.83347947E+02 +/-   6.29588790E-05   1.98229075E-03
* Iteration # 2: E =  -3.833480797235E+02 +/-   6.454322245309E-05
* Convergence: exiting.
* After optimization:
  -2.2186E+00  -2.2040E+00  -2.2094E+00   4.4665E+00   4.4717E+00   7.8175E-01
  -1.5561E+01  -3.6210E+00  -3.6313E+00   7.9843E+00   7.8448E+00  -7.8714E+00
  -7.8704E+00  -3.9522E+00  -3.9538E+00  -7.7873E+00  -7.7917E+00   4.1964E+00
   4.1977E+00   7.7685E+00   3.8871E+00   3.8877E+00   3.9258E+00   3.9280E+00
   3.9263E+00   3.9277E+00  -1.9624E-02  -1.9610E+01   1.5234E+01  -3.8797E-01
  -2.8936E-01   7.9539E+01  -6.3934E+01   2.0304E+01  -1.6624E+01  -3.8766E+01
   3.0766E+01  -3.8718E+01   3.0867E+01   3.9779E+01  -3.1904E+01   2.0454E+01
  -1.6511E+01   3.9708E+01  -3.1950E+01  -1.9533E+01   1.5300E+01  -3.8631E+01
   3.0863E+01  -1.9316E+01   1.5430E+01  -1.9357E+01   1.5437E+01  -1.9356E+01
   1.5437E+01  -7.7259E-03   2.3979E-02  -6.6392E-02  -7.0564E-02   4.1524E-02
  -2.4356E-02   7.6735E-03
  > Energy =  -3.833480797235E+02 +/-   6.454322245309E-05
  > varE =   2.083313701760E-03

VMC #11:
* Size of Hilbert space =   6.3504E+04
* Deterministic energy evaluation:
  > Deterministic Etot/t = -383.34790693805292
    - Ttot/t = -23.365975903807826
    - Utot/t = 9.5324146429252412
* Number of equil. steps   = 1000
* Running VMC equilibration.
  Done. [total walltime: 0.02s]
* Equil. acc.ratio (%)     =  27.6860
* Sample config after equilibration:
  +---------+
  |  u   2  |
  |d   0   u|
  |d   2   d|
  |  u   0  |
  +---------+
* Number of accum. steps   = 1000192 x 10
* Running VMC accumulation.
    [walltime: 1m elapsed, 24.7s remaining]
  Done. [total walltime: 1m24s]
* Acceptance ratio (%)     =  27.7103
* Etot/t                   =  -3.833478612689E+02 +/-   4.348484691507E-05
  > Ttot/t                 =  -2.336608367315E+01 +/-   3.689931818916E-04
  > Utot/t                 =   9.532568081462E+00 +/-   3.667167858296E-04
* var[Eloc/t]              =   1.914306083088E-03 +/-   2.732086049218E-05
* Correlation length       =   9.879793972673E-01
* log10 Psi^2 range: -13.632204910168431 -- -7.0342641497887293
* log10 Pgen range : -13.632204910168431 -- -7.0342641497887293
* Site occupation (ave. no. electrons per config.):
  > Site_  ___eu____  ___ed____
      1        0.497      0.498
      2        0.502      0.501
      3        0.500      0.501
      4        0.498      0.497
      5        0.499      0.500
      6        0.500      0.499
      7        0.501      0.502
      8        0.500      0.500
      9        0.501      0.500
     10        0.502      0.501
* Pair-correlation analysis (ave. no. pairs per config.):
  > Shell  nsite  ___dh____  __eueu___  __eued___
      0      1        0          0          1.752
      1      1        0.841      0.720      2.475
      2      1        0.289      0.649      1.106
      3      1        0.163      0.298      0.554
      4      1        0.562      1.347      2.165
      5      1        0.121      1.024      0.969
      6      1        0.150      0.849      1.098
      7      1        0.303      1.802      2.119
      8      1        0.251      2.100      1.907
      9      1        0.252      2.118      1.905
     10      1        0.229      2.153      1.887
     11      1        0.117      0.981      1.021
     12      1        0.237      2.054      1.955
     13      1        0.061      0.481      0.518
     14      1        0.187      1.439      1.550
     15      1        0.121      1.028      0.978
     16      1        0.125      0.958      1.039

Optimization #11:
* Method          : lls
* Target function : energy
* No. of configs. : 500096
* No. of params.  : 62
* Before optimization:
  -2.2186E+00  -2.2040E+00  -2.2094E+00   4.4665E+00   4.4717E+00   7.8175E-01
  -1.5561E+01  -3.6210E+00  -3.6313E+00   7.9843E+00   7.8448E+00  -7.8714E+00
  -7.8704E+00  -3.9522E+00  -3.9538E+00  -7.7873E+00  -7.7917E+00   4.1964E+00
   4.1977E+00   7.7685E+00   3.8871E+00   3.8877E+00   3.9258E+00   3.9280E+00
   3.9263E+00   3.9277E+00  -1.9624E-02  -1.9610E+01   1.5234E+01  -3.8797E-01
  -2.8936E-01   7.9539E+01  -6.3934E+01   2.0304E+01  -1.6624E+01  -3.8766E+01
   3.0766E+01  -3.8718E+01   3.0867E+01   3.9779E+01  -3.1904E+01   2.0454E+01
  -1.6511E+01   3.9708E+01  -3.1950E+01  -1.9533E+01   1.5300E+01  -3.8631E+01
   3.0863E+01  -1.9316E+01   1.5430E+01  -1.9357E+01   1.5437E+01  -1.9356E+01
   1.5437E+01  -7.7259E-03   2.3979E-02  -6.6392E-02  -7.0564E-02   4.1524E-02
  -2.4356E-02   7.6735E-03
  > E    =  -3.833478900013E+02 +/-   6.199284627397E-05
  > varE =   1.921925433421E-03
* Computing derivatives.
    [walltime: 1m elapsed, 16m33s remaining]
  Done. [total walltime: 17m5s]
* Optimizing manipulation constant:
  #igrid a___________ E____________________________________ varE____________
     1     Infinity    -3.83347890E+02 +/-   6.19928463E-05   1.92192543E-03
     2     1.0000E+06  -3.83347890E+02 +/-   6.19928456E-05   1.92192539E-03
     3     2.1544E+05  -3.83347890E+02 +/-   6.19928433E-05   1.92192525E-03
     4     4.6416E+04  -3.83347890E+02 +/-   6.19928324E-05   1.92192457E-03
     5     1.0000E+04  -3.83347890E+02 +/-   6.19927820E-05   1.92192145E-03
     6     2.1544E+03  -3.83347890E+02 +/-   6.19925481E-05   1.92190695E-03
     7     4.6416E+02  -3.83347890E+02 +/-   6.19914646E-05   1.92183977E-03
     8     1.0000E+02  -3.83347891E+02 +/-   6.19864832E-05   1.92153091E-03
     9     2.1544E+01  -3.83347892E+02 +/-   6.19643408E-05   1.92015836E-03
    10     4.6416E+00  -3.83347899E+02 +/-   6.18788234E-05   1.91486198E-03
    11     1.0000E+00  -3.83347914E+02 +/-   6.16609737E-05   1.90140284E-03
    12     2.1544E-01  -3.83338010E+02 +/-   1.40953150E-04   9.93580253E-03
    13     4.6416E-02  -3.82174850E+02 +/-   9.12766374E-04   4.16651208E-01
    14     1.0000E-02  -3.83347667E+02 +/-   6.16009624E-05   1.89770357E-03
    15     2.1544E-03  -3.83338125E+02 +/-   1.15904252E-04   6.71818748E-03
    16     4.6416E-04  -3.83316787E+02 +/-   1.90636081E-04   1.81745466E-02
    17     1.0000E-04  -3.83303259E+02 +/-   2.25048853E-04   2.53283553E-02
    18     2.1544E-05  -3.83299228E+02 +/-   2.34219407E-04   2.74346316E-02
    19     4.6416E-06  -3.83298290E+02 +/-   2.36294848E-04   2.79229877E-02
    20     1.0000E-06  -3.83298084E+02 +/-   2.36746859E-04   2.80299184E-02
    21     0.0000E+00  -3.83298028E+02 +/-   2.36871282E-04   2.80593885E-02
  ParMin   2.1493E+00  -3.83347906E+02 +/-   6.17875716E-05   1.90921850E-03
  # Using grid point #11
* Iteration # 1: E =  -3.833479144550E+02 +/-   6.166097372389E-05
* Computing derivatives.
    [walltime: 1m elapsed, 16m44s remaining]
  Done. [total walltime: 17m13s]
* Optimizing manipulation constant:
  #igrid a___________ E____________________________________ varE____________
     1     Infinity    -3.83347914E+02 +/-   6.16609737E-05   1.90140284E-03
     2     1.0000E+06  -3.83347914E+02 +/-   6.16609736E-05   1.90140283E-03
     3     2.1544E+05  -3.83347914E+02 +/-   6.16609731E-05   1.90140280E-03
     4     4.6416E+04  -3.83347914E+02 +/-   6.16609710E-05   1.90140267E-03
     5     1.0000E+04  -3.83347914E+02 +/-   6.16609611E-05   1.90140206E-03
     6     2.1544E+03  -3.83347914E+02 +/-   6.16609151E-05   1.90139922E-03
     7     4.6416E+02  -3.83347914E+02 +/-   6.16607024E-05   1.90138611E-03
     8     1.0000E+02  -3.83347915E+02 +/-   6.16597301E-05   1.90132614E-03
     9     2.1544E+01  -3.83347915E+02 +/-   6.16555256E-05   1.90106685E-03
    10     4.6416E+00  -3.83347917E+02 +/-   6.16413247E-05   1.90019122E-03
    11     1.0000E+00  -3.83347921E+02 +/-   6.16266549E-05   1.89928689E-03
    12     2.1544E-01  -3.83347923E+02 +/-   6.16742383E-05   1.90222099E-03
    13     4.6416E-02  -3.83347922E+02 +/-   6.17424074E-05   1.90642840E-03
    14     1.0000E-02  -3.83347921E+02 +/-   6.17711288E-05   1.90820248E-03
    15     2.1544E-03  -3.83347921E+02 +/-   6.17786001E-05   1.90866411E-03
    16     4.6416E-04  -3.83347921E+02 +/-   6.17802825E-05   1.90876807E-03
    17     1.0000E-04  -3.83347921E+02 +/-   6.17806485E-05   1.90879068E-03
    18     2.1544E-05  -3.83347921E+02 +/-   6.17807275E-05   1.90879557E-03
    19     4.6416E-06  -3.83347921E+02 +/-   6.17807446E-05   1.90879662E-03
    20     1.0000E-06  -3.83347921E+02 +/-   6.17807482E-05   1.90879684E-03
    21     0.0000E+00  -3.83347921E+02 +/-   6.17807492E-05   1.90879691E-03
* Iteration # 2: E =  -3.833479232753E+02 +/-   6.167423830943E-05
* Convergence: exiting.
* After optimization:
  -1.5805E+00  -1.5654E+00  -1.5710E+00   4.5113E+00   4.5164E+00   7.1403E-01
  -1.6339E+01  -3.9460E+00  -3.9566E+00   8.1460E+00   8.0142E+00  -8.2793E+00
  -8.2786E+00  -4.2545E+00  -4.2569E+00  -8.2055E+00  -8.2102E+00   4.2497E+00
   4.2506E+00   7.9568E+00   3.9783E+00   3.9791E+00   4.0011E+00   4.0039E+00
   4.0026E+00   4.0044E+00  -2.3449E-02  -2.0057E+01   1.5634E+01  -3.2819E-01
  -2.8320E-01   8.3368E+01  -6.6985E+01   2.1755E+01  -1.7750E+01  -3.9724E+01
   3.1564E+01  -3.9684E+01   3.1663E+01   4.1711E+01  -3.3427E+01   2.1885E+01
  -1.7639E+01   4.1650E+01  -3.3473E+01  -1.9987E+01   1.5702E+01  -3.9610E+01
   3.1653E+01  -1.9804E+01   1.5827E+01  -1.9831E+01   1.5834E+01  -1.9831E+01
   1.5834E+01  -2.8851E-03   2.3937E-02  -6.9324E-02  -6.9702E-02   4.1952E-02
  -2.3106E-02   2.0945E-02
  > Energy =  -3.833479232753E+02 +/-   6.167423830943E-05
  > varE =   1.902220991845E-03

VMC #12:
* Size of Hilbert space =   6.3504E+04
* Deterministic energy evaluation:
  > Deterministic Etot/t = -383.34793705079119
    - Ttot/t = -23.366071986854649
    - Utot/t = 9.5324806132338029
* Number of equil. steps   = 1000
* Running VMC equilibration.
  Done. [total walltime: 0.03s]
* Equil. acc.ratio (%)     =  27.7445
* Sample config after equilibration:
  +---------+
  |  u   2  |
  |0   d   u|
  |d   u   0|
  |  2   d  |
  +---------+
* Number of accum. steps   = 1000192 x 10
* Running VMC accumulation.
    [walltime: 1m elapsed, 23.3s remaining]
  Done. [total walltime: 1m22s]
* Acceptance ratio (%)     =  27.5938
* Etot/t                   =  -3.833479257602E+02 +/-   4.322621777479E-05
  > Ttot/t                 =  -2.336559453575E+01 +/-   3.682745091439E-04
  > Utot/t                 =   9.532014452719E+00 +/-   3.663037574970E-04
* var[Eloc/t]              =   1.885801830513E-03 +/-   1.979470425318E-05
* Correlation length       =   9.910185821268E-01
* log10 Psi^2 range: -13.522471526900318 -- -6.5381987215461113
* log10 Pgen range : -13.522471526900318 -- -6.5381987215461113
* Site occupation (ave. no. electrons per config.):
  > Site_  ___eu____  ___ed____
      1        0.497      0.498
      2        0.502      0.503
      3        0.500      0.499
      4        0.497      0.498
      5        0.501      0.498
      6        0.501      0.500
      7        0.500      0.501
      8        0.500      0.500
      9        0.501      0.502
     10        0.501      0.501
* Pair-correlation analysis (ave. no. pairs per config.):
  > Shell  nsite  ___dh____  __eueu___  __eued___
      0      1        0          0          1.753
      1      1        0.842      0.717      2.476
      2      1        0.290      0.649      1.107
      3      1        0.163      0.297      0.554
      4      1        0.563      1.345      2.163
      5      1        0.121      1.023      0.967
      6      1        0.150      0.846      1.099
      7      1        0.305      1.800      2.120
      8      1        0.250      2.101      1.905
      9      1        0.250      2.121      1.907
     10      1        0.228      2.159      1.884
     11      1        0.115      0.980      1.021
     12      1        0.237      2.055      1.953
     13      1        0.062      0.478      0.516
     14      1        0.186      1.440      1.555
     15      1        0.121      1.031      0.979
     16      1        0.126      0.959      1.041

VDAGGER finished.
Total VDAGGER walltime: 8h4m

Run ended: Fri Oct 17 01:48:37 CEST 2025
