Run started: Mon 20 Oct 2025 10:58:34 PM CEST
Using VDAGGER_ARCH = intel23_fkfamd23_cluster
Running 1x128 MPI processes.

[LOG_CAT_SBGP] libnuma.so: cannot open shared object file: No such file or directory
[LOG_CAT_SBGP] Failed to dlopen libnuma.so. Fallback to GROUP_BY_SOCKET manual.
[LOG_CAT_SBGP] libnuma.so: cannot open shared object file: No such file or directory
[LOG_CAT_SBGP] Failed to dlopen libnuma.so. Fallback to GROUP_BY_SOCKET manual.
[LOG_CAT_SBGP] libnuma.so: cannot open shared object file: No such file or directory
[LOG_CAT_SBGP] Failed to dlopen libnuma.so. Fallback to GROUP_BY_SOCKET manual.
[LOG_CAT_SBGP] libnuma.so: cannot open shared object file: No such file or directory
[LOG_CAT_SBGP] Failed to dlopen libnuma.so. Fallback to GROUP_BY_SOCKET manual.
[LOG_CAT_SBGP] libnuma.so: cannot open shared object file: No such file or directory
[LOG_CAT_SBGP] Failed to dlopen libnuma.so. Fallback to GROUP_BY_SOCKET manual.
[LOG_CAT_SBGP] libnuma.so: cannot open shared object file: No such file or directory
[LOG_CAT_SBGP] libnuma.so: cannot open shared object file: No such file or directory
[LOG_CAT_SBGP] Failed to dlopen libnuma.so. Fallback to GROUP_BY_SOCKET manual.
[LOG_CAT_SBGP] libnuma.so: cannot open shared object file: No such file or directory
[LOG_CAT_SBGP] Failed to dlopen libnuma.so. Fallback to GROUP_BY_SOCKET manual.
[LOG_CAT_SBGP] libnuma.so: cannot open shared object file: No such file or directory
[LOG_CAT_SBGP] Failed to dlopen libnuma.so. Fallback to GROUP_BY_SOCKET manual.
[LOG_CAT_SBGP] libnuma.so: cannot open shared object file: No such file or directory
[LOG_CAT_SBGP] Failed to dlopen libnuma.so. Fallback to GROUP_BY_SOCKET manual.
[LOG_CAT_SBGP] libnuma.so: cannot open shared object file: No such file or directory
[LOG_CAT_SBGP] Failed to dlopen libnuma.so. Fallback to GROUP_BY_SOCKET manual.
[LOG_CAT_SBGP] libnuma.so: cannot open shared object file: No such file or directory
[LOG_CAT_SBGP] Failed to dlopen libnuma.so. Fallback to GROUP_BY_SOCKET manual.
[LOG_CAT_SBGP] libnuma.so: cannot open shared object file: No such file or directory
[LOG_CAT_SBGP] Failed to dlopen libnuma.so. Fallback to GROUP_BY_SOCKET manual.
[LOG_CAT_SBGP] libnuma.so: cannot open shared object file: No such file or directory
[LOG_CAT_SBGP] Failed to dlopen libnuma.so. Fallback to GROUP_BY_SOCKET manual.
[LOG_CAT_SBGP] libnuma.so: cannot open shared object file: No such file or directory
[LOG_CAT_SBGP] Failed to dlopen libnuma.so. Fallback to GROUP_BY_SOCKET manual.
[LOG_CAT_SBGP] libnuma.so: cannot open shared object file: No such file or directory
[LOG_CAT_SBGP] Failed to dlopen libnuma.so. Fallback to GROUP_BY_SOCKET manual.
[LOG_CAT_SBGP] libnuma.so: cannot open shared object file: No such file or directory
[LOG_CAT_SBGP] Failed to dlopen libnuma.so. Fallback to GROUP_BY_SOCKET manual.
[LOG_CAT_SBGP] libnuma.so: cannot open shared object file: No such file or directory
[LOG_CAT_SBGP] Failed to dlopen libnuma.so. Fallback to GROUP_BY_SOCKET manual.
[LOG_CAT_SBGP] libnuma.so: cannot open shared object file: No such file or directory
[LOG_CAT_SBGP] Failed to dlopen libnuma.so. Fallback to GROUP_BY_SOCKET manual.
[LOG_CAT_SBGP] libnuma.so: cannot open shared object file: No such file or directory
[LOG_CAT_SBGP] Failed to dlopen libnuma.so. Fallback to GROUP_BY_SOCKET manual.
[LOG_CAT_SBGP] libnuma.so: cannot open shared object file: No such file or directory
[LOG_CAT_SBGP] Failed to dlopen libnuma.so. Fallback to GROUP_BY_SOCKET manual.
[LOG_CAT_SBGP] libnuma.so: cannot open shared object file: No such file or directory
[LOG_CAT_SBGP] Failed to dlopen libnuma.so. Fallback to GROUP_BY_SOCKET manual.
[LOG_CAT_SBGP] libnuma.so: cannot open shared object file: No such file or directory
[LOG_CAT_SBGP] Failed to dlopen libnuma.so. Fallback to GROUP_BY_SOCKET manual.
[LOG_CAT_SBGP] libnuma.so: cannot open shared object file: No such file or directory
[LOG_CAT_SBGP] Failed to dlopen libnuma.so. Fallback to GROUP_BY_SOCKET manual.
[LOG_CAT_SBGP] libnuma.so: cannot open shared object file: No such file or directory
[LOG_CAT_SBGP] Failed to dlopen libnuma.so. Fallback to GROUP_BY_SOCKET manual.
[LOG_CAT_SBGP] libnuma.so: cannot open shared object file: No such file or directory
[LOG_CAT_SBGP] Failed to dlopen libnuma.so. Fallback to GROUP_BY_SOCKET manual.
[LOG_CAT_SBGP] libnuma.so: cannot open shared object file: No such file or directory
[LOG_CAT_SBGP] Failed to dlopen libnuma.so. Fallback to GROUP_BY_SOCKET manual.
[LOG_CAT_SBGP] libnuma.so: cannot open shared object file: No such file or directory
[LOG_CAT_SBGP] Failed to dlopen libnuma.so. Fallback to GROUP_BY_SOCKET manual.
[LOG_CAT_SBGP] libnuma.so: cannot open shared object file: No such file or directory
[LOG_CAT_SBGP] Failed to dlopen libnuma.so. Fallback to GROUP_BY_SOCKET manual.
[LOG_CAT_SBGP] libnuma.so: cannot open shared object file: No such file or directory
[LOG_CAT_SBGP] Failed to dlopen libnuma.so. Fallback to GROUP_BY_SOCKET manual.
[LOG_CAT_SBGP] libnuma.so: cannot open shared object file: No such file or directory
[LOG_CAT_SBGP] Failed to dlopen libnuma.so. Fallback to GROUP_BY_SOCKET manual.
[LOG_CAT_SBGP] libnuma.so: cannot open shared object file: No such file or directory
[LOG_CAT_SBGP] Failed to dlopen libnuma.so. Fallback to GROUP_BY_SOCKET manual.
[LOG_CAT_SBGP] libnuma.so: cannot open shared object file: No such file or directory
[LOG_CAT_SBGP] Failed to dlopen libnuma.so. Fallback to GROUP_BY_SOCKET manual.
[LOG_CAT_SBGP] libnuma.so: cannot open shared object file: No such file or directory
[LOG_CAT_SBGP] Failed to dlopen libnuma.so. Fallback to GROUP_BY_SOCKET manual.
[LOG_CAT_SBGP] libnuma.so: cannot open shared object file: No such file or directory
[LOG_CAT_SBGP] Failed to dlopen libnuma.so. Fallback to GROUP_BY_SOCKET manual.
[LOG_CAT_SBGP] libnuma.so: cannot open shared object file: No such file or directory
[LOG_CAT_SBGP] Failed to dlopen libnuma.so. Fallback to GROUP_BY_SOCKET manual.
[LOG_CAT_SBGP] libnuma.so: cannot open shared object file: No such file or directory
[LOG_CAT_SBGP] Failed to dlopen libnuma.so. Fallback to GROUP_BY_SOCKET manual.
[LOG_CAT_SBGP] libnuma.so: cannot open shared object file: No such file or directory
[LOG_CAT_SBGP] Failed to dlopen libnuma.so. Fallback to GROUP_BY_SOCKET manual.
[LOG_CAT_SBGP] libnuma.so: cannot open shared object file: No such file or directory
[LOG_CAT_SBGP] Failed to dlopen libnuma.so. Fallback to GROUP_BY_SOCKET manual.
[LOG_CAT_SBGP] libnuma.so: cannot open shared object file: No such file or directory
[LOG_CAT_SBGP] Failed to dlopen libnuma.so. Fallback to GROUP_BY_SOCKET manual.
[LOG_CAT_SBGP] libnuma.so: cannot open shared object file: No such file or directory
[LOG_CAT_SBGP] Failed to dlopen libnuma.so. Fallback to GROUP_BY_SOCKET manual.
[LOG_CAT_SBGP] libnuma.so: cannot open shared object file: No such file or directory
[LOG_CAT_SBGP] Failed to dlopen libnuma.so. Fallback to GROUP_BY_SOCKET manual.
[LOG_CAT_SBGP] libnuma.so: cannot open shared object file: No such file or directory
[LOG_CAT_SBGP] Failed to dlopen libnuma.so. Fallback to GROUP_BY_SOCKET manual.
[LOG_CAT_SBGP] libnuma.so: cannot open shared object file: No such file or directory
[LOG_CAT_SBGP] Failed to dlopen libnuma.so. Fallback to GROUP_BY_SOCKET manual.
[LOG_CAT_SBGP] libnuma.so: cannot open shared object file: No such file or directory
[LOG_CAT_SBGP] Failed to dlopen libnuma.so. Fallback to GROUP_BY_SOCKET manual.
[LOG_CAT_SBGP] libnuma.so: cannot open shared object file: No such file or directory
[LOG_CAT_SBGP] Failed to dlopen libnuma.so. Fallback to GROUP_BY_SOCKET manual.
[LOG_CAT_SBGP] libnuma.so: cannot open shared object file: No such file or directory
[LOG_CAT_SBGP] Failed to dlopen libnuma.so. Fallback to GROUP_BY_SOCKET manual.
[LOG_CAT_SBGP] libnuma.so: cannot open shared object file: No such file or directory
[LOG_CAT_SBGP] Failed to dlopen libnuma.so. Fallback to GROUP_BY_SOCKET manual.
[LOG_CAT_SBGP] libnuma.so: cannot open shared object file: No such file or directory
[LOG_CAT_SBGP] Failed to dlopen libnuma.so. Fallback to GROUP_BY_SOCKET manual.
[LOG_CAT_SBGP] libnuma.so: cannot open shared object file: No such file or directory
[LOG_CAT_SBGP] Failed to dlopen libnuma.so. Fallback to GROUP_BY_SOCKET manual.
[LOG_CAT_SBGP] libnuma.so: cannot open shared object file: No such file or directory
[LOG_CAT_SBGP] Failed to dlopen libnuma.so. Fallback to GROUP_BY_SOCKET manual.
[LOG_CAT_SBGP] libnuma.so: cannot open shared object file: No such file or directory
[LOG_CAT_SBGP] Failed to dlopen libnuma.so. Fallback to GROUP_BY_SOCKET manual.
[LOG_CAT_SBGP] libnuma.so: cannot open shared object file: No such file or directory
[LOG_CAT_SBGP] Failed to dlopen libnuma.so. Fallback to GROUP_BY_SOCKET manual.
[LOG_CAT_SBGP] libnuma.so: cannot open shared object file: No such file or directory
[LOG_CAT_SBGP] Failed to dlopen libnuma.so. Fallback to GROUP_BY_SOCKET manual.
[LOG_CAT_SBGP] libnuma.so: cannot open shared object file: No such file or directory
[LOG_CAT_SBGP] Failed to dlopen libnuma.so. Fallback to GROUP_BY_SOCKET manual.
[LOG_CAT_SBGP] libnuma.so: cannot open shared object file: No such file or directory
[LOG_CAT_SBGP] Failed to dlopen libnuma.so. Fallback to GROUP_BY_SOCKET manual.
[LOG_CAT_SBGP] libnuma.so: cannot open shared object file: No such file or directory
[LOG_CAT_SBGP] Failed to dlopen libnuma.so. Fallback to GROUP_BY_SOCKET manual.
[LOG_CAT_SBGP] libnuma.so: cannot open shared object file: No such file or directory
[LOG_CAT_SBGP] Failed to dlopen libnuma.so. Fallback to GROUP_BY_SOCKET manual.
[LOG_CAT_SBGP] libnuma.so: cannot open shared object file: No such file or directory
[LOG_CAT_SBGP] Failed to dlopen libnuma.so. Fallback to GROUP_BY_SOCKET manual.
[LOG_CAT_SBGP] libnuma.so: cannot open shared object file: No such file or directory
[LOG_CAT_SBGP] Failed to dlopen libnuma.so. Fallback to GROUP_BY_SOCKET manual.
[LOG_CAT_SBGP] libnuma.so: cannot open shared object file: No such file or directory
[LOG_CAT_SBGP] Failed to dlopen libnuma.so. Fallback to GROUP_BY_SOCKET manual.
[LOG_CAT_SBGP] libnuma.so: cannot open shared object file: No such file or directory
[LOG_CAT_SBGP] Failed to dlopen libnuma.so. Fallback to GROUP_BY_SOCKET manual.
[LOG_CAT_SBGP] libnuma.so: cannot open shared object file: No such file or directory
[LOG_CAT_SBGP] Failed to dlopen libnuma.so. Fallback to GROUP_BY_SOCKET manual.
[LOG_CAT_SBGP] libnuma.so: cannot open shared object file: No such file or directory
[LOG_CAT_SBGP] Failed to dlopen libnuma.so. Fallback to GROUP_BY_SOCKET manual.
[LOG_CAT_SBGP] libnuma.so: cannot open shared object file: No such file or directory
[LOG_CAT_SBGP] Failed to dlopen libnuma.so. Fallback to GROUP_BY_SOCKET manual.
[LOG_CAT_SBGP] libnuma.so: cannot open shared object file: No such file or directory
[LOG_CAT_SBGP] Failed to dlopen libnuma.so. Fallback to GROUP_BY_SOCKET manual.
[LOG_CAT_SBGP] libnuma.so: cannot open shared object file: No such file or directory
[LOG_CAT_SBGP] Failed to dlopen libnuma.so. Fallback to GROUP_BY_SOCKET manual.
[LOG_CAT_SBGP] libnuma.so: cannot open shared object file: No such file or directory
[LOG_CAT_SBGP] Failed to dlopen libnuma.so. Fallback to GROUP_BY_SOCKET manual.
[LOG_CAT_SBGP] libnuma.so: cannot open shared object file: No such file or directory
[LOG_CAT_SBGP] Failed to dlopen libnuma.so. Fallback to GROUP_BY_SOCKET manual.
[LOG_CAT_SBGP] libnuma.so: cannot open shared object file: No such file or directory
[LOG_CAT_SBGP] Failed to dlopen libnuma.so. Fallback to GROUP_BY_SOCKET manual.
[LOG_CAT_SBGP] libnuma.so: cannot open shared object file: No such file or directory
[LOG_CAT_SBGP] Failed to dlopen libnuma.so. Fallback to GROUP_BY_SOCKET manual.
[LOG_CAT_SBGP] libnuma.so: cannot open shared object file: No such file or directory
[LOG_CAT_SBGP] Failed to dlopen libnuma.so. Fallback to GROUP_BY_SOCKET manual.
[LOG_CAT_SBGP] libnuma.so: cannot open shared object file: No such file or directory
[LOG_CAT_SBGP] Failed to dlopen libnuma.so. Fallback to GROUP_BY_SOCKET manual.
[LOG_CAT_SBGP] libnuma.so: cannot open shared object file: No such file or directory
[LOG_CAT_SBGP] Failed to dlopen libnuma.so. Fallback to GROUP_BY_SOCKET manual.
[LOG_CAT_SBGP] libnuma.so: cannot open shared object file: No such file or directory
[LOG_CAT_SBGP] Failed to dlopen libnuma.so. Fallback to GROUP_BY_SOCKET manual.
[LOG_CAT_SBGP] libnuma.so: cannot open shared object file: No such file or directory
[LOG_CAT_SBGP] Failed to dlopen libnuma.so. Fallback to GROUP_BY_SOCKET manual.
[LOG_CAT_SBGP] libnuma.so: cannot open shared object file: No such file or directory
[LOG_CAT_SBGP] Failed to dlopen libnuma.so. Fallback to GROUP_BY_SOCKET manual.
[LOG_CAT_SBGP] libnuma.so: cannot open shared object file: No such file or directory
[LOG_CAT_SBGP] Failed to dlopen libnuma.so. Fallback to GROUP_BY_SOCKET manual.
[LOG_CAT_SBGP] libnuma.so: cannot open shared object file: No such file or directory
[LOG_CAT_SBGP] Failed to dlopen libnuma.so. Fallback to GROUP_BY_SOCKET manual.
[LOG_CAT_SBGP] libnuma.so: cannot open shared object file: No such file or directory
[LOG_CAT_SBGP] Failed to dlopen libnuma.so. Fallback to GROUP_BY_SOCKET manual.
[LOG_CAT_SBGP] libnuma.so: cannot open shared object file: No such file or directory
[LOG_CAT_SBGP] Failed to dlopen libnuma.so. Fallback to GROUP_BY_SOCKET manual.
[LOG_CAT_SBGP] libnuma.so: cannot open shared object file: No such file or directory
[LOG_CAT_SBGP] Failed to dlopen libnuma.so. Fallback to GROUP_BY_SOCKET manual.
[LOG_CAT_SBGP] libnuma.so: cannot open shared object file: No such file or directory
[LOG_CAT_SBGP] Failed to dlopen libnuma.so. Fallback to GROUP_BY_SOCKET manual.
[LOG_CAT_SBGP] libnuma.so: cannot open shared object file: No such file or directory
[LOG_CAT_SBGP] Failed to dlopen libnuma.so. Fallback to GROUP_BY_SOCKET manual.
[LOG_CAT_SBGP] libnuma.so: cannot open shared object file: No such file or directory
[LOG_CAT_SBGP] Failed to dlopen libnuma.so. Fallback to GROUP_BY_SOCKET manual.
[LOG_CAT_SBGP] libnuma.so: cannot open shared object file: No such file or directory
[LOG_CAT_SBGP] Failed to dlopen libnuma.so. Fallback to GROUP_BY_SOCKET manual.
[LOG_CAT_SBGP] libnuma.so: cannot open shared object file: No such file or directory
[LOG_CAT_SBGP] Failed to dlopen libnuma.so. Fallback to GROUP_BY_SOCKET manual.
[LOG_CAT_SBGP] libnuma.so: cannot open shared object file: No such file or directory
[LOG_CAT_SBGP] Failed to dlopen libnuma.so. Fallback to GROUP_BY_SOCKET manual.
[LOG_CAT_SBGP] libnuma.so: cannot open shared object file: No such file or directory
[LOG_CAT_SBGP] Failed to dlopen libnuma.so. Fallback to GROUP_BY_SOCKET manual.
[LOG_CAT_SBGP] libnuma.so: cannot open shared object file: No such file or directory
[LOG_CAT_SBGP] Failed to dlopen libnuma.so. Fallback to GROUP_BY_SOCKET manual.
[LOG_CAT_SBGP] libnuma.so: cannot open shared object file: No such file or directory
[LOG_CAT_SBGP] Failed to dlopen libnuma.so. Fallback to GROUP_BY_SOCKET manual.
[LOG_CAT_SBGP] libnuma.so: cannot open shared object file: No such file or directory
[LOG_CAT_SBGP] Failed to dlopen libnuma.so. Fallback to GROUP_BY_SOCKET manual.
[LOG_CAT_SBGP] libnuma.so: cannot open shared object file: No such file or directory
[LOG_CAT_SBGP] Failed to dlopen libnuma.so. Fallback to GROUP_BY_SOCKET manual.
[LOG_CAT_SBGP] libnuma.so: cannot open shared object file: No such file or directory
[LOG_CAT_SBGP] Failed to dlopen libnuma.so. Fallback to GROUP_BY_SOCKET manual.
[LOG_CAT_SBGP] libnuma.so: cannot open shared object file: No such file or directory
[LOG_CAT_SBGP] Failed to dlopen libnuma.so. Fallback to GROUP_BY_SOCKET manual.
[LOG_CAT_SBGP] libnuma.so: cannot open shared object file: No such file or directory
[LOG_CAT_SBGP] Failed to dlopen libnuma.so. Fallback to GROUP_BY_SOCKET manual.
[LOG_CAT_SBGP] libnuma.so: cannot open shared object file: No such file or directory
[LOG_CAT_SBGP] Failed to dlopen libnuma.so. Fallback to GROUP_BY_SOCKET manual.
[LOG_CAT_SBGP] libnuma.so: cannot open shared object file: No such file or directory
[LOG_CAT_SBGP] Failed to dlopen libnuma.so. Fallback to GROUP_BY_SOCKET manual.
[LOG_CAT_SBGP] libnuma.so: cannot open shared object file: No such file or directory
[LOG_CAT_SBGP] Failed to dlopen libnuma.so. Fallback to GROUP_BY_SOCKET manual.
[LOG_CAT_SBGP] libnuma.so: cannot open shared object file: No such file or directory
[LOG_CAT_SBGP] Failed to dlopen libnuma.so. Fallback to GROUP_BY_SOCKET manual.
[LOG_CAT_SBGP] libnuma.so: cannot open shared object file: No such file or directory
[LOG_CAT_SBGP] Failed to dlopen libnuma.so. Fallback to GROUP_BY_SOCKET manual.
[LOG_CAT_SBGP] libnuma.so: cannot open shared object file: No such file or directory
[LOG_CAT_SBGP] Failed to dlopen libnuma.so. Fallback to GROUP_BY_SOCKET manual.
[LOG_CAT_SBGP] libnuma.so: cannot open shared object file: No such file or directory
[LOG_CAT_SBGP] Failed to dlopen libnuma.so. Fallback to GROUP_BY_SOCKET manual.
[LOG_CAT_SBGP] libnuma.so: cannot open shared object file: No such file or directory
[LOG_CAT_SBGP] Failed to dlopen libnuma.so. Fallback to GROUP_BY_SOCKET manual.
[LOG_CAT_SBGP] libnuma.so: cannot open shared object file: No such file or directory
[LOG_CAT_SBGP] Failed to dlopen libnuma.so. Fallback to GROUP_BY_SOCKET manual.
[LOG_CAT_SBGP] libnuma.so: cannot open shared object file: No such file or directory
[LOG_CAT_SBGP] Failed to dlopen libnuma.so. Fallback to GROUP_BY_SOCKET manual.
[LOG_CAT_SBGP] libnuma.so: cannot open shared object file: No such file or directory
[LOG_CAT_SBGP] Failed to dlopen libnuma.so. Fallback to GROUP_BY_SOCKET manual.
[LOG_CAT_SBGP] libnuma.so: cannot open shared object file: No such file or directory
[LOG_CAT_SBGP] Failed to dlopen libnuma.so. Fallback to GROUP_BY_SOCKET manual.
[LOG_CAT_SBGP] libnuma.so: cannot open shared object file: No such file or directory
[LOG_CAT_SBGP] Failed to dlopen libnuma.so. Fallback to GROUP_BY_SOCKET manual.
[LOG_CAT_SBGP] libnuma.so: cannot open shared object file: No such file or directory
[LOG_CAT_SBGP] Failed to dlopen libnuma.so. Fallback to GROUP_BY_SOCKET manual.
[LOG_CAT_SBGP] libnuma.so: cannot open shared object file: No such file or directory
[LOG_CAT_SBGP] Failed to dlopen libnuma.so. Fallback to GROUP_BY_SOCKET manual.
[LOG_CAT_SBGP] libnuma.so: cannot open shared object file: No such file or directory
[LOG_CAT_SBGP] Failed to dlopen libnuma.so. Fallback to GROUP_BY_SOCKET manual.
[LOG_CAT_SBGP] libnuma.so: cannot open shared object file: No such file or directory
[LOG_CAT_SBGP] Failed to dlopen libnuma.so. Fallback to GROUP_BY_SOCKET manual.
[LOG_CAT_SBGP] libnuma.so: cannot open shared object file: No such file or directory
[LOG_CAT_SBGP] Failed to dlopen libnuma.so. Fallback to GROUP_BY_SOCKET manual.
[LOG_CAT_SBGP] libnuma.so: cannot open shared object file: No such file or directory
[LOG_CAT_SBGP] Failed to dlopen libnuma.so. Fallback to GROUP_BY_SOCKET manual.
[LOG_CAT_SBGP] libnuma.so: cannot open shared object file: No such file or directory
[LOG_CAT_SBGP] Failed to dlopen libnuma.so. Fallback to GROUP_BY_SOCKET manual.
[LOG_CAT_SBGP] libnuma.so: cannot open shared object file: No such file or directory
[LOG_CAT_SBGP] Failed to dlopen libnuma.so. Fallback to GROUP_BY_SOCKET manual.
[LOG_CAT_SBGP] libnuma.so: cannot open shared object file: No such file or directory
[LOG_CAT_SBGP] Failed to dlopen libnuma.so. Fallback to GROUP_BY_SOCKET manual.
[LOG_CAT_SBGP] libnuma.so: cannot open shared object file: No such file or directory
[LOG_CAT_SBGP] Failed to dlopen libnuma.so. Fallback to GROUP_BY_SOCKET manual.
[LOG_CAT_SBGP] libnuma.so: cannot open shared object file: No such file or directory
[LOG_CAT_SBGP] Failed to dlopen libnuma.so. Fallback to GROUP_BY_SOCKET manual.
[LOG_CAT_SBGP] libnuma.so: cannot open shared object file: No such file or directory
[LOG_CAT_SBGP] Failed to dlopen libnuma.so. Fallback to GROUP_BY_SOCKET manual.
[LOG_CAT_SBGP] libnuma.so: cannot open shared object file: No such file or directory
[LOG_CAT_SBGP] Failed to dlopen libnuma.so. Fallback to GROUP_BY_SOCKET manual.
[LOG_CAT_SBGP] libnuma.so: cannot open shared object file: No such file or directory
[LOG_CAT_SBGP] Failed to dlopen libnuma.so. Fallback to GROUP_BY_SOCKET manual.
[LOG_CAT_SBGP] libnuma.so: cannot open shared object file: No such file or directory
[LOG_CAT_SBGP] Failed to dlopen libnuma.so. Fallback to GROUP_BY_SOCKET manual.
[LOG_CAT_SBGP] libnuma.so: cannot open shared object file: No such file or directory
[LOG_CAT_SBGP] Failed to dlopen libnuma.so. Fallback to GROUP_BY_SOCKET manual.
[LOG_CAT_SBGP] libnuma.so: cannot open shared object file: No such file or directory
[LOG_CAT_SBGP] Failed to dlopen libnuma.so. Fallback to GROUP_BY_SOCKET manual.
[LOG_CAT_SBGP] libnuma.so: cannot open shared object file: No such file or directory
[LOG_CAT_SBGP] Failed to dlopen libnuma.so. Fallback to GROUP_BY_SOCKET manual.
[LOG_CAT_SBGP] libnuma.so: cannot open shared object file: No such file or directory
[LOG_CAT_SBGP] Failed to dlopen libnuma.so. Fallback to GROUP_BY_SOCKET manual.
[LOG_CAT_SBGP] Failed to dlopen libnuma.so. Fallback to GROUP_BY_SOCKET manual.
                               xx
                              +##
                               #X
                               Xx
                          X##XxXxxX##x
                           +   Xx  ++
                               ##
                              +##
                              +##
     ++++         ++          +##
   xX+++##+      ####         +##
  Xx    ###      +X##          ##
 xX    X##+        ##          #X
 +    x##X         #x          #X
      ###         +#           x+
     X##+         #+
     ###         Xx                    _______
     ##X       +X+   __________________VDAGGER
     +##x    +xX     2nd quantized variational
       +xxxxx+       ______quantum Monte Carlo

* Running 128 MPI processes.
* Input file: "input.casl"

############# Start of input file dump #############
General:
  Random seed: timer

Plan:
  VMC-optimization:
    Minimum cycles: 10
    Convergence cycles: 5

System:
  Read Hamiltonian: FCIDUMP_loc_benzene
  Read orbitals: LTSC_benzene
  Complex orbitals: F
  Geometry:
    r_5: [ 0.00000000000000, 2.63994739601739 ]
    r_4: [ 2.28626150960564, 1.31997369800870 ]
    r_6: [ 2.28626150960564, -1.31997369800870 ]
    r_2: [ 0.00000000000000, -2.63994739601739 ]
    r_3: [ -2.28626150960564, -1.31997369800870 ]
    r_1: [ -2.28626150960564, 1.31997369800870 ]

VMC:
  nstep: 500000
  nconfig: 50000

Jastrow: wfn.casl

Backflow: wfn.casl

Multideterminants: wfn.casl
############## End of input file dump ##############

General setup:
* Random seed: 603205328 (from timer)

* Loaded integrals for system with nelec=6, ms2=0, norb=6
* INFO: setting number of electrons from integrals file.
* Analysis of Hamiltonian connecitivity performed:
  - T_ii (local, 1-site): 6 (i) values
  - U_iiii [opp] (local, 1-site): 6 (i) values
  - U_kkii [opp] (local, 2-site): 30 contribs. from 6 (i) values
  - U_kkii [par] (local, 2-site): 15 contribs. from 5 (i) values
  - T_ji (single, 2-site): 30 contribs. from 6 (i) values
  - U_kkji [opp] (single, 2/3-site): 180 contribs. from 30 (i,j) pairs
  - U_kkji [par] (single, 3-site): 150 contribs. from 30 (i,j) pairs
  - U_lkji [opp] (double, 2/3/4-site): 900 contribs. from 30 (i,j) pairs
  - U_lkji [par] (double, 4-site): 170 contribs. from 20 (i,j) pairs
  - Max. no. wfn. ratios in Eloc: 255
* Reading override orbitals from file "LTSC_benzene".
* Site labels:
  +-----+
  |  5  |
  |1   4|
  |3   6|
  |  2  |
  +-----+
* Automatically set Site kinds:
  [ 1, 1, 1, 1, 1, 1 ]
  +-----+
  |  1  |
  |1   1|
  |1   1|
  |  1  |
  +-----+
* Maximum Site kind: 1
* Number of site-pair kinds with Tij=0: 0
* Automatically set Site pair kinds:
  Site 1: [ 0, 4, 1, -5, -1, -2 ]
  Site 2: [ 4, 0, 1, -4, -3, -1 ]
  Site 3: [ 1, 1, 0, -2, -4, -5 ]
  Site 4: [ -5, -4, -2, 0, 1, 1 ]
  Site 5: [ -1, -3, -4, 1, 0, 4 ]
  Site 6: [ -2, -1, -5, 1, 4, 0 ]
  For site 1 of kind 1:
  +--------+
  |   -1   |
  | 0    -5|
  | 1    -2|
  |    4   |
  +--------+
* Maximum (unsigned) Site pair kind: 5
General system setup:
* Number of sites       : 6
* Number of electrons   : 6
* Spin imbalance MS2    : 0
* Filling               : 0.500000
* Number of orbitals in pool: 6
* Using real-valued orbitals
* Using double-precision arithmetic for orbitals

Trial wave function setup:
* Jastrow parameter file: "wfn.casl"
* Multideterminant parameter file: "wfn.casl"
* Backflow parameter file: "wfn.casl"
* Not using wave function manipulation

VMC #1:
* Size of Hilbert space =   4.0000E+02
* Deterministic energy evaluation:
  > Deterministic Etot/t = -230.7002740952634
    - Ttot/t = -10.36270787741656
    - Utot/t = 3.904925636300969
* Number of equil. steps   = 1000
* Running VMC equilibration.
  Done. [total walltime: 0.15s]
* Equil. acc.ratio (%)     =  43.2783
* Sample config after equilibration:
  +-----+
  |  2  |
  |u   d|
  |d   0|
  |  u  |
  +-----+
* Number of accum. steps   = 500480 x 10
* Running VMC accumulation.
  Done. [total walltime: 15.0s]
* Acceptance ratio (%)     =  43.5406
* Etot/t                   =  -2.307002723864E+02 +/-   2.694388888798E-06
  > Ttot/t                 =  -1.036266189998E+01 +/-   2.884470013346E-04
  > Utot/t                 =   3.904881367910E+00 +/-   2.872605648334E-04
* var[Eloc/t]              =   3.704764057781E-06 +/-   2.617501764252E-08
* Correlation length       =   9.807238346318E-01
* log10 Psi^2 range: -6.615777374922781 -- -2.447938881760516
* log10 Pgen range : -6.615777374922781 -- -2.447938881760516
* Site occupation (ave. no. electrons per config.):
  > Site_  ___eu____  ___ed____
      1        0.494      0.503
      2        0.497      0.497
      3        0.506      0.498
      4        0.498      0.502
      5        0.503      0.496
      6        0.501      0.503
* Pair-correlation analysis (ave. no. pairs per config.):
  > Shell  nsite  ___dh____  __eueu___  __eued___
      0      1        0          0          1.032
      1      4        1.064      1.478      3.523
      2      4        0.154      0.840      1.111
      3      4        0.075      0.418      0.549
      4      4        0.228      2.172      1.854
      5      4        0.115      1.092      0.931

Optimization #1:
* Method          : lls
* Target function : energy
* No. of configs. : 50048
* No. of params.  : 44
* Before optimization:
  -8.2939E-01   3.0098E-01  -8.9213E-02  -8.7012E-02   1.2207E-02   8.2687E-03
  -1.6413E-01  -1.5182E-01   3.7163E-02   5.0977E-02   3.9932E-02   4.6399E-02
   1.4039E-03  -6.0845E-03  -2.5752E-02  -2.1767E-02   1.9060E-02   9.4096E-03
  -2.8749E-03   3.2022E-03  -9.1449E-03   8.7712E-03  -7.6972E-04   7.8438E-01
  -6.2068E-02   5.0869E-03   8.0095E-03  -2.8608E-02  -2.8885E-02  -2.6309E-02
   2.7918E-02   2.7686E-02  -1.3725E-02  -1.7580E-02   3.2102E-02   8.3436E-02
   8.5512E-02   2.6792E-02   3.0819E-02   1.9042E-02   9.6827E-02   9.6775E-02
   3.1838E-02   3.1387E-02
  > E    =  -2.307002738961E+02 +/-   8.758293446180E-06
  > varE =   3.839067174266E-06
* Computing derivatives.
  Done. [total walltime: 42.8s]
* Optimizing manipulation constant:
  #igrid a___________ E____________________________________ varE____________
     1     Infinity    -2.30700274E+02 +/-   8.75829345E-06   3.83906717E-06
     2     1.0000E+06  -2.30700274E+02 +/-   8.75828584E-06   3.83906051E-06
     3     2.1544E+05  -2.30700274E+02 +/-   8.75825816E-06   3.83903624E-06
     4     4.6416E+04  -2.30700274E+02 +/-   8.75812970E-06   3.83892362E-06
     5     1.0000E+04  -2.30700274E+02 +/-   8.75753370E-06   3.83840116E-06
     6     2.1544E+03  -2.30700274E+02 +/-   8.75477385E-06   3.83598227E-06
     7     4.6416E+02  -2.30700274E+02 +/-   8.74210372E-06   3.82488725E-06
     8     1.0000E+02  -2.30700274E+02 +/-   8.68626770E-06   3.77618399E-06
     9     2.1544E+01  -2.30700274E+02 +/-   8.48905040E-06   3.60665790E-06
    10     4.6416E+00  -2.30700277E+02 +/-   8.93835391E-06   3.99854345E-06
    11     1.0000E+00  -2.30700211E+02 +/-   4.15450242E-05   8.63822994E-05
    12     2.1544E-01  -2.30700172E+02 +/-   5.13708122E-05   1.32074687E-04
    13     4.6416E-02  -2.30700058E+02 +/-   6.91992740E-05   2.39656826E-04
    14     1.0000E-02  -2.30699424E+02 +/-   1.27204569E-04   8.09826804E-04
    15     2.1544E-03  -2.30691246E+02 +/-   3.91285065E-04   7.66254909E-03
    16     4.6416E-04  -2.30638814E+02 +/-   9.88170670E-04   4.88709347E-02
    17     1.0000E-04  -2.30572045E+02 +/-   1.39350924E-03   9.71866092E-02
    18     2.1544E-05  -2.30545839E+02 +/-   1.51565396E-03   1.14970613E-01
    19     4.6416E-06  -2.30539295E+02 +/-   1.54398697E-03   1.19309215E-01
    20     1.0000E-06  -2.30537838E+02 +/-   1.55018803E-03   1.20269495E-01
    21     0.0000E+00  -2.30537435E+02 +/-   1.55189693E-03   1.20534806E-01
  ParMin   9.9102E+00  -2.30700275E+02 +/-   8.38667862E-06   3.52019506E-06
  # Using parabolic minimum
* Iteration # 1: E =  -2.307002753523E+02 +/-   8.386678624515E-06
* Convergence: exiting.
* After optimization:
  -8.6741E-01   2.9877E-01  -8.8753E-02  -8.6482E-02   1.1756E-02   8.0715E-03
  -1.6185E-01  -1.5027E-01   3.6565E-02   5.1082E-02   3.9419E-02   4.6351E-02
   1.4861E-03  -5.9043E-03  -2.5709E-02  -2.1797E-02   1.9458E-02   1.0614E-02
  -2.8389E-03   3.1576E-03  -9.0660E-03   8.7769E-03  -7.4964E-04   7.9933E-01
  -6.3899E-02   4.0168E-03   6.5756E-03  -2.9220E-02  -2.9474E-02  -2.6432E-02
   2.7421E-02   2.7165E-02  -1.5135E-02  -1.8819E-02   3.1011E-02   7.9905E-02
   8.1962E-02   2.5834E-02   2.9586E-02   2.0855E-02   9.3807E-02   9.4150E-02
   2.9685E-02   2.9237E-02
  > Energy =  -2.307002753523E+02 +/-   8.386678624515E-06
  > varE =   3.520195063706E-06

VMC #2:
* Size of Hilbert space =   4.0000E+02
* Deterministic energy evaluation:
  > Deterministic Etot/t = -230.7002744070131
    - Ttot/t = -10.36263169097630
    - Utot/t = 3.904849138111131
* Number of equil. steps   = 1000
* Running VMC equilibration.
  Done. [total walltime: 0.12s]
* Equil. acc.ratio (%)     =  43.0602
* Sample config after equilibration:
  +-----+
  |  u  |
  |0   d|
  |2   d|
  |  u  |
  +-----+
* Number of accum. steps   = 500480 x 10
* Running VMC accumulation.
  Done. [total walltime: 14.9s]
* Acceptance ratio (%)     =  42.9736
* Etot/t                   =  -2.307002749282E+02 +/-   2.650099164562E-06
  > Ttot/t                 =  -1.036268858763E+01 +/-   2.870041647201E-04
  > Utot/t                 =   3.904905513304E+00 +/-   2.856442662982E-04
* var[Eloc/t]              =   3.417600231058E-06 +/-   2.047285609868E-08
* Correlation length       =   1.028465474500E+00
* log10 Psi^2 range: -6.000451033405947 -- -2.454012521519248
* log10 Pgen range : -6.000451033405947 -- -2.454012521519248
* Site occupation (ave. no. electrons per config.):
  > Site_  ___eu____  ___ed____
      1        0.502      0.495
      2        0.497      0.503
      3        0.497      0.501
      4        0.499      0.499
      5        0.502      0.501
      6        0.503      0.501
* Pair-correlation analysis (ave. no. pairs per config.):
  > Shell  nsite  ___dh____  __eueu___  __eued___
      0      1        0          0          1.029
      1      4        1.053      1.480      3.533
      2      4        0.151      0.839      1.104
      3      4        0.073      0.423      0.557
      4      4        0.232      2.174      1.853
      5      4        0.117      1.084      0.924

Optimization #2:
* Method          : lls
* Target function : energy
* No. of configs. : 50048
* No. of params.  : 44
* Before optimization:
  -8.6741E-01   2.9877E-01  -8.8753E-02  -8.6482E-02   1.1756E-02   8.0715E-03
  -1.6185E-01  -1.5027E-01   3.6565E-02   5.1082E-02   3.9419E-02   4.6351E-02
   1.4861E-03  -5.9043E-03  -2.5709E-02  -2.1797E-02   1.9458E-02   1.0614E-02
  -2.8389E-03   3.1576E-03  -9.0660E-03   8.7769E-03  -7.4964E-04   7.9933E-01
  -6.3899E-02   4.0168E-03   6.5756E-03  -2.9220E-02  -2.9474E-02  -2.6432E-02
   2.7421E-02   2.7165E-02  -1.5135E-02  -1.8819E-02   3.1011E-02   7.9905E-02
   8.1962E-02   2.5834E-02   2.9586E-02   2.0855E-02   9.3807E-02   9.4150E-02
   2.9685E-02   2.9237E-02
  > E    =  -2.307003022372E+02 +/-   8.203010456379E-06
  > varE =   3.367698917639E-06
* Computing derivatives.
  Done. [total walltime: 42.8s]
* Optimizing manipulation constant:
  #igrid a___________ E____________________________________ varE____________
     1     Infinity    -2.30700302E+02 +/-   8.20301046E-06   3.36769892E-06
     2     1.0000E+06  -2.30700302E+02 +/-   8.20300370E-06   3.36769337E-06
     3     2.1544E+05  -2.30700302E+02 +/-   8.20297909E-06   3.36767316E-06
     4     4.6416E+04  -2.30700302E+02 +/-   8.20286488E-06   3.36757939E-06
     5     1.0000E+04  -2.30700302E+02 +/-   8.20233480E-06   3.36714417E-06
     6     2.1544E+03  -2.30700302E+02 +/-   8.19987579E-06   3.36512557E-06
     7     4.6416E+02  -2.30700302E+02 +/-   8.18849150E-06   3.35578812E-06
     8     1.0000E+02  -2.30700302E+02 +/-   8.13627764E-06   3.31312825E-06
     9     2.1544E+01  -2.30700302E+02 +/-   7.90678003E-06   3.12885934E-06
    10     4.6416E+00  -2.30700300E+02 +/-   7.06487104E-06   2.49801593E-06
    11     1.0000E+00  -2.30700296E+02 +/-   5.34781066E-06   1.43132670E-06
    12     2.1544E-01  -2.30700290E+02 +/-   4.05301258E-06   8.22134040E-07
    13     4.6416E-02  -2.30700287E+02 +/-   3.52631303E-06   6.22341052E-07
    14     1.0000E-02  -2.30700283E+02 +/-   6.79565366E-06   2.31126212E-06
    15     2.1544E-03  -2.30700224E+02 +/-   2.66835722E-05   3.56348278E-05
    16     4.6416E-04  -2.30689755E+02 +/-   4.46297516E-04   9.96863435E-03
    17     1.0000E-04  -2.30299691E+02 +/-   2.27244378E-03   2.58447908E-01
    18     2.1544E-05  -2.29949717E+02 +/-   2.23378946E-03   2.49730279E-01
    19     4.6416E-06  -2.29880681E+02 +/-   2.11783794E-03   2.24477168E-01
    20     1.0000E-06  -2.29866992E+02 +/-   2.09061433E-03   2.18743206E-01
    21     0.0000E+00  -2.29863315E+02 +/-   2.08307160E-03   2.17167645E-01
* Iteration # 1: E =  -2.307002958078E+02 +/-   5.347810660257E-06
* Convergence: exiting.
* After optimization:
  -8.5577E-01   2.9781E-01  -8.9665E-02  -8.9528E-02   1.0786E-02   9.8975E-03
  -1.6493E-01  -1.5479E-01   3.3230E-02   5.3907E-02   3.5650E-02   5.1492E-02
   1.4752E-03  -2.5570E-03  -1.9450E-02  -1.7850E-02   1.7260E-02   9.6886E-03
  -3.8321E-03   3.7368E-03  -9.0062E-03   8.7591E-03   1.0701E-04   8.0727E-01
  -4.4227E-02   1.0579E-02   1.2021E-02  -3.1263E-02  -3.1251E-02  -2.2510E-02
   3.3122E-02   3.3566E-02  -1.0857E-02  -1.2079E-02   6.2372E-02   8.9607E-02
   9.0232E-02   2.7730E-02   2.9128E-02   2.7891E-02   1.0295E-01   1.0300E-01
   3.7509E-02   3.7430E-02
  > Energy =  -2.307002958078E+02 +/-   5.347810660257E-06
  > varE =   1.431326698683E-06

VMC #3:
* Size of Hilbert space =   4.0000E+02
* Deterministic energy evaluation:
  > Deterministic Etot/t = -230.7002767671701
    - Ttot/t = -10.36276426174963
    - Utot/t = 3.904979348727426
* Number of equil. steps   = 1000
* Running VMC equilibration.
  Done. [total walltime: 0.12s]
* Equil. acc.ratio (%)     =  43.1970
* Sample config after equilibration:
  +-----+
  |  d  |
  |u   2|
  |2   0|
  |  0  |
  +-----+
* Number of accum. steps   = 500480 x 10
* Running VMC accumulation.
  Done. [total walltime: 14.9s]
* Acceptance ratio (%)     =  43.1632
* Etot/t                   =  -2.307002772103E+02 +/-   1.731471639604E-06
  > Ttot/t                 =  -1.036286970556E+01 +/-   2.923286978457E-04
  > Utot/t                 =   3.905084349594E+00 +/-   2.913774179071E-04
* var[Eloc/t]              =   1.541604588245E-06 +/-   3.279960889532E-08
* Correlation length       =   9.732950121941E-01
* log10 Psi^2 range: -6.061344663792879 -- -2.518276239067798
* log10 Pgen range : -6.061344663792879 -- -2.518276239067798
* Site occupation (ave. no. electrons per config.):
  > Site_  ___eu____  ___ed____
      1        0.497      0.499
      2        0.499      0.500
      3        0.503      0.502
      4        0.501      0.498
      5        0.502      0.500
      6        0.498      0.501
* Pair-correlation analysis (ave. no. pairs per config.):
  > Shell  nsite  ___dh____  __eueu___  __eued___
      0      1        0          0          1.035
      1      4        1.066      1.475      3.527
      2      4        0.152      0.838      1.109
      3      4        0.077      0.421      0.553
      4      4        0.236      2.175      1.853
      5      4        0.117      1.091      0.923

Optimization #3:
* Method          : lls
* Target function : energy
* No. of configs. : 50048
* No. of params.  : 44
* Before optimization:
  -8.5577E-01   2.9781E-01  -8.9665E-02  -8.9528E-02   1.0786E-02   9.8975E-03
  -1.6493E-01  -1.5479E-01   3.3230E-02   5.3907E-02   3.5650E-02   5.1492E-02
   1.4752E-03  -2.5570E-03  -1.9450E-02  -1.7850E-02   1.7260E-02   9.6886E-03
  -3.8321E-03   3.7368E-03  -9.0062E-03   8.7591E-03   1.0701E-04   8.0727E-01
  -4.4227E-02   1.0579E-02   1.2021E-02  -3.1263E-02  -3.1251E-02  -2.2510E-02
   3.3122E-02   3.3566E-02  -1.0857E-02  -1.2079E-02   6.2372E-02   8.9607E-02
   9.0232E-02   2.7730E-02   2.9128E-02   2.7891E-02   1.0295E-01   1.0300E-01
   3.7509E-02   3.7430E-02
  > E    =  -2.307002871037E+02 +/-   5.358616080933E-06
  > varE =   1.437116623924E-06
* Computing derivatives.
  Done. [total walltime: 42.8s]
* Optimizing manipulation constant:
  #igrid a___________ E____________________________________ varE____________
     1     Infinity    -2.30700287E+02 +/-   5.35861608E-06   1.43711662E-06
     2     1.0000E+06  -2.30700287E+02 +/-   5.35861204E-06   1.43711446E-06
     3     2.1544E+05  -2.30700287E+02 +/-   5.35859741E-06   1.43710661E-06
     4     4.6416E+04  -2.30700287E+02 +/-   5.35853080E-06   1.43707088E-06
     5     1.0000E+04  -2.30700287E+02 +/-   5.35825004E-06   1.43692030E-06
     6     2.1544E+03  -2.30700287E+02 +/-   5.35755713E-06   1.43654868E-06
     7     4.6416E+02  -2.30700287E+02 +/-   5.36736978E-06   1.44181573E-06
     8     1.0000E+02  -2.30700288E+02 +/-   5.71572273E-06   1.63504245E-06
     9     2.1544E+01  -2.30700296E+02 +/-   1.63961332E-05   1.34545632E-05
    10     4.6416E+00  -2.30699496E+02 +/-   1.25466386E-04   7.87846307E-04
    11     1.0000E+00  -2.30681759E+02 +/-   5.45015756E-04   1.48663667E-02
    12     2.1544E-01  -2.30660789E+02 +/-   7.84190048E-04   3.07772193E-02
    13     4.6416E-02  -2.30650524E+02 +/-   8.75820178E-04   3.83898681E-02
    14     1.0000E-02  -2.30647621E+02 +/-   8.99844428E-04   4.05248663E-02
    15     2.1544E-03  -2.30646948E+02 +/-   9.05311858E-04   4.10188184E-02
    16     4.6416E-04  -2.30646800E+02 +/-   9.06504814E-04   4.11269929E-02
    17     1.0000E-04  -2.30646768E+02 +/-   9.06762543E-04   4.11503819E-02
    18     2.1544E-05  -2.30646761E+02 +/-   9.06818102E-04   4.11554248E-02
    19     4.6416E-06  -2.30646760E+02 +/-   9.06830074E-04   4.11565115E-02
    20     1.0000E-06  -2.30646760E+02 +/-   9.06832653E-04   4.11567456E-02
    21     0.0000E+00  -2.30646759E+02 +/-   9.06833361E-04   4.11568099E-02
  ParMin   2.1411E+02  -2.30700287E+02 +/-   5.42210509E-06   1.47137234E-06
  # Using grid point #8
* Iteration # 1: E =  -2.307002883047E+02 +/-   5.715722727941E-06
* Convergence: exiting.
* After optimization:
  -8.9314E-01   2.9793E-01  -8.9688E-02  -8.9548E-02   1.0823E-02   9.9453E-03
  -1.6504E-01  -1.5495E-01   3.3199E-02   5.3938E-02   3.5603E-02   5.1534E-02
   1.4662E-03  -2.5357E-03  -1.9331E-02  -1.7738E-02   1.7165E-02   9.6085E-03
  -3.8610E-03   3.7664E-03  -9.0086E-03   8.7658E-03   1.0574E-04   8.2212E-01
  -4.4813E-02   1.0818E-02   1.2264E-02  -3.1807E-02  -3.1795E-02  -2.2925E-02
   3.3762E-02   3.4211E-02  -1.0893E-02  -1.2123E-02   6.3015E-02   8.9711E-02
   9.0332E-02   2.7917E-02   2.9299E-02   2.8097E-02   1.0302E-01   1.0308E-01
   3.7806E-02   3.7727E-02
  > Energy =  -2.307002883047E+02 +/-   5.715722727941E-06
  > varE =   1.635042450477E-06

VMC #4:
* Size of Hilbert space =   4.0000E+02
* Deterministic energy evaluation:
  > Deterministic Etot/t = -230.7002764957129
    - Ttot/t = -10.36267102609374
    - Utot/t = 3.904886384528666
* Number of equil. steps   = 1000
* Running VMC equilibration.
  Done. [total walltime: 0.12s]
* Equil. acc.ratio (%)     =  42.5510
* Sample config after equilibration:
  +-----+
  |  u  |
  |d   u|
  |u   d|
  |  d  |
  +-----+
* Number of accum. steps   = 500480 x 10
* Running VMC accumulation.
  Done. [total walltime: 14.9s]
* Acceptance ratio (%)     =  42.6873
* Etot/t                   =  -2.307002764944E+02 +/-   1.844304073294E-06
  > Ttot/t                 =  -1.036275181034E+01 +/-   2.920224417955E-04
  > Utot/t                 =   3.904967169985E+00 +/-   2.908041515531E-04
* var[Eloc/t]              =   1.695491837830E-06 +/-   2.151078260597E-08
* Correlation length       =   1.004051696981E+00
* log10 Psi^2 range: -6.679030045400737 -- -2.520805341104517
* log10 Pgen range : -6.679030045400737 -- -2.520805341104517
* Site occupation (ave. no. electrons per config.):
  > Site_  ___eu____  ___ed____
      1        0.497      0.499
      2        0.502      0.504
      3        0.499      0.498
      4        0.501      0.500
      5        0.502      0.503
      6        0.500      0.497
* Pair-correlation analysis (ave. no. pairs per config.):
  > Shell  nsite  ___dh____  __eueu___  __eued___
      0      1        0          0          1.030
      1      4        1.056      1.487      3.525
      2      4        0.152      0.843      1.097
      3      4        0.075      0.427      0.555
      4      4        0.230      2.169      1.869
      5      4        0.120      1.075      0.923

Optimization #4:
* Method          : lls
* Target function : energy
* No. of configs. : 50048
* No. of params.  : 44
* Before optimization:
  -8.9314E-01   2.9793E-01  -8.9688E-02  -8.9548E-02   1.0823E-02   9.9453E-03
  -1.6504E-01  -1.5495E-01   3.3199E-02   5.3938E-02   3.5603E-02   5.1534E-02
   1.4662E-03  -2.5357E-03  -1.9331E-02  -1.7738E-02   1.7165E-02   9.6085E-03
  -3.8610E-03   3.7664E-03  -9.0086E-03   8.7658E-03   1.0574E-04   8.2212E-01
  -4.4813E-02   1.0818E-02   1.2264E-02  -3.1807E-02  -3.1795E-02  -2.2925E-02
   3.3762E-02   3.4211E-02  -1.0893E-02  -1.2123E-02   6.3015E-02   8.9711E-02
   9.0332E-02   2.7917E-02   2.9299E-02   2.8097E-02   1.0302E-01   1.0308E-01
   3.7806E-02   3.7727E-02
  > E    =  -2.307002850288E+02 +/-   5.849706270652E-06
  > varE =   1.712595687691E-06
* Computing derivatives.
  Done. [total walltime: 42.8s]
* Optimizing manipulation constant:
  #igrid a___________ E____________________________________ varE____________
     1     Infinity    -2.30700285E+02 +/-   5.84970627E-06   1.71259569E-06
     2     1.0000E+06  -2.30700285E+02 +/-   5.84970169E-06   1.71259301E-06
     3     2.1544E+05  -2.30700285E+02 +/-   5.84968522E-06   1.71258336E-06
     4     4.6416E+04  -2.30700285E+02 +/-   5.84961297E-06   1.71254106E-06
     5     1.0000E+04  -2.30700285E+02 +/-   5.84936868E-06   1.71239802E-06
     6     2.1544E+03  -2.30700285E+02 +/-   5.85020775E-06   1.71288933E-06
     7     4.6416E+02  -2.30700285E+02 +/-   5.89833094E-06   1.74118533E-06
     8     1.0000E+02  -2.30700285E+02 +/-   7.48292201E-06   2.80239380E-06
     9     2.1544E+01  -2.30699911E+02 +/-   8.19114583E-05   3.35796406E-04
    10     4.6416E+00  -2.30035282E+02 +/-   2.56164080E-03   3.28415155E-01
    11     1.0000E+00  -2.30275322E+02 +/-   2.90146919E-03   4.21330263E-01
    12     2.1544E-01  -2.28719882E+02 +/-   3.56865683E-03   6.37376874E-01
    13     4.6416E-02  -2.30615922E+02 +/-   1.08831552E-03   5.92783857E-02
    14     1.0000E-02  -2.29219042E+02 +/-   2.64476629E-03   3.50075186E-01
    15     2.1544E-03  -2.29263720E+02 +/-   2.56422523E-03   3.29078163E-01
    16     4.6416E-04  -2.29269032E+02 +/-   2.55475104E-03   3.26650928E-01
    17     1.0000E-04  -2.29270058E+02 +/-   2.55293419E-03   3.26186487E-01
    18     2.1544E-05  -2.29270274E+02 +/-   2.55255225E-03   3.26088895E-01
    19     4.6416E-06  -2.29270321E+02 +/-   2.55247040E-03   3.26067982E-01
    20     1.0000E-06  -2.29270331E+02 +/-   2.55245278E-03   3.26063481E-01
    21     0.0000E+00  -2.29270333E+02 +/-   2.55244795E-03   3.26062246E-01
* Iteration # 1: E =  -2.307002850283E+02 +/-   5.849368676401E-06
* Convergence: exiting.
* After optimization:
  -8.9376E-01   2.9793E-01  -8.9687E-02  -8.9547E-02   1.0822E-02   9.9452E-03
  -1.6504E-01  -1.5495E-01   3.3198E-02   5.3937E-02   3.5603E-02   5.1533E-02
   1.4665E-03  -2.5358E-03  -1.9332E-02  -1.7740E-02   1.7166E-02   9.6081E-03
  -3.8604E-03   3.7658E-03  -9.0078E-03   8.7651E-03   1.0582E-04   8.2238E-01
  -4.4819E-02   1.0821E-02   1.2267E-02  -3.1815E-02  -3.1803E-02  -2.2926E-02
   3.3771E-02   3.4220E-02  -1.0896E-02  -1.2126E-02   6.3022E-02   8.9708E-02
   9.0328E-02   2.7917E-02   2.9299E-02   2.8104E-02   1.0301E-01   1.0308E-01
   3.7805E-02   3.7727E-02
  > Energy =  -2.307002850283E+02 +/-   5.849368676401E-06
  > varE =   1.712398021091E-06

VMC #5:
* Size of Hilbert space =   4.0000E+02
* Deterministic energy evaluation:
  > Deterministic Etot/t = -230.7002764959497
    - Ttot/t = -10.36267103392943
    - Utot/t = 3.904886392127572
* Number of equil. steps   = 1000
* Running VMC equilibration.
  Done. [total walltime: 0.12s]
* Equil. acc.ratio (%)     =  42.6165
* Sample config after equilibration:
  +-----+
  |  d  |
  |u   u|
  |d   0|
  |  2  |
  +-----+
* Number of accum. steps   = 500480 x 10
* Running VMC accumulation.
  Done. [total walltime: 14.9s]
* Acceptance ratio (%)     =  42.6534
* Etot/t                   =  -2.307002784416E+02 +/-   1.890345954611E-06
  > Ttot/t                 =  -1.036271113667E+01 +/-   2.941627160491E-04
  > Utot/t                 =   3.904924549227E+00 +/-   2.929344104864E-04
* var[Eloc/t]              =   1.744043912234E-06 +/-   2.989214159440E-08
* Correlation length       =   1.025443876309E+00
* log10 Psi^2 range: -6.664803863640754 -- -2.520854988868146
* log10 Pgen range : -6.664803863640754 -- -2.520854988868146
* Site occupation (ave. no. electrons per config.):
  > Site_  ___eu____  ___ed____
      1        0.501      0.500
      2        0.502      0.499
      3        0.499      0.499
      4        0.501      0.498
      5        0.498      0.500
      6        0.499      0.503
* Pair-correlation analysis (ave. no. pairs per config.):
  > Shell  nsite  ___dh____  __eueu___  __eued___
      0      1        0          0          1.026
      1      4        1.052      1.480      3.533
      2      4        0.150      0.845      1.104
      3      4        0.074      0.421      0.554
      4      4        0.229      2.172      1.853
      5      4        0.116      1.081      0.930

Optimization #5:
* Method          : lls
* Target function : energy
* No. of configs. : 50048
* No. of params.  : 44
* Before optimization:
  -8.9376E-01   2.9793E-01  -8.9687E-02  -8.9547E-02   1.0822E-02   9.9452E-03
  -1.6504E-01  -1.5495E-01   3.3198E-02   5.3937E-02   3.5603E-02   5.1533E-02
   1.4665E-03  -2.5358E-03  -1.9332E-02  -1.7740E-02   1.7166E-02   9.6081E-03
  -3.8604E-03   3.7658E-03  -9.0078E-03   8.7651E-03   1.0582E-04   8.2238E-01
  -4.4819E-02   1.0821E-02   1.2267E-02  -3.1815E-02  -3.1803E-02  -2.2926E-02
   3.3771E-02   3.4220E-02  -1.0896E-02  -1.2126E-02   6.3022E-02   8.9708E-02
   9.0328E-02   2.7917E-02   2.9299E-02   2.8104E-02   1.0301E-01   1.0308E-01
   3.7805E-02   3.7727E-02
  > E    =  -2.307002739465E+02 +/-   5.850091985417E-06
  > varE =   1.712821543552E-06
* Computing derivatives.
  Done. [total walltime: 42.8s]
* Optimizing manipulation constant:
  #igrid a___________ E____________________________________ varE____________
     1     Infinity    -2.30700274E+02 +/-   5.85009199E-06   1.71282154E-06
     2     1.0000E+06  -2.30700274E+02 +/-   5.85008773E-06   1.71281905E-06
     3     2.1544E+05  -2.30700274E+02 +/-   5.85007283E-06   1.71281033E-06
     4     4.6416E+04  -2.30700274E+02 +/-   5.85001550E-06   1.71277676E-06
     5     1.0000E+04  -2.30700274E+02 +/-   5.85000519E-06   1.71277072E-06
     6     2.1544E+03  -2.30700274E+02 +/-   5.85548726E-06   1.71598231E-06
     7     4.6416E+02  -2.30700274E+02 +/-   6.00633167E-06   1.80553265E-06
     8     1.0000E+02  -2.30700262E+02 +/-   1.09987862E-05   6.05447156E-06
     9     2.1544E+01  -2.30698372E+02 +/-   1.65944678E-04   1.37820361E-03
    10     4.6416E+00  -2.30009639E+02 +/-   2.56122284E-03   3.28307995E-01
    11     1.0000E+00  -2.29264585E+02 +/-   2.68894067E-03   3.61867155E-01
    12     2.1544E-01  -2.29258987E+02 +/-   2.68099029E-03   3.59730456E-01
    13     4.6416E-02  -2.29260054E+02 +/-   2.68003324E-03   3.59473671E-01
    14     1.0000E-02  -2.29262777E+02 +/-   2.67807283E-03   3.58947963E-01
    15     2.1544E-03  -2.29268610E+02 +/-   2.67337644E-03   3.57690132E-01
    16     4.6416E-04  -2.29270118E+02 +/-   2.67202354E-03   3.57328195E-01
    17     1.0000E-04  -2.29270530E+02 +/-   2.67164780E-03   3.57227709E-01
    18     2.1544E-05  -2.29270624E+02 +/-   2.67156178E-03   3.57204704E-01
    19     4.6416E-06  -2.29270645E+02 +/-   2.67154298E-03   3.57199678E-01
    20     1.0000E-06  -2.29270649E+02 +/-   2.67153892E-03   3.57198592E-01
    21     0.0000E+00  -2.29270650E+02 +/-   2.67153781E-03   3.57198294E-01
* Iteration # 1: E =  -2.307002739465E+02 +/-   5.850015504009E-06
* Convergence: exiting.
* After optimization:
  -8.9354E-01   2.9793E-01  -8.9687E-02  -8.9547E-02   1.0822E-02   9.9452E-03
  -1.6504E-01  -1.5495E-01   3.3198E-02   5.3937E-02   3.5603E-02   5.1533E-02
   1.4665E-03  -2.5359E-03  -1.9332E-02  -1.7740E-02   1.7166E-02   9.6082E-03
  -3.8603E-03   3.7657E-03  -9.0077E-03   8.7650E-03   1.0583E-04   8.2229E-01
  -4.4813E-02   1.0819E-02   1.2265E-02  -3.1812E-02  -3.1800E-02  -2.2923E-02
   3.3767E-02   3.4216E-02  -1.0895E-02  -1.2125E-02   6.3022E-02   8.9707E-02
   9.0327E-02   2.7917E-02   2.9299E-02   2.8106E-02   1.0301E-01   1.0308E-01
   3.7805E-02   3.7726E-02
  > Energy =  -2.307002739465E+02 +/-   5.850015504009E-06
  > varE =   1.712776758565E-06

VMC #6:
* Size of Hilbert space =   4.0000E+02
* Deterministic energy evaluation:
  > Deterministic Etot/t = -230.7002764960028
    - Ttot/t = -10.36267103601799
    - Utot/t = 3.904886394163074
* Number of equil. steps   = 1000
* Running VMC equilibration.
  Done. [total walltime: 0.12s]
* Equil. acc.ratio (%)     =  42.7406
* Sample config after equilibration:
  +-----+
  |  d  |
  |u   u|
  |d   d|
  |  u  |
  +-----+
* Number of accum. steps   = 500480 x 10
* Running VMC accumulation.
  Done. [total walltime: 14.9s]
* Acceptance ratio (%)     =  42.6175
* Etot/t                   =  -2.307002734893E+02 +/-   1.798341172220E-06
  > Ttot/t                 =  -1.036212515356E+01 +/-   2.891845003953E-04
  > Utot/t                 =   3.904343518219E+00 +/-   2.880152670240E-04
* var[Eloc/t]              =   1.667694697406E-06 +/-   2.037102420391E-08
* Correlation length       =   9.705420441971E-01
* log10 Psi^2 range: -6.679089791013051 -- -2.520861046896326
* log10 Pgen range : -6.679089791013051 -- -2.520861046896326
* Site occupation (ave. no. electrons per config.):
  > Site_  ___eu____  ___ed____
      1        0.503      0.500
      2        0.499      0.502
      3        0.496      0.499
      4        0.501      0.498
      5        0.501      0.500
      6        0.499      0.501
* Pair-correlation analysis (ave. no. pairs per config.):
  > Shell  nsite  ___dh____  __eueu___  __eued___
      0      1        0          0          1.019
      1      4        1.046      1.475      3.543
      2      4        0.148      0.836      1.109
      3      4        0.075      0.419      0.557
      4      4        0.227      2.182      1.846
      5      4        0.113      1.088      0.925

Optimization #6:
* Method          : lls
* Target function : energy
* No. of configs. : 50048
* No. of params.  : 44
* Before optimization:
  -8.9354E-01   2.9793E-01  -8.9687E-02  -8.9547E-02   1.0822E-02   9.9452E-03
  -1.6504E-01  -1.5495E-01   3.3198E-02   5.3937E-02   3.5603E-02   5.1533E-02
   1.4665E-03  -2.5359E-03  -1.9332E-02  -1.7740E-02   1.7166E-02   9.6082E-03
  -3.8603E-03   3.7657E-03  -9.0077E-03   8.7650E-03   1.0583E-04   8.2229E-01
  -4.4813E-02   1.0819E-02   1.2265E-02  -3.1812E-02  -3.1800E-02  -2.2923E-02
   3.3767E-02   3.4216E-02  -1.0895E-02  -1.2125E-02   6.3022E-02   8.9707E-02
   9.0327E-02   2.7917E-02   2.9299E-02   2.8106E-02   1.0301E-01   1.0308E-01
   3.7805E-02   3.7726E-02
  > E    =  -2.307002693907E+02 +/-   6.021080325825E-06
  > varE =   1.814410578100E-06
* Computing derivatives.
  Done. [total walltime: 42.8s]
* Optimizing manipulation constant:
  #igrid a___________ E____________________________________ varE____________
     1     Infinity    -2.30700269E+02 +/-   6.02108033E-06   1.81441058E-06
     2     1.0000E+06  -2.30700269E+02 +/-   6.02107518E-06   1.81440748E-06
     3     2.1544E+05  -2.30700269E+02 +/-   6.02105647E-06   1.81439620E-06
     4     4.6416E+04  -2.30700269E+02 +/-   6.02096975E-06   1.81434394E-06
     5     1.0000E+04  -2.30700269E+02 +/-   6.02057092E-06   1.81410358E-06
     6     2.1544E+03  -2.30700269E+02 +/-   6.01879795E-06   1.81303529E-06
     7     4.6416E+02  -2.30700269E+02 +/-   6.01223880E-06   1.80908583E-06
     8     1.0000E+02  -2.30700269E+02 +/-   6.01658153E-06   1.81170023E-06
     9     2.1544E+01  -2.30700266E+02 +/-   6.77803901E-06   2.29929585E-06
    10     4.6416E+00  -2.30700206E+02 +/-   2.20289955E-05   2.42871255E-05
    11     1.0000E+00  -2.30699603E+02 +/-   8.92958767E-05   3.99070420E-04
    12     2.1544E-01  -2.30698297E+02 +/-   1.62582226E-04   1.32291779E-03
    13     4.6416E-02  -2.30697182E+02 +/-   2.06084140E-04   2.12557224E-03
    14     1.0000E-02  -2.30698644E+02 +/-   1.48080806E-04   1.09744879E-03
    15     2.1544E-03  -2.30698317E+02 +/-   1.62966367E-04   1.32917663E-03
    16     4.6416E-04  -2.30698271E+02 +/-   1.64940604E-04   1.36157600E-03
    17     1.0000E-04  -2.30698262E+02 +/-   1.65332385E-04   1.36805194E-03
    18     2.1544E-05  -2.30698260E+02 +/-   1.65415372E-04   1.36942565E-03
    19     4.6416E-06  -2.30698260E+02 +/-   1.65433186E-04   1.36972062E-03
    20     1.0000E-06  -2.30698260E+02 +/-   1.65437021E-04   1.36978413E-03
    21     0.0000E+00  -2.30698260E+02 +/-   1.65438074E-04   1.36980157E-03
* Iteration # 1: E =  -2.307002693932E+02 +/-   6.012238798238E-06
* Convergence: exiting.
* After optimization:
  -8.9106E-01   2.9790E-01  -8.9668E-02  -8.9528E-02   1.0808E-02   9.9344E-03
  -1.6501E-01  -1.5489E-01   3.3190E-02   5.3926E-02   3.5604E-02   5.1512E-02
   1.4724E-03  -2.5395E-03  -1.9360E-02  -1.7771E-02   1.7192E-02   9.6203E-03
  -3.8504E-03   3.7551E-03  -8.9966E-03   8.7541E-03   1.0739E-04   8.2132E-01
  -4.4684E-02   1.0784E-02   1.2230E-02  -3.1747E-02  -3.1734E-02  -2.2812E-02
   3.3705E-02   3.4155E-02  -1.0896E-02  -1.2125E-02   6.3038E-02   8.9607E-02
   9.0226E-02   2.7899E-02   2.9283E-02   2.8213E-02   1.0293E-01   1.0299E-01
   3.7752E-02   3.7674E-02
  > Energy =  -2.307002693932E+02 +/-   6.012238798238E-06
  > varE =   1.809085825089E-06

VMC #7:
* Size of Hilbert space =   4.0000E+02
* Deterministic energy evaluation:
  > Deterministic Etot/t = -230.7002765014158
    - Ttot/t = -10.36267127224693
    - Utot/t = 3.904886624978986
* Number of equil. steps   = 1000
* Running VMC equilibration.
  Done. [total walltime: 0.12s]
* Equil. acc.ratio (%)     =  42.7569
* Sample config after equilibration:
  +-----+
  |  2  |
  |u   0|
  |d   0|
  |  2  |
  +-----+
* Number of accum. steps   = 500480 x 10
* Running VMC accumulation.
  Done. [total walltime: 14.9s]
* Acceptance ratio (%)     =  42.6998
* Etot/t                   =  -2.307002759638E+02 +/-   1.842738317148E-06
  > Ttot/t                 =  -1.036248142861E+01 +/-   2.902460186586E-04
  > Utot/t                 =   3.904697319065E+00 +/-   2.890558114718E-04
* var[Eloc/t]              =   1.707318987204E-06 +/-   1.821531895210E-08
* Correlation length       =   9.954040188410E-01
* log10 Psi^2 range: -6.064880907943357 -- -2.521377108305549
* log10 Pgen range : -6.064880907943357 -- -2.521377108305549
* Site occupation (ave. no. electrons per config.):
  > Site_  ___eu____  ___ed____
      1        0.500      0.500
      2        0.499      0.499
      3        0.500      0.501
      4        0.502      0.500
      5        0.500      0.499
      6        0.499      0.501
* Pair-correlation analysis (ave. no. pairs per config.):
  > Shell  nsite  ___dh____  __eueu___  __eued___
      0      1        0          0          1.022
      1      4        1.048      1.480      3.538
      2      4        0.149      0.839      1.110
      3      4        0.075      0.419      0.553
      4      4        0.229      2.173      1.850
      5      4        0.113      1.089      0.929

Optimization #7:
* Method          : lls
* Target function : energy
* No. of configs. : 50048
* No. of params.  : 44
* Before optimization:
  -8.9106E-01   2.9790E-01  -8.9668E-02  -8.9528E-02   1.0808E-02   9.9344E-03
  -1.6501E-01  -1.5489E-01   3.3190E-02   5.3926E-02   3.5604E-02   5.1512E-02
   1.4724E-03  -2.5395E-03  -1.9360E-02  -1.7771E-02   1.7192E-02   9.6203E-03
  -3.8504E-03   3.7551E-03  -8.9966E-03   8.7541E-03   1.0739E-04   8.2132E-01
  -4.4684E-02   1.0784E-02   1.2230E-02  -3.1747E-02  -3.1734E-02  -2.2812E-02
   3.3705E-02   3.4155E-02  -1.0896E-02  -1.2125E-02   6.3038E-02   8.9607E-02
   9.0226E-02   2.7899E-02   2.9283E-02   2.8213E-02   1.0293E-01   1.0299E-01
   3.7752E-02   3.7674E-02
  > E    =  -2.307002721632E+02 +/-   5.673855843636E-06
  > varE =   1.611177253445E-06
* Computing derivatives.
  Done. [total walltime: 42.8s]
* Optimizing manipulation constant:
  #igrid a___________ E____________________________________ varE____________
     1     Infinity    -2.30700272E+02 +/-   5.67385584E-06   1.61117725E-06
     2     1.0000E+06  -2.30700272E+02 +/-   5.67385152E-06   1.61117480E-06
     3     2.1544E+05  -2.30700272E+02 +/-   5.67383577E-06   1.61116585E-06
     4     4.6416E+04  -2.30700272E+02 +/-   5.67376266E-06   1.61112433E-06
     5     1.0000E+04  -2.30700272E+02 +/-   5.67342348E-06   1.61093171E-06
     6     2.1544E+03  -2.30700272E+02 +/-   5.67185226E-06   1.61003956E-06
     7     4.6416E+02  -2.30700272E+02 +/-   5.66462627E-06   1.60593976E-06
     8     1.0000E+02  -2.30700272E+02 +/-   5.63247253E-06   1.58776013E-06
     9     2.1544E+01  -2.30700272E+02 +/-   5.50855497E-06   1.51866541E-06
    10     4.6416E+00  -2.30700272E+02 +/-   5.26990507E-06   1.38992802E-06
    11     1.0000E+00  -2.30700030E+02 +/-   4.95459093E-05   1.22857687E-04
    12     2.1544E-01  -2.30700266E+02 +/-   6.36552846E-06   2.02794259E-06
    13     4.6416E-02  -2.30700254E+02 +/-   1.04505580E-05   5.46595044E-06
    14     1.0000E-02  -2.30700249E+02 +/-   1.20279273E-05   7.24049598E-06
    15     2.1544E-03  -2.30700248E+02 +/-   1.24252977E-05   7.72681174E-06
    16     4.6416E-04  -2.30700247E+02 +/-   1.25140188E-05   7.83755020E-06
    17     1.0000E-04  -2.30700247E+02 +/-   1.25332827E-05   7.86169875E-06
    18     2.1544E-05  -2.30700247E+02 +/-   1.25374400E-05   7.86691503E-06
    19     4.6416E-06  -2.30700247E+02 +/-   1.25383359E-05   7.86803948E-06
    20     1.0000E-06  -2.30700247E+02 +/-   1.25385290E-05   7.86828177E-06
    21     0.0000E+00  -2.30700247E+02 +/-   1.25385820E-05   7.86834830E-06
  ParMin   9.9863E+00  -2.30700272E+02 +/-   5.38281016E-06   1.45012304E-06
  # Using parabolic minimum
* Iteration # 1: E =  -2.307002724857E+02 +/-   5.382810160651E-06
* Convergence: exiting.
* After optimization:
  -8.7807E-01   2.9882E-01  -8.9940E-02  -8.9784E-02   1.1092E-02   1.0301E-02
  -1.6578E-01  -1.5625E-01   3.2972E-02   5.4227E-02   3.5208E-02   5.1960E-02
   1.3747E-03  -2.3433E-03  -1.8304E-02  -1.6763E-02   1.6352E-02   9.0244E-03
  -4.1231E-03   4.0376E-03  -9.0687E-03   8.8609E-03   8.6945E-05   8.1384E-01
  -4.3021E-02   1.1046E-02   1.2272E-02  -3.1246E-02  -3.1236E-02  -2.2978E-02
   3.3699E-02   3.4105E-02  -9.4846E-03  -1.0579E-02   6.7736E-02   9.0466E-02
   9.1053E-02   2.9359E-02   3.0598E-02   2.9477E-02   1.0351E-01   1.0367E-01
   4.0082E-02   4.0001E-02
  > Energy =  -2.307002724857E+02 +/-   5.382810160651E-06
  > varE =   1.450123044251E-06

VMC #8:
* Size of Hilbert space =   4.0000E+02
* Deterministic energy evaluation:
  > Deterministic Etot/t = -230.7002767081650
    - Ttot/t = -10.36267713437558
    - Utot/t = 3.904892280358390
* Number of equil. steps   = 1000
* Running VMC equilibration.
  Done. [total walltime: 0.12s]
* Equil. acc.ratio (%)     =  43.0596
* Sample config after equilibration:
  +-----+
  |  2  |
  |0   0|
  |u   2|
  |  d  |
  +-----+
* Number of accum. steps   = 500480 x 10
* Running VMC accumulation.
  Done. [total walltime: 14.9s]
* Acceptance ratio (%)     =  42.9438
* Etot/t                   =  -2.307002757724E+02 +/-   1.780876114166E-06
  > Ttot/t                 =  -1.036258316534E+01 +/-   2.950999926581E-04
  > Utot/t                 =   3.904799247034E+00 +/-   2.938945339572E-04
* var[Eloc/t]              =   1.548270691615E-06 +/-   3.919081547714E-08
* Correlation length       =   1.025196824477E+00
* log10 Psi^2 range: -6.081748537929614 -- -2.539146106543283
* log10 Pgen range : -6.081748537929614 -- -2.539146106543283
* Site occupation (ave. no. electrons per config.):
  > Site_  ___eu____  ___ed____
      1        0.495      0.500
      2        0.495      0.499
      3        0.505      0.500
      4        0.499      0.506
      5        0.501      0.499
      6        0.504      0.496
* Pair-correlation analysis (ave. no. pairs per config.):
  > Shell  nsite  ___dh____  __eueu___  __eued___
      0      1        0          0          1.032
      1      4        1.062      1.474      3.531
      2      4        0.152      0.844      1.111
      3      4        0.076      0.415      0.552
      4      4        0.232      2.177      1.844
      5      4        0.116      1.090      0.930

Optimization #8:
* Method          : lls
* Target function : energy
* No. of configs. : 50048
* No. of params.  : 44
* Before optimization:
  -8.7807E-01   2.9882E-01  -8.9940E-02  -8.9784E-02   1.1092E-02   1.0301E-02
  -1.6578E-01  -1.5625E-01   3.2972E-02   5.4227E-02   3.5208E-02   5.1960E-02
   1.3747E-03  -2.3433E-03  -1.8304E-02  -1.6763E-02   1.6352E-02   9.0244E-03
  -4.1231E-03   4.0376E-03  -9.0687E-03   8.8609E-03   8.6945E-05   8.1384E-01
  -4.3021E-02   1.1046E-02   1.2272E-02  -3.1246E-02  -3.1236E-02  -2.2978E-02
   3.3699E-02   3.4105E-02  -9.4846E-03  -1.0579E-02   6.7736E-02   9.0466E-02
   9.1053E-02   2.9359E-02   3.0598E-02   2.9477E-02   1.0351E-01   1.0367E-01
   4.0082E-02   4.0001E-02
  > E    =  -2.307002852547E+02 +/-   5.402781803631E-06
  > varE =   1.460903683341E-06
* Computing derivatives.
  Done. [total walltime: 42.8s]
* Optimizing manipulation constant:
  #igrid a___________ E____________________________________ varE____________
     1     Infinity    -2.30700285E+02 +/-   5.40278180E-06   1.46090368E-06
     2     1.0000E+06  -2.30700285E+02 +/-   5.40277771E-06   1.46090147E-06
     3     2.1544E+05  -2.30700285E+02 +/-   5.40276284E-06   1.46089343E-06
     4     4.6416E+04  -2.30700285E+02 +/-   5.40269465E-06   1.46085655E-06
     5     1.0000E+04  -2.30700285E+02 +/-   5.40239566E-06   1.46069487E-06
     6     2.1544E+03  -2.30700285E+02 +/-   5.40138540E-06   1.46014861E-06
     7     4.6416E+02  -2.30700285E+02 +/-   5.40477471E-06   1.46198164E-06
     8     1.0000E+02  -2.30700285E+02 +/-   5.59594313E-06   1.56723208E-06
     9     2.1544E+01  -2.30700285E+02 +/-   1.11573503E-05   6.23029865E-06
    10     4.6416E+00  -2.30699779E+02 +/-   9.53125423E-05   4.54660091E-04
    11     1.0000E+00  -2.30687825E+02 +/-   4.44921216E-04   9.90724625E-03
    12     2.1544E-01  -2.30675817E+02 +/-   6.19069192E-04   1.91807291E-02
    13     4.6416E-02  -2.30690451E+02 +/-   3.97979343E-04   7.92698048E-03
    14     1.0000E-02  -2.30629480E+02 +/-   1.03271932E-03   5.33766526E-02
    15     2.1544E-03  -2.30653181E+02 +/-   8.50297990E-04   3.61850379E-02
    16     4.6416E-04  -2.30655796E+02 +/-   8.27303044E-04   3.42543690E-02
    17     1.0000E-04  -2.30656301E+02 +/-   8.22772849E-04   3.38802519E-02
    18     2.1544E-05  -2.30656408E+02 +/-   8.21814643E-04   3.38013836E-02
    19     4.6416E-06  -2.30656431E+02 +/-   8.21609012E-04   3.37844704E-02
    20     1.0000E-06  -2.30656436E+02 +/-   8.21564748E-04   3.37808303E-02
    21     0.0000E+00  -2.30656437E+02 +/-   8.21552595E-04   3.37798309E-02
* Iteration # 1: E =  -2.307002852556E+02 +/-   5.401385400717E-06
* Convergence: exiting.
* After optimization:
  -8.7929E-01   2.9882E-01  -8.9941E-02  -8.9785E-02   1.1093E-02   1.0302E-02
  -1.6579E-01  -1.5626E-01   3.2971E-02   5.4228E-02   3.5207E-02   5.1962E-02
   1.3742E-03  -2.3424E-03  -1.8299E-02  -1.6759E-02   1.6348E-02   9.0218E-03
  -4.1243E-03   4.0388E-03  -9.0690E-03   8.8613E-03   8.6874E-05   8.1433E-01
  -4.3041E-02   1.1054E-02   1.2279E-02  -3.1264E-02  -3.1254E-02  -2.2993E-02
   3.3720E-02   3.4126E-02  -9.4851E-03  -1.0580E-02   6.7756E-02   9.0468E-02
   9.1055E-02   2.9365E-02   3.0603E-02   2.9483E-02   1.0351E-01   1.0368E-01
   4.0091E-02   4.0010E-02
  > Energy =  -2.307002852556E+02 +/-   5.401385400717E-06
  > varE =   1.460148610638E-06

VMC #9:
* Size of Hilbert space =   4.0000E+02
* Deterministic energy evaluation:
  > Deterministic Etot/t = -230.7002767091023
    - Ttot/t = -10.36267719335524
    - Utot/t = 3.904892338400807
* Number of equil. steps   = 1000
* Running VMC equilibration.
  Done. [total walltime: 0.12s]
* Equil. acc.ratio (%)     =  42.9371
* Sample config after equilibration:
  +-----+
  |  2  |
  |0   u|
  |d   d|
  |  u  |
  +-----+
* Number of accum. steps   = 500480 x 10
* Running VMC accumulation.
  Done. [total walltime: 14.9s]
* Acceptance ratio (%)     =  42.9016
* Etot/t                   =  -2.307002783511E+02 +/-   1.773825138296E-06
  > Ttot/t                 =  -1.036281885282E+01 +/-   2.930587826156E-04
  > Utot/t                 =   3.905032355928E+00 +/-   2.918616964831E-04
* var[Eloc/t]              =   1.567460027024E-06 +/-   4.601197148150E-08
* Correlation length       =   1.004643233112E+00
* log10 Psi^2 range: -6.681649841594158 -- -2.539228886852489
* log10 Pgen range : -6.681649841594158 -- -2.539228886852489
* Site occupation (ave. no. electrons per config.):
  > Site_  ___eu____  ___ed____
      1        0.504      0.502
      2        0.503      0.502
      3        0.497      0.500
      4        0.502      0.501
      5        0.497      0.496
      6        0.498      0.498
* Pair-correlation analysis (ave. no. pairs per config.):
  > Shell  nsite  ___dh____  __eueu___  __eued___
      0      1        0          0          1.027
      1      4        1.057      1.477      3.532
      2      4        0.154      0.840      1.106
      3      4        0.076      0.420      0.550
      4      4        0.228      2.174      1.855
      5      4        0.114      1.089      0.930

Optimization #9:
* Method          : lls
* Target function : energy
* No. of configs. : 50048
* No. of params.  : 44
* Before optimization:
  -8.7929E-01   2.9882E-01  -8.9941E-02  -8.9785E-02   1.1093E-02   1.0302E-02
  -1.6579E-01  -1.5626E-01   3.2971E-02   5.4228E-02   3.5207E-02   5.1962E-02
   1.3742E-03  -2.3424E-03  -1.8299E-02  -1.6759E-02   1.6348E-02   9.0218E-03
  -4.1243E-03   4.0388E-03  -9.0690E-03   8.8613E-03   8.6874E-05   8.1433E-01
  -4.3041E-02   1.1054E-02   1.2279E-02  -3.1264E-02  -3.1254E-02  -2.2993E-02
   3.3720E-02   3.4126E-02  -9.4851E-03  -1.0580E-02   6.7756E-02   9.0468E-02
   9.1055E-02   2.9365E-02   3.0603E-02   2.9483E-02   1.0351E-01   1.0368E-01
   4.0091E-02   4.0010E-02
  > E    =  -2.307002761005E+02 +/-   5.612345069499E-06
  > varE =   1.576432782981E-06
* Computing derivatives.
  Done. [total walltime: 42.8s]
* Optimizing manipulation constant:
  #igrid a___________ E____________________________________ varE____________
     1     Infinity    -2.30700276E+02 +/-   5.61234507E-06   1.57643278E-06
     2     1.0000E+06  -2.30700276E+02 +/-   5.61234056E-06   1.57643025E-06
     3     2.1544E+05  -2.30700276E+02 +/-   5.61232417E-06   1.57642104E-06
     4     4.6416E+04  -2.30700276E+02 +/-   5.61224850E-06   1.57637853E-06
     5     1.0000E+04  -2.30700276E+02 +/-   5.61190647E-06   1.57618640E-06
     6     2.1544E+03  -2.30700276E+02 +/-   5.61051716E-06   1.57540608E-06
     7     4.6416E+02  -2.30700276E+02 +/-   5.60834441E-06   1.57418612E-06
     8     1.0000E+02  -2.30700276E+02 +/-   5.69327082E-06   1.62222247E-06
     9     2.1544E+01  -2.30700274E+02 +/-   9.10859752E-06   4.15230983E-06
    10     4.6416E+00  -2.30692219E+02 +/-   3.53588789E-04   6.25725278E-03
    11     1.0000E+00  -2.30694989E+02 +/-   2.87322696E-04   4.13167918E-03
    12     2.1544E-01  -2.30692996E+02 +/-   3.39466326E-04   5.76740070E-03
    13     4.6416E-02  -2.30697394E+02 +/-   2.14928977E-04   2.31194060E-03
    14     1.0000E-02  -2.30697890E+02 +/-   1.95891015E-04   1.92050640E-03
    15     2.1544E-03  -2.30697987E+02 +/-   1.91913225E-04   1.84330218E-03
    16     4.6416E-04  -2.30698008E+02 +/-   1.91060075E-04   1.82694980E-03
    17     1.0000E-04  -2.30698012E+02 +/-   1.90876428E-04   1.82343937E-03
    18     2.1544E-05  -2.30698013E+02 +/-   1.90836870E-04   1.82268365E-03
    19     4.6416E-06  -2.30698014E+02 +/-   1.90828348E-04   1.82252086E-03
    20     1.0000E-06  -2.30698014E+02 +/-   1.90826512E-04   1.82248579E-03
    21     0.0000E+00  -2.30698014E+02 +/-   1.90826008E-04   1.82247616E-03
* Iteration # 1: E =  -2.307002761024E+02 +/-   5.608344408364E-06
* Convergence: exiting.
* After optimization:
  -8.7543E-01   2.9880E-01  -8.9922E-02  -8.9766E-02   1.1083E-02   1.0296E-02
  -1.6577E-01  -1.5621E-01   3.2962E-02   5.4217E-02   3.5207E-02   5.1942E-02
   1.3797E-03  -2.3461E-03  -1.8326E-02  -1.6787E-02   1.6373E-02   9.0279E-03
  -4.1138E-03   4.0277E-03  -9.0573E-03   8.8497E-03   8.7877E-05   8.1280E-01
  -4.2867E-02   1.1009E-02   1.2233E-02  -3.1181E-02  -3.1172E-02  -2.2860E-02
   3.3628E-02   3.4035E-02  -9.4790E-03  -1.0572E-02   6.7796E-02   9.0380E-02
   9.0966E-02   2.9353E-02   3.0593E-02   2.9598E-02   1.0344E-01   1.0360E-01
   4.0051E-02   3.9970E-02
  > Energy =  -2.307002761024E+02 +/-   5.608344408364E-06
  > varE =   1.574186119438E-06

VMC #10:
* Size of Hilbert space =   4.0000E+02
* Deterministic energy evaluation:
  > Deterministic Etot/t = -230.7002767113113
    - Ttot/t = -10.36267671018548
    - Utot/t = 3.904891853022066
* Number of equil. steps   = 1000
* Running VMC equilibration.
  Done. [total walltime: 0.12s]
* Equil. acc.ratio (%)     =  42.8648
* Sample config after equilibration:
  +-----+
  |  u  |
  |d   2|
  |u   0|
  |  d  |
  +-----+
* Number of accum. steps   = 500480 x 10
* Running VMC accumulation.
  Done. [total walltime: 14.8s]
* Acceptance ratio (%)     =  42.9520
* Etot/t                   =  -2.307002774383E+02 +/-   1.818035274585E-06
  > Ttot/t                 =  -1.036237214813E+01 +/-   2.946934530353E-04
  > Utot/t                 =   3.904586563931E+00 +/-   2.934712467711E-04
* var[Eloc/t]              =   1.593688921777E-06 +/-   3.991471796976E-08
* Correlation length       =   1.037977128597E+00
* log10 Psi^2 range: -6.695516289389822 -- -2.539843818274449
* log10 Pgen range : -6.695516289389822 -- -2.539843818274449
* Site occupation (ave. no. electrons per config.):
  > Site_  ___eu____  ___ed____
      1        0.500      0.502
      2        0.498      0.504
      3        0.502      0.495
      4        0.498      0.501
      5        0.503      0.500
      6        0.499      0.497
* Pair-correlation analysis (ave. no. pairs per config.):
  > Shell  nsite  ___dh____  __eueu___  __eued___
      0      1        0          0          1.029
      1      4        1.056      1.482      3.529
      2      4        0.152      0.836      1.104
      3      4        0.076      0.423      0.556
      4      4        0.233      2.175      1.854
      5      4        0.113      1.084      0.927

Optimization #10:
* Method          : lls
* Target function : energy
* No. of configs. : 50048
* No. of params.  : 44
* Before optimization:
  -8.7543E-01   2.9880E-01  -8.9922E-02  -8.9766E-02   1.1083E-02   1.0296E-02
  -1.6577E-01  -1.5621E-01   3.2962E-02   5.4217E-02   3.5207E-02   5.1942E-02
   1.3797E-03  -2.3461E-03  -1.8326E-02  -1.6787E-02   1.6373E-02   9.0279E-03
  -4.1138E-03   4.0277E-03  -9.0573E-03   8.8497E-03   8.7877E-05   8.1280E-01
  -4.2867E-02   1.1009E-02   1.2233E-02  -3.1181E-02  -3.1172E-02  -2.2860E-02
   3.3628E-02   3.4035E-02  -9.4790E-03  -1.0572E-02   6.7796E-02   9.0380E-02
   9.0966E-02   2.9353E-02   3.0593E-02   2.9598E-02   1.0344E-01   1.0360E-01
   4.0051E-02   3.9970E-02
  > E    =  -2.307002772347E+02 +/-   5.588847431779E-06
  > varE =   1.563260071134E-06
* Computing derivatives.
  Done. [total walltime: 42.8s]
* Optimizing manipulation constant:
  #igrid a___________ E____________________________________ varE____________
     1     Infinity    -2.30700277E+02 +/-   5.58884743E-06   1.56326007E-06
     2     1.0000E+06  -2.30700277E+02 +/-   5.58884299E-06   1.56325758E-06
     3     2.1544E+05  -2.30700277E+02 +/-   5.58882680E-06   1.56324853E-06
     4     4.6416E+04  -2.30700277E+02 +/-   5.58875170E-06   1.56320652E-06
     5     1.0000E+04  -2.30700277E+02 +/-   5.58840404E-06   1.56301204E-06
     6     2.1544E+03  -2.30700277E+02 +/-   5.58681022E-06   1.56212062E-06
     7     4.6416E+02  -2.30700277E+02 +/-   5.57983820E-06   1.55822418E-06
     8     1.0000E+02  -2.30700277E+02 +/-   5.55645213E-06   1.54518997E-06
     9     2.1544E+01  -2.30700277E+02 +/-   5.62808496E-06   1.58528743E-06
    10     4.6416E+00  -2.30700275E+02 +/-   8.96389267E-06   4.02142546E-06
    11     1.0000E+00  -2.30700237E+02 +/-   2.62912334E-05   3.45946266E-05
    12     2.1544E-01  -2.30700193E+02 +/-   3.71044330E-05   6.89030310E-05
    13     4.6416E-02  -2.30700249E+02 +/-   2.25261523E-05   2.53957335E-05
    14     1.0000E-02  -2.30700195E+02 +/-   3.73959931E-05   6.99901411E-05
    15     2.1544E-03  -2.29104028E+02 +/-   2.55982835E-03   3.27950590E-01
    16     4.6416E-04  -2.29401179E+02 +/-   2.10364625E-03   2.21478793E-01
    17     1.0000E-04  -2.29402033E+02 +/-   1.86074666E-03   1.73285100E-01
    18     2.1544E-05  -2.29402114E+02 +/-   1.23557253E-03   7.64052522E-02
    19     4.6416E-06  -2.29402128E+02 +/-   8.22594288E-04   3.38655479E-02
    20     1.0000E-06  -2.29402131E+02 +/-   7.29651297E-04   2.66451055E-02
    21     0.0000E+00  -2.29402132E+02 +/-   7.06060360E-04   2.49499906E-02
* Iteration # 1: E =  -2.307002772644E+02 +/-   5.556452125699E-06
* Convergence: exiting.
* After optimization:
  -8.8195E-01   2.9865E-01  -8.9844E-02  -8.9688E-02   1.1024E-02   1.0251E-02
  -1.6564E-01  -1.5597E-01   3.2928E-02   5.4171E-02   3.5207E-02   5.1861E-02
   1.4018E-03  -2.3556E-03  -1.8437E-02  -1.6927E-02   1.6478E-02   9.0803E-03
  -4.0715E-03   3.9830E-03  -9.0110E-03   8.8045E-03   9.6012E-05   8.1565E-01
  -4.2716E-02   1.0946E-02   1.2190E-02  -3.1184E-02  -3.1172E-02  -2.2597E-02
   3.3640E-02   3.4060E-02  -9.5785E-03  -1.0674E-02   6.7838E-02   8.9971E-02
   9.0551E-02   2.9279E-02   3.0523E-02   3.0035E-02   1.0310E-01   1.0325E-01
   3.9831E-02   3.9753E-02
  > Energy =  -2.307002772644E+02 +/-   5.556452125699E-06
  > varE =   1.545189970950E-06

VMC #11:
* Size of Hilbert space =   4.0000E+02
* Deterministic energy evaluation:
  > Deterministic Etot/t = -230.7002767323265
    - Ttot/t = -10.36267746596409
    - Utot/t = 3.904892587785464
* Number of equil. steps   = 1000
* Running VMC equilibration.
  Done. [total walltime: 0.13s]
* Equil. acc.ratio (%)     =  42.8066
* Sample config after equilibration:
  +-----+
  |  d  |
  |u   2|
  |d   0|
  |  u  |
  +-----+
* Number of accum. steps   = 500480 x 10
* Running VMC accumulation.
  Done. [total walltime: 14.8s]
* Acceptance ratio (%)     =  42.8594
* Etot/t                   =  -2.307002760159E+02 +/-   1.771320516991E-06
  > Ttot/t                 =  -1.036291577200E+01 +/-   2.881600361304E-04
  > Utot/t                 =   3.905131610145E+00 +/-   2.869983157200E-04
* var[Eloc/t]              =   1.524318550842E-06 +/-   4.472398240555E-08
* Correlation length       =   1.030161459853E+00
* log10 Psi^2 range: -6.697934666810273 -- -2.541877602770974
* log10 Pgen range : -6.697934666810273 -- -2.541877602770974
* Site occupation (ave. no. electrons per config.):
  > Site_  ___eu____  ___ed____
      1        0.505      0.499
      2        0.499      0.499
      3        0.499      0.500
      4        0.500      0.504
      5        0.497      0.500
      6        0.501      0.498
* Pair-correlation analysis (ave. no. pairs per config.):
  > Shell  nsite  ___dh____  __eueu___  __eued___
      0      1        0          0          1.024
      1      4        1.052      1.471      3.540
      2      4        0.149      0.841      1.111
      3      4        0.074      0.417      0.552
      4      4        0.226      2.178      1.846
      5      4        0.114      1.092      0.927

VDAGGER finished.
Total VDAGGER walltime: 15m43s

Run ended: Mon 20 Oct 2025 11:14:25 PM CEST
