Run started: Tue 21 Oct 2025 07:29:50 AM CEST
Using VDAGGER_ARCH = intel23_fkfamd23_cluster
Running 1x128 MPI processes.

[LOG_CAT_SBGP] libnuma.so: cannot open shared object file: No such file or directory
[LOG_CAT_SBGP] Failed to dlopen libnuma.so. Fallback to GROUP_BY_SOCKET manual.
[LOG_CAT_SBGP] libnuma.so: cannot open shared object file: No such file or directory
[LOG_CAT_SBGP] Failed to dlopen libnuma.so. Fallback to GROUP_BY_SOCKET manual.
[LOG_CAT_SBGP] libnuma.so: cannot open shared object file: No such file or directory
[LOG_CAT_SBGP] libnuma.so: cannot open shared object file: No such file or directory
[LOG_CAT_SBGP] Failed to dlopen libnuma.so. Fallback to GROUP_BY_SOCKET manual.
[LOG_CAT_SBGP] libnuma.so: cannot open shared object file: No such file or directory
[LOG_CAT_SBGP] Failed to dlopen libnuma.so. Fallback to GROUP_BY_SOCKET manual.
[LOG_CAT_SBGP] libnuma.so: cannot open shared object file: No such file or directory
[LOG_CAT_SBGP] Failed to dlopen libnuma.so. Fallback to GROUP_BY_SOCKET manual.
[LOG_CAT_SBGP] libnuma.so: cannot open shared object file: No such file or directory
[LOG_CAT_SBGP] Failed to dlopen libnuma.so. Fallback to GROUP_BY_SOCKET manual.
[LOG_CAT_SBGP] libnuma.so: cannot open shared object file: No such file or directory
[LOG_CAT_SBGP] Failed to dlopen libnuma.so. Fallback to GROUP_BY_SOCKET manual.
[LOG_CAT_SBGP] libnuma.so: cannot open shared object file: No such file or directory
[LOG_CAT_SBGP] Failed to dlopen libnuma.so. Fallback to GROUP_BY_SOCKET manual.
[LOG_CAT_SBGP] libnuma.so: cannot open shared object file: No such file or directory
[LOG_CAT_SBGP] Failed to dlopen libnuma.so. Fallback to GROUP_BY_SOCKET manual.
[LOG_CAT_SBGP] libnuma.so: cannot open shared object file: No such file or directory
[LOG_CAT_SBGP] Failed to dlopen libnuma.so. Fallback to GROUP_BY_SOCKET manual.
[LOG_CAT_SBGP] libnuma.so: cannot open shared object file: No such file or directory
[LOG_CAT_SBGP] Failed to dlopen libnuma.so. Fallback to GROUP_BY_SOCKET manual.
[LOG_CAT_SBGP] libnuma.so: cannot open shared object file: No such file or directory
[LOG_CAT_SBGP] Failed to dlopen libnuma.so. Fallback to GROUP_BY_SOCKET manual.
[LOG_CAT_SBGP] libnuma.so: cannot open shared object file: No such file or directory
[LOG_CAT_SBGP] Failed to dlopen libnuma.so. Fallback to GROUP_BY_SOCKET manual.
[LOG_CAT_SBGP] libnuma.so: cannot open shared object file: No such file or directory
[LOG_CAT_SBGP] Failed to dlopen libnuma.so. Fallback to GROUP_BY_SOCKET manual.
[LOG_CAT_SBGP] libnuma.so: cannot open shared object file: No such file or directory
[LOG_CAT_SBGP] Failed to dlopen libnuma.so. Fallback to GROUP_BY_SOCKET manual.
[LOG_CAT_SBGP] libnuma.so: cannot open shared object file: No such file or directory
[LOG_CAT_SBGP] Failed to dlopen libnuma.so. Fallback to GROUP_BY_SOCKET manual.
[LOG_CAT_SBGP] libnuma.so: cannot open shared object file: No such file or directory
[LOG_CAT_SBGP] Failed to dlopen libnuma.so. Fallback to GROUP_BY_SOCKET manual.
[LOG_CAT_SBGP] libnuma.so: cannot open shared object file: No such file or directory
[LOG_CAT_SBGP] Failed to dlopen libnuma.so. Fallback to GROUP_BY_SOCKET manual.
[LOG_CAT_SBGP] libnuma.so: cannot open shared object file: No such file or directory
[LOG_CAT_SBGP] Failed to dlopen libnuma.so. Fallback to GROUP_BY_SOCKET manual.
[LOG_CAT_SBGP] libnuma.so: cannot open shared object file: No such file or directory
[LOG_CAT_SBGP] Failed to dlopen libnuma.so. Fallback to GROUP_BY_SOCKET manual.
[LOG_CAT_SBGP] libnuma.so: cannot open shared object file: No such file or directory
[LOG_CAT_SBGP] Failed to dlopen libnuma.so. Fallback to GROUP_BY_SOCKET manual.
[LOG_CAT_SBGP] libnuma.so: cannot open shared object file: No such file or directory
[LOG_CAT_SBGP] Failed to dlopen libnuma.so. Fallback to GROUP_BY_SOCKET manual.
[LOG_CAT_SBGP] libnuma.so: cannot open shared object file: No such file or directory
[LOG_CAT_SBGP] Failed to dlopen libnuma.so. Fallback to GROUP_BY_SOCKET manual.
[LOG_CAT_SBGP] libnuma.so: cannot open shared object file: No such file or directory
[LOG_CAT_SBGP] Failed to dlopen libnuma.so. Fallback to GROUP_BY_SOCKET manual.
[LOG_CAT_SBGP] libnuma.so: cannot open shared object file: No such file or directory
[LOG_CAT_SBGP] Failed to dlopen libnuma.so. Fallback to GROUP_BY_SOCKET manual.
[LOG_CAT_SBGP] libnuma.so: cannot open shared object file: No such file or directory
[LOG_CAT_SBGP] Failed to dlopen libnuma.so. Fallback to GROUP_BY_SOCKET manual.
[LOG_CAT_SBGP] libnuma.so: cannot open shared object file: No such file or directory
[LOG_CAT_SBGP] Failed to dlopen libnuma.so. Fallback to GROUP_BY_SOCKET manual.
[LOG_CAT_SBGP] libnuma.so: cannot open shared object file: No such file or directory
[LOG_CAT_SBGP] Failed to dlopen libnuma.so. Fallback to GROUP_BY_SOCKET manual.
[LOG_CAT_SBGP] libnuma.so: cannot open shared object file: No such file or directory
[LOG_CAT_SBGP] Failed to dlopen libnuma.so. Fallback to GROUP_BY_SOCKET manual.
[LOG_CAT_SBGP] libnuma.so: cannot open shared object file: No such file or directory
[LOG_CAT_SBGP] Failed to dlopen libnuma.so. Fallback to GROUP_BY_SOCKET manual.
[LOG_CAT_SBGP] libnuma.so: cannot open shared object file: No such file or directory
[LOG_CAT_SBGP] Failed to dlopen libnuma.so. Fallback to GROUP_BY_SOCKET manual.
[LOG_CAT_SBGP] libnuma.so: cannot open shared object file: No such file or directory
[LOG_CAT_SBGP] Failed to dlopen libnuma.so. Fallback to GROUP_BY_SOCKET manual.
[LOG_CAT_SBGP] libnuma.so: cannot open shared object file: No such file or directory
[LOG_CAT_SBGP] Failed to dlopen libnuma.so. Fallback to GROUP_BY_SOCKET manual.
[LOG_CAT_SBGP] libnuma.so: cannot open shared object file: No such file or directory
[LOG_CAT_SBGP] Failed to dlopen libnuma.so. Fallback to GROUP_BY_SOCKET manual.
[LOG_CAT_SBGP] libnuma.so: cannot open shared object file: No such file or directory
[LOG_CAT_SBGP] Failed to dlopen libnuma.so. Fallback to GROUP_BY_SOCKET manual.
[LOG_CAT_SBGP] libnuma.so: cannot open shared object file: No such file or directory
[LOG_CAT_SBGP] Failed to dlopen libnuma.so. Fallback to GROUP_BY_SOCKET manual.
[LOG_CAT_SBGP] libnuma.so: cannot open shared object file: No such file or directory
[LOG_CAT_SBGP] Failed to dlopen libnuma.so. Fallback to GROUP_BY_SOCKET manual.
[LOG_CAT_SBGP] libnuma.so: cannot open shared object file: No such file or directory
[LOG_CAT_SBGP] Failed to dlopen libnuma.so. Fallback to GROUP_BY_SOCKET manual.
[LOG_CAT_SBGP] libnuma.so: cannot open shared object file: No such file or directory
[LOG_CAT_SBGP] Failed to dlopen libnuma.so. Fallback to GROUP_BY_SOCKET manual.
[LOG_CAT_SBGP] libnuma.so: cannot open shared object file: No such file or directory
[LOG_CAT_SBGP] Failed to dlopen libnuma.so. Fallback to GROUP_BY_SOCKET manual.
[LOG_CAT_SBGP] libnuma.so: cannot open shared object file: No such file or directory
[LOG_CAT_SBGP] Failed to dlopen libnuma.so. Fallback to GROUP_BY_SOCKET manual.
[LOG_CAT_SBGP] libnuma.so: cannot open shared object file: No such file or directory
[LOG_CAT_SBGP] Failed to dlopen libnuma.so. Fallback to GROUP_BY_SOCKET manual.
[LOG_CAT_SBGP] libnuma.so: cannot open shared object file: No such file or directory
[LOG_CAT_SBGP] Failed to dlopen libnuma.so. Fallback to GROUP_BY_SOCKET manual.
[LOG_CAT_SBGP] libnuma.so: cannot open shared object file: No such file or directory
[LOG_CAT_SBGP] Failed to dlopen libnuma.so. Fallback to GROUP_BY_SOCKET manual.
[LOG_CAT_SBGP] libnuma.so: cannot open shared object file: No such file or directory
[LOG_CAT_SBGP] Failed to dlopen libnuma.so. Fallback to GROUP_BY_SOCKET manual.
[LOG_CAT_SBGP] libnuma.so: cannot open shared object file: No such file or directory
[LOG_CAT_SBGP] Failed to dlopen libnuma.so. Fallback to GROUP_BY_SOCKET manual.
[LOG_CAT_SBGP] libnuma.so: cannot open shared object file: No such file or directory
[LOG_CAT_SBGP] Failed to dlopen libnuma.so. Fallback to GROUP_BY_SOCKET manual.
[LOG_CAT_SBGP] libnuma.so: cannot open shared object file: No such file or directory
[LOG_CAT_SBGP] Failed to dlopen libnuma.so. Fallback to GROUP_BY_SOCKET manual.
[LOG_CAT_SBGP] libnuma.so: cannot open shared object file: No such file or directory
[LOG_CAT_SBGP] Failed to dlopen libnuma.so. Fallback to GROUP_BY_SOCKET manual.
[LOG_CAT_SBGP] libnuma.so: cannot open shared object file: No such file or directory
[LOG_CAT_SBGP] Failed to dlopen libnuma.so. Fallback to GROUP_BY_SOCKET manual.
[LOG_CAT_SBGP] libnuma.so: cannot open shared object file: No such file or directory
[LOG_CAT_SBGP] Failed to dlopen libnuma.so. Fallback to GROUP_BY_SOCKET manual.
[LOG_CAT_SBGP] libnuma.so: cannot open shared object file: No such file or directory
[LOG_CAT_SBGP] Failed to dlopen libnuma.so. Fallback to GROUP_BY_SOCKET manual.
[LOG_CAT_SBGP] libnuma.so: cannot open shared object file: No such file or directory
[LOG_CAT_SBGP] Failed to dlopen libnuma.so. Fallback to GROUP_BY_SOCKET manual.
[LOG_CAT_SBGP] libnuma.so: cannot open shared object file: No such file or directory
[LOG_CAT_SBGP] Failed to dlopen libnuma.so. Fallback to GROUP_BY_SOCKET manual.
[LOG_CAT_SBGP] libnuma.so: cannot open shared object file: No such file or directory
[LOG_CAT_SBGP] Failed to dlopen libnuma.so. Fallback to GROUP_BY_SOCKET manual.
[LOG_CAT_SBGP] libnuma.so: cannot open shared object file: No such file or directory
[LOG_CAT_SBGP] Failed to dlopen libnuma.so. Fallback to GROUP_BY_SOCKET manual.
[LOG_CAT_SBGP] libnuma.so: cannot open shared object file: No such file or directory
[LOG_CAT_SBGP] Failed to dlopen libnuma.so. Fallback to GROUP_BY_SOCKET manual.
[LOG_CAT_SBGP] libnuma.so: cannot open shared object file: No such file or directory
[LOG_CAT_SBGP] Failed to dlopen libnuma.so. Fallback to GROUP_BY_SOCKET manual.
[LOG_CAT_SBGP] libnuma.so: cannot open shared object file: No such file or directory
[LOG_CAT_SBGP] Failed to dlopen libnuma.so. Fallback to GROUP_BY_SOCKET manual.
[LOG_CAT_SBGP] libnuma.so: cannot open shared object file: No such file or directory
[LOG_CAT_SBGP] Failed to dlopen libnuma.so. Fallback to GROUP_BY_SOCKET manual.
[LOG_CAT_SBGP] libnuma.so: cannot open shared object file: No such file or directory
[LOG_CAT_SBGP] Failed to dlopen libnuma.so. Fallback to GROUP_BY_SOCKET manual.
[LOG_CAT_SBGP] libnuma.so: cannot open shared object file: No such file or directory
[LOG_CAT_SBGP] Failed to dlopen libnuma.so. Fallback to GROUP_BY_SOCKET manual.
[LOG_CAT_SBGP] libnuma.so: cannot open shared object file: No such file or directory
[LOG_CAT_SBGP] Failed to dlopen libnuma.so. Fallback to GROUP_BY_SOCKET manual.
[LOG_CAT_SBGP] libnuma.so: cannot open shared object file: No such file or directory
[LOG_CAT_SBGP] Failed to dlopen libnuma.so. Fallback to GROUP_BY_SOCKET manual.
[LOG_CAT_SBGP] libnuma.so: cannot open shared object file: No such file or directory
[LOG_CAT_SBGP] Failed to dlopen libnuma.so. Fallback to GROUP_BY_SOCKET manual.
[LOG_CAT_SBGP] libnuma.so: cannot open shared object file: No such file or directory
[LOG_CAT_SBGP] Failed to dlopen libnuma.so. Fallback to GROUP_BY_SOCKET manual.
[LOG_CAT_SBGP] libnuma.so: cannot open shared object file: No such file or directory
[LOG_CAT_SBGP] Failed to dlopen libnuma.so. Fallback to GROUP_BY_SOCKET manual.
[LOG_CAT_SBGP] libnuma.so: cannot open shared object file: No such file or directory
[LOG_CAT_SBGP] Failed to dlopen libnuma.so. Fallback to GROUP_BY_SOCKET manual.
[LOG_CAT_SBGP] libnuma.so: cannot open shared object file: No such file or directory
[LOG_CAT_SBGP] Failed to dlopen libnuma.so. Fallback to GROUP_BY_SOCKET manual.
[LOG_CAT_SBGP] libnuma.so: cannot open shared object file: No such file or directory
[LOG_CAT_SBGP] Failed to dlopen libnuma.so. Fallback to GROUP_BY_SOCKET manual.
[LOG_CAT_SBGP] libnuma.so: cannot open shared object file: No such file or directory
[LOG_CAT_SBGP] Failed to dlopen libnuma.so. Fallback to GROUP_BY_SOCKET manual.
[LOG_CAT_SBGP] libnuma.so: cannot open shared object file: No such file or directory
[LOG_CAT_SBGP] Failed to dlopen libnuma.so. Fallback to GROUP_BY_SOCKET manual.
[LOG_CAT_SBGP] libnuma.so: cannot open shared object file: No such file or directory
[LOG_CAT_SBGP] Failed to dlopen libnuma.so. Fallback to GROUP_BY_SOCKET manual.
[LOG_CAT_SBGP] libnuma.so: cannot open shared object file: No such file or directory
[LOG_CAT_SBGP] Failed to dlopen libnuma.so. Fallback to GROUP_BY_SOCKET manual.
[LOG_CAT_SBGP] libnuma.so: cannot open shared object file: No such file or directory
[LOG_CAT_SBGP] Failed to dlopen libnuma.so. Fallback to GROUP_BY_SOCKET manual.
[LOG_CAT_SBGP] libnuma.so: cannot open shared object file: No such file or directory
[LOG_CAT_SBGP] Failed to dlopen libnuma.so. Fallback to GROUP_BY_SOCKET manual.
[LOG_CAT_SBGP] libnuma.so: cannot open shared object file: No such file or directory
[LOG_CAT_SBGP] Failed to dlopen libnuma.so. Fallback to GROUP_BY_SOCKET manual.
[LOG_CAT_SBGP] libnuma.so: cannot open shared object file: No such file or directory
[LOG_CAT_SBGP] Failed to dlopen libnuma.so. Fallback to GROUP_BY_SOCKET manual.
[LOG_CAT_SBGP] libnuma.so: cannot open shared object file: No such file or directory
[LOG_CAT_SBGP] Failed to dlopen libnuma.so. Fallback to GROUP_BY_SOCKET manual.
[LOG_CAT_SBGP] libnuma.so: cannot open shared object file: No such file or directory
[LOG_CAT_SBGP] Failed to dlopen libnuma.so. Fallback to GROUP_BY_SOCKET manual.
[LOG_CAT_SBGP] libnuma.so: cannot open shared object file: No such file or directory
[LOG_CAT_SBGP] Failed to dlopen libnuma.so. Fallback to GROUP_BY_SOCKET manual.
[LOG_CAT_SBGP] libnuma.so: cannot open shared object file: No such file or directory
[LOG_CAT_SBGP] Failed to dlopen libnuma.so. Fallback to GROUP_BY_SOCKET manual.
[LOG_CAT_SBGP] libnuma.so: cannot open shared object file: No such file or directory
[LOG_CAT_SBGP] Failed to dlopen libnuma.so. Fallback to GROUP_BY_SOCKET manual.
[LOG_CAT_SBGP] libnuma.so: cannot open shared object file: No such file or directory
[LOG_CAT_SBGP] Failed to dlopen libnuma.so. Fallback to GROUP_BY_SOCKET manual.
[LOG_CAT_SBGP] libnuma.so: cannot open shared object file: No such file or directory
[LOG_CAT_SBGP] Failed to dlopen libnuma.so. Fallback to GROUP_BY_SOCKET manual.
[LOG_CAT_SBGP] libnuma.so: cannot open shared object file: No such file or directory
[LOG_CAT_SBGP] Failed to dlopen libnuma.so. Fallback to GROUP_BY_SOCKET manual.
[LOG_CAT_SBGP] libnuma.so: cannot open shared object file: No such file or directory
[LOG_CAT_SBGP] Failed to dlopen libnuma.so. Fallback to GROUP_BY_SOCKET manual.
[LOG_CAT_SBGP] libnuma.so: cannot open shared object file: No such file or directory
[LOG_CAT_SBGP] Failed to dlopen libnuma.so. Fallback to GROUP_BY_SOCKET manual.
[LOG_CAT_SBGP] libnuma.so: cannot open shared object file: No such file or directory
[LOG_CAT_SBGP] Failed to dlopen libnuma.so. Fallback to GROUP_BY_SOCKET manual.
[LOG_CAT_SBGP] libnuma.so: cannot open shared object file: No such file or directory
[LOG_CAT_SBGP] Failed to dlopen libnuma.so. Fallback to GROUP_BY_SOCKET manual.
[LOG_CAT_SBGP] libnuma.so: cannot open shared object file: No such file or directory
[LOG_CAT_SBGP] Failed to dlopen libnuma.so. Fallback to GROUP_BY_SOCKET manual.
[LOG_CAT_SBGP] Failed to dlopen libnuma.so. Fallback to GROUP_BY_SOCKET manual.
[LOG_CAT_SBGP] libnuma.so: cannot open shared object file: No such file or directory
[LOG_CAT_SBGP] Failed to dlopen libnuma.so. Fallback to GROUP_BY_SOCKET manual.
[LOG_CAT_SBGP] libnuma.so: cannot open shared object file: No such file or directory
[LOG_CAT_SBGP] Failed to dlopen libnuma.so. Fallback to GROUP_BY_SOCKET manual.
[LOG_CAT_SBGP] libnuma.so: cannot open shared object file: No such file or directory
[LOG_CAT_SBGP] Failed to dlopen libnuma.so. Fallback to GROUP_BY_SOCKET manual.
[LOG_CAT_SBGP] libnuma.so: cannot open shared object file: No such file or directory
[LOG_CAT_SBGP] Failed to dlopen libnuma.so. Fallback to GROUP_BY_SOCKET manual.
[LOG_CAT_SBGP] libnuma.so: cannot open shared object file: No such file or directory
[LOG_CAT_SBGP] Failed to dlopen libnuma.so. Fallback to GROUP_BY_SOCKET manual.
[LOG_CAT_SBGP] libnuma.so: cannot open shared object file: No such file or directory
[LOG_CAT_SBGP] Failed to dlopen libnuma.so. Fallback to GROUP_BY_SOCKET manual.
[LOG_CAT_SBGP] libnuma.so: cannot open shared object file: No such file or directory
[LOG_CAT_SBGP] Failed to dlopen libnuma.so. Fallback to GROUP_BY_SOCKET manual.
[LOG_CAT_SBGP] libnuma.so: cannot open shared object file: No such file or directory
[LOG_CAT_SBGP] Failed to dlopen libnuma.so. Fallback to GROUP_BY_SOCKET manual.
[LOG_CAT_SBGP] libnuma.so: cannot open shared object file: No such file or directory
[LOG_CAT_SBGP] Failed to dlopen libnuma.so. Fallback to GROUP_BY_SOCKET manual.
[LOG_CAT_SBGP] libnuma.so: cannot open shared object file: No such file or directory
[LOG_CAT_SBGP] Failed to dlopen libnuma.so. Fallback to GROUP_BY_SOCKET manual.
[LOG_CAT_SBGP] libnuma.so: cannot open shared object file: No such file or directory
[LOG_CAT_SBGP] Failed to dlopen libnuma.so. Fallback to GROUP_BY_SOCKET manual.
[LOG_CAT_SBGP] libnuma.so: cannot open shared object file: No such file or directory
[LOG_CAT_SBGP] Failed to dlopen libnuma.so. Fallback to GROUP_BY_SOCKET manual.
[LOG_CAT_SBGP] libnuma.so: cannot open shared object file: No such file or directory
[LOG_CAT_SBGP] Failed to dlopen libnuma.so. Fallback to GROUP_BY_SOCKET manual.
[LOG_CAT_SBGP] libnuma.so: cannot open shared object file: No such file or directory
[LOG_CAT_SBGP] Failed to dlopen libnuma.so. Fallback to GROUP_BY_SOCKET manual.
[LOG_CAT_SBGP] libnuma.so: cannot open shared object file: No such file or directory
[LOG_CAT_SBGP] Failed to dlopen libnuma.so. Fallback to GROUP_BY_SOCKET manual.
[LOG_CAT_SBGP] libnuma.so: cannot open shared object file: No such file or directory
[LOG_CAT_SBGP] Failed to dlopen libnuma.so. Fallback to GROUP_BY_SOCKET manual.
[LOG_CAT_SBGP] libnuma.so: cannot open shared object file: No such file or directory
[LOG_CAT_SBGP] Failed to dlopen libnuma.so. Fallback to GROUP_BY_SOCKET manual.
[LOG_CAT_SBGP] libnuma.so: cannot open shared object file: No such file or directory
[LOG_CAT_SBGP] Failed to dlopen libnuma.so. Fallback to GROUP_BY_SOCKET manual.
[LOG_CAT_SBGP] libnuma.so: cannot open shared object file: No such file or directory
[LOG_CAT_SBGP] Failed to dlopen libnuma.so. Fallback to GROUP_BY_SOCKET manual.
[LOG_CAT_SBGP] libnuma.so: cannot open shared object file: No such file or directory
[LOG_CAT_SBGP] Failed to dlopen libnuma.so. Fallback to GROUP_BY_SOCKET manual.
[LOG_CAT_SBGP] libnuma.so: cannot open shared object file: No such file or directory
[LOG_CAT_SBGP] Failed to dlopen libnuma.so. Fallback to GROUP_BY_SOCKET manual.
[LOG_CAT_SBGP] libnuma.so: cannot open shared object file: No such file or directory
[LOG_CAT_SBGP] Failed to dlopen libnuma.so. Fallback to GROUP_BY_SOCKET manual.
[LOG_CAT_SBGP] libnuma.so: cannot open shared object file: No such file or directory
[LOG_CAT_SBGP] Failed to dlopen libnuma.so. Fallback to GROUP_BY_SOCKET manual.
[LOG_CAT_SBGP] libnuma.so: cannot open shared object file: No such file or directory
[LOG_CAT_SBGP] Failed to dlopen libnuma.so. Fallback to GROUP_BY_SOCKET manual.
[LOG_CAT_SBGP] libnuma.so: cannot open shared object file: No such file or directory
[LOG_CAT_SBGP] Failed to dlopen libnuma.so. Fallback to GROUP_BY_SOCKET manual.
[LOG_CAT_SBGP] libnuma.so: cannot open shared object file: No such file or directory
[LOG_CAT_SBGP] Failed to dlopen libnuma.so. Fallback to GROUP_BY_SOCKET manual.
[LOG_CAT_SBGP] libnuma.so: cannot open shared object file: No such file or directory
[LOG_CAT_SBGP] Failed to dlopen libnuma.so. Fallback to GROUP_BY_SOCKET manual.
[LOG_CAT_SBGP] libnuma.so: cannot open shared object file: No such file or directory
[LOG_CAT_SBGP] Failed to dlopen libnuma.so. Fallback to GROUP_BY_SOCKET manual.
[LOG_CAT_SBGP] libnuma.so: cannot open shared object file: No such file or directory
[LOG_CAT_SBGP] Failed to dlopen libnuma.so. Fallback to GROUP_BY_SOCKET manual.
[LOG_CAT_SBGP] libnuma.so: cannot open shared object file: No such file or directory
[LOG_CAT_SBGP] Failed to dlopen libnuma.so. Fallback to GROUP_BY_SOCKET manual.
[LOG_CAT_SBGP] libnuma.so: cannot open shared object file: No such file or directory
[LOG_CAT_SBGP] Failed to dlopen libnuma.so. Fallback to GROUP_BY_SOCKET manual.
[LOG_CAT_SBGP] libnuma.so: cannot open shared object file: No such file or directory
[LOG_CAT_SBGP] Failed to dlopen libnuma.so. Fallback to GROUP_BY_SOCKET manual.
[LOG_CAT_SBGP] libnuma.so: cannot open shared object file: No such file or directory
[LOG_CAT_SBGP] Failed to dlopen libnuma.so. Fallback to GROUP_BY_SOCKET manual.
[LOG_CAT_SBGP] libnuma.so: cannot open shared object file: No such file or directory
[LOG_CAT_SBGP] Failed to dlopen libnuma.so. Fallback to GROUP_BY_SOCKET manual.
[LOG_CAT_SBGP] libnuma.so: cannot open shared object file: No such file or directory
[LOG_CAT_SBGP] Failed to dlopen libnuma.so. Fallback to GROUP_BY_SOCKET manual.
[LOG_CAT_SBGP] libnuma.so: cannot open shared object file: No such file or directory
[LOG_CAT_SBGP] Failed to dlopen libnuma.so. Fallback to GROUP_BY_SOCKET manual.
                               xx
                              +##
                               #X
                               Xx
                          X##XxXxxX##x
                           +   Xx  ++
                               ##
                              +##
                              +##
     ++++         ++          +##
   xX+++##+      ####         +##
  Xx    ###      +X##          ##
 xX    X##+        ##          #X
 +    x##X         #x          #X
      ###         +#           x+
     X##+         #+
     ###         Xx                    _______
     ##X       +X+   __________________VDAGGER
     +##x    +xX     2nd quantized variational
       +xxxxx+       ______quantum Monte Carlo

* Running 128 MPI processes.
* Input file: "input.casl"

############# Start of input file dump #############
General:
  Random seed: timer

Plan:
  VMC-optimization:
    Minimum cycles: 10
    Convergence cycles: 5

System:
  Read Hamiltonian: FCIDUMP_loc_benzene
  Read orbitals: LTSC_benzene
  Complex orbitals: F
  Geometry:
    r_5: [ 0.00000000000000, 2.63994739601739 ]
    r_4: [ 2.28626150960564, 1.31997369800870 ]
    r_6: [ 2.28626150960564, -1.31997369800870 ]
    r_2: [ 0.00000000000000, -2.63994739601739 ]
    r_3: [ -2.28626150960564, -1.31997369800870 ]
    r_1: [ -2.28626150960564, 1.31997369800870 ]

VMC:
  nstep: 500000
  nconfig: 100000

Jastrow: wfn.casl

Backflow: wfn.casl

Multideterminants: wfn.casl
############## End of input file dump ##############

General setup:
* Random seed: 909935162 (from timer)

* Loaded integrals for system with nelec=6, ms2=0, norb=6
* INFO: setting number of electrons from integrals file.
* Analysis of Hamiltonian connecitivity performed:
  - T_ii (local, 1-site): 6 (i) values
  - U_iiii [opp] (local, 1-site): 6 (i) values
  - U_kkii [opp] (local, 2-site): 30 contribs. from 6 (i) values
  - U_kkii [par] (local, 2-site): 15 contribs. from 5 (i) values
  - T_ji (single, 2-site): 30 contribs. from 6 (i) values
  - U_kkji [opp] (single, 2/3-site): 180 contribs. from 30 (i,j) pairs
  - U_kkji [par] (single, 3-site): 150 contribs. from 30 (i,j) pairs
  - U_lkji [opp] (double, 2/3/4-site): 900 contribs. from 30 (i,j) pairs
  - U_lkji [par] (double, 4-site): 170 contribs. from 20 (i,j) pairs
  - Max. no. wfn. ratios in Eloc: 255
* Reading override orbitals from file "LTSC_benzene".
* Site labels:
  +-----+
  |  5  |
  |1   4|
  |3   6|
  |  2  |
  +-----+
* Automatically set Site kinds:
  [ 1, 1, 1, 1, 1, 1 ]
  +-----+
  |  1  |
  |1   1|
  |1   1|
  |  1  |
  +-----+
* Maximum Site kind: 1
* Number of site-pair kinds with Tij=0: 0
* Automatically set Site pair kinds:
  Site 1: [ 0, 4, 1, -5, -1, -2 ]
  Site 2: [ 4, 0, 1, -4, -3, -1 ]
  Site 3: [ 1, 1, 0, -2, -4, -5 ]
  Site 4: [ -5, -4, -2, 0, 1, 1 ]
  Site 5: [ -1, -3, -4, 1, 0, 4 ]
  Site 6: [ -2, -1, -5, 1, 4, 0 ]
  For site 1 of kind 1:
  +--------+
  |   -1   |
  | 0    -5|
  | 1    -2|
  |    4   |
  +--------+
* Maximum (unsigned) Site pair kind: 5
General system setup:
* Number of sites       : 6
* Number of electrons   : 6
* Spin imbalance MS2    : 0
* Filling               : 0.500000
* Number of orbitals in pool: 6
* Using real-valued orbitals
* Using double-precision arithmetic for orbitals

Trial wave function setup:
* Jastrow parameter file: "wfn.casl"
* Multideterminant parameter file: "wfn.casl"
* Backflow parameter file: "wfn.casl"
* Not using wave function manipulation

VMC #1:
* Size of Hilbert space =   4.0000E+02
* Deterministic energy evaluation:
  > Deterministic Etot/t = -230.7002767323265
    - Ttot/t = -10.36267746596409
    - Utot/t = 3.904892587785464
* Number of equil. steps   = 1000
* Running VMC equilibration.
  Done. [total walltime: 0.12s]
* Equil. acc.ratio (%)     =  42.8543
* Sample config after equilibration:
  +-----+
  |  d  |
  |d   u|
  |u   u|
  |  d  |
  +-----+
* Number of accum. steps   = 500480 x 10
* Running VMC accumulation.
  Done. [total walltime: 14.3s]
* Acceptance ratio (%)     =  42.8533
* Etot/t                   =  -2.307002728530E+02 +/-   1.736986162963E-06
  > Ttot/t                 =  -1.036234377683E+01 +/-   2.873658555518E-04
  > Utot/t                 =   3.904562777896E+00 +/-   2.862219836447E-04
* var[Eloc/t]              =   1.550147472143E-06 +/-   2.405861515361E-08
* Correlation length       =   9.741064707355E-01
* log10 Psi^2 range: -6.697934755433200 -- -2.541877602770637
* log10 Pgen range : -6.697934755433200 -- -2.541877602770637
* Site occupation (ave. no. electrons per config.):
  > Site_  ___eu____  ___ed____
      1        0.501      0.499
      2        0.496      0.503
      3        0.500      0.499
      4        0.500      0.498
      5        0.500      0.502
      6        0.502      0.498
* Pair-correlation analysis (ave. no. pairs per config.):
  > Shell  nsite  ___dh____  __eueu___  __eued___
      0      1        0          0          1.027
      1      4        1.054      1.480      3.533
      2      4        0.149      0.842      1.108
      3      4        0.075      0.423      0.554
      4      4        0.234      2.170      1.852
      5      4        0.115      1.085      0.926

Optimization #1:
* Method          : lls
* Target function : energy
* No. of configs. : 100096
* No. of params.  : 44
* Before optimization:
  -8.8195E-01   2.9865E-01  -8.9844E-02  -8.9688E-02   1.1024E-02   1.0251E-02
  -1.6564E-01  -1.5597E-01   3.2928E-02   5.4171E-02   3.5207E-02   5.1861E-02
   1.4018E-03  -2.3556E-03  -1.8437E-02  -1.6927E-02   1.6478E-02   9.0803E-03
  -4.0715E-03   3.9830E-03  -9.0110E-03   8.8045E-03   9.6012E-05   8.1565E-01
  -4.2716E-02   1.0946E-02   1.2190E-02  -3.1184E-02  -3.1172E-02  -2.2597E-02
   3.3640E-02   3.4060E-02  -9.5785E-03  -1.0674E-02   6.7838E-02   8.9971E-02
   9.0551E-02   2.9279E-02   3.0523E-02   3.0035E-02   1.0310E-01   1.0325E-01
   3.9831E-02   3.9753E-02
  > E    =  -2.307002743356E+02 +/-   4.084507167073E-06
  > varE =   1.669921466871E-06
* Computing derivatives.
    [walltime: 1m elapsed, 20.3s remaining]
  Done. [total walltime: 1m20s]
* Optimizing manipulation constant:
  #igrid a___________ E____________________________________ varE____________
     1     Infinity    -2.30700274E+02 +/-   4.08450717E-06   1.66992147E-06
     2     1.0000E+06  -2.30700274E+02 +/-   4.08450350E-06   1.66991847E-06
     3     2.1544E+05  -2.30700274E+02 +/-   4.08449025E-06   1.66990763E-06
     4     4.6416E+04  -2.30700274E+02 +/-   4.08443066E-06   1.66985891E-06
     5     1.0000E+04  -2.30700274E+02 +/-   4.08419590E-06   1.66966696E-06
     6     2.1544E+03  -2.30700274E+02 +/-   4.08400656E-06   1.66951215E-06
     7     4.6416E+02  -2.30700274E+02 +/-   4.10265689E-06   1.68479520E-06
     8     1.0000E+02  -2.30700273E+02 +/-   4.68220056E-06   2.19440482E-06
     9     2.1544E+01  -2.30700190E+02 +/-   2.36628654E-05   5.60468731E-05
    10     4.6416E+00  -2.30677361E+02 +/-   4.15728279E-04   1.72995919E-02
    11     1.0000E+00  -2.30007926E+02 +/-   1.81054231E-03   3.28121041E-01
    12     2.1544E-01  -2.30006318E+02 +/-   1.80272813E-03   3.25294855E-01
    13     4.6416E-02  -2.30006050E+02 +/-   1.81010199E-03   3.27961462E-01
    14     1.0000E-02  -2.30006257E+02 +/-   1.81040497E-03   3.28071264E-01
    15     2.1544E-03  -2.30006539E+02 +/-   1.81039132E-03   3.28066315E-01
    16     4.6416E-04  -2.30007066E+02 +/-   1.81026040E-03   3.28018867E-01
    17     1.0000E-04  -2.30007683E+02 +/-   1.81003705E-03   3.27937930E-01
    18     2.1544E-05  -2.30007961E+02 +/-   1.80992511E-03   3.27897369E-01
    19     4.6416E-06  -2.30008036E+02 +/-   1.80989453E-03   3.27886290E-01
    20     1.0000E-06  -2.30008052E+02 +/-   1.80988757E-03   3.27883768E-01
    21     0.0000E+00  -2.30008057E+02 +/-   1.80988563E-03   3.27883066E-01
* Iteration # 1: E =  -2.307002743362E+02 +/-   4.084006562388E-06
* Convergence: exiting.
* After optimization:
  -8.8430E-01   2.9865E-01  -8.9839E-02  -8.9682E-02   1.1022E-02   1.0250E-02
  -1.6564E-01  -1.5596E-01   3.2925E-02   5.4168E-02   3.5206E-02   5.1856E-02
   1.4028E-03  -2.3559E-03  -1.8443E-02  -1.6935E-02   1.6485E-02   9.0802E-03
  -4.0684E-03   3.9799E-03  -9.0073E-03   8.8008E-03   9.6389E-05   8.1662E-01
  -4.2732E-02   1.0953E-02   1.2199E-02  -3.1215E-02  -3.1203E-02  -2.2595E-02
   3.3671E-02   3.4093E-02  -9.5917E-03  -1.0689E-02   6.7861E-02   8.9949E-02
   9.0530E-02   2.9278E-02   3.0522E-02   3.0072E-02   1.0309E-01   1.0324E-01
   3.9824E-02   3.9747E-02
  > Energy =  -2.307002743362E+02 +/-   4.084006562388E-06
  > varE =   1.669512154685E-06

VMC #2:
* Size of Hilbert space =   4.0000E+02
* Deterministic energy evaluation:
  > Deterministic Etot/t = -230.7002767323868
    - Ttot/t = -10.36267724138901
    - Utot/t = 3.904892363150119
* Number of equil. steps   = 1000
* Running VMC equilibration.
  Done. [total walltime: 0.12s]
* Equil. acc.ratio (%)     =  42.7410
* Sample config after equilibration:
  +-----+
  |  0  |
  |d   2|
  |u   u|
  |  d  |
  +-----+
* Number of accum. steps   = 500480 x 10
* Running VMC accumulation.
  Done. [total walltime: 14.2s]
* Acceptance ratio (%)     =  42.8280
* Etot/t                   =  -2.307002758639E+02 +/-   1.797377224836E-06
  > Ttot/t                 =  -1.036249001711E+01 +/-   2.932244879823E-04
  > Utot/t                 =   3.904706007386E+00 +/-   2.920354488016E-04
* var[Eloc/t]              =   1.612099856490E-06 +/-   4.653108458316E-08
* Correlation length       =   1.002936082910E+00
* log10 Psi^2 range: -6.685106202233775 -- -2.542095785835459
* log10 Pgen range : -6.685106202233775 -- -2.542095785835459
* Site occupation (ave. no. electrons per config.):
  > Site_  ___eu____  ___ed____
      1        0.501      0.498
      2        0.501      0.502
      3        0.499      0.498
      4        0.501      0.499
      5        0.497      0.501
      6        0.501      0.500
* Pair-correlation analysis (ave. no. pairs per config.):
  > Shell  nsite  ___dh____  __eueu___  __eued___
      0      1        0          0          1.029
      1      4        1.058      1.479      3.529
      2      4        0.150      0.845      1.104
      3      4        0.076      0.420      0.554
      4      4        0.230      2.174      1.857
      5      4        0.117      1.082      0.927

Optimization #2:
* Method          : lls
* Target function : energy
* No. of configs. : 100096
* No. of params.  : 44
* Before optimization:
  -8.8430E-01   2.9865E-01  -8.9839E-02  -8.9682E-02   1.1022E-02   1.0250E-02
  -1.6564E-01  -1.5596E-01   3.2925E-02   5.4168E-02   3.5206E-02   5.1856E-02
   1.4028E-03  -2.3559E-03  -1.8443E-02  -1.6935E-02   1.6485E-02   9.0802E-03
  -4.0684E-03   3.9799E-03  -9.0073E-03   8.8008E-03   9.6389E-05   8.1662E-01
  -4.2732E-02   1.0953E-02   1.2199E-02  -3.1215E-02  -3.1203E-02  -2.2595E-02
   3.3671E-02   3.4093E-02  -9.5917E-03  -1.0689E-02   6.7861E-02   8.9949E-02
   9.0530E-02   2.9278E-02   3.0522E-02   3.0072E-02   1.0309E-01   1.0324E-01
   3.9824E-02   3.9747E-02
  > E    =  -2.307002762487E+02 +/-   4.041373514725E-06
  > varE =   1.634837927741E-06
* Computing derivatives.
    [walltime: 1m elapsed, 20.3s remaining]
  Done. [total walltime: 1m20s]
* Optimizing manipulation constant:
  #igrid a___________ E____________________________________ varE____________
     1     Infinity    -2.30700276E+02 +/-   4.04137351E-06   1.63483793E-06
     2     1.0000E+06  -2.30700276E+02 +/-   4.04137010E-06   1.63483516E-06
     3     2.1544E+05  -2.30700276E+02 +/-   4.04135766E-06   1.63482510E-06
     4     4.6416E+04  -2.30700276E+02 +/-   4.04129997E-06   1.63477843E-06
     5     1.0000E+04  -2.30700276E+02 +/-   4.04103304E-06   1.63456248E-06
     6     2.1544E+03  -2.30700276E+02 +/-   4.03981235E-06   1.63357511E-06
     7     4.6416E+02  -2.30700276E+02 +/-   4.03453869E-06   1.62931288E-06
     8     1.0000E+02  -2.30700276E+02 +/-   4.01837683E-06   1.61628538E-06
     9     2.1544E+01  -2.30700276E+02 +/-   4.12113753E-06   1.70000789E-06
    10     4.6416E+00  -2.30700272E+02 +/-   8.82540553E-06   7.79625550E-06
    11     1.0000E+00  -2.30699996E+02 +/-   4.90158548E-05   2.40486048E-04
    12     2.1544E-01  -2.30698857E+02 +/-   1.07922335E-04   1.16584117E-03
    13     4.6416E-02  -2.30699393E+02 +/-   8.74574204E-05   7.65614323E-04
    14     1.0000E-02  -2.30691340E+02 +/-   2.60810580E-04   6.80874600E-03
    15     2.1544E-03  -2.30694149E+02 +/-   2.17997516E-04   4.75685391E-03
    16     4.6416E-04  -2.30694446E+02 +/-   2.12917994E-04   4.53775928E-03
    17     1.0000E-04  -2.30694503E+02 +/-   2.11930944E-04   4.49578433E-03
    18     2.1544E-05  -2.30694515E+02 +/-   2.11722797E-04   4.48695761E-03
    19     4.6416E-06  -2.30694518E+02 +/-   2.11678157E-04   4.48506576E-03
    20     1.0000E-06  -2.30694518E+02 +/-   2.11668550E-04   4.48465863E-03
    21     0.0000E+00  -2.30694518E+02 +/-   2.11665912E-04   4.48454686E-03
* Iteration # 1: E =  -2.307002762879E+02 +/-   4.018376825948E-06
* Convergence: exiting.
* After optimization:
  -8.9153E-01   2.9847E-01  -8.9760E-02  -8.9603E-02   1.0956E-02   1.0197E-02
  -1.6547E-01  -1.5570E-01   3.2893E-02   5.4122E-02   3.5213E-02   5.1771E-02
   1.4272E-03  -2.3718E-03  -1.8573E-02  -1.7071E-02   1.6600E-02   9.1541E-03
  -4.0253E-03   3.9336E-03  -8.9651E-03   8.7585E-03   1.0196E-04   8.1977E-01
  -4.2673E-02   1.0889E-02   1.2143E-02  -3.1227E-02  -3.1213E-02  -2.2367E-02
   3.3697E-02   3.4130E-02  -9.7153E-03  -1.0820E-02   6.7784E-02   8.9508E-02
   9.0085E-02   2.9179E-02   3.0434E-02   3.0466E-02   1.0273E-01   1.0288E-01
   3.9559E-02   3.9483E-02
  > Energy =  -2.307002762879E+02 +/-   4.018376825948E-06
  > varE =   1.616285377354E-06

VMC #3:
* Size of Hilbert space =   4.0000E+02
* Deterministic energy evaluation:
  > Deterministic Etot/t = -230.7002767503991
    - Ttot/t = -10.36267708380490
    - Utot/t = 3.904892187553621
* Number of equil. steps   = 1000
* Running VMC equilibration.
  Done. [total walltime: 0.12s]
* Equil. acc.ratio (%)     =  42.6017
* Sample config after equilibration:
  +-----+
  |  u  |
  |0   d|
  |2   d|
  |  u  |
  +-----+
* Number of accum. steps   = 500480 x 10
* Running VMC accumulation.
  Done. [total walltime: 14.2s]
* Acceptance ratio (%)     =  42.7341
* Etot/t                   =  -2.307002753543E+02 +/-   1.767187549187E-06
  > Ttot/t                 =  -1.036214719264E+01 +/-   2.969067360021E-04
  > Utot/t                 =   3.904363692524E+00 +/-   2.957278529207E-04
* var[Eloc/t]              =   1.569047085086E-06 +/-   3.860329693984E-08
* Correlation length       =   9.961300388862E-01
* log10 Psi^2 range: -6.700181347470705 -- -2.543664061098872
* log10 Pgen range : -6.700181347470705 -- -2.543664061098872
* Site occupation (ave. no. electrons per config.):
  > Site_  ___eu____  ___ed____
      1        0.497      0.504
      2        0.498      0.500
      3        0.503      0.497
      4        0.498      0.503
      5        0.501      0.498
      6        0.503      0.498
* Pair-correlation analysis (ave. no. pairs per config.):
  > Shell  nsite  ___dh____  __eueu___  __eued___
      0      1        0          0          1.021
      1      4        1.052      1.473      3.538
      2      4        0.148      0.840      1.114
      3      4        0.074      0.415      0.556
      4      4        0.229      2.180      1.843
      5      4        0.113      1.091      0.928

Optimization #3:
* Method          : lls
* Target function : energy
* No. of configs. : 100096
* No. of params.  : 44
* Before optimization:
  -8.9153E-01   2.9847E-01  -8.9760E-02  -8.9603E-02   1.0956E-02   1.0197E-02
  -1.6547E-01  -1.5570E-01   3.2893E-02   5.4122E-02   3.5213E-02   5.1771E-02
   1.4272E-03  -2.3718E-03  -1.8573E-02  -1.7071E-02   1.6600E-02   9.1541E-03
  -4.0253E-03   3.9336E-03  -8.9651E-03   8.7585E-03   1.0196E-04   8.1977E-01
  -4.2673E-02   1.0889E-02   1.2143E-02  -3.1227E-02  -3.1213E-02  -2.2367E-02
   3.3697E-02   3.4130E-02  -9.7153E-03  -1.0820E-02   6.7784E-02   8.9508E-02
   9.0085E-02   2.9179E-02   3.0434E-02   3.0466E-02   1.0273E-01   1.0288E-01
   3.9559E-02   3.9483E-02
  > E    =  -2.307002626349E+02 +/-   4.098653563479E-06
  > varE =   1.681508803601E-06
* Computing derivatives.
    [walltime: 1m elapsed, 20.4s remaining]
  Done. [total walltime: 1m20s]
* Optimizing manipulation constant:
  #igrid a___________ E____________________________________ varE____________
     1     Infinity    -2.30700263E+02 +/-   4.09865356E-06   1.68150880E-06
     2     1.0000E+06  -2.30700263E+02 +/-   4.09864996E-06   1.68150585E-06
     3     2.1544E+05  -2.30700263E+02 +/-   4.09863686E-06   1.68149510E-06
     4     4.6416E+04  -2.30700263E+02 +/-   4.09857604E-06   1.68144519E-06
     5     1.0000E+04  -2.30700263E+02 +/-   4.09829384E-06   1.68121366E-06
     6     2.1544E+03  -2.30700263E+02 +/-   4.09698617E-06   1.68014095E-06
     7     4.6416E+02  -2.30700263E+02 +/-   4.09096326E-06   1.67520470E-06
     8     1.0000E+02  -2.30700263E+02 +/-   4.06397538E-06   1.65317511E-06
     9     2.1544E+01  -2.30700263E+02 +/-   3.95613618E-06   1.56660385E-06
    10     4.6416E+00  -2.30700265E+02 +/-   3.64971816E-06   1.33332303E-06
    11     1.0000E+00  -2.30700268E+02 +/-   3.27235109E-06   1.07185616E-06
    12     2.1544E-01  -2.30700271E+02 +/-   3.20733891E-06   1.02968984E-06
    13     4.6416E-02  -2.30700271E+02 +/-   3.71129467E-06   1.37869309E-06
    14     1.0000E-02  -2.30700266E+02 +/-   9.98203887E-06   9.97367554E-06
    15     2.1544E-03  -2.30698411E+02 +/-   1.61108366E-04   2.59808233E-03
    16     4.6416E-04  -2.30699944E+02 +/-   7.26040900E-05   5.27641439E-04
    17     1.0000E-04  -2.30700136E+02 +/-   4.91570844E-05   2.41873871E-04
    18     2.1544E-05  -2.30700162E+02 +/-   4.47042614E-05   2.00038952E-04
    19     4.6416E-06  -2.30700167E+02 +/-   4.37740537E-05   1.91800730E-04
    20     1.0000E-06  -2.30700169E+02 +/-   4.35750122E-05   1.90060452E-04
    21     0.0000E+00  -2.30700169E+02 +/-   4.35204393E-05   1.89584690E-04
* Iteration # 1: E =  -2.307002710876E+02 +/-   3.207338909706E-06
* Convergence: exiting.
* After optimization:
  -8.9433E-01   2.9009E-01  -8.2641E-02  -8.4448E-02   1.0703E-02   1.0627E-02
  -1.5740E-01  -1.4274E-01   2.8263E-02   5.3808E-02   2.7921E-02   5.6457E-02
  -1.0335E-04   2.7716E-04  -2.0777E-02  -1.8222E-02   2.0597E-02   1.4089E-02
  -1.9803E-03   1.8867E-03  -7.1053E-03   6.6458E-03  -1.1795E-04   8.2003E-01
  -2.8861E-02  -1.0299E-02  -1.1492E-02  -3.2535E-02  -3.2632E-02  -7.4385E-03
   1.2975E-02   1.3020E-02  -2.0021E-02  -2.0427E-02   8.2472E-02   6.7757E-02
   6.7693E-02   3.4753E-02   3.5201E-02   6.3880E-02   8.5040E-02   8.6216E-02
   3.7239E-02   3.7133E-02
  > Energy =  -2.307002710876E+02 +/-   3.207338909706E-06
  > varE =   1.029689842368E-06

VMC #4:
* Size of Hilbert space =   4.0000E+02
* Deterministic energy evaluation:
  > Deterministic Etot/t = -230.7002772871816
    - Ttot/t = -10.36284958211699
    - Utot/t = 3.905064149083291
* Number of equil. steps   = 1000
* Running VMC equilibration.
  Done. [total walltime: 0.12s]
* Equil. acc.ratio (%)     =  42.2128
* Sample config after equilibration:
  +-----+
  |  0  |
  |d   2|
  |u   d|
  |  u  |
  +-----+
* Number of accum. steps   = 500480 x 10
* Running VMC accumulation.
  Done. [total walltime: 14.2s]
* Acceptance ratio (%)     =  42.1633
* Etot/t                   =  -2.307002740777E+02 +/-   1.486958558385E-06
  > Ttot/t                 =  -1.036248851231E+01 +/-   2.936915496752E-04
  > Utot/t                 =   3.904706288753E+00 +/-   2.931013905990E-04
* var[Eloc/t]              =   1.065075725257E-06 +/-   7.116111542281E-09
* Correlation length       =   1.038972303000E+00
* log10 Psi^2 range: -6.915038523466306 -- -2.732275122798931
* log10 Pgen range : -6.915038523466306 -- -2.732275122798931
* Site occupation (ave. no. electrons per config.):
  > Site_  ___eu____  ___ed____
      1        0.499      0.500
      2        0.498      0.502
      3        0.500      0.498
      4        0.497      0.500
      5        0.500      0.500
      6        0.505      0.500
* Pair-correlation analysis (ave. no. pairs per config.):
  > Shell  nsite  ___dh____  __eueu___  __eued___
      0      1        0          0          1.026
      1      4        1.058      1.472      3.535
      2      4        0.152      0.842      1.104
      3      4        0.075      0.419      0.554
      4      4        0.226      2.179      1.854
      5      4        0.114      1.088      0.928

Optimization #4:
* Method          : lls
* Target function : energy
* No. of configs. : 100096
* No. of params.  : 44
* Before optimization:
  -8.9433E-01   2.9009E-01  -8.2641E-02  -8.4448E-02   1.0703E-02   1.0627E-02
  -1.5740E-01  -1.4274E-01   2.8263E-02   5.3808E-02   2.7921E-02   5.6457E-02
  -1.0335E-04   2.7716E-04  -2.0777E-02  -1.8222E-02   2.0597E-02   1.4089E-02
  -1.9803E-03   1.8867E-03  -7.1053E-03   6.6458E-03  -1.1795E-04   8.2003E-01
  -2.8861E-02  -1.0299E-02  -1.1492E-02  -3.2535E-02  -3.2632E-02  -7.4385E-03
   1.2975E-02   1.3020E-02  -2.0021E-02  -2.0427E-02   8.2472E-02   6.7757E-02
   6.7693E-02   3.4753E-02   3.5201E-02   6.3880E-02   8.5040E-02   8.6216E-02
   3.7239E-02   3.7133E-02
  > E    =  -2.307002723136E+02 +/-   3.258949434951E-06
  > varE =   1.063094734093E-06
* Computing derivatives.
    [walltime: 1m elapsed, 20.4s remaining]
  Done. [total walltime: 1m20s]
* Optimizing manipulation constant:
  #igrid a___________ E____________________________________ varE____________
     1     Infinity    -2.30700272E+02 +/-   3.25894943E-06   1.06309473E-06
     2     1.0000E+06  -2.30700272E+02 +/-   3.25894700E-06   1.06309315E-06
     3     2.1544E+05  -2.30700272E+02 +/-   3.25893815E-06   1.06308737E-06
     4     4.6416E+04  -2.30700272E+02 +/-   3.25889706E-06   1.06306057E-06
     5     1.0000E+04  -2.30700272E+02 +/-   3.25870638E-06   1.06293617E-06
     6     2.1544E+03  -2.30700272E+02 +/-   3.25782202E-06   1.06235932E-06
     7     4.6416E+02  -2.30700272E+02 +/-   3.25373186E-06   1.05969343E-06
     8     1.0000E+02  -2.30700272E+02 +/-   3.23505526E-06   1.04756295E-06
     9     2.1544E+01  -2.30700273E+02 +/-   3.15424538E-06   9.95881522E-07
    10     4.6416E+00  -2.30700273E+02 +/-   2.86196306E-06   8.19869573E-07
    11     1.0000E+00  -2.30700274E+02 +/-   2.19936044E-06   4.84183005E-07
    12     2.1544E-01  -2.30700275E+02 +/-   1.99145411E-06   3.96969674E-07
    13     4.6416E-02  -2.30700275E+02 +/-   2.31452185E-06   5.36215415E-07
    14     1.0000E-02  -2.30700275E+02 +/-   2.44806808E-06   5.99879066E-07
    15     2.1544E-03  -2.30700275E+02 +/-   2.48096204E-06   6.16108161E-07
    16     4.6416E-04  -2.30700275E+02 +/-   2.48825558E-06   6.19735959E-07
    17     1.0000E-04  -2.30700275E+02 +/-   2.48983669E-06   6.20523805E-07
    18     2.1544E-05  -2.30700275E+02 +/-   2.49017778E-06   6.20693834E-07
    19     4.6416E-06  -2.30700275E+02 +/-   2.49025129E-06   6.20730479E-07
    20     1.0000E-06  -2.30700275E+02 +/-   2.49026713E-06   6.20738374E-07
    21     0.0000E+00  -2.30700275E+02 +/-   2.49027148E-06   6.20740543E-07
* Iteration # 1: E =  -2.307002752147E+02 +/-   1.991454114152E-06
* Convergence: exiting.
* After optimization:
  -9.0226E-01   2.9589E-01  -8.5895E-02  -8.5853E-02   1.1633E-02   9.3886E-03
  -1.6283E-01  -1.4982E-01   2.9358E-02   5.2539E-02   2.7693E-02   5.4991E-02
  -1.1969E-03  -1.0132E-03  -1.6776E-02  -2.2711E-02   1.7649E-02   1.0476E-02
  -2.7817E-03   3.5533E-03  -7.1933E-03   7.2687E-03  -9.2712E-04   8.1695E-01
  -2.7788E-02   8.4306E-03   1.2482E-02  -1.9463E-02  -1.9777E-02  -1.1632E-02
   3.3333E-02   3.2455E-02  -3.1725E-03  -2.2993E-03   8.8836E-02   7.5178E-02
   7.6413E-02   3.9893E-02   3.8359E-02   5.6074E-02   9.3748E-02   8.8102E-02
   4.5344E-02   4.5169E-02
  > Energy =  -2.307002752147E+02 +/-   1.991454114152E-06
  > varE =   3.969696742683E-07

VMC #5:
* Size of Hilbert space =   4.0000E+02
* Deterministic energy evaluation:
  > Deterministic Etot/t = -230.7002783092462
    - Ttot/t = -10.36309073568283
    - Utot/t = 3.905304280584495
* Number of equil. steps   = 1000
* Running VMC equilibration.
  Done. [total walltime: 0.12s]
* Equil. acc.ratio (%)     =  42.4130
* Sample config after equilibration:
  +-----+
  |  d  |
  |u   u|
  |d   d|
  |  u  |
  +-----+
* Number of accum. steps   = 500480 x 10
* Running VMC accumulation.
  Done. [total walltime: 14.2s]
* Acceptance ratio (%)     =  42.4786
* Etot/t                   =  -2.307002772578E+02 +/-   9.284051715015E-07
  > Ttot/t                 =  -1.036361108605E+01 +/-   2.879761701228E-04
  > Utot/t                 =   3.905825682286E+00 +/-   2.878132241153E-04
* var[Eloc/t]              =   4.222464084262E-07 +/-   6.627434781521E-09
* Correlation length       =   1.021635239483E+00
* log10 Psi^2 range: -6.253838618672378 -- -2.716182054387293
* log10 Pgen range : -6.253838618672378 -- -2.716182054387293
* Site occupation (ave. no. electrons per config.):
  > Site_  ___eu____  ___ed____
      1        0.499      0.500
      2        0.497      0.498
      3        0.502      0.499
      4        0.499      0.504
      5        0.500      0.499
      6        0.504      0.500
* Pair-correlation analysis (ave. no. pairs per config.):
  > Shell  nsite  ___dh____  __eueu___  __eued___
      0      1        0          0          1.035
      1      4        1.066      1.476      3.523
      2      4        0.148      0.843      1.114
      3      4        0.076      0.417      0.550
      4      4        0.231      2.172      1.851
      5      4        0.116      1.091      0.927

Optimization #5:
* Method          : lls
* Target function : energy
* No. of configs. : 100096
* No. of params.  : 44
* Before optimization:
  -9.0226E-01   2.9589E-01  -8.5895E-02  -8.5853E-02   1.1633E-02   9.3886E-03
  -1.6283E-01  -1.4982E-01   2.9358E-02   5.2539E-02   2.7693E-02   5.4991E-02
  -1.1969E-03  -1.0132E-03  -1.6776E-02  -2.2711E-02   1.7649E-02   1.0476E-02
  -2.7817E-03   3.5533E-03  -7.1933E-03   7.2687E-03  -9.2712E-04   8.1695E-01
  -2.7788E-02   8.4306E-03   1.2482E-02  -1.9463E-02  -1.9777E-02  -1.1632E-02
   3.3333E-02   3.2455E-02  -3.1725E-03  -2.2993E-03   8.8836E-02   7.5178E-02
   7.6413E-02   3.9893E-02   3.8359E-02   5.6074E-02   9.3748E-02   8.8102E-02
   4.5344E-02   4.5169E-02
  > E    =  -2.307002774686E+02 +/-   1.981534091444E-06
  > varE =   3.930246773817E-07
* Computing derivatives.
    [walltime: 1m elapsed, 20.4s remaining]
  Done. [total walltime: 1m20s]
* Optimizing manipulation constant:
  #igrid a___________ E____________________________________ varE____________
     1     Infinity    -2.30700277E+02 +/-   1.98153409E-06   3.93024677E-07
     2     1.0000E+06  -2.30700277E+02 +/-   1.98153242E-06   3.93024013E-07
     3     2.1544E+05  -2.30700277E+02 +/-   1.98152632E-06   3.93021594E-07
     4     4.6416E+04  -2.30700277E+02 +/-   1.98149801E-06   3.93010366E-07
     5     1.0000E+04  -2.30700277E+02 +/-   1.98136667E-06   3.92958264E-07
     6     2.1544E+03  -2.30700277E+02 +/-   1.98075771E-06   3.92716757E-07
     7     4.6416E+02  -2.30700277E+02 +/-   1.97794637E-06   3.91602761E-07
     8     1.0000E+02  -2.30700277E+02 +/-   1.96522083E-06   3.86580053E-07
     9     2.1544E+01  -2.30700278E+02 +/-   1.91305487E-06   3.66329233E-07
    10     4.6416E+00  -2.30700279E+02 +/-   1.87979974E-06   3.53703935E-07
    11     1.0000E+00  -2.30413419E+02 +/-   1.38773308E-03   1.92765188E-01
    12     2.1544E-01  -2.30005993E+02 +/-   1.83780453E-03   3.38076792E-01
    13     4.6416E-02  -2.30006155E+02 +/-   1.83404683E-03   3.36695697E-01
    14     1.0000E-02  -2.30006010E+02 +/-   1.83739413E-03   3.37925818E-01
    15     2.1544E-03  -2.30006194E+02 +/-   1.83788101E-03   3.38104928E-01
    16     4.6416E-04  -2.30006986E+02 +/-   1.83754516E-03   3.37981371E-01
    17     1.0000E-04  -2.30007378E+02 +/-   1.83735955E-03   3.37913097E-01
    18     2.1544E-05  -2.30007481E+02 +/-   1.83731050E-03   3.37895055E-01
    19     4.6416E-06  -2.30007504E+02 +/-   1.83729945E-03   3.37890992E-01
    20     1.0000E-06  -2.30007509E+02 +/-   1.83729705E-03   3.37890108E-01
    21     0.0000E+00  -2.30007510E+02 +/-   1.83729639E-03   3.37889865E-01
  ParMin   9.9999E+00  -2.30700278E+02 +/-   1.86108133E-06   3.46694878E-07
  # Using grid point #10
* Iteration # 1: E =  -2.307002790533E+02 +/-   1.879799736848E-06
* Convergence: exiting.
* After optimization:
  -9.2170E-01   2.9582E-01  -8.7543E-02  -8.7526E-02   1.1063E-02   9.2726E-03
  -1.6298E-01  -1.5135E-01   3.0127E-02   5.3375E-02   2.9322E-02   5.4926E-02
  -6.6039E-04  -1.1972E-03  -1.6361E-02  -2.1473E-02   1.6808E-02   1.0300E-02
  -3.3295E-03   3.9644E-03  -7.8384E-03   7.8846E-03  -7.0913E-04   8.2679E-01
  -3.4003E-02   1.0779E-02   1.4463E-02  -2.1789E-02  -2.2033E-02  -1.6087E-02
   3.6470E-02   3.5883E-02  -4.0945E-03  -3.4704E-03   8.1856E-02   7.8881E-02
   7.9900E-02   3.6838E-02   3.5718E-02   4.7387E-02   9.6941E-02   9.2135E-02
   4.3073E-02   4.2933E-02
  > Energy =  -2.307002790533E+02 +/-   1.879799736848E-06
  > varE =   3.537039351822E-07

VMC #6:
* Size of Hilbert space =   4.0000E+02
* Deterministic energy evaluation:
  > Deterministic Etot/t = -230.7002782978263
    - Ttot/t = -10.36298865379748
    - Utot/t = 3.905202210119113
* Number of equil. steps   = 1000
* Running VMC equilibration.
  Done. [total walltime: 0.12s]
* Equil. acc.ratio (%)     =  42.1715
* Sample config after equilibration:
  +-----+
  |  2  |
  |0   0|
  |d   u|
  |  2  |
  +-----+
* Number of accum. steps   = 500480 x 10
* Running VMC accumulation.
  Done. [total walltime: 14.2s]
* Acceptance ratio (%)     =  42.1446
* Etot/t                   =  -2.307002780794E+02 +/-   8.823044816749E-07
  > Ttot/t                 =  -1.036251840981E+01 +/-   2.896929228346E-04
  > Utot/t                 =   3.904732184285E+00 +/-   2.892556230127E-04
* var[Eloc/t]              =   3.844168869363E-07 +/-   8.206609885486E-09
* Correlation length       =   1.013494135682E+00
* log10 Psi^2 range: -6.820527878185239 -- -2.654931769252610
* log10 Pgen range : -6.820527878185239 -- -2.654931769252610
* Site occupation (ave. no. electrons per config.):
  > Site_  ___eu____  ___ed____
      1        0.501      0.497
      2        0.499      0.497
      3        0.498      0.502
      4        0.502      0.500
      5        0.499      0.502
      6        0.499      0.501
* Pair-correlation analysis (ave. no. pairs per config.):
  > Shell  nsite  ___dh____  __eueu___  __eued___
      0      1        0          0          1.027
      1      4        1.053      1.477      3.536
      2      4        0.148      0.844      1.109
      3      4        0.076      0.420      0.550
      4      4        0.231      2.172      1.852
      5      4        0.115      1.088      0.925

Optimization #6:
* Method          : lls
* Target function : energy
* No. of configs. : 100096
* No. of params.  : 44
* Before optimization:
  -9.2170E-01   2.9582E-01  -8.7543E-02  -8.7526E-02   1.1063E-02   9.2726E-03
  -1.6298E-01  -1.5135E-01   3.0127E-02   5.3375E-02   2.9322E-02   5.4926E-02
  -6.6039E-04  -1.1972E-03  -1.6361E-02  -2.1473E-02   1.6808E-02   1.0300E-02
  -3.3295E-03   3.9644E-03  -7.8384E-03   7.8846E-03  -7.0913E-04   8.2679E-01
  -3.4003E-02   1.0779E-02   1.4463E-02  -2.1789E-02  -2.2033E-02  -1.6087E-02
   3.6470E-02   3.5883E-02  -4.0945E-03  -3.4704E-03   8.1856E-02   7.8881E-02
   7.9900E-02   3.6838E-02   3.5718E-02   4.7387E-02   9.6941E-02   9.2135E-02
   4.3073E-02   4.2933E-02
  > E    =  -2.307002790648E+02 +/-   1.960517359460E-06
  > varE =   3.847318199928E-07
* Computing derivatives.
    [walltime: 1m elapsed, 20.4s remaining]
  Done. [total walltime: 1m20s]
* Optimizing manipulation constant:
  #igrid a___________ E____________________________________ varE____________
     1     Infinity    -2.30700279E+02 +/-   1.96051736E-06   3.84731820E-07
     2     1.0000E+06  -2.30700279E+02 +/-   1.96051594E-06   3.84731262E-07
     3     2.1544E+05  -2.30700279E+02 +/-   1.96051076E-06   3.84729230E-07
     4     4.6416E+04  -2.30700279E+02 +/-   1.96048673E-06   3.84719797E-07
     5     1.0000E+04  -2.30700279E+02 +/-   1.96037519E-06   3.84676025E-07
     6     2.1544E+03  -2.30700279E+02 +/-   1.95985809E-06   3.84473113E-07
     7     4.6416E+02  -2.30700279E+02 +/-   1.95747018E-06   3.83536793E-07
     8     1.0000E+02  -2.30700279E+02 +/-   1.94664790E-06   3.79307592E-07
     9     2.1544E+01  -2.30700279E+02 +/-   1.90174501E-06   3.62010604E-07
    10     4.6416E+00  -2.30700279E+02 +/-   1.78330182E-06   3.18321835E-07
    11     1.0000E+00  -2.30700278E+02 +/-   1.95039434E-06   3.80768994E-07
    12     2.1544E-01  -2.30700276E+02 +/-   2.87750755E-06   8.28799854E-07
    13     4.6416E-02  -2.30700275E+02 +/-   3.39201176E-06   1.15167893E-06
    14     1.0000E-02  -2.30700275E+02 +/-   3.52259089E-06   1.24205589E-06
    15     2.1544E-03  -2.30700275E+02 +/-   3.55139333E-06   1.26245025E-06
    16     4.6416E-04  -2.30700275E+02 +/-   3.55762461E-06   1.26688433E-06
    17     1.0000E-04  -2.30700275E+02 +/-   3.55896824E-06   1.26784146E-06
    18     2.1544E-05  -2.30700275E+02 +/-   3.55925777E-06   1.26804775E-06
    19     4.6416E-06  -2.30700275E+02 +/-   3.55932015E-06   1.26809220E-06
    20     1.0000E-06  -2.30700275E+02 +/-   3.55933359E-06   1.26810177E-06
    21     0.0000E+00  -2.30700275E+02 +/-   3.55933728E-06   1.26810440E-06
* Iteration # 1: E =  -2.307002789306E+02 +/-   1.783301822405E-06
* Convergence: exiting.
* After optimization:
  -9.1927E-01   2.9298E-01  -8.6648E-02  -8.6319E-02   1.0381E-02   8.6983E-03
  -1.5938E-01  -1.4870E-01   2.9925E-02   5.3375E-02   2.9923E-02   5.3625E-02
  -1.9911E-04  -1.6867E-03  -1.8131E-02  -2.1803E-02   1.7511E-02   1.1627E-02
  -3.1271E-03   3.5895E-03  -7.6478E-03   7.6592E-03  -5.3801E-04   8.2785E-01
  -3.5357E-02   8.4628E-03   1.1688E-02  -2.2489E-02  -2.2676E-02  -1.5152E-02
   3.4471E-02   3.4122E-02  -6.5605E-03  -6.5691E-03   7.7909E-02   7.5775E-02
   7.6628E-02   3.5370E-02   3.5086E-02   4.8762E-02   9.4229E-02   9.0363E-02
   4.0047E-02   3.9875E-02
  > Energy =  -2.307002789306E+02 +/-   1.783301822405E-06
  > varE =   3.183218348567E-07

VMC #7:
* Size of Hilbert space =   4.0000E+02
* Deterministic energy evaluation:
  > Deterministic Etot/t = -230.7002783733770
    - Ttot/t = -10.36299801410329
    - Utot/t = 3.905211494874172
* Number of equil. steps   = 1000
* Running VMC equilibration.
  Done. [total walltime: 0.12s]
* Equil. acc.ratio (%)     =  42.0949
* Sample config after equilibration:
  +-----+
  |  u  |
  |d   2|
  |u   0|
  |  d  |
  +-----+
* Number of accum. steps   = 500480 x 10
* Running VMC accumulation.
  Done. [total walltime: 14.2s]
* Acceptance ratio (%)     =  42.0394
* Etot/t                   =  -2.307002784326E+02 +/-   7.868200409175E-07
  > Ttot/t                 =  -1.036295955729E+01 +/-   2.918378710928E-04
  > Utot/t                 =   3.905172978733E+00 +/-   2.914341850145E-04
* var[Eloc/t]              =   3.102382292694E-07 +/-   7.490519575378E-09
* Correlation length       =   9.987165356675E-01
* log10 Psi^2 range: -6.185978539114984 -- -2.649217109990847
* log10 Pgen range : -6.185978539114984 -- -2.649217109990847
* Site occupation (ave. no. electrons per config.):
  > Site_  ___eu____  ___ed____
      1        0.500      0.501
      2        0.501      0.500
      3        0.500      0.499
      4        0.502      0.498
      5        0.498      0.502
      6        0.499      0.500
* Pair-correlation analysis (ave. no. pairs per config.):
  > Shell  nsite  ___dh____  __eueu___  __eued___
      0      1        0          0          1.028
      1      4        1.061      1.479      3.527
      2      4        0.151      0.841      1.104
      3      4        0.077      0.420      0.554
      4      4        0.230      2.175      1.859
      5      4        0.113      1.085      0.929

Optimization #7:
* Method          : lls
* Target function : energy
* No. of configs. : 100096
* No. of params.  : 44
* Before optimization:
  -9.1927E-01   2.9298E-01  -8.6648E-02  -8.6319E-02   1.0381E-02   8.6983E-03
  -1.5938E-01  -1.4870E-01   2.9925E-02   5.3375E-02   2.9923E-02   5.3625E-02
  -1.9911E-04  -1.6867E-03  -1.8131E-02  -2.1803E-02   1.7511E-02   1.1627E-02
  -3.1271E-03   3.5895E-03  -7.6478E-03   7.6592E-03  -5.3801E-04   8.2785E-01
  -3.5357E-02   8.4628E-03   1.1688E-02  -2.2489E-02  -2.2676E-02  -1.5152E-02
   3.4471E-02   3.4122E-02  -6.5605E-03  -6.5691E-03   7.7909E-02   7.5775E-02
   7.6628E-02   3.5370E-02   3.5086E-02   4.8762E-02   9.4229E-02   9.0363E-02
   4.0047E-02   3.9875E-02
  > E    =  -2.307002780709E+02 +/-   1.717141642958E-06
  > varE =   2.951406054385E-07
* Computing derivatives.
    [walltime: 1m elapsed, 20.4s remaining]
  Done. [total walltime: 1m20s]
* Optimizing manipulation constant:
  #igrid a___________ E____________________________________ varE____________
     1     Infinity    -2.30700278E+02 +/-   1.71714164E-06   2.95140605E-07
     2     1.0000E+06  -2.30700278E+02 +/-   1.71714043E-06   2.95140188E-07
     3     2.1544E+05  -2.30700278E+02 +/-   1.71713604E-06   2.95138679E-07
     4     4.6416E+04  -2.30700278E+02 +/-   1.71711635E-06   2.95131910E-07
     5     1.0000E+04  -2.30700278E+02 +/-   1.71703966E-06   2.95105550E-07
     6     2.1544E+03  -2.30700278E+02 +/-   1.71700036E-06   2.95092039E-07
     7     4.6416E+02  -2.30700278E+02 +/-   1.72371715E-06   2.97405316E-07
     8     1.0000E+02  -2.30700278E+02 +/-   1.95161943E-06   3.81247486E-07
     9     2.1544E+01  -2.30700267E+02 +/-   9.77209802E-06   9.55855738E-06
    10     4.6416E+00  -2.30700082E+02 +/-   3.98328454E-05   1.58817876E-04
    11     1.0000E+00  -2.30622770E+02 +/-   7.59095320E-04   5.76778881E-02
    12     2.1544E-01  -2.30042541E+02 +/-   1.78786979E-03   3.19954701E-01
    13     4.6416E-02  -2.29351023E+02 +/-   3.86983544E-04   1.49900030E-02
    14     1.0000E-02  -2.29278013E+02 +/-   1.84161731E-03   3.39481020E-01
    15     2.1544E-03  -2.29371415E+02 +/-   1.93483371E-03   3.74717534E-01
    16     4.6416E-04  -2.30505340E+02 +/-   1.16128485E-03   1.34987714E-01
    17     1.0000E-04  -2.30285611E+02 +/-   1.56720824E-03   2.45849956E-01
    18     2.1544E-05  -2.30247797E+02 +/-   1.61368663E-03   2.60648438E-01
    19     4.6416E-06  -2.30240227E+02 +/-   1.62237421E-03   2.63462488E-01
    20     1.0000E-06  -2.30238623E+02 +/-   1.62418979E-03   2.64052495E-01
    21     0.0000E+00  -2.30238184E+02 +/-   1.62468495E-03   2.64213520E-01
* Iteration # 1: E =  -2.307002780726E+02 +/-   1.717000355799E-06
* Convergence: exiting.
* After optimization:
  -9.1767E-01   2.9299E-01  -8.6652E-02  -8.6323E-02   1.0382E-02   8.7003E-03
  -1.5939E-01  -1.4870E-01   2.9927E-02   5.3376E-02   2.9926E-02   5.3625E-02
  -1.9810E-04  -1.6866E-03  -1.8129E-02  -2.1799E-02   1.7507E-02   1.1623E-02
  -3.1282E-03   3.5903E-03  -7.6487E-03   7.6599E-03  -5.3754E-04   8.2719E-01
  -3.5327E-02   8.4570E-03   1.1679E-02  -2.2477E-02  -2.2664E-02  -1.5141E-02
   3.4443E-02   3.4094E-02  -6.5555E-03  -6.5643E-03   7.7914E-02   7.5785E-02
   7.6637E-02   3.5368E-02   3.5084E-02   4.8755E-02   9.4235E-02   9.0371E-02
   4.0050E-02   3.9878E-02
  > Energy =  -2.307002780726E+02 +/-   1.717000355799E-06
  > varE =   2.950920388426E-07

VMC #8:
* Size of Hilbert space =   4.0000E+02
* Deterministic energy evaluation:
  > Deterministic Etot/t = -230.7002783733764
    - Ttot/t = -10.36299787821502
    - Utot/t = 3.905211358986512
* Number of equil. steps   = 1000
* Running VMC equilibration.
  Done. [total walltime: 0.12s]
* Equil. acc.ratio (%)     =  42.0776
* Sample config after equilibration:
  +-----+
  |  u  |
  |2   d|
  |0   0|
  |  2  |
  +-----+
* Number of accum. steps   = 500480 x 10
* Running VMC accumulation.
  Done. [total walltime: 14.2s]
* Acceptance ratio (%)     =  42.0297
* Etot/t                   =  -2.307002766815E+02 +/-   8.094693935715E-07
  > Ttot/t                 =  -1.036284367386E+01 +/-   2.936178429681E-04
  > Utot/t                 =   3.905058846465E+00 +/-   2.932025265479E-04
* var[Eloc/t]              =   3.220567076093E-07 +/-   4.662187362070E-09
* Correlation length       =   1.018251933128E+00
* log10 Psi^2 range: -6.813340398642625 -- -2.649208783089677
* log10 Pgen range : -6.813340398642625 -- -2.649208783089677
* Site occupation (ave. no. electrons per config.):
  > Site_  ___eu____  ___ed____
      1        0.499      0.499
      2        0.500      0.500
      3        0.500      0.498
      4        0.500      0.502
      5        0.501      0.501
      6        0.501      0.500
* Pair-correlation analysis (ave. no. pairs per config.):
  > Shell  nsite  ___dh____  __eueu___  __eued___
      0      1        0          0          1.029
      1      4        1.059      1.474      3.535
      2      4        0.150      0.840      1.108
      3      4        0.076      0.419      0.557
      4      4        0.234      2.180      1.847
      5      4        0.116      1.088      0.925

Optimization #8:
* Method          : lls
* Target function : energy
* No. of configs. : 100096
* No. of params.  : 44
* Before optimization:
  -9.1767E-01   2.9299E-01  -8.6652E-02  -8.6323E-02   1.0382E-02   8.7003E-03
  -1.5939E-01  -1.4870E-01   2.9927E-02   5.3376E-02   2.9926E-02   5.3625E-02
  -1.9810E-04  -1.6866E-03  -1.8129E-02  -2.1799E-02   1.7507E-02   1.1623E-02
  -3.1282E-03   3.5903E-03  -7.6487E-03   7.6599E-03  -5.3754E-04   8.2719E-01
  -3.5327E-02   8.4570E-03   1.1679E-02  -2.2477E-02  -2.2664E-02  -1.5141E-02
   3.4443E-02   3.4094E-02  -6.5555E-03  -6.5643E-03   7.7914E-02   7.5785E-02
   7.6637E-02   3.5368E-02   3.5084E-02   4.8755E-02   9.4235E-02   9.0371E-02
   4.0050E-02   3.9878E-02
  > E    =  -2.307002760783E+02 +/-   1.765992440786E-06
  > varE =   3.121723281044E-07
* Computing derivatives.
    [walltime: 1m elapsed, 20.4s remaining]
  Done. [total walltime: 1m20s]
* Optimizing manipulation constant:
  #igrid a___________ E____________________________________ varE____________
     1     Infinity    -2.30700276E+02 +/-   1.76599244E-06   3.12172328E-07
     2     1.0000E+06  -2.30700276E+02 +/-   1.76599132E-06   3.12171930E-07
     3     2.1544E+05  -2.30700276E+02 +/-   1.76598722E-06   3.12170482E-07
     4     4.6416E+04  -2.30700276E+02 +/-   1.76596820E-06   3.12163758E-07
     5     1.0000E+04  -2.30700276E+02 +/-   1.76587992E-06   3.12132550E-07
     6     2.1544E+03  -2.30700276E+02 +/-   1.76547028E-06   3.11987753E-07
     7     4.6416E+02  -2.30700276E+02 +/-   1.76357120E-06   3.11316914E-07
     8     1.0000E+02  -2.30700276E+02 +/-   1.75483432E-06   3.08239976E-07
     9     2.1544E+01  -2.30700276E+02 +/-   1.72028869E-06   2.96223419E-07
    10     4.6416E+00  -2.30700275E+02 +/-   4.91250199E-06   2.41558431E-06
    11     1.0000E+00  -2.30010134E+02 +/-   1.76026253E-03   3.10149875E-01
    12     2.1544E-01  -2.30583923E+02 +/-   9.16403333E-04   8.40601272E-02
    13     4.6416E-02  -2.30323424E+02 +/-   1.51048418E-03   2.28375275E-01
    14     1.0000E-02  -2.30337766E+02 +/-   1.48937339E-03   2.22036260E-01
    15     2.1544E-03  -2.30700160E+02 +/-   3.26312111E-05   1.06581814E-04
    16     4.6416E-04  -2.30700278E+02 +/-   4.93028843E-06   2.43310794E-06
    17     1.0000E-04  -2.30700279E+02 +/-   2.49269481E-06   6.21949242E-07
    18     2.1544E-05  -2.30700279E+02 +/-   2.12665731E-06   4.52701307E-07
    19     4.6416E-06  -2.30700279E+02 +/-   2.05605321E-06   4.23141308E-07
    20     1.0000E-06  -2.30700279E+02 +/-   2.04123818E-06   4.17065329E-07
    21     0.0000E+00  -2.30700279E+02 +/-   2.03719466E-06   4.15414622E-07
* Iteration # 1: E =  -2.307002789447E+02 +/-   2.037194656349E-06
* Convergence: exiting.
* After optimization:
  -8.2553E-01   2.9512E-01  -8.9401E-02  -8.7529E-02   9.4215E-03   8.3054E-03
  -1.6223E-01  -1.4882E-01   3.2781E-02   5.3164E-02   3.8458E-02   4.5852E-02
   3.3169E-03  -5.0504E-03  -2.4502E-02  -1.7554E-02   1.9327E-02   9.4258E-03
  -2.8941E-03   2.5752E-03  -7.9927E-03   7.7914E-03  -1.9984E-04   7.9755E-01
  -3.4363E-02   1.1706E-02   8.8963E-03  -2.3133E-02  -2.3167E-02  -9.8225E-03
   3.4615E-02   3.5419E-02  -9.4785E-03  -1.2149E-02   6.2248E-02   7.4749E-02
   7.5131E-02   2.5459E-02   2.8469E-02   4.1550E-02   9.0890E-02   9.7052E-02
   2.9268E-02   2.9108E-02
  > Energy =  -2.307002789447E+02 +/-   2.037194656349E-06
  > varE =   4.154146223444E-07

VMC #9:
* Size of Hilbert space =   4.0000E+02
* Deterministic energy evaluation:
  > Deterministic Etot/t = -230.7002784006474
    - Ttot/t = -10.36300015183452
    - Utot/t = 3.905213605335003
* Number of equil. steps   = 1000
* Running VMC equilibration.
  Done. [total walltime: 0.12s]
* Equil. acc.ratio (%)     =  43.5562
* Sample config after equilibration:
  +-----+
  |  u  |
  |2   d|
  |d   u|
  |  0  |
  +-----+
* Number of accum. steps   = 500480 x 10
* Running VMC accumulation.
  Done. [total walltime: 14.2s]
* Acceptance ratio (%)     =  43.4691
* Etot/t                   =  -2.307002783952E+02 +/-   9.231395362170E-07
  > Ttot/t                 =  -1.036272254366E+01 +/-   2.937461981838E-04
  > Utot/t                 =   3.904936002377E+00 +/-   2.932031423453E-04
* var[Eloc/t]              =   4.250579172292E-07 +/-   7.810009882425E-09
* Correlation length       =   1.003398205151E+00
* log10 Psi^2 range: -6.125271808210123 -- -2.592522743931796
* log10 Pgen range : -6.125271808210123 -- -2.592522743931796
* Site occupation (ave. no. electrons per config.):
  > Site_  ___eu____  ___ed____
      1        0.502      0.500
      2        0.500      0.498
      3        0.496      0.504
      4        0.498      0.500
      5        0.500      0.500
      6        0.503      0.498
* Pair-correlation analysis (ave. no. pairs per config.):
  > Shell  nsite  ___dh____  __eueu___  __eued___
      0      1        0          0          1.025
      1      4        1.054      1.473      3.538
      2      4        0.151      0.838      1.111
      3      4        0.074      0.421      0.554
      4      4        0.231      2.176      1.848
      5      4        0.115      1.091      0.924

Optimization #9:
* Method          : lls
* Target function : energy
* No. of configs. : 100096
* No. of params.  : 44
* Before optimization:
  -8.2553E-01   2.9512E-01  -8.9401E-02  -8.7529E-02   9.4215E-03   8.3054E-03
  -1.6223E-01  -1.4882E-01   3.2781E-02   5.3164E-02   3.8458E-02   4.5852E-02
   3.3169E-03  -5.0504E-03  -2.4502E-02  -1.7554E-02   1.9327E-02   9.4258E-03
  -2.8941E-03   2.5752E-03  -7.9927E-03   7.7914E-03  -1.9984E-04   7.9755E-01
  -3.4363E-02   1.1706E-02   8.8963E-03  -2.3133E-02  -2.3167E-02  -9.8225E-03
   3.4615E-02   3.5419E-02  -9.4785E-03  -1.2149E-02   6.2248E-02   7.4749E-02
   7.5131E-02   2.5459E-02   2.8469E-02   4.1550E-02   9.0890E-02   9.7052E-02
   2.9268E-02   2.9108E-02
  > E    =  -2.307002775194E+02 +/-   2.025502825051E-06
  > varE =   4.106600249517E-07
* Computing derivatives.
    [walltime: 1m elapsed, 20.3s remaining]
  Done. [total walltime: 1m20s]
* Optimizing manipulation constant:
  #igrid a___________ E____________________________________ varE____________
     1     Infinity    -2.30700278E+02 +/-   2.02550283E-06   4.10660025E-07
     2     1.0000E+06  -2.30700278E+02 +/-   2.02550092E-06   4.10659253E-07
     3     2.1544E+05  -2.30700278E+02 +/-   2.02549399E-06   4.10656441E-07
     4     4.6416E+04  -2.30700278E+02 +/-   2.02546181E-06   4.10643393E-07
     5     1.0000E+04  -2.30700278E+02 +/-   2.02531250E-06   4.10582854E-07
     6     2.1544E+03  -2.30700278E+02 +/-   2.02462085E-06   4.10302471E-07
     7     4.6416E+02  -2.30700278E+02 +/-   2.02143918E-06   4.09013914E-07
     8     1.0000E+02  -2.30700278E+02 +/-   2.00722016E-06   4.03280055E-07
     9     2.1544E+01  -2.30700278E+02 +/-   1.94711969E-06   3.79491473E-07
    10     4.6416E+00  -2.30700278E+02 +/-   1.88235915E-06   3.54667752E-07
    11     1.0000E+00  -2.30698726E+02 +/-   1.03502627E-04   1.07230780E-03
    12     2.1544E-01  -2.30700063E+02 +/-   3.56960024E-05   1.27542782E-04
    13     4.6416E-02  -2.30700226E+02 +/-   1.61983755E-05   2.62639260E-05
    14     1.0000E-02  -2.30700249E+02 +/-   1.18047272E-05   1.39485363E-05
    15     2.1544E-03  -2.30700253E+02 +/-   1.09491800E-05   1.19999633E-05
    16     4.6416E-04  -2.30700254E+02 +/-   1.07722100E-05   1.16151906E-05
    17     1.0000E-04  -2.30700254E+02 +/-   1.07344674E-05   1.15339410E-05
    18     2.1544E-05  -2.30700255E+02 +/-   1.07263543E-05   1.15165130E-05
    19     4.6416E-06  -2.30700255E+02 +/-   1.07246073E-05   1.15127618E-05
    20     1.0000E-06  -2.30700255E+02 +/-   1.07242309E-05   1.15119538E-05
    21     0.0000E+00  -2.30700255E+02 +/-   1.07241276E-05   1.15117319E-05
  ParMin   9.9988E+00  -2.30700278E+02 +/-   1.85341191E-06   3.43843344E-07
  # Using parabolic minimum
* Iteration # 1: E =  -2.307002778259E+02 +/-   1.853411910675E-06
* Convergence: exiting.
* After optimization:
  -8.2518E-01   2.9555E-01  -8.9790E-02  -8.7991E-02   9.6790E-03   8.6597E-03
  -1.6261E-01  -1.5004E-01   3.2864E-02   5.3524E-02   3.8091E-02   4.6632E-02
   3.0406E-03  -4.6425E-03  -2.3448E-02  -1.7028E-02   1.8595E-02   9.3596E-03
  -3.2001E-03   2.8923E-03  -8.2564E-03   8.0868E-03  -1.6764E-04   7.9580E-01
  -3.6701E-02   1.1383E-02   8.8145E-03  -2.4384E-02  -2.4424E-02  -1.2324E-02
   3.4046E-02   3.4828E-02  -9.5723E-03  -1.2066E-02   6.2019E-02   7.6746E-02
   7.7067E-02   2.5708E-02   2.8541E-02   3.9082E-02   9.2167E-02   9.7858E-02
   3.0598E-02   3.0464E-02
  > Energy =  -2.307002778259E+02 +/-   1.853411910675E-06
  > varE =   3.438433440915E-07

VMC #10:
* Size of Hilbert space =   4.0000E+02
* Deterministic energy evaluation:
  > Deterministic Etot/t = -230.7002784627632
    - Ttot/t = -10.36301171843354
    - Utot/t = 3.905225109818231
* Number of equil. steps   = 1000
* Running VMC equilibration.
  Done. [total walltime: 0.12s]
* Equil. acc.ratio (%)     =  43.5294
* Sample config after equilibration:
  +-----+
  |  d  |
  |u   u|
  |0   2|
  |  d  |
  +-----+
* Number of accum. steps   = 500480 x 10
* Running VMC accumulation.
  Done. [total walltime: 14.2s]
* Acceptance ratio (%)     =  43.4805
* Etot/t                   =  -2.307002781774E+02 +/-   8.599526677170E-07
  > Ttot/t                 =  -1.036290371954E+01 +/-   2.898196419424E-04
  > Utot/t                 =   3.905117396301E+00 +/-   2.893341714098E-04
* var[Eloc/t]              =   3.741436275821E-07 +/-   8.976002435448E-09
* Correlation length       =   9.892304371777E-01
* log10 Psi^2 range: -6.736859118348820 -- -2.581189934041920
* log10 Pgen range : -6.736859118348820 -- -2.581189934041920
* Site occupation (ave. no. electrons per config.):
  > Site_  ___eu____  ___ed____
      1        0.498      0.503
      2        0.501      0.501
      3        0.501      0.497
      4        0.501      0.498
      5        0.499      0.502
      6        0.499      0.500
* Pair-correlation analysis (ave. no. pairs per config.):
  > Shell  nsite  ___dh____  __eueu___  __eued___
      0      1        0          0          1.028
      1      4        1.056      1.479      3.531
      2      4        0.151      0.840      1.105
      3      4        0.076      0.423      0.554
      4      4        0.231      2.174      1.856
      5      4        0.116      1.084      0.925

VDAGGER finished.
Total VDAGGER walltime: 29m10s

Run ended: Tue 21 Oct 2025 07:59:05 AM CEST
