Run started: Fri Oct 24 14:08:07 CEST 2025
Using VDAGGER_ARCH = gnu7_fkfamd_cluster
Running 1x128 MPI processes.

                               xx
                              +##
                               #X
                               Xx
                          X##XxXxxX##x
                           +   Xx  ++
                               ##
                              +##
                              +##
     ++++         ++          +##
   xX+++##+      ####         +##
  Xx    ###      +X##          ##
 xX    X##+        ##          #X
 +    x##X         #x          #X
      ###         +#           x+
     X##+         #+
     ###         Xx                    _______
     ##X       +X+   __________________VDAGGER
     +##x    +xX     2nd quantized variational
       +xxxxx+       ______quantum Monte Carlo

* Running 128 MPI processes.
* Input file: "input.casl"

############# Start of input file dump #############
General:
  Random seed: timer

Plan:
  VMC-optimization:
    Minimum cycles: 7
    Convergence cycles: 3

System:
  Read Hamiltonian: FCIDUMP_loc
  Read orbitals: LTSC.mat
  Complex orbitals: F

VMC:
  nstep: 500000
  nconfig: 100000

Optimization:
  max_niter: 1

Jastrow: wfn.casl
############## End of input file dump ##############

General setup:
* Random seed: 155904895 (from timer)

* Loaded integrals for system with nelec=24, ms2=0, norb=24
* INFO: setting number of electrons from integrals file.
* Analysis of Hamiltonian connecitivity performed:
  - T_ii (local, 1-site): 24 (i) values
  - U_iiii [opp] (local, 1-site): 24 (i) values
  - U_kkii [opp] (local, 2-site): 552 contribs. from 24 (i) values
  - U_kkii [par] (local, 2-site): 276 contribs. from 23 (i) values
  - T_ji (single, 2-site): 552 contribs. from 24 (i) values
  - U_kkji [opp] (single, 2/3-site): 13248 contribs. from 552 (i,j) pairs
  - U_kkji [par] (single, 3-site): 12696 contribs. from 552 (i,j) pairs
  - U_lkji [opp] (double, 2/3/4-site): 304384 contribs. from 552 (i,j) pairs
  - U_lkji [par] (double, 4-site): 71852 contribs. from 506 (i,j) pairs
  - Max. no. wfn. ratios in Eloc: 24357
* Reading override orbitals from file "LTSC.mat".
* Site labels:
  [draw_int: system geometry not defined]
* Automatically set Site kinds:
  [ 1, 2, 3, 2, 4, 1, 5, 3, 6, 1, 5, 5, 5, 5, 6, 1, 3, 4, 5, 5, 4, 5, 3, 4 ]
  [draw_int: system geometry not defined]
* Maximum Site kind: 6
* Number of site-pair kinds with Tij=0: 0
* Automatically set Site pair kinds:
  Site 1: [ 0, -68, 69, -17, -26, 22, -65, 18, -8, 9, -38, -25, 16, 29, 23, 21, -28, 40, 53, -51, -31, 15, 3, 64 ]
  Site 2: [ -68, 0, 62, 76, -71, -68, 32, 13, -27, 17, -55, 39, 32, 6, 4, 17, -13, -42, -6, -39, -71, -55, -62, -42 ]
  Site 3: [ 69, 62, 0, 13, -36, -3, -43, -77, 19, -28, -41, 74, 59, -75, 67, -18, 12, -54, -35, -5, 7, -34, 66, 33 ]
  Site 4: [ -17, 76, 13, 0, 42, -17, 39, 62, 4, 68, -6, 32, 39, 55, -27, 68, -62, 71, -55, -32, 42, -6, -13, 71 ]
  Site 5: [ -26, -71, -36, 42, 0, -31, -50, -33, 14, 40, 44, 11, 46, 57, 52, 64, -54, 61, 78, 60, -47, -1, -7, -72 ]
  Site 6: [ 22, -68, -3, -17, -31, 0, 16, 28, -8, 21, 15, 51, -65, -53, 23, 9, -18, 64, -29, 25, -26, -38, -69, 40 ]
  Site 7: [ -65, 32, -43, 39, -50, 16, 0, 74, -30, -51, -48, 73, 79, 56, -37, 25, -5, 60, 45, 2, 46, -58, -59, -11 ]
  Site 8: [ 18, 13, -77, 62, -33, 28, 74, 0, 67, 3, 75, -43, 5, 41, 19, -69, 66, -7, -34, -59, 54, -35, 12, 36 ]
  Site 9: [ -8, -27, 19, 4, 14, -8, -30, 67, 0, -23, -24, -37, -30, 63, -20, -23, -67, -52, -63, 37, 14, -24, -19, -52 ]
  Site 10: [ 9, 17, -28, 68, 40, 21, -51, 3, -23, 0, -53, -16, 25, 15, 8, 22, 69, -26, 38, -65, 64, 29, 18, -31 ]
  Site 11: [ -38, -55, -41, -6, 44, 15, -48, 75, -24, -53, 0, -56, -58, -70, -63, 29, 35, -78, -49, -45, -1, 10, 34, 57 ]
  Site 12: [ -25, 39, 74, 32, 11, 51, 73, -43, -37, -16, -56, 0, -2, 48, -30, 65, -59, -46, -58, -79, -60, 45, -5, 50 ]
  Site 13: [ 16, 32, 59, 39, 46, -65, 79, 5, -30, 25, -58, -2, 0, -45, -37, -51, -74, -11, -56, -73, -50, -48, 43, 60 ]
  Site 14: [ 29, 6, -75, 55, 57, -53, 56, 41, 63, 15, -70, 48, -45, 0, 24, -38, -34, -1, -10, -58, -78, 49, -35, 44 ]
  Site 15: [ 23, 4, 67, -27, 52, 23, -37, 19, -20, 8, -63, -30, -37, 24, 0, 8, -19, -14, -24, 30, 52, -63, -67, -14 ]
  Site 16: [ 21, 17, -18, 68, 64, 9, 25, -69, -23, 22, 29, 65, -51, -38, 8, 0, -3, -31, -15, 16, 40, -53, 28, -26 ]
  Site 17: [ -28, -13, 12, -62, -54, -18, -5, 66, -67, 69, 35, -59, -74, -34, -19, -3, 0, -36, 41, -43, 33, -75, -77, 7 ]
  Site 18: [ 40, -42, -54, 71, 61, 64, 60, -7, -52, -26, -78, -46, -11, -1, -14, -31, -36, 0, -44, -50, -72, 57, -33, -47 ]
  Site 19: [ 53, -6, -35, -55, 78, -29, 45, -34, -63, 38, -49, -58, -56, -10, -24, -15, 41, -44, 0, 48, -57, 70, -75, 1 ]
  Site 20: [ -51, -39, -5, -32, 60, 25, 2, -59, 37, -65, -45, -79, -73, -58, 30, 16, -43, -50, 48, 0, -11, 56, 74, 46 ]
  Site 21: [ -31, -71, 7, 42, -47, -26, 46, 54, 14, 64, -1, -60, -50, -78, 52, 40, 33, -72, -57, -11, 0, 44, 36, 61 ]
  Site 22: [ 15, -55, -34, -6, -1, -38, -58, -35, -24, 29, 10, 45, -48, 49, -63, -53, -75, 57, 70, 56, 44, 0, 41, -78 ]
  Site 23: [ 3, -62, 66, -13, -7, -69, -59, 12, -19, 18, 34, -5, 43, -35, -67, 28, -77, -33, -75, 74, 36, 41, 0, 54 ]
  Site 24: [ 64, -42, 33, 71, -72, 40, -11, 36, -52, -31, 57, 50, 60, 44, -14, -26, 7, -47, 1, 46, 61, -78, 54, 0 ]
  For site 1 of kind 1:
  [draw_int: system geometry not defined]
  For site 2 of kind 2:
  [draw_int: system geometry not defined]
  For site 3 of kind 3:
  [draw_int: system geometry not defined]
  For site 5 of kind 4:
  [draw_int: system geometry not defined]
  For site 7 of kind 5:
  [draw_int: system geometry not defined]
  For site 9 of kind 6:
  [draw_int: system geometry not defined]
* Maximum (unsigned) Site pair kind: 79
General system setup:
* Number of sites       : 24
* Number of electrons   : 24
* Spin imbalance MS2    : 0
* Filling               : 0.500000
* Number of orbitals in pool: 24
* Using real-valued orbitals
* Using double-precision arithmetic for orbitals

Trial wave function setup:
* Jastrow parameter file: "wfn.casl"
* Not using multideterminants
* Not using a backflow transformation
* Not using wave function manipulation

VMC #1:
* Size of Hilbert space =   7.3125E+12
* Number of equil. steps   = 1000
* Running VMC equilibration.
  Done. [total walltime: 0.02s]
* Equil. acc.ratio (%)     =  27.5710
* Sample config after equilibration:
  [draw: system geometry not defined]
* Number of accum. steps   = 500480 x 10
* Running VMC accumulation.
    [walltime: 1m elapsed, 9m5s remaining]
  Done. [total walltime: 10m]
* Acceptance ratio (%)     =  27.5901
* Etot/t                   =  -9.156302439802E+02 +/-   6.673232012254E-04
  > Ttot/t                 =  -9.578828865196E+01 +/-   1.371921989913E-03
  > Utot/t                 =   4.306283292084E+01 +/-   1.529321131814E-03
* var[Eloc/t]              =   2.208894751322E-01 +/-   5.082965747799E-04
* Correlation length       =   1.008983705701E+00
* log10 Psi^2 range: -16.464126066900683 -- -7.8595909550783416
* log10 Pgen range : -16.464126066900683 -- -7.8595909550783416
* Site occupation (ave. no. electrons per config.):
  > Site_  ___eu____  ___ed____
      1        0.501      0.499
      2        0.500      0.496
      3        0.498      0.498
      4        0.497      0.497
      5        0.502      0.503
      6        0.499      0.497
      7        0.499      0.500
      8        0.498      0.500
      9        0.499      0.499
     10        0.498      0.500
     11        0.501      0.504
     12        0.500      0.504
     13        0.501      0.498
     14        0.500      0.500
     15        0.498      0.500
     16        0.498      0.499
     17        0.498      0.499
     18        0.502      0.502
     19        0.502      0.500
     20        0.503      0.502
     21        0.503      0.500
     22        0.502      0.501
     23        0.499      0.500
     24        0.502      0.503
* Pair-correlation analysis (ave. no. pairs per config.):
  > Shell  nsite  ___dh____  __eueu___  __eued___
      0      1        0          0          6.001
      1      0        1.312      0.778      2.011
      2      0        0.653      0.387      1.004
      3      0        0.913      1.283      1.991
      4      0        0.457      0.638      0.995
      5      0        0.780      1.502      1.997
      6      0        0.781      1.496      1.995
      7      0        0.781      1.505      2.003
      8      0        0.774      1.500      1.990
      9      0        0.387      0.750      0.995
     10      0        0.250      1.007      1.005
     11      0        0.503      2.011      2.012
     12      0        0.273      0.950      0.995
     13      0        0.548      1.888      1.986
     14      0        0.560      1.885      2.008
     15      0        0.563      1.880      1.999
     16      0        0.559      1.882      1.999
     17      0        0.497      1.987      1.985
     18      0        0.502      1.988      1.987
     19      0        0.498      1.991      1.991
     20      0        0.129      0.489      0.496
     21      0        0.258      0.978      0.994
     22      0        0.251      0.993      0.995
     23      0        0.499      1.988      1.991
     24      0        0.501      2.000      1.998
     25      0        0.501      1.994      2.000
     26      0        0.500      2.006      2.001
     27      0        0.249      0.992      0.993
     28      0        0.502      1.991      1.985
     29      0        0.499      2.000      2.002
     30      0        0.496      2.001      2.002
     31      0        0.506      2.001      1.997
     32      0        0.501      1.992      1.993
     33      0        0.504      2.003      1.999
     34      0        0.502      2.000      1.997
     35      0        0.515      1.964      2.005
     36      0        0.518      1.972      2.004
     37      0        0.498      2.002      1.997
     38      0        0.496      2.003      2.007
     39      0        0.515      1.961      1.994
     40      0        0.500      2.004      2.006
     41      0        0.501      2.000      1.998
     42      0        0.503      1.999      1.995
     43      0        0.501      1.995      1.999
     44      0        0.522      1.972      2.015
     45      0        0.518      1.972      2.010
     46      0        0.521      1.975      2.015
     47      0        0.251      1.010      1.008
     48      0        0.503      2.008      2.006
     49      0        0.253      0.998      1.007
     50      0        0.510      2.000      2.012
     51      0        0.498      2.001      1.996
     52      0        0.503      1.999      2.005
     53      0        0.506      1.997      1.996
     54      0        0.501      2.006      2.004
     55      0        0.501      1.996      1.994
     56      0        0.505      2.004      2.006
     57      0        0.505      2.011      2.010
     58      0        0.502      2.006      2.010
     59      0        0.499      2.000      1.998
     60      0        0.503      2.010      2.014
     61      0        0.251      1.008      1.012
     62      0        0.499      1.984      1.986
     63      0        0.503      1.995      1.999
     64      0        0.502      1.999      2.009
     65      0        0.501      1.990      2.001
     66      0        0.250      0.993      0.997
     67      0        0.502      1.982      1.990
     68      0        0.504      1.975      1.984
     69      0        0.504      1.978      1.993
     70      0        0.250      1.005      1.005
     71      0        0.505      1.995      1.996
     72      0        0.252      1.008      1.008
     73      0        0.251      1.001      1.004
     74      0        0.504      1.992      1.998
     75      0        0.504      1.996      1.999
     76      0        0.125      0.492      0.496
     77      0        0.253      0.990      0.995
     78      0        0.502      2.012      2.017
     79      0        0.250      1.004      1.004

Optimization #1:
* Method          : lls
* Target function : energy
* No. of configs. : 100096
* No. of params.  : 99
* Before optimization:
   0.0000E+00   0.0000E+00   0.0000E+00   0.0000E+00   0.0000E+00   0.0000E+00
   0.0000E+00   0.0000E+00   0.0000E+00   0.0000E+00   0.0000E+00   0.0000E+00
   0.0000E+00   0.0000E+00   0.0000E+00   0.0000E+00   0.0000E+00   0.0000E+00
   0.0000E+00   0.0000E+00   0.0000E+00   0.0000E+00   0.0000E+00   0.0000E+00
   0.0000E+00   0.0000E+00   0.0000E+00   0.0000E+00   0.0000E+00   0.0000E+00
   0.0000E+00   0.0000E+00   0.0000E+00   0.0000E+00   0.0000E+00   0.0000E+00
   0.0000E+00   0.0000E+00   0.0000E+00   0.0000E+00   0.0000E+00   0.0000E+00
   0.0000E+00   0.0000E+00   0.0000E+00   0.0000E+00   0.0000E+00   0.0000E+00
   0.0000E+00   0.0000E+00   0.0000E+00   0.0000E+00   0.0000E+00   0.0000E+00
   0.0000E+00   0.0000E+00   0.0000E+00   0.0000E+00   0.0000E+00   0.0000E+00
   0.0000E+00   0.0000E+00   0.0000E+00   0.0000E+00   0.0000E+00   0.0000E+00
   0.0000E+00   0.0000E+00   0.0000E+00   0.0000E+00   0.0000E+00   0.0000E+00
   0.0000E+00   0.0000E+00   0.0000E+00   0.0000E+00   0.0000E+00   0.0000E+00
   0.0000E+00   0.0000E+00   0.0000E+00   0.0000E+00   0.0000E+00   0.0000E+00
   0.0000E+00   0.0000E+00   0.0000E+00   0.0000E+00   0.0000E+00   0.0000E+00
   0.0000E+00   0.0000E+00   0.0000E+00   0.0000E+00   0.0000E+00   0.0000E+00
   0.0000E+00   0.0000E+00   0.0000E+00
  > E    =  -9.156314656468E+02 +/-   1.483716990326E-03
  > varE =   2.203529466846E-01
* Computing derivatives.
    [walltime: 1m4s elapsed, 43m18s remaining]
  Done. [total walltime: 42m42s]
* Optimizing manipulation constant:
  #igrid a___________ E____________________________________ varE____________
     1     Infinity    -9.15631466E+02 +/-   1.48371699E-03   2.20352947E-01
     2     1.0000E+06  -9.15631466E+02 +/-   1.48371582E-03   2.20352598E-01
     3     2.1544E+05  -9.15631468E+02 +/-   1.48371155E-03   2.20351330E-01
     4     4.6416E+04  -9.15631475E+02 +/-   1.48369172E-03   2.20345442E-01
     5     1.0000E+04  -9.15631508E+02 +/-   1.48359972E-03   2.20318116E-01
     6     2.1544E+03  -9.15631664E+02 +/-   1.48317291E-03   2.20191368E-01
     7     4.6416E+02  -9.15632385E+02 +/-   1.48119662E-03   2.19604963E-01
     8     1.0000E+02  -9.15635686E+02 +/-   1.47212577E-03   2.16923475E-01
     9     2.1544E+01  -9.15650104E+02 +/-   1.43209970E-03   2.05287843E-01
    10     4.6416E+00  -9.15702043E+02 +/-   1.28155001E-03   1.64394711E-01
    11     1.0000E+00  -9.15804806E+02 +/-   9.39032439E-04   8.82628431E-02
    12     2.1544E-01  -9.15870165E+02 +/-   6.79486233E-04   4.62144775E-02
    13     4.6416E-02  -9.15884194E+02 +/-   6.36265502E-04   4.05222430E-02
    14     1.0000E-02  -9.15886507E+02 +/-   6.34203243E-04   4.02599879E-02
    15     2.1544E-03  -9.15886950E+02 +/-   6.34292938E-04   4.02713766E-02
    16     4.6416E-04  -9.15887043E+02 +/-   6.34339513E-04   4.02772909E-02
    17     1.0000E-04  -9.15887063E+02 +/-   6.34350838E-04   4.02787290E-02
    18     2.1544E-05  -9.15887067E+02 +/-   6.34353338E-04   4.02790465E-02
    19     4.6416E-06  -9.15887068E+02 +/-   6.34353879E-04   4.02791153E-02
    20     1.0000E-06  -9.15887068E+02 +/-   6.34353996E-04   4.02791301E-02
    21     0.0000E+00  -9.15887068E+02 +/-   6.34354028E-04   4.02791342E-02
* Iteration # 1: E =  -9.158870684201E+02 +/-   6.343540280412E-04
* Reached maximum number of iterations: exiting.
* After optimization:
  -6.7468E-01  -6.6379E-01  -6.6491E-01  -6.5894E-01  -6.5302E-01  -6.7237E-01
   1.8919E-01   1.8677E-01   1.8500E-01   1.5168E-01   1.4852E-01   1.4729E-01
   1.5188E-01   1.9741E-01   1.8606E-01   2.0140E-01   1.9316E-01   1.9438E-01
   1.9166E-01   1.8121E-01   1.7906E-01   1.8760E-01   9.3564E-02   9.3399E-02
   8.8599E-02  -1.8887E-02  -2.1746E-02  -2.0399E-02  -3.8751E-02  -3.8131E-02
  -4.3294E-02  -4.6542E-02  -3.3237E-02  -3.8407E-02   1.9408E-02   1.4383E-02
   2.3591E-02   2.2174E-02   1.6905E-02   1.9082E-02   2.5629E-02   2.5922E-02
   5.4044E-02   5.2886E-02   5.3791E-02   1.5276E-02   1.6501E-02   1.4457E-02
   9.2700E-03   3.0305E-02  -3.9951E-02   4.0843E-02  -4.5712E-02  -4.6600E-02
  -2.3187E-02  -4.6480E-02  -1.9042E-02  -2.4984E-02  -4.8357E-02  -3.2701E-02
  -5.0020E-02  -2.6526E-02  -5.1087E-02  -4.5736E-02  -4.8834E-02  -5.7470E-02
  -4.7370E-02  -4.3125E-03  -6.1712E-03   7.4031E-03  -8.5786E-03   1.1267E-02
   4.3557E-02   1.7771E-02   4.2527E-02   2.2266E-02   6.2949E-02   3.5068E-02
   7.0461E-02   2.1982E-02   6.1016E-02   7.2741E-03   1.2458E-02  -2.5363E-04
   1.3205E-02   2.0033E-03   1.7127E-02   1.0325E-02   1.3421E-02   7.0427E-03
   1.4938E-02  -2.0279E-03  -4.5997E-03  -4.9694E-03  -9.3776E-04   1.9391E-03
   2.3011E-02   1.1276E-02   2.0713E-02
  > Energy =  -9.158870684201E+02 +/-   6.343540280412E-04
  > varE =   4.027913417237E-02

VMC #2:
* Size of Hilbert space =   7.3125E+12
* Number of equil. steps   = 1000
* Running VMC equilibration.
  Done. [total walltime: 0.02s]
* Equil. acc.ratio (%)     =  19.7686
* Sample config after equilibration:
  [draw: system geometry not defined]
* Number of accum. steps   = 500480 x 10
* Running VMC accumulation.
    [walltime: 1m elapsed, 9m8s remaining]
  Done. [total walltime: 10m6s]
* Acceptance ratio (%)     =  19.7265
* Etot/t                   =  -9.158854180245E+02 +/-   2.817702532059E-04
  > Ttot/t                 =  -9.561662698767E+01 +/-   1.303963553084E-03
  > Utot/t                 =   4.263599721225E+01 +/-   1.340788160255E-03
* var[Eloc/t]              =   4.032629312144E-02 +/-   1.085860302949E-04
* Correlation length       =   9.853458889585E-01
* log10 Psi^2 range: -19.076517965028103 -- -7.3168299718326937
* log10 Pgen range : -19.076517965028103 -- -7.3168299718326937
* Site occupation (ave. no. electrons per config.):
  > Site_  ___eu____  ___ed____
      1        0.500      0.502
      2        0.502      0.499
      3        0.499      0.499
      4        0.499      0.498
      5        0.503      0.499
      6        0.498      0.498
      7        0.500      0.502
      8        0.500      0.497
      9        0.500      0.497
     10        0.497      0.495
     11        0.501      0.501
     12        0.502      0.502
     13        0.502      0.500
     14        0.500      0.502
     15        0.499      0.500
     16        0.497      0.499
     17        0.498      0.502
     18        0.501      0.505
     19        0.500      0.503
     20        0.502      0.499
     21        0.499      0.500
     22        0.499      0.501
     23        0.497      0.500
     24        0.504      0.500
* Pair-correlation analysis (ave. no. pairs per config.):
  > Shell  nsite  ___dh____  __eueu___  __eued___
      0      1        0          0          4.667
      1      0        0.957      0.702      2.394
      2      0        0.477      0.352      1.198
      3      0        0.695      1.180      2.216
      4      0        0.347      0.593      1.110
      5      0        0.579      1.444      2.122
      6      0        0.577      1.452      2.117
      7      0        0.584      1.447      2.115
      8      0        0.570      1.447      2.113
      9      0        0.287      0.718      1.058
     10      0        0.153      1.009      0.991
     11      0        0.306      2.036      1.979
     12      0        0.187      0.927      1.023
     13      0        0.370      1.861      2.048
     14      0        0.356      1.834      2.083
     15      0        0.357      1.833      2.077
     16      0        0.355      1.833      2.080
     17      0        0.321      2.047      1.949
     18      0        0.321      2.051      1.942
     19      0        0.318      2.049      1.946
     20      0        0.084      0.485      0.502
     21      0        0.167      0.970      1.005
     22      0        0.159      1.009      0.981
     23      0        0.315      2.017      1.973
     24      0        0.304      2.066      1.946
     25      0        0.305      2.066      1.946
     26      0        0.299      2.075      1.947
     27      0        0.159      1.001      0.993
     28      0        0.319      1.995      1.983
     29      0        0.304      2.013      1.977
     30      0        0.306      2.010      1.981
     31      0        0.308      2.009      1.979
     32      0        0.307      2.013      1.989
     33      0        0.307      2.016      1.987
     34      0        0.308      2.010      1.983
     35      0        0.324      1.954      2.009
     36      0        0.321      1.958      2.016
     37      0        0.300      1.994      2.008
     38      0        0.300      1.989      2.008
     39      0        0.319      1.961      2.016
     40      0        0.305      1.986      2.010
     41      0        0.294      2.086      1.960
     42      0        0.296      2.084      1.966
     43      0        0.295      2.086      1.959
     44      0        0.300      1.971      2.037
     45      0        0.301      1.960      2.043
     46      0        0.303      1.963      2.046
     47      0        0.152      1.007      0.993
     48      0        0.302      2.019      1.975
     49      0        0.148      0.992      1.007
     50      0        0.298      1.989      2.017
     51      0        0.301      2.002      1.995
     52      0        0.301      2.010      1.991
     53      0        0.303      2.003      1.989
     54      0        0.306      2.008      1.997
     55      0        0.304      2.004      2.000
     56      0        0.292      1.997      2.014
     57      0        0.289      2.013      2.005
     58      0        0.288      2.016      2.003
     59      0        0.306      2.001      1.999
     60      0        0.288      2.017      2.007
     61      0        0.146      1.001      1.007
     62      0        0.327      1.997      1.982
     63      0        0.305      1.982      2.007
     64      0        0.305      1.987      2.006
     65      0        0.304      1.987      2.003
     66      0        0.164      0.997      0.990
     67      0        0.322      1.973      2.003
     68      0        0.324      1.974      1.999
     69      0        0.322      1.972      2.002
     70      0        0.144      1.004      1.005
     71      0        0.309      1.995      2.006
     72      0        0.146      1.002      1.008
     73      0        0.144      1.003      1.007
     74      0        0.309      1.993      2.000
     75      0        0.309      1.987      2.006
     76      0        0.083      0.496      0.498
     77      0        0.164      0.991      0.994
     78      0        0.292      2.011      2.005
     79      0        0.144      1.007      1.003

Optimization #2:
* Method          : lls
* Target function : energy
* No. of configs. : 100096
* No. of params.  : 99
* Before optimization:
  -6.7468E-01  -6.6379E-01  -6.6491E-01  -6.5894E-01  -6.5302E-01  -6.7237E-01
   1.8919E-01   1.8677E-01   1.8500E-01   1.5168E-01   1.4852E-01   1.4729E-01
   1.5188E-01   1.9741E-01   1.8606E-01   2.0140E-01   1.9316E-01   1.9438E-01
   1.9166E-01   1.8121E-01   1.7906E-01   1.8760E-01   9.3564E-02   9.3399E-02
   8.8599E-02  -1.8887E-02  -2.1746E-02  -2.0399E-02  -3.8751E-02  -3.8131E-02
  -4.3294E-02  -4.6542E-02  -3.3237E-02  -3.8407E-02   1.9408E-02   1.4383E-02
   2.3591E-02   2.2174E-02   1.6905E-02   1.9082E-02   2.5629E-02   2.5922E-02
   5.4044E-02   5.2886E-02   5.3791E-02   1.5276E-02   1.6501E-02   1.4457E-02
   9.2700E-03   3.0305E-02  -3.9951E-02   4.0843E-02  -4.5712E-02  -4.6600E-02
  -2.3187E-02  -4.6480E-02  -1.9042E-02  -2.4984E-02  -4.8357E-02  -3.2701E-02
  -5.0020E-02  -2.6526E-02  -5.1087E-02  -4.5736E-02  -4.8834E-02  -5.7470E-02
  -4.7370E-02  -4.3125E-03  -6.1712E-03   7.4031E-03  -8.5786E-03   1.1267E-02
   4.3557E-02   1.7771E-02   4.2527E-02   2.2266E-02   6.2949E-02   3.5068E-02
   7.0461E-02   2.1982E-02   6.1016E-02   7.2741E-03   1.2458E-02  -2.5363E-04
   1.3205E-02   2.0033E-03   1.7127E-02   1.0325E-02   1.3421E-02   7.0427E-03
   1.4938E-02  -2.0279E-03  -4.5997E-03  -4.9694E-03  -9.3776E-04   1.9391E-03
   2.3011E-02   1.1276E-02   2.0713E-02
  > E    =  -9.158858456778E+02 +/-   6.363015775845E-04
  > varE =   4.052683821463E-02
* Computing derivatives.
    [walltime: 1m5s elapsed, 37m44s remaining]
  Done. [total walltime: 38m2s]
* Optimizing manipulation constant:
  #igrid a___________ E____________________________________ varE____________
     1     Infinity    -9.15885846E+02 +/-   6.36301578E-04   4.05268382E-02
     2     1.0000E+06  -9.15885846E+02 +/-   6.36301116E-04   4.05267794E-02
     3     2.1544E+05  -9.15885846E+02 +/-   6.36299434E-04   4.05265651E-02
     4     4.6416E+04  -9.15885847E+02 +/-   6.36291627E-04   4.05255707E-02
     5     1.0000E+04  -9.15885850E+02 +/-   6.36255399E-04   4.05209560E-02
     6     2.1544E+03  -9.15885868E+02 +/-   6.36087374E-04   4.04995570E-02
     7     4.6416E+02  -9.15885948E+02 +/-   6.35310350E-04   4.04006716E-02
     8     1.0000E+02  -9.15886312E+02 +/-   6.31764679E-04   3.99509771E-02
     9     2.1544E+01  -9.15887867E+02 +/-   6.16525946E-04   3.80469142E-02
    10     4.6416E+00  -9.15893023E+02 +/-   5.65095110E-04   3.19639043E-02
    11     1.0000E+00  -9.15901461E+02 +/-   4.80372125E-04   2.30978906E-02
    12     2.1544E-01  -9.15905940E+02 +/-   4.42032395E-04   1.95580215E-02
    13     4.6416E-02  -9.15906857E+02 +/-   4.38239848E-04   1.92238537E-02
    14     1.0000E-02  -9.15907007E+02 +/-   4.38359799E-04   1.92343786E-02
    15     2.1544E-03  -9.15907036E+02 +/-   4.38449118E-04   1.92422177E-02
    16     4.6416E-04  -9.15907042E+02 +/-   4.38471576E-04   1.92441890E-02
    17     1.0000E-04  -9.15907043E+02 +/-   4.38476566E-04   1.92446270E-02
    18     2.1544E-05  -9.15907043E+02 +/-   4.38477649E-04   1.92447220E-02
    19     4.6416E-06  -9.15907043E+02 +/-   4.38477882E-04   1.92447425E-02
    20     1.0000E-06  -9.15907043E+02 +/-   4.38477932E-04   1.92447470E-02
    21     0.0000E+00  -9.15907043E+02 +/-   4.38477946E-04   1.92447482E-02
* Iteration # 1: E =  -9.159070431400E+02 +/-   4.384779461787E-04
* Reached maximum number of iterations: exiting.
* After optimization:
  -1.3863E+00  -1.3721E+00  -1.3708E+00  -1.3600E+00  -1.3635E+00  -1.3929E+00
   3.5246E-01   3.5546E-01   3.4744E-01   2.6897E-01   2.6157E-01   2.6768E-01
   2.7897E-01   3.5832E-01   3.5214E-01   3.6200E-01   3.5551E-01   3.6309E-01
   3.5454E-01   2.8984E-01   2.9020E-01   2.9928E-01   1.8010E-01   1.7969E-01
   1.8138E-01  -4.8629E-02  -4.5829E-02  -4.6350E-02  -8.4811E-02  -8.1954E-02
  -9.4188E-02  -9.4982E-02  -7.4449E-02  -7.6499E-02   2.7132E-02   2.2521E-02
   3.0671E-02   2.8216E-02   2.4682E-02   2.7606E-02   3.7075E-02   4.3678E-02
   8.8629E-02   8.8697E-02   8.9825E-02   1.8449E-02   2.3813E-02   2.5504E-02
   2.1729E-02  -7.3417E-02  -1.5510E-01  -7.3871E-02  -1.4292E-01  -1.1816E-01
  -8.9319E-02  -1.3077E-01  -8.1779E-02  -1.3309E-01  -1.5606E-01  -1.3648E-01
  -1.5737E-01  -1.3685E-01  -1.6416E-01  -1.1330E-01  -1.1491E-01  -1.1834E-01
  -1.2072E-01  -8.5538E-02  -9.7404E-02  -8.4266E-02  -1.0191E-01   6.5683E-03
   3.8255E-02   3.6014E-03   3.7208E-02   1.5784E-02   6.7256E-02   2.9658E-02
   6.5703E-02   1.3232E-02   6.5329E-02  -2.2766E-02  -8.3278E-03  -2.6532E-02
  -1.0777E-02  -2.6611E-02  -6.4753E-03  -2.1161E-02  -1.2680E-02  -2.1527E-02
  -1.5719E-02  -4.3936E-02  -4.7083E-02  -4.3486E-02  -4.5302E-02  -2.8826E-02
   1.2847E-03  -2.8599E-02  -4.1932E-03
  > Energy =  -9.159070431400E+02 +/-   4.384779461787E-04
  > varE =   1.924474816780E-02

VMC #3:
* Size of Hilbert space =   7.3125E+12
* Number of equil. steps   = 1000
* Running VMC equilibration.
  Done. [total walltime: 0.02s]
* Equil. acc.ratio (%)     =  18.1273
* Sample config after equilibration:
  [draw: system geometry not defined]
* Number of accum. steps   = 500480 x 10
* Running VMC accumulation.
    [walltime: 1m elapsed, 9m11s remaining]
  Done. [total walltime: 10m8s]
* Acceptance ratio (%)     =  18.0857
* Etot/t                   =  -9.159067527976E+02 +/-   1.939084482913E-04
  > Ttot/t                 =  -9.556389260901E+01 +/-   1.253079617776E-03
  > Utot/t                 =   4.256192806042E+01 +/-   1.249625770811E-03
* var[Eloc/t]              =   1.920924010407E-02 +/-   8.984886838562E-05
* Correlation length       =   9.796478825217E-01
* log10 Psi^2 range: -23.614189934890128 -- -11.470943834933644
* log10 Pgen range : -23.614189934890128 -- -11.470943834933644
* Site occupation (ave. no. electrons per config.):
  > Site_  ___eu____  ___ed____
      1        0.501      0.498
      2        0.498      0.498
      3        0.498      0.499
      4        0.499      0.499
      5        0.501      0.500
      6        0.498      0.500
      7        0.503      0.502
      8        0.497      0.501
      9        0.497      0.498
     10        0.501      0.499
     11        0.501      0.499
     12        0.499      0.505
     13        0.504      0.498
     14        0.499      0.504
     15        0.498      0.495
     16        0.498      0.499
     17        0.500      0.497
     18        0.503      0.501
     19        0.505      0.499
     20        0.500      0.501
     21        0.503      0.503
     22        0.502      0.503
     23        0.498      0.499
     24        0.498      0.503
* Pair-correlation analysis (ave. no. pairs per config.):
  > Shell  nsite  ___dh____  __eueu___  __eued___
      0      1        0          0          4.504
      1      0        0.906      0.673      2.468
      2      0        0.452      0.339      1.233
      3      0        0.708      1.149      2.218
      4      0        0.354      0.568      1.106
      5      0        0.560      1.431      2.119
      6      0        0.560      1.433      2.116
      7      0        0.560      1.427      2.122
      8      0        0.581      1.429      2.093
      9      0        0.293      0.717      1.050
     10      0        0.134      1.019      0.985
     11      0        0.265      2.039      1.970
     12      0        0.173      0.921      1.030
     13      0        0.345      1.848      2.058
     14      0        0.325      1.825      2.085
     15      0        0.325      1.834      2.098
     16      0        0.328      1.834      2.090
     17      0        0.297      2.059      1.952
     18      0        0.294      2.064      1.952
     19      0        0.293      2.057      1.944
     20      0        0.081      0.481      0.501
     21      0        0.161      0.972      1.008
     22      0        0.153      1.011      0.987
     23      0        0.301      2.018      1.969
     24      0        0.270      2.074      1.946
     25      0        0.271      2.081      1.955
     26      0        0.270      2.095      1.943
     27      0        0.153      1.000      0.984
     28      0        0.310      1.997      1.982
     29      0        0.291      2.014      1.976
     30      0        0.285      2.009      1.971
     31      0        0.289      2.012      1.978
     32      0        0.283      2.015      1.981
     33      0        0.284      2.016      1.980
     34      0        0.284      2.015      1.980
     35      0        0.296      1.956      2.015
     36      0        0.296      1.952      2.020
     37      0        0.283      1.984      2.002
     38      0        0.278      1.998      2.016
     39      0        0.295      1.953      2.018
     40      0        0.281      1.990      2.019
     41      0        0.252      2.114      1.961
     42      0        0.250      2.112      1.966
     43      0        0.252      2.112      1.965
     44      0        0.257      1.969      2.055
     45      0        0.260      1.966      2.053
     46      0        0.259      1.964      2.056
     47      0        0.137      1.010      0.986
     48      0        0.272      2.022      1.973
     49      0        0.132      0.994      1.011
     50      0        0.265      1.991      2.018
     51      0        0.283      2.006      1.996
     52      0        0.282      2.001      1.983
     53      0        0.284      2.005      1.993
     54      0        0.283      2.003      1.994
     55      0        0.282      2.007      1.991
     56      0        0.258      1.999      2.023
     57      0        0.257      2.021      2.004
     58      0        0.261      2.016      2.002
     59      0        0.282      2.004      1.994
     60      0        0.256      2.021      2.005
     61      0        0.128      1.000      1.011
     62      0        0.311      1.996      1.973
     63      0        0.283      1.978      2.005
     64      0        0.281      1.993      2.011
     65      0        0.285      1.990      2.010
     66      0        0.155      1.000      0.986
     67      0        0.310      1.963      1.996
     68      0        0.310      1.976      2.001
     69      0        0.311      1.977      2.002
     70      0        0.129      1.002      1.007
     71      0        0.283      1.990      2.007
     72      0        0.127      1.002      1.010
     73      0        0.130      1.001      1.009
     74      0        0.282      1.991      2.005
     75      0        0.283      1.990      2.007
     76      0        0.079      0.490      0.500
     77      0        0.157      0.986      0.995
     78      0        0.255      2.018      2.008
     79      0        0.129      1.010      1.002

Optimization #3:
* Method          : lls
* Target function : energy
* No. of configs. : 100096
* No. of params.  : 99
* Before optimization:
  -1.3863E+00  -1.3721E+00  -1.3708E+00  -1.3600E+00  -1.3635E+00  -1.3929E+00
   3.5246E-01   3.5546E-01   3.4744E-01   2.6897E-01   2.6157E-01   2.6768E-01
   2.7897E-01   3.5832E-01   3.5214E-01   3.6200E-01   3.5551E-01   3.6309E-01
   3.5454E-01   2.8984E-01   2.9020E-01   2.9928E-01   1.8010E-01   1.7969E-01
   1.8138E-01  -4.8629E-02  -4.5829E-02  -4.6350E-02  -8.4811E-02  -8.1954E-02
  -9.4188E-02  -9.4982E-02  -7.4449E-02  -7.6499E-02   2.7132E-02   2.2521E-02
   3.0671E-02   2.8216E-02   2.4682E-02   2.7606E-02   3.7075E-02   4.3678E-02
   8.8629E-02   8.8697E-02   8.9825E-02   1.8449E-02   2.3813E-02   2.5504E-02
   2.1729E-02  -7.3417E-02  -1.5510E-01  -7.3871E-02  -1.4292E-01  -1.1816E-01
  -8.9319E-02  -1.3077E-01  -8.1779E-02  -1.3309E-01  -1.5606E-01  -1.3648E-01
  -1.5737E-01  -1.3685E-01  -1.6416E-01  -1.1330E-01  -1.1491E-01  -1.1834E-01
  -1.2072E-01  -8.5538E-02  -9.7404E-02  -8.4266E-02  -1.0191E-01   6.5683E-03
   3.8255E-02   3.6014E-03   3.7208E-02   1.5784E-02   6.7256E-02   2.9658E-02
   6.5703E-02   1.3232E-02   6.5329E-02  -2.2766E-02  -8.3278E-03  -2.6532E-02
  -1.0777E-02  -2.6611E-02  -6.4753E-03  -2.1161E-02  -1.2680E-02  -2.1527E-02
  -1.5719E-02  -4.3936E-02  -4.7083E-02  -4.3486E-02  -4.5302E-02  -2.8826E-02
   1.2847E-03  -2.8599E-02  -4.1932E-03
  > E    =  -9.159067643653E+02 +/-   4.377288593624E-04
  > varE =   1.917904966109E-02
* Computing derivatives.
    [walltime: 1m5s elapsed, 37m33s remaining]
  Done. [total walltime: 38m7s]
* Optimizing manipulation constant:
  #igrid a___________ E____________________________________ varE____________
     1     Infinity    -9.15906764E+02 +/-   4.37728859E-04   1.91790497E-02
     2     1.0000E+06  -9.15906764E+02 +/-   4.37728856E-04   1.91790493E-02
     3     2.1544E+05  -9.15906764E+02 +/-   4.37728843E-04   1.91790482E-02
     4     4.6416E+04  -9.15906764E+02 +/-   4.37728782E-04   1.91790429E-02
     5     1.0000E+04  -9.15906764E+02 +/-   4.37728502E-04   1.91790183E-02
     6     2.1544E+03  -9.15906765E+02 +/-   4.37727200E-04   1.91789043E-02
     7     4.6416E+02  -9.15906766E+02 +/-   4.37721197E-04   1.91783782E-02
     8     1.0000E+02  -9.15906771E+02 +/-   4.37694092E-04   1.91760032E-02
     9     2.1544E+01  -9.15906792E+02 +/-   4.37583410E-04   1.91663061E-02
    10     4.6416E+00  -9.15906869E+02 +/-   4.37299963E-04   1.91414839E-02
    11     1.0000E+00  -9.15907015E+02 +/-   4.37492031E-04   1.91583020E-02
    12     2.1544E-01  -9.15907109E+02 +/-   4.38953122E-04   1.92864816E-02
    13     4.6416E-02  -9.15907131E+02 +/-   4.40003171E-04   1.93788650E-02
    14     1.0000E-02  -9.15907134E+02 +/-   4.40330318E-04   1.94076925E-02
    15     2.1544E-03  -9.15907135E+02 +/-   4.40407488E-04   1.94144956E-02
    16     4.6416E-04  -9.15907135E+02 +/-   4.40424454E-04   1.94159914E-02
    17     1.0000E-04  -9.15907135E+02 +/-   4.40428125E-04   1.94163151E-02
    18     2.1544E-05  -9.15907135E+02 +/-   4.40428917E-04   1.94163849E-02
    19     4.6416E-06  -9.15907135E+02 +/-   4.40429087E-04   1.94164000E-02
    20     1.0000E-06  -9.15907135E+02 +/-   4.40429124E-04   1.94164032E-02
    21     0.0000E+00  -9.15907135E+02 +/-   4.40429134E-04   1.94164041E-02
* Iteration # 1: E =  -9.159071350601E+02 +/-   4.404291341446E-04
* Reached maximum number of iterations: exiting.
* After optimization:
  -1.4847E+00  -1.4828E+00  -1.4742E+00  -1.4631E+00  -1.4699E+00  -1.4932E+00
   3.7667E-01   3.7908E-01   3.6592E-01   2.8202E-01   2.7477E-01   2.8333E-01
   2.8921E-01   3.8770E-01   3.8065E-01   3.8967E-01   3.8202E-01   3.8747E-01
   3.7925E-01   3.0808E-01   3.1125E-01   3.1377E-01   1.9708E-01   1.9302E-01
   1.9360E-01  -5.4784E-02  -4.9538E-02  -5.0987E-02  -9.4541E-02  -8.8163E-02
  -1.0246E-01  -1.0271E-01  -8.0294E-02  -8.0996E-02   3.0952E-02   2.8457E-02
   3.1903E-02   2.8275E-02   2.6318E-02   2.9723E-02   4.3750E-02   4.8554E-02
   9.7284E-02   9.3939E-02   9.5941E-02   2.1124E-02   2.5096E-02   3.0695E-02
   2.6187E-02  -1.0504E-01  -1.7631E-01  -9.8991E-02  -1.6207E-01  -1.2104E-01
  -1.0090E-01  -1.3622E-01  -9.6259E-02  -1.5565E-01  -1.7597E-01  -1.5953E-01
  -1.7349E-01  -1.5359E-01  -1.8232E-01  -1.2700E-01  -1.2983E-01  -1.3086E-01
  -1.3227E-01  -9.9999E-02  -1.0932E-01  -9.6123E-02  -1.1284E-01   8.3304E-03
   3.9462E-02   6.0496E-03   3.7289E-02   1.9424E-02   6.9102E-02   3.0936E-02
   6.7400E-02   1.6055E-02   6.5082E-02  -2.4174E-02  -1.3171E-02  -2.5863E-02
  -1.1802E-02  -2.6205E-02  -9.6864E-03  -2.1219E-02  -1.4975E-02  -2.2912E-02
  -2.0242E-02  -4.8144E-02  -4.9607E-02  -4.6785E-02  -4.9186E-02  -2.8791E-02
  -6.9763E-04  -2.8342E-02  -8.2609E-03
  > Energy =  -9.159071350601E+02 +/-   4.404291341446E-04
  > varE =   1.941640409127E-02

VMC #4:
* Size of Hilbert space =   7.3125E+12
* Number of equil. steps   = 1000
* Running VMC equilibration.
  Done. [total walltime: 0.02s]
* Equil. acc.ratio (%)     =  17.9442
* Sample config after equilibration:
  [draw: system geometry not defined]
* Number of accum. steps   = 500480 x 10
* Running VMC accumulation.
    [walltime: 1m elapsed, 9m8s remaining]
  Done. [total walltime: 10m4s]
* Acceptance ratio (%)     =  17.9077
* Etot/t                   =  -9.159067426502E+02 +/-   1.985669573266E-04
  > Ttot/t                 =  -9.556132335197E+01 +/-   1.258383909672E-03
  > Utot/t                 =   4.255936895078E+01 +/-   1.249589907128E-03
* var[Eloc/t]              =   1.953165461008E-02 +/-   4.508834979892E-05
* Correlation length       =   1.010326288605E+00
* log10 Psi^2 range: -22.696962241788867 -- -11.532297961315084
* log10 Pgen range : -22.696962241788867 -- -11.532297961315084
* Site occupation (ave. no. electrons per config.):
  > Site_  ___eu____  ___ed____
      1        0.498      0.498
      2        0.497      0.499
      3        0.499      0.498
      4        0.497      0.501
      5        0.504      0.502
      6        0.496      0.501
      7        0.501      0.501
      8        0.500      0.499
      9        0.498      0.498
     10        0.498      0.498
     11        0.501      0.501
     12        0.501      0.502
     13        0.501      0.500
     14        0.499      0.501
     15        0.501      0.501
     16        0.499      0.500
     17        0.499      0.495
     18        0.503      0.500
     19        0.500      0.499
     20        0.502      0.503
     21        0.505      0.501
     22        0.500      0.499
     23        0.500      0.498
     24        0.501      0.504
* Pair-correlation analysis (ave. no. pairs per config.):
  > Shell  nsite  ___dh____  __eueu___  __eued___
      0      1        0          0          4.474
      1      0        0.891      0.672      2.480
      2      0        0.447      0.337      1.237
      3      0        0.698      1.149      2.222
      4      0        0.352      0.574      1.112
      5      0        0.561      1.422      2.120
      6      0        0.561      1.416      2.116
      7      0        0.551      1.433      2.127
      8      0        0.578      1.434      2.102
      9      0        0.289      0.716      1.049
     10      0        0.128      1.015      0.981
     11      0        0.260      2.042      1.970
     12      0        0.169      0.926      1.031
     13      0        0.341      1.850      2.060
     14      0        0.319      1.838      2.105
     15      0        0.315      1.828      2.093
     16      0        0.319      1.830      2.097
     17      0        0.293      2.063      1.945
     18      0        0.294      2.054      1.949
     19      0        0.293      2.062      1.951
     20      0        0.079      0.487      0.506
     21      0        0.161      0.972      1.004
     22      0        0.150      1.009      0.988
     23      0        0.300      2.026      1.976
     24      0        0.265      2.084      1.944
     25      0        0.269      2.084      1.943
     26      0        0.263      2.095      1.947
     27      0        0.154      0.999      0.993
     28      0        0.304      1.996      1.985
     29      0        0.286      2.006      1.969
     30      0        0.287      2.014      1.975
     31      0        0.284      2.014      1.981
     32      0        0.285      2.013      1.974
     33      0        0.281      2.019      1.981
     34      0        0.281      2.009      1.972
     35      0        0.291      1.944      2.016
     36      0        0.290      1.958      2.026
     37      0        0.273      1.995      2.020
     38      0        0.276      1.986      2.005
     39      0        0.291      1.951      2.025
     40      0        0.275      1.994      2.020
     41      0        0.247      2.108      1.954
     42      0        0.247      2.123      1.963
     43      0        0.249      2.116      1.956
     44      0        0.252      1.965      2.053
     45      0        0.251      1.959      2.052
     46      0        0.250      1.968      2.065
     47      0        0.134      1.013      0.989
     48      0        0.271      2.016      1.957
     49      0        0.133      0.990      0.999
     50      0        0.260      1.993      2.021
     51      0        0.280      2.003      1.991
     52      0        0.280      2.009      2.002
     53      0        0.276      1.997      1.993
     54      0        0.276      2.004      2.003
     55      0        0.282      1.993      1.990
     56      0        0.251      1.997      2.017
     57      0        0.249      2.016      2.011
     58      0        0.254      2.010      1.996
     59      0        0.280      2.003      1.990
     60      0        0.253      2.021      2.008
     61      0        0.127      1.006      1.011
     62      0        0.309      1.999      1.971
     63      0        0.280      1.992      2.002
     64      0        0.282      1.994      2.008
     65      0        0.282      1.988      2.004
     66      0        0.154      0.997      0.987
     67      0        0.307      1.978      2.003
     68      0        0.310      1.971      2.001
     69      0        0.305      1.976      2.001
     70      0        0.126      1.000      1.000
     71      0        0.279      1.999      2.009
     72      0        0.126      1.010      1.008
     73      0        0.128      1.002      1.007
     74      0        0.279      1.991      2.003
     75      0        0.279      1.986      1.996
     76      0        0.078      0.494      0.498
     77      0        0.155      0.985      0.996
     78      0        0.251      2.009      2.011
     79      0        0.128      1.006      1.004

Optimization #4:
* Method          : lls
* Target function : energy
* No. of configs. : 100096
* No. of params.  : 99
* Before optimization:
  -1.4847E+00  -1.4828E+00  -1.4742E+00  -1.4631E+00  -1.4699E+00  -1.4932E+00
   3.7667E-01   3.7908E-01   3.6592E-01   2.8202E-01   2.7477E-01   2.8333E-01
   2.8921E-01   3.8770E-01   3.8065E-01   3.8967E-01   3.8202E-01   3.8747E-01
   3.7925E-01   3.0808E-01   3.1125E-01   3.1377E-01   1.9708E-01   1.9302E-01
   1.9360E-01  -5.4784E-02  -4.9538E-02  -5.0987E-02  -9.4541E-02  -8.8163E-02
  -1.0246E-01  -1.0271E-01  -8.0294E-02  -8.0996E-02   3.0952E-02   2.8457E-02
   3.1903E-02   2.8275E-02   2.6318E-02   2.9723E-02   4.3750E-02   4.8554E-02
   9.7284E-02   9.3939E-02   9.5941E-02   2.1124E-02   2.5096E-02   3.0695E-02
   2.6187E-02  -1.0504E-01  -1.7631E-01  -9.8991E-02  -1.6207E-01  -1.2104E-01
  -1.0090E-01  -1.3622E-01  -9.6259E-02  -1.5565E-01  -1.7597E-01  -1.5953E-01
  -1.7349E-01  -1.5359E-01  -1.8232E-01  -1.2700E-01  -1.2983E-01  -1.3086E-01
  -1.3227E-01  -9.9999E-02  -1.0932E-01  -9.6123E-02  -1.1284E-01   8.3304E-03
   3.9462E-02   6.0496E-03   3.7289E-02   1.9424E-02   6.9102E-02   3.0936E-02
   6.7400E-02   1.6055E-02   6.5082E-02  -2.4174E-02  -1.3171E-02  -2.5863E-02
  -1.1802E-02  -2.6205E-02  -9.6864E-03  -2.1219E-02  -1.4975E-02  -2.2912E-02
  -2.0242E-02  -4.8144E-02  -4.9607E-02  -4.6785E-02  -4.9186E-02  -2.8791E-02
  -6.9763E-04  -2.8342E-02  -8.2609E-03
  > E    =  -9.159074091829E+02 +/-   4.405546661238E-04
  > varE =   1.942747387208E-02
* Computing derivatives.
    [walltime: 1m3s elapsed, 38m22s remaining]
  Done. [total walltime: 38m9s]
* Optimizing manipulation constant:
  #igrid a___________ E____________________________________ varE____________
     1     Infinity    -9.15907409E+02 +/-   4.40554666E-04   1.94274739E-02
     2     1.0000E+06  -9.15907409E+02 +/-   4.40554665E-04   1.94274737E-02
     3     2.1544E+05  -9.15907409E+02 +/-   4.40554659E-04   1.94274732E-02
     4     4.6416E+04  -9.15907409E+02 +/-   4.40554633E-04   1.94274709E-02
     5     1.0000E+04  -9.15907409E+02 +/-   4.40554510E-04   1.94274601E-02
     6     2.1544E+03  -9.15907409E+02 +/-   4.40553943E-04   1.94274101E-02
     7     4.6416E+02  -9.15907409E+02 +/-   4.40551317E-04   1.94271785E-02
     8     1.0000E+02  -9.15907410E+02 +/-   4.40539288E-04   1.94261176E-02
     9     2.1544E+01  -9.15907413E+02 +/-   4.40486661E-04   1.94214766E-02
    10     4.6416E+00  -9.15907422E+02 +/-   4.40294813E-04   1.94045627E-02
    11     1.0000E+00  -9.15907440E+02 +/-   4.39876878E-04   1.93677419E-02
    12     2.1544E-01  -9.15907452E+02 +/-   4.39484131E-04   1.93331722E-02
    13     4.6416E-02  -9.15907453E+02 +/-   4.39319292E-04   1.93186722E-02
    14     1.0000E-02  -9.15907453E+02 +/-   4.39275534E-04   1.93148239E-02
    15     2.1544E-03  -9.15907453E+02 +/-   4.39265610E-04   1.93139512E-02
    16     4.6416E-04  -9.15907453E+02 +/-   4.39263448E-04   1.93137611E-02
    17     1.0000E-04  -9.15907453E+02 +/-   4.39262981E-04   1.93137200E-02
    18     2.1544E-05  -9.15907453E+02 +/-   4.39262880E-04   1.93137111E-02
    19     4.6416E-06  -9.15907453E+02 +/-   4.39262858E-04   1.93137092E-02
    20     1.0000E-06  -9.15907453E+02 +/-   4.39262854E-04   1.93137088E-02
    21     0.0000E+00  -9.15907453E+02 +/-   4.39262852E-04   1.93137087E-02
* Iteration # 1: E =  -9.159074531947E+02 +/-   4.392755336217E-04
* Reached maximum number of iterations: exiting.
* After optimization:
  -1.4975E+00  -1.4788E+00  -1.4890E+00  -1.4734E+00  -1.4724E+00  -1.4959E+00
   3.8043E-01   3.7989E-01   3.6517E-01   2.8684E-01   2.7843E-01   2.8672E-01
   2.9733E-01   3.8731E-01   3.7826E-01   3.8582E-01   3.7965E-01   3.8963E-01
   3.7768E-01   3.0513E-01   3.0502E-01   3.2073E-01   1.8998E-01   1.9158E-01
   1.9343E-01  -4.9040E-02  -4.9557E-02  -4.6863E-02  -8.8471E-02  -9.1379E-02
  -9.8045E-02  -1.0216E-01  -7.9108E-02  -8.0607E-02   2.8684E-02   2.8037E-02
   3.5963E-02   3.2657E-02   2.9944E-02   3.0039E-02   4.0117E-02   4.6794E-02
   9.1973E-02   9.3540E-02   9.5156E-02   2.2976E-02   2.8106E-02   3.2031E-02
   2.5552E-02  -1.0876E-01  -1.8269E-01  -1.0142E-01  -1.6323E-01  -1.2819E-01
  -1.0390E-01  -1.3750E-01  -9.8484E-02  -1.5179E-01  -1.7635E-01  -1.5700E-01
  -1.7077E-01  -1.5403E-01  -1.8229E-01  -1.2112E-01  -1.2775E-01  -1.3512E-01
  -1.3525E-01  -9.4938E-02  -1.0721E-01  -9.6994E-02  -1.1210E-01   6.7685E-03
   3.6226E-02   5.4169E-03   3.7798E-02   2.0537E-02   6.7821E-02   2.8680E-02
   6.6851E-02   1.2536E-02   6.7162E-02  -2.4694E-02  -1.2925E-02  -2.8460E-02
  -1.3345E-02  -2.6044E-02  -1.0460E-02  -2.1291E-02  -1.5329E-02  -2.2526E-02
  -1.7928E-02  -4.5053E-02  -5.1940E-02  -4.5550E-02  -4.9221E-02  -3.0803E-02
  -2.9756E-03  -3.2152E-02  -7.7226E-03
  > Energy =  -9.159074531947E+02 +/-   4.392755336217E-04
  > varE =   1.931482389133E-02

VMC #5:
* Size of Hilbert space =   7.3125E+12
* Number of equil. steps   = 1000
* Running VMC equilibration.
  Done. [total walltime: 0.02s]
* Equil. acc.ratio (%)     =  17.9332
* Sample config after equilibration:
  [draw: system geometry not defined]
* Number of accum. steps   = 500480 x 10
* Running VMC accumulation.
    [walltime: 1m elapsed, 8m55s remaining]
  Done. [total walltime: 10m3s]
* Acceptance ratio (%)     =  17.9138
* Etot/t                   =  -9.159068997797E+02 +/-   1.964107320465E-04
  > Ttot/t                 =  -9.555801643385E+01 +/-   1.242215921991E-03
  > Utot/t                 =   4.255590490314E+01 +/-   1.236211700379E-03
* var[Eloc/t]              =   1.953663766205E-02 +/-   1.095803971252E-04
* Correlation length       =   9.882511622424E-01
* log10 Psi^2 range: -23.285908588026967 -- -11.574785253296001
* log10 Pgen range : -23.285908588026967 -- -11.574785253296001
* Site occupation (ave. no. electrons per config.):
  > Site_  ___eu____  ___ed____
      1        0.495      0.500
      2        0.497      0.500
      3        0.500      0.496
      4        0.499      0.501
      5        0.500      0.503
      6        0.495      0.500
      7        0.501      0.501
      8        0.499      0.497
      9        0.504      0.492
     10        0.498      0.497
     11        0.498      0.503
     12        0.503      0.500
     13        0.501      0.502
     14        0.505      0.500
     15        0.499      0.498
     16        0.496      0.500
     17        0.499      0.497
     18        0.500      0.503
     19        0.499      0.505
     20        0.504      0.503
     21        0.505      0.500
     22        0.502      0.502
     23        0.498      0.499
     24        0.505      0.500
* Pair-correlation analysis (ave. no. pairs per config.):
  > Shell  nsite  ___dh____  __eueu___  __eued___
      0      1        0          0          4.479
      1      0        0.898      0.674      2.479
      2      0        0.448      0.340      1.237
      3      0        0.702      1.141      2.215
      4      0        0.351      0.572      1.114
      5      0        0.560      1.422      2.121
      6      0        0.557      1.425      2.129
      7      0        0.561      1.420      2.123
      8      0        0.577      1.426      2.097
      9      0        0.291      0.710      1.046
     10      0        0.129      1.021      0.987
     11      0        0.258      2.041      1.977
     12      0        0.171      0.923      1.028
     13      0        0.341      1.847      2.062
     14      0        0.320      1.828      2.099
     15      0        0.321      1.822      2.099
     16      0        0.319      1.823      2.100
     17      0        0.291      2.061      1.946
     18      0        0.292      2.054      1.944
     19      0        0.290      2.061      1.945
     20      0        0.080      0.486      0.501
     21      0        0.158      0.967      1.006
     22      0        0.151      1.009      0.978
     23      0        0.301      2.017      1.965
     24      0        0.268      2.085      1.941
     25      0        0.269      2.083      1.939
     26      0        0.261      2.098      1.940
     27      0        0.152      0.998      0.992
     28      0        0.305      1.993      1.972
     29      0        0.286      2.012      1.969
     30      0        0.285      2.015      1.971
     31      0        0.286      2.007      1.976
     32      0        0.280      2.020      1.982
     33      0        0.284      2.011      1.979
     34      0        0.278      2.014      1.980
     35      0        0.291      1.953      2.019
     36      0        0.293      1.955      2.016
     37      0        0.276      1.990      2.013
     38      0        0.278      1.990      2.007
     39      0        0.291      1.956      2.027
     40      0        0.277      1.988      2.014
     41      0        0.246      2.123      1.957
     42      0        0.246      2.128      1.962
     43      0        0.249      2.117      1.960
     44      0        0.254      1.969      2.056
     45      0        0.256      1.967      2.055
     46      0        0.255      1.969      2.056
     47      0        0.134      1.012      0.989
     48      0        0.269      2.023      1.972
     49      0        0.131      0.996      1.008
     50      0        0.261      1.990      2.024
     51      0        0.277      2.002      1.996
     52      0        0.278      2.002      1.998
     53      0        0.279      2.000      1.991
     54      0        0.279      2.005      1.993
     55      0        0.279      2.009      1.996
     56      0        0.255      2.002      2.021
     57      0        0.250      2.020      2.012
     58      0        0.254      2.021      2.005
     59      0        0.282      2.000      1.992
     60      0        0.252      2.023      2.010
     61      0        0.127      1.003      1.011
     62      0        0.310      1.995      1.974
     63      0        0.280      1.988      2.007
     64      0        0.281      1.987      2.004
     65      0        0.281      1.984      2.006
     66      0        0.155      0.995      0.986
     67      0        0.307      1.971      1.998
     68      0        0.306      1.972      2.000
     69      0        0.310      1.966      1.995
     70      0        0.128      1.000      1.012
     71      0        0.278      2.000      2.007
     72      0        0.128      1.003      1.010
     73      0        0.127      1.005      1.008
     74      0        0.279      1.994      2.001
     75      0        0.279      1.993      2.004
     76      0        0.078      0.493      0.500
     77      0        0.155      0.983      0.998
     78      0        0.255      2.021      2.007
     79      0        0.127      1.008      1.005

Optimization #5:
* Method          : lls
* Target function : energy
* No. of configs. : 100096
* No. of params.  : 99
* Before optimization:
  -1.4975E+00  -1.4788E+00  -1.4890E+00  -1.4734E+00  -1.4724E+00  -1.4959E+00
   3.8043E-01   3.7989E-01   3.6517E-01   2.8684E-01   2.7843E-01   2.8672E-01
   2.9733E-01   3.8731E-01   3.7826E-01   3.8582E-01   3.7965E-01   3.8963E-01
   3.7768E-01   3.0513E-01   3.0502E-01   3.2073E-01   1.8998E-01   1.9158E-01
   1.9343E-01  -4.9040E-02  -4.9557E-02  -4.6863E-02  -8.8471E-02  -9.1379E-02
  -9.8045E-02  -1.0216E-01  -7.9108E-02  -8.0607E-02   2.8684E-02   2.8037E-02
   3.5963E-02   3.2657E-02   2.9944E-02   3.0039E-02   4.0117E-02   4.6794E-02
   9.1973E-02   9.3540E-02   9.5156E-02   2.2976E-02   2.8106E-02   3.2031E-02
   2.5552E-02  -1.0876E-01  -1.8269E-01  -1.0142E-01  -1.6323E-01  -1.2819E-01
  -1.0390E-01  -1.3750E-01  -9.8484E-02  -1.5179E-01  -1.7635E-01  -1.5700E-01
  -1.7077E-01  -1.5403E-01  -1.8229E-01  -1.2112E-01  -1.2775E-01  -1.3512E-01
  -1.3525E-01  -9.4938E-02  -1.0721E-01  -9.6994E-02  -1.1210E-01   6.7685E-03
   3.6226E-02   5.4169E-03   3.7798E-02   2.0537E-02   6.7821E-02   2.8680E-02
   6.6851E-02   1.2536E-02   6.7162E-02  -2.4694E-02  -1.2925E-02  -2.8460E-02
  -1.3345E-02  -2.6044E-02  -1.0460E-02  -2.1291E-02  -1.5329E-02  -2.2526E-02
  -1.7928E-02  -4.5053E-02  -5.1940E-02  -4.5550E-02  -4.9221E-02  -3.0803E-02
  -2.9756E-03  -3.2152E-02  -7.7226E-03
  > E    =  -9.159068961247E+02 +/-   4.379703945081E-04
  > varE =   1.920022118094E-02
* Computing derivatives.
    [walltime: 1m5s elapsed, 37m45s remaining]
  Done. [total walltime: 38m3s]
* Optimizing manipulation constant:
  #igrid a___________ E____________________________________ varE____________
     1     Infinity    -9.15906896E+02 +/-   4.37970395E-04   1.92002212E-02
     2     1.0000E+06  -9.15906896E+02 +/-   4.37970394E-04   1.92002211E-02
     3     2.1544E+05  -9.15906896E+02 +/-   4.37970392E-04   1.92002210E-02
     4     4.6416E+04  -9.15906896E+02 +/-   4.37970385E-04   1.92002204E-02
     5     1.0000E+04  -9.15906896E+02 +/-   4.37970351E-04   1.92002173E-02
     6     2.1544E+03  -9.15906896E+02 +/-   4.37970191E-04   1.92002034E-02
     7     4.6416E+02  -9.15906896E+02 +/-   4.37969455E-04   1.92001388E-02
     8     1.0000E+02  -9.15906897E+02 +/-   4.37966113E-04   1.91998458E-02
     9     2.1544E+01  -9.15906899E+02 +/-   4.37952099E-04   1.91986171E-02
    10     4.6416E+00  -9.15906907E+02 +/-   4.37910226E-04   1.91949461E-02
    11     1.0000E+00  -9.15906922E+02 +/-   4.37883866E-04   1.91926353E-02
    12     2.1544E-01  -9.15906930E+02 +/-   4.37988250E-04   1.92017867E-02
    13     4.6416E-02  -9.15906929E+02 +/-   4.38102819E-04   1.92118337E-02
    14     1.0000E-02  -9.15906928E+02 +/-   4.38145808E-04   1.92156042E-02
    15     2.1544E-03  -9.15906927E+02 +/-   4.38156536E-04   1.92165452E-02
    16     4.6416E-04  -9.15906927E+02 +/-   4.38158926E-04   1.92167549E-02
    17     1.0000E-04  -9.15906927E+02 +/-   4.38159445E-04   1.92168004E-02
    18     2.1544E-05  -9.15906927E+02 +/-   4.38159557E-04   1.92168102E-02
    19     4.6416E-06  -9.15906927E+02 +/-   4.38159581E-04   1.92168123E-02
    20     1.0000E-06  -9.15906927E+02 +/-   4.38159586E-04   1.92168128E-02
    21     0.0000E+00  -9.15906927E+02 +/-   4.38159588E-04   1.92168129E-02
* Iteration # 1: E =  -9.159069303118E+02 +/-   4.379882497893E-04
* Reached maximum number of iterations: exiting.
* After optimization:
  -1.4837E+00  -1.4683E+00  -1.4774E+00  -1.4622E+00  -1.4619E+00  -1.4855E+00
   3.7587E-01   3.7861E-01   3.5771E-01   2.8366E-01   2.7601E-01   2.8403E-01
   2.9478E-01   3.8767E-01   3.7730E-01   3.8675E-01   3.7957E-01   3.8818E-01
   3.7838E-01   3.0697E-01   3.0860E-01   3.1695E-01   1.8683E-01   1.9081E-01
   1.9252E-01  -4.7858E-02  -5.1381E-02  -4.9934E-02  -9.2329E-02  -9.1023E-02
  -9.9138E-02  -1.0373E-01  -7.9161E-02  -7.9488E-02   3.0011E-02   2.5226E-02
   3.4725E-02   3.2000E-02   2.8167E-02   3.2155E-02   4.1093E-02   4.3163E-02
   8.9429E-02   9.2499E-02   9.3081E-02   2.1541E-02   2.7591E-02   3.3388E-02
   2.8259E-02  -1.0334E-01  -1.7893E-01  -8.9282E-02  -1.5887E-01  -1.2527E-01
  -1.0062E-01  -1.3788E-01  -9.4876E-02  -1.5424E-01  -1.7399E-01  -1.5765E-01
  -1.7051E-01  -1.5424E-01  -1.8049E-01  -1.2491E-01  -1.2721E-01  -1.3194E-01
  -1.3242E-01  -9.4626E-02  -1.0447E-01  -9.7733E-02  -1.0982E-01   6.1879E-03
   3.6125E-02   7.6374E-03   3.7931E-02   2.1649E-02   6.9760E-02   3.0063E-02
   6.5975E-02   1.5525E-02   6.3244E-02  -2.3626E-02  -1.2695E-02  -2.8296E-02
  -1.2701E-02  -2.7397E-02  -9.7889E-03  -1.9248E-02  -1.2049E-02  -2.2864E-02
  -1.5548E-02  -4.4605E-02  -4.7988E-02  -4.6571E-02  -4.7919E-02  -3.1241E-02
  -3.2537E-03  -3.0888E-02  -1.1450E-02
  > Energy =  -9.159069303118E+02 +/-   4.379882497893E-04
  > varE =   1.920178673122E-02

VMC #6:
* Size of Hilbert space =   7.3125E+12
* Number of equil. steps   = 1000
* Running VMC equilibration.
  Done. [total walltime: 0.02s]
* Equil. acc.ratio (%)     =  17.9847
* Sample config after equilibration:
  [draw: system geometry not defined]
* Number of accum. steps   = 500480 x 10
* Running VMC accumulation.
    [walltime: 1m elapsed, 8m48s remaining]
  Done. [total walltime: 9m44s]
* Acceptance ratio (%)     =  17.9215
* Etot/t                   =  -9.159067123089E+02 +/-   1.964163681990E-04
  > Ttot/t                 =  -9.555893272928E+01 +/-   1.259293872424E-03
  > Utot/t                 =   4.255700866939E+01 +/-   1.253049600689E-03
* var[Eloc/t]              =   1.965852711420E-02 +/-   1.321748218242E-04
* Correlation length       =   9.821800404029E-01
* log10 Psi^2 range: -24.041319843145828 -- -11.519350104450504
* log10 Pgen range : -24.041319843145828 -- -11.519350104450504
* Site occupation (ave. no. electrons per config.):
  > Site_  ___eu____  ___ed____
      1        0.497      0.499
      2        0.498      0.502
      3        0.495      0.497
      4        0.497      0.499
      5        0.501      0.503
      6        0.500      0.499
      7        0.501      0.502
      8        0.497      0.499
      9        0.497      0.499
     10        0.500      0.498
     11        0.501      0.502
     12        0.503      0.501
     13        0.503      0.502
     14        0.499      0.501
     15        0.498      0.497
     16        0.498      0.499
     17        0.501      0.499
     18        0.502      0.501
     19        0.505      0.499
     20        0.503      0.501
     21        0.504      0.502
     22        0.501      0.499
     23        0.500      0.498
     24        0.497      0.503
* Pair-correlation analysis (ave. no. pairs per config.):
  > Shell  nsite  ___dh____  __eueu___  __eued___
      0      1        0          0          4.481
      1      0        0.889      0.675      2.480
      2      0        0.447      0.342      1.238
      3      0        0.702      1.150      2.219
      4      0        0.353      0.571      1.109
      5      0        0.563      1.424      2.120
      6      0        0.559      1.428      2.118
      7      0        0.556      1.426      2.121
      8      0        0.577      1.430      2.098
      9      0        0.291      0.714      1.048
     10      0        0.129      1.017      0.984
     11      0        0.260      2.038      1.975
     12      0        0.172      0.925      1.029
     13      0        0.344      1.853      2.058
     14      0        0.317      1.832      2.093
     15      0        0.316      1.832      2.100
     16      0        0.320      1.834      2.098
     17      0        0.293      2.060      1.951
     18      0        0.295      2.059      1.948
     19      0        0.296      2.053      1.944
     20      0        0.082      0.483      0.500
     21      0        0.160      0.970      1.007
     22      0        0.148      1.015      0.986
     23      0        0.300      2.020      1.970
     24      0        0.269      2.076      1.941
     25      0        0.266      2.086      1.951
     26      0        0.266      2.093      1.939
     27      0        0.153      0.998      0.991
     28      0        0.308      1.998      1.976
     29      0        0.286      2.008      1.974
     30      0        0.287      2.010      1.973
     31      0        0.284      2.013      1.975
     32      0        0.285      2.014      1.981
     33      0        0.284      2.009      1.978
     34      0        0.283      2.013      1.976
     35      0        0.294      1.954      2.013
     36      0        0.294      1.952      2.017
     37      0        0.277      1.993      2.010
     38      0        0.274      1.991      2.013
     39      0        0.292      1.958      2.023
     40      0        0.273      1.990      2.020
     41      0        0.249      2.111      1.957
     42      0        0.247      2.114      1.967
     43      0        0.251      2.117      1.962
     44      0        0.253      1.963      2.053
     45      0        0.255      1.967      2.052
     46      0        0.255      1.969      2.056
     47      0        0.133      1.013      0.985
     48      0        0.271      2.020      1.970
     49      0        0.129      0.993      1.007
     50      0        0.259      1.990      2.024
     51      0        0.283      2.001      1.999
     52      0        0.281      1.998      1.993
     53      0        0.280      2.001      1.995
     54      0        0.277      2.003      1.997
     55      0        0.279      2.002      1.996
     56      0        0.255      2.002      2.018
     57      0        0.251      2.013      2.006
     58      0        0.255      2.019      2.005
     59      0        0.283      2.001      1.993
     60      0        0.252      2.020      2.009
     61      0        0.125      1.004      1.009
     62      0        0.311      1.995      1.974
     63      0        0.282      1.986      1.998
     64      0        0.280      1.991      2.006
     65      0        0.280      1.996      2.009
     66      0        0.156      0.998      0.985
     67      0        0.309      1.971      1.996
     68      0        0.307      1.979      2.003
     69      0        0.310      1.967      2.004
     70      0        0.126      1.003      1.004
     71      0        0.279      1.995      2.005
     72      0        0.128      1.003      1.005
     73      0        0.128      1.008      1.007
     74      0        0.280      1.994      2.006
     75      0        0.282      1.989      2.000
     76      0        0.079      0.494      0.498
     77      0        0.157      0.983      0.996
     78      0        0.250      2.013      2.011
     79      0        0.127      1.007      1.008

Optimization #6:
* Method          : lls
* Target function : energy
* No. of configs. : 100096
* No. of params.  : 99
* Before optimization:
  -1.4837E+00  -1.4683E+00  -1.4774E+00  -1.4622E+00  -1.4619E+00  -1.4855E+00
   3.7587E-01   3.7861E-01   3.5771E-01   2.8366E-01   2.7601E-01   2.8403E-01
   2.9478E-01   3.8767E-01   3.7730E-01   3.8675E-01   3.7957E-01   3.8818E-01
   3.7838E-01   3.0697E-01   3.0860E-01   3.1695E-01   1.8683E-01   1.9081E-01
   1.9252E-01  -4.7858E-02  -5.1381E-02  -4.9934E-02  -9.2329E-02  -9.1023E-02
  -9.9138E-02  -1.0373E-01  -7.9161E-02  -7.9488E-02   3.0011E-02   2.5226E-02
   3.4725E-02   3.2000E-02   2.8167E-02   3.2155E-02   4.1093E-02   4.3163E-02
   8.9429E-02   9.2499E-02   9.3081E-02   2.1541E-02   2.7591E-02   3.3388E-02
   2.8259E-02  -1.0334E-01  -1.7893E-01  -8.9282E-02  -1.5887E-01  -1.2527E-01
  -1.0062E-01  -1.3788E-01  -9.4876E-02  -1.5424E-01  -1.7399E-01  -1.5765E-01
  -1.7051E-01  -1.5424E-01  -1.8049E-01  -1.2491E-01  -1.2721E-01  -1.3194E-01
  -1.3242E-01  -9.4626E-02  -1.0447E-01  -9.7733E-02  -1.0982E-01   6.1879E-03
   3.6125E-02   7.6374E-03   3.7931E-02   2.1649E-02   6.9760E-02   3.0063E-02
   6.5975E-02   1.5525E-02   6.3244E-02  -2.3626E-02  -1.2695E-02  -2.8296E-02
  -1.2701E-02  -2.7397E-02  -9.7889E-03  -1.9248E-02  -1.2049E-02  -2.2864E-02
  -1.5548E-02  -4.4605E-02  -4.7988E-02  -4.6571E-02  -4.7919E-02  -3.1241E-02
  -3.2537E-03  -3.0888E-02  -1.1450E-02
  > E    =  -9.159066566257E+02 +/-   4.425530931426E-04
  > varE =   1.960412593608E-02
* Computing derivatives.
    [walltime: 1m5s elapsed, 37m47s remaining]
  Done. [total walltime: 38m]
* Optimizing manipulation constant:
  #igrid a___________ E____________________________________ varE____________
     1     Infinity    -9.15906657E+02 +/-   4.42553093E-04   1.96041259E-02
     2     1.0000E+06  -9.15906657E+02 +/-   4.42553093E-04   1.96041259E-02
     3     2.1544E+05  -9.15906657E+02 +/-   4.42553091E-04   1.96041257E-02
     4     4.6416E+04  -9.15906657E+02 +/-   4.42553082E-04   1.96041250E-02
     5     1.0000E+04  -9.15906657E+02 +/-   4.42553043E-04   1.96041215E-02
     6     2.1544E+03  -9.15906657E+02 +/-   4.42552859E-04   1.96041052E-02
     7     4.6416E+02  -9.15906657E+02 +/-   4.42552013E-04   1.96040302E-02
     8     1.0000E+02  -9.15906657E+02 +/-   4.42548181E-04   1.96036907E-02
     9     2.1544E+01  -9.15906660E+02 +/-   4.42532325E-04   1.96022860E-02
    10     4.6416E+00  -9.15906667E+02 +/-   4.42487732E-04   1.95983357E-02
    11     1.0000E+00  -9.15906682E+02 +/-   4.42473231E-04   1.95970511E-02
    12     2.1544E-01  -9.15906691E+02 +/-   4.42584737E-04   1.96069295E-02
    13     4.6416E-02  -9.15906691E+02 +/-   4.42672245E-04   1.96146837E-02
    14     1.0000E-02  -9.15906691E+02 +/-   4.42699335E-04   1.96170845E-02
    15     2.1544E-03  -9.15906691E+02 +/-   4.42705679E-04   1.96176467E-02
    16     4.6416E-04  -9.15906691E+02 +/-   4.42707071E-04   1.96177700E-02
    17     1.0000E-04  -9.15906691E+02 +/-   4.42707372E-04   1.96177967E-02
    18     2.1544E-05  -9.15906691E+02 +/-   4.42707437E-04   1.96178025E-02
    19     4.6416E-06  -9.15906691E+02 +/-   4.42707451E-04   1.96178037E-02
    20     1.0000E-06  -9.15906691E+02 +/-   4.42707454E-04   1.96178040E-02
    21     0.0000E+00  -9.15906691E+02 +/-   4.42707455E-04   1.96178041E-02
* Iteration # 1: E =  -9.159066914899E+02 +/-   4.426722447052E-04
* Reached maximum number of iterations: exiting.
* After optimization:
  -1.4916E+00  -1.4811E+00  -1.4831E+00  -1.4667E+00  -1.4738E+00  -1.4996E+00
   3.7415E-01   3.8079E-01   3.6206E-01   2.8696E-01   2.8015E-01   2.8091E-01
   2.9300E-01   3.8691E-01   3.7954E-01   3.8932E-01   3.8066E-01   3.9035E-01
   3.8154E-01   3.0809E-01   3.0740E-01   3.1664E-01   1.8809E-01   1.9371E-01
   1.9651E-01  -5.2170E-02  -4.8203E-02  -4.8180E-02  -9.4059E-02  -8.8861E-02
  -1.0052E-01  -1.0131E-01  -7.7222E-02  -7.8437E-02   3.1493E-02   2.4381E-02
   3.4190E-02   3.1554E-02   2.8492E-02   3.5033E-02   4.1482E-02   4.2783E-02
   9.1889E-02   9.4426E-02   9.4767E-02   1.9856E-02   2.9737E-02   3.5188E-02
   2.8339E-02  -1.0243E-01  -1.7830E-01  -8.9995E-02  -1.6117E-01  -1.2835E-01
  -1.0117E-01  -1.3094E-01  -9.6309E-02  -1.5441E-01  -1.7375E-01  -1.5704E-01
  -1.7480E-01  -1.5654E-01  -1.8075E-01  -1.2291E-01  -1.3038E-01  -1.3194E-01
  -1.3215E-01  -9.5859E-02  -1.0778E-01  -9.8662E-02  -1.1248E-01   1.0291E-02
   4.0510E-02   4.5658E-03   3.5818E-02   1.9274E-02   6.8309E-02   3.0381E-02
   6.4644E-02   1.3892E-02   6.4762E-02  -2.0716E-02  -1.3771E-02  -2.7422E-02
  -1.2731E-02  -2.7213E-02  -1.1366E-02  -1.8575E-02  -1.4182E-02  -2.2377E-02
  -1.4821E-02  -4.6469E-02  -5.0781E-02  -4.7994E-02  -4.8890E-02  -2.9341E-02
  -4.2179E-03  -3.3309E-02  -8.4136E-03
  > Energy =  -9.159066914899E+02 +/-   4.426722447052E-04
  > varE =   1.961468365999E-02

VMC #7:
* Size of Hilbert space =   7.3125E+12
* Number of equil. steps   = 1000
* Running VMC equilibration.
  Done. [total walltime: 0.02s]
* Equil. acc.ratio (%)     =  17.9241
* Sample config after equilibration:
  [draw: system geometry not defined]
* Number of accum. steps   = 500480 x 10
* Running VMC accumulation.
    [walltime: 1m elapsed, 8m58s remaining]
  Done. [total walltime: 9m59s]
* Acceptance ratio (%)     =  17.8993
* Etot/t                   =  -9.159069656006E+02 +/-   1.993076655845E-04
  > Ttot/t                 =  -9.555713466077E+01 +/-   1.233446126371E-03
  > Utot/t                 =   4.255495730916E+01 +/-   1.226601409094E-03
* var[Eloc/t]              =   1.955360226996E-02 +/-   5.847430058904E-05
* Correlation length       =   1.016735423364E+00
* log10 Psi^2 range: -23.331319347411174 -- -11.557286119584592
* log10 Pgen range : -23.331319347411174 -- -11.557286119584592
* Site occupation (ave. no. electrons per config.):
  > Site_  ___eu____  ___ed____
      1        0.497      0.501
      2        0.501      0.499
      3        0.501      0.499
      4        0.498      0.497
      5        0.501      0.501
      6        0.499      0.499
      7        0.504      0.502
      8        0.500      0.498
      9        0.500      0.497
     10        0.500      0.499
     11        0.503      0.503
     12        0.499      0.501
     13        0.502      0.502
     14        0.502      0.501
     15        0.496      0.498
     16        0.499      0.497
     17        0.497      0.498
     18        0.501      0.502
     19        0.500      0.502
     20        0.499      0.501
     21        0.500      0.500
     22        0.501      0.503
     23        0.499      0.499
     24        0.503      0.500
* Pair-correlation analysis (ave. no. pairs per config.):
  > Shell  nsite  ___dh____  __eueu___  __eued___
      0      1        0          0          4.473
      1      0        0.899      0.673      2.472
      2      0        0.446      0.338      1.237
      3      0        0.700      1.149      2.225
      4      0        0.350      0.572      1.109
      5      0        0.559      1.423      2.122
      6      0        0.561      1.424      2.124
      7      0        0.557      1.428      2.119
      8      0        0.569      1.432      2.102
      9      0        0.288      0.715      1.053
     10      0        0.131      1.020      0.988
     11      0        0.260      2.029      1.971
     12      0        0.172      0.926      1.029
     13      0        0.343      1.849      2.062
     14      0        0.317      1.824      2.094
     15      0        0.317      1.837      2.099
     16      0        0.316      1.830      2.098
     17      0        0.294      2.060      1.947
     18      0        0.290      2.063      1.949
     19      0        0.291      2.059      1.946
     20      0        0.079      0.483      0.503
     21      0        0.157      0.972      1.008
     22      0        0.149      1.010      0.986
     23      0        0.299      2.018      1.967
     24      0        0.267      2.082      1.943
     25      0        0.265      2.084      1.945
     26      0        0.264      2.090      1.945
     27      0        0.153      0.998      0.986
     28      0        0.305      1.997      1.982
     29      0        0.287      2.011      1.975
     30      0        0.284      2.008      1.969
     31      0        0.286      2.007      1.974
     32      0        0.281      2.014      1.979
     33      0        0.281      2.012      1.981
     34      0        0.283      2.016      1.980
     35      0        0.292      1.958      2.022
     36      0        0.290      1.955      2.021
     37      0        0.273      1.989      2.010
     38      0        0.273      1.998      2.016
     39      0        0.292      1.954      2.017
     40      0        0.275      1.992      2.010
     41      0        0.250      2.118      1.964
     42      0        0.245      2.118      1.962
     43      0        0.247      2.117      1.963
     44      0        0.258      1.966      2.050
     45      0        0.253      1.967      2.055
     46      0        0.252      1.966      2.050
     47      0        0.134      1.008      0.984
     48      0        0.270      2.019      1.969
     49      0        0.132      0.993      1.011
     50      0        0.259      1.987      2.017
     51      0        0.278      2.000      1.995
     52      0        0.278      2.000      1.987
     53      0        0.283      2.002      1.996
     54      0        0.280      2.002      1.993
     55      0        0.279      2.006      1.995
     56      0        0.254      2.005      2.018
     57      0        0.252      2.019      2.004
     58      0        0.253      2.017      2.006
     59      0        0.279      2.000      1.997
     60      0        0.255      2.013      2.002
     61      0        0.127      0.998      1.008
     62      0        0.311      1.997      1.974
     63      0        0.278      1.988      2.006
     64      0        0.281      1.989      2.006
     65      0        0.276      1.994      2.006
     66      0        0.155      0.997      0.989
     67      0        0.303      1.971      2.005
     68      0        0.305      1.973      2.005
     69      0        0.306      1.975      2.003
     70      0        0.127      1.006      1.008
     71      0        0.278      1.991      2.005
     72      0        0.127      1.003      1.007
     73      0        0.125      1.005      1.006
     74      0        0.278      1.997      2.002
     75      0        0.281      1.996      2.006
     76      0        0.079      0.492      0.498
     77      0        0.156      0.988      0.997
     78      0        0.255      2.011      2.008
     79      0        0.128      1.003      1.004

VDAGGER finished.
Total VDAGGER walltime: 10h

Run ended: Sat Oct 25 00:08:15 CEST 2025
