Run started: Mon Oct 27 03:32:57 CET 2025
Using VDAGGER_ARCH = gnu7_fkfamd_cluster
Running 1x128 MPI processes.

                               xx
                              +##
                               #X
                               Xx
                          X##XxXxxX##x
                           +   Xx  ++
                               ##
                              +##
                              +##
     ++++         ++          +##
   xX+++##+      ####         +##
  Xx    ###      +X##          ##
 xX    X##+        ##          #X
 +    x##X         #x          #X
      ###         +#           x+
     X##+         #+
     ###         Xx                    _______
     ##X       +X+   __________________VDAGGER
     +##x    +xX     2nd quantized variational
       +xxxxx+       ______quantum Monte Carlo

* Running 128 MPI processes.
* Input file: "input.casl"

############# Start of input file dump #############
General:
  Random seed: timer

Plan:
  VMC-optimization:
    Minimum cycles: 7
    Convergence cycles: 3

System:
  Read Hamiltonian: FCIDUMP_loc
  Read orbitals: LTSC.mat
  Complex orbitals: F

VMC:
  nstep: 500000
  nconfig: 100000

Optimization:
  max_niter: 1

Jastrow: wfn.casl
############## End of input file dump ##############

General setup:
* Random seed: 229271255 (from timer)

* Loaded integrals for system with nelec=24, ms2=0, norb=24
* INFO: setting number of electrons from integrals file.
* Analysis of Hamiltonian connecitivity performed:
  - T_ii (local, 1-site): 24 (i) values
  - U_iiii [opp] (local, 1-site): 24 (i) values
  - U_kkii [opp] (local, 2-site): 552 contribs. from 24 (i) values
  - U_kkii [par] (local, 2-site): 276 contribs. from 23 (i) values
  - T_ji (single, 2-site): 552 contribs. from 24 (i) values
  - U_kkji [opp] (single, 2/3-site): 13248 contribs. from 552 (i,j) pairs
  - U_kkji [par] (single, 3-site): 12696 contribs. from 552 (i,j) pairs
  - U_lkji [opp] (double, 2/3/4-site): 304384 contribs. from 552 (i,j) pairs
  - U_lkji [par] (double, 4-site): 71852 contribs. from 506 (i,j) pairs
  - Max. no. wfn. ratios in Eloc: 24357
* Reading override orbitals from file "LTSC.mat".
* Site labels:
  [draw_int: system geometry not defined]
* Automatically set Site kinds:
  [ 1, 2, 3, 2, 4, 1, 5, 3, 6, 1, 5, 5, 5, 5, 6, 1, 3, 4, 5, 5, 4, 5, 3, 4 ]
  [draw_int: system geometry not defined]
* Maximum Site kind: 6
* Number of site-pair kinds with Tij=0: 0
* Automatically set Site pair kinds:
  Site 1: [ 0, -68, 69, -17, -26, 22, -65, 18, -8, 9, -38, -25, 16, 29, 23, 21, -28, 40, 53, -51, -31, 15, 3, 64 ]
  Site 2: [ -68, 0, 62, 76, -71, -68, 32, 13, -27, 17, -55, 39, 32, 6, 4, 17, -13, -42, -6, -39, -71, -55, -62, -42 ]
  Site 3: [ 69, 62, 0, 13, -36, -3, -43, -77, 19, -28, -41, 74, 59, -75, 67, -18, 12, -54, -35, -5, 7, -34, 66, 33 ]
  Site 4: [ -17, 76, 13, 0, 42, -17, 39, 62, 4, 68, -6, 32, 39, 55, -27, 68, -62, 71, -55, -32, 42, -6, -13, 71 ]
  Site 5: [ -26, -71, -36, 42, 0, -31, -50, -33, 14, 40, 44, 11, 46, 57, 52, 64, -54, 61, 78, 60, -47, -1, -7, -72 ]
  Site 6: [ 22, -68, -3, -17, -31, 0, 16, 28, -8, 21, 15, 51, -65, -53, 23, 9, -18, 64, -29, 25, -26, -38, -69, 40 ]
  Site 7: [ -65, 32, -43, 39, -50, 16, 0, 74, -30, -51, -48, 73, 79, 56, -37, 25, -5, 60, 45, 2, 46, -58, -59, -11 ]
  Site 8: [ 18, 13, -77, 62, -33, 28, 74, 0, 67, 3, 75, -43, 5, 41, 19, -69, 66, -7, -34, -59, 54, -35, 12, 36 ]
  Site 9: [ -8, -27, 19, 4, 14, -8, -30, 67, 0, -23, -24, -37, -30, 63, -20, -23, -67, -52, -63, 37, 14, -24, -19, -52 ]
  Site 10: [ 9, 17, -28, 68, 40, 21, -51, 3, -23, 0, -53, -16, 25, 15, 8, 22, 69, -26, 38, -65, 64, 29, 18, -31 ]
  Site 11: [ -38, -55, -41, -6, 44, 15, -48, 75, -24, -53, 0, -56, -58, -70, -63, 29, 35, -78, -49, -45, -1, 10, 34, 57 ]
  Site 12: [ -25, 39, 74, 32, 11, 51, 73, -43, -37, -16, -56, 0, -2, 48, -30, 65, -59, -46, -58, -79, -60, 45, -5, 50 ]
  Site 13: [ 16, 32, 59, 39, 46, -65, 79, 5, -30, 25, -58, -2, 0, -45, -37, -51, -74, -11, -56, -73, -50, -48, 43, 60 ]
  Site 14: [ 29, 6, -75, 55, 57, -53, 56, 41, 63, 15, -70, 48, -45, 0, 24, -38, -34, -1, -10, -58, -78, 49, -35, 44 ]
  Site 15: [ 23, 4, 67, -27, 52, 23, -37, 19, -20, 8, -63, -30, -37, 24, 0, 8, -19, -14, -24, 30, 52, -63, -67, -14 ]
  Site 16: [ 21, 17, -18, 68, 64, 9, 25, -69, -23, 22, 29, 65, -51, -38, 8, 0, -3, -31, -15, 16, 40, -53, 28, -26 ]
  Site 17: [ -28, -13, 12, -62, -54, -18, -5, 66, -67, 69, 35, -59, -74, -34, -19, -3, 0, -36, 41, -43, 33, -75, -77, 7 ]
  Site 18: [ 40, -42, -54, 71, 61, 64, 60, -7, -52, -26, -78, -46, -11, -1, -14, -31, -36, 0, -44, -50, -72, 57, -33, -47 ]
  Site 19: [ 53, -6, -35, -55, 78, -29, 45, -34, -63, 38, -49, -58, -56, -10, -24, -15, 41, -44, 0, 48, -57, 70, -75, 1 ]
  Site 20: [ -51, -39, -5, -32, 60, 25, 2, -59, 37, -65, -45, -79, -73, -58, 30, 16, -43, -50, 48, 0, -11, 56, 74, 46 ]
  Site 21: [ -31, -71, 7, 42, -47, -26, 46, 54, 14, 64, -1, -60, -50, -78, 52, 40, 33, -72, -57, -11, 0, 44, 36, 61 ]
  Site 22: [ 15, -55, -34, -6, -1, -38, -58, -35, -24, 29, 10, 45, -48, 49, -63, -53, -75, 57, 70, 56, 44, 0, 41, -78 ]
  Site 23: [ 3, -62, 66, -13, -7, -69, -59, 12, -19, 18, 34, -5, 43, -35, -67, 28, -77, -33, -75, 74, 36, 41, 0, 54 ]
  Site 24: [ 64, -42, 33, 71, -72, 40, -11, 36, -52, -31, 57, 50, 60, 44, -14, -26, 7, -47, 1, 46, 61, -78, 54, 0 ]
  For site 1 of kind 1:
  [draw_int: system geometry not defined]
  For site 2 of kind 2:
  [draw_int: system geometry not defined]
  For site 3 of kind 3:
  [draw_int: system geometry not defined]
  For site 5 of kind 4:
  [draw_int: system geometry not defined]
  For site 7 of kind 5:
  [draw_int: system geometry not defined]
  For site 9 of kind 6:
  [draw_int: system geometry not defined]
* Maximum (unsigned) Site pair kind: 79
General system setup:
* Number of sites       : 24
* Number of electrons   : 24
* Spin imbalance MS2    : 0
* Filling               : 0.500000
* Number of orbitals in pool: 24
* Using real-valued orbitals
* Using double-precision arithmetic for orbitals

Trial wave function setup:
* Jastrow parameter file: "wfn.casl"
* Not using multideterminants
* Not using a backflow transformation
* Not using wave function manipulation

VMC #1:
* Size of Hilbert space =   7.3125E+12
* Number of equil. steps   = 1000
* Running VMC equilibration.
  Done. [total walltime: 0.02s]
* Equil. acc.ratio (%)     =  17.8975
* Sample config after equilibration:
  [draw: system geometry not defined]
* Number of accum. steps   = 500480 x 10
* Running VMC accumulation.
    [walltime: 1m elapsed, 9m27s remaining]
  Done. [total walltime: 10m19s]
* Acceptance ratio (%)     =  17.9036
* Etot/t                   =  -9.159066676585E+02 +/-   1.937247636996E-04
  > Ttot/t                 =  -9.555589341694E+01 +/-   1.219811566614E-03
  > Utot/t                 =   4.255401400750E+01 +/-   1.209401071600E-03
* var[Eloc/t]              =   1.957694612493E-02 +/-   3.908213987164E-05
* Correlation length       =   9.594272759258E-01
* log10 Psi^2 range: -23.354630759191814 -- -11.557286119584578
* log10 Pgen range : -23.354630759191814 -- -11.557286119584578
* Site occupation (ave. no. electrons per config.):
  > Site_  ___eu____  ___ed____
      1        0.499      0.501
      2        0.496      0.499
      3        0.499      0.497
      4        0.499      0.501
      5        0.501      0.503
      6        0.502      0.498
      7        0.501      0.504
      8        0.498      0.498
      9        0.496      0.498
     10        0.498      0.499
     11        0.501      0.503
     12        0.500      0.504
     13        0.503      0.501
     14        0.500      0.502
     15        0.500      0.497
     16        0.498      0.498
     17        0.499      0.497
     18        0.505      0.500
     19        0.503      0.501
     20        0.501      0.499
     21        0.501      0.500
     22        0.501      0.500
     23        0.499      0.496
     24        0.500      0.504
* Pair-correlation analysis (ave. no. pairs per config.):
  > Shell  nsite  ___dh____  __eueu___  __eued___
      0      1        0          0          4.470
      1      0        0.889      0.677      2.481
      2      0        0.445      0.340      1.240
      3      0        0.702      1.145      2.219
      4      0        0.351      0.573      1.108
      5      0        0.559      1.421      2.121
      6      0        0.560      1.422      2.121
      7      0        0.556      1.424      2.120
      8      0        0.577      1.432      2.098
      9      0        0.289      0.717      1.052
     10      0        0.130      1.021      0.984
     11      0        0.259      2.041      1.969
     12      0        0.172      0.922      1.028
     13      0        0.342      1.850      2.055
     14      0        0.318      1.827      2.096
     15      0        0.318      1.833      2.098
     16      0        0.318      1.832      2.104
     17      0        0.294      2.061      1.950
     18      0        0.294      2.059      1.945
     19      0        0.293      2.053      1.944
     20      0        0.079      0.486      0.501
     21      0        0.160      0.974      1.006
     22      0        0.149      1.012      0.991
     23      0        0.300      2.020      1.970
     24      0        0.265      2.079      1.945
     25      0        0.268      2.087      1.945
     26      0        0.261      2.095      1.948
     27      0        0.153      0.997      0.989
     28      0        0.308      1.993      1.981
     29      0        0.284      2.014      1.975
     30      0        0.285      2.007      1.973
     31      0        0.286      2.011      1.980
     32      0        0.281      2.016      1.979
     33      0        0.281      2.013      1.976
     34      0        0.280      2.010      1.976
     35      0        0.292      1.950      2.016
     36      0        0.291      1.951      2.020
     37      0        0.275      1.994      2.008
     38      0        0.276      1.995      2.013
     39      0        0.290      1.954      2.023
     40      0        0.274      1.994      2.017
     41      0        0.248      2.110      1.958
     42      0        0.246      2.120      1.961
     43      0        0.248      2.113      1.959
     44      0        0.252      1.965      2.059
     45      0        0.251      1.966      2.059
     46      0        0.251      1.967      2.060
     47      0        0.135      1.011      0.985
     48      0        0.269      2.022      1.968
     49      0        0.130      0.995      1.006
     50      0        0.261      1.991      2.020
     51      0        0.279      2.005      1.999
     52      0        0.278      1.997      1.995
     53      0        0.278      2.004      1.997
     54      0        0.279      2.001      1.992
     55      0        0.279      2.001      1.994
     56      0        0.252      2.003      2.022
     57      0        0.248      2.019      2.010
     58      0        0.254      2.019      2.003
     59      0        0.277      2.006      1.993
     60      0        0.253      2.018      2.008
     61      0        0.126      1.002      1.009
     62      0        0.311      1.993      1.967
     63      0        0.278      1.988      2.002
     64      0        0.279      1.994      2.007
     65      0        0.282      1.993      2.007
     66      0        0.156      0.997      0.981
     67      0        0.303      1.969      1.998
     68      0        0.308      1.974      2.006
     69      0        0.309      1.972      2.001
     70      0        0.126      1.004      1.007
     71      0        0.278      1.992      2.006
     72      0        0.125      1.007      1.008
     73      0        0.127      1.004      1.008
     74      0        0.280      1.987      2.004
     75      0        0.279      1.987      2.004
     76      0        0.079      0.492      0.497
     77      0        0.155      0.985      0.992
     78      0        0.252      2.014      2.007
     79      0        0.126      1.009      1.005

Optimization #1:
* Method          : lls
* Target function : energy
* No. of configs. : 100096
* No. of params.  : 195
* Before optimization:
  -1.4916E+00  -1.4811E+00  -1.4831E+00  -1.4667E+00  -1.4738E+00  -1.4996E+00
   3.7415E-01   3.8079E-01   3.6206E-01   2.8696E-01   2.8015E-01   2.8091E-01
   2.9300E-01   3.8691E-01   3.7954E-01   3.8932E-01   3.8066E-01   3.9035E-01
   3.8154E-01   3.0809E-01   3.0740E-01   3.1664E-01   1.8809E-01   1.9371E-01
   1.9651E-01  -5.2170E-02  -4.8203E-02  -4.8180E-02  -9.4059E-02  -8.8861E-02
  -1.0052E-01  -1.0131E-01  -7.7222E-02  -7.8437E-02   3.1493E-02   2.4381E-02
   3.4190E-02   3.1554E-02   2.8492E-02   3.5033E-02   4.1482E-02   4.2783E-02
   9.1889E-02   9.4426E-02   9.4767E-02   1.9856E-02   2.9737E-02   3.5188E-02
   2.8339E-02   0.0000E+00   0.0000E+00   0.0000E+00   0.0000E+00   0.0000E+00
   0.0000E+00   0.0000E+00   0.0000E+00   0.0000E+00   0.0000E+00   0.0000E+00
   0.0000E+00   0.0000E+00   0.0000E+00   0.0000E+00   0.0000E+00   0.0000E+00
   0.0000E+00   0.0000E+00   0.0000E+00   0.0000E+00   0.0000E+00   0.0000E+00
   0.0000E+00   0.0000E+00   0.0000E+00   0.0000E+00   0.0000E+00   0.0000E+00
   0.0000E+00   0.0000E+00   0.0000E+00   0.0000E+00   0.0000E+00   0.0000E+00
   0.0000E+00   0.0000E+00   0.0000E+00   0.0000E+00   0.0000E+00   0.0000E+00
   0.0000E+00   0.0000E+00   0.0000E+00   0.0000E+00   0.0000E+00  -1.0243E-01
  -1.7830E-01  -8.9995E-02  -1.6117E-01  -1.2835E-01  -1.0117E-01  -1.3094E-01
  -9.6309E-02  -1.5441E-01  -1.7375E-01  -1.5704E-01  -1.7480E-01  -1.5654E-01
  -1.8075E-01  -1.2291E-01  -1.3038E-01  -1.3194E-01  -1.3215E-01  -9.5859E-02
  -1.0778E-01  -9.8662E-02  -1.1248E-01   1.0291E-02   4.0510E-02   4.5658E-03
   3.5818E-02   1.9274E-02   6.8309E-02   3.0381E-02   6.4644E-02   1.3892E-02
   6.4762E-02  -2.0716E-02  -1.3771E-02  -2.7422E-02  -1.2731E-02  -2.7213E-02
  -1.1366E-02  -1.8575E-02  -1.4182E-02  -2.2377E-02  -1.4821E-02  -4.6469E-02
  -5.0781E-02  -4.7994E-02  -4.8890E-02  -2.9341E-02  -4.2179E-03  -3.3309E-02
  -8.4136E-03   0.0000E+00   0.0000E+00   0.0000E+00   0.0000E+00   0.0000E+00
   0.0000E+00   0.0000E+00   0.0000E+00   0.0000E+00   0.0000E+00   0.0000E+00
   0.0000E+00   0.0000E+00   0.0000E+00   0.0000E+00   0.0000E+00   0.0000E+00
   0.0000E+00   0.0000E+00   0.0000E+00   0.0000E+00   0.0000E+00   0.0000E+00
   0.0000E+00   0.0000E+00   0.0000E+00   0.0000E+00   0.0000E+00   0.0000E+00
   0.0000E+00   0.0000E+00   0.0000E+00   0.0000E+00   0.0000E+00   0.0000E+00
   0.0000E+00   0.0000E+00   0.0000E+00   0.0000E+00   0.0000E+00   0.0000E+00
   0.0000E+00   0.0000E+00   0.0000E+00   0.0000E+00   0.0000E+00   0.0000E+00
   0.0000E+00   0.0000E+00   0.0000E+00
  > E    =  -9.159069848614E+02 +/-   4.433480757812E-04
  > varE =   1.967462115145E-02
* Computing derivatives.
    [walltime: 1m8s elapsed, 1h27m remaining]
    [walltime: 1h elapsed, 26m29s remaining]
  Done. [total walltime: 1h26m]
* Optimizing manipulation constant:
  #igrid a___________ E____________________________________ varE____________
     1     Infinity    -9.15906985E+02 +/-   4.43348076E-04   1.96746212E-02
     2     1.0000E+06  -9.15906985E+02 +/-   4.43347908E-04   1.96746063E-02
     3     2.1544E+05  -9.15906985E+02 +/-   4.43347298E-04   1.96745522E-02
     4     4.6416E+04  -9.15906985E+02 +/-   4.43344468E-04   1.96743009E-02
     5     1.0000E+04  -9.15906987E+02 +/-   4.43331331E-04   1.96731350E-02
     6     2.1544E+03  -9.15906994E+02 +/-   4.43270389E-04   1.96677267E-02
     7     4.6416E+02  -9.15907025E+02 +/-   4.42988223E-04   1.96426955E-02
     8     1.0000E+02  -9.15907171E+02 +/-   4.41693506E-04   1.95280443E-02
     9     2.1544E+01  -9.15907812E+02 +/-   4.35990973E-04   1.90270613E-02
    10     4.6416E+00  -9.15910162E+02 +/-   4.14867965E-04   1.72280659E-02
    11     1.0000E+00  -9.15914972E+02 +/-   3.71341707E-04   1.38027042E-02
    12     2.1544E-01  -9.15918112E+02 +/-   3.46709819E-04   1.20323098E-02
    13     4.6416E-02  -9.15918726E+02 +/-   3.45539513E-04   1.19512177E-02
    14     1.0000E-02  -9.15918801E+02 +/-   3.46365877E-04   1.20084491E-02
    15     2.1544E-03  -9.15918813E+02 +/-   3.46622592E-04   1.20262562E-02
    16     4.6416E-04  -9.15918815E+02 +/-   3.46681961E-04   1.20303763E-02
    17     1.0000E-04  -9.15918815E+02 +/-   3.46694945E-04   1.20312774E-02
    18     2.1544E-05  -9.15918815E+02 +/-   3.46697751E-04   1.20314722E-02
    19     4.6416E-06  -9.15918815E+02 +/-   3.46698356E-04   1.20315142E-02
    20     1.0000E-06  -9.15918815E+02 +/-   3.46698487E-04   1.20315233E-02
    21     0.0000E+00  -9.15918815E+02 +/-   3.46698523E-04   1.20315257E-02
* Iteration # 1: E =  -9.159188154993E+02 +/-   3.466985225938E-04
* Reached maximum number of iterations: exiting.
* After optimization:
  -4.3941E+00  -4.4142E+00  -4.4130E+00  -4.4012E+00  -4.4010E+00  -4.3941E+00
   7.7442E-01   7.7381E-01   7.6904E-01   5.4875E-01   5.5342E-01   5.5259E-01
   5.4540E-01   7.6999E-01   7.6136E-01   7.7164E-01   7.6291E-01   7.7196E-01
   7.6245E-01   5.2685E-01   5.2902E-01   5.3065E-01   4.9585E-01   4.9669E-01
   4.9635E-01   1.6797E-01   1.6594E-01   1.6710E-01   1.8721E-01   1.8309E-01
   1.8111E-01   1.8575E-01   1.8081E-01   1.8621E-01   2.1444E-01   2.1939E-01
   2.1690E-01   2.1975E-01   2.1937E-01   2.1618E-01   1.0614E-01   1.1077E-01
   1.8333E-01   1.8308E-01   1.8426E-01   3.1539E-01   3.1227E-01   3.0963E-01
   3.1476E-01   3.1377E-01   3.1246E-01  -4.4374E-03  -6.1009E-03  -5.7955E-03
  -4.0199E-03   1.6237E-02   1.6379E-02   1.8259E-02   1.7679E-02   1.6864E-02
   2.0643E-02   6.4972E-02   6.2962E-02   6.0547E-02   5.9969E-02   5.8366E-02
   5.9513E-02  -6.6256E-03  -6.1109E-03  -3.8002E-03  -3.3414E-03   9.4745E-02
   9.1525E-02   9.0290E-02   9.1392E-02  -3.8990E-03  -4.6464E-03   8.9470E-02
   9.2810E-02   3.9823E-01   3.9431E-01   3.9737E-01   3.9399E-01   3.9676E-01
   3.9475E-01   2.2312E-01   2.2486E-01   2.2810E-01   2.2957E-01   2.2707E-01
   7.4974E-02   7.6760E-02  -1.8425E-04  -2.2552E-03  -1.0104E-04  -2.4383E-01
  -3.7363E-01  -2.3626E-01  -3.6966E-01  -2.3056E-01  -2.7308E-01  -2.3080E-01
  -2.6939E-01  -3.0830E-01  -3.7041E-01  -3.0820E-01  -3.7123E-01  -3.0823E-01
  -3.6961E-01  -2.3531E-01  -2.6719E-01  -2.3662E-01  -2.7153E-01  -2.4374E-01
  -2.6899E-01  -2.4461E-01  -2.6973E-01  -7.7457E-02  -8.4850E-02  -7.7515E-02
  -8.1483E-02  -9.5737E-02  -9.3363E-02  -9.2029E-02  -9.3875E-02  -9.0690E-02
  -9.2112E-02  -1.0401E-01  -1.2245E-01  -1.0275E-01  -1.2390E-01  -1.0361E-01
  -1.2325E-01  -5.7236E-02  -5.1191E-02  -6.2582E-02  -5.1769E-02  -9.5086E-02
  -9.6978E-02  -9.4239E-02  -9.9170E-02  -1.5142E-01  -1.7628E-01  -1.5151E-01
  -1.7818E-01  -1.4954E-01  -1.7583E-01   1.7915E-03   1.2377E-03   2.6878E-03
   3.7309E-03  -3.7629E-03  -1.4529E-02  -5.2553E-03  -1.3480E-02  -5.6323E-03
  -1.2002E-02  -2.9134E-02  -3.3078E-02  -2.5990E-02  -3.2402E-02  -2.7966E-02
  -3.0770E-02   2.5738E-03   7.9902E-03  -2.5452E-03   8.1788E-03  -3.9153E-02
  -5.3032E-02  -3.8979E-02  -5.1911E-02   3.3489E-04   6.4688E-03  -3.8043E-02
  -5.4649E-02  -1.9503E-01  -2.4179E-01  -1.9244E-01  -2.3941E-01  -1.9198E-01
  -2.4164E-01  -1.0251E-01  -1.1380E-01  -1.0637E-01  -1.1503E-01  -1.0352E-01
  -1.1765E-01  -3.3317E-02  -4.3471E-02  -3.2182E-02  -4.5148E-02  -3.5853E-03
   4.6837E-03  -2.1720E-03   4.0163E-03
  > Energy =  -9.159188154993E+02 +/-   3.466985225938E-04
  > varE =   1.203152574397E-02

VMC #2:
* Size of Hilbert space =   7.3125E+12
* Number of equil. steps   = 1000
* Running VMC equilibration.
  Done. [total walltime: 0.02s]
* Equil. acc.ratio (%)     =  17.2087
* Sample config after equilibration:
  [draw: system geometry not defined]
* Number of accum. steps   = 500480 x 10
* Running VMC accumulation.
    [walltime: 1m elapsed, 9m9s remaining]
  Done. [total walltime: 10m9s]
* Acceptance ratio (%)     =  17.1159
* Etot/t                   =  -9.159187469816E+02 +/-   1.572999576006E-04
  > Ttot/t                 =  -9.556302295616E+01 +/-   1.237836715003E-03
  > Utot/t                 =   4.254906422364E+01 +/-   1.231962399988E-03
* var[Eloc/t]              =   1.204950118775E-02 +/-   7.397588740826E-05
* Correlation length       =   1.027720144629E+00
* log10 Psi^2 range: -38.364981534715390 -- -25.962145078924436
* log10 Pgen range : -38.364981534715390 -- -25.962145078924436
* Site occupation (ave. no. electrons per config.):
  > Site_  ___eu____  ___ed____
      1        0.499      0.500
      2        0.497      0.499
      3        0.498      0.500
      4        0.498      0.498
      5        0.501      0.501
      6        0.500      0.498
      7        0.501      0.502
      8        0.498      0.501
      9        0.499      0.499
     10        0.498      0.499
     11        0.497      0.504
     12        0.502      0.503
     13        0.501      0.499
     14        0.502      0.500
     15        0.499      0.497
     16        0.500      0.500
     17        0.500      0.500
     18        0.503      0.500
     19        0.501      0.501
     20        0.502      0.501
     21        0.505      0.499
     22        0.499      0.502
     23        0.498      0.497
     24        0.501      0.499
* Pair-correlation analysis (ave. no. pairs per config.):
  > Shell  nsite  ___dh____  __eueu___  __eued___
      0      1        0          0          4.457
      1      0        0.892      0.677      2.472
      2      0        0.445      0.341      1.236
      3      0        0.693      1.164      2.222
      4      0        0.343      0.575      1.114
      5      0        0.558      1.414      2.135
      6      0        0.560      1.412      2.122
      7      0        0.558      1.419      2.129
      8      0        0.575      1.427      2.104
      9      0        0.289      0.713      1.056
     10      0        0.129      1.021      0.981
     11      0        0.258      2.044      1.963
     12      0        0.169      0.925      1.034
     13      0        0.341      1.847      2.059
     14      0        0.316      1.827      2.096
     15      0        0.318      1.828      2.099
     16      0        0.316      1.827      2.105
     17      0        0.292      2.060      1.944
     18      0        0.294      2.065      1.945
     19      0        0.288      2.059      1.948
     20      0        0.078      0.484      0.504
     21      0        0.161      0.966      1.009
     22      0        0.150      1.013      0.986
     23      0        0.295      2.023      1.970
     24      0        0.265      2.083      1.938
     25      0        0.265      2.092      1.940
     26      0        0.266      2.084      1.945
     27      0        0.150      1.000      0.986
     28      0        0.300      2.007      1.983
     29      0        0.271      2.029      1.981
     30      0        0.272      2.021      1.982
     31      0        0.275      2.027      1.982
     32      0        0.274      2.021      1.976
     33      0        0.274      2.030      1.976
     34      0        0.273      2.026      1.977
     35      0        0.289      1.942      2.034
     36      0        0.283      1.945      2.040
     37      0        0.273      1.989      2.011
     38      0        0.276      1.987      2.015
     39      0        0.286      1.945      2.032
     40      0        0.275      1.990      2.013
     41      0        0.258      2.108      1.938
     42      0        0.258      2.108      1.935
     43      0        0.257      2.111      1.938
     44      0        0.263      1.945      2.051
     45      0        0.261      1.943      2.056
     46      0        0.262      1.946      2.056
     47      0        0.126      1.023      0.987
     48      0        0.253      2.043      1.973
     49      0        0.130      0.986      1.013
     50      0        0.257      1.980      2.029
     51      0        0.275      2.011      1.998
     52      0        0.274      2.007      1.991
     53      0        0.275      2.012      1.993
     54      0        0.276      2.010      1.990
     55      0        0.280      2.003      1.981
     56      0        0.247      1.996      2.031
     57      0        0.252      2.024      1.993
     58      0        0.255      2.022      1.990
     59      0        0.277      2.009      1.989
     60      0        0.254      2.023      1.993
     61      0        0.124      0.997      1.016
     62      0        0.310      1.994      1.964
     63      0        0.277      1.983      2.006
     64      0        0.284      1.983      2.011
     65      0        0.283      1.987      2.007
     66      0        0.156      0.996      0.985
     67      0        0.289      1.980      2.017
     68      0        0.296      1.975      2.015
     69      0        0.295      1.985      2.017
     70      0        0.125      1.001      1.006
     71      0        0.278      1.984      2.006
     72      0        0.126      1.002      1.007
     73      0        0.125      1.003      1.007
     74      0        0.279      1.990      2.006
     75      0        0.280      1.984      2.007
     76      0        0.079      0.490      0.497
     77      0        0.155      0.985      0.998
     78      0        0.253      2.012      2.001
     79      0        0.126      1.006      1.003

Optimization #2:
* Method          : lls
* Target function : energy
* No. of configs. : 100096
* No. of params.  : 195
* Before optimization:
  -4.3941E+00  -4.4142E+00  -4.4130E+00  -4.4012E+00  -4.4010E+00  -4.3941E+00
   7.7442E-01   7.7381E-01   7.6904E-01   5.4875E-01   5.5342E-01   5.5259E-01
   5.4540E-01   7.6999E-01   7.6136E-01   7.7164E-01   7.6291E-01   7.7196E-01
   7.6245E-01   5.2685E-01   5.2902E-01   5.3065E-01   4.9585E-01   4.9669E-01
   4.9635E-01   1.6797E-01   1.6594E-01   1.6710E-01   1.8721E-01   1.8309E-01
   1.8111E-01   1.8575E-01   1.8081E-01   1.8621E-01   2.1444E-01   2.1939E-01
   2.1690E-01   2.1975E-01   2.1937E-01   2.1618E-01   1.0614E-01   1.1077E-01
   1.8333E-01   1.8308E-01   1.8426E-01   3.1539E-01   3.1227E-01   3.0963E-01
   3.1476E-01   3.1377E-01   3.1246E-01  -4.4374E-03  -6.1009E-03  -5.7955E-03
  -4.0199E-03   1.6237E-02   1.6379E-02   1.8259E-02   1.7679E-02   1.6864E-02
   2.0643E-02   6.4972E-02   6.2962E-02   6.0547E-02   5.9969E-02   5.8366E-02
   5.9513E-02  -6.6256E-03  -6.1109E-03  -3.8002E-03  -3.3414E-03   9.4745E-02
   9.1525E-02   9.0290E-02   9.1392E-02  -3.8990E-03  -4.6464E-03   8.9470E-02
   9.2810E-02   3.9823E-01   3.9431E-01   3.9737E-01   3.9399E-01   3.9676E-01
   3.9475E-01   2.2312E-01   2.2486E-01   2.2810E-01   2.2957E-01   2.2707E-01
   7.4974E-02   7.6760E-02  -1.8425E-04  -2.2552E-03  -1.0104E-04  -2.4383E-01
  -3.7363E-01  -2.3626E-01  -3.6966E-01  -2.3056E-01  -2.7308E-01  -2.3080E-01
  -2.6939E-01  -3.0830E-01  -3.7041E-01  -3.0820E-01  -3.7123E-01  -3.0823E-01
  -3.6961E-01  -2.3531E-01  -2.6719E-01  -2.3662E-01  -2.7153E-01  -2.4374E-01
  -2.6899E-01  -2.4461E-01  -2.6973E-01  -7.7457E-02  -8.4850E-02  -7.7515E-02
  -8.1483E-02  -9.5737E-02  -9.3363E-02  -9.2029E-02  -9.3875E-02  -9.0690E-02
  -9.2112E-02  -1.0401E-01  -1.2245E-01  -1.0275E-01  -1.2390E-01  -1.0361E-01
  -1.2325E-01  -5.7236E-02  -5.1191E-02  -6.2582E-02  -5.1769E-02  -9.5086E-02
  -9.6978E-02  -9.4239E-02  -9.9170E-02  -1.5142E-01  -1.7628E-01  -1.5151E-01
  -1.7818E-01  -1.4954E-01  -1.7583E-01   1.7915E-03   1.2377E-03   2.6878E-03
   3.7309E-03  -3.7629E-03  -1.4529E-02  -5.2553E-03  -1.3480E-02  -5.6323E-03
  -1.2002E-02  -2.9134E-02  -3.3078E-02  -2.5990E-02  -3.2402E-02  -2.7966E-02
  -3.0770E-02   2.5738E-03   7.9902E-03  -2.5452E-03   8.1788E-03  -3.9153E-02
  -5.3032E-02  -3.8979E-02  -5.1911E-02   3.3489E-04   6.4688E-03  -3.8043E-02
  -5.4649E-02  -1.9503E-01  -2.4179E-01  -1.9244E-01  -2.3941E-01  -1.9198E-01
  -2.4164E-01  -1.0251E-01  -1.1380E-01  -1.0637E-01  -1.1503E-01  -1.0352E-01
  -1.1765E-01  -3.3317E-02  -4.3471E-02  -3.2182E-02  -4.5148E-02  -3.5853E-03
   4.6837E-03  -2.1720E-03   4.0163E-03
  > E    =  -9.159192807898E+02 +/-   3.457894057683E-04
  > varE =   1.196851006422E-02
* Computing derivatives.
    [walltime: 1m11s elapsed, 1h16m remaining]
    [walltime: 1h elapsed, 15m58s remaining]
  Done. [total walltime: 1h16m]
* Optimizing manipulation constant:
  #igrid a___________ E____________________________________ varE____________
     1     Infinity    -9.15919281E+02 +/-   3.45789406E-04   1.19685101E-02
     2     1.0000E+06  -9.15919281E+02 +/-   3.45789405E-04   1.19685100E-02
     3     2.1544E+05  -9.15919281E+02 +/-   3.45789402E-04   1.19685098E-02
     4     4.6416E+04  -9.15919281E+02 +/-   3.45789390E-04   1.19685089E-02
     5     1.0000E+04  -9.15919281E+02 +/-   3.45789330E-04   1.19685048E-02
     6     2.1544E+03  -9.15919281E+02 +/-   3.45789057E-04   1.19684859E-02
     7     4.6416E+02  -9.15919281E+02 +/-   3.45787797E-04   1.19683987E-02
     8     1.0000E+02  -9.15919283E+02 +/-   3.45782197E-04   1.19680110E-02
     9     2.1544E+01  -9.15919293E+02 +/-   3.45761054E-04   1.19665475E-02
    10     4.6416E+00  -9.15919326E+02 +/-   3.45736312E-04   1.19648350E-02
    11     1.0000E+00  -9.15919400E+02 +/-   3.46070161E-04   1.19879531E-02
    12     2.1544E-01  -9.15919460E+02 +/-   3.47123222E-04   1.20610206E-02
    13     4.6416E-02  -9.15919477E+02 +/-   3.47869287E-04   1.21129213E-02
    14     1.0000E-02  -9.15919480E+02 +/-   3.48103792E-04   1.21292579E-02
    15     2.1544E-03  -9.15919481E+02 +/-   3.48159215E-04   1.21331205E-02
    16     4.6416E-04  -9.15919481E+02 +/-   3.48171404E-04   1.21339701E-02
    17     1.0000E-04  -9.15919481E+02 +/-   3.48174042E-04   1.21341540E-02
    18     2.1544E-05  -9.15919481E+02 +/-   3.48174611E-04   1.21341936E-02
    19     4.6416E-06  -9.15919481E+02 +/-   3.48174733E-04   1.21342021E-02
    20     1.0000E-06  -9.15919481E+02 +/-   3.48174760E-04   1.21342040E-02
    21     0.0000E+00  -9.15919481E+02 +/-   3.48174767E-04   1.21342045E-02
* Iteration # 1: E =  -9.159194812925E+02 +/-   3.481747668626E-04
* Reached maximum number of iterations: exiting.
* After optimization:
  -4.7124E+00  -4.7350E+00  -4.7317E+00  -4.7241E+00  -4.7234E+00  -4.7091E+00
   8.2451E-01   8.2300E-01   8.2337E-01   5.8845E-01   5.9233E-01   5.9049E-01
   5.8533E-01   8.1109E-01   8.0376E-01   8.1298E-01   8.0606E-01   8.1239E-01
   8.0549E-01   5.4959E-01   5.4631E-01   5.5064E-01   5.1529E-01   5.1645E-01
   5.1699E-01   1.8333E-01   1.8581E-01   1.8406E-01   2.2056E-01   2.1321E-01
   2.1479E-01   2.1926E-01   2.1633E-01   2.2009E-01   2.3421E-01   2.3948E-01
   2.3373E-01   2.3946E-01   2.3953E-01   2.3470E-01   1.0605E-01   1.0458E-01
   1.8677E-01   1.8911E-01   1.8713E-01   3.5086E-01   3.4599E-01   3.5071E-01
   3.5359E-01   3.5141E-01   3.5549E-01  -8.7466E-03  -7.1243E-03  -1.1347E-02
  -8.3729E-03   2.2070E-02   2.2979E-02   2.6448E-02   2.5725E-02   2.2602E-02
   2.6365E-02   6.7726E-02   6.9310E-02   6.6605E-02   6.8843E-02   6.8617E-02
   6.7758E-02   1.5528E-03  -8.3597E-05   4.1137E-04   1.2212E-03   1.0382E-01
   9.9990E-02   9.9733E-02   1.0263E-01   1.7222E-03   1.5649E-03   9.8868E-02
   1.0308E-01   4.3403E-01   4.3233E-01   4.3506E-01   4.3218E-01   4.3287E-01
   4.3021E-01   2.4095E-01   2.4518E-01   2.4530E-01   2.4227E-01   2.4190E-01
   9.0531E-02   8.9538E-02  -8.9850E-04  -6.5250E-05  -1.3160E-03  -2.6744E-01
  -3.9460E-01  -2.6333E-01  -3.9379E-01  -2.4862E-01  -2.9735E-01  -2.4968E-01
  -2.9438E-01  -3.2770E-01  -3.8849E-01  -3.3338E-01  -3.8633E-01  -3.2983E-01
  -3.8873E-01  -2.4207E-01  -2.7909E-01  -2.4317E-01  -2.8109E-01  -2.6004E-01
  -2.7629E-01  -2.5519E-01  -2.7749E-01  -8.5775E-02  -9.0568E-02  -8.7157E-02
  -9.0769E-02  -1.0860E-01  -1.1171E-01  -1.0790E-01  -1.1113E-01  -1.1015E-01
  -1.0883E-01  -1.1309E-01  -1.3321E-01  -1.1282E-01  -1.3415E-01  -1.1147E-01
  -1.3360E-01  -5.7299E-02  -5.3112E-02  -5.6584E-02  -5.1580E-02  -9.4073E-02
  -1.0107E-01  -9.4857E-02  -1.0195E-01  -1.6777E-01  -1.9619E-01  -1.7190E-01
  -1.9539E-01  -1.6998E-01  -1.9799E-01   4.7441E-03   3.6589E-03   4.8054E-03
   4.4818E-03  -7.2531E-03  -1.6193E-02  -1.1245E-02  -1.7427E-02  -8.8241E-03
  -1.7110E-02  -3.2551E-02  -3.5069E-02  -3.2471E-02  -3.4075E-02  -3.3070E-02
  -3.5079E-02  -3.9766E-03   6.1803E-03  -3.6276E-03   5.2587E-03  -4.4008E-02
  -5.7429E-02  -4.3048E-02  -5.8223E-02  -3.7933E-03   6.0946E-03  -4.4014E-02
  -5.7457E-02  -2.1248E-01  -2.6089E-01  -2.1630E-01  -2.5783E-01  -2.1336E-01
  -2.5947E-01  -1.1522E-01  -1.2096E-01  -1.1261E-01  -1.2573E-01  -1.1402E-01
  -1.2065E-01  -4.1639E-02  -5.0031E-02  -4.0494E-02  -5.0407E-02  -4.4937E-03
   4.5465E-03  -3.0176E-03   3.2113E-03
  > Energy =  -9.159194812925E+02 +/-   3.481747668626E-04
  > varE =   1.213420449213E-02

VMC #3:
* Size of Hilbert space =   7.3125E+12
* Number of equil. steps   = 1000
* Running VMC equilibration.
  Done. [total walltime: 0.02s]
* Equil. acc.ratio (%)     =  17.0167
* Sample config after equilibration:
  [draw: system geometry not defined]
* Number of accum. steps   = 500480 x 10
* Running VMC accumulation.
    [walltime: 1m elapsed, 9m11s remaining]
  Done. [total walltime: 10m6s]
* Acceptance ratio (%)     =  16.9682
* Etot/t                   =  -9.159189813274E+02 +/-   1.565599864573E-04
  > Ttot/t                 =  -9.556053224088E+01 +/-   1.216558085587E-03
  > Utot/t                 =   4.254633916256E+01 +/-   1.213728414814E-03
* var[Eloc/t]              =   1.219004204435E-02 +/-   9.093989429537E-05
* Correlation length       =   1.006336149556E+00
* log10 Psi^2 range: -39.236926966372693 -- -27.512651087951490
* log10 Pgen range : -39.236926966372693 -- -27.512651087951490
* Site occupation (ave. no. electrons per config.):
  > Site_  ___eu____  ___ed____
      1        0.499      0.499
      2        0.499      0.498
      3        0.498      0.497
      4        0.498      0.496
      5        0.498      0.500
      6        0.501      0.501
      7        0.500      0.502
      8        0.499      0.498
      9        0.496      0.502
     10        0.500      0.501
     11        0.499      0.503
     12        0.500      0.501
     13        0.502      0.502
     14        0.500      0.498
     15        0.500      0.500
     16        0.500      0.498
     17        0.501      0.498
     18        0.501      0.504
     19        0.502      0.504
     20        0.499      0.500
     21        0.503      0.501
     22        0.505      0.501
     23        0.501      0.497
     24        0.499      0.499
* Pair-correlation analysis (ave. no. pairs per config.):
  > Shell  nsite  ___dh____  __eueu___  __eued___
      0      1        0          0          4.446
      1      0        0.892      0.674      2.474
      2      0        0.446      0.336      1.235
      3      0        0.689      1.163      2.227
      4      0        0.345      0.576      1.112
      5      0        0.556      1.419      2.123
      6      0        0.561      1.410      2.125
      7      0        0.560      1.411      2.128
      8      0        0.576      1.429      2.112
      9      0        0.289      0.716      1.054
     10      0        0.129      1.022      0.985
     11      0        0.255      2.038      1.966
     12      0        0.167      0.924      1.034
     13      0        0.336      1.842      2.064
     14      0        0.317      1.828      2.098
     15      0        0.320      1.828      2.104
     16      0        0.316      1.831      2.102
     17      0        0.288      2.063      1.946
     18      0        0.287      2.067      1.949
     19      0        0.289      2.064      1.946
     20      0        0.079      0.485      0.505
     21      0        0.159      0.976      1.006
     22      0        0.149      1.014      0.989
     23      0        0.295      2.025      1.980
     24      0        0.263      2.091      1.946
     25      0        0.268      2.082      1.943
     26      0        0.266      2.088      1.943
     27      0        0.151      0.997      0.990
     28      0        0.298      2.005      1.987
     29      0        0.271      2.035      1.986
     30      0        0.274      2.020      1.982
     31      0        0.274      2.024      1.980
     32      0        0.272      2.018      1.972
     33      0        0.269      2.026      1.978
     34      0        0.272      2.028      1.980
     35      0        0.284      1.944      2.036
     36      0        0.282      1.944      2.035
     37      0        0.272      1.994      2.012
     38      0        0.274      1.996      2.016
     39      0        0.282      1.942      2.028
     40      0        0.276      1.985      2.016
     41      0        0.257      2.113      1.935
     42      0        0.256      2.106      1.929
     43      0        0.254      2.105      1.939
     44      0        0.262      1.948      2.051
     45      0        0.260      1.949      2.049
     46      0        0.263      1.942      2.047
     47      0        0.125      1.019      0.986
     48      0        0.251      2.042      1.977
     49      0        0.128      0.990      1.018
     50      0        0.258      1.981      2.017
     51      0        0.277      2.007      1.998
     52      0        0.273      2.008      1.994
     53      0        0.276      2.006      2.001
     54      0        0.275      2.003      1.987
     55      0        0.278      2.000      1.985
     56      0        0.246      1.998      2.029
     57      0        0.254      2.021      1.990
     58      0        0.251      2.020      1.996
     59      0        0.275      2.006      1.986
     60      0        0.255      2.015      1.990
     61      0        0.123      0.998      1.011
     62      0        0.310      1.989      1.958
     63      0        0.279      1.991      2.008
     64      0        0.278      1.989      2.008
     65      0        0.281      1.989      2.007
     66      0        0.155      0.997      0.980
     67      0        0.291      1.985      2.017
     68      0        0.291      1.984      2.015
     69      0        0.292      1.983      2.022
     70      0        0.126      1.006      1.005
     71      0        0.275      1.985      2.000
     72      0        0.126      0.999      1.005
     73      0        0.124      1.000      1.009
     74      0        0.273      1.986      2.008
     75      0        0.275      1.991      2.006
     76      0        0.077      0.491      0.497
     77      0        0.152      0.984      0.997
     78      0        0.251      2.011      2.006
     79      0        0.128      1.006      0.996

Optimization #3:
* Method          : lls
* Target function : energy
* No. of configs. : 100096
* No. of params.  : 195
* Before optimization:
  -4.7124E+00  -4.7350E+00  -4.7317E+00  -4.7241E+00  -4.7234E+00  -4.7091E+00
   8.2451E-01   8.2300E-01   8.2337E-01   5.8845E-01   5.9233E-01   5.9049E-01
   5.8533E-01   8.1109E-01   8.0376E-01   8.1298E-01   8.0606E-01   8.1239E-01
   8.0549E-01   5.4959E-01   5.4631E-01   5.5064E-01   5.1529E-01   5.1645E-01
   5.1699E-01   1.8333E-01   1.8581E-01   1.8406E-01   2.2056E-01   2.1321E-01
   2.1479E-01   2.1926E-01   2.1633E-01   2.2009E-01   2.3421E-01   2.3948E-01
   2.3373E-01   2.3946E-01   2.3953E-01   2.3470E-01   1.0605E-01   1.0458E-01
   1.8677E-01   1.8911E-01   1.8713E-01   3.5086E-01   3.4599E-01   3.5071E-01
   3.5359E-01   3.5141E-01   3.5549E-01  -8.7466E-03  -7.1243E-03  -1.1347E-02
  -8.3729E-03   2.2070E-02   2.2979E-02   2.6448E-02   2.5725E-02   2.2602E-02
   2.6365E-02   6.7726E-02   6.9310E-02   6.6605E-02   6.8843E-02   6.8617E-02
   6.7758E-02   1.5528E-03  -8.3597E-05   4.1137E-04   1.2212E-03   1.0382E-01
   9.9990E-02   9.9733E-02   1.0263E-01   1.7222E-03   1.5649E-03   9.8868E-02
   1.0308E-01   4.3403E-01   4.3233E-01   4.3506E-01   4.3218E-01   4.3287E-01
   4.3021E-01   2.4095E-01   2.4518E-01   2.4530E-01   2.4227E-01   2.4190E-01
   9.0531E-02   8.9538E-02  -8.9850E-04  -6.5250E-05  -1.3160E-03  -2.6744E-01
  -3.9460E-01  -2.6333E-01  -3.9379E-01  -2.4862E-01  -2.9735E-01  -2.4968E-01
  -2.9438E-01  -3.2770E-01  -3.8849E-01  -3.3338E-01  -3.8633E-01  -3.2983E-01
  -3.8873E-01  -2.4207E-01  -2.7909E-01  -2.4317E-01  -2.8109E-01  -2.6004E-01
  -2.7629E-01  -2.5519E-01  -2.7749E-01  -8.5775E-02  -9.0568E-02  -8.7157E-02
  -9.0769E-02  -1.0860E-01  -1.1171E-01  -1.0790E-01  -1.1113E-01  -1.1015E-01
  -1.0883E-01  -1.1309E-01  -1.3321E-01  -1.1282E-01  -1.3415E-01  -1.1147E-01
  -1.3360E-01  -5.7299E-02  -5.3112E-02  -5.6584E-02  -5.1580E-02  -9.4073E-02
  -1.0107E-01  -9.4857E-02  -1.0195E-01  -1.6777E-01  -1.9619E-01  -1.7190E-01
  -1.9539E-01  -1.6998E-01  -1.9799E-01   4.7441E-03   3.6589E-03   4.8054E-03
   4.4818E-03  -7.2531E-03  -1.6193E-02  -1.1245E-02  -1.7427E-02  -8.8241E-03
  -1.7110E-02  -3.2551E-02  -3.5069E-02  -3.2471E-02  -3.4075E-02  -3.3070E-02
  -3.5079E-02  -3.9766E-03   6.1803E-03  -3.6276E-03   5.2587E-03  -4.4008E-02
  -5.7429E-02  -4.3048E-02  -5.8223E-02  -3.7933E-03   6.0946E-03  -4.4014E-02
  -5.7457E-02  -2.1248E-01  -2.6089E-01  -2.1630E-01  -2.5783E-01  -2.1336E-01
  -2.5947E-01  -1.1522E-01  -1.2096E-01  -1.1261E-01  -1.2573E-01  -1.1402E-01
  -1.2065E-01  -4.1639E-02  -5.0031E-02  -4.0494E-02  -5.0407E-02  -4.4937E-03
   4.5465E-03  -3.0176E-03   3.2113E-03
  > E    =  -9.159191464814E+02 +/-   3.487393094613E-04
  > varE =   1.217358603052E-02
* Computing derivatives.
    [walltime: 1m11s elapsed, 1h16m remaining]
    [walltime: 1h elapsed, 16m50s remaining]
  Done. [total walltime: 1h16m]
* Optimizing manipulation constant:
  #igrid a___________ E____________________________________ varE____________
     1     Infinity    -9.15919146E+02 +/-   3.48739309E-04   1.21735860E-02
     2     1.0000E+06  -9.15919146E+02 +/-   3.48739308E-04   1.21735859E-02
     3     2.1544E+05  -9.15919146E+02 +/-   3.48739304E-04   1.21735856E-02
     4     4.6416E+04  -9.15919146E+02 +/-   3.48739284E-04   1.21735843E-02
     5     1.0000E+04  -9.15919146E+02 +/-   3.48739191E-04   1.21735778E-02
     6     2.1544E+03  -9.15919147E+02 +/-   3.48738762E-04   1.21735478E-02
     7     4.6416E+02  -9.15919147E+02 +/-   3.48736778E-04   1.21734093E-02
     8     1.0000E+02  -9.15919147E+02 +/-   3.48727785E-04   1.21727815E-02
     9     2.1544E+01  -9.15919150E+02 +/-   3.48690320E-04   1.21701661E-02
    10     4.6416E+00  -9.15919158E+02 +/-   3.48581690E-04   1.21625843E-02
    11     1.0000E+00  -9.15919173E+02 +/-   3.48527706E-04   1.21588175E-02
    12     2.1544E-01  -9.15919181E+02 +/-   3.48768305E-04   1.21756104E-02
    13     4.6416E-02  -9.15919180E+02 +/-   3.48973858E-04   1.21899665E-02
    14     1.0000E-02  -9.15919179E+02 +/-   3.49040164E-04   1.21945992E-02
    15     2.1544E-03  -9.15919179E+02 +/-   3.49055904E-04   1.21956991E-02
    16     4.6416E-04  -9.15919179E+02 +/-   3.49059368E-04   1.21959411E-02
    17     1.0000E-04  -9.15919179E+02 +/-   3.49060118E-04   1.21959935E-02
    18     2.1544E-05  -9.15919179E+02 +/-   3.49060280E-04   1.21960048E-02
    19     4.6416E-06  -9.15919179E+02 +/-   3.49060315E-04   1.21960073E-02
    20     1.0000E-06  -9.15919179E+02 +/-   3.49060322E-04   1.21960078E-02
    21     0.0000E+00  -9.15919179E+02 +/-   3.49060324E-04   1.21960080E-02
* Iteration # 1: E =  -9.159191807324E+02 +/-   3.487683045412E-04
* Reached maximum number of iterations: exiting.
* After optimization:
  -4.7312E+00  -4.7539E+00  -4.7517E+00  -4.7375E+00  -4.7384E+00  -4.7311E+00
   8.2258E-01   8.2287E-01   8.2862E-01   5.8743E-01   5.9227E-01   5.9390E-01
   5.8889E-01   8.1789E-01   8.0785E-01   8.1490E-01   8.0545E-01   8.1821E-01
   8.0802E-01   5.5122E-01   5.5140E-01   5.4682E-01   5.1747E-01   5.1860E-01
   5.1947E-01   1.8217E-01   1.8618E-01   1.8466E-01   2.2275E-01   2.1802E-01
   2.2134E-01   2.2574E-01   2.1287E-01   2.2004E-01   2.3925E-01   2.4223E-01
   2.3387E-01   2.3708E-01   2.4180E-01   2.3643E-01   1.0601E-01   1.0975E-01
   1.8963E-01   1.8800E-01   1.8931E-01   3.5296E-01   3.5040E-01   3.4799E-01
   3.5288E-01   3.5422E-01   3.5579E-01  -9.1298E-03  -1.3529E-02  -9.5134E-03
  -7.1025E-03   2.3792E-02   2.4735E-02   2.5526E-02   2.2633E-02   2.4764E-02
   2.6801E-02   6.7037E-02   6.6892E-02   6.7351E-02   6.9133E-02   6.6232E-02
   6.7432E-02  -1.0620E-03   2.5984E-05   7.2073E-05  -6.2045E-04   1.0043E-01
   1.0230E-01   1.0135E-01   1.0458E-01  -1.6179E-03  -8.5367E-04   9.8611E-02
   1.0299E-01   4.4118E-01   4.3804E-01   4.3734E-01   4.3274E-01   4.3692E-01
   4.3376E-01   2.4356E-01   2.4613E-01   2.4602E-01   2.4494E-01   2.4239E-01
   8.8743E-02   8.9638E-02   1.1153E-04   1.3009E-03   1.9206E-04  -2.5997E-01
  -3.9171E-01  -2.6451E-01  -3.9267E-01  -2.4982E-01  -2.9732E-01  -2.5004E-01
  -3.0108E-01  -3.3107E-01  -3.9222E-01  -3.2759E-01  -3.9204E-01  -3.3128E-01
  -3.9239E-01  -2.4500E-01  -2.7884E-01  -2.4235E-01  -2.7832E-01  -2.5458E-01
  -2.7854E-01  -2.5622E-01  -2.8077E-01  -8.3997E-02  -8.9318E-02  -8.6677E-02
  -9.2432E-02  -1.0844E-01  -1.1349E-01  -1.0996E-01  -1.1433E-01  -1.0914E-01
  -1.1005E-01  -1.1453E-01  -1.3626E-01  -1.1191E-01  -1.3357E-01  -1.1305E-01
  -1.3481E-01  -5.6856E-02  -4.9889E-02  -5.8452E-02  -5.3677E-02  -9.6505E-02
  -1.0334E-01  -9.6380E-02  -1.0180E-01  -1.6721E-01  -1.9942E-01  -1.6895E-01
  -1.9544E-01  -1.6953E-01  -1.9900E-01   4.9635E-03   5.5708E-03   5.5215E-03
   3.9886E-03  -8.4191E-03  -1.7449E-02  -9.5511E-03  -1.6463E-02  -1.0743E-02
  -1.7555E-02  -3.1612E-02  -3.3750E-02  -3.2131E-02  -3.6211E-02  -3.1311E-02
  -3.4736E-02  -2.4732E-03   6.7900E-03  -2.2660E-03   7.3962E-03  -4.4611E-02
  -5.8185E-02  -4.3903E-02  -5.8380E-02  -4.4577E-03   7.3770E-03  -4.3607E-02
  -5.7852E-02  -2.1530E-01  -2.6636E-01  -2.1305E-01  -2.6286E-01  -2.1576E-01
  -2.6223E-01  -1.1459E-01  -1.2421E-01  -1.1239E-01  -1.2539E-01  -1.1330E-01
  -1.2312E-01  -4.1284E-02  -4.9757E-02  -4.0522E-02  -5.0359E-02  -4.4917E-03
   3.4745E-03  -4.0449E-03   3.3299E-03
  > Energy =  -9.159191807324E+02 +/-   3.487683045412E-04
  > varE =   1.217561040096E-02

VMC #4:
* Size of Hilbert space =   7.3125E+12
* Number of equil. steps   = 1000
* Running VMC equilibration.
  Done. [total walltime: 0.02s]
* Equil. acc.ratio (%)     =  17.0161
* Sample config after equilibration:
  [draw: system geometry not defined]
* Number of accum. steps   = 500480 x 10
* Running VMC accumulation.
    [walltime: 1m elapsed, 9m9s remaining]
  Done. [total walltime: 10m5s]
* Acceptance ratio (%)     =  16.9631
* Etot/t                   =  -9.159189851296E+02 +/-   1.574204716172E-04
  > Ttot/t                 =  -9.555731159391E+01 +/-   1.233634824480E-03
  > Utot/t                 =   4.254311471332E+01 +/-   1.229783653836E-03
* var[Eloc/t]              =   1.228912504862E-02 +/-   8.821885686631E-05
* Correlation length       =   1.009225422588E+00
* log10 Psi^2 range: -39.315688024944933 -- -27.583636274421817
* log10 Pgen range : -39.315688024944933 -- -27.583636274421817
* Site occupation (ave. no. electrons per config.):
  > Site_  ___eu____  ___ed____
      1        0.497      0.499
      2        0.495      0.499
      3        0.499      0.501
      4        0.497      0.498
      5        0.499      0.502
      6        0.500      0.499
      7        0.503      0.500
      8        0.498      0.498
      9        0.503      0.498
     10        0.497      0.500
     11        0.498      0.502
     12        0.502      0.500
     13        0.502      0.502
     14        0.501      0.502
     15        0.502      0.499
     16        0.497      0.501
     17        0.501      0.498
     18        0.505      0.500
     19        0.503      0.497
     20        0.500      0.502
     21        0.502      0.501
     22        0.503      0.501
     23        0.499      0.497
     24        0.498      0.505
* Pair-correlation analysis (ave. no. pairs per config.):
  > Shell  nsite  ___dh____  __eueu___  __eued___
      0      1        0          0          4.450
      1      0        0.893      0.677      2.474
      2      0        0.443      0.336      1.242
      3      0        0.693      1.154      2.222
      4      0        0.347      0.579      1.111
      5      0        0.559      1.414      2.128
      6      0        0.561      1.411      2.121
      7      0        0.558      1.413      2.134
      8      0        0.576      1.431      2.108
      9      0        0.288      0.711      1.052
     10      0        0.129      1.017      0.985
     11      0        0.256      2.041      1.971
     12      0        0.168      0.922      1.036
     13      0        0.334      1.847      2.064
     14      0        0.317      1.837      2.106
     15      0        0.320      1.822      2.095
     16      0        0.315      1.825      2.098
     17      0        0.291      2.051      1.941
     18      0        0.290      2.065      1.940
     19      0        0.291      2.068      1.951
     20      0        0.080      0.487      0.506
     21      0        0.159      0.965      1.007
     22      0        0.149      1.012      0.981
     23      0        0.297      2.027      1.974
     24      0        0.266      2.092      1.948
     25      0        0.262      2.084      1.940
     26      0        0.263      2.087      1.941
     27      0        0.148      1.002      0.994
     28      0        0.301      2.004      1.978
     29      0        0.273      2.025      1.978
     30      0        0.270      2.030      1.992
     31      0        0.275      2.026      1.978
     32      0        0.270      2.023      1.974
     33      0        0.274      2.030      1.975
     34      0        0.275      2.022      1.976
     35      0        0.283      1.941      2.040
     36      0        0.285      1.947      2.038
     37      0        0.274      1.998      2.017
     38      0        0.275      1.986      2.011
     39      0        0.288      1.936      2.027
     40      0        0.275      1.987      2.014
     41      0        0.257      2.112      1.932
     42      0        0.261      2.102      1.933
     43      0        0.256      2.114      1.933
     44      0        0.259      1.952      2.052
     45      0        0.261      1.951      2.049
     46      0        0.260      1.951      2.052
     47      0        0.126      1.023      0.988
     48      0        0.251      2.042      1.978
     49      0        0.130      0.989      1.013
     50      0        0.256      1.978      2.031
     51      0        0.276      2.008      1.987
     52      0        0.274      2.013      2.004
     53      0        0.272      2.003      1.999
     54      0        0.276      2.009      1.990
     55      0        0.276      2.004      1.983
     56      0        0.246      2.000      2.027
     57      0        0.255      2.021      1.991
     58      0        0.252      2.020      1.994
     59      0        0.273      2.011      1.986
     60      0        0.253      2.022      1.995
     61      0        0.123      1.001      1.016
     62      0        0.311      1.995      1.956
     63      0        0.282      1.992      2.007
     64      0        0.279      1.986      2.005
     65      0        0.277      1.984      2.007
     66      0        0.157      0.999      0.980
     67      0        0.294      1.982      2.026
     68      0        0.293      1.974      2.009
     69      0        0.292      1.976      2.021
     70      0        0.126      1.001      1.008
     71      0        0.278      1.981      2.004
     72      0        0.124      1.005      1.007
     73      0        0.124      1.002      1.008
     74      0        0.274      1.988      2.011
     75      0        0.280      1.989      2.001
     76      0        0.078      0.489      0.495
     77      0        0.156      0.979      1.000
     78      0        0.253      2.013      2.004
     79      0        0.125      1.006      1.000

Optimization #4:
* Method          : lls
* Target function : energy
* No. of configs. : 100096
* No. of params.  : 195
* Before optimization:
  -4.7312E+00  -4.7539E+00  -4.7517E+00  -4.7375E+00  -4.7384E+00  -4.7311E+00
   8.2258E-01   8.2287E-01   8.2862E-01   5.8743E-01   5.9227E-01   5.9390E-01
   5.8889E-01   8.1789E-01   8.0785E-01   8.1490E-01   8.0545E-01   8.1821E-01
   8.0802E-01   5.5122E-01   5.5140E-01   5.4682E-01   5.1747E-01   5.1860E-01
   5.1947E-01   1.8217E-01   1.8618E-01   1.8466E-01   2.2275E-01   2.1802E-01
   2.2134E-01   2.2574E-01   2.1287E-01   2.2004E-01   2.3925E-01   2.4223E-01
   2.3387E-01   2.3708E-01   2.4180E-01   2.3643E-01   1.0601E-01   1.0975E-01
   1.8963E-01   1.8800E-01   1.8931E-01   3.5296E-01   3.5040E-01   3.4799E-01
   3.5288E-01   3.5422E-01   3.5579E-01  -9.1298E-03  -1.3529E-02  -9.5134E-03
  -7.1025E-03   2.3792E-02   2.4735E-02   2.5526E-02   2.2633E-02   2.4764E-02
   2.6801E-02   6.7037E-02   6.6892E-02   6.7351E-02   6.9133E-02   6.6232E-02
   6.7432E-02  -1.0620E-03   2.5984E-05   7.2073E-05  -6.2045E-04   1.0043E-01
   1.0230E-01   1.0135E-01   1.0458E-01  -1.6179E-03  -8.5367E-04   9.8611E-02
   1.0299E-01   4.4118E-01   4.3804E-01   4.3734E-01   4.3274E-01   4.3692E-01
   4.3376E-01   2.4356E-01   2.4613E-01   2.4602E-01   2.4494E-01   2.4239E-01
   8.8743E-02   8.9638E-02   1.1153E-04   1.3009E-03   1.9206E-04  -2.5997E-01
  -3.9171E-01  -2.6451E-01  -3.9267E-01  -2.4982E-01  -2.9732E-01  -2.5004E-01
  -3.0108E-01  -3.3107E-01  -3.9222E-01  -3.2759E-01  -3.9204E-01  -3.3128E-01
  -3.9239E-01  -2.4500E-01  -2.7884E-01  -2.4235E-01  -2.7832E-01  -2.5458E-01
  -2.7854E-01  -2.5622E-01  -2.8077E-01  -8.3997E-02  -8.9318E-02  -8.6677E-02
  -9.2432E-02  -1.0844E-01  -1.1349E-01  -1.0996E-01  -1.1433E-01  -1.0914E-01
  -1.1005E-01  -1.1453E-01  -1.3626E-01  -1.1191E-01  -1.3357E-01  -1.1305E-01
  -1.3481E-01  -5.6856E-02  -4.9889E-02  -5.8452E-02  -5.3677E-02  -9.6505E-02
  -1.0334E-01  -9.6380E-02  -1.0180E-01  -1.6721E-01  -1.9942E-01  -1.6895E-01
  -1.9544E-01  -1.6953E-01  -1.9900E-01   4.9635E-03   5.5708E-03   5.5215E-03
   3.9886E-03  -8.4191E-03  -1.7449E-02  -9.5511E-03  -1.6463E-02  -1.0743E-02
  -1.7555E-02  -3.1612E-02  -3.3750E-02  -3.2131E-02  -3.6211E-02  -3.1311E-02
  -3.4736E-02  -2.4732E-03   6.7900E-03  -2.2660E-03   7.3962E-03  -4.4611E-02
  -5.8185E-02  -4.3903E-02  -5.8380E-02  -4.4577E-03   7.3770E-03  -4.3607E-02
  -5.7852E-02  -2.1530E-01  -2.6636E-01  -2.1305E-01  -2.6286E-01  -2.1576E-01
  -2.6223E-01  -1.1459E-01  -1.2421E-01  -1.1239E-01  -1.2539E-01  -1.1330E-01
  -1.2312E-01  -4.1284E-02  -4.9757E-02  -4.0522E-02  -5.0359E-02  -4.4917E-03
   3.4745E-03  -4.0449E-03   3.3299E-03
  > E    =  -9.159191073474E+02 +/-   3.487344796845E-04
  > varE =   1.217324884287E-02
* Computing derivatives.
    [walltime: 1m10s elapsed, 1h15m remaining]
    [walltime: 1h elapsed, 16m43s remaining]
  Done. [total walltime: 1h16m]
* Optimizing manipulation constant:
  #igrid a___________ E____________________________________ varE____________
     1     Infinity    -9.15919107E+02 +/-   3.48734480E-04   1.21732488E-02
     2     1.0000E+06  -9.15919107E+02 +/-   3.48734478E-04   1.21732487E-02
     3     2.1544E+05  -9.15919107E+02 +/-   3.48734471E-04   1.21732482E-02
     4     4.6416E+04  -9.15919107E+02 +/-   3.48734437E-04   1.21732459E-02
     5     1.0000E+04  -9.15919107E+02 +/-   3.48734282E-04   1.21732351E-02
     6     2.1544E+03  -9.15919107E+02 +/-   3.48733564E-04   1.21731850E-02
     7     4.6416E+02  -9.15919108E+02 +/-   3.48730243E-04   1.21729530E-02
     8     1.0000E+02  -9.15919109E+02 +/-   3.48715045E-04   1.21718921E-02
     9     2.1544E+01  -9.15919113E+02 +/-   3.48648936E-04   1.21672775E-02
    10     4.6416E+00  -9.15919129E+02 +/-   3.48413170E-04   1.21508273E-02
    11     1.0000E+00  -9.15919162E+02 +/-   3.47925863E-04   1.21168616E-02
    12     2.1544E-01  -9.15919189E+02 +/-   3.47490162E-04   1.20865332E-02
    13     4.6416E-02  -9.15919197E+02 +/-   3.47308342E-04   1.20738883E-02
    14     1.0000E-02  -9.15919199E+02 +/-   3.47259796E-04   1.20705132E-02
    15     2.1544E-03  -9.15919199E+02 +/-   3.47248766E-04   1.20697464E-02
    16     4.6416E-04  -9.15919199E+02 +/-   3.47246362E-04   1.20695793E-02
    17     1.0000E-04  -9.15919199E+02 +/-   3.47245842E-04   1.20695432E-02
    18     2.1544E-05  -9.15919199E+02 +/-   3.47245731E-04   1.20695354E-02
    19     4.6416E-06  -9.15919199E+02 +/-   3.47245706E-04   1.20695337E-02
    20     1.0000E-06  -9.15919199E+02 +/-   3.47245701E-04   1.20695333E-02
    21     0.0000E+00  -9.15919199E+02 +/-   3.47245700E-04   1.20695332E-02
* Iteration # 1: E =  -9.159191989707E+02 +/-   3.472456997648E-04
* Reached maximum number of iterations: exiting.
* After optimization:
  -4.7327E+00  -4.7518E+00  -4.7547E+00  -4.7396E+00  -4.7379E+00  -4.7302E+00
   8.2271E-01   8.2225E-01   8.2278E-01   5.8640E-01   5.9324E-01   5.9192E-01
   5.8431E-01   8.1448E-01   8.0158E-01   8.1583E-01   8.0710E-01   8.0840E-01
   7.9971E-01   5.5136E-01   5.5079E-01   5.5152E-01   5.2759E-01   5.2083E-01
   5.1658E-01   1.8983E-01   1.8582E-01   1.8838E-01   2.2103E-01   2.1550E-01
   2.1177E-01   2.1652E-01   2.1892E-01   2.2308E-01   2.3406E-01   2.4147E-01
   2.3703E-01   2.4195E-01   2.4283E-01   2.3753E-01   1.0732E-01   1.0818E-01
   1.8917E-01   1.8907E-01   1.8941E-01   3.5127E-01   3.4579E-01   3.5220E-01
   3.5545E-01   3.4582E-01   3.5141E-01  -7.5932E-03  -1.1363E-02  -8.5517E-03
  -7.5051E-03   2.4546E-02   2.6311E-02   2.7670E-02   2.4719E-02   2.3405E-02
   2.5962E-02   6.4827E-02   6.6244E-02   7.2700E-02   7.1979E-02   6.7122E-02
   6.9911E-02   4.8663E-03   4.6170E-03   2.8425E-04   2.6351E-03   1.0512E-01
   1.0189E-01   9.8352E-02   1.0229E-01  -2.0018E-03  -1.5857E-03   1.0281E-01
   1.0525E-01   4.3138E-01   4.3077E-01   4.3643E-01   4.3496E-01   4.3628E-01
   4.3140E-01   2.4720E-01   2.4942E-01   2.4317E-01   2.4746E-01   2.4038E-01
   9.1603E-02   8.9036E-02   1.3895E-03   1.7701E-03   8.9229E-04  -2.5597E-01
  -3.9354E-01  -2.6239E-01  -4.0057E-01  -2.4703E-01  -2.9896E-01  -2.5124E-01
  -2.9936E-01  -3.2527E-01  -3.9347E-01  -3.2763E-01  -3.9512E-01  -3.2186E-01
  -3.8905E-01  -2.4383E-01  -2.8038E-01  -2.4261E-01  -2.8130E-01  -2.5341E-01
  -2.8857E-01  -2.5450E-01  -2.8296E-01  -8.6799E-02  -9.5542E-02  -8.5564E-02
  -9.3469E-02  -1.0800E-01  -1.1378E-01  -1.0532E-01  -1.1014E-01  -1.0624E-01
  -1.1344E-01  -1.1291E-01  -1.3435E-01  -1.1341E-01  -1.3625E-01  -1.1280E-01
  -1.3640E-01  -5.7797E-02  -5.4761E-02  -5.8971E-02  -5.2193E-02  -9.8845E-02
  -1.0330E-01  -9.5602E-02  -1.0280E-01  -1.6466E-01  -1.9562E-01  -1.6776E-01
  -2.0187E-01  -1.6644E-01  -1.9704E-01   5.2644E-03   4.2556E-03   4.9599E-03
   3.9581E-03  -7.6836E-03  -1.8730E-02  -9.0019E-03  -1.8824E-02  -8.8881E-03
  -1.8961E-02  -3.0731E-02  -3.6693E-02  -3.2613E-02  -3.8928E-02  -3.0620E-02
  -3.7338E-02  -4.3339E-03   1.0190E-03  -9.9091E-04   4.5250E-03  -4.3270E-02
  -5.8838E-02  -4.3219E-02  -5.8180E-02  -8.2678E-05   5.9055E-03  -4.3153E-02
  -6.0860E-02  -2.1106E-01  -2.6377E-01  -2.1154E-01  -2.6589E-01  -2.1149E-01
  -2.6380E-01  -1.0937E-01  -1.3193E-01  -1.0774E-01  -1.2646E-01  -1.1208E-01
  -1.2468E-01  -3.5730E-02  -5.7704E-02  -3.6692E-02  -5.4239E-02  -4.8455E-03
   3.4084E-03  -3.8960E-03   2.0991E-03
  > Energy =  -9.159191989707E+02 +/-   3.472456997648E-04
  > varE =   1.206953323981E-02

VMC #5:
* Size of Hilbert space =   7.3125E+12
* Number of equil. steps   = 1000
* Running VMC equilibration.
  Done. [total walltime: 0.02s]
* Equil. acc.ratio (%)     =  17.0029
* Sample config after equilibration:
  [draw: system geometry not defined]
* Number of accum. steps   = 500480 x 10
* Running VMC accumulation.
    [walltime: 1m elapsed, 8m59s remaining]
  Done. [total walltime: 10m4s]
* Acceptance ratio (%)     =  16.9723
* Etot/t                   =  -9.159191773900E+02 +/-   1.565820251466E-04
  > Ttot/t                 =  -9.555712763590E+01 +/-   1.250647391949E-03
  > Utot/t                 =   4.254273849491E+01 +/-   1.244871067522E-03
* var[Eloc/t]              =   1.220839144558E-02 +/-   7.280787921785E-05
* Correlation length       =   1.005106525367E+00
* log10 Psi^2 range: -39.283649349679614 -- -28.104224238348873
* log10 Pgen range : -39.283649349679614 -- -28.104224238348873
* Site occupation (ave. no. electrons per config.):
  > Site_  ___eu____  ___ed____
      1        0.500      0.501
      2        0.497      0.498
      3        0.499      0.499
      4        0.499      0.498
      5        0.504      0.503
      6        0.498      0.501
      7        0.501      0.503
      8        0.495      0.498
      9        0.500      0.497
     10        0.501      0.499
     11        0.499      0.502
     12        0.501      0.501
     13        0.501      0.500
     14        0.502      0.501
     15        0.499      0.499
     16        0.502      0.498
     17        0.497      0.499
     18        0.502      0.503
     19        0.500      0.504
     20        0.503      0.500
     21        0.503      0.499
     22        0.499      0.502
     23        0.499      0.496
     24        0.500      0.498
* Pair-correlation analysis (ave. no. pairs per config.):
  > Shell  nsite  ___dh____  __eueu___  __eued___
      0      1        0          0          4.456
      1      0        0.893      0.675      2.478
      2      0        0.450      0.337      1.234
      3      0        0.692      1.162      2.219
      4      0        0.346      0.576      1.109
      5      0        0.559      1.414      2.122
      6      0        0.559      1.417      2.125
      7      0        0.558      1.413      2.126
      8      0        0.578      1.428      2.106
      9      0        0.289      0.715      1.058
     10      0        0.129      1.018      0.986
     11      0        0.261      2.037      1.967
     12      0        0.169      0.920      1.030
     13      0        0.339      1.840      2.060
     14      0        0.317      1.827      2.098
     15      0        0.316      1.833      2.104
     16      0        0.318      1.834      2.103
     17      0        0.293      2.062      1.948
     18      0        0.288      2.061      1.947
     19      0        0.287      2.059      1.941
     20      0        0.080      0.483      0.501
     21      0        0.159      0.972      1.012
     22      0        0.147      1.019      0.988
     23      0        0.295      2.026      1.975
     24      0        0.266      2.083      1.939
     25      0        0.269      2.086      1.946
     26      0        0.268      2.088      1.946
     27      0        0.148      1.003      0.989
     28      0        0.297      2.004      1.983
     29      0        0.271      2.029      1.989
     30      0        0.275      2.024      1.978
     31      0        0.270      2.035      1.986
     32      0        0.275      2.027      1.974
     33      0        0.274      2.022      1.976
     34      0        0.272      2.022      1.977
     35      0        0.286      1.939      2.031
     36      0        0.287      1.938      2.030
     37      0        0.275      1.984      2.014
     38      0        0.273      1.995      2.020
     39      0        0.285      1.944      2.036
     40      0        0.273      2.000      2.016
     41      0        0.257      2.108      1.930
     42      0        0.258      2.107      1.936
     43      0        0.257      2.106      1.934
     44      0        0.260      1.953      2.050
     45      0        0.260      1.952      2.054
     46      0        0.262      1.951      2.054
     47      0        0.125      1.023      0.988
     48      0        0.253      2.043      1.976
     49      0        0.128      0.987      1.017
     50      0        0.260      1.981      2.023
     51      0        0.276      2.014      1.996
     52      0        0.273      2.007      1.996
     53      0        0.275      2.010      2.000
     54      0        0.274      2.001      1.990
     55      0        0.278      2.003      1.986
     56      0        0.248      2.000      2.028
     57      0        0.253      2.027      1.989
     58      0        0.256      2.020      1.992
     59      0        0.278      2.003      1.982
     60      0        0.255      2.019      1.997
     61      0        0.124      0.998      1.017
     62      0        0.311      1.992      1.956
     63      0        0.280      1.984      2.003
     64      0        0.280      1.993      2.008
     65      0        0.279      1.991      2.012
     66      0        0.153      0.998      0.978
     67      0        0.294      1.970      2.011
     68      0        0.294      1.979      2.021
     69      0        0.296      1.972      2.022
     70      0        0.123      1.005      1.008
     71      0        0.277      1.986      2.006
     72      0        0.125      1.004      1.009
     73      0        0.125      1.000      1.012
     74      0        0.276      1.983      2.005
     75      0        0.275      1.989      2.001
     76      0        0.078      0.490      0.496
     77      0        0.155      0.980      0.992
     78      0        0.253      2.011      2.003
     79      0        0.129      1.008      0.998

Optimization #5:
* Method          : lls
* Target function : energy
* No. of configs. : 100096
* No. of params.  : 195
* Before optimization:
  -4.7327E+00  -4.7518E+00  -4.7547E+00  -4.7396E+00  -4.7379E+00  -4.7302E+00
   8.2271E-01   8.2225E-01   8.2278E-01   5.8640E-01   5.9324E-01   5.9192E-01
   5.8431E-01   8.1448E-01   8.0158E-01   8.1583E-01   8.0710E-01   8.0840E-01
   7.9971E-01   5.5136E-01   5.5079E-01   5.5152E-01   5.2759E-01   5.2083E-01
   5.1658E-01   1.8983E-01   1.8582E-01   1.8838E-01   2.2103E-01   2.1550E-01
   2.1177E-01   2.1652E-01   2.1892E-01   2.2308E-01   2.3406E-01   2.4147E-01
   2.3703E-01   2.4195E-01   2.4283E-01   2.3753E-01   1.0732E-01   1.0818E-01
   1.8917E-01   1.8907E-01   1.8941E-01   3.5127E-01   3.4579E-01   3.5220E-01
   3.5545E-01   3.4582E-01   3.5141E-01  -7.5932E-03  -1.1363E-02  -8.5517E-03
  -7.5051E-03   2.4546E-02   2.6311E-02   2.7670E-02   2.4719E-02   2.3405E-02
   2.5962E-02   6.4827E-02   6.6244E-02   7.2700E-02   7.1979E-02   6.7122E-02
   6.9911E-02   4.8663E-03   4.6170E-03   2.8425E-04   2.6351E-03   1.0512E-01
   1.0189E-01   9.8352E-02   1.0229E-01  -2.0018E-03  -1.5857E-03   1.0281E-01
   1.0525E-01   4.3138E-01   4.3077E-01   4.3643E-01   4.3496E-01   4.3628E-01
   4.3140E-01   2.4720E-01   2.4942E-01   2.4317E-01   2.4746E-01   2.4038E-01
   9.1603E-02   8.9036E-02   1.3895E-03   1.7701E-03   8.9229E-04  -2.5597E-01
  -3.9354E-01  -2.6239E-01  -4.0057E-01  -2.4703E-01  -2.9896E-01  -2.5124E-01
  -2.9936E-01  -3.2527E-01  -3.9347E-01  -3.2763E-01  -3.9512E-01  -3.2186E-01
  -3.8905E-01  -2.4383E-01  -2.8038E-01  -2.4261E-01  -2.8130E-01  -2.5341E-01
  -2.8857E-01  -2.5450E-01  -2.8296E-01  -8.6799E-02  -9.5542E-02  -8.5564E-02
  -9.3469E-02  -1.0800E-01  -1.1378E-01  -1.0532E-01  -1.1014E-01  -1.0624E-01
  -1.1344E-01  -1.1291E-01  -1.3435E-01  -1.1341E-01  -1.3625E-01  -1.1280E-01
  -1.3640E-01  -5.7797E-02  -5.4761E-02  -5.8971E-02  -5.2193E-02  -9.8845E-02
  -1.0330E-01  -9.5602E-02  -1.0280E-01  -1.6466E-01  -1.9562E-01  -1.6776E-01
  -2.0187E-01  -1.6644E-01  -1.9704E-01   5.2644E-03   4.2556E-03   4.9599E-03
   3.9581E-03  -7.6836E-03  -1.8730E-02  -9.0019E-03  -1.8824E-02  -8.8881E-03
  -1.8961E-02  -3.0731E-02  -3.6693E-02  -3.2613E-02  -3.8928E-02  -3.0620E-02
  -3.7338E-02  -4.3339E-03   1.0190E-03  -9.9091E-04   4.5250E-03  -4.3270E-02
  -5.8838E-02  -4.3219E-02  -5.8180E-02  -8.2678E-05   5.9055E-03  -4.3153E-02
  -6.0860E-02  -2.1106E-01  -2.6377E-01  -2.1154E-01  -2.6589E-01  -2.1149E-01
  -2.6380E-01  -1.0937E-01  -1.3193E-01  -1.0774E-01  -1.2646E-01  -1.1208E-01
  -1.2468E-01  -3.5730E-02  -5.7704E-02  -3.6692E-02  -5.4239E-02  -4.8455E-03
   3.4084E-03  -3.8960E-03   2.0991E-03
  > E    =  -9.159193587173E+02 +/-   3.488885402339E-04
  > varE =   1.218400677915E-02
* Computing derivatives.
    [walltime: 1m11s elapsed, 1h16m remaining]
    [walltime: 1h elapsed, 16m20s remaining]
  Done. [total walltime: 1h16m]
* Optimizing manipulation constant:
  #igrid a___________ E____________________________________ varE____________
     1     Infinity    -9.15919359E+02 +/-   3.48888540E-04   1.21840068E-02
     2     1.0000E+06  -9.15919359E+02 +/-   3.48888538E-04   1.21840066E-02
     3     2.1544E+05  -9.15919359E+02 +/-   3.48888530E-04   1.21840061E-02
     4     4.6416E+04  -9.15919359E+02 +/-   3.48888492E-04   1.21840034E-02
     5     1.0000E+04  -9.15919359E+02 +/-   3.48888317E-04   1.21839912E-02
     6     2.1544E+03  -9.15919359E+02 +/-   3.48887503E-04   1.21839343E-02
     7     4.6416E+02  -9.15919359E+02 +/-   3.48883739E-04   1.21836715E-02
     8     1.0000E+02  -9.15919360E+02 +/-   3.48866546E-04   1.21824706E-02
     9     2.1544E+01  -9.15919364E+02 +/-   3.48792248E-04   1.21772822E-02
    10     4.6416E+00  -9.15919378E+02 +/-   3.48535074E-04   1.21593315E-02
    11     1.0000E+00  -9.15919405E+02 +/-   3.48063666E-04   1.21264618E-02
    12     2.1544E-01  -9.15919421E+02 +/-   3.47768136E-04   1.21058782E-02
    13     4.6416E-02  -9.15919423E+02 +/-   3.47704133E-04   1.21014226E-02
    14     1.0000E-02  -9.15919422E+02 +/-   3.47695163E-04   1.21007983E-02
    15     2.1544E-03  -9.15919422E+02 +/-   3.47693666E-04   1.21006941E-02
    16     4.6416E-04  -9.15919422E+02 +/-   3.47693367E-04   1.21006733E-02
    17     1.0000E-04  -9.15919422E+02 +/-   3.47693304E-04   1.21006689E-02
    18     2.1544E-05  -9.15919422E+02 +/-   3.47693291E-04   1.21006679E-02
    19     4.6416E-06  -9.15919422E+02 +/-   3.47693288E-04   1.21006677E-02
    20     1.0000E-06  -9.15919422E+02 +/-   3.47693287E-04   1.21006677E-02
    21     0.0000E+00  -9.15919422E+02 +/-   3.47693287E-04   1.21006677E-02
* Iteration # 1: E =  -9.159194226146E+02 +/-   3.477041326365E-04
* Reached maximum number of iterations: exiting.
* After optimization:
  -4.7550E+00  -4.7814E+00  -4.7764E+00  -4.7625E+00  -4.7673E+00  -4.7562E+00
   8.2817E-01   8.3084E-01   8.2110E-01   5.9226E-01   5.9577E-01   5.9009E-01
   5.8661E-01   8.1537E-01   8.0676E-01   8.1717E-01   8.0610E-01   8.2079E-01
   8.1252E-01   5.5062E-01   5.5028E-01   5.5340E-01   5.1634E-01   5.2054E-01
   5.2031E-01   1.8344E-01   1.9189E-01   1.8861E-01   2.2267E-01   2.1878E-01
   2.2177E-01   2.2727E-01   2.1994E-01   2.2323E-01   2.3617E-01   2.3900E-01
   2.3664E-01   2.4076E-01   2.4210E-01   2.3751E-01   1.0718E-01   1.1078E-01
   1.8965E-01   1.8948E-01   1.9062E-01   3.5433E-01   3.5130E-01   3.5180E-01
   3.5828E-01   3.5540E-01   3.5870E-01  -8.1165E-03  -1.2829E-02  -9.3164E-03
  -4.4167E-03   2.5791E-02   2.7261E-02   3.1226E-02   2.8374E-02   2.3785E-02
   2.5437E-02   7.3602E-02   7.2406E-02   6.6056E-02   6.6576E-02   6.8322E-02
   6.8705E-02   1.4661E-03   4.7228E-05   2.3428E-04   1.3937E-03   1.0686E-01
   1.0287E-01   9.9043E-02   1.0214E-01   6.2201E-03   6.0704E-03   1.0142E-01
   1.0368E-01   4.4207E-01   4.4194E-01   4.3778E-01   4.3520E-01   4.3515E-01
   4.3341E-01   2.3950E-01   2.4355E-01   2.5039E-01   2.4676E-01   2.4631E-01
   8.8732E-02   9.5194E-02  -2.8265E-05  -2.3998E-04   9.6922E-04  -2.6275E-01
  -3.9929E-01  -2.6684E-01  -3.8753E-01  -2.5333E-01  -2.9803E-01  -2.4700E-01
  -2.9886E-01  -3.3492E-01  -3.9009E-01  -3.2779E-01  -3.9334E-01  -3.3101E-01
  -3.9677E-01  -2.4285E-01  -2.7902E-01  -2.4563E-01  -2.7574E-01  -2.5473E-01
  -2.8057E-01  -2.5927E-01  -2.7814E-01  -8.5963E-02  -8.7750E-02  -8.8955E-02
  -9.5604E-02  -1.0866E-01  -1.1485E-01  -1.1276E-01  -1.1459E-01  -1.1206E-01
  -1.0966E-01  -1.1246E-01  -1.3493E-01  -1.1676E-01  -1.3326E-01  -1.1336E-01
  -1.3543E-01  -5.8616E-02  -5.0453E-02  -5.9891E-02  -5.3884E-02  -9.6049E-02
  -1.0232E-01  -9.7822E-02  -1.0233E-01  -1.6938E-01  -1.9774E-01  -1.7314E-01
  -1.9592E-01  -1.7067E-01  -1.9874E-01   4.1406E-03   5.4422E-03   4.0128E-03
   3.6133E-03  -1.0763E-02  -1.8979E-02  -1.3068E-02  -2.1009E-02  -7.7475E-03
  -1.8727E-02  -3.4988E-02  -3.6743E-02  -3.0500E-02  -3.4780E-02  -3.2664E-02
  -3.4764E-02  -3.7287E-03   5.5011E-03  -2.2358E-03   4.6791E-03  -4.6037E-02
  -5.8504E-02  -4.3376E-02  -5.6523E-02  -5.6714E-03   4.0696E-03  -4.3872E-02
  -5.7872E-02  -2.1707E-01  -2.6611E-01  -2.1053E-01  -2.6647E-01  -2.1736E-01
  -2.5864E-01  -1.0890E-01  -1.2486E-01  -1.1917E-01  -1.2517E-01  -1.1595E-01
  -1.2463E-01  -3.8088E-02  -5.3907E-02  -4.2962E-02  -5.2869E-02  -4.6786E-03
   3.9501E-03  -3.5836E-03   4.0938E-03
  > Energy =  -9.159194226146E+02 +/-   3.477041326365E-04
  > varE =   1.210142260898E-02

VMC #6:
* Size of Hilbert space =   7.3125E+12
* Number of equil. steps   = 1000
* Running VMC equilibration.
  Done. [total walltime: 0.02s]
* Equil. acc.ratio (%)     =  16.9895
* Sample config after equilibration:
  [draw: system geometry not defined]
* Number of accum. steps   = 500480 x 10
* Running VMC accumulation.
    [walltime: 1m elapsed, 9m2s remaining]
  Done. [total walltime: 10m8s]
* Acceptance ratio (%)     =  16.9653
* Etot/t                   =  -9.159189532146E+02 +/-   1.566224298156E-04
  > Ttot/t                 =  -9.556229324949E+01 +/-   1.217997500331E-03
  > Utot/t                 =   4.254812828391E+01 +/-   1.210238683308E-03
* var[Eloc/t]              =   1.214396100496E-02 +/-   5.266352812076E-05
* Correlation length       =   1.010960710159E+00
* log10 Psi^2 range: -38.869920763270528 -- -28.215644416472692
* log10 Pgen range : -38.869920763270528 -- -28.215644416472692
* Site occupation (ave. no. electrons per config.):
  > Site_  ___eu____  ___ed____
      1        0.500      0.499
      2        0.497      0.498
      3        0.498      0.494
      4        0.500      0.498
      5        0.501      0.503
      6        0.499      0.502
      7        0.500      0.501
      8        0.498      0.499
      9        0.497      0.501
     10        0.498      0.499
     11        0.500      0.501
     12        0.501      0.502
     13        0.500      0.499
     14        0.500      0.502
     15        0.502      0.501
     16        0.501      0.497
     17        0.497      0.499
     18        0.502      0.502
     19        0.504      0.500
     20        0.503      0.501
     21        0.501      0.504
     22        0.503      0.498
     23        0.499      0.498
     24        0.499      0.503
* Pair-correlation analysis (ave. no. pairs per config.):
  > Shell  nsite  ___dh____  __eueu___  __eued___
      0      1        0          0          4.451
      1      0        0.898      0.678      2.470
      2      0        0.447      0.335      1.238
      3      0        0.688      1.154      2.226
      4      0        0.345      0.580      1.112
      5      0        0.556      1.412      2.125
      6      0        0.564      1.410      2.123
      7      0        0.557      1.420      2.124
      8      0        0.573      1.432      2.111
      9      0        0.290      0.713      1.053
     10      0        0.130      1.017      0.985
     11      0        0.257      2.041      1.970
     12      0        0.168      0.920      1.031
     13      0        0.338      1.845      2.057
     14      0        0.317      1.830      2.106
     15      0        0.316      1.833      2.099
     16      0        0.315      1.828      2.103
     17      0        0.290      2.060      1.948
     18      0        0.290      2.059      1.943
     19      0        0.286      2.062      1.949
     20      0        0.079      0.486      0.505
     21      0        0.159      0.970      1.007
     22      0        0.147      1.014      0.987
     23      0        0.291      2.030      1.980
     24      0        0.263      2.092      1.946
     25      0        0.267      2.085      1.938
     26      0        0.267      2.085      1.945
     27      0        0.149      1.001      0.995
     28      0        0.298      2.001      1.983
     29      0        0.273      2.028      1.982
     30      0        0.272      2.028      1.981
     31      0        0.274      2.027      1.985
     32      0        0.274      2.026      1.968
     33      0        0.270      2.027      1.978
     34      0        0.274      2.022      1.973
     35      0        0.286      1.940      2.029
     36      0        0.285      1.943      2.035
     37      0        0.270      1.991      2.022
     38      0        0.276      1.991      2.012
     39      0        0.284      1.938      2.039
     40      0        0.277      1.992      2.016
     41      0        0.258      2.101      1.935
     42      0        0.257      2.112      1.938
     43      0        0.257      2.108      1.929
     44      0        0.260      1.953      2.055
     45      0        0.261      1.946      2.054
     46      0        0.262      1.949      2.053
     47      0        0.127      1.022      0.989
     48      0        0.253      2.045      1.969
     49      0        0.130      0.988      1.015
     50      0        0.259      1.977      2.027
     51      0        0.275      2.009      1.993
     52      0        0.274      2.013      2.001
     53      0        0.274      2.008      1.998
     54      0        0.276      2.006      1.989
     55      0        0.277      2.008      1.986
     56      0        0.249      1.993      2.030
     57      0        0.256      2.024      1.992
     58      0        0.255      2.022      1.987
     59      0        0.276      2.004      1.982
     60      0        0.253      2.026      1.992
     61      0        0.124      1.000      1.018
     62      0        0.309      1.990      1.959
     63      0        0.280      1.991      2.007
     64      0        0.281      1.989      2.010
     65      0        0.279      1.986      2.009
     66      0        0.156      0.995      0.976
     67      0        0.290      1.982      2.016
     68      0        0.295      1.981      2.011
     69      0        0.292      1.978      2.017
     70      0        0.128      1.000      1.006
     71      0        0.281      1.985      2.006
     72      0        0.126      1.006      1.007
     73      0        0.122      1.003      1.010
     74      0        0.275      1.982      2.005
     75      0        0.278      1.984      2.002
     76      0        0.079      0.489      0.497
     77      0        0.155      0.979      0.993
     78      0        0.253      2.015      2.008
     79      0        0.128      1.003      0.997

Optimization #6:
* Method          : lls
* Target function : energy
* No. of configs. : 100096
* No. of params.  : 195
* Before optimization:
  -4.7550E+00  -4.7814E+00  -4.7764E+00  -4.7625E+00  -4.7673E+00  -4.7562E+00
   8.2817E-01   8.3084E-01   8.2110E-01   5.9226E-01   5.9577E-01   5.9009E-01
   5.8661E-01   8.1537E-01   8.0676E-01   8.1717E-01   8.0610E-01   8.2079E-01
   8.1252E-01   5.5062E-01   5.5028E-01   5.5340E-01   5.1634E-01   5.2054E-01
   5.2031E-01   1.8344E-01   1.9189E-01   1.8861E-01   2.2267E-01   2.1878E-01
   2.2177E-01   2.2727E-01   2.1994E-01   2.2323E-01   2.3617E-01   2.3900E-01
   2.3664E-01   2.4076E-01   2.4210E-01   2.3751E-01   1.0718E-01   1.1078E-01
   1.8965E-01   1.8948E-01   1.9062E-01   3.5433E-01   3.5130E-01   3.5180E-01
   3.5828E-01   3.5540E-01   3.5870E-01  -8.1165E-03  -1.2829E-02  -9.3164E-03
  -4.4167E-03   2.5791E-02   2.7261E-02   3.1226E-02   2.8374E-02   2.3785E-02
   2.5437E-02   7.3602E-02   7.2406E-02   6.6056E-02   6.6576E-02   6.8322E-02
   6.8705E-02   1.4661E-03   4.7228E-05   2.3428E-04   1.3937E-03   1.0686E-01
   1.0287E-01   9.9043E-02   1.0214E-01   6.2201E-03   6.0704E-03   1.0142E-01
   1.0368E-01   4.4207E-01   4.4194E-01   4.3778E-01   4.3520E-01   4.3515E-01
   4.3341E-01   2.3950E-01   2.4355E-01   2.5039E-01   2.4676E-01   2.4631E-01
   8.8732E-02   9.5194E-02  -2.8265E-05  -2.3998E-04   9.6922E-04  -2.6275E-01
  -3.9929E-01  -2.6684E-01  -3.8753E-01  -2.5333E-01  -2.9803E-01  -2.4700E-01
  -2.9886E-01  -3.3492E-01  -3.9009E-01  -3.2779E-01  -3.9334E-01  -3.3101E-01
  -3.9677E-01  -2.4285E-01  -2.7902E-01  -2.4563E-01  -2.7574E-01  -2.5473E-01
  -2.8057E-01  -2.5927E-01  -2.7814E-01  -8.5963E-02  -8.7750E-02  -8.8955E-02
  -9.5604E-02  -1.0866E-01  -1.1485E-01  -1.1276E-01  -1.1459E-01  -1.1206E-01
  -1.0966E-01  -1.1246E-01  -1.3493E-01  -1.1676E-01  -1.3326E-01  -1.1336E-01
  -1.3543E-01  -5.8616E-02  -5.0453E-02  -5.9891E-02  -5.3884E-02  -9.6049E-02
  -1.0232E-01  -9.7822E-02  -1.0233E-01  -1.6938E-01  -1.9774E-01  -1.7314E-01
  -1.9592E-01  -1.7067E-01  -1.9874E-01   4.1406E-03   5.4422E-03   4.0128E-03
   3.6133E-03  -1.0763E-02  -1.8979E-02  -1.3068E-02  -2.1009E-02  -7.7475E-03
  -1.8727E-02  -3.4988E-02  -3.6743E-02  -3.0500E-02  -3.4780E-02  -3.2664E-02
  -3.4764E-02  -3.7287E-03   5.5011E-03  -2.2358E-03   4.6791E-03  -4.6037E-02
  -5.8504E-02  -4.3376E-02  -5.6523E-02  -5.6714E-03   4.0696E-03  -4.3872E-02
  -5.7872E-02  -2.1707E-01  -2.6611E-01  -2.1053E-01  -2.6647E-01  -2.1736E-01
  -2.5864E-01  -1.0890E-01  -1.2486E-01  -1.1917E-01  -1.2517E-01  -1.1595E-01
  -1.2463E-01  -3.8088E-02  -5.3907E-02  -4.2962E-02  -5.2869E-02  -4.6786E-03
   3.9501E-03  -3.5836E-03   4.0938E-03
  > E    =  -9.159189232864E+02 +/-   3.508825064356E-04
  > varE =   1.232367271145E-02
* Computing derivatives.
    [walltime: 1m11s elapsed, 1h16m remaining]
    [walltime: 1h elapsed, 16m35s remaining]
  Done. [total walltime: 1h16m]
* Optimizing manipulation constant:
  #igrid a___________ E____________________________________ varE____________
     1     Infinity    -9.15918923E+02 +/-   3.50882506E-04   1.23236727E-02
     2     1.0000E+06  -9.15918923E+02 +/-   3.50882505E-04   1.23236726E-02
     3     2.1544E+05  -9.15918923E+02 +/-   3.50882502E-04   1.23236724E-02
     4     4.6416E+04  -9.15918923E+02 +/-   3.50882485E-04   1.23236712E-02
     5     1.0000E+04  -9.15918923E+02 +/-   3.50882409E-04   1.23236658E-02
     6     2.1544E+03  -9.15918923E+02 +/-   3.50882053E-04   1.23236408E-02
     7     4.6416E+02  -9.15918923E+02 +/-   3.50880409E-04   1.23235254E-02
     8     1.0000E+02  -9.15918924E+02 +/-   3.50872950E-04   1.23230014E-02
     9     2.1544E+01  -9.15918926E+02 +/-   3.50841677E-04   1.23208049E-02
    10     4.6416E+00  -9.15918933E+02 +/-   3.50747343E-04   1.23141801E-02
    11     1.0000E+00  -9.15918946E+02 +/-   3.50658724E-04   1.23079584E-02
    12     2.1544E-01  -9.15918950E+02 +/-   3.50730857E-04   1.23130226E-02
    13     4.6416E-02  -9.15918948E+02 +/-   3.50804426E-04   1.23181886E-02
    14     1.0000E-02  -9.15918947E+02 +/-   3.50827541E-04   1.23198120E-02
    15     2.1544E-03  -9.15918947E+02 +/-   3.50832949E-04   1.23201918E-02
    16     4.6416E-04  -9.15918947E+02 +/-   3.50834134E-04   1.23202751E-02
    17     1.0000E-04  -9.15918947E+02 +/-   3.50834391E-04   1.23202931E-02
    18     2.1544E-05  -9.15918947E+02 +/-   3.50834446E-04   1.23202970E-02
    19     4.6416E-06  -9.15918947E+02 +/-   3.50834458E-04   1.23202978E-02
    20     1.0000E-06  -9.15918947E+02 +/-   3.50834460E-04   1.23202980E-02
    21     0.0000E+00  -9.15918947E+02 +/-   3.50834461E-04   1.23202981E-02
* Iteration # 1: E =  -9.159189499607E+02 +/-   3.507308567345E-04
* Reached maximum number of iterations: exiting.
* After optimization:
  -4.7470E+00  -4.7741E+00  -4.7734E+00  -4.7541E+00  -4.7585E+00  -4.7452E+00
   8.2751E-01   8.2818E-01   8.2546E-01   5.9052E-01   5.9682E-01   5.9527E-01
   5.8429E-01   8.1546E-01   8.0473E-01   8.1807E-01   8.0827E-01   8.1852E-01
   8.0826E-01   5.5019E-01   5.4986E-01   5.5347E-01   5.2150E-01   5.1806E-01
   5.2004E-01   1.8712E-01   1.8853E-01   1.9014E-01   2.1860E-01   2.1389E-01
   2.1667E-01   2.2150E-01   2.1792E-01   2.2478E-01   2.3459E-01   2.3844E-01
   2.3679E-01   2.4316E-01   2.4279E-01   2.3664E-01   1.1076E-01   1.1005E-01
   1.8928E-01   1.9033E-01   1.9106E-01   3.5372E-01   3.5111E-01   3.5066E-01
   3.5577E-01   3.5261E-01   3.5606E-01  -5.3929E-03  -7.3081E-03  -8.6139E-03
  -6.0722E-03   2.3388E-02   2.5974E-02   2.9667E-02   2.5880E-02   2.2395E-02
   2.2668E-02   6.9873E-02   7.0495E-02   6.9540E-02   6.9449E-02   6.7772E-02
   6.7477E-02   1.2608E-03   1.7802E-03  -4.8877E-04  -1.7112E-03   1.0485E-01
   1.0132E-01   9.9112E-02   1.0299E-01   3.1617E-03   4.7111E-03   1.0272E-01
   1.0477E-01   4.4065E-01   4.3663E-01   4.3926E-01   4.3384E-01   4.3536E-01
   4.3395E-01   2.4438E-01   2.4640E-01   2.4605E-01   2.4782E-01   2.4519E-01
   8.9951E-02   9.3655E-02   1.9723E-05   1.2574E-03   4.5782E-04  -2.6469E-01
  -3.9738E-01  -2.6679E-01  -3.9334E-01  -2.5069E-01  -3.0009E-01  -2.4765E-01
  -2.9653E-01  -3.3002E-01  -3.9165E-01  -3.2982E-01  -3.9246E-01  -3.2621E-01
  -3.9453E-01  -2.4257E-01  -2.8044E-01  -2.4583E-01  -2.7968E-01  -2.6028E-01
  -2.8119E-01  -2.5701E-01  -2.8336E-01  -8.6394E-02  -9.1546E-02  -8.7965E-02
  -9.4400E-02  -1.0491E-01  -1.1187E-01  -1.0691E-01  -1.1353E-01  -1.1054E-01
  -1.1191E-01  -1.1212E-01  -1.3383E-01  -1.1510E-01  -1.3547E-01  -1.1207E-01
  -1.3570E-01  -5.7638E-02  -5.3142E-02  -5.9412E-02  -5.5333E-02  -9.4605E-02
  -1.0236E-01  -9.6525E-02  -1.0411E-01  -1.6814E-01  -1.9975E-01  -1.6908E-01
  -1.9671E-01  -1.6999E-01  -2.0021E-01   3.5103E-03   3.1230E-03   4.1240E-03
   3.9380E-03  -8.2594E-03  -1.8273E-02  -1.1464E-02  -1.9630E-02  -6.9809E-03
  -1.8709E-02  -3.2887E-02  -3.6157E-02  -3.2498E-02  -3.7917E-02  -3.2323E-02
  -3.4620E-02  -3.3790E-03   4.7322E-03  -2.2723E-03   5.7001E-03  -4.5163E-02
  -5.8806E-02  -4.4220E-02  -5.8635E-02  -5.2570E-03   4.3011E-03  -4.4206E-02
  -5.9356E-02  -2.1391E-01  -2.6732E-01  -2.1437E-01  -2.6488E-01  -2.1503E-01
  -2.6098E-01  -1.1299E-01  -1.2311E-01  -1.1198E-01  -1.2519E-01  -1.1279E-01
  -1.2456E-01  -4.0645E-02  -5.2632E-02  -4.2569E-02  -5.3768E-02  -3.7450E-03
   4.1339E-03  -2.4680E-03   3.9218E-03
  > Energy =  -9.159189499607E+02 +/-   3.507308567345E-04
  > varE =   1.231302255143E-02

VMC #7:
* Size of Hilbert space =   7.3125E+12
* Number of equil. steps   = 1000
* Running VMC equilibration.
  Done. [total walltime: 0.02s]
* Equil. acc.ratio (%)     =  17.0453
* Sample config after equilibration:
  [draw: system geometry not defined]
* Number of accum. steps   = 500480 x 10
* Running VMC accumulation.
    [walltime: 1m elapsed, 9m8s remaining]
  Done. [total walltime: 10m4s]
* Acceptance ratio (%)     =  16.9641
* Etot/t                   =  -9.159190230626E+02 +/-   1.581336994232E-04
  > Ttot/t                 =  -9.556086799757E+01 +/-   1.234563908591E-03
  > Utot/t                 =   4.254663318402E+01 +/-   1.229672529624E-03
* var[Eloc/t]              =   1.221769443535E-02 +/-   4.785884671492E-05
* Correlation length       =   1.024345184025E+00
* log10 Psi^2 range: -39.487701677133160 -- -28.174990942941928
* log10 Pgen range : -39.487701677133160 -- -28.174990942941928
* Site occupation (ave. no. electrons per config.):
  > Site_  ___eu____  ___ed____
      1        0.499      0.500
      2        0.497      0.498
      3        0.498      0.496
      4        0.496      0.497
      5        0.501      0.501
      6        0.500      0.500
      7        0.501      0.500
      8        0.499      0.497
      9        0.499      0.501
     10        0.498      0.502
     11        0.501      0.501
     12        0.501      0.502
     13        0.502      0.499
     14        0.500      0.502
     15        0.502      0.498
     16        0.498      0.500
     17        0.500      0.499
     18        0.502      0.503
     19        0.501      0.500
     20        0.501      0.502
     21        0.503      0.502
     22        0.502      0.502
     23        0.498      0.497
     24        0.503      0.502
* Pair-correlation analysis (ave. no. pairs per config.):
  > Shell  nsite  ___dh____  __eueu___  __eued___
      0      1        0          0          4.460
      1      0        0.894      0.678      2.477
      2      0        0.445      0.337      1.237
      3      0        0.695      1.155      2.222
      4      0        0.349      0.575      1.109
      5      0        0.561      1.414      2.120
      6      0        0.561      1.411      2.116
      7      0        0.562      1.418      2.125
      8      0        0.573      1.436      2.112
      9      0        0.291      0.714      1.052
     10      0        0.129      1.019      0.984
     11      0        0.256      2.043      1.976
     12      0        0.172      0.920      1.028
     13      0        0.338      1.840      2.055
     14      0        0.315      1.834      2.113
     15      0        0.318      1.831      2.098
     16      0        0.319      1.831      2.097
     17      0        0.290      2.058      1.943
     18      0        0.291      2.063      1.947
     19      0        0.290      2.065      1.945
     20      0        0.080      0.486      0.505
     21      0        0.157      0.972      1.010
     22      0        0.150      1.014      0.985
     23      0        0.297      2.027      1.979
     24      0        0.265      2.091      1.943
     25      0        0.267      2.083      1.944
     26      0        0.269      2.088      1.947
     27      0        0.148      1.004      0.991
     28      0        0.302      2.005      1.976
     29      0        0.271      2.030      1.981
     30      0        0.274      2.028      1.984
     31      0        0.275      2.029      1.985
     32      0        0.274      2.018      1.970
     33      0        0.273      2.031      1.978
     34      0        0.275      2.016      1.982
     35      0        0.287      1.935      2.036
     36      0        0.288      1.949      2.031
     37      0        0.275      1.992      2.016
     38      0        0.276      1.992      2.011
     39      0        0.287      1.936      2.028
     40      0        0.277      1.992      2.018
     41      0        0.260      2.106      1.933
     42      0        0.258      2.103      1.935
     43      0        0.256      2.104      1.938
     44      0        0.262      1.954      2.054
     45      0        0.264      1.946      2.047
     46      0        0.265      1.951      2.052
     47      0        0.127      1.024      0.991
     48      0        0.253      2.042      1.973
     49      0        0.131      0.989      1.011
     50      0        0.260      1.980      2.028
     51      0        0.275      2.007      1.997
     52      0        0.277      2.014      2.003
     53      0        0.276      2.006      1.998
     54      0        0.280      2.008      1.986
     55      0        0.278      1.999      1.982
     56      0        0.249      1.997      2.025
     57      0        0.254      2.027      1.998
     58      0        0.254      2.022      1.990
     59      0        0.278      2.003      1.984
     60      0        0.251      2.026      2.000
     61      0        0.126      1.001      1.017
     62      0        0.311      1.990      1.951
     63      0        0.280      1.991      2.009
     64      0        0.282      1.991      2.011
     65      0        0.280      1.988      2.008
     66      0        0.155      0.998      0.978
     67      0        0.291      1.981      2.023
     68      0        0.295      1.971      2.014
     69      0        0.292      1.976      2.024
     70      0        0.127      1.001      1.006
     71      0        0.279      1.985      2.001
     72      0        0.125      1.008      1.010
     73      0        0.125      1.001      1.008
     74      0        0.278      1.985      2.001
     75      0        0.277      1.985      2.005
     76      0        0.078      0.487      0.495
     77      0        0.156      0.978      0.996
     78      0        0.254      2.013      2.009
     79      0        0.126      1.005      0.999

VDAGGER finished.
Total VDAGGER walltime: 14h12m

Run ended: Mon Oct 27 17:45:15 CET 2025
