Run started: Tue Nov  4 18:33:42 CET 2025
Using VDAGGER_ARCH = gnu7_fkfamd_cluster
Running 1x128 MPI processes.

                               xx
                              +##
                               #X
                               Xx
                          X##XxXxxX##x
                           +   Xx  ++
                               ##
                              +##
                              +##
     ++++         ++          +##
   xX+++##+      ####         +##
  Xx    ###      +X##          ##
 xX    X##+        ##          #X
 +    x##X         #x          #X
      ###         +#           x+
     X##+         #+
     ###         Xx                    _______
     ##X       +X+   __________________VDAGGER
     +##x    +xX     2nd quantized variational
       +xxxxx+       ______quantum Monte Carlo

* Running 128 MPI processes.
* Input file: "input.casl"

############# Start of input file dump #############
General:
  Random seed: timer

Plan:
  VMC-optimization:
    Minimum cycles: 7
    Convergence cycles: 5

System:
  Read Hamiltonian: FCIDUMP_loc
  Read orbitals: LTSC.mat
  Complex orbitals: F

VMC:
  nstep: 500000
  nconfig: 150000

Jastrow: wfn.casl
############## End of input file dump ##############

General setup:
* Random seed: 473348658 (from timer)

* Loaded integrals for system with nelec=24, ms2=0, norb=24
* INFO: setting number of electrons from integrals file.
* Analysis of Hamiltonian connecitivity performed:
  - T_ii (local, 1-site): 24 (i) values
  - U_iiii [opp] (local, 1-site): 24 (i) values
  - U_kkii [opp] (local, 2-site): 552 contribs. from 24 (i) values
  - U_kkii [par] (local, 2-site): 276 contribs. from 23 (i) values
  - T_ji (single, 2-site): 552 contribs. from 24 (i) values
  - U_kkji [opp] (single, 2/3-site): 13248 contribs. from 552 (i,j) pairs
  - U_kkji [par] (single, 3-site): 12696 contribs. from 552 (i,j) pairs
  - U_lkji [opp] (double, 2/3/4-site): 304704 contribs. from 552 (i,j) pairs
  - U_lkji [par] (double, 4-site): 71852 contribs. from 506 (i,j) pairs
  - Max. no. wfn. ratios in Eloc: 24357
* Reading override orbitals from file "LTSC.mat".
* Site labels:
  [draw_int: system geometry not defined]
* Automatically set Site kinds:
  [ 1, 2, 3, 2, 4, 1, 5, 3, 6, 1, 5, 5, 5, 5, 6, 1, 3, 4, 5, 5, 4, 5, 3, 4 ]
  [draw_int: system geometry not defined]
* Maximum Site kind: 6
* Number of site-pair kinds with Tij=0: 0
* Automatically set Site pair kinds:
  Site 1: [ 0, -68, 69, -17, -26, 22, -65, 18, -8, 9, -38, -25, 16, 29, 23, 21, -28, 40, 53, -51, -31, 15, 3, 64 ]
  Site 2: [ -68, 0, 62, 76, -71, -68, 32, 13, -27, 17, -55, 39, 32, 6, 4, 17, -13, -42, -6, -39, -71, -55, -62, -42 ]
  Site 3: [ 69, 62, 0, 13, -36, -3, -43, -77, 19, -28, -41, 74, 59, -75, 67, -18, 12, -54, -35, -5, 7, -34, 66, 33 ]
  Site 4: [ -17, 76, 13, 0, 42, -17, 39, 62, 4, 68, -6, 32, 39, 55, -27, 68, -62, 71, -55, -32, 42, -6, -13, 71 ]
  Site 5: [ -26, -71, -36, 42, 0, -31, -50, -33, 14, 40, 44, 11, 46, 57, 52, 64, -54, 61, 78, 60, -47, -1, -7, -72 ]
  Site 6: [ 22, -68, -3, -17, -31, 0, 16, 28, -8, 21, 15, 51, -65, -53, 23, 9, -18, 64, -29, 25, -26, -38, -69, 40 ]
  Site 7: [ -65, 32, -43, 39, -50, 16, 0, 74, -30, -51, -48, 73, 79, 56, -37, 25, -5, 60, 45, 2, 46, -58, -59, -11 ]
  Site 8: [ 18, 13, -77, 62, -33, 28, 74, 0, 67, 3, 75, -43, 5, 41, 19, -69, 66, -7, -34, -59, 54, -35, 12, 36 ]
  Site 9: [ -8, -27, 19, 4, 14, -8, -30, 67, 0, -23, -24, -37, -30, 63, -20, -23, -67, -52, -63, 37, 14, -24, -19, -52 ]
  Site 10: [ 9, 17, -28, 68, 40, 21, -51, 3, -23, 0, -53, -16, 25, 15, 8, 22, 69, -26, 38, -65, 64, 29, 18, -31 ]
  Site 11: [ -38, -55, -41, -6, 44, 15, -48, 75, -24, -53, 0, -56, -58, -70, -63, 29, 35, -78, -49, -45, -1, 10, 34, 57 ]
  Site 12: [ -25, 39, 74, 32, 11, 51, 73, -43, -37, -16, -56, 0, -2, 48, -30, 65, -59, -46, -58, -79, -60, 45, -5, 50 ]
  Site 13: [ 16, 32, 59, 39, 46, -65, 79, 5, -30, 25, -58, -2, 0, -45, -37, -51, -74, -11, -56, -73, -50, -48, 43, 60 ]
  Site 14: [ 29, 6, -75, 55, 57, -53, 56, 41, 63, 15, -70, 48, -45, 0, 24, -38, -34, -1, -10, -58, -78, 49, -35, 44 ]
  Site 15: [ 23, 4, 67, -27, 52, 23, -37, 19, -20, 8, -63, -30, -37, 24, 0, 8, -19, -14, -24, 30, 52, -63, -67, -14 ]
  Site 16: [ 21, 17, -18, 68, 64, 9, 25, -69, -23, 22, 29, 65, -51, -38, 8, 0, -3, -31, -15, 16, 40, -53, 28, -26 ]
  Site 17: [ -28, -13, 12, -62, -54, -18, -5, 66, -67, 69, 35, -59, -74, -34, -19, -3, 0, -36, 41, -43, 33, -75, -77, 7 ]
  Site 18: [ 40, -42, -54, 71, 61, 64, 60, -7, -52, -26, -78, -46, -11, -1, -14, -31, -36, 0, -44, -50, -72, 57, -33, -47 ]
  Site 19: [ 53, -6, -35, -55, 78, -29, 45, -34, -63, 38, -49, -58, -56, -10, -24, -15, 41, -44, 0, 48, -57, 70, -75, 1 ]
  Site 20: [ -51, -39, -5, -32, 60, 25, 2, -59, 37, -65, -45, -79, -73, -58, 30, 16, -43, -50, 48, 0, -11, 56, 74, 46 ]
  Site 21: [ -31, -71, 7, 42, -47, -26, 46, 54, 14, 64, -1, -60, -50, -78, 52, 40, 33, -72, -57, -11, 0, 44, 36, 61 ]
  Site 22: [ 15, -55, -34, -6, -1, -38, -58, -35, -24, 29, 10, 45, -48, 49, -63, -53, -75, 57, 70, 56, 44, 0, 41, -78 ]
  Site 23: [ 3, -62, 66, -13, -7, -69, -59, 12, -19, 18, 34, -5, 43, -35, -67, 28, -77, -33, -75, 74, 36, 41, 0, 54 ]
  Site 24: [ 64, -42, 33, 71, -72, 40, -11, 36, -52, -31, 57, 50, 60, 44, -14, -26, 7, -47, 1, 46, 61, -78, 54, 0 ]
  For site 1 of kind 1:
  [draw_int: system geometry not defined]
  For site 2 of kind 2:
  [draw_int: system geometry not defined]
  For site 3 of kind 3:
  [draw_int: system geometry not defined]
  For site 5 of kind 4:
  [draw_int: system geometry not defined]
  For site 7 of kind 5:
  [draw_int: system geometry not defined]
  For site 9 of kind 6:
  [draw_int: system geometry not defined]
* Maximum (unsigned) Site pair kind: 79
General system setup:
* Number of sites       : 24
* Number of electrons   : 24
* Spin imbalance MS2    : 0
* Filling               : 0.500000
* Number of orbitals in pool: 24
* Using real-valued orbitals
* Using double-precision arithmetic for orbitals

Trial wave function setup:
* Jastrow parameter file: "wfn.casl"
* Not using multideterminants
* Not using a backflow transformation
* Not using wave function manipulation

VMC #1:
* Size of Hilbert space =   7.3125E+12
* Number of equil. steps   = 1000
* Running VMC equilibration.
  Done. [total walltime: 0.02s]
* Equil. acc.ratio (%)     =  16.8855
* Sample config after equilibration:
  [draw: system geometry not defined]
* Number of accum. steps   = 600064 x 10
* Running VMC accumulation.
    [walltime: 1m elapsed, 11m51s remaining]
  Done. [total walltime: 12m44s]
* Acceptance ratio (%)     =  16.8449
* Etot/t                   =  -9.159211257592E+02 +/-   1.329262685572E-04
  > Ttot/t                 =  -9.555765095887E+01 +/-   1.109576963294E-03
  > Utot/t                 =   4.254131344875E+01 +/-   1.104026765796E-03
* var[Eloc/t]              =   1.049621863455E-02 +/-   3.479242344777E-05
* Correlation length       =   1.010151077624E+00
* log10 Psi^2 range: -46.837800432509866 -- -35.226102951538635
* log10 Pgen range : -46.837800432509866 -- -35.226102951538635
* Site occupation (ave. no. electrons per config.):
  > Site_  ___eu____  ___ed____
      1        0.500      0.499
      2        0.500      0.498
      3        0.497      0.497
      4        0.498      0.497
      5        0.500      0.502
      6        0.498      0.501
      7        0.502      0.500
      8        0.499      0.497
      9        0.500      0.500
     10        0.499      0.499
     11        0.503      0.501
     12        0.501      0.501
     13        0.502      0.501
     14        0.502      0.502
     15        0.498      0.501
     16        0.501      0.499
     17        0.498      0.497
     18        0.500      0.502
     19        0.501      0.501
     20        0.501      0.503
     21        0.501      0.502
     22        0.500      0.501
     23        0.498      0.499
     24        0.500      0.502
* Pair-correlation analysis (ave. no. pairs per config.):
  > Shell  nsite  ___dh____  __eueu___  __eued___
      0      1        0          0          4.457
      1      0        0.893      0.677      2.474
      2      0        0.449      0.338      1.235
      3      0        0.693      1.157      2.218
      4      0        0.347      0.579      1.112
      5      0        0.562      1.414      2.120
      6      0        0.560      1.415      2.126
      7      0        0.563      1.411      2.119
      8      0        0.577      1.428      2.110
      9      0        0.289      0.716      1.053
     10      0        0.129      1.021      0.984
     11      0        0.258      2.039      1.968
     12      0        0.169      0.920      1.031
     13      0        0.339      1.842      2.061
     14      0        0.318      1.829      2.103
     15      0        0.318      1.835      2.096
     16      0        0.319      1.828      2.101
     17      0        0.290      2.064      1.945
     18      0        0.290      2.059      1.946
     19      0        0.289      2.064      1.944
     20      0        0.079      0.489      0.503
     21      0        0.158      0.970      1.010
     22      0        0.149      1.016      0.984
     23      0        0.298      2.023      1.978
     24      0        0.266      2.089      1.946
     25      0        0.266      2.086      1.946
     26      0        0.265      2.081      1.950
     27      0        0.150      0.999      0.993
     28      0        0.299      2.001      1.982
     29      0        0.271      2.025      1.988
     30      0        0.274      2.030      1.981
     31      0        0.272      2.029      1.980
     32      0        0.274      2.023      1.978
     33      0        0.276      2.025      1.968
     34      0        0.273      2.018      1.980
     35      0        0.284      1.940      2.038
     36      0        0.286      1.942      2.029
     37      0        0.277      1.994      2.015
     38      0        0.272      1.992      2.019
     39      0        0.287      1.943      2.033
     40      0        0.273      1.996      2.011
     41      0        0.256      2.107      1.936
     42      0        0.258      2.108      1.937
     43      0        0.257      2.106      1.935
     44      0        0.258      1.951      2.053
     45      0        0.260      1.951      2.053
     46      0        0.261      1.949      2.053
     47      0        0.126      1.020      0.988
     48      0        0.253      2.042      1.975
     49      0        0.129      0.990      1.014
     50      0        0.262      1.977      2.025
     51      0        0.277      2.010      1.995
     52      0        0.274      2.008      1.999
     53      0        0.274      2.008      1.998
     54      0        0.273      2.004      1.990
     55      0        0.273      2.009      1.991
     56      0        0.254      1.998      2.019
     57      0        0.251      2.027      1.993
     58      0        0.250      2.026      1.999
     59      0        0.275      2.006      1.989
     60      0        0.251      2.024      1.998
     61      0        0.127      0.994      1.014
     62      0        0.301      2.003      1.968
     63      0        0.276      1.992      2.012
     64      0        0.279      1.993      2.004
     65      0        0.280      1.989      2.012
     66      0        0.151      1.003      0.979
     67      0        0.304      1.971      2.006
     68      0        0.302      1.974      2.009
     69      0        0.302      1.967      2.012
     70      0        0.126      1.008      1.003
     71      0        0.278      1.984      2.007
     72      0        0.125      1.006      1.003
     73      0        0.128      1.000      1.008
     74      0        0.278      1.981      2.008
     75      0        0.280      1.983      2.001
     76      0        0.077      0.493      0.496
     77      0        0.154      0.983      0.994
     78      0        0.252      2.004      2.012
     79      0        0.127      1.009      1.000

Optimization #1:
* Method          : lls
* Target function : energy
* No. of configs. : 150016
* No. of params.  : 298
* Before optimization:
  -5.9527E+00  -5.9584E+00  -5.9601E+00  -5.9438E+00  -5.9442E+00  -5.9517E+00
   9.8164E-01   9.8112E-01   9.5066E-01   5.1486E-01   5.1416E-01   7.9780E-01
   7.9688E-01   8.6462E-01   8.5387E-01   1.3003E+00   1.2905E+00   6.1026E-01
   6.0047E-01   5.7226E-01   5.7215E-01   4.4190E-01   1.2091E+00   3.8871E-01
   3.8819E-01   1.4521E-01   2.9731E-01   2.9759E-01   8.2448E-02   8.1746E-02
   4.8745E-01   4.8841E-01   2.0634E-01   2.0702E-01   3.1566E-01   3.1591E-01
   1.6481E-01   1.6540E-01   2.9636E-01   2.9595E-01   2.5271E-01  -1.1239E-02
   8.9719E-02   2.2182E-01   2.2176E-01   7.5587E-01   7.5697E-01   3.4380E-01
   3.4274E-01   8.8822E-02   8.7867E-02   1.4567E-01   1.4513E-01  -1.3980E-01
  -1.3930E-01   2.8276E-01   2.8181E-01   1.3247E-01   1.3243E-01  -2.5653E-01
  -2.5682E-01   2.3832E-01   2.3818E-01  -1.6775E-01  -1.6852E-01   3.6736E-01
   3.6698E-01   2.6457E-01   2.6478E-01  -2.7447E-01  -2.7478E-01   2.2171E-01
   2.2179E-01   3.7117E-01   3.7084E-01   1.3411E-01   1.3439E-01  -1.6391E-01
  -1.6413E-01   7.6220E-01   7.5867E-01   3.7739E-01   3.7350E-01   4.7836E-01
   4.7534E-01   3.8266E-01   3.8445E-01   6.3857E-01   1.0266E-01   9.9941E-02
  -3.3182E-01   4.6153E-01   5.6753E-01  -2.5440E-01  -2.5399E-01  -5.1021E-02
  -5.0691E-02  -1.7279E-01  -1.7258E-01   2.3234E-01   2.3190E-01  -3.5039E-01
  -3.5062E-01   3.4005E-01   3.4009E-01   3.7346E-01   6.5786E-02   6.5322E-02
   3.1829E-01  -9.6500E-02  -9.6699E-02  -2.1906E-01  -2.1885E-01  -4.1669E-01
   1.8951E-02   1.9141E-02   3.4172E-01   3.4234E-01  -3.2734E-01  -3.2768E-01
  -7.2790E-02  -7.3070E-02  -1.3459E-01   5.1627E-02   5.1747E-02   7.2068E-02
   7.1498E-02  -8.0984E-02  -8.1199E-02   5.6114E-01  -1.7774E-01  -1.7729E-01
  -5.1323E-01  -5.5479E-03  -7.7238E-02  -7.6985E-02   2.0652E-01   2.0648E-01
   1.2098E-01  -1.8451E-01   2.9936E-02   2.9617E-02  -6.7397E-01  -1.4657E-01
  -3.2773E-01  -4.6271E-01   1.6831E+00  -2.1551E+00  -1.7310E+00   9.8067E-01
   5.1249E-01  -1.2910E+00  -4.7152E+00   3.5060E+00   3.5642E+00  -4.0870E+00
   2.8032E-01  -8.1611E-01   1.8608E+00  -2.2638E+00  -7.1138E+00   5.8888E+00
   2.7344E+00  -3.1405E+00   1.6699E+00  -1.8113E+00  -1.6064E-01  -1.3224E-01
   2.3933E+00  -2.4737E+00  -2.4713E+00   1.9836E+00   9.2281E-01  -1.1282E+00
  -1.4132E-02  -3.1223E-01   1.8156E+00  -1.9910E+00   2.3458E-01  -5.3912E-01
  -1.1171E+00   8.6407E-01   2.0481E+00  -2.0348E+00   2.0079E+00  -2.1030E+00
   4.1618E-01  -6.4883E-01  -4.1201E+00   3.3506E+00   8.6136E-01  -1.2178E+00
   3.9131E+00  -4.0116E+00  -1.4558E+00   1.3107E+00   1.9598E+00  -1.8229E+00
  -2.3707E+00   2.0862E+00  -5.5535E-01   4.2286E-01   4.0802E+00  -3.8252E+00
  -1.0052E+00   7.6478E-01   3.8803E+00  -3.7120E+00  -2.5706E+00   2.2056E+00
  -2.5269E+00   2.2638E+00   3.9241E+00  -3.6502E+00  -5.9676E-01   3.7565E-01
  -2.4121E+00   2.0404E+00  -9.5798E-01   8.2543E-01   4.0395E+00  -3.8733E+00
  -2.7611E+00   1.9605E+00   1.8519E+00  -2.2710E+00   6.3374E-01  -1.1523E+00
  -5.1650E-01   1.3819E-01  -3.5658E+00   2.9345E+00   2.8837E+00  -2.9774E+00
   6.0179E+00  -5.6870E+00  -3.4840E+00   3.0182E+00  -6.8056E+00   6.2364E+00
   3.0436E+00  -2.7883E+00   1.0497E+00  -9.9885E-01   2.5148E+00  -2.3430E+00
  -2.3491E+00   2.1176E+00   3.9637E+00  -3.6150E+00  -4.3166E+00   3.9754E+00
  -3.4412E+00   3.0694E+00  -3.6886E-01   3.0209E-01  -3.4172E+00   3.0994E+00
   9.1461E-01  -8.1855E-01   3.0312E+00  -2.8125E+00   6.0550E+00  -5.6383E+00
  -2.9784E-02   1.0396E-02  -3.9231E+00   3.5816E+00   4.1126E+00  -3.7840E+00
   1.0594E+00  -9.8757E-01   1.8030E+00  -1.6704E+00   3.5161E-01  -4.0010E-01
   1.0175E-01  -1.7319E-01   1.9358E+00  -1.8498E+00  -6.7890E+00   6.2341E+00
   2.1214E+00  -1.9435E+00   6.1015E+00  -5.5892E+00   2.5203E-03   3.3343E-03
   9.0616E-01  -8.2913E-01  -2.4932E+00   2.2891E+00  -1.8348E+00   1.7123E+00
   1.8255E+00  -1.6438E+00  -3.5196E-01   3.2171E-01
  > E    =  -9.159210010224E+02 +/-   2.634364124439E-04
  > varE =   1.041092189009E-02
* Computing derivatives.
    [walltime: 1m20s elapsed, 3h43m remaining]
    [walltime: 1h elapsed, 2h41m remaining]
  Done. [total walltime: 3h40m]
* Optimizing manipulation constant:
  #igrid a___________ E____________________________________ varE____________
     1     Infinity    -9.15921001E+02 +/-   2.63436412E-04   1.04109219E-02
     2     1.0000E+06  -9.15921001E+02 +/-   2.63436408E-04   1.04109215E-02
     3     2.1544E+05  -9.15921001E+02 +/-   2.63436390E-04   1.04109201E-02
     4     4.6416E+04  -9.15921001E+02 +/-   2.63436306E-04   1.04109135E-02
     5     1.0000E+04  -9.15921001E+02 +/-   2.63435920E-04   1.04108829E-02
     6     2.1544E+03  -9.15921001E+02 +/-   2.63434125E-04   1.04107411E-02
     7     4.6416E+02  -9.15921002E+02 +/-   2.63425774E-04   1.04100811E-02
     8     1.0000E+02  -9.15921006E+02 +/-   2.63386630E-04   1.04069875E-02
     9     2.1544E+01  -9.15921022E+02 +/-   2.63201433E-04   1.03923575E-02
    10     4.6416E+00  -9.15920885E+02 +/-   2.64052255E-04   1.04596546E-02
    11     1.0000E+00  -9.15849286E+02 +/-   6.48210622E-04   6.30332744E-02
    12     2.1544E-01   2.20102786E+12 +/-   4.12406558E+10   2.55145966E+26
    13     4.6416E-02   9.31436090E+40 +/-   1.70146364E+38   4.34293098E+81
    14     1.0000E-02   5.49293481E+42 +/-   1.00384355E+40   1.51171405E+85
    15     2.1544E-03   5.49278608E+42 +/-   9.24056664E+39   1.28095770E+85
    16     4.6416E-04   5.49267559E+42 +/-   8.42470172E+39   1.06474755E+85
    17     1.0000E-04   5.49264337E+42 +/-   8.25860344E+39   1.02317709E+85
    18     2.1544E-05   5.49263594E+42 +/-   8.22325577E+39   1.01443723E+85
    19     4.6416E-06   5.49263432E+42 +/-   8.21565732E+39   1.01256337E+85
    20     1.0000E-06   5.49263397E+42 +/-   8.21402270E+39   1.01216049E+85
    21     0.0000E+00   5.49263387E+42 +/-   8.21357552E+39   1.01205028E+85
  ParMin   3.9432E+01  -9.15921013E+02 +/-   2.63308528E-04   1.04008164E-02
  # Using grid point #9
* Iteration # 1: E =  -9.159210222452E+02 +/-   2.632014326951E-04
* Diminishing returns: exiting.
* After optimization:
  -5.9660E+00  -5.9715E+00  -5.9730E+00  -5.9567E+00  -5.9572E+00  -5.9650E+00
   9.5535E-01   9.5494E-01   9.5282E-01   5.6965E-01   5.6884E-01   7.4404E-01
   7.4321E-01   8.6614E-01   8.5546E-01   1.2863E+00   1.2764E+00   5.7576E-01
   5.6597E-01   5.9625E-01   5.9618E-01   5.5059E-01   1.2276E+00   3.5451E-01
   3.5400E-01   1.4595E-01   2.7443E-01   2.7472E-01   1.6604E-02   1.5950E-02
   5.5080E-01   5.5166E-01   2.6134E-01   2.6204E-01   3.4673E-01   3.4691E-01
   2.1959E-01   2.2007E-01   2.6647E-01   2.6612E-01   1.9174E-01   9.7261E-02
   1.9847E-01   2.4593E-01   2.4587E-01   7.3460E-01   7.3582E-01   3.9891E-01
   3.9777E-01   1.0776E-01   1.0671E-01   9.0993E-02   9.0394E-02  -8.5979E-02
  -8.5575E-02   3.4570E-01   3.4473E-01   1.0251E-01   1.0248E-01  -2.3794E-01
  -2.3825E-01   2.1547E-01   2.1538E-01  -2.0325E-01  -2.0403E-01   3.7658E-01
   3.7627E-01   2.7292E-01   2.7312E-01  -3.1015E-01  -3.1051E-01   1.9200E-01
   1.9211E-01   4.3447E-01   4.3406E-01   1.1066E-01   1.1095E-01  -1.4518E-01
  -1.4550E-01   7.7191E-01   7.6840E-01   3.1876E-01   3.1488E-01   4.7976E-01
   4.7671E-01   3.5650E-01   3.5828E-01   6.4844E-01   6.8029E-02   6.5455E-02
  -4.0283E-01   4.7095E-01   5.8351E-01  -2.9079E-01  -2.9035E-01   3.1581E-03
   3.4661E-03  -2.3958E-01  -2.3940E-01   2.9480E-01   2.9427E-01  -3.8766E-01
  -3.8790E-01   3.2340E-01   3.2346E-01   3.8281E-01   3.7853E-02   3.7471E-02
   3.2688E-01  -9.7509E-02  -9.7683E-02  -2.5495E-01  -2.5480E-01  -4.8812E-01
  -5.6285E-03  -5.3987E-03   3.1907E-01   3.1970E-01  -3.0962E-01  -3.0996E-01
  -1.8867E-02  -1.9151E-02  -1.3514E-01   2.1357E-02   2.1454E-02   1.0288E-01
   1.0243E-01  -2.6426E-02  -2.6661E-02   5.7712E-01  -2.3853E-01  -2.3812E-01
  -5.8630E-01  -5.6166E-03  -7.7968E-02  -7.7666E-02   2.1392E-01   2.1387E-01
   7.1953E-02  -1.8603E-01   1.5022E-03   1.1807E-03  -3.3692E-01  -4.5713E-01
  -3.2874E-01  -4.6406E-01   1.0418E+00  -1.5682E+00  -1.0703E+00   3.7384E-01
   5.1687E-01  -1.2969E+00  -4.5230E+00   3.3278E+00   4.0040E+00  -4.4925E+00
   4.0303E-03  -5.6361E-01   5.6820E-01  -1.0795E+00  -7.3104E+00   6.0669E+00
   3.1690E+00  -3.5411E+00   1.6796E+00  -1.8218E+00   1.3471E-01  -4.0487E-01
   3.1984E+00  -3.2132E+00  -3.2158E+00   2.6649E+00   2.7609E-01  -5.3680E-01
  -3.7005E-01   1.2739E-02   1.1743E+00  -1.4045E+00   6.0939E-01  -8.8404E-01
  -3.7698E-01   1.8514E-01   7.5546E-01  -8.5082E-01   7.1500E-01  -9.1933E-01
   1.3981E-01  -3.9631E-01  -3.8486E+00   3.1002E+00   2.1481E-01  -6.2638E-01
   3.7019E+00  -3.8196E+00  -7.9482E-01   7.0458E-01   1.3188E+00  -1.2356E+00
  -3.1150E+00   2.7678E+00  -1.8564E-01   8.3222E-02   3.8693E+00  -3.6328E+00
  -7.1479E-01   4.9734E-01   4.3204E+00  -4.1167E+00  -2.6638E+00   2.2895E+00
  -2.6199E+00   2.3481E+00   4.3645E+00  -4.0550E+00  -2.2720E-01   3.5756E-02
  -3.1567E+00   2.7217E+00  -6.6754E-01   5.5829E-01   3.8285E+00  -3.6809E+00
  -2.8547E+00   2.0442E+00   2.5777E+00  -2.9379E+00   6.3833E-01  -1.1582E+00
  -1.7957E-01  -1.7241E-01  -3.6645E+00   3.0232E+00   3.3185E+00  -3.3775E+00
   6.8882E+00  -6.4866E+00  -3.5823E+00   3.1074E+00  -7.0011E+00   6.4160E+00
   3.4792E+00  -3.1876E+00   4.0360E-01  -4.0674E-01   3.3204E+00  -3.0816E+00
  -3.0936E+00   2.7992E+00   4.4047E+00  -4.0188E+00  -4.1231E+00   3.7988E+00
  -3.5396E+00   3.1585E+00  -3.1117E-02  -7.5139E-03  -3.5153E+00   3.1889E+00
   9.2017E-01  -8.2309E-01   3.4664E+00  -3.2119E+00   6.9258E+00  -6.4380E+00
   2.6618E-01  -2.6112E-01  -3.6509E+00   3.3318E+00   3.9020E+00  -3.5911E+00
   4.1340E-01  -3.9531E-01   1.8135E+00  -1.6801E+00   7.2633E-01  -7.4474E-01
  -2.5420E-01   1.5192E-01   1.2943E+00  -1.2632E+00  -6.9848E+00   6.4136E+00
   2.8482E+00  -2.6093E+00   6.9728E+00  -6.3876E+00   2.5136E-03   3.3645E-03
   9.1162E-01  -8.3384E-01  -2.5858E+00   2.3741E+00  -1.2528E+00   1.1794E+00
   1.8366E+00  -1.6529E+00  -1.4029E-02   1.2355E-02
  > Energy =  -9.159210222452E+02 +/-   2.632014326951E-04
  > varE =   1.039235752582E-02

VMC #2:
* Size of Hilbert space =   7.3125E+12
* Number of equil. steps   = 1000
* Running VMC equilibration.
  Done. [total walltime: 0.02s]
* Equil. acc.ratio (%)     =  16.8624
* Sample config after equilibration:
  [draw: system geometry not defined]
* Number of accum. steps   = 600064 x 10
* Running VMC accumulation.
    [walltime: 1m elapsed, 11m31s remaining]
  Done. [total walltime: 12m27s]
* Acceptance ratio (%)     =  16.8511
* Etot/t                   =  -9.159211746996E+02 +/-   1.295185451964E-04
  > Ttot/t                 =  -9.555934815762E+01 +/-   1.126166768182E-03
  > Utot/t                 =   4.254296170707E+01 +/-   1.122045749746E-03
* var[Eloc/t]              =   1.049185379214E-02 +/-   9.358432212730E-05
* Correlation length       =   9.594210835110E-01
* log10 Psi^2 range: -46.931819477112917 -- -35.339315373891985
* log10 Pgen range : -46.931819477112917 -- -35.339315373891985
* Site occupation (ave. no. electrons per config.):
  > Site_  ___eu____  ___ed____
      1        0.496      0.498
      2        0.500      0.498
      3        0.498      0.498
      4        0.499      0.497
      5        0.502      0.503
      6        0.500      0.500
      7        0.502      0.500
      8        0.498      0.499
      9        0.500      0.501
     10        0.499      0.497
     11        0.500      0.501
     12        0.499      0.502
     13        0.503      0.501
     14        0.501      0.501
     15        0.498      0.500
     16        0.500      0.500
     17        0.500      0.499
     18        0.503      0.502
     19        0.500      0.502
     20        0.500      0.500
     21        0.501      0.503
     22        0.500      0.499
     23        0.500      0.499
     24        0.502      0.500
* Pair-correlation analysis (ave. no. pairs per config.):
  > Shell  nsite  ___dh____  __eueu___  __eued___
      0      1        0          0          4.459
      1      0        0.893      0.674      2.475
      2      0        0.449      0.337      1.233
      3      0        0.693      1.158      2.220
      4      0        0.349      0.578      1.112
      5      0        0.563      1.414      2.123
      6      0        0.559      1.416      2.120
      7      0        0.561      1.420      2.129
      8      0        0.579      1.426      2.107
      9      0        0.290      0.708      1.054
     10      0        0.128      1.014      0.984
     11      0        0.258      2.040      1.970
     12      0        0.169      0.921      1.036
     13      0        0.339      1.847      2.066
     14      0        0.318      1.836      2.104
     15      0        0.317      1.826      2.093
     16      0        0.318      1.824      2.099
     17      0        0.289      2.065      1.944
     18      0        0.289      2.067      1.942
     19      0        0.290      2.067      1.947
     20      0        0.079      0.488      0.505
     21      0        0.158      0.965      1.010
     22      0        0.148      1.016      0.979
     23      0        0.296      2.027      1.975
     24      0        0.263      2.087      1.945
     25      0        0.266      2.084      1.941
     26      0        0.266      2.084      1.948
     27      0        0.152      1.001      0.991
     28      0        0.299      2.003      1.981
     29      0        0.269      2.025      1.979
     30      0        0.273      2.030      1.984
     31      0        0.273      2.030      1.983
     32      0        0.275      2.025      1.976
     33      0        0.275      2.033      1.976
     34      0        0.273      2.019      1.978
     35      0        0.287      1.937      2.034
     36      0        0.284      1.949      2.037
     37      0        0.279      1.989      2.015
     38      0        0.273      1.985      2.012
     39      0        0.288      1.942      2.032
     40      0        0.274      1.993      2.013
     41      0        0.257      2.108      1.934
     42      0        0.260      2.107      1.942
     43      0        0.259      2.107      1.935
     44      0        0.262      1.955      2.045
     45      0        0.261      1.946      2.047
     46      0        0.261      1.954      2.052
     47      0        0.127      1.021      0.993
     48      0        0.253      2.034      1.974
     49      0        0.129      0.985      1.012
     50      0        0.262      1.979      2.028
     51      0        0.274      2.005      1.995
     52      0        0.277      2.009      2.004
     53      0        0.275      2.001      1.992
     54      0        0.277      2.010      1.995
     55      0        0.276      2.004      1.985
     56      0        0.255      1.991      2.015
     57      0        0.250      2.027      1.994
     58      0        0.251      2.020      1.991
     59      0        0.276      2.010      1.986
     60      0        0.252      2.026      1.998
     61      0        0.127      0.998      1.016
     62      0        0.303      2.010      1.969
     63      0        0.278      1.990      2.008
     64      0        0.278      1.997      2.006
     65      0        0.278      1.988      2.004
     66      0        0.150      1.006      0.985
     67      0        0.306      1.975      2.011
     68      0        0.302      1.967      2.011
     69      0        0.304      1.964      2.013
     70      0        0.125      1.006      0.999
     71      0        0.276      1.988      2.014
     72      0        0.127      1.009      1.006
     73      0        0.126      1.000      1.006
     74      0        0.280      1.981      2.007
     75      0        0.277      1.985      2.006
     76      0        0.078      0.493      0.499
     77      0        0.152      0.985      1.000
     78      0        0.255      2.003      2.010
     79      0        0.126      1.005      1.000

Optimization #2:
* Method          : lls
* Target function : energy
* No. of configs. : 150016
* No. of params.  : 298
* Before optimization:
  -5.9660E+00  -5.9715E+00  -5.9730E+00  -5.9567E+00  -5.9572E+00  -5.9650E+00
   9.5535E-01   9.5494E-01   9.5282E-01   5.6965E-01   5.6884E-01   7.4404E-01
   7.4321E-01   8.6614E-01   8.5546E-01   1.2863E+00   1.2764E+00   5.7576E-01
   5.6597E-01   5.9625E-01   5.9618E-01   5.5059E-01   1.2276E+00   3.5451E-01
   3.5400E-01   1.4595E-01   2.7443E-01   2.7472E-01   1.6604E-02   1.5950E-02
   5.5080E-01   5.5166E-01   2.6134E-01   2.6204E-01   3.4673E-01   3.4691E-01
   2.1959E-01   2.2007E-01   2.6647E-01   2.6612E-01   1.9174E-01   9.7261E-02
   1.9847E-01   2.4593E-01   2.4587E-01   7.3460E-01   7.3582E-01   3.9891E-01
   3.9777E-01   1.0776E-01   1.0671E-01   9.0993E-02   9.0394E-02  -8.5979E-02
  -8.5575E-02   3.4570E-01   3.4473E-01   1.0251E-01   1.0248E-01  -2.3794E-01
  -2.3825E-01   2.1547E-01   2.1538E-01  -2.0325E-01  -2.0403E-01   3.7658E-01
   3.7627E-01   2.7292E-01   2.7312E-01  -3.1015E-01  -3.1051E-01   1.9200E-01
   1.9211E-01   4.3447E-01   4.3406E-01   1.1066E-01   1.1095E-01  -1.4518E-01
  -1.4550E-01   7.7191E-01   7.6840E-01   3.1876E-01   3.1488E-01   4.7976E-01
   4.7671E-01   3.5650E-01   3.5828E-01   6.4844E-01   6.8029E-02   6.5455E-02
  -4.0283E-01   4.7095E-01   5.8351E-01  -2.9079E-01  -2.9035E-01   3.1581E-03
   3.4661E-03  -2.3958E-01  -2.3940E-01   2.9480E-01   2.9427E-01  -3.8766E-01
  -3.8790E-01   3.2340E-01   3.2346E-01   3.8281E-01   3.7853E-02   3.7471E-02
   3.2688E-01  -9.7509E-02  -9.7683E-02  -2.5495E-01  -2.5480E-01  -4.8812E-01
  -5.6285E-03  -5.3987E-03   3.1907E-01   3.1970E-01  -3.0962E-01  -3.0996E-01
  -1.8867E-02  -1.9151E-02  -1.3514E-01   2.1357E-02   2.1454E-02   1.0288E-01
   1.0243E-01  -2.6426E-02  -2.6661E-02   5.7712E-01  -2.3853E-01  -2.3812E-01
  -5.8630E-01  -5.6166E-03  -7.7968E-02  -7.7666E-02   2.1392E-01   2.1387E-01
   7.1953E-02  -1.8603E-01   1.5022E-03   1.1807E-03  -3.3692E-01  -4.5713E-01
  -3.2874E-01  -4.6406E-01   1.0418E+00  -1.5682E+00  -1.0703E+00   3.7384E-01
   5.1687E-01  -1.2969E+00  -4.5230E+00   3.3278E+00   4.0040E+00  -4.4925E+00
   4.0303E-03  -5.6361E-01   5.6820E-01  -1.0795E+00  -7.3104E+00   6.0669E+00
   3.1690E+00  -3.5411E+00   1.6796E+00  -1.8218E+00   1.3471E-01  -4.0487E-01
   3.1984E+00  -3.2132E+00  -3.2158E+00   2.6649E+00   2.7609E-01  -5.3680E-01
  -3.7005E-01   1.2739E-02   1.1743E+00  -1.4045E+00   6.0939E-01  -8.8404E-01
  -3.7698E-01   1.8514E-01   7.5546E-01  -8.5082E-01   7.1500E-01  -9.1933E-01
   1.3981E-01  -3.9631E-01  -3.8486E+00   3.1002E+00   2.1481E-01  -6.2638E-01
   3.7019E+00  -3.8196E+00  -7.9482E-01   7.0458E-01   1.3188E+00  -1.2356E+00
  -3.1150E+00   2.7678E+00  -1.8564E-01   8.3222E-02   3.8693E+00  -3.6328E+00
  -7.1479E-01   4.9734E-01   4.3204E+00  -4.1167E+00  -2.6638E+00   2.2895E+00
  -2.6199E+00   2.3481E+00   4.3645E+00  -4.0550E+00  -2.2720E-01   3.5756E-02
  -3.1567E+00   2.7217E+00  -6.6754E-01   5.5829E-01   3.8285E+00  -3.6809E+00
  -2.8547E+00   2.0442E+00   2.5777E+00  -2.9379E+00   6.3833E-01  -1.1582E+00
  -1.7957E-01  -1.7241E-01  -3.6645E+00   3.0232E+00   3.3185E+00  -3.3775E+00
   6.8882E+00  -6.4866E+00  -3.5823E+00   3.1074E+00  -7.0011E+00   6.4160E+00
   3.4792E+00  -3.1876E+00   4.0360E-01  -4.0674E-01   3.3204E+00  -3.0816E+00
  -3.0936E+00   2.7992E+00   4.4047E+00  -4.0188E+00  -4.1231E+00   3.7988E+00
  -3.5396E+00   3.1585E+00  -3.1117E-02  -7.5139E-03  -3.5153E+00   3.1889E+00
   9.2017E-01  -8.2309E-01   3.4664E+00  -3.2119E+00   6.9258E+00  -6.4380E+00
   2.6618E-01  -2.6112E-01  -3.6509E+00   3.3318E+00   3.9020E+00  -3.5911E+00
   4.1340E-01  -3.9531E-01   1.8135E+00  -1.6801E+00   7.2633E-01  -7.4474E-01
  -2.5420E-01   1.5192E-01   1.2943E+00  -1.2632E+00  -6.9848E+00   6.4136E+00
   2.8482E+00  -2.6093E+00   6.9728E+00  -6.3876E+00   2.5136E-03   3.3645E-03
   9.1162E-01  -8.3384E-01  -2.5858E+00   2.3741E+00  -1.2528E+00   1.1794E+00
   1.8366E+00  -1.6529E+00  -1.4029E-02   1.2355E-02
  > E    =  -9.159211915324E+02 +/-   2.681687921693E-04
  > varE =   1.078832579605E-02
* Computing derivatives.
    [walltime: 1m12s elapsed, 2h54m remaining]
    [walltime: 1h elapsed, 1h53m remaining]
  Done. [total walltime: 2h53m]
* Optimizing manipulation constant:
  #igrid a___________ E____________________________________ varE____________
     1     Infinity    -9.15921192E+02 +/-   2.68168792E-04   1.07883258E-02
     2     1.0000E+06  -9.15921192E+02 +/-   2.68168786E-04   1.07883253E-02
     3     2.1544E+05  -9.15921192E+02 +/-   2.68168764E-04   1.07883235E-02
     4     4.6416E+04  -9.15921192E+02 +/-   2.68168660E-04   1.07883152E-02
     5     1.0000E+04  -9.15921192E+02 +/-   2.68168179E-04   1.07882765E-02
     6     2.1544E+03  -9.15921192E+02 +/-   2.68165929E-04   1.07880955E-02
     7     4.6416E+02  -9.15921193E+02 +/-   2.68155098E-04   1.07872240E-02
     8     1.0000E+02  -9.15921196E+02 +/-   2.68096553E-04   1.07825143E-02
     9     2.1544E+01  -9.15921207E+02 +/-   2.67664594E-04   1.07477965E-02
    10     4.6416E+00  -9.15920556E+02 +/-   2.68096143E-04   1.07824813E-02
    11     1.0000E+00  -9.15818345E+02 +/-   7.37209800E-04   8.15304390E-02
    12     2.1544E-01  -9.15765264E+02 +/-   8.94274498E-04   1.19971827E-01
    13     4.6416E-02  -9.15650907E+02 +/-   1.14034070E-03   1.95077343E-01
    14     1.0000E-02  -9.15702653E+02 +/-   1.03283152E-03   1.60028211E-01
    15     2.1544E-03  -9.15757896E+02 +/-   8.98324313E-04   1.21060897E-01
    16     4.6416E-04  -9.15761423E+02 +/-   8.87314922E-04   1.18111763E-01
    17     1.0000E-04  -9.15762017E+02 +/-   8.85328386E-04   1.17583494E-01
    18     2.1544E-05  -9.15762137E+02 +/-   8.84917542E-04   1.17474388E-01
    19     4.6416E-06  -9.15762163E+02 +/-   8.84829817E-04   1.17451098E-01
    20     1.0000E-06  -9.15762169E+02 +/-   8.84810954E-04   1.17446090E-01
    21     0.0000E+00  -9.15762170E+02 +/-   8.84805776E-04   1.17444715E-01
  ParMin   4.5137E+01  -9.15921201E+02 +/-   2.67979875E-04   1.07731310E-02
  # Using grid point #9
* Iteration # 1: E =  -9.159212070349E+02 +/-   2.676645936954E-04
* Diminishing returns: exiting.
* After optimization:
  -6.0016E+00  -6.0069E+00  -6.0083E+00  -5.9920E+00  -5.9925E+00  -6.0006E+00
   9.3341E-01   9.3296E-01   9.5533E-01   5.7676E-01   5.7574E-01   7.8680E-01
   7.8614E-01   8.7326E-01   8.6260E-01   1.2494E+00   1.2395E+00   5.8432E-01
   5.7440E-01   6.5286E-01   6.5276E-01   5.5312E-01   1.1784E+00   3.5808E-01
   3.5764E-01   1.5749E-01   2.6775E-01   2.6808E-01   7.4138E-02   7.3505E-02
   5.2708E-01   5.2790E-01   2.6356E-01   2.6420E-01   3.3551E-01   3.3568E-01
   2.2666E-01   2.2706E-01   3.2753E-01   3.2719E-01   3.0193E-01   9.9198E-02
   2.0083E-01   3.0242E-01   3.0240E-01   7.6504E-01   7.6632E-01   4.0113E-01
   3.9984E-01   1.1124E-01   1.1011E-01   1.3273E-01   1.3223E-01  -8.0167E-02
  -7.9814E-02   3.2167E-01   3.2067E-01   1.5842E-01   1.5839E-01  -2.3475E-01
  -2.3508E-01   2.0370E-01   2.0358E-01  -1.9547E-01  -1.9628E-01   3.5726E-01
   3.5697E-01   2.5290E-01   2.5318E-01  -3.0285E-01  -3.0324E-01   2.4810E-01
   2.4825E-01   4.1065E-01   4.1030E-01   9.8284E-02   9.8627E-02  -1.4189E-01
  -1.4217E-01   7.5317E-01   7.4963E-01   3.0897E-01   3.0509E-01   4.8685E-01
   4.8366E-01   3.3409E-01   3.3584E-01   6.2469E-01   7.1307E-02   6.8726E-02
  -3.9847E-01   4.4675E-01   5.3196E-01  -2.8931E-01  -2.8874E-01   4.4527E-03
   4.7728E-03  -1.8284E-01  -1.8262E-01   2.7033E-01   2.6983E-01  -3.8188E-01
  -3.8211E-01   2.8381E-01   2.8384E-01   3.5868E-01   1.4050E-02   1.3662E-02
   3.0193E-01  -9.3093E-02  -9.3311E-02  -2.5280E-01  -2.5262E-01  -4.8380E-01
  -1.3831E-02  -1.3695E-02   3.4835E-01   3.4892E-01  -3.0729E-01  -3.0760E-01
  -1.7864E-02  -1.8182E-02  -1.2533E-01   8.2068E-02   8.2192E-02   9.1370E-02
   9.0943E-02  -1.9843E-02  -2.0082E-02   5.2539E-01  -2.5068E-01  -2.5024E-01
  -5.8377E-01  -5.6717E-03  -7.3204E-02  -7.2910E-02   1.9294E-01   1.9295E-01
   4.4600E-02  -1.7706E-01  -2.2959E-02  -2.3314E-02  -4.4314E-02  -7.2792E-01
  -3.3005E-01  -4.6560E-01   9.7825E-01  -1.5116E+00  -1.5648E+00   8.2521E-01
   4.5933E-01  -1.2465E+00  -4.0524E+00   2.8941E+00   3.9303E+00  -4.4273E+00
  -6.5827E-01   4.2272E-02   5.5507E-01  -1.0689E+00  -6.6922E+00   5.4976E+00
   3.1522E+00  -3.5278E+00   1.5655E+00  -1.7195E+00   2.3911E-01  -5.0276E-01
   2.5267E+00  -2.5989E+00  -2.9130E+00   2.3859E+00   2.6908E-01  -5.3210E-01
  -2.1521E-01  -1.3102E-01   1.1107E+00  -1.3479E+00  -1.0371E-01  -2.3291E-01
  -1.6875E+00   1.3875E+00   7.4253E-01  -8.4000E-01   7.0167E-01  -9.0848E-01
  -5.2255E-01   2.0984E-01  -4.1955E+00   3.4165E+00   2.0785E-01  -6.2155E-01
   3.6790E+00  -3.8004E+00  -1.2886E+00   1.1567E+00   1.2558E+00  -1.1782E+00
  -2.8121E+00   2.4891E+00  -8.4210E-01   6.8350E-01   3.8465E+00  -3.6130E+00
  -5.5368E-01   3.4811E-01   4.2471E+00  -4.0510E+00  -2.4115E+00   2.0563E+00
  -2.3673E+00   2.1154E+00   4.2914E+00  -3.9895E+00  -8.8271E-01   6.3539E-01
  -2.8538E+00   2.4428E+00  -5.0618E-01   4.0920E-01   3.8056E+00  -3.6614E+00
  -2.6027E+00   1.8109E+00   2.7228E+00  -3.0731E+00   5.8087E-01  -1.1076E+00
   1.1332E-01  -4.4289E-01  -3.3558E+00   2.7382E+00   3.3019E+00  -3.3640E+00
   6.8553E+00  -6.4584E+00  -3.2733E+00   2.8226E+00  -6.3818E+00   5.8483E+00
   3.4632E+00  -3.1732E+00   3.9698E-01  -4.0138E-01   2.6488E+00  -2.4664E+00
  -2.7906E+00   2.5205E+00   4.3326E+00  -3.9522E+00  -3.6515E+00   3.3667E+00
  -3.2308E+00   2.8738E+00   2.6225E-01  -2.7711E-01  -3.2062E+00   2.9046E+00
   8.6387E-01  -7.7116E-01   3.4501E+00  -3.1979E+00   6.8933E+00  -6.4098E+00
   3.7136E-01  -3.5808E-01  -3.9968E+00   3.6483E+00   3.8796E+00  -3.5710E+00
   4.0689E-01  -3.8975E-01   1.7002E+00  -1.5766E+00   1.3581E-02  -9.2996E-02
  -9.9187E-02   8.5282E-03   1.2309E+00  -1.2065E+00  -6.3657E+00   5.8460E+00
   2.9943E+00  -2.7434E+00   6.9412E+00  -6.3584E+00   2.5472E-03   3.3766E-03
   8.5509E-01  -7.8211E-01  -2.3326E+00   2.1418E+00  -9.2892E-01   8.8295E-01
   1.7237E+00  -1.5491E+00   2.7979E-01  -2.5690E-01
  > Energy =  -9.159212070349E+02 +/-   2.676645936954E-04
  > varE =   1.074779651707E-02

VMC #3:
* Size of Hilbert space =   7.3125E+12
* Number of equil. steps   = 1000
* Running VMC equilibration.
  Done. [total walltime: 0.02s]
* Equil. acc.ratio (%)     =  16.8361
* Sample config after equilibration:
  [draw: system geometry not defined]
* Number of accum. steps   = 600064 x 10
* Running VMC accumulation.
    [walltime: 1m elapsed, 11m24s remaining]
  Done. [total walltime: 12m24s]
* Acceptance ratio (%)     =  16.8506
* Etot/t                   =  -9.159211837576E+02 +/-   1.312869422002E-04
  > Ttot/t                 =  -9.555988582757E+01 +/-   1.112339514514E-03
  > Utot/t                 =   4.254349031905E+01 +/-   1.109870342808E-03
* var[Eloc/t]              =   1.050652792998E-02 +/-   9.259231982446E-05
* Correlation length       =   9.844222472933E-01
* log10 Psi^2 range: -47.084675768656325 -- -35.501715282883552
* log10 Pgen range : -47.084675768656325 -- -35.501715282883552
* Site occupation (ave. no. electrons per config.):
  > Site_  ___eu____  ___ed____
      1        0.499      0.498
      2        0.497      0.498
      3        0.498      0.500
      4        0.498      0.499
      5        0.500      0.500
      6        0.498      0.498
      7        0.501      0.502
      8        0.500      0.499
      9        0.500      0.500
     10        0.498      0.498
     11        0.500      0.500
     12        0.503      0.501
     13        0.501      0.501
     14        0.503      0.502
     15        0.501      0.500
     16        0.501      0.500
     17        0.497      0.496
     18        0.499      0.502
     19        0.500      0.500
     20        0.503      0.500
     21        0.502      0.503
     22        0.502      0.503
     23        0.497      0.497
     24        0.503      0.503
* Pair-correlation analysis (ave. no. pairs per config.):
  > Shell  nsite  ___dh____  __eueu___  __eued___
      0      1        0          0          4.454
      1      0        0.895      0.677      2.471
      2      0        0.450      0.338      1.237
      3      0        0.692      1.154      2.219
      4      0        0.345      0.579      1.114
      5      0        0.558      1.416      2.128
      6      0        0.558      1.415      2.121
      7      0        0.562      1.411      2.126
      8      0        0.576      1.425      2.113
      9      0        0.290      0.710      1.053
     10      0        0.128      1.017      0.987
     11      0        0.262      2.040      1.969
     12      0        0.168      0.919      1.033
     13      0        0.336      1.842      2.061
     14      0        0.316      1.836      2.106
     15      0        0.318      1.825      2.098
     16      0        0.319      1.826      2.101
     17      0        0.289      2.063      1.939
     18      0        0.287      2.063      1.942
     19      0        0.291      2.065      1.946
     20      0        0.079      0.489      0.505
     21      0        0.160      0.964      1.008
     22      0        0.147      1.016      0.981
     23      0        0.296      2.027      1.977
     24      0        0.265      2.089      1.945
     25      0        0.266      2.089      1.940
     26      0        0.268      2.084      1.942
     27      0        0.149      0.999      0.995
     28      0        0.297      2.005      1.975
     29      0        0.270      2.028      1.981
     30      0        0.273      2.032      1.989
     31      0        0.275      2.029      1.976
     32      0        0.273      2.023      1.977
     33      0        0.272      2.028      1.975
     34      0        0.269      2.022      1.979
     35      0        0.284      1.937      2.036
     36      0        0.287      1.942      2.032
     37      0        0.274      1.998      2.020
     38      0        0.272      1.985      2.016
     39      0        0.287      1.942      2.033
     40      0        0.276      1.989      2.013
     41      0        0.255      2.109      1.934
     42      0        0.258      2.103      1.938
     43      0        0.257      2.108      1.935
     44      0        0.264      1.952      2.044
     45      0        0.260      1.953      2.053
     46      0        0.262      1.953      2.055
     47      0        0.126      1.021      0.992
     48      0        0.254      2.041      1.976
     49      0        0.129      0.989      1.012
     50      0        0.261      1.981      2.028
     51      0        0.276      2.006      1.996
     52      0        0.277      2.009      2.002
     53      0        0.276      2.002      1.995
     54      0        0.275      2.006      1.990
     55      0        0.275      2.002      1.988
     56      0        0.253      1.998      2.020
     57      0        0.251      2.023      1.997
     58      0        0.251      2.025      1.998
     59      0        0.276      2.009      1.986
     60      0        0.253      2.024      1.999
     61      0        0.127      0.998      1.011
     62      0        0.300      2.001      1.965
     63      0        0.277      1.996      2.011
     64      0        0.279      1.993      2.005
     65      0        0.277      1.989      2.011
     66      0        0.149      1.004      0.982
     67      0        0.301      1.977      2.009
     68      0        0.302      1.967      2.004
     69      0        0.301      1.963      2.011
     70      0        0.126      1.008      1.002
     71      0        0.277      1.985      2.006
     72      0        0.127      1.007      1.003
     73      0        0.126      1.002      1.011
     74      0        0.277      1.985      2.008
     75      0        0.276      1.984      2.005
     76      0        0.076      0.493      0.496
     77      0        0.152      0.981      0.999
     78      0        0.254      2.004      2.013
     79      0        0.128      1.009      1.000

Optimization #3:
* Method          : lls
* Target function : energy
* No. of configs. : 150016
* No. of params.  : 298
* Before optimization:
  -6.0016E+00  -6.0069E+00  -6.0083E+00  -5.9920E+00  -5.9925E+00  -6.0006E+00
   9.3341E-01   9.3296E-01   9.5533E-01   5.7676E-01   5.7574E-01   7.8680E-01
   7.8614E-01   8.7326E-01   8.6260E-01   1.2494E+00   1.2395E+00   5.8432E-01
   5.7440E-01   6.5286E-01   6.5276E-01   5.5312E-01   1.1784E+00   3.5808E-01
   3.5764E-01   1.5749E-01   2.6775E-01   2.6808E-01   7.4138E-02   7.3505E-02
   5.2708E-01   5.2790E-01   2.6356E-01   2.6420E-01   3.3551E-01   3.3568E-01
   2.2666E-01   2.2706E-01   3.2753E-01   3.2719E-01   3.0193E-01   9.9198E-02
   2.0083E-01   3.0242E-01   3.0240E-01   7.6504E-01   7.6632E-01   4.0113E-01
   3.9984E-01   1.1124E-01   1.1011E-01   1.3273E-01   1.3223E-01  -8.0167E-02
  -7.9814E-02   3.2167E-01   3.2067E-01   1.5842E-01   1.5839E-01  -2.3475E-01
  -2.3508E-01   2.0370E-01   2.0358E-01  -1.9547E-01  -1.9628E-01   3.5726E-01
   3.5697E-01   2.5290E-01   2.5318E-01  -3.0285E-01  -3.0324E-01   2.4810E-01
   2.4825E-01   4.1065E-01   4.1030E-01   9.8284E-02   9.8627E-02  -1.4189E-01
  -1.4217E-01   7.5317E-01   7.4963E-01   3.0897E-01   3.0509E-01   4.8685E-01
   4.8366E-01   3.3409E-01   3.3584E-01   6.2469E-01   7.1307E-02   6.8726E-02
  -3.9847E-01   4.4675E-01   5.3196E-01  -2.8931E-01  -2.8874E-01   4.4527E-03
   4.7728E-03  -1.8284E-01  -1.8262E-01   2.7033E-01   2.6983E-01  -3.8188E-01
  -3.8211E-01   2.8381E-01   2.8384E-01   3.5868E-01   1.4050E-02   1.3662E-02
   3.0193E-01  -9.3093E-02  -9.3311E-02  -2.5280E-01  -2.5262E-01  -4.8380E-01
  -1.3831E-02  -1.3695E-02   3.4835E-01   3.4892E-01  -3.0729E-01  -3.0760E-01
  -1.7864E-02  -1.8182E-02  -1.2533E-01   8.2068E-02   8.2192E-02   9.1370E-02
   9.0943E-02  -1.9843E-02  -2.0082E-02   5.2539E-01  -2.5068E-01  -2.5024E-01
  -5.8377E-01  -5.6717E-03  -7.3204E-02  -7.2910E-02   1.9294E-01   1.9295E-01
   4.4600E-02  -1.7706E-01  -2.2959E-02  -2.3314E-02  -4.4314E-02  -7.2792E-01
  -3.3005E-01  -4.6560E-01   9.7825E-01  -1.5116E+00  -1.5648E+00   8.2521E-01
   4.5933E-01  -1.2465E+00  -4.0524E+00   2.8941E+00   3.9303E+00  -4.4273E+00
  -6.5827E-01   4.2272E-02   5.5507E-01  -1.0689E+00  -6.6922E+00   5.4976E+00
   3.1522E+00  -3.5278E+00   1.5655E+00  -1.7195E+00   2.3911E-01  -5.0276E-01
   2.5267E+00  -2.5989E+00  -2.9130E+00   2.3859E+00   2.6908E-01  -5.3210E-01
  -2.1521E-01  -1.3102E-01   1.1107E+00  -1.3479E+00  -1.0371E-01  -2.3291E-01
  -1.6875E+00   1.3875E+00   7.4253E-01  -8.4000E-01   7.0167E-01  -9.0848E-01
  -5.2255E-01   2.0984E-01  -4.1955E+00   3.4165E+00   2.0785E-01  -6.2155E-01
   3.6790E+00  -3.8004E+00  -1.2886E+00   1.1567E+00   1.2558E+00  -1.1782E+00
  -2.8121E+00   2.4891E+00  -8.4210E-01   6.8350E-01   3.8465E+00  -3.6130E+00
  -5.5368E-01   3.4811E-01   4.2471E+00  -4.0510E+00  -2.4115E+00   2.0563E+00
  -2.3673E+00   2.1154E+00   4.2914E+00  -3.9895E+00  -8.8271E-01   6.3539E-01
  -2.8538E+00   2.4428E+00  -5.0618E-01   4.0920E-01   3.8056E+00  -3.6614E+00
  -2.6027E+00   1.8109E+00   2.7228E+00  -3.0731E+00   5.8087E-01  -1.1076E+00
   1.1332E-01  -4.4289E-01  -3.3558E+00   2.7382E+00   3.3019E+00  -3.3640E+00
   6.8553E+00  -6.4584E+00  -3.2733E+00   2.8226E+00  -6.3818E+00   5.8483E+00
   3.4632E+00  -3.1732E+00   3.9698E-01  -4.0138E-01   2.6488E+00  -2.4664E+00
  -2.7906E+00   2.5205E+00   4.3326E+00  -3.9522E+00  -3.6515E+00   3.3667E+00
  -3.2308E+00   2.8738E+00   2.6225E-01  -2.7711E-01  -3.2062E+00   2.9046E+00
   8.6387E-01  -7.7116E-01   3.4501E+00  -3.1979E+00   6.8933E+00  -6.4098E+00
   3.7136E-01  -3.5808E-01  -3.9968E+00   3.6483E+00   3.8796E+00  -3.5710E+00
   4.0689E-01  -3.8975E-01   1.7002E+00  -1.5766E+00   1.3581E-02  -9.2996E-02
  -9.9187E-02   8.5282E-03   1.2309E+00  -1.2065E+00  -6.3657E+00   5.8460E+00
   2.9943E+00  -2.7434E+00   6.9412E+00  -6.3584E+00   2.5472E-03   3.3766E-03
   8.5509E-01  -7.8211E-01  -2.3326E+00   2.1418E+00  -9.2892E-01   8.8295E-01
   1.7237E+00  -1.5491E+00   2.7979E-01  -2.5690E-01
  > E    =  -9.159212989273E+02 +/-   2.638272242886E-04
  > varE =   1.044183431824E-02
* Computing derivatives.
    [walltime: 1m11s elapsed, 2h52m remaining]
    [walltime: 1h elapsed, 1h53m remaining]
  Done. [total walltime: 2h53m]
* Optimizing manipulation constant:
  #igrid a___________ E____________________________________ varE____________
     1     Infinity    -9.15921299E+02 +/-   2.63827224E-04   1.04418343E-02
     2     1.0000E+06  -9.15921299E+02 +/-   2.63827221E-04   1.04418340E-02
     3     2.1544E+05  -9.15921299E+02 +/-   2.63827208E-04   1.04418330E-02
     4     4.6416E+04  -9.15921299E+02 +/-   2.63827148E-04   1.04418283E-02
     5     1.0000E+04  -9.15921299E+02 +/-   2.63826867E-04   1.04418061E-02
     6     2.1544E+03  -9.15921299E+02 +/-   2.63825529E-04   1.04417001E-02
     7     4.6416E+02  -9.15921300E+02 +/-   2.63818529E-04   1.04411461E-02
     8     1.0000E+02  -9.15921305E+02 +/-   2.63770517E-04   1.04373460E-02
     9     2.1544E+01  -9.15921290E+02 +/-   2.63830300E-04   1.04420778E-02
    10     4.6416E+00  -9.15901928E+02 +/-   4.27991450E-04   2.74794330E-02
    11     1.0000E+00 (error)
    12     2.1544E-01  -9.13509797E+02 +/-   7.26194912E-03   7.91122953E+00
    13     4.6416E-02 (error)
    14     1.0000E-02 (error)
    15     2.1544E-03 (error)
    16     4.6416E-04 (error)
    17     1.0000E-04 (error)
    18     2.1544E-05 (error)
    19     4.6416E-06 (error)
    20     1.0000E-06 (error)
    21     0.0000E+00 (error)
* Iteration # 1: E =  -9.159213051725E+02 +/-   2.637705167407E-04
* Convergence: exiting.
* After optimization:
  -6.0490E+00  -6.0543E+00  -6.0557E+00  -6.0394E+00  -6.0399E+00  -6.0480E+00
   9.2546E-01   9.2502E-01   9.5596E-01   5.7711E-01   5.7610E-01   8.2408E-01
   8.2348E-01   8.6063E-01   8.4997E-01   1.2586E+00   1.2487E+00   5.6141E-01
   5.5150E-01   6.9630E-01   6.9622E-01   5.7979E-01   1.1824E+00   3.4838E-01
   3.4795E-01   1.3158E-01   2.6196E-01   2.6226E-01   9.4237E-02   9.3601E-02
   5.4234E-01   5.4316E-01   2.7711E-01   2.7776E-01   3.5598E-01   3.5614E-01
   2.2703E-01   2.2742E-01   3.4469E-01   3.4438E-01   3.6205E-01   1.2580E-01
   2.2751E-01   3.4586E-01   3.4584E-01   7.9713E-01   7.9841E-01   4.1470E-01
   4.1341E-01   1.1451E-01   1.1340E-01   1.6971E-01   1.6925E-01  -8.0015E-02
  -7.9650E-02   3.3685E-01   3.3585E-01   1.8869E-01   1.8866E-01  -2.3151E-01
  -2.3185E-01   2.1105E-01   2.1092E-01  -2.1855E-01  -2.1936E-01   3.4623E-01
   3.4593E-01   2.4171E-01   2.4198E-01  -3.2602E-01  -3.2639E-01   2.7844E-01
   2.7860E-01   4.2592E-01   4.2556E-01   1.0549E-01   1.0583E-01  -1.3865E-01
  -1.3894E-01   7.4222E-01   7.3869E-01   3.0613E-01   3.0227E-01   4.7419E-01
   4.7102E-01   3.2608E-01   3.2782E-01   6.2693E-01   6.1544E-02   5.8968E-02
  -4.1858E-01   4.4890E-01   5.3541E-01  -2.9945E-01  -2.9888E-01   1.7858E-02
   1.8150E-02  -1.6299E-01  -1.6275E-01   2.8543E-01   2.8494E-01  -4.0531E-01
  -4.0554E-01   2.9243E-01   2.9245E-01   3.6084E-01   5.6471E-03   5.2558E-03
   3.0391E-01  -1.0627E-01  -1.0650E-01  -2.6283E-01  -2.6264E-01  -5.0401E-01
  -1.9979E-02  -1.9840E-02   3.8011E-01   3.8070E-01  -3.0426E-01  -3.0456E-01
  -4.5718E-03  -4.8521E-03  -1.5156E-01   9.9159E-02   9.9281E-02   1.1178E-01
   1.1133E-01  -1.9519E-02  -1.9764E-02   5.2890E-01  -2.5398E-01  -2.5354E-01
  -6.0425E-01  -5.7042E-03  -8.6322E-02  -8.6042E-02   1.8156E-01   1.8158E-01
   5.8404E-02  -2.0346E-01  -3.1438E-02  -3.1777E-02   5.8289E-02  -8.2261E-01
  -3.3036E-01  -4.6600E-01   9.7900E-01  -1.5126E+00  -2.0068E+00   1.2299E+00
   6.1763E-01  -1.3922E+00  -4.1558E+00   2.9883E+00   4.2120E+00  -4.6861E+00
  -1.1751E+00   5.1578E-01   2.3959E-01  -7.8006E-01  -6.7336E+00   5.5348E+00
   3.2753E+00  -3.6413E+00   1.8824E+00  -2.0105E+00   3.1478E-01  -5.7269E-01
   2.2908E+00  -2.3831E+00  -3.0914E+00   2.5490E+00   1.1120E-01  -3.8786E-01
  -4.5575E-01   8.9024E-02   1.1114E+00  -1.3490E+00  -3.0444E-01  -4.9306E-02
  -2.4056E+00   2.0457E+00   4.2701E-01  -5.5124E-01   3.8613E-01  -6.1952E-01
  -1.0395E+00   6.8341E-01  -4.5753E+00   3.7642E+00   5.0003E-02  -4.7723E-01
   3.6445E+00  -3.7692E+00  -1.7304E+00   1.5615E+00   1.2567E+00  -1.1792E+00
  -2.9905E+00   2.6522E+00  -1.2013E+00   1.0126E+00   3.8120E+00  -3.5818E+00
  -6.3649E-01   4.2363E-01   4.5288E+00  -4.3097E+00  -2.2737E+00   1.9295E+00
  -2.2293E+00   1.9886E+00   4.5733E+00  -4.2481E+00  -1.2418E+00   9.6434E-01
  -3.0321E+00   2.6058E+00  -5.8896E-01   4.8476E-01   3.7712E+00  -3.6302E+00
  -2.4650E+00   1.6840E+00   2.7633E+00  -3.1108E+00   7.3922E-01  -1.2533E+00
   2.1598E-01  -5.3751E-01  -3.3765E+00   2.7567E+00   3.4250E+00  -3.4774E+00
   7.1019E+00  -6.6849E+00  -3.2940E+00   2.8412E+00  -6.4228E+00   5.8859E+00
   3.5865E+00  -3.2864E+00   2.3919E-01  -2.5707E-01   2.4130E+00  -2.2504E+00
  -2.9688E+00   2.6836E+00   4.6145E+00  -4.2107E+00  -3.7546E+00   3.4613E+00
  -3.2515E+00   2.8923E+00   3.6508E-01  -3.7152E-01  -3.2268E+00   2.9233E+00
   1.0224E+00  -9.1655E-01   3.5734E+00  -3.3112E+00   7.1399E+00  -6.6362E+00
   4.4721E-01  -4.2783E-01  -4.3765E+00   3.9962E+00   3.8453E+00  -3.5397E+00
   2.4913E-01  -2.4524E-01   2.0173E+00  -1.8675E+00  -1.8712E-01   9.0583E-02
  -3.3965E-01   2.2863E-01   1.2315E+00  -1.2075E+00  -6.4068E+00   5.8835E+00
   3.0350E+00  -2.7808E+00   7.1880E+00  -6.5847E+00   2.5642E-03   3.3961E-03
   1.0136E+00  -9.2752E-01  -2.1946E+00   2.0151E+00  -1.0942E+00   1.0344E+00
   2.0409E+00  -1.8398E+00   3.8268E-01  -3.5129E-01
  > Energy =  -9.159213051725E+02 +/-   2.637705167407E-04
  > varE =   1.043734602341E-02

VMC #4:
* Size of Hilbert space =   7.3125E+12
* Number of equil. steps   = 1000
* Running VMC equilibration.
  Done. [total walltime: 0.02s]
* Equil. acc.ratio (%)     =  16.8589
* Sample config after equilibration:
  [draw: system geometry not defined]
* Number of accum. steps   = 600064 x 10
* Running VMC accumulation.
    [walltime: 1m elapsed, 11m25s remaining]
  Done. [total walltime: 12m25s]
* Acceptance ratio (%)     =  16.8621
* Etot/t                   =  -9.159212292635E+02 +/-   1.351517102626E-04
  > Ttot/t                 =  -9.555796655949E+01 +/-   1.112356881425E-03
  > Utot/t                 =   4.254152554502E+01 +/-   1.104691840521E-03
* var[Eloc/t]              =   1.039034180485E-02 +/-   4.029042224780E-05
* Correlation length       =   1.054898876383E+00
* log10 Psi^2 range: -48.470682086596113 -- -35.545093861461488
* log10 Pgen range : -48.470682086596113 -- -35.545093861461488
* Site occupation (ave. no. electrons per config.):
  > Site_  ___eu____  ___ed____
      1        0.498      0.500
      2        0.498      0.497
      3        0.499      0.498
      4        0.498      0.499
      5        0.502      0.503
      6        0.500      0.499
      7        0.502      0.500
      8        0.499      0.497
      9        0.498      0.498
     10        0.499      0.499
     11        0.498      0.503
     12        0.503      0.501
     13        0.502      0.503
     14        0.500      0.503
     15        0.499      0.500
     16        0.500      0.499
     17        0.497      0.498
     18        0.502      0.501
     19        0.500      0.501
     20        0.500      0.502
     21        0.504      0.499
     22        0.504      0.500
     23        0.496      0.498
     24        0.502      0.502
* Pair-correlation analysis (ave. no. pairs per config.):
  > Shell  nsite  ___dh____  __eueu___  __eued___
      0      1        0          0          4.450
      1      0        0.888      0.678      2.481
      2      0        0.448      0.341      1.236
      3      0        0.689      1.161      2.217
      4      0        0.346      0.577      1.110
      5      0        0.562      1.413      2.124
      6      0        0.554      1.419      2.125
      7      0        0.559      1.415      2.127
      8      0        0.578      1.423      2.105
      9      0        0.290      0.712      1.053
     10      0        0.128      1.017      0.985
     11      0        0.257      2.044      1.974
     12      0        0.169      0.919      1.031
     13      0        0.337      1.845      2.056
     14      0        0.317      1.834      2.096
     15      0        0.317      1.830      2.095
     16      0        0.319      1.828      2.103
     17      0        0.291      2.056      1.947
     18      0        0.291      2.059      1.941
     19      0        0.289      2.057      1.941
     20      0        0.079      0.486      0.501
     21      0        0.159      0.966      1.011
     22      0        0.149      1.017      0.981
     23      0        0.297      2.022      1.972
     24      0        0.261      2.081      1.947
     25      0        0.267      2.089      1.941
     26      0        0.264      2.087      1.949
     27      0        0.151      0.995      0.992
     28      0        0.298      2.002      1.979
     29      0        0.271      2.030      1.978
     30      0        0.275      2.026      1.978
     31      0        0.273      2.028      1.984
     32      0        0.274      2.024      1.978
     33      0        0.272      2.029      1.973
     34      0        0.272      2.015      1.980
     35      0        0.283      1.935      2.037
     36      0        0.282      1.948      2.033
     37      0        0.273      1.993      2.015
     38      0        0.273      1.990      2.011
     39      0        0.286      1.943      2.038
     40      0        0.275      1.990      2.018
     41      0        0.255      2.105      1.933
     42      0        0.259      2.105      1.938
     43      0        0.259      2.106      1.934
     44      0        0.257      1.956      2.053
     45      0        0.262      1.949      2.052
     46      0        0.261      1.953      2.056
     47      0        0.125      1.023      0.991
     48      0        0.250      2.047      1.975
     49      0        0.129      0.987      1.013
     50      0        0.258      1.983      2.033
     51      0        0.277      2.008      1.997
     52      0        0.273      2.008      1.998
     53      0        0.274      2.004      1.997
     54      0        0.274      2.005      1.990
     55      0        0.274      2.003      1.990
     56      0        0.251      1.999      2.022
     57      0        0.249      2.028      1.997
     58      0        0.250      2.024      1.998
     59      0        0.275      2.008      1.987
     60      0        0.253      2.026      2.000
     61      0        0.126      0.998      1.014
     62      0        0.299      2.004      1.966
     63      0        0.275      1.988      2.006
     64      0        0.277      1.994      2.009
     65      0        0.278      1.991      2.013
     66      0        0.150      1.000      0.982
     67      0        0.300      1.967      2.006
     68      0        0.300      1.972      2.006
     69      0        0.302      1.965      2.010
     70      0        0.123      1.010      1.001
     71      0        0.276      1.991      2.006
     72      0        0.125      1.011      1.005
     73      0        0.128      1.004      1.006
     74      0        0.278      1.987      2.003
     75      0        0.274      1.989      2.000
     76      0        0.076      0.494      0.497
     77      0        0.153      0.979      0.996
     78      0        0.252      2.002      2.017
     79      0        0.127      1.007      1.006

Optimization #4:
* Method          : lls
* Target function : energy
* No. of configs. : 150016
* No. of params.  : 298
* Before optimization:
  -6.0490E+00  -6.0543E+00  -6.0557E+00  -6.0394E+00  -6.0399E+00  -6.0480E+00
   9.2546E-01   9.2502E-01   9.5596E-01   5.7711E-01   5.7610E-01   8.2408E-01
   8.2348E-01   8.6063E-01   8.4997E-01   1.2586E+00   1.2487E+00   5.6141E-01
   5.5150E-01   6.9630E-01   6.9622E-01   5.7979E-01   1.1824E+00   3.4838E-01
   3.4795E-01   1.3158E-01   2.6196E-01   2.6226E-01   9.4237E-02   9.3601E-02
   5.4234E-01   5.4316E-01   2.7711E-01   2.7776E-01   3.5598E-01   3.5614E-01
   2.2703E-01   2.2742E-01   3.4469E-01   3.4438E-01   3.6205E-01   1.2580E-01
   2.2751E-01   3.4586E-01   3.4584E-01   7.9713E-01   7.9841E-01   4.1470E-01
   4.1341E-01   1.1451E-01   1.1340E-01   1.6971E-01   1.6925E-01  -8.0015E-02
  -7.9650E-02   3.3685E-01   3.3585E-01   1.8869E-01   1.8866E-01  -2.3151E-01
  -2.3185E-01   2.1105E-01   2.1092E-01  -2.1855E-01  -2.1936E-01   3.4623E-01
   3.4593E-01   2.4171E-01   2.4198E-01  -3.2602E-01  -3.2639E-01   2.7844E-01
   2.7860E-01   4.2592E-01   4.2556E-01   1.0549E-01   1.0583E-01  -1.3865E-01
  -1.3894E-01   7.4222E-01   7.3869E-01   3.0613E-01   3.0227E-01   4.7419E-01
   4.7102E-01   3.2608E-01   3.2782E-01   6.2693E-01   6.1544E-02   5.8968E-02
  -4.1858E-01   4.4890E-01   5.3541E-01  -2.9945E-01  -2.9888E-01   1.7858E-02
   1.8150E-02  -1.6299E-01  -1.6275E-01   2.8543E-01   2.8494E-01  -4.0531E-01
  -4.0554E-01   2.9243E-01   2.9245E-01   3.6084E-01   5.6471E-03   5.2558E-03
   3.0391E-01  -1.0627E-01  -1.0650E-01  -2.6283E-01  -2.6264E-01  -5.0401E-01
  -1.9979E-02  -1.9840E-02   3.8011E-01   3.8070E-01  -3.0426E-01  -3.0456E-01
  -4.5718E-03  -4.8521E-03  -1.5156E-01   9.9159E-02   9.9281E-02   1.1178E-01
   1.1133E-01  -1.9519E-02  -1.9764E-02   5.2890E-01  -2.5398E-01  -2.5354E-01
  -6.0425E-01  -5.7042E-03  -8.6322E-02  -8.6042E-02   1.8156E-01   1.8158E-01
   5.8404E-02  -2.0346E-01  -3.1438E-02  -3.1777E-02   5.8289E-02  -8.2261E-01
  -3.3036E-01  -4.6600E-01   9.7900E-01  -1.5126E+00  -2.0068E+00   1.2299E+00
   6.1763E-01  -1.3922E+00  -4.1558E+00   2.9883E+00   4.2120E+00  -4.6861E+00
  -1.1751E+00   5.1578E-01   2.3959E-01  -7.8006E-01  -6.7336E+00   5.5348E+00
   3.2753E+00  -3.6413E+00   1.8824E+00  -2.0105E+00   3.1478E-01  -5.7269E-01
   2.2908E+00  -2.3831E+00  -3.0914E+00   2.5490E+00   1.1120E-01  -3.8786E-01
  -4.5575E-01   8.9024E-02   1.1114E+00  -1.3490E+00  -3.0444E-01  -4.9306E-02
  -2.4056E+00   2.0457E+00   4.2701E-01  -5.5124E-01   3.8613E-01  -6.1952E-01
  -1.0395E+00   6.8341E-01  -4.5753E+00   3.7642E+00   5.0003E-02  -4.7723E-01
   3.6445E+00  -3.7692E+00  -1.7304E+00   1.5615E+00   1.2567E+00  -1.1792E+00
  -2.9905E+00   2.6522E+00  -1.2013E+00   1.0126E+00   3.8120E+00  -3.5818E+00
  -6.3649E-01   4.2363E-01   4.5288E+00  -4.3097E+00  -2.2737E+00   1.9295E+00
  -2.2293E+00   1.9886E+00   4.5733E+00  -4.2481E+00  -1.2418E+00   9.6434E-01
  -3.0321E+00   2.6058E+00  -5.8896E-01   4.8476E-01   3.7712E+00  -3.6302E+00
  -2.4650E+00   1.6840E+00   2.7633E+00  -3.1108E+00   7.3922E-01  -1.2533E+00
   2.1598E-01  -5.3751E-01  -3.3765E+00   2.7567E+00   3.4250E+00  -3.4774E+00
   7.1019E+00  -6.6849E+00  -3.2940E+00   2.8412E+00  -6.4228E+00   5.8859E+00
   3.5865E+00  -3.2864E+00   2.3919E-01  -2.5707E-01   2.4130E+00  -2.2504E+00
  -2.9688E+00   2.6836E+00   4.6145E+00  -4.2107E+00  -3.7546E+00   3.4613E+00
  -3.2515E+00   2.8923E+00   3.6508E-01  -3.7152E-01  -3.2268E+00   2.9233E+00
   1.0224E+00  -9.1655E-01   3.5734E+00  -3.3112E+00   7.1399E+00  -6.6362E+00
   4.4721E-01  -4.2783E-01  -4.3765E+00   3.9962E+00   3.8453E+00  -3.5397E+00
   2.4913E-01  -2.4524E-01   2.0173E+00  -1.8675E+00  -1.8712E-01   9.0583E-02
  -3.3965E-01   2.2863E-01   1.2315E+00  -1.2075E+00  -6.4068E+00   5.8835E+00
   3.0350E+00  -2.7808E+00   7.1880E+00  -6.5847E+00   2.5642E-03   3.3961E-03
   1.0136E+00  -9.2752E-01  -2.1946E+00   2.0151E+00  -1.0942E+00   1.0344E+00
   2.0409E+00  -1.8398E+00   3.8268E-01  -3.5129E-01
  > E    =  -9.159208997372E+02 +/-   2.626182236285E-04
  > varE =   1.034635320057E-02
* Computing derivatives.
    [walltime: 1m11s elapsed, 2h54m remaining]
    [walltime: 1h elapsed, 1h53m remaining]
  Done. [total walltime: 2h53m]
* Optimizing manipulation constant:
  #igrid a___________ E____________________________________ varE____________
     1     Infinity    -9.15920900E+02 +/-   2.62618224E-04   1.03463532E-02
     2     1.0000E+06  -9.15920900E+02 +/-   2.62618220E-04   1.03463529E-02
     3     2.1544E+05  -9.15920900E+02 +/-   2.62618207E-04   1.03463519E-02
     4     4.6416E+04  -9.15920900E+02 +/-   2.62618147E-04   1.03463472E-02
     5     1.0000E+04  -9.15920900E+02 +/-   2.62617867E-04   1.03463251E-02
     6     2.1544E+03  -9.15920900E+02 +/-   2.62616563E-04   1.03462223E-02
     7     4.6416E+02  -9.15920901E+02 +/-   2.62610366E-04   1.03457341E-02
     8     1.0000E+02  -9.15920904E+02 +/-   2.62578585E-04   1.03432301E-02
     9     2.1544E+01  -9.15920903E+02 +/-   2.62393148E-04   1.03286262E-02
    10     4.6416E+00  -9.15919649E+02 +/-   2.70413169E-04   1.09696623E-02
    11     1.0000E+00  -9.15857320E+02 +/-   6.03858397E-04   5.47025789E-02
    12     2.1544E-01  -9.15725265E+02 +/-   9.57754962E-04   1.37608862E-01
    13     4.6416E-02  -9.14364203E+02 +/-   2.44004440E-03   8.93167765E-01
    14     1.0000E-02  -9.13961894E+02 +/-   5.34691399E-03   4.28888082E+00
    15     2.1544E-03  -9.13893338E+02 +/-   6.58266648E-03   6.50041799E+00
    16     4.6416E-04  -9.13879235E+02 +/-   6.89418069E-03   7.13021959E+00
    17     1.0000E-04  -9.13876228E+02 +/-   6.96370198E-03   7.27474767E+00
    18     2.1544E-05  -9.13875582E+02 +/-   6.97879516E-03   7.30631654E+00
    19     4.6416E-06  -9.13875442E+02 +/-   6.98205227E-03   7.31313808E+00
    20     1.0000E-06  -9.13875412E+02 +/-   6.98275425E-03   7.31460869E+00
    21     0.0000E+00  -9.13875404E+02 +/-   6.98294703E-03   7.31501256E+00
* Iteration # 1: E =  -9.159209036968E+02 +/-   2.625785847005E-04
* Convergence: exiting.
* After optimization:
  -6.0289E+00  -6.0342E+00  -6.0356E+00  -6.0192E+00  -6.0198E+00  -6.0280E+00
   9.3292E-01   9.3250E-01   9.5647E-01   5.7359E-01   5.7257E-01   8.0513E-01
   8.0458E-01   8.4806E-01   8.3741E-01   1.2586E+00   1.2487E+00   5.4790E-01
   5.3798E-01   6.9494E-01   6.9486E-01   5.9846E-01   1.1987E+00   3.4795E-01
   3.4749E-01   1.0586E-01   2.4088E-01   2.4118E-01   8.2772E-02   8.2144E-02
   5.5974E-01   5.6056E-01   2.8663E-01   2.8725E-01   3.5706E-01   3.5722E-01
   2.2349E-01   2.2388E-01   3.2113E-01   3.2085E-01   3.4059E-01   1.4440E-01
   2.4617E-01   3.4449E-01   3.4447E-01   7.9452E-01   7.9583E-01   4.2423E-01
   4.2291E-01   1.2307E-01   1.2196E-01   1.5052E-01   1.5007E-01  -8.3744E-02
  -8.3378E-02   3.5420E-01   3.5318E-01   1.7810E-01   1.7809E-01  -2.2300E-01
  -2.2335E-01   2.0296E-01   2.0283E-01  -2.3221E-01  -2.3303E-01   3.4143E-01
   3.4111E-01   2.3677E-01   2.3703E-01  -3.3981E-01  -3.4018E-01   2.6790E-01
   2.6808E-01   4.4331E-01   4.4295E-01   9.7284E-02   9.7618E-02  -1.3010E-01
  -1.3039E-01   7.3754E-01   7.3403E-01   2.9720E-01   2.9333E-01   4.6159E-01
   4.5842E-01   3.3348E-01   3.3522E-01   6.3528E-01   6.1066E-02   5.8455E-02
  -4.2015E-01   4.5716E-01   5.5120E-01  -3.0039E-01  -2.9984E-01   2.7220E-02
   2.7498E-02  -1.7464E-01  -1.7437E-01   3.0266E-01   3.0218E-01  -4.1936E-01
  -4.1959E-01   2.9182E-01   2.9180E-01   3.6908E-01   1.2752E-02   1.2361E-02
   3.1197E-01  -1.1940E-01  -1.1963E-01  -2.6365E-01  -2.6346E-01  -5.0557E-01
  -4.1400E-02  -4.1257E-02   3.7724E-01   3.7784E-01  -2.9592E-01  -2.9623E-01
   4.7110E-03   4.4332E-03  -1.7760E-01   7.5556E-02   7.5663E-02   1.1277E-01
   1.1234E-01  -2.3100E-02  -2.3362E-02   5.4470E-01  -2.6336E-01  -2.6292E-01
  -6.0615E-01  -5.7533E-03  -9.9368E-02  -9.9095E-02   1.7643E-01   1.7646E-01
   4.1377E-02  -2.2966E-01  -2.4461E-02  -2.4803E-02  -2.5474E-02  -7.4634E-01
  -3.3060E-01  -4.6632E-01   1.0255E+00  -1.5556E+00  -1.7753E+00   1.0173E+00
   7.7424E-01  -1.5362E+00  -4.1494E+00   2.9819E+00   4.3799E+00  -4.8406E+00
  -1.1553E+00   4.9739E-01   1.9060E-02  -5.7822E-01  -6.9235E+00   5.7085E+00
   3.2865E+00  -3.6519E+00   2.1959E+00  -2.2983E+00   5.7297E-01  -8.0982E-01
   2.4321E+00  -2.5130E+00  -3.2965E+00   2.7368E+00   8.8110E-04  -2.8703E-01
  -4.6456E-01   9.6748E-02   1.1579E+00  -1.3919E+00  -1.7640E-02  -3.1255E-01
  -2.1455E+00   1.8069E+00   2.0654E-01  -3.4940E-01   1.6557E-01  -4.1764E-01
  -1.0197E+00   6.6497E-01  -4.5402E+00   3.7317E+00  -6.0355E-02  -3.7641E-01
   3.5455E+00  -3.6788E+00  -1.4988E+00   1.3491E+00   1.3033E+00  -1.2220E+00
  -3.1957E+00   2.8400E+00  -1.0713E+00   8.9316E-01   3.7131E+00  -3.4913E+00
  -5.3508E-01   3.3032E-01   4.6969E+00  -4.4641E+00  -2.2119E+00   1.8724E+00
  -2.1674E+00   1.9317E+00   4.7413E+00  -4.4024E+00  -1.1118E+00   8.4491E-01
  -3.2373E+00   2.7937E+00  -4.8752E-01   3.9154E-01   3.6722E+00  -3.5397E+00
  -2.4032E+00   1.6269E+00   2.8760E+00  -3.2145E+00   8.9587E-01  -1.3973E+00
   1.3226E-01  -4.6118E-01  -3.4716E+00   2.8434E+00   3.4361E+00  -3.4881E+00
   7.1245E+00  -6.7059E+00  -3.3890E+00   2.9280E+00  -6.6125E+00   6.0598E+00
   3.5979E+00  -3.2968E+00   1.2892E-01  -1.5617E-01   2.5544E+00  -2.3802E+00
  -3.1740E+00   2.8715E+00   4.7827E+00  -4.3648E+00  -3.7479E+00   3.4552E+00
  -3.3465E+00   2.9791E+00   2.8151E-01  -2.9502E-01  -3.3217E+00   3.0102E+00
   1.1792E+00  -1.0603E+00   3.5847E+00  -3.3216E+00   7.1625E+00  -6.6572E+00
   7.0556E-01  -6.6475E-01  -4.3412E+00   3.9638E+00   3.7464E+00  -3.4491E+00
   1.3890E-01  -1.4428E-01   2.3310E+00  -2.1550E+00   9.9702E-02  -1.7263E-01
  -3.4841E-01   2.3639E-01   1.2780E+00  -1.2504E+00  -6.5966E+00   6.0574E+00
   3.1479E+00  -2.8844E+00   7.2107E+00  -6.6055E+00   2.5785E-03   3.4150E-03
   1.1705E+00  -1.0713E+00  -2.1327E+00   1.9583E+00  -8.9106E-01   8.4834E-01
   2.3546E+00  -2.1273E+00   2.9915E-01  -2.7476E-01
  > Energy =  -9.159209036968E+02 +/-   2.625785847005E-04
  > varE =   1.034323013171E-02

VMC #5:
* Size of Hilbert space =   7.3125E+12
* Number of equil. steps   = 1000
* Running VMC equilibration.
  Done. [total walltime: 0.02s]
* Equil. acc.ratio (%)     =  16.8678
* Sample config after equilibration:
  [draw: system geometry not defined]
* Number of accum. steps   = 600064 x 10
* Running VMC accumulation.
    [walltime: 1m elapsed, 11m12s remaining]
  Done. [total walltime: 12m23s]
* Acceptance ratio (%)     =  16.8570
* Etot/t                   =  -9.159212275582E+02 +/-   1.304721459668E-04
  > Ttot/t                 =  -9.555731229439E+01 +/-   1.121047362561E-03
  > Utot/t                 =   4.254087298528E+01 +/-   1.116469745232E-03
* var[Eloc/t]              =   1.048497275924E-02 +/-   8.901797559237E-05
* Correlation length       =   9.742398220046E-01
* log10 Psi^2 range: -47.904459822018744 -- -35.576544427175477
* log10 Pgen range : -47.904459822018744 -- -35.576544427175477
* Site occupation (ave. no. electrons per config.):
  > Site_  ___eu____  ___ed____
      1        0.499      0.500
      2        0.498      0.499
      3        0.497      0.498
      4        0.498      0.497
      5        0.502      0.501
      6        0.498      0.500
      7        0.502      0.502
      8        0.500      0.498
      9        0.501      0.498
     10        0.500      0.500
     11        0.501      0.500
     12        0.502      0.502
     13        0.499      0.502
     14        0.499      0.501
     15        0.498      0.499
     16        0.500      0.498
     17        0.499      0.498
     18        0.502      0.502
     19        0.500      0.502
     20        0.500      0.500
     21        0.502      0.503
     22        0.500      0.503
     23        0.499      0.498
     24        0.501      0.500
* Pair-correlation analysis (ave. no. pairs per config.):
  > Shell  nsite  ___dh____  __eueu___  __eued___
      0      1        0          0          4.457
      1      0        0.891      0.680      2.473
      2      0        0.450      0.341      1.230
      3      0        0.692      1.164      2.215
      4      0        0.344      0.580      1.111
      5      0        0.563      1.412      2.124
      6      0        0.561      1.415      2.120
      7      0        0.560      1.415      2.128
      8      0        0.576      1.428      2.107
      9      0        0.288      0.713      1.056
     10      0        0.127      1.018      0.985
     11      0        0.260      2.039      1.972
     12      0        0.168      0.922      1.029
     13      0        0.340      1.845      2.058
     14      0        0.318      1.836      2.096
     15      0        0.317      1.830      2.097
     16      0        0.319      1.829      2.101
     17      0        0.291      2.060      1.945
     18      0        0.290      2.060      1.947
     19      0        0.290      2.058      1.947
     20      0        0.080      0.486      0.502
     21      0        0.159      0.968      1.012
     22      0        0.150      1.017      0.981
     23      0        0.296      2.023      1.975
     24      0        0.266      2.078      1.945
     25      0        0.268      2.087      1.943
     26      0        0.266      2.085      1.951
     27      0        0.149      1.001      0.993
     28      0        0.299      2.004      1.981
     29      0        0.273      2.026      1.978
     30      0        0.276      2.026      1.981
     31      0        0.272      2.027      1.988
     32      0        0.275      2.025      1.976
     33      0        0.273      2.027      1.977
     34      0        0.270      2.022      1.979
     35      0        0.283      1.937      2.038
     36      0        0.286      1.946      2.031
     37      0        0.277      1.992      2.014
     38      0        0.273      1.990      2.013
     39      0        0.287      1.942      2.036
     40      0        0.274      1.996      2.016
     41      0        0.257      2.104      1.933
     42      0        0.257      2.105      1.944
     43      0        0.258      2.105      1.941
     44      0        0.262      1.950      2.047
     45      0        0.262      1.950      2.048
     46      0        0.264      1.953      2.051
     47      0        0.125      1.024      0.992
     48      0        0.254      2.039      1.976
     49      0        0.130      0.987      1.011
     50      0        0.261      1.978      2.031
     51      0        0.277      2.009      1.996
     52      0        0.275      2.009      1.998
     53      0        0.275      2.006      1.994
     54      0        0.274      2.009      1.990
     55      0        0.276      2.003      1.987
     56      0        0.256      1.990      2.019
     57      0        0.248      2.028      1.996
     58      0        0.250      2.026      1.994
     59      0        0.278      2.008      1.987
     60      0        0.252      2.026      1.999
     61      0        0.126      0.999      1.012
     62      0        0.302      2.004      1.967
     63      0        0.277      1.986      2.009
     64      0        0.279      1.994      2.009
     65      0        0.279      1.990      2.011
     66      0        0.150      1.002      0.983
     67      0        0.303      1.972      2.005
     68      0        0.302      1.971      2.010
     69      0        0.302      1.967      2.012
     70      0        0.125      1.007      0.999
     71      0        0.279      1.987      2.008
     72      0        0.126      1.008      1.006
     73      0        0.127      1.003      1.006
     74      0        0.278      1.985      2.007
     75      0        0.276      1.983      2.003
     76      0        0.076      0.494      0.498
     77      0        0.153      0.980      0.998
     78      0        0.253      2.002      2.014
     79      0        0.129      1.006      1.001

Optimization #5:
* Method          : lls
* Target function : energy
* No. of configs. : 150016
* No. of params.  : 298
* Before optimization:
  -6.0289E+00  -6.0342E+00  -6.0356E+00  -6.0192E+00  -6.0198E+00  -6.0280E+00
   9.3292E-01   9.3250E-01   9.5647E-01   5.7359E-01   5.7257E-01   8.0513E-01
   8.0458E-01   8.4806E-01   8.3741E-01   1.2586E+00   1.2487E+00   5.4790E-01
   5.3798E-01   6.9494E-01   6.9486E-01   5.9846E-01   1.1987E+00   3.4795E-01
   3.4749E-01   1.0586E-01   2.4088E-01   2.4118E-01   8.2772E-02   8.2144E-02
   5.5974E-01   5.6056E-01   2.8663E-01   2.8725E-01   3.5706E-01   3.5722E-01
   2.2349E-01   2.2388E-01   3.2113E-01   3.2085E-01   3.4059E-01   1.4440E-01
   2.4617E-01   3.4449E-01   3.4447E-01   7.9452E-01   7.9583E-01   4.2423E-01
   4.2291E-01   1.2307E-01   1.2196E-01   1.5052E-01   1.5007E-01  -8.3744E-02
  -8.3378E-02   3.5420E-01   3.5318E-01   1.7810E-01   1.7809E-01  -2.2300E-01
  -2.2335E-01   2.0296E-01   2.0283E-01  -2.3221E-01  -2.3303E-01   3.4143E-01
   3.4111E-01   2.3677E-01   2.3703E-01  -3.3981E-01  -3.4018E-01   2.6790E-01
   2.6808E-01   4.4331E-01   4.4295E-01   9.7284E-02   9.7618E-02  -1.3010E-01
  -1.3039E-01   7.3754E-01   7.3403E-01   2.9720E-01   2.9333E-01   4.6159E-01
   4.5842E-01   3.3348E-01   3.3522E-01   6.3528E-01   6.1066E-02   5.8455E-02
  -4.2015E-01   4.5716E-01   5.5120E-01  -3.0039E-01  -2.9984E-01   2.7220E-02
   2.7498E-02  -1.7464E-01  -1.7437E-01   3.0266E-01   3.0218E-01  -4.1936E-01
  -4.1959E-01   2.9182E-01   2.9180E-01   3.6908E-01   1.2752E-02   1.2361E-02
   3.1197E-01  -1.1940E-01  -1.1963E-01  -2.6365E-01  -2.6346E-01  -5.0557E-01
  -4.1400E-02  -4.1257E-02   3.7724E-01   3.7784E-01  -2.9592E-01  -2.9623E-01
   4.7110E-03   4.4332E-03  -1.7760E-01   7.5556E-02   7.5663E-02   1.1277E-01
   1.1234E-01  -2.3100E-02  -2.3362E-02   5.4470E-01  -2.6336E-01  -2.6292E-01
  -6.0615E-01  -5.7533E-03  -9.9368E-02  -9.9095E-02   1.7643E-01   1.7646E-01
   4.1377E-02  -2.2966E-01  -2.4461E-02  -2.4803E-02  -2.5474E-02  -7.4634E-01
  -3.3060E-01  -4.6632E-01   1.0255E+00  -1.5556E+00  -1.7753E+00   1.0173E+00
   7.7424E-01  -1.5362E+00  -4.1494E+00   2.9819E+00   4.3799E+00  -4.8406E+00
  -1.1553E+00   4.9739E-01   1.9060E-02  -5.7822E-01  -6.9235E+00   5.7085E+00
   3.2865E+00  -3.6519E+00   2.1959E+00  -2.2983E+00   5.7297E-01  -8.0982E-01
   2.4321E+00  -2.5130E+00  -3.2965E+00   2.7368E+00   8.8110E-04  -2.8703E-01
  -4.6456E-01   9.6748E-02   1.1579E+00  -1.3919E+00  -1.7640E-02  -3.1255E-01
  -2.1455E+00   1.8069E+00   2.0654E-01  -3.4940E-01   1.6557E-01  -4.1764E-01
  -1.0197E+00   6.6497E-01  -4.5402E+00   3.7317E+00  -6.0355E-02  -3.7641E-01
   3.5455E+00  -3.6788E+00  -1.4988E+00   1.3491E+00   1.3033E+00  -1.2220E+00
  -3.1957E+00   2.8400E+00  -1.0713E+00   8.9316E-01   3.7131E+00  -3.4913E+00
  -5.3508E-01   3.3032E-01   4.6969E+00  -4.4641E+00  -2.2119E+00   1.8724E+00
  -2.1674E+00   1.9317E+00   4.7413E+00  -4.4024E+00  -1.1118E+00   8.4491E-01
  -3.2373E+00   2.7937E+00  -4.8752E-01   3.9154E-01   3.6722E+00  -3.5397E+00
  -2.4032E+00   1.6269E+00   2.8760E+00  -3.2145E+00   8.9587E-01  -1.3973E+00
   1.3226E-01  -4.6118E-01  -3.4716E+00   2.8434E+00   3.4361E+00  -3.4881E+00
   7.1245E+00  -6.7059E+00  -3.3890E+00   2.9280E+00  -6.6125E+00   6.0598E+00
   3.5979E+00  -3.2968E+00   1.2892E-01  -1.5617E-01   2.5544E+00  -2.3802E+00
  -3.1740E+00   2.8715E+00   4.7827E+00  -4.3648E+00  -3.7479E+00   3.4552E+00
  -3.3465E+00   2.9791E+00   2.8151E-01  -2.9502E-01  -3.3217E+00   3.0102E+00
   1.1792E+00  -1.0603E+00   3.5847E+00  -3.3216E+00   7.1625E+00  -6.6572E+00
   7.0556E-01  -6.6475E-01  -4.3412E+00   3.9638E+00   3.7464E+00  -3.4491E+00
   1.3890E-01  -1.4428E-01   2.3310E+00  -2.1550E+00   9.9702E-02  -1.7263E-01
  -3.4841E-01   2.3639E-01   1.2780E+00  -1.2504E+00  -6.5966E+00   6.0574E+00
   3.1479E+00  -2.8844E+00   7.2107E+00  -6.6055E+00   2.5785E-03   3.4150E-03
   1.1705E+00  -1.0713E+00  -2.1327E+00   1.9583E+00  -8.9106E-01   8.4834E-01
   2.3546E+00  -2.1273E+00   2.9915E-01  -2.7476E-01
  > E    =  -9.159210409155E+02 +/-   2.634850886841E-04
  > varE =   1.041476958410E-02
* Computing derivatives.
    [walltime: 1m12s elapsed, 2h54m remaining]
    [walltime: 1h elapsed, 1h53m remaining]
  Done. [total walltime: 2h53m]
* Optimizing manipulation constant:
  #igrid a___________ E____________________________________ varE____________
     1     Infinity    -9.15921041E+02 +/-   2.63485089E-04   1.04147696E-02
     2     1.0000E+06  -9.15921041E+02 +/-   2.63485083E-04   1.04147691E-02
     3     2.1544E+05  -9.15921041E+02 +/-   2.63485061E-04   1.04147674E-02
     4     4.6416E+04  -9.15921041E+02 +/-   2.63484961E-04   1.04147595E-02
     5     1.0000E+04  -9.15921041E+02 +/-   2.63484493E-04   1.04147225E-02
     6     2.1544E+03  -9.15921041E+02 +/-   2.63482268E-04   1.04145466E-02
     7     4.6416E+02  -9.15921042E+02 +/-   2.63470781E-04   1.04136385E-02
     8     1.0000E+02  -9.15921046E+02 +/-   2.63392842E-04   1.04074784E-02
     9     2.1544E+01  -9.15921058E+02 +/-   2.62599451E-04   1.03448741E-02
    10     4.6416E+00  -9.15918329E+02 +/-   2.78481708E-04   1.16340501E-02
    11     1.0000E+00  -9.15004009E+02 +/-   1.89452550E-03   5.38441456E-01
    12     2.1544E-01  -9.15117343E+02 +/-   1.82571869E-03   5.00040641E-01
    13     4.6416E-02  -9.14680079E+02 +/-   2.87199279E-03   1.23738336E+00
    14     1.0000E-02  -9.14816007E+02 +/-   4.24664592E-03   2.70538878E+00
    15     2.1544E-03  -9.14881845E+02 +/-   4.70847154E-03   3.32581035E+00
    16     4.6416E-04  -9.14898122E+02 +/-   4.81763437E-03   3.48181150E+00
    17     1.0000E-04  -9.14901730E+02 +/-   4.84162458E-03   3.51657434E+00
    18     2.1544E-05  -9.14902512E+02 +/-   4.84681524E-03   3.52411857E+00
    19     4.6416E-06  -9.14902681E+02 +/-   4.84793457E-03   3.52574648E+00
    20     1.0000E-06  -9.14902718E+02 +/-   4.84817577E-03   3.52609732E+00
    21     0.0000E+00  -9.14902727E+02 +/-   4.84824201E-03   3.52619367E+00
  ParMin   4.6056E+01  -9.15921052E+02 +/-   2.63205608E-04   1.03926872E-02
  # Using grid point #9
* Iteration # 1: E =  -9.159210581752E+02 +/-   2.625994505693E-04
* Diminishing returns: exiting.
* After optimization:
  -5.9223E+00  -5.9272E+00  -5.9287E+00  -5.9126E+00  -5.9134E+00  -5.9215E+00
   9.0837E-01   9.0793E-01   9.5813E-01   5.4461E-01   5.4353E-01   8.5656E-01
   8.5597E-01   8.3419E-01   8.2356E-01   1.3372E+00   1.3272E+00   4.9525E-01
   4.8546E-01   6.6717E-01   6.6712E-01   5.7040E-01   1.2253E+00   3.1107E-01
   3.1056E-01   7.6188E-02   2.9124E-01   2.9136E-01   3.0931E-02   3.0159E-02
   5.5852E-01   5.5939E-01   2.7315E-01   2.7373E-01   4.0814E-01   4.0805E-01
   1.9461E-01   1.9492E-01   2.9244E-01   2.9219E-01   3.1293E-01   1.1600E-01
   2.1805E-01   3.1671E-01   3.1673E-01   7.9383E-01   7.9512E-01   4.1084E-01
   4.0951E-01   7.0787E-02   6.9643E-02   2.0090E-01   2.0045E-01  -1.1353E-01
  -1.1323E-01   3.5269E-01   3.5156E-01   1.6466E-01   1.6474E-01  -2.7555E-01
  -2.7593E-01   2.6866E-01   2.6854E-01  -2.8547E-01  -2.8626E-01   3.3944E-01
   3.3905E-01   2.3410E-01   2.3441E-01  -3.9365E-01  -3.9404E-01   2.5472E-01
   2.5488E-01   4.4224E-01   4.4177E-01   1.6240E-01   1.6259E-01  -1.8254E-01
  -1.8286E-01   7.3593E-01   7.3243E-01   3.2439E-01   3.2062E-01   4.4754E-01
   4.4439E-01   3.0867E-01   3.1026E-01   6.4923E-01   2.3720E-02   2.1232E-02
  -4.9665E-01   4.7064E-01   5.7547E-01  -3.3944E-01  -3.3887E-01   1.3066E-02
   1.3309E-02  -2.2737E-01  -2.2713E-01   3.0066E-01   3.0031E-01  -4.7451E-01
  -4.7474E-01   3.6782E-01   3.6780E-01   3.8266E-01  -1.3621E-02  -1.3949E-02
   3.2472E-01  -1.3551E-01  -1.3575E-01  -3.0207E-01  -3.0187E-01  -5.8218E-01
   7.4107E-03   7.7198E-03   3.7537E-01   3.7594E-01  -3.4932E-01  -3.4959E-01
  -9.6588E-03  -1.0014E-02  -2.0877E-01   4.6728E-02   4.6844E-02   1.6342E-01
   1.6323E-01  -5.2273E-02  -5.2590E-02   5.6872E-01  -2.3809E-01  -2.3771E-01
  -6.8450E-01  -5.9090E-03  -1.1511E-01  -1.1485E-01   1.7274E-01   1.7285E-01
   1.6928E-01  -2.6156E-01  -5.1505E-02  -5.1861E-02   2.9288E-01  -1.0407E+00
  -3.3131E-01  -4.6720E-01   1.3883E+00  -1.8889E+00  -2.3776E+00   1.5671E+00
   9.6168E-01  -1.7094E+00  -5.0692E+00   3.8220E+00   5.0341E+00  -5.4425E+00
  -8.1033E-01   1.7989E-01   3.6844E-01  -8.9946E-01  -7.2190E+00   5.9772E+00
   3.7526E+00  -4.0813E+00   2.5711E+00  -2.6443E+00  -1.0142E-02  -2.7564E-01
   3.0689E+00  -3.0982E+00  -3.2694E+00   2.7108E+00   1.7541E-01  -4.4792E-01
  -1.0614E+00   6.4323E-01   1.5202E+00  -1.7255E+00   3.4055E-01  -6.4204E-01
  -1.8047E+00   1.4937E+00   5.5597E-01  -6.7073E-01   5.1464E-01  -7.3885E-01
  -6.7453E-01   3.4792E-01  -4.5174E+00   3.7096E+00   1.1395E-01  -5.3741E-01
   4.1868E+00  -4.2675E+00  -2.0998E+00   1.8990E+00   1.6662E+00  -1.5549E+00
  -3.1682E+00   2.8143E+00  -9.0115E-01   7.3612E-01   4.3543E+00  -4.0800E+00
  -1.3067E+00   1.0366E+00   5.3513E+00  -5.0652E+00  -2.1718E+00   1.8340E+00
  -2.1271E+00   1.8936E+00   5.3956E+00  -5.0037E+00  -9.4169E-01   6.8796E-01
  -3.2101E+00   2.7678E+00  -1.2601E+00   1.0998E+00   4.3138E+00  -4.1291E+00
  -2.3632E+00   1.5885E+00   2.5712E+00  -2.9361E+00   1.0833E+00  -1.5705E+00
   4.5109E-01  -7.5492E-01  -3.6197E+00   2.9774E+00   3.9022E+00  -3.9166E+00
   8.0579E+00  -7.5629E+00  -3.5367E+00   3.0624E+00  -6.9068E+00   6.3299E+00
   4.0646E+00  -3.7250E+00   3.0363E-01  -3.1669E-01   3.1920E+00  -2.9651E+00
  -3.1465E+00   2.8459E+00   5.4379E+00  -4.9647E+00  -4.6654E+00   4.2963E+00
  -3.4944E+00   3.1133E+00   6.0098E-01  -5.8823E-01  -3.4692E+00   3.1448E+00
   1.3674E+00  -1.2323E+00   4.0512E+00  -3.7500E+00   8.0957E+00  -7.5147E+00
   1.2230E-01  -1.3153E-01  -4.3178E+00   3.9424E+00   4.3885E+00  -4.0379E+00
   3.1369E-01  -3.0461E-01   2.7069E+00  -2.4998E+00   4.5757E-01  -5.0222E-01
  -9.4567E-01   7.8305E-01   1.6405E+00  -1.5839E+00  -6.8911E+00   6.3275E+00
   2.8440E+00  -2.6057E+00   8.1442E+00  -7.4610E+00   2.6692E-03   3.5248E-03
   1.3585E+00  -1.2437E+00  -2.0919E+00   1.9208E+00  -2.4332E+00   2.2601E+00
   2.7311E+00  -2.4715E+00   6.1914E-01  -5.6785E-01
  > Energy =  -9.159210581752E+02 +/-   2.625994505693E-04
  > varE =   1.034487405144E-02

VMC #6:
* Size of Hilbert space =   7.3125E+12
* Number of equil. steps   = 1000
* Running VMC equilibration.
  Done. [total walltime: 0.02s]
* Equil. acc.ratio (%)     =  16.8524
* Sample config after equilibration:
  [draw: system geometry not defined]
* Number of accum. steps   = 600064 x 10
* Running VMC accumulation.
    [walltime: 1m elapsed, 11m25s remaining]
  Done. [total walltime: 12m25s]
* Acceptance ratio (%)     =  16.8666
* Etot/t                   =  -9.159211145551E+02 +/-   1.338054493355E-04
  > Ttot/t                 =  -9.555993459215E+01 +/-   1.095895141452E-03
  > Utot/t                 =   4.254360828614E+01 +/-   1.091506750230E-03
* var[Eloc/t]              =   1.045071413948E-02 +/-   7.496016484822E-05
* Correlation length       =   1.028014417887E+00
* log10 Psi^2 range: -46.969411656755177 -- -35.681782732817098
* log10 Pgen range : -46.969411656755177 -- -35.681782732817098
* Site occupation (ave. no. electrons per config.):
  > Site_  ___eu____  ___ed____
      1        0.497      0.499
      2        0.500      0.499
      3        0.500      0.497
      4        0.498      0.499
      5        0.502      0.502
      6        0.499      0.501
      7        0.500      0.501
      8        0.499      0.500
      9        0.500      0.498
     10        0.499      0.500
     11        0.501      0.501
     12        0.501      0.503
     13        0.503      0.499
     14        0.499      0.503
     15        0.498      0.500
     16        0.500      0.499
     17        0.498      0.498
     18        0.502      0.500
     19        0.502      0.499
     20        0.502      0.503
     21        0.503      0.501
     22        0.500      0.500
     23        0.497      0.498
     24        0.501      0.503
* Pair-correlation analysis (ave. no. pairs per config.):
  > Shell  nsite  ___dh____  __eueu___  __eued___
      0      1        0          0          4.461
      1      0        0.895      0.674      2.471
      2      0        0.448      0.338      1.236
      3      0        0.695      1.159      2.218
      4      0        0.347      0.580      1.110
      5      0        0.560      1.413      2.127
      6      0        0.558      1.417      2.122
      7      0        0.562      1.417      2.124
      8      0        0.580      1.428      2.104
      9      0        0.292      0.711      1.053
     10      0        0.128      1.015      0.983
     11      0        0.259      2.040      1.969
     12      0        0.170      0.919      1.032
     13      0        0.339      1.848      2.062
     14      0        0.322      1.832      2.094
     15      0        0.318      1.833      2.092
     16      0        0.322      1.827      2.098
     17      0        0.291      2.061      1.951
     18      0        0.289      2.066      1.947
     19      0        0.290      2.062      1.947
     20      0        0.080      0.485      0.504
     21      0        0.159      0.967      1.013
     22      0        0.149      1.019      0.983
     23      0        0.299      2.023      1.975
     24      0        0.265      2.079      1.945
     25      0        0.266      2.090      1.945
     26      0        0.267      2.083      1.951
     27      0        0.151      1.001      0.991
     28      0        0.300      2.007      1.979
     29      0        0.273      2.023      1.982
     30      0        0.271      2.030      1.983
     31      0        0.274      2.027      1.986
     32      0        0.270      2.030      1.980
     33      0        0.271      2.030      1.980
     34      0        0.272      2.019      1.979
     35      0        0.286      1.935      2.033
     36      0        0.286      1.949      2.031
     37      0        0.276      1.988      2.015
     38      0        0.276      1.989      2.010
     39      0        0.286      1.940      2.038
     40      0        0.280      1.994      2.010
     41      0        0.257      2.103      1.935
     42      0        0.259      2.107      1.943
     43      0        0.255      2.112      1.937
     44      0        0.262      1.952      2.046
     45      0        0.261      1.947      2.050
     46      0        0.262      1.951      2.054
     47      0        0.128      1.021      0.992
     48      0        0.251      2.043      1.973
     49      0        0.128      0.986      1.012
     50      0        0.260      1.984      2.024
     51      0        0.278      2.008      1.998
     52      0        0.275      2.009      2.000
     53      0        0.275      2.002      1.997
     54      0        0.278      2.003      1.992
     55      0        0.274      2.007      1.986
     56      0        0.254      1.995      2.013
     57      0        0.252      2.020      1.994
     58      0        0.249      2.020      1.997
     59      0        0.275      2.008      1.990
     60      0        0.251      2.021      2.005
     61      0        0.127      1.000      1.011
     62      0        0.301      2.008      1.970
     63      0        0.279      1.987      2.002
     64      0        0.279      1.996      2.006
     65      0        0.280      1.990      2.009
     66      0        0.150      1.004      0.984
     67      0        0.304      1.970      2.007
     68      0        0.304      1.972      2.009
     69      0        0.306      1.965      2.011
     70      0        0.125      1.003      1.000
     71      0        0.278      1.988      2.010
     72      0        0.125      1.009      1.006
     73      0        0.126      1.003      1.007
     74      0        0.278      1.986      2.006
     75      0        0.276      1.988      2.002
     76      0        0.076      0.494      0.500
     77      0        0.153      0.982      1.000
     78      0        0.254      2.002      2.008
     79      0        0.126      1.008      1.003

Optimization #6:
* Method          : lls
* Target function : energy
* No. of configs. : 150016
* No. of params.  : 298
* Before optimization:
  -5.9223E+00  -5.9272E+00  -5.9287E+00  -5.9126E+00  -5.9134E+00  -5.9215E+00
   9.0837E-01   9.0793E-01   9.5813E-01   5.4461E-01   5.4353E-01   8.5656E-01
   8.5597E-01   8.3419E-01   8.2356E-01   1.3372E+00   1.3272E+00   4.9525E-01
   4.8546E-01   6.6717E-01   6.6712E-01   5.7040E-01   1.2253E+00   3.1107E-01
   3.1056E-01   7.6188E-02   2.9124E-01   2.9136E-01   3.0931E-02   3.0159E-02
   5.5852E-01   5.5939E-01   2.7315E-01   2.7373E-01   4.0814E-01   4.0805E-01
   1.9461E-01   1.9492E-01   2.9244E-01   2.9219E-01   3.1293E-01   1.1600E-01
   2.1805E-01   3.1671E-01   3.1673E-01   7.9383E-01   7.9512E-01   4.1084E-01
   4.0951E-01   7.0787E-02   6.9643E-02   2.0090E-01   2.0045E-01  -1.1353E-01
  -1.1323E-01   3.5269E-01   3.5156E-01   1.6466E-01   1.6474E-01  -2.7555E-01
  -2.7593E-01   2.6866E-01   2.6854E-01  -2.8547E-01  -2.8626E-01   3.3944E-01
   3.3905E-01   2.3410E-01   2.3441E-01  -3.9365E-01  -3.9404E-01   2.5472E-01
   2.5488E-01   4.4224E-01   4.4177E-01   1.6240E-01   1.6259E-01  -1.8254E-01
  -1.8286E-01   7.3593E-01   7.3243E-01   3.2439E-01   3.2062E-01   4.4754E-01
   4.4439E-01   3.0867E-01   3.1026E-01   6.4923E-01   2.3720E-02   2.1232E-02
  -4.9665E-01   4.7064E-01   5.7547E-01  -3.3944E-01  -3.3887E-01   1.3066E-02
   1.3309E-02  -2.2737E-01  -2.2713E-01   3.0066E-01   3.0031E-01  -4.7451E-01
  -4.7474E-01   3.6782E-01   3.6780E-01   3.8266E-01  -1.3621E-02  -1.3949E-02
   3.2472E-01  -1.3551E-01  -1.3575E-01  -3.0207E-01  -3.0187E-01  -5.8218E-01
   7.4107E-03   7.7198E-03   3.7537E-01   3.7594E-01  -3.4932E-01  -3.4959E-01
  -9.6588E-03  -1.0014E-02  -2.0877E-01   4.6728E-02   4.6844E-02   1.6342E-01
   1.6323E-01  -5.2273E-02  -5.2590E-02   5.6872E-01  -2.3809E-01  -2.3771E-01
  -6.8450E-01  -5.9090E-03  -1.1511E-01  -1.1485E-01   1.7274E-01   1.7285E-01
   1.6928E-01  -2.6156E-01  -5.1505E-02  -5.1861E-02   2.9288E-01  -1.0407E+00
  -3.3131E-01  -4.6720E-01   1.3883E+00  -1.8889E+00  -2.3776E+00   1.5671E+00
   9.6168E-01  -1.7094E+00  -5.0692E+00   3.8220E+00   5.0341E+00  -5.4425E+00
  -8.1033E-01   1.7989E-01   3.6844E-01  -8.9946E-01  -7.2190E+00   5.9772E+00
   3.7526E+00  -4.0813E+00   2.5711E+00  -2.6443E+00  -1.0142E-02  -2.7564E-01
   3.0689E+00  -3.0982E+00  -3.2694E+00   2.7108E+00   1.7541E-01  -4.4792E-01
  -1.0614E+00   6.4323E-01   1.5202E+00  -1.7255E+00   3.4055E-01  -6.4204E-01
  -1.8047E+00   1.4937E+00   5.5597E-01  -6.7073E-01   5.1464E-01  -7.3885E-01
  -6.7453E-01   3.4792E-01  -4.5174E+00   3.7096E+00   1.1395E-01  -5.3741E-01
   4.1868E+00  -4.2675E+00  -2.0998E+00   1.8990E+00   1.6662E+00  -1.5549E+00
  -3.1682E+00   2.8143E+00  -9.0115E-01   7.3612E-01   4.3543E+00  -4.0800E+00
  -1.3067E+00   1.0366E+00   5.3513E+00  -5.0652E+00  -2.1718E+00   1.8340E+00
  -2.1271E+00   1.8936E+00   5.3956E+00  -5.0037E+00  -9.4169E-01   6.8796E-01
  -3.2101E+00   2.7678E+00  -1.2601E+00   1.0998E+00   4.3138E+00  -4.1291E+00
  -2.3632E+00   1.5885E+00   2.5712E+00  -2.9361E+00   1.0833E+00  -1.5705E+00
   4.5109E-01  -7.5492E-01  -3.6197E+00   2.9774E+00   3.9022E+00  -3.9166E+00
   8.0579E+00  -7.5629E+00  -3.5367E+00   3.0624E+00  -6.9068E+00   6.3299E+00
   4.0646E+00  -3.7250E+00   3.0363E-01  -3.1669E-01   3.1920E+00  -2.9651E+00
  -3.1465E+00   2.8459E+00   5.4379E+00  -4.9647E+00  -4.6654E+00   4.2963E+00
  -3.4944E+00   3.1133E+00   6.0098E-01  -5.8823E-01  -3.4692E+00   3.1448E+00
   1.3674E+00  -1.2323E+00   4.0512E+00  -3.7500E+00   8.0957E+00  -7.5147E+00
   1.2230E-01  -1.3153E-01  -4.3178E+00   3.9424E+00   4.3885E+00  -4.0379E+00
   3.1369E-01  -3.0461E-01   2.7069E+00  -2.4998E+00   4.5757E-01  -5.0222E-01
  -9.4567E-01   7.8305E-01   1.6405E+00  -1.5839E+00  -6.8911E+00   6.3275E+00
   2.8440E+00  -2.6057E+00   8.1442E+00  -7.4610E+00   2.6692E-03   3.5248E-03
   1.3585E+00  -1.2437E+00  -2.0919E+00   1.9208E+00  -2.4332E+00   2.2601E+00
   2.7311E+00  -2.4715E+00   6.1914E-01  -5.6785E-01
  > E    =  -9.159214311916E+02 +/-   2.613492059548E-04
  > varE =   1.024660397250E-02
* Computing derivatives.
    [walltime: 1m11s elapsed, 2h53m remaining]
srun: Job step aborted: Waiting up to 32 seconds for job step to finish.
slurmstepd: error: *** STEP 826048.0 ON alnode268 CANCELLED AT 2025-11-05T18:33:50 DUE TO TIME LIMIT ***
slurmstepd: error: *** JOB 826048 ON alnode268 CANCELLED AT 2025-11-05T18:33:50 DUE TO TIME LIMIT ***
