Run started: Wed Oct 22 08:42:18 CEST 2025
Using VDAGGER_ARCH = intel23_fkfamd23_cluster
Running 1x128 MPI processes.

                               xx
                              +##
                               #X
                               Xx
                          X##XxXxxX##x
                           +   Xx  ++
                               ##
                              +##
                              +##
     ++++         ++          +##
   xX+++##+      ####         +##
  Xx    ###      +X##          ##
 xX    X##+        ##          #X
 +    x##X         #x          #X
      ###         +#           x+
     X##+         #+
     ###         Xx                    _______
     ##X       +X+   __________________VDAGGER
     +##x    +xX     2nd quantized variational
       +xxxxx+       ______quantum Monte Carlo

* Running 128 MPI processes.
* Input file: "input.casl"

############# Start of input file dump #############
General:
  Random seed: timer

Plan:
  VMC-optimization:
    Minimum cycles: 5
    Convergence cycles: 5

System:
  Read Hamiltonian: FCIDUMP_loc_anthracene
  Read orbitals: LTSC_anthracene
  Complex orbitals: F
  Geometry:
    r_2: [ -6.89057736642100, 1.34708197213400 ]
    r_13: [ -6.89057736642100, -1.34708197213400 ]
    r_8: [ -4.67281867250400, 2.65001080964900 ]
    r_14: [ -4.67281867250400, -2.65001080964900 ]
    r_6: [ -2.30211174438900, 1.35516771450000 ]
    r_1: [ -2.30211174438900, -1.35516771450000 ]
    r_4: [ 0.00000000000000, 2.63879101222700 ]
    r_7: [ 0.00000000000000, -2.63879101222700 ]
    r_11: [ 2.30211174438900, 1.35516771450000 ]
    r_9: [ 2.30211174438900, -1.35516771450000 ]
    r_10: [ 4.67281867250400, 2.65001080964900 ]
    r_5: [ 4.67281867250400, -2.65001080964900 ]
    r_3: [ 6.89057736642100, 1.34708197213400 ]
    r_12: [ 6.89057736642100, -1.34708197213400 ]

VMC:
  nstep: 500000
  nconfig: 100000

Jastrow: wfn.casl

Multideterminants: wfn.casl
############## End of input file dump ##############

General setup:
* Random seed: 1817411033 (from timer)

* Loaded integrals for system with nelec=14, ms2=0, norb=14
* INFO: setting number of electrons from integrals file.
* Analysis of Hamiltonian connecitivity performed:
  - T_ii (local, 1-site): 14 (i) values
  - U_iiii [opp] (local, 1-site): 14 (i) values
  - U_kkii [opp] (local, 2-site): 182 contribs. from 14 (i) values
  - U_kkii [par] (local, 2-site): 91 contribs. from 13 (i) values
  - T_ji (single, 2-site): 182 contribs. from 14 (i) values
  - U_kkji [opp] (single, 2/3-site): 2548 contribs. from 182 (i,j) pairs
  - U_kkji [par] (single, 3-site): 2366 contribs. from 182 (i,j) pairs
  - U_lkji [opp] (double, 2/3/4-site): 33092 contribs. from 182 (i,j) pairs
  - U_lkji [par] (double, 4-site): 7462 contribs. from 156 (i,j) pairs
  - Max. no. wfn. ratios in Eloc: 4407
* Reading override orbitals from file "LTSC_anthracene".
* Site labels:
  +--------------------+
  |    8          10   |
  |          4         |
  |       6    11      |
  | 2                 3|
  |13                12|
  |       1     9      |
  |          7         |
  |   14           5   |
  +--------------------+
* Automatically set Site kinds:
  [ 1, 2, 2, 3, 4, 1, 3, 4, 1, 4, 1, 2, 2, 4 ]
  +-------------+
  |  4       4  |
  |      3      |
  |    1   1    |
  |2           2|
  |2           2|
  |    1   1    |
  |      3      |
  |  4       4  |
  +-------------+
* Maximum Site kind: 4
* Number of site-pair kinds with Tij=0: 0
* Automatically set Site pair kinds:
  Site 1: [ 0, -10, -21, 12, -31, -2, -4, -11, -14, -17, -9, 22, 13, -5 ]
  Site 2: [ -10, 0, 32, 24, 27, 13, 18, 1, -21, -25, -22, 26, -3, 15 ]
  Site 3: [ -21, 32, 0, -24, 15, 22, -18, 25, -10, -1, -13, -3, 26, 27 ]
  Site 4: [ 12, 24, -24, 0, -16, -4, -7, -6, -12, -6, -4, -18, 18, 16 ]
  Site 5: [ -31, 27, 15, -16, 0, -17, -6, -19, -5, -8, -11, -1, -25, 20 ]
  Site 6: [ -2, 13, 22, -4, -17, 0, 12, 5, 9, -28, 14, -21, -10, 11 ]
  Site 7: [ -4, 18, -18, -7, -6, 12, 0, -16, 4, -16, 12, -23, 23, 6 ]
  Site 8: [ -11, 1, 25, -6, -19, 5, -16, 0, 17, -20, -29, -27, -15, 8 ]
  Site 9: [ -14, -21, -10, -12, -5, 9, 4, 17, 0, 11, 2, 13, 22, -30 ]
  Site 10: [ -17, -25, -1, -6, -8, -28, -16, -20, 11, 0, 5, 15, 27, 19 ]
  Site 11: [ -9, -22, -13, -4, -11, 14, 12, -29, 2, 5, 0, 10, 21, 17 ]
  Site 12: [ 22, 26, -3, -18, -1, -21, -23, -27, 13, 15, 10, 0, 32, -25 ]
  Site 13: [ 13, -3, 26, 18, -25, -10, 23, -15, 22, 27, 21, 32, 0, -1 ]
  Site 14: [ -5, 15, 27, 16, 20, 11, 6, 8, -30, 19, 17, -25, -1, 0 ]
  For site 1 of kind 1:
  +---------------------------+
  |    -11             -17    |
  |             12            |
  |         -2      -9        |
  |-10                     -21|
  | 13                      22|
  |          0     -14        |
  |             -4            |
  |     -5             -31    |
  +---------------------------+
  For site 2 of kind 2:
  +---------------------------+
  |      1             -25    |
  |             24            |
  |         13     -22        |
  |  0                      32|
  | -3                      26|
  |        -10     -21        |
  |             18            |
  |     15              27    |
  +---------------------------+
  For site 4 of kind 3:
  +---------------------------+
  |     -6              -6    |
  |              0            |
  |         -4      -4        |
  | 24                     -24|
  | 18                     -18|
  |         12     -12        |
  |             -7            |
  |     16             -16    |
  +---------------------------+
  For site 5 of kind 4:
  +---------------------------+
  |    -19              -8    |
  |            -16            |
  |        -17     -11        |
  | 27                      15|
  |-25                      -1|
  |        -31      -5        |
  |             -6            |
  |     20               0    |
  +---------------------------+
* Maximum (unsigned) Site pair kind: 32
General system setup:
* Number of sites       : 14
* Number of electrons   : 14
* Spin imbalance MS2    : 0
* Filling               : 0.500000
* Number of orbitals in pool: 14
* Using real-valued orbitals
* Using double-precision arithmetic for orbitals

Trial wave function setup:
* Jastrow parameter file: "wfn.casl"
* Multideterminant parameter file: "wfn.casl"
* Not using a backflow transformation
* Not using wave function manipulation

VMC #1:
* Size of Hilbert space =   1.1779E+07
* Number of equil. steps   = 1000
* Running VMC equilibration.
  Done. [total walltime: 0.02s]
* Equil. acc.ratio (%)     =  21.0588
* Sample config after equilibration:
  +-------------+
  |  2       u  |
  |      u      |
  |    d   d    |
  |0           d|
  |u           0|
  |    2   2    |
  |      0      |
  |  d       u  |
  +-------------+
* Number of accum. steps   = 500480 x 10
* Running VMC accumulation.
    [walltime: 1m elapsed, 17.9s remaining]
  Done. [total walltime: 1m17s]
* Acceptance ratio (%)     =  21.1134
* Etot/t                   =  -5.359877576995E+02 +/-   1.022874627501E-04
  > Ttot/t                 =  -3.900504184041E+01 +/-   6.828307038727E-04
  > Utot/t                 =   1.648391767886E+01 +/-   6.758651487614E-04
* var[Eloc/t]              =   5.085887730917E-03 +/-   3.626851734042E-05
* Correlation length       =   1.029591076915E+00
* log10 Psi^2 range: -29.07835962800453 -- -21.15240139501182
* log10 Pgen range : -29.07835962800453 -- -21.15240139501182
* Site occupation (ave. no. electrons per config.):
  > Site_  ___eu____  ___ed____
      1        0.499      0.495
      2        0.500      0.505
      3        0.503      0.503
      4        0.505      0.502
      5        0.498      0.500
      6        0.495      0.500
      7        0.499      0.505
      8        0.500      0.496
      9        0.502      0.495
     10        0.499      0.499
     11        0.495      0.498
     12        0.502      0.499
     13        0.506      0.500
     14        0.497      0.501
* Pair-correlation analysis (ave. no. pairs per config.):
  > Shell  nsite  ___dh____  __eueu___  __eued___
      0      1        0          0          2.478
      1      1        0.897      0.603      2.527
      2      1        0.307      0.654      1.076
      3      1        0.263      0.716      1.081
      4      1        0.672      1.116      2.277
      5      1        0.512      1.463      2.106
      6      1        0.244      2.065      1.927
      7      1        0.075      0.416      0.570
      8      1        0.148      0.851      1.086
      9      1        0.165      0.912      1.037
     10      1        0.302      1.855      2.079
     11      1        0.252      2.069      1.926
     12      1        0.256      2.127      1.901
     13      1        0.252      2.106      1.930
     14      1        0.140      1.042      0.956
     15      1        0.225      2.142      1.900
     16      1        0.229      1.958      2.061
     17      1        0.260      2.020      1.951
     18      1        0.237      2.077      1.963
     19      1        0.114      0.983      1.009
     20      1        0.117      1.006      0.982
     21      1        0.274      1.934      2.045
     22      1        0.263      2.038      1.963
     23      1        0.126      0.946      1.055
     24      1        0.125      0.950      1.062
     25      1        0.236      1.977      2.029
     26      1        0.120      0.990      1.025
     27      1        0.235      2.029      1.978
     28      1        0.067      0.483      0.507
     29      1        0.067      0.482      0.504
     30      1        0.066      0.487      0.507
     31      1        0.068      0.480      0.507
     32      1        0.121      1.020      0.995

Optimization #1:
* Method          : lls
* Target function : energy
* No. of configs. : 100096
* No. of params.  : 120
* Before optimization:
   3.5457E+00   3.5612E+00   3.5553E+00   3.5571E+00  -5.6889E-01  -5.6464E-01
   1.2166E+00   1.3937E+00  -9.7335E-01  -9.8059E-01  -5.2947E-01  -5.3801E-01
  -3.1915E+00  -3.1946E+00  -3.6593E+00  -2.9317E+00   6.4973E-01   7.8175E-01
   7.8051E-01  -9.5193E-01  -9.5330E-01  -1.3459E+00  -1.3471E+00   9.4100E-01
   9.3742E-01   7.8984E-01  -8.7754E-01  -8.7737E-01  -3.4421E+00  -3.4438E+00
  -1.4419E+00  -1.4429E+00  -1.7189E+00  -1.7177E+00  -3.4691E+00  -3.4263E+00
   2.6370E-01   2.6247E-01   3.0087E-01   2.9948E-01  -1.6263E+00  -1.6243E+00
  -1.6278E+00  -1.6251E+00  -1.7221E+00  -1.7218E+00  -1.1453E-02  -1.7460E+00
  -1.7461E+00  -1.3619E+00  -1.3613E+00  -1.3607E+00  -1.3610E+00  -1.3612E+00
  -1.3631E+00  -1.3617E+00  -1.3626E+00   1.1862E+01  -1.1149E+01  -3.4028E+00
   2.2344E+00  -5.8003E-01  -6.6446E-01   1.2070E+01  -1.1006E+01   1.0348E+01
  -9.7409E+00   2.5972E+01  -2.2802E+01   2.7697E+01  -2.4040E+01   2.4350E+01
  -2.1432E+01  -3.1552E+00   2.5073E+00  -1.8057E+00   1.0293E+00   1.0511E+01
  -9.5710E+00   1.2195E+01  -1.0868E+01  -1.8991E+00   9.2127E-01  -3.2359E+00
   2.4166E+00   1.1886E+01  -1.1059E+01   2.6126E+01  -2.2679E+01   1.0765E+01
  -9.3241E+00   1.3800E+01  -1.2084E+01   2.4660E+01  -2.1191E+01   2.4627E+01
  -2.1203E+01  -1.5526E+00   1.2909E+00  -1.5733E+00   1.2698E+00   1.3745E+01
  -1.2110E+01   1.3744E+01  -1.2108E+01   1.2319E+01  -1.0596E+01   2.9058E-03
   8.5112E-03   1.2334E+01  -1.0588E+01   1.0719E+01  -9.3507E+00   1.0719E+01
  -9.3511E+00   1.0719E+01  -9.3505E+00   1.0718E+01  -9.3494E+00  -1.2394E-01
  > E    =  -5.359879403839E+02 +/-   2.241534289817E-04
  > varE =   5.029299469357E-03
* Computing derivatives.
    [walltime: 1m3s elapsed, 21m17s remaining]
  Done. [total walltime: 21m2s]
* Optimizing manipulation constant:
  #igrid a___________ E____________________________________ varE____________
     1     Infinity    -5.35987940E+02 +/-   2.24153429E-04   5.02929947E-03
     2     1.0000E+06  -5.35987940E+02 +/-   2.24153427E-04   5.02929940E-03
     3     2.1544E+05  -5.35987940E+02 +/-   2.24153421E-04   5.02929913E-03
     4     4.6416E+04  -5.35987940E+02 +/-   2.24153394E-04   5.02929789E-03
     5     1.0000E+04  -5.35987940E+02 +/-   2.24153267E-04   5.02929221E-03
     6     2.1544E+03  -5.35987940E+02 +/-   2.24152716E-04   5.02926748E-03
     7     4.6416E+02  -5.35987941E+02 +/-   2.24150928E-04   5.02918724E-03
     8     1.0000E+02  -5.35987941E+02 +/-   2.24159205E-04   5.02955865E-03
     9     2.1544E+01  -5.35987944E+02 +/-   2.24568552E-04   5.04794485E-03
    10     4.6416E+00  -5.35987518E+02 +/-   2.40974267E-04   5.81243432E-03
    11     1.0000E+00  -5.35844961E+02 +/-   1.11020619E-03   1.23374103E-01
    12     2.1544E-01  -5.34407012E+02 +/-   2.40629386E-03   5.79580879E-01
    13     4.6416E-02  -5.34361407E+02 +/-   2.42811967E-03   5.90142509E-01
    14     1.0000E-02  -5.34351313E+02 +/-   2.43290539E-03   5.92471088E-01
    15     2.1544E-03  -5.34349199E+02 +/-   2.43390980E-03   5.92960387E-01
    16     4.6416E-04  -5.34348746E+02 +/-   2.43412469E-03   5.93065098E-01
    17     1.0000E-04  -5.34348649E+02 +/-   2.43417092E-03   5.93087623E-01
    18     2.1544E-05  -5.34348628E+02 +/-   2.43418087E-03   5.93092474E-01
    19     4.6416E-06  -5.34348624E+02 +/-   2.43418302E-03   5.93093519E-01
    20     1.0000E-06  -5.34348623E+02 +/-   2.43418348E-03   5.93093744E-01
    21     0.0000E+00  -5.34348622E+02 +/-   2.43418361E-03   5.93093806E-01
  ParMin   4.6263E+01  -5.35987943E+02 +/-   2.24221891E-04   5.03237208E-03
  # Using grid point #9
* Iteration # 1: E =  -5.359879436967E+02 +/-   2.245685522653E-04
* Convergence: exiting.
* After optimization:
   4.1328E+00   4.1486E+00   4.1424E+00   4.1442E+00  -7.1081E-01  -7.0649E-01
   1.0303E+00   1.3947E+00  -8.9146E-01  -8.9864E-01  -7.6470E-01  -7.7314E-01
  -3.1582E+00  -3.1614E+00  -3.3089E+00  -3.2159E+00   4.6301E-01   6.8902E-01
   6.8777E-01  -1.1871E+00  -1.1885E+00  -1.2640E+00  -1.2652E+00   8.4816E-01
   8.4456E-01   6.0305E-01  -1.0192E+00  -1.0191E+00  -3.4091E+00  -3.4108E+00
  -1.6776E+00  -1.6786E+00  -1.5435E+00  -1.5422E+00  -3.7537E+00  -3.7107E+00
   1.7048E-01   1.6922E-01   2.0765E-01   2.0623E-01  -1.4511E+00  -1.4489E+00
  -1.4524E+00  -1.4496E+00  -1.8644E+00  -1.8640E+00  -1.1334E-02  -1.8881E+00
  -1.8882E+00  -1.5974E+00  -1.5970E+00  -1.5963E+00  -1.5967E+00  -1.5967E+00
  -1.5987E+00  -1.5972E+00  -1.5981E+00   1.2859E+01  -1.2004E+01  -2.0941E+00
   1.1122E+00  -5.8039E-01  -6.6505E-01   1.1500E+01  -1.0518E+01   1.1999E+01
  -1.1157E+01   2.5744E+01  -2.2607E+01   2.5247E+01  -2.1940E+01   2.6344E+01
  -2.3142E+01  -1.8463E+00   1.3851E+00  -1.1514E+00   4.6782E-01   1.2163E+01
  -1.0987E+01   1.1625E+01  -1.0379E+01  -1.2447E+00   3.5982E-01  -1.9267E+00
   1.2943E+00   1.2883E+01  -1.1914E+01   2.5898E+01  -2.2484E+01   1.2417E+01
  -1.0740E+01   1.2574E+01  -1.1034E+01   2.6654E+01  -2.2901E+01   2.6620E+01
  -2.2912E+01  -8.9784E-01   7.2966E-01  -9.1887E-01   7.0856E-01   1.2519E+01
  -1.1060E+01   1.2519E+01  -1.1058E+01   1.3316E+01  -1.1450E+01   2.8817E-03
   8.4716E-03   1.3331E+01  -1.1442E+01   1.2371E+01  -1.0766E+01   1.2370E+01
  -1.0767E+01   1.2371E+01  -1.0766E+01   1.2370E+01  -1.0765E+01  -1.2348E-01
  > Energy =  -5.359879436967E+02 +/-   2.245685522653E-04
  > varE =   5.047944845980E-03

VMC #2:
* Size of Hilbert space =   1.1779E+07
* Number of equil. steps   = 1000
* Running VMC equilibration.
  Done. [total walltime: 0.02s]
* Equil. acc.ratio (%)     =  21.2204
* Sample config after equilibration:
  +-------------+
  |  2       d  |
  |      u      |
  |    d   0    |
  |0           u|
  |u           d|
  |    2   2    |
  |      0      |
  |  d       u  |
  +-------------+
* Number of accum. steps   = 500480 x 10
* Running VMC accumulation.
    [walltime: 1m elapsed, 24.0s remaining]
  Done. [total walltime: 1m23s]
* Acceptance ratio (%)     =  21.0801
* Etot/t                   =  -5.359878442184E+02 +/-   1.018823997519E-04
  > Ttot/t                 =  -3.900263651196E+01 +/-   6.901900536785E-04
  > Utot/t                 =   1.648142583151E+01 +/-   6.831287010330E-04
* var[Eloc/t]              =   5.134432032353E-03 +/-   5.883894705647E-05
* Correlation length       =   1.011795280977E+00
* log10 Psi^2 range: -29.12082028832296 -- -21.16767544091948
* log10 Pgen range : -29.12082028832296 -- -21.16767544091948
* Site occupation (ave. no. electrons per config.):
  > Site_  ___eu____  ___ed____
      1        0.498      0.497
      2        0.503      0.500
      3        0.505      0.499
      4        0.507      0.502
      5        0.501      0.499
      6        0.496      0.499
      7        0.502      0.500
      8        0.497      0.501
      9        0.496      0.501
     10        0.499      0.500
     11        0.494      0.497
     12        0.500      0.503
     13        0.504      0.499
     14        0.498      0.503
* Pair-correlation analysis (ave. no. pairs per config.):
  > Shell  nsite  ___dh____  __eueu___  __eued___
      0      1        0          0          2.470
      1      1        0.895      0.608      2.527
      2      1        0.306      0.654      1.071
      3      1        0.264      0.712      1.078
      4      1        0.667      1.112      2.283
      5      1        0.509      1.461      2.114
      6      1        0.237      2.077      1.927
      7      1        0.074      0.415      0.571
      8      1        0.147      0.854      1.092
      9      1        0.162      0.911      1.038
     10      1        0.300      1.848      2.080
     11      1        0.248      2.074      1.927
     12      1        0.251      2.125      1.900
     13      1        0.249      2.106      1.925
     14      1        0.141      1.043      0.951
     15      1        0.225      2.144      1.900
     16      1        0.226      1.955      2.069
     17      1        0.257      2.029      1.949
     18      1        0.234      2.081      1.954
     19      1        0.113      0.990      1.012
     20      1        0.115      1.009      0.987
     21      1        0.274      1.926      2.045
     22      1        0.261      2.038      1.959
     23      1        0.126      0.938      1.057
     24      1        0.125      0.949      1.060
     25      1        0.234      1.982      2.028
     26      1        0.120      0.992      1.020
     27      1        0.238      2.024      1.979
     28      1        0.067      0.483      0.506
     29      1        0.066      0.479      0.506
     30      1        0.067      0.484      0.509
     31      1        0.067      0.482      0.509
     32      1        0.121      1.015      0.995

Optimization #2:
* Method          : lls
* Target function : energy
* No. of configs. : 100096
* No. of params.  : 120
* Before optimization:
   4.1328E+00   4.1486E+00   4.1424E+00   4.1442E+00  -7.1081E-01  -7.0649E-01
   1.0303E+00   1.3947E+00  -8.9146E-01  -8.9864E-01  -7.6470E-01  -7.7314E-01
  -3.1582E+00  -3.1614E+00  -3.3089E+00  -3.2159E+00   4.6301E-01   6.8902E-01
   6.8777E-01  -1.1871E+00  -1.1885E+00  -1.2640E+00  -1.2652E+00   8.4816E-01
   8.4456E-01   6.0305E-01  -1.0192E+00  -1.0191E+00  -3.4091E+00  -3.4108E+00
  -1.6776E+00  -1.6786E+00  -1.5435E+00  -1.5422E+00  -3.7537E+00  -3.7107E+00
   1.7048E-01   1.6922E-01   2.0765E-01   2.0623E-01  -1.4511E+00  -1.4489E+00
  -1.4524E+00  -1.4496E+00  -1.8644E+00  -1.8640E+00  -1.1334E-02  -1.8881E+00
  -1.8882E+00  -1.5974E+00  -1.5970E+00  -1.5963E+00  -1.5967E+00  -1.5967E+00
  -1.5987E+00  -1.5972E+00  -1.5981E+00   1.2859E+01  -1.2004E+01  -2.0941E+00
   1.1122E+00  -5.8039E-01  -6.6505E-01   1.1500E+01  -1.0518E+01   1.1999E+01
  -1.1157E+01   2.5744E+01  -2.2607E+01   2.5247E+01  -2.1940E+01   2.6344E+01
  -2.3142E+01  -1.8463E+00   1.3851E+00  -1.1514E+00   4.6782E-01   1.2163E+01
  -1.0987E+01   1.1625E+01  -1.0379E+01  -1.2447E+00   3.5982E-01  -1.9267E+00
   1.2943E+00   1.2883E+01  -1.1914E+01   2.5898E+01  -2.2484E+01   1.2417E+01
  -1.0740E+01   1.2574E+01  -1.1034E+01   2.6654E+01  -2.2901E+01   2.6620E+01
  -2.2912E+01  -8.9784E-01   7.2966E-01  -9.1887E-01   7.0856E-01   1.2519E+01
  -1.1060E+01   1.2519E+01  -1.1058E+01   1.3316E+01  -1.1450E+01   2.8817E-03
   8.4716E-03   1.3331E+01  -1.1442E+01   1.2371E+01  -1.0766E+01   1.2370E+01
  -1.0767E+01   1.2371E+01  -1.0766E+01   1.2370E+01  -1.0765E+01  -1.2348E-01
  > E    =  -5.359879434226E+02 +/-   2.267250396788E-04
  > varE =   5.145359169122E-03
* Computing derivatives.
    [walltime: 1m2s elapsed, 20m16s remaining]
  Done. [total walltime: 20m40s]
* Optimizing manipulation constant:
  #igrid a___________ E____________________________________ varE____________
     1     Infinity    -5.35987943E+02 +/-   2.26725040E-04   5.14535917E-03
     2     1.0000E+06  -5.35987943E+02 +/-   2.26725039E-04   5.14535913E-03
     3     2.1544E+05  -5.35987943E+02 +/-   2.26725036E-04   5.14535899E-03
     4     4.6416E+04  -5.35987943E+02 +/-   2.26725021E-04   5.14535833E-03
     5     1.0000E+04  -5.35987943E+02 +/-   2.26724954E-04   5.14535529E-03
     6     2.1544E+03  -5.35987943E+02 +/-   2.26724643E-04   5.14534115E-03
     7     4.6416E+02  -5.35987944E+02 +/-   2.26723200E-04   5.14527569E-03
     8     1.0000E+02  -5.35987944E+02 +/-   2.26716575E-04   5.14497497E-03
     9     2.1544E+01  -5.35987946E+02 +/-   2.26687207E-04   5.14364214E-03
    10     4.6416E+00  -5.35987953E+02 +/-   2.26573702E-04   5.13849246E-03
    11     1.0000E+00  -5.35987974E+02 +/-   2.26266530E-04   5.12456913E-03
    12     2.1544E-01  -5.35987998E+02 +/-   2.25813080E-04   5.10404991E-03
    13     4.6416E-02  -5.35988005E+02 +/-   2.25514678E-04   5.09056928E-03
    14     1.0000E-02  -5.35987998E+02 +/-   2.25447794E-04   5.08755017E-03
    15     2.1544E-03  -5.35987950E+02 +/-   2.26180306E-04   5.12066422E-03
    16     4.6416E-04  -5.35987879E+02 +/-   2.27513199E-04   5.18119477E-03
    17     1.0000E-04  -5.35987850E+02 +/-   2.28072517E-04   5.20670093E-03
    18     2.1544E-05  -5.35987843E+02 +/-   2.28213060E-04   5.21311986E-03
    19     4.6416E-06  -5.35987841E+02 +/-   2.28244367E-04   5.21455029E-03
    20     1.0000E-06  -5.35987841E+02 +/-   2.28251161E-04   5.21486073E-03
    21     0.0000E+00  -5.35987841E+02 +/-   2.28253030E-04   5.21494613E-03
* Iteration # 1: E =  -5.359880052178E+02 +/-   2.255146784178E-04
* Computing derivatives.
    [walltime: 1m2s elapsed, 20m21s remaining]
  Done. [total walltime: 20m42s]
* Optimizing manipulation constant:
  #igrid a___________ E____________________________________ varE____________
     1     Infinity    -5.35988005E+02 +/-   2.25514678E-04   5.09056928E-03
     2     1.0000E+06  -5.35988005E+02 +/-   2.25514678E-04   5.09056928E-03
     3     2.1544E+05  -5.35988005E+02 +/-   2.25514678E-04   5.09056928E-03
     4     4.6416E+04  -5.35988005E+02 +/-   2.25514678E-04   5.09056927E-03
     5     1.0000E+04  -5.35988005E+02 +/-   2.25514677E-04   5.09056923E-03
     6     2.1544E+03  -5.35988005E+02 +/-   2.25514674E-04   5.09056908E-03
     7     4.6416E+02  -5.35988005E+02 +/-   2.25514658E-04   5.09056834E-03
     8     1.0000E+02  -5.35988005E+02 +/-   2.25514583E-04   5.09056496E-03
     9     2.1544E+01  -5.35988005E+02 +/-   2.25514247E-04   5.09054981E-03
    10     4.6416E+00  -5.35988005E+02 +/-   2.25512770E-04   5.09048310E-03
    11     1.0000E+00  -5.35988006E+02 +/-   2.25504390E-04   5.09010480E-03
    12     2.1544E-01  -5.35988006E+02 +/-   2.25472629E-04   5.08867108E-03
    13     4.6416E-02  -5.35988006E+02 +/-   2.25439286E-04   5.08716615E-03
    14     1.0000E-02  -5.35988006E+02 +/-   2.25426355E-04   5.08658260E-03
    15     2.1544E-03  -5.35988006E+02 +/-   2.25423093E-04   5.08643536E-03
    16     4.6416E-04  -5.35988006E+02 +/-   2.25422364E-04   5.08640247E-03
    17     1.0000E-04  -5.35988006E+02 +/-   2.25422205E-04   5.08639532E-03
    18     2.1544E-05  -5.35988006E+02 +/-   2.25422171E-04   5.08639378E-03
    19     4.6416E-06  -5.35988006E+02 +/-   2.25422164E-04   5.08639345E-03
    20     1.0000E-06  -5.35988006E+02 +/-   2.25422162E-04   5.08639338E-03
    21     0.0000E+00  -5.35988006E+02 +/-   2.25422162E-04   5.08639336E-03
* Iteration # 2: E =  -5.359880060716E+02 +/-   2.254392856881E-04
* Convergence: exiting.
* After optimization:
   2.6934E-01   2.8182E-01   2.7799E-01   2.7869E-01  -1.7835E-01  -1.7715E-01
   2.3133E+00   1.3968E+00  -6.8052E-01  -6.8703E-01   4.1279E-01   4.0578E-01
  -3.0510E+00  -3.0507E+00  -4.1766E+00  -2.1488E+00   1.7463E+00   1.3310E+00
   1.3304E+00  -1.1373E-02  -1.1996E-02  -1.0540E+00  -1.0567E+00   1.4884E+00
   1.4849E+00   1.8867E+00  -4.8452E-01  -4.8435E-01  -3.3060E+00  -3.3042E+00
  -4.9986E-01  -4.9842E-01  -1.9709E+00  -1.9713E+00  -2.6795E+00  -2.6332E+00
   8.1517E-01   8.1533E-01   8.5010E-01   8.5040E-01  -1.8816E+00  -1.8800E+00
  -1.8808E+00  -1.8772E+00  -1.3250E+00  -1.3251E+00  -1.3548E-02  -1.3519E+00
  -1.3522E+00  -4.1297E-01  -4.1670E-01  -4.1668E-01  -4.1850E-01  -4.1756E-01
  -4.1543E-01  -4.1596E-01  -4.1437E-01   9.1225E+00  -8.7995E+00  -1.1067E+01
   8.8036E+00  -5.6705E-01  -6.7970E-01   1.0032E+01  -9.2602E+00   3.7637E+00
  -4.1008E+00   2.5012E+01  -2.1985E+01   3.1279E+01  -2.7110E+01   1.8852E+01
  -1.6716E+01  -1.0820E+01   9.0776E+00  -5.6332E+00   4.3077E+00   3.9280E+00
  -3.9283E+00   1.0155E+01  -9.1185E+00  -5.7259E+00   4.1997E+00  -1.0902E+01
   8.9848E+00   9.1435E+00  -8.7103E+00   2.5166E+01  -2.1856E+01   4.1764E+00
  -3.6794E+00   1.5594E+01  -1.3625E+01   1.9149E+01  -1.6468E+01   1.9113E+01
  -1.6482E+01  -5.3843E+00   4.5720E+00  -5.4033E+00   4.5511E+00   1.5541E+01
  -1.3652E+01   1.5541E+01  -1.3651E+01   9.5629E+00  -8.2359E+00   5.0067E-03
   7.9862E-03   9.5786E+00  -8.2277E+00   4.1300E+00  -3.7092E+00   4.1308E+00
  -3.7088E+00   4.1307E+00  -3.7083E+00   4.1311E+00  -3.7084E+00  -1.0353E-01
  > Energy =  -5.359880060716E+02 +/-   2.254392856881E-04
  > varE =   5.087166148821E-03

VMC #3:
* Size of Hilbert space =   1.1779E+07
* Number of equil. steps   = 1000
* Running VMC equilibration.
  Done. [total walltime: 0.02s]
* Equil. acc.ratio (%)     =  21.1728
* Sample config after equilibration:
  +-------------+
  |  u       d  |
  |      2      |
  |    0   0    |
  |2           u|
  |u           d|
  |    2   0    |
  |      d      |
  |  d       u  |
  +-------------+
* Number of accum. steps   = 500480 x 10
* Running VMC accumulation.
    [walltime: 1m elapsed, 24.8s remaining]
  Done. [total walltime: 1m23s]
* Acceptance ratio (%)     =  21.1391
* Etot/t                   =  -5.359877669986E+02 +/-   1.010335761424E-04
  > Ttot/t                 =  -3.900468389340E+01 +/-   7.072116175673E-04
  > Utot/t                 =   1.648355043273E+01 +/-   6.988967784426E-04
* var[Eloc/t]              =   5.130045820485E-03 +/-   2.902782838574E-05
* Correlation length       =   9.958568926907E-01
* log10 Psi^2 range: -28.92915690941684 -- -21.26804412316732
* log10 Pgen range : -28.92915690941684 -- -21.26804412316732
* Site occupation (ave. no. electrons per config.):
  > Site_  ___eu____  ___ed____
      1        0.497      0.499
      2        0.500      0.500
      3        0.504      0.502
      4        0.502      0.501
      5        0.498      0.498
      6        0.499      0.501
      7        0.501      0.500
      8        0.500      0.501
      9        0.495      0.498
     10        0.498      0.500
     11        0.499      0.497
     12        0.503      0.501
     13        0.501      0.504
     14        0.502      0.499
* Pair-correlation analysis (ave. no. pairs per config.):
  > Shell  nsite  ___dh____  __eueu___  __eued___
      0      1        0          0          2.478
      1      1        0.895      0.612      2.523
      2      1        0.305      0.656      1.079
      3      1        0.262      0.713      1.082
      4      1        0.674      1.111      2.271
      5      1        0.512      1.468      2.113
      6      1        0.241      2.064      1.925
      7      1        0.075      0.410      0.567
      8      1        0.148      0.855      1.090
      9      1        0.167      0.916      1.036
     10      1        0.297      1.861      2.082
     11      1        0.253      2.071      1.930
     12      1        0.253      2.125      1.899
     13      1        0.253      2.104      1.931
     14      1        0.140      1.044      0.961
     15      1        0.228      2.139      1.902
     16      1        0.233      1.948      2.058
     17      1        0.261      2.029      1.955
     18      1        0.239      2.067      1.950
     19      1        0.116      0.987      1.010
     20      1        0.118      1.007      0.985
     21      1        0.273      1.934      2.050
     22      1        0.264      2.037      1.964
     23      1        0.127      0.944      1.049
     24      1        0.126      0.944      1.054
     25      1        0.233      1.981      2.031
     26      1        0.123      0.988      1.019
     27      1        0.233      2.030      1.984
     28      1        0.068      0.486      0.506
     29      1        0.067      0.487      0.508
     30      1        0.068      0.483      0.507
     31      1        0.068      0.483      0.506
     32      1        0.120      1.017      0.995

Optimization #3:
* Method          : lls
* Target function : energy
* No. of configs. : 100096
* No. of params.  : 120
* Before optimization:
   2.6934E-01   2.8182E-01   2.7799E-01   2.7869E-01  -1.7835E-01  -1.7715E-01
   2.3133E+00   1.3968E+00  -6.8052E-01  -6.8703E-01   4.1279E-01   4.0578E-01
  -3.0510E+00  -3.0507E+00  -4.1766E+00  -2.1488E+00   1.7463E+00   1.3310E+00
   1.3304E+00  -1.1373E-02  -1.1996E-02  -1.0540E+00  -1.0567E+00   1.4884E+00
   1.4849E+00   1.8867E+00  -4.8452E-01  -4.8435E-01  -3.3060E+00  -3.3042E+00
  -4.9986E-01  -4.9842E-01  -1.9709E+00  -1.9713E+00  -2.6795E+00  -2.6332E+00
   8.1517E-01   8.1533E-01   8.5010E-01   8.5040E-01  -1.8816E+00  -1.8800E+00
  -1.8808E+00  -1.8772E+00  -1.3250E+00  -1.3251E+00  -1.3548E-02  -1.3519E+00
  -1.3522E+00  -4.1297E-01  -4.1670E-01  -4.1668E-01  -4.1850E-01  -4.1756E-01
  -4.1543E-01  -4.1596E-01  -4.1437E-01   9.1225E+00  -8.7995E+00  -1.1067E+01
   8.8036E+00  -5.6705E-01  -6.7970E-01   1.0032E+01  -9.2602E+00   3.7637E+00
  -4.1008E+00   2.5012E+01  -2.1985E+01   3.1279E+01  -2.7110E+01   1.8852E+01
  -1.6716E+01  -1.0820E+01   9.0776E+00  -5.6332E+00   4.3077E+00   3.9280E+00
  -3.9283E+00   1.0155E+01  -9.1185E+00  -5.7259E+00   4.1997E+00  -1.0902E+01
   8.9848E+00   9.1435E+00  -8.7103E+00   2.5166E+01  -2.1856E+01   4.1764E+00
  -3.6794E+00   1.5594E+01  -1.3625E+01   1.9149E+01  -1.6468E+01   1.9113E+01
  -1.6482E+01  -5.3843E+00   4.5720E+00  -5.4033E+00   4.5511E+00   1.5541E+01
  -1.3652E+01   1.5541E+01  -1.3651E+01   9.5629E+00  -8.2359E+00   5.0067E-03
   7.9862E-03   9.5786E+00  -8.2277E+00   4.1300E+00  -3.7092E+00   4.1308E+00
  -3.7088E+00   4.1307E+00  -3.7083E+00   4.1311E+00  -3.7084E+00  -1.0353E-01
  > E    =  -5.359879310214E+02 +/-   2.236623989278E-04
  > varE =   5.007289256809E-03
* Computing derivatives.
    [walltime: 1m3s elapsed, 21m14s remaining]
  Done. [total walltime: 20m12s]
* Optimizing manipulation constant:
  #igrid a___________ E____________________________________ varE____________
     1     Infinity    -5.35987931E+02 +/-   2.23662399E-04   5.00728926E-03
     2     1.0000E+06  -5.35987931E+02 +/-   2.23662398E-04   5.00728923E-03
     3     2.1544E+05  -5.35987931E+02 +/-   2.23662396E-04   5.00728914E-03
     4     4.6416E+04  -5.35987931E+02 +/-   2.23662387E-04   5.00728871E-03
     5     1.0000E+04  -5.35987931E+02 +/-   2.23662342E-04   5.00728672E-03
     6     2.1544E+03  -5.35987931E+02 +/-   2.23662136E-04   5.00727750E-03
     7     4.6416E+02  -5.35987931E+02 +/-   2.23661184E-04   5.00723487E-03
     8     1.0000E+02  -5.35987931E+02 +/-   2.23656847E-04   5.00704067E-03
     9     2.1544E+01  -5.35987932E+02 +/-   2.23638370E-04   5.00621341E-03
    10     4.6416E+00  -5.35987935E+02 +/-   2.23579244E-04   5.00356663E-03
    11     1.0000E+00  -5.35987941E+02 +/-   2.23528629E-04   5.00130144E-03
    12     2.1544E-01  -5.35987945E+02 +/-   2.23876822E-04   5.01689473E-03
    13     4.6416E-02  -5.35987920E+02 +/-   2.25439981E-04   5.08719751E-03
    14     1.0000E-02  -5.35987838E+02 +/-   2.27062022E-04   5.16066565E-03
    15     2.1544E-03  -5.35987606E+02 +/-   2.29670980E-04   5.27993978E-03
    16     4.6416E-04  -5.35987464E+02 +/-   2.31751291E-04   5.37602212E-03
    17     1.0000E-04  -5.35987426E+02 +/-   2.32334451E-04   5.40311173E-03
    18     2.1544E-05  -5.35987417E+02 +/-   2.32467022E-04   5.40927956E-03
    19     4.6416E-06  -5.35987415E+02 +/-   2.32495912E-04   5.41062411E-03
    20     1.0000E-06  -5.35987415E+02 +/-   2.32502151E-04   5.41091453E-03
    21     0.0000E+00  -5.35987415E+02 +/-   2.32503865E-04   5.41099432E-03
  ParMin   4.1487E-01  -5.35987944E+02 +/-   2.23635847E-04   5.00610045E-03
  # Using parabolic minimum
* Iteration # 1: E =  -5.359879442578E+02 +/-   2.236358469647E-04
* Diminishing returns: exiting.
* After optimization:
   1.1373E+00   1.1499E+00   1.1452E+00   1.1456E+00  -4.4020E-01  -4.3783E-01
   2.4654E+00   1.3902E+00  -6.5094E-01  -6.5709E-01   2.2571E-01   2.1990E-01
  -3.3604E+00  -3.3610E+00  -4.2674E+00  -2.6789E+00   1.8988E+00   1.4020E+00
   1.4024E+00  -1.9985E-01  -2.0137E-01  -1.0250E+00  -1.0256E+00   1.5630E+00
   1.5606E+00   2.0385E+00  -7.5277E-01  -7.5178E-01  -3.6167E+00  -3.6167E+00
  -6.8672E-01  -6.8746E-01  -2.0209E+00  -2.0204E+00  -3.2074E+00  -3.1648E+00
   8.8928E-01   8.8769E-01   9.2396E-01   9.2344E-01  -1.9290E+00  -1.9253E+00
  -1.9302E+00  -1.9273E+00  -1.5917E+00  -1.5920E+00  -1.1869E-02  -1.6150E+00
  -1.6158E+00  -6.0449E-01  -6.0727E-01  -6.0610E-01  -6.0572E-01  -6.0689E-01
  -6.0597E-01  -6.0697E-01  -6.0488E-01   1.0963E+01  -1.0378E+01  -1.2146E+01
   9.7289E+00  -5.6502E-01  -6.7675E-01   9.8108E+00  -9.0694E+00   5.0664E+00
  -5.2152E+00   2.7172E+01  -2.3835E+01   3.1917E+01  -2.7655E+01   2.2535E+01
  -1.9870E+01  -1.1899E+01   1.0003E+01  -6.1703E+00   4.7731E+00   5.2310E+00
  -5.0426E+00   9.9346E+00  -8.9275E+00  -6.2656E+00   4.6627E+00  -1.1979E+01
   9.9117E+00   1.0987E+01  -1.0284E+01   2.7326E+01  -2.3706E+01   5.4803E+00
  -4.7937E+00   1.5914E+01  -1.3896E+01   2.2834E+01  -1.9623E+01   2.2797E+01
  -1.9638E+01  -5.9223E+00   5.0353E+00  -5.9401E+00   5.0150E+00   1.5860E+01
  -1.3923E+01   1.5860E+01  -1.3923E+01   1.1407E+01  -9.8125E+00   3.8089E-03
   7.7844E-03   1.1420E+01  -9.8064E+00   5.4337E+00  -4.8236E+00   5.4346E+00
  -4.8231E+00   5.4347E+00  -4.8235E+00   5.4354E+00  -4.8229E+00  -1.0392E-01
  > Energy =  -5.359879442578E+02 +/-   2.236358469647E-04
  > varE =   5.006100452000E-03

VMC #4:
* Size of Hilbert space =   1.1779E+07
* Number of equil. steps   = 1000
* Running VMC equilibration.
  Done. [total walltime: 0.02s]
* Equil. acc.ratio (%)     =  21.1238
* Sample config after equilibration:
  +-------------+
  |  u       u  |
  |      d      |
  |    u   0    |
  |u           2|
  |d           d|
  |    d   2    |
  |      u      |
  |  d       0  |
  +-------------+
* Number of accum. steps   = 500480 x 10
* Running VMC accumulation.
    [walltime: 1m elapsed, 24.2s remaining]
  Done. [total walltime: 1m22s]
* Acceptance ratio (%)     =  21.1079
* Etot/t                   =  -5.359878873031E+02 +/-   1.012538285177E-04
  > Ttot/t                 =  -3.900493500573E+01 +/-   6.840100910277E-04
  > Utot/t                 =   1.648368124057E+01 +/-   6.747623529578E-04
* var[Eloc/t]              =   5.072445207316E-03 +/-   2.734656687519E-05
* Correlation length       =   1.011561447620E+00
* log10 Psi^2 range: -28.73974242718812 -- -21.16796876909915
* log10 Pgen range : -28.73974242718812 -- -21.16796876909915
* Site occupation (ave. no. electrons per config.):
  > Site_  ___eu____  ___ed____
      1        0.500      0.497
      2        0.498      0.506
      3        0.503      0.501
      4        0.505      0.498
      5        0.500      0.501
      6        0.496      0.502
      7        0.502      0.504
      8        0.503      0.499
      9        0.498      0.494
     10        0.498      0.500
     11        0.496      0.498
     12        0.502      0.501
     13        0.502      0.499
     14        0.497      0.501
* Pair-correlation analysis (ave. no. pairs per config.):
  > Shell  nsite  ___dh____  __eueu___  __eued___
      0      1        0          0          2.479
      1      1        0.901      0.604      2.524
      2      1        0.307      0.654      1.075
      3      1        0.263      0.713      1.076
      4      1        0.672      1.115      2.275
      5      1        0.512      1.470      2.109
      6      1        0.245      2.069      1.928
      7      1        0.076      0.413      0.566
      8      1        0.150      0.854      1.089
      9      1        0.163      0.919      1.034
     10      1        0.300      1.855      2.076
     11      1        0.252      2.073      1.930
     12      1        0.251      2.120      1.906
     13      1        0.249      2.101      1.934
     14      1        0.141      1.040      0.957
     15      1        0.223      2.145      1.905
     16      1        0.231      1.958      2.062
     17      1        0.260      2.022      1.959
     18      1        0.236      2.072      1.955
     19      1        0.116      0.993      1.009
     20      1        0.118      1.007      0.988
     21      1        0.272      1.934      2.040
     22      1        0.263      2.032      1.963
     23      1        0.126      0.949      1.052
     24      1        0.126      0.942      1.055
     25      1        0.234      1.986      2.024
     26      1        0.122      0.989      1.017
     27      1        0.237      2.022      1.987
     28      1        0.067      0.484      0.510
     29      1        0.068      0.484      0.507
     30      1        0.066      0.484      0.504
     31      1        0.067      0.485      0.508
     32      1        0.119      1.013      0.996

Optimization #4:
* Method          : lls
* Target function : energy
* No. of configs. : 100096
* No. of params.  : 120
* Before optimization:
   1.1373E+00   1.1499E+00   1.1452E+00   1.1456E+00  -4.4020E-01  -4.3783E-01
   2.4654E+00   1.3902E+00  -6.5094E-01  -6.5709E-01   2.2571E-01   2.1990E-01
  -3.3604E+00  -3.3610E+00  -4.2674E+00  -2.6789E+00   1.8988E+00   1.4020E+00
   1.4024E+00  -1.9985E-01  -2.0137E-01  -1.0250E+00  -1.0256E+00   1.5630E+00
   1.5606E+00   2.0385E+00  -7.5277E-01  -7.5178E-01  -3.6167E+00  -3.6167E+00
  -6.8672E-01  -6.8746E-01  -2.0209E+00  -2.0204E+00  -3.2074E+00  -3.1648E+00
   8.8928E-01   8.8769E-01   9.2396E-01   9.2344E-01  -1.9290E+00  -1.9253E+00
  -1.9302E+00  -1.9273E+00  -1.5917E+00  -1.5920E+00  -1.1869E-02  -1.6150E+00
  -1.6158E+00  -6.0449E-01  -6.0727E-01  -6.0610E-01  -6.0572E-01  -6.0689E-01
  -6.0597E-01  -6.0697E-01  -6.0488E-01   1.0963E+01  -1.0378E+01  -1.2146E+01
   9.7289E+00  -5.6502E-01  -6.7675E-01   9.8108E+00  -9.0694E+00   5.0664E+00
  -5.2152E+00   2.7172E+01  -2.3835E+01   3.1917E+01  -2.7655E+01   2.2535E+01
  -1.9870E+01  -1.1899E+01   1.0003E+01  -6.1703E+00   4.7731E+00   5.2310E+00
  -5.0426E+00   9.9346E+00  -8.9275E+00  -6.2656E+00   4.6627E+00  -1.1979E+01
   9.9117E+00   1.0987E+01  -1.0284E+01   2.7326E+01  -2.3706E+01   5.4803E+00
  -4.7937E+00   1.5914E+01  -1.3896E+01   2.2834E+01  -1.9623E+01   2.2797E+01
  -1.9638E+01  -5.9223E+00   5.0353E+00  -5.9401E+00   5.0150E+00   1.5860E+01
  -1.3923E+01   1.5860E+01  -1.3923E+01   1.1407E+01  -9.8125E+00   3.8089E-03
   7.7844E-03   1.1420E+01  -9.8064E+00   5.4337E+00  -4.8236E+00   5.4346E+00
  -4.8231E+00   5.4347E+00  -4.8235E+00   5.4354E+00  -4.8229E+00  -1.0392E-01
  > E    =  -5.359875654088E+02 +/-   2.230998193403E-04
  > varE =   4.982131197790E-03
* Computing derivatives.
    [walltime: 1m2s elapsed, 21m6s remaining]
  Done. [total walltime: 20m9s]
* Optimizing manipulation constant:
  #igrid a___________ E____________________________________ varE____________
     1     Infinity    -5.35987565E+02 +/-   2.23099819E-04   4.98213120E-03
     2     1.0000E+06  -5.35987565E+02 +/-   2.23099819E-04   4.98213120E-03
     3     2.1544E+05  -5.35987565E+02 +/-   2.23099819E-04   4.98213120E-03
     4     4.6416E+04  -5.35987565E+02 +/-   2.23099820E-04   4.98213122E-03
     5     1.0000E+04  -5.35987565E+02 +/-   2.23099823E-04   4.98213138E-03
     6     2.1544E+03  -5.35987565E+02 +/-   2.23099880E-04   4.98213390E-03
     7     4.6416E+02  -5.35987565E+02 +/-   2.23100987E-04   4.98218337E-03
     8     1.0000E+02  -5.35987566E+02 +/-   2.23124301E-04   4.98322470E-03
     9     2.1544E+01  -5.35987566E+02 +/-   2.23634618E-04   5.00604541E-03
    10     4.6416E+00  -5.35987186E+02 +/-   2.40430504E-04   5.78623220E-03
    11     1.0000E+00  -5.35197322E+02 +/-   2.06585200E-03   4.27184151E-01
    12     2.1544E-01  -5.35731567E+02 +/-   1.33957829E-03   1.79619268E-01
    13     4.6416E-02  -5.35562233E+02 +/-   1.65231963E-03   2.73278112E-01
    14     1.0000E-02  -5.34924667E+02 +/-   2.23898445E-03   5.01786390E-01
    15     2.1544E-03  -5.34812850E+02 +/-   2.30128567E-03   5.30099983E-01
    16     4.6416E-04  -5.34791290E+02 +/-   2.31288995E-03   5.35459541E-01
    17     1.0000E-04  -5.34786758E+02 +/-   2.31531641E-03   5.36583632E-01
    18     2.1544E-05  -5.34785787E+02 +/-   2.31583584E-03   5.36824422E-01
    19     4.6416E-06  -5.34785578E+02 +/-   2.31594760E-03   5.36876235E-01
    20     1.0000E-06  -5.34785533E+02 +/-   2.31597167E-03   5.36887395E-01
    21     0.0000E+00  -5.34785521E+02 +/-   2.31597828E-03   5.36890460E-01
* Iteration # 1: E =  -5.359875655353E+02 +/-   2.231243014535E-04
* Convergence: exiting.
* After optimization:
   1.1746E+00   1.1872E+00   1.1826E+00   1.1830E+00  -4.6785E-01  -4.6546E-01
   2.4651E+00   1.3902E+00  -6.1423E-01  -6.2039E-01   1.9791E-01   1.9208E-01
  -3.3511E+00  -3.3518E+00  -4.1936E+00  -2.7341E+00   1.8984E+00   1.4018E+00
   1.4022E+00  -2.2764E-01  -2.2917E-01  -9.8828E-01  -9.8895E-01   1.5628E+00
   1.5604E+00   2.0381E+00  -7.8037E-01  -7.7939E-01  -3.6074E+00  -3.6075E+00
  -7.1450E-01  -7.1523E-01  -1.9840E+00  -1.9835E+00  -3.2626E+00  -3.2200E+00
   8.8913E-01   8.8753E-01   9.2382E-01   9.2330E-01  -1.8921E+00  -1.8884E+00
  -1.8933E+00  -1.8904E+00  -1.6193E+00  -1.6196E+00  -1.1863E-02  -1.6426E+00
  -1.6434E+00  -6.3224E-01  -6.3503E-01  -6.3387E-01  -6.3349E-01  -6.3466E-01
  -6.3373E-01  -6.3473E-01  -6.3265E-01   1.1156E+01  -1.0543E+01  -1.2143E+01
   9.7268E+00  -5.6502E-01  -6.7672E-01   9.5541E+00  -8.8494E+00   5.2609E+00
  -5.3819E+00   2.7108E+01  -2.3779E+01   3.1401E+01  -2.7212E+01   2.2922E+01
  -2.0201E+01  -1.1897E+01   1.0001E+01  -6.1690E+00   4.7721E+00   5.4255E+00
  -5.2092E+00   9.6779E+00  -8.7074E+00  -6.2644E+00   4.6616E+00  -1.1977E+01
   9.9095E+00   1.1180E+01  -1.0450E+01   2.7261E+01  -2.3650E+01   5.6748E+00
  -4.9604E+00   1.5656E+01  -1.3675E+01   2.3220E+01  -1.9954E+01   2.3184E+01
  -1.9969E+01  -5.9211E+00   5.0342E+00  -5.9389E+00   5.0139E+00   1.5602E+01
  -1.3702E+01   1.5602E+01  -1.3701E+01   1.1600E+01  -9.9782E+00   3.8079E-03
   7.7828E-03   1.1613E+01  -9.9720E+00   5.6282E+00  -4.9903E+00   5.6290E+00
  -4.9898E+00   5.6292E+00  -4.9903E+00   5.6299E+00  -4.9896E+00  -1.0392E-01
  > Energy =  -5.359875655353E+02 +/-   2.231243014535E-04
  > varE =   4.983224697488E-03

VMC #5:
* Size of Hilbert space =   1.1779E+07
* Number of equil. steps   = 1000
* Running VMC equilibration.
  Done. [total walltime: 0.02s]
* Equil. acc.ratio (%)     =  21.0945
* Sample config after equilibration:
  +-------------+
  |  u       d  |
  |      u      |
  |    u   d    |
  |d           u|
  |u           u|
  |    d   u    |
  |      d      |
  |  d       d  |
  +-------------+
* Number of accum. steps   = 500480 x 10
* Running VMC accumulation.
    [walltime: 1m elapsed, 24.1s remaining]
  Done. [total walltime: 1m22s]
* Acceptance ratio (%)     =  21.1102
* Etot/t                   =  -5.359879205038E+02 +/-   1.001125038034E-04
  > Ttot/t                 =  -3.900390669504E+01 +/-   6.787898510789E-04
  > Utot/t                 =   1.648261972924E+01 +/-   6.722476662198E-04
* var[Eloc/t]              =   5.052669609156E-03 +/-   2.421918624826E-05
* Correlation length       =   9.927558901217E-01
* log10 Psi^2 range: -28.91214424199402 -- -21.16809726948561
* log10 Pgen range : -28.91214424199402 -- -21.16809726948561
* Site occupation (ave. no. electrons per config.):
  > Site_  ___eu____  ___ed____
      1        0.497      0.497
      2        0.501      0.502
      3        0.503      0.499
      4        0.501      0.501
      5        0.500      0.503
      6        0.496      0.500
      7        0.504      0.504
      8        0.500      0.500
      9        0.499      0.495
     10        0.497      0.502
     11        0.499      0.498
     12        0.501      0.501
     13        0.500      0.502
     14        0.502      0.497
* Pair-correlation analysis (ave. no. pairs per config.):
  > Shell  nsite  ___dh____  __eueu___  __eued___
      0      1        0          0          2.476
      1      1        0.896      0.607      2.524
      2      1        0.305      0.656      1.076
      3      1        0.262      0.709      1.079
      4      1        0.672      1.112      2.282
      5      1        0.514      1.463      2.113
      6      1        0.239      2.075      1.929
      7      1        0.075      0.414      0.569
      8      1        0.150      0.853      1.092
      9      1        0.166      0.911      1.038
     10      1        0.299      1.854      2.075
     11      1        0.250      2.074      1.934
     12      1        0.253      2.128      1.900
     13      1        0.249      2.103      1.926
     14      1        0.141      1.045      0.954
     15      1        0.224      2.146      1.901
     16      1        0.232      1.960      2.061
     17      1        0.258      2.028      1.961
     18      1        0.235      2.073      1.957
     19      1        0.116      0.989      1.010
     20      1        0.116      1.009      0.991
     21      1        0.276      1.930      2.038
     22      1        0.263      2.031      1.962
     23      1        0.126      0.943      1.060
     24      1        0.126      0.942      1.050
     25      1        0.236      1.981      2.026
     26      1        0.121      0.984      1.018
     27      1        0.233      2.028      1.982
     28      1        0.068      0.485      0.504
     29      1        0.068      0.484      0.509
     30      1        0.066      0.484      0.507
     31      1        0.069      0.485      0.507
     32      1        0.120      1.014      0.992

Optimization #5:
* Method          : lls
* Target function : energy
* No. of configs. : 100096
* No. of params.  : 120
* Before optimization:
   1.1746E+00   1.1872E+00   1.1826E+00   1.1830E+00  -4.6785E-01  -4.6546E-01
   2.4651E+00   1.3902E+00  -6.1423E-01  -6.2039E-01   1.9791E-01   1.9208E-01
  -3.3511E+00  -3.3518E+00  -4.1936E+00  -2.7341E+00   1.8984E+00   1.4018E+00
   1.4022E+00  -2.2764E-01  -2.2917E-01  -9.8828E-01  -9.8895E-01   1.5628E+00
   1.5604E+00   2.0381E+00  -7.8037E-01  -7.7939E-01  -3.6074E+00  -3.6075E+00
  -7.1450E-01  -7.1523E-01  -1.9840E+00  -1.9835E+00  -3.2626E+00  -3.2200E+00
   8.8913E-01   8.8753E-01   9.2382E-01   9.2330E-01  -1.8921E+00  -1.8884E+00
  -1.8933E+00  -1.8904E+00  -1.6193E+00  -1.6196E+00  -1.1863E-02  -1.6426E+00
  -1.6434E+00  -6.3224E-01  -6.3503E-01  -6.3387E-01  -6.3349E-01  -6.3466E-01
  -6.3373E-01  -6.3473E-01  -6.3265E-01   1.1156E+01  -1.0543E+01  -1.2143E+01
   9.7268E+00  -5.6502E-01  -6.7672E-01   9.5541E+00  -8.8494E+00   5.2609E+00
  -5.3819E+00   2.7108E+01  -2.3779E+01   3.1401E+01  -2.7212E+01   2.2922E+01
  -2.0201E+01  -1.1897E+01   1.0001E+01  -6.1690E+00   4.7721E+00   5.4255E+00
  -5.2092E+00   9.6779E+00  -8.7074E+00  -6.2644E+00   4.6616E+00  -1.1977E+01
   9.9095E+00   1.1180E+01  -1.0450E+01   2.7261E+01  -2.3650E+01   5.6748E+00
  -4.9604E+00   1.5656E+01  -1.3675E+01   2.3220E+01  -1.9954E+01   2.3184E+01
  -1.9969E+01  -5.9211E+00   5.0342E+00  -5.9389E+00   5.0139E+00   1.5602E+01
  -1.3702E+01   1.5602E+01  -1.3701E+01   1.1600E+01  -9.9782E+00   3.8079E-03
   7.7828E-03   1.1613E+01  -9.9720E+00   5.6282E+00  -4.9903E+00   5.6290E+00
  -4.9898E+00   5.6292E+00  -4.9903E+00   5.6299E+00  -4.9896E+00  -1.0392E-01
  > E    =  -5.359879084944E+02 +/-   2.241611706016E-04
  > varE =   5.029646870668E-03
* Computing derivatives.
    [walltime: 1m1s elapsed, 20m42s remaining]
  Done. [total walltime: 20m18s]
* Optimizing manipulation constant:
  #igrid a___________ E____________________________________ varE____________
     1     Infinity    -5.35987908E+02 +/-   2.24161171E-04   5.02964687E-03
     2     1.0000E+06  -5.35987908E+02 +/-   2.24161170E-04   5.02964682E-03
     3     2.1544E+05  -5.35987908E+02 +/-   2.24161166E-04   5.02964665E-03
     4     4.6416E+04  -5.35987908E+02 +/-   2.24161148E-04   5.02964585E-03
     5     1.0000E+04  -5.35987908E+02 +/-   2.24161065E-04   5.02964214E-03
     6     2.1544E+03  -5.35987909E+02 +/-   2.24160684E-04   5.02962502E-03
     7     4.6416E+02  -5.35987909E+02 +/-   2.24158962E-04   5.02954776E-03
     8     1.0000E+02  -5.35987909E+02 +/-   2.24152015E-04   5.02923602E-03
     9     2.1544E+01  -5.35987910E+02 +/-   2.24141651E-04   5.02877097E-03
    10     4.6416E+00  -5.35987907E+02 +/-   2.24571908E-04   5.04809571E-03
    11     1.0000E+00  -5.35987481E+02 +/-   2.35831562E-04   5.56699174E-03
    12     2.1544E-01  -5.35978892E+02 +/-   3.52623462E-04   1.24462676E-02
    13     4.6416E-02  -5.35981105E+02 +/-   2.88499287E-04   8.33117412E-03
    14     1.0000E-02  -5.35919907E+02 +/-   6.82996427E-04   4.66931944E-02
    15     2.1544E-03  -5.35893574E+02 +/-   7.97900413E-04   6.37256249E-02
    16     4.6416E-04  -5.35887240E+02 +/-   8.23081944E-04   6.78114252E-02
    17     1.0000E-04  -5.35885844E+02 +/-   8.28520717E-04   6.87105567E-02
    18     2.1544E-05  -5.35885542E+02 +/-   8.29693036E-04   6.89051390E-02
    19     4.6416E-06  -5.35885477E+02 +/-   8.29945631E-04   6.89471008E-02
    20     1.0000E-06  -5.35885463E+02 +/-   8.30000052E-04   6.89561430E-02
    21     0.0000E+00  -5.35885459E+02 +/-   8.30014996E-04   6.89586262E-02
* Iteration # 1: E =  -5.359879095054E+02 +/-   2.241416511220E-04
* Convergence: exiting.
* After optimization:
   1.1337E+00   1.1463E+00   1.1419E+00   1.1420E+00  -4.7597E-01  -4.7347E-01
   2.4909E+00   1.3906E+00  -5.9138E-01  -5.9761E-01   2.0247E-01   1.9666E-01
  -3.3495E+00  -3.3501E+00  -4.1734E+00  -2.7505E+00   1.9243E+00   1.4149E+00
   1.4154E+00  -2.2297E-01  -2.2443E-01  -9.6528E-01  -9.6605E-01   1.5760E+00
   1.5736E+00   2.0639E+00  -7.8831E-01  -7.8739E-01  -3.6057E+00  -3.6057E+00
  -7.0990E-01  -7.1062E-01  -1.9738E+00  -1.9733E+00  -3.2794E+00  -3.2368E+00
   9.0220E-01   9.0061E-01   9.3692E-01   9.3642E-01  -1.8819E+00  -1.8783E+00
  -1.8831E+00  -1.8802E+00  -1.6276E+00  -1.6279E+00  -1.1793E-02  -1.6510E+00
  -1.6518E+00  -6.2766E-01  -6.3036E-01  -6.2927E-01  -6.2894E-01  -6.2994E-01
  -6.2909E-01  -6.3017E-01  -6.2804E-01   1.1215E+01  -1.0595E+01  -1.2323E+01
   9.8801E+00  -5.6525E-01  -6.7690E-01   9.3953E+00  -8.7134E+00   5.2308E+00
  -5.3562E+00   2.7098E+01  -2.3771E+01   3.1262E+01  -2.7094E+01   2.3040E+01
  -2.0303E+01  -1.2076E+01   1.0154E+01  -6.2587E+00   4.8485E+00   5.3953E+00
  -5.1837E+00   9.5190E+00  -8.5716E+00  -6.3540E+00   4.7381E+00  -1.2156E+01
   1.0063E+01   1.1239E+01  -1.0501E+01   2.7251E+01  -2.3642E+01   5.6447E+00
  -4.9348E+00   1.5587E+01  -1.3615E+01   2.3339E+01  -2.0056E+01   2.3303E+01
  -2.0071E+01  -6.0108E+00   5.1108E+00  -6.0286E+00   5.0904E+00   1.5533E+01
  -1.3643E+01   1.5533E+01  -1.3642E+01   1.1660E+01  -1.0029E+01   3.7726E-03
   7.7774E-03   1.1672E+01  -1.0023E+01   5.5981E+00  -4.9646E+00   5.5987E+00
  -4.9642E+00   5.5991E+00  -4.9645E+00   5.5997E+00  -4.9639E+00  -1.0410E-01
  > Energy =  -5.359879095054E+02 +/-   2.241416511220E-04
  > varE =   5.028770966826E-03

VMC #6:
* Size of Hilbert space =   1.1779E+07
* Number of equil. steps   = 1000
* Running VMC equilibration.
  Done. [total walltime: 0.02s]
* Equil. acc.ratio (%)     =  21.1441
* Sample config after equilibration:
  +-------------+
  |  2       u  |
  |      u      |
  |    d   d    |
  |0           d|
  |2           u|
  |    u   u    |
  |      d      |
  |  0       d  |
  +-------------+
* Number of accum. steps   = 500480 x 10
* Running VMC accumulation.
    [walltime: 1m elapsed, 24.3s remaining]
  Done. [total walltime: 1m23s]
* Acceptance ratio (%)     =  21.1113
* Etot/t                   =  -5.359879166629E+02 +/-   1.009295917006E-04
  > Ttot/t                 =  -3.900462415471E+01 +/-   6.839005169488E-04
  > Utot/t                 =   1.648334102976E+01 +/-   6.759979373006E-04
* var[Eloc/t]              =   5.129700465185E-03 +/-   7.109020021669E-05
* Correlation length       =   9.938749700138E-01
* log10 Psi^2 range: -29.38033556190157 -- -21.17880929488742
* log10 Pgen range : -29.38033556190157 -- -21.17880929488742
* Site occupation (ave. no. electrons per config.):
  > Site_  ___eu____  ___ed____
      1        0.496      0.499
      2        0.501      0.502
      3        0.498      0.505
      4        0.501      0.502
      5        0.499      0.501
      6        0.499      0.497
      7        0.503      0.500
      8        0.500      0.499
      9        0.499      0.497
     10        0.500      0.498
     11        0.499      0.496
     12        0.503      0.500
     13        0.502      0.500
     14        0.499      0.501
* Pair-correlation analysis (ave. no. pairs per config.):
  > Shell  nsite  ___dh____  __eueu___  __eued___
      0      1        0          0          2.478
      1      1        0.898      0.608      2.522
      2      1        0.304      0.658      1.077
      3      1        0.265      0.710      1.077
      4      1        0.672      1.114      2.276
      5      1        0.512      1.464      2.115
      6      1        0.241      2.070      1.927
      7      1        0.075      0.412      0.568
      8      1        0.148      0.852      1.093
      9      1        0.167      0.917      1.032
     10      1        0.298      1.856      2.083
     11      1        0.254      2.074      1.929
     12      1        0.255      2.123      1.902
     13      1        0.250      2.106      1.928
     14      1        0.139      1.040      0.963
     15      1        0.225      2.145      1.900
     16      1        0.232      1.957      2.058
     17      1        0.259      2.025      1.959
     18      1        0.238      2.069      1.953
     19      1        0.116      0.991      1.009
     20      1        0.117      1.007      0.988
     21      1        0.274      1.934      2.042
     22      1        0.261      2.036      1.967
     23      1        0.127      0.942      1.052
     24      1        0.127      0.943      1.054
     25      1        0.236      1.983      2.025
     26      1        0.123      0.990      1.016
     27      1        0.238      2.021      1.985
     28      1        0.066      0.484      0.507
     29      1        0.068      0.485      0.504
     30      1        0.068      0.485      0.506
     31      1        0.068      0.485      0.506
     32      1        0.120      1.014      0.996

VDAGGER finished.
Total VDAGGER walltime: 3h27m

Run ended: Wed Oct 22 12:09:47 CEST 2025
