Run started: Mon Oct 20 18:01:54 CEST 2025
Using VDAGGER_ARCH = intel23_fkfamd23_cluster
Running 1x128 MPI processes.

                               xx
                              +##
                               #X
                               Xx
                          X##XxXxxX##x
                           +   Xx  ++
                               ##
                              +##
                              +##
     ++++         ++          +##
   xX+++##+      ####         +##
  Xx    ###      +X##          ##
 xX    X##+        ##          #X
 +    x##X         #x          #X
      ###         +#           x+
     X##+         #+
     ###         Xx                    _______
     ##X       +X+   __________________VDAGGER
     +##x    +xX     2nd quantized variational
       +xxxxx+       ______quantum Monte Carlo

* Running 128 MPI processes.
* Input file: "input.casl"

############# Start of input file dump #############
General:
  Random seed: timer

Plan:
  VMC-optimization:
    Minimum cycles: 10
    Convergence cycles: 5

System:
  Read Hamiltonian: FCIDUMP_loc_benzene
  Read orbitals: LTSC_benzene
  Complex orbitals: F
  Geometry:
    r_5: [ 0.00000000000000, 2.63994739601739 ]
    r_4: [ 2.28626150960564, 1.31997369800870 ]
    r_6: [ 2.28626150960564, -1.31997369800870 ]
    r_2: [ 0.00000000000000, -2.63994739601739 ]
    r_3: [ -2.28626150960564, -1.31997369800870 ]
    r_1: [ -2.28626150960564, 1.31997369800870 ]

VMC:
  nstep: 500000
  nconfig: 50000

Jastrow: wfn.casl

Multideterminants: wfn.casl
############## End of input file dump ##############

General setup:
* Random seed: 425184129 (from timer)

* Loaded integrals for system with nelec=6, ms2=0, norb=6
* INFO: setting number of electrons from integrals file.
* Analysis of Hamiltonian connecitivity performed:
  - T_ii (local, 1-site): 6 (i) values
  - U_iiii [opp] (local, 1-site): 6 (i) values
  - U_kkii [opp] (local, 2-site): 30 contribs. from 6 (i) values
  - U_kkii [par] (local, 2-site): 15 contribs. from 5 (i) values
  - T_ji (single, 2-site): 30 contribs. from 6 (i) values
  - U_kkji [opp] (single, 2/3-site): 180 contribs. from 30 (i,j) pairs
  - U_kkji [par] (single, 3-site): 150 contribs. from 30 (i,j) pairs
  - U_lkji [opp] (double, 2/3/4-site): 900 contribs. from 30 (i,j) pairs
  - U_lkji [par] (double, 4-site): 170 contribs. from 20 (i,j) pairs
  - Max. no. wfn. ratios in Eloc: 255
* Reading override orbitals from file "LTSC_benzene".
* Site labels:
  +-----+
  |  5  |
  |1   4|
  |3   6|
  |  2  |
  +-----+
* Automatically set Site kinds:
  [ 1, 1, 1, 1, 1, 1 ]
  +-----+
  |  1  |
  |1   1|
  |1   1|
  |  1  |
  +-----+
* Maximum Site kind: 1
* Number of site-pair kinds with Tij=0: 0
* Automatically set Site pair kinds:
  Site 1: [ 0, 4, 1, -5, -1, -2 ]
  Site 2: [ 4, 0, 1, -4, -3, -1 ]
  Site 3: [ 1, 1, 0, -2, -4, -5 ]
  Site 4: [ -5, -4, -2, 0, 1, 1 ]
  Site 5: [ -1, -3, -4, 1, 0, 4 ]
  Site 6: [ -2, -1, -5, 1, 4, 0 ]
  For site 1 of kind 1:
  +--------+
  |   -1   |
  | 0    -5|
  | 1    -2|
  |    4   |
  +--------+
* Maximum (unsigned) Site pair kind: 5
General system setup:
* Number of sites       : 6
* Number of electrons   : 6
* Spin imbalance MS2    : 0
* Filling               : 0.500000
* Number of orbitals in pool: 6
* Using real-valued orbitals
* Using double-precision arithmetic for orbitals

Trial wave function setup:
* Jastrow parameter file: "wfn.casl"
* Multideterminant parameter file: "wfn.casl"
* Not using a backflow transformation
* Not using wave function manipulation

VMC #1:
* Size of Hilbert space =   4.0000E+02
* Deterministic energy evaluation:
  > Deterministic Etot/t = -230.7000334842491
    - Ttot/t = -10.36335098094794
    - Utot/t = 3.905809350846768
* Number of equil. steps   = 1000
* Running VMC equilibration.
  Done. [total walltime: 0.01s]
* Equil. acc.ratio (%)     =  40.8607
* Sample config after equilibration:
  +-----+
  |  d  |
  |u   d|
  |2   u|
  |  0  |
  +-----+
* Number of accum. steps   = 500480 x 10
* Running VMC accumulation.
  Done. [total walltime: 2.95s]
* Acceptance ratio (%)     =  40.8560
* Etot/t                   =  -2.306999923987E+02 +/-   2.166908572040E-05
  > Ttot/t                 =  -1.036326090625E+01 +/-   2.942131080390E-04
  > Utot/t                 =   3.905760361683E+00 +/-   2.938059603724E-04
* var[Eloc/t]              =   2.373652593533E-04 +/-   3.367518140518E-06
* Correlation length       =   9.900354511511E-01
* log10 Psi^2 range: -5.634792042170261 -- -2.178234150461814
* log10 Pgen range : -5.634792042170261 -- -2.178234150461814
* Site occupation (ave. no. electrons per config.):
  > Site_  ___eu____  ___ed____
      1        0.499      0.502
      2        0.502      0.498
      3        0.500      0.499
      4        0.502      0.493
      5        0.500      0.502
      6        0.497      0.506
* Pair-correlation analysis (ave. no. pairs per config.):
  > Shell  nsite  ___dh____  __eueu___  __eued___
      0      1        0          0          1.032
      1      4        1.062      1.485      3.522
      2      4        0.152      0.844      1.101
      3      4        0.072      0.424      0.556
      4      4        0.234      2.167      1.859
      5      4        0.118      1.080      0.930

Optimization #1:
* Method          : lls
* Target function : energy
* No. of configs. : 50048
* No. of params.  : 18
* Before optimization:
  -9.2308E-01   2.8632E-01  -9.8009E-02  -7.2422E-02  -1.6771E-02  -1.4271E-02
  -1.1987E-01  -1.3140E-01   7.3181E-02   2.9945E-02   1.4704E-01  -4.8376E-02
   4.8605E-02  -4.8246E-02  -6.9994E-02  -8.5502E-02   4.0881E-02   5.5705E-03
  > E    =  -2.306998677071E+02 +/-   6.795320650577E-05
  > varE =   2.311035603579E-04
* Computing derivatives.
  Done. [total walltime: 1.66s]
* Optimizing manipulation constant:
  #igrid a___________ E____________________________________ varE____________
     1     Infinity    -2.30699868E+02 +/-   6.79532065E-05   2.31103560E-04
     2     1.0000E+06  -2.30699868E+02 +/-   6.79532065E-05   2.31103560E-04
     3     2.1544E+05  -2.30699868E+02 +/-   6.79532064E-05   2.31103560E-04
     4     4.6416E+04  -2.30699868E+02 +/-   6.79532062E-05   2.31103558E-04
     5     1.0000E+04  -2.30699868E+02 +/-   6.79532052E-05   2.31103551E-04
     6     2.1544E+03  -2.30699868E+02 +/-   6.79532004E-05   2.31103519E-04
     7     4.6416E+02  -2.30699868E+02 +/-   6.79531788E-05   2.31103372E-04
     8     1.0000E+02  -2.30699868E+02 +/-   6.79530936E-05   2.31102792E-04
     9     2.1544E+01  -2.30699868E+02 +/-   6.79529911E-05   2.31102095E-04
    10     4.6416E+00  -2.30699868E+02 +/-   6.79569511E-05   2.31129031E-04
    11     1.0000E+00  -2.30699868E+02 +/-   6.79993513E-05   2.31417537E-04
    12     2.1544E-01  -2.30699867E+02 +/-   6.81093533E-05   2.32166867E-04
    13     4.6416E-02  -2.30699866E+02 +/-   6.81914281E-05   2.32726746E-04
    14     1.0000E-02  -2.30699865E+02 +/-   6.82190580E-05   2.32915378E-04
    15     2.1544E-03  -2.30699865E+02 +/-   6.82257588E-05   2.32961136E-04
    16     4.6416E-04  -2.30699865E+02 +/-   6.82272419E-05   2.32971265E-04
    17     1.0000E-04  -2.30699865E+02 +/-   6.82275634E-05   2.32973460E-04
    18     2.1544E-05  -2.30699865E+02 +/-   6.82276327E-05   2.32973934E-04
    19     4.6416E-06  -2.30699865E+02 +/-   6.82276476E-05   2.32974036E-04
    20     1.0000E-06  -2.30699865E+02 +/-   6.82276509E-05   2.32974058E-04
    21     0.0000E+00  -2.30699865E+02 +/-   6.82276517E-05   2.32974064E-04
* Iteration # 1: E =  -2.306998678812E+02 +/-   6.795695108362E-05
* Convergence: exiting.
* After optimization:
  -9.2447E-01   2.8656E-01  -9.8006E-02  -7.1550E-02  -1.6669E-02  -1.4003E-02
  -1.1991E-01  -1.3181E-01   7.3102E-02   2.9819E-02   1.4740E-01  -4.9499E-02
   4.8883E-02  -4.8549E-02  -6.9931E-02  -8.5913E-02   4.0884E-02   5.6620E-03
  > Energy =  -2.306998678812E+02 +/-   6.795695108362E-05
  > varE =   2.311290310947E-04

VMC #2:
* Size of Hilbert space =   4.0000E+02
* Deterministic energy evaluation:
  > Deterministic Etot/t = -230.7000333835236
    - Ttot/t = -10.36333761003294
    - Utot/t = 3.905796080657154
* Number of equil. steps   = 1000
* Running VMC equilibration.
  Done. [total walltime: 0.01s]
* Equil. acc.ratio (%)     =  40.8928
* Sample config after equilibration:
  +-----+
  |  2  |
  |0   0|
  |u   2|
  |  d  |
  +-----+
* Number of accum. steps   = 500480 x 10
* Running VMC accumulation.
  Done. [total walltime: 2.97s]
* Acceptance ratio (%)     =  40.8349
* Etot/t                   =  -2.307000304757E+02 +/-   2.191110253449E-05
  > Ttot/t                 =  -1.036320711061E+01 +/-   2.945874179183E-04
  > Utot/t                 =   3.905668489051E+00 +/-   2.941671539027E-04
* var[Eloc/t]              =   2.453678695608E-04 +/-   7.846405515241E-06
* Correlation length       =   9.792588322485E-01
* log10 Psi^2 range: -6.622634461037648 -- -2.180187107542956
* log10 Pgen range : -6.622634461037648 -- -2.180187107542956
* Site occupation (ave. no. electrons per config.):
  > Site_  ___eu____  ___ed____
      1        0.497      0.500
      2        0.503      0.502
      3        0.500      0.501
      4        0.499      0.497
      5        0.500      0.499
      6        0.500      0.501
* Pair-correlation analysis (ave. no. pairs per config.):
  > Shell  nsite  ___dh____  __eueu___  __eued___
      0      1        0          0          1.032
      1      4        1.064      1.483      3.519
      2      4        0.149      0.844      1.101
      3      4        0.077      0.424      0.553
      4      4        0.230      2.170      1.867
      5      4        0.116      1.079      0.928

Optimization #2:
* Method          : lls
* Target function : energy
* No. of configs. : 50048
* No. of params.  : 18
* Before optimization:
  -9.2447E-01   2.8656E-01  -9.8006E-02  -7.1550E-02  -1.6669E-02  -1.4003E-02
  -1.1991E-01  -1.3181E-01   7.3102E-02   2.9819E-02   1.4740E-01  -4.9499E-02
   4.8883E-02  -4.8549E-02  -6.9931E-02  -8.5913E-02   4.0884E-02   5.6620E-03
  > E    =  -2.307000840197E+02 +/-   7.189446762174E-05
  > varE =   2.586888268255E-04
* Computing derivatives.
  Done. [total walltime: 1.69s]
* Optimizing manipulation constant:
  #igrid a___________ E____________________________________ varE____________
     1     Infinity    -2.30700084E+02 +/-   7.18944676E-05   2.58688827E-04
     2     1.0000E+06  -2.30700084E+02 +/-   7.18944651E-05   2.58688809E-04
     3     2.1544E+05  -2.30700084E+02 +/-   7.18944560E-05   2.58688743E-04
     4     4.6416E+04  -2.30700084E+02 +/-   7.18944136E-05   2.58688438E-04
     5     1.0000E+04  -2.30700084E+02 +/-   7.18942169E-05   2.58687023E-04
     6     2.1544E+03  -2.30700084E+02 +/-   7.18933047E-05   2.58680458E-04
     7     4.6416E+02  -2.30700084E+02 +/-   7.18890844E-05   2.58650089E-04
     8     1.0000E+02  -2.30700084E+02 +/-   7.18697939E-05   2.58511296E-04
     9     2.1544E+01  -2.30700084E+02 +/-   7.17862230E-05   2.57910447E-04
    10     4.6416E+00  -2.30700084E+02 +/-   7.14935799E-05   2.55811943E-04
    11     1.0000E+00  -2.30700084E+02 +/-   7.09298324E-05   2.51793546E-04
    12     2.1544E-01  -2.30700083E+02 +/-   7.05066560E-05   2.48798044E-04
    13     4.6416E-02  -2.30700083E+02 +/-   7.03641431E-05   2.47793285E-04
    14     1.0000E-02  -2.30700083E+02 +/-   7.03303661E-05   2.47555445E-04
    15     2.1544E-03  -2.30700083E+02 +/-   7.03229678E-05   2.47503366E-04
    16     4.6416E-04  -2.30700083E+02 +/-   7.03213688E-05   2.47492110E-04
    17     1.0000E-04  -2.30700083E+02 +/-   7.03210241E-05   2.47489684E-04
    18     2.1544E-05  -2.30700083E+02 +/-   7.03209498E-05   2.47489161E-04
    19     4.6416E-06  -2.30700083E+02 +/-   7.03209338E-05   2.47489048E-04
    20     1.0000E-06  -2.30700083E+02 +/-   7.03209304E-05   2.47489024E-04
    21     0.0000E+00  -2.30700083E+02 +/-   7.03209294E-05   2.47489017E-04
* Iteration # 1: E =  -2.307000829711E+02 +/-   7.036414311005E-05
* Convergence: exiting.
* After optimization:
  -9.4049E-01   3.0333E-01  -1.0812E-01  -8.2032E-02  -1.7968E-02  -1.6132E-02
  -1.3141E-01  -1.2936E-01   8.1664E-02   2.9927E-02   1.5804E-01  -4.9256E-02
   4.9117E-02  -4.9472E-02  -7.0347E-02  -8.5569E-02   3.9108E-02  -4.1367E-03
  > Energy =  -2.307000829711E+02 +/-   7.036414311005E-05
  > varE =   2.477932851871E-04

VMC #3:
* Size of Hilbert space =   4.0000E+02
* Deterministic energy evaluation:
  > Deterministic Etot/t = -230.7000340492205
    - Ttot/t = -10.36348554506309
    - Utot/t = 3.905943349990488
* Number of equil. steps   = 1000
* Running VMC equilibration.
  Done. [total walltime: 0.02s]
* Equil. acc.ratio (%)     =  41.1154
* Sample config after equilibration:
  +-----+
  |  0  |
  |2   u|
  |d   u|
  |  d  |
  +-----+
* Number of accum. steps   = 500480 x 10
* Running VMC accumulation.
  Done. [total walltime: 3.00s]
* Acceptance ratio (%)     =  41.0703
* Etot/t                   =  -2.307000281791E+02 +/-   2.234143315432E-05
  > Ttot/t                 =  -1.036337300556E+01 +/-   2.965086249701E-04
  > Utot/t                 =   3.905836680616E+00 +/-   2.961172987278E-04
* var[Eloc/t]              =   2.414997208399E-04 +/-   2.557956298586E-06
* Correlation length       =   1.034408668675E+00
* log10 Psi^2 range: -5.625823453625387 -- -2.180885103847439
* log10 Pgen range : -5.625823453625387 -- -2.180885103847439
* Site occupation (ave. no. electrons per config.):
  > Site_  ___eu____  ___ed____
      1        0.502      0.500
      2        0.500      0.500
      3        0.498      0.499
      4        0.500      0.501
      5        0.499      0.501
      6        0.500      0.499
* Pair-correlation analysis (ave. no. pairs per config.):
  > Shell  nsite  ___dh____  __eueu___  __eued___
      0      1        0          0          1.038
      1      4        1.072      1.480      3.515
      2      4        0.156      0.843      1.100
      3      4        0.077      0.424      0.550
      4      4        0.231      2.169      1.865
      5      4        0.116      1.084      0.932

Optimization #3:
* Method          : lls
* Target function : energy
* No. of configs. : 50048
* No. of params.  : 18
* Before optimization:
  -9.4049E-01   3.0333E-01  -1.0812E-01  -8.2032E-02  -1.7968E-02  -1.6132E-02
  -1.3141E-01  -1.2936E-01   8.1664E-02   2.9927E-02   1.5804E-01  -4.9256E-02
   4.9117E-02  -4.9472E-02  -7.0347E-02  -8.5569E-02   3.9108E-02  -4.1367E-03
  > E    =  -2.307001338734E+02 +/-   6.982209518148E-05
  > varE =   2.439902547754E-04
* Computing derivatives.
  Done. [total walltime: 1.66s]
* Optimizing manipulation constant:
  #igrid a___________ E____________________________________ varE____________
     1     Infinity    -2.30700134E+02 +/-   6.98220952E-05   2.43990255E-04
     2     1.0000E+06  -2.30700134E+02 +/-   6.98220954E-05   2.43990256E-04
     3     2.1544E+05  -2.30700134E+02 +/-   6.98220961E-05   2.43990261E-04
     4     4.6416E+04  -2.30700134E+02 +/-   6.98220994E-05   2.43990285E-04
     5     1.0000E+04  -2.30700134E+02 +/-   6.98221150E-05   2.43990393E-04
     6     2.1544E+03  -2.30700134E+02 +/-   6.98221871E-05   2.43990897E-04
     7     4.6416E+02  -2.30700134E+02 +/-   6.98225216E-05   2.43993235E-04
     8     1.0000E+02  -2.30700134E+02 +/-   6.98240671E-05   2.44004037E-04
     9     2.1544E+01  -2.30700134E+02 +/-   6.98310830E-05   2.44053074E-04
    10     4.6416E+00  -2.30700133E+02 +/-   6.98599730E-05   2.44255051E-04
    11     1.0000E+00  -2.30700132E+02 +/-   6.99366188E-05   2.44791307E-04
    12     2.1544E-01  -2.30700131E+02 +/-   7.00110910E-05   2.45312917E-04
    13     4.6416E-02  -2.30700131E+02 +/-   7.00356615E-05   2.45485134E-04
    14     1.0000E-02  -2.30700130E+02 +/-   7.00407004E-05   2.45520459E-04
    15     2.1544E-03  -2.30700130E+02 +/-   7.00417292E-05   2.45527672E-04
    16     4.6416E-04  -2.30700130E+02 +/-   7.00419474E-05   2.45529202E-04
    17     1.0000E-04  -2.30700130E+02 +/-   7.00419942E-05   2.45529530E-04
    18     2.1544E-05  -2.30700130E+02 +/-   7.00420043E-05   2.45529601E-04
    19     4.6416E-06  -2.30700130E+02 +/-   7.00420065E-05   2.45529616E-04
    20     1.0000E-06  -2.30700130E+02 +/-   7.00420070E-05   2.45529619E-04
    21     0.0000E+00  -2.30700130E+02 +/-   7.00420071E-05   2.45529620E-04
* Iteration # 1: E =  -2.307001338734E+02 +/-   6.982209518148E-05
* Convergence: exiting.
* After optimization:
  -9.4049E-01   3.0333E-01  -1.0812E-01  -8.2032E-02  -1.7968E-02  -1.6132E-02
  -1.3141E-01  -1.2936E-01   8.1664E-02   2.9927E-02   1.5804E-01  -4.9256E-02
   4.9117E-02  -4.9472E-02  -7.0347E-02  -8.5569E-02   3.9108E-02  -4.1367E-03
  > Energy =  -2.307001338734E+02 +/-   6.982209518148E-05
  > varE =   2.439902547754E-04

VMC #4:
* Size of Hilbert space =   4.0000E+02
* Deterministic energy evaluation:
  > Deterministic Etot/t = -230.7000340492205
    - Ttot/t = -10.36348554506309
    - Utot/t = 3.905943349990488
* Number of equil. steps   = 1000
* Running VMC equilibration.
  Done. [total walltime: 0.01s]
* Equil. acc.ratio (%)     =  41.1076
* Sample config after equilibration:
  +-----+
  |  2  |
  |0   0|
  |2   u|
  |  d  |
  +-----+
* Number of accum. steps   = 500480 x 10
* Running VMC accumulation.
  Done. [total walltime: 2.97s]
* Acceptance ratio (%)     =  41.0780
* Etot/t                   =  -2.307000011740E+02 +/-   2.177088156199E-05
  > Ttot/t                 =  -1.036336735503E+01 +/-   2.891596434147E-04
  > Utot/t                 =   3.905858035131E+00 +/-   2.884817456802E-04
* var[Eloc/t]              =   2.387315089903E-04 +/-   3.539607734893E-06
* Correlation length       =   9.936398811064E-01
* log10 Psi^2 range: -5.625823294712421 -- -2.180886643169876
* log10 Pgen range : -5.625823294712421 -- -2.180886643169876
* Site occupation (ave. no. electrons per config.):
  > Site_  ___eu____  ___ed____
      1        0.501      0.498
      2        0.497      0.495
      3        0.501      0.500
      4        0.500      0.502
      5        0.497      0.502
      6        0.504      0.502
* Pair-correlation analysis (ave. no. pairs per config.):
  > Shell  nsite  ___dh____  __eueu___  __eued___
      0      1        0          0          1.032
      1      4        1.065      1.481      3.519
      2      4        0.154      0.846      1.105
      3      4        0.075      0.418      0.549
      4      4        0.229      2.166      1.860
      5      4        0.116      1.089      0.935

Optimization #4:
* Method          : lls
* Target function : energy
* No. of configs. : 50048
* No. of params.  : 18
* Before optimization:
  -9.4049E-01   3.0333E-01  -1.0812E-01  -8.2032E-02  -1.7968E-02  -1.6132E-02
  -1.3141E-01  -1.2936E-01   8.1664E-02   2.9927E-02   1.5804E-01  -4.9256E-02
   4.9117E-02  -4.9472E-02  -7.0347E-02  -8.5569E-02   3.9108E-02  -4.1367E-03
  > E    =  -2.306999266708E+02 +/-   6.789608269186E-05
  > varE =   2.307151763912E-04
* Computing derivatives.
  Done. [total walltime: 1.66s]
* Optimizing manipulation constant:
  #igrid a___________ E____________________________________ varE____________
     1     Infinity    -2.30699927E+02 +/-   6.78960827E-05   2.30715176E-04
     2     1.0000E+06  -2.30699927E+02 +/-   6.78960821E-05   2.30715172E-04
     3     2.1544E+05  -2.30699927E+02 +/-   6.78960800E-05   2.30715158E-04
     4     4.6416E+04  -2.30699927E+02 +/-   6.78960702E-05   2.30715091E-04
     5     1.0000E+04  -2.30699927E+02 +/-   6.78960245E-05   2.30714781E-04
     6     2.1544E+03  -2.30699927E+02 +/-   6.78958131E-05   2.30713344E-04
     7     4.6416E+02  -2.30699927E+02 +/-   6.78948387E-05   2.30706722E-04
     8     1.0000E+02  -2.30699927E+02 +/-   6.78904653E-05   2.30677001E-04
     9     2.1544E+01  -2.30699926E+02 +/-   6.78730930E-05   2.30558962E-04
    10     4.6416E+00  -2.30699924E+02 +/-   6.78350246E-05   2.30300405E-04
    11     1.0000E+00  -2.30699919E+02 +/-   6.79035011E-05   2.30765596E-04
    12     2.1544E-01  -2.30699913E+02 +/-   6.81883021E-05   2.32705410E-04
    13     4.6416E-02  -2.30699911E+02 +/-   6.83856228E-05   2.34054147E-04
    14     1.0000E-02  -2.30699910E+02 +/-   6.84472312E-05   2.34476054E-04
    15     2.1544E-03  -2.30699910E+02 +/-   6.84617827E-05   2.34575761E-04
    16     4.6416E-04  -2.30699910E+02 +/-   6.84649827E-05   2.34597691E-04
    17     1.0000E-04  -2.30699910E+02 +/-   6.84656752E-05   2.34602437E-04
    18     2.1544E-05  -2.30699910E+02 +/-   6.84658246E-05   2.34603460E-04
    19     4.6416E-06  -2.30699910E+02 +/-   6.84658568E-05   2.34603681E-04
    20     1.0000E-06  -2.30699910E+02 +/-   6.84658637E-05   2.34603728E-04
    21     0.0000E+00  -2.30699910E+02 +/-   6.84658656E-05   2.34603741E-04
* Iteration # 1: E =  -2.306999266708E+02 +/-   6.789608269186E-05
* Convergence: exiting.
* After optimization:
  -9.4049E-01   3.0333E-01  -1.0812E-01  -8.2032E-02  -1.7968E-02  -1.6132E-02
  -1.3141E-01  -1.2936E-01   8.1664E-02   2.9927E-02   1.5804E-01  -4.9256E-02
   4.9117E-02  -4.9472E-02  -7.0347E-02  -8.5569E-02   3.9108E-02  -4.1367E-03
  > Energy =  -2.306999266708E+02 +/-   6.789608269186E-05
  > varE =   2.307151763912E-04

VMC #5:
* Size of Hilbert space =   4.0000E+02
* Deterministic energy evaluation:
  > Deterministic Etot/t = -230.7000340492205
    - Ttot/t = -10.36348554506309
    - Utot/t = 3.905943349990488
* Number of equil. steps   = 1000
* Running VMC equilibration.
  Done. [total walltime: 0.01s]
* Equil. acc.ratio (%)     =  40.9138
* Sample config after equilibration:
  +-----+
  |  d  |
  |u   u|
  |u   d|
  |  d  |
  +-----+
* Number of accum. steps   = 500480 x 10
* Running VMC accumulation.
  Done. [total walltime: 2.95s]
* Acceptance ratio (%)     =  41.0442
* Etot/t                   =  -2.307000142834E+02 +/-   2.372078295303E-05
  > Ttot/t                 =  -1.036362137307E+01 +/-   2.949793515036E-04
  > Utot/t                 =   3.906098943840E+00 +/-   2.942773263092E-04
* var[Eloc/t]              =   2.753608155798E-04 +/-   3.226100936801E-05
* Correlation length       =   1.022686745100E+00
* log10 Psi^2 range: -5.625823377210776 -- -2.180886529064316
* log10 Pgen range : -5.625823377210776 -- -2.180886529064316
* Site occupation (ave. no. electrons per config.):
  > Site_  ___eu____  ___ed____
      1        0.499      0.505
      2        0.498      0.499
      3        0.499      0.501
      4        0.501      0.498
      5        0.503      0.496
      6        0.501      0.499
* Pair-correlation analysis (ave. no. pairs per config.):
  > Shell  nsite  ___dh____  __eueu___  __eued___
      0      1        0          0          1.033
      1      4        1.062      1.488      3.518
      2      4        0.152      0.845      1.106
      3      4        0.075      0.424      0.549
      4      4        0.236      2.160      1.862
      5      4        0.115      1.083      0.933

Optimization #5:
* Method          : lls
* Target function : energy
* No. of configs. : 50048
* No. of params.  : 18
* Before optimization:
  -9.4049E-01   3.0333E-01  -1.0812E-01  -8.2032E-02  -1.7968E-02  -1.6132E-02
  -1.3141E-01  -1.2936E-01   8.1664E-02   2.9927E-02   1.5804E-01  -4.9256E-02
   4.9117E-02  -4.9472E-02  -7.0347E-02  -8.5569E-02   3.9108E-02  -4.1367E-03
  > E    =  -2.306999730654E+02 +/-   6.868577131752E-05
  > varE =   2.361132103628E-04
* Computing derivatives.
  Done. [total walltime: 1.68s]
* Optimizing manipulation constant:
  #igrid a___________ E____________________________________ varE____________
     1     Infinity    -2.30699973E+02 +/-   6.86857713E-05   2.36113210E-04
     2     1.0000E+06  -2.30699973E+02 +/-   6.86857707E-05   2.36113206E-04
     3     2.1544E+05  -2.30699973E+02 +/-   6.86857685E-05   2.36113191E-04
     4     4.6416E+04  -2.30699973E+02 +/-   6.86857584E-05   2.36113122E-04
     5     1.0000E+04  -2.30699973E+02 +/-   6.86857114E-05   2.36112799E-04
     6     2.1544E+03  -2.30699973E+02 +/-   6.86854936E-05   2.36111301E-04
     7     4.6416E+02  -2.30699973E+02 +/-   6.86844889E-05   2.36104394E-04
     8     1.0000E+02  -2.30699973E+02 +/-   6.86799575E-05   2.36073241E-04
     9     2.1544E+01  -2.30699973E+02 +/-   6.86615251E-05   2.35946543E-04
    10     4.6416E+00  -2.30699974E+02 +/-   6.86147348E-05   2.35625075E-04
    11     1.0000E+00  -2.30699973E+02 +/-   6.86415251E-05   2.35809108E-04
    12     2.1544E-01  -2.30699971E+02 +/-   6.88629340E-05   2.37332805E-04
    13     4.6416E-02  -2.30699969E+02 +/-   6.90240274E-05   2.38444505E-04
    14     1.0000E-02  -2.30699969E+02 +/-   6.90744833E-05   2.38793234E-04
    15     2.1544E-03  -2.30699969E+02 +/-   6.90863963E-05   2.38875608E-04
    16     4.6416E-04  -2.30699969E+02 +/-   6.90890158E-05   2.38893723E-04
    17     1.0000E-04  -2.30699969E+02 +/-   6.90895826E-05   2.38897643E-04
    18     2.1544E-05  -2.30699969E+02 +/-   6.90897049E-05   2.38898488E-04
    19     4.6416E-06  -2.30699969E+02 +/-   6.90897312E-05   2.38898671E-04
    20     1.0000E-06  -2.30699969E+02 +/-   6.90897369E-05   2.38898710E-04
    21     0.0000E+00  -2.30699969E+02 +/-   6.90897384E-05   2.38898721E-04
* Iteration # 1: E =  -2.306999736369E+02 +/-   6.861473479073E-05
* Convergence: exiting.
* After optimization:
  -9.3696E-01   2.9939E-01  -1.0579E-01  -7.9529E-02  -1.7802E-02  -1.5495E-02
  -1.2864E-01  -1.3024E-01   7.9956E-02   2.9899E-02   1.5610E-01  -4.9849E-02
   4.9363E-02  -4.9523E-02  -7.0295E-02  -8.5763E-02   3.9469E-02  -1.7216E-03
  > Energy =  -2.306999736369E+02 +/-   6.861473479073E-05
  > varE =   2.356250746480E-04

VMC #6:
* Size of Hilbert space =   4.0000E+02
* Deterministic energy evaluation:
  > Deterministic Etot/t = -230.7000343745907
    - Ttot/t = -10.36345422560648
    - Utot/t = 3.905911705163691
* Number of equil. steps   = 1000
* Running VMC equilibration.
  Done. [total walltime: 0.01s]
* Equil. acc.ratio (%)     =  41.0025
* Sample config after equilibration:
  +-----+
  |  d  |
  |u   d|
  |u   d|
  |  u  |
  +-----+
* Number of accum. steps   = 500480 x 10
* Running VMC accumulation.
  Done. [total walltime: 2.98s]
* Acceptance ratio (%)     =  41.0156
* Etot/t                   =  -2.307000105549E+02 +/-   2.244417240405E-05
  > Ttot/t                 =  -1.036351442449E+01 +/-   2.926723584476E-04
  > Utot/t                 =   3.905995723731E+00 +/-   2.921376540093E-04
* var[Eloc/t]              =   2.439385205045E-04 +/-   3.573915600863E-06
* Correlation length       =   1.033507264657E+00
* log10 Psi^2 range: -5.629471428202677 -- -2.181407638036032
* log10 Pgen range : -5.629471428202677 -- -2.181407638036032
* Site occupation (ave. no. electrons per config.):
  > Site_  ___eu____  ___ed____
      1        0.499      0.495
      2        0.499      0.501
      3        0.502      0.503
      4        0.500      0.504
      5        0.500      0.501
      6        0.500      0.497
* Pair-correlation analysis (ave. no. pairs per config.):
  > Shell  nsite  ___dh____  __eueu___  __eued___
      0      1        0          0          1.032
      1      4        1.060      1.483      3.522
      2      4        0.153      0.842      1.102
      3      4        0.074      0.426      0.552
      4      4        0.235      2.164      1.863
      5      4        0.116      1.084      0.930

Optimization #6:
* Method          : lls
* Target function : energy
* No. of configs. : 50048
* No. of params.  : 18
* Before optimization:
  -9.3696E-01   2.9939E-01  -1.0579E-01  -7.9529E-02  -1.7802E-02  -1.5495E-02
  -1.2864E-01  -1.3024E-01   7.9956E-02   2.9899E-02   1.5610E-01  -4.9849E-02
   4.9363E-02  -4.9523E-02  -7.0295E-02  -8.5763E-02   3.9469E-02  -1.7216E-03
  > E    =  -2.306999682036E+02 +/-   6.829735131208E-05
  > varE =   2.334503071657E-04
* Computing derivatives.
  Done. [total walltime: 1.67s]
* Optimizing manipulation constant:
  #igrid a___________ E____________________________________ varE____________
     1     Infinity    -2.30699968E+02 +/-   6.82973513E-05   2.33450307E-04
     2     1.0000E+06  -2.30699968E+02 +/-   6.82973514E-05   2.33450308E-04
     3     2.1544E+05  -2.30699968E+02 +/-   6.82973516E-05   2.33450309E-04
     4     4.6416E+04  -2.30699968E+02 +/-   6.82973528E-05   2.33450317E-04
     5     1.0000E+04  -2.30699968E+02 +/-   6.82973582E-05   2.33450354E-04
     6     2.1544E+03  -2.30699968E+02 +/-   6.82973831E-05   2.33450525E-04
     7     4.6416E+02  -2.30699968E+02 +/-   6.82974980E-05   2.33451310E-04
     8     1.0000E+02  -2.30699968E+02 +/-   6.82980121E-05   2.33454824E-04
     9     2.1544E+01  -2.30699968E+02 +/-   6.83000010E-05   2.33468421E-04
    10     4.6416E+00  -2.30699967E+02 +/-   6.83047831E-05   2.33501116E-04
    11     1.0000E+00  -2.30699965E+02 +/-   6.85051269E-05   2.34872882E-04
    12     2.1544E-01  -2.30699941E+02 +/-   7.07767316E-05   2.50707735E-04
    13     4.6416E-02  -2.30699907E+02 +/-   7.37919008E-05   2.72523603E-04
    14     1.0000E-02  -2.30699892E+02 +/-   7.49782435E-05   2.81356693E-04
    15     2.1544E-03  -2.30699888E+02 +/-   7.52765079E-05   2.83599627E-04
    16     4.6416E-04  -2.30699888E+02 +/-   7.53430598E-05   2.84101309E-04
    17     1.0000E-04  -2.30699887E+02 +/-   7.53575081E-05   2.84210281E-04
    18     2.1544E-05  -2.30699887E+02 +/-   7.53606260E-05   2.84233800E-04
    19     4.6416E-06  -2.30699887E+02 +/-   7.53612980E-05   2.84238869E-04
    20     1.0000E-06  -2.30699887E+02 +/-   7.53614428E-05   2.84239961E-04
    21     0.0000E+00  -2.30699887E+02 +/-   7.53614825E-05   2.84240261E-04
* Iteration # 1: E =  -2.306999682036E+02 +/-   6.829735131208E-05
* Convergence: exiting.
* After optimization:
  -9.3696E-01   2.9939E-01  -1.0579E-01  -7.9529E-02  -1.7802E-02  -1.5495E-02
  -1.2864E-01  -1.3024E-01   7.9956E-02   2.9899E-02   1.5610E-01  -4.9849E-02
   4.9363E-02  -4.9523E-02  -7.0295E-02  -8.5763E-02   3.9469E-02  -1.7216E-03
  > Energy =  -2.306999682036E+02 +/-   6.829735131208E-05
  > varE =   2.334503071657E-04

VMC #7:
* Size of Hilbert space =   4.0000E+02
* Deterministic energy evaluation:
  > Deterministic Etot/t = -230.7000343745907
    - Ttot/t = -10.36345422560648
    - Utot/t = 3.905911705163691
* Number of equil. steps   = 1000
* Running VMC equilibration.
  Done. [total walltime: 0.01s]
* Equil. acc.ratio (%)     =  40.9917
* Sample config after equilibration:
  +-----+
  |  d  |
  |u   u|
  |d   0|
  |  2  |
  +-----+
* Number of accum. steps   = 500480 x 10
* Running VMC accumulation.
  Done. [total walltime: 3.00s]
* Acceptance ratio (%)     =  41.0213
* Etot/t                   =  -2.307000459089E+02 +/-   2.507992098486E-05
  > Ttot/t                 =  -1.036374499501E+01 +/-   2.911156843442E-04
  > Utot/t                 =   3.906190940273E+00 +/-   2.897736724505E-04
* var[Eloc/t]              =   3.209144195609E-04 +/-   5.532174595578E-05
* Correlation length       =   9.809566672123E-01
* log10 Psi^2 range: -6.562237753060858 -- -2.181405650392091
* log10 Pgen range : -6.562237753060858 -- -2.181405650392091
* Site occupation (ave. no. electrons per config.):
  > Site_  ___eu____  ___ed____
      1        0.498      0.504
      2        0.497      0.503
      3        0.504      0.496
      4        0.506      0.501
      5        0.497      0.498
      6        0.497      0.499
* Pair-correlation analysis (ave. no. pairs per config.):
  > Shell  nsite  ___dh____  __eueu___  __eued___
      0      1        0          0          1.035
      1      4        1.068      1.480      3.521
      2      4        0.151      0.843      1.109
      3      4        0.074      0.422      0.552
      4      4        0.234      2.167      1.856
      5      4        0.117      1.088      0.927

Optimization #7:
* Method          : lls
* Target function : energy
* No. of configs. : 50048
* No. of params.  : 18
* Before optimization:
  -9.3696E-01   2.9939E-01  -1.0579E-01  -7.9529E-02  -1.7802E-02  -1.5495E-02
  -1.2864E-01  -1.3024E-01   7.9956E-02   2.9899E-02   1.5610E-01  -4.9849E-02
   4.9363E-02  -4.9523E-02  -7.0295E-02  -8.5763E-02   3.9469E-02  -1.7216E-03
  > E    =  -2.306999996998E+02 +/-   7.148173949030E-05
  > varE =   2.557272167038E-04
* Computing derivatives.
  Done. [total walltime: 1.66s]
* Optimizing manipulation constant:
  #igrid a___________ E____________________________________ varE____________
     1     Infinity    -2.30700000E+02 +/-   7.14817395E-05   2.55727217E-04
     2     1.0000E+06  -2.30700000E+02 +/-   7.14817383E-05   2.55727208E-04
     3     2.1544E+05  -2.30700000E+02 +/-   7.14817338E-05   2.55727176E-04
     4     4.6416E+04  -2.30700000E+02 +/-   7.14817130E-05   2.55727027E-04
     5     1.0000E+04  -2.30700000E+02 +/-   7.14816166E-05   2.55726338E-04
     6     2.1544E+03  -2.30700000E+02 +/-   7.14811696E-05   2.55723139E-04
     7     4.6416E+02  -2.30700000E+02 +/-   7.14791019E-05   2.55708345E-04
     8     1.0000E+02  -2.30700000E+02 +/-   7.14696604E-05   2.55640797E-04
     9     2.1544E+01  -2.30699999E+02 +/-   7.14289492E-05   2.55349640E-04
    10     4.6416E+00  -2.30699997E+02 +/-   7.12893097E-05   2.54352228E-04
    11     1.0000E+00  -2.30699993E+02 +/-   7.10405103E-05   2.52579950E-04
    12     2.1544E-01  -2.30699990E+02 +/-   7.08870368E-05   2.51489798E-04
    13     4.6416E-02  -2.30699989E+02 +/-   7.08460455E-05   2.51199028E-04
    14     1.0000E-02  -2.30699988E+02 +/-   7.08372084E-05   2.51136365E-04
    15     2.1544E-03  -2.30699988E+02 +/-   7.08353107E-05   2.51122909E-04
    16     4.6416E-04  -2.30699988E+02 +/-   7.08349022E-05   2.51120012E-04
    17     1.0000E-04  -2.30699988E+02 +/-   7.08348142E-05   2.51119388E-04
    18     2.1544E-05  -2.30699988E+02 +/-   7.08347952E-05   2.51119254E-04
    19     4.6416E-06  -2.30699988E+02 +/-   7.08347911E-05   2.51119225E-04
    20     1.0000E-06  -2.30699988E+02 +/-   7.08347902E-05   2.51119219E-04
    21     0.0000E+00  -2.30699988E+02 +/-   7.08347900E-05   2.51119217E-04
* Iteration # 1: E =  -2.306999996998E+02 +/-   7.148173949030E-05
* Convergence: exiting.
* After optimization:
  -9.3696E-01   2.9939E-01  -1.0579E-01  -7.9529E-02  -1.7802E-02  -1.5495E-02
  -1.2864E-01  -1.3024E-01   7.9956E-02   2.9899E-02   1.5610E-01  -4.9849E-02
   4.9363E-02  -4.9523E-02  -7.0295E-02  -8.5763E-02   3.9469E-02  -1.7216E-03
  > Energy =  -2.306999996998E+02 +/-   7.148173949030E-05
  > varE =   2.557272167038E-04

VMC #8:
* Size of Hilbert space =   4.0000E+02
* Deterministic energy evaluation:
  > Deterministic Etot/t = -230.7000343745907
    - Ttot/t = -10.36345422560648
    - Utot/t = 3.905911705163691
* Number of equil. steps   = 1000
* Running VMC equilibration.
  Done. [total walltime: 0.01s]
* Equil. acc.ratio (%)     =  40.9621
* Sample config after equilibration:
  +-----+
  |  0  |
  |u   d|
  |2   2|
  |  0  |
  +-----+
* Number of accum. steps   = 500480 x 10
* Running VMC accumulation.
  Done. [total walltime: 2.95s]
* Acceptance ratio (%)     =  41.0356
* Etot/t                   =  -2.307000313702E+02 +/-   2.371302515294E-05
  > Ttot/t                 =  -1.036354662027E+01 +/-   2.911041536137E-04
  > Utot/t                 =   3.906007104210E+00 +/-   2.907686944895E-04
* var[Eloc/t]              =   2.776588534980E-04 +/-   3.921104639137E-05
* Correlation length       =   1.013559211371E+00
* log10 Psi^2 range: -5.629471520897222 -- -2.181388194651541
* log10 Pgen range : -5.629471520897222 -- -2.181388194651541
* Site occupation (ave. no. electrons per config.):
  > Site_  ___eu____  ___ed____
      1        0.503      0.503
      2        0.500      0.496
      3        0.500      0.500
      4        0.499      0.502
      5        0.500      0.497
      6        0.498      0.501
* Pair-correlation analysis (ave. no. pairs per config.):
  > Shell  nsite  ___dh____  __eueu___  __eued___
      0      1        0          0          1.031
      1      4        1.062      1.478      3.527
      2      4        0.152      0.843      1.108
      3      4        0.075      0.420      0.549
      4      4        0.228      2.170      1.855
      5      4        0.116      1.089      0.930

Optimization #8:
* Method          : lls
* Target function : energy
* No. of configs. : 50048
* No. of params.  : 18
* Before optimization:
  -9.3696E-01   2.9939E-01  -1.0579E-01  -7.9529E-02  -1.7802E-02  -1.5495E-02
  -1.2864E-01  -1.3024E-01   7.9956E-02   2.9899E-02   1.5610E-01  -4.9849E-02
   4.9363E-02  -4.9523E-02  -7.0295E-02  -8.5763E-02   3.9469E-02  -1.7216E-03
  > E    =  -2.306999035767E+02 +/-   6.707676685284E-05
  > varE =   2.251805986188E-04
* Computing derivatives.
  Done. [total walltime: 1.66s]
* Optimizing manipulation constant:
  #igrid a___________ E____________________________________ varE____________
     1     Infinity    -2.30699904E+02 +/-   6.70767669E-05   2.25180599E-04
     2     1.0000E+06  -2.30699904E+02 +/-   6.70767662E-05   2.25180594E-04
     3     2.1544E+05  -2.30699904E+02 +/-   6.70767638E-05   2.25180578E-04
     4     4.6416E+04  -2.30699904E+02 +/-   6.70767525E-05   2.25180502E-04
     5     1.0000E+04  -2.30699904E+02 +/-   6.70767002E-05   2.25180151E-04
     6     2.1544E+03  -2.30699904E+02 +/-   6.70764578E-05   2.25178523E-04
     7     4.6416E+02  -2.30699904E+02 +/-   6.70753395E-05   2.25171015E-04
     8     1.0000E+02  -2.30699904E+02 +/-   6.70702960E-05   2.25137154E-04
     9     2.1544E+01  -2.30699903E+02 +/-   6.70497716E-05   2.24999386E-04
    10     4.6416E+00  -2.30699903E+02 +/-   6.69972501E-05   2.24647030E-04
    11     1.0000E+00  -2.30699900E+02 +/-   6.70445028E-05   2.24964026E-04
    12     2.1544E-01  -2.30699893E+02 +/-   6.74784241E-05   2.27885446E-04
    13     4.6416E-02  -2.30699888E+02 +/-   6.78951020E-05   2.30708511E-04
    14     1.0000E-02  -2.30699886E+02 +/-   6.80451419E-05   2.31729314E-04
    15     2.1544E-03  -2.30699885E+02 +/-   6.80820442E-05   2.31980725E-04
    16     4.6416E-04  -2.30699885E+02 +/-   6.80902360E-05   2.32036554E-04
    17     1.0000E-04  -2.30699885E+02 +/-   6.80920124E-05   2.32048661E-04
    18     2.1544E-05  -2.30699885E+02 +/-   6.80923957E-05   2.32051273E-04
    19     4.6416E-06  -2.30699885E+02 +/-   6.80924783E-05   2.32051836E-04
    20     1.0000E-06  -2.30699885E+02 +/-   6.80924961E-05   2.32051957E-04
    21     0.0000E+00  -2.30699885E+02 +/-   6.80925010E-05   2.32051991E-04
* Iteration # 1: E =  -2.306999035616E+02 +/-   6.707029596275E-05
* Convergence: exiting.
* After optimization:
  -9.3680E-01   2.9915E-01  -1.0560E-01  -7.9342E-02  -1.7766E-02  -1.5448E-02
  -1.2849E-01  -1.3029E-01   7.9826E-02   2.9883E-02   1.5595E-01  -4.9869E-02
   4.9347E-02  -4.9522E-02  -7.0299E-02  -8.5784E-02   3.9496E-02  -1.5723E-03
  > Energy =  -2.306999035616E+02 +/-   6.707029596275E-05
  > varE =   2.251371544073E-04

VMC #9:
* Size of Hilbert space =   4.0000E+02
* Deterministic energy evaluation:
  > Deterministic Etot/t = -230.7000343825933
    - Ttot/t = -10.36345252524876
    - Utot/t = 3.905909996803272
* Number of equil. steps   = 1000
* Running VMC equilibration.
  Done. [total walltime: 0.02s]
* Equil. acc.ratio (%)     =  40.8993
* Sample config after equilibration:
  +-----+
  |  d  |
  |u   0|
  |d   2|
  |  u  |
  +-----+
* Number of accum. steps   = 500480 x 10
* Running VMC accumulation.
  Done. [total walltime: 2.98s]
* Acceptance ratio (%)     =  40.9980
* Etot/t                   =  -2.307000856789E+02 +/-   2.383569827424E-05
  > Ttot/t                 =  -1.036309983818E+01 +/-   2.946159665424E-04
  > Utot/t                 =   3.905506013431E+00 +/-   2.946996244230E-04
* var[Eloc/t]              =   2.867798831530E-04 +/-   4.276411530771E-05
* Correlation length       =   9.915024737090E-01
* log10 Psi^2 range: -5.629728293653733 -- -2.181481025275241
* log10 Pgen range : -5.629728293653733 -- -2.181481025275241
* Site occupation (ave. no. electrons per config.):
  > Site_  ___eu____  ___ed____
      1        0.498      0.499
      2        0.498      0.497
      3        0.504      0.499
      4        0.499      0.503
      5        0.503      0.500
      6        0.498      0.502
* Pair-correlation analysis (ave. no. pairs per config.):
  > Shell  nsite  ___dh____  __eueu___  __eued___
      0      1        0          0          1.026
      1      4        1.057      1.473      3.534
      2      4        0.153      0.838      1.105
      3      4        0.074      0.421      0.553
      4      4        0.227      2.177      1.853
      5      4        0.112      1.091      0.929

Optimization #9:
* Method          : lls
* Target function : energy
* No. of configs. : 50048
* No. of params.  : 18
* Before optimization:
  -9.3680E-01   2.9915E-01  -1.0560E-01  -7.9342E-02  -1.7766E-02  -1.5448E-02
  -1.2849E-01  -1.3029E-01   7.9826E-02   2.9883E-02   1.5595E-01  -4.9869E-02
   4.9347E-02  -4.9522E-02  -7.0299E-02  -8.5784E-02   3.9496E-02  -1.5723E-03
  > E    =  -2.307000188705E+02 +/-   6.791583830702E-05
  > varE =   2.308494575797E-04
* Computing derivatives.
  Done. [total walltime: 1.66s]
* Optimizing manipulation constant:
  #igrid a___________ E____________________________________ varE____________
     1     Infinity    -2.30700019E+02 +/-   6.79158383E-05   2.30849458E-04
     2     1.0000E+06  -2.30700019E+02 +/-   6.79158386E-05   2.30849459E-04
     3     2.1544E+05  -2.30700019E+02 +/-   6.79158395E-05   2.30849466E-04
     4     4.6416E+04  -2.30700019E+02 +/-   6.79158438E-05   2.30849495E-04
     5     1.0000E+04  -2.30700019E+02 +/-   6.79158639E-05   2.30849632E-04
     6     2.1544E+03  -2.30700019E+02 +/-   6.79159573E-05   2.30850266E-04
     7     4.6416E+02  -2.30700019E+02 +/-   6.79163909E-05   2.30853214E-04
     8     1.0000E+02  -2.30700019E+02 +/-   6.79184117E-05   2.30866952E-04
     9     2.1544E+01  -2.30700019E+02 +/-   6.79279285E-05   2.30931655E-04
    10     4.6416E+00  -2.30700019E+02 +/-   6.79724009E-05   2.31234136E-04
    11     1.0000E+00  -2.30700019E+02 +/-   6.81289284E-05   2.32300339E-04
    12     2.1544E-01  -2.30700019E+02 +/-   6.83636076E-05   2.33903474E-04
    13     4.6416E-02  -2.30700018E+02 +/-   6.84928054E-05   2.34788400E-04
    14     1.0000E-02  -2.30700018E+02 +/-   6.85306865E-05   2.35048179E-04
    15     2.1544E-03  -2.30700018E+02 +/-   6.85394995E-05   2.35108638E-04
    16     4.6416E-04  -2.30700018E+02 +/-   6.85414311E-05   2.35121890E-04
    17     1.0000E-04  -2.30700018E+02 +/-   6.85418489E-05   2.35124755E-04
    18     2.1544E-05  -2.30700018E+02 +/-   6.85419389E-05   2.35125373E-04
    19     4.6416E-06  -2.30700018E+02 +/-   6.85419583E-05   2.35125507E-04
    20     1.0000E-06  -2.30700018E+02 +/-   6.85419625E-05   2.35125535E-04
    21     0.0000E+00  -2.30700018E+02 +/-   6.85419637E-05   2.35125543E-04
* Iteration # 1: E =  -2.307000190833E+02 +/-   6.797240090060E-05
* Convergence: exiting.
* After optimization:
  -9.3592E-01   2.9713E-01  -1.0380E-01  -7.7386E-02  -1.7254E-02  -1.4957E-02
  -1.2713E-01  -1.3071E-01   7.8550E-02   2.9444E-02   1.5483E-01  -5.0493E-02
   4.9351E-02  -4.9698E-02  -7.0376E-02  -8.6039E-02   3.9754E-02  -3.3141E-04
  > Energy =  -2.307000190833E+02 +/-   6.797240090060E-05
  > varE =   2.312341360793E-04

VMC #10:
* Size of Hilbert space =   4.0000E+02
* Deterministic energy evaluation:
  > Deterministic Etot/t = -230.7000343923452
    - Ttot/t = -10.36344891727576
    - Utot/t = 3.905906379078500
* Number of equil. steps   = 1000
* Running VMC equilibration.
  Done. [total walltime: 0.01s]
* Equil. acc.ratio (%)     =  41.0978
* Sample config after equilibration:
  +-----+
  |  2  |
  |0   d|
  |u   u|
  |  d  |
  +-----+
* Number of accum. steps   = 500480 x 10
* Running VMC accumulation.
  Done. [total walltime: 2.95s]
* Acceptance ratio (%)     =  40.9985
* Etot/t                   =  -2.307000033704E+02 +/-   2.264909929182E-05
  > Ttot/t                 =  -1.036377498537E+01 +/-   2.903229442843E-04
  > Utot/t                 =   3.906263469091E+00 +/-   2.896768409465E-04
* var[Eloc/t]              =   2.421470419552E-04 +/-   3.841685700905E-06
* Correlation length       =   1.060252805518E+00
* log10 Psi^2 range: -5.632057347442077 -- -2.182883174812786
* log10 Pgen range : -5.632057347442077 -- -2.182883174812786
* Site occupation (ave. no. electrons per config.):
  > Site_  ___eu____  ___ed____
      1        0.503      0.498
      2        0.499      0.498
      3        0.499      0.503
      4        0.501      0.498
      5        0.499      0.500
      6        0.499      0.502
* Pair-correlation analysis (ave. no. pairs per config.):
  > Shell  nsite  ___dh____  __eueu___  __eued___
      0      1        0          0          1.032
      1      4        1.065      1.479      3.524
      2      4        0.151      0.844      1.109
      3      4        0.076      0.419      0.551
      4      4        0.231      2.172      1.858
      5      4        0.119      1.086      0.927

Optimization #10:
* Method          : lls
* Target function : energy
* No. of configs. : 50048
* No. of params.  : 18
* Before optimization:
  -9.3592E-01   2.9713E-01  -1.0380E-01  -7.7386E-02  -1.7254E-02  -1.4957E-02
  -1.2713E-01  -1.3071E-01   7.8550E-02   2.9444E-02   1.5483E-01  -5.0493E-02
   4.9351E-02  -4.9698E-02  -7.0376E-02  -8.6039E-02   3.9754E-02  -3.3141E-04
  > E    =  -2.306999219149E+02 +/-   6.900258499160E-05
  > varE =   2.382963818995E-04
* Computing derivatives.
  Done. [total walltime: 1.67s]
* Optimizing manipulation constant:
  #igrid a___________ E____________________________________ varE____________
     1     Infinity    -2.30699922E+02 +/-   6.90025850E-05   2.38296382E-04
     2     1.0000E+06  -2.30699922E+02 +/-   6.90025848E-05   2.38296381E-04
     3     2.1544E+05  -2.30699922E+02 +/-   6.90025841E-05   2.38296376E-04
     4     4.6416E+04  -2.30699922E+02 +/-   6.90025809E-05   2.38296354E-04
     5     1.0000E+04  -2.30699922E+02 +/-   6.90025661E-05   2.38296252E-04
     6     2.1544E+03  -2.30699922E+02 +/-   6.90024975E-05   2.38295778E-04
     7     4.6416E+02  -2.30699922E+02 +/-   6.90021819E-05   2.38293598E-04
     8     1.0000E+02  -2.30699922E+02 +/-   6.90007722E-05   2.38283861E-04
     9     2.1544E+01  -2.30699922E+02 +/-   6.89953279E-05   2.38246260E-04
    10     4.6416E+00  -2.30699922E+02 +/-   6.89864803E-05   2.38185162E-04
    11     1.0000E+00  -2.30699921E+02 +/-   6.90424721E-05   2.38571957E-04
    12     2.1544E-01  -2.30699919E+02 +/-   6.92195385E-05   2.39797210E-04
    13     4.6416E-02  -2.30699918E+02 +/-   6.93387801E-05   2.40624099E-04
    14     1.0000E-02  -2.30699918E+02 +/-   6.93754973E-05   2.40879004E-04
    15     2.1544E-03  -2.30699918E+02 +/-   6.93841308E-05   2.40938960E-04
    16     4.6416E-04  -2.30699918E+02 +/-   6.93860273E-05   2.40952132E-04
    17     1.0000E-04  -2.30699918E+02 +/-   6.93864377E-05   2.40954982E-04
    18     2.1544E-05  -2.30699918E+02 +/-   6.93865262E-05   2.40955596E-04
    19     4.6416E-06  -2.30699918E+02 +/-   6.93865452E-05   2.40955729E-04
    20     1.0000E-06  -2.30699918E+02 +/-   6.93865493E-05   2.40955757E-04
    21     0.0000E+00  -2.30699918E+02 +/-   6.93865505E-05   2.40955765E-04
* Iteration # 1: E =  -2.306999219141E+02 +/-   6.899532785854E-05
* Convergence: exiting.
* After optimization:
  -9.3522E-01   2.9646E-01  -1.0347E-01  -7.6935E-02  -1.7213E-02  -1.4857E-02
  -1.2670E-01  -1.3081E-01   7.8226E-02   2.9455E-02   1.5437E-01  -5.0624E-02
   4.9383E-02  -4.9618E-02  -7.0346E-02  -8.6088E-02   3.9827E-02   7.5023E-05
  > Energy =  -2.306999219141E+02 +/-   6.899532785854E-05
  > varE =   2.382462603681E-04

VMC #11:
* Size of Hilbert space =   4.0000E+02
* Deterministic energy evaluation:
  > Deterministic Etot/t = -230.7000343833802
    - Ttot/t = -10.36344317979544
    - Utot/t = 3.905900650563140
* Number of equil. steps   = 1000
* Running VMC equilibration.
  Done. [total walltime: 0.02s]
* Equil. acc.ratio (%)     =  41.0802
* Sample config after equilibration:
  +-----+
  |  d  |
  |u   u|
  |0   d|
  |  2  |
  +-----+
* Number of accum. steps   = 500480 x 10
* Running VMC accumulation.
  Done. [total walltime: 2.95s]
* Acceptance ratio (%)     =  40.9756
* Etot/t                   =  -2.307000265675E+02 +/-   2.209761739685E-05
  > Ttot/t                 =  -1.036324397102E+01 +/-   2.912807209669E-04
  > Utot/t                 =   3.905709257711E+00 +/-   2.907191439613E-04
* var[Eloc/t]              =   2.401486432983E-04 +/-   3.125513329851E-06
* Correlation length       =   1.017647779333E+00
* log10 Psi^2 range: -5.632480500584835 -- -2.182772676561718
* log10 Pgen range : -5.632480500584835 -- -2.182772676561718
* Site occupation (ave. no. electrons per config.):
  > Site_  ___eu____  ___ed____
      1        0.497      0.499
      2        0.500      0.502
      3        0.502      0.500
      4        0.498      0.497
      5        0.500      0.502
      6        0.503      0.500
* Pair-correlation analysis (ave. no. pairs per config.):
  > Shell  nsite  ___dh____  __eueu___  __eued___
      0      1        0          0          1.024
      1      4        1.058      1.480      3.528
      2      4        0.152      0.841      1.101
      3      4        0.076      0.423      0.553
      4      4        0.226      2.174      1.867
      5      4        0.117      1.082      0.927

Optimization #11:
* Method          : lls
* Target function : energy
* No. of configs. : 50048
* No. of params.  : 18
* Before optimization:
  -9.3522E-01   2.9646E-01  -1.0347E-01  -7.6935E-02  -1.7213E-02  -1.4857E-02
  -1.2670E-01  -1.3081E-01   7.8226E-02   2.9455E-02   1.5437E-01  -5.0624E-02
   4.9383E-02  -4.9618E-02  -7.0346E-02  -8.6088E-02   3.9827E-02   7.5023E-05
  > E    =  -2.307000306214E+02 +/-   6.740569744097E-05
  > varE =   2.273944917215E-04
* Computing derivatives.
  Done. [total walltime: 1.66s]
* Optimizing manipulation constant:
  #igrid a___________ E____________________________________ varE____________
     1     Infinity    -2.30700031E+02 +/-   6.74056974E-05   2.27394492E-04
     2     1.0000E+06  -2.30700031E+02 +/-   6.74056976E-05   2.27394493E-04
     3     2.1544E+05  -2.30700031E+02 +/-   6.74056981E-05   2.27394496E-04
     4     4.6416E+04  -2.30700031E+02 +/-   6.74057007E-05   2.27394514E-04
     5     1.0000E+04  -2.30700031E+02 +/-   6.74057125E-05   2.27394594E-04
     6     2.1544E+03  -2.30700031E+02 +/-   6.74057675E-05   2.27394965E-04
     7     4.6416E+02  -2.30700031E+02 +/-   6.74060232E-05   2.27396690E-04
     8     1.0000E+02  -2.30700031E+02 +/-   6.74072207E-05   2.27404769E-04
     9     2.1544E+01  -2.30700031E+02 +/-   6.74129655E-05   2.27443532E-04
    10     4.6416E+00  -2.30700030E+02 +/-   6.74410560E-05   2.27633120E-04
    11     1.0000E+00  -2.30700030E+02 +/-   6.75443162E-05   2.28330720E-04
    12     2.1544E-01  -2.30700030E+02 +/-   6.77051690E-05   2.29419527E-04
    13     4.6416E-02  -2.30700030E+02 +/-   6.77982967E-05   2.30051089E-04
    14     1.0000E-02  -2.30700030E+02 +/-   6.78264695E-05   2.30242319E-04
    15     2.1544E-03  -2.30700030E+02 +/-   6.78330891E-05   2.30287263E-04
    16     4.6416E-04  -2.30700030E+02 +/-   6.78345434E-05   2.30297137E-04
    17     1.0000E-04  -2.30700030E+02 +/-   6.78348580E-05   2.30299274E-04
    18     2.1544E-05  -2.30700030E+02 +/-   6.78349259E-05   2.30299734E-04
    19     4.6416E-06  -2.30700030E+02 +/-   6.78349405E-05   2.30299834E-04
    20     1.0000E-06  -2.30700030E+02 +/-   6.78349437E-05   2.30299855E-04
    21     0.0000E+00  -2.30700030E+02 +/-   6.78349445E-05   2.30299861E-04
* Iteration # 1: E =  -2.307000306214E+02 +/-   6.740569744097E-05
* Convergence: exiting.
* After optimization:
  -9.3522E-01   2.9646E-01  -1.0347E-01  -7.6935E-02  -1.7213E-02  -1.4857E-02
  -1.2670E-01  -1.3081E-01   7.8226E-02   2.9455E-02   1.5437E-01  -5.0624E-02
   4.9383E-02  -4.9618E-02  -7.0346E-02  -8.6088E-02   3.9827E-02   7.5023E-05
  > Energy =  -2.307000306214E+02 +/-   6.740569744097E-05
  > varE =   2.273944917215E-04

VMC #12:
* Size of Hilbert space =   4.0000E+02
* Deterministic energy evaluation:
  > Deterministic Etot/t = -230.7000343833802
    - Ttot/t = -10.36344317979544
    - Utot/t = 3.905900650563140
* Number of equil. steps   = 1000
* Running VMC equilibration.
  Done. [total walltime: 0.01s]
* Equil. acc.ratio (%)     =  40.9615
* Sample config after equilibration:
  +-----+
  |  u  |
  |d   u|
  |u   d|
  |  d  |
  +-----+
* Number of accum. steps   = 500480 x 10
* Running VMC accumulation.
  Done. [total walltime: 2.97s]
* Acceptance ratio (%)     =  40.9773
* Etot/t                   =  -2.307000277374E+02 +/-   2.172731897160E-05
  > Ttot/t                 =  -1.036324571403E+01 +/-   2.871201384166E-04
  > Utot/t                 =   3.905709830729E+00 +/-   2.863128224294E-04
* var[Eloc/t]              =   2.431291203408E-04 +/-   3.830354869310E-06
* Correlation length       =   9.717667352335E-01
* log10 Psi^2 range: -5.632480497197544 -- -2.182775293842190
* log10 Pgen range : -5.632480497197544 -- -2.182775293842190
* Site occupation (ave. no. electrons per config.):
  > Site_  ___eu____  ___ed____
      1        0.495      0.502
      2        0.499      0.498
      3        0.501      0.499
      4        0.498      0.501
      5        0.505      0.500
      6        0.502      0.499
* Pair-correlation analysis (ave. no. pairs per config.):
  > Shell  nsite  ___dh____  __eueu___  __eued___
      0      1        0          0          1.031
      1      4        1.060      1.479      3.527
      2      4        0.149      0.841      1.106
      3      4        0.074      0.423      0.555
      4      4        0.231      2.172      1.857
      5      4        0.116      1.085      0.924

Optimization #12:
* Method          : lls
* Target function : energy
* No. of configs. : 50048
* No. of params.  : 18
* Before optimization:
  -9.3522E-01   2.9646E-01  -1.0347E-01  -7.6935E-02  -1.7213E-02  -1.4857E-02
  -1.2670E-01  -1.3081E-01   7.8226E-02   2.9455E-02   1.5437E-01  -5.0624E-02
   4.9383E-02  -4.9618E-02  -7.0346E-02  -8.6088E-02   3.9827E-02   7.5023E-05
  > E    =  -2.306999937830E+02 +/-   6.844236724506E-05
  > varE =   2.344427308719E-04
* Computing derivatives.
  Done. [total walltime: 1.66s]
* Optimizing manipulation constant:
  #igrid a___________ E____________________________________ varE____________
     1     Infinity    -2.30699994E+02 +/-   6.84423672E-05   2.34442731E-04
     2     1.0000E+06  -2.30699994E+02 +/-   6.84423675E-05   2.34442732E-04
     3     2.1544E+05  -2.30699994E+02 +/-   6.84423683E-05   2.34442738E-04
     4     4.6416E+04  -2.30699994E+02 +/-   6.84423720E-05   2.34442763E-04
     5     1.0000E+04  -2.30699994E+02 +/-   6.84423893E-05   2.34442882E-04
     6     2.1544E+03  -2.30699994E+02 +/-   6.84424695E-05   2.34443432E-04
     7     4.6416E+02  -2.30699994E+02 +/-   6.84428426E-05   2.34445987E-04
     8     1.0000E+02  -2.30699994E+02 +/-   6.84445844E-05   2.34457921E-04
     9     2.1544E+01  -2.30699994E+02 +/-   6.84528493E-05   2.34514547E-04
    10     4.6416E+00  -2.30699993E+02 +/-   6.84923875E-05   2.34785535E-04
    11     1.0000E+00  -2.30699991E+02 +/-   6.86378500E-05   2.35783858E-04
    12     2.1544E-01  -2.30699989E+02 +/-   6.88698457E-05   2.37380449E-04
    13     4.6416E-02  -2.30699987E+02 +/-   6.90061124E-05   2.38320746E-04
    14     1.0000E-02  -2.30699987E+02 +/-   6.90476993E-05   2.38608083E-04
    15     2.1544E-03  -2.30699987E+02 +/-   6.90575094E-05   2.38675890E-04
    16     4.6416E-04  -2.30699987E+02 +/-   6.90596670E-05   2.38690804E-04
    17     1.0000E-04  -2.30699987E+02 +/-   6.90601339E-05   2.38694031E-04
    18     2.1544E-05  -2.30699987E+02 +/-   6.90602346E-05   2.38694727E-04
    19     4.6416E-06  -2.30699987E+02 +/-   6.90602563E-05   2.38694877E-04
    20     1.0000E-06  -2.30699987E+02 +/-   6.90602610E-05   2.38694910E-04
    21     0.0000E+00  -2.30699987E+02 +/-   6.90602623E-05   2.38694919E-04
* Iteration # 1: E =  -2.306999937830E+02 +/-   6.844236724506E-05
* Convergence: exiting.
* After optimization:
  -9.3522E-01   2.9646E-01  -1.0347E-01  -7.6935E-02  -1.7213E-02  -1.4857E-02
  -1.2670E-01  -1.3081E-01   7.8226E-02   2.9455E-02   1.5437E-01  -5.0624E-02
   4.9383E-02  -4.9618E-02  -7.0346E-02  -8.6088E-02   3.9827E-02   7.5023E-05
  > Energy =  -2.306999937830E+02 +/-   6.844236724506E-05
  > varE =   2.344427308719E-04

VMC #13:
* Size of Hilbert space =   4.0000E+02
* Deterministic energy evaluation:
  > Deterministic Etot/t = -230.7000343833802
    - Ttot/t = -10.36344317979544
    - Utot/t = 3.905900650563140
* Number of equil. steps   = 1000
* Running VMC equilibration.
  Done. [total walltime: 0.02s]
* Equil. acc.ratio (%)     =  40.8944
* Sample config after equilibration:
  +-----+
  |  u  |
  |d   d|
  |0   u|
  |  2  |
  +-----+
* Number of accum. steps   = 500480 x 10
* Running VMC accumulation.
  Done. [total walltime: 2.95s]
* Acceptance ratio (%)     =  40.9827
* Etot/t                   =  -2.306999934767E+02 +/-   2.200764278959E-05
  > Ttot/t                 =  -1.036368827717E+01 +/-   2.912065472590E-04
  > Utot/t                 =   3.906186654664E+00 +/-   2.903941760229E-04
* var[Eloc/t]              =   2.458750260039E-04 +/-   4.726450217008E-06
* Correlation length       =   9.858693498092E-01
* log10 Psi^2 range: -5.632480549204161 -- -2.182740050328622
* log10 Pgen range : -5.632480549204161 -- -2.182740050328622
* Site occupation (ave. no. electrons per config.):
  > Site_  ___eu____  ___ed____
      1        0.501      0.499
      2        0.502      0.497
      3        0.498      0.503
      4        0.502      0.499
      5        0.500      0.502
      6        0.498      0.501
* Pair-correlation analysis (ave. no. pairs per config.):
  > Shell  nsite  ___dh____  __eueu___  __eued___
      0      1        0          0          1.027
      1      4        1.054      1.487      3.527
      2      4        0.151      0.841      1.107
      3      4        0.072      0.425      0.554
      4      4        0.234      2.163      1.858
      5      4        0.117      1.084      0.927

Optimization #13:
* Method          : lls
* Target function : energy
* No. of configs. : 50048
* No. of params.  : 18
* Before optimization:
  -9.3522E-01   2.9646E-01  -1.0347E-01  -7.6935E-02  -1.7213E-02  -1.4857E-02
  -1.2670E-01  -1.3081E-01   7.8226E-02   2.9455E-02   1.5437E-01  -5.0624E-02
   4.9383E-02  -4.9618E-02  -7.0346E-02  -8.6088E-02   3.9827E-02   7.5023E-05
  > E    =  -2.307000055143E+02 +/-   6.932891075634E-05
  > varE =   2.405556052306E-04
* Computing derivatives.
  Done. [total walltime: 1.66s]
* Optimizing manipulation constant:
  #igrid a___________ E____________________________________ varE____________
     1     Infinity    -2.30700006E+02 +/-   6.93289108E-05   2.40555605E-04
     2     1.0000E+06  -2.30700006E+02 +/-   6.93289109E-05   2.40555606E-04
     3     2.1544E+05  -2.30700006E+02 +/-   6.93289116E-05   2.40555611E-04
     4     4.6416E+04  -2.30700006E+02 +/-   6.93289145E-05   2.40555631E-04
     5     1.0000E+04  -2.30700006E+02 +/-   6.93289280E-05   2.40555725E-04
     6     2.1544E+03  -2.30700006E+02 +/-   6.93289908E-05   2.40556161E-04
     7     4.6416E+02  -2.30700006E+02 +/-   6.93292823E-05   2.40558184E-04
     8     1.0000E+02  -2.30700006E+02 +/-   6.93306363E-05   2.40567580E-04
     9     2.1544E+01  -2.30700005E+02 +/-   6.93369220E-05   2.40611203E-04
    10     4.6416E+00  -2.30700005E+02 +/-   6.93649138E-05   2.40805515E-04
    11     1.0000E+00  -2.30700005E+02 +/-   6.94536626E-05   2.41422105E-04
    12     2.1544E-01  -2.30700003E+02 +/-   6.95685883E-05   2.42221734E-04
    13     4.6416E-02  -2.30700003E+02 +/-   6.96239980E-05   2.42607735E-04
    14     1.0000E-02  -2.30700002E+02 +/-   6.96391876E-05   2.42713604E-04
    15     2.1544E-03  -2.30700002E+02 +/-   6.96426506E-05   2.42737744E-04
    16     4.6416E-04  -2.30700002E+02 +/-   6.96434060E-05   2.42743010E-04
    17     1.0000E-04  -2.30700002E+02 +/-   6.96435692E-05   2.42744147E-04
    18     2.1544E-05  -2.30700002E+02 +/-   6.96436043E-05   2.42744392E-04
    19     4.6416E-06  -2.30700002E+02 +/-   6.96436119E-05   2.42744445E-04
    20     1.0000E-06  -2.30700002E+02 +/-   6.96436135E-05   2.42744457E-04
    21     0.0000E+00  -2.30700002E+02 +/-   6.96436140E-05   2.42744460E-04
* Iteration # 1: E =  -2.307000055143E+02 +/-   6.932891075634E-05
* Convergence: exiting.
* After optimization:
  -9.3522E-01   2.9646E-01  -1.0347E-01  -7.6935E-02  -1.7213E-02  -1.4857E-02
  -1.2670E-01  -1.3081E-01   7.8226E-02   2.9455E-02   1.5437E-01  -5.0624E-02
   4.9383E-02  -4.9618E-02  -7.0346E-02  -8.6088E-02   3.9827E-02   7.5023E-05
  > Energy =  -2.307000055143E+02 +/-   6.932891075634E-05
  > varE =   2.405556052306E-04

VMC #14:
* Size of Hilbert space =   4.0000E+02
* Deterministic energy evaluation:
  > Deterministic Etot/t = -230.7000343833802
    - Ttot/t = -10.36344317979544
    - Utot/t = 3.905900650563140
* Number of equil. steps   = 1000
* Running VMC equilibration.
  Done. [total walltime: 0.01s]
* Equil. acc.ratio (%)     =  40.8794
* Sample config after equilibration:
  +-----+
  |  d  |
  |u   u|
  |d   d|
  |  u  |
  +-----+
* Number of accum. steps   = 500480 x 10
* Running VMC accumulation.
  Done. [total walltime: 2.95s]
* Acceptance ratio (%)     =  40.9689
* Etot/t                   =  -2.307000620532E+02 +/-   2.642634635862E-05
  > Ttot/t                 =  -1.036347400249E+01 +/-   2.884858530111E-04
  > Utot/t                 =   3.905903803410E+00 +/-   2.880859425753E-04
* var[Eloc/t]              =   3.417496503101E-04 +/-   6.681917791670E-05
* Correlation length       =   1.022710921492E+00
* log10 Psi^2 range: -6.577864192397195 -- -2.182766680586977
* log10 Pgen range : -6.577864192397195 -- -2.182766680586977
* Site occupation (ave. no. electrons per config.):
  > Site_  ___eu____  ___ed____
      1        0.501      0.500
      2        0.504      0.500
      3        0.500      0.499
      4        0.500      0.500
      5        0.498      0.502
      6        0.497      0.500
* Pair-correlation analysis (ave. no. pairs per config.):
  > Shell  nsite  ___dh____  __eueu___  __eued___
      0      1        0          0          1.029
      1      4        1.059      1.483      3.525
      2      4        0.151      0.838      1.104
      3      4        0.075      0.426      0.553
      4      4        0.231      2.169      1.863
      5      4        0.116      1.084      0.925

Optimization #14:
* Method          : lls
* Target function : energy
* No. of configs. : 50048
* No. of params.  : 18
* Before optimization:
  -9.3522E-01   2.9646E-01  -1.0347E-01  -7.6935E-02  -1.7213E-02  -1.4857E-02
  -1.2670E-01  -1.3081E-01   7.8226E-02   2.9455E-02   1.5437E-01  -5.0624E-02
   4.9383E-02  -4.9618E-02  -7.0346E-02  -8.6088E-02   3.9827E-02   7.5023E-05
  > E    =  -2.306999818280E+02 +/-   7.073665321633E-05
  > varE =   2.504238817695E-04
* Computing derivatives.
  Done. [total walltime: 1.66s]
* Optimizing manipulation constant:
  #igrid a___________ E____________________________________ varE____________
     1     Infinity    -2.30699982E+02 +/-   7.07366532E-05   2.50423882E-04
     2     1.0000E+06  -2.30699982E+02 +/-   7.07366533E-05   2.50423882E-04
     3     2.1544E+05  -2.30699982E+02 +/-   7.07366534E-05   2.50423883E-04
     4     4.6416E+04  -2.30699982E+02 +/-   7.07366541E-05   2.50423888E-04
     5     1.0000E+04  -2.30699982E+02 +/-   7.07366574E-05   2.50423911E-04
     6     2.1544E+03  -2.30699982E+02 +/-   7.07366727E-05   2.50424020E-04
     7     4.6416E+02  -2.30699982E+02 +/-   7.07367437E-05   2.50424523E-04
     8     1.0000E+02  -2.30699982E+02 +/-   7.07370753E-05   2.50426870E-04
     9     2.1544E+01  -2.30699982E+02 +/-   7.07386499E-05   2.50438020E-04
    10     4.6416E+00  -2.30699981E+02 +/-   7.07463189E-05   2.50492324E-04
    11     1.0000E+00  -2.30699981E+02 +/-   7.07778832E-05   2.50715894E-04
    12     2.1544E-01  -2.30699980E+02 +/-   7.08394218E-05   2.51152058E-04
    13     4.6416E-02  -2.30699980E+02 +/-   7.08801932E-05   2.51441242E-04
    14     1.0000E-02  -2.30699980E+02 +/-   7.08929567E-05   2.51531805E-04
    15     2.1544E-03  -2.30699980E+02 +/-   7.08959740E-05   2.51553216E-04
    16     4.6416E-04  -2.30699980E+02 +/-   7.08966377E-05   2.51557926E-04
    17     1.0000E-04  -2.30699980E+02 +/-   7.08967813E-05   2.51558945E-04
    18     2.1544E-05  -2.30699980E+02 +/-   7.08968123E-05   2.51559165E-04
    19     4.6416E-06  -2.30699980E+02 +/-   7.08968189E-05   2.51559212E-04
    20     1.0000E-06  -2.30699980E+02 +/-   7.08968204E-05   2.51559222E-04
    21     0.0000E+00  -2.30699980E+02 +/-   7.08968208E-05   2.51559225E-04
* Iteration # 1: E =  -2.306999818280E+02 +/-   7.073665321633E-05
* Convergence: exiting.
* After optimization:
  -9.3522E-01   2.9646E-01  -1.0347E-01  -7.6935E-02  -1.7213E-02  -1.4857E-02
  -1.2670E-01  -1.3081E-01   7.8226E-02   2.9455E-02   1.5437E-01  -5.0624E-02
   4.9383E-02  -4.9618E-02  -7.0346E-02  -8.6088E-02   3.9827E-02   7.5023E-05
  > Energy =  -2.306999818280E+02 +/-   7.073665321633E-05
  > varE =   2.504238817695E-04

VMC #15:
* Size of Hilbert space =   4.0000E+02
* Deterministic energy evaluation:
  > Deterministic Etot/t = -230.7000343833802
    - Ttot/t = -10.36344317979544
    - Utot/t = 3.905900650563140
* Number of equil. steps   = 1000
* Running VMC equilibration.
  Done. [total walltime: 0.01s]
* Equil. acc.ratio (%)     =  41.0544
* Sample config after equilibration:
  +-----+
  |  2  |
  |0   d|
  |u   u|
  |  d  |
  +-----+
* Number of accum. steps   = 500480 x 10
* Running VMC accumulation.
  Done. [total walltime: 2.95s]
* Acceptance ratio (%)     =  40.9837
* Etot/t                   =  -2.307000663290E+02 +/-   2.435159696632E-05
  > Ttot/t                 =  -1.036340822550E+01 +/-   2.883104439605E-04
  > Utot/t                 =   3.905833750614E+00 +/-   2.879580268864E-04
* var[Eloc/t]              =   2.950381137283E-04 +/-   5.217069488982E-05
* Correlation length       =   1.005920129391E+00
* log10 Psi^2 range: -6.577860961613257 -- -2.182729653772434
* log10 Pgen range : -6.577860961613257 -- -2.182729653772434
* Site occupation (ave. no. electrons per config.):
  > Site_  ___eu____  ___ed____
      1        0.500      0.498
      2        0.498      0.504
      3        0.500      0.499
      4        0.500      0.498
      5        0.502      0.502
      6        0.500      0.499
* Pair-correlation analysis (ave. no. pairs per config.):
  > Shell  nsite  ___dh____  __eueu___  __eued___
      0      1        0          0          1.027
      1      4        1.058      1.482      3.529
      2      4        0.151      0.839      1.102
      3      4        0.074      0.430      0.553
      4      4        0.231      2.168      1.866
      5      4        0.117      1.081      0.922

Optimization #15:
* Method          : lls
* Target function : energy
* No. of configs. : 50048
* No. of params.  : 18
* Before optimization:
  -9.3522E-01   2.9646E-01  -1.0347E-01  -7.6935E-02  -1.7213E-02  -1.4857E-02
  -1.2670E-01  -1.3081E-01   7.8226E-02   2.9455E-02   1.5437E-01  -5.0624E-02
   4.9383E-02  -4.9618E-02  -7.0346E-02  -8.6088E-02   3.9827E-02   7.5023E-05
  > E    =  -2.307001448694E+02 +/-   6.963485405419E-05
  > varE =   2.426833975766E-04
* Computing derivatives.
  Done. [total walltime: 1.65s]
* Optimizing manipulation constant:
  #igrid a___________ E____________________________________ varE____________
     1     Infinity    -2.30700145E+02 +/-   6.96348541E-05   2.42683398E-04
     2     1.0000E+06  -2.30700145E+02 +/-   6.96348535E-05   2.42683394E-04
     3     2.1544E+05  -2.30700145E+02 +/-   6.96348515E-05   2.42683380E-04
     4     4.6416E+04  -2.30700145E+02 +/-   6.96348422E-05   2.42683315E-04
     5     1.0000E+04  -2.30700145E+02 +/-   6.96347990E-05   2.42683014E-04
     6     2.1544E+03  -2.30700145E+02 +/-   6.96345987E-05   2.42681618E-04
     7     4.6416E+02  -2.30700145E+02 +/-   6.96336716E-05   2.42675155E-04
     8     1.0000E+02  -2.30700145E+02 +/-   6.96294265E-05   2.42645568E-04
     9     2.1544E+01  -2.30700145E+02 +/-   6.96108994E-05   2.42516458E-04
    10     4.6416E+00  -2.30700145E+02 +/-   6.95442569E-05   2.42052331E-04
    11     1.0000E+00  -2.30700146E+02 +/-   6.94074210E-05   2.41100739E-04
    12     2.1544E-01  -2.30700147E+02 +/-   6.92902344E-05   2.40287284E-04
    13     4.6416E-02  -2.30700147E+02 +/-   6.92401737E-05   2.39940204E-04
    14     1.0000E-02  -2.30700147E+02 +/-   6.92260526E-05   2.39842346E-04
    15     2.1544E-03  -2.30700147E+02 +/-   6.92227748E-05   2.39819634E-04
    16     4.6416E-04  -2.30700147E+02 +/-   6.92220565E-05   2.39814656E-04
    17     1.0000E-04  -2.30700147E+02 +/-   6.92219011E-05   2.39813580E-04
    18     2.1544E-05  -2.30700147E+02 +/-   6.92218676E-05   2.39813348E-04
    19     4.6416E-06  -2.30700147E+02 +/-   6.92218604E-05   2.39813298E-04
    20     1.0000E-06  -2.30700147E+02 +/-   6.92218588E-05   2.39813287E-04
    21     0.0000E+00  -2.30700147E+02 +/-   6.92218584E-05   2.39813284E-04
* Iteration # 1: E =  -2.307001471117E+02 +/-   6.922185839897E-05
* Convergence: exiting.
* After optimization:
  -9.4067E-01   3.0186E-01  -1.0768E-01  -7.8756E-02  -1.8255E-02  -1.4715E-02
  -1.3006E-01  -1.3104E-01   8.0907E-02   3.0290E-02   1.5841E-01  -5.3210E-02
   5.1030E-02  -5.0280E-02  -6.9545E-02  -8.6491E-02   3.9559E-02  -3.4966E-03
  > Energy =  -2.307001471117E+02 +/-   6.922185839897E-05
  > varE =   2.398132839630E-04

VMC #16:
* Size of Hilbert space =   4.0000E+02
* Deterministic energy evaluation:
  > Deterministic Etot/t = -230.7000339458166
    - Ttot/t = -10.36355402692541
    - Utot/t = 3.906011935256671
* Number of equil. steps   = 1000
* Running VMC equilibration.
  Done. [total walltime: 0.01s]
* Equil. acc.ratio (%)     =  41.0247
* Sample config after equilibration:
  +-----+
  |  d  |
  |2   u|
  |0   d|
  |  u  |
  +-----+
* Number of accum. steps   = 500480 x 10
* Running VMC accumulation.
  Done. [total walltime: 2.98s]
* Acceptance ratio (%)     =  41.0585
* Etot/t                   =  -2.306999798662E+02 +/-   2.190656502833E-05
  > Ttot/t                 =  -1.036362958607E+01 +/-   2.859245788060E-04
  > Utot/t                 =   3.906141574058E+00 +/-   2.856450179083E-04
* var[Eloc/t]              =   2.372607859960E-04 +/-   4.097597212517E-06
* Correlation length       =   1.012300222752E+00
* log10 Psi^2 range: -5.625283881984808 -- -2.184675954050958
* log10 Pgen range : -5.625283881984808 -- -2.184675954050958
* Site occupation (ave. no. electrons per config.):
  > Site_  ___eu____  ___ed____
      1        0.499      0.500
      2        0.498      0.497
      3        0.501      0.500
      4        0.498      0.501
      5        0.502      0.501
      6        0.502      0.501
* Pair-correlation analysis (ave. no. pairs per config.):
  > Shell  nsite  ___dh____  __eueu___  __eued___
      0      1        0          0          1.030
      1      4        1.058      1.481      3.526
      2      4        0.150      0.844      1.106
      3      4        0.073      0.421      0.555
      4      4        0.232      2.170      1.854
      5      4        0.117      1.083      0.929

Optimization #16:
* Method          : lls
* Target function : energy
* No. of configs. : 50048
* No. of params.  : 18
* Before optimization:
  -9.4067E-01   3.0186E-01  -1.0768E-01  -7.8756E-02  -1.8255E-02  -1.4715E-02
  -1.3006E-01  -1.3104E-01   8.0907E-02   3.0290E-02   1.5841E-01  -5.3210E-02
   5.1030E-02  -5.0280E-02  -6.9545E-02  -8.6491E-02   3.9559E-02  -3.4966E-03
  > E    =  -2.306998272857E+02 +/-   6.695047232024E-05
  > varE =   2.243334407509E-04
* Computing derivatives.
  Done. [total walltime: 1.67s]
* Optimizing manipulation constant:
  #igrid a___________ E____________________________________ varE____________
     1     Infinity    -2.30699827E+02 +/-   6.69504723E-05   2.24333441E-04
     2     1.0000E+06  -2.30699827E+02 +/-   6.69504716E-05   2.24333436E-04
     3     2.1544E+05  -2.30699827E+02 +/-   6.69504689E-05   2.24333418E-04
     4     4.6416E+04  -2.30699827E+02 +/-   6.69504566E-05   2.24333336E-04
     5     1.0000E+04  -2.30699827E+02 +/-   6.69503995E-05   2.24332953E-04
     6     2.1544E+03  -2.30699827E+02 +/-   6.69501348E-05   2.24331179E-04
     7     4.6416E+02  -2.30699827E+02 +/-   6.69489139E-05   2.24322997E-04
     8     1.0000E+02  -2.30699827E+02 +/-   6.69434108E-05   2.24286121E-04
     9     2.1544E+01  -2.30699827E+02 +/-   6.69211082E-05   2.24136701E-04
    10     4.6416E+00  -2.30699826E+02 +/-   6.68663851E-05   2.23770286E-04
    11     1.0000E+00  -2.30699823E+02 +/-   6.69326273E-05   2.24213868E-04
    12     2.1544E-01  -2.30699813E+02 +/-   6.75323263E-05   2.28249664E-04
    13     4.6416E-02  -2.30699755E+02 +/-   7.13362818E-05   2.54687521E-04
    14     1.0000E-02  -2.30699320E+02 +/-   9.80262151E-05   4.80918181E-04
    15     2.1544E-03  -2.30698162E+02 +/-   1.48484119E-04   1.10343495E-03
    16     4.6416E-04  -2.30697338E+02 +/-   1.75959780E-04   1.54957837E-03
    17     1.0000E-04  -2.30697079E+02 +/-   1.83760804E-04   1.69002253E-03
    18     2.1544E-05  -2.30697018E+02 +/-   1.85555629E-04   1.72319725E-03
    19     4.6416E-06  -2.30697005E+02 +/-   1.85947959E-04   1.73049186E-03
    20     1.0000E-06  -2.30697002E+02 +/-   1.86032750E-04   1.73207040E-03
    21     0.0000E+00  -2.30697001E+02 +/-   1.86056051E-04   1.73250431E-03
* Iteration # 1: E =  -2.306998272857E+02 +/-   6.695047232024E-05
* Convergence: exiting.
* After optimization:
  -9.4067E-01   3.0186E-01  -1.0768E-01  -7.8756E-02  -1.8255E-02  -1.4715E-02
  -1.3006E-01  -1.3104E-01   8.0907E-02   3.0290E-02   1.5841E-01  -5.3210E-02
   5.1030E-02  -5.0280E-02  -6.9545E-02  -8.6491E-02   3.9559E-02  -3.4966E-03
  > Energy =  -2.306998272857E+02 +/-   6.695047232024E-05
  > varE =   2.243334407509E-04

VMC #17:
* Size of Hilbert space =   4.0000E+02
* Deterministic energy evaluation:
  > Deterministic Etot/t = -230.7000339458166
    - Ttot/t = -10.36355402692541
    - Utot/t = 3.906011935256671
* Number of equil. steps   = 1000
* Running VMC equilibration.
  Done. [total walltime: 0.02s]
* Equil. acc.ratio (%)     =  40.9910
* Sample config after equilibration:
  +-----+
  |  u  |
  |d   d|
  |u   0|
  |  2  |
  +-----+
* Number of accum. steps   = 500480 x 10
* Running VMC accumulation.
  Done. [total walltime: 2.96s]
* Acceptance ratio (%)     =  41.0459
* Etot/t                   =  -2.307000483641E+02 +/-   2.408978237914E-05
  > Ttot/t                 =  -1.036337823509E+01 +/-   2.924072626403E-04
  > Utot/t                 =   3.905821725169E+00 +/-   2.919003486427E-04
* var[Eloc/t]              =   2.836467890155E-04 +/-   3.976982226953E-05
* Correlation length       =   1.023940235673E+00
* log10 Psi^2 range: -6.546827920220582 -- -2.184686110708892
* log10 Pgen range : -6.546827920220582 -- -2.184686110708892
* Site occupation (ave. no. electrons per config.):
  > Site_  ___eu____  ___ed____
      1        0.499      0.499
      2        0.499      0.503
      3        0.500      0.498
      4        0.497      0.499
      5        0.503      0.501
      6        0.503      0.501
* Pair-correlation analysis (ave. no. pairs per config.):
  > Shell  nsite  ___dh____  __eueu___  __eued___
      0      1        0          0          1.035
      1      4        1.067      1.487      3.513
      2      4        0.153      0.840      1.098
      3      4        0.075      0.427      0.554
      4      4        0.231      2.168      1.870
      5      4        0.116      1.079      0.929

Optimization #17:
* Method          : lls
* Target function : energy
* No. of configs. : 50048
* No. of params.  : 18
* Before optimization:
  -9.4067E-01   3.0186E-01  -1.0768E-01  -7.8756E-02  -1.8255E-02  -1.4715E-02
  -1.3006E-01  -1.3104E-01   8.0907E-02   3.0290E-02   1.5841E-01  -5.3210E-02
   5.1030E-02  -5.0280E-02  -6.9545E-02  -8.6491E-02   3.9559E-02  -3.4966E-03
  > E    =  -2.307000276581E+02 +/-   7.068271304276E-05
  > varE =   2.500421063585E-04
* Computing derivatives.
  Done. [total walltime: 1.66s]
* Optimizing manipulation constant:
  #igrid a___________ E____________________________________ varE____________
     1     Infinity    -2.30700028E+02 +/-   7.06827130E-05   2.50042106E-04
     2     1.0000E+06  -2.30700028E+02 +/-   7.06827132E-05   2.50042107E-04
     3     2.1544E+05  -2.30700028E+02 +/-   7.06827135E-05   2.50042110E-04
     4     4.6416E+04  -2.30700028E+02 +/-   7.06827154E-05   2.50042123E-04
     5     1.0000E+04  -2.30700028E+02 +/-   7.06827238E-05   2.50042183E-04
     6     2.1544E+03  -2.30700028E+02 +/-   7.06827630E-05   2.50042460E-04
     7     4.6416E+02  -2.30700028E+02 +/-   7.06829453E-05   2.50043750E-04
     8     1.0000E+02  -2.30700028E+02 +/-   7.06837982E-05   2.50049784E-04
     9     2.1544E+01  -2.30700028E+02 +/-   7.06878814E-05   2.50078674E-04
    10     4.6416E+00  -2.30700028E+02 +/-   7.07081175E-05   2.50221877E-04
    11     1.0000E+00  -2.30700030E+02 +/-   7.07897437E-05   2.50799928E-04
    12     2.1544E-01  -2.30700030E+02 +/-   7.09363394E-05   2.51839747E-04
    13     4.6416E-02  -2.30700031E+02 +/-   7.10294770E-05   2.52501499E-04
    14     1.0000E-02  -2.30700031E+02 +/-   7.10586684E-05   2.52709086E-04
    15     2.1544E-03  -2.30700031E+02 +/-   7.10655930E-05   2.52758341E-04
    16     4.6416E-04  -2.30700031E+02 +/-   7.10671176E-05   2.52769186E-04
    17     1.0000E-04  -2.30700031E+02 +/-   7.10674477E-05   2.52771534E-04
    18     2.1544E-05  -2.30700031E+02 +/-   7.10675188E-05   2.52772040E-04
    19     4.6416E-06  -2.30700031E+02 +/-   7.10675342E-05   2.52772149E-04
    20     1.0000E-06  -2.30700031E+02 +/-   7.10675375E-05   2.52772173E-04
    21     0.0000E+00  -2.30700031E+02 +/-   7.10675384E-05   2.52772179E-04
* Iteration # 1: E =  -2.307000307916E+02 +/-   7.102947700808E-05
* Convergence: exiting.
* After optimization:
  -9.4493E-01   2.9789E-01  -1.0369E-01  -7.3270E-02  -1.5997E-02  -1.3099E-02
  -1.2630E-01  -1.3325E-01   7.6967E-02   2.9629E-02   1.5516E-01  -5.4187E-02
   4.9578E-02  -5.1387E-02  -6.9163E-02  -8.7548E-02   3.9819E-02   1.0214E-03
  > Energy =  -2.307000307916E+02 +/-   7.102947700808E-05
  > varE =   2.525014991590E-04

VMC #18:
* Size of Hilbert space =   4.0000E+02
* Deterministic energy evaluation:
  > Deterministic Etot/t = -230.7000336078220
    - Ttot/t = -10.36333009166405
    - Utot/t = 3.905788337989890
* Number of equil. steps   = 1000
* Running VMC equilibration.
  Done. [total walltime: 0.01s]
* Equil. acc.ratio (%)     =  40.8742
* Sample config after equilibration:
  +-----+
  |  2  |
  |0   u|
  |d   0|
  |  2  |
  +-----+
* Number of accum. steps   = 500480 x 10
* Running VMC accumulation.
  Done. [total walltime: 2.95s]
* Acceptance ratio (%)     =  40.8979
* Etot/t                   =  -2.307000137824E+02 +/-   2.154038269850E-05
  > Ttot/t                 =  -1.036356963636E+01 +/-   2.904944267467E-04
  > Utot/t                 =   3.906047708121E+00 +/-   2.895264154228E-04
* var[Eloc/t]              =   2.454125460932E-04 +/-   5.225575798143E-06
* Correlation length       =   9.462301800673E-01
* log10 Psi^2 range: -5.647448603539891 -- -2.195950482291225
* log10 Pgen range : -5.647448603539891 -- -2.195950482291225
* Site occupation (ave. no. electrons per config.):
  > Site_  ___eu____  ___ed____
      1        0.504      0.499
      2        0.503      0.499
      3        0.496      0.501
      4        0.500      0.499
      5        0.497      0.502
      6        0.500      0.500
* Pair-correlation analysis (ave. no. pairs per config.):
  > Shell  nsite  ___dh____  __eueu___  __eued___
      0      1        0          0          1.026
      1      4        1.056      1.476      3.533
      2      4        0.148      0.839      1.111
      3      4        0.074      0.422      0.555
      4      4        0.230      2.176      1.852
      5      4        0.117      1.087      0.922

Optimization #18:
* Method          : lls
* Target function : energy
* No. of configs. : 50048
* No. of params.  : 18
* Before optimization:
  -9.4493E-01   2.9789E-01  -1.0369E-01  -7.3270E-02  -1.5997E-02  -1.3099E-02
  -1.2630E-01  -1.3325E-01   7.6967E-02   2.9629E-02   1.5516E-01  -5.4187E-02
   4.9578E-02  -5.1387E-02  -6.9163E-02  -8.7548E-02   3.9819E-02   1.0214E-03
  > E    =  -2.307000455380E+02 +/-   7.035434896461E-05
  > varE =   2.477243081638E-04
* Computing derivatives.
  Done. [total walltime: 1.66s]
* Optimizing manipulation constant:
  #igrid a___________ E____________________________________ varE____________
     1     Infinity    -2.30700046E+02 +/-   7.03543490E-05   2.47724308E-04
     2     1.0000E+06  -2.30700046E+02 +/-   7.03543483E-05   2.47724303E-04
     3     2.1544E+05  -2.30700046E+02 +/-   7.03543459E-05   2.47724286E-04
     4     4.6416E+04  -2.30700046E+02 +/-   7.03543346E-05   2.47724207E-04
     5     1.0000E+04  -2.30700046E+02 +/-   7.03542824E-05   2.47723839E-04
     6     2.1544E+03  -2.30700046E+02 +/-   7.03540401E-05   2.47722133E-04
     7     4.6416E+02  -2.30700046E+02 +/-   7.03529179E-05   2.47714230E-04
     8     1.0000E+02  -2.30700046E+02 +/-   7.03477628E-05   2.47677929E-04
     9     2.1544E+01  -2.30700046E+02 +/-   7.03249329E-05   2.47517198E-04
    10     4.6416E+00  -2.30700046E+02 +/-   7.02379573E-05   2.46905334E-04
    11     1.0000E+00  -2.30700048E+02 +/-   7.00274825E-05   2.45427800E-04
    12     2.1544E-01  -2.30700048E+02 +/-   6.97598922E-05   2.43555717E-04
    13     4.6416E-02  -2.30700039E+02 +/-   6.97160810E-05   2.43249894E-04
    14     1.0000E-02  -2.30699843E+02 +/-   7.95644069E-05   3.16828606E-04
    15     2.1544E-03  -2.30696403E+02 +/-   1.93757683E-04   1.87890401E-03
    16     4.6416E-04  -2.30664895E+02 +/-   5.59310910E-04   1.56564505E-02
    17     1.0000E-04  -2.30601474E+02 +/-   8.67651684E-04   3.76771076E-02
    18     2.1544E-05  -2.30571860E+02 +/-   9.50967679E-04   4.52603846E-02
    19     4.6416E-06  -2.30564336E+02 +/-   9.68166568E-04   4.69123178E-02
    20     1.0000E-06  -2.30562661E+02 +/-   9.71799516E-04   4.72650458E-02
    21     0.0000E+00  -2.30562197E+02 +/-   9.72792059E-04   4.73616431E-02
  ParMin   3.7645E-01  -2.30700048E+02 +/-   6.98585696E-05   2.44245238E-04
  # Using grid point #12
* Iteration # 1: E =  -2.307000484676E+02 +/-   6.975989221941E-05
* Convergence: exiting.
* After optimization:
  -9.3687E-01   2.9674E-01  -1.0347E-01  -7.6969E-02  -1.6567E-02  -1.5121E-02
  -1.2676E-01  -1.3068E-01   7.7582E-02   2.9728E-02   1.5421E-01  -4.9444E-02
   4.8511E-02  -4.9935E-02  -6.9777E-02  -8.5822E-02   4.0568E-02   1.6896E-04
  > Energy =  -2.307000484676E+02 +/-   6.975989221941E-05
  > varE =   2.435557173662E-04

VMC #19:
* Size of Hilbert space =   4.0000E+02
* Deterministic energy evaluation:
  > Deterministic Etot/t = -230.7000341392039
    - Ttot/t = -10.36329213436240
    - Utot/t = 3.905749849306407
* Number of equil. steps   = 1000
* Running VMC equilibration.
  Done. [total walltime: 0.02s]
* Equil. acc.ratio (%)     =  40.9543
* Sample config after equilibration:
  +-----+
  |  0  |
  |u   2|
  |d   0|
  |  2  |
  +-----+
* Number of accum. steps   = 500480 x 10
* Running VMC accumulation.
  Done. [total walltime: 2.95s]
* Acceptance ratio (%)     =  40.9343
* Etot/t                   =  -2.307000633402E+02 +/-   2.618795393159E-05
  > Ttot/t                 =  -1.036321988769E+01 +/-   2.895232993366E-04
  > Utot/t                 =   3.905648401650E+00 +/-   2.882711117172E-04
* var[Eloc/t]              =   3.356146097009E-04 +/-   6.208027385142E-05
* Correlation length       =   1.022701765440E+00
* log10 Psi^2 range: -5.633431398771724 -- -2.184130847950010
* log10 Pgen range : -5.633431398771724 -- -2.184130847950010
* Site occupation (ave. no. electrons per config.):
  > Site_  ___eu____  ___ed____
      1        0.499      0.501
      2        0.497      0.507
      3        0.502      0.495
      4        0.497      0.501
      5        0.502      0.498
      6        0.503      0.498
* Pair-correlation analysis (ave. no. pairs per config.):
  > Shell  nsite  ___dh____  __eueu___  __eued___
      0      1        0          0          1.021
      1      4        1.046      1.483      3.534
      2      4        0.149      0.838      1.104
      3      4        0.074      0.421      0.559
      4      4        0.227      2.177      1.855
      5      4        0.115      1.081      0.927

Optimization #19:
* Method          : lls
* Target function : energy
* No. of configs. : 50048
* No. of params.  : 18
* Before optimization:
  -9.3687E-01   2.9674E-01  -1.0347E-01  -7.6969E-02  -1.6567E-02  -1.5121E-02
  -1.2676E-01  -1.3068E-01   7.7582E-02   2.9728E-02   1.5421E-01  -4.9444E-02
   4.8511E-02  -4.9935E-02  -6.9777E-02  -8.5822E-02   4.0568E-02   1.6896E-04
  > E    =  -2.307000377793E+02 +/-   6.790972466982E-05
  > varE =   2.308078983104E-04
* Computing derivatives.
  Done. [total walltime: 1.65s]
* Optimizing manipulation constant:
  #igrid a___________ E____________________________________ varE____________
     1     Infinity    -2.30700038E+02 +/-   6.79097247E-05   2.30807898E-04
     2     1.0000E+06  -2.30700038E+02 +/-   6.79097245E-05   2.30807897E-04
     3     2.1544E+05  -2.30700038E+02 +/-   6.79097239E-05   2.30807893E-04
     4     4.6416E+04  -2.30700038E+02 +/-   6.79097212E-05   2.30807875E-04
     5     1.0000E+04  -2.30700038E+02 +/-   6.79097085E-05   2.30807788E-04
     6     2.1544E+03  -2.30700038E+02 +/-   6.79096496E-05   2.30807388E-04
     7     4.6416E+02  -2.30700038E+02 +/-   6.79093797E-05   2.30805553E-04
     8     1.0000E+02  -2.30700038E+02 +/-   6.79081910E-05   2.30797474E-04
     9     2.1544E+01  -2.30700038E+02 +/-   6.79039323E-05   2.30768526E-04
    10     4.6416E+00  -2.30700037E+02 +/-   6.79020315E-05   2.30755607E-04
    11     1.0000E+00  -2.30700036E+02 +/-   6.79821556E-05   2.31300510E-04
    12     2.1544E-01  -2.30700032E+02 +/-   6.81905039E-05   2.32720439E-04
    13     4.6416E-02  -2.30700030E+02 +/-   6.83312802E-05   2.33682312E-04
    14     1.0000E-02  -2.30700030E+02 +/-   6.83757108E-05   2.33986303E-04
    15     2.1544E-03  -2.30700030E+02 +/-   6.83862545E-05   2.34058471E-04
    16     4.6416E-04  -2.30700029E+02 +/-   6.83885760E-05   2.34074362E-04
    17     1.0000E-04  -2.30700029E+02 +/-   6.83890785E-05   2.34077802E-04
    18     2.1544E-05  -2.30700029E+02 +/-   6.83891869E-05   2.34078544E-04
    19     4.6416E-06  -2.30700029E+02 +/-   6.83892102E-05   2.34078704E-04
    20     1.0000E-06  -2.30700029E+02 +/-   6.83892152E-05   2.34078738E-04
    21     0.0000E+00  -2.30700029E+02 +/-   6.83892166E-05   2.34078748E-04
* Iteration # 1: E =  -2.307000377793E+02 +/-   6.790972466982E-05
* Convergence: exiting.
* After optimization:
  -9.3687E-01   2.9674E-01  -1.0347E-01  -7.6969E-02  -1.6567E-02  -1.5121E-02
  -1.2676E-01  -1.3068E-01   7.7582E-02   2.9728E-02   1.5421E-01  -4.9444E-02
   4.8511E-02  -4.9935E-02  -6.9777E-02  -8.5822E-02   4.0568E-02   1.6896E-04
  > Energy =  -2.307000377793E+02 +/-   6.790972466982E-05
  > varE =   2.308078983104E-04

VMC #20:
* Size of Hilbert space =   4.0000E+02
* Deterministic energy evaluation:
  > Deterministic Etot/t = -230.7000341392039
    - Ttot/t = -10.36329213436240
    - Utot/t = 3.905749849306407
* Number of equil. steps   = 1000
* Running VMC equilibration.
  Done. [total walltime: 0.01s]
* Equil. acc.ratio (%)     =  40.9690
* Sample config after equilibration:
  +-----+
  |  d  |
  |u   0|
  |2   2|
  |  0  |
  +-----+
* Number of accum. steps   = 500480 x 10
* Running VMC accumulation.
  Done. [total walltime: 2.95s]
* Acceptance ratio (%)     =  40.9412
* Etot/t                   =  -2.307000212799E+02 +/-   2.214627220498E-05
  > Ttot/t                 =  -1.036302220950E+01 +/-   2.797481733863E-04
  > Utot/t                 =   3.905492783761E+00 +/-   2.793252549963E-04
* var[Eloc/t]              =   2.376580337409E-04 +/-   3.412935661156E-06
* Correlation length       =   1.032845816165E+00
* log10 Psi^2 range: -6.586012756980510 -- -2.184121186961033
* log10 Pgen range : -6.586012756980510 -- -2.184121186961033
* Site occupation (ave. no. electrons per config.):
  > Site_  ___eu____  ___ed____
      1        0.503      0.501
      2        0.502      0.499
      3        0.498      0.500
      4        0.502      0.500
      5        0.496      0.497
      6        0.498      0.503
* Pair-correlation analysis (ave. no. pairs per config.):
  > Shell  nsite  ___dh____  __eueu___  __eued___
      0      1        0          0          1.028
      1      4        1.060      1.478      3.529
      2      4        0.150      0.844      1.109
      3      4        0.076      0.416      0.552
      4      4        0.229      2.174      1.852
      5      4        0.116      1.089      0.930

VDAGGER finished.
Total VDAGGER walltime: 5m31s

Run ended: Mon Oct 20 18:07:30 CEST 2025
