Run started: Fri Jan 16 08:55:27 CET 2026
Using VDAGGER_ARCH = gnu7_fkfamd_cluster
Running 1x128 MPI processes.

                               xx
                              +##
                               #X
                               Xx
                          X##XxXxxX##x
                           +   Xx  ++
                               ##
                              +##
                              +##
     ++++         ++          +##
   xX+++##+      ####         +##
  Xx    ###      +X##          ##
 xX    X##+        ##          #X
 +    x##X         #x          #X
      ###         +#           x+
     X##+         #+
     ###         Xx                    _______
     ##X       +X+   __________________VDAGGER
     +##x    +xX     2nd quantized variational
       +xxxxx+       ______quantum Monte Carlo

* Running 128 MPI processes.
* Input file: "input.01.casl"

############# Start of input file dump #############
General:
  Random seed: timer

Plan:
  VMC-optimization:
    Minimum cycles: 10
    Convergence cycles: 7

System:
  Hubbard model:
    Primitive cell:
      a_1: [ 1.0, 1.0 ]
      a_2: [ -1.0, 1.0 ]
    Simulation cell:
      a_1: [ 6.0, 0.0 ]
      a_2: [ 0.0, 6.0 ]
    U: 10.0
    Dump Hamiltonian: FCIDUMP.new
    Dump orbitals: LTSC.new
  netot: 18

VMC:
  nstep: 500000
  nconfig: 100000

Optimization:
  max_niter: 1

Jastrow: wfn.casl
############## End of input file dump ##############

General setup:
* Random seed: 1171080774 (from timer)

Hubbard system:
* Dimensionality        : 2
* Simulation cell:
  > a_1 =   6.000000000000E+00   0.000000000000E+00
  > a_2 =   0.000000000000E+00   6.000000000000E+00
* Primitive cell:
  > a_1 =   1.000000000000E+00   1.000000000000E+00
  > a_2 =  -1.000000000000E+00   1.000000000000E+00
* Prim.cells in sim.cell: 18
* Number of sublattices : 1
* # real-space shells   : 5
  > Shell #1: 4 sites, rij =  1.4142E+00
  > Shell #2: 4 sites, rij =  2.0000E+00
  > Shell #3: 4 sites, rij =  2.8284E+00
  > Shell #4: 4 sites, rij =  3.1623E+00
  > Shell #5: 1 sites, rij =  4.2426E+00
* Site labels:
  +-----------------+
  |    6    11    16|
  |15     5    10   |
  |   14     4     9|
  | 8    13     3   |
  |    7    18     2|
  | 1    12    17   |
  +-----------------+
* Shell diagram:
  +-----------+
  |  4   4   5|
  |3   2   3  |
  |  1   1   4|
  |2   0   2  |
  |  1   1   4|
  |3   2   3  |
  +-----------+
* Hop multiplicity diagram:
  +-----------+
  |  -   -   -|
  |-   -   -  |
  |  1   1   -|
  |-   0   -  |
  |  1   1   -|
  |-   -   -  |
  +-----------+
* Reciprocal lattice of the simulation cell:
  > b_1 =   1.047197551197E+00  -0.000000000000E+00
  > b_2 =  -0.000000000000E+00   1.047197551197E+00
* k-vector offset:
  > Fractional:   0.000000000000E+00   0.000000000000E+00
  > Absolute  :   0.000000000000E+00   0.000000000000E+00
* G-vector occupation diagram:
  +------0------+
  |      -      |
  |    - - -    |
  |  - 2 2 2 -  |
  0- - 2 2 2 - -0
  |  - 2 2 2 -  |
  |    - - -    |
  |      -      |
  +------0------+
* G-vectors and non-interacting energy levels:
  > G_1 = [   0.0000E+00,  0.0000E+00,  0.0000E+00 ], e =  -4.0000E+00
  > G_2 = [  -1.0472E+00,  0.0000E+00,  0.0000E+00 ], e =  -2.0000E+00
  > G_3 = [   1.0472E+00,  0.0000E+00,  0.0000E+00 ], e =  -2.0000E+00
  > G_4 = [   0.0000E+00,  1.0472E+00,  0.0000E+00 ], e =  -2.0000E+00
  > G_5 = [   0.0000E+00, -1.0472E+00,  0.0000E+00 ], e =  -2.0000E+00
  > G_6 = [  -1.0472E+00, -1.0472E+00,  0.0000E+00 ], e =  -1.0000E+00
  > G_7 = [   1.0472E+00,  1.0472E+00,  0.0000E+00 ], e =  -1.0000E+00
  > G_8 = [   1.0472E+00, -1.0472E+00,  0.0000E+00 ], e =  -1.0000E+00
  > G_9 = [  -1.0472E+00,  1.0472E+00,  0.0000E+00 ], e =  -1.0000E+00 = e_F
  > G_10 = [  -2.0944E+00, -1.0472E+00,  0.0000E+00 ], e =   1.0000E+00
  > G_11 = [   2.0944E+00,  1.0472E+00,  0.0000E+00 ], e =   1.0000E+00
  > G_12 = [   1.0472E+00,  2.0944E+00,  0.0000E+00 ], e =   1.0000E+00
  > G_13 = [  -1.0472E+00, -2.0944E+00,  0.0000E+00 ], e =   1.0000E+00
  > ...
* U/t                   :  1.00000000000E+01
* Hartree-Fock Etot/t   :  1.30000000000E+01
  > Ttot/t              : -3.20000000000E+01
  > Utot/t              :  4.50000000000E+01
* Writing Hamiltonian to "FCIDUMP.new".
* Writing orbitals to "LTSC.new".
* Analysis of Hamiltonian connecitivity performed:
  - U_iiii [opp] (local, 1-site): 18 (i) values
  - T_ji (single, 2-site): 72 contribs. from 18 (i) values
  - Max. no. wfn. ratios in Eloc: 4
* Site labels:
  +-----------------+
  |    6    11    16|
  |15     5    10   |
  |   14     4     9|
  | 8    13     3   |
  |    7    18     2|
  | 1    12    17   |
  +-----------------+
* Model system Site kinds:
  [ 1, 1, 1, 1, 1, 1, 1, 1, 1, 1, 1, 1, 1, 1, 1, 1, 1, 1 ]
  +-----------+
  |  1   1   1|
  |1   1   1  |
  |  1   1   1|
  |1   1   1  |
  |  1   1   1|
  |1   1   1  |
  +-----------+
* Maximum Site kind: 1
* Model system Site pair kinds:
  Site 1: [ 0, 1, 3, 5, 3, 1, 1, 2, 4, 3, 4, 2, 3, 4, 2, 1, 2, 4 ]
  Site 2: [ 1, 0, 1, 3, 5, 3, 2, 1, 2, 4, 3, 4, 4, 3, 4, 2, 1, 2 ]
  Site 3: [ 3, 1, 0, 1, 3, 5, 4, 2, 1, 2, 4, 3, 2, 4, 3, 4, 2, 1 ]
  Site 4: [ 5, 3, 1, 0, 1, 3, 3, 4, 2, 1, 2, 4, 1, 2, 4, 3, 4, 2 ]
  Site 5: [ 3, 5, 3, 1, 0, 1, 4, 3, 4, 2, 1, 2, 2, 1, 2, 4, 3, 4 ]
  Site 6: [ 1, 3, 5, 3, 1, 0, 2, 4, 3, 4, 2, 1, 4, 2, 1, 2, 4, 3 ]
  Site 7: [ 1, 2, 4, 3, 4, 2, 0, 1, 3, 5, 3, 1, 1, 2, 4, 3, 4, 2 ]
  Site 8: [ 2, 1, 2, 4, 3, 4, 1, 0, 1, 3, 5, 3, 2, 1, 2, 4, 3, 4 ]
  Site 9: [ 4, 2, 1, 2, 4, 3, 3, 1, 0, 1, 3, 5, 4, 2, 1, 2, 4, 3 ]
  Site 10: [ 3, 4, 2, 1, 2, 4, 5, 3, 1, 0, 1, 3, 3, 4, 2, 1, 2, 4 ]
  Site 11: [ 4, 3, 4, 2, 1, 2, 3, 5, 3, 1, 0, 1, 4, 3, 4, 2, 1, 2 ]
  Site 12: [ 2, 4, 3, 4, 2, 1, 1, 3, 5, 3, 1, 0, 2, 4, 3, 4, 2, 1 ]
  Site 13: [ 3, 4, 2, 1, 2, 4, 1, 2, 4, 3, 4, 2, 0, 1, 3, 5, 3, 1 ]
  Site 14: [ 4, 3, 4, 2, 1, 2, 2, 1, 2, 4, 3, 4, 1, 0, 1, 3, 5, 3 ]
  Site 15: [ 2, 4, 3, 4, 2, 1, 4, 2, 1, 2, 4, 3, 3, 1, 0, 1, 3, 5 ]
  Site 16: [ 1, 2, 4, 3, 4, 2, 3, 4, 2, 1, 2, 4, 5, 3, 1, 0, 1, 3 ]
  Site 17: [ 2, 1, 2, 4, 3, 4, 4, 3, 4, 2, 1, 2, 3, 5, 3, 1, 0, 1 ]
  Site 18: [ 4, 2, 1, 2, 4, 3, 2, 4, 3, 4, 2, 1, 1, 3, 5, 3, 1, 0 ]
  For site 1 of kind 1:
  +-----------+
  |  1   4   1|
  |2   3   3  |
  |  4   5   4|
  |2   3   3  |
  |  1   4   1|
  |0   2   2  |
  +-----------+
* Maximum (unsigned) Site pair kind: 5

General system setup:
* Number of sites       : 18
* Number of electrons   : 18
* Spin imbalance MS2    : 0
* Filling               : 0.500000
* Number of orbitals in pool: 21
* Using real-valued orbitals
* Using double-precision arithmetic for orbitals

Trial wave function setup:
* Jastrow parameter file: "wfn.casl"
* Not using multideterminants
* Not using a backflow transformation
* Not using wave function manipulation

VMC #1:
* Size of Hilbert space =   2.3639E+09
* Number of equil. steps   = 1000
* Running VMC equilibration.
  Done. [total walltime: 0.04s]
* Equil. acc.ratio (%)     =  48.8102
* Sample config after equilibration:
  +-----------+
  |  2   2   u|
  |u   0   u  |
  |  2   d   d|
  |0   d   d  |
  |  u   2   u|
  |0   0   d  |
  +-----------+
* Number of accum. steps   = 500480 x 10
* Running VMC accumulation.
  Done. [total walltime: 1.45s]
* Acceptance ratio (%)     =  48.8276
* Etot/t                   =   1.297782129156E+01 +/-   1.648746900185E-02
  > Ttot/t                 =  -3.200000000000E+01 +/-   1.680552356765E-17
  > Utot/t                 =   4.497782129156E+01 +/-   1.648746900185E-02
* var[Eloc/t]              =   1.311095047269E+02 +/-   2.316694005636E-01
* Correlation length       =   1.037673042174E+00
* log10 Psi^2 range: 5.3280051550974994 -- 11.655520203061426
* log10 Pgen range : 5.3280051550974994 -- 11.655520203061426
* Site occupation (ave. no. electrons per config.):
  > Site_  ___eu____  ___ed____
      1        0.499      0.499
      2        0.500      0.498
      3        0.500      0.500
      4        0.501      0.500
      5        0.499      0.501
      6        0.499      0.499
      7        0.501      0.500
      8        0.498      0.500
      9        0.500      0.500
     10        0.498      0.501
     11        0.501      0.501
     12        0.501      0.497
     13        0.499      0.499
     14        0.502      0.500
     15        0.504      0.502
     16        0.499      0.500
     17        0.500      0.502
     18        0.499      0.502
* Pair-correlation analysis (ave. no. pairs per config.):
  > Shell  nsite  ___dh____  __eueu___  __eued___
      0      1        0          0          4.497
      1     18        6.446     14.443     18.009
      2     18        4.497     18.001     17.988
      3     18        4.508     17.997     17.980
      4     18        4.941     17.111     18.020
      5     18        1.148      4.448      4.504

Optimization #1:
* Method          : lls
* Target function : energy
* No. of configs. : 100096
* No. of params.  : 14
* Before optimization:
   0.0000E+00   0.0000E+00   0.0000E+00   0.0000E+00   0.0000E+00   0.0000E+00
   0.0000E+00   0.0000E+00   0.0000E+00   0.0000E+00   0.0000E+00   0.0000E+00
   0.0000E+00   0.0000E+00
  > E    =   1.297372522379E+01 +/-   3.622851098463E-02
  > varE =   1.313765012971E+02
* Computing derivatives.
  Done. [total walltime: 0.48s]
* Optimizing manipulation constant:
  #igrid a___________ E____________________________________ varE____________
     1     Infinity     1.29737252E+01 +/-   3.62285110E-02   1.31376501E+02
     2     1.0000E+06   1.29734626E+01 +/-   3.62282474E-02   1.31374589E+02
     3     2.1544E+05   1.29725065E+01 +/-   3.62272876E-02   1.31367629E+02
     4     4.6416E+04   1.29680700E+01 +/-   3.62228370E-02   1.31335353E+02
     5     1.0000E+04   1.29475104E+01 +/-   3.62022711E-02   1.31186261E+02
     6     2.1544E+03   1.28527740E+01 +/-   3.61087574E-02   1.30509405E+02
     7     4.6416E+02   1.24264659E+01 +/-   3.57131143E-02   1.27665094E+02
     8     1.0000E+02   1.06321446E+01 +/-   3.44466970E-02   1.18771404E+02
     9     2.1544E+01   3.39504632E+00 +/-   3.06773989E-02   9.42006261E+01
    10     4.6416E+00  -5.94254847E+00 +/-   2.20789526E-02   4.87948130E+01
    11     1.0000E+00  -5.87157865E+00 +/-   3.49214722E-02   1.22067995E+02
    12     2.1544E-01  -5.55303753E+00 +/-   3.88113005E-02   1.50776311E+02
    13     4.6416E-02  -5.47206140E+00 +/-   3.96797368E-02   1.57599301E+02
    14     1.0000E-02  -5.45409292E+00 +/-   3.98679434E-02   1.59097879E+02
    15     2.1544E-03  -5.45019803E+00 +/-   3.99085395E-02   1.59422051E+02
    16     4.6416E-04  -5.44935781E+00 +/-   3.99172878E-02   1.59491952E+02
    17     1.0000E-04  -5.44917674E+00 +/-   3.99191727E-02   1.59507015E+02
    18     2.1544E-05  -5.44913773E+00 +/-   3.99195788E-02   1.59510260E+02
    19     4.6416E-06  -5.44912932E+00 +/-   3.99196663E-02   1.59510959E+02
    20     1.0000E-06  -5.44912751E+00 +/-   3.99196852E-02   1.59511110E+02
    21     0.0000E+00  -5.44912702E+00 +/-   3.99196903E-02   1.59511151E+02
  ParMin   2.1930E+00  -6.15185248E+00 +/-   2.96272803E-02   8.78618404E+01
  # Using parabolic minimum
* Iteration # 1: E =  -6.151852477186E+00 +/-   2.962728031727E-02
* Reached maximum number of iterations: exiting.
* After optimization:
  -2.7679E+00   2.4873E-01   2.3605E-01   2.2615E-01   2.2061E-01   2.1954E-01
   1.5601E-02  -5.8908E-03  -4.6236E-04  -1.7906E-02   2.2660E-03  -9.2087E-03
  -7.3680E-03   3.9226E-03
  > Energy =  -6.151852477186E+00 +/-   2.962728031727E-02
  > varE =   8.786184037077E+01

VMC #2:
* Size of Hilbert space =   2.3639E+09
* Number of equil. steps   = 1000
* Running VMC equilibration.
  Done. [total walltime: 0.02s]
* Equil. acc.ratio (%)     =   3.8733
* Sample config after equilibration:
  +-----------+
  |  d   d   d|
  |u   u   u  |
  |  2   u   d|
  |u   d   0  |
  |  d   d   d|
  |u   u   u  |
  +-----------+
* Number of accum. steps   = 500480 x 10
* Running VMC accumulation.
  Done. [total walltime: 0.74s]
* Acceptance ratio (%)     =   3.6047
* Etot/t                   =  -4.393190485482E+00 +/-   9.703152016449E-03
  > Ttot/t                 =  -7.452993074991E+00 +/-   1.914864945343E-02
  > Utot/t                 =   3.059802589514E+00 +/-   1.245642867779E-02
* var[Eloc/t]              =   4.126584061284E+01 +/-   2.341944108478E-01
* Correlation length       =   1.141883247347E+00
* log10 Psi^2 range: 0.41065635184062849 -- 12.652059650576748
* log10 Pgen range : 0.41065635184062849 -- 12.652059650576748
* Site occupation (ave. no. electrons per config.):
  > Site_  ___eu____  ___ed____
      1        0.504      0.496
      2        0.498      0.502
      3        0.504      0.496
      4        0.500      0.499
      5        0.501      0.499
      6        0.496      0.504
      7        0.496      0.503
      8        0.504      0.497
      9        0.497      0.503
     10        0.500      0.499
     11        0.498      0.502
     12        0.502      0.498
     13        0.503      0.497
     14        0.499      0.501
     15        0.504      0.495
     16        0.495      0.505
     17        0.503      0.497
     18        0.495      0.505
* Pair-correlation analysis (ave. no. pairs per config.):
  > Shell  nsite  ___dh____  __eueu___  __eued___
      0      1        0          0          0.304
      1     18        0.171     10.064     25.794
      2     18        0.097     23.101     12.846
      3     18        0.089     22.613     13.343
      4     18        0.097     12.781     23.163
      5     18        0.020      3.441      5.551

Optimization #2:
* Method          : lls
* Target function : energy
* No. of configs. : 100096
* No. of params.  : 14
* Before optimization:
  -2.7679E+00   2.4873E-01   2.3605E-01   2.2615E-01   2.2061E-01   2.1954E-01
   1.5601E-02  -5.8908E-03  -4.6236E-04  -1.7906E-02   2.2660E-03  -9.2087E-03
  -7.3680E-03   3.9226E-03
  > E    =  -4.390292114543E+00 +/-   2.036734094944E-02
  > varE =   4.152268127848E+01
* Computing derivatives.
  Done. [total walltime: 0.54s]
* Optimizing manipulation constant:
  #igrid a___________ E____________________________________ varE____________
     1     Infinity    -4.39029211E+00 +/-   2.03673409E-02   4.15226813E+01
     2     1.0000E+06  -4.39035540E+00 +/-   2.03671331E-02   4.15218337E+01
     3     2.1544E+05  -4.39058585E+00 +/-   2.03663761E-02   4.15187474E+01
     4     4.6416E+04  -4.39165515E+00 +/-   2.03628640E-02   4.15044289E+01
     5     1.0000E+04  -4.39661103E+00 +/-   2.03465886E-02   4.14381091E+01
     6     2.1544E+03  -4.41945721E+00 +/-   2.02716038E-02   4.11332421E+01
     7     4.6416E+02  -4.52226656E+00 +/-   1.99342675E-02   3.97756499E+01
     8     1.0000E+02  -4.93958727E+00 +/-   1.85299300E-02   3.43687929E+01
     9     2.1544E+01  -6.02361719E+00 +/-   1.42338972E-02   2.02798330E+01
    10     4.6416E+00  -6.16941860E+00 +/-   1.48550218E-02   2.20883516E+01
    11     1.0000E+00  -4.91281680E+00 +/-   2.10565617E-02   4.43804436E+01
    12     2.1544E-01  -4.33961946E+00 +/-   2.31116351E-02   5.34660457E+01
    13     4.6416E-02  -4.19424246E+00 +/-   2.35858543E-02   5.56826566E+01
    14     1.0000E-02  -4.16180500E+00 +/-   2.36893750E-02   5.61725227E+01
    15     2.1544E-03  -4.15476366E+00 +/-   2.37117393E-02   5.62786336E+01
    16     4.6416E-04  -4.15324419E+00 +/-   2.37165604E-02   5.63015211E+01
    17     1.0000E-04  -4.15291671E+00 +/-   2.37175992E-02   5.63064533E+01
    18     2.1544E-05  -4.15284616E+00 +/-   2.37178230E-02   5.63075160E+01
    19     4.6416E-06  -4.15283095E+00 +/-   2.37178712E-02   5.63077449E+01
    20     1.0000E-06  -4.15282768E+00 +/-   2.37178816E-02   5.63077942E+01
    21     0.0000E+00  -4.15282678E+00 +/-   2.37178844E-02   5.63078078E+01
  ParMin   8.5582E+00  -6.41902252E+00 +/-   1.27710906E-02   1.63257332E+01
  # Using parabolic minimum
* Iteration # 1: E =  -6.419022520530E+00 +/-   1.277109060454E-02
* Reached maximum number of iterations: exiting.
* After optimization:
  -4.6374E+00   6.6202E-01   3.1868E-01   1.3294E-01   2.5486E-02   1.4909E-02
   7.9897E-02   5.6005E-02  -2.2786E-01  -2.4698E-01  -7.7866E-02  -9.0662E-02
  -2.2770E-02  -1.1884E-02
  > Energy =  -6.419022520530E+00 +/-   1.277109060454E-02
  > varE =   1.632573319545E+01

VMC #3:
* Size of Hilbert space =   2.3639E+09
* Number of equil. steps   = 1000
* Running VMC equilibration.
  Done. [total walltime: 0.02s]
* Equil. acc.ratio (%)     =   6.2748
* Sample config after equilibration:
  +-----------+
  |  u   u   u|
  |d   d   d  |
  |  u   u   u|
  |d   d   d  |
  |  u   u   u|
  |d   d   d  |
  +-----------+
* Number of accum. steps   = 500480 x 10
* Running VMC accumulation.
  Done. [total walltime: 0.81s]
* Acceptance ratio (%)     =   6.1112
* Etot/t                   =  -6.467142558435E+00 +/-   5.696723828382E-03
  > Ttot/t                 =  -1.339287385639E+01 +/-   1.751980374299E-02
  > Utot/t                 =   6.925731297954E+00 +/-   1.670715669771E-02
* var[Eloc/t]              =   1.600866878926E+01 +/-   1.239818135571E-01
* Correlation length       =   1.014569586027E+00
* log10 Psi^2 range: -7.6279515552690640 -- 4.1795546053076409
* log10 Pgen range : -7.6279515552690640 -- 4.1795546053076409
* Site occupation (ave. no. electrons per config.):
  > Site_  ___eu____  ___ed____
      1        0.501      0.498
      2        0.500      0.500
      3        0.502      0.498
      4        0.499      0.501
      5        0.501      0.498
      6        0.499      0.502
      7        0.497      0.503
      8        0.501      0.500
      9        0.496      0.502
     10        0.500      0.500
     11        0.499      0.502
     12        0.502      0.499
     13        0.503      0.496
     14        0.499      0.502
     15        0.503      0.498
     16        0.499      0.501
     17        0.502      0.498
     18        0.497      0.502
* Pair-correlation analysis (ave. no. pairs per config.):
  > Shell  nsite  ___dh____  __eueu___  __eued___
      0      1        0          0          0.694
      1     18        0.702     10.490     24.890
      2     18        0.184     22.541     13.455
      3     18        0.173     22.057     13.928
      4     18        0.184     13.334     22.615
      5     18        0.039      3.578      5.417

Optimization #3:
* Method          : lls
* Target function : energy
* No. of configs. : 100096
* No. of params.  : 14
* Before optimization:
  -4.6374E+00   6.6202E-01   3.1868E-01   1.3294E-01   2.5486E-02   1.4909E-02
   7.9897E-02   5.6005E-02  -2.2786E-01  -2.4698E-01  -7.7866E-02  -9.0662E-02
  -2.2770E-02  -1.1884E-02
  > E    =  -6.475674741867E+00 +/-   1.268149761375E-02
  > varE =   1.609747692941E+01
* Computing derivatives.
  Done. [total walltime: 0.54s]
* Optimizing manipulation constant:
  #igrid a___________ E____________________________________ varE____________
     1     Infinity    -6.47567474E+00 +/-   1.26814976E-02   1.60974769E+01
     2     1.0000E+06  -6.47568514E+00 +/-   1.26814106E-02   1.60972559E+01
     3     2.1544E+05  -6.47572302E+00 +/-   1.26810936E-02   1.60964512E+01
     4     4.6416E+04  -6.47589868E+00 +/-   1.26796234E-02   1.60927191E+01
     5     1.0000E+04  -6.47671124E+00 +/-   1.26728222E-02   1.60754600E+01
     6     2.1544E+03  -6.48042368E+00 +/-   1.26417410E-02   1.59967036E+01
     7     4.6416E+02  -6.49647089E+00 +/-   1.25072319E-02   1.56581023E+01
     8     1.0000E+02  -6.55205889E+00 +/-   1.20391352E-02   1.45079920E+01
     9     2.1544E+01  -6.65441064E+00 +/-   1.11722019E-02   1.24937921E+01
    10     4.6416E+00  -6.72762714E+00 +/-   1.06172338E-02   1.12833870E+01
    11     1.0000E+00  -6.77065212E+00 +/-   1.05240238E-02   1.10861402E+01
    12     2.1544E-01  -6.79666775E+00 +/-   1.05783410E-02   1.12008724E+01
    13     4.6416E-02  -6.80433810E+00 +/-   1.06123612E-02   1.12730327E+01
    14     1.0000E-02  -6.80601338E+00 +/-   1.06219365E-02   1.12933848E+01
    15     2.1544E-03  -6.80637184E+00 +/-   1.06241298E-02   1.12980492E+01
    16     4.6416E-04  -6.80644890E+00 +/-   1.06246087E-02   1.12990678E+01
    17     1.0000E-04  -6.80646549E+00 +/-   1.06247122E-02   1.12992879E+01
    18     2.1544E-05  -6.80646907E+00 +/-   1.06247345E-02   1.12993353E+01
    19     4.6416E-06  -6.80646984E+00 +/-   1.06247393E-02   1.12993456E+01
    20     1.0000E-06  -6.80647000E+00 +/-   1.06247404E-02   1.12993478E+01
    21     0.0000E+00  -6.80647005E+00 +/-   1.06247407E-02   1.12993484E+01
* Iteration # 1: E =  -6.806470048989E+00 +/-   1.062474065378E-02
* Reached maximum number of iterations: exiting.
* After optimization:
  -8.4127E+00   7.9726E-01   5.2177E-01   2.6073E-01   1.6377E-01   1.1823E-01
  -4.1668E-02  -6.2845E-02  -4.2110E-01  -4.5578E-01  -2.2619E-01  -2.5952E-01
  -3.9475E-02  -3.1017E-02
  > Energy =  -6.806470048989E+00 +/-   1.062474065378E-02
  > varE =   1.129934836695E+01

VMC #4:
* Size of Hilbert space =   2.3639E+09
* Number of equil. steps   = 1000
* Running VMC equilibration.
  Done. [total walltime: 0.02s]
* Equil. acc.ratio (%)     =   6.1984
* Sample config after equilibration:
  +-----------+
  |  u   u   u|
  |d   0   d  |
  |  u   2   u|
  |d   d   d  |
  |  u   u   u|
  |d   d   d  |
  +-----------+
* Number of accum. steps   = 500480 x 10
* Running VMC accumulation.
  Done. [total walltime: 0.80s]
* Acceptance ratio (%)     =   6.1213
* Etot/t                   =  -6.782378390504E+00 +/-   4.684443471822E-03
  > Ttot/t                 =  -1.378865236746E+01 +/-   1.717379930600E-02
  > Utot/t                 =   7.006273976982E+00 +/-   1.625885567521E-02
* var[Eloc/t]              =   1.074889102606E+01 +/-   7.178259756765E-02
* Correlation length       =   1.021736886050E+00
* log10 Psi^2 range: -23.380793771753574 -- -10.726579092318428
* log10 Pgen range : -23.380793771753574 -- -10.726579092318428
* Site occupation (ave. no. electrons per config.):
  > Site_  ___eu____  ___ed____
      1        0.501      0.499
      2        0.500      0.500
      3        0.499      0.501
      4        0.502      0.498
      5        0.500      0.500
      6        0.497      0.502
      7        0.501      0.500
      8        0.499      0.500
      9        0.502      0.499
     10        0.498      0.501
     11        0.499      0.501
     12        0.500      0.499
     13        0.501      0.499
     14        0.499      0.502
     15        0.501      0.499
     16        0.500      0.501
     17        0.499      0.500
     18        0.501      0.499
* Pair-correlation analysis (ave. no. pairs per config.):
  > Shell  nsite  ___dh____  __eueu___  __eued___
      0      1        0          0          0.701
      1     18        0.656      8.270     27.140
      2     18        0.162     25.370     10.590
      3     18        0.144     25.086     10.894
      4     18        0.161     10.489     25.466
      5     18        0.035      2.785      6.209

Optimization #4:
* Method          : lls
* Target function : energy
* No. of configs. : 100096
* No. of params.  : 14
* Before optimization:
  -8.4127E+00   7.9726E-01   5.2177E-01   2.6073E-01   1.6377E-01   1.1823E-01
  -4.1668E-02  -6.2845E-02  -4.2110E-01  -4.5578E-01  -2.2619E-01  -2.5952E-01
  -3.9475E-02  -3.1017E-02
  > E    =  -6.765024311189E+00 +/-   1.031505184736E-02
  > varE =   1.065024388966E+01
* Computing derivatives.
  Done. [total walltime: 0.54s]
* Optimizing manipulation constant:
  #igrid a___________ E____________________________________ varE____________
     1     Infinity    -6.76502431E+00 +/-   1.03150518E-02   1.06502439E+01
     2     1.0000E+06  -6.76502568E+00 +/-   1.03150450E-02   1.06502298E+01
     3     2.1544E+05  -6.76503067E+00 +/-   1.03150201E-02   1.06501784E+01
     4     4.6416E+04  -6.76505383E+00 +/-   1.03149047E-02   1.06499400E+01
     5     1.0000E+04  -6.76516102E+00 +/-   1.03143707E-02   1.06488374E+01
     6     2.1544E+03  -6.76565265E+00 +/-   1.03119333E-02   1.06438051E+01
     7     4.6416E+02  -6.76781352E+00 +/-   1.03014525E-02   1.06221800E+01
     8     1.0000E+02  -6.77576990E+00 +/-   1.02666392E-02   1.05505069E+01
     9     2.1544E+01  -6.79255984E+00 +/-   1.02240883E-02   1.04632332E+01
    10     4.6416E+00  -6.80669370E+00 +/-   1.02602051E-02   1.05372870E+01
    11     1.0000E+00  -6.81617720E+00 +/-   1.03116257E-02   1.06431701E+01
    12     2.1544E-01  -6.82243908E+00 +/-   1.03305152E-02   1.06821995E+01
    13     4.6416E-02  -6.82449366E+00 +/-   1.03345637E-02   1.06905737E+01
    14     1.0000E-02  -6.82496886E+00 +/-   1.03353592E-02   1.06922197E+01
    15     2.1544E-03  -6.82507223E+00 +/-   1.03355248E-02   1.06925624E+01
    16     4.6416E-04  -6.82509454E+00 +/-   1.03355602E-02   1.06926356E+01
    17     1.0000E-04  -6.82509935E+00 +/-   1.03355678E-02   1.06926514E+01
    18     2.1544E-05  -6.82510039E+00 +/-   1.03355695E-02   1.06926547E+01
    19     4.6416E-06  -6.82510061E+00 +/-   1.03355698E-02   1.06926555E+01
    20     1.0000E-06  -6.82510066E+00 +/-   1.03355699E-02   1.06926556E+01
    21     0.0000E+00  -6.82510067E+00 +/-   1.03355699E-02   1.06926557E+01
* Iteration # 1: E =  -6.825100670170E+00 +/-   1.033556992669E-02
* Reached maximum number of iterations: exiting.
* After optimization:
  -9.1334E+00   8.4683E-01   5.6695E-01   2.4088E-01   1.0340E-01   6.8031E-02
  -7.4944E-02  -7.2541E-02  -4.8946E-01  -5.1657E-01  -2.3393E-01  -2.7945E-01
  -3.8384E-02  -3.6545E-02
  > Energy =  -6.825100670170E+00 +/-   1.033556992669E-02
  > varE =   1.069265567549E+01

VMC #5:
* Size of Hilbert space =   2.3639E+09
* Number of equil. steps   = 1000
* Running VMC equilibration.
  Done. [total walltime: 0.02s]
* Equil. acc.ratio (%)     =   5.8065
* Sample config after equilibration:
  +-----------+
  |  d   d   d|
  |u   0   2  |
  |  d   u   d|
  |u   u   u  |
  |  d   d   d|
  |u   u   u  |
  +-----------+
* Number of accum. steps   = 500480 x 10
* Running VMC accumulation.
  Done. [total walltime: 0.80s]
* Acceptance ratio (%)     =   5.6860
* Etot/t                   =  -6.833799528039E+00 +/-   4.819498859822E-03
  > Ttot/t                 =  -1.367283405487E+01 +/-   1.713501125878E-02
  > Utot/t                 =   6.839034526854E+00 +/-   1.637171885930E-02
* var[Eloc/t]              =   1.095294098189E+01 +/-   6.602246086730E-02
* Correlation length       =   1.061352734611E+00
* log10 Psi^2 range: -25.216190289948365 -- -13.373224970930362
* log10 Pgen range : -25.216190289948365 -- -13.373224970930362
* Site occupation (ave. no. electrons per config.):
  > Site_  ___eu____  ___ed____
      1        0.497      0.502
      2        0.504      0.496
      3        0.496      0.502
      4        0.503      0.497
      5        0.497      0.503
      6        0.503      0.498
      7        0.506      0.496
      8        0.497      0.504
      9        0.502      0.498
     10        0.496      0.501
     11        0.502      0.498
     12        0.496      0.503
     13        0.497      0.503
     14        0.502      0.496
     15        0.498      0.503
     16        0.505      0.496
     17        0.496      0.505
     18        0.503      0.497
* Pair-correlation analysis (ave. no. pairs per config.):
  > Shell  nsite  ___dh____  __eueu___  __eued___
      0      1        0          0          0.682
      1     18        0.642      7.127     28.288
      2     18        0.144     26.775      9.182
      3     18        0.127     26.583      9.392
      4     18        0.130      9.123     26.852
      5     18        0.028      2.393      6.606

Optimization #5:
* Method          : lls
* Target function : energy
* No. of configs. : 100096
* No. of params.  : 14
* Before optimization:
  -9.1334E+00   8.4683E-01   5.6695E-01   2.4088E-01   1.0340E-01   6.8031E-02
  -7.4944E-02  -7.2541E-02  -4.8946E-01  -5.1657E-01  -2.3393E-01  -2.7945E-01
  -3.8384E-02  -3.6545E-02
  > E    =  -6.832190171423E+00 +/-   1.047779279778E-02
  > varE =   1.098895346895E+01
* Computing derivatives.
  Done. [total walltime: 0.55s]
* Optimizing manipulation constant:
  #igrid a___________ E____________________________________ varE____________
     1     Infinity    -6.83219017E+00 +/-   1.04777928E-02   1.09889535E+01
     2     1.0000E+06  -6.83219029E+00 +/-   1.04777936E-02   1.09889552E+01
     3     2.1544E+05  -6.83219074E+00 +/-   1.04777966E-02   1.09889615E+01
     4     4.6416E+04  -6.83219282E+00 +/-   1.04778106E-02   1.09889909E+01
     5     1.0000E+04  -6.83220246E+00 +/-   1.04778756E-02   1.09891272E+01
     6     2.1544E+03  -6.83224668E+00 +/-   1.04781765E-02   1.09897584E+01
     7     4.6416E+02  -6.83244139E+00 +/-   1.04795583E-02   1.09926571E+01
     8     1.0000E+02  -6.83316506E+00 +/-   1.04855835E-02   1.10053011E+01
     9     2.1544E+01  -6.83478731E+00 +/-   1.05052507E-02   1.10466239E+01
    10     4.6416E+00  -6.83689144E+00 +/-   1.05334976E-02   1.11061088E+01
    11     1.0000E+00  -6.84015681E+00 +/-   1.05493264E-02   1.11395124E+01
    12     2.1544E-01  -6.84293633E+00 +/-   1.05538165E-02   1.11489971E+01
    13     4.6416E-02  -6.84387041E+00 +/-   1.05542629E-02   1.11499402E+01
    14     1.0000E-02  -6.84408428E+00 +/-   1.05542564E-02   1.11499264E+01
    15     2.1544E-03  -6.84413057E+00 +/-   1.05542479E-02   1.11499084E+01
    16     4.6416E-04  -6.84414055E+00 +/-   1.05542457E-02   1.11499038E+01
    17     1.0000E-04  -6.84414270E+00 +/-   1.05542452E-02   1.11499028E+01
    18     2.1544E-05  -6.84414317E+00 +/-   1.05542451E-02   1.11499025E+01
    19     4.6416E-06  -6.84414327E+00 +/-   1.05542450E-02   1.11499025E+01
    20     1.0000E-06  -6.84414329E+00 +/-   1.05542450E-02   1.11499025E+01
    21     0.0000E+00  -6.84414329E+00 +/-   1.05542450E-02   1.11499025E+01
* Iteration # 1: E =  -6.844143292995E+00 +/-   1.055424504152E-02
* Reached maximum number of iterations: exiting.
* After optimization:
  -8.9265E+00   8.1623E-01   5.5049E-01   2.2623E-01   6.6190E-02   4.8089E-02
  -7.2026E-02  -4.9559E-02  -4.9475E-01  -5.1451E-01  -2.2909E-01  -2.8086E-01
  -3.6129E-02  -3.5685E-02
  > Energy =  -6.844143292995E+00 +/-   1.055424504152E-02
  > varE =   1.114990248013E+01

VMC #6:
* Size of Hilbert space =   2.3639E+09
* Number of equil. steps   = 1000
* Running VMC equilibration.
  Done. [total walltime: 0.02s]
* Equil. acc.ratio (%)     =   5.5341
* Sample config after equilibration:
  +-----------+
  |  d   d   d|
  |u   u   u  |
  |  d   d   u|
  |u   u   d  |
  |  d   d   d|
  |u   u   u  |
  +-----------+
* Number of accum. steps   = 500480 x 10
* Running VMC accumulation.
  Done. [total walltime: 0.83s]
* Acceptance ratio (%)     =   5.4354
* Etot/t                   =  -6.847247494703E+00 +/-   4.775932004739E-03
  > Ttot/t                 =  -1.350937185534E+01 +/-   1.768787236579E-02
  > Utot/t                 =   6.662124360614E+00 +/-   1.674288797406E-02
* var[Eloc/t]              =   1.126185506971E+01 +/-   1.133372634530E-01
* Correlation length       =   1.013661759897E+00
* log10 Psi^2 range: -25.766453383056383 -- -12.564417862844916
* log10 Pgen range : -25.766453383056383 -- -12.564417862844916
* Site occupation (ave. no. electrons per config.):
  > Site_  ___eu____  ___ed____
      1        0.502      0.497
      2        0.496      0.503
      3        0.501      0.498
      4        0.496      0.502
      5        0.505      0.496
      6        0.496      0.503
      7        0.497      0.504
      8        0.504      0.496
      9        0.495      0.504
     10        0.505      0.498
     11        0.495      0.503
     12        0.503      0.495
     13        0.506      0.495
     14        0.496      0.504
     15        0.505      0.495
     16        0.497      0.504
     17        0.503      0.497
     18        0.496      0.504
* Pair-correlation analysis (ave. no. pairs per config.):
  > Shell  nsite  ___dh____  __eueu___  __eued___
      0      1        0          0          0.665
      1     18        0.630      6.285     29.140
      2     18        0.136     27.830      8.127
      3     18        0.121     27.681      8.293
      4     18        0.119      8.091     27.889
      5     18        0.026      2.113      6.885

Optimization #6:
* Method          : lls
* Target function : energy
* No. of configs. : 100096
* No. of params.  : 14
* Before optimization:
  -8.9265E+00   8.1623E-01   5.5049E-01   2.2623E-01   6.6190E-02   4.8089E-02
  -7.2026E-02  -4.9559E-02  -4.9475E-01  -5.1451E-01  -2.2909E-01  -2.8086E-01
  -3.6129E-02  -3.5685E-02
  > E    =  -6.849924425720E+00 +/-   1.087534643950E-02
  > varE =   1.183867024129E+01
* Computing derivatives.
  Done. [total walltime: 0.58s]
* Optimizing manipulation constant:
  #igrid a___________ E____________________________________ varE____________
     1     Infinity    -6.84992443E+00 +/-   1.08753464E-02   1.18386702E+01
     2     1.0000E+06  -6.84992448E+00 +/-   1.08753463E-02   1.18386699E+01
     3     2.1544E+05  -6.84992466E+00 +/-   1.08753457E-02   1.18386685E+01
     4     4.6416E+04  -6.84992551E+00 +/-   1.08753428E-02   1.18386623E+01
     5     1.0000E+04  -6.84992943E+00 +/-   1.08753295E-02   1.18386334E+01
     6     2.1544E+03  -6.84994748E+00 +/-   1.08752681E-02   1.18384996E+01
     7     4.6416E+02  -6.85002807E+00 +/-   1.08749869E-02   1.18378876E+01
     8     1.0000E+02  -6.85034487E+00 +/-   1.08737455E-02   1.18351851E+01
     9     2.1544E+01  -6.85118443E+00 +/-   1.08686773E-02   1.18241548E+01
    10     4.6416E+00  -6.85231042E+00 +/-   1.08553200E-02   1.17951097E+01
    11     1.0000E+00  -6.85324126E+00 +/-   1.08440243E-02   1.17705751E+01
    12     2.1544E-01  -6.85386964E+00 +/-   1.08409712E-02   1.17639483E+01
    13     4.6416E-02  -6.85410823E+00 +/-   1.08404556E-02   1.17628292E+01
    14     1.0000E-02  -6.85416863E+00 +/-   1.08403594E-02   1.17626205E+01
    15     2.1544E-03  -6.85418214E+00 +/-   1.08403395E-02   1.17625773E+01
    16     4.6416E-04  -6.85418507E+00 +/-   1.08403353E-02   1.17625681E+01
    17     1.0000E-04  -6.85418570E+00 +/-   1.08403343E-02   1.17625661E+01
    18     2.1544E-05  -6.85418584E+00 +/-   1.08403341E-02   1.17625657E+01
    19     4.6416E-06  -6.85418587E+00 +/-   1.08403341E-02   1.17625656E+01
    20     1.0000E-06  -6.85418587E+00 +/-   1.08403341E-02   1.17625656E+01
    21     0.0000E+00  -6.85418587E+00 +/-   1.08403341E-02   1.17625655E+01
* Iteration # 1: E =  -6.854185874474E+00 +/-   1.084033408790E-02
* Reached maximum number of iterations: exiting.
* After optimization:
  -8.6199E+00   7.8756E-01   5.2602E-01   2.1615E-01   5.6575E-02   4.0486E-02
  -8.2504E-02  -3.3222E-02  -4.9509E-01  -4.9186E-01  -2.2860E-01  -2.7867E-01
  -2.6322E-02  -1.7255E-02
  > Energy =  -6.854185874474E+00 +/-   1.084033408790E-02
  > varE =   1.176256554667E+01

VMC #7:
* Size of Hilbert space =   2.3639E+09
* Number of equil. steps   = 1000
* Running VMC equilibration.
  Done. [total walltime: 0.02s]
* Equil. acc.ratio (%)     =   5.8194
* Sample config after equilibration:
  +-----------+
  |  2   2   u|
  |u   d   u  |
  |  u   d   d|
  |u   u   d  |
  |  d   d   d|
  |0   0   u  |
  +-----------+
* Number of accum. steps   = 500480 x 10
* Running VMC accumulation.
  Done. [total walltime: 0.83s]
* Acceptance ratio (%)     =   5.5756
* Etot/t                   =  -6.840238105790E+00 +/-   4.667183554572E-03
  > Ttot/t                 =  -1.365529565054E+01 +/-   1.713623396780E-02
  > Utot/t                 =   6.815057544757E+00 +/-   1.649814561910E-02
* var[Eloc/t]              =   1.073473913957E+01 +/-   1.097978019192E-01
* Correlation length       =   1.015558615204E+00
* log10 Psi^2 range: -23.703466702123848 -- -11.699663758324837
* log10 Pgen range : -23.703466702123848 -- -11.699663758324837
* Site occupation (ave. no. electrons per config.):
  > Site_  ___eu____  ___ed____
      1        0.501      0.498
      2        0.500      0.502
      3        0.500      0.499
      4        0.500      0.500
      5        0.499      0.501
      6        0.501      0.499
      7        0.498      0.501
      8        0.501      0.499
      9        0.499      0.501
     10        0.499      0.500
     11        0.500      0.501
     12        0.501      0.500
     13        0.501      0.500
     14        0.500      0.501
     15        0.501      0.500
     16        0.497      0.502
     17        0.503      0.496
     18        0.499      0.501
* Pair-correlation analysis (ave. no. pairs per config.):
  > Shell  nsite  ___dh____  __eueu___  __eued___
      0      1        0          0          0.681
      1     18        0.642      6.095     29.321
      2     18        0.140     28.053      7.900
      3     18        0.124     27.937      8.036
      4     18        0.124      7.866     28.113
      5     18        0.027      2.049      6.948

Optimization #7:
* Method          : lls
* Target function : energy
* No. of configs. : 100096
* No. of params.  : 14
* Before optimization:
  -8.6199E+00   7.8756E-01   5.2602E-01   2.1615E-01   5.6575E-02   4.0486E-02
  -8.2504E-02  -3.3222E-02  -4.9509E-01  -4.9186E-01  -2.2860E-01  -2.7867E-01
  -2.6322E-02  -1.7255E-02
  > E    =  -6.824036752865E+00 +/-   1.019750480746E-02
  > varE =   1.040889338383E+01
* Computing derivatives.
  Done. [total walltime: 0.56s]
* Optimizing manipulation constant:
  #igrid a___________ E____________________________________ varE____________
     1     Infinity    -6.82403675E+00 +/-   1.01975048E-02   1.04088934E+01
     2     1.0000E+06  -6.82403678E+00 +/-   1.01975054E-02   1.04088947E+01
     3     2.1544E+05  -6.82403689E+00 +/-   1.01975078E-02   1.04088995E+01
     4     4.6416E+04  -6.82403741E+00 +/-   1.01975186E-02   1.04089216E+01
     5     1.0000E+04  -6.82403979E+00 +/-   1.01975689E-02   1.04090242E+01
     6     2.1544E+03  -6.82405068E+00 +/-   1.01978015E-02   1.04094992E+01
     7     4.6416E+02  -6.82409835E+00 +/-   1.01988682E-02   1.04116769E+01
     8     1.0000E+02  -6.82427001E+00 +/-   1.02035169E-02   1.04211704E+01
     9     2.1544E+01  -6.82460027E+00 +/-   1.02193428E-02   1.04535225E+01
    10     4.6416E+00  -6.82482263E+00 +/-   1.02452492E-02   1.05065898E+01
    11     1.0000E+00  -6.82506880E+00 +/-   1.02560073E-02   1.05286663E+01
    12     2.1544E-01  -6.82529129E+00 +/-   1.02510875E-02   1.05185676E+01
    13     4.6416E-02  -6.82535042E+00 +/-   1.02471169E-02   1.05104208E+01
    14     1.0000E-02  -6.82536097E+00 +/-   1.02459377E-02   1.05080019E+01
    15     2.1544E-03  -6.82536303E+00 +/-   1.02456642E-02   1.05074409E+01
    16     4.6416E-04  -6.82536346E+00 +/-   1.02456043E-02   1.05073181E+01
    17     1.0000E-04  -6.82536355E+00 +/-   1.02455913E-02   1.05072915E+01
    18     2.1544E-05  -6.82536357E+00 +/-   1.02455886E-02   1.05072858E+01
    19     4.6416E-06  -6.82536358E+00 +/-   1.02455880E-02   1.05072846E+01
    20     1.0000E-06  -6.82536358E+00 +/-   1.02455878E-02   1.05072843E+01
    21     0.0000E+00  -6.82536358E+00 +/-   1.02455878E-02   1.05072842E+01
* Iteration # 1: E =  -6.825363578373E+00 +/-   1.024558778529E-02
* Reached maximum number of iterations: exiting.
* After optimization:
  -9.6509E+00   8.6267E-01   5.9683E-01   2.5398E-01   8.5376E-02   5.2412E-02
  -1.2320E-01  -6.8415E-02  -5.3666E-01  -5.3500E-01  -2.4422E-01  -2.9782E-01
  -5.3584E-02  -4.8370E-02
  > Energy =  -6.825363578373E+00 +/-   1.024558778529E-02
  > varE =   1.050728422524E+01

VMC #8:
* Size of Hilbert space =   2.3639E+09
* Number of equil. steps   = 1000
* Running VMC equilibration.
  Done. [total walltime: 0.02s]
* Equil. acc.ratio (%)     =   5.6704
* Sample config after equilibration:
  +-----------+
  |  u   u   u|
  |d   d   d  |
  |  u   u   u|
  |d   d   d  |
  |  u   u   u|
  |d   d   d  |
  +-----------+
* Number of accum. steps   = 500480 x 10
* Running VMC accumulation.
  Done. [total walltime: 0.83s]
* Acceptance ratio (%)     =   5.3151
* Etot/t                   =  -6.847735420740E+00 +/-   4.792593178588E-03
  > Ttot/t                 =  -1.345125604093E+01 +/-   1.773754807292E-02
  > Utot/t                 =   6.603520620205E+00 +/-   1.682633864731E-02
* var[Eloc/t]              =   1.112917097798E+01 +/-   1.297067740972E-01
* Correlation length       =   1.032916091070E+00
* log10 Psi^2 range: -27.649124924031685 -- -15.449212719304244
* log10 Pgen range : -27.649124924031685 -- -15.449212719304244
* Site occupation (ave. no. electrons per config.):
  > Site_  ___eu____  ___ed____
      1        0.496      0.504
      2        0.502      0.497
      3        0.497      0.502
      4        0.503      0.497
      5        0.500      0.500
      6        0.502      0.499
      7        0.503      0.498
      8        0.498      0.503
      9        0.502      0.499
     10        0.498      0.502
     11        0.502      0.498
     12        0.497      0.504
     13        0.496      0.502
     14        0.502      0.499
     15        0.498      0.501
     16        0.504      0.496
     17        0.499      0.500
     18        0.502      0.499
* Pair-correlation analysis (ave. no. pairs per config.):
  > Shell  nsite  ___dh____  __eueu___  __eued___
      0      1        0          0          0.661
      1     18        0.628      5.722     29.704
      2     18        0.130     28.520      7.439
      3     18        0.119     28.424      7.549
      4     18        0.114      7.411     28.571
      5     18        0.025      1.924      7.075

Optimization #8:
* Method          : lls
* Target function : energy
* No. of configs. : 100096
* No. of params.  : 14
* Before optimization:
  -9.6509E+00   8.6267E-01   5.9683E-01   2.5398E-01   8.5376E-02   5.2412E-02
  -1.2320E-01  -6.8415E-02  -5.3666E-01  -5.3500E-01  -2.4422E-01  -2.9782E-01
  -5.3584E-02  -4.8370E-02
  > E    =  -6.838218553460E+00 +/-   1.045221527368E-02
  > varE =   1.093536829792E+01
* Computing derivatives.
  Done. [total walltime: 0.58s]
* Optimizing manipulation constant:
  #igrid a___________ E____________________________________ varE____________
     1     Infinity    -6.83821855E+00 +/-   1.04522153E-02   1.09353683E+01
     2     1.0000E+06  -6.83821858E+00 +/-   1.04522154E-02   1.09353685E+01
     3     2.1544E+05  -6.83821867E+00 +/-   1.04522156E-02   1.09353690E+01
     4     4.6416E+04  -6.83821909E+00 +/-   1.04522169E-02   1.09353717E+01
     5     1.0000E+04  -6.83822102E+00 +/-   1.04522229E-02   1.09353843E+01
     6     2.1544E+03  -6.83822991E+00 +/-   1.04522508E-02   1.09354427E+01
     7     4.6416E+02  -6.83826917E+00 +/-   1.04523809E-02   1.09357149E+01
     8     1.0000E+02  -6.83841669E+00 +/-   1.04529706E-02   1.09369489E+01
     9     2.1544E+01  -6.83875704E+00 +/-   1.04548334E-02   1.09408472E+01
    10     4.6416E+00  -6.83911899E+00 +/-   1.04564230E-02   1.09441744E+01
    11     1.0000E+00  -6.83927806E+00 +/-   1.04570690E-02   1.09455268E+01
    12     2.1544E-01  -6.83928963E+00 +/-   1.04580437E-02   1.09475674E+01
    13     4.6416E-02  -6.83928332E+00 +/-   1.04585224E-02   1.09485697E+01
    14     1.0000E-02  -6.83928107E+00 +/-   1.04586528E-02   1.09488426E+01
    15     2.1544E-03  -6.83928053E+00 +/-   1.04586825E-02   1.09489048E+01
    16     4.6416E-04  -6.83928042E+00 +/-   1.04586889E-02   1.09489183E+01
    17     1.0000E-04  -6.83928039E+00 +/-   1.04586903E-02   1.09489212E+01
    18     2.1544E-05  -6.83928038E+00 +/-   1.04586906E-02   1.09489219E+01
    19     4.6416E-06  -6.83928038E+00 +/-   1.04586907E-02   1.09489220E+01
    20     1.0000E-06  -6.83928038E+00 +/-   1.04586907E-02   1.09489220E+01
    21     0.0000E+00  -6.83928038E+00 +/-   1.04586907E-02   1.09489220E+01
* Iteration # 1: E =  -6.839289627924E+00 +/-   1.045804369544E-02
* Reached maximum number of iterations: exiting.
* After optimization:
  -9.0913E+00   8.2807E-01   5.6097E-01   2.2688E-01   5.1226E-02   5.1626E-02
  -9.7919E-02  -5.2918E-02  -5.1358E-01  -5.1836E-01  -2.3325E-01  -2.9895E-01
  -2.4649E-02  -3.1310E-02
  > Energy =  -6.839289627924E+00 +/-   1.045804369544E-02
  > varE =   1.094756737866E+01

VMC #9:
* Size of Hilbert space =   2.3639E+09
* Number of equil. steps   = 1000
* Running VMC equilibration.
  Done. [total walltime: 0.02s]
* Equil. acc.ratio (%)     =   5.6383
* Sample config after equilibration:
  +-----------+
  |  d   u   u|
  |d   d   u  |
  |  u   d   u|
  |u   d   u  |
  |  d   u   d|
  |u   d   d  |
  +-----------+
* Number of accum. steps   = 500480 x 10
* Running VMC accumulation.
  Done. [total walltime: 0.83s]
* Acceptance ratio (%)     =   5.3740
* Etot/t                   =  -6.852752170761E+00 +/-   4.790414240829E-03
  > Ttot/t                 =  -1.352578605822E+01 +/-   1.773549336724E-02
  > Utot/t                 =   6.673033887468E+00 +/-   1.700233406454E-02
* var[Eloc/t]              =   1.113332568304E+01 +/-   1.519471203281E-01
* Correlation length       =   1.031591969845E+00
* log10 Psi^2 range: -25.634352335657283 -- -13.393604300392782
* log10 Pgen range : -25.634352335657283 -- -13.393604300392782
* Site occupation (ave. no. electrons per config.):
  > Site_  ___eu____  ___ed____
      1        0.503      0.496
      2        0.498      0.503
      3        0.502      0.498
      4        0.499      0.501
      5        0.503      0.497
      6        0.498      0.501
      7        0.498      0.503
      8        0.502      0.498
      9        0.497      0.504
     10        0.503      0.498
     11        0.496      0.504
     12        0.502      0.499
     13        0.502      0.499
     14        0.498      0.501
     15        0.503      0.497
     16        0.499      0.502
     17        0.503      0.498
     18        0.497      0.502
* Pair-correlation analysis (ave. no. pairs per config.):
  > Shell  nsite  ___dh____  __eueu___  __eued___
      0      1        0          0          0.667
      1     18        0.634      5.742     29.679
      2     18        0.136     28.490      7.463
      3     18        0.116     28.414      7.563
      4     18        0.115      7.437     28.549
      5     18        0.027      1.918      7.079

Optimization #9:
* Method          : lls
* Target function : energy
* No. of configs. : 100096
* No. of params.  : 14
* Before optimization:
  -9.0913E+00   8.2807E-01   5.6097E-01   2.2688E-01   5.1226E-02   5.1626E-02
  -9.7919E-02  -5.2918E-02  -5.1358E-01  -5.1836E-01  -2.3325E-01  -2.9895E-01
  -2.4649E-02  -3.1310E-02
  > E    =  -6.845508791314E+00 +/-   1.037071605450E-02
  > varE =   1.076550011644E+01
* Computing derivatives.
  Done. [total walltime: 0.58s]
* Optimizing manipulation constant:
  #igrid a___________ E____________________________________ varE____________
     1     Infinity    -6.84550879E+00 +/-   1.03707161E-02   1.07655001E+01
     2     1.0000E+06  -6.84550883E+00 +/-   1.03707164E-02   1.07655009E+01
     3     2.1544E+05  -6.84550896E+00 +/-   1.03707178E-02   1.07655037E+01
     4     4.6416E+04  -6.84550959E+00 +/-   1.03707241E-02   1.07655169E+01
     5     1.0000E+04  -6.84551250E+00 +/-   1.03707536E-02   1.07655781E+01
     6     2.1544E+03  -6.84552583E+00 +/-   1.03708900E-02   1.07658612E+01
     7     4.6416E+02  -6.84558418E+00 +/-   1.03715143E-02   1.07671574E+01
     8     1.0000E+02  -6.84579544E+00 +/-   1.03742057E-02   1.07727462E+01
     9     2.1544E+01  -6.84621467E+00 +/-   1.03826781E-02   1.07903494E+01
    10     4.6416E+00  -6.84651311E+00 +/-   1.03932292E-02   1.08122912E+01
    11     1.0000E+00  -6.84662269E+00 +/-   1.03957873E-02   1.08176143E+01
    12     2.1544E-01  -6.84666751E+00 +/-   1.03941660E-02   1.08142405E+01
    13     4.6416E-02  -6.84668310E+00 +/-   1.03931180E-02   1.08120598E+01
    14     1.0000E-02  -6.84668691E+00 +/-   1.03928191E-02   1.08114379E+01
    15     2.1544E-03  -6.84668775E+00 +/-   1.03927504E-02   1.08112949E+01
    16     4.6416E-04  -6.84668793E+00 +/-   1.03927354E-02   1.08112637E+01
    17     1.0000E-04  -6.84668797E+00 +/-   1.03927321E-02   1.08112569E+01
    18     2.1544E-05  -6.84668798E+00 +/-   1.03927314E-02   1.08112555E+01
    19     4.6416E-06  -6.84668798E+00 +/-   1.03927313E-02   1.08112552E+01
    20     1.0000E-06  -6.84668798E+00 +/-   1.03927312E-02   1.08112551E+01
    21     0.0000E+00  -6.84668798E+00 +/-   1.03927312E-02   1.08112551E+01
* Iteration # 1: E =  -6.846687980643E+00 +/-   1.039273122376E-02
* Reached maximum number of iterations: exiting.
* After optimization:
  -9.3145E+00   8.4715E-01   5.9225E-01   2.2909E-01   5.4798E-02   3.8673E-02
  -1.2180E-01  -5.5323E-02  -5.4274E-01  -5.2355E-01  -2.2641E-01  -2.7824E-01
  -4.9909E-02  -3.2580E-02
  > Energy =  -6.846687980643E+00 +/-   1.039273122376E-02
  > varE =   1.081125507971E+01

VMC #10:
* Size of Hilbert space =   2.3639E+09
* Number of equil. steps   = 1000
* Running VMC equilibration.
  Done. [total walltime: 0.02s]
* Equil. acc.ratio (%)     =   5.5454
* Sample config after equilibration:
  +-----------+
  |  2   0   u|
  |d   d   d  |
  |  u   u   u|
  |d   d   d  |
  |  u   u   u|
  |d   d   u  |
  +-----------+
* Number of accum. steps   = 500480 x 10
* Running VMC accumulation.
  Done. [total walltime: 0.83s]
* Acceptance ratio (%)     =   5.3832
* Etot/t                   =  -6.846146582208E+00 +/-   4.746008335188E-03
  > Ttot/t                 =  -1.356891272671E+01 +/-   1.698058624388E-02
  > Utot/t                 =   6.722766144501E+00 +/-   1.641165390494E-02
* var[Eloc/t]              =   1.143937831883E+01 +/-   1.505729449219E-01
* Correlation length       =   9.854652106345E-01
* log10 Psi^2 range: -27.232213116628312 -- -14.348203592029691
* log10 Pgen range : -27.232213116628312 -- -14.348203592029691
* Site occupation (ave. no. electrons per config.):
  > Site_  ___eu____  ___ed____
      1        0.500      0.500
      2        0.500      0.500
      3        0.500      0.499
      4        0.498      0.501
      5        0.501      0.499
      6        0.500      0.500
      7        0.500      0.499
      8        0.500      0.500
      9        0.499      0.501
     10        0.503      0.499
     11        0.499      0.501
     12        0.499      0.502
     13        0.502      0.498
     14        0.498      0.504
     15        0.502      0.498
     16        0.498      0.500
     17        0.499      0.501
     18        0.501      0.499
* Pair-correlation analysis (ave. no. pairs per config.):
  > Shell  nsite  ___dh____  __eueu___  __eued___
      0      1        0          0          0.674
      1     18        0.644      5.685     29.728
      2     18        0.137     28.565      7.388
      3     18        0.124     28.501      7.472
      4     18        0.116      7.344     28.642
      5     18        0.026      1.905      7.096

Optimization #10:
* Method          : lls
* Target function : energy
* No. of configs. : 100096
* No. of params.  : 14
* Before optimization:
  -9.3145E+00   8.4715E-01   5.9225E-01   2.2909E-01   5.4798E-02   3.8673E-02
  -1.2180E-01  -5.5323E-02  -5.4274E-01  -5.2355E-01  -2.2641E-01  -2.7824E-01
  -4.9909E-02  -3.2580E-02
  > E    =  -6.846350733090E+00 +/-   1.069532614518E-02
  > varE =   1.144998157530E+01
* Computing derivatives.
  Done. [total walltime: 0.59s]
* Optimizing manipulation constant:
  #igrid a___________ E____________________________________ varE____________
     1     Infinity    -6.84635073E+00 +/-   1.06953261E-02   1.14499816E+01
     2     1.0000E+06  -6.84635078E+00 +/-   1.06953246E-02   1.14499782E+01
     3     2.1544E+05  -6.84635095E+00 +/-   1.06953189E-02   1.14499660E+01
     4     4.6416E+04  -6.84635175E+00 +/-   1.06952924E-02   1.14499093E+01
     5     1.0000E+04  -6.84635543E+00 +/-   1.06951696E-02   1.14496464E+01
     6     2.1544E+03  -6.84637235E+00 +/-   1.06946040E-02   1.14484355E+01
     7     4.6416E+02  -6.84644695E+00 +/-   1.06920670E-02   1.14430044E+01
     8     1.0000E+02  -6.84672508E+00 +/-   1.06818910E-02   1.14212333E+01
     9     2.1544E+01  -6.84732886E+00 +/-   1.06535489E-02   1.13607063E+01
    10     4.6416E+00  -6.84780047E+00 +/-   1.06147376E-02   1.12780819E+01
    11     1.0000E+00  -6.84794518E+00 +/-   1.05900572E-02   1.12256975E+01
    12     2.1544E-01  -6.84799281E+00 +/-   1.05801361E-02   1.12046741E+01
    13     4.6416E-02  -6.84800491E+00 +/-   1.05771001E-02   1.11982446E+01
    14     1.0000E-02  -6.84800728E+00 +/-   1.05763603E-02   1.11966783E+01
    15     2.1544E-03  -6.84800776E+00 +/-   1.05761960E-02   1.11963303E+01
    16     4.6416E-04  -6.84800787E+00 +/-   1.05761603E-02   1.11962549E+01
    17     1.0000E-04  -6.84800789E+00 +/-   1.05761527E-02   1.11962386E+01
    18     2.1544E-05  -6.84800789E+00 +/-   1.05761510E-02   1.11962351E+01
    19     4.6416E-06  -6.84800789E+00 +/-   1.05761506E-02   1.11962343E+01
    20     1.0000E-06  -6.84800789E+00 +/-   1.05761506E-02   1.11962341E+01
    21     0.0000E+00  -6.84800789E+00 +/-   1.05761505E-02   1.11962341E+01
* Iteration # 1: E =  -6.848007894636E+00 +/-   1.057615053873E-02
* Reached maximum number of iterations: exiting.
* After optimization:
  -8.8011E+00   8.0028E-01   5.4596E-01   2.0725E-01   5.4776E-02   3.2455E-02
  -1.0842E-01  -4.4603E-02  -5.1044E-01  -5.0140E-01  -2.1336E-01  -2.7178E-01
  -3.4300E-02  -2.9051E-02
  > Energy =  -6.848007894636E+00 +/-   1.057615053873E-02
  > varE =   1.119623409797E+01

VMC #11:
* Size of Hilbert space =   2.3639E+09
* Number of equil. steps   = 1000
* Running VMC equilibration.
  Done. [total walltime: 0.02s]
* Equil. acc.ratio (%)     =   5.5424
* Sample config after equilibration:
  +-----------+
  |  u   u   u|
  |d   d   d  |
  |  u   u   u|
  |u   d   d  |
  |  d   u   u|
  |d   d   d  |
  +-----------+
* Number of accum. steps   = 500480 x 10
* Running VMC accumulation.
  Done. [total walltime: 0.83s]
* Acceptance ratio (%)     =   5.4364
* Etot/t                   =  -6.842600408744E+00 +/-   4.778028271369E-03
  > Ttot/t                 =  -1.356666530641E+01 +/-   1.811946523959E-02
  > Utot/t                 =   6.724064897698E+00 +/-   1.733062319681E-02
* var[Eloc/t]              =   1.070911714284E+01 +/-   1.463253725069E-01
* Correlation length       =   1.066916638842E+00
* log10 Psi^2 range: -24.905067673368933 -- -12.181218188450890
* log10 Pgen range : -24.905067673368933 -- -12.181218188450890
* Site occupation (ave. no. electrons per config.):
  > Site_  ___eu____  ___ed____
      1        0.498      0.503
      2        0.502      0.498
      3        0.498      0.503
      4        0.502      0.498
      5        0.498      0.503
      6        0.504      0.496
      7        0.504      0.495
      8        0.496      0.503
      9        0.502      0.498
     10        0.498      0.503
     11        0.503      0.497
     12        0.496      0.503
     13        0.497      0.504
     14        0.504      0.498
     15        0.498      0.502
     16        0.503      0.497
     17        0.499      0.501
     18        0.501      0.499
* Pair-correlation analysis (ave. no. pairs per config.):
  > Shell  nsite  ___dh____  __eueu___  __eued___
      0      1        0          0          0.671
      1     18        0.636      5.536     29.883
      2     18        0.133     28.754      7.203
      3     18        0.122     28.680      7.293
      4     18        0.120      7.176     28.804
      5     18        0.027      1.854      7.145

Optimization #11:
* Method          : lls
* Target function : energy
* No. of configs. : 100096
* No. of params.  : 14
* Before optimization:
  -8.8011E+00   8.0028E-01   5.4596E-01   2.0725E-01   5.4776E-02   3.2455E-02
  -1.0842E-01  -4.4603E-02  -5.1044E-01  -5.0140E-01  -2.1336E-01  -2.7178E-01
  -3.4300E-02  -2.9051E-02
  > E    =  -6.834351127459E+00 +/-   1.027917833282E-02
  > varE =   1.057629422448E+01
* Computing derivatives.
  Done. [total walltime: 0.59s]
* Optimizing manipulation constant:
  #igrid a___________ E____________________________________ varE____________
     1     Infinity    -6.83435113E+00 +/-   1.02791783E-02   1.05762942E+01
     2     1.0000E+06  -6.83435115E+00 +/-   1.02791791E-02   1.05762957E+01
     3     2.1544E+05  -6.83435125E+00 +/-   1.02791817E-02   1.05763011E+01
     4     4.6416E+04  -6.83435167E+00 +/-   1.02791939E-02   1.05763262E+01
     5     1.0000E+04  -6.83435366E+00 +/-   1.02792503E-02   1.05764424E+01
     6     2.1544E+03  -6.83436274E+00 +/-   1.02795112E-02   1.05769792E+01
     7     4.6416E+02  -6.83440265E+00 +/-   1.02806942E-02   1.05794138E+01
     8     1.0000E+02  -6.83454872E+00 +/-   1.02856452E-02   1.05896060E+01
     9     2.1544E+01  -6.83484538E+00 +/-   1.03009615E-02   1.06211672E+01
    10     4.6416E+00  -6.83502725E+00 +/-   1.03244394E-02   1.06696378E+01
    11     1.0000E+00  -6.83502057E+00 +/-   1.03402492E-02   1.07023398E+01
    12     2.1544E-01  -6.83499170E+00 +/-   1.03469371E-02   1.07161885E+01
    13     4.6416E-02  -6.83498053E+00 +/-   1.03490389E-02   1.07205424E+01
    14     1.0000E-02  -6.83497764E+00 +/-   1.03495538E-02   1.07216092E+01
    15     2.1544E-03  -6.83497699E+00 +/-   1.03496683E-02   1.07218465E+01
    16     4.6416E-04  -6.83497685E+00 +/-   1.03496931E-02   1.07218979E+01
    17     1.0000E-04  -6.83497682E+00 +/-   1.03496985E-02   1.07219090E+01
    18     2.1544E-05  -6.83497681E+00 +/-   1.03496996E-02   1.07219114E+01
    19     4.6416E-06  -6.83497681E+00 +/-   1.03496999E-02   1.07219119E+01
    20     1.0000E-06  -6.83497681E+00 +/-   1.03496999E-02   1.07219121E+01
    21     0.0000E+00  -6.83497681E+00 +/-   1.03497000E-02   1.07219121E+01
  ParMin   3.5582E+00  -6.83503434E+00 +/-   1.03279986E-02   1.06769955E+01
  # Using grid point #10
* Iteration # 1: E =  -6.835027250602E+00 +/-   1.032443935461E-02
* Reached maximum number of iterations: exiting.
* After optimization:
  -8.7855E+00   8.0039E-01   5.4354E-01   2.1152E-01   4.5292E-02   2.8363E-02
  -1.0146E-01  -3.6138E-02  -5.0927E-01  -4.9801E-01  -2.1852E-01  -2.7300E-01
  -4.0761E-02  -3.0637E-02
  > Energy =  -6.835027250602E+00 +/-   1.032443935461E-02
  > varE =   1.066963782730E+01

VMC #12:
* Size of Hilbert space =   2.3639E+09
* Number of equil. steps   = 1000
* Running VMC equilibration.
  Done. [total walltime: 0.02s]
* Equil. acc.ratio (%)     =   5.6532
* Sample config after equilibration:
  +-----------+
  |  d   d   d|
  |u   u   0  |
  |  d   d   2|
  |u   u   u  |
  |  d   d   d|
  |u   u   u  |
  +-----------+
* Number of accum. steps   = 500480 x 10
* Running VMC accumulation.
  Done. [total walltime: 0.83s]
* Acceptance ratio (%)     =   5.4058
* Etot/t                   =  -6.844231014065E+00 +/-   4.735752610038E-03
  > Ttot/t                 =  -1.356857564321E+01 +/-   1.755731768958E-02
  > Utot/t                 =   6.724344629156E+00 +/-   1.698187828573E-02
* var[Eloc/t]              =   1.102673819546E+01 +/-   1.285182906856E-01
* Correlation length       =   1.017929447685E+00
* log10 Psi^2 range: -24.589830765055453 -- -12.188622069112453
* log10 Pgen range : -24.589830765055453 -- -12.188622069112453
* Site occupation (ave. no. electrons per config.):
  > Site_  ___eu____  ___ed____
      1        0.502      0.499
      2        0.497      0.503
      3        0.501      0.498
      4        0.497      0.502
      5        0.502      0.498
      6        0.499      0.501
      7        0.496      0.503
      8        0.504      0.497
      9        0.499      0.502
     10        0.502      0.498
     11        0.498      0.503
     12        0.501      0.499
     13        0.503      0.497
     14        0.497      0.502
     15        0.502      0.498
     16        0.499      0.499
     17        0.503      0.498
     18        0.498      0.502
* Pair-correlation analysis (ave. no. pairs per config.):
  > Shell  nsite  ___dh____  __eueu___  __eued___
      0      1        0          0          0.674
      1     18        0.642      5.569     29.846
      2     18        0.135     28.721      7.236
      3     18        0.123     28.640      7.332
      4     18        0.117      7.203     28.780
      5     18        0.027      1.867      7.132

Optimization #12:
* Method          : lls
* Target function : energy
* No. of configs. : 100096
* No. of params.  : 14
* Before optimization:
  -8.7855E+00   8.0039E-01   5.4354E-01   2.1152E-01   4.5292E-02   2.8363E-02
  -1.0146E-01  -3.6138E-02  -5.0927E-01  -4.9801E-01  -2.1852E-01  -2.7300E-01
  -4.0761E-02  -3.0637E-02
  > E    =  -6.818735582935E+00 +/-   1.031018369963E-02
  > varE =   1.064019358126E+01
* Computing derivatives.
  Done. [total walltime: 0.59s]
* Optimizing manipulation constant:
  #igrid a___________ E____________________________________ varE____________
     1     Infinity    -6.81873558E+00 +/-   1.03101837E-02   1.06401936E+01
     2     1.0000E+06  -6.81873561E+00 +/-   1.03101842E-02   1.06401945E+01
     3     2.1544E+05  -6.81873571E+00 +/-   1.03101858E-02   1.06401979E+01
     4     4.6416E+04  -6.81873618E+00 +/-   1.03101935E-02   1.06402137E+01
     5     1.0000E+04  -6.81873835E+00 +/-   1.03102290E-02   1.06402871E+01
     6     2.1544E+03  -6.81874827E+00 +/-   1.03103937E-02   1.06406270E+01
     7     4.6416E+02  -6.81879183E+00 +/-   1.03111517E-02   1.06421916E+01
     8     1.0000E+02  -6.81895123E+00 +/-   1.03145059E-02   1.06491165E+01
     9     2.1544E+01  -6.81928984E+00 +/-   1.03264088E-02   1.06737087E+01
    10     4.6416E+00  -6.81957725E+00 +/-   1.03478634E-02   1.07181073E+01
    11     1.0000E+00  -6.81964543E+00 +/-   1.03606424E-02   1.07445960E+01
    12     2.1544E-01  -6.81961727E+00 +/-   1.03616204E-02   1.07466245E+01
    13     4.6416E-02  -6.81959518E+00 +/-   1.03608014E-02   1.07449258E+01
    14     1.0000E-02  -6.81958847E+00 +/-   1.03605098E-02   1.07443210E+01
    15     2.1544E-03  -6.81958690E+00 +/-   1.03604401E-02   1.07441765E+01
    16     4.6416E-04  -6.81958655E+00 +/-   1.03604248E-02   1.07441447E+01
    17     1.0000E-04  -6.81958648E+00 +/-   1.03604215E-02   1.07441378E+01
    18     2.1544E-05  -6.81958646E+00 +/-   1.03604207E-02   1.07441363E+01
    19     4.6416E-06  -6.81958646E+00 +/-   1.03604206E-02   1.07441359E+01
    20     1.0000E-06  -6.81958646E+00 +/-   1.03604206E-02   1.07441359E+01
    21     0.0000E+00  -6.81958646E+00 +/-   1.03604205E-02   1.07441359E+01
* Iteration # 1: E =  -6.819645432225E+00 +/-   1.036064238766E-02
* Reached maximum number of iterations: exiting.
* After optimization:
  -9.3695E+00   8.4685E-01   5.8222E-01   2.2794E-01   5.5019E-02   3.3125E-02
  -1.3282E-01  -5.3802E-02  -5.4376E-01  -5.2147E-01  -2.3500E-01  -2.8725E-01
  -4.5045E-02  -3.1484E-02
  > Energy =  -6.819645432225E+00 +/-   1.036064238766E-02
  > varE =   1.074459598792E+01

VMC #13:
* Size of Hilbert space =   2.3639E+09
* Number of equil. steps   = 1000
* Running VMC equilibration.
  Done. [total walltime: 0.02s]
* Equil. acc.ratio (%)     =   5.4726
* Sample config after equilibration:
  +-----------+
  |  u   d   d|
  |u   d   u  |
  |  d   u   d|
  |u   u   u  |
  |  d   d   d|
  |u   d   u  |
  +-----------+
* Number of accum. steps   = 500480 x 10
* Running VMC accumulation.
  Done. [total walltime: 0.83s]
* Acceptance ratio (%)     =   5.2777
* Etot/t                   =  -6.849168147435E+00 +/-   4.918951582701E-03
  > Ttot/t                 =  -1.347880369731E+01 +/-   1.768006200129E-02
  > Utot/t                 =   6.629635549872E+00 +/-   1.676181365960E-02
* var[Eloc/t]              =   1.140555503539E+01 +/-   1.694350837642E-01
* Correlation length       =   1.061733201019E+00
* log10 Psi^2 range: -26.974583219129407 -- -14.346182076507699
* log10 Pgen range : -26.974583219129407 -- -14.346182076507699
* Site occupation (ave. no. electrons per config.):
  > Site_  ___eu____  ___ed____
      1        0.494      0.507
      2        0.506      0.494
      3        0.495      0.505
      4        0.505      0.494
      5        0.497      0.504
      6        0.506      0.493
      7        0.506      0.493
      8        0.494      0.506
      9        0.506      0.494
     10        0.495      0.506
     11        0.505      0.495
     12        0.493      0.508
     13        0.494      0.506
     14        0.506      0.494
     15        0.493      0.506
     16        0.506      0.495
     17        0.495      0.506
     18        0.506      0.494
* Pair-correlation analysis (ave. no. pairs per config.):
  > Shell  nsite  ___dh____  __eueu___  __eued___
      0      1        0          0          0.661
      1     18        0.629      5.487     29.937
      2     18        0.130     28.809      7.146
      3     18        0.117     28.738      7.235
      4     18        0.111      7.124     28.864
      5     18        0.025      1.842      7.157

VDAGGER finished.
Total VDAGGER walltime: 32.2s

Run ended: Fri Jan 16 08:56:29 CET 2026
