Run started: Fri Jan 16 09:19:45 CET 2026
Using VDAGGER_ARCH = gnu7_fkfamd_cluster
Running 1x128 MPI processes.

                               xx
                              +##
                               #X
                               Xx
                          X##XxXxxX##x
                           +   Xx  ++
                               ##
                              +##
                              +##
     ++++         ++          +##
   xX+++##+      ####         +##
  Xx    ###      +X##          ##
 xX    X##+        ##          #X
 +    x##X         #x          #X
      ###         +#           x+
     X##+         #+
     ###         Xx                    _______
     ##X       +X+   __________________VDAGGER
     +##x    +xX     2nd quantized variational
       +xxxxx+       ______quantum Monte Carlo

* Running 128 MPI processes.
* Input file: "input.01.casl"

############# Start of input file dump #############
General:
  Random seed: timer

Plan:
  VMC-optimization:
    Minimum cycles: 10
    Convergence cycles: 7

System:
  Hubbard model:
    Primitive cell:
      a_1: [ 1.0, 1.0 ]
      a_2: [ -1.0, 1.0 ]
    Simulation cell:
      a_1: [ 6.0, 0.0 ]
      a_2: [ 0.0, 6.0 ]
    U: 10.0
    Dump Hamiltonian: FCIDUMP.new
    Dump orbitals: LTSC.new
  netot: 18

VMC:
  nstep: 500000
  nconfig: 100000

Jastrow: wfn.casl
############## End of input file dump ##############

General setup:
* Random seed: 971489805 (from timer)

Hubbard system:
* Dimensionality        : 2
* Simulation cell:
  > a_1 =   6.000000000000E+00   0.000000000000E+00
  > a_2 =   0.000000000000E+00   6.000000000000E+00
* Primitive cell:
  > a_1 =   1.000000000000E+00   1.000000000000E+00
  > a_2 =  -1.000000000000E+00   1.000000000000E+00
* Prim.cells in sim.cell: 18
* Number of sublattices : 1
* # real-space shells   : 5
  > Shell #1: 4 sites, rij =  1.4142E+00
  > Shell #2: 4 sites, rij =  2.0000E+00
  > Shell #3: 4 sites, rij =  2.8284E+00
  > Shell #4: 4 sites, rij =  3.1623E+00
  > Shell #5: 1 sites, rij =  4.2426E+00
* Site labels:
  +-----------------+
  |    6    11    16|
  |15     5    10   |
  |   14     4     9|
  | 8    13     3   |
  |    7    18     2|
  | 1    12    17   |
  +-----------------+
* Shell diagram:
  +-----------+
  |  4   4   5|
  |3   2   3  |
  |  1   1   4|
  |2   0   2  |
  |  1   1   4|
  |3   2   3  |
  +-----------+
* Hop multiplicity diagram:
  +-----------+
  |  -   -   -|
  |-   -   -  |
  |  1   1   -|
  |-   0   -  |
  |  1   1   -|
  |-   -   -  |
  +-----------+
* Reciprocal lattice of the simulation cell:
  > b_1 =   1.047197551197E+00  -0.000000000000E+00
  > b_2 =  -0.000000000000E+00   1.047197551197E+00
* k-vector offset:
  > Fractional:   0.000000000000E+00   0.000000000000E+00
  > Absolute  :   0.000000000000E+00   0.000000000000E+00
* G-vector occupation diagram:
  +------0------+
  |      -      |
  |    - - -    |
  |  - 2 2 2 -  |
  0- - 2 2 2 - -0
  |  - 2 2 2 -  |
  |    - - -    |
  |      -      |
  +------0------+
* G-vectors and non-interacting energy levels:
  > G_1 = [   0.0000E+00,  0.0000E+00,  0.0000E+00 ], e =  -4.0000E+00
  > G_2 = [  -1.0472E+00,  0.0000E+00,  0.0000E+00 ], e =  -2.0000E+00
  > G_3 = [   1.0472E+00,  0.0000E+00,  0.0000E+00 ], e =  -2.0000E+00
  > G_4 = [   0.0000E+00,  1.0472E+00,  0.0000E+00 ], e =  -2.0000E+00
  > G_5 = [   0.0000E+00, -1.0472E+00,  0.0000E+00 ], e =  -2.0000E+00
  > G_6 = [  -1.0472E+00, -1.0472E+00,  0.0000E+00 ], e =  -1.0000E+00
  > G_7 = [   1.0472E+00,  1.0472E+00,  0.0000E+00 ], e =  -1.0000E+00
  > G_8 = [   1.0472E+00, -1.0472E+00,  0.0000E+00 ], e =  -1.0000E+00
  > G_9 = [  -1.0472E+00,  1.0472E+00,  0.0000E+00 ], e =  -1.0000E+00 = e_F
  > G_10 = [  -2.0944E+00, -1.0472E+00,  0.0000E+00 ], e =   1.0000E+00
  > G_11 = [   2.0944E+00,  1.0472E+00,  0.0000E+00 ], e =   1.0000E+00
  > G_12 = [   1.0472E+00,  2.0944E+00,  0.0000E+00 ], e =   1.0000E+00
  > G_13 = [  -1.0472E+00, -2.0944E+00,  0.0000E+00 ], e =   1.0000E+00
  > ...
* U/t                   :  1.00000000000E+01
* Hartree-Fock Etot/t   :  1.30000000000E+01
  > Ttot/t              : -3.20000000000E+01
  > Utot/t              :  4.50000000000E+01
* Writing Hamiltonian to "FCIDUMP.new".
* Writing orbitals to "LTSC.new".
* Analysis of Hamiltonian connecitivity performed:
  - U_iiii [opp] (local, 1-site): 18 (i) values
  - T_ji (single, 2-site): 72 contribs. from 18 (i) values
  - Max. no. wfn. ratios in Eloc: 4
* Site labels:
  +-----------------+
  |    6    11    16|
  |15     5    10   |
  |   14     4     9|
  | 8    13     3   |
  |    7    18     2|
  | 1    12    17   |
  +-----------------+
* Model system Site kinds:
  [ 1, 1, 1, 1, 1, 1, 1, 1, 1, 1, 1, 1, 1, 1, 1, 1, 1, 1 ]
  +-----------+
  |  1   1   1|
  |1   1   1  |
  |  1   1   1|
  |1   1   1  |
  |  1   1   1|
  |1   1   1  |
  +-----------+
* Maximum Site kind: 1
* Model system Site pair kinds:
  Site 1: [ 0, 1, 3, 5, 3, 1, 1, 2, 4, 3, 4, 2, 3, 4, 2, 1, 2, 4 ]
  Site 2: [ 1, 0, 1, 3, 5, 3, 2, 1, 2, 4, 3, 4, 4, 3, 4, 2, 1, 2 ]
  Site 3: [ 3, 1, 0, 1, 3, 5, 4, 2, 1, 2, 4, 3, 2, 4, 3, 4, 2, 1 ]
  Site 4: [ 5, 3, 1, 0, 1, 3, 3, 4, 2, 1, 2, 4, 1, 2, 4, 3, 4, 2 ]
  Site 5: [ 3, 5, 3, 1, 0, 1, 4, 3, 4, 2, 1, 2, 2, 1, 2, 4, 3, 4 ]
  Site 6: [ 1, 3, 5, 3, 1, 0, 2, 4, 3, 4, 2, 1, 4, 2, 1, 2, 4, 3 ]
  Site 7: [ 1, 2, 4, 3, 4, 2, 0, 1, 3, 5, 3, 1, 1, 2, 4, 3, 4, 2 ]
  Site 8: [ 2, 1, 2, 4, 3, 4, 1, 0, 1, 3, 5, 3, 2, 1, 2, 4, 3, 4 ]
  Site 9: [ 4, 2, 1, 2, 4, 3, 3, 1, 0, 1, 3, 5, 4, 2, 1, 2, 4, 3 ]
  Site 10: [ 3, 4, 2, 1, 2, 4, 5, 3, 1, 0, 1, 3, 3, 4, 2, 1, 2, 4 ]
  Site 11: [ 4, 3, 4, 2, 1, 2, 3, 5, 3, 1, 0, 1, 4, 3, 4, 2, 1, 2 ]
  Site 12: [ 2, 4, 3, 4, 2, 1, 1, 3, 5, 3, 1, 0, 2, 4, 3, 4, 2, 1 ]
  Site 13: [ 3, 4, 2, 1, 2, 4, 1, 2, 4, 3, 4, 2, 0, 1, 3, 5, 3, 1 ]
  Site 14: [ 4, 3, 4, 2, 1, 2, 2, 1, 2, 4, 3, 4, 1, 0, 1, 3, 5, 3 ]
  Site 15: [ 2, 4, 3, 4, 2, 1, 4, 2, 1, 2, 4, 3, 3, 1, 0, 1, 3, 5 ]
  Site 16: [ 1, 2, 4, 3, 4, 2, 3, 4, 2, 1, 2, 4, 5, 3, 1, 0, 1, 3 ]
  Site 17: [ 2, 1, 2, 4, 3, 4, 4, 3, 4, 2, 1, 2, 3, 5, 3, 1, 0, 1 ]
  Site 18: [ 4, 2, 1, 2, 4, 3, 2, 4, 3, 4, 2, 1, 1, 3, 5, 3, 1, 0 ]
  For site 1 of kind 1:
  +-----------+
  |  1   4   1|
  |2   3   3  |
  |  4   5   4|
  |2   3   3  |
  |  1   4   1|
  |0   2   2  |
  +-----------+
* Maximum (unsigned) Site pair kind: 5

General system setup:
* Number of sites       : 18
* Number of electrons   : 18
* Spin imbalance MS2    : 0
* Filling               : 0.500000
* Number of orbitals in pool: 21
* Using real-valued orbitals
* Using double-precision arithmetic for orbitals

Trial wave function setup:
* Jastrow parameter file: "wfn.casl"
* Not using multideterminants
* Not using a backflow transformation
* Not using wave function manipulation

VMC #1:
* Size of Hilbert space =   2.3639E+09
* Number of equil. steps   = 1000
* Running VMC equilibration.
  Done. [total walltime: 0.03s]
* Equil. acc.ratio (%)     =   5.4550
* Sample config after equilibration:
  +-----------+
  |  d   d   d|
  |u   u   u  |
  |  d   d   d|
  |u   u   u  |
  |  d   d   0|
  |2   u   u  |
  +-----------+
* Number of accum. steps   = 500480 x 10
* Running VMC accumulation.
  Done. [total walltime: 1.26s]
* Acceptance ratio (%)     =   5.2741
* Etot/t                   =  -6.836764752889E+00 +/-   4.827946996887E-03
  > Ttot/t                 =  -1.345605023882E+01 +/-   1.739690795529E-02
  > Utot/t                 =   6.619285485934E+00 +/-   1.649969676237E-02
* var[Eloc/t]              =   1.096948002128E+01 +/-   1.213842293042E-01
* Correlation length       =   1.063471051901E+00
* log10 Psi^2 range: -26.950933515535773 -- -14.558007834563254
* log10 Pgen range : -26.950933515535773 -- -14.558007834563254
* Site occupation (ave. no. electrons per config.):
  > Site_  ___eu____  ___ed____
      1        0.500      0.500
      2        0.498      0.500
      3        0.500      0.500
      4        0.500      0.500
      5        0.501      0.499
      6        0.500      0.499
      7        0.500      0.500
      8        0.501      0.498
      9        0.499      0.501
     10        0.500      0.500
     11        0.499      0.501
     12        0.500      0.499
     13        0.501      0.499
     14        0.498      0.502
     15        0.502      0.499
     16        0.499      0.501
     17        0.503      0.499
     18        0.498      0.501
* Pair-correlation analysis (ave. no. pairs per config.):
  > Shell  nsite  ___dh____  __eueu___  __eued___
      0      1        0          0          0.661
      1     18        0.626      5.514     29.914
      2     18        0.131     28.773      7.180
      3     18        0.115     28.710      7.267
      4     18        0.110      7.152     28.833
      5     18        0.026      1.851      7.146

Optimization #1:
* Method          : lls
* Target function : energy
* No. of configs. : 100096
* No. of params.  : 14
* Before optimization:
  -9.3695E+00   8.4685E-01   5.8222E-01   2.2794E-01   5.5019E-02   3.3125E-02
  -1.3282E-01  -5.3802E-02  -5.4376E-01  -5.2147E-01  -2.3500E-01  -2.8725E-01
  -4.5045E-02  -3.1484E-02
  > E    =  -6.842219108291E+00 +/-   1.038637829737E-02
  > varE =   1.079804159160E+01
* Computing derivatives.
  Done. [total walltime: 0.77s]
* Optimizing manipulation constant:
  #igrid a___________ E____________________________________ varE____________
     1     Infinity    -6.84221911E+00 +/-   1.03863783E-02   1.07980416E+01
     2     1.0000E+06  -6.84221914E+00 +/-   1.03863775E-02   1.07980399E+01
     3     2.1544E+05  -6.84221926E+00 +/-   1.03863745E-02   1.07980337E+01
     4     4.6416E+04  -6.84221982E+00 +/-   1.03863608E-02   1.07980052E+01
     5     1.0000E+04  -6.84222239E+00 +/-   1.03862971E-02   1.07978727E+01
     6     2.1544E+03  -6.84223419E+00 +/-   1.03860041E-02   1.07972636E+01
     7     4.6416E+02  -6.84228600E+00 +/-   1.03846985E-02   1.07945490E+01
     8     1.0000E+02  -6.84247598E+00 +/-   1.03795931E-02   1.07839380E+01
     9     2.1544E+01  -6.84288194E+00 +/-   1.03662554E-02   1.07562412E+01
    10     4.6416E+00  -6.84330206E+00 +/-   1.03500676E-02   1.07226739E+01
    11     1.0000E+00  -6.84371661E+00 +/-   1.03465942E-02   1.07154782E+01
    12     2.1544E-01  -6.84400838E+00 +/-   1.03525548E-02   1.07278278E+01
    13     4.6416E-02  -6.84410000E+00 +/-   1.03560221E-02   1.07350152E+01
    14     1.0000E-02  -6.84412051E+00 +/-   1.03569897E-02   1.07370212E+01
    15     2.1544E-03  -6.84412493E+00 +/-   1.03572109E-02   1.07374799E+01
    16     4.6416E-04  -6.84412588E+00 +/-   1.03572592E-02   1.07375800E+01
    17     1.0000E-04  -6.84412608E+00 +/-   1.03572696E-02   1.07376017E+01
    18     2.1544E-05  -6.84412613E+00 +/-   1.03572719E-02   1.07376063E+01
    19     4.6416E-06  -6.84412614E+00 +/-   1.03572724E-02   1.07376073E+01
    20     1.0000E-06  -6.84412614E+00 +/-   1.03572725E-02   1.07376075E+01
    21     0.0000E+00  -6.84412614E+00 +/-   1.03572725E-02   1.07376076E+01
* Iteration # 1: E =  -6.844126138963E+00 +/-   1.035727250894E-02
* Diminishing returns: exiting.
* After optimization:
  -8.7198E+00   8.1097E-01   5.4198E-01   2.0600E-01   2.5103E-02  -2.0593E-04
  -1.1705E-01  -5.1357E-02  -5.0055E-01  -4.8914E-01  -2.1176E-01  -2.6676E-01
  -2.8618E-02  -2.3429E-02
  > Energy =  -6.844126138963E+00 +/-   1.035727250894E-02
  > varE =   1.073760759945E+01

VMC #2:
* Size of Hilbert space =   2.3639E+09
* Number of equil. steps   = 1000
* Running VMC equilibration.
  Done. [total walltime: 0.02s]
* Equil. acc.ratio (%)     =   5.6588
* Sample config after equilibration:
  +-----------+
  |  0   u   u|
  |d   d   d  |
  |  u   d   0|
  |d   u   u  |
  |  u   d   2|
  |u   2   d  |
  +-----------+
* Number of accum. steps   = 500480 x 10
* Running VMC accumulation.
  Done. [total walltime: 0.86s]
* Acceptance ratio (%)     =   5.4516
* Etot/t                   =  -6.847909033466E+00 +/-   4.845264543931E-03
  > Ttot/t                 =  -1.361155593246E+01 +/-   1.740343076706E-02
  > Utot/t                 =   6.763646898977E+00 +/-   1.662853908364E-02
* var[Eloc/t]              =   1.117241387520E+01 +/-   1.237637375181E-01
* Correlation length       =   1.051658410086E+00
* log10 Psi^2 range: -24.640705214481233 -- -12.062498068154236
* log10 Pgen range : -24.640705214481233 -- -12.062498068154236
* Site occupation (ave. no. electrons per config.):
  > Site_  ___eu____  ___ed____
      1        0.502      0.499
      2        0.499      0.501
      3        0.501      0.500
      4        0.499      0.502
      5        0.500      0.500
      6        0.499      0.500
      7        0.499      0.501
      8        0.499      0.499
      9        0.501      0.499
     10        0.500      0.499
     11        0.500      0.499
     12        0.501      0.500
     13        0.499      0.500
     14        0.502      0.500
     15        0.499      0.500
     16        0.501      0.500
     17        0.501      0.499
     18        0.499      0.500
* Pair-correlation analysis (ave. no. pairs per config.):
  > Shell  nsite  ___dh____  __eueu___  __eued___
      0      1        0          0          0.678
      1     18        0.644      5.771     29.641
      2     18        0.138     28.441      7.513
      3     18        0.126     28.358      7.611
      4     18        0.118      7.492     28.494
      5     18        0.025      1.938      7.063

Optimization #2:
* Method          : lls
* Target function : energy
* No. of configs. : 100096
* No. of params.  : 14
* Before optimization:
  -8.7198E+00   8.1097E-01   5.4198E-01   2.0600E-01   2.5103E-02  -2.0593E-04
  -1.1705E-01  -5.1357E-02  -5.0055E-01  -4.8914E-01  -2.1176E-01  -2.6676E-01
  -2.8618E-02  -2.3429E-02
  > E    =  -6.830883219464E+00 +/-   1.049866919031E-02
  > varE =   1.103278679401E+01
* Computing derivatives.
  Done. [total walltime: 0.58s]
* Optimizing manipulation constant:
  #igrid a___________ E____________________________________ varE____________
     1     Infinity    -6.83088322E+00 +/-   1.04986692E-02   1.10327868E+01
     2     1.0000E+06  -6.83088326E+00 +/-   1.04986687E-02   1.10327858E+01
     3     2.1544E+05  -6.83088342E+00 +/-   1.04986669E-02   1.10327820E+01
     4     4.6416E+04  -6.83088416E+00 +/-   1.04986586E-02   1.10327646E+01
     5     1.0000E+04  -6.83088759E+00 +/-   1.04986202E-02   1.10326839E+01
     6     2.1544E+03  -6.83090335E+00 +/-   1.04984437E-02   1.10323129E+01
     7     4.6416E+02  -6.83097329E+00 +/-   1.04976591E-02   1.10306639E+01
     8     1.0000E+02  -6.83124130E+00 +/-   1.04946393E-02   1.10243187E+01
     9     2.1544E+01  -6.83187999E+00 +/-   1.04874570E-02   1.10092341E+01
    10     4.6416E+00  -6.83250404E+00 +/-   1.04805211E-02   1.09946771E+01
    11     1.0000E+00  -6.83270067E+00 +/-   1.04754460E-02   1.09840314E+01
    12     2.1544E-01  -6.83268906E+00 +/-   1.04709812E-02   1.09746703E+01
    13     4.6416E-02  -6.83266795E+00 +/-   1.04689741E-02   1.09704635E+01
    14     1.0000E-02  -6.83266119E+00 +/-   1.04684314E-02   1.09693259E+01
    15     2.1544E-03  -6.83265959E+00 +/-   1.04683079E-02   1.09690672E+01
    16     4.6416E-04  -6.83265924E+00 +/-   1.04682809E-02   1.09690107E+01
    17     1.0000E-04  -6.83265917E+00 +/-   1.04682751E-02   1.09689986E+01
    18     2.1544E-05  -6.83265915E+00 +/-   1.04682739E-02   1.09689959E+01
    19     4.6416E-06  -6.83265915E+00 +/-   1.04682736E-02   1.09689954E+01
    20     1.0000E-06  -6.83265915E+00 +/-   1.04682735E-02   1.09689952E+01
    21     0.0000E+00  -6.83265915E+00 +/-   1.04682735E-02   1.09689952E+01
  ParMin   3.9448E-01  -6.83270004E+00 +/-   1.04724920E-02   1.09778376E+01
  # Using parabolic minimum
* Iteration # 1: E =  -6.832700043350E+00 +/-   1.047249204054E-02
* Diminishing returns: exiting.
* After optimization:
  -8.6790E+00   8.0109E-01   5.3360E-01   2.1132E-01   1.9292E-02   4.7561E-02
  -1.0514E-01  -3.3401E-02  -5.1001E-01  -4.8751E-01  -2.2731E-01  -2.7215E-01
  -3.3222E-02  -9.4319E-03
  > Energy =  -6.832700043350E+00 +/-   1.047249204054E-02
  > varE =   1.097783757051E+01

VMC #3:
* Size of Hilbert space =   2.3639E+09
* Number of equil. steps   = 1000
* Running VMC equilibration.
  Done. [total walltime: 0.02s]
* Equil. acc.ratio (%)     =   5.3407
* Sample config after equilibration:
  +-----------+
  |  d   d   d|
  |u   u   u  |
  |  d   d   d|
  |u   u   u  |
  |  d   d   d|
  |u   u   u  |
  +-----------+
* Number of accum. steps   = 500480 x 10
* Running VMC accumulation.
  Done. [total walltime: 0.86s]
* Acceptance ratio (%)     =   5.3288
* Etot/t                   =  -6.853148663763E+00 +/-   4.872212559022E-03
  > Ttot/t                 =  -1.348044645788E+01 +/-   1.735554965072E-02
  > Utot/t                 =   6.627297794118E+00 +/-   1.659955685691E-02
* var[Eloc/t]              =   1.107894230712E+01 +/-   1.469797449195E-01
* Correlation length       =   1.072360676616E+00
* log10 Psi^2 range: -24.662841249236294 -- -11.692105311314791
* log10 Pgen range : -24.662841249236294 -- -11.692105311314791
* Site occupation (ave. no. electrons per config.):
  > Site_  ___eu____  ___ed____
      1        0.497      0.504
      2        0.504      0.497
      3        0.496      0.504
      4        0.505      0.496
      5        0.495      0.504
      6        0.502      0.497
      7        0.505      0.496
      8        0.495      0.505
      9        0.505      0.496
     10        0.498      0.505
     11        0.505      0.495
     12        0.498      0.504
     13        0.496      0.503
     14        0.504      0.496
     15        0.496      0.504
     16        0.504      0.495
     17        0.496      0.504
     18        0.502      0.498
* Pair-correlation analysis (ave. no. pairs per config.):
  > Shell  nsite  ___dh____  __eueu___  __eued___
      0      1        0          0          0.665
      1     18        0.634      5.613     29.808
      2     18        0.132     28.663      7.294
      3     18        0.119     28.592      7.383
      4     18        0.115      7.247     28.737
      5     18        0.026      1.885      7.113

Optimization #3:
* Method          : lls
* Target function : energy
* No. of configs. : 100096
* No. of params.  : 14
* Before optimization:
  -8.6790E+00   8.0109E-01   5.3360E-01   2.1132E-01   1.9292E-02   4.7561E-02
  -1.0514E-01  -3.3401E-02  -5.1001E-01  -4.8751E-01  -2.2731E-01  -2.7215E-01
  -3.3222E-02  -9.4319E-03
  > E    =  -6.851794271535E+00 +/-   1.045336637107E-02
  > varE =   1.093777704415E+01
* Computing derivatives.
  Done. [total walltime: 0.58s]
* Optimizing manipulation constant:
  #igrid a___________ E____________________________________ varE____________
     1     Infinity    -6.85179427E+00 +/-   1.04533664E-02   1.09377770E+01
     2     1.0000E+06  -6.85179428E+00 +/-   1.04533666E-02   1.09377774E+01
     3     2.1544E+05  -6.85179432E+00 +/-   1.04533673E-02   1.09377789E+01
     4     4.6416E+04  -6.85179449E+00 +/-   1.04533705E-02   1.09377856E+01
     5     1.0000E+04  -6.85179527E+00 +/-   1.04533854E-02   1.09378169E+01
     6     2.1544E+03  -6.85179887E+00 +/-   1.04534541E-02   1.09379607E+01
     7     4.6416E+02  -6.85181461E+00 +/-   1.04537626E-02   1.09386062E+01
     8     1.0000E+02  -6.85187098E+00 +/-   1.04549928E-02   1.09411808E+01
     9     2.1544E+01  -6.85197495E+00 +/-   1.04581390E-02   1.09477670E+01
    10     4.6416E+00  -6.85203018E+00 +/-   1.04608344E-02   1.09534108E+01
    11     1.0000E+00  -6.85204594E+00 +/-   1.04621141E-02   1.09560910E+01
    12     2.1544E-01  -6.85204946E+00 +/-   1.04635373E-02   1.09590719E+01
    13     4.6416E-02  -6.85205004E+00 +/-   1.04642169E-02   1.09604955E+01
    14     1.0000E-02  -6.85205012E+00 +/-   1.04644016E-02   1.09608824E+01
    15     2.1544E-03  -6.85205014E+00 +/-   1.04644436E-02   1.09609704E+01
    16     4.6416E-04  -6.85205014E+00 +/-   1.04644528E-02   1.09609896E+01
    17     1.0000E-04  -6.85205014E+00 +/-   1.04644547E-02   1.09609938E+01
    18     2.1544E-05  -6.85205014E+00 +/-   1.04644552E-02   1.09609947E+01
    19     4.6416E-06  -6.85205014E+00 +/-   1.04644553E-02   1.09609949E+01
    20     1.0000E-06  -6.85205014E+00 +/-   1.04644553E-02   1.09609949E+01
    21     0.0000E+00  -6.85205014E+00 +/-   1.04644553E-02   1.09609949E+01
  ParMin   5.0832E-01  -6.85204821E+00 +/-   1.04627910E-02   1.09575087E+01
  # Using parabolic minimum
* Iteration # 1: E =  -6.852048210125E+00 +/-   1.046279101508E-02
* Diminishing returns: exiting.
* After optimization:
  -9.0318E+00   8.1970E-01   5.6635E-01   2.1560E-01   4.6331E-02   3.6229E-02
  -1.1370E-01  -4.8267E-02  -5.2238E-01  -5.0947E-01  -2.2832E-01  -2.7934E-01
  -3.8035E-02  -2.5819E-02
  > Energy =  -6.852048210125E+00 +/-   1.046279101508E-02
  > varE =   1.095750870212E+01

VMC #4:
* Size of Hilbert space =   2.3639E+09
* Number of equil. steps   = 1000
* Running VMC equilibration.
  Done. [total walltime: 0.02s]
* Equil. acc.ratio (%)     =   5.6651
* Sample config after equilibration:
  +-----------+
  |  u   d   d|
  |u   u   u  |
  |  d   d   d|
  |u   u   u  |
  |  d   d   u|
  |d   d   u  |
  +-----------+
* Number of accum. steps   = 500480 x 10
* Running VMC accumulation.
  Done. [total walltime: 0.86s]
* Acceptance ratio (%)     =   5.4270
* Etot/t                   =  -6.848593875116E+00 +/-   4.785805761605E-03
  > Ttot/t                 =  -1.357685474468E+01 +/-   1.775560038218E-02
  > Utot/t                 =   6.728260869565E+00 +/-   1.697058669379E-02
* var[Eloc/t]              =   1.109365862964E+01 +/-   1.208358315567E-01
* Correlation length       =   1.033289617632E+00
* log10 Psi^2 range: -25.440570470155880 -- -13.006566140459315
* log10 Pgen range : -25.440570470155880 -- -13.006566140459315
* Site occupation (ave. no. electrons per config.):
  > Site_  ___eu____  ___ed____
      1        0.505      0.494
      2        0.495      0.504
      3        0.502      0.499
      4        0.497      0.503
      5        0.504      0.497
      6        0.496      0.503
      7        0.495      0.505
      8        0.504      0.495
      9        0.496      0.505
     10        0.503      0.496
     11        0.497      0.503
     12        0.504      0.498
     13        0.504      0.497
     14        0.498      0.501
     15        0.504      0.497
     16        0.497      0.503
     17        0.504      0.496
     18        0.497      0.503
* Pair-correlation analysis (ave. no. pairs per config.):
  > Shell  nsite  ___dh____  __eueu___  __eued___
      0      1        0          0          0.673
      1     18        0.636      5.690     29.730
      2     18        0.138     28.557      7.392
      3     18        0.124     28.469      7.501
      4     18        0.115      7.367     28.619
      5     18        0.025      1.916      7.084

Optimization #4:
* Method          : lls
* Target function : energy
* No. of configs. : 100096
* No. of params.  : 14
* Before optimization:
  -9.0318E+00   8.1970E-01   5.6635E-01   2.1560E-01   4.6331E-02   3.6229E-02
  -1.1370E-01  -4.8267E-02  -5.2238E-01  -5.0947E-01  -2.2832E-01  -2.7934E-01
  -3.8035E-02  -2.5819E-02
  > E    =  -6.846420317319E+00 +/-   1.063687640168E-02
  > varE =   1.132517569986E+01
* Computing derivatives.
  Done. [total walltime: 0.57s]
* Optimizing manipulation constant:
  #igrid a___________ E____________________________________ varE____________
     1     Infinity    -6.84642032E+00 +/-   1.06368764E-02   1.13251757E+01
     2     1.0000E+06  -6.84642035E+00 +/-   1.06368756E-02   1.13251741E+01
     3     2.1544E+05  -6.84642045E+00 +/-   1.06368728E-02   1.13251681E+01
     4     4.6416E+04  -6.84642093E+00 +/-   1.06368599E-02   1.13251406E+01
     5     1.0000E+04  -6.84642313E+00 +/-   1.06367999E-02   1.13250129E+01
     6     2.1544E+03  -6.84643327E+00 +/-   1.06365241E-02   1.13244254E+01
     7     4.6416E+02  -6.84647806E+00 +/-   1.06352944E-02   1.13218073E+01
     8     1.0000E+02  -6.84664700E+00 +/-   1.06304950E-02   1.13115910E+01
     9     2.1544E+01  -6.84704399E+00 +/-   1.06182986E-02   1.12856503E+01
    10     4.6416E+00  -6.84751591E+00 +/-   1.06049632E-02   1.12573210E+01
    11     1.0000E+00  -6.84785660E+00 +/-   1.06007718E-02   1.12484244E+01
    12     2.1544E-01  -6.84801113E+00 +/-   1.06021071E-02   1.12512582E+01
    13     4.6416E-02  -6.84805859E+00 +/-   1.06031530E-02   1.12534782E+01
    14     1.0000E-02  -6.84806992E+00 +/-   1.06034566E-02   1.12541228E+01
    15     2.1544E-03  -6.84807242E+00 +/-   1.06035266E-02   1.12542714E+01
    16     4.6416E-04  -6.84807296E+00 +/-   1.06035419E-02   1.12543039E+01
    17     1.0000E-04  -6.84807308E+00 +/-   1.06035452E-02   1.12543109E+01
    18     2.1544E-05  -6.84807311E+00 +/-   1.06035459E-02   1.12543124E+01
    19     4.6416E-06  -6.84807311E+00 +/-   1.06035461E-02   1.12543127E+01
    20     1.0000E-06  -6.84807311E+00 +/-   1.06035461E-02   1.12543128E+01
    21     0.0000E+00  -6.84807311E+00 +/-   1.06035461E-02   1.12543128E+01
* Iteration # 1: E =  -6.848073112745E+00 +/-   1.060354612625E-02
* Diminishing returns: exiting.
* After optimization:
  -8.5921E+00   7.8699E-01   5.2582E-01   2.1107E-01   3.8244E-02   2.8552E-02
  -7.4405E-02  -4.2325E-02  -4.8525E-01  -5.0169E-01  -2.1903E-01  -2.8553E-01
  -1.6964E-02  -2.6238E-02
  > Energy =  -6.848073112745E+00 +/-   1.060354612625E-02
  > varE =   1.125431282344E+01

VMC #5:
* Size of Hilbert space =   2.3639E+09
* Number of equil. steps   = 1000
* Running VMC equilibration.
  Done. [total walltime: 0.02s]
* Equil. acc.ratio (%)     =   5.8296
* Sample config after equilibration:
  +-----------+
  |  2   d   u|
  |0   u   u  |
  |  d   d   d|
  |2   u   u  |
  |  d   d   d|
  |u   u   0  |
  +-----------+
* Number of accum. steps   = 500480 x 10
* Running VMC accumulation.
  Done. [total walltime: 0.86s]
* Acceptance ratio (%)     =   5.4908
* Etot/t                   =  -6.858923683511E+00 +/-   4.817343193173E-03
  > Ttot/t                 =  -1.362077230887E+01 +/-   1.785317196630E-02
  > Utot/t                 =   6.761848625320E+00 +/-   1.708699033566E-02
* var[Eloc/t]              =   1.134914397020E+01 +/-   1.279533039113E-01
* Correlation length       =   1.023384407909E+00
* log10 Psi^2 range: -23.901562917744986 -- -11.588100843191796
* log10 Pgen range : -23.901562917744986 -- -11.588100843191796
* Site occupation (ave. no. electrons per config.):
  > Site_  ___eu____  ___ed____
      1        0.498      0.503
      2        0.501      0.499
      3        0.501      0.499
      4        0.500      0.499
      5        0.498      0.502
      6        0.500      0.499
      7        0.501      0.499
      8        0.500      0.501
      9        0.500      0.499
     10        0.499      0.501
     11        0.502      0.499
     12        0.500      0.500
     13        0.499      0.501
     14        0.502      0.499
     15        0.500      0.500
     16        0.501      0.499
     17        0.498      0.501
     18        0.500      0.499
* Pair-correlation analysis (ave. no. pairs per config.):
  > Shell  nsite  ___dh____  __eueu___  __eued___
      0      1        0          0          0.677
      1     18        0.642      5.824     29.591
      2     18        0.138     28.405      7.550
      3     18        0.124     28.317      7.654
      4     18        0.119      7.512     28.471
      5     18        0.026      1.942      7.057

Optimization #5:
* Method          : lls
* Target function : energy
* No. of configs. : 100096
* No. of params.  : 14
* Before optimization:
  -8.5921E+00   7.8699E-01   5.2582E-01   2.1107E-01   3.8244E-02   2.8552E-02
  -7.4405E-02  -4.2325E-02  -4.8525E-01  -5.0169E-01  -2.1903E-01  -2.8553E-01
  -1.6964E-02  -2.6238E-02
  > E    =  -6.864107166845E+00 +/-   1.057644053825E-02
  > varE =   1.119684811097E+01
* Computing derivatives.
  Done. [total walltime: 0.58s]
* Optimizing manipulation constant:
  #igrid a___________ E____________________________________ varE____________
     1     Infinity    -6.86410717E+00 +/-   1.05764405E-02   1.11968481E+01
     2     1.0000E+06  -6.86410718E+00 +/-   1.05764401E-02   1.11968472E+01
     3     2.1544E+05  -6.86410724E+00 +/-   1.05764385E-02   1.11968438E+01
     4     4.6416E+04  -6.86410750E+00 +/-   1.05764311E-02   1.11968281E+01
     5     1.0000E+04  -6.86410870E+00 +/-   1.05763967E-02   1.11967554E+01
     6     2.1544E+03  -6.86411420E+00 +/-   1.05762389E-02   1.11964211E+01
     7     4.6416E+02  -6.86413833E+00 +/-   1.05755378E-02   1.11949368E+01
     8     1.0000E+02  -6.86422657E+00 +/-   1.05728374E-02   1.11892204E+01
     9     2.1544E+01  -6.86440985E+00 +/-   1.05660681E-02   1.11748971E+01
    10     4.6416E+00  -6.86456889E+00 +/-   1.05572014E-02   1.11561497E+01
    11     1.0000E+00  -6.86467491E+00 +/-   1.05499217E-02   1.11407698E+01
    12     2.1544E-01  -6.86474917E+00 +/-   1.05456941E-02   1.11318426E+01
    13     4.6416E-02  -6.86477829E+00 +/-   1.05441329E-02   1.11285471E+01
    14     1.0000E-02  -6.86478572E+00 +/-   1.05437319E-02   1.11277005E+01
    15     2.1544E-03  -6.86478738E+00 +/-   1.05436417E-02   1.11275101E+01
    16     4.6416E-04  -6.86478774E+00 +/-   1.05436221E-02   1.11274687E+01
    17     1.0000E-04  -6.86478782E+00 +/-   1.05436178E-02   1.11274598E+01
    18     2.1544E-05  -6.86478783E+00 +/-   1.05436169E-02   1.11274579E+01
    19     4.6416E-06  -6.86478784E+00 +/-   1.05436167E-02   1.11274575E+01
    20     1.0000E-06  -6.86478784E+00 +/-   1.05436167E-02   1.11274574E+01
    21     0.0000E+00  -6.86478784E+00 +/-   1.05436167E-02   1.11274573E+01
* Iteration # 1: E =  -6.864787837854E+00 +/-   1.054361666164E-02
* Diminishing returns: exiting.
* After optimization:
  -9.2849E+00   8.3544E-01   5.7589E-01   2.3794E-01   8.1332E-02   5.8262E-02
  -1.1598E-01  -6.3559E-02  -5.1718E-01  -5.1610E-01  -2.3645E-01  -2.9301E-01
  -4.3428E-02  -3.8738E-02
  > Energy =  -6.864787837854E+00 +/-   1.054361666164E-02
  > varE =   1.112745734459E+01

VMC #6:
* Size of Hilbert space =   2.3639E+09
* Number of equil. steps   = 1000
* Running VMC equilibration.
  Done. [total walltime: 0.02s]
* Equil. acc.ratio (%)     =   5.6900
* Sample config after equilibration:
  +-----------+
  |  d   0   u|
  |d   u   d  |
  |  u   u   u|
  |d   d   d  |
  |  d   u   u|
  |u   d   2  |
  +-----------+
* Number of accum. steps   = 500480 x 10
* Running VMC accumulation.
  Done. [total walltime: 0.86s]
* Acceptance ratio (%)     =   5.5363
* Etot/t                   =  -6.848287089156E+00 +/-   4.899447226286E-03
  > Ttot/t                 =  -1.367805051631E+01 +/-   1.739876183643E-02
  > Utot/t                 =   6.829763427110E+00 +/-   1.654540739295E-02
* var[Eloc/t]              =   1.120542181767E+01 +/-   1.764203104382E-01
* Correlation length       =   1.072142928393E+00
* log10 Psi^2 range: -26.405051853426549 -- -14.404106275943230
* log10 Pgen range : -26.405051853426549 -- -14.404106275943230
* Site occupation (ave. no. electrons per config.):
  > Site_  ___eu____  ___ed____
      1        0.503      0.497
      2        0.496      0.504
      3        0.503      0.498
      4        0.498      0.501
      5        0.503      0.498
      6        0.496      0.503
      7        0.498      0.503
      8        0.502      0.498
      9        0.497      0.502
     10        0.503      0.497
     11        0.499      0.502
     12        0.503      0.497
     13        0.503      0.498
     14        0.497      0.503
     15        0.504      0.497
     16        0.497      0.503
     17        0.501      0.498
     18        0.499      0.502
* Pair-correlation analysis (ave. no. pairs per config.):
  > Shell  nsite  ___dh____  __eueu___  __eued___
      0      1        0          0          0.681
      1     18        0.645      5.747     29.666
      2     18        0.141     28.497      7.456
      3     18        0.127     28.412      7.559
      4     18        0.124      7.417     28.564
      5     18        0.027      1.926      7.074

Optimization #6:
* Method          : lls
* Target function : energy
* No. of configs. : 100096
* No. of params.  : 14
* Before optimization:
  -9.2849E+00   8.3544E-01   5.7589E-01   2.3794E-01   8.1332E-02   5.8262E-02
  -1.1598E-01  -6.3559E-02  -5.1718E-01  -5.1610E-01  -2.3645E-01  -2.9301E-01
  -4.3428E-02  -3.8738E-02
  > E    =  -6.847970413767E+00 +/-   1.048417474427E-02
  > varE =   1.100234412716E+01
* Computing derivatives.
  Done. [total walltime: 0.58s]
* Optimizing manipulation constant:
  #igrid a___________ E____________________________________ varE____________
     1     Infinity    -6.84797041E+00 +/-   1.04841747E-02   1.10023441E+01
     2     1.0000E+06  -6.84797042E+00 +/-   1.04841748E-02   1.10023443E+01
     3     2.1544E+05  -6.84797046E+00 +/-   1.04841752E-02   1.10023450E+01
     4     4.6416E+04  -6.84797064E+00 +/-   1.04841766E-02   1.10023481E+01
     5     1.0000E+04  -6.84797148E+00 +/-   1.04841835E-02   1.10023626E+01
     6     2.1544E+03  -6.84797532E+00 +/-   1.04842156E-02   1.10024298E+01
     7     4.6416E+02  -6.84799227E+00 +/-   1.04843637E-02   1.10027406E+01
     8     1.0000E+02  -6.84805559E+00 +/-   1.04850294E-02   1.10041380E+01
     9     2.1544E+01  -6.84819821E+00 +/-   1.04874268E-02   1.10091707E+01
    10     4.6416E+00  -6.84834731E+00 +/-   1.04916554E-02   1.10180505E+01
    11     1.0000E+00  -6.84843473E+00 +/-   1.04942774E-02   1.10235582E+01
    12     2.1544E-01  -6.84846965E+00 +/-   1.04946188E-02   1.10242756E+01
    13     4.6416E-02  -6.84848056E+00 +/-   1.04945114E-02   1.10240500E+01
    14     1.0000E-02  -6.84848322E+00 +/-   1.04944673E-02   1.10239572E+01
    15     2.1544E-03  -6.84848381E+00 +/-   1.04944565E-02   1.10239346E+01
    16     4.6416E-04  -6.84848393E+00 +/-   1.04944541E-02   1.10239296E+01
    17     1.0000E-04  -6.84848396E+00 +/-   1.04944536E-02   1.10239285E+01
    18     2.1544E-05  -6.84848397E+00 +/-   1.04944535E-02   1.10239282E+01
    19     4.6416E-06  -6.84848397E+00 +/-   1.04944535E-02   1.10239282E+01
    20     1.0000E-06  -6.84848397E+00 +/-   1.04944535E-02   1.10239282E+01
    21     0.0000E+00  -6.84848397E+00 +/-   1.04944535E-02   1.10239282E+01
* Iteration # 1: E =  -6.848483968608E+00 +/-   1.049445346429E-02
* Diminishing returns: exiting.
* After optimization:
  -9.1215E+00   8.3060E-01   5.5766E-01   2.3579E-01   6.5056E-02   5.3701E-02
  -1.2205E-01  -5.8526E-02  -5.0689E-01  -4.9995E-01  -2.3145E-01  -2.8737E-01
  -4.2189E-02  -3.8701E-02
  > Energy =  -6.848483968608E+00 +/-   1.049445346429E-02
  > varE =   1.102392817254E+01

VMC #7:
* Size of Hilbert space =   2.3639E+09
* Number of equil. steps   = 1000
* Running VMC equilibration.
  Done. [total walltime: 0.02s]
* Equil. acc.ratio (%)     =   5.8155
* Sample config after equilibration:
  +-----------+
  |  0   u   u|
  |u   d   d  |
  |  d   d   d|
  |u   u   u  |
  |  d   2   u|
  |d   u   d  |
  +-----------+
* Number of accum. steps   = 500480 x 10
* Running VMC accumulation.
  Done. [total walltime: 0.86s]
* Acceptance ratio (%)     =   5.4642
* Etot/t                   =  -6.836352625138E+00 +/-   4.744731964228E-03
  > Ttot/t                 =  -1.359646291922E+01 +/-   1.766148629994E-02
  > Utot/t                 =   6.760110294118E+00 +/-   1.686684940902E-02
* var[Eloc/t]              =   1.077165737180E+01 +/-   1.494454859495E-01
* Correlation length       =   1.045990074541E+00
* log10 Psi^2 range: -25.974725139443837 -- -13.617290738309311
* log10 Pgen range : -25.974725139443837 -- -13.617290738309311
* Site occupation (ave. no. electrons per config.):
  > Site_  ___eu____  ___ed____
      1        0.507      0.493
      2        0.494      0.506
      3        0.504      0.494
      4        0.495      0.505
      5        0.505      0.496
      6        0.495      0.504
      7        0.493      0.508
      8        0.508      0.494
      9        0.496      0.503
     10        0.506      0.494
     11        0.494      0.506
     12        0.504      0.494
     13        0.506      0.494
     14        0.494      0.506
     15        0.505      0.495
     16        0.494      0.506
     17        0.506      0.495
     18        0.493      0.507
* Pair-correlation analysis (ave. no. pairs per config.):
  > Shell  nsite  ___dh____  __eueu___  __eued___
      0      1        0          0          0.677
      1     18        0.645      5.643     29.768
      2     18        0.138     28.618      7.339
      3     18        0.126     28.524      7.447
      4     18        0.120      7.319     28.666
      5     18        0.027      1.897      7.103

Optimization #7:
* Method          : lls
* Target function : energy
* No. of configs. : 100096
* No. of params.  : 14
* Before optimization:
  -9.1215E+00   8.3060E-01   5.5766E-01   2.3579E-01   6.5056E-02   5.3701E-02
  -1.2205E-01  -5.8526E-02  -5.0689E-01  -4.9995E-01  -2.3145E-01  -2.8737E-01
  -4.2189E-02  -3.8701E-02
  > E    =  -6.849330005408E+00 +/-   1.048760229946E-02
  > varE =   1.100953922016E+01
* Computing derivatives.
  Done. [total walltime: 0.57s]
* Optimizing manipulation constant:
  #igrid a___________ E____________________________________ varE____________
     1     Infinity    -6.84933001E+00 +/-   1.04876023E-02   1.10095392E+01
     2     1.0000E+06  -6.84933004E+00 +/-   1.04876024E-02   1.10095394E+01
     3     2.1544E+05  -6.84933015E+00 +/-   1.04876028E-02   1.10095402E+01
     4     4.6416E+04  -6.84933066E+00 +/-   1.04876045E-02   1.10095438E+01
     5     1.0000E+04  -6.84933302E+00 +/-   1.04876125E-02   1.10095606E+01
     6     2.1544E+03  -6.84934387E+00 +/-   1.04876498E-02   1.10096390E+01
     7     4.6416E+02  -6.84939158E+00 +/-   1.04878281E-02   1.10100133E+01
     8     1.0000E+02  -6.84956797E+00 +/-   1.04887147E-02   1.10118748E+01
     9     2.1544E+01  -6.84995890E+00 +/-   1.04925287E-02   1.10198848E+01
    10     4.6416E+00  -6.85037388E+00 +/-   1.05013034E-02   1.10383240E+01
    11     1.0000E+00  -6.85068080E+00 +/-   1.05129688E-02   1.10628615E+01
    12     2.1544E-01  -6.85087323E+00 +/-   1.05231014E-02   1.10841969E+01
    13     4.6416E-02  -6.85093880E+00 +/-   1.05274175E-02   1.10932912E+01
    14     1.0000E-02  -6.85095428E+00 +/-   1.05285621E-02   1.10957036E+01
    15     2.1544E-03  -6.85095767E+00 +/-   1.05288212E-02   1.10962497E+01
    16     4.6416E-04  -6.85095840E+00 +/-   1.05288776E-02   1.10963686E+01
    17     1.0000E-04  -6.85095855E+00 +/-   1.05288898E-02   1.10963943E+01
    18     2.1544E-05  -6.85095859E+00 +/-   1.05288924E-02   1.10963999E+01
    19     4.6416E-06  -6.85095860E+00 +/-   1.05288930E-02   1.10964011E+01
    20     1.0000E-06  -6.85095860E+00 +/-   1.05288931E-02   1.10964013E+01
    21     0.0000E+00  -6.85095860E+00 +/-   1.05288931E-02   1.10964014E+01
* Iteration # 1: E =  -6.850958598103E+00 +/-   1.052889313269E-02
* Diminishing returns: exiting.
* After optimization:
  -9.1231E+00   8.2661E-01   5.6457E-01   2.2779E-01   5.7632E-02   5.3046E-02
  -1.0252E-01  -6.0594E-02  -5.1589E-01  -5.1751E-01  -2.3325E-01  -2.8966E-01
  -3.4233E-02  -2.7079E-02
  > Energy =  -6.850958598103E+00 +/-   1.052889313269E-02
  > varE =   1.109640138866E+01

VMC #8:
* Size of Hilbert space =   2.3639E+09
* Number of equil. steps   = 1000
* Running VMC equilibration.
  Done. [total walltime: 0.02s]
* Equil. acc.ratio (%)     =   5.7912
* Sample config after equilibration:
  +-----------+
  |  u   u   u|
  |d   d   d  |
  |  u   u   u|
  |d   d   d  |
  |  u   u   u|
  |d   d   d  |
  +-----------+
* Number of accum. steps   = 500480 x 10
* Running VMC accumulation.
  Done. [total walltime: 0.86s]
* Acceptance ratio (%)     =   5.5105
* Etot/t                   =  -6.841050733564E+00 +/-   4.808805357702E-03
  > Ttot/t                 =  -1.363466886016E+01 +/-   1.741575844405E-02
  > Utot/t                 =   6.793618126598E+00 +/-   1.673577253145E-02
* var[Eloc/t]              =   1.116265482356E+01 +/-   1.240090204096E-01
* Correlation length       =   1.036796754837E+00
* log10 Psi^2 range: -26.513892607794535 -- -13.220453030232601
* log10 Pgen range : -26.513892607794535 -- -13.220453030232601
* Site occupation (ave. no. electrons per config.):
  > Site_  ___eu____  ___ed____
      1        0.500      0.500
      2        0.500      0.500
      3        0.499      0.499
      4        0.500      0.501
      5        0.501      0.498
      6        0.496      0.502
      7        0.501      0.500
      8        0.500      0.500
      9        0.499      0.501
     10        0.501      0.499
     11        0.498      0.501
     12        0.501      0.499
     13        0.501      0.499
     14        0.501      0.500
     15        0.500      0.500
     16        0.498      0.500
     17        0.503      0.499
     18        0.499      0.500
* Pair-correlation analysis (ave. no. pairs per config.):
  > Shell  nsite  ___dh____  __eueu___  __eued___
      0      1        0          0          0.673
      1     18        0.639      5.869     29.547
      2     18        0.136     28.344      7.609
      3     18        0.123     28.258      7.714
      4     18        0.117      7.566     28.420
      5     18        0.026      1.962      7.037

Optimization #8:
* Method          : lls
* Target function : energy
* No. of configs. : 100096
* No. of params.  : 14
* Before optimization:
  -9.1231E+00   8.2661E-01   5.6457E-01   2.2779E-01   5.7632E-02   5.3046E-02
  -1.0252E-01  -6.0594E-02  -5.1589E-01  -5.1751E-01  -2.3325E-01  -2.8966E-01
  -3.4233E-02  -2.7079E-02
  > E    =  -6.842859576480E+00 +/-   1.038737772708E-02
  > varE =   1.080011977564E+01
* Computing derivatives.
  Done. [total walltime: 0.58s]
* Optimizing manipulation constant:
  #igrid a___________ E____________________________________ varE____________
     1     Infinity    -6.84285958E+00 +/-   1.03873777E-02   1.08001198E+01
     2     1.0000E+06  -6.84285959E+00 +/-   1.03873778E-02   1.08001200E+01
     3     2.1544E+05  -6.84285964E+00 +/-   1.03873782E-02   1.08001208E+01
     4     4.6416E+04  -6.84285988E+00 +/-   1.03873799E-02   1.08001244E+01
     5     1.0000E+04  -6.84286099E+00 +/-   1.03873880E-02   1.08001412E+01
     6     2.1544E+03  -6.84286608E+00 +/-   1.03874261E-02   1.08002204E+01
     7     4.6416E+02  -6.84288834E+00 +/-   1.03876120E-02   1.08006069E+01
     8     1.0000E+02  -6.84296834E+00 +/-   1.03886158E-02   1.08026945E+01
     9     2.1544E+01  -6.84311633E+00 +/-   1.03938543E-02   1.08135917E+01
    10     4.6416E+00  -6.84314785E+00 +/-   1.04076347E-02   1.08422847E+01
    11     1.0000E+00  -6.84303877E+00 +/-   1.04187370E-02   1.08654289E+01
    12     2.1544E-01  -6.84296613E+00 +/-   1.04213081E-02   1.08707923E+01
    13     4.6416E-02  -6.84294440E+00 +/-   1.04214522E-02   1.08710928E+01
    14     1.0000E-02  -6.84293928E+00 +/-   1.04214319E-02   1.08710505E+01
    15     2.1544E-03  -6.84293815E+00 +/-   1.04214244E-02   1.08710349E+01
    16     4.6416E-04  -6.84293791E+00 +/-   1.04214227E-02   1.08710312E+01
    17     1.0000E-04  -6.84293785E+00 +/-   1.04214223E-02   1.08710304E+01
    18     2.1544E-05  -6.84293784E+00 +/-   1.04214222E-02   1.08710302E+01
    19     4.6416E-06  -6.84293784E+00 +/-   1.04214222E-02   1.08710302E+01
    20     1.0000E-06  -6.84293784E+00 +/-   1.04214222E-02   1.08710302E+01
    21     0.0000E+00  -6.84293784E+00 +/-   1.04214222E-02   1.08710302E+01
  ParMin   1.1120E+01  -6.84315526E+00 +/-   1.03989830E-02   1.08242661E+01
  # Using parabolic minimum
* Iteration # 1: E =  -6.843155255583E+00 +/-   1.039898301090E-02
* Diminishing returns: exiting.
* After optimization:
  -9.2631E+00   8.3676E-01   5.7551E-01   2.3038E-01   7.1150E-02   4.0206E-02
  -1.0596E-01  -5.9683E-02  -5.2528E-01  -5.2409E-01  -2.3431E-01  -2.8966E-01
  -4.0957E-02  -3.3356E-02
  > Energy =  -6.843155255583E+00 +/-   1.039898301090E-02
  > varE =   1.082426609548E+01

VMC #9:
* Size of Hilbert space =   2.3639E+09
* Number of equil. steps   = 1000
* Running VMC equilibration.
  Done. [total walltime: 0.02s]
* Equil. acc.ratio (%)     =   5.7625
* Sample config after equilibration:
  +-----------+
  |  u   u   u|
  |d   d   d  |
  |  u   u   u|
  |d   d   d  |
  |  0   u   u|
  |2   d   d  |
  +-----------+
* Number of accum. steps   = 500480 x 10
* Running VMC accumulation.
  Done. [total walltime: 0.86s]
* Acceptance ratio (%)     =   5.4782
* Etot/t                   =  -6.838756101445E+00 +/-   4.786091993740E-03
  > Ttot/t                 =  -1.361678918969E+01 +/-   1.743943080563E-02
  > Utot/t                 =   6.778033088235E+00 +/-   1.676577940167E-02
* var[Eloc/t]              =   1.097164338020E+01 +/-   1.177555984890E-01
* Correlation length       =   1.044905771519E+00
* log10 Psi^2 range: -26.227724028407049 -- -14.247089732609007
* log10 Pgen range : -26.227724028407049 -- -14.247089732609007
* Site occupation (ave. no. electrons per config.):
  > Site_  ___eu____  ___ed____
      1        0.498      0.501
      2        0.502      0.500
      3        0.499      0.501
      4        0.499      0.501
      5        0.498      0.503
      6        0.501      0.498
      7        0.500      0.501
      8        0.500      0.501
      9        0.502      0.498
     10        0.498      0.500
     11        0.501      0.499
     12        0.499      0.501
     13        0.499      0.500
     14        0.501      0.498
     15        0.500      0.500
     16        0.501      0.500
     17        0.501      0.498
     18        0.501      0.499
* Pair-correlation analysis (ave. no. pairs per config.):
  > Shell  nsite  ___dh____  __eueu___  __eued___
      0      1        0          0          0.680
      1     18        0.647      5.908     29.504
      2     18        0.141     28.292      7.659
      3     18        0.122     28.213      7.763
      4     18        0.121      7.612     28.370
      5     18        0.027      1.975      7.024

Optimization #9:
* Method          : lls
* Target function : energy
* No. of configs. : 100096
* No. of params.  : 14
* Before optimization:
  -9.2631E+00   8.3676E-01   5.7551E-01   2.3038E-01   7.1150E-02   4.0206E-02
  -1.0596E-01  -5.9683E-02  -5.2528E-01  -5.2409E-01  -2.3431E-01  -2.8966E-01
  -4.0957E-02  -3.3356E-02
  > E    =  -6.833702315090E+00 +/-   1.037452323638E-02
  > varE =   1.077340578853E+01
* Computing derivatives.
  Done. [total walltime: 0.58s]
* Optimizing manipulation constant:
  #igrid a___________ E____________________________________ varE____________
     1     Infinity    -6.83370232E+00 +/-   1.03745232E-02   1.07734058E+01
     2     1.0000E+06  -6.83370233E+00 +/-   1.03745232E-02   1.07734057E+01
     3     2.1544E+05  -6.83370238E+00 +/-   1.03745230E-02   1.07734054E+01
     4     4.6416E+04  -6.83370263E+00 +/-   1.03745223E-02   1.07734039E+01
     5     1.0000E+04  -6.83370379E+00 +/-   1.03745190E-02   1.07733970E+01
     6     2.1544E+03  -6.83370909E+00 +/-   1.03745040E-02   1.07733658E+01
     7     4.6416E+02  -6.83373253E+00 +/-   1.03744423E-02   1.07732378E+01
     8     1.0000E+02  -6.83382081E+00 +/-   1.03742905E-02   1.07729224E+01
     9     2.1544E+01  -6.83402269E+00 +/-   1.03747110E-02   1.07737958E+01
    10     4.6416E+00  -6.83422438E+00 +/-   1.03769875E-02   1.07785245E+01
    11     1.0000E+00  -6.83434132E+00 +/-   1.03764394E-02   1.07773857E+01
    12     2.1544E-01  -6.83438024E+00 +/-   1.03723822E-02   1.07689595E+01
    13     4.6416E-02  -6.83438102E+00 +/-   1.03701080E-02   1.07642377E+01
    14     1.0000E-02  -6.83437954E+00 +/-   1.03694661E-02   1.07629051E+01
    15     2.1544E-03  -6.83437910E+00 +/-   1.03693187E-02   1.07625993E+01
    16     4.6416E-04  -6.83437900E+00 +/-   1.03692865E-02   1.07625324E+01
    17     1.0000E-04  -6.83437898E+00 +/-   1.03692796E-02   1.07625180E+01
    18     2.1544E-05  -6.83437897E+00 +/-   1.03692781E-02   1.07625149E+01
    19     4.6416E-06  -6.83437897E+00 +/-   1.03692777E-02   1.07625142E+01
    20     1.0000E-06  -6.83437897E+00 +/-   1.03692777E-02   1.07625141E+01
    21     0.0000E+00  -6.83437897E+00 +/-   1.03692777E-02   1.07625140E+01
* Iteration # 1: E =  -6.834379098779E+00 +/-   1.036931871670E-02
* Diminishing returns: exiting.
* After optimization:
  -8.8631E+00   8.1372E-01   5.5478E-01   2.1329E-01   3.5757E-02   3.1705E-02
  -1.0424E-01  -3.8332E-02  -5.2278E-01  -5.0308E-01  -2.2335E-01  -2.7384E-01
  -3.6529E-02  -1.7522E-02
  > Energy =  -6.834379098779E+00 +/-   1.036931871670E-02
  > varE =   1.076259925083E+01

VMC #10:
* Size of Hilbert space =   2.3639E+09
* Number of equil. steps   = 1000
* Running VMC equilibration.
  Done. [total walltime: 0.02s]
* Equil. acc.ratio (%)     =   5.5149
* Sample config after equilibration:
  +-----------+
  |  d   d   d|
  |u   u   u  |
  |  d   d   d|
  |u   u   u  |
  |  d   d   d|
  |u   u   u  |
  +-----------+
* Number of accum. steps   = 500480 x 10
* Running VMC accumulation.
  Done. [total walltime: 0.86s]
* Acceptance ratio (%)     =   5.3396
* Etot/t                   =  -6.848584631572E+00 +/-   4.849727144610E-03
  > Ttot/t                 =  -1.348731145381E+01 +/-   1.709027584649E-02
  > Utot/t                 =   6.638726822251E+00 +/-   1.624270217237E-02
* var[Eloc/t]              =   1.110077828808E+01 +/-   1.271979988317E-01
* Correlation length       =   1.060395578826E+00
* log10 Psi^2 range: -25.746102116753217 -- -12.588786576689643
* log10 Pgen range : -25.746102116753217 -- -12.588786576689643
* Site occupation (ave. no. electrons per config.):
  > Site_  ___eu____  ___ed____
      1        0.496      0.504
      2        0.503      0.497
      3        0.497      0.502
      4        0.503      0.497
      5        0.496      0.504
      6        0.505      0.495
      7        0.503      0.496
      8        0.497      0.503
      9        0.503      0.497
     10        0.498      0.503
     11        0.505      0.495
     12        0.496      0.506
     13        0.497      0.503
     14        0.503      0.497
     15        0.495      0.504
     16        0.504      0.496
     17        0.497      0.504
     18        0.504      0.497
* Pair-correlation analysis (ave. no. pairs per config.):
  > Shell  nsite  ___dh____  __eueu___  __eued___
      0      1        0          0          0.666
      1     18        0.634      5.709     29.714
      2     18        0.135     28.536      7.417
      3     18        0.122     28.474      7.498
      4     18        0.114      7.369     28.617
      5     18        0.025      1.912      7.088

Optimization #10:
* Method          : lls
* Target function : energy
* No. of configs. : 100096
* No. of params.  : 14
* Before optimization:
  -8.8631E+00   8.1372E-01   5.5478E-01   2.1329E-01   3.5757E-02   3.1705E-02
  -1.0424E-01  -3.8332E-02  -5.2278E-01  -5.0308E-01  -2.2335E-01  -2.7384E-01
  -3.6529E-02  -1.7522E-02
  > E    =  -6.866792097667E+00 +/-   1.075122276147E-02
  > varE =   1.156997561060E+01
* Computing derivatives.
  Done. [total walltime: 0.58s]
* Optimizing manipulation constant:
  #igrid a___________ E____________________________________ varE____________
     1     Infinity    -6.86679210E+00 +/-   1.07512228E-02   1.15699756E+01
     2     1.0000E+06  -6.86679213E+00 +/-   1.07512221E-02   1.15699742E+01
     3     2.1544E+05  -6.86679226E+00 +/-   1.07512196E-02   1.15699689E+01
     4     4.6416E+04  -6.86679287E+00 +/-   1.07512082E-02   1.15699442E+01
     5     1.0000E+04  -6.86679569E+00 +/-   1.07511552E-02   1.15698302E+01
     6     2.1544E+03  -6.86680860E+00 +/-   1.07509114E-02   1.15693055E+01
     7     4.6416E+02  -6.86686554E+00 +/-   1.07498222E-02   1.15669614E+01
     8     1.0000E+02  -6.86707853E+00 +/-   1.07455088E-02   1.15576806E+01
     9     2.1544E+01  -6.86756201E+00 +/-   1.07334669E-02   1.15317910E+01
    10     4.6416E+00  -6.86803791E+00 +/-   1.07147430E-02   1.14915931E+01
    11     1.0000E+00  -6.86821014E+00 +/-   1.07017646E-02   1.14637712E+01
    12     2.1544E-01  -6.86819514E+00 +/-   1.06980486E-02   1.14558114E+01
    13     4.6416E-02  -6.86817062E+00 +/-   1.06973848E-02   1.14543897E+01
    14     1.0000E-02  -6.86816291E+00 +/-   1.06972624E-02   1.14541277E+01
    15     2.1544E-03  -6.86816110E+00 +/-   1.06972373E-02   1.14540740E+01
    16     4.6416E-04  -6.86816070E+00 +/-   1.06972320E-02   1.14540626E+01
    17     1.0000E-04  -6.86816061E+00 +/-   1.06972308E-02   1.14540601E+01
    18     2.1544E-05  -6.86816059E+00 +/-   1.06972306E-02   1.14540596E+01
    19     4.6416E-06  -6.86816059E+00 +/-   1.06972305E-02   1.14540595E+01
    20     1.0000E-06  -6.86816059E+00 +/-   1.06972305E-02   1.14540594E+01
    21     0.0000E+00  -6.86816059E+00 +/-   1.06972305E-02   1.14540594E+01
  ParMin   4.7710E-01  -6.86821132E+00 +/-   1.06992436E-02   1.14583708E+01
  # Using parabolic minimum
* Iteration # 1: E =  -6.868211320051E+00 +/-   1.069924359610E-02
* Diminishing returns: exiting.
* After optimization:
  -9.2799E+00   8.3641E-01   5.6460E-01   2.4492E-01   7.3590E-02   6.6720E-02
  -1.1789E-01  -5.9806E-02  -5.1629E-01  -5.0523E-01  -2.4721E-01  -2.9565E-01
  -4.9340E-02  -3.1522E-02
  > Energy =  -6.868211320051E+00 +/-   1.069924359610E-02
  > varE =   1.145837083896E+01

VMC #11:
* Size of Hilbert space =   2.3639E+09
* Number of equil. steps   = 1000
* Running VMC equilibration.
  Done. [total walltime: 0.02s]
* Equil. acc.ratio (%)     =   5.6612
* Sample config after equilibration:
  +-----------+
  |  u   u   u|
  |d   d   d  |
  |  u   u   2|
  |0   d   d  |
  |  u   u   d|
  |d   d   u  |
  +-----------+
* Number of accum. steps   = 500480 x 10
* Running VMC accumulation.
  Done. [total walltime: 0.86s]
* Acceptance ratio (%)     =   5.5018
* Etot/t                   =  -6.844601391893E+00 +/-   4.765128430408E-03
  > Ttot/t                 =  -1.364715094431E+01 +/-   1.718744362206E-02
  > Utot/t                 =   6.802549552430E+00 +/-   1.646501978432E-02
* var[Eloc/t]              =   1.084087169808E+01 +/-   1.384589226004E-01
* Correlation length       =   1.048266586962E+00
* log10 Psi^2 range: -26.699113207516131 -- -14.135000259979885
* log10 Pgen range : -26.699113207516131 -- -14.135000259979885
* Site occupation (ave. no. electrons per config.):
  > Site_  ___eu____  ___ed____
      1        0.499      0.501
      2        0.502      0.499
      3        0.498      0.503
      4        0.501      0.498
      5        0.500      0.501
      6        0.501      0.499
      7        0.502      0.498
      8        0.498      0.502
      9        0.503      0.497
     10        0.497      0.503
     11        0.499      0.498
     12        0.499      0.502
     13        0.499      0.501
     14        0.500      0.498
     15        0.498      0.503
     16        0.503      0.497
     17        0.498      0.502
     18        0.501      0.499
* Pair-correlation analysis (ave. no. pairs per config.):
  > Shell  nsite  ___dh____  __eueu___  __eued___
      0      1        0          0          0.683
      1     18        0.652      5.767     29.635
      2     18        0.138     28.470      7.489
      3     18        0.127     28.385      7.589
      4     18        0.122      7.442     28.542
      5     18        0.029      1.936      7.062

Optimization #11:
* Method          : lls
* Target function : energy
* No. of configs. : 100096
* No. of params.  : 14
* Before optimization:
  -9.2799E+00   8.3641E-01   5.6460E-01   2.4492E-01   7.3590E-02   6.6720E-02
  -1.1789E-01  -5.9806E-02  -5.1629E-01  -5.0523E-01  -2.4721E-01  -2.9565E-01
  -4.9340E-02  -3.1522E-02
  > E    =  -6.843111104514E+00 +/-   1.053177996020E-02
  > varE =   1.110248707836E+01
* Computing derivatives.
  Done. [total walltime: 0.58s]
* Optimizing manipulation constant:
  #igrid a___________ E____________________________________ varE____________
     1     Infinity    -6.84311110E+00 +/-   1.05317800E-02   1.11024871E+01
     2     1.0000E+06  -6.84311114E+00 +/-   1.05317798E-02   1.11024868E+01
     3     2.1544E+05  -6.84311125E+00 +/-   1.05317793E-02   1.11024856E+01
     4     4.6416E+04  -6.84311177E+00 +/-   1.05317768E-02   1.11024803E+01
     5     1.0000E+04  -6.84311418E+00 +/-   1.05317651E-02   1.11024557E+01
     6     2.1544E+03  -6.84312526E+00 +/-   1.05317116E-02   1.11023429E+01
     7     4.6416E+02  -6.84317432E+00 +/-   1.05314748E-02   1.11018436E+01
     8     1.0000E+02  -6.84336067E+00 +/-   1.05305817E-02   1.10999608E+01
     9     2.1544E+01  -6.84379586E+00 +/-   1.05286192E-02   1.10958241E+01
    10     4.6416E+00  -6.84421883E+00 +/-   1.05271388E-02   1.10927040E+01
    11     1.0000E+00  -6.84437619E+00 +/-   1.05251189E-02   1.10884476E+01
    12     2.1544E-01  -6.84438098E+00 +/-   1.05218993E-02   1.10816647E+01
    13     4.6416E-02  -6.84436807E+00 +/-   1.05202692E-02   1.10782313E+01
    14     1.0000E-02  -6.84436357E+00 +/-   1.05198183E-02   1.10772817E+01
    15     2.1544E-03  -6.84436249E+00 +/-   1.05197153E-02   1.10770647E+01
    16     4.6416E-04  -6.84436225E+00 +/-   1.05196928E-02   1.10770173E+01
    17     1.0000E-04  -6.84436220E+00 +/-   1.05196879E-02   1.10770071E+01
    18     2.1544E-05  -6.84436219E+00 +/-   1.05196869E-02   1.10770049E+01
    19     4.6416E-06  -6.84436219E+00 +/-   1.05196866E-02   1.10770044E+01
    20     1.0000E-06  -6.84436219E+00 +/-   1.05196866E-02   1.10770043E+01
    21     0.0000E+00  -6.84436219E+00 +/-   1.05196866E-02   1.10770043E+01
  ParMin   1.7297E-01  -6.84437872E+00 +/-   1.05215489E-02   1.10809266E+01
  # Using grid point #12
* Iteration # 1: E =  -6.844380983691E+00 +/-   1.052189930614E-02
* Diminishing returns: exiting.
* After optimization:
  -9.5308E+00   8.4340E-01   5.8753E-01   2.4750E-01   8.8149E-02   6.9436E-02
  -1.1865E-01  -7.0474E-02  -5.2231E-01  -5.2325E-01  -2.4232E-01  -3.0180E-01
  -5.4705E-02  -5.1312E-02
  > Energy =  -6.844380983691E+00 +/-   1.052189930614E-02
  > varE =   1.108166469590E+01

VMC #12:
* Size of Hilbert space =   2.3639E+09
* Number of equil. steps   = 1000
* Running VMC equilibration.
  Done. [total walltime: 0.02s]
* Equil. acc.ratio (%)     =   5.7110
* Sample config after equilibration:
  +-----------+
  |  d   u   d|
  |d   d   2  |
  |  u   0   u|
  |d   2   d  |
  |  u   d   u|
  |u   0   u  |
  +-----------+
* Number of accum. steps   = 500480 x 10
* Running VMC accumulation.
  Done. [total walltime: 0.86s]
* Acceptance ratio (%)     =   5.4479
* Etot/t                   =  -6.853161060626E+00 +/-   4.835306338752E-03
  > Ttot/t                 =  -1.360589843273E+01 +/-   1.763707773992E-02
  > Utot/t                 =   6.752737372123E+00 +/-   1.681536669107E-02
* var[Eloc/t]              =   1.139566696925E+01 +/-   9.414772977150E-02
* Correlation length       =   1.026821529298E+00
* log10 Psi^2 range: -27.811422988642875 -- -15.171726113533968
* log10 Pgen range : -27.811422988642875 -- -15.171726113533968
* Site occupation (ave. no. electrons per config.):
  > Site_  ___eu____  ___ed____
      1        0.502      0.498
      2        0.499      0.500
      3        0.502      0.499
      4        0.499      0.501
      5        0.500      0.499
      6        0.501      0.501
      7        0.501      0.500
      8        0.499      0.501
      9        0.500      0.500
     10        0.500      0.500
     11        0.500      0.501
     12        0.502      0.498
     13        0.499      0.500
     14        0.499      0.502
     15        0.499      0.500
     16        0.500      0.500
     17        0.499      0.500
     18        0.500      0.500
* Pair-correlation analysis (ave. no. pairs per config.):
  > Shell  nsite  ___dh____  __eueu___  __eued___
      0      1        0          0          0.675
      1     18        0.636      5.697     29.724
      2     18        0.138     28.557      7.394
      3     18        0.124     28.486      7.486
      4     18        0.118      7.356     28.628
      5     18        0.027      1.905      7.094

Optimization #12:
* Method          : lls
* Target function : energy
* No. of configs. : 100096
* No. of params.  : 14
* Before optimization:
  -9.5308E+00   8.4340E-01   5.8753E-01   2.4750E-01   8.8149E-02   6.9436E-02
  -1.1865E-01  -7.0474E-02  -5.2231E-01  -5.2325E-01  -2.4232E-01  -3.0180E-01
  -5.4705E-02  -5.1312E-02
  > E    =  -6.853812139707E+00 +/-   1.058063959384E-02
  > varE =   1.120574061517E+01
* Computing derivatives.
  Done. [total walltime: 0.68s]
* Optimizing manipulation constant:
  #igrid a___________ E____________________________________ varE____________
     1     Infinity    -6.85381214E+00 +/-   1.05806396E-02   1.12057406E+01
     2     1.0000E+06  -6.85381216E+00 +/-   1.05806396E-02   1.12057406E+01
     3     2.1544E+05  -6.85381223E+00 +/-   1.05806395E-02   1.12057405E+01
     4     4.6416E+04  -6.85381256E+00 +/-   1.05806394E-02   1.12057401E+01
     5     1.0000E+04  -6.85381408E+00 +/-   1.05806386E-02   1.12057384E+01
     6     2.1544E+03  -6.85382104E+00 +/-   1.05806355E-02   1.12057320E+01
     7     4.6416E+02  -6.85385103E+00 +/-   1.05806348E-02   1.12057304E+01
     8     1.0000E+02  -6.85395118E+00 +/-   1.05808355E-02   1.12061557E+01
     9     2.1544E+01  -6.85407312E+00 +/-   1.05828563E-02   1.12104364E+01
    10     4.6416E+00  -6.85397416E+00 +/-   1.05875370E-02   1.12203551E+01
    11     1.0000E+00  -6.85386120E+00 +/-   1.05907414E-02   1.12271482E+01
    12     2.1544E-01  -6.85382813E+00 +/-   1.05922704E-02   1.12303902E+01
    13     4.6416E-02  -6.85382081E+00 +/-   1.05928159E-02   1.12315468E+01
    14     1.0000E-02  -6.85381922E+00 +/-   1.05929552E-02   1.12318421E+01
    15     2.1544E-03  -6.85381887E+00 +/-   1.05929864E-02   1.12319085E+01
    16     4.6416E-04  -6.85381880E+00 +/-   1.05929932E-02   1.12319229E+01
    17     1.0000E-04  -6.85381878E+00 +/-   1.05929947E-02   1.12319260E+01
    18     2.1544E-05  -6.85381878E+00 +/-   1.05929950E-02   1.12319267E+01
    19     4.6416E-06  -6.85381878E+00 +/-   1.05929951E-02   1.12319268E+01
    20     1.0000E-06  -6.85381878E+00 +/-   1.05929951E-02   1.12319269E+01
    21     0.0000E+00  -6.85381878E+00 +/-   1.05929951E-02   1.12319269E+01
* Iteration # 1: E =  -6.854073116894E+00 +/-   1.058285627350E-02
* Diminishing returns: exiting.
* After optimization:
  -8.9752E+00   8.1524E-01   5.4986E-01   2.2135E-01   4.8044E-02   5.3966E-02
  -1.0555E-01  -5.7197E-02  -5.0547E-01  -5.0671E-01  -2.2577E-01  -2.8478E-01
  -3.3989E-02  -3.0549E-02
  > Energy =  -6.854073116894E+00 +/-   1.058285627350E-02
  > varE =   1.121043638786E+01

VMC #13:
* Size of Hilbert space =   2.3639E+09
* Number of equil. steps   = 1000
* Running VMC equilibration.
  Done. [total walltime: 0.02s]
* Equil. acc.ratio (%)     =   5.6793
* Sample config after equilibration:
  +-----------+
  |  u   d   d|
  |d   u   u  |
  |  d   u   u|
  |d   u   d  |
  |  0   u   u|
  |d   2   d  |
  +-----------+
* Number of accum. steps   = 500480 x 10
* Running VMC accumulation.
  Done. [total walltime: 0.86s]
* Acceptance ratio (%)     =   5.4425
* Etot/t                   =  -6.853532761853E+00 +/-   4.827352847967E-03
  > Ttot/t                 =  -1.357761764039E+01 +/-   1.766852577952E-02
  > Utot/t                 =   6.724084878517E+00 +/-   1.688406084817E-02
* var[Eloc/t]              =   1.102321715133E+01 +/-   1.645557159783E-01
* Correlation length       =   1.058026273122E+00
* log10 Psi^2 range: -25.392628596182277 -- -13.133027255866235
* log10 Pgen range : -25.392628596182277 -- -13.133027255866235
* Site occupation (ave. no. electrons per config.):
  > Site_  ___eu____  ___ed____
      1        0.499      0.501
      2        0.501      0.499
      3        0.500      0.502
      4        0.500      0.499
      5        0.500      0.502
      6        0.499      0.499
      7        0.502      0.498
      8        0.498      0.501
      9        0.499      0.500
     10        0.500      0.500
     11        0.502      0.499
     12        0.499      0.501
     13        0.501      0.500
     14        0.500      0.500
     15        0.501      0.499
     16        0.500      0.499
     17        0.499      0.501
     18        0.500      0.500
* Pair-correlation analysis (ave. no. pairs per config.):
  > Shell  nsite  ___dh____  __eueu___  __eued___
      0      1        0          0          0.673
      1     18        0.638      5.692     29.726
      2     18        0.136     28.567      7.387
      3     18        0.122     28.484      7.491
      4     18        0.118      7.355     28.629
      5     18        0.028      1.903      7.094

Optimization #13:
* Method          : lls
* Target function : energy
* No. of configs. : 100096
* No. of params.  : 14
* Before optimization:
  -8.9752E+00   8.1524E-01   5.4986E-01   2.2135E-01   4.8044E-02   5.3966E-02
  -1.0555E-01  -5.7197E-02  -5.0547E-01  -5.0671E-01  -2.2577E-01  -2.8478E-01
  -3.3989E-02  -3.0549E-02
  > E    =  -6.861453020219E+00 +/-   1.073293099960E-02
  > varE =   1.153063958176E+01
* Computing derivatives.
  Done. [total walltime: 0.57s]
* Optimizing manipulation constant:
  #igrid a___________ E____________________________________ varE____________
     1     Infinity    -6.86145302E+00 +/-   1.07329310E-02   1.15306396E+01
     2     1.0000E+06  -6.86145305E+00 +/-   1.07329303E-02   1.15306382E+01
     3     2.1544E+05  -6.86145314E+00 +/-   1.07329280E-02   1.15306330E+01
     4     4.6416E+04  -6.86145357E+00 +/-   1.07329169E-02   1.15306092E+01
     5     1.0000E+04  -6.86145555E+00 +/-   1.07328655E-02   1.15304988E+01
     6     2.1544E+03  -6.86146464E+00 +/-   1.07326289E-02   1.15299905E+01
     7     4.6416E+02  -6.86150461E+00 +/-   1.07315693E-02   1.15277140E+01
     8     1.0000E+02  -6.86165172E+00 +/-   1.07273453E-02   1.15186409E+01
     9     2.1544E+01  -6.86195319E+00 +/-   1.07156792E-02   1.14936013E+01
    10     4.6416E+00  -6.86215235E+00 +/-   1.06992591E-02   1.14584040E+01
    11     1.0000E+00  -6.86219183E+00 +/-   1.06886441E-02   1.14356790E+01
    12     2.1544E-01  -6.86219330E+00 +/-   1.06850144E-02   1.14279136E+01
    13     4.6416E-02  -6.86219283E+00 +/-   1.06841013E-02   1.14259606E+01
    14     1.0000E-02  -6.86219269E+00 +/-   1.06838958E-02   1.14255208E+01
    15     2.1544E-03  -6.86219266E+00 +/-   1.06838510E-02   1.14254251E+01
    16     4.6416E-04  -6.86219265E+00 +/-   1.06838413E-02   1.14254044E+01
    17     1.0000E-04  -6.86219265E+00 +/-   1.06838392E-02   1.14254000E+01
    18     2.1544E-05  -6.86219265E+00 +/-   1.06838388E-02   1.14253990E+01
    19     4.6416E-06  -6.86219265E+00 +/-   1.06838387E-02   1.14253988E+01
    20     1.0000E-06  -6.86219265E+00 +/-   1.06838387E-02   1.14253988E+01
    21     0.0000E+00  -6.86219265E+00 +/-   1.06838387E-02   1.14253987E+01
* Iteration # 1: E =  -6.862192651595E+00 +/-   1.068383867613E-02
* Diminishing returns: exiting.
* After optimization:
  -8.9987E+00   8.0566E-01   5.4680E-01   2.3777E-01   7.4310E-02   5.4052E-02
  -1.0357E-01  -4.0390E-02  -5.1284E-01  -4.9870E-01  -2.4042E-01  -2.9358E-01
  -4.1379E-02  -2.7584E-02
  > Energy =  -6.862192651595E+00 +/-   1.068383867613E-02
  > varE =   1.142539874900E+01

VMC #14:
* Size of Hilbert space =   2.3639E+09
* Number of equil. steps   = 1000
* Running VMC equilibration.
  Done. [total walltime: 0.02s]
* Equil. acc.ratio (%)     =   5.7469
* Sample config after equilibration:
  +-----------+
  |  u   d   u|
  |d   u   d  |
  |  u   d   u|
  |d   d   d  |
  |  u   u   u|
  |d   d   u  |
  +-----------+
* Number of accum. steps   = 500480 x 10
* Running VMC accumulation.
  Done. [total walltime: 0.86s]
* Acceptance ratio (%)     =   5.5167
* Etot/t                   =  -6.852141211511E+00 +/-   4.664409898842E-03
  > Ttot/t                 =  -1.363534933170E+01 +/-   1.764030784914E-02
  > Utot/t                 =   6.783208120205E+00 +/-   1.678773777964E-02
* var[Eloc/t]              =   1.080839544703E+01 +/-   1.101094196406E-01
* Correlation length       =   1.007439367946E+00
* log10 Psi^2 range: -26.631317888472175 -- -12.562489388023074
* log10 Pgen range : -26.631317888472175 -- -12.562489388023074
* Site occupation (ave. no. electrons per config.):
  > Site_  ___eu____  ___ed____
      1        0.505      0.498
      2        0.497      0.502
      3        0.502      0.498
      4        0.497      0.505
      5        0.502      0.498
      6        0.498      0.502
      7        0.497      0.501
      8        0.502      0.497
      9        0.499      0.502
     10        0.503      0.496
     11        0.498      0.503
     12        0.501      0.499
     13        0.503      0.498
     14        0.498      0.502
     15        0.503      0.499
     16        0.496      0.502
     17        0.503      0.497
     18        0.499      0.502
* Pair-correlation analysis (ave. no. pairs per config.):
  > Shell  nsite  ___dh____  __eueu___  __eued___
      0      1        0          0          0.677
      1     18        0.641      5.672     29.744
      2     18        0.136     28.586      7.371
      3     18        0.127     28.519      7.451
      4     18        0.124      7.325     28.656
      5     18        0.027      1.898      7.101

Optimization #14:
* Method          : lls
* Target function : energy
* No. of configs. : 100096
* No. of params.  : 14
* Before optimization:
  -8.9987E+00   8.0566E-01   5.4680E-01   2.3777E-01   7.4310E-02   5.4052E-02
  -1.0357E-01  -4.0390E-02  -5.1284E-01  -4.9870E-01  -2.4042E-01  -2.9358E-01
  -4.1379E-02  -2.7584E-02
  > E    =  -6.856373742392E+00 +/-   1.060749001379E-02
  > varE =   1.126268624832E+01
* Computing derivatives.
  Done. [total walltime: 0.58s]
* Optimizing manipulation constant:
  #igrid a___________ E____________________________________ varE____________
     1     Infinity    -6.85637374E+00 +/-   1.06074900E-02   1.12626862E+01
     2     1.0000E+06  -6.85637377E+00 +/-   1.06074899E-02   1.12626860E+01
     3     2.1544E+05  -6.85637389E+00 +/-   1.06074895E-02   1.12626851E+01
     4     4.6416E+04  -6.85637441E+00 +/-   1.06074874E-02   1.12626808E+01
     5     1.0000E+04  -6.85637682E+00 +/-   1.06074781E-02   1.12626609E+01
     6     2.1544E+03  -6.85638789E+00 +/-   1.06074353E-02   1.12625700E+01
     7     4.6416E+02  -6.85643632E+00 +/-   1.06072507E-02   1.12621781E+01
     8     1.0000E+02  -6.85661058E+00 +/-   1.06066236E-02   1.12608465E+01
     9     2.1544E+01  -6.85693633E+00 +/-   1.06055644E-02   1.12585975E+01
    10     4.6416E+00  -6.85707917E+00 +/-   1.06045083E-02   1.12563554E+01
    11     1.0000E+00  -6.85705349E+00 +/-   1.06045168E-02   1.12563733E+01
    12     2.1544E-01  -6.85702330E+00 +/-   1.06059110E-02   1.12593334E+01
    13     4.6416E-02  -6.85701110E+00 +/-   1.06066850E-02   1.12609769E+01
    14     1.0000E-02  -6.85700786E+00 +/-   1.06069008E-02   1.12614350E+01
    15     2.1544E-03  -6.85700712E+00 +/-   1.06069501E-02   1.12615398E+01
    16     4.6416E-04  -6.85700696E+00 +/-   1.06069609E-02   1.12615627E+01
    17     1.0000E-04  -6.85700693E+00 +/-   1.06069632E-02   1.12615677E+01
    18     2.1544E-05  -6.85700692E+00 +/-   1.06069638E-02   1.12615687E+01
    19     4.6416E-06  -6.85700692E+00 +/-   1.06069639E-02   1.12615690E+01
    20     1.0000E-06  -6.85700692E+00 +/-   1.06069639E-02   1.12615690E+01
    21     0.0000E+00  -6.85700692E+00 +/-   1.06069639E-02   1.12615690E+01
  ParMin   2.7111E+00  -6.85707644E+00 +/-   1.06042595E-02   1.12558272E+01
  # Using grid point #10
* Iteration # 1: E =  -6.857079171001E+00 +/-   1.060450831902E-02
* Diminishing returns: exiting.
* After optimization:
  -8.3039E+00   7.6679E-01   5.0908E-01   2.0584E-01   3.0893E-02   3.9871E-02
  -8.5786E-02  -2.2717E-02  -4.8490E-01  -4.7231E-01  -2.1269E-01  -2.6587E-01
  -2.8681E-02  -1.6486E-02
  > Energy =  -6.857079171001E+00 +/-   1.060450831902E-02
  > varE =   1.125635540611E+01

VMC #15:
* Size of Hilbert space =   2.3639E+09
* Number of equil. steps   = 1000
* Running VMC equilibration.
  Done. [total walltime: 0.02s]
* Equil. acc.ratio (%)     =   5.8172
* Sample config after equilibration:
  +-----------+
  |  2   d   d|
  |u   0   u  |
  |  d   d   d|
  |u   u   u  |
  |  d   d   u|
  |u   u   d  |
  +-----------+
* Number of accum. steps   = 500480 x 10
* Running VMC accumulation.
  Done. [total walltime: 0.85s]
* Acceptance ratio (%)     =   5.5704
* Etot/t                   =  -6.847201366546E+00 +/-   4.752586762615E-03
  > Ttot/t                 =  -1.370046223610E+01 +/-   1.788627213720E-02
  > Utot/t                 =   6.853260869565E+00 +/-   1.716043840754E-02
* var[Eloc/t]              =   1.094216531197E+01 +/-   1.331837750544E-01
* Correlation length       =   1.033102858953E+00
* log10 Psi^2 range: -23.315835088809518 -- -10.322768988510500
* log10 Pgen range : -23.315835088809518 -- -10.322768988510500
* Site occupation (ave. no. electrons per config.):
  > Site_  ___eu____  ___ed____
      1        0.499      0.503
      2        0.503      0.497
      3        0.499      0.501
      4        0.503      0.499
      5        0.498      0.499
      6        0.503      0.496
      7        0.501      0.499
      8        0.499      0.500
      9        0.500      0.501
     10        0.499      0.502
     11        0.501      0.499
     12        0.499      0.501
     13        0.497      0.502
     14        0.501      0.500
     15        0.496      0.503
     16        0.501      0.498
     17        0.498      0.501
     18        0.501      0.499
* Pair-correlation analysis (ave. no. pairs per config.):
  > Shell  nsite  ___dh____  __eueu___  __eued___
      0      1        0          0          0.685
      1     18        0.649      5.732     29.680
      2     18        0.143     28.507      7.445
      3     18        0.131     28.422      7.547
      4     18        0.124      7.415     28.569
      5     18        0.028      1.923      7.074

VDAGGER finished.
Total VDAGGER walltime: 39.5s

Run ended: Fri Jan 16 09:20:53 CET 2026
