Run started: Fri Jan 16 10:18:11 CET 2026
Using VDAGGER_ARCH = gnu7_fkfamd_cluster
Running 1x128 MPI processes.

                               xx
                              +##
                               #X
                               Xx
                          X##XxXxxX##x
                           +   Xx  ++
                               ##
                              +##
                              +##
     ++++         ++          +##
   xX+++##+      ####         +##
  Xx    ###      +X##          ##
 xX    X##+        ##          #X
 +    x##X         #x          #X
      ###         +#           x+
     X##+         #+
     ###         Xx                    _______
     ##X       +X+   __________________VDAGGER
     +##x    +xX     2nd quantized variational
       +xxxxx+       ______quantum Monte Carlo

* Running 128 MPI processes.
* Input file: "input.01.casl"

############# Start of input file dump #############
General:
  Random seed: timer

Plan:
  VMC-optimization:
    Minimum cycles: 10
    Convergence cycles: 7

System:
  Hubbard model:
    Primitive cell:
      a_1: [ 1.0, 1.0 ]
      a_2: [ -1.0, 1.0 ]
    Simulation cell:
      a_1: [ 6.0, 0.0 ]
      a_2: [ 0.0, 6.0 ]
    U: 10.0
    Dump Hamiltonian: FCIDUMP.new
    Dump orbitals: LTSC.new
  netot: 18

VMC:
  nstep: 500000
  nconfig: 100000

Jastrow: wfn.casl
############## End of input file dump ##############

General setup:
* Random seed: 974996954 (from timer)

Hubbard system:
* Dimensionality        : 2
* Simulation cell:
  > a_1 =   6.000000000000E+00   0.000000000000E+00
  > a_2 =   0.000000000000E+00   6.000000000000E+00
* Primitive cell:
  > a_1 =   1.000000000000E+00   1.000000000000E+00
  > a_2 =  -1.000000000000E+00   1.000000000000E+00
* Prim.cells in sim.cell: 18
* Number of sublattices : 1
* # real-space shells   : 5
  > Shell #1: 4 sites, rij =  1.4142E+00
  > Shell #2: 4 sites, rij =  2.0000E+00
  > Shell #3: 4 sites, rij =  2.8284E+00
  > Shell #4: 4 sites, rij =  3.1623E+00
  > Shell #5: 1 sites, rij =  4.2426E+00
* Site labels:
  +-----------------+
  |    6    11    16|
  |15     5    10   |
  |   14     4     9|
  | 8    13     3   |
  |    7    18     2|
  | 1    12    17   |
  +-----------------+
* Shell diagram:
  +-----------+
  |  4   4   5|
  |3   2   3  |
  |  1   1   4|
  |2   0   2  |
  |  1   1   4|
  |3   2   3  |
  +-----------+
* Hop multiplicity diagram:
  +-----------+
  |  -   -   -|
  |-   -   -  |
  |  1   1   -|
  |-   0   -  |
  |  1   1   -|
  |-   -   -  |
  +-----------+
* Reciprocal lattice of the simulation cell:
  > b_1 =   1.047197551197E+00  -0.000000000000E+00
  > b_2 =  -0.000000000000E+00   1.047197551197E+00
* k-vector offset:
  > Fractional:   0.000000000000E+00   0.000000000000E+00
  > Absolute  :   0.000000000000E+00   0.000000000000E+00
* G-vector occupation diagram:
  +------0------+
  |      -      |
  |    - - -    |
  |  - 2 2 2 -  |
  0- - 2 2 2 - -0
  |  - 2 2 2 -  |
  |    - - -    |
  |      -      |
  +------0------+
* G-vectors and non-interacting energy levels:
  > G_1 = [   0.0000E+00,  0.0000E+00,  0.0000E+00 ], e =  -4.0000E+00
  > G_2 = [  -1.0472E+00,  0.0000E+00,  0.0000E+00 ], e =  -2.0000E+00
  > G_3 = [   1.0472E+00,  0.0000E+00,  0.0000E+00 ], e =  -2.0000E+00
  > G_4 = [   0.0000E+00,  1.0472E+00,  0.0000E+00 ], e =  -2.0000E+00
  > G_5 = [   0.0000E+00, -1.0472E+00,  0.0000E+00 ], e =  -2.0000E+00
  > G_6 = [  -1.0472E+00, -1.0472E+00,  0.0000E+00 ], e =  -1.0000E+00
  > G_7 = [   1.0472E+00,  1.0472E+00,  0.0000E+00 ], e =  -1.0000E+00
  > G_8 = [   1.0472E+00, -1.0472E+00,  0.0000E+00 ], e =  -1.0000E+00
  > G_9 = [  -1.0472E+00,  1.0472E+00,  0.0000E+00 ], e =  -1.0000E+00 = e_F
  > G_10 = [  -2.0944E+00, -1.0472E+00,  0.0000E+00 ], e =   1.0000E+00
  > G_11 = [   2.0944E+00,  1.0472E+00,  0.0000E+00 ], e =   1.0000E+00
  > G_12 = [   1.0472E+00,  2.0944E+00,  0.0000E+00 ], e =   1.0000E+00
  > G_13 = [  -1.0472E+00, -2.0944E+00,  0.0000E+00 ], e =   1.0000E+00
  > ...
* U/t                   :  1.00000000000E+01
* Hartree-Fock Etot/t   :  1.30000000000E+01
  > Ttot/t              : -3.20000000000E+01
  > Utot/t              :  4.50000000000E+01
* Writing Hamiltonian to "FCIDUMP.new".
* Writing orbitals to "LTSC.new".
* Analysis of Hamiltonian connecitivity performed:
  - U_iiii [opp] (local, 1-site): 18 (i) values
  - T_ji (single, 2-site): 72 contribs. from 18 (i) values
  - Max. no. wfn. ratios in Eloc: 4
* Site labels:
  +-----------------+
  |    6    11    16|
  |15     5    10   |
  |   14     4     9|
  | 8    13     3   |
  |    7    18     2|
  | 1    12    17   |
  +-----------------+
* Model system Site kinds:
  [ 1, 1, 1, 1, 1, 1, 1, 1, 1, 1, 1, 1, 1, 1, 1, 1, 1, 1 ]
  +-----------+
  |  1   1   1|
  |1   1   1  |
  |  1   1   1|
  |1   1   1  |
  |  1   1   1|
  |1   1   1  |
  +-----------+
* Maximum Site kind: 1
* Model system Site pair kinds:
  Site 1: [ 0, 1, 3, 5, 3, 1, 1, 2, 4, 3, 4, 2, 3, 4, 2, 1, 2, 4 ]
  Site 2: [ 1, 0, 1, 3, 5, 3, 2, 1, 2, 4, 3, 4, 4, 3, 4, 2, 1, 2 ]
  Site 3: [ 3, 1, 0, 1, 3, 5, 4, 2, 1, 2, 4, 3, 2, 4, 3, 4, 2, 1 ]
  Site 4: [ 5, 3, 1, 0, 1, 3, 3, 4, 2, 1, 2, 4, 1, 2, 4, 3, 4, 2 ]
  Site 5: [ 3, 5, 3, 1, 0, 1, 4, 3, 4, 2, 1, 2, 2, 1, 2, 4, 3, 4 ]
  Site 6: [ 1, 3, 5, 3, 1, 0, 2, 4, 3, 4, 2, 1, 4, 2, 1, 2, 4, 3 ]
  Site 7: [ 1, 2, 4, 3, 4, 2, 0, 1, 3, 5, 3, 1, 1, 2, 4, 3, 4, 2 ]
  Site 8: [ 2, 1, 2, 4, 3, 4, 1, 0, 1, 3, 5, 3, 2, 1, 2, 4, 3, 4 ]
  Site 9: [ 4, 2, 1, 2, 4, 3, 3, 1, 0, 1, 3, 5, 4, 2, 1, 2, 4, 3 ]
  Site 10: [ 3, 4, 2, 1, 2, 4, 5, 3, 1, 0, 1, 3, 3, 4, 2, 1, 2, 4 ]
  Site 11: [ 4, 3, 4, 2, 1, 2, 3, 5, 3, 1, 0, 1, 4, 3, 4, 2, 1, 2 ]
  Site 12: [ 2, 4, 3, 4, 2, 1, 1, 3, 5, 3, 1, 0, 2, 4, 3, 4, 2, 1 ]
  Site 13: [ 3, 4, 2, 1, 2, 4, 1, 2, 4, 3, 4, 2, 0, 1, 3, 5, 3, 1 ]
  Site 14: [ 4, 3, 4, 2, 1, 2, 2, 1, 2, 4, 3, 4, 1, 0, 1, 3, 5, 3 ]
  Site 15: [ 2, 4, 3, 4, 2, 1, 4, 2, 1, 2, 4, 3, 3, 1, 0, 1, 3, 5 ]
  Site 16: [ 1, 2, 4, 3, 4, 2, 3, 4, 2, 1, 2, 4, 5, 3, 1, 0, 1, 3 ]
  Site 17: [ 2, 1, 2, 4, 3, 4, 4, 3, 4, 2, 1, 2, 3, 5, 3, 1, 0, 1 ]
  Site 18: [ 4, 2, 1, 2, 4, 3, 2, 4, 3, 4, 2, 1, 1, 3, 5, 3, 1, 0 ]
  For site 1 of kind 1:
  +-----------+
  |  1   4   1|
  |2   3   3  |
  |  4   5   4|
  |2   3   3  |
  |  1   4   1|
  |0   2   2  |
  +-----------+
* Maximum (unsigned) Site pair kind: 5

General system setup:
* Number of sites       : 18
* Number of electrons   : 18
* Spin imbalance MS2    : 0
* Filling               : 0.500000
* Number of orbitals in pool: 21
* Using real-valued orbitals
* Using double-precision arithmetic for orbitals

Trial wave function setup:
* Jastrow parameter file: "wfn.casl"
* Not using multideterminants
* Not using a backflow transformation
* Not using wave function manipulation

VMC #1:
* Size of Hilbert space =   2.3639E+09
* Number of equil. steps   = 1000
* Running VMC equilibration.
  Done. [total walltime: 0.03s]
* Equil. acc.ratio (%)     =   5.8332
* Sample config after equilibration:
  +-----------+
  |  d   d   d|
  |u   u   u  |
  |  d   d   d|
  |u   u   u  |
  |  d   d   d|
  |u   u   u  |
  +-----------+
* Number of accum. steps   = 500480 x 10
* Running VMC accumulation.
  Done. [total walltime: 1.28s]
* Acceptance ratio (%)     =   5.5722
* Etot/t                   =  -6.839528250946E+00 +/-   4.761592307309E-03
  > Ttot/t                 =  -1.367764366014E+01 +/-   1.826974043562E-02
  > Utot/t                 =   6.838115409207E+00 +/-   1.751842825406E-02
* var[Eloc/t]              =   1.083776934576E+01 +/-   1.288147466547E-01
* Correlation length       =   1.047010986664E+00
* log10 Psi^2 range: -23.268222122564342 -- -10.521534947486352
* log10 Pgen range : -23.268222122564342 -- -10.521534947486352
* Site occupation (ave. no. electrons per config.):
  > Site_  ___eu____  ___ed____
      1        0.506      0.495
      2        0.493      0.506
      3        0.506      0.495
      4        0.494      0.506
      5        0.506      0.494
      6        0.495      0.504
      7        0.495      0.505
      8        0.505      0.494
      9        0.495      0.505
     10        0.506      0.495
     11        0.494      0.506
     12        0.505      0.494
     13        0.506      0.495
     14        0.496      0.504
     15        0.506      0.495
     16        0.495      0.506
     17        0.504      0.496
     18        0.495      0.506
* Pair-correlation analysis (ave. no. pairs per config.):
  > Shell  nsite  ___dh____  __eueu___  __eued___
      0      1        0          0          0.682
      1     18        0.647      5.708     29.704
      2     18        0.140     28.538      7.417
      3     18        0.130     28.455      7.515
      4     18        0.121      7.384     28.599
      5     18        0.028      1.914      7.084

Optimization #1:
* Method          : lls
* Target function : energy
* No. of configs. : 100096
* No. of params.  : 14
* Before optimization:
  -8.3039E+00   7.6679E-01   5.0908E-01   2.0584E-01   3.0893E-02   3.9871E-02
  -8.5786E-02  -2.2717E-02  -4.8490E-01  -4.7231E-01  -2.1269E-01  -2.6587E-01
  -2.8681E-02  -1.6486E-02
  > E    =  -6.845490599627E+00 +/-   1.026924777601E-02
  > varE =   1.055586890369E+01
* Computing derivatives.
  Done. [total walltime: 0.56s]
* Optimizing manipulation constant:
  #igrid a___________ E____________________________________ varE____________
     1     Infinity    -6.84549060E+00 +/-   1.02692478E-02   1.05558689E+01
     2     1.0000E+06  -6.84549062E+00 +/-   1.02692477E-02   1.05558687E+01
     3     2.1544E+05  -6.84549071E+00 +/-   1.02692474E-02   1.05558681E+01
     4     4.6416E+04  -6.84549109E+00 +/-   1.02692459E-02   1.05558651E+01
     5     1.0000E+04  -6.84549288E+00 +/-   1.02692393E-02   1.05558514E+01
     6     2.1544E+03  -6.84550109E+00 +/-   1.02692092E-02   1.05557895E+01
     7     4.6416E+02  -6.84553711E+00 +/-   1.02690856E-02   1.05555354E+01
     8     1.0000E+02  -6.84566876E+00 +/-   1.02687801E-02   1.05549074E+01
     9     2.1544E+01  -6.84593693E+00 +/-   1.02695707E-02   1.05565328E+01
    10     4.6416E+00  -6.84611935E+00 +/-   1.02744787E-02   1.05666254E+01
    11     1.0000E+00  -6.84614972E+00 +/-   1.02788561E-02   1.05756311E+01
    12     2.1544E-01  -6.84614456E+00 +/-   1.02798788E-02   1.05777356E+01
    13     4.6416E-02  -6.84614159E+00 +/-   1.02799460E-02   1.05778740E+01
    14     1.0000E-02  -6.84614079E+00 +/-   1.02799415E-02   1.05778648E+01
    15     2.1544E-03  -6.84614061E+00 +/-   1.02799394E-02   1.05778604E+01
    16     4.6416E-04  -6.84614058E+00 +/-   1.02799389E-02   1.05778594E+01
    17     1.0000E-04  -6.84614057E+00 +/-   1.02799388E-02   1.05778592E+01
    18     2.1544E-05  -6.84614056E+00 +/-   1.02799388E-02   1.05778591E+01
    19     4.6416E-06  -6.84614056E+00 +/-   1.02799388E-02   1.05778591E+01
    20     1.0000E-06  -6.84614056E+00 +/-   1.02799388E-02   1.05778591E+01
    21     0.0000E+00  -6.84614056E+00 +/-   1.02799388E-02   1.05778591E+01
  ParMin   7.6209E-01  -6.84614921E+00 +/-   1.02792146E-02   1.05763688E+01
  # Using grid point #11
* Iteration # 1: E =  -6.846149724015E+00 +/-   1.027885609549E-02
* Diminishing returns: exiting.
* After optimization:
  -8.9743E+00   8.0920E-01   5.4700E-01   2.3256E-01   5.7864E-02   6.3154E-02
  -1.0703E-01  -5.0937E-02  -4.9911E-01  -4.9340E-01  -2.3080E-01  -2.8877E-01
  -4.3862E-02  -3.8041E-02
  > Energy =  -6.846149724015E+00 +/-   1.027885609549E-02
  > varE =   1.057563113190E+01

VMC #2:
* Size of Hilbert space =   2.3639E+09
* Number of equil. steps   = 1000
* Running VMC equilibration.
  Done. [total walltime: 0.02s]
* Equil. acc.ratio (%)     =   5.7234
* Sample config after equilibration:
  +-----------+
  |  d   d   d|
  |u   u   u  |
  |  d   d   u|
  |d   u   u  |
  |  u   0   u|
  |d   d   2  |
  +-----------+
* Number of accum. steps   = 500480 x 10
* Running VMC accumulation.
  Done. [total walltime: 0.82s]
* Acceptance ratio (%)     =   5.5043
* Etot/t                   =  -6.858238778133E+00 +/-   4.883999039833E-03
  > Ttot/t                 =  -1.364292547891E+01 +/-   1.755739540850E-02
  > Utot/t                 =   6.784686700767E+00 +/-   1.672481693914E-02
* var[Eloc/t]              =   1.101782755246E+01 +/-   1.202194132989E-01
* Correlation length       =   1.083532384953E+00
* log10 Psi^2 range: -25.859977425583548 -- -12.810714421870289
* log10 Pgen range : -25.859977425583548 -- -12.810714421870289
* Site occupation (ave. no. electrons per config.):
  > Site_  ___eu____  ___ed____
      1        0.498      0.504
      2        0.503      0.497
      3        0.500      0.500
      4        0.501      0.498
      5        0.496      0.503
      6        0.503      0.497
      7        0.501      0.499
      8        0.497      0.502
      9        0.501      0.499
     10        0.498      0.502
     11        0.503      0.497
     12        0.498      0.502
     13        0.498      0.501
     14        0.501      0.499
     15        0.498      0.502
     16        0.503      0.497
     17        0.499      0.501
     18        0.501      0.500
* Pair-correlation analysis (ave. no. pairs per config.):
  > Shell  nsite  ___dh____  __eueu___  __eued___
      0      1        0          0          0.678
      1     18        0.643      5.691     29.723
      2     18        0.138     28.563      7.393
      3     18        0.125     28.491      7.481
      4     18        0.121      7.352     28.629
      5     18        0.028      1.903      7.095

Optimization #2:
* Method          : lls
* Target function : energy
* No. of configs. : 100096
* No. of params.  : 14
* Before optimization:
  -8.9743E+00   8.0920E-01   5.4700E-01   2.3256E-01   5.7864E-02   6.3154E-02
  -1.0703E-01  -5.0937E-02  -4.9911E-01  -4.9340E-01  -2.3080E-01  -2.8877E-01
  -4.3862E-02  -3.8041E-02
  > E    =  -6.867812051357E+00 +/-   1.052430160087E-02
  > varE =   1.108672546733E+01
* Computing derivatives.
  Done. [total walltime: 0.58s]
* Optimizing manipulation constant:
  #igrid a___________ E____________________________________ varE____________
     1     Infinity    -6.86781205E+00 +/-   1.05243016E-02   1.10867255E+01
     2     1.0000E+06  -6.86781206E+00 +/-   1.05243015E-02   1.10867253E+01
     3     2.1544E+05  -6.86781207E+00 +/-   1.05243012E-02   1.10867247E+01
     4     4.6416E+04  -6.86781214E+00 +/-   1.05242998E-02   1.10867218E+01
     5     1.0000E+04  -6.86781247E+00 +/-   1.05242935E-02   1.10867083E+01
     6     2.1544E+03  -6.86781399E+00 +/-   1.05242641E-02   1.10866464E+01
     7     4.6416E+02  -6.86782066E+00 +/-   1.05241327E-02   1.10863697E+01
     8     1.0000E+02  -6.86784497E+00 +/-   1.05236070E-02   1.10852621E+01
     9     2.1544E+01  -6.86789548E+00 +/-   1.05219668E-02   1.10818069E+01
    10     4.6416E+00  -6.86793151E+00 +/-   1.05187185E-02   1.10749658E+01
    11     1.0000E+00  -6.86791819E+00 +/-   1.05173940E-02   1.10721768E+01
    12     2.1544E-01  -6.86789079E+00 +/-   1.05187497E-02   1.10750313E+01
    13     4.6416E-02  -6.86787717E+00 +/-   1.05196315E-02   1.10768883E+01
    14     1.0000E-02  -6.86787331E+00 +/-   1.05198827E-02   1.10774174E+01
    15     2.1544E-03  -6.86787242E+00 +/-   1.05199404E-02   1.10775389E+01
    16     4.6416E-04  -6.86787223E+00 +/-   1.05199530E-02   1.10775655E+01
    17     1.0000E-04  -6.86787218E+00 +/-   1.05199558E-02   1.10775712E+01
    18     2.1544E-05  -6.86787218E+00 +/-   1.05199564E-02   1.10775724E+01
    19     4.6416E-06  -6.86787217E+00 +/-   1.05199565E-02   1.10775727E+01
    20     1.0000E-06  -6.86787217E+00 +/-   1.05199565E-02   1.10775728E+01
    21     0.0000E+00  -6.86787217E+00 +/-   1.05199565E-02   1.10775728E+01
  ParMin   2.7948E+00  -6.86793201E+00 +/-   1.05178308E-02   1.10730965E+01
  # Using parabolic minimum
* Iteration # 1: E =  -6.867932012744E+00 +/-   1.051783084160E-02
* Diminishing returns: exiting.
* After optimization:
  -8.7258E+00   7.9418E-01   5.3064E-01   2.2294E-01   4.8330E-02   5.5136E-02
  -9.6157E-02  -4.5742E-02  -4.8413E-01  -4.8637E-01  -2.2422E-01  -2.8605E-01
  -3.3162E-02  -3.5248E-02
  > Energy =  -6.867932012744E+00 +/-   1.051783084160E-02
  > varE =   1.107309653875E+01

VMC #3:
* Size of Hilbert space =   2.3639E+09
* Number of equil. steps   = 1000
* Running VMC equilibration.
  Done. [total walltime: 0.02s]
* Equil. acc.ratio (%)     =   5.6534
* Sample config after equilibration:
  +-----------+
  |  d   d   d|
  |u   u   u  |
  |  d   d   d|
  |u   u   u  |
  |  d   d   d|
  |u   u   u  |
  +-----------+
* Number of accum. steps   = 500480 x 10
* Running VMC accumulation.
  Done. [total walltime: 0.82s]
* Acceptance ratio (%)     =   5.5414
* Etot/t                   =  -6.847861896861E+00 +/-   4.779812898178E-03
  > Ttot/t                 =  -1.366987276645E+01 +/-   1.750399626081E-02
  > Utot/t                 =   6.822010869565E+00 +/-   1.672783590720E-02
* var[Eloc/t]              =   1.089596257651E+01 +/-   1.039035061628E-01
* Correlation length       =   1.049404489410E+00
* log10 Psi^2 range: -24.938978829345135 -- -11.634109722531795
* log10 Pgen range : -24.938978829345135 -- -11.634109722531795
* Site occupation (ave. no. electrons per config.):
  > Site_  ___eu____  ___ed____
      1        0.501      0.500
      2        0.500      0.500
      3        0.499      0.503
      4        0.501      0.498
      5        0.498      0.501
      6        0.502      0.498
      7        0.500      0.500
      8        0.499      0.501
      9        0.501      0.497
     10        0.500      0.501
     11        0.502      0.499
     12        0.500      0.501
     13        0.500      0.501
     14        0.502      0.499
     15        0.498      0.503
     16        0.501      0.497
     17        0.498      0.502
     18        0.500      0.500
* Pair-correlation analysis (ave. no. pairs per config.):
  > Shell  nsite  ___dh____  __eueu___  __eued___
      0      1        0          0          0.683
      1     18        0.648      5.702     29.710
      2     18        0.142     28.545      7.409
      3     18        0.127     28.477      7.495
      4     18        0.123      7.373     28.609
      5     18        0.028      1.903      7.095

Optimization #3:
* Method          : lls
* Target function : energy
* No. of configs. : 100096
* No. of params.  : 14
* Before optimization:
  -8.7258E+00   7.9418E-01   5.3064E-01   2.2294E-01   4.8330E-02   5.5136E-02
  -9.6157E-02  -4.5742E-02  -4.8413E-01  -4.8637E-01  -2.2422E-01  -2.8605E-01
  -3.3162E-02  -3.5248E-02
  > E    =  -6.836386132059E+00 +/-   1.037377818078E-02
  > varE =   1.077185844068E+01
* Computing derivatives.
  Done. [total walltime: 0.58s]
* Optimizing manipulation constant:
  #igrid a___________ E____________________________________ varE____________
     1     Infinity    -6.83638613E+00 +/-   1.03737782E-02   1.07718584E+01
     2     1.0000E+06  -6.83638616E+00 +/-   1.03737783E-02   1.07718586E+01
     3     2.1544E+05  -6.83638627E+00 +/-   1.03737785E-02   1.07718591E+01
     4     4.6416E+04  -6.83638676E+00 +/-   1.03737797E-02   1.07718617E+01
     5     1.0000E+04  -6.83638904E+00 +/-   1.03737855E-02   1.07718735E+01
     6     2.1544E+03  -6.83639948E+00 +/-   1.03738125E-02   1.07719297E+01
     7     4.6416E+02  -6.83644534E+00 +/-   1.03739493E-02   1.07722138E+01
     8     1.0000E+02  -6.83661353E+00 +/-   1.03747498E-02   1.07738763E+01
     9     2.1544E+01  -6.83696206E+00 +/-   1.03790470E-02   1.07828032E+01
    10     4.6416E+00  -6.83722037E+00 +/-   1.03889666E-02   1.08034241E+01
    11     1.0000E+00  -6.83726338E+00 +/-   1.03950205E-02   1.08160186E+01
    12     2.1544E-01  -6.83722868E+00 +/-   1.03952275E-02   1.08164493E+01
    13     4.6416E-02  -6.83720738E+00 +/-   1.03947046E-02   1.08153612E+01
    14     1.0000E-02  -6.83720124E+00 +/-   1.03945290E-02   1.08149958E+01
    15     2.1544E-03  -6.83719982E+00 +/-   1.03944875E-02   1.08149093E+01
    16     4.6416E-04  -6.83719951E+00 +/-   1.03944783E-02   1.08148903E+01
    17     1.0000E-04  -6.83719944E+00 +/-   1.03944763E-02   1.08148862E+01
    18     2.1544E-05  -6.83719943E+00 +/-   1.03944759E-02   1.08148853E+01
    19     4.6416E-06  -6.83719943E+00 +/-   1.03944758E-02   1.08148851E+01
    20     1.0000E-06  -6.83719943E+00 +/-   1.03944758E-02   1.08148851E+01
    21     0.0000E+00  -6.83719943E+00 +/-   1.03944758E-02   1.08148850E+01
  ParMin   1.1429E+00  -6.83726498E+00 +/-   1.03948091E-02   1.08155787E+01
  # Using parabolic minimum
* Iteration # 1: E =  -6.837264976469E+00 +/-   1.039480912457E-02
* Diminishing returns: exiting.
* After optimization:
  -8.9617E+00   8.1901E-01   5.5553E-01   2.1517E-01   4.5316E-02   5.3156E-02
  -1.2083E-01  -5.6719E-02  -5.0525E-01  -4.9281E-01  -2.1718E-01  -2.7119E-01
  -4.8359E-02  -3.7655E-02
  > Energy =  -6.837264976469E+00 +/-   1.039480912457E-02
  > varE =   1.081557867107E+01

VMC #4:
* Size of Hilbert space =   2.3639E+09
* Number of equil. steps   = 1000
* Running VMC equilibration.
  Done. [total walltime: 0.02s]
* Equil. acc.ratio (%)     =   5.6677
* Sample config after equilibration:
  +-----------+
  |  d   d   d|
  |u   u   u  |
  |  d   d   d|
  |d   u   u  |
  |  d   d   u|
  |u   u   u  |
  +-----------+
* Number of accum. steps   = 500480 x 10
* Running VMC accumulation.
  Done. [total walltime: 0.82s]
* Acceptance ratio (%)     =   5.4685
* Etot/t                   =  -6.845387116162E+00 +/-   4.795002467105E-03
  > Ttot/t                 =  -1.360949357394E+01 +/-   1.777199405628E-02
  > Utot/t                 =   6.764106457801E+00 +/-   1.686436275744E-02
* var[Eloc/t]              =   1.103177015155E+01 +/-   1.587149012552E-01
* Correlation length       =   1.043083780305E+00
* log10 Psi^2 range: -25.763047017165238 -- -12.953570791901875
* log10 Pgen range : -25.763047017165238 -- -12.953570791901875
* Site occupation (ave. no. electrons per config.):
  > Site_  ___eu____  ___ed____
      1        0.499      0.500
      2        0.499      0.500
      3        0.501      0.500
      4        0.501      0.498
      5        0.501      0.500
      6        0.501      0.500
      7        0.499      0.501
      8        0.502      0.498
      9        0.498      0.501
     10        0.499      0.501
     11        0.499      0.499
     12        0.499      0.501
     13        0.500      0.501
     14        0.500      0.500
     15        0.500      0.500
     16        0.500      0.500
     17        0.499      0.500
     18        0.500      0.501
* Pair-correlation analysis (ave. no. pairs per config.):
  > Shell  nsite  ___dh____  __eueu___  __eued___
      0      1        0          0          0.679
      1     18        0.645      5.689     29.724
      2     18        0.140     28.561      7.389
      3     18        0.124     28.485      7.487
      4     18        0.116      7.360     28.628
      5     18        0.028      1.905      7.092

Optimization #4:
* Method          : lls
* Target function : energy
* No. of configs. : 100096
* No. of params.  : 14
* Before optimization:
  -8.9617E+00   8.1901E-01   5.5553E-01   2.1517E-01   4.5316E-02   5.3156E-02
  -1.2083E-01  -5.6719E-02  -5.0525E-01  -4.9281E-01  -2.1718E-01  -2.7119E-01
  -4.8359E-02  -3.7655E-02
  > E    =  -6.855221138871E+00 +/-   1.045928543964E-02
  > varE =   1.095016726937E+01
* Computing derivatives.
  Done. [total walltime: 0.57s]
* Optimizing manipulation constant:
  #igrid a___________ E____________________________________ varE____________
     1     Infinity    -6.85522114E+00 +/-   1.04592854E-02   1.09501673E+01
     2     1.0000E+06  -6.85522116E+00 +/-   1.04592850E-02   1.09501662E+01
     3     2.1544E+05  -6.85522126E+00 +/-   1.04592832E-02   1.09501625E+01
     4     4.6416E+04  -6.85522168E+00 +/-   1.04592749E-02   1.09501452E+01
     5     1.0000E+04  -6.85522366E+00 +/-   1.04592367E-02   1.09500651E+01
     6     2.1544E+03  -6.85523272E+00 +/-   1.04590609E-02   1.09496971E+01
     7     4.6416E+02  -6.85527243E+00 +/-   1.04582812E-02   1.09480647E+01
     8     1.0000E+02  -6.85541673E+00 +/-   1.04552998E-02   1.09418235E+01
     9     2.1544E+01  -6.85569846E+00 +/-   1.04482325E-02   1.09270361E+01
    10     4.6416E+00  -6.85584911E+00 +/-   1.04412532E-02   1.09124427E+01
    11     1.0000E+00  -6.85584805E+00 +/-   1.04376387E-02   1.09048888E+01
    12     2.1544E-01  -6.85582720E+00 +/-   1.04357769E-02   1.09009989E+01
    13     4.6416E-02  -6.85581729E+00 +/-   1.04350723E-02   1.08995268E+01
    14     1.0000E-02  -6.85581458E+00 +/-   1.04348892E-02   1.08991444E+01
    15     2.1544E-03  -6.85581396E+00 +/-   1.04348479E-02   1.08990581E+01
    16     4.6416E-04  -6.85581382E+00 +/-   1.04348389E-02   1.08990394E+01
    17     1.0000E-04  -6.85581379E+00 +/-   1.04348370E-02   1.08990353E+01
    18     2.1544E-05  -6.85581379E+00 +/-   1.04348366E-02   1.08990344E+01
    19     4.6416E-06  -6.85581379E+00 +/-   1.04348365E-02   1.08990343E+01
    20     1.0000E-06  -6.85581379E+00 +/-   1.04348364E-02   1.08990342E+01
    21     0.0000E+00  -6.85581379E+00 +/-   1.04348364E-02   1.08990342E+01
  ParMin   1.1828E+00  -6.85585034E+00 +/-   1.04379285E-02   1.09054944E+01
  # Using parabolic minimum
* Iteration # 1: E =  -6.855850341523E+00 +/-   1.043792853495E-02
* Diminishing returns: exiting.
* After optimization:
  -9.2753E+00   8.3479E-01   5.6935E-01   2.3371E-01   6.7499E-02   6.4364E-02
  -1.2801E-01  -6.1819E-02  -5.2387E-01  -5.0844E-01  -2.3689E-01  -2.9043E-01
  -4.5259E-02  -3.2343E-02
  > Energy =  -6.855850341523E+00 +/-   1.043792853495E-02
  > varE =   1.090549444387E+01

VMC #5:
* Size of Hilbert space =   2.3639E+09
* Number of equil. steps   = 1000
* Running VMC equilibration.
  Done. [total walltime: 0.02s]
* Equil. acc.ratio (%)     =   5.4502
* Sample config after equilibration:
  +-----------+
  |  d   d   d|
  |u   u   u  |
  |  d   d   d|
  |u   u   u  |
  |  d   d   d|
  |u   u   u  |
  +-----------+
* Number of accum. steps   = 500480 x 10
* Running VMC accumulation.
  Done. [total walltime: 0.82s]
* Acceptance ratio (%)     =   5.4692
* Etot/t                   =  -6.846758949368E+00 +/-   4.893452735849E-03
  > Ttot/t                 =  -1.361709942254E+01 +/-   1.712192670707E-02
  > Utot/t                 =   6.770340473146E+00 +/-   1.632261986641E-02
* var[Eloc/t]              =   1.109400529280E+01 +/-   1.354962040772E-01
* Correlation length       =   1.080262136617E+00
* log10 Psi^2 range: -26.197884883861303 -- -14.356897500617189
* log10 Pgen range : -26.197884883861303 -- -14.356897500617189
* Site occupation (ave. no. electrons per config.):
  > Site_  ___eu____  ___ed____
      1        0.500      0.501
      2        0.499      0.501
      3        0.500      0.501
      4        0.500      0.501
      5        0.498      0.500
      6        0.499      0.499
      7        0.498      0.501
      8        0.501      0.499
      9        0.502      0.499
     10        0.501      0.501
     11        0.500      0.499
     12        0.500      0.500
     13        0.500      0.501
     14        0.503      0.499
     15        0.499      0.501
     16        0.500      0.499
     17        0.500      0.500
     18        0.501      0.500
* Pair-correlation analysis (ave. no. pairs per config.):
  > Shell  nsite  ___dh____  __eueu___  __eued___
      0      1        0          0          0.681
      1     18        0.647      5.695     29.714
      2     18        0.138     28.548      7.408
      3     18        0.125     28.480      7.493
      4     18        0.121      7.367     28.616
      5     18        0.027      1.910      7.089

Optimization #5:
* Method          : lls
* Target function : energy
* No. of configs. : 100096
* No. of params.  : 14
* Before optimization:
  -9.2753E+00   8.3479E-01   5.6935E-01   2.3371E-01   6.7499E-02   6.4364E-02
  -1.2801E-01  -6.1819E-02  -5.2387E-01  -5.0844E-01  -2.3689E-01  -2.9043E-01
  -4.5259E-02  -3.2343E-02
  > E    =  -6.854156084312E+00 +/-   1.058026601966E-02
  > varE =   1.120494933946E+01
* Computing derivatives.
  Done. [total walltime: 0.58s]
* Optimizing manipulation constant:
  #igrid a___________ E____________________________________ varE____________
     1     Infinity    -6.85415608E+00 +/-   1.05802660E-02   1.12049493E+01
     2     1.0000E+06  -6.85415612E+00 +/-   1.05802658E-02   1.12049488E+01
     3     2.1544E+05  -6.85415626E+00 +/-   1.05802649E-02   1.12049470E+01
     4     4.6416E+04  -6.85415692E+00 +/-   1.05802610E-02   1.12049387E+01
     5     1.0000E+04  -6.85415995E+00 +/-   1.05802428E-02   1.12049002E+01
     6     2.1544E+03  -6.85417385E+00 +/-   1.05801598E-02   1.12047243E+01
     7     4.6416E+02  -6.85423482E+00 +/-   1.05798025E-02   1.12039677E+01
     8     1.0000E+02  -6.85445817E+00 +/-   1.05786100E-02   1.12014421E+01
     9     2.1544E+01  -6.85494077E+00 +/-   1.05769613E-02   1.11979508E+01
    10     4.6416E+00  -6.85548630E+00 +/-   1.05771758E-02   1.11984050E+01
    11     1.0000E+00  -6.85587435E+00 +/-   1.05798082E-02   1.12039796E+01
    12     2.1544E-01  -6.85601654E+00 +/-   1.05834168E-02   1.12116240E+01
    13     4.6416E-02  -6.85605471E+00 +/-   1.05851080E-02   1.12152075E+01
    14     1.0000E-02  -6.85606352E+00 +/-   1.05855657E-02   1.12161773E+01
    15     2.1544E-03  -6.85606545E+00 +/-   1.05856697E-02   1.12163978E+01
    16     4.6416E-04  -6.85606586E+00 +/-   1.05856924E-02   1.12164459E+01
    17     1.0000E-04  -6.85606595E+00 +/-   1.05856973E-02   1.12164563E+01
    18     2.1544E-05  -6.85606597E+00 +/-   1.05856984E-02   1.12164585E+01
    19     4.6416E-06  -6.85606598E+00 +/-   1.05856986E-02   1.12164590E+01
    20     1.0000E-06  -6.85606598E+00 +/-   1.05856987E-02   1.12164591E+01
    21     0.0000E+00  -6.85606598E+00 +/-   1.05856987E-02   1.12164591E+01
* Iteration # 1: E =  -6.856065979599E+00 +/-   1.058569867725E-02
* Diminishing returns: exiting.
* After optimization:
  -8.6169E+00   7.8913E-01   5.2757E-01   2.2212E-01   4.0088E-02   4.5061E-02
  -6.9142E-02  -4.7929E-02  -4.7977E-01  -5.0314E-01  -2.1815E-01  -2.8899E-01
  -1.9664E-02  -3.0196E-02
  > Energy =  -6.856065979599E+00 +/-   1.058569867725E-02
  > varE =   1.121645912213E+01

VMC #6:
* Size of Hilbert space =   2.3639E+09
* Number of equil. steps   = 1000
* Running VMC equilibration.
  Done. [total walltime: 0.02s]
* Equil. acc.ratio (%)     =   5.6467
* Sample config after equilibration:
  +-----------+
  |  u   u   u|
  |d   d   d  |
  |  u   u   u|
  |d   d   d  |
  |  u   u   u|
  |d   d   d  |
  +-----------+
* Number of accum. steps   = 500480 x 10
* Running VMC accumulation.
  Done. [total walltime: 0.81s]
* Acceptance ratio (%)     =   5.5239
* Etot/t                   =  -6.838795992076E+00 +/-   4.818480872712E-03
  > Ttot/t                 =  -1.362286328749E+01 +/-   1.759843311770E-02
  > Utot/t                 =   6.784067295396E+00 +/-   1.697819600056E-02
* var[Eloc/t]              =   1.084469983199E+01 +/-   9.250593469115E-02
* Correlation length       =   1.071493325235E+00
* log10 Psi^2 range: -25.229438747490427 -- -11.847896429081890
* log10 Pgen range : -25.229438747490427 -- -11.847896429081890
* Site occupation (ave. no. electrons per config.):
  > Site_  ___eu____  ___ed____
      1        0.500      0.501
      2        0.501      0.500
      3        0.498      0.501
      4        0.501      0.499
      5        0.498      0.501
      6        0.501      0.500
      7        0.499      0.500
      8        0.499      0.501
      9        0.500      0.499
     10        0.497      0.502
     11        0.503      0.499
     12        0.499      0.499
     13        0.502      0.500
     14        0.500      0.499
     15        0.501      0.500
     16        0.502      0.498
     17        0.498      0.502
     18        0.500      0.501
* Pair-correlation analysis (ave. no. pairs per config.):
  > Shell  nsite  ___dh____  __eueu___  __eued___
      0      1        0          0          0.676
      1     18        0.640      5.739     29.679
      2     18        0.139     28.523      7.430
      3     18        0.126     28.451      7.520
      4     18        0.121      7.381     28.602
      5     18        0.027      1.906      7.094

Optimization #6:
* Method          : lls
* Target function : energy
* No. of configs. : 100096
* No. of params.  : 14
* Before optimization:
  -8.6169E+00   7.8913E-01   5.2757E-01   2.2212E-01   4.0088E-02   4.5061E-02
  -6.9142E-02  -4.7929E-02  -4.7977E-01  -5.0314E-01  -2.1815E-01  -2.8899E-01
  -1.9664E-02  -3.0196E-02
  > E    =  -6.853533352842E+00 +/-   1.064240976668E-02
  > varE =   1.133696160920E+01
* Computing derivatives.
  Done. [total walltime: 0.58s]
* Optimizing manipulation constant:
  #igrid a___________ E____________________________________ varE____________
     1     Infinity    -6.85353335E+00 +/-   1.06424098E-02   1.13369616E+01
     2     1.0000E+06  -6.85353338E+00 +/-   1.06424096E-02   1.13369613E+01
     3     2.1544E+05  -6.85353347E+00 +/-   1.06424092E-02   1.13369603E+01
     4     4.6416E+04  -6.85353388E+00 +/-   1.06424070E-02   1.13369558E+01
     5     1.0000E+04  -6.85353580E+00 +/-   1.06423971E-02   1.13369346E+01
     6     2.1544E+03  -6.85354461E+00 +/-   1.06423517E-02   1.13368380E+01
     7     4.6416E+02  -6.85358351E+00 +/-   1.06421581E-02   1.13364254E+01
     8     1.0000E+02  -6.85373018E+00 +/-   1.06415362E-02   1.13351005E+01
     9     2.1544E+01  -6.85407907E+00 +/-   1.06409646E-02   1.13338828E+01
    10     4.6416E+00  -6.85450052E+00 +/-   1.06422191E-02   1.13365555E+01
    11     1.0000E+00  -6.85474202E+00 +/-   1.06434085E-02   1.13390895E+01
    12     2.1544E-01  -6.85480802E+00 +/-   1.06432588E-02   1.13387706E+01
    13     4.6416E-02  -6.85482368E+00 +/-   1.06430004E-02   1.13382199E+01
    14     1.0000E-02  -6.85482724E+00 +/-   1.06429187E-02   1.13380458E+01
    15     2.1544E-03  -6.85482802E+00 +/-   1.06428995E-02   1.13380050E+01
    16     4.6416E-04  -6.85482818E+00 +/-   1.06428953E-02   1.13379960E+01
    17     1.0000E-04  -6.85482822E+00 +/-   1.06428944E-02   1.13379941E+01
    18     2.1544E-05  -6.85482823E+00 +/-   1.06428942E-02   1.13379937E+01
    19     4.6416E-06  -6.85482823E+00 +/-   1.06428941E-02   1.13379936E+01
    20     1.0000E-06  -6.85482823E+00 +/-   1.06428941E-02   1.13379935E+01
    21     0.0000E+00  -6.85482823E+00 +/-   1.06428941E-02   1.13379935E+01
* Iteration # 1: E =  -6.854828229247E+00 +/-   1.064289410982E-02
* Diminishing returns: exiting.
* After optimization:
  -8.7509E+00   8.0853E-01   5.3745E-01   2.1353E-01   3.9028E-02   3.9693E-02
  -1.0569E-01  -5.1699E-02  -4.9943E-01  -4.9553E-01  -2.1717E-01  -2.7572E-01
  -2.7917E-02  -2.2959E-02
  > Energy =  -6.854828229247E+00 +/-   1.064289410982E-02
  > varE =   1.133799353800E+01

VMC #7:
* Size of Hilbert space =   2.3639E+09
* Number of equil. steps   = 1000
* Running VMC equilibration.
  Done. [total walltime: 0.02s]
* Equil. acc.ratio (%)     =   5.7144
* Sample config after equilibration:
  +-----------+
  |  u   u   d|
  |u   d   d  |
  |  u   d   u|
  |0   d   d  |
  |  u   u   2|
  |u   d   d  |
  +-----------+
* Number of accum. steps   = 500480 x 10
* Running VMC accumulation.
  Done. [total walltime: 0.82s]
* Acceptance ratio (%)     =   5.5172
* Etot/t                   =  -6.848583682695E+00 +/-   4.818028929552E-03
  > Ttot/t                 =  -1.364881546020E+01 +/-   1.754698538116E-02
  > Utot/t                 =   6.800231777494E+00 +/-   1.686492311436E-02
* var[Eloc/t]              =   1.104807038692E+01 +/-   1.063137165948E-01
* Correlation length       =   1.051572212110E+00
* log10 Psi^2 range: -24.720063024255605 -- -12.155719016282704
* log10 Pgen range : -24.720063024255605 -- -12.155719016282704
* Site occupation (ave. no. electrons per config.):
  > Site_  ___eu____  ___ed____
      1        0.506      0.494
      2        0.495      0.505
      3        0.504      0.495
      4        0.496      0.504
      5        0.502      0.497
      6        0.496      0.502
      7        0.498      0.503
      8        0.503      0.497
      9        0.496      0.504
     10        0.504      0.496
     11        0.498      0.502
     12        0.502      0.497
     13        0.504      0.495
     14        0.497      0.505
     15        0.503      0.498
     16        0.496      0.503
     17        0.503      0.498
     18        0.497      0.504
* Pair-correlation analysis (ave. no. pairs per config.):
  > Shell  nsite  ___dh____  __eueu___  __eued___
      0      1        0          0          0.680
      1     18        0.647      5.708     29.701
      2     18        0.137     28.544      7.415
      3     18        0.125     28.463      7.510
      4     18        0.123      7.377     28.604
      5     18        0.027      1.908      7.090

Optimization #7:
* Method          : lls
* Target function : energy
* No. of configs. : 100096
* No. of params.  : 14
* Before optimization:
  -8.7509E+00   8.0853E-01   5.3745E-01   2.1353E-01   3.9028E-02   3.9693E-02
  -1.0569E-01  -5.1699E-02  -4.9943E-01  -4.9553E-01  -2.1717E-01  -2.7572E-01
  -2.7917E-02  -2.2959E-02
  > E    =  -6.863928736466E+00 +/-   1.056417553866E-02
  > varE =   1.117089425442E+01
* Computing derivatives.
  Done. [total walltime: 0.58s]
* Optimizing manipulation constant:
  #igrid a___________ E____________________________________ varE____________
     1     Infinity    -6.86392874E+00 +/-   1.05641755E-02   1.11708943E+01
     2     1.0000E+06  -6.86392875E+00 +/-   1.05641751E-02   1.11708932E+01
     3     2.1544E+05  -6.86392880E+00 +/-   1.05641733E-02   1.11708895E+01
     4     4.6416E+04  -6.86392903E+00 +/-   1.05641651E-02   1.11708722E+01
     5     1.0000E+04  -6.86393009E+00 +/-   1.05641272E-02   1.11707920E+01
     6     2.1544E+03  -6.86393495E+00 +/-   1.05639526E-02   1.11704228E+01
     7     4.6416E+02  -6.86395620E+00 +/-   1.05631710E-02   1.11687700E+01
     8     1.0000E+02  -6.86403246E+00 +/-   1.05600608E-02   1.11621938E+01
     9     2.1544E+01  -6.86417594E+00 +/-   1.05516098E-02   1.11443353E+01
    10     4.6416E+00  -6.86425058E+00 +/-   1.05410857E-02   1.11221158E+01
    11     1.0000E+00  -6.86426290E+00 +/-   1.05381333E-02   1.11158864E+01
    12     2.1544E-01  -6.86426313E+00 +/-   1.05407245E-02   1.11213536E+01
    13     4.6416E-02  -6.86425857E+00 +/-   1.05423690E-02   1.11248239E+01
    14     1.0000E-02  -6.86425675E+00 +/-   1.05428351E-02   1.11258077E+01
    15     2.1544E-03  -6.86425631E+00 +/-   1.05429421E-02   1.11260335E+01
    16     4.6416E-04  -6.86425621E+00 +/-   1.05429654E-02   1.11260828E+01
    17     1.0000E-04  -6.86425619E+00 +/-   1.05429705E-02   1.11260934E+01
    18     2.1544E-05  -6.86425618E+00 +/-   1.05429716E-02   1.11260957E+01
    19     4.6416E-06  -6.86425618E+00 +/-   1.05429718E-02   1.11260962E+01
    20     1.0000E-06  -6.86425618E+00 +/-   1.05429718E-02   1.11260963E+01
    21     0.0000E+00  -6.86425618E+00 +/-   1.05429719E-02   1.11260964E+01
  ParMin   6.9468E-01  -6.86426410E+00 +/-   1.05385894E-02   1.11168487E+01
  # Using grid point #11
* Iteration # 1: E =  -6.864262900681E+00 +/-   1.053813332189E-02
* Diminishing returns: exiting.
* After optimization:
  -8.9227E+00   8.1081E-01   5.5485E-01   2.2589E-01   6.1916E-02   6.4511E-02
  -1.0766E-01  -4.8747E-02  -5.0745E-01  -4.9856E-01  -2.2428E-01  -2.8013E-01
  -3.9463E-02  -3.1406E-02
  > Energy =  -6.864262900681E+00 +/-   1.053813332189E-02
  > varE =   1.111588640737E+01

VMC #8:
* Size of Hilbert space =   2.3639E+09
* Number of equil. steps   = 1000
* Running VMC equilibration.
  Done. [total walltime: 0.02s]
* Equil. acc.ratio (%)     =   5.8563
* Sample config after equilibration:
  +-----------+
  |  u   u   u|
  |d   d   d  |
  |  u   u   u|
  |d   d   d  |
  |  u   u   u|
  |d   d   d  |
  +-----------+
* Number of accum. steps   = 500480 x 10
* Running VMC accumulation.
  Done. [total walltime: 0.82s]
* Acceptance ratio (%)     =   5.5818
* Etot/t                   =  -6.848988308422E+00 +/-   4.809362340157E-03
  > Ttot/t                 =  -1.369779345547E+01 +/-   1.768543397445E-02
  > Utot/t                 =   6.848805147059E+00 +/-   1.703982974358E-02
* var[Eloc/t]              =   1.087549584040E+01 +/-   9.608444034663E-02
* Correlation length       =   1.064419095283E+00
* log10 Psi^2 range: -25.237303422893451 -- -12.750358566404223
* log10 Pgen range : -25.237303422893451 -- -12.750358566404223
* Site occupation (ave. no. electrons per config.):
  > Site_  ___eu____  ___ed____
      1        0.502      0.499
      2        0.498      0.501
      3        0.502      0.499
      4        0.497      0.502
      5        0.502      0.498
      6        0.498      0.502
      7        0.498      0.502
      8        0.500      0.499
      9        0.499      0.503
     10        0.502      0.498
     11        0.499      0.500
     12        0.502      0.498
     13        0.502      0.498
     14        0.498      0.501
     15        0.503      0.497
     16        0.498      0.502
     17        0.501      0.499
     18        0.498      0.502
* Pair-correlation analysis (ave. no. pairs per config.):
  > Shell  nsite  ___dh____  __eueu___  __eued___
      0      1        0          0          0.683
      1     18        0.644      5.767     29.646
      2     18        0.142     28.461      7.489
      3     18        0.126     28.392      7.582
      4     18        0.122      7.454     28.530
      5     18        0.029      1.926      7.071

Optimization #8:
* Method          : lls
* Target function : energy
* No. of configs. : 100096
* No. of params.  : 14
* Before optimization:
  -8.9227E+00   8.1081E-01   5.5485E-01   2.2589E-01   6.1916E-02   6.4511E-02
  -1.0766E-01  -4.8747E-02  -5.0745E-01  -4.9856E-01  -2.2428E-01  -2.8013E-01
  -3.9463E-02  -3.1406E-02
  > E    =  -6.854063156276E+00 +/-   1.038427921569E-02
  > varE =   1.079367747540E+01
* Computing derivatives.
  Done. [total walltime: 0.58s]
* Optimizing manipulation constant:
  #igrid a___________ E____________________________________ varE____________
     1     Infinity    -6.85406316E+00 +/-   1.03842792E-02   1.07936775E+01
     2     1.0000E+06  -6.85406317E+00 +/-   1.03842797E-02   1.07936784E+01
     3     2.1544E+05  -6.85406323E+00 +/-   1.03842813E-02   1.07936819E+01
     4     4.6416E+04  -6.85406350E+00 +/-   1.03842890E-02   1.07936978E+01
     5     1.0000E+04  -6.85406473E+00 +/-   1.03843246E-02   1.07937719E+01
     6     2.1544E+03  -6.85407037E+00 +/-   1.03844894E-02   1.07941143E+01
     7     4.6416E+02  -6.85409513E+00 +/-   1.03852391E-02   1.07956729E+01
     8     1.0000E+02  -6.85418547E+00 +/-   1.03884241E-02   1.08022957E+01
     9     2.1544E+01  -6.85436864E+00 +/-   1.03988055E-02   1.08238966E+01
    10     4.6416E+00  -6.85448753E+00 +/-   1.04163736E-02   1.08605000E+01
    11     1.0000E+00  -6.85448758E+00 +/-   1.04279162E-02   1.08845829E+01
    12     2.1544E-01  -6.85447044E+00 +/-   1.04308901E-02   1.08907920E+01
    13     4.6416E-02  -6.85446404E+00 +/-   1.04313171E-02   1.08916837E+01
    14     1.0000E-02  -6.85446243E+00 +/-   1.04313807E-02   1.08918164E+01
    15     2.1544E-03  -6.85446207E+00 +/-   1.04313926E-02   1.08918414E+01
    16     4.6416E-04  -6.85446199E+00 +/-   1.04313951E-02   1.08918466E+01
    17     1.0000E-04  -6.85446197E+00 +/-   1.04313957E-02   1.08918477E+01
    18     2.1544E-05  -6.85446197E+00 +/-   1.04313958E-02   1.08918479E+01
    19     4.6416E-06  -6.85446197E+00 +/-   1.04313958E-02   1.08918480E+01
    20     1.0000E-06  -6.85446197E+00 +/-   1.04313958E-02   1.08918480E+01
    21     0.0000E+00  -6.85446197E+00 +/-   1.04313958E-02   1.08918480E+01
  ParMin   3.6484E+00  -6.85449286E+00 +/-   1.04188939E-02   1.08657561E+01
  # Using grid point #10
* Iteration # 1: E =  -6.854487528967E+00 +/-   1.041637361021E-02
* Diminishing returns: exiting.
* After optimization:
  -9.1070E+00   8.2579E-01   5.6300E-01   2.2885E-01   6.3159E-02   5.3482E-02
  -1.1549E-01  -5.9545E-02  -5.0941E-01  -5.0302E-01  -2.2508E-01  -2.8359E-01
  -4.5640E-02  -4.0560E-02
  > Energy =  -6.854487528967E+00 +/-   1.041637361021E-02
  > varE =   1.086049999931E+01

VMC #9:
* Size of Hilbert space =   2.3639E+09
* Number of equil. steps   = 1000
* Running VMC equilibration.
  Done. [total walltime: 0.02s]
* Equil. acc.ratio (%)     =   5.6448
* Sample config after equilibration:
  +-----------+
  |  d   d   d|
  |u   u   u  |
  |  d   d   d|
  |u   u   u  |
  |  d   d   d|
  |u   u   u  |
  +-----------+
* Number of accum. steps   = 500480 x 10
* Running VMC accumulation.
  Done. [total walltime: 0.82s]
* Acceptance ratio (%)     =   5.5174
* Etot/t                   =  -6.854420597276E+00 +/-   4.810020946322E-03
  > Ttot/t                 =  -1.365097590420E+01 +/-   1.725764467359E-02
  > Utot/t                 =   6.796555306905E+00 +/-   1.668129581112E-02
* var[Eloc/t]              =   1.113259341258E+01 +/-   1.094925713833E-01
* Correlation length       =   1.040122076467E+00
* log10 Psi^2 range: -26.081291321341379 -- -13.508049196567432
* log10 Pgen range : -26.081291321341379 -- -13.508049196567432
* Site occupation (ave. no. electrons per config.):
  > Site_  ___eu____  ___ed____
      1        0.503      0.499
      2        0.501      0.500
      3        0.498      0.501
      4        0.500      0.500
      5        0.499      0.501
      6        0.499      0.500
      7        0.500      0.500
      8        0.499      0.500
      9        0.500      0.499
     10        0.501      0.501
     11        0.500      0.499
     12        0.499      0.501
     13        0.499      0.500
     14        0.500      0.499
     15        0.501      0.500
     16        0.499      0.501
     17        0.500      0.499
     18        0.501      0.499
* Pair-correlation analysis (ave. no. pairs per config.):
  > Shell  nsite  ___dh____  __eueu___  __eued___
      0      1        0          0          0.680
      1     18        0.644      5.735     29.677
      2     18        0.139     28.497      7.457
      3     18        0.124     28.428      7.545
      4     18        0.120      7.421     28.561
      5     18        0.028      1.918      7.079

Optimization #9:
* Method          : lls
* Target function : energy
* No. of configs. : 100096
* No. of params.  : 14
* Before optimization:
  -9.1070E+00   8.2579E-01   5.6300E-01   2.2885E-01   6.3159E-02   5.3482E-02
  -1.1549E-01  -5.9545E-02  -5.0941E-01  -5.0302E-01  -2.2508E-01  -2.8359E-01
  -4.5640E-02  -4.0560E-02
  > E    =  -6.855164901857E+00 +/-   1.056020742882E-02
  > varE =   1.116250382014E+01
* Computing derivatives.
  Done. [total walltime: 0.58s]
* Optimizing manipulation constant:
  #igrid a___________ E____________________________________ varE____________
     1     Infinity    -6.85516490E+00 +/-   1.05602074E-02   1.11625038E+01
     2     1.0000E+06  -6.85516490E+00 +/-   1.05602070E-02   1.11625030E+01
     3     2.1544E+05  -6.85516491E+00 +/-   1.05602056E-02   1.11625001E+01
     4     4.6416E+04  -6.85516495E+00 +/-   1.05601992E-02   1.11624863E+01
     5     1.0000E+04  -6.85516514E+00 +/-   1.05601691E-02   1.11624228E+01
     6     2.1544E+03  -6.85516601E+00 +/-   1.05600304E-02   1.11621296E+01
     7     4.6416E+02  -6.85516968E+00 +/-   1.05594055E-02   1.11608086E+01
     8     1.0000E+02  -6.85518096E+00 +/-   1.05568518E-02   1.11554109E+01
     9     2.1544E+01  -6.85519003E+00 +/-   1.05492556E-02   1.11393630E+01
    10     4.6416E+00  -6.85520215E+00 +/-   1.05369909E-02   1.11134765E+01
    11     1.0000E+00  -6.85532225E+00 +/-   1.05253858E-02   1.10890098E+01
    12     2.1544E-01  -6.85542459E+00 +/-   1.05171025E-02   1.10715631E+01
    13     4.6416E-02  -6.85544517E+00 +/-   1.05136767E-02   1.10643513E+01
    14     1.0000E-02  -6.85544768E+00 +/-   1.05127674E-02   1.10624376E+01
    15     2.1544E-03  -6.85544807E+00 +/-   1.05125614E-02   1.10620040E+01
    16     4.6416E-04  -6.85544815E+00 +/-   1.05125165E-02   1.10619095E+01
    17     1.0000E-04  -6.85544816E+00 +/-   1.05125068E-02   1.10618891E+01
    18     2.1544E-05  -6.85544816E+00 +/-   1.05125047E-02   1.10618847E+01
    19     4.6416E-06  -6.85544817E+00 +/-   1.05125043E-02   1.10618838E+01
    20     1.0000E-06  -6.85544817E+00 +/-   1.05125042E-02   1.10618836E+01
    21     0.0000E+00  -6.85544817E+00 +/-   1.05125041E-02   1.10618835E+01
* Iteration # 1: E =  -6.855448165932E+00 +/-   1.051250413147E-02
* Diminishing returns: exiting.
* After optimization:
  -8.5959E+00   7.9051E-01   5.2196E-01   2.0218E-01   3.3340E-02   3.6103E-02
  -1.1405E-01  -4.9189E-02  -4.8529E-01  -4.7551E-01  -2.0702E-01  -2.6601E-01
  -3.8075E-02  -3.2268E-02
  > Energy =  -6.855448165932E+00 +/-   1.051250413147E-02
  > varE =   1.106188353476E+01

VMC #10:
* Size of Hilbert space =   2.3639E+09
* Number of equil. steps   = 1000
* Running VMC equilibration.
  Done. [total walltime: 0.02s]
* Equil. acc.ratio (%)     =   5.6043
* Sample config after equilibration:
  +-----------+
  |  u   u   u|
  |d   d   d  |
  |  u   u   u|
  |d   d   d  |
  |  u   u   u|
  |d   d   d  |
  +-----------+
* Number of accum. steps   = 500480 x 10
* Running VMC accumulation.
  Done. [total walltime: 0.81s]
* Acceptance ratio (%)     =   5.4277
* Etot/t                   =  -6.856812467235E+00 +/-   4.898024731115E-03
  > Ttot/t                 =  -1.356057685343E+01 +/-   1.758062202013E-02
  > Utot/t                 =   6.703764386189E+00 +/-   1.676952104965E-02
* var[Eloc/t]              =   1.084057565072E+01 +/-   1.473920579741E-01
* Correlation length       =   1.107583123847E+00
* log10 Psi^2 range: -23.696314095499819 -- -11.835155539405832
* log10 Pgen range : -23.696314095499819 -- -11.835155539405832
* Site occupation (ave. no. electrons per config.):
  > Site_  ___eu____  ___ed____
      1        0.498      0.503
      2        0.500      0.499
      3        0.499      0.503
      4        0.502      0.497
      5        0.499      0.502
      6        0.501      0.498
      7        0.503      0.497
      8        0.499      0.503
      9        0.502      0.497
     10        0.496      0.504
     11        0.502      0.498
     12        0.498      0.502
     13        0.499      0.502
     14        0.503      0.497
     15        0.497      0.502
     16        0.503      0.497
     17        0.497      0.503
     18        0.503      0.496
* Pair-correlation analysis (ave. no. pairs per config.):
  > Shell  nsite  ___dh____  __eueu___  __eued___
      0      1        0          0          0.671
      1     18        0.638      5.466     29.950
      2     18        0.133     28.846      7.112
      3     18        0.122     28.768      7.205
      4     18        0.116      7.086     28.897
      5     18        0.027      1.834      7.165

Optimization #10:
* Method          : lls
* Target function : energy
* No. of configs. : 100096
* No. of params.  : 14
* Before optimization:
  -8.5959E+00   7.9051E-01   5.2196E-01   2.0218E-01   3.3340E-02   3.6103E-02
  -1.1405E-01  -4.9189E-02  -4.8529E-01  -4.7551E-01  -2.0702E-01  -2.6601E-01
  -3.8075E-02  -3.2268E-02
  > E    =  -6.855692222221E+00 +/-   1.030374415070E-02
  > varE =   1.062690639809E+01
* Computing derivatives.
  Done. [total walltime: 0.58s]
* Optimizing manipulation constant:
  #igrid a___________ E____________________________________ varE____________
     1     Infinity    -6.85569222E+00 +/-   1.03037442E-02   1.06269064E+01
     2     1.0000E+06  -6.85569225E+00 +/-   1.03037448E-02   1.06269078E+01
     3     2.1544E+05  -6.85569235E+00 +/-   1.03037472E-02   1.06269128E+01
     4     4.6416E+04  -6.85569283E+00 +/-   1.03037585E-02   1.06269360E+01
     5     1.0000E+04  -6.85569502E+00 +/-   1.03038106E-02   1.06270436E+01
     6     2.1544E+03  -6.85570509E+00 +/-   1.03040515E-02   1.06275404E+01
     7     4.6416E+02  -6.85574948E+00 +/-   1.03051437E-02   1.06297936E+01
     8     1.0000E+02  -6.85591445E+00 +/-   1.03097060E-02   1.06392075E+01
     9     2.1544E+01  -6.85626911E+00 +/-   1.03236021E-02   1.06679073E+01
    10     4.6416E+00  -6.85653637E+00 +/-   1.03434535E-02   1.07089737E+01
    11     1.0000E+00  -6.85659734E+00 +/-   1.03546964E-02   1.07322668E+01
    12     2.1544E-01  -6.85660218E+00 +/-   1.03583707E-02   1.07398848E+01
    13     4.6416E-02  -6.85660264E+00 +/-   1.03593428E-02   1.07419007E+01
    14     1.0000E-02  -6.85660273E+00 +/-   1.03595680E-02   1.07423677E+01
    15     2.1544E-03  -6.85660276E+00 +/-   1.03596174E-02   1.07424702E+01
    16     4.6416E-04  -6.85660276E+00 +/-   1.03596281E-02   1.07424924E+01
    17     1.0000E-04  -6.85660276E+00 +/-   1.03596304E-02   1.07424971E+01
    18     2.1544E-05  -6.85660276E+00 +/-   1.03596309E-02   1.07424982E+01
    19     4.6416E-06  -6.85660276E+00 +/-   1.03596310E-02   1.07424984E+01
    20     1.0000E-06  -6.85660276E+00 +/-   1.03596310E-02   1.07424984E+01
    21     0.0000E+00  -6.85660276E+00 +/-   1.03596311E-02   1.07424985E+01
  ParMin   6.1642E-01  -6.85660037E+00 +/-   1.03563719E-02   1.07357403E+01
  # Using grid point #11
* Iteration # 1: E =  -6.856597336420E+00 +/-   1.035469637843E-02
* Diminishing returns: exiting.
* After optimization:
  -8.7788E+00   8.0409E-01   5.4676E-01   2.0444E-01   3.7608E-02   2.6410E-02
  -1.0835E-01  -4.6844E-02  -5.0764E-01  -5.0236E-01  -2.1285E-01  -2.6952E-01
  -3.3908E-02  -2.7850E-02
  > Energy =  -6.856597336420E+00 +/-   1.035469637843E-02
  > varE =   1.073226680370E+01

VMC #11:
* Size of Hilbert space =   2.3639E+09
* Number of equil. steps   = 1000
* Running VMC equilibration.
  Done. [total walltime: 0.02s]
* Equil. acc.ratio (%)     =   5.6907
* Sample config after equilibration:
  +-----------+
  |  u   u   u|
  |d   d   d  |
  |  u   u   u|
  |d   d   d  |
  |  u   u   u|
  |d   d   d  |
  +-----------+
* Number of accum. steps   = 500480 x 10
* Running VMC accumulation.
  Done. [total walltime: 0.82s]
* Acceptance ratio (%)     =   5.4088
* Etot/t                   =  -6.851978434822E+00 +/-   4.860906307565E-03
  > Ttot/t                 =  -1.358065890160E+01 +/-   1.777749813385E-02
  > Utot/t                 =   6.728680466752E+00 +/-   1.708668087559E-02
* var[Eloc/t]              =   1.092306131305E+01 +/-   1.629698885335E-01
* Correlation length       =   1.082622019909E+00
* log10 Psi^2 range: -24.214995961926537 -- -12.243616568222677
* log10 Pgen range : -24.214995961926537 -- -12.243616568222677
* Site occupation (ave. no. electrons per config.):
  > Site_  ___eu____  ___ed____
      1        0.509      0.490
      2        0.491      0.510
      3        0.508      0.492
      4        0.494      0.507
      5        0.506      0.495
      6        0.492      0.509
      7        0.491      0.507
      8        0.510      0.491
      9        0.491      0.509
     10        0.507      0.492
     11        0.492      0.508
     12        0.508      0.492
     13        0.509      0.492
     14        0.491      0.510
     15        0.510      0.489
     16        0.491      0.509
     17        0.508      0.492
     18        0.493      0.508
* Pair-correlation analysis (ave. no. pairs per config.):
  > Shell  nsite  ___dh____  __eueu___  __eued___
      0      1        0          0          0.672
      1     18        0.642      5.481     29.933
      2     18        0.136     28.831      7.124
      3     18        0.122     28.755      7.220
      4     18        0.117      7.095     28.890
      5     18        0.026      1.837      7.162

Optimization #11:
* Method          : lls
* Target function : energy
* No. of configs. : 100096
* No. of params.  : 14
* Before optimization:
  -8.7788E+00   8.0409E-01   5.4676E-01   2.0444E-01   3.7608E-02   2.6410E-02
  -1.0835E-01  -4.6844E-02  -5.0764E-01  -5.0236E-01  -2.1285E-01  -2.6952E-01
  -3.3908E-02  -2.7850E-02
  > E    =  -6.867947932171E+00 +/-   1.053065930838E-02
  > varE =   1.110012444632E+01
* Computing derivatives.
  Done. [total walltime: 0.58s]
* Optimizing manipulation constant:
  #igrid a___________ E____________________________________ varE____________
     1     Infinity    -6.86794793E+00 +/-   1.05306593E-02   1.11001244E+01
     2     1.0000E+06  -6.86794794E+00 +/-   1.05306588E-02   1.11001234E+01
     3     2.1544E+05  -6.86794797E+00 +/-   1.05306569E-02   1.11001194E+01
     4     4.6416E+04  -6.86794812E+00 +/-   1.05306483E-02   1.11001012E+01
     5     1.0000E+04  -6.86794881E+00 +/-   1.05306081E-02   1.11000165E+01
     6     2.1544E+03  -6.86795197E+00 +/-   1.05304231E-02   1.10996264E+01
     7     4.6416E+02  -6.86796599E+00 +/-   1.05295910E-02   1.10978724E+01
     8     1.0000E+02  -6.86801995E+00 +/-   1.05262211E-02   1.10907700E+01
     9     2.1544E+01  -6.86815629E+00 +/-   1.05165503E-02   1.10704004E+01
    10     4.6416E+00  -6.86833804E+00 +/-   1.05031107E-02   1.10421237E+01
    11     1.0000E+00  -6.86848382E+00 +/-   1.04974347E-02   1.10301924E+01
    12     2.1544E-01  -6.86854178E+00 +/-   1.04986893E-02   1.10328291E+01
    13     4.6416E-02  -6.86854577E+00 +/-   1.04998723E-02   1.10353157E+01
    14     1.0000E-02  -6.86854462E+00 +/-   1.05002200E-02   1.10360463E+01
    15     2.1544E-03  -6.86854423E+00 +/-   1.05003002E-02   1.10362151E+01
    16     4.6416E-04  -6.86854414E+00 +/-   1.05003178E-02   1.10362520E+01
    17     1.0000E-04  -6.86854412E+00 +/-   1.05003216E-02   1.10362599E+01
    18     2.1544E-05  -6.86854411E+00 +/-   1.05003224E-02   1.10362616E+01
    19     4.6416E-06  -6.86854411E+00 +/-   1.05003226E-02   1.10362620E+01
    20     1.0000E-06  -6.86854411E+00 +/-   1.05003226E-02   1.10362621E+01
    21     0.0000E+00  -6.86854411E+00 +/-   1.05003226E-02   1.10362621E+01
  ParMin   7.7470E-02  -6.86854602E+00 +/-   1.04996057E-02   1.10347552E+01
  # Using parabolic minimum
* Iteration # 1: E =  -6.868546016319E+00 +/-   1.049960571894E-02
* Diminishing returns: exiting.
* After optimization:
  -8.2404E+00   7.7108E-01   5.0767E-01   1.8114E-01   1.0208E-02   1.9013E-02
  -8.9754E-02  -4.1867E-02  -4.8313E-01  -4.8286E-01  -1.9329E-01  -2.5112E-01
  -2.0316E-02  -1.3223E-02
  > Energy =  -6.868546016319E+00 +/-   1.049960571894E-02
  > varE =   1.103475523046E+01

VMC #12:
* Size of Hilbert space =   2.3639E+09
* Number of equil. steps   = 1000
* Running VMC equilibration.
  Done. [total walltime: 0.02s]
* Equil. acc.ratio (%)     =   5.7603
* Sample config after equilibration:
  +-----------+
  |  d   d   u|
  |2   u   d  |
  |  u   d   u|
  |u   d   0  |
  |  u   u   d|
  |u   d   d  |
  +-----------+
* Number of accum. steps   = 500480 x 10
* Running VMC accumulation.
  Done. [total walltime: 0.82s]
* Acceptance ratio (%)     =   5.5532
* Etot/t                   =  -6.850500532244E+00 +/-   4.842631832179E-03
  > Ttot/t                 =  -1.366971408722E+01 +/-   1.779834786025E-02
  > Utot/t                 =   6.819213554987E+00 +/-   1.695926805495E-02
* var[Eloc/t]              =   1.109739932086E+01 +/-   1.141291133684E-01
* Correlation length       =   1.057616988588E+00
* log10 Psi^2 range: -22.516825252502553 -- -10.513778730502070
* log10 Pgen range : -22.516825252502553 -- -10.513778730502070
* Site occupation (ave. no. electrons per config.):
  > Site_  ___eu____  ___ed____
      1        0.505      0.496
      2        0.496      0.505
      3        0.504      0.496
      4        0.496      0.502
      5        0.504      0.497
      6        0.495      0.503
      7        0.496      0.504
      8        0.506      0.494
      9        0.496      0.504
     10        0.505      0.496
     11        0.496      0.503
     12        0.504      0.497
     13        0.503      0.498
     14        0.495      0.504
     15        0.505      0.497
     16        0.496      0.503
     17        0.503      0.497
     18        0.495      0.503
* Pair-correlation analysis (ave. no. pairs per config.):
  > Shell  nsite  ___dh____  __eueu___  __eued___
      0      1        0          0          0.683
      1     18        0.647      5.701     29.710
      2     18        0.139     28.561      7.393
      3     18        0.128     28.489      7.482
      4     18        0.123      7.343     28.638
      5     18        0.027      1.906      7.094

Optimization #12:
* Method          : lls
* Target function : energy
* No. of configs. : 100096
* No. of params.  : 14
* Before optimization:
  -8.2404E+00   7.7108E-01   5.0767E-01   1.8114E-01   1.0208E-02   1.9013E-02
  -8.9754E-02  -4.1867E-02  -4.8313E-01  -4.8286E-01  -1.9329E-01  -2.5112E-01
  -2.0316E-02  -1.3223E-02
  > E    =  -6.878525523147E+00 +/-   1.061769962106E-02
  > varE =   1.128437713665E+01
* Computing derivatives.
  Done. [total walltime: 0.58s]
* Optimizing manipulation constant:
  #igrid a___________ E____________________________________ varE____________
     1     Infinity    -6.87852552E+00 +/-   1.06176996E-02   1.12843771E+01
     2     1.0000E+06  -6.87852554E+00 +/-   1.06176987E-02   1.12843751E+01
     3     2.1544E+05  -6.87852559E+00 +/-   1.06176952E-02   1.12843677E+01
     4     4.6416E+04  -6.87852583E+00 +/-   1.06176791E-02   1.12843334E+01
     5     1.0000E+04  -6.87852696E+00 +/-   1.06176043E-02   1.12841746E+01
     6     2.1544E+03  -6.87853211E+00 +/-   1.06172605E-02   1.12834439E+01
     7     4.6416E+02  -6.87855445E+00 +/-   1.06157276E-02   1.12801858E+01
     8     1.0000E+02  -6.87863176E+00 +/-   1.06097314E-02   1.12674464E+01
     9     2.1544E+01  -6.87875928E+00 +/-   1.05943192E-02   1.12347349E+01
    10     4.6416E+00  -6.87880463E+00 +/-   1.05765038E-02   1.11969820E+01
    11     1.0000E+00  -6.87881041E+00 +/-   1.05689700E-02   1.11810361E+01
    12     2.1544E-01  -6.87880149E+00 +/-   1.05686668E-02   1.11803948E+01
    13     4.6416E-02  -6.87879050E+00 +/-   1.05691487E-02   1.11814142E+01
    14     1.0000E-02  -6.87878675E+00 +/-   1.05693090E-02   1.11817534E+01
    15     2.1544E-03  -6.87878585E+00 +/-   1.05693468E-02   1.11818335E+01
    16     4.6416E-04  -6.87878566E+00 +/-   1.05693551E-02   1.11818510E+01
    17     1.0000E-04  -6.87878561E+00 +/-   1.05693569E-02   1.11818548E+01
    18     2.1544E-05  -6.87878560E+00 +/-   1.05693573E-02   1.11818557E+01
    19     4.6416E-06  -6.87878560E+00 +/-   1.05693574E-02   1.11818558E+01
    20     1.0000E-06  -6.87878560E+00 +/-   1.05693574E-02   1.11818559E+01
    21     0.0000E+00  -6.87878560E+00 +/-   1.05693574E-02   1.11818559E+01
  ParMin   6.5086E-01  -6.87880969E+00 +/-   1.05685423E-02   1.11801312E+01
  # Using parabolic minimum
* Iteration # 1: E =  -6.878809694083E+00 +/-   1.056854227245E-02
* Diminishing returns: exiting.
* After optimization:
  -8.2540E+00   7.7418E-01   5.0537E-01   1.8624E-01   2.2002E-02   3.6354E-02
  -9.7193E-02  -4.1570E-02  -4.7848E-01  -4.7029E-01  -2.0263E-01  -2.5690E-01
  -2.1325E-02  -9.8882E-03
  > Energy =  -6.878809694083E+00 +/-   1.056854227245E-02
  > varE =   1.118013120869E+01

VMC #13:
* Size of Hilbert space =   2.3639E+09
* Number of equil. steps   = 1000
* Running VMC equilibration.
  Done. [total walltime: 0.02s]
* Equil. acc.ratio (%)     =   5.8254
* Sample config after equilibration:
  +-----------+
  |  d   d   d|
  |u   u   u  |
  |  d   d   d|
  |u   u   u  |
  |  d   d   d|
  |u   u   u  |
  +-----------+
* Number of accum. steps   = 500480 x 10
* Running VMC accumulation.
  Done. [total walltime: 0.82s]
* Acceptance ratio (%)     =   5.6548
* Etot/t                   =  -6.842382175681E+00 +/-   4.706229719878E-03
  > Ttot/t                 =  -1.375152939433E+01 +/-   1.776298672857E-02
  > Utot/t                 =   6.909147218670E+00 +/-   1.709858027886E-02
* var[Eloc/t]              =   1.078086408860E+01 +/-   1.168193062908E-01
* Correlation length       =   1.028204263049E+00
* log10 Psi^2 range: -22.439390687388315 -- -10.546886055484084
* log10 Pgen range : -22.439390687388315 -- -10.546886055484084
* Site occupation (ave. no. electrons per config.):
  > Site_  ___eu____  ___ed____
      1        0.500      0.502
      2        0.499      0.500
      3        0.500      0.501
      4        0.500      0.500
      5        0.500      0.500
      6        0.501      0.499
      7        0.499      0.499
      8        0.499      0.502
      9        0.500      0.500
     10        0.500      0.501
     11        0.500      0.501
     12        0.500      0.500
     13        0.501      0.500
     14        0.500      0.499
     15        0.500      0.501
     16        0.503      0.497
     17        0.500      0.499
     18        0.500      0.500
* Pair-correlation analysis (ave. no. pairs per config.):
  > Shell  nsite  ___dh____  __eueu___  __eued___
      0      1        0          0          0.690
      1     18        0.653      5.820     29.586
      2     18        0.144     28.399      7.552
      3     18        0.130     28.331      7.640
      4     18        0.125      7.504     28.480
      5     18        0.029      1.946      7.052

Optimization #13:
* Method          : lls
* Target function : energy
* No. of configs. : 100096
* No. of params.  : 14
* Before optimization:
  -8.2540E+00   7.7418E-01   5.0537E-01   1.8624E-01   2.2002E-02   3.6354E-02
  -9.7193E-02  -4.1570E-02  -4.7848E-01  -4.7029E-01  -2.0263E-01  -2.5690E-01
  -2.1325E-02  -9.8882E-03
  > E    =  -6.838489188369E+00 +/-   1.027603471199E-02
  > varE =   1.056982624159E+01
* Computing derivatives.
  Done. [total walltime: 0.58s]
* Optimizing manipulation constant:
  #igrid a___________ E____________________________________ varE____________
     1     Infinity    -6.83848919E+00 +/-   1.02760347E-02   1.05698262E+01
     2     1.0000E+06  -6.83848922E+00 +/-   1.02760354E-02   1.05698276E+01
     3     2.1544E+05  -6.83848933E+00 +/-   1.02760377E-02   1.05698324E+01
     4     4.6416E+04  -6.83848986E+00 +/-   1.02760487E-02   1.05698550E+01
     5     1.0000E+04  -6.83849232E+00 +/-   1.02760995E-02   1.05699596E+01
     6     2.1544E+03  -6.83850360E+00 +/-   1.02763350E-02   1.05704439E+01
     7     4.6416E+02  -6.83855348E+00 +/-   1.02774145E-02   1.05726649E+01
     8     1.0000E+02  -6.83874249E+00 +/-   1.02821297E-02   1.05823684E+01
     9     2.1544E+01  -6.83919440E+00 +/-   1.02984972E-02   1.06160862E+01
    10     4.6416E+00  -6.83965257E+00 +/-   1.03280956E-02   1.06771961E+01
    11     1.0000E+00  -6.83976036E+00 +/-   1.03482756E-02   1.07189611E+01
    12     2.1544E-01  -6.83973000E+00 +/-   1.03537199E-02   1.07302428E+01
    13     4.6416E-02  -6.83970984E+00 +/-   1.03545897E-02   1.07320456E+01
    14     1.0000E-02  -6.83970408E+00 +/-   1.03547340E-02   1.07323447E+01
    15     2.1544E-03  -6.83970276E+00 +/-   1.03547624E-02   1.07324036E+01
    16     4.6416E-04  -6.83970247E+00 +/-   1.03547684E-02   1.07324160E+01
    17     1.0000E-04  -6.83970240E+00 +/-   1.03547697E-02   1.07324187E+01
    18     2.1544E-05  -6.83970239E+00 +/-   1.03547699E-02   1.07324193E+01
    19     4.6416E-06  -6.83970239E+00 +/-   1.03547700E-02   1.07324194E+01
    20     1.0000E-06  -6.83970239E+00 +/-   1.03547700E-02   1.07324194E+01
    21     0.0000E+00  -6.83970239E+00 +/-   1.03547700E-02   1.07324194E+01
* Iteration # 1: E =  -6.839760359155E+00 +/-   1.034827556883E-02
* Diminishing returns: exiting.
* After optimization:
  -9.0408E+00   8.2506E-01   5.5750E-01   2.2820E-01   4.9372E-02   5.3534E-02
  -1.0527E-01  -5.4908E-02  -5.0651E-01  -5.0194E-01  -2.3073E-01  -2.8869E-01
  -4.1571E-02  -3.3340E-02
  > Energy =  -6.839760359155E+00 +/-   1.034827556883E-02
  > varE =   1.071896105835E+01

VMC #14:
* Size of Hilbert space =   2.3639E+09
* Number of equil. steps   = 1000
* Running VMC equilibration.
  Done. [total walltime: 0.02s]
* Equil. acc.ratio (%)     =   5.5716
* Sample config after equilibration:
  +-----------+
  |  u   u   u|
  |d   d   d  |
  |  u   u   u|
  |d   d   d  |
  |  u   u   u|
  |d   d   d  |
  +-----------+
* Number of accum. steps   = 500480 x 10
* Running VMC accumulation.
  Done. [total walltime: 0.82s]
* Acceptance ratio (%)     =   5.4505
* Etot/t                   =  -6.845756109978E+00 +/-   4.848195128734E-03
  > Ttot/t                 =  -1.361335921097E+01 +/-   1.696256778029E-02
  > Utot/t                 =   6.767603101023E+00 +/-   1.633865636726E-02
* var[Eloc/t]              =   1.131695921390E+01 +/-   1.669195850436E-01
* Correlation length       =   1.039482442137E+00
* log10 Psi^2 range: -25.513244247058573 -- -13.184299146684637
* log10 Pgen range : -25.513244247058573 -- -13.184299146684637
* Site occupation (ave. no. electrons per config.):
  > Site_  ___eu____  ___ed____
      1        0.501      0.500
      2        0.500      0.499
      3        0.500      0.500
      4        0.500      0.501
      5        0.499      0.500
      6        0.500      0.500
      7        0.500      0.500
      8        0.501      0.501
      9        0.500      0.499
     10        0.501      0.500
     11        0.499      0.501
     12        0.500      0.501
     13        0.500      0.499
     14        0.499      0.500
     15        0.500      0.499
     16        0.499      0.501
     17        0.501      0.498
     18        0.499      0.502
* Pair-correlation analysis (ave. no. pairs per config.):
  > Shell  nsite  ___dh____  __eueu___  __eued___
      0      1        0          0          0.675
      1     18        0.642      5.715     29.699
      2     18        0.138     28.532      7.424
      3     18        0.123     28.455      7.518
      4     18        0.118      7.385     28.600
      5     18        0.027      1.913      7.085

Optimization #14:
* Method          : lls
* Target function : energy
* No. of configs. : 100096
* No. of params.  : 14
* Before optimization:
  -9.0408E+00   8.2506E-01   5.5750E-01   2.2820E-01   4.9372E-02   5.3534E-02
  -1.0527E-01  -5.4908E-02  -5.0651E-01  -5.0194E-01  -2.3073E-01  -2.8869E-01
  -4.1571E-02  -3.3340E-02
  > E    =  -6.835955434893E+00 +/-   1.058207727729E-02
  > varE =   1.120878606476E+01
* Computing derivatives.
  Done. [total walltime: 0.58s]
* Optimizing manipulation constant:
  #igrid a___________ E____________________________________ varE____________
     1     Infinity    -6.83595543E+00 +/-   1.05820773E-02   1.12087861E+01
     2     1.0000E+06  -6.83595546E+00 +/-   1.05820764E-02   1.12087843E+01
     3     2.1544E+05  -6.83595554E+00 +/-   1.05820734E-02   1.12087779E+01
     4     4.6416E+04  -6.83595592E+00 +/-   1.05820594E-02   1.12087483E+01
     5     1.0000E+04  -6.83595769E+00 +/-   1.05819946E-02   1.12086110E+01
     6     2.1544E+03  -6.83596576E+00 +/-   1.05816964E-02   1.12079792E+01
     7     4.6416E+02  -6.83600081E+00 +/-   1.05803647E-02   1.12051584E+01
     8     1.0000E+02  -6.83612301E+00 +/-   1.05751276E-02   1.11940683E+01
     9     2.1544E+01  -6.83632602E+00 +/-   1.05614490E-02   1.11651287E+01
    10     4.6416E+00  -6.83638901E+00 +/-   1.05447948E-02   1.11299443E+01
    11     1.0000E+00  -6.83642497E+00 +/-   1.05335836E-02   1.11062902E+01
    12     2.1544E-01  -6.83647563E+00 +/-   1.05268261E-02   1.10920449E+01
    13     4.6416E-02  -6.83649239E+00 +/-   1.05241599E-02   1.10864269E+01
    14     1.0000E-02  -6.83649599E+00 +/-   1.05234612E-02   1.10849550E+01
    15     2.1544E-03  -6.83649675E+00 +/-   1.05233034E-02   1.10846225E+01
    16     4.6416E-04  -6.83649692E+00 +/-   1.05232691E-02   1.10845501E+01
    17     1.0000E-04  -6.83649695E+00 +/-   1.05232616E-02   1.10845345E+01
    18     2.1544E-05  -6.83649696E+00 +/-   1.05232600E-02   1.10845311E+01
    19     4.6416E-06  -6.83649696E+00 +/-   1.05232597E-02   1.10845304E+01
    20     1.0000E-06  -6.83649696E+00 +/-   1.05232596E-02   1.10845303E+01
    21     0.0000E+00  -6.83649696E+00 +/-   1.05232596E-02   1.10845302E+01
* Iteration # 1: E =  -6.836496961252E+00 +/-   1.052325960678E-02
* Diminishing returns: exiting.
* After optimization:
  -8.6589E+00   7.9533E-01   5.1967E-01   2.0685E-01   2.7980E-02   3.7302E-02
  -1.0632E-01  -4.8202E-02  -4.8994E-01  -4.8464E-01  -2.2124E-01  -2.7911E-01
  -2.7111E-02  -2.1305E-02
  > Energy =  -6.836496961252E+00 +/-   1.052325960678E-02
  > varE =   1.108453021847E+01

VMC #15:
* Size of Hilbert space =   2.3639E+09
* Number of equil. steps   = 1000
* Running VMC equilibration.
  Done. [total walltime: 0.02s]
* Equil. acc.ratio (%)     =   5.6212
* Sample config after equilibration:
  +-----------+
  |  d   d   d|
  |u   u   u  |
  |  d   d   d|
  |u   u   u  |
  |  d   d   d|
  |u   u   u  |
  +-----------+
* Number of accum. steps   = 500480 x 10
* Running VMC accumulation.
  Done. [total walltime: 0.81s]
* Acceptance ratio (%)     =   5.3804
* Etot/t                   =  -6.844689901109E+00 +/-   4.816321016168E-03
  > Ttot/t                 =  -1.351384750977E+01 +/-   1.727467390934E-02
  > Utot/t                 =   6.669157608696E+00 +/-   1.649725607745E-02
* var[Eloc/t]              =   1.079339989016E+01 +/-   1.070304298172E-01
* Correlation length       =   1.075621094246E+00
* log10 Psi^2 range: -24.805798263774765 -- -11.785743604167038
* log10 Pgen range : -24.805798263774765 -- -11.785743604167038
* Site occupation (ave. no. electrons per config.):
  > Site_  ___eu____  ___ed____
      1        0.504      0.498
      2        0.495      0.505
      3        0.505      0.495
      4        0.497      0.502
      5        0.503      0.498
      6        0.498      0.502
      7        0.499      0.501
      8        0.502      0.497
      9        0.498      0.503
     10        0.503      0.498
     11        0.497      0.502
     12        0.502      0.499
     13        0.504      0.496
     14        0.496      0.504
     15        0.503      0.496
     16        0.497      0.503
     17        0.502      0.498
     18        0.497      0.503
* Pair-correlation analysis (ave. no. pairs per config.):
  > Shell  nsite  ___dh____  __eueu___  __eued___
      0      1        0          0          0.669
      1     18        0.633      5.564     29.858
      2     18        0.135     28.726      7.228
      3     18        0.120     28.652      7.320
      4     18        0.116      7.196     28.788
      5     18        0.026      1.861      7.137

Optimization #15:
* Method          : lls
* Target function : energy
* No. of configs. : 100096
* No. of params.  : 14
* Before optimization:
  -8.6589E+00   7.9533E-01   5.1967E-01   2.0685E-01   2.7980E-02   3.7302E-02
  -1.0632E-01  -4.8202E-02  -4.8994E-01  -4.8464E-01  -2.2124E-01  -2.7911E-01
  -2.7111E-02  -2.1305E-02
  > E    =  -6.859150034154E+00 +/-   1.028242033602E-02
  > varE =   1.058296670079E+01
* Computing derivatives.
  Done. [total walltime: 0.57s]
* Optimizing manipulation constant:
  #igrid a___________ E____________________________________ varE____________
     1     Infinity    -6.85915003E+00 +/-   1.02824203E-02   1.05829667E+01
     2     1.0000E+06  -6.85915006E+00 +/-   1.02824210E-02   1.05829681E+01
     3     2.1544E+05  -6.85915017E+00 +/-   1.02824234E-02   1.05829731E+01
     4     4.6416E+04  -6.85915065E+00 +/-   1.02824347E-02   1.05829963E+01
     5     1.0000E+04  -6.85915291E+00 +/-   1.02824871E-02   1.05831041E+01
     6     2.1544E+03  -6.85916323E+00 +/-   1.02827290E-02   1.05836021E+01
     7     4.6416E+02  -6.85920830E+00 +/-   1.02838284E-02   1.05858654E+01
     8     1.0000E+02  -6.85936940E+00 +/-   1.02884594E-02   1.05954014E+01
     9     2.1544E+01  -6.85966482E+00 +/-   1.03028084E-02   1.06249762E+01
    10     4.6416E+00  -6.85978795E+00 +/-   1.03238446E-02   1.06684085E+01
    11     1.0000E+00  -6.85977818E+00 +/-   1.03372801E-02   1.06961945E+01
    12     2.1544E-01  -6.85976824E+00 +/-   1.03431070E-02   1.07082563E+01
    13     4.6416E-02  -6.85976270E+00 +/-   1.03449931E-02   1.07121621E+01
    14     1.0000E-02  -6.85976097E+00 +/-   1.03454594E-02   1.07131277E+01
    15     2.1544E-03  -6.85976056E+00 +/-   1.03455632E-02   1.07133428E+01
    16     4.6416E-04  -6.85976047E+00 +/-   1.03455858E-02   1.07133895E+01
    17     1.0000E-04  -6.85976045E+00 +/-   1.03455906E-02   1.07133996E+01
    18     2.1544E-05  -6.85976045E+00 +/-   1.03455917E-02   1.07134017E+01
    19     4.6416E-06  -6.85976045E+00 +/-   1.03455919E-02   1.07134022E+01
    20     1.0000E-06  -6.85976045E+00 +/-   1.03455920E-02   1.07134023E+01
    21     0.0000E+00  -6.85976045E+00 +/-   1.03455920E-02   1.07134023E+01
  ParMin   4.3306E+00  -6.85978842E+00 +/-   1.03246698E-02   1.06701140E+01
  # Using grid point #10
* Iteration # 1: E =  -6.859787953348E+00 +/-   1.032384457387E-02
* Diminishing returns: exiting.
* After optimization:
  -8.7453E+00   8.0144E-01   5.3414E-01   2.0576E-01   3.7755E-02   3.4277E-02
  -9.9284E-02  -4.0503E-02  -5.0442E-01  -4.9817E-01  -2.1666E-01  -2.7448E-01
  -3.4703E-02  -2.8666E-02
  > Energy =  -6.859787953348E+00 +/-   1.032384457387E-02
  > varE =   1.066840852815E+01

VMC #16:
* Size of Hilbert space =   2.3639E+09
* Number of equil. steps   = 1000
* Running VMC equilibration.
  Done. [total walltime: 0.02s]
* Equil. acc.ratio (%)     =   5.7444
* Sample config after equilibration:
  +-----------+
  |  d   d   u|
  |u   u   d  |
  |  d   d   d|
  |u   u   u  |
  |  d   d   d|
  |u   u   u  |
  +-----------+
* Number of accum. steps   = 500480 x 10
* Running VMC accumulation.
  Done. [total walltime: 0.82s]
* Acceptance ratio (%)     =   5.3837
* Etot/t                   =  -6.847360010141E+00 +/-   4.786088318755E-03
  > Ttot/t                 =  -1.354301218406E+01 +/-   1.722623031647E-02
  > Utot/t                 =   6.695652173913E+00 +/-   1.640505823843E-02
* var[Eloc/t]              =   1.120840105888E+01 +/-   1.261789164743E-01
* Correlation length       =   1.022832411608E+00
* log10 Psi^2 range: -24.830125435146364 -- -12.185937880231981
* log10 Pgen range : -24.830125435146364 -- -12.185937880231981
* Site occupation (ave. no. electrons per config.):
  > Site_  ___eu____  ___ed____
      1        0.499      0.503
      2        0.502      0.497
      3        0.497      0.503
      4        0.502      0.496
      5        0.498      0.503
      6        0.502      0.497
      7        0.503      0.497
      8        0.498      0.502
      9        0.503      0.497
     10        0.498      0.502
     11        0.503      0.498
     12        0.496      0.503
     13        0.498      0.503
     14        0.502      0.498
     15        0.497      0.503
     16        0.501      0.498
     17        0.498      0.502
     18        0.502      0.498
* Pair-correlation analysis (ave. no. pairs per config.):
  > Shell  nsite  ___dh____  __eueu___  __eued___
      0      1        0          0          0.670
      1     18        0.639      5.562     29.855
      2     18        0.134     28.726      7.230
      3     18        0.122     28.663      7.310
      4     18        0.116      7.191     28.793
      5     18        0.026      1.858      7.141

VDAGGER finished.
Total VDAGGER walltime: 41.3s

Run ended: Fri Jan 16 10:19:22 CET 2026
