Run started: Thu Oct 16 17:35:36 CEST 2025
Using VDAGGER_ARCH = gnu7_fkfamd_cluster
Running 1x128 MPI processes.

                               xx
                              +##
                               #X
                               Xx
                          X##XxXxxX##x
                           +   Xx  ++
                               ##
                              +##
                              +##
     ++++         ++          +##
   xX+++##+      ####         +##
  Xx    ###      +X##          ##
 xX    X##+        ##          #X
 +    x##X         #x          #X
      ###         +#           x+
     X##+         #+
     ###         Xx                    _______
     ##X       +X+   __________________VDAGGER
     +##x    +xX     2nd quantized variational
       +xxxxx+       ______quantum Monte Carlo

* Running 128 MPI processes.
* Input file: "input.casl"

############# Start of input file dump #############
General:
  Random seed: timer

Plan:
  VMC-optimization:
    Minimum cycles: 10
    Convergence cycles: 5

System:
  Read Hamiltonian: FCIDUMP_loc_naphthalene
  Read orbitals: LTSC_naphthalene
  Complex orbitals: F
  Site kinds: [ 1, 2, 3, 1, 3, 3, 2, 3, 2, 2 ]
  Geometry:
    r_1: [ 0.00000000000000, 1.34347620379600 ]
    r_4: [ 0.00000000000000, -1.34347620379600 ]
    r_3: [ 2.34629842880300, 2.63976101399600 ]
    r_5: [ -2.34629842880300, -2.63976101399600 ]
    r_6: [ -2.34629842880300, 2.63976101399600 ]
    r_8: [ 2.34629842880300, -2.63976101399600 ]
    r_9: [ 4.58120036880600, 1.33647725770700 ]
    r_2: [ -4.58120036880600, -1.33647725770700 ]
    r_7: [ -4.58120036880600, 1.33647725770700 ]
    r_10: [ 4.58120036880600, -1.33647725770700 ]
    Tolerance: 0.05

VMC:
  nstep: 1000000
  nconfig: 250000

Jastrow: wfn.casl

Multideterminants: wfn.casl
############## End of input file dump ##############

General setup:
* Random seed: 1473711003 (from timer)

* Loaded integrals for system with nelec=10, ms2=0, norb=10
* INFO: setting number of electrons from integrals file.
* Analysis of Hamiltonian connecitivity performed:
  - T_ii (local, 1-site): 10 (i) values
  - U_iiii [opp] (local, 1-site): 10 (i) values
  - U_kkii [opp] (local, 2-site): 90 contribs. from 10 (i) values
  - U_kkii [par] (local, 2-site): 45 contribs. from 9 (i) values
  - T_ji (single, 2-site): 90 contribs. from 10 (i) values
  - U_kkji [opp] (single, 2/3-site): 900 contribs. from 90 (i,j) pairs
  - U_kkji [par] (single, 3-site): 810 contribs. from 90 (i,j) pairs
  - U_lkji [opp] (double, 2/3/4-site): 8100 contribs. from 90 (i,j) pairs
  - U_lkji [par] (double, 4-site): 1740 contribs. from 72 (i,j) pairs
  - Max. no. wfn. ratios in Eloc: 1467
* Reading override orbitals from file "LTSC_naphthalene".
* Site labels:
  +--------------+
  |    6     3   |
  | 7     1     9|
  | 2     4    10|
  |    5     8   |
  +--------------+
* Read-in Site kinds:
  [ 1, 2, 3, 1, 3, 3, 2, 3, 2, 2 ]
  +---------+
  |  3   3  |
  |2   1   2|
  |2   1   2|
  |  3   3  |
  +---------+
* Maximum Site kind: 3
* Number of site-pair kinds with Tij=0: 0
* Automatically set Site pair kinds:
  Site 1: [ 0, -7, -4, 3, -8, -4, -9, 8, 9, -7 ]
  Site 2: [ -7, 0, 12, -9, 1, 10, 2, 14, 16, -15 ]
  Site 3: [ -4, 12, 0, -8, -11, 5, -13, -6, -1, 10 ]
  Site 4: [ 3, -9, -8, 0, -4, -8, -7, 4, 7, -9 ]
  Site 5: [ -8, 1, -11, -4, 0, 6, 10, -5, -12, -14 ]
  Site 6: [ -4, 10, 5, -8, 6, 0, 1, 11, 14, 12 ]
  Site 7: [ -9, 2, -13, -7, 10, 1, 0, -12, 15, -16 ]
  Site 8: [ 8, 14, -6, 4, -5, 11, -12, 0, 10, -1 ]
  Site 9: [ 9, 16, -1, 7, -12, 14, 15, 10, 0, -2 ]
  Site 10: [ -7, -15, 10, -9, -14, 12, -16, -1, -2, 0 ]
  For site 1 of kind 1:
  +--------------+
  |   -4    -4   |
  |-9     0     9|
  |-7     3    -7|
  |   -8     8   |
  +--------------+
  For site 2 of kind 2:
  +-------------------+
  |     10      12    |
  |  2      -7      16|
  |  0      -9     -15|
  |      1      14    |
  +-------------------+
  For site 3 of kind 3:
  +-------------------+
  |      5       0    |
  |-13      -4      -1|
  | 12      -8      10|
  |    -11      -6    |
  +-------------------+
* Maximum (unsigned) Site pair kind: 16
General system setup:
* Number of sites       : 10
* Number of electrons   : 10
* Spin imbalance MS2    : 0
* Filling               : 0.500000
* Number of orbitals in pool: 10
* Using real-valued orbitals
* Using double-precision arithmetic for orbitals

Trial wave function setup:
* Jastrow parameter file: "wfn.casl"
* Multideterminant parameter file: "wfn.casl"
* Not using a backflow transformation
* Not using wave function manipulation

VMC #1:
* Size of Hilbert space =   6.3504E+04
* Deterministic energy evaluation:
  > Deterministic Etot/t = -383.34869143145596
    - Ttot/t = -23.365088240933890
    - Utot/t = 9.5307424866481192
* Number of equil. steps   = 1000
* Running VMC equilibration.
  Done. [total walltime: 0.04s]
* Equil. acc.ratio (%)     =  27.8546
* Sample config after equilibration:
  +---------+
  |  0   d  |
  |2   2   u|
  |u   0   d|
  |  d   u  |
  +---------+
* Number of accum. steps   = 1000448 x 10
* Running VMC accumulation.
    [walltime: 1m elapsed, 1m42s remaining]
  Done. [total walltime: 2m40s]
* Acceptance ratio (%)     =  27.8611
* Etot/t                   =  -3.833486521138E+02 +/-   3.671612142717E-05
  > Ttot/t                 =  -2.336529462222E+01 +/-   3.648698282287E-04
  > Utot/t                 =   9.530988185644E+00 +/-   3.632410770024E-04
* var[Eloc/t]              =   1.343345919409E-03 +/-   6.298085798929E-05
* Correlation length       =   1.003968888526E+00
* log10 Psi^2 range: -14.036839710044214 -- -7.2254556788110849
* log10 Pgen range : -14.036839710044214 -- -7.2254556788110849
* Site occupation (ave. no. electrons per config.):
  > Site_  ___eu____  ___ed____
      1        0.497      0.498
      2        0.503      0.500
      3        0.499      0.500
      4        0.498      0.497
      5        0.498      0.500
      6        0.499      0.500
      7        0.502      0.502
      8        0.500      0.499
      9        0.502      0.502
     10        0.501      0.502
* Pair-correlation analysis (ave. no. pairs per config.):
  > Shell  nsite  ___dh____  __eueu___  __eued___
      0      1        0          0          1.749
      1      1        0.840      0.720      2.477
      2      1        0.288      0.650      1.111
      3      1        0.161      0.298      0.554
      4      1        0.559      1.341      2.168
      5      1        0.121      1.025      0.961
      6      1        0.148      0.845      1.100
      7      1        0.301      1.802      2.125
      8      1        0.250      2.098      1.899
      9      1        0.250      2.124      1.904
     10      1        0.229      2.157      1.882
     11      1        0.113      0.976      1.023
     12      1        0.236      2.057      1.950
     13      1        0.062      0.479      0.520
     14      1        0.184      1.436      1.555
     15      1        0.122      1.035      0.974
     16      1        0.124      0.957      1.049

Optimization #1:
* Method          : lls
* Target function : energy
* No. of configs. : 250112
* No. of params.  : 66
* Before optimization:
  -5.1787E-01  -5.1793E-01  -5.1839E-01  -4.3618E+00  -4.3604E+00   7.3946E-01
   1.7964E+01   4.3088E+00   4.3049E+00  -9.6807E+00  -9.7267E+00   8.9039E+00
   8.9086E+00   4.0090E+00   4.0091E+00   8.9846E+00   8.9842E+00  -4.6214E+00
  -4.6215E+00  -9.8391E+00  -4.9193E+00  -4.9189E+00  -4.8846E+00  -4.8857E+00
  -4.8850E+00  -4.8857E+00   0.0000E+00   2.4501E+01  -2.0081E+01  -3.2606E-01
  -3.3003E-01  -8.8121E+01   7.0182E+01  -1.9416E+01   1.5153E+01   4.9440E+01
  -3.9764E+01   4.9482E+01  -3.9752E+01  -4.4028E+01   3.5127E+01  -1.9272E+01
   1.5255E+01  -4.4090E+01   3.5083E+01   2.4604E+01  -2.0013E+01   4.9550E+01
  -3.9708E+01   2.4777E+01  -1.9855E+01   2.4747E+01  -1.9859E+01   2.4747E+01
  -1.9859E+01   0.0000E+00   0.0000E+00  -8.7477E-02  -6.6500E-02   4.0276E-02
  -3.2944E-02   2.0057E-02  -3.3195E-02   1.7276E-02   7.3638E-03  -2.4153E-02
  > E    =  -3.833485761630E+02 +/-   7.438350419733E-05
  > varE =   1.383846109607E-03
* Computing derivatives.
    [walltime: 1m elapsed, 15m39s remaining]
  Done. [total walltime: 16m26s]
* Optimizing manipulation constant:
  #igrid a___________ E____________________________________ varE____________
     1     Infinity    -3.83348576E+02 +/-   7.43835042E-05   1.38384611E-03
     2     1.0000E+06  -3.83348576E+02 +/-   7.43835026E-05   1.38384605E-03
     3     2.1544E+05  -3.83348576E+02 +/-   7.43834967E-05   1.38384583E-03
     4     4.6416E+04  -3.83348576E+02 +/-   7.43834695E-05   1.38384482E-03
     5     1.0000E+04  -3.83348576E+02 +/-   7.43833433E-05   1.38384012E-03
     6     2.1544E+03  -3.83348576E+02 +/-   7.43827579E-05   1.38381834E-03
     7     4.6416E+02  -3.83348576E+02 +/-   7.43800474E-05   1.38371749E-03
     8     1.0000E+02  -3.83348577E+02 +/-   7.43676160E-05   1.38325500E-03
     9     2.1544E+01  -3.83348580E+02 +/-   7.43129751E-05   1.38122308E-03
    10     4.6416E+00  -3.83348592E+02 +/-   7.41123228E-05   1.37377427E-03
    11     1.0000E+00  -3.83348619E+02 +/-   7.37097235E-05   1.35888935E-03
    12     2.1544E-01  -3.83348639E+02 +/-   7.35083427E-05   1.35147430E-03
    13     4.6416E-02  -3.83348643E+02 +/-   7.35374979E-05   1.35254657E-03
    14     1.0000E-02  -3.83348644E+02 +/-   7.35693340E-05   1.35371792E-03
    15     2.1544E-03  -3.83348643E+02 +/-   7.36123865E-05   1.35530277E-03
    16     4.6416E-04  -3.83348635E+02 +/-   7.38418285E-05   1.36376460E-03
    17     1.0000E-04  -3.83348562E+02 +/-   7.57553584E-05   1.43536134E-03
    18     2.1544E-05  -3.83348502E+02 +/-   7.72658643E-05   1.49317209E-03
    19     4.6416E-06  -3.83348480E+02 +/-   7.78182648E-05   1.51459882E-03
    20     1.0000E-06  -3.83348474E+02 +/-   7.79546164E-05   1.51991117E-03
    21     0.0000E+00  -3.83348473E+02 +/-   7.79932830E-05   1.52141934E-03
* Iteration # 1: E =  -3.833486436214E+02 +/-   7.356933402099E-05
* Computing derivatives.
    [walltime: 1m elapsed, 15m28s remaining]
  Done. [total walltime: 16m26s]
* Optimizing manipulation constant:
  #igrid a___________ E____________________________________ varE____________
     1     Infinity    -3.83348644E+02 +/-   7.35693340E-05   1.35371792E-03
     2     1.0000E+06  -3.83348644E+02 +/-   7.35693340E-05   1.35371792E-03
     3     2.1544E+05  -3.83348644E+02 +/-   7.35693339E-05   1.35371792E-03
     4     4.6416E+04  -3.83348644E+02 +/-   7.35693335E-05   1.35371790E-03
     5     1.0000E+04  -3.83348644E+02 +/-   7.35693316E-05   1.35371783E-03
     6     2.1544E+03  -3.83348644E+02 +/-   7.35693227E-05   1.35371750E-03
     7     4.6416E+02  -3.83348644E+02 +/-   7.35692813E-05   1.35371598E-03
     8     1.0000E+02  -3.83348644E+02 +/-   7.35690899E-05   1.35370894E-03
     9     2.1544E+01  -3.83348644E+02 +/-   7.35682143E-05   1.35367672E-03
    10     4.6416E+00  -3.83348644E+02 +/-   7.35644153E-05   1.35353691E-03
    11     1.0000E+00  -3.83348644E+02 +/-   7.35513929E-05   1.35305775E-03
    12     2.1544E-01  -3.83348645E+02 +/-   7.35284905E-05   1.35221525E-03
    13     4.6416E-02  -3.83348645E+02 +/-   7.35128292E-05   1.35163928E-03
    14     1.0000E-02  -3.83348645E+02 +/-   7.35076317E-05   1.35144816E-03
    15     2.1544E-03  -3.83348645E+02 +/-   7.35063741E-05   1.35140192E-03
    16     4.6416E-04  -3.83348645E+02 +/-   7.35060959E-05   1.35139168E-03
    17     1.0000E-04  -3.83348645E+02 +/-   7.35060356E-05   1.35138947E-03
    18     2.1544E-05  -3.83348645E+02 +/-   7.35060226E-05   1.35138899E-03
    19     4.6416E-06  -3.83348645E+02 +/-   7.35060198E-05   1.35138889E-03
    20     1.0000E-06  -3.83348645E+02 +/-   7.35060192E-05   1.35138886E-03
    21     0.0000E+00  -3.83348645E+02 +/-   7.35060190E-05   1.35138886E-03
* Iteration # 2: E =  -3.833486453381E+02 +/-   7.350601899148E-05
* Convergence: exiting.
* After optimization:
  -3.3474E-01  -3.3072E-01  -3.3295E-01  -4.5621E+00  -4.5591E+00   7.2150E-01
   1.8636E+01   4.4563E+00   4.4510E+00  -1.0050E+01  -1.0092E+01   9.2323E+00
   9.2357E+00   4.1651E+00   4.1647E+00   9.3028E+00   9.3006E+00  -4.8113E+00
  -4.8113E+00  -1.0193E+01  -5.0971E+00  -5.0969E+00  -5.0843E+00  -5.0842E+00
  -5.0837E+00  -5.0840E+00  -2.6676E-02   2.5375E+01  -2.0752E+01  -3.2047E-01
  -3.1681E-01  -9.1534E+01   7.2926E+01  -2.0255E+01   1.5846E+01   5.1170E+01
  -4.1126E+01   5.1213E+01  -4.1121E+01  -4.5734E+01   3.6505E+01  -2.0114E+01
   1.5942E+01  -4.5794E+01   3.6470E+01   2.5472E+01  -2.0692E+01   5.1279E+01
  -4.1083E+01   2.5642E+01  -2.0542E+01   2.5613E+01  -2.0524E+01   2.5612E+01
  -2.0524E+01  -2.9095E-03   2.9015E-02  -8.3096E-02  -7.2961E-02   4.0114E-02
  -3.2005E-02   2.2341E-02  -3.1888E-02   1.5961E-02   8.4263E-03  -2.2593E-02
  > Energy =  -3.833486453381E+02 +/-   7.350601899148E-05
  > varE =   1.351388858095E-03

VMC #2:
* Size of Hilbert space =   6.3504E+04
* Deterministic energy evaluation:
  > Deterministic Etot/t = -383.34874185100028
    - Ttot/t = -23.365150553438173
    - Utot/t = 9.5307543796081884
* Number of equil. steps   = 1000
* Running VMC equilibration.
  Done. [total walltime: 0.04s]
* Equil. acc.ratio (%)     =  27.8483
* Sample config after equilibration:
  +---------+
  |  u   d  |
  |d   d   u|
  |0   u   d|
  |  2   u  |
  +---------+
* Number of accum. steps   = 1000448 x 10
* Running VMC accumulation.
    [walltime: 1m elapsed, 1m17s remaining]
  Done. [total walltime: 2m17s]
* Acceptance ratio (%)     =  27.8267
* Etot/t                   =  -3.833487589797E+02 +/-   3.542862782478E-05
  > Ttot/t                 =  -2.336430868669E+01 +/-   3.667497770229E-04
  > Utot/t                 =   9.529895384185E+00 +/-   3.651407620928E-04
* var[Eloc/t]              =   1.281988217001E-03 +/-   2.757069731219E-05
* Correlation length       =   9.795331789866E-01
* log10 Psi^2 range: -13.464886699398850 -- -6.8535536645546102
* log10 Pgen range : -13.464886699398850 -- -6.8535536645546102
* Site occupation (ave. no. electrons per config.):
  > Site_  ___eu____  ___ed____
      1        0.497      0.496
      2        0.502      0.501
      3        0.501      0.501
      4        0.496      0.497
      5        0.501      0.502
      6        0.501      0.499
      7        0.501      0.501
      8        0.500      0.499
      9        0.501      0.500
     10        0.501      0.503
* Pair-correlation analysis (ave. no. pairs per config.):
  > Shell  nsite  ___dh____  __eueu___  __eued___
      0      1        0          0          1.747
      1      1        0.836      0.722      2.482
      2      1        0.289      0.647      1.109
      3      1        0.163      0.295      0.552
      4      1        0.561      1.342      2.166
      5      1        0.120      1.028      0.968
      6      1        0.148      0.847      1.104
      7      1        0.301      1.796      2.119
      8      1        0.250      2.101      1.902
      9      1        0.251      2.116      1.898
     10      1        0.227      2.160      1.883
     11      1        0.116      0.981      1.022
     12      1        0.234      2.060      1.954
     13      1        0.061      0.480      0.519
     14      1        0.183      1.437      1.557
     15      1        0.120      1.032      0.975
     16      1        0.124      0.956      1.043

Optimization #2:
* Method          : lls
* Target function : energy
* No. of configs. : 250112
* No. of params.  : 66
* Before optimization:
  -3.3474E-01  -3.3072E-01  -3.3295E-01  -4.5621E+00  -4.5591E+00   7.2150E-01
   1.8636E+01   4.4563E+00   4.4510E+00  -1.0050E+01  -1.0092E+01   9.2323E+00
   9.2357E+00   4.1651E+00   4.1647E+00   9.3028E+00   9.3006E+00  -4.8113E+00
  -4.8113E+00  -1.0193E+01  -5.0971E+00  -5.0969E+00  -5.0843E+00  -5.0842E+00
  -5.0837E+00  -5.0840E+00  -2.6676E-02   2.5375E+01  -2.0752E+01  -3.2047E-01
  -3.1681E-01  -9.1534E+01   7.2926E+01  -2.0255E+01   1.5846E+01   5.1170E+01
  -4.1126E+01   5.1213E+01  -4.1121E+01  -4.5734E+01   3.6505E+01  -2.0114E+01
   1.5942E+01  -4.5794E+01   3.6470E+01   2.5472E+01  -2.0692E+01   5.1279E+01
  -4.1083E+01   2.5642E+01  -2.0542E+01   2.5613E+01  -2.0524E+01   2.5612E+01
  -2.0524E+01  -2.9095E-03   2.9015E-02  -8.3096E-02  -7.2961E-02   4.0114E-02
  -3.2005E-02   2.2341E-02  -3.1888E-02   1.5961E-02   8.4263E-03  -2.2593E-02
  > E    =  -3.833488190452E+02 +/-   7.046360497654E-05
  > varE =   1.241835999971E-03
* Computing derivatives.
    [walltime: 1m elapsed, 15m45s remaining]
  Done. [total walltime: 16m26s]
* Optimizing manipulation constant:
  #igrid a___________ E____________________________________ varE____________
     1     Infinity    -3.83348819E+02 +/-   7.04636050E-05   1.24183600E-03
     2     1.0000E+06  -3.83348819E+02 +/-   7.04636043E-05   1.24183598E-03
     3     2.1544E+05  -3.83348819E+02 +/-   7.04636017E-05   1.24183589E-03
     4     4.6416E+04  -3.83348819E+02 +/-   7.04635898E-05   1.24183547E-03
     5     1.0000E+04  -3.83348819E+02 +/-   7.04635334E-05   1.24183348E-03
     6     2.1544E+03  -3.83348819E+02 +/-   7.04632461E-05   1.24182335E-03
     7     4.6416E+02  -3.83348819E+02 +/-   7.04613709E-05   1.24175725E-03
     8     1.0000E+02  -3.83348820E+02 +/-   7.04425643E-05   1.24109448E-03
     9     2.1544E+01  -3.83348805E+02 +/-   7.06554037E-05   1.24860564E-03
    10     4.6416E+00  -3.83347778E+02 +/-   9.20002828E-05   2.11696098E-03
    11     1.0000E+00  -3.83335167E+02 +/-   2.20895468E-04   1.22041669E-02
    12     2.1544E-01  -3.83347356E+02 +/-   9.73621893E-05   2.37091067E-03
    13     4.6416E-02  -3.83347022E+02 +/-   1.01804051E-04   2.59217699E-03
    14     1.0000E-02  -3.83346734E+02 +/-   1.05608028E-04   2.78951304E-03
    15     2.1544E-03  -3.83346180E+02 +/-   1.12807141E-04   3.18278801E-03
    16     4.6416E-04  -3.83345376E+02 +/-   1.22341317E-04   3.74352581E-03
    17     1.0000E-04  -3.83344939E+02 +/-   1.27167441E-04   4.04470074E-03
    18     2.1544E-05  -3.83344813E+02 +/-   1.28514089E-04   4.13081755E-03
    19     4.6416E-06  -3.83344784E+02 +/-   1.28822623E-04   4.15067573E-03
    20     1.0000E-06  -3.83344778E+02 +/-   1.28890003E-04   4.15501881E-03
    21     0.0000E+00  -3.83344776E+02 +/-   1.28908563E-04   4.15621552E-03
  ParMin   2.0402E+02  -3.83348819E+02 +/-   7.04565036E-05   1.24158571E-03
  # Using grid point #8
* Iteration # 1: E =  -3.833488196320E+02 +/-   7.044256431826E-05
* Convergence: exiting.
* After optimization:
  -1.8492E-01  -1.8092E-01  -1.8312E-01  -4.5599E+00  -4.5570E+00   7.2147E-01
   1.8477E+01   4.3792E+00   4.3739E+00  -1.0046E+01  -1.0087E+01   9.1531E+00
   9.1564E+00   4.0880E+00   4.0876E+00   9.2236E+00   9.2214E+00  -4.8091E+00
  -4.8091E+00  -1.0188E+01  -5.0949E+00  -5.0947E+00  -5.0820E+00  -5.0820E+00
  -5.0815E+00  -5.0817E+00  -2.6683E-02   2.5364E+01  -2.0743E+01  -3.2051E-01
  -3.1677E-01  -9.0742E+01   7.2292E+01  -1.9870E+01   1.5538E+01   5.1148E+01
  -4.1109E+01   5.1191E+01  -4.1103E+01  -4.5338E+01   3.6188E+01  -1.9729E+01
   1.5634E+01  -4.5398E+01   3.6153E+01   2.5461E+01  -2.0683E+01   5.1257E+01
  -4.1066E+01   2.5631E+01  -2.0533E+01   2.5602E+01  -2.0516E+01   2.5601E+01
  -2.0515E+01  -2.9124E-03   2.9028E-02  -8.3107E-02  -7.2961E-02   4.0119E-02
  -3.2033E-02   2.2321E-02  -3.1934E-02   1.5967E-02   8.4239E-03  -2.2588E-02
  > Energy =  -3.833488196320E+02 +/-   7.044256431826E-05
  > varE =   1.241094478278E-03

VMC #3:
* Size of Hilbert space =   6.3504E+04
* Deterministic energy evaluation:
  > Deterministic Etot/t = -383.34874202304252
    - Ttot/t = -23.365207343006926
    - Utot/t = 9.5308109971347221
* Number of equil. steps   = 1000
* Running VMC equilibration.
  Done. [total walltime: 0.04s]
* Equil. acc.ratio (%)     =  27.8275
* Sample config after equilibration:
  +---------+
  |  2   u  |
  |0   0   d|
  |u   d   2|
  |  d   u  |
  +---------+
* Number of accum. steps   = 1000448 x 10
* Running VMC accumulation.
    [walltime: 1m elapsed, 1m19s remaining]
  Done. [total walltime: 2m19s]
* Acceptance ratio (%)     =  27.8505
* Etot/t                   =  -3.833487173961E+02 +/-   3.592423295624E-05
  > Ttot/t                 =  -2.336561455477E+01 +/-   3.692459931816E-04
  > Utot/t                 =   9.531242835859E+00 +/-   3.676723845055E-04
* var[Eloc/t]              =   1.268597370045E-03 +/-   1.809495344977E-05
* Correlation length       =   1.017760804658E+00
* log10 Psi^2 range: -12.978547681495803 -- -6.8531280857218286
* log10 Pgen range : -12.978547681495803 -- -6.8531280857218286
* Site occupation (ave. no. electrons per config.):
  > Site_  ___eu____  ___ed____
      1        0.497      0.497
      2        0.502      0.502
      3        0.500      0.500
      4        0.497      0.498
      5        0.500      0.500
      6        0.499      0.500
      7        0.501      0.502
      8        0.500      0.500
      9        0.503      0.500
     10        0.500      0.501
* Pair-correlation analysis (ave. no. pairs per config.):
  > Shell  nsite  ___dh____  __eueu___  __eued___
      0      1        0          0          1.749
      1      1        0.840      0.720      2.477
      2      1        0.289      0.646      1.111
      3      1        0.162      0.296      0.555
      4      1        0.562      1.341      2.166
      5      1        0.120      1.026      0.966
      6      1        0.149      0.844      1.103
      7      1        0.300      1.799      2.124
      8      1        0.250      2.102      1.900
      9      1        0.249      2.122      1.902
     10      1        0.227      2.161      1.881
     11      1        0.116      0.978      1.022
     12      1        0.235      2.057      1.953
     13      1        0.061      0.480      0.519
     14      1        0.186      1.437      1.553
     15      1        0.121      1.030      0.979
     16      1        0.124      0.959      1.041

Optimization #3:
* Method          : lls
* Target function : energy
* No. of configs. : 250112
* No. of params.  : 66
* Before optimization:
  -1.8492E-01  -1.8092E-01  -1.8312E-01  -4.5599E+00  -4.5570E+00   7.2147E-01
   1.8477E+01   4.3792E+00   4.3739E+00  -1.0046E+01  -1.0087E+01   9.1531E+00
   9.1564E+00   4.0880E+00   4.0876E+00   9.2236E+00   9.2214E+00  -4.8091E+00
  -4.8091E+00  -1.0188E+01  -5.0949E+00  -5.0947E+00  -5.0820E+00  -5.0820E+00
  -5.0815E+00  -5.0817E+00  -2.6683E-02   2.5364E+01  -2.0743E+01  -3.2051E-01
  -3.1677E-01  -9.0742E+01   7.2292E+01  -1.9870E+01   1.5538E+01   5.1148E+01
  -4.1109E+01   5.1191E+01  -4.1103E+01  -4.5338E+01   3.6188E+01  -1.9729E+01
   1.5634E+01  -4.5398E+01   3.6153E+01   2.5461E+01  -2.0683E+01   5.1257E+01
  -4.1066E+01   2.5631E+01  -2.0533E+01   2.5602E+01  -2.0516E+01   2.5601E+01
  -2.0515E+01  -2.9124E-03   2.9028E-02  -8.3107E-02  -7.2961E-02   4.0119E-02
  -3.2033E-02   2.2321E-02  -3.1934E-02   1.5967E-02   8.4239E-03  -2.2588E-02
  > E    =  -3.833486911379E+02 +/-   7.041002506312E-05
  > varE =   1.239948155370E-03
* Computing derivatives.
    [walltime: 1m elapsed, 15m36s remaining]
  Done. [total walltime: 16m20s]
* Optimizing manipulation constant:
  #igrid a___________ E____________________________________ varE____________
     1     Infinity    -3.83348691E+02 +/-   7.04100251E-05   1.23994816E-03
     2     1.0000E+06  -3.83348691E+02 +/-   7.04100243E-05   1.23994813E-03
     3     2.1544E+05  -3.83348691E+02 +/-   7.04100217E-05   1.23994804E-03
     4     4.6416E+04  -3.83348691E+02 +/-   7.04100096E-05   1.23994761E-03
     5     1.0000E+04  -3.83348691E+02 +/-   7.04099534E-05   1.23994563E-03
     6     2.1544E+03  -3.83348691E+02 +/-   7.04096927E-05   1.23993645E-03
     7     4.6416E+02  -3.83348691E+02 +/-   7.04084865E-05   1.23989397E-03
     8     1.0000E+02  -3.83348691E+02 +/-   7.04029681E-05   1.23969962E-03
     9     2.1544E+01  -3.83348692E+02 +/-   7.03789830E-05   1.23885507E-03
    10     4.6416E+00  -3.83348695E+02 +/-   7.02949188E-05   1.23589734E-03
    11     1.0000E+00  -3.83348701E+02 +/-   7.01500970E-05   1.23081018E-03
    12     2.1544E-01  -3.83348704E+02 +/-   7.00989365E-05   1.22901558E-03
    13     4.6416E-02  -3.83348702E+02 +/-   7.01016074E-05   1.22910923E-03
    14     1.0000E-02  -3.83348701E+02 +/-   7.00954200E-05   1.22889227E-03
    15     2.1544E-03  -3.83348697E+02 +/-   7.00720884E-05   1.22807433E-03
    16     4.6416E-04  -3.83348684E+02 +/-   7.01105351E-05   1.22942232E-03
    17     1.0000E-04  -3.83348675E+02 +/-   7.01881333E-05   1.23214527E-03
    18     2.1544E-05  -3.83348673E+02 +/-   7.02146934E-05   1.23307797E-03
    19     4.6416E-06  -3.83348672E+02 +/-   7.02209823E-05   1.23329886E-03
    20     1.0000E-06  -3.83348672E+02 +/-   7.02223645E-05   1.23334741E-03
    21     0.0000E+00  -3.83348672E+02 +/-   7.02227459E-05   1.23336081E-03
* Iteration # 1: E =  -3.833487035689E+02 +/-   7.009893650756E-05
* Diminishing returns: exiting.
* After optimization:
   6.3816E-02   6.6167E-02   6.5002E-02  -4.5830E+00  -4.5809E+00   7.3172E-01
   1.8306E+01   4.2679E+00   4.2628E+00  -1.0102E+01  -1.0136E+01   9.0735E+00
   9.0769E+00   3.9774E+00   3.9769E+00   9.1428E+00   9.1418E+00  -4.8297E+00
  -4.8298E+00  -1.0239E+01  -5.1194E+00  -5.1190E+00  -5.1071E+00  -5.1070E+00
  -5.1067E+00  -5.1070E+00  -2.6580E-02   2.5498E+01  -2.0855E+01  -3.3446E-01
  -3.1541E-01  -8.9882E+01   7.1603E+01  -1.9301E+01   1.5080E+01   5.1433E+01
  -4.1336E+01   5.1475E+01  -4.1338E+01  -4.4911E+01   3.5842E+01  -1.9157E+01
   1.5173E+01  -4.4973E+01   3.5809E+01   2.5598E+01  -2.0798E+01   5.1542E+01
  -4.1299E+01   2.5772E+01  -2.0650E+01   2.5742E+01  -2.0632E+01   2.5742E+01
  -2.0631E+01  -2.8490E-03   2.9914E-02  -8.2245E-02  -7.3914E-02   4.0323E-02
  -3.4930E-02   1.9761E-02  -3.6273E-02   1.7146E-02   9.3800E-03  -2.1249E-02
  > Energy =  -3.833487035689E+02 +/-   7.009893650756E-05
  > varE =   1.229015577294E-03

VMC #4:
* Size of Hilbert space =   6.3504E+04
* Deterministic energy evaluation:
  > Deterministic Etot/t = -383.34874644430738
    - Ttot/t = -23.365294897274907
    - Utot/t = 9.5308941301378933
* Number of equil. steps   = 1000
* Running VMC equilibration.
  Done. [total walltime: 0.04s]
* Equil. acc.ratio (%)     =  27.8933
* Sample config after equilibration:
  +---------+
  |  d   0  |
  |u   2   d|
  |d   u   d|
  |  u   u  |
  +---------+
* Number of accum. steps   = 1000448 x 10
* Running VMC accumulation.
    [walltime: 1m elapsed, 1m18s remaining]
  Done. [total walltime: 2m19s]
* Acceptance ratio (%)     =  27.9067
* Etot/t                   =  -3.833487008518E+02 +/-   3.565136354417E-05
  > Ttot/t                 =  -2.336556081886E+01 +/-   3.698273195864E-04
  > Utot/t                 =   9.531205644182E+00 +/-   3.683284818085E-04
* var[Eloc/t]              =   1.276989476959E-03 +/-   2.101267889018E-05
* Correlation length       =   9.957710398853E-01
* log10 Psi^2 range: -14.436255846778661 -- -6.9238399427389652
* log10 Pgen range : -14.436255846778661 -- -6.9238399427389652
* Site occupation (ave. no. electrons per config.):
  > Site_  ___eu____  ___ed____
      1        0.497      0.497
      2        0.500      0.502
      3        0.499      0.500
      4        0.499      0.496
      5        0.500      0.501
      6        0.500      0.500
      7        0.503      0.500
      8        0.498      0.500
      9        0.502      0.502
     10        0.502      0.501
* Pair-correlation analysis (ave. no. pairs per config.):
  > Shell  nsite  ___dh____  __eueu___  __eued___
      0      1        0          0          1.749
      1      1        0.839      0.716      2.481
      2      1        0.290      0.648      1.108
      3      1        0.164      0.297      0.553
      4      1        0.560      1.340      2.170
      5      1        0.120      1.028      0.961
      6      1        0.150      0.844      1.099
      7      1        0.302      1.798      2.124
      8      1        0.249      2.105      1.901
      9      1        0.251      2.125      1.900
     10      1        0.225      2.162      1.884
     11      1        0.116      0.975      1.024
     12      1        0.235      2.061      1.947
     13      1        0.061      0.478      0.519
     14      1        0.184      1.435      1.560
     15      1        0.122      1.032      0.976
     16      1        0.125      0.957      1.044

Optimization #4:
* Method          : lls
* Target function : energy
* No. of configs. : 250112
* No. of params.  : 66
* Before optimization:
   6.3816E-02   6.6167E-02   6.5002E-02  -4.5830E+00  -4.5809E+00   7.3172E-01
   1.8306E+01   4.2679E+00   4.2628E+00  -1.0102E+01  -1.0136E+01   9.0735E+00
   9.0769E+00   3.9774E+00   3.9769E+00   9.1428E+00   9.1418E+00  -4.8297E+00
  -4.8298E+00  -1.0239E+01  -5.1194E+00  -5.1190E+00  -5.1071E+00  -5.1070E+00
  -5.1067E+00  -5.1070E+00  -2.6580E-02   2.5498E+01  -2.0855E+01  -3.3446E-01
  -3.1541E-01  -8.9882E+01   7.1603E+01  -1.9301E+01   1.5080E+01   5.1433E+01
  -4.1336E+01   5.1475E+01  -4.1338E+01  -4.4911E+01   3.5842E+01  -1.9157E+01
   1.5173E+01  -4.4973E+01   3.5809E+01   2.5598E+01  -2.0798E+01   5.1542E+01
  -4.1299E+01   2.5772E+01  -2.0650E+01   2.5742E+01  -2.0632E+01   2.5742E+01
  -2.0631E+01  -2.8490E-03   2.9914E-02  -8.2245E-02  -7.3914E-02   4.0323E-02
  -3.4930E-02   1.9761E-02  -3.6273E-02   1.7146E-02   9.3800E-03  -2.1249E-02
  > E    =  -3.833487357955E+02 +/-   7.131813048757E-05
  > varE =   1.272138596943E-03
* Computing derivatives.
    [walltime: 1m elapsed, 15m52s remaining]
  Done. [total walltime: 16m24s]
* Optimizing manipulation constant:
  #igrid a___________ E____________________________________ varE____________
     1     Infinity    -3.83348736E+02 +/-   7.13181305E-05   1.27213860E-03
     2     1.0000E+06  -3.83348736E+02 +/-   7.13181303E-05   1.27213859E-03
     3     2.1544E+05  -3.83348736E+02 +/-   7.13181298E-05   1.27213857E-03
     4     4.6416E+04  -3.83348736E+02 +/-   7.13181272E-05   1.27213848E-03
     5     1.0000E+04  -3.83348736E+02 +/-   7.13181153E-05   1.27213805E-03
     6     2.1544E+03  -3.83348736E+02 +/-   7.13180600E-05   1.27213608E-03
     7     4.6416E+02  -3.83348736E+02 +/-   7.13178046E-05   1.27212697E-03
     8     1.0000E+02  -3.83348736E+02 +/-   7.13166449E-05   1.27208560E-03
     9     2.1544E+01  -3.83348737E+02 +/-   7.13117804E-05   1.27191207E-03
    10     4.6416E+00  -3.83348739E+02 +/-   7.12978128E-05   1.27141387E-03
    11     1.0000E+00  -3.83348744E+02 +/-   7.13058009E-05   1.27169878E-03
    12     2.1544E-01  -3.83348748E+02 +/-   7.14289022E-05   1.27609345E-03
    13     4.6416E-02  -3.83348748E+02 +/-   7.15815373E-05   1.28155300E-03
    14     1.0000E-02  -3.83348746E+02 +/-   7.17545373E-05   1.28775506E-03
    15     2.1544E-03  -3.83348739E+02 +/-   7.21512975E-05   1.30203548E-03
    16     4.6416E-04  -3.83348731E+02 +/-   7.24880426E-05   1.31421759E-03
    17     1.0000E-04  -3.83348728E+02 +/-   7.25955603E-05   1.31811910E-03
    18     2.1544E-05  -3.83348728E+02 +/-   7.26208006E-05   1.31903583E-03
    19     4.6416E-06  -3.83348727E+02 +/-   7.26263396E-05   1.31923705E-03
    20     1.0000E-06  -3.83348727E+02 +/-   7.26275376E-05   1.31928058E-03
    21     0.0000E+00  -3.83348727E+02 +/-   7.26278669E-05   1.31929254E-03
* Iteration # 1: E =  -3.833487477192E+02 +/-   7.142890220173E-05
* Diminishing returns: exiting.
* After optimization:
  -3.3029E-01  -3.2740E-01  -3.2883E-01  -4.4836E+00  -4.4814E+00   7.2279E-01
   1.8306E+01   4.3711E+00   4.3656E+00  -9.8902E+00  -9.9198E+00   9.0688E+00
   9.0723E+00   4.0828E+00   4.0822E+00   9.1384E+00   9.1373E+00  -4.7278E+00
  -4.7278E+00  -1.0028E+01  -5.0152E+00  -5.0146E+00  -5.0037E+00  -5.0029E+00
  -5.0030E+00  -5.0032E+00  -2.6953E-02   2.4974E+01  -2.0426E+01  -3.2097E-01
  -3.1809E-01  -8.9886E+01   7.1608E+01  -1.9835E+01   1.5512E+01   5.0364E+01
  -4.0479E+01   5.0408E+01  -4.0485E+01  -4.4911E+01   3.5846E+01  -1.9694E+01
   1.5604E+01  -4.4972E+01   3.5812E+01   2.5069E+01  -2.0372E+01   5.0472E+01
  -4.0441E+01   2.5238E+01  -2.0220E+01   2.5208E+01  -2.0201E+01   2.5208E+01
  -2.0201E+01  -2.8826E-03   2.9684E-02  -8.4582E-02  -7.2710E-02   3.9831E-02
  -3.6121E-02   2.1264E-02  -3.7718E-02   1.5562E-02   7.5269E-03  -2.2817E-02
  > Energy =  -3.833487477192E+02 +/-   7.142890220173E-05
  > varE =   1.276093451300E-03

VMC #5:
* Size of Hilbert space =   6.3504E+04
* Deterministic energy evaluation:
  > Deterministic Etot/t = -383.34874587107225
    - Ttot/t = -23.365101727319633
    - Utot/t = 9.5307015334176111
* Number of equil. steps   = 1000
* Running VMC equilibration.
  Done. [total walltime: 0.04s]
* Equil. acc.ratio (%)     =  27.7998
* Sample config after equilibration:
  +---------+
  |  u   u  |
  |2   d   d|
  |0   u   u|
  |  d   d  |
  +---------+
* Number of accum. steps   = 1000448 x 10
* Running VMC accumulation.
    [walltime: 1m elapsed, 1m20s remaining]
  Done. [total walltime: 2m20s]
* Acceptance ratio (%)     =  27.8585
* Etot/t                   =  -3.833487370924E+02 +/-   3.528745591196E-05
  > Ttot/t                 =  -2.336491451568E+01 +/-   3.661038220698E-04
  > Utot/t                 =   9.530523100438E+00 +/-   3.643951769931E-04
* var[Eloc/t]              =   1.272500633480E-03 +/-   1.507424549560E-05
* Correlation length       =   9.789876433838E-01
* log10 Psi^2 range: -13.554523189264946 -- -6.8549398157707779
* log10 Pgen range : -13.554523189264946 -- -6.8549398157707779
* Site occupation (ave. no. electrons per config.):
  > Site_  ___eu____  ___ed____
      1        0.497      0.497
      2        0.503      0.501
      3        0.501      0.500
      4        0.497      0.498
      5        0.498      0.500
      6        0.500      0.502
      7        0.501      0.500
      8        0.500      0.500
      9        0.502      0.501
     10        0.500      0.502
* Pair-correlation analysis (ave. no. pairs per config.):
  > Shell  nsite  ___dh____  __eueu___  __eued___
      0      1        0          0          1.745
      1      1        0.836      0.720      2.482
      2      1        0.290      0.647      1.109
      3      1        0.161      0.297      0.554
      4      1        0.557      1.342      2.173
      5      1        0.120      1.030      0.963
      6      1        0.147      0.847      1.102
      7      1        0.301      1.797      2.121
      8      1        0.249      2.102      1.899
      9      1        0.249      2.121      1.900
     10      1        0.227      2.159      1.882
     11      1        0.114      0.979      1.025
     12      1        0.235      2.057      1.953
     13      1        0.061      0.478      0.520
     14      1        0.185      1.435      1.556
     15      1        0.119      1.032      0.978
     16      1        0.126      0.958      1.039

Optimization #5:
* Method          : lls
* Target function : energy
* No. of configs. : 250112
* No. of params.  : 66
* Before optimization:
  -3.3029E-01  -3.2740E-01  -3.2883E-01  -4.4836E+00  -4.4814E+00   7.2279E-01
   1.8306E+01   4.3711E+00   4.3656E+00  -9.8902E+00  -9.9198E+00   9.0688E+00
   9.0723E+00   4.0828E+00   4.0822E+00   9.1384E+00   9.1373E+00  -4.7278E+00
  -4.7278E+00  -1.0028E+01  -5.0152E+00  -5.0146E+00  -5.0037E+00  -5.0029E+00
  -5.0030E+00  -5.0032E+00  -2.6953E-02   2.4974E+01  -2.0426E+01  -3.2097E-01
  -3.1809E-01  -8.9886E+01   7.1608E+01  -1.9835E+01   1.5512E+01   5.0364E+01
  -4.0479E+01   5.0408E+01  -4.0485E+01  -4.4911E+01   3.5846E+01  -1.9694E+01
   1.5604E+01  -4.4972E+01   3.5812E+01   2.5069E+01  -2.0372E+01   5.0472E+01
  -4.0441E+01   2.5238E+01  -2.0220E+01   2.5208E+01  -2.0201E+01   2.5208E+01
  -2.0201E+01  -2.8826E-03   2.9684E-02  -8.4582E-02  -7.2710E-02   3.9831E-02
  -3.6121E-02   2.1264E-02  -3.7718E-02   1.5562E-02   7.5269E-03  -2.2817E-02
  > E    =  -3.833487143169E+02 +/-   7.177387464310E-05
  > varE =   1.288449237098E-03
* Computing derivatives.
    [walltime: 1m elapsed, 15m33s remaining]
  Done. [total walltime: 16m24s]
* Optimizing manipulation constant:
  #igrid a___________ E____________________________________ varE____________
     1     Infinity    -3.83348714E+02 +/-   7.17738746E-05   1.28844924E-03
     2     1.0000E+06  -3.83348714E+02 +/-   7.17738742E-05   1.28844922E-03
     3     2.1544E+05  -3.83348714E+02 +/-   7.17738725E-05   1.28844916E-03
     4     4.6416E+04  -3.83348714E+02 +/-   7.17738646E-05   1.28844888E-03
     5     1.0000E+04  -3.83348714E+02 +/-   7.17738280E-05   1.28844756E-03
     6     2.1544E+03  -3.83348714E+02 +/-   7.17736553E-05   1.28844136E-03
     7     4.6416E+02  -3.83348714E+02 +/-   7.17727931E-05   1.28841041E-03
     8     1.0000E+02  -3.83348714E+02 +/-   7.17675533E-05   1.28822229E-03
     9     2.1544E+01  -3.83348714E+02 +/-   7.17371483E-05   1.28713099E-03
    10     4.6416E+00  -3.83348371E+02 +/-   7.86542026E-05   1.54731378E-03
    11     1.0000E+00  -3.83182197E+02 +/-   6.81936726E-04   1.16311509E-01
    12     2.1544E-01  -3.83317572E+02 +/-   2.97328274E-04   2.21109269E-02
    13     4.6416E-02  -3.83319476E+02 +/-   2.74433920E-04   1.88369293E-02
    14     1.0000E-02  -3.83324932E+02 +/-   2.38495992E-04   1.42264552E-02
    15     2.1544E-03  -3.83322410E+02 +/-   2.49962899E-04   1.56273607E-02
    16     4.6416E-04  -3.83321145E+02 +/-   2.56114539E-04   1.64060109E-02
    17     1.0000E-04  -3.83320833E+02 +/-   2.57620307E-04   1.65994889E-02
    18     2.1544E-05  -3.83320764E+02 +/-   2.57952996E-04   1.66423895E-02
    19     4.6416E-06  -3.83320749E+02 +/-   2.58025055E-04   1.66516889E-02
    20     1.0000E-06  -3.83320745E+02 +/-   2.58040597E-04   1.66536950E-02
    21     0.0000E+00  -3.83320745E+02 +/-   2.58044867E-04   1.66542461E-02
* Iteration # 1: E =  -3.833487144378E+02 +/-   7.176755330622E-05
* Convergence: exiting.
* After optimization:
  -2.4106E-01  -2.3821E-01  -2.3963E-01  -4.4788E+00  -4.4767E+00   7.2287E-01
   1.8198E+01   4.3217E+00   4.3162E+00  -9.8808E+00  -9.9105E+00   9.0147E+00
   9.0182E+00   4.0334E+00   4.0328E+00   9.0844E+00   9.0833E+00  -4.7231E+00
  -4.7231E+00  -1.0018E+01  -5.0106E+00  -5.0100E+00  -4.9990E+00  -4.9982E+00
  -4.9983E+00  -4.9985E+00  -2.6934E-02   2.4950E+01  -2.0407E+01  -3.2103E-01
  -3.1809E-01  -8.9345E+01   7.1175E+01  -1.9588E+01   1.5314E+01   5.0318E+01
  -4.0442E+01   5.0362E+01  -4.0448E+01  -4.4641E+01   3.5629E+01  -1.9446E+01
   1.5406E+01  -4.4702E+01   3.5595E+01   2.5046E+01  -2.0354E+01   5.0426E+01
  -4.0404E+01   2.5215E+01  -2.0201E+01   2.5185E+01  -2.0183E+01   2.5185E+01
  -2.0183E+01  -2.8935E-03   2.9662E-02  -8.4584E-02  -7.2698E-02   3.9835E-02
  -3.6092E-02   2.1246E-02  -3.7699E-02   1.5559E-02   7.5181E-03  -2.2824E-02
  > Energy =  -3.833487144378E+02 +/-   7.176755330622E-05
  > varE =   1.288222292042E-03

VMC #6:
* Size of Hilbert space =   6.3504E+04
* Deterministic energy evaluation:
  > Deterministic Etot/t = -383.34874597194511
    - Ttot/t = -23.365104690599715
    - Utot/t = 9.5307043958249178
* Number of equil. steps   = 1000
* Running VMC equilibration.
  Done. [total walltime: 0.04s]
* Equil. acc.ratio (%)     =  27.8305
* Sample config after equilibration:
  +---------+
  |  d   2  |
  |2   0   u|
  |0   0   2|
  |  2   0  |
  +---------+
* Number of accum. steps   = 1000448 x 10
* Running VMC accumulation.
    [walltime: 1m elapsed, 1m20s remaining]
  Done. [total walltime: 2m19s]
* Acceptance ratio (%)     =  27.8630
* Etot/t                   =  -3.833487534594E+02 +/-   3.595025777450E-05
  > Ttot/t                 =  -2.336564571562E+01 +/-   3.688381524877E-04
  > Utot/t                 =   9.531237933404E+00 +/-   3.672590362908E-04
* var[Eloc/t]              =   1.316896983415E-03 +/-   5.435529180718E-05
* Correlation length       =   9.818535959613E-01
* log10 Psi^2 range: -13.668296658055025 -- -6.8556103686607441
* log10 Pgen range : -13.668296658055025 -- -6.8556103686607441
* Site occupation (ave. no. electrons per config.):
  > Site_  ___eu____  ___ed____
      1        0.498      0.498
      2        0.501      0.501
      3        0.500      0.498
      4        0.497      0.499
      5        0.500      0.500
      6        0.501      0.499
      7        0.500      0.501
      8        0.500      0.499
      9        0.501      0.502
     10        0.501      0.502
* Pair-correlation analysis (ave. no. pairs per config.):
  > Shell  nsite  ___dh____  __eueu___  __eued___
      0      1        0          0          1.747
      1      1        0.839      0.717      2.479
      2      1        0.289      0.647      1.109
      3      1        0.162      0.298      0.554
      4      1        0.557      1.343      2.174
      5      1        0.121      1.025      0.963
      6      1        0.147      0.845      1.103
      7      1        0.301      1.799      2.125
      8      1        0.249      2.104      1.902
      9      1        0.251      2.124      1.900
     10      1        0.229      2.160      1.879
     11      1        0.116      0.979      1.020
     12      1        0.236      2.054      1.952
     13      1        0.060      0.479      0.518
     14      1        0.184      1.437      1.558
     15      1        0.121      1.031      0.976
     16      1        0.125      0.958      1.041

Optimization #6:
* Method          : lls
* Target function : energy
* No. of configs. : 250112
* No. of params.  : 66
* Before optimization:
  -2.4106E-01  -2.3821E-01  -2.3963E-01  -4.4788E+00  -4.4767E+00   7.2287E-01
   1.8198E+01   4.3217E+00   4.3162E+00  -9.8808E+00  -9.9105E+00   9.0147E+00
   9.0182E+00   4.0334E+00   4.0328E+00   9.0844E+00   9.0833E+00  -4.7231E+00
  -4.7231E+00  -1.0018E+01  -5.0106E+00  -5.0100E+00  -4.9990E+00  -4.9982E+00
  -4.9983E+00  -4.9985E+00  -2.6934E-02   2.4950E+01  -2.0407E+01  -3.2103E-01
  -3.1809E-01  -8.9345E+01   7.1175E+01  -1.9588E+01   1.5314E+01   5.0318E+01
  -4.0442E+01   5.0362E+01  -4.0448E+01  -4.4641E+01   3.5629E+01  -1.9446E+01
   1.5406E+01  -4.4702E+01   3.5595E+01   2.5046E+01  -2.0354E+01   5.0426E+01
  -4.0404E+01   2.5215E+01  -2.0201E+01   2.5185E+01  -2.0183E+01   2.5185E+01
  -2.0183E+01  -2.8935E-03   2.9662E-02  -8.4584E-02  -7.2698E-02   3.9835E-02
  -3.6092E-02   2.1246E-02  -3.7699E-02   1.5559E-02   7.5181E-03  -2.2824E-02
  > E    =  -3.833487939693E+02 +/-   7.123678032015E-05
  > varE =   1.269238081629E-03
* Computing derivatives.
    [walltime: 1m elapsed, 15m23s remaining]
  Done. [total walltime: 16m19s]
* Optimizing manipulation constant:
  #igrid a___________ E____________________________________ varE____________
     1     Infinity    -3.83348794E+02 +/-   7.12367803E-05   1.26923808E-03
     2     1.0000E+06  -3.83348794E+02 +/-   7.12367799E-05   1.26923807E-03
     3     2.1544E+05  -3.83348794E+02 +/-   7.12367785E-05   1.26923802E-03
     4     4.6416E+04  -3.83348794E+02 +/-   7.12367717E-05   1.26923777E-03
     5     1.0000E+04  -3.83348794E+02 +/-   7.12367403E-05   1.26923665E-03
     6     2.1544E+03  -3.83348794E+02 +/-   7.12365945E-05   1.26923146E-03
     7     4.6416E+02  -3.83348794E+02 +/-   7.12359192E-05   1.26920740E-03
     8     1.0000E+02  -3.83348794E+02 +/-   7.12328184E-05   1.26909691E-03
     9     2.1544E+01  -3.83348794E+02 +/-   7.12191046E-05   1.26860830E-03
    10     4.6416E+00  -3.83348794E+02 +/-   7.11671171E-05   1.26675689E-03
    11     1.0000E+00  -3.83348794E+02 +/-   7.10436609E-05   1.26236573E-03
    12     2.1544E-01  -3.83348793E+02 +/-   7.09117185E-05   1.25768115E-03
    13     4.6416E-02  -3.83348791E+02 +/-   7.08465836E-05   1.25537176E-03
    14     1.0000E-02  -3.83348792E+02 +/-   7.08386008E-05   1.25508887E-03
    15     2.1544E-03  -3.83348796E+02 +/-   7.12155986E-05   1.26848340E-03
    16     4.6416E-04  -3.83348134E+02 +/-   9.06558370E-05   2.05554067E-03
    17     1.0000E-04  -3.83347052E+02 +/-   1.04009668E-04   2.70571439E-03
    18     2.1544E-05  -3.83347989E+02 +/-   8.64726498E-05   1.87021727E-03
    19     4.6416E-06  -3.83348087E+02 +/-   8.45085542E-05   1.78622380E-03
    20     1.0000E-06  -3.83348105E+02 +/-   8.41320380E-05   1.77034271E-03
    21     0.0000E+00  -3.83348110E+02 +/-   8.40312459E-05   1.76610343E-03
  ParMin   4.6116E-03  -3.83348793E+02 +/-   7.08638999E-05   1.25598551E-03
  # Using grid point #15
* Iteration # 1: E =  -3.833487959438E+02 +/-   7.121559861121E-05
* Convergence: exiting.
* After optimization:
   2.1208E+01   2.1216E+01   2.1214E+01  -1.6223E+01  -1.6218E+01   7.3139E-01
   4.3714E+01   5.3359E+00   5.3280E+00  -3.3383E+01  -3.3414E+01   2.1777E+01
   2.1779E+01   5.0401E+00   5.0374E+00   2.1849E+01   2.1847E+01  -1.6471E+01
  -1.6472E+01  -3.3523E+01  -1.6763E+01  -1.6764E+01  -1.6744E+01  -1.6745E+01
  -1.6744E+01  -1.6745E+01  -2.4478E-02   8.3694E+01  -6.7415E+01  -3.3541E-01
  -3.1307E-01  -2.1692E+02   1.7323E+02  -2.4624E+01   1.9335E+01   1.6782E+02
  -1.3445E+02   1.6787E+02  -1.3446E+02  -1.0843E+02   8.6657E+01  -2.4475E+01
   1.9428E+01  -1.0849E+02   8.6624E+01   8.3796E+01  -6.7355E+01   1.6794E+02
  -1.3442E+02   8.3973E+01  -6.7207E+01   8.3937E+01  -6.7188E+01   8.3936E+01
  -6.7188E+01  -5.5581E-03   3.0052E-02  -8.2893E-02  -7.1977E-02   4.0985E-02
  -3.5034E-02   1.7848E-02  -3.8852E-02   1.5878E-02   9.0065E-03  -2.0486E-02
  > Energy =  -3.833487959438E+02 +/-   7.121559861121E-05
  > varE =   1.268483397475E-03

VMC #7:
* Size of Hilbert space =   6.3504E+04
* Deterministic energy evaluation:
  > Deterministic Etot/t = -383.34873500021837
    - Ttot/t = -23.364791505509949
    - Utot/t = 9.5304021824617902
* Number of equil. steps   = 1000
* Running VMC equilibration.
  Done. [total walltime: 0.04s]
* Equil. acc.ratio (%)     =  27.9108
* Sample config after equilibration:
  +---------+
  |  0   u  |
  |2   2   d|
  |0   u   d|
  |  u   d  |
  +---------+
* Number of accum. steps   = 1000448 x 10
* Running VMC accumulation.
    [walltime: 1m elapsed, 1m18s remaining]
  Done. [total walltime: 2m19s]
* Acceptance ratio (%)     =  27.8907
* Etot/t                   =  -3.833487586968E+02 +/-   3.563219054668E-05
  > Ttot/t                 =  -2.336502973510E+01 +/-   3.677758636766E-04
  > Utot/t                 =   9.530616715524E+00 +/-   3.654878726996E-04
* var[Eloc/t]              =   1.296287501299E-03 +/-   2.264755116420E-05
* Correlation length       =   9.798920427968E-01
* log10 Psi^2 range: -13.198678429794624 -- -6.9330197719400193
* log10 Pgen range : -13.198678429794624 -- -6.9330197719400193
* Site occupation (ave. no. electrons per config.):
  > Site_  ___eu____  ___ed____
      1        0.497      0.499
      2        0.502      0.500
      3        0.499      0.500
      4        0.495      0.497
      5        0.499      0.501
      6        0.500      0.501
      7        0.503      0.500
      8        0.502      0.500
      9        0.502      0.501
     10        0.501      0.501
* Pair-correlation analysis (ave. no. pairs per config.):
  > Shell  nsite  ___dh____  __eueu___  __eued___
      0      1        0          0          1.746
      1      1        0.835      0.722      2.481
      2      1        0.291      0.646      1.106
      3      1        0.160      0.297      0.554
      4      1        0.558      1.339      2.173
      5      1        0.118      1.031      0.966
      6      1        0.147      0.848      1.104
      7      1        0.302      1.794      2.121
      8      1        0.249      2.104      1.899
      9      1        0.248      2.121      1.899
     10      1        0.227      2.159      1.882
     11      1        0.114      0.978      1.027
     12      1        0.234      2.062      1.949
     13      1        0.061      0.478      0.519
     14      1        0.185      1.434      1.557
     15      1        0.120      1.032      0.975
     16      1        0.126      0.954      1.042

Optimization #7:
* Method          : lls
* Target function : energy
* No. of configs. : 250112
* No. of params.  : 66
* Before optimization:
   2.1208E+01   2.1216E+01   2.1214E+01  -1.6223E+01  -1.6218E+01   7.3139E-01
   4.3714E+01   5.3359E+00   5.3280E+00  -3.3383E+01  -3.3414E+01   2.1777E+01
   2.1779E+01   5.0401E+00   5.0374E+00   2.1849E+01   2.1847E+01  -1.6471E+01
  -1.6472E+01  -3.3523E+01  -1.6763E+01  -1.6764E+01  -1.6744E+01  -1.6745E+01
  -1.6744E+01  -1.6745E+01  -2.4478E-02   8.3694E+01  -6.7415E+01  -3.3541E-01
  -3.1307E-01  -2.1692E+02   1.7323E+02  -2.4624E+01   1.9335E+01   1.6782E+02
  -1.3445E+02   1.6787E+02  -1.3446E+02  -1.0843E+02   8.6657E+01  -2.4475E+01
   1.9428E+01  -1.0849E+02   8.6624E+01   8.3796E+01  -6.7355E+01   1.6794E+02
  -1.3442E+02   8.3973E+01  -6.7207E+01   8.3937E+01  -6.7188E+01   8.3936E+01
  -6.7188E+01  -5.5581E-03   3.0052E-02  -8.2893E-02  -7.1977E-02   4.0985E-02
  -3.5034E-02   1.7848E-02  -3.8852E-02   1.5878E-02   9.0065E-03  -2.0486E-02
  > E    =  -3.833487600939E+02 +/-   7.205507634836E-05
  > varE =   1.298565003503E-03
* Computing derivatives.
    [walltime: 1m elapsed, 15m38s remaining]
  Done. [total walltime: 16m25s]
* Optimizing manipulation constant:
  #igrid a___________ E____________________________________ varE____________
     1     Infinity    -3.83348760E+02 +/-   7.20550763E-05   1.29856500E-03
     2     1.0000E+06  -3.83348760E+02 +/-   7.20550749E-05   1.29856495E-03
     3     2.1544E+05  -3.83348760E+02 +/-   7.20550697E-05   1.29856476E-03
     4     4.6416E+04  -3.83348760E+02 +/-   7.20550455E-05   1.29856389E-03
     5     1.0000E+04  -3.83348760E+02 +/-   7.20549331E-05   1.29855984E-03
     6     2.1544E+03  -3.83348760E+02 +/-   7.20544118E-05   1.29854105E-03
     7     4.6416E+02  -3.83348760E+02 +/-   7.20519988E-05   1.29845408E-03
     8     1.0000E+02  -3.83348761E+02 +/-   7.20409387E-05   1.29805548E-03
     9     2.1544E+01  -3.83348762E+02 +/-   7.19924385E-05   1.29630829E-03
    10     4.6416E+00  -3.83348768E+02 +/-   7.18146364E-05   1.28991312E-03
    11     1.0000E+00  -3.83348779E+02 +/-   7.14327593E-05   1.27623127E-03
    12     2.1544E-01  -3.83348786E+02 +/-   7.11118944E-05   1.26479176E-03
    13     4.6416E-02  -3.83348787E+02 +/-   7.10005592E-05   1.26083445E-03
    14     1.0000E-02  -3.83348787E+02 +/-   7.09801533E-05   1.26010982E-03
    15     2.1544E-03  -3.83348786E+02 +/-   7.10042292E-05   1.26096480E-03
    16     4.6416E-04  -3.83348783E+02 +/-   7.10825408E-05   1.26374781E-03
    17     1.0000E-04  -3.83348781E+02 +/-   7.11377559E-05   1.26571186E-03
    18     2.1544E-05  -3.83348781E+02 +/-   7.11538211E-05   1.26628361E-03
    19     4.6416E-06  -3.83348780E+02 +/-   7.11575096E-05   1.26641489E-03
    20     1.0000E-06  -3.83348780E+02 +/-   7.11583152E-05   1.26644357E-03
    21     0.0000E+00  -3.83348780E+02 +/-   7.11585371E-05   1.26645147E-03
* Iteration # 1: E =  -3.833487868575E+02 +/-   7.100055923157E-05
* Computing derivatives.
    [walltime: 1m elapsed, 15m43s remaining]
  Done. [total walltime: 16m25s]
* Optimizing manipulation constant:
  #igrid a___________ E____________________________________ varE____________
     1     Infinity    -3.83348787E+02 +/-   7.10005592E-05   1.26083445E-03
     2     1.0000E+06  -3.83348787E+02 +/-   7.10005591E-05   1.26083445E-03
     3     2.1544E+05  -3.83348787E+02 +/-   7.10005588E-05   1.26083444E-03
     4     4.6416E+04  -3.83348787E+02 +/-   7.10005573E-05   1.26083439E-03
     5     1.0000E+04  -3.83348787E+02 +/-   7.10005505E-05   1.26083414E-03
     6     2.1544E+03  -3.83348787E+02 +/-   7.10005233E-05   1.26083318E-03
     7     4.6416E+02  -3.83348787E+02 +/-   7.10004893E-05   1.26083197E-03
     8     1.0000E+02  -3.83348787E+02 +/-   7.10023167E-05   1.26089687E-03
     9     2.1544E+01  -3.83348788E+02 +/-   7.10563142E-05   1.26281543E-03
    10     4.6416E+00  -3.83348749E+02 +/-   7.34716130E-05   1.35012406E-03
    11     1.0000E+00  -3.83338344E+02 +/-   2.06705414E-04   1.06865675E-02
    12     2.1544E-01  -3.82295027E+02 +/-   1.06195773E-03   2.82064865E-01
    13     4.6416E-02 (error)
    14     1.0000E-02  -3.82998742E+02 +/-   8.08776353E-04   1.63603058E-01
    15     2.1544E-03  -3.83023196E+02 +/-   7.87005973E-04   1.54913971E-01
    16     4.6416E-04  -3.83028101E+02 +/-   7.82411284E-04   1.53110417E-01
    17     1.0000E-04  -3.83029142E+02 +/-   7.81425882E-04   1.52724993E-01
    18     2.1544E-05  -3.83029365E+02 +/-   7.81213793E-04   1.52642101E-01
    19     4.6416E-06  -3.83029414E+02 +/-   7.81168111E-04   1.52624249E-01
    20     1.0000E-06  -3.83029424E+02 +/-   7.81158268E-04   1.52620403E-01
    21     0.0000E+00  -3.83029427E+02 +/-   7.81155566E-04   1.52619347E-01
  ParMin   4.5123E+01  -3.83348787E+02 +/-   7.10116837E-05   1.26122958E-03
  # Using grid point #9
* Iteration # 2: E =  -3.833487879637E+02 +/-   7.105631418649E-05
* Convergence: exiting.
* After optimization:
   1.9934E+01   1.9937E+01   1.9935E+01  -1.5790E+01  -1.5787E+01   7.3084E-01
   4.3270E+01   5.5441E+00   5.5396E+00  -3.2513E+01  -3.2550E+01   2.1553E+01
   2.1557E+01   5.2514E+00   5.2511E+00   2.1624E+01   2.1623E+01  -1.6038E+01
  -1.6038E+01  -3.2655E+01  -1.6328E+01  -1.6328E+01  -1.6313E+01  -1.6312E+01
  -1.6312E+01  -1.6314E+01  -2.4892E-02   8.1530E+01  -6.5679E+01  -3.3444E-01
  -3.1258E-01  -2.1470E+02   1.7146E+02  -2.5682E+01   2.0184E+01   1.6349E+02
  -1.3099E+02   1.6354E+02  -1.3099E+02  -1.0732E+02   8.5773E+01  -2.5536E+01
   2.0277E+01  -1.0739E+02   8.5740E+01   8.1630E+01  -6.5622E+01   1.6361E+02
  -1.3095E+02   8.1805E+01  -6.5475E+01   8.1773E+01  -6.5455E+01   8.1772E+01
  -6.5455E+01  -4.6367E-03   2.8995E-02  -8.5657E-02  -7.3125E-02   4.0812E-02
  -3.3564E-02   1.7917E-02  -3.5113E-02   1.5989E-02   7.8108E-03  -2.3904E-02
  > Energy =  -3.833487879637E+02 +/-   7.105631418649E-05
  > varE =   1.262815434418E-03

VMC #8:
* Size of Hilbert space =   6.3504E+04
* Deterministic energy evaluation:
  > Deterministic Etot/t = -383.34874903033193
    - Ttot/t = -23.364951181723086
    - Utot/t = 9.5305478285614438
* Number of equil. steps   = 1000
* Running VMC equilibration.
  Done. [total walltime: 0.04s]
* Equil. acc.ratio (%)     =  27.9355
* Sample config after equilibration:
  +---------+
  |  2   d  |
  |0   u   u|
  |d   0   d|
  |  2   u  |
  +---------+
* Number of accum. steps   = 1000448 x 10
* Running VMC accumulation.
    [walltime: 1m elapsed, 1m18s remaining]
  Done. [total walltime: 2m19s]
* Acceptance ratio (%)     =  27.8888
* Etot/t                   =  -3.833486887915E+02 +/-   3.523666990948E-05
  > Ttot/t                 =  -2.336559652900E+01 +/-   3.708158240598E-04
  > Utot/t                 =   9.531253414680E+00 +/-   3.687132137351E-04
* var[Eloc/t]              =   1.251353340072E-03 +/-   2.339815733928E-05
* Correlation length       =   9.926685881544E-01
* log10 Psi^2 range: -13.393800012280705 -- -6.8988420708236191
* log10 Pgen range : -13.393800012280705 -- -6.8988420708236191
* Site occupation (ave. no. electrons per config.):
  > Site_  ___eu____  ___ed____
      1        0.497      0.498
      2        0.500      0.501
      3        0.500      0.499
      4        0.498      0.498
      5        0.500      0.500
      6        0.499      0.501
      7        0.502      0.502
      8        0.502      0.498
      9        0.501      0.501
     10        0.500      0.502
* Pair-correlation analysis (ave. no. pairs per config.):
  > Shell  nsite  ___dh____  __eueu___  __eued___
      0      1        0          0          1.748
      1      1        0.837      0.719      2.477
      2      1        0.290      0.647      1.108
      3      1        0.162      0.299      0.555
      4      1        0.559      1.342      2.173
      5      1        0.119      1.028      0.963
      6      1        0.147      0.845      1.103
      7      1        0.302      1.803      2.121
      8      1        0.249      2.102      1.903
      9      1        0.248      2.123      1.905
     10      1        0.229      2.158      1.880
     11      1        0.113      0.979      1.024
     12      1        0.237      2.054      1.948
     13      1        0.062      0.479      0.518
     14      1        0.185      1.435      1.555
     15      1        0.121      1.031      0.976
     16      1        0.124      0.957      1.043

Optimization #8:
* Method          : lls
* Target function : energy
* No. of configs. : 250112
* No. of params.  : 66
* Before optimization:
   1.9934E+01   1.9937E+01   1.9935E+01  -1.5790E+01  -1.5787E+01   7.3084E-01
   4.3270E+01   5.5441E+00   5.5396E+00  -3.2513E+01  -3.2550E+01   2.1553E+01
   2.1557E+01   5.2514E+00   5.2511E+00   2.1624E+01   2.1623E+01  -1.6038E+01
  -1.6038E+01  -3.2655E+01  -1.6328E+01  -1.6328E+01  -1.6313E+01  -1.6312E+01
  -1.6312E+01  -1.6314E+01  -2.4892E-02   8.1530E+01  -6.5679E+01  -3.3444E-01
  -3.1258E-01  -2.1470E+02   1.7146E+02  -2.5682E+01   2.0184E+01   1.6349E+02
  -1.3099E+02   1.6354E+02  -1.3099E+02  -1.0732E+02   8.5773E+01  -2.5536E+01
   2.0277E+01  -1.0739E+02   8.5740E+01   8.1630E+01  -6.5622E+01   1.6361E+02
  -1.3095E+02   8.1805E+01  -6.5475E+01   8.1773E+01  -6.5455E+01   8.1772E+01
  -6.5455E+01  -4.6367E-03   2.8995E-02  -8.5657E-02  -7.3125E-02   4.0812E-02
  -3.3564E-02   1.7917E-02  -3.5113E-02   1.5989E-02   7.8108E-03  -2.3904E-02
  > E    =  -3.833486037361E+02 +/-   7.004210363851E-05
  > varE =   1.227023530911E-03
* Computing derivatives.
    [walltime: 1m1s elapsed, 15m49s remaining]
  Done. [total walltime: 16m26s]
* Optimizing manipulation constant:
  #igrid a___________ E____________________________________ varE____________
     1     Infinity    -3.83348604E+02 +/-   7.00421036E-05   1.22702353E-03
     2     1.0000E+06  -3.83348604E+02 +/-   7.00421028E-05   1.22702350E-03
     3     2.1544E+05  -3.83348604E+02 +/-   7.00420996E-05   1.22702339E-03
     4     4.6416E+04  -3.83348604E+02 +/-   7.00420849E-05   1.22702288E-03
     5     1.0000E+04  -3.83348604E+02 +/-   7.00420168E-05   1.22702049E-03
     6     2.1544E+03  -3.83348604E+02 +/-   7.00417010E-05   1.22700942E-03
     7     4.6416E+02  -3.83348604E+02 +/-   7.00402392E-05   1.22695821E-03
     8     1.0000E+02  -3.83348604E+02 +/-   7.00335464E-05   1.22672373E-03
     9     2.1544E+01  -3.83348606E+02 +/-   7.00043575E-05   1.22570138E-03
    10     4.6416E+00  -3.83348612E+02 +/-   6.99006955E-05   1.22207405E-03
    11     1.0000E+00  -3.83348623E+02 +/-   6.97166818E-05   1.21564830E-03
    12     2.1544E-01  -3.83348629E+02 +/-   6.96597166E-05   1.21366251E-03
    13     4.6416E-02  -3.83348629E+02 +/-   6.96829123E-05   1.21447091E-03
    14     1.0000E-02  -3.83348628E+02 +/-   6.96747611E-05   1.21418680E-03
    15     2.1544E-03  -3.83348629E+02 +/-   6.96115709E-05   1.21198543E-03
    16     4.6416E-04  -3.83348626E+02 +/-   6.95822028E-05   1.21096301E-03
    17     1.0000E-04  -3.83348623E+02 +/-   6.96017311E-05   1.21164282E-03
    18     2.1544E-05  -3.83348623E+02 +/-   6.96096106E-05   1.21191717E-03
    19     4.6416E-06  -3.83348623E+02 +/-   6.96115194E-05   1.21198363E-03
    20     1.0000E-06  -3.83348622E+02 +/-   6.96119409E-05   1.21199831E-03
    21     0.0000E+00  -3.83348622E+02 +/-   6.96120573E-05   1.21200236E-03
* Iteration # 1: E =  -3.833486285161E+02 +/-   6.961157094580E-05
* Computing derivatives.
    [walltime: 1m elapsed, 15m20s remaining]
  Done. [total walltime: 16m24s]
* Optimizing manipulation constant:
  #igrid a___________ E____________________________________ varE____________
     1     Infinity    -3.83348629E+02 +/-   6.96115709E-05   1.21198543E-03
     2     1.0000E+06  -3.83348629E+02 +/-   6.96115710E-05   1.21198543E-03
     3     2.1544E+05  -3.83348629E+02 +/-   6.96115713E-05   1.21198544E-03
     4     4.6416E+04  -3.83348629E+02 +/-   6.96115725E-05   1.21198548E-03
     5     1.0000E+04  -3.83348629E+02 +/-   6.96115782E-05   1.21198568E-03
     6     2.1544E+03  -3.83348629E+02 +/-   6.96116096E-05   1.21198677E-03
     7     4.6416E+02  -3.83348629E+02 +/-   6.96118596E-05   1.21199548E-03
     8     1.0000E+02  -3.83348629E+02 +/-   6.96152586E-05   1.21211384E-03
     9     2.1544E+01  -3.83348628E+02 +/-   6.96814721E-05   1.21442071E-03
    10     4.6416E+00  -3.83348564E+02 +/-   7.21823842E-05   1.30315770E-03
    11     1.0000E+00  -3.83339104E+02 +/-   1.88504474E-04   8.88746396E-03
    12     2.1544E-01  -3.83236519E+02 +/-   5.41002546E-04   7.32037192E-02
    13     4.6416E-02  -3.83180039E+02 +/-   6.32676923E-04   1.00114854E-01
    14     1.0000E-02  -3.83171405E+02 +/-   6.42612985E-04   1.03284113E-01
    15     2.1544E-03  -3.83169950E+02 +/-   6.44022427E-04   1.03737675E-01
    16     4.6416E-04  -3.83169658E+02 +/-   6.44288902E-04   1.03823540E-01
    17     1.0000E-04  -3.83169597E+02 +/-   6.44344554E-04   1.03841476E-01
    18     2.1544E-05  -3.83169583E+02 +/-   6.44356461E-04   1.03845314E-01
    19     4.6416E-06  -3.83169580E+02 +/-   6.44359023E-04   1.03846140E-01
    20     1.0000E-06  -3.83169580E+02 +/-   6.44359575E-04   1.03846318E-01
    21     0.0000E+00  -3.83169580E+02 +/-   6.44359726E-04   1.03846367E-01
* Iteration # 2: E =  -3.833486285211E+02 +/-   6.961185960954E-05
* Convergence: exiting.
* After optimization:
   2.1404E+01   2.1410E+01   2.1407E+01  -1.6477E+01  -1.6474E+01   7.4632E-01
   4.4532E+01   5.4863E+00   5.4800E+00  -3.3905E+01  -3.3944E+01   2.2189E+01
   2.2192E+01   5.1821E+00   5.1816E+00   2.2266E+01   2.2265E+01  -1.6729E+01
  -1.6729E+01  -3.4059E+01  -1.7029E+01  -1.7029E+01  -1.7006E+01  -1.7006E+01
  -1.7007E+01  -1.7007E+01  -2.2121E-02   8.5031E+01  -6.8493E+01  -3.4765E-01
  -3.1275E-01  -2.2100E+02   1.7650E+02  -2.5326E+01   1.9886E+01   1.7052E+02
  -1.3661E+02   1.7056E+02  -1.3662E+02  -1.1048E+02   8.8292E+01  -2.5172E+01
   1.9983E+01  -1.1054E+02   8.8254E+01   8.5134E+01  -6.8436E+01   1.7063E+02
  -1.3657E+02   8.5319E+01  -6.8286E+01   8.5280E+01  -6.8271E+01   8.5280E+01
  -6.8271E+01  -5.3031E-03   2.7502E-02  -8.0183E-02  -7.0746E-02   4.0601E-02
  -3.9123E-02   1.5007E-02  -4.0329E-02   1.4500E-02   8.9120E-03  -1.9704E-02
  > Energy =  -3.833486285211E+02 +/-   6.961185960954E-05
  > varE =   1.211995480406E-03

VMC #9:
* Size of Hilbert space =   6.3504E+04
* Deterministic energy evaluation:
  > Deterministic Etot/t = -383.34871789492848
    - Ttot/t = -23.365202500490703
    - Utot/t = 9.5308302827323867
* Number of equil. steps   = 1000
* Running VMC equilibration.
  Done. [total walltime: 0.04s]
* Equil. acc.ratio (%)     =  27.9399
* Sample config after equilibration:
  +---------+
  |  d   0  |
  |u   u   u|
  |d   d   d|
  |  u   2  |
  +---------+
* Number of accum. steps   = 1000448 x 10
* Running VMC accumulation.
    [walltime: 1m elapsed, 1m20s remaining]
  Done. [total walltime: 2m20s]
* Acceptance ratio (%)     =  27.9334
* Etot/t                   =  -3.833487076524E+02 +/-   3.604025909243E-05
  > Ttot/t                 =  -2.336505084113E+01 +/-   3.692354878341E-04
  > Utot/t                 =   9.530688865916E+00 +/-   3.674477917295E-04
* var[Eloc/t]              =   1.295611352370E-03 +/-   2.059207277661E-05
* Correlation length       =   1.002987647797E+00
* log10 Psi^2 range: -13.890166205323883 -- -7.0523563228296720
* log10 Pgen range : -13.890166205323883 -- -7.0523563228296720
* Site occupation (ave. no. electrons per config.):
  > Site_  ___eu____  ___ed____
      1        0.496      0.498
      2        0.501      0.502
      3        0.501      0.499
      4        0.498      0.495
      5        0.500      0.500
      6        0.501      0.500
      7        0.501      0.501
      8        0.499      0.500
      9        0.501      0.502
     10        0.502      0.502
* Pair-correlation analysis (ave. no. pairs per config.):
  > Shell  nsite  ___dh____  __eueu___  __eued___
      0      1        0          0          1.748
      1      1        0.838      0.721      2.480
      2      1        0.290      0.647      1.109
      3      1        0.163      0.296      0.552
      4      1        0.559      1.340      2.168
      5      1        0.119      1.026      0.968
      6      1        0.147      0.847      1.104
      7      1        0.303      1.796      2.119
      8      1        0.249      2.100      1.901
      9      1        0.250      2.120      1.900
     10      1        0.227      2.161      1.883
     11      1        0.115      0.980      1.022
     12      1        0.235      2.058      1.954
     13      1        0.061      0.480      0.517
     14      1        0.184      1.441      1.555
     15      1        0.121      1.030      0.979
     16      1        0.126      0.957      1.043

Optimization #9:
* Method          : lls
* Target function : energy
* No. of configs. : 250112
* No. of params.  : 66
* Before optimization:
   2.1404E+01   2.1410E+01   2.1407E+01  -1.6477E+01  -1.6474E+01   7.4632E-01
   4.4532E+01   5.4863E+00   5.4800E+00  -3.3905E+01  -3.3944E+01   2.2189E+01
   2.2192E+01   5.1821E+00   5.1816E+00   2.2266E+01   2.2265E+01  -1.6729E+01
  -1.6729E+01  -3.4059E+01  -1.7029E+01  -1.7029E+01  -1.7006E+01  -1.7006E+01
  -1.7007E+01  -1.7007E+01  -2.2121E-02   8.5031E+01  -6.8493E+01  -3.4765E-01
  -3.1275E-01  -2.2100E+02   1.7650E+02  -2.5326E+01   1.9886E+01   1.7052E+02
  -1.3661E+02   1.7056E+02  -1.3662E+02  -1.1048E+02   8.8292E+01  -2.5172E+01
   1.9983E+01  -1.1054E+02   8.8254E+01   8.5134E+01  -6.8436E+01   1.7063E+02
  -1.3657E+02   8.5319E+01  -6.8286E+01   8.5280E+01  -6.8271E+01   8.5280E+01
  -6.8271E+01  -5.3031E-03   2.7502E-02  -8.0183E-02  -7.0746E-02   4.0601E-02
  -3.9123E-02   1.5007E-02  -4.0329E-02   1.4500E-02   8.9120E-03  -1.9704E-02
  > E    =  -3.833486741112E+02 +/-   7.212405510926E-05
  > varE =   1.301052441835E-03
* Computing derivatives.
    [walltime: 1m elapsed, 15m42s remaining]
  Done. [total walltime: 16m25s]
* Optimizing manipulation constant:
  #igrid a___________ E____________________________________ varE____________
     1     Infinity    -3.83348674E+02 +/-   7.21240551E-05   1.30105244E-03
     2     1.0000E+06  -3.83348674E+02 +/-   7.21240539E-05   1.30105240E-03
     3     2.1544E+05  -3.83348674E+02 +/-   7.21240496E-05   1.30105224E-03
     4     4.6416E+04  -3.83348674E+02 +/-   7.21240295E-05   1.30105152E-03
     5     1.0000E+04  -3.83348674E+02 +/-   7.21239365E-05   1.30104816E-03
     6     2.1544E+03  -3.83348674E+02 +/-   7.21235047E-05   1.30103258E-03
     7     4.6416E+02  -3.83348674E+02 +/-   7.21215060E-05   1.30096048E-03
     8     1.0000E+02  -3.83348675E+02 +/-   7.21123407E-05   1.30062984E-03
     9     2.1544E+01  -3.83348676E+02 +/-   7.20720821E-05   1.29917803E-03
    10     4.6416E+00  -3.83348681E+02 +/-   7.19240553E-05   1.29384682E-03
    11     1.0000E+00  -3.83348691E+02 +/-   7.16148166E-05   1.28274490E-03
    12     2.1544E-01  -3.83348698E+02 +/-   7.14062985E-05   1.27528594E-03
    13     4.6416E-02  -3.83348700E+02 +/-   7.13744386E-05   1.27414818E-03
    14     1.0000E-02  -3.83348700E+02 +/-   7.13728116E-05   1.27409009E-03
    15     2.1544E-03  -3.83348699E+02 +/-   7.13719823E-05   1.27406049E-03
    16     4.6416E-04  -3.83348622E+02 +/-   7.27887009E-05   1.32514214E-03
    17     1.0000E-04  -3.82826166E+02 +/-   1.10961268E-03   3.07947972E-01
    18     2.1544E-05  -3.83346141E+02 +/-   1.14592937E-04   3.28435601E-03
    19     4.6416E-06  -3.83347081E+02 +/-   1.00947472E-04   2.54873935E-03
    20     1.0000E-06  -3.83347215E+02 +/-   9.88553838E-05   2.44419123E-03
    21     0.0000E+00  -3.83347248E+02 +/-   9.83192712E-05   2.41775244E-03
* Iteration # 1: E =  -3.833486997859E+02 +/-   7.137281155931E-05
* Computing derivatives.
    [walltime: 1m elapsed, 15m54s remaining]
  Done. [total walltime: 16m25s]
* Optimizing manipulation constant:
  #igrid a___________ E____________________________________ varE____________
     1     Infinity    -3.83348700E+02 +/-   7.13728116E-05   1.27409009E-03
     2     1.0000E+06  -3.83348700E+02 +/-   7.13728116E-05   1.27409009E-03
     3     2.1544E+05  -3.83348700E+02 +/-   7.13728116E-05   1.27409009E-03
     4     4.6416E+04  -3.83348700E+02 +/-   7.13728117E-05   1.27409010E-03
     5     1.0000E+04  -3.83348700E+02 +/-   7.13728120E-05   1.27409011E-03
     6     2.1544E+03  -3.83348700E+02 +/-   7.13728137E-05   1.27409017E-03
     7     4.6416E+02  -3.83348700E+02 +/-   7.13728213E-05   1.27409044E-03
     8     1.0000E+02  -3.83348700E+02 +/-   7.13728566E-05   1.27409170E-03
     9     2.1544E+01  -3.83348700E+02 +/-   7.13730157E-05   1.27409738E-03
    10     4.6416E+00  -3.83348700E+02 +/-   7.13736700E-05   1.27412074E-03
    11     1.0000E+00  -3.83348700E+02 +/-   7.13756352E-05   1.27419091E-03
    12     2.1544E-01  -3.83348700E+02 +/-   7.13788445E-05   1.27430549E-03
    13     4.6416E-02  -3.83348699E+02 +/-   7.13813102E-05   1.27439353E-03
    14     1.0000E-02  -3.83348699E+02 +/-   7.13822296E-05   1.27442636E-03
    15     2.1544E-03  -3.83348699E+02 +/-   7.13824613E-05   1.27443464E-03
    16     4.6416E-04  -3.83348699E+02 +/-   7.13825131E-05   1.27443649E-03
    17     1.0000E-04  -3.83348699E+02 +/-   7.13825243E-05   1.27443689E-03
    18     2.1544E-05  -3.83348699E+02 +/-   7.13825268E-05   1.27443697E-03
    19     4.6416E-06  -3.83348699E+02 +/-   7.13825273E-05   1.27443699E-03
    20     1.0000E-06  -3.83348699E+02 +/-   7.13825274E-05   1.27443700E-03
    21     0.0000E+00  -3.83348699E+02 +/-   7.13825274E-05   1.27443700E-03
* Iteration # 2: E =  -3.833486997859E+02 +/-   7.137281158033E-05
* Convergence: exiting.
* After optimization:
   2.1531E+01   2.1535E+01   2.1533E+01  -1.6478E+01  -1.6475E+01   7.3844E-01
   4.4413E+01   5.4263E+00   5.4209E+00  -3.3897E+01  -3.3927E+01   2.2126E+01
   2.2131E+01   5.1335E+00   5.1337E+00   2.2198E+01   2.2197E+01  -1.6724E+01
  -1.6724E+01  -3.4034E+01  -1.7019E+01  -1.7018E+01  -1.7005E+01  -1.7005E+01
  -1.7004E+01  -1.7004E+01  -2.6102E-02   8.4990E+01  -6.8448E+01  -3.3620E-01
  -3.1753E-01  -2.2041E+02   1.7602E+02  -2.5077E+01   1.9697E+01   1.7041E+02
  -1.3652E+02   1.7046E+02  -1.3653E+02  -1.1018E+02   8.8053E+01  -2.4930E+01
   1.9789E+01  -1.1024E+02   8.8020E+01   8.5087E+01  -6.8394E+01   1.7053E+02
  -1.3649E+02   8.5264E+01  -6.8243E+01   8.5230E+01  -6.8222E+01   8.5231E+01
  -6.8222E+01  -4.9258E-03   2.9829E-02  -8.3988E-02  -7.3272E-02   4.0336E-02
  -3.3744E-02   1.7389E-02  -3.8557E-02   1.6455E-02   7.1718E-03  -2.1431E-02
  > Energy =  -3.833486997859E+02 +/-   7.137281158033E-05
  > varE =   1.274090094982E-03

VMC #10:
* Size of Hilbert space =   6.3504E+04
* Deterministic energy evaluation:
  > Deterministic Etot/t = -383.34874648833761
    - Ttot/t = -23.365058680812446
    - Utot/t = 9.5306578696452888
* Number of equil. steps   = 1000
* Running VMC equilibration.
  Done. [total walltime: 0.04s]
* Equil. acc.ratio (%)     =  27.8427
* Sample config after equilibration:
  +---------+
  |  0   0  |
  |2   2   d|
  |u   u   u|
  |  d   d  |
  +---------+
* Number of accum. steps   = 1000448 x 10
* Running VMC accumulation.
    [walltime: 1m elapsed, 1m18s remaining]
  Done. [total walltime: 2m19s]
* Acceptance ratio (%)     =  27.8899
* Etot/t                   =  -3.833488205528E+02 +/-   3.524770950917E-05
  > Ttot/t                 =  -2.336485667649E+01 +/-   3.657603507535E-04
  > Utot/t                 =   9.530381800849E+00 +/-   3.645083459314E-04
* var[Eloc/t]              =   1.243340886590E-03 +/-   1.049303024857E-05
* Correlation length       =   9.996917456096E-01
* log10 Psi^2 range: -14.753745810118097 -- -6.9577990868962676
* log10 Pgen range : -14.753745810118097 -- -6.9577990868962676
* Site occupation (ave. no. electrons per config.):
  > Site_  ___eu____  ___ed____
      1        0.496      0.496
      2        0.501      0.503
      3        0.500      0.500
      4        0.498      0.498
      5        0.502      0.499
      6        0.500      0.500
      7        0.500      0.501
      8        0.501      0.498
      9        0.503      0.502
     10        0.500      0.504
* Pair-correlation analysis (ave. no. pairs per config.):
  > Shell  nsite  ___dh____  __eueu___  __eued___
      0      1        0          0          1.744
      1      1        0.836      0.719      2.483
      2      1        0.288      0.649      1.111
      3      1        0.163      0.295      0.553
      4      1        0.558      1.341      2.167
      5      1        0.119      1.026      0.966
      6      1        0.147      0.847      1.102
      7      1        0.299      1.801      2.120
      8      1        0.248      2.097      1.902
      9      1        0.248      2.121      1.900
     10      1        0.226      2.159      1.882
     11      1        0.115      0.980      1.021
     12      1        0.235      2.056      1.954
     13      1        0.061      0.478      0.518
     14      1        0.182      1.441      1.558
     15      1        0.120      1.030      0.978
     16      1        0.125      0.959      1.042

Optimization #10:
* Method          : lls
* Target function : energy
* No. of configs. : 250112
* No. of params.  : 66
* Before optimization:
   2.1531E+01   2.1535E+01   2.1533E+01  -1.6478E+01  -1.6475E+01   7.3844E-01
   4.4413E+01   5.4263E+00   5.4209E+00  -3.3897E+01  -3.3927E+01   2.2126E+01
   2.2131E+01   5.1335E+00   5.1337E+00   2.2198E+01   2.2197E+01  -1.6724E+01
  -1.6724E+01  -3.4034E+01  -1.7019E+01  -1.7018E+01  -1.7005E+01  -1.7005E+01
  -1.7004E+01  -1.7004E+01  -2.6102E-02   8.4990E+01  -6.8448E+01  -3.3620E-01
  -3.1753E-01  -2.2041E+02   1.7602E+02  -2.5077E+01   1.9697E+01   1.7041E+02
  -1.3652E+02   1.7046E+02  -1.3653E+02  -1.1018E+02   8.8053E+01  -2.4930E+01
   1.9789E+01  -1.1024E+02   8.8020E+01   8.5087E+01  -6.8394E+01   1.7053E+02
  -1.3649E+02   8.5264E+01  -6.8243E+01   8.5230E+01  -6.8222E+01   8.5231E+01
  -6.8222E+01  -4.9258E-03   2.9829E-02  -8.3988E-02  -7.3272E-02   4.0336E-02
  -3.3744E-02   1.7389E-02  -3.8557E-02   1.6455E-02   7.1718E-03  -2.1431E-02
  > E    =  -3.833487761554E+02 +/-   7.118133987216E-05
  > varE =   1.267263266211E-03
* Computing derivatives.
    [walltime: 1m elapsed, 15m26s remaining]
  Done. [total walltime: 16m20s]
* Optimizing manipulation constant:
  #igrid a___________ E____________________________________ varE____________
     1     Infinity    -3.83348776E+02 +/-   7.11813399E-05   1.26726327E-03
     2     1.0000E+06  -3.83348776E+02 +/-   7.11813388E-05   1.26726323E-03
     3     2.1544E+05  -3.83348776E+02 +/-   7.11813347E-05   1.26726308E-03
     4     4.6416E+04  -3.83348776E+02 +/-   7.11813158E-05   1.26726241E-03
     5     1.0000E+04  -3.83348776E+02 +/-   7.11812279E-05   1.26725928E-03
     6     2.1544E+03  -3.83348776E+02 +/-   7.11808205E-05   1.26724477E-03
     7     4.6416E+02  -3.83348776E+02 +/-   7.11789338E-05   1.26717760E-03
     8     1.0000E+02  -3.83348776E+02 +/-   7.11702698E-05   1.26686913E-03
     9     2.1544E+01  -3.83348778E+02 +/-   7.11319656E-05   1.26550582E-03
    10     4.6416E+00  -3.83348782E+02 +/-   7.09874911E-05   1.26037037E-03
    11     1.0000E+00  -3.83348790E+02 +/-   7.06602376E-05   1.24877649E-03
    12     2.1544E-01  -3.83348792E+02 +/-   7.03724704E-05   1.23862580E-03
    13     4.6416E-02  -3.83348791E+02 +/-   7.02651261E-05   1.23484995E-03
    14     1.0000E-02  -3.83348790E+02 +/-   7.02429750E-05   1.23407150E-03
    15     2.1544E-03  -3.83348789E+02 +/-   7.02754060E-05   1.23521130E-03
    16     4.6416E-04  -3.83348686E+02 +/-   7.28343291E-05   1.32680402E-03
    17     1.0000E-04  -3.83348598E+02 +/-   7.43705586E-05   1.38336447E-03
    18     2.1544E-05  -3.83348719E+02 +/-   7.17108062E-05   1.28618589E-03
    19     4.6416E-06  -3.83348730E+02 +/-   7.14622369E-05   1.27728479E-03
    20     1.0000E-06  -3.83348732E+02 +/-   7.14158280E-05   1.27562635E-03
    21     0.0000E+00  -3.83348733E+02 +/-   7.14034737E-05   1.27518504E-03
* Iteration # 1: E =  -3.833487924669E+02 +/-   7.037247039752E-05
* Diminishing returns: exiting.
* After optimization:
   2.1594E+01   2.1597E+01   2.1596E+01  -1.6511E+01  -1.6509E+01   7.4466E-01
   4.4490E+01   5.4253E+00   5.4199E+00  -3.3978E+01  -3.4005E+01   2.2166E+01
   2.2170E+01   5.1321E+00   5.1312E+00   2.2238E+01   2.2237E+01  -1.6760E+01
  -1.6760E+01  -3.4119E+01  -1.7062E+01  -1.7062E+01  -1.7046E+01  -1.7046E+01
  -1.7045E+01  -1.7046E+01  -2.5488E-02   8.5194E+01  -6.8618E+01  -3.3659E-01
  -3.2052E-01  -2.2078E+02   1.7632E+02  -2.5056E+01   1.9678E+01   1.7083E+02
  -1.3685E+02   1.7087E+02  -1.3686E+02  -1.1036E+02   8.8201E+01  -2.4910E+01
   1.9770E+01  -1.1043E+02   8.8167E+01   8.5291E+01  -6.8563E+01   1.7094E+02
  -1.3682E+02   8.5471E+01  -6.8407E+01   8.5437E+01  -6.8387E+01   8.5437E+01
  -6.8387E+01  -5.0289E-03   2.9477E-02  -8.7001E-02  -7.3546E-02   4.0142E-02
  -3.2251E-02   1.6880E-02  -3.5406E-02   1.5531E-02   5.1760E-03  -2.3714E-02
  > Energy =  -3.833487924669E+02 +/-   7.037247039752E-05
  > varE =   1.238625803336E-03

VMC #11:
* Size of Hilbert space =   6.3504E+04
* Deterministic energy evaluation:
  > Deterministic Etot/t = -383.34874205149788
    - Ttot/t = -23.365073091578871
    - Utot/t = 9.5306767172512128
* Number of equil. steps   = 1000
* Running VMC equilibration.
  Done. [total walltime: 0.04s]
* Equil. acc.ratio (%)     =  27.9388
* Sample config after equilibration:
  +---------+
  |  u   u  |
  |d   d   d|
  |d   0   u|
  |  u   2  |
  +---------+
* Number of accum. steps   = 1000448 x 10
* Running VMC accumulation.
    [walltime: 1m elapsed, 1m20s remaining]
  Done. [total walltime: 2m20s]
* Acceptance ratio (%)     =  27.8671
* Etot/t                   =  -3.833487578833E+02 +/-   3.581318887294E-05
  > Ttot/t                 =  -2.336487388624E+01 +/-   3.668402712080E-04
  > Utot/t                 =   9.530461680127E+00 +/-   3.656904935332E-04
* var[Eloc/t]              =   1.291486454396E-03 +/-   2.460485967397E-05
* Correlation length       =   9.935521125569E-01
* log10 Psi^2 range: -13.467677532599794 -- -7.0139880983103824
* log10 Pgen range : -13.467677532599794 -- -7.0139880983103824
* Site occupation (ave. no. electrons per config.):
  > Site_  ___eu____  ___ed____
      1        0.497      0.497
      2        0.502      0.502
      3        0.500      0.501
      4        0.497      0.497
      5        0.499      0.500
      6        0.502      0.500
      7        0.499      0.502
      8        0.501      0.498
      9        0.501      0.501
     10        0.501      0.502
* Pair-correlation analysis (ave. no. pairs per config.):
  > Shell  nsite  ___dh____  __eueu___  __eued___
      0      1        0          0          1.745
      1      1        0.837      0.720      2.481
      2      1        0.289      0.648      1.109
      3      1        0.162      0.296      0.552
      4      1        0.559      1.340      2.168
      5      1        0.119      1.028      0.965
      6      1        0.148      0.847      1.102
      7      1        0.302      1.798      2.119
      8      1        0.247      2.100      1.903
      9      1        0.249      2.120      1.899
     10      1        0.226      2.160      1.883
     11      1        0.114      0.980      1.023
     12      1        0.235      2.057      1.955
     13      1        0.061      0.479      0.519
     14      1        0.183      1.439      1.558
     15      1        0.120      1.031      0.977
     16      1        0.125      0.958      1.041

VDAGGER finished.
Total VDAGGER walltime: 7h54m

Run ended: Fri Oct 17 01:30:07 CEST 2025
