Run started: Mon Feb 23 16:30:19 CET 2026
Using VDAGGER_ARCH = gnu7_fkfamd_cluster
Running 1x128 MPI processes.

                               xx
                              +##
                               #X
                               Xx
                          X##XxXxxX##x
                           +   Xx  ++
                               ##
                              +##
                              +##
     ++++         ++          +##
   xX+++##+      ####         +##
  Xx    ###      +X##          ##
 xX    X##+        ##          #X
 +    x##X         #x          #X
      ###         +#           x+
     X##+         #+
     ###         Xx                    _______
     ##X       +X+   __________________VDAGGER
     +##x    +xX     2nd quantized variational
       +xxxxx+       ______quantum Monte Carlo

* Running 512 MPI processes.
* Input file: "input.11.casl"

############# Start of input file dump #############
General:
  Random seed: timer

Plan:
  VMC-optimization:
    Minimum cycles: 5
    Convergence cycles: 3

System:
  Hubbard model:
    Primitive cell:
      a_1: [ 1.0, 1.0 ]
      a_2: [ -1.0, 1.0 ]
    Simulation cell:
      a_1: [ 10.0, 0.0 ]
      a_2: [ 0.0, 10.0 ]
    U: 4.0
    Dump Hamiltonian: FCIDUMP.new
    Dump orbitals: LTSC.new
  netot: 50

VMC:
  nstep: 10000000
  nconfig: 1000000

Jastrow: wfn.casl

Backflow: wfn.casl
############## End of input file dump ##############

General setup:
* Random seed: 2133024175 (from timer)

Hubbard system:
* Dimensionality        : 2
* Simulation cell:
  > a_1 =   1.000000000000E+01   0.000000000000E+00
  > a_2 =   0.000000000000E+00   1.000000000000E+01
* Primitive cell:
  > a_1 =   1.000000000000E+00   1.000000000000E+00
  > a_2 =  -1.000000000000E+00   1.000000000000E+00
* Prim.cells in sim.cell: 50
* Number of sublattices : 1
* # real-space shells   : 11
  > Shell #1: 4 sites, rij =  1.4142E+00
  > Shell #2: 4 sites, rij =  2.0000E+00
  > Shell #3: 4 sites, rij =  2.8284E+00
  > Shell #4: 8 sites, rij =  3.1623E+00
  > Shell #5: 4 sites, rij =  4.0000E+00
  > Shell #6: 4 sites, rij =  4.2426E+00
  > Shell #7: 8 sites, rij =  4.4721E+00
  > Shell #8: 4 sites, rij =  5.0990E+00
  > Shell #9: 4 sites, rij =  5.6569E+00
  > Shell #10: 4 sites, rij =  5.8310E+00
  > Shell #11: 1 sites, rij =  7.0711E+00
* Site labels:
  +-----------------------------+
  |   10    19    28    37    46|
  |45     9    18    27    36   |
  |   44     8    17    26    35|
  |34    43     7    16    25   |
  |   33    42     6    15    24|
  |23    32    41     5    14   |
  |   22    31    50     4    13|
  |12    21    40    49     3   |
  |   11    30    39    48     2|
  | 1    20    29    38    47   |
  +-----------------------------+
* Shell diagram:
  +-----------------------------+
  |   10     8     8    10    11|
  | 9     7     5     7     9   |
  |    6     4     4     6    10|
  | 7     3     2     3     7   |
  |    4     1     1     4     8|
  | 5     2     0     2     5   |
  |    4     1     1     4     8|
  | 7     3     2     3     7   |
  |    6     4     4     6    10|
  | 9     7     5     7     9   |
  +-----------------------------+
* Hop multiplicity diagram:
  +-------------------+
  |  -   -   -   -   -|
  |-   -   -   -   -  |
  |  -   -   -   -   -|
  |-   -   -   -   -  |
  |  -   1   1   -   -|
  |-   -   0   -   -  |
  |  -   1   1   -   -|
  |-   -   -   -   -  |
  |  -   -   -   -   -|
  |-   -   -   -   -  |
  +-------------------+
* Reciprocal lattice of the simulation cell:
  > b_1 =   6.283185307180E-01  -0.000000000000E+00
  > b_2 =  -0.000000000000E+00   6.283185307180E-01
* k-vector offset:
  > Fractional:   0.000000000000E+00   0.000000000000E+00
  > Absolute  :   0.000000000000E+00   0.000000000000E+00
* G-vector occupation diagram:
  +----------0----------+
  |          -          |
  |        - - -        |
  |      - - - - -      |
  |    - 2 2 2 2 2 -    |
  |  - - 2 2 2 2 2 - -  |
  0- - - 2 2 2 2 2 - - -0
  |  - - 2 2 2 2 2 - -  |
  |    - 2 2 2 2 2 -    |
  |      - - - - -      |
  |        - - -        |
  |          -          |
  +----------0----------+
* G-vectors and non-interacting energy levels:
  > G_1 = [   0.0000E+00,  0.0000E+00,  0.0000E+00 ], e =  -4.0000E+00
  > G_2 = [   6.2832E-01,  0.0000E+00,  0.0000E+00 ], e =  -3.2361E+00
  > G_3 = [  -6.2832E-01,  0.0000E+00,  0.0000E+00 ], e =  -3.2361E+00
  > G_4 = [   0.0000E+00, -6.2832E-01,  0.0000E+00 ], e =  -3.2361E+00
  > G_5 = [   0.0000E+00,  6.2832E-01,  0.0000E+00 ], e =  -3.2361E+00
  > G_6 = [   6.2832E-01,  6.2832E-01,  0.0000E+00 ], e =  -2.6180E+00
  > G_7 = [  -6.2832E-01, -6.2832E-01,  0.0000E+00 ], e =  -2.6180E+00
  > G_8 = [  -6.2832E-01,  6.2832E-01,  0.0000E+00 ], e =  -2.6180E+00
  > G_9 = [   6.2832E-01, -6.2832E-01,  0.0000E+00 ], e =  -2.6180E+00
  > G_10 = [   1.2566E+00,  0.0000E+00,  0.0000E+00 ], e =  -1.2361E+00
  > G_11 = [  -1.2566E+00,  0.0000E+00,  0.0000E+00 ], e =  -1.2361E+00
  > G_12 = [   0.0000E+00, -1.2566E+00,  0.0000E+00 ], e =  -1.2361E+00
  > G_13 = [   0.0000E+00,  1.2566E+00,  0.0000E+00 ], e =  -1.2361E+00
  > G_14 = [  -1.2566E+00,  6.2832E-01,  0.0000E+00 ], e =  -1.0000E+00
  > G_15 = [   1.2566E+00, -6.2832E-01,  0.0000E+00 ], e =  -1.0000E+00
  > G_16 = [  -6.2832E-01,  1.2566E+00,  0.0000E+00 ], e =  -1.0000E+00
  > G_17 = [   6.2832E-01, -1.2566E+00,  0.0000E+00 ], e =  -1.0000E+00
  > G_18 = [  -6.2832E-01, -1.2566E+00,  0.0000E+00 ], e =  -1.0000E+00
  > G_19 = [   6.2832E-01,  1.2566E+00,  0.0000E+00 ], e =  -1.0000E+00
  > G_20 = [   1.2566E+00,  6.2832E-01,  0.0000E+00 ], e =  -1.0000E+00
  > G_21 = [  -1.2566E+00, -6.2832E-01,  0.0000E+00 ], e =  -1.0000E+00
  > G_22 = [  -1.2566E+00,  1.2566E+00,  0.0000E+00 ], e =  -3.8197E-01
  > G_23 = [   1.2566E+00, -1.2566E+00,  0.0000E+00 ], e =  -3.8197E-01
  > G_24 = [   1.2566E+00,  1.2566E+00,  0.0000E+00 ], e =  -3.8197E-01
  > G_25 = [  -1.2566E+00, -1.2566E+00,  0.0000E+00 ], e =  -3.8197E-01 = e_F
  > G_26 = [   1.8850E+00, -1.2566E+00,  0.0000E+00 ], e =   3.8197E-01
  > G_27 = [  -1.8850E+00,  1.2566E+00,  0.0000E+00 ], e =   3.8197E-01
  > G_28 = [   1.2566E+00, -1.8850E+00,  0.0000E+00 ], e =   3.8197E-01
  > G_29 = [  -1.2566E+00,  1.8850E+00,  0.0000E+00 ], e =   3.8197E-01
  > ...
* U/t                   :  4.00000000000E+00
* Hartree-Fock Etot/t   : -3.37770876400E+01
  > Ttot/t              : -8.37770876400E+01
  > Utot/t              :  5.00000000000E+01
* Writing Hamiltonian to "FCIDUMP.new".
* Writing orbitals to "LTSC.new".
* Analysis of Hamiltonian connecitivity performed:
  - U_iiii [opp] (local, 1-site): 50 (i) values
  - T_ji (single, 2-site): 200 contribs. from 50 (i) values
  - Max. no. wfn. ratios in Eloc: 4
* Site labels:
  +-----------------------------+
  |   10    19    28    37    46|
  |45     9    18    27    36   |
  |   44     8    17    26    35|
  |34    43     7    16    25   |
  |   33    42     6    15    24|
  |23    32    41     5    14   |
  |   22    31    50     4    13|
  |12    21    40    49     3   |
  |   11    30    39    48     2|
  | 1    20    29    38    47   |
  +-----------------------------+
* Model system Site kinds:
  [ 1, 1, 1, 1, 1, 1, 1, 1, 1, 1, 1, 1, 1, 1, 1, 1, 1, 1, 1, 1, 1, 1, 1, 1, 1, 1, 1, 1, 1, 1, 1, 1, 1, 1, 1, 1, 1, 1, 1, 1, 1, 1, 1, 1, 1, 1, 1, 1, 1, 1 ]
  +-------------------+
  |  1   1   1   1   1|
  |1   1   1   1   1  |
  |  1   1   1   1   1|
  |1   1   1   1   1  |
  |  1   1   1   1   1|
  |1   1   1   1   1  |
  |  1   1   1   1   1|
  |1   1   1   1   1  |
  |  1   1   1   1   1|
  |1   1   1   1   1  |
  +-------------------+
* Maximum Site kind: 1
* Model system Site pair kinds:
  Site 1: [ 0, 1, 3, 6, 9, 11, 9, 6, 3, 1, 1, 2, 4, 7, 10, 9, 10, 7, 4, 2, 3, 4, 5, 8, 7, 6, 7, 8, 5, 4, 6, 7, 8, 5, 4, 3, 4, 5, 8, 7, 9, 10, 7, 4, 2, 1, 2, 4, 7, 10 ]
  Site 2: [ 1, 0, 1, 3, 6, 9, 11, 9, 6, 3, 2, 1, 2, 4, 7, 10, 9, 10, 7, 4, 4, 3, 4, 5, 8, 7, 6, 7, 8, 5, 7, 6, 7, 8, 5, 4, 3, 4, 5, 8, 10, 9, 10, 7, 4, 2, 1, 2, 4, 7 ]
  Site 3: [ 3, 1, 0, 1, 3, 6, 9, 11, 9, 6, 4, 2, 1, 2, 4, 7, 10, 9, 10, 7, 5, 4, 3, 4, 5, 8, 7, 6, 7, 8, 8, 7, 6, 7, 8, 5, 4, 3, 4, 5, 7, 10, 9, 10, 7, 4, 2, 1, 2, 4 ]
  Site 4: [ 6, 3, 1, 0, 1, 3, 6, 9, 11, 9, 7, 4, 2, 1, 2, 4, 7, 10, 9, 10, 8, 5, 4, 3, 4, 5, 8, 7, 6, 7, 5, 8, 7, 6, 7, 8, 5, 4, 3, 4, 4, 7, 10, 9, 10, 7, 4, 2, 1, 2 ]
  Site 5: [ 9, 6, 3, 1, 0, 1, 3, 6, 9, 11, 10, 7, 4, 2, 1, 2, 4, 7, 10, 9, 7, 8, 5, 4, 3, 4, 5, 8, 7, 6, 4, 5, 8, 7, 6, 7, 8, 5, 4, 3, 2, 4, 7, 10, 9, 10, 7, 4, 2, 1 ]
  Site 6: [ 11, 9, 6, 3, 1, 0, 1, 3, 6, 9, 9, 10, 7, 4, 2, 1, 2, 4, 7, 10, 6, 7, 8, 5, 4, 3, 4, 5, 8, 7, 3, 4, 5, 8, 7, 6, 7, 8, 5, 4, 1, 2, 4, 7, 10, 9, 10, 7, 4, 2 ]
  Site 7: [ 9, 11, 9, 6, 3, 1, 0, 1, 3, 6, 10, 9, 10, 7, 4, 2, 1, 2, 4, 7, 7, 6, 7, 8, 5, 4, 3, 4, 5, 8, 4, 3, 4, 5, 8, 7, 6, 7, 8, 5, 2, 1, 2, 4, 7, 10, 9, 10, 7, 4 ]
  Site 8: [ 6, 9, 11, 9, 6, 3, 1, 0, 1, 3, 7, 10, 9, 10, 7, 4, 2, 1, 2, 4, 8, 7, 6, 7, 8, 5, 4, 3, 4, 5, 5, 4, 3, 4, 5, 8, 7, 6, 7, 8, 4, 2, 1, 2, 4, 7, 10, 9, 10, 7 ]
  Site 9: [ 3, 6, 9, 11, 9, 6, 3, 1, 0, 1, 4, 7, 10, 9, 10, 7, 4, 2, 1, 2, 5, 8, 7, 6, 7, 8, 5, 4, 3, 4, 8, 5, 4, 3, 4, 5, 8, 7, 6, 7, 7, 4, 2, 1, 2, 4, 7, 10, 9, 10 ]
  Site 10: [ 1, 3, 6, 9, 11, 9, 6, 3, 1, 0, 2, 4, 7, 10, 9, 10, 7, 4, 2, 1, 4, 5, 8, 7, 6, 7, 8, 5, 4, 3, 7, 8, 5, 4, 3, 4, 5, 8, 7, 6, 10, 7, 4, 2, 1, 2, 4, 7, 10, 9 ]
  Site 11: [ 1, 2, 4, 7, 10, 9, 10, 7, 4, 2, 0, 1, 3, 6, 9, 11, 9, 6, 3, 1, 1, 2, 4, 7, 10, 9, 10, 7, 4, 2, 3, 4, 5, 8, 7, 6, 7, 8, 5, 4, 6, 7, 8, 5, 4, 3, 4, 5, 8, 7 ]
  Site 12: [ 2, 1, 2, 4, 7, 10, 9, 10, 7, 4, 1, 0, 1, 3, 6, 9, 11, 9, 6, 3, 2, 1, 2, 4, 7, 10, 9, 10, 7, 4, 4, 3, 4, 5, 8, 7, 6, 7, 8, 5, 7, 6, 7, 8, 5, 4, 3, 4, 5, 8 ]
  Site 13: [ 4, 2, 1, 2, 4, 7, 10, 9, 10, 7, 3, 1, 0, 1, 3, 6, 9, 11, 9, 6, 4, 2, 1, 2, 4, 7, 10, 9, 10, 7, 5, 4, 3, 4, 5, 8, 7, 6, 7, 8, 8, 7, 6, 7, 8, 5, 4, 3, 4, 5 ]
  Site 14: [ 7, 4, 2, 1, 2, 4, 7, 10, 9, 10, 6, 3, 1, 0, 1, 3, 6, 9, 11, 9, 7, 4, 2, 1, 2, 4, 7, 10, 9, 10, 8, 5, 4, 3, 4, 5, 8, 7, 6, 7, 5, 8, 7, 6, 7, 8, 5, 4, 3, 4 ]
  Site 15: [ 10, 7, 4, 2, 1, 2, 4, 7, 10, 9, 9, 6, 3, 1, 0, 1, 3, 6, 9, 11, 10, 7, 4, 2, 1, 2, 4, 7, 10, 9, 7, 8, 5, 4, 3, 4, 5, 8, 7, 6, 4, 5, 8, 7, 6, 7, 8, 5, 4, 3 ]
  Site 16: [ 9, 10, 7, 4, 2, 1, 2, 4, 7, 10, 11, 9, 6, 3, 1, 0, 1, 3, 6, 9, 9, 10, 7, 4, 2, 1, 2, 4, 7, 10, 6, 7, 8, 5, 4, 3, 4, 5, 8, 7, 3, 4, 5, 8, 7, 6, 7, 8, 5, 4 ]
  Site 17: [ 10, 9, 10, 7, 4, 2, 1, 2, 4, 7, 9, 11, 9, 6, 3, 1, 0, 1, 3, 6, 10, 9, 10, 7, 4, 2, 1, 2, 4, 7, 7, 6, 7, 8, 5, 4, 3, 4, 5, 8, 4, 3, 4, 5, 8, 7, 6, 7, 8, 5 ]
  Site 18: [ 7, 10, 9, 10, 7, 4, 2, 1, 2, 4, 6, 9, 11, 9, 6, 3, 1, 0, 1, 3, 7, 10, 9, 10, 7, 4, 2, 1, 2, 4, 8, 7, 6, 7, 8, 5, 4, 3, 4, 5, 5, 4, 3, 4, 5, 8, 7, 6, 7, 8 ]
  Site 19: [ 4, 7, 10, 9, 10, 7, 4, 2, 1, 2, 3, 6, 9, 11, 9, 6, 3, 1, 0, 1, 4, 7, 10, 9, 10, 7, 4, 2, 1, 2, 5, 8, 7, 6, 7, 8, 5, 4, 3, 4, 8, 5, 4, 3, 4, 5, 8, 7, 6, 7 ]
  Site 20: [ 2, 4, 7, 10, 9, 10, 7, 4, 2, 1, 1, 3, 6, 9, 11, 9, 6, 3, 1, 0, 2, 4, 7, 10, 9, 10, 7, 4, 2, 1, 4, 5, 8, 7, 6, 7, 8, 5, 4, 3, 7, 8, 5, 4, 3, 4, 5, 8, 7, 6 ]
  Site 21: [ 3, 4, 5, 8, 7, 6, 7, 8, 5, 4, 1, 2, 4, 7, 10, 9, 10, 7, 4, 2, 0, 1, 3, 6, 9, 11, 9, 6, 3, 1, 1, 2, 4, 7, 10, 9, 10, 7, 4, 2, 3, 4, 5, 8, 7, 6, 7, 8, 5, 4 ]
  Site 22: [ 4, 3, 4, 5, 8, 7, 6, 7, 8, 5, 2, 1, 2, 4, 7, 10, 9, 10, 7, 4, 1, 0, 1, 3, 6, 9, 11, 9, 6, 3, 2, 1, 2, 4, 7, 10, 9, 10, 7, 4, 4, 3, 4, 5, 8, 7, 6, 7, 8, 5 ]
  Site 23: [ 5, 4, 3, 4, 5, 8, 7, 6, 7, 8, 4, 2, 1, 2, 4, 7, 10, 9, 10, 7, 3, 1, 0, 1, 3, 6, 9, 11, 9, 6, 4, 2, 1, 2, 4, 7, 10, 9, 10, 7, 5, 4, 3, 4, 5, 8, 7, 6, 7, 8 ]
  Site 24: [ 8, 5, 4, 3, 4, 5, 8, 7, 6, 7, 7, 4, 2, 1, 2, 4, 7, 10, 9, 10, 6, 3, 1, 0, 1, 3, 6, 9, 11, 9, 7, 4, 2, 1, 2, 4, 7, 10, 9, 10, 8, 5, 4, 3, 4, 5, 8, 7, 6, 7 ]
  Site 25: [ 7, 8, 5, 4, 3, 4, 5, 8, 7, 6, 10, 7, 4, 2, 1, 2, 4, 7, 10, 9, 9, 6, 3, 1, 0, 1, 3, 6, 9, 11, 10, 7, 4, 2, 1, 2, 4, 7, 10, 9, 7, 8, 5, 4, 3, 4, 5, 8, 7, 6 ]
  Site 26: [ 6, 7, 8, 5, 4, 3, 4, 5, 8, 7, 9, 10, 7, 4, 2, 1, 2, 4, 7, 10, 11, 9, 6, 3, 1, 0, 1, 3, 6, 9, 9, 10, 7, 4, 2, 1, 2, 4, 7, 10, 6, 7, 8, 5, 4, 3, 4, 5, 8, 7 ]
  Site 27: [ 7, 6, 7, 8, 5, 4, 3, 4, 5, 8, 10, 9, 10, 7, 4, 2, 1, 2, 4, 7, 9, 11, 9, 6, 3, 1, 0, 1, 3, 6, 10, 9, 10, 7, 4, 2, 1, 2, 4, 7, 7, 6, 7, 8, 5, 4, 3, 4, 5, 8 ]
  Site 28: [ 8, 7, 6, 7, 8, 5, 4, 3, 4, 5, 7, 10, 9, 10, 7, 4, 2, 1, 2, 4, 6, 9, 11, 9, 6, 3, 1, 0, 1, 3, 7, 10, 9, 10, 7, 4, 2, 1, 2, 4, 8, 7, 6, 7, 8, 5, 4, 3, 4, 5 ]
  Site 29: [ 5, 8, 7, 6, 7, 8, 5, 4, 3, 4, 4, 7, 10, 9, 10, 7, 4, 2, 1, 2, 3, 6, 9, 11, 9, 6, 3, 1, 0, 1, 4, 7, 10, 9, 10, 7, 4, 2, 1, 2, 5, 8, 7, 6, 7, 8, 5, 4, 3, 4 ]
  Site 30: [ 4, 5, 8, 7, 6, 7, 8, 5, 4, 3, 2, 4, 7, 10, 9, 10, 7, 4, 2, 1, 1, 3, 6, 9, 11, 9, 6, 3, 1, 0, 2, 4, 7, 10, 9, 10, 7, 4, 2, 1, 4, 5, 8, 7, 6, 7, 8, 5, 4, 3 ]
  Site 31: [ 6, 7, 8, 5, 4, 3, 4, 5, 8, 7, 3, 4, 5, 8, 7, 6, 7, 8, 5, 4, 1, 2, 4, 7, 10, 9, 10, 7, 4, 2, 0, 1, 3, 6, 9, 11, 9, 6, 3, 1, 1, 2, 4, 7, 10, 9, 10, 7, 4, 2 ]
  Site 32: [ 7, 6, 7, 8, 5, 4, 3, 4, 5, 8, 4, 3, 4, 5, 8, 7, 6, 7, 8, 5, 2, 1, 2, 4, 7, 10, 9, 10, 7, 4, 1, 0, 1, 3, 6, 9, 11, 9, 6, 3, 2, 1, 2, 4, 7, 10, 9, 10, 7, 4 ]
  Site 33: [ 8, 7, 6, 7, 8, 5, 4, 3, 4, 5, 5, 4, 3, 4, 5, 8, 7, 6, 7, 8, 4, 2, 1, 2, 4, 7, 10, 9, 10, 7, 3, 1, 0, 1, 3, 6, 9, 11, 9, 6, 4, 2, 1, 2, 4, 7, 10, 9, 10, 7 ]
  Site 34: [ 5, 8, 7, 6, 7, 8, 5, 4, 3, 4, 8, 5, 4, 3, 4, 5, 8, 7, 6, 7, 7, 4, 2, 1, 2, 4, 7, 10, 9, 10, 6, 3, 1, 0, 1, 3, 6, 9, 11, 9, 7, 4, 2, 1, 2, 4, 7, 10, 9, 10 ]
  Site 35: [ 4, 5, 8, 7, 6, 7, 8, 5, 4, 3, 7, 8, 5, 4, 3, 4, 5, 8, 7, 6, 10, 7, 4, 2, 1, 2, 4, 7, 10, 9, 9, 6, 3, 1, 0, 1, 3, 6, 9, 11, 10, 7, 4, 2, 1, 2, 4, 7, 10, 9 ]
  Site 36: [ 3, 4, 5, 8, 7, 6, 7, 8, 5, 4, 6, 7, 8, 5, 4, 3, 4, 5, 8, 7, 9, 10, 7, 4, 2, 1, 2, 4, 7, 10, 11, 9, 6, 3, 1, 0, 1, 3, 6, 9, 9, 10, 7, 4, 2, 1, 2, 4, 7, 10 ]
  Site 37: [ 4, 3, 4, 5, 8, 7, 6, 7, 8, 5, 7, 6, 7, 8, 5, 4, 3, 4, 5, 8, 10, 9, 10, 7, 4, 2, 1, 2, 4, 7, 9, 11, 9, 6, 3, 1, 0, 1, 3, 6, 10, 9, 10, 7, 4, 2, 1, 2, 4, 7 ]
  Site 38: [ 5, 4, 3, 4, 5, 8, 7, 6, 7, 8, 8, 7, 6, 7, 8, 5, 4, 3, 4, 5, 7, 10, 9, 10, 7, 4, 2, 1, 2, 4, 6, 9, 11, 9, 6, 3, 1, 0, 1, 3, 7, 10, 9, 10, 7, 4, 2, 1, 2, 4 ]
  Site 39: [ 8, 5, 4, 3, 4, 5, 8, 7, 6, 7, 5, 8, 7, 6, 7, 8, 5, 4, 3, 4, 4, 7, 10, 9, 10, 7, 4, 2, 1, 2, 3, 6, 9, 11, 9, 6, 3, 1, 0, 1, 4, 7, 10, 9, 10, 7, 4, 2, 1, 2 ]
  Site 40: [ 7, 8, 5, 4, 3, 4, 5, 8, 7, 6, 4, 5, 8, 7, 6, 7, 8, 5, 4, 3, 2, 4, 7, 10, 9, 10, 7, 4, 2, 1, 1, 3, 6, 9, 11, 9, 6, 3, 1, 0, 2, 4, 7, 10, 9, 10, 7, 4, 2, 1 ]
  Site 41: [ 9, 10, 7, 4, 2, 1, 2, 4, 7, 10, 6, 7, 8, 5, 4, 3, 4, 5, 8, 7, 3, 4, 5, 8, 7, 6, 7, 8, 5, 4, 1, 2, 4, 7, 10, 9, 10, 7, 4, 2, 0, 1, 3, 6, 9, 11, 9, 6, 3, 1 ]
  Site 42: [ 10, 9, 10, 7, 4, 2, 1, 2, 4, 7, 7, 6, 7, 8, 5, 4, 3, 4, 5, 8, 4, 3, 4, 5, 8, 7, 6, 7, 8, 5, 2, 1, 2, 4, 7, 10, 9, 10, 7, 4, 1, 0, 1, 3, 6, 9, 11, 9, 6, 3 ]
  Site 43: [ 7, 10, 9, 10, 7, 4, 2, 1, 2, 4, 8, 7, 6, 7, 8, 5, 4, 3, 4, 5, 5, 4, 3, 4, 5, 8, 7, 6, 7, 8, 4, 2, 1, 2, 4, 7, 10, 9, 10, 7, 3, 1, 0, 1, 3, 6, 9, 11, 9, 6 ]
  Site 44: [ 4, 7, 10, 9, 10, 7, 4, 2, 1, 2, 5, 8, 7, 6, 7, 8, 5, 4, 3, 4, 8, 5, 4, 3, 4, 5, 8, 7, 6, 7, 7, 4, 2, 1, 2, 4, 7, 10, 9, 10, 6, 3, 1, 0, 1, 3, 6, 9, 11, 9 ]
  Site 45: [ 2, 4, 7, 10, 9, 10, 7, 4, 2, 1, 4, 5, 8, 7, 6, 7, 8, 5, 4, 3, 7, 8, 5, 4, 3, 4, 5, 8, 7, 6, 10, 7, 4, 2, 1, 2, 4, 7, 10, 9, 9, 6, 3, 1, 0, 1, 3, 6, 9, 11 ]
  Site 46: [ 1, 2, 4, 7, 10, 9, 10, 7, 4, 2, 3, 4, 5, 8, 7, 6, 7, 8, 5, 4, 6, 7, 8, 5, 4, 3, 4, 5, 8, 7, 9, 10, 7, 4, 2, 1, 2, 4, 7, 10, 11, 9, 6, 3, 1, 0, 1, 3, 6, 9 ]
  Site 47: [ 2, 1, 2, 4, 7, 10, 9, 10, 7, 4, 4, 3, 4, 5, 8, 7, 6, 7, 8, 5, 7, 6, 7, 8, 5, 4, 3, 4, 5, 8, 10, 9, 10, 7, 4, 2, 1, 2, 4, 7, 9, 11, 9, 6, 3, 1, 0, 1, 3, 6 ]
  Site 48: [ 4, 2, 1, 2, 4, 7, 10, 9, 10, 7, 5, 4, 3, 4, 5, 8, 7, 6, 7, 8, 8, 7, 6, 7, 8, 5, 4, 3, 4, 5, 7, 10, 9, 10, 7, 4, 2, 1, 2, 4, 6, 9, 11, 9, 6, 3, 1, 0, 1, 3 ]
  Site 49: [ 7, 4, 2, 1, 2, 4, 7, 10, 9, 10, 8, 5, 4, 3, 4, 5, 8, 7, 6, 7, 5, 8, 7, 6, 7, 8, 5, 4, 3, 4, 4, 7, 10, 9, 10, 7, 4, 2, 1, 2, 3, 6, 9, 11, 9, 6, 3, 1, 0, 1 ]
  Site 50: [ 10, 7, 4, 2, 1, 2, 4, 7, 10, 9, 7, 8, 5, 4, 3, 4, 5, 8, 7, 6, 4, 5, 8, 7, 6, 7, 8, 5, 4, 3, 2, 4, 7, 10, 9, 10, 7, 4, 2, 1, 1, 3, 6, 9, 11, 9, 6, 3, 1, 0 ]
  For site 1 of kind 1:
  +-----------------------------+
  |    1     4     8     4     1|
  | 2     3     7     7     3   |
  |    4     6    10     6     4|
  | 5     7     9     9     7   |
  |    8    10    11    10     8|
  | 5     7     9     9     7   |
  |    4     6    10     6     4|
  | 2     3     7     7     3   |
  |    1     4     8     4     1|
  | 0     2     5     5     2   |
  +-----------------------------+
* Maximum (unsigned) Site pair kind: 11

General system setup:
* Number of sites       : 50
* Number of electrons   : 50
* Spin imbalance MS2    : 0
* Filling               : 0.500000
* Number of orbitals in pool: 53
* Using real-valued orbitals
* Using double-precision arithmetic for orbitals

Trial wave function setup:
* Jastrow parameter file: "wfn.casl"
* Not using multideterminants
* Not using an orbital rotation
* Backflow parameter file: "wfn.casl"
* Not using wave function manipulation

VMC #1:
* Size of Hilbert space =   1.5980E+28
* Number of equil. steps   = 1000
* Running VMC equilibration.
  Done. [total walltime: 2.85s]
* Equil. acc.ratio (%)     =  23.7011
* Sample config after equilibration:
  +-------------------+
  |  u   d   0   2   d|
  |2   d   u   2   u  |
  |  d   0   u   0   u|
  |d   u   d   0   d  |
  |  u   u   d   2   u|
  |u   d   0   u   d  |
  |  0   u   d   d   d|
  |u   2   d   u   2  |
  |  2   d   d   u   u|
  |0   d   u   d   u  |
  +-------------------+
* Number of accum. steps   = 10004480 x 10
* Running VMC accumulation.
    [walltime: 1m elapsed, 10m32s remaining]
  Done. [total walltime: 11m33s]
* Acceptance ratio (%)     =  23.6844
* Etot/t                   =  -4.318885025598E+01 +/-   4.526956560139E-04
  > Ttot/t                 =  -7.360558355945E+01 +/-   2.504114985285E-03
  > Utot/t                 =   3.041673330348E+01 +/-   2.449613014354E-03
* var[Eloc/t]              =   2.077340258658E+00 +/-   1.428988802683E-02
* Correlation length       =   9.869599660591E-01
* log10 Psi^2 range: 40.912437246668645 -- 67.182651225651455
* log10 Pgen range : 40.912437246668645 -- 67.182651225651455
* Site occupation (ave. no. electrons per config.):
  > Site_  ___eu____  ___ed____
      1        0.500      0.500
      2        0.500      0.500
      3        0.500      0.500
      4        0.499      0.501
      5        0.500      0.499
      6        0.500      0.500
      7        0.501      0.500
      8        0.500      0.500
      9        0.500      0.500
     10        0.500      0.500
     11        0.500      0.501
     12        0.500      0.500
     13        0.500      0.501
     14        0.500      0.501
     15        0.500      0.500
     16        0.500      0.500
     17        0.500      0.501
     18        0.500      0.500
     19        0.500      0.500
     20        0.500      0.500
     21        0.500      0.500
     22        0.500      0.501
     23        0.500      0.499
     24        0.501      0.499
     25        0.499      0.500
     26        0.500      0.500
     27        0.499      0.500
     28        0.500      0.500
     29        0.500      0.500
     30        0.500      0.500
     31        0.500      0.499
     32        0.500      0.501
     33        0.500      0.500
     34        0.500      0.501
     35        0.500      0.499
     36        0.500      0.500
     37        0.500      0.501
     38        0.500      0.500
     39        0.501      0.500
     40        0.500      0.500
     41        0.500      0.499
     42        0.500      0.500
     43        0.500      0.499
     44        0.501      0.499
     45        0.500      0.500
     46        0.500      0.500
     47        0.500      0.500
     48        0.501      0.500
     49        0.499      0.501
     50        0.501      0.500
* Pair-correlation analysis (ave. no. pairs per config.):
  > Shell  nsite  ___dh____  __eueu___  __eued___
      0      1        0          0          7.603
      1      4        7.826     38.663     56.358
      2      4        4.945     52.548     46.849
      3      4        4.783     51.987     47.732
      4      8        9.725     93.828    105.328
      5      4        4.722     51.830     47.994
      6      4        4.677     48.391     51.513
      7      8        9.381    103.123     96.636
      8      4        4.752     47.574     52.197
      9      4        4.666     51.267     48.657
     10      4        4.656     48.605     51.335
     11      1        1.166     12.184     12.798

Optimization #1:
* Method          : lls
* Target function : energy
* No. of configs. : 1000448
* No. of params.  : 77
* Before optimization:
  -1.3344E+00  -1.3742E-03   8.7938E-02   5.1366E-02   3.1967E-02   1.7356E-02
   1.6437E-02   1.1697E-02   2.7974E-03   3.3815E-03   3.2229E-03   5.4423E-04
   7.6016E-03  -4.7382E-02  -2.7715E-02  -5.5128E-02  -1.9394E-02  -2.7243E-02
  -1.4561E-02  -2.0393E-02  -6.2995E-03  -1.0682E-02  -8.4203E-03  -8.9497E-03
  -3.6437E-03  -7.5865E-03  -2.3412E-03  -2.9213E-03   9.5711E-05  -3.0957E-03
  -1.7353E-03  -1.8480E-03   5.6590E-01   4.7330E-01  -5.6878E-03  -2.2464E-03
  -6.5733E-02  -2.7902E-03   2.4041E-02   1.9485E-03   5.6136E-02   1.9479E-03
  -1.4803E-02   2.7606E-02   2.7574E-01   4.9539E-02   7.0217E-03  -5.1066E-02
  -1.1131E-02   2.5387E-02  -4.5578E-03   4.2923E-02   1.1943E-03  -1.6472E-02
   3.1626E-02   4.9729E-01  -1.0671E-01  -1.3603E-02  -9.5442E-02   2.2416E-02
   4.7567E-02   4.0580E-03   7.2724E-02   1.2547E-03  -3.0234E-02   5.8570E-02
   3.9613E-01  -7.5093E-03  -4.7601E-03  -8.3261E-02   7.5035E-03   4.2663E-02
  -2.3219E-03   6.6616E-02  -1.4885E-03  -2.9199E-02   4.9024E-02
  > E    =  -4.318895932989E+01 +/-   1.431976523998E-03
  > varE =   2.051475414713E+00
* Computing derivatives.
    [walltime: 1m elapsed, 16m50s remaining]
  Done. [total walltime: 17m47s]
* Optimizing manipulation constant:
  #igrid a___________ E____________________________________ varE____________
     1     Infinity    -4.31889593E+01 +/-   1.43197652E-03   2.05147541E+00
     2     1.0000E+06  -4.31889594E+01 +/-   1.43197621E-03   2.05147453E+00
     3     2.1544E+05  -4.31889597E+01 +/-   1.43197508E-03   2.05147129E+00
     4     4.6416E+04  -4.31889611E+01 +/-   1.43196985E-03   2.05145628E+00
     5     1.0000E+04  -4.31889673E+01 +/-   1.43194564E-03   2.05138692E+00
     6     2.1544E+03  -4.31889951E+01 +/-   1.43183549E-03   2.05107134E+00
     7     4.6416E+02  -4.31890968E+01 +/-   1.43137439E-03   2.04975052E+00
     8     1.0000E+02  -4.31884392E+01 +/-   1.43180263E-03   2.05097721E+00
     9     2.1544E+01  -4.25600961E+01 +/-   2.67345890E-03   7.15058452E+00
    10     4.6416E+00 (error)
    11     1.0000E+00 (error)
    12     2.1544E-01 (error)
    13     4.6416E-02 (error)
    14     1.0000E-02 (error)
    15     2.1544E-03 (error)
    16     4.6416E-04 (error)
    17     1.0000E-04 (error)
    18     2.1544E-05 (error)
    19     4.6416E-06 (error)
    20     1.0000E-06 (error)
    21     0.0000E+00 (error)
  ParMin   8.1252E+02  -4.31890470E+01 +/-   1.43161575E-03   2.05044184E+00
  # Using grid point #7
* Iteration # 1: E =  -4.318909682588E+01 +/-   1.431374390389E-03
* Diminishing returns: exiting.
* After optimization:
  -1.3078E+00  -1.2566E-03   8.7958E-02   5.1380E-02   3.1987E-02   1.7351E-02
   1.6408E-02   1.1692E-02   2.8544E-03   3.3551E-03   3.2137E-03   5.0924E-04
   7.4806E-03  -4.7414E-02  -2.7733E-02  -5.5109E-02  -1.9415E-02  -2.7247E-02
  -1.4586E-02  -2.0398E-02  -6.3059E-03  -1.0674E-02  -8.4108E-03  -8.9288E-03
  -3.6500E-03  -7.5798E-03  -2.3586E-03  -2.9365E-03   9.8253E-05  -3.0857E-03
  -1.7366E-03  -1.8413E-03   5.5843E-01   4.6639E-01  -5.5243E-03  -2.1748E-03
  -6.4802E-02  -2.5991E-03   2.3841E-02   1.9218E-03   5.5005E-02   1.8962E-03
  -1.4517E-02   2.6885E-02   2.7180E-01   4.8860E-02   6.9122E-03  -5.0410E-02
  -1.0672E-02   2.5087E-02  -4.4570E-03   4.2290E-02   1.2175E-03  -1.6249E-02
   3.0915E-02   4.9642E-01  -1.0642E-01  -1.3639E-02  -9.5198E-02   2.2024E-02
   4.7486E-02   4.1914E-03   7.2685E-02   1.2941E-03  -3.0198E-02   5.7819E-02
   3.9567E-01  -7.5045E-03  -4.7084E-03  -8.3176E-02   7.4306E-03   4.2649E-02
  -2.2518E-03   6.6865E-02  -1.3456E-03  -2.9373E-02   4.8906E-02
  > Energy =  -4.318909682588E+01 +/-   1.431374390389E-03
  > varE =   2.049750522486E+00

VMC #2:
* Size of Hilbert space =   1.5980E+28
* Number of equil. steps   = 1000
* Running VMC equilibration.
  Done. [total walltime: 2.95s]
* Equil. acc.ratio (%)     =  23.7215
* Sample config after equilibration:
  +-------------------+
  |  d   2   2   d   2|
  |0   u   2   u   0  |
  |  u   0   d   u   u|
  |d   d   d   u   d  |
  |  u   u   d   2   u|
  |d   d   u   u   d  |
  |  u   2   2   0   d|
  |2   0   d   d   u  |
  |  d   u   d   d   0|
  |u   0   u   u   0  |
  +-------------------+
* Number of accum. steps   = 10004480 x 10
* Running VMC accumulation.
    [walltime: 1m elapsed, 10m30s remaining]
  Done. [total walltime: 11m32s]
* Acceptance ratio (%)     =  23.6812
* Etot/t                   =  -4.318866569513E+01 +/-   4.516962264933E-04
  > Ttot/t                 =  -7.360751565035E+01 +/-   2.516645052459E-03
  > Utot/t                 =   3.041884995522E+01 +/-   2.469199894425E-03
* var[Eloc/t]              =   2.038409427428E+00 +/-   6.184589376515E-03
* Correlation length       =   1.001373342809E+00
* log10 Psi^2 range: 40.779025084129614 -- 67.159576547650857
* log10 Pgen range : 40.779025084129614 -- 67.159576547650857
* Site occupation (ave. no. electrons per config.):
  > Site_  ___eu____  ___ed____
      1        0.499      0.501
      2        0.500      0.500
      3        0.500      0.500
      4        0.499      0.500
      5        0.500      0.500
      6        0.500      0.500
      7        0.501      0.500
      8        0.498      0.500
      9        0.501      0.499
     10        0.501      0.500
     11        0.500      0.500
     12        0.500      0.500
     13        0.500      0.500
     14        0.501      0.500
     15        0.500      0.500
     16        0.501      0.500
     17        0.500      0.501
     18        0.500      0.500
     19        0.500      0.499
     20        0.500      0.500
     21        0.500      0.500
     22        0.500      0.501
     23        0.500      0.499
     24        0.500      0.500
     25        0.500      0.499
     26        0.499      0.500
     27        0.501      0.500
     28        0.500      0.500
     29        0.500      0.500
     30        0.500      0.500
     31        0.499      0.501
     32        0.501      0.500
     33        0.500      0.500
     34        0.501      0.499
     35        0.500      0.500
     36        0.501      0.499
     37        0.501      0.499
     38        0.499      0.500
     39        0.501      0.500
     40        0.500      0.500
     41        0.499      0.500
     42        0.500      0.501
     43        0.500      0.499
     44        0.500      0.501
     45        0.500      0.500
     46        0.500      0.500
     47        0.499      0.501
     48        0.500      0.500
     49        0.500      0.500
     50        0.499      0.500
* Pair-correlation analysis (ave. no. pairs per config.):
  > Shell  nsite  ___dh____  __eueu___  __eued___
      0      1        0          0          7.605
      1      4        7.830     38.660     56.360
      2      4        4.943     52.554     46.845
      3      4        4.787     51.991     47.725
      4      8        9.728     93.820    105.336
      5      4        4.726     51.830     47.991
      6      4        4.676     48.384     51.524
      7      8        9.391    103.142     96.610
      8      4        4.754     47.566     52.210
      9      4        4.664     51.277     48.651
     10      4        4.660     48.594     51.342
     11      1        1.165     12.182     12.801

Optimization #2:
* Method          : lls
* Target function : energy
* No. of configs. : 1000448
* No. of params.  : 77
* Before optimization:
  -1.3078E+00  -1.2566E-03   8.7958E-02   5.1380E-02   3.1987E-02   1.7351E-02
   1.6408E-02   1.1692E-02   2.8544E-03   3.3551E-03   3.2137E-03   5.0924E-04
   7.4806E-03  -4.7414E-02  -2.7733E-02  -5.5109E-02  -1.9415E-02  -2.7247E-02
  -1.4586E-02  -2.0398E-02  -6.3059E-03  -1.0674E-02  -8.4108E-03  -8.9288E-03
  -3.6500E-03  -7.5798E-03  -2.3586E-03  -2.9365E-03   9.8253E-05  -3.0857E-03
  -1.7366E-03  -1.8413E-03   5.5843E-01   4.6639E-01  -5.5243E-03  -2.1748E-03
  -6.4802E-02  -2.5991E-03   2.3841E-02   1.9218E-03   5.5005E-02   1.8962E-03
  -1.4517E-02   2.6885E-02   2.7180E-01   4.8860E-02   6.9122E-03  -5.0410E-02
  -1.0672E-02   2.5087E-02  -4.4570E-03   4.2290E-02   1.2175E-03  -1.6249E-02
   3.0915E-02   4.9642E-01  -1.0642E-01  -1.3639E-02  -9.5198E-02   2.2024E-02
   4.7486E-02   4.1914E-03   7.2685E-02   1.2941E-03  -3.0198E-02   5.7819E-02
   3.9567E-01  -7.5045E-03  -4.7084E-03  -8.3176E-02   7.4306E-03   4.2649E-02
  -2.2518E-03   6.6865E-02  -1.3456E-03  -2.9373E-02   4.8906E-02
  > E    =  -4.318862604750E+01 +/-   1.438135776278E-03
  > varE =   2.069161080071E+00
* Computing derivatives.
    [walltime: 1m elapsed, 16m42s remaining]
  Done. [total walltime: 17m48s]
* Optimizing manipulation constant:
  #igrid a___________ E____________________________________ varE____________
     1     Infinity    -4.31886260E+01 +/-   1.43813578E-03   2.06916108E+00
     2     1.0000E+06  -4.31886261E+01 +/-   1.43813552E-03   2.06916035E+00
     3     2.1544E+05  -4.31886264E+01 +/-   1.43813460E-03   2.06915769E+00
     4     4.6416E+04  -4.31886275E+01 +/-   1.43813045E-03   2.06914577E+00
     5     1.0000E+04  -4.31886314E+01 +/-   1.43811410E-03   2.06909870E+00
     6     2.1544E+03  -4.31886199E+01 +/-   1.43810346E-03   2.06906809E+00
     7     4.6416E+02  -4.31873409E+01 +/-   1.44117570E-03   2.07791789E+00
     8     1.0000E+02  -4.29665988E+01 +/-   1.96823144E-03   3.87567051E+00
     9     2.1544E+01  -2.47869274E+01 +/-   1.11707057E-02   1.24840569E+02
    10     4.6416E+00  -1.74856323E-02 +/-   1.63533519E-02   2.67551926E+02
    11     1.0000E+00  -2.14539346E-19 +/-   1.63575419E-02   2.67689049E+02
    12     2.1544E-01  -8.93511575-182 +/-   4.62977572E-69   2.14444260-131
    13     4.6416E-02   0.00000000E+00 +/-   0.00000000E+00   0.00000000E+00
    14     1.0000E-02 (error)
    15     2.1544E-03 (error)
    16     4.6416E-04 (error)
    17     1.0000E-04 (error)
    18     2.1544E-05 (error)
    19     4.6416E-06 (error)
    20     1.0000E-06 (error)
    21     0.0000E+00 (error)
  ParMin   1.4530E+04  -4.31886301E+01 +/-   1.43812003E-03   2.06911577E+00
  # Using grid point #5
* Iteration # 1: E =  -4.318863142185E+01 +/-   1.438114097902E-03
* Convergence: exiting.
* After optimization:
  -1.3149E+00  -1.2506E-03   8.7960E-02   5.1382E-02   3.1990E-02   1.7353E-02
   1.6409E-02   1.1693E-02   2.8572E-03   3.3553E-03   3.2144E-03   5.0832E-04
   7.4753E-03  -4.7416E-02  -2.7733E-02  -5.5109E-02  -1.9416E-02  -2.7248E-02
  -1.4587E-02  -2.0398E-02  -6.3067E-03  -1.0675E-02  -8.4109E-03  -8.9287E-03
  -3.6508E-03  -7.5803E-03  -2.3587E-03  -2.9368E-03   9.7797E-05  -3.0860E-03
  -1.7372E-03  -1.8418E-03   5.6039E-01   4.6801E-01  -5.5426E-03  -2.1830E-03
  -6.5022E-02  -2.6035E-03   2.3926E-02   1.9297E-03   5.5193E-02   1.8926E-03
  -1.4565E-02   2.6988E-02   2.7275E-01   4.9033E-02   6.9383E-03  -5.0584E-02
  -1.0707E-02   2.5177E-02  -4.4692E-03   4.2437E-02   1.2157E-03  -1.6305E-02
   3.1030E-02   4.9638E-01  -1.0641E-01  -1.3637E-02  -9.5187E-02   2.2018E-02
   4.7479E-02   4.1925E-03   7.2696E-02   1.2973E-03  -3.0198E-02   5.7788E-02
   3.9565E-01  -7.4963E-03  -4.6962E-03  -8.3170E-02   7.4228E-03   4.2650E-02
  -2.2509E-03   6.6872E-02  -1.3378E-03  -2.9377E-02   4.8890E-02
  > Energy =  -4.318863142185E+01 +/-   1.438114097902E-03
  > varE =   2.069098699711E+00

VMC #3:
* Size of Hilbert space =   1.5980E+28
* Number of equil. steps   = 1000
* Running VMC equilibration.
  Done. [total walltime: 2.85s]
* Equil. acc.ratio (%)     =  23.7261
* Sample config after equilibration:
  +-------------------+
  |  u   u   d   u   2|
  |0   d   d   0   d  |
  |  u   u   u   0   2|
  |u   d   2   2   d  |
  |  u   u   d   u   d|
  |d   0   d   u   d  |
  |  2   2   d   u   u|
  |u   d   0   0   u  |
  |  u   u   0   2   d|
  |d   d   0   d   2  |
  +-------------------+
* Number of accum. steps   = 10004480 x 10
* Running VMC accumulation.
    [walltime: 1m elapsed, 10m32s remaining]
  Done. [total walltime: 11m32s]
* Acceptance ratio (%)     =  23.6807
* Etot/t                   =  -4.318983968281E+01 +/-   4.555312438483E-04
  > Ttot/t                 =  -7.360504167232E+01 +/-   2.488884259876E-03
  > Utot/t                 =   3.041520198951E+01 +/-   2.434966161208E-03
* var[Eloc/t]              =   2.092476173738E+00 +/-   1.922284334111E-02
* Correlation length       =   9.921340115195E-01
* log10 Psi^2 range: 39.317518048151953 -- 65.764541957657585
* log10 Pgen range : 39.317518048151953 -- 65.764541957657585
* Site occupation (ave. no. electrons per config.):
  > Site_  ___eu____  ___ed____
      1        0.501      0.500
      2        0.500      0.500
      3        0.500      0.500
      4        0.501      0.499
      5        0.500      0.500
      6        0.500      0.500
      7        0.501      0.500
      8        0.500      0.500
      9        0.501      0.500
     10        0.500      0.500
     11        0.499      0.501
     12        0.500      0.499
     13        0.500      0.501
     14        0.500      0.501
     15        0.500      0.501
     16        0.500      0.500
     17        0.500      0.500
     18        0.500      0.499
     19        0.500      0.500
     20        0.500      0.500
     21        0.501      0.500
     22        0.500      0.500
     23        0.500      0.500
     24        0.499      0.500
     25        0.501      0.500
     26        0.500      0.500
     27        0.500      0.500
     28        0.499      0.500
     29        0.501      0.500
     30        0.499      0.500
     31        0.499      0.501
     32        0.499      0.500
     33        0.501      0.499
     34        0.500      0.500
     35        0.500      0.499
     36        0.500      0.500
     37        0.501      0.500
     38        0.499      0.500
     39        0.499      0.501
     40        0.501      0.500
     41        0.500      0.500
     42        0.500      0.500
     43        0.499      0.500
     44        0.500      0.500
     45        0.500      0.501
     46        0.500      0.500
     47        0.500      0.501
     48        0.500      0.500
     49        0.500      0.500
     50        0.500      0.500
* Pair-correlation analysis (ave. no. pairs per config.):
  > Shell  nsite  ___dh____  __eueu___  __eued___
      0      1        0          0          7.605
      1      4        7.832     38.664     56.352
      2      4        4.947     52.551     46.846
      3      4        4.789     51.979     47.732
      4      8        9.730     93.823    105.333
      5      4        4.725     51.834     47.990
      6      4        4.674     48.388     51.523
      7      8        9.385    103.146     96.616
      8      4        4.754     47.567     52.208
      9      4        4.667     51.279     48.650
     10      4        4.663     48.590     51.343
     11      1        1.166     12.180     12.802

Optimization #3:
* Method          : lls
* Target function : energy
* No. of configs. : 1000448
* No. of params.  : 77
* Before optimization:
  -1.3149E+00  -1.2506E-03   8.7960E-02   5.1382E-02   3.1990E-02   1.7353E-02
   1.6409E-02   1.1693E-02   2.8572E-03   3.3553E-03   3.2144E-03   5.0832E-04
   7.4753E-03  -4.7416E-02  -2.7733E-02  -5.5109E-02  -1.9416E-02  -2.7248E-02
  -1.4587E-02  -2.0398E-02  -6.3067E-03  -1.0675E-02  -8.4109E-03  -8.9287E-03
  -3.6508E-03  -7.5803E-03  -2.3587E-03  -2.9368E-03   9.7797E-05  -3.0860E-03
  -1.7372E-03  -1.8418E-03   5.6039E-01   4.6801E-01  -5.5426E-03  -2.1830E-03
  -6.5022E-02  -2.6035E-03   2.3926E-02   1.9297E-03   5.5193E-02   1.8926E-03
  -1.4565E-02   2.6988E-02   2.7275E-01   4.9033E-02   6.9383E-03  -5.0584E-02
  -1.0707E-02   2.5177E-02  -4.4692E-03   4.2437E-02   1.2157E-03  -1.6305E-02
   3.1030E-02   4.9638E-01  -1.0641E-01  -1.3637E-02  -9.5187E-02   2.2018E-02
   4.7479E-02   4.1925E-03   7.2696E-02   1.2973E-03  -3.0198E-02   5.7788E-02
   3.9565E-01  -7.4963E-03  -4.6962E-03  -8.3170E-02   7.4228E-03   4.2650E-02
  -2.2509E-03   6.6872E-02  -1.3378E-03  -2.9377E-02   4.8890E-02
  > E    =  -4.319072878041E+01 +/-   1.433129143715E-03
  > varE =   2.054779271460E+00
* Computing derivatives.
    [walltime: 1m elapsed, 16m45s remaining]
  Done. [total walltime: 17m47s]
* Optimizing manipulation constant:
  #igrid a___________ E____________________________________ varE____________
     1     Infinity    -4.31907288E+01 +/-   1.43312914E-03   2.05477927E+00
     2     1.0000E+06  -4.31907289E+01 +/-   1.43312887E-03   2.05477847E+00
     3     2.1544E+05  -4.31907291E+01 +/-   1.43312788E-03   2.05477566E+00
     4     4.6416E+04  -4.31907300E+01 +/-   1.43312397E-03   2.05476443E+00
     5     1.0000E+04  -4.31907292E+01 +/-   1.43311969E-03   2.05475217E+00
     6     2.1544E+03  -4.31905939E+01 +/-   1.43345871E-03   2.05572442E+00
     7     4.6416E+02  -4.31782874E+01 +/-   1.46810314E-03   2.15629242E+00
     8     1.0000E+02  -4.08405331E+01 +/-   4.57479961E-03   2.09381676E+01
     9     2.1544E+01  -2.39574133E+00 +/-   1.38866198E-02   1.92924600E+02
    10     4.6416E+00  -5.19990915E-09 +/-   1.40649012E-02   1.97910069E+02
    11     1.0000E+00  -1.61775752E-55 +/-   6.07954944E-06   3.69774799E-05
    12     2.1544E-01   0.00000000E+00 +/-   0.00000000E+00   0.00000000E+00
    13     4.6416E-02   0.00000000E+00 +/-   0.00000000E+00   0.00000000E+00
    14     1.0000E-02   0.00000000E+00 +/-   0.00000000E+00   0.00000000E+00
    15     2.1544E-03   0.00000000E+00 +/-   0.00000000E+00   0.00000000E+00
    16     4.6416E-04   0.00000000E+00 +/-   0.00000000E+00   0.00000000E+00
    17     1.0000E-04   0.00000000E+00 +/-   0.00000000E+00   0.00000000E+00
    18     2.1544E-05   0.00000000E+00 +/-   0.00000000E+00   0.00000000E+00
    19     4.6416E-06   0.00000000E+00 +/-   0.00000000E+00   0.00000000E+00
    20     1.0000E-06   0.00000000E+00 +/-   0.00000000E+00   0.00000000E+00
    21     0.0000E+00   0.00000000E+00 +/-   0.00000000E+00   0.00000000E+00
* Iteration # 1: E =  -4.319073004310E+01 +/-   1.433123967203E-03
* Convergence: exiting.
* After optimization:
  -1.3179E+00  -1.2490E-03   8.7961E-02   5.1382E-02   3.1991E-02   1.7353E-02
   1.6409E-02   1.1693E-02   2.8580E-03   3.3555E-03   3.2147E-03   5.0818E-04
   7.4739E-03  -4.7416E-02  -2.7734E-02  -5.5109E-02  -1.9417E-02  -2.7248E-02
  -1.4588E-02  -2.0399E-02  -6.3069E-03  -1.0675E-02  -8.4109E-03  -8.9287E-03
  -3.6511E-03  -7.5805E-03  -2.3590E-03  -2.9370E-03   9.7657E-05  -3.0861E-03
  -1.7374E-03  -1.8419E-03   5.6124E-01   4.6871E-01  -5.5498E-03  -2.1852E-03
  -6.5118E-02  -2.6053E-03   2.3964E-02   1.9326E-03   5.5273E-02   1.8963E-03
  -1.4589E-02   2.7025E-02   2.7316E-01   4.9107E-02   6.9480E-03  -5.0659E-02
  -1.0721E-02   2.5215E-02  -4.4753E-03   4.2500E-02   1.2181E-03  -1.6331E-02
   3.1072E-02   4.9637E-01  -1.0640E-01  -1.3635E-02  -9.5184E-02   2.2017E-02
   4.7479E-02   4.1937E-03   7.2696E-02   1.2977E-03  -3.0198E-02   5.7784E-02
   3.9564E-01  -7.4962E-03  -4.6952E-03  -8.3168E-02   7.4218E-03   4.2649E-02
  -2.2504E-03   6.6872E-02  -1.3378E-03  -2.9378E-02   4.8886E-02
  > Energy =  -4.319073004310E+01 +/-   1.433123967203E-03
  > varE =   2.054764427619E+00

VMC #4:
* Size of Hilbert space =   1.5980E+28
* Number of equil. steps   = 1000
* Running VMC equilibration.
  Done. [total walltime: 2.85s]
* Equil. acc.ratio (%)     =  23.7169
* Sample config after equilibration:
  +-------------------+
  |  0   u   d   d   u|
  |u   d   0   d   d  |
  |  0   d   u   u   2|
  |d   u   d   0   u  |
  |  d   d   u   2   2|
  |0   u   u   u   u  |
  |  d   d   d   d   d|
  |u   u   0   d   d  |
  |  2   d   2   u   u|
  |d   2   u   u   u  |
  +-------------------+
* Number of accum. steps   = 10004480 x 10
* Running VMC accumulation.
    [walltime: 1m elapsed, 10m31s remaining]
  Done. [total walltime: 11m31s]
* Acceptance ratio (%)     =  23.6791
* Etot/t                   =  -4.318937500085E+01 +/-   4.544441329115E-04
  > Ttot/t                 =  -7.360277539748E+01 +/-   2.492027608321E-03
  > Utot/t                 =   3.041340039662E+01 +/-   2.434331052654E-03
* var[Eloc/t]              =   2.069509006634E+00 +/-   1.421822470676E-02
* Correlation length       =   9.983623651696E-01
* log10 Psi^2 range: 39.257304896218727 -- 65.763940815152765
* log10 Pgen range : 39.257304896218727 -- 65.763940815152765
* Site occupation (ave. no. electrons per config.):
  > Site_  ___eu____  ___ed____
      1        0.500      0.500
      2        0.500      0.500
      3        0.501      0.499
      4        0.500      0.501
      5        0.500      0.500
      6        0.500      0.499
      7        0.501      0.500
      8        0.500      0.500
      9        0.500      0.500
     10        0.500      0.500
     11        0.501      0.500
     12        0.499      0.500
     13        0.501      0.499
     14        0.500      0.500
     15        0.500      0.500
     16        0.500      0.500
     17        0.499      0.501
     18        0.501      0.499
     19        0.500      0.500
     20        0.500      0.500
     21        0.499      0.500
     22        0.500      0.500
     23        0.500      0.500
     24        0.500      0.500
     25        0.500      0.500
     26        0.500      0.499
     27        0.500      0.500
     28        0.499      0.501
     29        0.500      0.500
     30        0.500      0.500
     31        0.499      0.500
     32        0.500      0.500
     33        0.501      0.500
     34        0.499      0.501
     35        0.500      0.499
     36        0.500      0.500
     37        0.500      0.501
     38        0.501      0.500
     39        0.501      0.499
     40        0.501      0.501
     41        0.500      0.500
     42        0.500      0.500
     43        0.500      0.499
     44        0.501      0.500
     45        0.500      0.500
     46        0.500      0.501
     47        0.499      0.500
     48        0.499      0.501
     49        0.500      0.500
     50        0.500      0.500
* Pair-correlation analysis (ave. no. pairs per config.):
  > Shell  nsite  ___dh____  __eueu___  __eued___
      0      1        0          0          7.604
      1      4        7.832     38.658     56.358
      2      4        4.944     52.556     46.842
      3      4        4.783     51.993     47.726
      4      8        9.731     93.812    105.343
      5      4        4.725     51.837     47.986
      6      4        4.676     48.375     51.530
      7      8        9.388    103.148     96.612
      8      4        4.752     47.567     52.207
      9      4        4.664     51.284     48.646
     10      4        4.660     48.592     51.343
     11      1        1.166     12.179     12.802

Optimization #4:
* Method          : lls
* Target function : energy
* No. of configs. : 1000448
* No. of params.  : 77
* Before optimization:
  -1.3179E+00  -1.2490E-03   8.7961E-02   5.1382E-02   3.1991E-02   1.7353E-02
   1.6409E-02   1.1693E-02   2.8580E-03   3.3555E-03   3.2147E-03   5.0818E-04
   7.4739E-03  -4.7416E-02  -2.7734E-02  -5.5109E-02  -1.9417E-02  -2.7248E-02
  -1.4588E-02  -2.0399E-02  -6.3069E-03  -1.0675E-02  -8.4109E-03  -8.9287E-03
  -3.6511E-03  -7.5805E-03  -2.3590E-03  -2.9370E-03   9.7657E-05  -3.0861E-03
  -1.7374E-03  -1.8419E-03   5.6124E-01   4.6871E-01  -5.5498E-03  -2.1852E-03
  -6.5118E-02  -2.6053E-03   2.3964E-02   1.9326E-03   5.5273E-02   1.8963E-03
  -1.4589E-02   2.7025E-02   2.7316E-01   4.9107E-02   6.9480E-03  -5.0659E-02
  -1.0721E-02   2.5215E-02  -4.4753E-03   4.2500E-02   1.2181E-03  -1.6331E-02
   3.1072E-02   4.9637E-01  -1.0640E-01  -1.3635E-02  -9.5184E-02   2.2017E-02
   4.7479E-02   4.1937E-03   7.2696E-02   1.2977E-03  -3.0198E-02   5.7784E-02
   3.9564E-01  -7.4962E-03  -4.6952E-03  -8.3168E-02   7.4218E-03   4.2649E-02
  -2.2504E-03   6.6872E-02  -1.3378E-03  -2.9378E-02   4.8886E-02
  > E    =  -4.319105714358E+01 +/-   1.425068466081E-03
  > varE =   2.031729940437E+00
* Computing derivatives.
    [walltime: 1m elapsed, 16m45s remaining]
  Done. [total walltime: 17m46s]
* Optimizing manipulation constant:
  #igrid a___________ E____________________________________ varE____________
     1     Infinity    -4.31910571E+01 +/-   1.42506847E-03   2.03172994E+00
     2     1.0000E+06  -4.31910572E+01 +/-   1.42506828E-03   2.03172940E+00
     3     2.1544E+05  -4.31910574E+01 +/-   1.42506761E-03   2.03172750E+00
     4     4.6416E+04  -4.31910582E+01 +/-   1.42506503E-03   2.03172015E+00
     5     1.0000E+04  -4.31910578E+01 +/-   1.42506433E-03   2.03171815E+00
     6     2.1544E+03  -4.31909574E+01 +/-   1.42534370E-03   2.03251482E+00
     7     4.6416E+02  -4.31822427E+01 +/-   1.45034178E-03   2.10443364E+00
     8     1.0000E+02  -4.14664727E+01 +/-   3.99462010E-03   1.59641385E+01
     9     2.1544E+01  -7.43853880E+00 +/-   2.63543257E-02   6.94861644E+02
    10     4.6416E+00  -2.45420654E-07 +/-   3.01687215E-02   9.10559504E+02
    11     1.0000E+00  -3.99976677E-43 +/-   3.01522676E-02   9.09566545E+02
    12     2.1544E-01  -1.53387072-252 +/-   2.14814025-104   4.61657383-202
    13     4.6416E-02   0.00000000E+00 +/-   0.00000000E+00   0.00000000E+00
    14     1.0000E-02   0.00000000E+00 +/-   0.00000000E+00   0.00000000E+00
    15     2.1544E-03   0.00000000E+00 +/-   0.00000000E+00   0.00000000E+00
    16     4.6416E-04   0.00000000E+00 +/-   0.00000000E+00   0.00000000E+00
    17     1.0000E-04   0.00000000E+00 +/-   0.00000000E+00   0.00000000E+00
    18     2.1544E-05   0.00000000E+00 +/-   0.00000000E+00   0.00000000E+00
    19     4.6416E-06   0.00000000E+00 +/-   0.00000000E+00   0.00000000E+00
    20     1.0000E-06   0.00000000E+00 +/-   0.00000000E+00   0.00000000E+00
    21     0.0000E+00   0.00000000E+00 +/-   0.00000000E+00   0.00000000E+00
* Iteration # 1: E =  -4.319105817967E+01 +/-   1.425065032489E-03
* Convergence: exiting.
* After optimization:
  -1.3207E+00  -1.2474E-03   8.7961E-02   5.1383E-02   3.1991E-02   1.7353E-02
   1.6409E-02   1.1693E-02   2.8587E-03   3.3555E-03   3.2148E-03   5.0799E-04
   7.4724E-03  -4.7416E-02  -2.7734E-02  -5.5109E-02  -1.9417E-02  -2.7248E-02
  -1.4588E-02  -2.0399E-02  -6.3070E-03  -1.0675E-02  -8.4109E-03  -8.9287E-03
  -3.6512E-03  -7.5806E-03  -2.3591E-03  -2.9371E-03   9.7570E-05  -3.0862E-03
  -1.7374E-03  -1.8420E-03   5.6201E-01   4.6935E-01  -5.5563E-03  -2.1872E-03
  -6.5206E-02  -2.6078E-03   2.3996E-02   1.9347E-03   5.5346E-02   1.8985E-03
  -1.4609E-02   2.7060E-02   2.7353E-01   4.9174E-02   6.9583E-03  -5.0728E-02
  -1.0735E-02   2.5249E-02  -4.4807E-03   4.2557E-02   1.2198E-03  -1.6354E-02
   3.1111E-02   4.9636E-01  -1.0640E-01  -1.3635E-02  -9.5181E-02   2.2015E-02
   4.7476E-02   4.1931E-03   7.2695E-02   1.2978E-03  -3.0199E-02   5.7777E-02
   3.9564E-01  -7.4955E-03  -4.6933E-03  -8.3165E-02   7.4207E-03   4.2648E-02
  -2.2499E-03   6.6871E-02  -1.3369E-03  -2.9378E-02   4.8882E-02
  > Energy =  -4.319105817967E+01 +/-   1.425065032489E-03
  > varE =   2.031720149859E+00

VMC #5:
* Size of Hilbert space =   1.5980E+28
* Number of equil. steps   = 1000
* Running VMC equilibration.
  Done. [total walltime: 2.84s]
* Equil. acc.ratio (%)     =  23.7182
* Sample config after equilibration:
  +-------------------+
  |  0   0   d   d   u|
  |d   2   0   u   u  |
  |  u   u   u   d   d|
  |u   u   2   u   2  |
  |  0   d   d   u   d|
  |u   d   2   d   2  |
  |  0   0   d   0   d|
  |0   2   u   2   u  |
  |  2   u   0   u   d|
  |d   d   u   d   2  |
  +-------------------+
* Number of accum. steps   = 10004480 x 10
* Running VMC accumulation.
    [walltime: 1m elapsed, 10m31s remaining]
  Done. [total walltime: 11m31s]
* Acceptance ratio (%)     =  23.6810
* Etot/t                   =  -4.318949482782E+01 +/-   4.549555014003E-04
  > Ttot/t                 =  -7.360792057309E+01 +/-   2.494686889791E-03
  > Utot/t                 =   3.041842574527E+01 +/-   2.445779169131E-03
* var[Eloc/t]              =   2.054788490679E+00 +/-   1.286047885143E-02
* Correlation length       =   1.007778845626E+00
* log10 Psi^2 range: 41.313578483455188 -- 67.156803211811734
* log10 Pgen range : 41.313578483455188 -- 67.156803211811734
* Site occupation (ave. no. electrons per config.):
  > Site_  ___eu____  ___ed____
      1        0.500      0.501
      2        0.500      0.500
      3        0.500      0.501
      4        0.499      0.501
      5        0.501      0.500
      6        0.500      0.500
      7        0.500      0.500
      8        0.500      0.501
      9        0.500      0.500
     10        0.500      0.500
     11        0.499      0.501
     12        0.500      0.500
     13        0.500      0.499
     14        0.500      0.499
     15        0.500      0.501
     16        0.500      0.500
     17        0.499      0.501
     18        0.500      0.499
     19        0.500      0.500
     20        0.500      0.499
     21        0.500      0.500
     22        0.499      0.501
     23        0.500      0.500
     24        0.500      0.500
     25        0.500      0.500
     26        0.499      0.501
     27        0.500      0.500
     28        0.500      0.500
     29        0.500      0.499
     30        0.501      0.500
     31        0.499      0.501
     32        0.501      0.499
     33        0.500      0.500
     34        0.500      0.500
     35        0.501      0.499
     36        0.500      0.500
     37        0.500      0.499
     38        0.500      0.500
     39        0.500      0.500
     40        0.501      0.499
     41        0.501      0.500
     42        0.500      0.500
     43        0.501      0.500
     44        0.500      0.500
     45        0.500      0.501
     46        0.500      0.500
     47        0.500      0.500
     48        0.499      0.500
     49        0.502      0.499
     50        0.498      0.500
* Pair-correlation analysis (ave. no. pairs per config.):
  > Shell  nsite  ___dh____  __eueu___  __eued___
      0      1        0          0          7.604
      1      4        7.828     38.663     56.358
      2      4        4.945     52.553     46.845
      3      4        4.785     51.993     47.729
      4      8        9.731     93.805    105.341
      5      4        4.725     51.838     47.983
      6      4        4.676     48.382     51.524
      7      8        9.382    103.149     96.617
      8      4        4.754     47.564     52.209
      9      4        4.668     51.281     48.643
     10      4        4.661     48.590     51.345
     11      1        1.166     12.181     12.802

VDAGGER finished.
Total VDAGGER walltime: 2h51m

Run ended: Mon Feb 23 19:22:12 CET 2026
