Run started: Wed Oct 29 09:03:39 CET 2025
Using VDAGGER_ARCH = intel23_fkfamd23_cluster
Running 1x128 MPI processes.

[LOG_CAT_SBGP] libnuma.so: cannot open shared object file: No such file or directory
[LOG_CAT_SBGP] Failed to dlopen libnuma.so. Fallback to GROUP_BY_SOCKET manual.
[LOG_CAT_SBGP] libnuma.so: cannot open shared object file: No such file or directory
[LOG_CAT_SBGP] Failed to dlopen libnuma.so. Fallback to GROUP_BY_SOCKET manual.
[LOG_CAT_SBGP] libnuma.so: cannot open shared object file: No such file or directory
[LOG_CAT_SBGP] Failed to dlopen libnuma.so. Fallback to GROUP_BY_SOCKET manual.
[LOG_CAT_SBGP] libnuma.so: cannot open shared object file: No such file or directory
[LOG_CAT_SBGP] Failed to dlopen libnuma.so. Fallback to GROUP_BY_SOCKET manual.
[LOG_CAT_SBGP] libnuma.so: cannot open shared object file: No such file or directory
[LOG_CAT_SBGP] libnuma.so: cannot open shared object file: No such file or directory
[LOG_CAT_SBGP] Failed to dlopen libnuma.so. Fallback to GROUP_BY_SOCKET manual.
[LOG_CAT_SBGP] libnuma.so: cannot open shared object file: No such file or directory
[LOG_CAT_SBGP] Failed to dlopen libnuma.so. Fallback to GROUP_BY_SOCKET manual.
[LOG_CAT_SBGP] libnuma.so: cannot open shared object file: No such file or directory
[LOG_CAT_SBGP] Failed to dlopen libnuma.so. Fallback to GROUP_BY_SOCKET manual.
[LOG_CAT_SBGP] libnuma.so: cannot open shared object file: No such file or directory
[LOG_CAT_SBGP] Failed to dlopen libnuma.so. Fallback to GROUP_BY_SOCKET manual.
[LOG_CAT_SBGP] libnuma.so: cannot open shared object file: No such file or directory
[LOG_CAT_SBGP] Failed to dlopen libnuma.so. Fallback to GROUP_BY_SOCKET manual.
[LOG_CAT_SBGP] libnuma.so: cannot open shared object file: No such file or directory
[LOG_CAT_SBGP] Failed to dlopen libnuma.so. Fallback to GROUP_BY_SOCKET manual.
[LOG_CAT_SBGP] libnuma.so: cannot open shared object file: No such file or directory
[LOG_CAT_SBGP] Failed to dlopen libnuma.so. Fallback to GROUP_BY_SOCKET manual.
[LOG_CAT_SBGP] libnuma.so: cannot open shared object file: No such file or directory
[LOG_CAT_SBGP] libnuma.so: cannot open shared object file: No such file or directory
[LOG_CAT_SBGP] Failed to dlopen libnuma.so. Fallback to GROUP_BY_SOCKET manual.
[LOG_CAT_SBGP] libnuma.so: cannot open shared object file: No such file or directory
[LOG_CAT_SBGP] Failed to dlopen libnuma.so. Fallback to GROUP_BY_SOCKET manual.
[LOG_CAT_SBGP] libnuma.so: cannot open shared object file: No such file or directory
[LOG_CAT_SBGP] Failed to dlopen libnuma.so. Fallback to GROUP_BY_SOCKET manual.
[LOG_CAT_SBGP] libnuma.so: cannot open shared object file: No such file or directory
[LOG_CAT_SBGP] Failed to dlopen libnuma.so. Fallback to GROUP_BY_SOCKET manual.
[LOG_CAT_SBGP] libnuma.so: cannot open shared object file: No such file or directory
[LOG_CAT_SBGP] Failed to dlopen libnuma.so. Fallback to GROUP_BY_SOCKET manual.
[LOG_CAT_SBGP] libnuma.so: cannot open shared object file: No such file or directory
[LOG_CAT_SBGP] Failed to dlopen libnuma.so. Fallback to GROUP_BY_SOCKET manual.
[LOG_CAT_SBGP] libnuma.so: cannot open shared object file: No such file or directory
[LOG_CAT_SBGP] Failed to dlopen libnuma.so. Fallback to GROUP_BY_SOCKET manual.
[LOG_CAT_SBGP] libnuma.so: cannot open shared object file: No such file or directory
[LOG_CAT_SBGP] Failed to dlopen libnuma.so. Fallback to GROUP_BY_SOCKET manual.
[LOG_CAT_SBGP] libnuma.so: cannot open shared object file: No such file or directory
[LOG_CAT_SBGP] Failed to dlopen libnuma.so. Fallback to GROUP_BY_SOCKET manual.
[LOG_CAT_SBGP] libnuma.so: cannot open shared object file: No such file or directory
[LOG_CAT_SBGP] Failed to dlopen libnuma.so. Fallback to GROUP_BY_SOCKET manual.
[LOG_CAT_SBGP] libnuma.so: cannot open shared object file: No such file or directory
[LOG_CAT_SBGP] Failed to dlopen libnuma.so. Fallback to GROUP_BY_SOCKET manual.
[LOG_CAT_SBGP] libnuma.so: cannot open shared object file: No such file or directory
[LOG_CAT_SBGP] Failed to dlopen libnuma.so. Fallback to GROUP_BY_SOCKET manual.
[LOG_CAT_SBGP] libnuma.so: cannot open shared object file: No such file or directory
[LOG_CAT_SBGP] Failed to dlopen libnuma.so. Fallback to GROUP_BY_SOCKET manual.
[LOG_CAT_SBGP] libnuma.so: cannot open shared object file: No such file or directory
[LOG_CAT_SBGP] Failed to dlopen libnuma.so. Fallback to GROUP_BY_SOCKET manual.
[LOG_CAT_SBGP] libnuma.so: cannot open shared object file: No such file or directory
[LOG_CAT_SBGP] Failed to dlopen libnuma.so. Fallback to GROUP_BY_SOCKET manual.
[LOG_CAT_SBGP] libnuma.so: cannot open shared object file: No such file or directory
[LOG_CAT_SBGP] Failed to dlopen libnuma.so. Fallback to GROUP_BY_SOCKET manual.
[LOG_CAT_SBGP] libnuma.so: cannot open shared object file: No such file or directory
[LOG_CAT_SBGP] Failed to dlopen libnuma.so. Fallback to GROUP_BY_SOCKET manual.
[LOG_CAT_SBGP] libnuma.so: cannot open shared object file: No such file or directory
[LOG_CAT_SBGP] Failed to dlopen libnuma.so. Fallback to GROUP_BY_SOCKET manual.
[LOG_CAT_SBGP] libnuma.so: cannot open shared object file: No such file or directory
[LOG_CAT_SBGP] Failed to dlopen libnuma.so. Fallback to GROUP_BY_SOCKET manual.
[LOG_CAT_SBGP] libnuma.so: cannot open shared object file: No such file or directory
[LOG_CAT_SBGP] libnuma.so: cannot open shared object file: No such file or directory
[LOG_CAT_SBGP] Failed to dlopen libnuma.so. Fallback to GROUP_BY_SOCKET manual.
[LOG_CAT_SBGP] libnuma.so: cannot open shared object file: No such file or directory
[LOG_CAT_SBGP] Failed to dlopen libnuma.so. Fallback to GROUP_BY_SOCKET manual.
[LOG_CAT_SBGP] libnuma.so: cannot open shared object file: No such file or directory
[LOG_CAT_SBGP] Failed to dlopen libnuma.so. Fallback to GROUP_BY_SOCKET manual.
[LOG_CAT_SBGP] libnuma.so: cannot open shared object file: No such file or directory
[LOG_CAT_SBGP] Failed to dlopen libnuma.so. Fallback to GROUP_BY_SOCKET manual.
[LOG_CAT_SBGP] libnuma.so: cannot open shared object file: No such file or directory
[LOG_CAT_SBGP] Failed to dlopen libnuma.so. Fallback to GROUP_BY_SOCKET manual.
[LOG_CAT_SBGP] libnuma.so: cannot open shared object file: No such file or directory
[LOG_CAT_SBGP] Failed to dlopen libnuma.so. Fallback to GROUP_BY_SOCKET manual.
[LOG_CAT_SBGP] libnuma.so: cannot open shared object file: No such file or directory
[LOG_CAT_SBGP] Failed to dlopen libnuma.so. Fallback to GROUP_BY_SOCKET manual.
[LOG_CAT_SBGP] libnuma.so: cannot open shared object file: No such file or directory
[LOG_CAT_SBGP] Failed to dlopen libnuma.so. Fallback to GROUP_BY_SOCKET manual.
[LOG_CAT_SBGP] libnuma.so: cannot open shared object file: No such file or directory
[LOG_CAT_SBGP] Failed to dlopen libnuma.so. Fallback to GROUP_BY_SOCKET manual.
[LOG_CAT_SBGP] libnuma.so: cannot open shared object file: No such file or directory
[LOG_CAT_SBGP] Failed to dlopen libnuma.so. Fallback to GROUP_BY_SOCKET manual.
[LOG_CAT_SBGP] libnuma.so: cannot open shared object file: No such file or directory
[LOG_CAT_SBGP] Failed to dlopen libnuma.so. Fallback to GROUP_BY_SOCKET manual.
[LOG_CAT_SBGP] libnuma.so: cannot open shared object file: No such file or directory
[LOG_CAT_SBGP] Failed to dlopen libnuma.so. Fallback to GROUP_BY_SOCKET manual.
[LOG_CAT_SBGP] libnuma.so: cannot open shared object file: No such file or directory
[LOG_CAT_SBGP] Failed to dlopen libnuma.so. Fallback to GROUP_BY_SOCKET manual.
[LOG_CAT_SBGP] libnuma.so: cannot open shared object file: No such file or directory
[LOG_CAT_SBGP] Failed to dlopen libnuma.so. Fallback to GROUP_BY_SOCKET manual.
[LOG_CAT_SBGP] libnuma.so: cannot open shared object file: No such file or directory
[LOG_CAT_SBGP] Failed to dlopen libnuma.so. Fallback to GROUP_BY_SOCKET manual.
[LOG_CAT_SBGP] libnuma.so: cannot open shared object file: No such file or directory
[LOG_CAT_SBGP] Failed to dlopen libnuma.so. Fallback to GROUP_BY_SOCKET manual.
[LOG_CAT_SBGP] libnuma.so: cannot open shared object file: No such file or directory
[LOG_CAT_SBGP] Failed to dlopen libnuma.so. Fallback to GROUP_BY_SOCKET manual.
[LOG_CAT_SBGP] libnuma.so: cannot open shared object file: No such file or directory
[LOG_CAT_SBGP] Failed to dlopen libnuma.so. Fallback to GROUP_BY_SOCKET manual.
[LOG_CAT_SBGP] libnuma.so: cannot open shared object file: No such file or directory
[LOG_CAT_SBGP] Failed to dlopen libnuma.so. Fallback to GROUP_BY_SOCKET manual.
[LOG_CAT_SBGP] libnuma.so: cannot open shared object file: No such file or directory
[LOG_CAT_SBGP] Failed to dlopen libnuma.so. Fallback to GROUP_BY_SOCKET manual.
[LOG_CAT_SBGP] libnuma.so: cannot open shared object file: No such file or directory
[LOG_CAT_SBGP] Failed to dlopen libnuma.so. Fallback to GROUP_BY_SOCKET manual.
[LOG_CAT_SBGP] libnuma.so: cannot open shared object file: No such file or directory
[LOG_CAT_SBGP] Failed to dlopen libnuma.so. Fallback to GROUP_BY_SOCKET manual.
[LOG_CAT_SBGP] libnuma.so: cannot open shared object file: No such file or directory
[LOG_CAT_SBGP] Failed to dlopen libnuma.so. Fallback to GROUP_BY_SOCKET manual.
[LOG_CAT_SBGP] libnuma.so: cannot open shared object file: No such file or directory
[LOG_CAT_SBGP] Failed to dlopen libnuma.so. Fallback to GROUP_BY_SOCKET manual.
[LOG_CAT_SBGP] libnuma.so: cannot open shared object file: No such file or directory
[LOG_CAT_SBGP] Failed to dlopen libnuma.so. Fallback to GROUP_BY_SOCKET manual.
[LOG_CAT_SBGP] libnuma.so: cannot open shared object file: No such file or directory
[LOG_CAT_SBGP] Failed to dlopen libnuma.so. Fallback to GROUP_BY_SOCKET manual.
[LOG_CAT_SBGP] libnuma.so: cannot open shared object file: No such file or directory
[LOG_CAT_SBGP] Failed to dlopen libnuma.so. Fallback to GROUP_BY_SOCKET manual.
[LOG_CAT_SBGP] libnuma.so: cannot open shared object file: No such file or directory
[LOG_CAT_SBGP] Failed to dlopen libnuma.so. Fallback to GROUP_BY_SOCKET manual.
[LOG_CAT_SBGP] libnuma.so: cannot open shared object file: No such file or directory
[LOG_CAT_SBGP] Failed to dlopen libnuma.so. Fallback to GROUP_BY_SOCKET manual.
[LOG_CAT_SBGP] libnuma.so: cannot open shared object file: No such file or directory
[LOG_CAT_SBGP] Failed to dlopen libnuma.so. Fallback to GROUP_BY_SOCKET manual.
[LOG_CAT_SBGP] libnuma.so: cannot open shared object file: No such file or directory
[LOG_CAT_SBGP] Failed to dlopen libnuma.so. Fallback to GROUP_BY_SOCKET manual.
[LOG_CAT_SBGP] libnuma.so: cannot open shared object file: No such file or directory
[LOG_CAT_SBGP] Failed to dlopen libnuma.so. Fallback to GROUP_BY_SOCKET manual.
[LOG_CAT_SBGP] libnuma.so: cannot open shared object file: No such file or directory
[LOG_CAT_SBGP] Failed to dlopen libnuma.so. Fallback to GROUP_BY_SOCKET manual.
[LOG_CAT_SBGP] libnuma.so: cannot open shared object file: No such file or directory
[LOG_CAT_SBGP] Failed to dlopen libnuma.so. Fallback to GROUP_BY_SOCKET manual.
[LOG_CAT_SBGP] libnuma.so: cannot open shared object file: No such file or directory
[LOG_CAT_SBGP] Failed to dlopen libnuma.so. Fallback to GROUP_BY_SOCKET manual.
[LOG_CAT_SBGP] libnuma.so: cannot open shared object file: No such file or directory
[LOG_CAT_SBGP] Failed to dlopen libnuma.so. Fallback to GROUP_BY_SOCKET manual.
[LOG_CAT_SBGP] libnuma.so: cannot open shared object file: No such file or directory
[LOG_CAT_SBGP] Failed to dlopen libnuma.so. Fallback to GROUP_BY_SOCKET manual.
[LOG_CAT_SBGP] libnuma.so: cannot open shared object file: No such file or directory
[LOG_CAT_SBGP] Failed to dlopen libnuma.so. Fallback to GROUP_BY_SOCKET manual.
[LOG_CAT_SBGP] libnuma.so: cannot open shared object file: No such file or directory
[LOG_CAT_SBGP] Failed to dlopen libnuma.so. Fallback to GROUP_BY_SOCKET manual.
[LOG_CAT_SBGP] libnuma.so: cannot open shared object file: No such file or directory
[LOG_CAT_SBGP] Failed to dlopen libnuma.so. Fallback to GROUP_BY_SOCKET manual.
[LOG_CAT_SBGP] libnuma.so: cannot open shared object file: No such file or directory
[LOG_CAT_SBGP] Failed to dlopen libnuma.so. Fallback to GROUP_BY_SOCKET manual.
[LOG_CAT_SBGP] libnuma.so: cannot open shared object file: No such file or directory
[LOG_CAT_SBGP] Failed to dlopen libnuma.so. Fallback to GROUP_BY_SOCKET manual.
[LOG_CAT_SBGP] libnuma.so: cannot open shared object file: No such file or directory
[LOG_CAT_SBGP] Failed to dlopen libnuma.so. Fallback to GROUP_BY_SOCKET manual.
[LOG_CAT_SBGP] libnuma.so: cannot open shared object file: No such file or directory
[LOG_CAT_SBGP] Failed to dlopen libnuma.so. Fallback to GROUP_BY_SOCKET manual.
[LOG_CAT_SBGP] libnuma.so: cannot open shared object file: No such file or directory
[LOG_CAT_SBGP] Failed to dlopen libnuma.so. Fallback to GROUP_BY_SOCKET manual.
[LOG_CAT_SBGP] libnuma.so: cannot open shared object file: No such file or directory
[LOG_CAT_SBGP] Failed to dlopen libnuma.so. Fallback to GROUP_BY_SOCKET manual.
[LOG_CAT_SBGP] libnuma.so: cannot open shared object file: No such file or directory
[LOG_CAT_SBGP] Failed to dlopen libnuma.so. Fallback to GROUP_BY_SOCKET manual.
[LOG_CAT_SBGP] libnuma.so: cannot open shared object file: No such file or directory
[LOG_CAT_SBGP] Failed to dlopen libnuma.so. Fallback to GROUP_BY_SOCKET manual.
[LOG_CAT_SBGP] libnuma.so: cannot open shared object file: No such file or directory
[LOG_CAT_SBGP] Failed to dlopen libnuma.so. Fallback to GROUP_BY_SOCKET manual.
[LOG_CAT_SBGP] libnuma.so: cannot open shared object file: No such file or directory
[LOG_CAT_SBGP] Failed to dlopen libnuma.so. Fallback to GROUP_BY_SOCKET manual.
[LOG_CAT_SBGP] libnuma.so: cannot open shared object file: No such file or directory
[LOG_CAT_SBGP] Failed to dlopen libnuma.so. Fallback to GROUP_BY_SOCKET manual.
[LOG_CAT_SBGP] libnuma.so: cannot open shared object file: No such file or directory
[LOG_CAT_SBGP] Failed to dlopen libnuma.so. Fallback to GROUP_BY_SOCKET manual.
[LOG_CAT_SBGP] libnuma.so: cannot open shared object file: No such file or directory
[LOG_CAT_SBGP] Failed to dlopen libnuma.so. Fallback to GROUP_BY_SOCKET manual.
[LOG_CAT_SBGP] libnuma.so: cannot open shared object file: No such file or directory
[LOG_CAT_SBGP] Failed to dlopen libnuma.so. Fallback to GROUP_BY_SOCKET manual.
[LOG_CAT_SBGP] Failed to dlopen libnuma.so. Fallback to GROUP_BY_SOCKET manual.
[LOG_CAT_SBGP] libnuma.so: cannot open shared object file: No such file or directory
[LOG_CAT_SBGP] Failed to dlopen libnuma.so. Fallback to GROUP_BY_SOCKET manual.
[LOG_CAT_SBGP] libnuma.so: cannot open shared object file: No such file or directory
[LOG_CAT_SBGP] Failed to dlopen libnuma.so. Fallback to GROUP_BY_SOCKET manual.
[LOG_CAT_SBGP] libnuma.so: cannot open shared object file: No such file or directory
[LOG_CAT_SBGP] Failed to dlopen libnuma.so. Fallback to GROUP_BY_SOCKET manual.
[LOG_CAT_SBGP] libnuma.so: cannot open shared object file: No such file or directory
[LOG_CAT_SBGP] Failed to dlopen libnuma.so. Fallback to GROUP_BY_SOCKET manual.
[LOG_CAT_SBGP] Failed to dlopen libnuma.so. Fallback to GROUP_BY_SOCKET manual.
[LOG_CAT_SBGP] libnuma.so: cannot open shared object file: No such file or directory
[LOG_CAT_SBGP] Failed to dlopen libnuma.so. Fallback to GROUP_BY_SOCKET manual.
[LOG_CAT_SBGP] libnuma.so: cannot open shared object file: No such file or directory
[LOG_CAT_SBGP] Failed to dlopen libnuma.so. Fallback to GROUP_BY_SOCKET manual.
[LOG_CAT_SBGP] libnuma.so: cannot open shared object file: No such file or directory
[LOG_CAT_SBGP] Failed to dlopen libnuma.so. Fallback to GROUP_BY_SOCKET manual.
[LOG_CAT_SBGP] libnuma.so: cannot open shared object file: No such file or directory
[LOG_CAT_SBGP] Failed to dlopen libnuma.so. Fallback to GROUP_BY_SOCKET manual.
[LOG_CAT_SBGP] libnuma.so: cannot open shared object file: No such file or directory
[LOG_CAT_SBGP] Failed to dlopen libnuma.so. Fallback to GROUP_BY_SOCKET manual.
[LOG_CAT_SBGP] libnuma.so: cannot open shared object file: No such file or directory
[LOG_CAT_SBGP] Failed to dlopen libnuma.so. Fallback to GROUP_BY_SOCKET manual.
[LOG_CAT_SBGP] libnuma.so: cannot open shared object file: No such file or directory
[LOG_CAT_SBGP] Failed to dlopen libnuma.so. Fallback to GROUP_BY_SOCKET manual.
[LOG_CAT_SBGP] libnuma.so: cannot open shared object file: No such file or directory
[LOG_CAT_SBGP] Failed to dlopen libnuma.so. Fallback to GROUP_BY_SOCKET manual.
[LOG_CAT_SBGP] libnuma.so: cannot open shared object file: No such file or directory
[LOG_CAT_SBGP] Failed to dlopen libnuma.so. Fallback to GROUP_BY_SOCKET manual.
[LOG_CAT_SBGP] libnuma.so: cannot open shared object file: No such file or directory
[LOG_CAT_SBGP] Failed to dlopen libnuma.so. Fallback to GROUP_BY_SOCKET manual.
[LOG_CAT_SBGP] libnuma.so: cannot open shared object file: No such file or directory
[LOG_CAT_SBGP] Failed to dlopen libnuma.so. Fallback to GROUP_BY_SOCKET manual.
[LOG_CAT_SBGP] libnuma.so: cannot open shared object file: No such file or directory
[LOG_CAT_SBGP] Failed to dlopen libnuma.so. Fallback to GROUP_BY_SOCKET manual.
[LOG_CAT_SBGP] libnuma.so: cannot open shared object file: No such file or directory
[LOG_CAT_SBGP] Failed to dlopen libnuma.so. Fallback to GROUP_BY_SOCKET manual.
[LOG_CAT_SBGP] libnuma.so: cannot open shared object file: No such file or directory
[LOG_CAT_SBGP] Failed to dlopen libnuma.so. Fallback to GROUP_BY_SOCKET manual.
[LOG_CAT_SBGP] libnuma.so: cannot open shared object file: No such file or directory
[LOG_CAT_SBGP] Failed to dlopen libnuma.so. Fallback to GROUP_BY_SOCKET manual.
[LOG_CAT_SBGP] libnuma.so: cannot open shared object file: No such file or directory
[LOG_CAT_SBGP] Failed to dlopen libnuma.so. Fallback to GROUP_BY_SOCKET manual.
[LOG_CAT_SBGP] libnuma.so: cannot open shared object file: No such file or directory
[LOG_CAT_SBGP] Failed to dlopen libnuma.so. Fallback to GROUP_BY_SOCKET manual.
[LOG_CAT_SBGP] libnuma.so: cannot open shared object file: No such file or directory
[LOG_CAT_SBGP] Failed to dlopen libnuma.so. Fallback to GROUP_BY_SOCKET manual.
[LOG_CAT_SBGP] libnuma.so: cannot open shared object file: No such file or directory
[LOG_CAT_SBGP] Failed to dlopen libnuma.so. Fallback to GROUP_BY_SOCKET manual.
[LOG_CAT_SBGP] libnuma.so: cannot open shared object file: No such file or directory
[LOG_CAT_SBGP] Failed to dlopen libnuma.so. Fallback to GROUP_BY_SOCKET manual.
[LOG_CAT_SBGP] libnuma.so: cannot open shared object file: No such file or directory
[LOG_CAT_SBGP] Failed to dlopen libnuma.so. Fallback to GROUP_BY_SOCKET manual.
[LOG_CAT_SBGP] libnuma.so: cannot open shared object file: No such file or directory
[LOG_CAT_SBGP] Failed to dlopen libnuma.so. Fallback to GROUP_BY_SOCKET manual.
[LOG_CAT_SBGP] libnuma.so: cannot open shared object file: No such file or directory
[LOG_CAT_SBGP] Failed to dlopen libnuma.so. Fallback to GROUP_BY_SOCKET manual.
[LOG_CAT_SBGP] libnuma.so: cannot open shared object file: No such file or directory
[LOG_CAT_SBGP] Failed to dlopen libnuma.so. Fallback to GROUP_BY_SOCKET manual.
[LOG_CAT_SBGP] libnuma.so: cannot open shared object file: No such file or directory
[LOG_CAT_SBGP] Failed to dlopen libnuma.so. Fallback to GROUP_BY_SOCKET manual.
[LOG_CAT_SBGP] libnuma.so: cannot open shared object file: No such file or directory
[LOG_CAT_SBGP] Failed to dlopen libnuma.so. Fallback to GROUP_BY_SOCKET manual.
[LOG_CAT_SBGP] libnuma.so: cannot open shared object file: No such file or directory
[LOG_CAT_SBGP] Failed to dlopen libnuma.so. Fallback to GROUP_BY_SOCKET manual.
[LOG_CAT_SBGP] libnuma.so: cannot open shared object file: No such file or directory
[LOG_CAT_SBGP] Failed to dlopen libnuma.so. Fallback to GROUP_BY_SOCKET manual.
[LOG_CAT_SBGP] libnuma.so: cannot open shared object file: No such file or directory
[LOG_CAT_SBGP] Failed to dlopen libnuma.so. Fallback to GROUP_BY_SOCKET manual.
[LOG_CAT_SBGP] libnuma.so: cannot open shared object file: No such file or directory
[LOG_CAT_SBGP] Failed to dlopen libnuma.so. Fallback to GROUP_BY_SOCKET manual.
[LOG_CAT_SBGP] libnuma.so: cannot open shared object file: No such file or directory
[LOG_CAT_SBGP] Failed to dlopen libnuma.so. Fallback to GROUP_BY_SOCKET manual.
[LOG_CAT_SBGP] libnuma.so: cannot open shared object file: No such file or directory
[LOG_CAT_SBGP] Failed to dlopen libnuma.so. Fallback to GROUP_BY_SOCKET manual.
[LOG_CAT_SBGP] libnuma.so: cannot open shared object file: No such file or directory
[LOG_CAT_SBGP] Failed to dlopen libnuma.so. Fallback to GROUP_BY_SOCKET manual.
[LOG_CAT_SBGP] libnuma.so: cannot open shared object file: No such file or directory
[LOG_CAT_SBGP] Failed to dlopen libnuma.so. Fallback to GROUP_BY_SOCKET manual.
[LOG_CAT_SBGP] libnuma.so: cannot open shared object file: No such file or directory
[LOG_CAT_SBGP] Failed to dlopen libnuma.so. Fallback to GROUP_BY_SOCKET manual.
[LOG_CAT_SBGP] libnuma.so: cannot open shared object file: No such file or directory
[LOG_CAT_SBGP] Failed to dlopen libnuma.so. Fallback to GROUP_BY_SOCKET manual.
[LOG_CAT_SBGP] libnuma.so: cannot open shared object file: No such file or directory
[LOG_CAT_SBGP] Failed to dlopen libnuma.so. Fallback to GROUP_BY_SOCKET manual.
[LOG_CAT_SBGP] Failed to dlopen libnuma.so. Fallback to GROUP_BY_SOCKET manual.
                               xx
                              +##
                               #X
                               Xx
                          X##XxXxxX##x
                           +   Xx  ++
                               ##
                              +##
                              +##
     ++++         ++          +##
   xX+++##+      ####         +##
  Xx    ###      +X##          ##
 xX    X##+        ##          #X
 +    x##X         #x          #X
      ###         +#           x+
     X##+         #+
     ###         Xx                    _______
     ##X       +X+   __________________VDAGGER
     +##x    +xX     2nd quantized variational
       +xxxxx+       ______quantum Monte Carlo

* Running 128 MPI processes.
* Input file: "input.casl"

############# Start of input file dump #############
General:
  Random seed: timer

Plan:
  VMC-optimization:
    Minimum cycles: 5
    Convergence cycles: 5

System:
  Read Hamiltonian: FCIDUMP_loc_anthracene
  Read orbitals: LTSC_anthracene
  Complex orbitals: F
  Geometry:
    r_2: [ -6.89057736642100, 1.34708197213400 ]
    r_13: [ -6.89057736642100, -1.34708197213400 ]
    r_8: [ -4.67281867250400, 2.65001080964900 ]
    r_14: [ -4.67281867250400, -2.65001080964900 ]
    r_6: [ -2.30211174438900, 1.35516771450000 ]
    r_1: [ -2.30211174438900, -1.35516771450000 ]
    r_4: [ 0.00000000000000, 2.63879101222700 ]
    r_7: [ 0.00000000000000, -2.63879101222700 ]
    r_11: [ 2.30211174438900, 1.35516771450000 ]
    r_9: [ 2.30211174438900, -1.35516771450000 ]
    r_10: [ 4.67281867250400, 2.65001080964900 ]
    r_5: [ 4.67281867250400, -2.65001080964900 ]
    r_3: [ 6.89057736642100, 1.34708197213400 ]
    r_12: [ 6.89057736642100, -1.34708197213400 ]

VMC:
  nstep: 500000
  nconfig: 100000

Jastrow: wfn.casl

Backflow: wfn.casl

Multideterminants: wfn.casl
############## End of input file dump ##############

General setup:
* Random seed: 1471778396 (from timer)

* Loaded integrals for system with nelec=14, ms2=0, norb=14
* INFO: setting number of electrons from integrals file.
* Analysis of Hamiltonian connecitivity performed:
  - T_ii (local, 1-site): 14 (i) values
  - U_iiii [opp] (local, 1-site): 14 (i) values
  - U_kkii [opp] (local, 2-site): 182 contribs. from 14 (i) values
  - U_kkii [par] (local, 2-site): 91 contribs. from 13 (i) values
  - T_ji (single, 2-site): 182 contribs. from 14 (i) values
  - U_kkji [opp] (single, 2/3-site): 2548 contribs. from 182 (i,j) pairs
  - U_kkji [par] (single, 3-site): 2366 contribs. from 182 (i,j) pairs
  - U_lkji [opp] (double, 2/3/4-site): 33092 contribs. from 182 (i,j) pairs
  - U_lkji [par] (double, 4-site): 7462 contribs. from 156 (i,j) pairs
  - Max. no. wfn. ratios in Eloc: 4407
* Reading override orbitals from file "LTSC_anthracene".
* Site labels:
  +--------------------+
  |    8          10   |
  |          4         |
  |       6    11      |
  | 2                 3|
  |13                12|
  |       1     9      |
  |          7         |
  |   14           5   |
  +--------------------+
* Automatically set Site kinds:
  [ 1, 2, 2, 3, 4, 1, 3, 4, 1, 4, 1, 2, 2, 4 ]
  +-------------+
  |  4       4  |
  |      3      |
  |    1   1    |
  |2           2|
  |2           2|
  |    1   1    |
  |      3      |
  |  4       4  |
  +-------------+
* Maximum Site kind: 4
* Number of site-pair kinds with Tij=0: 0
* Automatically set Site pair kinds:
  Site 1: [ 0, -10, -21, 12, -31, -2, -4, -11, -14, -17, -9, 22, 13, -5 ]
  Site 2: [ -10, 0, 32, 24, 27, 13, 18, 1, -21, -25, -22, 26, -3, 15 ]
  Site 3: [ -21, 32, 0, -24, 15, 22, -18, 25, -10, -1, -13, -3, 26, 27 ]
  Site 4: [ 12, 24, -24, 0, -16, -4, -7, -6, -12, -6, -4, -18, 18, 16 ]
  Site 5: [ -31, 27, 15, -16, 0, -17, -6, -19, -5, -8, -11, -1, -25, 20 ]
  Site 6: [ -2, 13, 22, -4, -17, 0, 12, 5, 9, -28, 14, -21, -10, 11 ]
  Site 7: [ -4, 18, -18, -7, -6, 12, 0, -16, 4, -16, 12, -23, 23, 6 ]
  Site 8: [ -11, 1, 25, -6, -19, 5, -16, 0, 17, -20, -29, -27, -15, 8 ]
  Site 9: [ -14, -21, -10, -12, -5, 9, 4, 17, 0, 11, 2, 13, 22, -30 ]
  Site 10: [ -17, -25, -1, -6, -8, -28, -16, -20, 11, 0, 5, 15, 27, 19 ]
  Site 11: [ -9, -22, -13, -4, -11, 14, 12, -29, 2, 5, 0, 10, 21, 17 ]
  Site 12: [ 22, 26, -3, -18, -1, -21, -23, -27, 13, 15, 10, 0, 32, -25 ]
  Site 13: [ 13, -3, 26, 18, -25, -10, 23, -15, 22, 27, 21, 32, 0, -1 ]
  Site 14: [ -5, 15, 27, 16, 20, 11, 6, 8, -30, 19, 17, -25, -1, 0 ]
  For site 1 of kind 1:
  +---------------------------+
  |    -11             -17    |
  |             12            |
  |         -2      -9        |
  |-10                     -21|
  | 13                      22|
  |          0     -14        |
  |             -4            |
  |     -5             -31    |
  +---------------------------+
  For site 2 of kind 2:
  +---------------------------+
  |      1             -25    |
  |             24            |
  |         13     -22        |
  |  0                      32|
  | -3                      26|
  |        -10     -21        |
  |             18            |
  |     15              27    |
  +---------------------------+
  For site 4 of kind 3:
  +---------------------------+
  |     -6              -6    |
  |              0            |
  |         -4      -4        |
  | 24                     -24|
  | 18                     -18|
  |         12     -12        |
  |             -7            |
  |     16             -16    |
  +---------------------------+
  For site 5 of kind 4:
  +---------------------------+
  |    -19              -8    |
  |            -16            |
  |        -17     -11        |
  | 27                      15|
  |-25                      -1|
  |        -31      -5        |
  |             -6            |
  |     20               0    |
  +---------------------------+
* Maximum (unsigned) Site pair kind: 32
General system setup:
* Number of sites       : 14
* Number of electrons   : 14
* Spin imbalance MS2    : 0
* Filling               : 0.500000
* Number of orbitals in pool: 14
* Using real-valued orbitals
* Using double-precision arithmetic for orbitals

Trial wave function setup:
* Jastrow parameter file: "wfn.casl"
* Multideterminant parameter file: "wfn.casl"
* Backflow parameter file: "wfn.casl"
* Not using wave function manipulation

VMC #1:
* Size of Hilbert space =   1.1779E+07
* Number of equil. steps   = 1000
* Running VMC equilibration.
  Done. [total walltime: 0.16s]
* Equil. acc.ratio (%)     =  18.2016
* Sample config after equilibration:
  +-------------+
  |  2       d  |
  |      d      |
  |    u   u    |
  |0           u|
  |u           d|
  |    d   d    |
  |      u      |
  |  d       u  |
  +-------------+
* Number of accum. steps   = 500480 x 10
* Running VMC accumulation.
    [walltime: 1m elapsed, 2m7s remaining]
  Done. [total walltime: 3m7s]
* Acceptance ratio (%)     =  18.1540
* Etot/t                   =  -5.359936378019E+02 +/-   4.187240803170E-05
  > Ttot/t                 =  -3.899408814285E+01 +/-   6.795306831133E-04
  > Utot/t                 =   1.646708387896E+01 +/-   6.744065903390E-04
* var[Eloc/t]              =   8.500297557243E-04 +/-   1.219631284158E-05
* Correlation length       =   1.032306051151E+00
* log10 Psi^2 range: -33.31585621515198 -- -25.13951739525455
* log10 Pgen range : -33.31585621515198 -- -25.13951739525455
* Site occupation (ave. no. electrons per config.):
  > Site_  ___eu____  ___ed____
      1        0.499      0.498
      2        0.502      0.502
      3        0.503      0.506
      4        0.500      0.501
      5        0.497      0.497
      6        0.499      0.495
      7        0.502      0.503
      8        0.500      0.500
      9        0.499      0.498
     10        0.497      0.494
     11        0.498      0.500
     12        0.503      0.505
     13        0.503      0.499
     14        0.498      0.501
* Pair-correlation analysis (ave. no. pairs per config.):
  > Shell  nsite  ___dh____  __eueu___  __eued___
      0      1        0          0          2.422
      1      1        0.871      0.606      2.550
      2      1        0.294      0.660      1.086
      3      1        0.255      0.711      1.097
      4      1        0.656      1.102      2.304
      5      1        0.498      1.448      2.130
      6      1        0.231      2.071      1.910
      7      1        0.072      0.414      0.567
      8      1        0.139      0.844      1.097
      9      1        0.157      0.910      1.049
     10      1        0.281      1.859      2.103
     11      1        0.245      2.074      1.912
     12      1        0.243      2.135      1.890
     13      1        0.243      2.123      1.914
     14      1        0.138      1.050      0.947
     15      1        0.222      2.153      1.876
     16      1        0.222      1.944      2.058
     17      1        0.249      2.030      1.943
     18      1        0.229      2.082      1.949
     19      1        0.111      0.980      1.005
     20      1        0.111      1.002      0.981
     21      1        0.261      1.927      2.066
     22      1        0.253      2.050      1.957
     23      1        0.122      0.941      1.063
     24      1        0.121      0.938      1.063
     25      1        0.223      1.974      2.032
     26      1        0.117      0.987      1.028
     27      1        0.225      2.034      1.973
     28      1        0.064      0.478      0.505
     29      1        0.063      0.483      0.513
     30      1        0.064      0.483      0.510
     31      1        0.063      0.482      0.506
     32      1        0.113      1.026      0.996

Optimization #1:
* Method          : lls
* Target function : energy
* No. of configs. : 100096
* No. of params.  : 253
* Before optimization:
   6.5741E+00   5.9161E+00   6.4702E+00   6.6691E+00  -5.7071E-01  -6.5672E-01
  -1.3449E+00   1.3579E+00  -1.3786E+00  -1.3684E+00  -2.0674E+00  -2.0704E+00
  -2.4796E+00  -2.4865E+00  -1.6680E+00  -3.1094E+00  -1.8171E+00  -3.8524E-01
  -3.8858E-01  -2.3602E+00  -2.3609E+00  -1.6519E+00  -1.6463E+00  -2.6247E-01
  -2.6937E-01  -1.7193E+00  -9.4378E-01  -9.3971E-01  -2.6790E+00  -2.6806E+00
  -2.8777E+00  -2.8794E+00  -7.2757E-01  -7.2464E-01  -3.8792E+00  -3.8455E+00
  -9.6099E-01  -9.6115E-01  -9.4827E-01  -9.5036E-01  -6.7529E-01  -6.7108E-01
  -6.7514E-01  -6.7116E-01  -1.9320E+00  -1.9319E+00   4.6715E-04  -1.9400E+00
  -1.9406E+00  -2.8319E+00  -2.8326E+00  -2.8336E+00  -2.8334E+00  -2.8311E+00
  -2.8325E+00  -2.8334E+00  -2.8329E+00   1.3141E+01  -1.2694E+01   1.5096E+01
  -1.3773E+01  -7.7265E-01  -6.2581E-01   1.5280E+01  -1.3978E+01   2.1160E+01
  -1.9135E+01   2.1586E+01  -1.9090E+01   1.5620E+01  -1.3961E+01   2.7389E+01
  -2.4294E+01   1.5355E+01  -1.3539E+01   7.3778E+00  -7.0029E+00   2.1328E+01
  -1.8956E+01   1.5455E+01  -1.3794E+01   7.3462E+00  -7.0491E+00   1.5326E+01
  -1.3581E+01   1.3377E+01  -1.2408E+01   2.1680E+01  -1.9003E+01   2.1617E+01
  -1.8736E+01   7.7570E+00  -7.0248E+00   2.7846E+01  -2.3967E+01   2.7823E+01
  -2.3976E+01   7.7053E+00  -6.7450E+00   7.6969E+00  -6.7423E+00   7.7167E+00
  -7.0529E+00   7.7167E+00  -7.0529E+00   1.3916E+01  -1.1983E+01   5.6077E-03
  -4.1351E-03   1.3927E+01  -1.1984E+01   2.1584E+01  -1.8756E+01   2.1584E+01
  -1.8756E+01   2.1585E+01  -1.8757E+01   2.1584E+01  -1.8756E+01  -7.0080E-02
  -6.0626E-02   7.7536E-01   1.2535E+00   7.8725E-01   7.8733E-01  -2.1557E-01
  -1.7166E-01  -3.6335E-01  -1.2152E-01  -1.5243E-01  -1.5405E-02  -9.0491E-02
  -9.7551E-03  -1.7828E-02   1.7161E-03  -1.5144E-03  -2.9616E-02   2.3354E-02
  -6.1764E-02   5.4613E-02  -9.5334E-04  -1.2113E-02  -7.2659E-03   8.8638E-03
   2.1441E-02   3.6365E-02   9.6834E-03  -3.6764E-02  -3.6025E-02  -8.1961E-03
   9.4751E-02  -1.7746E-02  -2.1414E-02  -2.1567E-02  -2.1068E-02  -2.3431E-02
   1.6390E-04   2.5313E-02  -1.2533E-01  -7.4383E-02  -8.1981E-02  -6.1679E-02
   4.0682E-02  -8.6270E-02  -1.2094E-02  -4.9577E-02   1.0899E-02   1.8912E-02
   8.7633E-03  -2.2073E-02  -1.9049E-03   5.6028E-02   5.3146E-03  -1.1357E-02
  -1.0545E-02   1.4543E-02   1.2982E-02   2.1757E-02   6.5927E-03  -1.9262E-02
  -1.8900E-02  -2.3837E-03   6.6133E-02  -2.1025E-02   6.2004E-03   8.1947E-03
   7.5528E-03   6.4366E-03  -9.2671E-03  -1.0899E-01  -1.2256E-01  -2.1491E-01
  -3.6423E-02  -1.2220E-01  -6.3009E-02  -1.3083E-01  -2.2610E-02  -3.9979E-02
  -1.3196E-02  -5.7040E-03  -5.2810E-02  -4.4106E-03  -6.5319E-02  -2.7570E-03
  -1.0958E-02  -4.9157E-04   1.0912E-02  -8.6324E-03   1.0785E-02  -1.9965E-03
  -2.1495E-02  -1.3013E-02  -1.2646E-02  -9.4124E-03   2.7132E-02   4.5163E-03
  -2.7533E-02  -2.6663E-02  -2.9878E-02  -2.7910E-02   3.4922E-02  -3.7576E-02
  -1.0677E-01  -7.0578E-02  -7.3695E-02  -6.7564E-02   6.8102E-04  -1.2387E-01
  -3.2412E-02  -8.3992E-02  -5.9661E-03   1.7743E-02  -1.1056E-02  -4.7333E-02
  -2.6621E-04   7.9129E-03  -6.3851E-03   1.4435E-03   6.2327E-03  -1.2287E-03
   1.4598E-04  -1.4174E-02  -2.2599E-02   2.9307E-03   3.4586E-03  -6.5391E-03
   7.2910E-03   2.3934E-03   8.3578E-03   7.7514E-03   5.2548E-03   7.3037E-03
   2.0513E-02
  > E    =  -5.359936788266E+02 +/-   9.341010677740E-05
  > varE =   8.733824478291E-04
* Computing derivatives.
    [walltime: 1m18s elapsed, 2h24m remaining]
    [walltime: 1h elapsed, 1h24m remaining]
  Done. [total walltime: 2h24m]
* Optimizing manipulation constant:
  #igrid a___________ E____________________________________ varE____________
     1     Infinity    -5.35993679E+02 +/-   9.34101068E-05   8.73382448E-04
     2     1.0000E+06  -5.35993679E+02 +/-   9.34100975E-05   8.73382274E-04
     3     2.1544E+05  -5.35993679E+02 +/-   9.34100637E-05   8.73381643E-04
     4     4.6416E+04  -5.35993679E+02 +/-   9.34099083E-05   8.73378736E-04
     5     1.0000E+04  -5.35993679E+02 +/-   9.34092154E-05   8.73365780E-04
     6     2.1544E+03  -5.35993679E+02 +/-   9.34066134E-05   8.73317123E-04
     7     4.6416E+02  -5.35993679E+02 +/-   9.34077402E-05   8.73338194E-04
     8     1.0000E+02  -5.35993674E+02 +/-   9.37248936E-05   8.79278865E-04
     9     2.1544E+01  -5.35993244E+02 +/-   1.13209273E-04   1.28286433E-03
    10     4.6416E+00  -5.35924501E+02 +/-   7.60630162E-04   5.79113659E-02
    11     1.0000E+00  -5.34469071E+02 +/-   2.82929024E-03   8.01256793E-01
    12     2.1544E-01  -5.32684523E+02 +/-   3.63135954E-03   1.31994314E+00
    13     4.6416E-02  -5.35324627E+02 +/-   1.79209615E-03   3.21469175E-01
    14     1.0000E-02  -5.34339495E+02 +/-   2.61749067E-03   6.85783461E-01
    15     2.1544E-03  -5.34314774E+02 +/-   2.61273109E-03   6.83291706E-01
    16     4.6416E-04  -5.34313139E+02 +/-   2.61015302E-03   6.81943919E-01
    17     1.0000E-04  -5.34312868E+02 +/-   2.60956972E-03   6.81639159E-01
    18     2.1544E-05  -5.34312812E+02 +/-   2.60944300E-03   6.81572962E-01
    19     4.6416E-06  -5.34312801E+02 +/-   2.60941566E-03   6.81558676E-01
    20     1.0000E-06  -5.34312798E+02 +/-   2.60940976E-03   6.81555598E-01
    21     0.0000E+00  -5.34312797E+02 +/-   2.60940815E-03   6.81554752E-01
* Iteration # 1: E =  -5.359936788706E+02 +/-   9.340661341134E-05
* Convergence: exiting.
* After optimization:
   6.5735E+00   5.9155E+00   6.4696E+00   6.6685E+00  -5.7081E-01  -6.5681E-01
  -1.3448E+00   1.3579E+00  -1.3796E+00  -1.3694E+00  -2.0675E+00  -2.0704E+00
  -2.4807E+00  -2.4876E+00  -1.6700E+00  -3.1096E+00  -1.8171E+00  -3.8520E-01
  -3.8854E-01  -2.3602E+00  -2.3610E+00  -1.6529E+00  -1.6473E+00  -2.6244E-01
  -2.6934E-01  -1.7193E+00  -9.4387E-01  -9.3981E-01  -2.6801E+00  -2.6818E+00
  -2.8778E+00  -2.8795E+00  -7.2860E-01  -7.2567E-01  -3.8794E+00  -3.8456E+00
  -9.6095E-01  -9.6111E-01  -9.4824E-01  -9.5033E-01  -6.7632E-01  -6.7211E-01
  -6.7617E-01  -6.7219E-01  -1.9321E+00  -1.9320E+00   4.6774E-04  -1.9401E+00
  -1.9407E+00  -2.8319E+00  -2.8326E+00  -2.8337E+00  -2.8334E+00  -2.8312E+00
  -2.8325E+00  -2.8334E+00  -2.8329E+00   1.3142E+01  -1.2694E+01   1.5095E+01
  -1.3772E+01  -7.7265E-01  -6.2581E-01   1.5287E+01  -1.3984E+01   2.1161E+01
  -1.9136E+01   2.1594E+01  -1.9096E+01   1.5634E+01  -1.3973E+01   2.7390E+01
  -2.4295E+01   1.5355E+01  -1.3539E+01   7.3775E+00  -7.0027E+00   2.1329E+01
  -1.8957E+01   1.5462E+01  -1.3800E+01   7.3459E+00  -7.0488E+00   1.5325E+01
  -1.3580E+01   1.3377E+01  -1.2409E+01   2.1687E+01  -1.9010E+01   2.1618E+01
  -1.8736E+01   7.7641E+00  -7.0309E+00   2.7848E+01  -2.3968E+01   2.7824E+01
  -2.3977E+01   7.7050E+00  -6.7447E+00   7.6966E+00  -6.7420E+00   7.7239E+00
  -7.0590E+00   7.7239E+00  -7.0590E+00   1.3917E+01  -1.1984E+01   5.6074E-03
  -4.1358E-03   1.3927E+01  -1.1985E+01   2.1584E+01  -1.8756E+01   2.1584E+01
  -1.8756E+01   2.1585E+01  -1.8758E+01   2.1584E+01  -1.8756E+01  -7.0088E-02
  -6.0634E-02   7.7649E-01   1.2553E+00   7.8839E-01   7.8847E-01  -2.1592E-01
  -1.7194E-01  -3.6391E-01  -1.2172E-01  -1.5268E-01  -1.5431E-02  -9.0627E-02
  -9.7794E-03  -1.7851E-02   1.7174E-03  -1.5185E-03  -2.9660E-02   2.3382E-02
  -6.1851E-02   5.4678E-02  -9.5176E-04  -1.2127E-02  -7.2709E-03   8.8826E-03
   2.1466E-02   3.6418E-02   9.6958E-03  -3.6824E-02  -3.6084E-02  -8.2005E-03
   9.4889E-02  -1.7772E-02  -2.1448E-02  -2.1601E-02  -2.1101E-02  -2.3468E-02
   1.5513E-04   2.5308E-02  -1.2554E-01  -7.4529E-02  -8.2119E-02  -6.1789E-02
   4.0739E-02  -8.6394E-02  -1.2113E-02  -4.9641E-02   1.0918E-02   1.8934E-02
   8.7720E-03  -2.2109E-02  -1.9074E-03   5.6098E-02   5.3201E-03  -1.1371E-02
  -1.0558E-02   1.4565E-02   1.3000E-02   2.1790E-02   6.6030E-03  -1.9298E-02
  -1.8934E-02  -2.3838E-03   6.6230E-02  -2.1057E-02   6.2054E-03   8.2015E-03
   7.5590E-03   6.4399E-03  -9.2860E-03  -1.0902E-01  -1.2259E-01  -2.1493E-01
  -3.6442E-02  -1.2221E-01  -6.3010E-02  -1.3083E-01  -2.2606E-02  -3.9980E-02
  -1.3191E-02  -5.7007E-03  -5.2808E-02  -4.4080E-03  -6.5315E-02  -2.7590E-03
  -1.0950E-02  -4.9300E-04   1.0913E-02  -8.6311E-03   1.0780E-02  -1.9888E-03
  -2.1492E-02  -1.3023E-02  -1.2655E-02  -9.4037E-03   2.7133E-02   4.5189E-03
  -2.7533E-02  -2.6665E-02  -2.9878E-02  -2.7911E-02   3.4915E-02  -3.7608E-02
  -1.0679E-01  -7.0604E-02  -7.3712E-02  -6.7577E-02   6.8267E-04  -1.2386E-01
  -3.2401E-02  -8.3988E-02  -5.9583E-03   1.7741E-02  -1.1058E-02  -4.7330E-02
  -2.6745E-04   7.9122E-03  -6.3825E-03   1.4393E-03   6.2297E-03  -1.2310E-03
   1.4530E-04  -1.4167E-02  -2.2596E-02   2.9226E-03   3.4499E-03  -6.5331E-03
   7.2930E-03   2.3931E-03   8.3537E-03   7.7472E-03   5.2506E-03   7.2994E-03
   2.0511E-02
  > Energy =  -5.359936788706E+02 +/-   9.340661341134E-05
  > varE =   8.733171232587E-04

VMC #2:
* Size of Hilbert space =   1.1779E+07
* Number of equil. steps   = 1000
* Running VMC equilibration.
  Done. [total walltime: 0.16s]
* Equil. acc.ratio (%)     =  18.1657
* Sample config after equilibration:
  +-------------+
  |  u       u  |
  |      u      |
  |    d   d    |
  |d           2|
  |u           d|
  |    0   0    |
  |      d      |
  |  2       u  |
  +-------------+
* Number of accum. steps   = 500480 x 10
* Running VMC accumulation.
    [walltime: 1m elapsed, 2m14s remaining]
  Done. [total walltime: 3m14s]
* Acceptance ratio (%)     =  18.1234
* Etot/t                   =  -5.359935904322E+02 +/-   4.116977668523E-05
  > Ttot/t                 =  -3.899442909673E+01 +/-   6.933697721675E-04
  > Utot/t                 =   1.646747220253E+01 +/-   6.877257671745E-04
* var[Eloc/t]              =   8.629457874452E-04 +/-   8.095601613998E-06
* Correlation length       =   9.830152076103E-01
* log10 Psi^2 range: -34.22943776336080 -- -25.13889994473230
* log10 Pgen range : -34.22943776336080 -- -25.13889994473230
* Site occupation (ave. no. electrons per config.):
  > Site_  ___eu____  ___ed____
      1        0.502      0.499
      2        0.501      0.501
      3        0.504      0.502
      4        0.502      0.501
      5        0.495      0.498
      6        0.499      0.497
      7        0.499      0.503
      8        0.502      0.499
      9        0.500      0.498
     10        0.499      0.498
     11        0.495      0.499
     12        0.503      0.503
     13        0.503      0.501
     14        0.496      0.500
* Pair-correlation analysis (ave. no. pairs per config.):
  > Shell  nsite  ___dh____  __eueu___  __eued___
      0      1        0          0          2.409
      1      1        0.865      0.603      2.556
      2      1        0.295      0.656      1.092
      3      1        0.254      0.711      1.094
      4      1        0.651      1.104      2.307
      5      1        0.492      1.453      2.138
      6      1        0.228      2.070      1.913
      7      1        0.070      0.412      0.569
      8      1        0.136      0.843      1.099
      9      1        0.156      0.913      1.047
     10      1        0.281      1.855      2.101
     11      1        0.242      2.083      1.911
     12      1        0.242      2.136      1.887
     13      1        0.243      2.123      1.911
     14      1        0.135      1.053      0.952
     15      1        0.216      2.152      1.875
     16      1        0.220      1.941      2.060
     17      1        0.248      2.034      1.940
     18      1        0.224      2.081      1.949
     19      1        0.109      0.983      1.006
     20      1        0.109      1.004      0.981
     21      1        0.261      1.927      2.062
     22      1        0.250      2.048      1.959
     23      1        0.120      0.941      1.059
     24      1        0.120      0.939      1.059
     25      1        0.223      1.975      2.028
     26      1        0.116      0.986      1.027
     27      1        0.223      2.029      1.975
     28      1        0.063      0.479      0.509
     29      1        0.062      0.482      0.511
     30      1        0.062      0.482      0.510
     31      1        0.065      0.481      0.508
     32      1        0.114      1.022      0.995

Optimization #2:
* Method          : lls
* Target function : energy
* No. of configs. : 100096
* No. of params.  : 253
* Before optimization:
   6.5735E+00   5.9155E+00   6.4696E+00   6.6685E+00  -5.7081E-01  -6.5681E-01
  -1.3448E+00   1.3579E+00  -1.3796E+00  -1.3694E+00  -2.0675E+00  -2.0704E+00
  -2.4807E+00  -2.4876E+00  -1.6700E+00  -3.1096E+00  -1.8171E+00  -3.8520E-01
  -3.8854E-01  -2.3602E+00  -2.3610E+00  -1.6529E+00  -1.6473E+00  -2.6244E-01
  -2.6934E-01  -1.7193E+00  -9.4387E-01  -9.3981E-01  -2.6801E+00  -2.6818E+00
  -2.8778E+00  -2.8795E+00  -7.2860E-01  -7.2567E-01  -3.8794E+00  -3.8456E+00
  -9.6095E-01  -9.6111E-01  -9.4824E-01  -9.5033E-01  -6.7632E-01  -6.7211E-01
  -6.7617E-01  -6.7219E-01  -1.9321E+00  -1.9320E+00   4.6774E-04  -1.9401E+00
  -1.9407E+00  -2.8319E+00  -2.8326E+00  -2.8337E+00  -2.8334E+00  -2.8312E+00
  -2.8325E+00  -2.8334E+00  -2.8329E+00   1.3142E+01  -1.2694E+01   1.5095E+01
  -1.3772E+01  -7.7265E-01  -6.2581E-01   1.5287E+01  -1.3984E+01   2.1161E+01
  -1.9136E+01   2.1594E+01  -1.9096E+01   1.5634E+01  -1.3973E+01   2.7390E+01
  -2.4295E+01   1.5355E+01  -1.3539E+01   7.3775E+00  -7.0027E+00   2.1329E+01
  -1.8957E+01   1.5462E+01  -1.3800E+01   7.3459E+00  -7.0488E+00   1.5325E+01
  -1.3580E+01   1.3377E+01  -1.2409E+01   2.1687E+01  -1.9010E+01   2.1618E+01
  -1.8736E+01   7.7641E+00  -7.0309E+00   2.7848E+01  -2.3968E+01   2.7824E+01
  -2.3977E+01   7.7050E+00  -6.7447E+00   7.6966E+00  -6.7420E+00   7.7239E+00
  -7.0590E+00   7.7239E+00  -7.0590E+00   1.3917E+01  -1.1984E+01   5.6074E-03
  -4.1358E-03   1.3927E+01  -1.1985E+01   2.1584E+01  -1.8756E+01   2.1584E+01
  -1.8756E+01   2.1585E+01  -1.8758E+01   2.1584E+01  -1.8756E+01  -7.0088E-02
  -6.0634E-02   7.7649E-01   1.2553E+00   7.8839E-01   7.8847E-01  -2.1592E-01
  -1.7194E-01  -3.6391E-01  -1.2172E-01  -1.5268E-01  -1.5431E-02  -9.0627E-02
  -9.7794E-03  -1.7851E-02   1.7174E-03  -1.5185E-03  -2.9660E-02   2.3382E-02
  -6.1851E-02   5.4678E-02  -9.5176E-04  -1.2127E-02  -7.2709E-03   8.8826E-03
   2.1466E-02   3.6418E-02   9.6958E-03  -3.6824E-02  -3.6084E-02  -8.2005E-03
   9.4889E-02  -1.7772E-02  -2.1448E-02  -2.1601E-02  -2.1101E-02  -2.3468E-02
   1.5513E-04   2.5308E-02  -1.2554E-01  -7.4529E-02  -8.2119E-02  -6.1789E-02
   4.0739E-02  -8.6394E-02  -1.2113E-02  -4.9641E-02   1.0918E-02   1.8934E-02
   8.7720E-03  -2.2109E-02  -1.9074E-03   5.6098E-02   5.3201E-03  -1.1371E-02
  -1.0558E-02   1.4565E-02   1.3000E-02   2.1790E-02   6.6030E-03  -1.9298E-02
  -1.8934E-02  -2.3838E-03   6.6230E-02  -2.1057E-02   6.2054E-03   8.2015E-03
   7.5590E-03   6.4399E-03  -9.2860E-03  -1.0902E-01  -1.2259E-01  -2.1493E-01
  -3.6442E-02  -1.2221E-01  -6.3010E-02  -1.3083E-01  -2.2606E-02  -3.9980E-02
  -1.3191E-02  -5.7007E-03  -5.2808E-02  -4.4080E-03  -6.5315E-02  -2.7590E-03
  -1.0950E-02  -4.9300E-04   1.0913E-02  -8.6311E-03   1.0780E-02  -1.9888E-03
  -2.1492E-02  -1.3023E-02  -1.2655E-02  -9.4037E-03   2.7133E-02   4.5189E-03
  -2.7533E-02  -2.6665E-02  -2.9878E-02  -2.7911E-02   3.4915E-02  -3.7608E-02
  -1.0679E-01  -7.0604E-02  -7.3712E-02  -6.7577E-02   6.8267E-04  -1.2386E-01
  -3.2401E-02  -8.3988E-02  -5.9583E-03   1.7741E-02  -1.1058E-02  -4.7330E-02
  -2.6745E-04   7.9122E-03  -6.3825E-03   1.4393E-03   6.2297E-03  -1.2310E-03
   1.4530E-04  -1.4167E-02  -2.2596E-02   2.9226E-03   3.4499E-03  -6.5331E-03
   7.2930E-03   2.3931E-03   8.3537E-03   7.7472E-03   5.2506E-03   7.2994E-03
   2.0511E-02
  > E    =  -5.359936514117E+02 +/-   9.238532467035E-05
  > varE =   8.543241860732E-04
* Computing derivatives.
    [walltime: 1m18s elapsed, 2h24m remaining]
    [walltime: 1h elapsed, 1h24m remaining]
  Done. [total walltime: 2h24m]
* Optimizing manipulation constant:
  #igrid a___________ E____________________________________ varE____________
     1     Infinity    -5.35993651E+02 +/-   9.23853247E-05   8.54324186E-04
     2     1.0000E+06  -5.35993651E+02 +/-   9.23853164E-05   8.54324034E-04
     3     2.1544E+05  -5.35993651E+02 +/-   9.23852864E-05   8.54323479E-04
     4     4.6416E+04  -5.35993651E+02 +/-   9.23851471E-05   8.54320902E-04
     5     1.0000E+04  -5.35993651E+02 +/-   9.23845008E-05   8.54308948E-04
     6     2.1544E+03  -5.35993651E+02 +/-   9.23815054E-05   8.54253551E-04
     7     4.6416E+02  -5.35993652E+02 +/-   9.23677028E-05   8.53998304E-04
     8     1.0000E+02  -5.35993653E+02 +/-   9.23057625E-05   8.52853333E-04
     9     2.1544E+01  -5.35993658E+02 +/-   9.20600322E-05   8.48318558E-04
    10     4.6416E+00  -5.35993660E+02 +/-   9.15817850E-05   8.39527507E-04
    11     1.0000E+00  -5.35993529E+02 +/-   9.52086843E-05   9.07339566E-04
    12     2.1544E-01  -5.35991840E+02 +/-   1.53400322E-04   2.35542491E-03
    13     4.6416E-02 (error)
    14     1.0000E-02  -5.35902973E+02 +/-   8.05859044E-04   6.50032232E-02
    15     2.1544E-03  -5.35860723E+02 +/-   9.65201347E-04   9.32507989E-02
    16     4.6416E-04  -5.35849272E+02 +/-   1.00308827E-03   1.00715202E-01
    17     1.0000E-04  -5.35846711E+02 +/-   1.01130229E-03   1.02371414E-01
    18     2.1544E-05  -5.35846155E+02 +/-   1.01307175E-03   1.02729963E-01
    19     4.6416E-06  -5.35846035E+02 +/-   1.01345293E-03   1.02807284E-01
    20     1.0000E-06  -5.35846009E+02 +/-   1.01353505E-03   1.02823945E-01
    21     0.0000E+00  -5.35846002E+02 +/-   1.01355760E-03   1.02828521E-01
  ParMin   9.6301E+00  -5.35993662E+02 +/-   9.17898157E-05   8.43345863E-04
  # Using parabolic minimum
* Iteration # 1: E =  -5.359936623660E+02 +/-   9.178981572919E-05
* Diminishing returns: exiting.
* After optimization:
   6.5358E+00   5.8827E+00   6.4175E+00   6.6243E+00  -5.7119E-01  -6.5623E-01
  -1.4310E+00   1.3585E+00  -1.3317E+00  -1.3217E+00  -2.1103E+00  -2.1127E+00
  -2.3884E+00  -2.3951E+00  -1.4891E+00  -3.1051E+00  -1.9024E+00  -4.2902E-01
  -4.3222E-01  -2.4015E+00  -2.4024E+00  -1.6051E+00  -1.5998E+00  -3.0680E-01
  -3.1368E-01  -1.8045E+00  -9.4129E-01  -9.3793E-01  -2.5878E+00  -2.5892E+00
  -2.9184E+00  -2.9202E+00  -6.3833E-01  -6.3549E-01  -3.8752E+00  -3.8417E+00
  -1.0036E+00  -1.0038E+00  -9.9090E-01  -9.9291E-01  -5.8601E-01  -5.8188E-01
  -5.8577E-01  -5.8200E-01  -1.9302E+00  -1.9301E+00   6.3221E-04  -1.9379E+00
  -1.9385E+00  -2.8727E+00  -2.8732E+00  -2.8742E+00  -2.8738E+00  -2.8719E+00
  -2.8730E+00  -2.8742E+00  -2.8735E+00   1.3127E+01  -1.2679E+01   1.5686E+01
  -1.4276E+01  -7.7358E-01  -6.2709E-01   1.4941E+01  -1.3685E+01   2.1439E+01
  -1.9372E+01   2.0935E+01  -1.8530E+01   1.4351E+01  -1.2871E+01   2.7356E+01
  -2.4265E+01   1.5945E+01  -1.4044E+01   7.6728E+00  -7.2545E+00   2.1607E+01
  -1.9194E+01   1.5116E+01  -1.3502E+01   7.6415E+00  -7.3000E+00   1.5915E+01
  -1.4085E+01   1.3360E+01  -1.2394E+01   2.1029E+01  -1.8444E+01   2.1896E+01
  -1.8974E+01   7.1228E+00  -6.4799E+00   2.7813E+01  -2.3939E+01   2.7790E+01
  -2.3947E+01   8.0000E+00  -6.9970E+00   7.9916E+00  -6.9944E+00   7.0824E+00
  -6.5080E+00   7.0825E+00  -6.5081E+00   1.3900E+01  -1.1969E+01   5.4348E-03
  -4.3680E-03   1.3910E+01  -1.1970E+01   2.1862E+01  -1.8993E+01   2.1862E+01
  -1.8994E+01   2.1863E+01  -1.8995E+01   2.1862E+01  -1.8994E+01  -7.1256E-02
  -6.0986E-02   7.8648E-01   1.2682E+00   8.0710E-01   8.0261E-01  -2.2288E-01
  -1.7736E-01  -3.6766E-01  -1.2633E-01  -1.5848E-01  -1.5656E-02  -9.2375E-02
  -9.7605E-03  -1.7865E-02   1.6548E-03  -2.2843E-03  -3.0020E-02   2.4338E-02
  -6.1563E-02   5.4067E-02  -4.2584E-04  -1.2361E-02  -7.4957E-03   8.5342E-03
   2.2262E-02   3.7577E-02   1.1051E-02  -3.7311E-02  -3.6497E-02  -7.4309E-03
   9.4835E-02  -1.7296E-02  -2.2032E-02  -2.2075E-02  -2.1636E-02  -2.4210E-02
   1.9211E-04   2.3301E-02  -1.2881E-01  -7.4050E-02  -8.4243E-02  -6.4181E-02
   4.1089E-02  -8.8077E-02  -1.1725E-02  -4.9343E-02   1.1271E-02   1.7933E-02
   8.6501E-03  -2.2147E-02  -1.5598E-03   5.5227E-02   5.4868E-03  -1.1825E-02
  -1.1051E-02   1.4480E-02   1.2860E-02   2.3099E-02   7.3873E-03  -1.9467E-02
  -1.9115E-02  -8.4498E-04   6.5487E-02  -2.0932E-02   6.4303E-03   8.0350E-03
   7.5430E-03   6.5229E-03  -1.0583E-02  -1.1382E-01  -1.2453E-01  -2.1525E-01
  -3.8555E-02  -1.2523E-01  -6.1968E-02  -1.3071E-01  -1.9539E-02  -4.0678E-02
  -1.2727E-02  -5.1628E-03  -5.3005E-02  -3.7855E-03  -6.3701E-02  -3.6774E-03
  -9.9897E-03  -5.5345E-04   1.1014E-02  -8.7636E-03   1.1237E-02  -1.5347E-03
  -2.0481E-02  -1.3483E-02  -1.3139E-02  -8.9503E-03   2.7282E-02   4.0713E-03
  -2.7961E-02  -2.7212E-02  -3.0258E-02  -2.8381E-02   3.4225E-02  -4.1170E-02
  -1.0732E-01  -7.0962E-02  -7.3893E-02  -6.8779E-02   1.1339E-03  -1.2420E-01
  -2.9243E-02  -8.3647E-02  -5.0958E-03   1.7718E-02  -1.1875E-02  -4.7224E-02
   1.8807E-04   6.9775E-03  -6.0654E-03   7.1541E-04   6.0441E-03  -7.1870E-04
  -3.9570E-04  -1.3579E-02  -2.2243E-02   2.4553E-03   2.9541E-03  -5.0236E-03
   7.1271E-03   1.7303E-03   7.8954E-03   7.4535E-03   4.8363E-03   6.8348E-03
   1.9012E-02
  > Energy =  -5.359936623660E+02 +/-   9.178981572919E-05
  > varE =   8.433458627060E-04

VMC #3:
* Size of Hilbert space =   1.1779E+07
* Number of equil. steps   = 1000
* Running VMC equilibration.
  Done. [total walltime: 0.16s]
* Equil. acc.ratio (%)     =  17.9093
* Sample config after equilibration:
  +-------------+
  |  2       d  |
  |      d      |
  |    u   0    |
  |0           2|
  |d           u|
  |    d   2    |
  |      u      |
  |  u       0  |
  +-------------+
* Number of accum. steps   = 500480 x 10
* Running VMC accumulation.
    [walltime: 1m elapsed, 2m14s remaining]
  Done. [total walltime: 3m15s]
* Acceptance ratio (%)     =  17.8822
* Etot/t                   =  -5.359937015048E+02 +/-   4.169820784921E-05
  > Ttot/t                 =  -3.899386315763E+01 +/-   6.831094681598E-04
  > Utot/t                 =   1.646679519085E+01 +/-   6.783299466490E-04
* var[Eloc/t]              =   8.600135724846E-04 +/-   1.088583825641E-05
* Correlation length       =   1.011850152390E+00
* log10 Psi^2 range: -34.07973220308113 -- -25.06228091872080
* log10 Pgen range : -34.07973220308113 -- -25.06228091872080
* Site occupation (ave. no. electrons per config.):
  > Site_  ___eu____  ___ed____
      1        0.497      0.501
      2        0.502      0.504
      3        0.499      0.505
      4        0.500      0.501
      5        0.495      0.498
      6        0.498      0.496
      7        0.504      0.501
      8        0.499      0.498
      9        0.499      0.499
     10        0.499      0.497
     11        0.501      0.497
     12        0.505      0.503
     13        0.503      0.503
     14        0.499      0.497
* Pair-correlation analysis (ave. no. pairs per config.):
  > Shell  nsite  ___dh____  __eueu___  __eued___
      0      1        0          0          2.423
      1      1        0.874      0.604      2.548
      2      1        0.292      0.657      1.093
      3      1        0.256      0.711      1.098
      4      1        0.658      1.102      2.303
      5      1        0.500      1.449      2.127
      6      1        0.230      2.070      1.909
      7      1        0.070      0.413      0.571
      8      1        0.137      0.840      1.099
      9      1        0.154      0.916      1.048
     10      1        0.282      1.859      2.104
     11      1        0.242      2.080      1.910
     12      1        0.244      2.135      1.883
     13      1        0.244      2.125      1.920
     14      1        0.138      1.050      0.949
     15      1        0.218      2.156      1.873
     16      1        0.222      1.940      2.055
     17      1        0.250      2.026      1.942
     18      1        0.231      2.081      1.950
     19      1        0.110      0.983      1.000
     20      1        0.112      1.000      0.978
     21      1        0.261      1.931      2.066
     22      1        0.253      2.053      1.959
     23      1        0.124      0.943      1.062
     24      1        0.121      0.937      1.060
     25      1        0.223      1.977      2.030
     26      1        0.117      0.994      1.025
     27      1        0.223      2.026      1.980
     28      1        0.064      0.479      0.509
     29      1        0.063      0.483      0.510
     30      1        0.065      0.480      0.510
     31      1        0.063      0.480      0.509
     32      1        0.116      1.022      0.998

Optimization #3:
* Method          : lls
* Target function : energy
* No. of configs. : 100096
* No. of params.  : 253
* Before optimization:
   6.5358E+00   5.8827E+00   6.4175E+00   6.6243E+00  -5.7119E-01  -6.5623E-01
  -1.4310E+00   1.3585E+00  -1.3317E+00  -1.3217E+00  -2.1103E+00  -2.1127E+00
  -2.3884E+00  -2.3951E+00  -1.4891E+00  -3.1051E+00  -1.9024E+00  -4.2902E-01
  -4.3222E-01  -2.4015E+00  -2.4024E+00  -1.6051E+00  -1.5998E+00  -3.0680E-01
  -3.1368E-01  -1.8045E+00  -9.4129E-01  -9.3793E-01  -2.5878E+00  -2.5892E+00
  -2.9184E+00  -2.9202E+00  -6.3833E-01  -6.3549E-01  -3.8752E+00  -3.8417E+00
  -1.0036E+00  -1.0038E+00  -9.9090E-01  -9.9291E-01  -5.8601E-01  -5.8188E-01
  -5.8577E-01  -5.8200E-01  -1.9302E+00  -1.9301E+00   6.3221E-04  -1.9379E+00
  -1.9385E+00  -2.8727E+00  -2.8732E+00  -2.8742E+00  -2.8738E+00  -2.8719E+00
  -2.8730E+00  -2.8742E+00  -2.8735E+00   1.3127E+01  -1.2679E+01   1.5686E+01
  -1.4276E+01  -7.7358E-01  -6.2709E-01   1.4941E+01  -1.3685E+01   2.1439E+01
  -1.9372E+01   2.0935E+01  -1.8530E+01   1.4351E+01  -1.2871E+01   2.7356E+01
  -2.4265E+01   1.5945E+01  -1.4044E+01   7.6728E+00  -7.2545E+00   2.1607E+01
  -1.9194E+01   1.5116E+01  -1.3502E+01   7.6415E+00  -7.3000E+00   1.5915E+01
  -1.4085E+01   1.3360E+01  -1.2394E+01   2.1029E+01  -1.8444E+01   2.1896E+01
  -1.8974E+01   7.1228E+00  -6.4799E+00   2.7813E+01  -2.3939E+01   2.7790E+01
  -2.3947E+01   8.0000E+00  -6.9970E+00   7.9916E+00  -6.9944E+00   7.0824E+00
  -6.5080E+00   7.0825E+00  -6.5081E+00   1.3900E+01  -1.1969E+01   5.4348E-03
  -4.3680E-03   1.3910E+01  -1.1970E+01   2.1862E+01  -1.8993E+01   2.1862E+01
  -1.8994E+01   2.1863E+01  -1.8995E+01   2.1862E+01  -1.8994E+01  -7.1256E-02
  -6.0986E-02   7.8648E-01   1.2682E+00   8.0710E-01   8.0261E-01  -2.2288E-01
  -1.7736E-01  -3.6766E-01  -1.2633E-01  -1.5848E-01  -1.5656E-02  -9.2375E-02
  -9.7605E-03  -1.7865E-02   1.6548E-03  -2.2843E-03  -3.0020E-02   2.4338E-02
  -6.1563E-02   5.4067E-02  -4.2584E-04  -1.2361E-02  -7.4957E-03   8.5342E-03
   2.2262E-02   3.7577E-02   1.1051E-02  -3.7311E-02  -3.6497E-02  -7.4309E-03
   9.4835E-02  -1.7296E-02  -2.2032E-02  -2.2075E-02  -2.1636E-02  -2.4210E-02
   1.9211E-04   2.3301E-02  -1.2881E-01  -7.4050E-02  -8.4243E-02  -6.4181E-02
   4.1089E-02  -8.8077E-02  -1.1725E-02  -4.9343E-02   1.1271E-02   1.7933E-02
   8.6501E-03  -2.2147E-02  -1.5598E-03   5.5227E-02   5.4868E-03  -1.1825E-02
  -1.1051E-02   1.4480E-02   1.2860E-02   2.3099E-02   7.3873E-03  -1.9467E-02
  -1.9115E-02  -8.4498E-04   6.5487E-02  -2.0932E-02   6.4303E-03   8.0350E-03
   7.5430E-03   6.5229E-03  -1.0583E-02  -1.1382E-01  -1.2453E-01  -2.1525E-01
  -3.8555E-02  -1.2523E-01  -6.1968E-02  -1.3071E-01  -1.9539E-02  -4.0678E-02
  -1.2727E-02  -5.1628E-03  -5.3005E-02  -3.7855E-03  -6.3701E-02  -3.6774E-03
  -9.9897E-03  -5.5345E-04   1.1014E-02  -8.7636E-03   1.1237E-02  -1.5347E-03
  -2.0481E-02  -1.3483E-02  -1.3139E-02  -8.9503E-03   2.7282E-02   4.0713E-03
  -2.7961E-02  -2.7212E-02  -3.0258E-02  -2.8381E-02   3.4225E-02  -4.1170E-02
  -1.0732E-01  -7.0962E-02  -7.3893E-02  -6.8779E-02   1.1339E-03  -1.2420E-01
  -2.9243E-02  -8.3647E-02  -5.0958E-03   1.7718E-02  -1.1875E-02  -4.7224E-02
   1.8807E-04   6.9775E-03  -6.0654E-03   7.1541E-04   6.0441E-03  -7.1870E-04
  -3.9570E-04  -1.3579E-02  -2.2243E-02   2.4553E-03   2.9541E-03  -5.0236E-03
   7.1271E-03   1.7303E-03   7.8954E-03   7.4535E-03   4.8363E-03   6.8348E-03
   1.9012E-02
  > E    =  -5.359937804345E+02 +/-   9.419636185964E-05
  > varE =   8.881472623997E-04
* Computing derivatives.
    [walltime: 1m18s elapsed, 2h23m remaining]
    [walltime: 1h elapsed, 1h24m remaining]
  Done. [total walltime: 2h24m]
* Optimizing manipulation constant:
  #igrid a___________ E____________________________________ varE____________
     1     Infinity    -5.35993780E+02 +/-   9.41963619E-05   8.88147262E-04
     2     1.0000E+06  -5.35993780E+02 +/-   9.41963529E-05   8.88147093E-04
     3     2.1544E+05  -5.35993780E+02 +/-   9.41963202E-05   8.88146477E-04
     4     4.6416E+04  -5.35993780E+02 +/-   9.41961685E-05   8.88143615E-04
     5     1.0000E+04  -5.35993780E+02 +/-   9.41954647E-05   8.88130345E-04
     6     2.1544E+03  -5.35993780E+02 +/-   9.41922099E-05   8.88068969E-04
     7     4.6416E+02  -5.35993781E+02 +/-   9.41773520E-05   8.87788823E-04
     8     1.0000E+02  -5.35993782E+02 +/-   9.41137333E-05   8.86589789E-04
     9     2.1544E+01  -5.35993787E+02 +/-   9.39481330E-05   8.83472490E-04
    10     4.6416E+00  -5.35993631E+02 +/-   1.02220172E-04   1.04589946E-03
    11     1.0000E+00  -5.35978292E+02 +/-   3.59616199E-04   1.29447961E-02
    12     2.1544E-01  -5.35879368E+02 +/-   8.91869564E-04   7.96194934E-02
    13     4.6416E-02  -5.35536310E+02 +/-   1.67124719E-03   2.79574852E-01
    14     1.0000E-02  -5.35273400E+02 +/-   2.01284260E-03   4.05542481E-01
    15     2.1544E-03  -5.35193944E+02 +/-   2.08944890E-03   4.36998786E-01
    16     4.6416E-04  -5.35175431E+02 +/-   2.10555847E-03   4.43763252E-01
    17     1.0000E-04  -5.35171376E+02 +/-   2.10899988E-03   4.45215044E-01
    18     2.1544E-05  -5.35170499E+02 +/-   2.10973981E-03   4.45527504E-01
    19     4.6416E-06  -5.35170310E+02 +/-   2.10989916E-03   4.45594806E-01
    20     1.0000E-06  -5.35170269E+02 +/-   2.10993348E-03   4.45609305E-01
    21     0.0000E+00  -5.35170258E+02 +/-   2.10994291E-03   4.45613287E-01
  ParMin   4.4446E+01  -5.35993783E+02 +/-   9.40309706E-05   8.85031159E-04
  # Using grid point #9
* Iteration # 1: E =  -5.359937865004E+02 +/-   9.394813300401E-05
* Convergence: exiting.
* After optimization:
   6.4487E+00   5.7990E+00   6.3295E+00   6.5346E+00  -5.7494E-01  -6.5902E-01
  -1.5329E+00   1.3583E+00  -1.2133E+00  -1.2034E+00  -2.1650E+00  -2.1672E+00
  -2.2222E+00  -2.2290E+00  -1.1515E+00  -3.1102E+00  -2.0033E+00  -4.8017E-01
  -4.8341E-01  -2.4551E+00  -2.4560E+00  -1.4868E+00  -1.4816E+00  -3.5832E-01
  -3.6519E-01  -1.9052E+00  -9.4374E-01  -9.4079E-01  -2.4215E+00  -2.4229E+00
  -2.9713E+00  -2.9731E+00  -4.6955E-01  -4.6674E-01  -3.8801E+00  -3.8469E+00
  -1.0538E+00  -1.0541E+00  -1.0411E+00  -1.0432E+00  -4.1725E-01  -4.1315E-01
  -4.1715E-01  -4.1326E-01  -1.9328E+00  -1.9327E+00   7.0697E-04  -1.9403E+00
  -1.9409E+00  -2.9256E+00  -2.9260E+00  -2.9270E+00  -2.9267E+00  -2.9247E+00
  -2.9259E+00  -2.9270E+00  -2.9264E+00   1.3142E+01  -1.2692E+01   1.6390E+01
  -1.4878E+01  -7.7348E-01  -6.2759E-01   1.4107E+01  -1.2969E+01   2.1807E+01
  -1.9685E+01   1.9765E+01  -1.7526E+01   1.1980E+01  -1.0837E+01   2.7387E+01
  -2.4291E+01   1.6647E+01  -1.4646E+01   8.0245E+00  -7.5551E+00   2.1974E+01
  -1.9507E+01   1.4281E+01  -1.2786E+01   7.9935E+00  -7.6006E+00   1.6618E+01
  -1.4687E+01   1.3376E+01  -1.2407E+01   1.9859E+01  -1.7440E+01   2.2263E+01
  -1.9288E+01   5.9372E+00  -5.4629E+00   2.7844E+01  -2.3964E+01   2.7821E+01
  -2.3973E+01   8.3515E+00  -7.2983E+00   8.3430E+00  -7.2957E+00   5.8963E+00
  -5.4910E+00   5.8962E+00  -5.4909E+00   1.3915E+01  -1.1982E+01   5.3903E-03
  -4.3803E-03   1.3926E+01  -1.1983E+01   2.2229E+01  -1.9308E+01   2.2229E+01
  -1.9308E+01   2.2230E+01  -1.9309E+01   2.2229E+01  -1.9308E+01  -7.2186E-02
  -6.1777E-02   7.7413E-01   1.2470E+00   7.9546E-01   7.9191E-01  -2.2224E-01
  -1.7739E-01  -3.6237E-01  -1.2683E-01  -1.5881E-01  -1.5611E-02  -9.0688E-02
  -9.4276E-03  -1.7481E-02   1.4714E-03  -2.5275E-03  -2.9588E-02   2.4298E-02
  -6.0354E-02   5.2306E-02   1.9429E-04  -1.1987E-02  -6.8301E-03   8.4074E-03
   2.1658E-02   3.7539E-02   1.0918E-02  -3.6932E-02  -3.6181E-02  -6.3335E-03
   9.3025E-02  -1.6754E-02  -2.1633E-02  -2.1698E-02  -2.1403E-02  -2.3868E-02
  -7.6718E-05   2.0439E-02  -1.2889E-01  -7.4735E-02  -8.4815E-02  -6.4973E-02
   4.0375E-02  -8.6188E-02  -1.1083E-02  -4.8045E-02   1.1755E-02   1.6793E-02
   8.2936E-03  -2.1896E-02  -1.6333E-03   5.3964E-02   5.2415E-03  -1.1676E-02
  -1.1144E-02   1.4172E-02   1.3231E-02   2.3119E-02   7.8338E-03  -1.9826E-02
  -1.9461E-02  -6.3611E-04   6.4776E-02  -2.0293E-02   5.9735E-03   7.4736E-03
   6.9945E-03   6.0350E-03  -9.8672E-03  -1.1696E-01  -1.2758E-01  -2.1703E-01
  -4.0972E-02  -1.2779E-01  -6.2149E-02  -1.3034E-01  -1.8016E-02  -4.0585E-02
  -1.2102E-02  -4.9299E-03  -5.3241E-02  -3.1485E-03  -6.3184E-02  -4.5384E-03
  -9.2827E-03  -4.5391E-04   1.1486E-02  -8.4667E-03   1.0893E-02  -5.5954E-04
  -2.0165E-02  -1.4030E-02  -1.3696E-02  -8.0013E-03   2.7773E-02   4.2203E-03
  -2.7977E-02  -2.7284E-02  -3.0311E-02  -2.8530E-02   3.3457E-02  -4.5126E-02
  -1.0956E-01  -7.3867E-02  -7.6258E-02  -7.0789E-02   1.1281E-03  -1.2352E-01
  -2.7466E-02  -8.3000E-02  -3.7409E-03   1.7272E-02  -1.2372E-02  -4.7024E-02
   3.1682E-04   6.7284E-03  -6.0067E-03   5.1772E-04   5.7748E-03  -7.2271E-04
   2.1303E-04  -1.2818E-02  -2.1490E-02   1.5191E-03   2.0546E-03  -4.8457E-03
   7.8753E-03   1.7310E-03   7.3340E-03   6.8475E-03   4.3501E-03   6.3180E-03
   1.9246E-02
  > Energy =  -5.359937865004E+02 +/-   9.394813300401E-05
  > varE =   8.834724896566E-04

VMC #4:
* Size of Hilbert space =   1.1779E+07
* Number of equil. steps   = 1000
* Running VMC equilibration.
  Done. [total walltime: 0.16s]
* Equil. acc.ratio (%)     =  18.2031
* Sample config after equilibration:
  +-------------+
  |  u       0  |
  |      0      |
  |    d   2    |
  |d           2|
  |u           d|
  |    d   0    |
  |      u      |
  |  2       u  |
  +-------------+
* Number of accum. steps   = 500480 x 10
* Running VMC accumulation.
    [walltime: 1m elapsed, 2m14s remaining]
  Done. [total walltime: 3m15s]
* Acceptance ratio (%)     =  18.1544
* Etot/t                   =  -5.359936971002E+02 +/-   4.149059031808E-05
  > Ttot/t                 =  -3.899410740007E+01 +/-   6.748640587244E-04
  > Utot/t                 =   1.646704383784E+01 +/-   6.680216549216E-04
* var[Eloc/t]              =   8.614081614631E-04 +/-   9.070136241811E-06
* Correlation length       =   1.000177251826E+00
* log10 Psi^2 range: -32.82977852926229 -- -24.98497333371898
* log10 Pgen range : -32.82977852926229 -- -24.98497333371898
* Site occupation (ave. no. electrons per config.):
  > Site_  ___eu____  ___ed____
      1        0.500      0.500
      2        0.501      0.503
      3        0.502      0.502
      4        0.498      0.503
      5        0.498      0.500
      6        0.499      0.498
      7        0.501      0.501
      8        0.499      0.496
      9        0.495      0.495
     10        0.498      0.500
     11        0.500      0.498
     12        0.505      0.502
     13        0.505      0.501
     14        0.498      0.499
* Pair-correlation analysis (ave. no. pairs per config.):
  > Shell  nsite  ___dh____  __eueu___  __eued___
      0      1        0          0          2.415
      1      1        0.871      0.605      2.553
      2      1        0.293      0.657      1.091
      3      1        0.256      0.709      1.097
      4      1        0.651      1.100      2.306
      5      1        0.495      1.449      2.136
      6      1        0.231      2.069      1.905
      7      1        0.072      0.409      0.569
      8      1        0.139      0.842      1.098
      9      1        0.155      0.913      1.048
     10      1        0.284      1.853      2.103
     11      1        0.241      2.081      1.909
     12      1        0.240      2.140      1.882
     13      1        0.243      2.124      1.916
     14      1        0.136      1.050      0.949
     15      1        0.217      2.161      1.875
     16      1        0.218      1.940      2.057
     17      1        0.249      2.029      1.943
     18      1        0.227      2.077      1.947
     19      1        0.110      0.984      1.004
     20      1        0.109      1.003      0.985
     21      1        0.259      1.934      2.062
     22      1        0.252      2.051      1.959
     23      1        0.119      0.941      1.062
     24      1        0.122      0.936      1.060
     25      1        0.228      1.979      2.023
     26      1        0.116      0.992      1.024
     27      1        0.222      2.030      1.981
     28      1        0.063      0.482      0.511
     29      1        0.064      0.481      0.509
     30      1        0.063      0.477      0.508
     31      1        0.064      0.483      0.512
     32      1        0.113      1.021      1.002

Optimization #4:
* Method          : lls
* Target function : energy
* No. of configs. : 100096
* No. of params.  : 253
* Before optimization:
   6.4487E+00   5.7990E+00   6.3295E+00   6.5346E+00  -5.7494E-01  -6.5902E-01
  -1.5329E+00   1.3583E+00  -1.2133E+00  -1.2034E+00  -2.1650E+00  -2.1672E+00
  -2.2222E+00  -2.2290E+00  -1.1515E+00  -3.1102E+00  -2.0033E+00  -4.8017E-01
  -4.8341E-01  -2.4551E+00  -2.4560E+00  -1.4868E+00  -1.4816E+00  -3.5832E-01
  -3.6519E-01  -1.9052E+00  -9.4374E-01  -9.4079E-01  -2.4215E+00  -2.4229E+00
  -2.9713E+00  -2.9731E+00  -4.6955E-01  -4.6674E-01  -3.8801E+00  -3.8469E+00
  -1.0538E+00  -1.0541E+00  -1.0411E+00  -1.0432E+00  -4.1725E-01  -4.1315E-01
  -4.1715E-01  -4.1326E-01  -1.9328E+00  -1.9327E+00   7.0697E-04  -1.9403E+00
  -1.9409E+00  -2.9256E+00  -2.9260E+00  -2.9270E+00  -2.9267E+00  -2.9247E+00
  -2.9259E+00  -2.9270E+00  -2.9264E+00   1.3142E+01  -1.2692E+01   1.6390E+01
  -1.4878E+01  -7.7348E-01  -6.2759E-01   1.4107E+01  -1.2969E+01   2.1807E+01
  -1.9685E+01   1.9765E+01  -1.7526E+01   1.1980E+01  -1.0837E+01   2.7387E+01
  -2.4291E+01   1.6647E+01  -1.4646E+01   8.0245E+00  -7.5551E+00   2.1974E+01
  -1.9507E+01   1.4281E+01  -1.2786E+01   7.9935E+00  -7.6006E+00   1.6618E+01
  -1.4687E+01   1.3376E+01  -1.2407E+01   1.9859E+01  -1.7440E+01   2.2263E+01
  -1.9288E+01   5.9372E+00  -5.4629E+00   2.7844E+01  -2.3964E+01   2.7821E+01
  -2.3973E+01   8.3515E+00  -7.2983E+00   8.3430E+00  -7.2957E+00   5.8963E+00
  -5.4910E+00   5.8962E+00  -5.4909E+00   1.3915E+01  -1.1982E+01   5.3903E-03
  -4.3803E-03   1.3926E+01  -1.1983E+01   2.2229E+01  -1.9308E+01   2.2229E+01
  -1.9308E+01   2.2230E+01  -1.9309E+01   2.2229E+01  -1.9308E+01  -7.2186E-02
  -6.1777E-02   7.7413E-01   1.2470E+00   7.9546E-01   7.9191E-01  -2.2224E-01
  -1.7739E-01  -3.6237E-01  -1.2683E-01  -1.5881E-01  -1.5611E-02  -9.0688E-02
  -9.4276E-03  -1.7481E-02   1.4714E-03  -2.5275E-03  -2.9588E-02   2.4298E-02
  -6.0354E-02   5.2306E-02   1.9429E-04  -1.1987E-02  -6.8301E-03   8.4074E-03
   2.1658E-02   3.7539E-02   1.0918E-02  -3.6932E-02  -3.6181E-02  -6.3335E-03
   9.3025E-02  -1.6754E-02  -2.1633E-02  -2.1698E-02  -2.1403E-02  -2.3868E-02
  -7.6718E-05   2.0439E-02  -1.2889E-01  -7.4735E-02  -8.4815E-02  -6.4973E-02
   4.0375E-02  -8.6188E-02  -1.1083E-02  -4.8045E-02   1.1755E-02   1.6793E-02
   8.2936E-03  -2.1896E-02  -1.6333E-03   5.3964E-02   5.2415E-03  -1.1676E-02
  -1.1144E-02   1.4172E-02   1.3231E-02   2.3119E-02   7.8338E-03  -1.9826E-02
  -1.9461E-02  -6.3611E-04   6.4776E-02  -2.0293E-02   5.9735E-03   7.4736E-03
   6.9945E-03   6.0350E-03  -9.8672E-03  -1.1696E-01  -1.2758E-01  -2.1703E-01
  -4.0972E-02  -1.2779E-01  -6.2149E-02  -1.3034E-01  -1.8016E-02  -4.0585E-02
  -1.2102E-02  -4.9299E-03  -5.3241E-02  -3.1485E-03  -6.3184E-02  -4.5384E-03
  -9.2827E-03  -4.5391E-04   1.1486E-02  -8.4667E-03   1.0893E-02  -5.5954E-04
  -2.0165E-02  -1.4030E-02  -1.3696E-02  -8.0013E-03   2.7773E-02   4.2203E-03
  -2.7977E-02  -2.7284E-02  -3.0311E-02  -2.8530E-02   3.3457E-02  -4.5126E-02
  -1.0956E-01  -7.3867E-02  -7.6258E-02  -7.0789E-02   1.1281E-03  -1.2352E-01
  -2.7466E-02  -8.3000E-02  -3.7409E-03   1.7272E-02  -1.2372E-02  -4.7024E-02
   3.1682E-04   6.7284E-03  -6.0067E-03   5.1772E-04   5.7748E-03  -7.2271E-04
   2.1303E-04  -1.2818E-02  -2.1490E-02   1.5191E-03   2.0546E-03  -4.8457E-03
   7.8753E-03   1.7310E-03   7.3340E-03   6.8475E-03   4.3501E-03   6.3180E-03
   1.9246E-02
  > E    =  -5.359936597515E+02 +/-   9.351375129684E-05
  > varE =   8.753216710422E-04
* Computing derivatives.
    [walltime: 1m18s elapsed, 2h24m remaining]
    [walltime: 1h elapsed, 1h24m remaining]
  Done. [total walltime: 2h24m]
* Optimizing manipulation constant:
  #igrid a___________ E____________________________________ varE____________
     1     Infinity    -5.35993660E+02 +/-   9.35137513E-05   8.75321671E-04
     2     1.0000E+06  -5.35993660E+02 +/-   9.35137433E-05   8.75321521E-04
     3     2.1544E+05  -5.35993660E+02 +/-   9.35137140E-05   8.75320974E-04
     4     4.6416E+04  -5.35993660E+02 +/-   9.35135784E-05   8.75318434E-04
     5     1.0000E+04  -5.35993660E+02 +/-   9.35129487E-05   8.75306647E-04
     6     2.1544E+03  -5.35993660E+02 +/-   9.35100286E-05   8.75251980E-04
     7     4.6416E+02  -5.35993660E+02 +/-   9.34965232E-05   8.74999178E-04
     8     1.0000E+02  -5.35993661E+02 +/-   9.34348787E-05   8.73845743E-04
     9     2.1544E+01  -5.35993665E+02 +/-   9.31705125E-05   8.68907791E-04
    10     4.6416E+00  -5.35993671E+02 +/-   9.24986770E-05   8.56421901E-04
    11     1.0000E+00  -5.35990042E+02 +/-   1.87154106E-04   3.50602851E-03
    12     2.1544E-01  -5.35924938E+02 +/-   6.06571460E-04   3.68282148E-02
    13     4.6416E-02  -5.34927947E+02 +/-   2.45208071E-03   6.01847200E-01
    14     1.0000E-02  -5.34661146E+02 +/-   2.60463777E-03   6.79065070E-01
    15     2.1544E-03  -5.34714075E+02 +/-   2.57226576E-03   6.62290304E-01
    16     4.6416E-04  -5.34757443E+02 +/-   2.54637329E-03   6.49024158E-01
    17     1.0000E-04  -5.34770408E+02 +/-   2.53838228E-03   6.44957026E-01
    18     2.1544E-05  -5.34773424E+02 +/-   2.53650552E-03   6.44003676E-01
    19     4.6416E-06  -5.34774084E+02 +/-   2.53609338E-03   6.43794415E-01
    20     1.0000E-06  -5.34774227E+02 +/-   2.53600422E-03   6.43749149E-01
    21     0.0000E+00  -5.34774266E+02 +/-   2.53597972E-03   6.43736707E-01
  ParMin   9.9686E+00  -5.35993670E+02 +/-   9.28455645E-05   8.62857434E-04
  # Using grid point #10
* Iteration # 1: E =  -5.359936713549E+02 +/-   9.249867701547E-05
* Diminishing returns: exiting.
* After optimization:
   5.8736E+00   5.2480E+00   5.7320E+00   5.9545E+00  -5.7077E-01  -6.5080E-01
  -1.6938E+00   1.3542E+00  -8.5738E-01  -8.4742E-01  -2.2428E+00  -2.2446E+00
  -1.7836E+00  -1.7901E+00  -2.8181E-01  -3.0989E+00  -2.1627E+00  -5.6222E-01
  -5.6548E-01  -2.5309E+00  -2.5323E+00  -1.1326E+00  -1.1274E+00  -4.4009E-01
  -4.4706E-01  -2.0636E+00  -9.3915E-01  -9.3756E-01  -1.9824E+00  -1.9838E+00
  -3.0459E+00  -3.0478E+00  -3.5923E-02  -3.3499E-02  -3.8696E+00  -3.8370E+00
  -1.1338E+00  -1.1340E+00  -1.1210E+00  -1.1228E+00   1.6745E-02   2.0563E-02
   1.6645E-02   2.0315E-02  -1.9277E+00  -1.9276E+00   9.9695E-04  -1.9350E+00
  -1.9356E+00  -3.0004E+00  -3.0006E+00  -3.0014E+00  -3.0010E+00  -2.9998E+00
  -3.0008E+00  -3.0015E+00  -3.0008E+00   1.3101E+01  -1.2654E+01   1.7499E+01
  -1.5826E+01  -7.7191E-01  -6.2685E-01   1.1608E+01  -1.0829E+01   2.2317E+01
  -2.0119E+01   1.6672E+01  -1.4872E+01   5.8833E+00  -5.6097E+00   2.7301E+01
  -2.4217E+01   1.7755E+01  -1.5594E+01   8.5796E+00  -8.0281E+00   2.2485E+01
  -1.9942E+01   1.1787E+01  -1.0644E+01   8.5480E+00  -8.0733E+00   1.7725E+01
  -1.5635E+01   1.3334E+01  -1.2369E+01   1.6766E+01  -1.4786E+01   2.2773E+01
  -1.9724E+01   2.8885E+00  -2.8476E+00   2.7757E+01  -2.3887E+01   2.7734E+01
  -2.3896E+01   8.9056E+00  -7.7719E+00   8.8966E+00  -7.7698E+00   2.8490E+00
  -2.8771E+00   2.8457E+00  -2.8757E+00   1.3872E+01  -1.1943E+01   5.4316E-03
  -4.4624E-03   1.3882E+01  -1.1945E+01   2.2739E+01  -1.9743E+01   2.2739E+01
  -1.9743E+01   2.2740E+01  -1.9744E+01   2.2739E+01  -1.9743E+01  -7.2276E-02
  -6.2621E-02   7.7971E-01   1.2420E+00   8.1364E-01   8.0454E-01  -2.2431E-01
  -1.8286E-01  -3.6349E-01  -1.2916E-01  -1.6301E-01  -1.5755E-02  -9.4959E-02
  -1.1122E-02  -1.7721E-02   2.0248E-03  -3.1427E-03  -3.1580E-02   2.7287E-02
  -6.0993E-02   5.1397E-02   1.0002E-03  -1.1372E-02  -5.5602E-03   8.1838E-03
   2.1379E-02   3.7168E-02   1.0903E-02  -3.7495E-02  -3.6879E-02  -7.0693E-03
   9.1006E-02  -1.7557E-02  -2.2920E-02  -2.2907E-02  -2.3431E-02  -2.5244E-02
  -2.9770E-03   1.9894E-02  -1.3271E-01  -7.5523E-02  -8.4871E-02  -6.5238E-02
   4.0579E-02  -9.0628E-02  -1.3108E-02  -4.7004E-02   1.2897E-02   1.5769E-02
   6.4008E-03  -2.0024E-02  -2.7688E-03   5.3324E-02   3.7267E-03  -1.2418E-02
  -1.1340E-02   1.4720E-02   1.2913E-02   2.2159E-02   7.9315E-03  -1.9929E-02
  -1.9536E-02  -9.5168E-04   6.4525E-02  -2.0802E-02   5.2705E-03   6.5655E-03
   5.8420E-03   4.9286E-03  -1.2362E-02  -1.2068E-01  -1.3132E-01  -2.1581E-01
  -4.0426E-02  -1.3023E-01  -6.0962E-02  -1.3131E-01  -1.5597E-02  -4.1056E-02
  -1.2127E-02  -5.0692E-03  -5.4546E-02  -8.7001E-04  -6.2211E-02  -3.9079E-03
  -6.9940E-03  -7.8433E-04   1.1129E-02  -8.0100E-03   1.1560E-02   3.8997E-04
  -1.8262E-02  -1.4604E-02  -1.4106E-02  -8.1695E-03   2.8342E-02   3.0043E-03
  -2.9269E-02  -2.8846E-02  -3.1302E-02  -2.9743E-02   3.0207E-02  -4.6669E-02
  -1.1171E-01  -7.3548E-02  -7.4235E-02  -7.0412E-02   2.4025E-03  -1.2513E-01
  -2.6009E-02  -8.1206E-02  -3.0462E-03   1.6276E-02  -1.4523E-02  -4.5542E-02
   5.7010E-05   7.9811E-03  -5.7518E-03  -1.9332E-03   3.5286E-03  -2.7794E-05
   2.0759E-04  -1.2666E-02  -2.0547E-02   1.2712E-03   1.9419E-03  -4.4533E-03
   8.7192E-03   3.6575E-04   6.1572E-03   5.4997E-03   3.2369E-03   4.9031E-03
   1.7161E-02
  > Energy =  -5.359936713549E+02 +/-   9.249867701547E-05
  > varE =   8.564219014652E-04

VMC #5:
* Size of Hilbert space =   1.1779E+07
* Number of equil. steps   = 1000
* Running VMC equilibration.
  Done. [total walltime: 0.16s]
* Equil. acc.ratio (%)     =  18.0948
* Sample config after equilibration:
  +-------------+
  |  d       u  |
  |      0      |
  |    u   d    |
  |u           0|
  |d           2|
  |    u   0    |
  |      2      |
  |  2       d  |
  +-------------+
* Number of accum. steps   = 500480 x 10
* Running VMC accumulation.
    [walltime: 1m elapsed, 2m16s remaining]
  Done. [total walltime: 3m17s]
* Acceptance ratio (%)     =  18.0392
* Etot/t                   =  -5.359936550908E+02 +/-   4.117030596609E-05
  > Ttot/t                 =  -3.899497108095E+01 +/-   6.834142309546E-04
  > Utot/t                 =   1.646794952814E+01 +/-   6.781138056836E-04
* var[Eloc/t]              =   8.553863902541E-04 +/-   1.511324800388E-05
* Correlation length       =   9.917280114586E-01
* log10 Psi^2 range: -33.23707152178733 -- -24.90349615237059
* log10 Pgen range : -33.23707152178733 -- -24.90349615237059
* Site occupation (ave. no. electrons per config.):
  > Site_  ___eu____  ___ed____
      1        0.495      0.500
      2        0.503      0.503
      3        0.502      0.503
      4        0.500      0.502
      5        0.499      0.498
      6        0.499      0.498
      7        0.504      0.500
      8        0.497      0.497
      9        0.498      0.499
     10        0.498      0.499
     11        0.499      0.497
     12        0.504      0.501
     13        0.501      0.508
     14        0.501      0.495
* Pair-correlation analysis (ave. no. pairs per config.):
  > Shell  nsite  ___dh____  __eueu___  __eued___
      0      1        0          0          2.411
      1      1        0.868      0.607      2.552
      2      1        0.291      0.658      1.090
      3      1        0.257      0.709      1.099
      4      1        0.646      1.102      2.311
      5      1        0.497      1.442      2.133
      6      1        0.228      2.072      1.907
      7      1        0.069      0.414      0.568
      8      1        0.138      0.840      1.098
      9      1        0.154      0.913      1.046
     10      1        0.281      1.856      2.105
     11      1        0.239      2.081      1.908
     12      1        0.239      2.133      1.887
     13      1        0.240      2.128      1.915
     14      1        0.134      1.049      0.951
     15      1        0.218      2.159      1.872
     16      1        0.221      1.937      2.055
     17      1        0.246      2.035      1.939
     18      1        0.225      2.083      1.952
     19      1        0.110      0.977      1.007
     20      1        0.111      1.007      0.974
     21      1        0.262      1.927      2.066
     22      1        0.252      2.058      1.952
     23      1        0.119      0.942      1.064
     24      1        0.122      0.935      1.060
     25      1        0.224      1.969      2.038
     26      1        0.116      0.989      1.032
     27      1        0.226      2.034      1.971
     28      1        0.064      0.478      0.512
     29      1        0.063      0.478      0.508
     30      1        0.064      0.480      0.509
     31      1        0.062      0.480      0.512
     32      1        0.115      1.027      0.994

Optimization #5:
* Method          : lls
* Target function : energy
* No. of configs. : 100096
* No. of params.  : 253
* Before optimization:
   5.8736E+00   5.2480E+00   5.7320E+00   5.9545E+00  -5.7077E-01  -6.5080E-01
  -1.6938E+00   1.3542E+00  -8.5738E-01  -8.4742E-01  -2.2428E+00  -2.2446E+00
  -1.7836E+00  -1.7901E+00  -2.8181E-01  -3.0989E+00  -2.1627E+00  -5.6222E-01
  -5.6548E-01  -2.5309E+00  -2.5323E+00  -1.1326E+00  -1.1274E+00  -4.4009E-01
  -4.4706E-01  -2.0636E+00  -9.3915E-01  -9.3756E-01  -1.9824E+00  -1.9838E+00
  -3.0459E+00  -3.0478E+00  -3.5923E-02  -3.3499E-02  -3.8696E+00  -3.8370E+00
  -1.1338E+00  -1.1340E+00  -1.1210E+00  -1.1228E+00   1.6745E-02   2.0563E-02
   1.6645E-02   2.0315E-02  -1.9277E+00  -1.9276E+00   9.9695E-04  -1.9350E+00
  -1.9356E+00  -3.0004E+00  -3.0006E+00  -3.0014E+00  -3.0010E+00  -2.9998E+00
  -3.0008E+00  -3.0015E+00  -3.0008E+00   1.3101E+01  -1.2654E+01   1.7499E+01
  -1.5826E+01  -7.7191E-01  -6.2685E-01   1.1608E+01  -1.0829E+01   2.2317E+01
  -2.0119E+01   1.6672E+01  -1.4872E+01   5.8833E+00  -5.6097E+00   2.7301E+01
  -2.4217E+01   1.7755E+01  -1.5594E+01   8.5796E+00  -8.0281E+00   2.2485E+01
  -1.9942E+01   1.1787E+01  -1.0644E+01   8.5480E+00  -8.0733E+00   1.7725E+01
  -1.5635E+01   1.3334E+01  -1.2369E+01   1.6766E+01  -1.4786E+01   2.2773E+01
  -1.9724E+01   2.8885E+00  -2.8476E+00   2.7757E+01  -2.3887E+01   2.7734E+01
  -2.3896E+01   8.9056E+00  -7.7719E+00   8.8966E+00  -7.7698E+00   2.8490E+00
  -2.8771E+00   2.8457E+00  -2.8757E+00   1.3872E+01  -1.1943E+01   5.4316E-03
  -4.4624E-03   1.3882E+01  -1.1945E+01   2.2739E+01  -1.9743E+01   2.2739E+01
  -1.9743E+01   2.2740E+01  -1.9744E+01   2.2739E+01  -1.9743E+01  -7.2276E-02
  -6.2621E-02   7.7971E-01   1.2420E+00   8.1364E-01   8.0454E-01  -2.2431E-01
  -1.8286E-01  -3.6349E-01  -1.2916E-01  -1.6301E-01  -1.5755E-02  -9.4959E-02
  -1.1122E-02  -1.7721E-02   2.0248E-03  -3.1427E-03  -3.1580E-02   2.7287E-02
  -6.0993E-02   5.1397E-02   1.0002E-03  -1.1372E-02  -5.5602E-03   8.1838E-03
   2.1379E-02   3.7168E-02   1.0903E-02  -3.7495E-02  -3.6879E-02  -7.0693E-03
   9.1006E-02  -1.7557E-02  -2.2920E-02  -2.2907E-02  -2.3431E-02  -2.5244E-02
  -2.9770E-03   1.9894E-02  -1.3271E-01  -7.5523E-02  -8.4871E-02  -6.5238E-02
   4.0579E-02  -9.0628E-02  -1.3108E-02  -4.7004E-02   1.2897E-02   1.5769E-02
   6.4008E-03  -2.0024E-02  -2.7688E-03   5.3324E-02   3.7267E-03  -1.2418E-02
  -1.1340E-02   1.4720E-02   1.2913E-02   2.2159E-02   7.9315E-03  -1.9929E-02
  -1.9536E-02  -9.5168E-04   6.4525E-02  -2.0802E-02   5.2705E-03   6.5655E-03
   5.8420E-03   4.9286E-03  -1.2362E-02  -1.2068E-01  -1.3132E-01  -2.1581E-01
  -4.0426E-02  -1.3023E-01  -6.0962E-02  -1.3131E-01  -1.5597E-02  -4.1056E-02
  -1.2127E-02  -5.0692E-03  -5.4546E-02  -8.7001E-04  -6.2211E-02  -3.9079E-03
  -6.9940E-03  -7.8433E-04   1.1129E-02  -8.0100E-03   1.1560E-02   3.8997E-04
  -1.8262E-02  -1.4604E-02  -1.4106E-02  -8.1695E-03   2.8342E-02   3.0043E-03
  -2.9269E-02  -2.8846E-02  -3.1302E-02  -2.9743E-02   3.0207E-02  -4.6669E-02
  -1.1171E-01  -7.3548E-02  -7.4235E-02  -7.0412E-02   2.4025E-03  -1.2513E-01
  -2.6009E-02  -8.1206E-02  -3.0462E-03   1.6276E-02  -1.4523E-02  -4.5542E-02
   5.7010E-05   7.9811E-03  -5.7518E-03  -1.9332E-03   3.5286E-03  -2.7794E-05
   2.0759E-04  -1.2666E-02  -2.0547E-02   1.2712E-03   1.9419E-03  -4.4533E-03
   8.7192E-03   3.6575E-04   6.1572E-03   5.4997E-03   3.2369E-03   4.9031E-03
   1.7161E-02
  > E    =  -5.359935733689E+02 +/-   9.206973996542E-05
  > varE =   8.484974780836E-04
* Computing derivatives.
    [walltime: 1m17s elapsed, 2h23m remaining]
    [walltime: 1h elapsed, 1h24m remaining]
  Done. [total walltime: 2h24m]
* Optimizing manipulation constant:
  #igrid a___________ E____________________________________ varE____________
     1     Infinity    -5.35993573E+02 +/-   9.20697400E-05   8.48497478E-04
     2     1.0000E+06  -5.35993573E+02 +/-   9.20697341E-05   8.48497370E-04
     3     2.1544E+05  -5.35993573E+02 +/-   9.20697128E-05   8.48496977E-04
     4     4.6416E+04  -5.35993573E+02 +/-   9.20696150E-05   8.48495175E-04
     5     1.0000E+04  -5.35993573E+02 +/-   9.20691872E-05   8.48487289E-04
     6     2.1544E+03  -5.35993573E+02 +/-   9.20677601E-05   8.48460987E-04
     7     4.6416E+02  -5.35993573E+02 +/-   9.20731423E-05   8.48560190E-04
     8     1.0000E+02  -5.35993563E+02 +/-   9.23740353E-05   8.54115404E-04
     9     2.1544E+01  -5.35993137E+02 +/-   1.07573250E-04   1.15831131E-03
    10     4.6416E+00  -5.35953477E+02 +/-   5.74567440E-04   3.30444666E-02
    11     1.0000E+00  -5.35681043E+02 +/-   1.51622119E-03   2.30113368E-01
    12     2.1544E-01  -5.34331545E+02 +/-   1.78874733E+01   3.20268863E+07
    13     4.6416E-02  -5.34317088E+02 +/-   2.40791179E-03   5.80360529E-01
    14     1.0000E-02  -5.34331916E+02 +/-   2.50660774E-03   6.28911410E-01
    15     2.1544E-03  -5.34333973E+02 +/-   1.31437866E-03   1.72924975E-01
    16     4.6416E-04  -5.34334334E+02 +/-   3.96501819E-04   1.57364617E-02
    17     1.0000E-04  -5.34334409E+02 +/-   3.54117136E-04   1.25519329E-02
    18     2.1544E-05  -5.34334424E+02 +/-   3.47746549E-04   1.21043753E-02
    19     4.6416E-06  -5.34334428E+02 +/-   3.46463629E-04   1.20152281E-02
    20     1.0000E-06  -5.34334429E+02 +/-   3.46188131E-04   1.19961275E-02
    21     0.0000E+00  -5.34334429E+02 +/-   3.46112791E-04   1.19909067E-02
* Iteration # 1: E =  -5.359935734059E+02 +/-   9.206776014703E-05
* Convergence: exiting.
* After optimization:
   5.8668E+00   5.2412E+00   5.7252E+00   5.9477E+00  -5.7077E-01  -6.5079E-01
  -1.6920E+00   1.3542E+00  -8.5624E-01  -8.4628E-01  -2.2419E+00  -2.2437E+00
  -1.7834E+00  -1.7899E+00  -2.8138E-01  -3.0989E+00  -2.1609E+00  -5.6130E-01
  -5.6456E-01  -2.5300E+00  -2.5313E+00  -1.1314E+00  -1.1263E+00  -4.3917E-01
  -4.4614E-01  -2.0618E+00  -9.3915E-01  -9.3756E-01  -1.9822E+00  -1.9836E+00
  -3.0450E+00  -3.0469E+00  -3.5707E-02  -3.3284E-02  -3.8696E+00  -3.8370E+00
  -1.1329E+00  -1.1331E+00  -1.1200E+00  -1.1219E+00   1.6961E-02   2.0778E-02
   1.6860E-02   2.0530E-02  -1.9277E+00  -1.9276E+00   9.9714E-04  -1.9350E+00
  -1.9356E+00  -2.9995E+00  -2.9997E+00  -3.0005E+00  -3.0001E+00  -2.9989E+00
  -2.9999E+00  -3.0006E+00  -2.9999E+00   1.3101E+01  -1.2654E+01   1.7486E+01
  -1.5815E+01  -7.7191E-01  -6.2685E-01   1.1600E+01  -1.0822E+01   2.2311E+01
  -2.0114E+01   1.6670E+01  -1.4870E+01   5.8802E+00  -5.6070E+00   2.7301E+01
  -2.4216E+01   1.7742E+01  -1.5583E+01   8.5731E+00  -8.0226E+00   2.2479E+01
  -1.9937E+01   1.1779E+01  -1.0637E+01   8.5415E+00  -8.0677E+00   1.7712E+01
  -1.5624E+01   1.3334E+01  -1.2369E+01   1.6764E+01  -1.4785E+01   2.2766E+01
  -1.9718E+01   2.8869E+00  -2.8462E+00   2.7757E+01  -2.3887E+01   2.7734E+01
  -2.3895E+01   8.8992E+00  -7.7663E+00   8.8901E+00  -7.7643E+00   2.8474E+00
  -2.8758E+00   2.8442E+00  -2.8744E+00   1.3871E+01  -1.1943E+01   5.4319E-03
  -4.4626E-03   1.3882E+01  -1.1945E+01   2.2733E+01  -1.9737E+01   2.2733E+01
  -1.9738E+01   2.2733E+01  -1.9739E+01   2.2733E+01  -1.9737E+01  -7.2281E-02
  -6.2626E-02   7.8075E-01   1.2436E+00   8.1474E-01   8.0564E-01  -2.2462E-01
  -1.8312E-01  -3.6398E-01  -1.2935E-01  -1.6324E-01  -1.5776E-02  -9.5096E-02
  -1.1142E-02  -1.7743E-02   2.0297E-03  -3.1479E-03  -3.1622E-02   2.7326E-02
  -6.1071E-02   5.1459E-02   1.0061E-03  -1.1385E-02  -5.5634E-03   8.2001E-03
   2.1406E-02   3.7219E-02   1.0916E-02  -3.7550E-02  -3.6934E-02  -7.0731E-03
   9.1129E-02  -1.7580E-02  -2.2953E-02  -2.2941E-02  -2.3463E-02  -2.5279E-02
  -2.9835E-03   1.9903E-02  -1.3290E-01  -7.5637E-02  -8.4995E-02  -6.5333E-02
   4.0635E-02  -9.0754E-02  -1.3124E-02  -4.7062E-02   1.2920E-02   1.5783E-02
   6.4055E-03  -2.0045E-02  -2.7702E-03   5.3392E-02   3.7310E-03  -1.2433E-02
  -1.1356E-02   1.4740E-02   1.2932E-02   2.2190E-02   7.9443E-03  -1.9963E-02
  -1.9569E-02  -9.4852E-04   6.4608E-02  -2.0834E-02   5.2734E-03   6.5691E-03
   5.8443E-03   4.9307E-03  -1.2381E-02  -1.2070E-01  -1.3135E-01  -2.1582E-01
  -4.0439E-02  -1.3024E-01  -6.0963E-02  -1.3132E-01  -1.5596E-02  -4.1056E-02
  -1.2125E-02  -5.0676E-03  -5.4545E-02  -8.7364E-04  -6.2208E-02  -3.9161E-03
  -6.9885E-03  -7.8307E-04   1.1132E-02  -8.0060E-03   1.1560E-02   3.9371E-04
  -1.8261E-02  -1.4607E-02  -1.4110E-02  -8.1613E-03   2.8341E-02   3.0069E-03
  -2.9269E-02  -2.8847E-02  -3.1302E-02  -2.9743E-02   3.0206E-02  -4.6699E-02
  -1.1172E-01  -7.3567E-02  -7.4248E-02  -7.0427E-02   2.4015E-03  -1.2513E-01
  -2.6001E-02  -8.1202E-02  -3.0412E-03   1.6270E-02  -1.4529E-02  -4.5542E-02
   5.8155E-05   7.9745E-03  -5.7523E-03  -1.9330E-03   3.5267E-03  -3.0028E-05
   2.1130E-04  -1.2663E-02  -2.0542E-02   1.2666E-03   1.9368E-03  -4.4467E-03
   8.7139E-03   3.6375E-04   6.1525E-03   5.4963E-03   3.2344E-03   4.8992E-03
   1.7161E-02
  > Energy =  -5.359935734059E+02 +/-   9.206776014703E-05
  > varE =   8.484609872051E-04

VMC #6:
* Size of Hilbert space =   1.1779E+07
* Number of equil. steps   = 1000
* Running VMC equilibration.
  Done. [total walltime: 0.16s]
* Equil. acc.ratio (%)     =  18.0532
* Sample config after equilibration:
  +-------------+
  |  d       d  |
  |      u      |
  |    d   2    |
  |u           u|
  |d           d|
  |    d   0    |
  |      u      |
  |  u       u  |
  +-------------+
* Number of accum. steps   = 500480 x 10
* Running VMC accumulation.
    [walltime: 1m elapsed, 2m15s remaining]
  Done. [total walltime: 3m16s]
* Acceptance ratio (%)     =  18.0168
* Etot/t                   =  -5.359936177611E+02 +/-   4.023310709060E-05
  > Ttot/t                 =  -3.899564946806E+01 +/-   6.921969609478E-04
  > Utot/t                 =   1.646866524491E+01 +/-   6.877649878929E-04
* var[Eloc/t]              =   8.504425285222E-04 +/-   9.308500034532E-06
* Correlation length       =   9.525963287427E-01
* log10 Psi^2 range: -33.01918364609219 -- -24.90297414886503
* log10 Pgen range : -33.01918364609219 -- -24.90297414886503
* Site occupation (ave. no. electrons per config.):
  > Site_  ___eu____  ___ed____
      1        0.497      0.497
      2        0.502      0.504
      3        0.503      0.503
      4        0.500      0.501
      5        0.500      0.497
      6        0.501      0.500
      7        0.500      0.502
      8        0.496      0.497
      9        0.500      0.499
     10        0.497      0.496
     11        0.499      0.498
     12        0.501      0.506
     13        0.503      0.503
     14        0.500      0.497
* Pair-correlation analysis (ave. no. pairs per config.):
  > Shell  nsite  ___dh____  __eueu___  __eued___
      0      1        0          0          2.415
      1      1        0.867      0.604      2.554
      2      1        0.291      0.665      1.091
      3      1        0.256      0.712      1.098
      4      1        0.651      1.104      2.305
      5      1        0.497      1.450      2.129
      6      1        0.231      2.065      1.902
      7      1        0.070      0.415      0.565
      8      1        0.138      0.842      1.091
      9      1        0.153      0.917      1.053
     10      1        0.283      1.862      2.104
     11      1        0.241      2.075      1.917
     12      1        0.246      2.125      1.887
     13      1        0.240      2.127      1.921
     14      1        0.139      1.051      0.949
     15      1        0.217      2.154      1.878
     16      1        0.219      1.935      2.052
     17      1        0.247      2.033      1.941
     18      1        0.226      2.077      1.950
     19      1        0.110      0.979      1.000
     20      1        0.110      1.000      0.980
     21      1        0.261      1.934      2.066
     22      1        0.253      2.054      1.961
     23      1        0.120      0.939      1.061
     24      1        0.122      0.940      1.058
     25      1        0.225      1.973      2.028
     26      1        0.116      0.990      1.030
     27      1        0.223      2.029      1.978
     28      1        0.064      0.482      0.510
     29      1        0.064      0.479      0.509
     30      1        0.063      0.481      0.512
     31      1        0.064      0.480      0.508
     32      1        0.114      1.028      0.996

VDAGGER finished.
Total VDAGGER walltime: 16h41m

Run ended: Thu Oct 30 01:44:54 CET 2025
