Run started: Thu Jan 15 15:23:58 CET 2026
Using VDAGGER_ARCH = gnu7_fkfamd_cluster
Running 1x128 MPI processes.

                               xx
                              +##
                               #X
                               Xx
                          X##XxXxxX##x
                           +   Xx  ++
                               ##
                              +##
                              +##
     ++++         ++          +##
   xX+++##+      ####         +##
  Xx    ###      +X##          ##
 xX    X##+        ##          #X
 +    x##X         #x          #X
      ###         +#           x+
     X##+         #+
     ###         Xx                    _______
     ##X       +X+   __________________VDAGGER
     +##x    +xX     2nd quantized variational
       +xxxxx+       ______quantum Monte Carlo

* Running 128 MPI processes.
* Input file: "input.01.casl"

############# Start of input file dump #############
General:
  Random seed: timer

Plan:
  VMC-optimization:
    Minimum cycles: 10
    Convergence cycles: 7

System:
  Hubbard model:
    Primitive cell:
      a_1: [ 3.0, 1.0 ]
      a_2: [ -1.0, 3.0 ]
    Simulation cell:
      a_1: [ 10.0, 0.0 ]
      a_2: [ 0.0, 10.0 ]
    U: 2.0
    Dump Hamiltonian: FCIDUMP.new
    Dump orbitals: LTSC.new
  netot: 10

VMC:
  nstep: 500000
  nconfig: 100000

Optimization:
  max_niter: 1

Jastrow: wfn.casl
############## End of input file dump ##############

General setup:
* Random seed: 735972565 (from timer)

Hubbard system:
* Dimensionality        : 2
* Simulation cell:
  > a_1 =   1.000000000000E+01   0.000000000000E+00
  > a_2 =   0.000000000000E+00   1.000000000000E+01
* Primitive cell:
  > a_1 =   3.000000000000E+00   1.000000000000E+00
  > a_2 =  -1.000000000000E+00   3.000000000000E+00
* Prim.cells in sim.cell: 10
* Number of sublattices : 1
* # real-space shells   : 3
  > Shell #1: 4 sites, rij =  3.1623E+00
  > Shell #2: 4 sites, rij =  4.4721E+00
  > Shell #3: 1 sites, rij =  7.0711E+00
* Site labels:
  +-----------------------------+
  |                      4      |
  |             7               |
  |   10                        |
  |                         3   |
  |                6            |
  |       9                     |
  |                            2|
  |                   5         |
  |          8                  |
  | 1                           |
  +-----------------------------+
* Shell diagram:
  +-------------------+
  |              0    |
  |        1          |
  |  2                |
  |                1  |
  |          2        |
  |    3              |
  |                  2|
  |            1      |
  |      2            |
  |1                  |
  +-------------------+
* Hop multiplicity diagram:
  +-------------------+
  |              0    |
  |        1          |
  |  -                |
  |                1  |
  |          -        |
  |    -              |
  |                  -|
  |            1      |
  |      -            |
  |1                  |
  +-------------------+
* Reciprocal lattice of the simulation cell:
  > b_1 =   6.283185307180E-01  -0.000000000000E+00
  > b_2 =  -0.000000000000E+00   6.283185307180E-01
* k-vector offset:
  > Fractional:   0.000000000000E+00   0.000000000000E+00
  > Absolute  :   0.000000000000E+00   0.000000000000E+00
* G-vector occupation diagram:
  +----0----+
  |      -  |
  |- - 2 -  |
  0  2 2 2  0
  |  - 2 - -|
  |  -      |
  +----0----+
* G-vectors and non-interacting energy levels:
  > G_1 = [   0.0000E+00,  0.0000E+00,  0.0000E+00 ], e =  -4.0000E+00
  > G_2 = [  -6.2832E-01,  0.0000E+00,  0.0000E+00 ], e =  -1.0000E+00
  > G_3 = [   6.2832E-01,  0.0000E+00,  0.0000E+00 ], e =  -1.0000E+00
  > G_4 = [   0.0000E+00, -6.2832E-01,  0.0000E+00 ], e =  -1.0000E+00
  > G_5 = [   0.0000E+00,  6.2832E-01,  0.0000E+00 ], e =  -1.0000E+00 = e_F
  > G_6 = [  -6.2832E-01, -6.2832E-01,  0.0000E+00 ], e =   1.0000E+00
  > G_7 = [   6.2832E-01,  6.2832E-01,  0.0000E+00 ], e =   1.0000E+00
  > G_8 = [   6.2832E-01, -6.2832E-01,  0.0000E+00 ], e =   1.0000E+00
  > G_9 = [  -6.2832E-01,  6.2832E-01,  0.0000E+00 ], e =   1.0000E+00
  > ...
* U/t                   :  2.00000000000E+00
* Hartree-Fock Etot/t   : -1.10000000000E+01
  > Ttot/t              : -1.60000000000E+01
  > Utot/t              :  5.00000000000E+00
* Writing Hamiltonian to "FCIDUMP.new".
* Writing orbitals to "LTSC.new".
* Analysis of Hamiltonian connecitivity performed:
  - U_iiii [opp] (local, 1-site): 10 (i) values
  - T_ji (single, 2-site): 40 contribs. from 10 (i) values
  - Max. no. wfn. ratios in Eloc: 4
* Site labels:
  +-----------------------------+
  |                      4      |
  |             7               |
  |   10                        |
  |                         3   |
  |                6            |
  |       9                     |
  |                            2|
  |                   5         |
  |          8                  |
  | 1                           |
  +-----------------------------+
* Model system Site kinds:
  [ 1, 1, 1, 1, 1, 1, 1, 1, 1, 1 ]
  +-------------------+
  |              1    |
  |        1          |
  |  1                |
  |                1  |
  |          1        |
  |    1              |
  |                  1|
  |            1      |
  |      1            |
  |1                  |
  +-------------------+
* Maximum Site kind: 1
* Model system Site pair kinds:
  Site 1: [ 0, 1, 2, 1, 2, 3, 2, 1, 2, 1 ]
  Site 2: [ 1, 0, 1, 2, 1, 2, 3, 2, 1, 2 ]
  Site 3: [ 2, 1, 0, 1, 2, 1, 2, 3, 2, 1 ]
  Site 4: [ 1, 2, 1, 0, 1, 2, 1, 2, 3, 2 ]
  Site 5: [ 2, 1, 2, 1, 0, 1, 2, 1, 2, 3 ]
  Site 6: [ 3, 2, 1, 2, 1, 0, 1, 2, 1, 2 ]
  Site 7: [ 2, 3, 2, 1, 2, 1, 0, 1, 2, 1 ]
  Site 8: [ 1, 2, 3, 2, 1, 2, 1, 0, 1, 2 ]
  Site 9: [ 2, 1, 2, 3, 2, 1, 2, 1, 0, 1 ]
  Site 10: [ 1, 2, 1, 2, 3, 2, 1, 2, 1, 0 ]
  For site 1 of kind 1:
  +-------------------+
  |              1    |
  |        2          |
  |  1                |
  |                2  |
  |          3        |
  |    2              |
  |                  1|
  |            2      |
  |      1            |
  |0                  |
  +-------------------+
* Maximum (unsigned) Site pair kind: 3

General system setup:
* Number of sites       : 10
* Number of electrons   : 10
* Spin imbalance MS2    : 0
* Filling               : 0.500000
* Number of orbitals in pool: 13
* Using real-valued orbitals
* Using double-precision arithmetic for orbitals

Trial wave function setup:
* Jastrow parameter file: "wfn.casl"
* Not using multideterminants
* Not using a backflow transformation
* Not using wave function manipulation

VMC #1:
* Size of Hilbert space =   6.3504E+04
* Deterministic energy evaluation:
  > Deterministic Etot/t = -11.000000000000000
    - Ttot/t = -16.000000000000000
    - Utot/t = 5.0000000000000000
* Number of equil. steps   = 1000
* Running VMC equilibration.
  Done. [total walltime: 0.02s]
* Equil. acc.ratio (%)     =  63.2201
* Sample config after equilibration:
  +-------------------+
  |              u    |
  |        0          |
  |  2                |
  |                d  |
  |          d        |
  |    0              |
  |                  2|
  |            0      |
  |      2            |
  |u                  |
  +-------------------+
* Number of accum. steps   = 500480 x 10
* Running VMC accumulation.
  Done. [total walltime: 0.75s]
* Acceptance ratio (%)     =  63.1868
* Etot/t                   =  -1.100245764066E+01 +/-   2.524646885329E-03
  > Ttot/t                 =  -1.600000000000E+01 +/-   1.032128687852E-17
  > Utot/t                 =   4.997542359335E+00 +/-   2.524646885329E-03
* var[Eloc/t]              =   3.070780146814E+00 +/-   5.369430362371E-03
* Correlation length       =   1.038817577097E+00
* log10 Psi^2 range: 1.7855800607042631 -- 4.5814600780483756
* log10 Pgen range : 1.7855800607042631 -- 4.5814600780483756
* Site occupation (ave. no. electrons per config.):
  > Site_  ___eu____  ___ed____
      1        0.502      0.502
      2        0.500      0.500
      3        0.501      0.499
      4        0.498      0.501
      5        0.500      0.498
      6        0.499      0.500
      7        0.500      0.500
      8        0.500      0.501
      9        0.498      0.500
     10        0.501      0.500
* Pair-correlation analysis (ave. no. pairs per config.):
  > Shell  nsite  ___dh____  __eueu___  __eued___
      0      1        0          0          2.499
      1     10        3.364      8.389     10.006
      2     10        2.493     10.015      9.993
      3     10        1.157      1.596      2.502

Optimization #1:
* Method          : lls
* Target function : energy
* No. of configs. : 100096
* No. of params.  : 8
* Before optimization:
   0.0000E+00   0.0000E+00   0.0000E+00   0.0000E+00   0.0000E+00   0.0000E+00
   0.0000E+00   0.0000E+00
  > E    =  -1.100147858056E+01 +/-   5.538570162072E-03
  > varE =   3.070520816925E+00
* Computing derivatives.
  Done. [total walltime: 0.17s]
* Optimizing manipulation constant:
  #igrid a___________ E____________________________________ varE____________
     1     Infinity    -1.10014786E+01 +/-   5.53857016E-03   3.07052082E+00
     2     1.0000E+06  -1.10014847E+01 +/-   5.53853673E-03   3.07048375E+00
     3     2.1544E+05  -1.10015071E+01 +/-   5.53841501E-03   3.07034879E+00
     4     4.6416E+04  -1.10016110E+01 +/-   5.53785013E-03   3.06972251E+00
     5     1.0000E+04  -1.10020930E+01 +/-   5.53523040E-03   3.06681888E+00
     6     2.1544E+03  -1.10043206E+01 +/-   5.52311844E-03   3.05341219E+00
     7     4.6416E+02  -1.10144657E+01 +/-   5.46790270E-03   2.99266620E+00
     8     1.0000E+02  -1.10577634E+01 +/-   5.23096442E-03   2.73892572E+00
     9     2.1544E+01  -1.12027473E+01 +/-   4.41027065E-03   1.94691597E+00
    10     4.6416E+00  -1.14466972E+01 +/-   2.82564141E-03   7.99191427E-01
    11     1.0000E+00  -1.15393276E+01 +/-   2.46451339E-03   6.07965715E-01
    12     2.1544E-01  -1.15270551E+01 +/-   2.91331279E-03   8.49553930E-01
    13     4.6416E-02  -1.15187047E+01 +/-   3.07353449E-03   9.45568303E-01
    14     1.0000E-02  -1.15165275E+01 +/-   3.11154734E-03   9.69102131E-01
    15     2.1544E-03  -1.15160394E+01 +/-   3.11990494E-03   9.74315130E-01
    16     4.6416E-04  -1.15159333E+01 +/-   3.12171339E-03   9.75444977E-01
    17     1.0000E-04  -1.15159104E+01 +/-   3.12210337E-03   9.75688709E-01
    18     2.1544E-05  -1.15159055E+01 +/-   3.12218741E-03   9.75741235E-01
    19     4.6416E-06  -1.15159044E+01 +/-   3.12220551E-03   9.75752551E-01
    20     1.0000E-06  -1.15159042E+01 +/-   3.12220942E-03   9.75754990E-01
    21     0.0000E+00  -1.15159041E+01 +/-   3.12221049E-03   9.75755659E-01
  ParMin   5.6397E-01  -1.15368705E+01 +/-   2.65967652E-03   7.08067010E-01
  # Using grid point #11
* Iteration # 1: E =  -1.153932757330E+01 +/-   2.464513394722E-03
* Reached maximum number of iterations: exiting.
* After optimization:
  -9.7443E-01   1.0984E-01   8.9469E-02   2.2863E-02   3.0367E-02  -7.8113E-02
   1.5877E-02  -6.7959E-02
  > Energy =  -1.153932757330E+01 +/-   2.464513394722E-03
  > varE =   6.079657145988E-01

VMC #2:
* Size of Hilbert space =   6.3504E+04
* Deterministic energy evaluation:
  > Deterministic Etot/t = -11.537760572865089
    - Ttot/t = -15.493756787149463
    - Utot/t = 3.9559962142843861
* Number of equil. steps   = 1000
* Running VMC equilibration.
  Done. [total walltime: 0.01s]
* Equil. acc.ratio (%)     =  52.5108
* Sample config after equilibration:
  +-------------------+
  |              u    |
  |        d          |
  |  d                |
  |                d  |
  |          2        |
  |    0              |
  |                  u|
  |            u      |
  |      u            |
  |d                  |
  +-------------------+
* Number of accum. steps   = 500480 x 10
* Running VMC accumulation.
  Done. [total walltime: 0.45s]
* Acceptance ratio (%)     =  52.4037
* Etot/t                   =  -1.153576150802E+01 +/-   1.116172921252E-03
  > Ttot/t                 =  -1.549739034434E+01 +/-   2.717119792550E-03
  > Utot/t                 =   3.961628836317E+00 +/-   2.618562785345E-03
* var[Eloc/t]              =   6.100123838395E-01 +/-   1.227610102151E-03
* Correlation length       =   1.022141542930E+00
* log10 Psi^2 range: -0.65124551325934155 -- 3.5003090476814345
* log10 Pgen range : -0.65124551325934155 -- 3.5003090476814345
* Site occupation (ave. no. electrons per config.):
  > Site_  ___eu____  ___ed____
      1        0.501      0.502
      2        0.500      0.499
      3        0.501      0.501
      4        0.498      0.500
      5        0.499      0.498
      6        0.499      0.498
      7        0.500      0.499
      8        0.503      0.500
      9        0.500      0.500
     10        0.498      0.503
* Pair-correlation analysis (ave. no. pairs per config.):
  > Shell  nsite  ___dh____  __eueu___  __eued___
      0      1        0          0          1.986
      1     10        2.339      8.345     10.375
      2     10        1.699     10.092      9.769
      3     10        0.762      1.563      2.870

Optimization #2:
* Method          : lls
* Target function : energy
* No. of configs. : 100096
* No. of params.  : 8
* Before optimization:
  -9.7443E-01   1.0984E-01   8.9469E-02   2.2863E-02   3.0367E-02  -7.8113E-02
   1.5877E-02  -6.7959E-02
  > E    =  -1.153876320040E+01 +/-   2.461043220109E-03
  > varE =   6.062548195629E-01
* Computing derivatives.
  Done. [total walltime: 0.13s]
* Optimizing manipulation constant:
  #igrid a___________ E____________________________________ varE____________
     1     Infinity    -1.15387632E+01 +/-   2.46104322E-03   6.06254820E-01
     2     1.0000E+06  -1.15387639E+01 +/-   2.46102696E-03   6.06246806E-01
     3     2.1544E+05  -1.15387665E+01 +/-   2.46096773E-03   6.06217628E-01
     4     4.6416E+04  -1.15387786E+01 +/-   2.46069292E-03   6.06082246E-01
     5     1.0000E+04  -1.15388348E+01 +/-   2.45941929E-03   6.05455002E-01
     6     2.1544E+03  -1.15390934E+01 +/-   2.45354858E-03   6.02567973E-01
     7     4.6416E+02  -1.15402521E+01 +/-   2.42715491E-03   5.89673641E-01
     8     1.0000E+02  -1.15448627E+01 +/-   2.32071529E-03   5.39088975E-01
     9     2.1544E+01  -1.15569468E+01 +/-   2.03181187E-03   4.13222258E-01
    10     4.6416E+00  -1.15695574E+01 +/-   1.72727711E-03   2.98635037E-01
    11     1.0000E+00  -1.15737896E+01 +/-   1.63897930E-03   2.68883196E-01
    12     2.1544E-01  -1.15744633E+01 +/-   1.62875015E-03   2.65537375E-01
    13     4.6416E-02  -1.15745662E+01 +/-   1.62762922E-03   2.65172008E-01
    14     1.0000E-02  -1.15745857E+01 +/-   1.62745144E-03   2.65114085E-01
    15     2.1544E-03  -1.15745897E+01 +/-   1.62741626E-03   2.65102623E-01
    16     4.6416E-04  -1.15745906E+01 +/-   1.62740883E-03   2.65100201E-01
    17     1.0000E-04  -1.15745908E+01 +/-   1.62740723E-03   2.65099681E-01
    18     2.1544E-05  -1.15745908E+01 +/-   1.62740689E-03   2.65099570E-01
    19     4.6416E-06  -1.15745908E+01 +/-   1.62740681E-03   2.65099545E-01
    20     1.0000E-06  -1.15745908E+01 +/-   1.62740680E-03   2.65099540E-01
    21     0.0000E+00  -1.15745908E+01 +/-   1.62740679E-03   2.65099539E-01
* Iteration # 1: E =  -1.157459084073E+01 +/-   1.627406794170E-03
* Reached maximum number of iterations: exiting.
* After optimization:
  -1.5160E+00   1.6139E-01   1.1650E-01  -8.9164E-03  -1.2627E-02  -1.2721E-01
  -1.6689E-02  -1.0474E-01
  > Energy =  -1.157459084073E+01 +/-   1.627406794170E-03
  > varE =   2.650995388471E-01

VMC #3:
* Size of Hilbert space =   6.3504E+04
* Deterministic energy evaluation:
  > Deterministic Etot/t = -11.572728656636997
    - Ttot/t = -15.451067252592111
    - Utot/t = 3.8783385959551118
* Number of equil. steps   = 1000
* Running VMC equilibration.
  Done. [total walltime: 0.01s]
* Equil. acc.ratio (%)     =  51.3745
* Sample config after equilibration:
  +-------------------+
  |              0    |
  |        0          |
  |  u                |
  |                u  |
  |          2        |
  |    2              |
  |                  d|
  |            2      |
  |      0            |
  |d                  |
  +-------------------+
* Number of accum. steps   = 500480 x 10
* Running VMC accumulation.
  Done. [total walltime: 0.45s]
* Acceptance ratio (%)     =  51.3161
* Etot/t                   =  -1.157322722360E+01 +/-   7.291669515621E-04
  > Ttot/t                 =  -1.545104052284E+01 +/-   2.559735670010E-03
  > Utot/t                 =   3.877813299233E+00 +/-   2.473251529153E-03
* var[Eloc/t]              =   2.693878272539E-01 +/-   1.578159775691E-03
* Correlation length       =   9.877856504152E-01
* log10 Psi^2 range: -1.7066719500488177 -- 2.0817211941729670
* log10 Pgen range : -1.7066719500488177 -- 2.0817211941729670
* Site occupation (ave. no. electrons per config.):
  > Site_  ___eu____  ___ed____
      1        0.501      0.501
      2        0.499      0.501
      3        0.503      0.499
      4        0.498      0.500
      5        0.502      0.499
      6        0.499      0.498
      7        0.501      0.499
      8        0.500      0.503
      9        0.498      0.500
     10        0.500      0.499
* Pair-correlation analysis (ave. no. pairs per config.):
  > Shell  nsite  ___dh____  __eueu___  __eued___
      0      1        0          0          1.945
      1     10        2.249      8.345     10.351
      2     10        1.581     10.083      9.780
      3     10        0.701      1.572      2.924

Optimization #3:
* Method          : lls
* Target function : energy
* No. of configs. : 100096
* No. of params.  : 8
* Before optimization:
  -1.5160E+00   1.6139E-01   1.1650E-01  -8.9164E-03  -1.2627E-02  -1.2721E-01
  -1.6689E-02  -1.0474E-01
  > E    =  -1.157257115696E+01 +/-   1.643418347865E-03
  > varE =   2.703416657010E-01
* Computing derivatives.
  Done. [total walltime: 0.13s]
* Optimizing manipulation constant:
  #igrid a___________ E____________________________________ varE____________
     1     Infinity    -1.15725712E+01 +/-   1.64341835E-03   2.70341666E-01
     2     1.0000E+06  -1.15725712E+01 +/-   1.64341833E-03   2.70341659E-01
     3     2.1544E+05  -1.15725712E+01 +/-   1.64341825E-03   2.70341634E-01
     4     4.6416E+04  -1.15725712E+01 +/-   1.64341790E-03   2.70341520E-01
     5     1.0000E+04  -1.15725715E+01 +/-   1.64341630E-03   2.70340994E-01
     6     2.1544E+03  -1.15725729E+01 +/-   1.64340916E-03   2.70338642E-01
     7     4.6416E+02  -1.15725789E+01 +/-   1.64338171E-03   2.70329612E-01
     8     1.0000E+02  -1.15726036E+01 +/-   1.64335623E-03   2.70321229E-01
     9     2.1544E+01  -1.15726757E+01 +/-   1.64426887E-03   2.70621561E-01
    10     4.6416E+00  -1.15727764E+01 +/-   1.64955444E-03   2.72364204E-01
    11     1.0000E+00  -1.15728309E+01 +/-   1.65698215E-03   2.74822560E-01
    12     2.1544E-01  -1.15728445E+01 +/-   1.66060770E-03   2.76026525E-01
    13     4.6416E-02  -1.15728472E+01 +/-   1.66161042E-03   2.76359969E-01
    14     1.0000E-02  -1.15728478E+01 +/-   1.66183983E-03   2.76436287E-01
    15     2.1544E-03  -1.15728479E+01 +/-   1.66188992E-03   2.76452951E-01
    16     4.6416E-04  -1.15728479E+01 +/-   1.66190074E-03   2.76456551E-01
    17     1.0000E-04  -1.15728479E+01 +/-   1.66190307E-03   2.76457327E-01
    18     2.1544E-05  -1.15728479E+01 +/-   1.66190358E-03   2.76457495E-01
    19     4.6416E-06  -1.15728479E+01 +/-   1.66190369E-03   2.76457531E-01
    20     1.0000E-06  -1.15728479E+01 +/-   1.66190371E-03   2.76457538E-01
    21     0.0000E+00  -1.15728479E+01 +/-   1.66190371E-03   2.76457540E-01
  ParMin   1.1646E-01  -1.15728461E+01 +/-   1.66118286E-03   2.76217764E-01
  # Using grid point #12
* Iteration # 1: E =  -1.157284451976E+01 +/-   1.660607701933E-03
* Reached maximum number of iterations: exiting.
* After optimization:
  -1.5506E+00   1.6499E-01   1.1715E-01  -1.2725E-02  -1.9272E-02  -1.2827E-01
  -2.0218E-02  -1.0473E-01
  > Energy =  -1.157284451976E+01 +/-   1.660607701933E-03
  > varE =   2.760265252941E-01

VMC #4:
* Size of Hilbert space =   6.3504E+04
* Deterministic energy evaluation:
  > Deterministic Etot/t = -11.572956629145713
    - Ttot/t = -15.441736441449226
    - Utot/t = 3.8687798123035151
* Number of equil. steps   = 1000
* Running VMC equilibration.
  Done. [total walltime: 0.01s]
* Equil. acc.ratio (%)     =  51.1516
* Sample config after equilibration:
  +-------------------+
  |              u    |
  |        u          |
  |  d                |
  |                u  |
  |          d        |
  |    d              |
  |                  d|
  |            0      |
  |      2            |
  |u                  |
  +-------------------+
* Number of accum. steps   = 500480 x 10
* Running VMC accumulation.
  Done. [total walltime: 0.45s]
* Acceptance ratio (%)     =  51.1961
* Etot/t                   =  -1.157245228131E+01 +/-   7.416750409536E-04
  > Ttot/t                 =  -1.544034710228E+01 +/-   2.558077394981E-03
  > Utot/t                 =   3.867894820972E+00 +/-   2.443624259464E-03
* var[Eloc/t]              =   2.703925549114E-01 +/-   1.824894094397E-03
* Correlation length       =   1.018167724969E+00
* log10 Psi^2 range: -2.2586671724680314 -- 2.0019603222745004
* log10 Pgen range : -2.2586671724680314 -- 2.0019603222745004
* Site occupation (ave. no. electrons per config.):
  > Site_  ___eu____  ___ed____
      1        0.498      0.501
      2        0.502      0.495
      3        0.499      0.503
      4        0.498      0.498
      5        0.501      0.501
      6        0.501      0.498
      7        0.501      0.501
      8        0.501      0.499
      9        0.500      0.502
     10        0.499      0.502
* Pair-correlation analysis (ave. no. pairs per config.):
  > Shell  nsite  ___dh____  __eueu___  __eued___
      0      1        0          0          1.933
      1     10        2.226      8.342     10.364
      2     10        1.570     10.081      9.774
      3     10        0.691      1.577      2.929

Optimization #4:
* Method          : lls
* Target function : energy
* No. of configs. : 100096
* No. of params.  : 8
* Before optimization:
  -1.5506E+00   1.6499E-01   1.1715E-01  -1.2725E-02  -1.9272E-02  -1.2827E-01
  -2.0218E-02  -1.0473E-01
  > E    =  -1.157543670516E+01 +/-   1.628898163311E-03
  > varE =   2.655856403297E-01
* Computing derivatives.
  Done. [total walltime: 0.13s]
* Optimizing manipulation constant:
  #igrid a___________ E____________________________________ varE____________
     1     Infinity    -1.15754367E+01 +/-   1.62889816E-03   2.65585640E-01
     2     1.0000E+06  -1.15754367E+01 +/-   1.62889820E-03   2.65585653E-01
     3     2.1544E+05  -1.15754367E+01 +/-   1.62889835E-03   2.65585701E-01
     4     4.6416E+04  -1.15754367E+01 +/-   1.62889903E-03   2.65585922E-01
     5     1.0000E+04  -1.15754367E+01 +/-   1.62890217E-03   2.65586948E-01
     6     2.1544E+03  -1.15754368E+01 +/-   1.62891673E-03   2.65591695E-01
     7     4.6416E+02  -1.15754370E+01 +/-   1.62898323E-03   2.65613381E-01
     8     1.0000E+02  -1.15754381E+01 +/-   1.62927077E-03   2.65707160E-01
     9     2.1544E+01  -1.15754411E+01 +/-   1.63026837E-03   2.66032642E-01
    10     4.6416E+00  -1.15754449E+01 +/-   1.63211131E-03   2.66634457E-01
    11     1.0000E+00  -1.15754460E+01 +/-   1.63333599E-03   2.67034755E-01
    12     2.1544E-01  -1.15754459E+01 +/-   1.63368825E-03   2.67149947E-01
    13     4.6416E-02  -1.15754458E+01 +/-   1.63376551E-03   2.67175215E-01
    14     1.0000E-02  -1.15754458E+01 +/-   1.63378208E-03   2.67180636E-01
    15     2.1544E-03  -1.15754458E+01 +/-   1.63378565E-03   2.67181802E-01
    16     4.6416E-04  -1.15754458E+01 +/-   1.63378641E-03   2.67182054E-01
    17     1.0000E-04  -1.15754458E+01 +/-   1.63378658E-03   2.67182108E-01
    18     2.1544E-05  -1.15754458E+01 +/-   1.63378662E-03   2.67182119E-01
    19     4.6416E-06  -1.15754458E+01 +/-   1.63378662E-03   2.67182122E-01
    20     1.0000E-06  -1.15754458E+01 +/-   1.63378663E-03   2.67182122E-01
    21     0.0000E+00  -1.15754458E+01 +/-   1.63378663E-03   2.67182123E-01
  ParMin   4.4735E+01  -1.15754393E+01 +/-   1.62966316E-03   2.65835160E-01
  # Using parabolic minimum
* Iteration # 1: E =  -1.157543933944E+01 +/-   1.629663164934E-03
* Reached maximum number of iterations: exiting.
* After optimization:
  -1.5501E+00   1.6487E-01   1.1711E-01  -1.2746E-02  -1.9150E-02  -1.2825E-01
  -2.0184E-02  -1.0478E-01
  > Energy =  -1.157543933944E+01 +/-   1.629663164934E-03
  > varE =   2.658351601091E-01

VMC #5:
* Size of Hilbert space =   6.3504E+04
* Deterministic energy evaluation:
  > Deterministic Etot/t = -11.572957773794156
    - Ttot/t = -15.441533217661576
    - Utot/t = 3.8685754438674165
* Number of equil. steps   = 1000
* Running VMC equilibration.
  Done. [total walltime: 0.01s]
* Equil. acc.ratio (%)     =  51.1884
* Sample config after equilibration:
  +-------------------+
  |              0    |
  |        d          |
  |  u                |
  |                2  |
  |          u        |
  |    d              |
  |                  u|
  |            d      |
  |      u            |
  |d                  |
  +-------------------+
* Number of accum. steps   = 500480 x 10
* Running VMC accumulation.
  Done. [total walltime: 0.45s]
* Acceptance ratio (%)     =  51.1866
* Etot/t                   =  -1.157279035389E+01 +/-   7.332996553717E-04
  > Ttot/t                 =  -1.544054530914E+01 +/-   2.543213099750E-03
  > Utot/t                 =   3.867754955243E+00 +/-   2.435442395756E-03
* var[Eloc/t]              =   2.712183132290E-01 +/-   1.257600706895E-03
* Correlation length       =   9.922718665441E-01
* log10 Psi^2 range: -2.6353924740749881 -- 2.0029355591724056
* log10 Pgen range : -2.6353924740749881 -- 2.0029355591724056
* Site occupation (ave. no. electrons per config.):
  > Site_  ___eu____  ___ed____
      1        0.500      0.498
      2        0.502      0.498
      3        0.500      0.500
      4        0.501      0.501
      5        0.500      0.499
      6        0.498      0.501
      7        0.501      0.499
      8        0.497      0.501
      9        0.500      0.500
     10        0.501      0.503
* Pair-correlation analysis (ave. no. pairs per config.):
  > Shell  nsite  ___dh____  __eueu___  __eued___
      0      1        0          0          1.935
      1     10        2.226      8.350     10.355
      2     10        1.574     10.068      9.781
      3     10        0.688      1.582      2.929

Optimization #5:
* Method          : lls
* Target function : energy
* No. of configs. : 100096
* No. of params.  : 8
* Before optimization:
  -1.5501E+00   1.6487E-01   1.1711E-01  -1.2746E-02  -1.9150E-02  -1.2825E-01
  -2.0184E-02  -1.0478E-01
  > E    =  -1.157398246758E+01 +/-   1.655278939909E-03
  > varE =   2.742578719342E-01
* Computing derivatives.
  Done. [total walltime: 0.13s]
* Optimizing manipulation constant:
  #igrid a___________ E____________________________________ varE____________
     1     Infinity    -1.15739825E+01 +/-   1.65527894E-03   2.74257872E-01
     2     1.0000E+06  -1.15739825E+01 +/-   1.65527900E-03   2.74257893E-01
     3     2.1544E+05  -1.15739825E+01 +/-   1.65527923E-03   2.74257968E-01
     4     4.6416E+04  -1.15739825E+01 +/-   1.65528029E-03   2.74258319E-01
     5     1.0000E+04  -1.15739825E+01 +/-   1.65528520E-03   2.74259947E-01
     6     2.1544E+03  -1.15739826E+01 +/-   1.65530793E-03   2.74267480E-01
     7     4.6416E+02  -1.15739832E+01 +/-   1.65541190E-03   2.74301932E-01
     8     1.0000E+02  -1.15739855E+01 +/-   1.65586341E-03   2.74451583E-01
     9     2.1544E+01  -1.15739935E+01 +/-   1.65745711E-03   2.74980135E-01
    10     4.6416E+00  -1.15740071E+01 +/-   1.66056177E-03   2.76011257E-01
    11     1.0000E+00  -1.15740159E+01 +/-   1.66289747E-03   2.76788260E-01
    12     2.1544E-01  -1.15740186E+01 +/-   1.66369386E-03   2.77053441E-01
    13     4.6416E-02  -1.15740192E+01 +/-   1.66388687E-03   2.77117729E-01
    14     1.0000E-02  -1.15740194E+01 +/-   1.66392956E-03   2.77131949E-01
    15     2.1544E-03  -1.15740194E+01 +/-   1.66393881E-03   2.77135031E-01
    16     4.6416E-04  -1.15740194E+01 +/-   1.66394081E-03   2.77135695E-01
    17     1.0000E-04  -1.15740194E+01 +/-   1.66394124E-03   2.77135839E-01
    18     2.1544E-05  -1.15740194E+01 +/-   1.66394133E-03   2.77135869E-01
    19     4.6416E-06  -1.15740194E+01 +/-   1.66394135E-03   2.77135876E-01
    20     1.0000E-06  -1.15740194E+01 +/-   1.66394135E-03   2.77135878E-01
    21     0.0000E+00  -1.15740194E+01 +/-   1.66394135E-03   2.77135878E-01
* Iteration # 1: E =  -1.157401942403E+01 +/-   1.663941351970E-03
* Reached maximum number of iterations: exiting.
* After optimization:
  -1.5463E+00   1.6385E-01   1.1694E-01  -1.2402E-02  -1.8291E-02  -1.2810E-01
  -1.9794E-02  -1.0513E-01
  > Energy =  -1.157401942403E+01 +/-   1.663941351970E-03
  > varE =   2.771358775587E-01

VMC #6:
* Size of Hilbert space =   6.3504E+04
* Deterministic energy evaluation:
  > Deterministic Etot/t = -11.572959256773606
    - Ttot/t = -15.439313744900957
    - Utot/t = 3.8663544881273473
* Number of equil. steps   = 1000
* Running VMC equilibration.
  Done. [total walltime: 0.01s]
* Equil. acc.ratio (%)     =  51.1721
* Sample config after equilibration:
  +-------------------+
  |              u    |
  |        u          |
  |  2                |
  |                d  |
  |          u        |
  |    d              |
  |                  d|
  |            d      |
  |      u            |
  |0                  |
  +-------------------+
* Number of accum. steps   = 500480 x 10
* Running VMC accumulation.
  Done. [total walltime: 0.45s]
* Acceptance ratio (%)     =  51.1830
* Etot/t                   =  -1.157329956135E+01 +/-   7.324050607506E-04
  > Ttot/t                 =  -1.543806538615E+01 +/-   2.508504134418E-03
  > Utot/t                 =   3.864765824808E+00 +/-   2.413295295148E-03
* var[Eloc/t]              =   2.734639704027E-01 +/-   2.094351095879E-03
* Correlation length       =   9.817237216088E-01
* log10 Psi^2 range: -1.7994712853348112 -- 2.0122438043986359
* log10 Pgen range : -1.7994712853348112 -- 2.0122438043986359
* Site occupation (ave. no. electrons per config.):
  > Site_  ___eu____  ___ed____
      1        0.502      0.500
      2        0.498      0.501
      3        0.497      0.501
      4        0.502      0.500
      5        0.500      0.502
      6        0.498      0.500
      7        0.501      0.502
      8        0.501      0.495
      9        0.501      0.499
     10        0.500      0.499
* Pair-correlation analysis (ave. no. pairs per config.):
  > Shell  nsite  ___dh____  __eueu___  __eued___
      0      1        0          0          1.933
      1     10        2.222      8.344     10.365
      2     10        1.567     10.079      9.771
      3     10        0.690      1.577      2.930

Optimization #6:
* Method          : lls
* Target function : energy
* No. of configs. : 100096
* No. of params.  : 8
* Before optimization:
  -1.5463E+00   1.6385E-01   1.1694E-01  -1.2402E-02  -1.8291E-02  -1.2810E-01
  -1.9794E-02  -1.0513E-01
  > E    =  -1.157423830142E+01 +/-   1.649807176083E-03
  > varE =   2.724476707423E-01
* Computing derivatives.
  Done. [total walltime: 0.13s]
* Optimizing manipulation constant:
  #igrid a___________ E____________________________________ varE____________
     1     Infinity    -1.15742383E+01 +/-   1.64980718E-03   2.72447671E-01
     2     1.0000E+06  -1.15742383E+01 +/-   1.64980717E-03   2.72447669E-01
     3     2.1544E+05  -1.15742383E+01 +/-   1.64980716E-03   2.72447664E-01
     4     4.6416E+04  -1.15742383E+01 +/-   1.64980709E-03   2.72447642E-01
     5     1.0000E+04  -1.15742383E+01 +/-   1.64980677E-03   2.72447535E-01
     6     2.1544E+03  -1.15742383E+01 +/-   1.64980527E-03   2.72447042E-01
     7     4.6416E+02  -1.15742383E+01 +/-   1.64979829E-03   2.72444737E-01
     8     1.0000E+02  -1.15742380E+01 +/-   1.64976516E-03   2.72433794E-01
     9     2.1544E+01  -1.15742369E+01 +/-   1.64960755E-03   2.72381743E-01
    10     4.6416E+00  -1.15742335E+01 +/-   1.64907405E-03   2.72205589E-01
    11     1.0000E+00  -1.15742304E+01 +/-   1.64838110E-03   2.71976871E-01
    12     2.1544E-01  -1.15742292E+01 +/-   1.64804994E-03   2.71867603E-01
    13     4.6416E-02  -1.15742288E+01 +/-   1.64795908E-03   2.71837628E-01
    14     1.0000E-02  -1.15742288E+01 +/-   1.64793834E-03   2.71830785E-01
    15     2.1544E-03  -1.15742288E+01 +/-   1.64793381E-03   2.71829291E-01
    16     4.6416E-04  -1.15742288E+01 +/-   1.64793284E-03   2.71828969E-01
    17     1.0000E-04  -1.15742288E+01 +/-   1.64793262E-03   2.71828899E-01
    18     2.1544E-05  -1.15742288E+01 +/-   1.64793258E-03   2.71828884E-01
    19     4.6416E-06  -1.15742288E+01 +/-   1.64793257E-03   2.71828881E-01
    20     1.0000E-06  -1.15742288E+01 +/-   1.64793257E-03   2.71828880E-01
    21     0.0000E+00  -1.15742288E+01 +/-   1.64793257E-03   2.71828880E-01
* Iteration # 1: E =  -1.157423830142E+01 +/-   1.649807176083E-03
* Reached maximum number of iterations: exiting.
* After optimization:
  -1.5463E+00   1.6385E-01   1.1694E-01  -1.2402E-02  -1.8291E-02  -1.2810E-01
  -1.9794E-02  -1.0513E-01
  > Energy =  -1.157423830142E+01 +/-   1.649807176083E-03
  > varE =   2.724476707423E-01

VMC #7:
* Size of Hilbert space =   6.3504E+04
* Deterministic energy evaluation:
  > Deterministic Etot/t = -11.572959256773606
    - Ttot/t = -15.439313744900957
    - Utot/t = 3.8663544881273473
* Number of equil. steps   = 1000
* Running VMC equilibration.
  Done. [total walltime: 0.01s]
* Equil. acc.ratio (%)     =  51.2931
* Sample config after equilibration:
  +-------------------+
  |              0    |
  |        d          |
  |  2                |
  |                u  |
  |          u        |
  |    2              |
  |                  d|
  |            u      |
  |      d            |
  |0                  |
  +-------------------+
* Number of accum. steps   = 500480 x 10
* Running VMC accumulation.
  Done. [total walltime: 0.45s]
* Acceptance ratio (%)     =  51.1750
* Etot/t                   =  -1.157378775820E+01 +/-   7.492906624484E-04
  > Ttot/t                 =  -1.543824188223E+01 +/-   2.554444061529E-03
  > Utot/t                 =   3.864454124041E+00 +/-   2.445539946548E-03
* var[Eloc/t]              =   2.833729372635E-01 +/-   1.669222336057E-03
* Correlation length       =   9.915828259684E-01
* log10 Psi^2 range: -2.2479988914288942 -- 2.0122438043986581
* log10 Pgen range : -2.2479988914288942 -- 2.0122438043986581
* Site occupation (ave. no. electrons per config.):
  > Site_  ___eu____  ___ed____
      1        0.503      0.499
      2        0.501      0.497
      3        0.500      0.500
      4        0.498      0.501
      5        0.503      0.499
      6        0.495      0.501
      7        0.500      0.504
      8        0.500      0.500
      9        0.503      0.500
     10        0.498      0.499
* Pair-correlation analysis (ave. no. pairs per config.):
  > Shell  nsite  ___dh____  __eueu___  __eued___
      0      1        0          0          1.934
      1     10        2.230      8.346     10.350
      2     10        1.561     10.081      9.787
      3     10        0.694      1.573      2.930

Optimization #7:
* Method          : lls
* Target function : energy
* No. of configs. : 100096
* No. of params.  : 8
* Before optimization:
  -1.5463E+00   1.6385E-01   1.1694E-01  -1.2402E-02  -1.8291E-02  -1.2810E-01
  -1.9794E-02  -1.0513E-01
  > E    =  -1.157276066318E+01 +/-   1.684431763872E-03
  > varE =   2.840034185092E-01
* Computing derivatives.
  Done. [total walltime: 0.13s]
* Optimizing manipulation constant:
  #igrid a___________ E____________________________________ varE____________
     1     Infinity    -1.15727607E+01 +/-   1.68443176E-03   2.84003419E-01
     2     1.0000E+06  -1.15727607E+01 +/-   1.68443174E-03   2.84003412E-01
     3     2.1544E+05  -1.15727607E+01 +/-   1.68443167E-03   2.84003386E-01
     4     4.6416E+04  -1.15727607E+01 +/-   1.68443132E-03   2.84003268E-01
     5     1.0000E+04  -1.15727606E+01 +/-   1.68442970E-03   2.84002722E-01
     6     2.1544E+03  -1.15727606E+01 +/-   1.68442220E-03   2.84000192E-01
     7     4.6416E+02  -1.15727604E+01 +/-   1.68438766E-03   2.83988548E-01
     8     1.0000E+02  -1.15727594E+01 +/-   1.68423341E-03   2.83936536E-01
     9     2.1544E+01  -1.15727556E+01 +/-   1.68362498E-03   2.83731427E-01
    10     4.6416E+00  -1.15727455E+01 +/-   1.68201306E-03   2.83188393E-01
    11     1.0000E+00  -1.15727324E+01 +/-   1.68006413E-03   2.82532520E-01
    12     2.1544E-01  -1.15727254E+01 +/-   1.67910227E-03   2.82209104E-01
    13     4.6416E-02  -1.15727234E+01 +/-   1.67883260E-03   2.82118466E-01
    14     1.0000E-02  -1.15727229E+01 +/-   1.67877066E-03   2.82097647E-01
    15     2.1544E-03  -1.15727228E+01 +/-   1.67875712E-03   2.82093098E-01
    16     4.6416E-04  -1.15727228E+01 +/-   1.67875420E-03   2.82092115E-01
    17     1.0000E-04  -1.15727228E+01 +/-   1.67875357E-03   2.82091903E-01
    18     2.1544E-05  -1.15727228E+01 +/-   1.67875343E-03   2.82091857E-01
    19     4.6416E-06  -1.15727228E+01 +/-   1.67875340E-03   2.82091847E-01
    20     1.0000E-06  -1.15727228E+01 +/-   1.67875340E-03   2.82091845E-01
    21     0.0000E+00  -1.15727228E+01 +/-   1.67875340E-03   2.82091845E-01
* Iteration # 1: E =  -1.157276066318E+01 +/-   1.684431763872E-03
* Reached maximum number of iterations: exiting.
* After optimization:
  -1.5463E+00   1.6385E-01   1.1694E-01  -1.2402E-02  -1.8291E-02  -1.2810E-01
  -1.9794E-02  -1.0513E-01
  > Energy =  -1.157276066318E+01 +/-   1.684431763872E-03
  > varE =   2.840034185092E-01

VMC #8:
* Size of Hilbert space =   6.3504E+04
* Deterministic energy evaluation:
  > Deterministic Etot/t = -11.572959256773606
    - Ttot/t = -15.439313744900957
    - Utot/t = 3.8663544881273473
* Number of equil. steps   = 1000
* Running VMC equilibration.
  Done. [total walltime: 0.01s]
* Equil. acc.ratio (%)     =  51.1205
* Sample config after equilibration:
  +-------------------+
  |              2    |
  |        u          |
  |  u                |
  |                0  |
  |          2        |
  |    u              |
  |                  d|
  |            d      |
  |      0            |
  |d                  |
  +-------------------+
* Number of accum. steps   = 500480 x 10
* Running VMC accumulation.
  Done. [total walltime: 0.46s]
* Acceptance ratio (%)     =  51.1873
* Etot/t                   =  -1.157293004326E+01 +/-   7.500819661377E-04
  > Ttot/t                 =  -1.544278698059E+01 +/-   2.556800642456E-03
  > Utot/t                 =   3.869856937340E+00 +/-   2.439515349835E-03
* var[Eloc/t]              =   2.814594126482E-01 +/-   2.303507860785E-03
* Correlation length       =   1.000433896781E+00
* log10 Psi^2 range: -2.6262910703159821 -- 2.0122438043986857
* log10 Pgen range : -2.6262910703159821 -- 2.0122438043986857
* Site occupation (ave. no. electrons per config.):
  > Site_  ___eu____  ___ed____
      1        0.500      0.497
      2        0.501      0.497
      3        0.502      0.499
      4        0.502      0.501
      5        0.499      0.500
      6        0.499      0.500
      7        0.500      0.501
      8        0.498      0.502
      9        0.499      0.502
     10        0.500      0.500
* Pair-correlation analysis (ave. no. pairs per config.):
  > Shell  nsite  ___dh____  __eueu___  __eued___
      0      1        0          0          1.934
      1     10        2.224      8.344     10.357
      2     10        1.563     10.083      9.781
      3     10        0.694      1.574      2.928

Optimization #8:
* Method          : lls
* Target function : energy
* No. of configs. : 100096
* No. of params.  : 8
* Before optimization:
  -1.5463E+00   1.6385E-01   1.1694E-01  -1.2402E-02  -1.8291E-02  -1.2810E-01
  -1.9794E-02  -1.0513E-01
  > E    =  -1.156999097098E+01 +/-   1.701395581590E-03
  > varE =   2.897525882100E-01
* Computing derivatives.
  Done. [total walltime: 0.13s]
* Optimizing manipulation constant:
  #igrid a___________ E____________________________________ varE____________
     1     Infinity    -1.15699910E+01 +/-   1.70139558E-03   2.89752588E-01
     2     1.0000E+06  -1.15699910E+01 +/-   1.70139550E-03   2.89752560E-01
     3     2.1544E+05  -1.15699910E+01 +/-   1.70139519E-03   2.89752455E-01
     4     4.6416E+04  -1.15699910E+01 +/-   1.70139377E-03   2.89751971E-01
     5     1.0000E+04  -1.15699910E+01 +/-   1.70138718E-03   2.89749725E-01
     6     2.1544E+03  -1.15699912E+01 +/-   1.70135667E-03   2.89739333E-01
     7     4.6416E+02  -1.15699921E+01 +/-   1.70121700E-03   2.89691766E-01
     8     1.0000E+02  -1.15699959E+01 +/-   1.70060798E-03   2.89484387E-01
     9     2.1544E+01  -1.15700074E+01 +/-   1.69841433E-03   2.88738045E-01
    10     4.6416E+00  -1.15700232E+01 +/-   1.69378217E-03   2.87165218E-01
    11     1.0000E+00  -1.15700294E+01 +/-   1.68961295E-03   2.85753253E-01
    12     2.1544E-01  -1.15700301E+01 +/-   1.68790702E-03   2.85176519E-01
    13     4.6416E-02  -1.15700301E+01 +/-   1.68745842E-03   2.85024953E-01
    14     1.0000E-02  -1.15700301E+01 +/-   1.68735698E-03   2.84990687E-01
    15     2.1544E-03  -1.15700301E+01 +/-   1.68733489E-03   2.84983225E-01
    16     4.6416E-04  -1.15700301E+01 +/-   1.68733012E-03   2.84981614E-01
    17     1.0000E-04  -1.15700301E+01 +/-   1.68732909E-03   2.84981267E-01
    18     2.1544E-05  -1.15700301E+01 +/-   1.68732887E-03   2.84981192E-01
    19     4.6416E-06  -1.15700301E+01 +/-   1.68732882E-03   2.84981176E-01
    20     1.0000E-06  -1.15700301E+01 +/-   1.68732881E-03   2.84981172E-01
    21     0.0000E+00  -1.15700301E+01 +/-   1.68732881E-03   2.84981171E-01
* Iteration # 1: E =  -1.157003005837E+01 +/-   1.687328810963E-03
* Reached maximum number of iterations: exiting.
* After optimization:
  -1.5442E+00   1.6412E-01   1.1650E-01  -1.3157E-02  -1.8060E-02  -1.2826E-01
  -1.9707E-02  -1.0465E-01
  > Energy =  -1.157003005837E+01 +/-   1.687328810963E-03
  > varE =   2.849811711681E-01

VMC #9:
* Size of Hilbert space =   6.3504E+04
* Deterministic energy evaluation:
  > Deterministic Etot/t = -11.572956974584162
    - Ttot/t = -15.440678430396430
    - Utot/t = 3.8677214558122710
* Number of equil. steps   = 1000
* Running VMC equilibration.
  Done. [total walltime: 0.01s]
* Equil. acc.ratio (%)     =  51.2541
* Sample config after equilibration:
  +-------------------+
  |              2    |
  |        0          |
  |  u                |
  |                d  |
  |          0        |
  |    d              |
  |                  u|
  |            d      |
  |      u            |
  |2                  |
  +-------------------+
* Number of accum. steps   = 500480 x 10
* Running VMC accumulation.
  Done. [total walltime: 0.45s]
* Acceptance ratio (%)     =  51.1937
* Etot/t                   =  -1.157175558417E+01 +/-   7.488511181789E-04
  > Ttot/t                 =  -1.543871530284E+01 +/-   2.533820454695E-03
  > Utot/t                 =   3.866959718670E+00 +/-   2.427889212882E-03
* var[Eloc/t]              =   2.725277036035E-01 +/-   1.872301291007E-03
* Correlation length       =   1.029833548394E+00
* log10 Psi^2 range: -2.2454016357720561 -- 2.0110294323302624
* log10 Pgen range : -2.2454016357720561 -- 2.0110294323302624
* Site occupation (ave. no. electrons per config.):
  > Site_  ___eu____  ___ed____
      1        0.499      0.500
      2        0.498      0.499
      3        0.502      0.501
      4        0.502      0.499
      5        0.499      0.500
      6        0.499      0.500
      7        0.501      0.500
      8        0.502      0.500
      9        0.500      0.500
     10        0.498      0.501
* Pair-correlation analysis (ave. no. pairs per config.):
  > Shell  nsite  ___dh____  __eueu___  __eued___
      0      1        0          0          1.934
      1     10        2.230      8.339     10.358
      2     10        1.563     10.084      9.781
      3     10        0.691      1.577      2.927

Optimization #9:
* Method          : lls
* Target function : energy
* No. of configs. : 100096
* No. of params.  : 8
* Before optimization:
  -1.5442E+00   1.6412E-01   1.1650E-01  -1.3157E-02  -1.8060E-02  -1.2826E-01
  -1.9707E-02  -1.0465E-01
  > E    =  -1.157077699206E+01 +/-   1.655757336998E-03
  > varE =   2.744164230087E-01
* Computing derivatives.
  Done. [total walltime: 0.13s]
* Optimizing manipulation constant:
  #igrid a___________ E____________________________________ varE____________
     1     Infinity    -1.15707770E+01 +/-   1.65575734E-03   2.74416423E-01
     2     1.0000E+06  -1.15707770E+01 +/-   1.65575739E-03   2.74416440E-01
     3     2.1544E+05  -1.15707770E+01 +/-   1.65575758E-03   2.74416503E-01
     4     4.6416E+04  -1.15707770E+01 +/-   1.65575846E-03   2.74416795E-01
     5     1.0000E+04  -1.15707770E+01 +/-   1.65576255E-03   2.74418150E-01
     6     2.1544E+03  -1.15707771E+01 +/-   1.65578146E-03   2.74424418E-01
     7     4.6416E+02  -1.15707773E+01 +/-   1.65586786E-03   2.74453059E-01
     8     1.0000E+02  -1.15707784E+01 +/-   1.65624165E-03   2.74576981E-01
     9     2.1544E+01  -1.15707818E+01 +/-   1.65754375E-03   2.75008883E-01
    10     4.6416E+00  -1.15707869E+01 +/-   1.66002198E-03   2.75831841E-01
    11     1.0000E+00  -1.15707898E+01 +/-   1.66187316E-03   2.76447375E-01
    12     2.1544E-01  -1.15707905E+01 +/-   1.66251724E-03   2.76661699E-01
    13     4.6416E-02  -1.15707907E+01 +/-   1.66267580E-03   2.76714472E-01
    14     1.0000E-02  -1.15707907E+01 +/-   1.66271104E-03   2.76726202E-01
    15     2.1544E-03  -1.15707907E+01 +/-   1.66271868E-03   2.76728747E-01
    16     4.6416E-04  -1.15707907E+01 +/-   1.66272033E-03   2.76729296E-01
    17     1.0000E-04  -1.15707907E+01 +/-   1.66272069E-03   2.76729414E-01
    18     2.1544E-05  -1.15707907E+01 +/-   1.66272077E-03   2.76729440E-01
    19     4.6416E-06  -1.15707907E+01 +/-   1.66272078E-03   2.76729445E-01
    20     1.0000E-06  -1.15707907E+01 +/-   1.66272079E-03   2.76729446E-01
    21     0.0000E+00  -1.15707907E+01 +/-   1.66272079E-03   2.76729447E-01
* Iteration # 1: E =  -1.157077699206E+01 +/-   1.655757336998E-03
* Reached maximum number of iterations: exiting.
* After optimization:
  -1.5442E+00   1.6412E-01   1.1650E-01  -1.3157E-02  -1.8060E-02  -1.2826E-01
  -1.9707E-02  -1.0465E-01
  > Energy =  -1.157077699206E+01 +/-   1.655757336998E-03
  > varE =   2.744164230087E-01

VMC #10:
* Size of Hilbert space =   6.3504E+04
* Deterministic energy evaluation:
  > Deterministic Etot/t = -11.572956974584162
    - Ttot/t = -15.440678430396430
    - Utot/t = 3.8677214558122710
* Number of equil. steps   = 1000
* Running VMC equilibration.
  Done. [total walltime: 0.01s]
* Equil. acc.ratio (%)     =  51.1648
* Sample config after equilibration:
  +-------------------+
  |              0    |
  |        u          |
  |  0                |
  |                2  |
  |          u        |
  |    2              |
  |                  d|
  |            d      |
  |      u            |
  |d                  |
  +-------------------+
* Number of accum. steps   = 500480 x 10
* Running VMC accumulation.
  Done. [total walltime: 0.45s]
* Acceptance ratio (%)     =  51.1814
* Etot/t                   =  -1.157319703674E+01 +/-   7.365786602881E-04
  > Ttot/t                 =  -1.544126768892E+01 +/-   2.599858158801E-03
  > Utot/t                 =   3.868070652174E+00 +/-   2.487649986448E-03
* var[Eloc/t]              =   2.743343207556E-01 +/-   1.619042405857E-03
* Correlation length       =   9.897940722360E-01
* log10 Psi^2 range: -2.2454016357719473 -- 2.0110294323302034
* log10 Pgen range : -2.2454016357719473 -- 2.0110294323302034
* Site occupation (ave. no. electrons per config.):
  > Site_  ___eu____  ___ed____
      1        0.499      0.502
      2        0.500      0.499
      3        0.500      0.501
      4        0.501      0.501
      5        0.500      0.500
      6        0.500      0.498
      7        0.499      0.500
      8        0.499      0.501
      9        0.503      0.501
     10        0.499      0.499
* Pair-correlation analysis (ave. no. pairs per config.):
  > Shell  nsite  ___dh____  __eueu___  __eued___
      0      1        0          0          1.932
      1     10        2.219      8.339     10.367
      2     10        1.565     10.089      9.768
      3     10        0.691      1.572      2.933

VDAGGER finished.
Total VDAGGER walltime: 11.4s

Run ended: Thu Jan 15 15:24:38 CET 2026
