Run started: Fri Jan 16 09:15:33 CET 2026
Using VDAGGER_ARCH = gnu7_fkfamd_cluster
Running 1x128 MPI processes.

                               xx
                              +##
                               #X
                               Xx
                          X##XxXxxX##x
                           +   Xx  ++
                               ##
                              +##
                              +##
     ++++         ++          +##
   xX+++##+      ####         +##
  Xx    ###      +X##          ##
 xX    X##+        ##          #X
 +    x##X         #x          #X
      ###         +#           x+
     X##+         #+
     ###         Xx                    _______
     ##X       +X+   __________________VDAGGER
     +##x    +xX     2nd quantized variational
       +xxxxx+       ______quantum Monte Carlo

* Running 128 MPI processes.
* Input file: "input.01.casl"

############# Start of input file dump #############
General:
  Random seed: timer

Plan:
  VMC-optimization:
    Minimum cycles: 10
    Convergence cycles: 7

System:
  Hubbard model:
    Primitive cell:
      a_1: [ 3.0, 1.0 ]
      a_2: [ -1.0, 3.0 ]
    Simulation cell:
      a_1: [ 10.0, 0.0 ]
      a_2: [ 0.0, 10.0 ]
    U: 2.0
    Dump Hamiltonian: FCIDUMP.new
    Dump orbitals: LTSC.new
  netot: 10

VMC:
  nstep: 500000
  nconfig: 100000

Jastrow: wfn.casl
############## End of input file dump ##############

General setup:
* Random seed: 622865941 (from timer)

Hubbard system:
* Dimensionality        : 2
* Simulation cell:
  > a_1 =   1.000000000000E+01   0.000000000000E+00
  > a_2 =   0.000000000000E+00   1.000000000000E+01
* Primitive cell:
  > a_1 =   3.000000000000E+00   1.000000000000E+00
  > a_2 =  -1.000000000000E+00   3.000000000000E+00
* Prim.cells in sim.cell: 10
* Number of sublattices : 1
* # real-space shells   : 3
  > Shell #1: 4 sites, rij =  3.1623E+00
  > Shell #2: 4 sites, rij =  4.4721E+00
  > Shell #3: 1 sites, rij =  7.0711E+00
* Site labels:
  +-----------------------------+
  |                      4      |
  |             7               |
  |   10                        |
  |                         3   |
  |                6            |
  |       9                     |
  |                            2|
  |                   5         |
  |          8                  |
  | 1                           |
  +-----------------------------+
* Shell diagram:
  +-------------------+
  |              0    |
  |        1          |
  |  2                |
  |                1  |
  |          2        |
  |    3              |
  |                  2|
  |            1      |
  |      2            |
  |1                  |
  +-------------------+
* Hop multiplicity diagram:
  +-------------------+
  |              0    |
  |        1          |
  |  -                |
  |                1  |
  |          -        |
  |    -              |
  |                  -|
  |            1      |
  |      -            |
  |1                  |
  +-------------------+
* Reciprocal lattice of the simulation cell:
  > b_1 =   6.283185307180E-01  -0.000000000000E+00
  > b_2 =  -0.000000000000E+00   6.283185307180E-01
* k-vector offset:
  > Fractional:   0.000000000000E+00   0.000000000000E+00
  > Absolute  :   0.000000000000E+00   0.000000000000E+00
* G-vector occupation diagram:
  +----0----+
  |      -  |
  |- - 2 -  |
  0  2 2 2  0
  |  - 2 - -|
  |  -      |
  +----0----+
* G-vectors and non-interacting energy levels:
  > G_1 = [   0.0000E+00,  0.0000E+00,  0.0000E+00 ], e =  -4.0000E+00
  > G_2 = [  -6.2832E-01,  0.0000E+00,  0.0000E+00 ], e =  -1.0000E+00
  > G_3 = [   6.2832E-01,  0.0000E+00,  0.0000E+00 ], e =  -1.0000E+00
  > G_4 = [   0.0000E+00, -6.2832E-01,  0.0000E+00 ], e =  -1.0000E+00
  > G_5 = [   0.0000E+00,  6.2832E-01,  0.0000E+00 ], e =  -1.0000E+00 = e_F
  > G_6 = [  -6.2832E-01, -6.2832E-01,  0.0000E+00 ], e =   1.0000E+00
  > G_7 = [   6.2832E-01,  6.2832E-01,  0.0000E+00 ], e =   1.0000E+00
  > G_8 = [   6.2832E-01, -6.2832E-01,  0.0000E+00 ], e =   1.0000E+00
  > G_9 = [  -6.2832E-01,  6.2832E-01,  0.0000E+00 ], e =   1.0000E+00
  > ...
* U/t                   :  2.00000000000E+00
* Hartree-Fock Etot/t   : -1.10000000000E+01
  > Ttot/t              : -1.60000000000E+01
  > Utot/t              :  5.00000000000E+00
* Writing Hamiltonian to "FCIDUMP.new".
* Writing orbitals to "LTSC.new".
* Analysis of Hamiltonian connecitivity performed:
  - U_iiii [opp] (local, 1-site): 10 (i) values
  - T_ji (single, 2-site): 40 contribs. from 10 (i) values
  - Max. no. wfn. ratios in Eloc: 4
* Site labels:
  +-----------------------------+
  |                      4      |
  |             7               |
  |   10                        |
  |                         3   |
  |                6            |
  |       9                     |
  |                            2|
  |                   5         |
  |          8                  |
  | 1                           |
  +-----------------------------+
* Model system Site kinds:
  [ 1, 1, 1, 1, 1, 1, 1, 1, 1, 1 ]
  +-------------------+
  |              1    |
  |        1          |
  |  1                |
  |                1  |
  |          1        |
  |    1              |
  |                  1|
  |            1      |
  |      1            |
  |1                  |
  +-------------------+
* Maximum Site kind: 1
* Model system Site pair kinds:
  Site 1: [ 0, 1, 2, 1, 2, 3, 2, 1, 2, 1 ]
  Site 2: [ 1, 0, 1, 2, 1, 2, 3, 2, 1, 2 ]
  Site 3: [ 2, 1, 0, 1, 2, 1, 2, 3, 2, 1 ]
  Site 4: [ 1, 2, 1, 0, 1, 2, 1, 2, 3, 2 ]
  Site 5: [ 2, 1, 2, 1, 0, 1, 2, 1, 2, 3 ]
  Site 6: [ 3, 2, 1, 2, 1, 0, 1, 2, 1, 2 ]
  Site 7: [ 2, 3, 2, 1, 2, 1, 0, 1, 2, 1 ]
  Site 8: [ 1, 2, 3, 2, 1, 2, 1, 0, 1, 2 ]
  Site 9: [ 2, 1, 2, 3, 2, 1, 2, 1, 0, 1 ]
  Site 10: [ 1, 2, 1, 2, 3, 2, 1, 2, 1, 0 ]
  For site 1 of kind 1:
  +-------------------+
  |              1    |
  |        2          |
  |  1                |
  |                2  |
  |          3        |
  |    2              |
  |                  1|
  |            2      |
  |      1            |
  |0                  |
  +-------------------+
* Maximum (unsigned) Site pair kind: 3

General system setup:
* Number of sites       : 10
* Number of electrons   : 10
* Spin imbalance MS2    : 0
* Filling               : 0.500000
* Number of orbitals in pool: 13
* Using real-valued orbitals
* Using double-precision arithmetic for orbitals

Trial wave function setup:
* Jastrow parameter file: "wfn.casl"
* Not using multideterminants
* Not using a backflow transformation
* Not using wave function manipulation

VMC #1:
* Size of Hilbert space =   6.3504E+04
* Deterministic energy evaluation:
  > Deterministic Etot/t = -11.572960929684314
    - Ttot/t = -15.440339664476403
    - Utot/t = 3.8673787347920938
* Number of equil. steps   = 1000
* Running VMC equilibration.
  Done. [total walltime: 0.02s]
* Equil. acc.ratio (%)     =  51.1084
* Sample config after equilibration:
  +-------------------+
  |              d    |
  |        d          |
  |  d                |
  |                d  |
  |          u        |
  |    0              |
  |                  u|
  |            u      |
  |      2            |
  |u                  |
  +-------------------+
* Number of accum. steps   = 500480 x 10
* Running VMC accumulation.
  Done. [total walltime: 0.74s]
* Acceptance ratio (%)     =  51.1936
* Etot/t                   =  -1.157395823499E+01 +/-   7.422667840709E-04
  > Ttot/t                 =  -1.544206085647E+01 +/-   2.567971617820E-03
  > Utot/t                 =   3.868102621483E+00 +/-   2.444469319361E-03
* var[Eloc/t]              =   2.736456501420E-01 +/-   1.798089216246E-03
* Correlation length       =   1.007669772987E+00
* log10 Psi^2 range: -2.2379405235199683 -- 2.0200140667445354
* log10 Pgen range : -2.2379405235199683 -- 2.0200140667445354
* Site occupation (ave. no. electrons per config.):
  > Site_  ___eu____  ___ed____
      1        0.500      0.501
      2        0.501      0.498
      3        0.497      0.499
      4        0.500      0.502
      5        0.502      0.499
      6        0.501      0.501
      7        0.499      0.502
      8        0.499      0.501
      9        0.501      0.499
     10        0.500      0.499
* Pair-correlation analysis (ave. no. pairs per config.):
  > Shell  nsite  ___dh____  __eueu___  __eued___
      0      1        0          0          1.935
      1     10        2.228      8.344     10.356
      2     10        1.564     10.079      9.784
      3     10        0.694      1.577      2.925

Optimization #1:
* Method          : lls
* Target function : energy
* No. of configs. : 100096
* No. of params.  : 8
* Before optimization:
  -1.5408E+00   1.6334E-01   1.1612E-01  -1.2848E-02  -1.7824E-02  -1.2801E-01
  -1.9436E-02  -1.0484E-01
  > E    =  -1.157451863661E+01 +/-   1.643704547882E-03
  > varE =   2.704358334784E-01
* Computing derivatives.
  Done. [total walltime: 0.18s]
* Optimizing manipulation constant:
  #igrid a___________ E____________________________________ varE____________
     1     Infinity    -1.15745186E+01 +/-   1.64370455E-03   2.70435833E-01
     2     1.0000E+06  -1.15745186E+01 +/-   1.64370457E-03   2.70435840E-01
     3     2.1544E+05  -1.15745186E+01 +/-   1.64370463E-03   2.70435862E-01
     4     4.6416E+04  -1.15745186E+01 +/-   1.64370494E-03   2.70435964E-01
     5     1.0000E+04  -1.15745187E+01 +/-   1.64370638E-03   2.70436437E-01
     6     2.1544E+03  -1.15745188E+01 +/-   1.64371304E-03   2.70438628E-01
     7     4.6416E+02  -1.15745192E+01 +/-   1.64374348E-03   2.70448646E-01
     8     1.0000E+02  -1.15745211E+01 +/-   1.64387554E-03   2.70492103E-01
     9     2.1544E+01  -1.15745271E+01 +/-   1.64433974E-03   2.70644888E-01
    10     4.6416E+00  -1.15745366E+01 +/-   1.64524729E-03   2.70943722E-01
    11     1.0000E+00  -1.15745425E+01 +/-   1.64597158E-03   2.71182329E-01
    12     2.1544E-01  -1.15745445E+01 +/-   1.64624337E-03   2.71271896E-01
    13     4.6416E-02  -1.15745449E+01 +/-   1.64631267E-03   2.71294735E-01
    14     1.0000E-02  -1.15745450E+01 +/-   1.64632822E-03   2.71299860E-01
    15     2.1544E-03  -1.15745451E+01 +/-   1.64633160E-03   2.71300974E-01
    16     4.6416E-04  -1.15745451E+01 +/-   1.64633233E-03   2.71301215E-01
    17     1.0000E-04  -1.15745451E+01 +/-   1.64633249E-03   2.71301267E-01
    18     2.1544E-05  -1.15745451E+01 +/-   1.64633253E-03   2.71301278E-01
    19     4.6416E-06  -1.15745451E+01 +/-   1.64633253E-03   2.71301280E-01
    20     1.0000E-06  -1.15745451E+01 +/-   1.64633253E-03   2.71301281E-01
    21     0.0000E+00  -1.15745451E+01 +/-   1.64633253E-03   2.71301281E-01
* Iteration # 1: E =  -1.157454506691E+01 +/-   1.646332534989E-03
* Diminishing returns: exiting.
* After optimization:
  -1.5440E+00   1.6371E-01   1.1678E-01  -1.2662E-02  -1.7961E-02  -1.2808E-01
  -1.9649E-02  -1.0508E-01
  > Energy =  -1.157454506691E+01 +/-   1.646332534989E-03
  > varE =   2.713012810145E-01

VMC #2:
* Size of Hilbert space =   6.3504E+04
* Deterministic energy evaluation:
  > Deterministic Etot/t = -11.572961519008967
    - Ttot/t = -15.440461608402197
    - Utot/t = 3.8675000893932330
* Number of equil. steps   = 1000
* Running VMC equilibration.
  Done. [total walltime: 0.01s]
* Equil. acc.ratio (%)     =  51.3275
* Sample config after equilibration:
  +-------------------+
  |              d    |
  |        0          |
  |  d                |
  |                d  |
  |          u        |
  |    u              |
  |                  2|
  |            u      |
  |      d            |
  |u                  |
  +-------------------+
* Number of accum. steps   = 500480 x 10
* Running VMC accumulation.
  Done. [total walltime: 0.45s]
* Acceptance ratio (%)     =  51.1848
* Etot/t                   =  -1.157254702487E+01 +/-   7.572720425808E-04
  > Ttot/t                 =  -1.543670942896E+01 +/-   2.607906651192E-03
  > Utot/t                 =   3.864162404092E+00 +/-   2.479455809838E-03
* var[Eloc/t]              =   2.750342401242E-01 +/-   1.589608458621E-03
* Correlation length       =   1.043527287228E+00
* log10 Psi^2 range: -2.2427314990689884 -- 2.0151739094766019
* log10 Pgen range : -2.2427314990689884 -- 2.0151739094766019
* Site occupation (ave. no. electrons per config.):
  > Site_  ___eu____  ___ed____
      1        0.499      0.499
      2        0.502      0.500
      3        0.497      0.500
      4        0.501      0.499
      5        0.499      0.497
      6        0.503      0.500
      7        0.497      0.501
      8        0.501      0.501
      9        0.501      0.501
     10        0.502      0.501
* Pair-correlation analysis (ave. no. pairs per config.):
  > Shell  nsite  ___dh____  __eueu___  __eued___
      0      1        0          0          1.929
      1     10        2.215      8.340     10.368
      2     10        1.561     10.087      9.769
      3     10        0.689      1.573      2.934

Optimization #2:
* Method          : lls
* Target function : energy
* No. of configs. : 100096
* No. of params.  : 8
* Before optimization:
  -1.5440E+00   1.6371E-01   1.1678E-01  -1.2662E-02  -1.7961E-02  -1.2808E-01
  -1.9649E-02  -1.0508E-01
  > E    =  -1.157109264729E+01 +/-   1.660733731224E-03
  > varE =   2.760684241089E-01
* Computing derivatives.
  Done. [total walltime: 0.12s]
* Optimizing manipulation constant:
  #igrid a___________ E____________________________________ varE____________
     1     Infinity    -1.15710926E+01 +/-   1.66073373E-03   2.76068424E-01
     2     1.0000E+06  -1.15710926E+01 +/-   1.66073373E-03   2.76068425E-01
     3     2.1544E+05  -1.15710926E+01 +/-   1.66073374E-03   2.76068428E-01
     4     4.6416E+04  -1.15710927E+01 +/-   1.66073379E-03   2.76068444E-01
     5     1.0000E+04  -1.15710927E+01 +/-   1.66073400E-03   2.76068515E-01
     6     2.1544E+03  -1.15710928E+01 +/-   1.66073499E-03   2.76068842E-01
     7     4.6416E+02  -1.15710933E+01 +/-   1.66073942E-03   2.76070316E-01
     8     1.0000E+02  -1.15710956E+01 +/-   1.66075747E-03   2.76076318E-01
     9     2.1544E+01  -1.15711023E+01 +/-   1.66080692E-03   2.76092756E-01
    10     4.6416E+00  -1.15711107E+01 +/-   1.66086418E-03   2.76111795E-01
    11     1.0000E+00  -1.15711135E+01 +/-   1.66090433E-03   2.76125145E-01
    12     2.1544E-01  -1.15711137E+01 +/-   1.66091961E-03   2.76130226E-01
    13     4.6416E-02  -1.15711136E+01 +/-   1.66092313E-03   2.76131398E-01
    14     1.0000E-02  -1.15711136E+01 +/-   1.66092389E-03   2.76131649E-01
    15     2.1544E-03  -1.15711136E+01 +/-   1.66092405E-03   2.76131703E-01
    16     4.6416E-04  -1.15711136E+01 +/-   1.66092409E-03   2.76131715E-01
    17     1.0000E-04  -1.15711136E+01 +/-   1.66092410E-03   2.76131718E-01
    18     2.1544E-05  -1.15711136E+01 +/-   1.66092410E-03   2.76131718E-01
    19     4.6416E-06  -1.15711136E+01 +/-   1.66092410E-03   2.76131718E-01
    20     1.0000E-06  -1.15711136E+01 +/-   1.66092410E-03   2.76131718E-01
    21     0.0000E+00  -1.15711136E+01 +/-   1.66092410E-03   2.76131718E-01
* Iteration # 1: E =  -1.157111365580E+01 +/-   1.660919609977E-03
* Diminishing returns: exiting.
* After optimization:
  -1.5518E+00   1.6486E-01   1.1749E-01  -1.3301E-02  -1.8836E-02  -1.2810E-01
  -2.0580E-02  -1.0510E-01
  > Energy =  -1.157111365580E+01 +/-   1.660919609977E-03
  > varE =   2.761302258600E-01

VMC #3:
* Size of Hilbert space =   6.3504E+04
* Deterministic energy evaluation:
  > Deterministic Etot/t = -11.572960393576345
    - Ttot/t = -15.439146762676659
    - Utot/t = 3.8661863691003209
* Number of equil. steps   = 1000
* Running VMC equilibration.
  Done. [total walltime: 0.01s]
* Equil. acc.ratio (%)     =  51.3184
* Sample config after equilibration:
  +-------------------+
  |              d    |
  |        d          |
  |  d                |
  |                u  |
  |          2        |
  |    u              |
  |                  u|
  |            0      |
  |      d            |
  |u                  |
  +-------------------+
* Number of accum. steps   = 500480 x 10
* Running VMC accumulation.
  Done. [total walltime: 0.45s]
* Acceptance ratio (%)     =  51.1585
* Etot/t                   =  -1.157272247673E+01 +/-   7.372639009292E-04
  > Ttot/t                 =  -1.543702474655E+01 +/-   2.559492390910E-03
  > Utot/t                 =   3.864302269821E+00 +/-   2.448485042912E-03
* var[Eloc/t]              =   2.736975920195E-01 +/-   2.454272201997E-03
* Correlation length       =   9.939434821768E-01
* log10 Psi^2 range: -2.2628843893467971 -- 1.9986788948130914
* log10 Pgen range : -2.2628843893467971 -- 1.9986788948130914
* Site occupation (ave. no. electrons per config.):
  > Site_  ___eu____  ___ed____
      1        0.499      0.503
      2        0.499      0.499
      3        0.501      0.497
      4        0.501      0.501
      5        0.500      0.501
      6        0.506      0.494
      7        0.497      0.500
      8        0.497      0.503
      9        0.499      0.502
     10        0.501      0.500
* Pair-correlation analysis (ave. no. pairs per config.):
  > Shell  nsite  ___dh____  __eueu___  __eued___
      0      1        0          0          1.929
      1     10        2.217      8.331     10.376
      2     10        1.557     10.093      9.765
      3     10        0.689      1.576      2.929

Optimization #3:
* Method          : lls
* Target function : energy
* No. of configs. : 100096
* No. of params.  : 8
* Before optimization:
  -1.5518E+00   1.6486E-01   1.1749E-01  -1.3301E-02  -1.8836E-02  -1.2810E-01
  -2.0580E-02  -1.0510E-01
  > E    =  -1.157374949697E+01 +/-   1.637356201844E-03
  > varE =   2.683509029636E-01
* Computing derivatives.
  Done. [total walltime: 0.13s]
* Optimizing manipulation constant:
  #igrid a___________ E____________________________________ varE____________
     1     Infinity    -1.15737495E+01 +/-   1.63735620E-03   2.68350903E-01
     2     1.0000E+06  -1.15737495E+01 +/-   1.63735618E-03   2.68350896E-01
     3     2.1544E+05  -1.15737495E+01 +/-   1.63735610E-03   2.68350870E-01
     4     4.6416E+04  -1.15737495E+01 +/-   1.63735574E-03   2.68350751E-01
     5     1.0000E+04  -1.15737495E+01 +/-   1.63735406E-03   2.68350200E-01
     6     2.1544E+03  -1.15737495E+01 +/-   1.63734629E-03   2.68347655E-01
     7     4.6416E+02  -1.15737494E+01 +/-   1.63731109E-03   2.68336115E-01
     8     1.0000E+02  -1.15737492E+01 +/-   1.63716379E-03   2.68287835E-01
     9     2.1544E+01  -1.15737483E+01 +/-   1.63670908E-03   2.68138828E-01
    10     4.6416E+00  -1.15737464E+01 +/-   1.63605520E-03   2.67924621E-01
    11     1.0000E+00  -1.15737451E+01 +/-   1.63572471E-03   2.67816391E-01
    12     2.1544E-01  -1.15737446E+01 +/-   1.63564369E-03   2.67789860E-01
    13     4.6416E-02  -1.15737445E+01 +/-   1.63562694E-03   2.67784374E-01
    14     1.0000E-02  -1.15737445E+01 +/-   1.63562340E-03   2.67783216E-01
    15     2.1544E-03  -1.15737445E+01 +/-   1.63562264E-03   2.67782967E-01
    16     4.6416E-04  -1.15737445E+01 +/-   1.63562248E-03   2.67782914E-01
    17     1.0000E-04  -1.15737445E+01 +/-   1.63562244E-03   2.67782903E-01
    18     2.1544E-05  -1.15737445E+01 +/-   1.63562244E-03   2.67782900E-01
    19     4.6416E-06  -1.15737445E+01 +/-   1.63562243E-03   2.67782899E-01
    20     1.0000E-06  -1.15737445E+01 +/-   1.63562243E-03   2.67782899E-01
    21     0.0000E+00  -1.15737445E+01 +/-   1.63562243E-03   2.67782899E-01
  ParMin   6.9226E+00  -1.15737469E+01 +/-   1.63620860E-03   2.67974867E-01
  # Using parabolic minimum
* Iteration # 1: E =  -1.157374692860E+01 +/-   1.636208598472E-03
* Convergence: exiting.
* After optimization:
  -1.5531E+00   1.6487E-01   1.1743E-01  -1.2690E-02  -1.8770E-02  -1.2851E-01
  -2.0365E-02  -1.0536E-01
  > Energy =  -1.157374692860E+01 +/-   1.636208598472E-03
  > varE =   2.679748669148E-01

VMC #4:
* Size of Hilbert space =   6.3504E+04
* Deterministic energy evaluation:
  > Deterministic Etot/t = -11.572961596011398
    - Ttot/t = -15.439300026898700
    - Utot/t = 3.8663384308872994
* Number of equil. steps   = 1000
* Running VMC equilibration.
  Done. [total walltime: 0.01s]
* Equil. acc.ratio (%)     =  51.1029
* Sample config after equilibration:
  +-------------------+
  |              u    |
  |        d          |
  |  u                |
  |                2  |
  |          2        |
  |    u              |
  |                  0|
  |            d      |
  |      0            |
  |d                  |
  +-------------------+
* Number of accum. steps   = 500480 x 10
* Running VMC accumulation.
  Done. [total walltime: 0.45s]
* Acceptance ratio (%)     =  51.1768
* Etot/t                   =  -1.157444097513E+01 +/-   7.255273760846E-04
  > Ttot/t                 =  -1.543710481785E+01 +/-   2.546457027591E-03
  > Utot/t                 =   3.862663842711E+00 +/-   2.448438041119E-03
* var[Eloc/t]              =   2.765861908894E-01 +/-   2.745497813046E-03
* Correlation length       =   9.524974947746E-01
* log10 Psi^2 range: -1.8157675982785664 -- 1.9953119760405615
* log10 Pgen range : -1.8157675982785664 -- 1.9953119760405615
* Site occupation (ave. no. electrons per config.):
  > Site_  ___eu____  ___ed____
      1        0.501      0.499
      2        0.499      0.501
      3        0.500      0.500
      4        0.499      0.499
      5        0.500      0.499
      6        0.498      0.501
      7        0.502      0.499
      8        0.500      0.499
      9        0.501      0.499
     10        0.501      0.503
* Pair-correlation analysis (ave. no. pairs per config.):
  > Shell  nsite  ___dh____  __eueu___  __eued___
      0      1        0          0          1.926
      1     10        2.214      8.333     10.370
      2     10        1.549     10.094      9.770
      3     10        0.688      1.573      2.934

Optimization #4:
* Method          : lls
* Target function : energy
* No. of configs. : 100096
* No. of params.  : 8
* Before optimization:
  -1.5531E+00   1.6487E-01   1.1743E-01  -1.2690E-02  -1.8770E-02  -1.2851E-01
  -2.0365E-02  -1.0536E-01
  > E    =  -1.157186824940E+01 +/-   1.650640072177E-03
  > varE =   2.727228276018E-01
* Computing derivatives.
  Done. [total walltime: 0.13s]
* Optimizing manipulation constant:
  #igrid a___________ E____________________________________ varE____________
     1     Infinity    -1.15718682E+01 +/-   1.65064007E-03   2.72722828E-01
     2     1.0000E+06  -1.15718682E+01 +/-   1.65064007E-03   2.72722826E-01
     3     2.1544E+05  -1.15718683E+01 +/-   1.65064004E-03   2.72722818E-01
     4     4.6416E+04  -1.15718683E+01 +/-   1.65063994E-03   2.72722784E-01
     5     1.0000E+04  -1.15718683E+01 +/-   1.65063946E-03   2.72722625E-01
     6     2.1544E+03  -1.15718685E+01 +/-   1.65063724E-03   2.72721890E-01
     7     4.6416E+02  -1.15718692E+01 +/-   1.65062702E-03   2.72718515E-01
     8     1.0000E+02  -1.15718725E+01 +/-   1.65058198E-03   2.72703631E-01
     9     2.1544E+01  -1.15718828E+01 +/-   1.65041643E-03   2.72648932E-01
    10     4.6416E+00  -1.15718993E+01 +/-   1.65011030E-03   2.72547794E-01
    11     1.0000E+00  -1.15719098E+01 +/-   1.65000741E-03   2.72513808E-01
    12     2.1544E-01  -1.15719131E+01 +/-   1.65004249E-03   2.72525395E-01
    13     4.6416E-02  -1.15719139E+01 +/-   1.65006037E-03   2.72531301E-01
    14     1.0000E-02  -1.15719141E+01 +/-   1.65006493E-03   2.72532807E-01
    15     2.1544E-03  -1.15719141E+01 +/-   1.65006594E-03   2.72533143E-01
    16     4.6416E-04  -1.15719141E+01 +/-   1.65006617E-03   2.72533216E-01
    17     1.0000E-04  -1.15719141E+01 +/-   1.65006621E-03   2.72533232E-01
    18     2.1544E-05  -1.15719141E+01 +/-   1.65006622E-03   2.72533235E-01
    19     4.6416E-06  -1.15719141E+01 +/-   1.65006623E-03   2.72533236E-01
    20     1.0000E-06  -1.15719141E+01 +/-   1.65006623E-03   2.72533236E-01
    21     0.0000E+00  -1.15719141E+01 +/-   1.65006623E-03   2.72533236E-01
* Iteration # 1: E =  -1.157191410730E+01 +/-   1.650066226657E-03
* Diminishing returns: exiting.
* After optimization:
  -1.5563E+00   1.6563E-01   1.1807E-01  -1.3084E-02  -1.9684E-02  -1.2786E-01
  -2.1266E-02  -1.0494E-01
  > Energy =  -1.157191410730E+01 +/-   1.650066226657E-03
  > varE =   2.725332362166E-01

VMC #5:
* Size of Hilbert space =   6.3504E+04
* Deterministic energy evaluation:
  > Deterministic Etot/t = -11.572957606610236
    - Ttot/t = -15.440394458643020
    - Utot/t = 3.8674368520327866
* Number of equil. steps   = 1000
* Running VMC equilibration.
  Done. [total walltime: 0.01s]
* Equil. acc.ratio (%)     =  51.1102
* Sample config after equilibration:
  +-------------------+
  |              2    |
  |        d          |
  |  0                |
  |                d  |
  |          2        |
  |    d              |
  |                  u|
  |            u      |
  |      u            |
  |0                  |
  +-------------------+
* Number of accum. steps   = 500480 x 10
* Running VMC accumulation.
  Done. [total walltime: 0.46s]
* Acceptance ratio (%)     =  51.1857
* Etot/t                   =  -1.157222779706E+01 +/-   7.379028132418E-04
  > Ttot/t                 =  -1.544291194028E+01 +/-   2.494329412783E-03
  > Utot/t                 =   3.870684143223E+00 +/-   2.391894465123E-03
* var[Eloc/t]              =   2.778933008566E-01 +/-   2.058924366137E-03
* Correlation length       =   9.806340790683E-01
* log10 Psi^2 range: -2.2711244268694779 -- 1.9909138923593996
* log10 Pgen range : -2.2711244268694779 -- 1.9909138923593996
* Site occupation (ave. no. electrons per config.):
  > Site_  ___eu____  ___ed____
      1        0.502      0.502
      2        0.503      0.499
      3        0.500      0.499
      4        0.502      0.499
      5        0.499      0.498
      6        0.500      0.502
      7        0.496      0.502
      8        0.498      0.498
      9        0.500      0.499
     10        0.499      0.502
* Pair-correlation analysis (ave. no. pairs per config.):
  > Shell  nsite  ___dh____  __eueu___  __eued___
      0      1        0          0          1.938
      1     10        2.232      8.337     10.361
      2     10        1.573     10.086      9.772
      3     10        0.692      1.577      2.929

Optimization #5:
* Method          : lls
* Target function : energy
* No. of configs. : 100096
* No. of params.  : 8
* Before optimization:
  -1.5563E+00   1.6563E-01   1.1807E-01  -1.3084E-02  -1.9684E-02  -1.2786E-01
  -2.1266E-02  -1.0494E-01
  > E    =  -1.157252320068E+01 +/-   1.650992261655E-03
  > varE =   2.728392192474E-01
* Computing derivatives.
  Done. [total walltime: 0.13s]
* Optimizing manipulation constant:
  #igrid a___________ E____________________________________ varE____________
     1     Infinity    -1.15725232E+01 +/-   1.65099226E-03   2.72839219E-01
     2     1.0000E+06  -1.15725232E+01 +/-   1.65099229E-03   2.72839230E-01
     3     2.1544E+05  -1.15725232E+01 +/-   1.65099241E-03   2.72839267E-01
     4     4.6416E+04  -1.15725232E+01 +/-   1.65099293E-03   2.72839441E-01
     5     1.0000E+04  -1.15725232E+01 +/-   1.65099538E-03   2.72840249E-01
     6     2.1544E+03  -1.15725232E+01 +/-   1.65100669E-03   2.72843988E-01
     7     4.6416E+02  -1.15725232E+01 +/-   1.65105844E-03   2.72861092E-01
     8     1.0000E+02  -1.15725233E+01 +/-   1.65128325E-03   2.72935405E-01
     9     2.1544E+01  -1.15725236E+01 +/-   1.65207494E-03   2.73197178E-01
    10     4.6416E+00  -1.15725242E+01 +/-   1.65356935E-03   2.73691651E-01
    11     1.0000E+00  -1.15725248E+01 +/-   1.65456907E-03   2.74022691E-01
    12     2.1544E-01  -1.15725250E+01 +/-   1.65485461E-03   2.74117280E-01
    13     4.6416E-02  -1.15725250E+01 +/-   1.65491693E-03   2.74137924E-01
    14     1.0000E-02  -1.15725250E+01 +/-   1.65493028E-03   2.74142347E-01
    15     2.1544E-03  -1.15725250E+01 +/-   1.65493315E-03   2.74143298E-01
    16     4.6416E-04  -1.15725250E+01 +/-   1.65493377E-03   2.74143503E-01
    17     1.0000E-04  -1.15725250E+01 +/-   1.65493390E-03   2.74143547E-01
    18     2.1544E-05  -1.15725250E+01 +/-   1.65493393E-03   2.74143556E-01
    19     4.6416E-06  -1.15725250E+01 +/-   1.65493394E-03   2.74143558E-01
    20     1.0000E-06  -1.15725250E+01 +/-   1.65493394E-03   2.74143559E-01
    21     0.0000E+00  -1.15725250E+01 +/-   1.65493394E-03   2.74143559E-01
* Iteration # 1: E =  -1.157252320068E+01 +/-   1.650992261655E-03
* Convergence: exiting.
* After optimization:
  -1.5563E+00   1.6563E-01   1.1807E-01  -1.3084E-02  -1.9684E-02  -1.2786E-01
  -2.1266E-02  -1.0494E-01
  > Energy =  -1.157252320068E+01 +/-   1.650992261655E-03
  > varE =   2.728392192474E-01

VMC #6:
* Size of Hilbert space =   6.3504E+04
* Deterministic energy evaluation:
  > Deterministic Etot/t = -11.572957606610236
    - Ttot/t = -15.440394458643020
    - Utot/t = 3.8674368520327866
* Number of equil. steps   = 1000
* Running VMC equilibration.
  Done. [total walltime: 0.01s]
* Equil. acc.ratio (%)     =  51.1452
* Sample config after equilibration:
  +-------------------+
  |              2    |
  |        u          |
  |  2                |
  |                d  |
  |          u        |
  |    0              |
  |                  d|
  |            0      |
  |      2            |
  |0                  |
  +-------------------+
* Number of accum. steps   = 500480 x 10
* Running VMC accumulation.
  Done. [total walltime: 0.47s]
* Acceptance ratio (%)     =  51.1893
* Etot/t                   =  -1.157308215131E+01 +/-   7.372752926208E-04
  > Ttot/t                 =  -1.544023768200E+01 +/-   2.481157500099E-03
  > Utot/t                 =   3.867155530691E+00 +/-   2.391913817138E-03
* var[Eloc/t]              =   2.719245365718E-01 +/-   2.481925332802E-03
* Correlation length       =   1.000455302474E+00
* log10 Psi^2 range: -2.2711244268728619 -- 1.9909138923593859
* log10 Pgen range : -2.2711244268728619 -- 1.9909138923593859
* Site occupation (ave. no. electrons per config.):
  > Site_  ___eu____  ___ed____
      1        0.500      0.501
      2        0.500      0.500
      3        0.497      0.501
      4        0.501      0.498
      5        0.499      0.500
      6        0.500      0.498
      7        0.499      0.499
      8        0.502      0.499
      9        0.500      0.504
     10        0.503      0.499
* Pair-correlation analysis (ave. no. pairs per config.):
  > Shell  nsite  ___dh____  __eueu___  __eued___
      0      1        0          0          1.936
      1     10        2.227      8.338     10.366
      2     10        1.572     10.083      9.770
      3     10        0.690      1.579      2.928

Optimization #6:
* Method          : lls
* Target function : energy
* No. of configs. : 100096
* No. of params.  : 8
* Before optimization:
  -1.5563E+00   1.6563E-01   1.1807E-01  -1.3084E-02  -1.9684E-02  -1.2786E-01
  -2.1266E-02  -1.0494E-01
  > E    =  -1.157188772066E+01 +/-   1.650832096829E-03
  > varE =   2.727862848667E-01
* Computing derivatives.
  Done. [total walltime: 0.14s]
* Optimizing manipulation constant:
  #igrid a___________ E____________________________________ varE____________
     1     Infinity    -1.15718877E+01 +/-   1.65083210E-03   2.72786285E-01
     2     1.0000E+06  -1.15718877E+01 +/-   1.65083213E-03   2.72786297E-01
     3     2.1544E+05  -1.15718877E+01 +/-   1.65083226E-03   2.72786340E-01
     4     4.6416E+04  -1.15718877E+01 +/-   1.65083287E-03   2.72786542E-01
     5     1.0000E+04  -1.15718878E+01 +/-   1.65083570E-03   2.72787476E-01
     6     2.1544E+03  -1.15718879E+01 +/-   1.65084879E-03   2.72791802E-01
     7     4.6416E+02  -1.15718884E+01 +/-   1.65090878E-03   2.72811628E-01
     8     1.0000E+02  -1.15718907E+01 +/-   1.65117134E-03   2.72898411E-01
     9     2.1544E+01  -1.15718977E+01 +/-   1.65211658E-03   2.73210952E-01
    10     4.6416E+00  -1.15719074E+01 +/-   1.65395754E-03   2.73820171E-01
    11     1.0000E+00  -1.15719121E+01 +/-   1.65521905E-03   2.74238025E-01
    12     2.1544E-01  -1.15719132E+01 +/-   1.65558952E-03   2.74360799E-01
    13     4.6416E-02  -1.15719135E+01 +/-   1.65567211E-03   2.74388173E-01
    14     1.0000E-02  -1.15719135E+01 +/-   1.65568993E-03   2.74394080E-01
    15     2.1544E-03  -1.15719135E+01 +/-   1.65569377E-03   2.74395353E-01
    16     4.6416E-04  -1.15719135E+01 +/-   1.65569460E-03   2.74395627E-01
    17     1.0000E-04  -1.15719135E+01 +/-   1.65569477E-03   2.74395686E-01
    18     2.1544E-05  -1.15719135E+01 +/-   1.65569481E-03   2.74395699E-01
    19     4.6416E-06  -1.15719135E+01 +/-   1.65569482E-03   2.74395701E-01
    20     1.0000E-06  -1.15719135E+01 +/-   1.65569482E-03   2.74395702E-01
    21     0.0000E+00  -1.15719135E+01 +/-   1.65569482E-03   2.74395702E-01
* Iteration # 1: E =  -1.157191353632E+01 +/-   1.655694822804E-03
* Diminishing returns: exiting.
* After optimization:
  -1.5484E+00   1.6387E-01   1.1738E-01  -1.2039E-02  -1.8099E-02  -1.2800E-01
  -2.0242E-02  -1.0554E-01
  > Energy =  -1.157191353632E+01 +/-   1.655694822804E-03
  > varE =   2.743957018592E-01

VMC #7:
* Size of Hilbert space =   6.3504E+04
* Deterministic energy evaluation:
  > Deterministic Etot/t = -11.572958329661704
    - Ttot/t = -15.440067905026394
    - Utot/t = 3.8671095753647009
* Number of equil. steps   = 1000
* Running VMC equilibration.
  Done. [total walltime: 0.01s]
* Equil. acc.ratio (%)     =  51.2518
* Sample config after equilibration:
  +-------------------+
  |              d    |
  |        u          |
  |  d                |
  |                u  |
  |          2        |
  |    u              |
  |                  d|
  |            0      |
  |      2            |
  |0                  |
  +-------------------+
* Number of accum. steps   = 500480 x 10
* Running VMC accumulation.
  Done. [total walltime: 0.51s]
* Acceptance ratio (%)     =  51.1986
* Etot/t                   =  -1.157302619580E+01 +/-   7.490268515883E-04
  > Ttot/t                 =  -1.543806375973E+01 +/-   2.548683116638E-03
  > Utot/t                 =   3.865037563939E+00 +/-   2.460418296933E-03
* var[Eloc/t]              =   2.768952290646E-01 +/-   2.042719921798E-03
* Correlation length       =   1.014065547234E+00
* log10 Psi^2 range: -2.6290359494333853 -- 2.0062752486921869
* log10 Pgen range : -2.6290359494333853 -- 2.0062752486921869
* Site occupation (ave. no. electrons per config.):
  > Site_  ___eu____  ___ed____
      1        0.503      0.500
      2        0.501      0.501
      3        0.501      0.501
      4        0.498      0.501
      5        0.498      0.498
      6        0.500      0.498
      7        0.498      0.502
      8        0.501      0.499
      9        0.500      0.499
     10        0.500      0.500
* Pair-correlation analysis (ave. no. pairs per config.):
  > Shell  nsite  ___dh____  __eueu___  __eued___
      0      1        0          0          1.934
      1     10        2.222      8.343     10.365
      2     10        1.568     10.082      9.774
      3     10        0.694      1.575      2.927

Optimization #7:
* Method          : lls
* Target function : energy
* No. of configs. : 100096
* No. of params.  : 8
* Before optimization:
  -1.5484E+00   1.6387E-01   1.1738E-01  -1.2039E-02  -1.8099E-02  -1.2800E-01
  -2.0242E-02  -1.0554E-01
  > E    =  -1.157421792184E+01 +/-   1.675914598265E-03
  > varE =   2.811386082828E-01
* Computing derivatives.
  Done. [total walltime: 0.14s]
* Optimizing manipulation constant:
  #igrid a___________ E____________________________________ varE____________
     1     Infinity    -1.15742179E+01 +/-   1.67591460E-03   2.81138608E-01
     2     1.0000E+06  -1.15742179E+01 +/-   1.67591450E-03   2.81138575E-01
     3     2.1544E+05  -1.15742179E+01 +/-   1.67591414E-03   2.81138456E-01
     4     4.6416E+04  -1.15742179E+01 +/-   1.67591249E-03   2.81137900E-01
     5     1.0000E+04  -1.15742179E+01 +/-   1.67590480E-03   2.81135321E-01
     6     2.1544E+03  -1.15742179E+01 +/-   1.67586925E-03   2.81123395E-01
     7     4.6416E+02  -1.15742178E+01 +/-   1.67570702E-03   2.81068970E-01
     8     1.0000E+02  -1.15742174E+01 +/-   1.67500860E-03   2.80834725E-01
     9     2.1544E+01  -1.15742157E+01 +/-   1.67260738E-03   2.80030117E-01
    10     4.6416E+00  -1.15742104E+01 +/-   1.66804411E-03   2.78504223E-01
    11     1.0000E+00  -1.15742044E+01 +/-   1.66441698E-03   2.77294334E-01
    12     2.1544E-01  -1.15742017E+01 +/-   1.66303979E-03   2.76835642E-01
    13     4.6416E-02  -1.15742009E+01 +/-   1.66268650E-03   2.76718035E-01
    14     1.0000E-02  -1.15742008E+01 +/-   1.66260710E-03   2.76691605E-01
    15     2.1544E-03  -1.15742007E+01 +/-   1.66258983E-03   2.76685858E-01
    16     4.6416E-04  -1.15742007E+01 +/-   1.66258610E-03   2.76684617E-01
    17     1.0000E-04  -1.15742007E+01 +/-   1.66258530E-03   2.76684349E-01
    18     2.1544E-05  -1.15742007E+01 +/-   1.66258512E-03   2.76684292E-01
    19     4.6416E-06  -1.15742007E+01 +/-   1.66258509E-03   2.76684279E-01
    20     1.0000E-06  -1.15742007E+01 +/-   1.66258508E-03   2.76684277E-01
    21     0.0000E+00  -1.15742007E+01 +/-   1.66258508E-03   2.76684276E-01
* Iteration # 1: E =  -1.157420071737E+01 +/-   1.662585076888E-03
* Diminishing returns: exiting.
* After optimization:
  -1.5434E+00   1.6393E-01   1.1654E-01  -1.2177E-02  -1.7337E-02  -1.2836E-01
  -1.9354E-02  -1.0519E-01
  > Energy =  -1.157420071737E+01 +/-   1.662585076888E-03
  > varE =   2.766842759463E-01

VMC #8:
* Size of Hilbert space =   6.3504E+04
* Deterministic energy evaluation:
  > Deterministic Etot/t = -11.572956370280314
    - Ttot/t = -15.440972901787832
    - Utot/t = 3.8680165315075228
* Number of equil. steps   = 1000
* Running VMC equilibration.
  Done. [total walltime: 0.01s]
* Equil. acc.ratio (%)     =  51.2222
* Sample config after equilibration:
  +-------------------+
  |              d    |
  |        u          |
  |  d                |
  |                2  |
  |          d        |
  |    u              |
  |                  0|
  |            u      |
  |      d            |
  |u                  |
  +-------------------+
* Number of accum. steps   = 500480 x 10
* Running VMC accumulation.
  Done. [total walltime: 0.53s]
* Acceptance ratio (%)     =  51.1724
* Etot/t                   =  -1.157194138507E+01 +/-   7.336239502272E-04
  > Ttot/t                 =  -1.543784611651E+01 +/-   2.566235120410E-03
  > Utot/t                 =   3.865904731458E+00 +/-   2.446210338492E-03
* var[Eloc/t]              =   2.707110740536E-01 +/-   2.166747182052E-03
* Correlation length       =   9.950105997076E-01
* log10 Psi^2 range: -2.6164722261954769 -- 2.0153956371049251
* log10 Pgen range : -2.6164722261954769 -- 2.0153956371049251
* Site occupation (ave. no. electrons per config.):
  > Site_  ___eu____  ___ed____
      1        0.501      0.498
      2        0.499      0.498
      3        0.500      0.498
      4        0.500      0.501
      5        0.501      0.500
      6        0.500      0.502
      7        0.500      0.501
      8        0.499      0.502
      9        0.500      0.499
     10        0.499      0.501
* Pair-correlation analysis (ave. no. pairs per config.):
  > Shell  nsite  ___dh____  __eueu___  __eued___
      0      1        0          0          1.932
      1     10        2.218      8.352     10.359
      2     10        1.568     10.071      9.778
      3     10        0.688      1.577      2.931

Optimization #8:
* Method          : lls
* Target function : energy
* No. of configs. : 100096
* No. of params.  : 8
* Before optimization:
  -1.5434E+00   1.6393E-01   1.1654E-01  -1.2177E-02  -1.7337E-02  -1.2836E-01
  -1.9354E-02  -1.0519E-01
  > E    =  -1.157199488964E+01 +/-   1.647254762627E-03
  > varE =   2.716053163319E-01
* Computing derivatives.
  Done. [total walltime: 0.15s]
* Optimizing manipulation constant:
  #igrid a___________ E____________________________________ varE____________
     1     Infinity    -1.15719949E+01 +/-   1.64725476E-03   2.71605316E-01
     2     1.0000E+06  -1.15719949E+01 +/-   1.64725479E-03   2.71605326E-01
     3     2.1544E+05  -1.15719949E+01 +/-   1.64725490E-03   2.71605362E-01
     4     4.6416E+04  -1.15719949E+01 +/-   1.64725540E-03   2.71605528E-01
     5     1.0000E+04  -1.15719949E+01 +/-   1.64725774E-03   2.71606298E-01
     6     2.1544E+03  -1.15719949E+01 +/-   1.64726854E-03   2.71609859E-01
     7     4.6416E+02  -1.15719949E+01 +/-   1.64731789E-03   2.71626134E-01
     8     1.0000E+02  -1.15719949E+01 +/-   1.64753144E-03   2.71696564E-01
     9     2.1544E+01  -1.15719947E+01 +/-   1.64827732E-03   2.71942627E-01
    10     4.6416E+00  -1.15719928E+01 +/-   1.64973034E-03   2.72422294E-01
    11     1.0000E+00  -1.15719899E+01 +/-   1.65088679E-03   2.72804361E-01
    12     2.1544E-01  -1.15719886E+01 +/-   1.65131052E-03   2.72944420E-01
    13     4.6416E-02  -1.15719882E+01 +/-   1.65141654E-03   2.72979469E-01
    14     1.0000E-02  -1.15719881E+01 +/-   1.65144019E-03   2.72987288E-01
    15     2.1544E-03  -1.15719881E+01 +/-   1.65144533E-03   2.72988985E-01
    16     4.6416E-04  -1.15719881E+01 +/-   1.65144644E-03   2.72989351E-01
    17     1.0000E-04  -1.15719881E+01 +/-   1.65144667E-03   2.72989430E-01
    18     2.1544E-05  -1.15719881E+01 +/-   1.65144673E-03   2.72989447E-01
    19     4.6416E-06  -1.15719881E+01 +/-   1.65144674E-03   2.72989451E-01
    20     1.0000E-06  -1.15719881E+01 +/-   1.65144674E-03   2.72989452E-01
    21     0.0000E+00  -1.15719881E+01 +/-   1.65144674E-03   2.72989452E-01
* Iteration # 1: E =  -1.157199488964E+01 +/-   1.647254762627E-03
* Convergence: exiting.
* After optimization:
  -1.5434E+00   1.6393E-01   1.1654E-01  -1.2177E-02  -1.7337E-02  -1.2836E-01
  -1.9354E-02  -1.0519E-01
  > Energy =  -1.157199488964E+01 +/-   1.647254762627E-03
  > varE =   2.716053163319E-01

VMC #9:
* Size of Hilbert space =   6.3504E+04
* Deterministic energy evaluation:
  > Deterministic Etot/t = -11.572956370280314
    - Ttot/t = -15.440972901787832
    - Utot/t = 3.8680165315075228
* Number of equil. steps   = 1000
* Running VMC equilibration.
  Done. [total walltime: 0.01s]
* Equil. acc.ratio (%)     =  51.1277
* Sample config after equilibration:
  +-------------------+
  |              d    |
  |        0          |
  |  2                |
  |                d  |
  |          d        |
  |    u              |
  |                  u|
  |            0      |
  |      2            |
  |u                  |
  +-------------------+
* Number of accum. steps   = 500480 x 10
* Running VMC accumulation.
  Done. [total walltime: 0.55s]
* Acceptance ratio (%)     =  51.1871
* Etot/t                   =  -1.157274246102E+01 +/-   7.317278715533E-04
  > Ttot/t                 =  -1.544034955820E+01 +/-   2.538748917262E-03
  > Utot/t                 =   3.867607097187E+00 +/-   2.442255052851E-03
* var[Eloc/t]              =   2.695793601019E-01 +/-   1.824104485580E-03
* Correlation length       =   9.940295252135E-01
* log10 Psi^2 range: -2.2397576903964436 -- 2.0153956371049428
* log10 Pgen range : -2.2397576903964436 -- 2.0153956371049428
* Site occupation (ave. no. electrons per config.):
  > Site_  ___eu____  ___ed____
      1        0.497      0.502
      2        0.498      0.500
      3        0.502      0.500
      4        0.498      0.503
      5        0.503      0.499
      6        0.501      0.499
      7        0.501      0.499
      8        0.498      0.501
      9        0.500      0.499
     10        0.501      0.500
* Pair-correlation analysis (ave. no. pairs per config.):
  > Shell  nsite  ___dh____  __eueu___  __eued___
      0      1        0          0          1.932
      1     10        2.224      8.338     10.363
      2     10        1.563     10.087      9.777
      3     10        0.691      1.575      2.929

Optimization #9:
* Method          : lls
* Target function : energy
* No. of configs. : 100096
* No. of params.  : 8
* Before optimization:
  -1.5434E+00   1.6393E-01   1.1654E-01  -1.2177E-02  -1.7337E-02  -1.2836E-01
  -1.9354E-02  -1.0519E-01
  > E    =  -1.157447825855E+01 +/-   1.625877470152E-03
  > varE =   2.646015286395E-01
* Computing derivatives.
  Done. [total walltime: 0.15s]
* Optimizing manipulation constant:
  #igrid a___________ E____________________________________ varE____________
     1     Infinity    -1.15744783E+01 +/-   1.62587747E-03   2.64601529E-01
     2     1.0000E+06  -1.15744783E+01 +/-   1.62587754E-03   2.64601552E-01
     3     2.1544E+05  -1.15744783E+01 +/-   1.62587780E-03   2.64601635E-01
     4     4.6416E+04  -1.15744783E+01 +/-   1.62587899E-03   2.64602024E-01
     5     1.0000E+04  -1.15744783E+01 +/-   1.62588453E-03   2.64603825E-01
     6     2.1544E+03  -1.15744785E+01 +/-   1.62591013E-03   2.64612158E-01
     7     4.6416E+02  -1.15744791E+01 +/-   1.62602700E-03   2.64650200E-01
     8     1.0000E+02  -1.15744820E+01 +/-   1.62653045E-03   2.64814109E-01
     9     2.1544E+01  -1.15744909E+01 +/-   1.62825183E-03   2.65374917E-01
    10     4.6416E+00  -1.15745039E+01 +/-   1.63132019E-03   2.66376032E-01
    11     1.0000E+00  -1.15745109E+01 +/-   1.63329366E-03   2.67020912E-01
    12     2.1544E-01  -1.15745129E+01 +/-   1.63386696E-03   2.67208400E-01
    13     4.6416E-02  -1.15745133E+01 +/-   1.63399542E-03   2.67250417E-01
    14     1.0000E-02  -1.15745134E+01 +/-   1.63402320E-03   2.67259505E-01
    15     2.1544E-03  -1.15745134E+01 +/-   1.63402919E-03   2.67261464E-01
    16     4.6416E-04  -1.15745134E+01 +/-   1.63403048E-03   2.67261886E-01
    17     1.0000E-04  -1.15745134E+01 +/-   1.63403076E-03   2.67261977E-01
    18     2.1544E-05  -1.15745134E+01 +/-   1.63403082E-03   2.67261997E-01
    19     4.6416E-06  -1.15745134E+01 +/-   1.63403083E-03   2.67262001E-01
    20     1.0000E-06  -1.15745134E+01 +/-   1.63403083E-03   2.67262002E-01
    21     0.0000E+00  -1.15745134E+01 +/-   1.63403083E-03   2.67262002E-01
* Iteration # 1: E =  -1.157451344418E+01 +/-   1.634030834198E-03
* Diminishing returns: exiting.
* After optimization:
  -1.5356E+00   1.6211E-01   1.1595E-01  -1.2564E-02  -1.6504E-02  -1.2802E-01
  -1.9012E-02  -1.0529E-01
  > Energy =  -1.157451344418E+01 +/-   1.634030834198E-03
  > varE =   2.672620021606E-01

VMC #10:
* Size of Hilbert space =   6.3504E+04
* Deterministic energy evaluation:
  > Deterministic Etot/t = -11.572955503531553
    - Ttot/t = -15.440256592079523
    - Utot/t = 3.8673010885479724
* Number of equil. steps   = 1000
* Running VMC equilibration.
  Done. [total walltime: 0.01s]
* Equil. acc.ratio (%)     =  51.1424
* Sample config after equilibration:
  +-------------------+
  |              u    |
  |        d          |
  |  2                |
  |                2  |
  |          d        |
  |    2              |
  |                  u|
  |            0      |
  |      0            |
  |0                  |
  +-------------------+
* Number of accum. steps   = 500480 x 10
* Running VMC accumulation.
  Done. [total walltime: 0.56s]
* Acceptance ratio (%)     =  51.1974
* Etot/t                   =  -1.157332164886E+01 +/-   7.459880940446E-04
  > Ttot/t                 =  -1.544188782533E+01 +/-   2.505512297136E-03
  > Utot/t                 =   3.868566176471E+00 +/-   2.395635875488E-03
* var[Eloc/t]              =   2.792056130020E-01 +/-   1.652182865716E-03
* Correlation length       =   9.975309392496E-01
* log10 Psi^2 range: -2.6029857997149937 -- 2.0272538580555528
* log10 Pgen range : -2.6029857997149937 -- 2.0272538580555528
* Site occupation (ave. no. electrons per config.):
  > Site_  ___eu____  ___ed____
      1        0.500      0.503
      2        0.500      0.501
      3        0.500      0.500
      4        0.501      0.498
      5        0.500      0.501
      6        0.499      0.499
      7        0.502      0.498
      8        0.498      0.500
      9        0.499      0.500
     10        0.501      0.499
* Pair-correlation analysis (ave. no. pairs per config.):
  > Shell  nsite  ___dh____  __eueu___  __eued___
      0      1        0          0          1.934
      1     10        2.227      8.337     10.363
      2     10        1.563     10.088      9.774
      3     10        0.694      1.575      2.928

VDAGGER finished.
Total VDAGGER walltime: 12.1s

Run ended: Fri Jan 16 09:16:16 CET 2026
