Run started: Mon Oct 20 18:20:26 CEST 2025
Using VDAGGER_ARCH = intel23_fkfamd23_cluster
Running 1x128 MPI processes.

                               xx
                              +##
                               #X
                               Xx
                          X##XxXxxX##x
                           +   Xx  ++
                               ##
                              +##
                              +##
     ++++         ++          +##
   xX+++##+      ####         +##
  Xx    ###      +X##          ##
 xX    X##+        ##          #X
 +    x##X         #x          #X
      ###         +#           x+
     X##+         #+
     ###         Xx                    _______
     ##X       +X+   __________________VDAGGER
     +##x    +xX     2nd quantized variational
       +xxxxx+       ______quantum Monte Carlo

* Running 128 MPI processes.
* Input file: "input.casl"

############# Start of input file dump #############
General:
  Random seed: timer

Plan:
  VMC-optimization:
    Minimum cycles: 10
    Convergence cycles: 5

System:
  Read Hamiltonian: FCIDUMP_loc_benzene
  Read orbitals: LTSC_benzene
  Complex orbitals: F
  Geometry:
    r_5: [ 0.00000000000000, 2.63994739601739 ]
    r_4: [ 2.28626150960564, 1.31997369800870 ]
    r_6: [ 2.28626150960564, -1.31997369800870 ]
    r_2: [ 0.00000000000000, -2.63994739601739 ]
    r_3: [ -2.28626150960564, -1.31997369800870 ]
    r_1: [ -2.28626150960564, 1.31997369800870 ]
    Tolerance: 0.05

VMC:
  nstep: 500000
  nconfig: 50000

Jastrow: wfn.casl
############## End of input file dump ##############

General setup:
* Random seed: 436288559 (from timer)

* Loaded integrals for system with nelec=6, ms2=0, norb=6
* INFO: setting number of electrons from integrals file.
* Analysis of Hamiltonian connecitivity performed:
  - T_ii (local, 1-site): 6 (i) values
  - U_iiii [opp] (local, 1-site): 6 (i) values
  - U_kkii [opp] (local, 2-site): 30 contribs. from 6 (i) values
  - U_kkii [par] (local, 2-site): 15 contribs. from 5 (i) values
  - T_ji (single, 2-site): 30 contribs. from 6 (i) values
  - U_kkji [opp] (single, 2/3-site): 180 contribs. from 30 (i,j) pairs
  - U_kkji [par] (single, 3-site): 150 contribs. from 30 (i,j) pairs
  - U_lkji [opp] (double, 2/3/4-site): 900 contribs. from 30 (i,j) pairs
  - U_lkji [par] (double, 4-site): 170 contribs. from 20 (i,j) pairs
  - Max. no. wfn. ratios in Eloc: 255
* Reading override orbitals from file "LTSC_benzene".
* Site labels:
  +-----+
  |  5  |
  |1   4|
  |3   6|
  |  2  |
  +-----+
* Automatically set Site kinds:
  [ 1, 1, 1, 1, 1, 1 ]
  +-----+
  |  1  |
  |1   1|
  |1   1|
  |  1  |
  +-----+
* Maximum Site kind: 1
* Number of site-pair kinds with Tij=0: 0
* Automatically set Site pair kinds:
  Site 1: [ 0, 4, 1, -5, -1, -2 ]
  Site 2: [ 4, 0, 1, -4, -3, -1 ]
  Site 3: [ 1, 1, 0, -2, -4, -5 ]
  Site 4: [ -5, -4, -2, 0, 1, 1 ]
  Site 5: [ -1, -3, -4, 1, 0, 4 ]
  Site 6: [ -2, -1, -5, 1, 4, 0 ]
  For site 1 of kind 1:
  +--------+
  |   -1   |
  | 0    -5|
  | 1    -2|
  |    4   |
  +--------+
* Maximum (unsigned) Site pair kind: 5
General system setup:
* Number of sites       : 6
* Number of electrons   : 6
* Spin imbalance MS2    : 0
* Filling               : 0.500000
* Number of orbitals in pool: 6
* Using real-valued orbitals
* Using double-precision arithmetic for orbitals

Trial wave function setup:
* Jastrow parameter file: "wfn.casl"
* Not using multideterminants
* Not using a backflow transformation
* Not using wave function manipulation

VMC #1:
* Size of Hilbert space =   4.0000E+02
* Deterministic energy evaluation:
  > Deterministic Etot/t = -230.6983057849937
    - Ttot/t = -10.36525845835422
    - Utot/t = 3.909444527508386
* Number of equil. steps   = 1000
* Running VMC equilibration.
  Done. [total walltime: 0.01s]
* Equil. acc.ratio (%)     =  40.7600
* Sample config after equilibration:
  +-----+
  |  d  |
  |2   u|
  |u   0|
  |  d  |
  +-----+
* Number of accum. steps   = 500480 x 10
* Running VMC accumulation.
  Done. [total walltime: 1.21s]
* Acceptance ratio (%)     =  40.8039
* Etot/t                   =  -2.306983287641E+02 +/-   6.028300473397E-05
  > Ttot/t                 =  -1.036539406224E+01 +/-   2.921348761165E-04
  > Utot/t                 =   3.909557152342E+00 +/-   2.852712985024E-04
* var[Eloc/t]              =   1.823139952862E-03 +/-   1.840387839165E-05
* Correlation length       =   9.976001384534E-01
* log10 Psi^2 range: -5.467492309900023 -- -1.935613302260383
* log10 Pgen range : -5.467492309900023 -- -1.935613302260383
* Site occupation (ave. no. electrons per config.):
  > Site_  ___eu____  ___ed____
      1        0.500      0.500
      2        0.500      0.504
      3        0.503      0.495
      4        0.502      0.499
      5        0.498      0.503
      6        0.498      0.500
* Pair-correlation analysis (ave. no. pairs per config.):
  > Shell  nsite  ___dh____  __eueu___  __eued___
      0      1        0          0          1.048
      1      4        1.080      1.492      3.494
      2      4        0.158      0.844      1.093
      3      4        0.080      0.425      0.549
      4      4        0.236      2.162      1.879
      5      4        0.116      1.077      0.937

Optimization #1:
* Method          : lls
* Target function : energy
* No. of configs. : 50048
* No. of params.  : 14
* Before optimization:
  -7.8279E-01   3.1727E-01  -2.3343E-01  -2.3507E-01  -5.6056E-02  -5.3380E-02
  -4.8966E-02  -9.2881E-02   9.2187E-02   1.2817E-01   9.6342E-02   1.2120E-01
   7.6836E-03  -1.3364E-03
  > E    =  -2.306981575430E+02 +/-   1.904532338297E-04
  > varE =   1.815362790656E-03
* Computing derivatives.
  Done. [total walltime: 0.66s]
* Optimizing manipulation constant:
  #igrid a___________ E____________________________________ varE____________
     1     Infinity    -2.30698158E+02 +/-   1.90453234E-04   1.81536279E-03
     2     1.0000E+06  -2.30698158E+02 +/-   1.90453234E-04   1.81536280E-03
     3     2.1544E+05  -2.30698158E+02 +/-   1.90453235E-04   1.81536281E-03
     4     4.6416E+04  -2.30698158E+02 +/-   1.90453239E-04   1.81536290E-03
     5     1.0000E+04  -2.30698158E+02 +/-   1.90453259E-04   1.81536328E-03
     6     2.1544E+03  -2.30698158E+02 +/-   1.90453353E-04   1.81536506E-03
     7     4.6416E+02  -2.30698158E+02 +/-   1.90453785E-04   1.81537330E-03
     8     1.0000E+02  -2.30698158E+02 +/-   1.90455784E-04   1.81541141E-03
     9     2.1544E+01  -2.30698158E+02 +/-   1.90464873E-04   1.81558468E-03
    10     4.6416E+00  -2.30698160E+02 +/-   1.90502752E-04   1.81630690E-03
    11     1.0000E+00  -2.30698163E+02 +/-   1.90609778E-04   1.81834831E-03
    12     2.1544E-01  -2.30698164E+02 +/-   1.90732327E-04   1.82068721E-03
    13     4.6416E-02  -2.30698165E+02 +/-   1.90785042E-04   1.82169376E-03
    14     1.0000E-02  -2.30698165E+02 +/-   1.90798627E-04   1.82195320E-03
    15     2.1544E-03  -2.30698165E+02 +/-   1.90801668E-04   1.82201127E-03
    16     4.6416E-04  -2.30698165E+02 +/-   1.90802328E-04   1.82202388E-03
    17     1.0000E-04  -2.30698165E+02 +/-   1.90802471E-04   1.82202661E-03
    18     2.1544E-05  -2.30698165E+02 +/-   1.90802501E-04   1.82202719E-03
    19     4.6416E-06  -2.30698165E+02 +/-   1.90802508E-04   1.82202732E-03
    20     1.0000E-06  -2.30698165E+02 +/-   1.90802509E-04   1.82202735E-03
    21     0.0000E+00  -2.30698165E+02 +/-   1.90802510E-04   1.82202735E-03
* Iteration # 1: E =  -2.306981649839E+02 +/-   1.908025092925E-04
* Convergence: exiting.
* After optimization:
  -8.0962E-01   3.2100E-01  -2.2669E-01  -2.2817E-01  -4.8904E-02  -4.9454E-02
  -5.2021E-02  -9.2858E-02   8.5587E-02   1.2367E-01   8.7845E-02   1.2359E-01
   6.2832E-04  -2.1595E-03
  > Energy =  -2.306981649839E+02 +/-   1.908025092925E-04
  > varE =   1.822027346299E-03

VMC #2:
* Size of Hilbert space =   4.0000E+02
* Deterministic energy evaluation:
  > Deterministic Etot/t = -230.6983063874069
    - Ttot/t = -10.36521144660124
    - Utot/t = 3.909396913342258
* Number of equil. steps   = 1000
* Running VMC equilibration.
  Done. [total walltime: 0.01s]
* Equil. acc.ratio (%)     =  40.7754
* Sample config after equilibration:
  +-----+
  |  u  |
  |d   d|
  |u   0|
  |  2  |
  +-----+
* Number of accum. steps   = 500480 x 10
* Running VMC accumulation.
  Done. [total walltime: 1.19s]
* Acceptance ratio (%)     =  40.8105
* Etot/t                   =  -2.306983108963E+02 +/-   6.122769406089E-05
  > Ttot/t                 =  -1.036553317114E+01 +/-   2.985210952163E-04
  > Utot/t                 =   3.909714129236E+00 +/-   2.934850867043E-04
* var[Eloc/t]              =   1.836491807566E-03 +/-   9.645585158028E-06
* Correlation length       =   1.021629767651E+00
* log10 Psi^2 range: -6.029552500489509 -- -1.965742597396851
* log10 Pgen range : -6.029552500489509 -- -1.965742597396851
* Site occupation (ave. no. electrons per config.):
  > Site_  ___eu____  ___ed____
      1        0.498      0.498
      2        0.499      0.498
      3        0.503      0.503
      4        0.495      0.500
      5        0.502      0.498
      6        0.502      0.503
* Pair-correlation analysis (ave. no. pairs per config.):
  > Shell  nsite  ___dh____  __eueu___  __eued___
      0      1        0          0          1.045
      1      4        1.081      1.487      3.498
      2      4        0.154      0.850      1.101
      3      4        0.080      0.423      0.545
      4      4        0.237      2.158      1.874
      5      4        0.118      1.082      0.938

Optimization #2:
* Method          : lls
* Target function : energy
* No. of configs. : 50048
* No. of params.  : 14
* Before optimization:
  -8.0962E-01   3.2100E-01  -2.2669E-01  -2.2817E-01  -4.8904E-02  -4.9454E-02
  -5.2021E-02  -9.2858E-02   8.5587E-02   1.2367E-01   8.7845E-02   1.2359E-01
   6.2832E-04  -2.1595E-03
  > E    =  -2.306985415809E+02 +/-   1.892066489576E-04
  > varE =   1.791676159977E-03
* Computing derivatives.
  Done. [total walltime: 0.66s]
* Optimizing manipulation constant:
  #igrid a___________ E____________________________________ varE____________
     1     Infinity    -2.30698542E+02 +/-   1.89206649E-04   1.79167616E-03
     2     1.0000E+06  -2.30698542E+02 +/-   1.89206648E-04   1.79167614E-03
     3     2.1544E+05  -2.30698542E+02 +/-   1.89206643E-04   1.79167605E-03
     4     4.6416E+04  -2.30698542E+02 +/-   1.89206623E-04   1.79167567E-03
     5     1.0000E+04  -2.30698542E+02 +/-   1.89206529E-04   1.79167389E-03
     6     2.1544E+03  -2.30698542E+02 +/-   1.89206093E-04   1.79166564E-03
     7     4.6416E+02  -2.30698542E+02 +/-   1.89204076E-04   1.79162743E-03
     8     1.0000E+02  -2.30698542E+02 +/-   1.89194834E-04   1.79145241E-03
     9     2.1544E+01  -2.30698542E+02 +/-   1.89154382E-04   1.79068642E-03
    10     4.6416E+00  -2.30698544E+02 +/-   1.89006868E-04   1.78789454E-03
    11     1.0000E+00  -2.30698548E+02 +/-   1.88687918E-04   1.78186547E-03
    12     2.1544E-01  -2.30698551E+02 +/-   1.88397617E-04   1.77638680E-03
    13     4.6416E-02  -2.30698552E+02 +/-   1.88282149E-04   1.77420999E-03
    14     1.0000E-02  -2.30698552E+02 +/-   1.88252733E-04   1.77365565E-03
    15     2.1544E-03  -2.30698552E+02 +/-   1.88246161E-04   1.77353181E-03
    16     4.6416E-04  -2.30698552E+02 +/-   1.88244734E-04   1.77350492E-03
    17     1.0000E-04  -2.30698552E+02 +/-   1.88244426E-04   1.77349912E-03
    18     2.1544E-05  -2.30698552E+02 +/-   1.88244360E-04   1.77349787E-03
    19     4.6416E-06  -2.30698552E+02 +/-   1.88244345E-04   1.77349760E-03
    20     1.0000E-06  -2.30698552E+02 +/-   1.88244342E-04   1.77349754E-03
    21     0.0000E+00  -2.30698552E+02 +/-   1.88244341E-04   1.77349753E-03
* Iteration # 1: E =  -2.306985519019E+02 +/-   1.882443421212E-04
* Diminishing returns: exiting.
* After optimization:
  -7.9510E-01   3.1941E-01  -2.3112E-01  -2.3252E-01  -5.3697E-02  -5.3458E-02
  -5.2784E-02  -9.3824E-02   9.1181E-02   1.2850E-01   9.4262E-02   1.2602E-01
   3.6099E-03  -1.2390E-03
  > Energy =  -2.306985519019E+02 +/-   1.882443421212E-04
  > varE =   1.773497541784E-03

VMC #3:
* Size of Hilbert space =   4.0000E+02
* Deterministic energy evaluation:
  > Deterministic Etot/t = -230.6983060439441
    - Ttot/t = -10.36526484060775
    - Utot/t = 3.909450650811596
* Number of equil. steps   = 1000
* Running VMC equilibration.
  Done. [total walltime: 0.01s]
* Equil. acc.ratio (%)     =  40.8376
* Sample config after equilibration:
  +-----+
  |  u  |
  |d   0|
  |2   u|
  |  d  |
  +-----+
* Number of accum. steps   = 500480 x 10
* Running VMC accumulation.
  Done. [total walltime: 1.19s]
* Acceptance ratio (%)     =  40.8329
* Etot/t                   =  -2.306983024854E+02 +/-   6.084127533288E-05
  > Ttot/t                 =  -1.036519183069E+01 +/-   2.917211219531E-04
  > Utot/t                 =   3.909381199446E+00 +/-   2.859771776095E-04
* var[Eloc/t]              =   1.808534742021E-03 +/-   1.452619907618E-05
* Correlation length       =   1.024369146026E+00
* log10 Psi^2 range: -6.021680014971904 -- -1.949927816660225
* log10 Pgen range : -6.021680014971904 -- -1.949927816660225
* Site occupation (ave. no. electrons per config.):
  > Site_  ___eu____  ___ed____
      1        0.499      0.503
      2        0.503      0.499
      3        0.502      0.499
      4        0.502      0.501
      5        0.498      0.498
      6        0.496      0.500
* Pair-correlation analysis (ave. no. pairs per config.):
  > Shell  nsite  ___dh____  __eueu___  __eued___
      0      1        0          0          1.046
      1      4        1.075      1.495      3.496
      2      4        0.157      0.849      1.095
      3      4        0.080      0.422      0.547
      4      4        0.235      2.156      1.876
      5      4        0.118      1.078      0.940

Optimization #3:
* Method          : lls
* Target function : energy
* No. of configs. : 50048
* No. of params.  : 14
* Before optimization:
  -7.9510E-01   3.1941E-01  -2.3112E-01  -2.3252E-01  -5.3697E-02  -5.3458E-02
  -5.2784E-02  -9.3824E-02   9.1181E-02   1.2850E-01   9.4262E-02   1.2602E-01
   3.6099E-03  -1.2390E-03
  > E    =  -2.306984306014E+02 +/-   1.931199141337E-04
  > varE =   1.866555236209E-03
* Computing derivatives.
  Done. [total walltime: 0.66s]
* Optimizing manipulation constant:
  #igrid a___________ E____________________________________ varE____________
     1     Infinity    -2.30698431E+02 +/-   1.93119914E-04   1.86655524E-03
     2     1.0000E+06  -2.30698431E+02 +/-   1.93119914E-04   1.86655524E-03
     3     2.1544E+05  -2.30698431E+02 +/-   1.93119914E-04   1.86655524E-03
     4     4.6416E+04  -2.30698431E+02 +/-   1.93119915E-04   1.86655526E-03
     5     1.0000E+04  -2.30698431E+02 +/-   1.93119919E-04   1.86655533E-03
     6     2.1544E+03  -2.30698431E+02 +/-   1.93119936E-04   1.86655565E-03
     7     4.6416E+02  -2.30698431E+02 +/-   1.93120014E-04   1.86655716E-03
     8     1.0000E+02  -2.30698431E+02 +/-   1.93120378E-04   1.86656421E-03
     9     2.1544E+01  -2.30698431E+02 +/-   1.93122110E-04   1.86659768E-03
    10     4.6416E+00  -2.30698433E+02 +/-   1.93129915E-04   1.86674856E-03
    11     1.0000E+00  -2.30698435E+02 +/-   1.93146364E-04   1.86706656E-03
    12     2.1544E-01  -2.30698436E+02 +/-   1.93132436E-04   1.86679729E-03
    13     4.6416E-02  -2.30698435E+02 +/-   1.93105150E-04   1.86626984E-03
    14     1.0000E-02  -2.30698435E+02 +/-   1.93094605E-04   1.86606604E-03
    15     2.1544E-03  -2.30698435E+02 +/-   1.93091990E-04   1.86601549E-03
    16     4.6416E-04  -2.30698435E+02 +/-   1.93091409E-04   1.86600425E-03
    17     1.0000E-04  -2.30698435E+02 +/-   1.93091282E-04   1.86600181E-03
    18     2.1544E-05  -2.30698435E+02 +/-   1.93091255E-04   1.86600129E-03
    19     4.6416E-06  -2.30698435E+02 +/-   1.93091249E-04   1.86600117E-03
    20     1.0000E-06  -2.30698435E+02 +/-   1.93091248E-04   1.86600115E-03
    21     0.0000E+00  -2.30698435E+02 +/-   1.93091248E-04   1.86600114E-03
* Iteration # 1: E =  -2.306984355871E+02 +/-   1.931324356740E-04
* Convergence: exiting.
* After optimization:
  -7.9127E-01   3.1789E-01  -2.3041E-01  -2.3022E-01  -5.3433E-02  -5.1400E-02
  -5.0799E-02  -9.2005E-02   8.9112E-02   1.2630E-01   9.0988E-02   1.2244E-01
   4.1526E-03  -3.5462E-04
  > Energy =  -2.306984355871E+02 +/-   1.931324356740E-04
  > varE =   1.866797292079E-03

VMC #4:
* Size of Hilbert space =   4.0000E+02
* Deterministic energy evaluation:
  > Deterministic Etot/t = -230.6983065504141
    - Ttot/t = -10.36540791644414
    - Utot/t = 3.909593220177984
* Number of equil. steps   = 1000
* Running VMC equilibration.
  Done. [total walltime: 0.01s]
* Equil. acc.ratio (%)     =  40.9430
* Sample config after equilibration:
  +-----+
  |  2  |
  |u   0|
  |u   d|
  |  d  |
  +-----+
* Number of accum. steps   = 500480 x 10
* Running VMC accumulation.
  Done. [total walltime: 1.20s]
* Acceptance ratio (%)     =  40.8493
* Etot/t                   =  -2.306983811890E+02 +/-   6.064726952094E-05
  > Ttot/t                 =  -1.036533156853E+01 +/-   2.981026400827E-04
  > Utot/t                 =   3.909442233715E+00 +/-   2.900359598931E-04
* var[Eloc/t]              =   1.845901909279E-03 +/-   2.024250156236E-05
* Correlation length       =   9.972421203659E-01
* log10 Psi^2 range: -6.010175571081162 -- -1.945478097028741
* log10 Pgen range : -6.010175571081162 -- -1.945478097028741
* Site occupation (ave. no. electrons per config.):
  > Site_  ___eu____  ___ed____
      1        0.496      0.503
      2        0.496      0.505
      3        0.505      0.493
      4        0.502      0.500
      5        0.499      0.501
      6        0.502      0.499
* Pair-correlation analysis (ave. no. pairs per config.):
  > Shell  nsite  ___dh____  __eueu___  __eued___
      0      1        0          0          1.049
      1      4        1.084      1.489      3.492
      2      4        0.157      0.846      1.098
      3      4        0.079      0.426      0.545
      4      4        0.234      2.157      1.881
      5      4        0.118      1.082      0.934

Optimization #4:
* Method          : lls
* Target function : energy
* No. of configs. : 50048
* No. of params.  : 14
* Before optimization:
  -7.9127E-01   3.1789E-01  -2.3041E-01  -2.3022E-01  -5.3433E-02  -5.1400E-02
  -5.0799E-02  -9.2005E-02   8.9112E-02   1.2630E-01   9.0988E-02   1.2244E-01
   4.1526E-03  -3.5462E-04
  > E    =  -2.306982050159E+02 +/-   1.883612081839E-04
  > varE =   1.775700274773E-03
* Computing derivatives.
  Done. [total walltime: 0.66s]
* Optimizing manipulation constant:
  #igrid a___________ E____________________________________ varE____________
     1     Infinity    -2.30698205E+02 +/-   1.88361208E-04   1.77570027E-03
     2     1.0000E+06  -2.30698205E+02 +/-   1.88361209E-04   1.77570028E-03
     3     2.1544E+05  -2.30698205E+02 +/-   1.88361210E-04   1.77570030E-03
     4     4.6416E+04  -2.30698205E+02 +/-   1.88361216E-04   1.77570041E-03
     5     1.0000E+04  -2.30698205E+02 +/-   1.88361243E-04   1.77570092E-03
     6     2.1544E+03  -2.30698205E+02 +/-   1.88361368E-04   1.77570329E-03
     7     4.6416E+02  -2.30698205E+02 +/-   1.88361950E-04   1.77571425E-03
     8     1.0000E+02  -2.30698205E+02 +/-   1.88364638E-04   1.77576495E-03
     9     2.1544E+01  -2.30698205E+02 +/-   1.88376891E-04   1.77599598E-03
    10     4.6416E+00  -2.30698206E+02 +/-   1.88429051E-04   1.77697962E-03
    11     1.0000E+00  -2.30698208E+02 +/-   1.88596519E-04   1.78013964E-03
    12     2.1544E-01  -2.30698210E+02 +/-   1.88855497E-04   1.78503192E-03
    13     4.6416E-02  -2.30698211E+02 +/-   1.89007276E-04   1.78790226E-03
    14     1.0000E-02  -2.30698211E+02 +/-   1.89052931E-04   1.78876611E-03
    15     2.1544E-03  -2.30698211E+02 +/-   1.89063620E-04   1.78896839E-03
    16     4.6416E-04  -2.30698211E+02 +/-   1.89065966E-04   1.78901279E-03
    17     1.0000E-04  -2.30698211E+02 +/-   1.89066474E-04   1.78902239E-03
    18     2.1544E-05  -2.30698211E+02 +/-   1.89066583E-04   1.78902446E-03
    19     4.6416E-06  -2.30698211E+02 +/-   1.89066607E-04   1.78902491E-03
    20     1.0000E-06  -2.30698211E+02 +/-   1.89066612E-04   1.78902500E-03
    21     0.0000E+00  -2.30698211E+02 +/-   1.89066613E-04   1.78902503E-03
* Iteration # 1: E =  -2.306982110823E+02 +/-   1.890666119021E-04
* Convergence: exiting.
* After optimization:
  -8.1137E-01   3.2261E-01  -2.2806E-01  -2.3074E-01  -4.9413E-02  -5.0066E-02
  -5.2815E-02  -9.3790E-02   8.7289E-02   1.2411E-01   9.1139E-02   1.2421E-01
   1.3657E-03  -2.9908E-03
  > Energy =  -2.306982110823E+02 +/-   1.890666119021E-04
  > varE =   1.789025003626E-03

VMC #5:
* Size of Hilbert space =   4.0000E+02
* Deterministic energy evaluation:
  > Deterministic Etot/t = -230.6983063747122
    - Ttot/t = -10.36509665800187
    - Utot/t = 3.909282137437499
* Number of equil. steps   = 1000
* Running VMC equilibration.
  Done. [total walltime: 0.01s]
* Equil. acc.ratio (%)     =  40.7589
* Sample config after equilibration:
  +-----+
  |  d  |
  |u   u|
  |2   d|
  |  0  |
  +-----+
* Number of accum. steps   = 500480 x 10
* Running VMC accumulation.
  Done. [total walltime: 1.19s]
* Acceptance ratio (%)     =  40.7812
* Etot/t                   =  -2.306984637327E+02 +/-   6.106632472307E-05
  > Ttot/t                 =  -1.036496971996E+01 +/-   2.928547948326E-04
  > Utot/t                 =   3.908997841332E+00 +/-   2.848844327207E-04
* var[Eloc/t]              =   1.847208882256E-03 +/-   1.192867907727E-05
* Correlation length       =   1.010355673149E+00
* log10 Psi^2 range: -5.500704116639175 -- -1.966734627652527
* log10 Pgen range : -5.500704116639175 -- -1.966734627652527
* Site occupation (ave. no. electrons per config.):
  > Site_  ___eu____  ___ed____
      1        0.505      0.494
      2        0.501      0.495
      3        0.495      0.506
      4        0.499      0.496
      5        0.500      0.505
      6        0.500      0.503
* Pair-correlation analysis (ave. no. pairs per config.):
  > Shell  nsite  ___dh____  __eueu___  __eued___
      0      1        0          0          1.045
      1      4        1.082      1.492      3.490
      2      4        0.160      0.845      1.094
      3      4        0.078      0.424      0.548
      4      4        0.232      2.159      1.882
      5      4        0.116      1.080      0.940

Optimization #5:
* Method          : lls
* Target function : energy
* No. of configs. : 50048
* No. of params.  : 14
* Before optimization:
  -8.1137E-01   3.2261E-01  -2.2806E-01  -2.3074E-01  -4.9413E-02  -5.0066E-02
  -5.2815E-02  -9.3790E-02   8.7289E-02   1.2411E-01   9.1139E-02   1.2421E-01
   1.3657E-03  -2.9908E-03
  > E    =  -2.306984885274E+02 +/-   1.912460178408E-04
  > varE =   1.830507568887E-03
* Computing derivatives.
  Done. [total walltime: 0.66s]
* Optimizing manipulation constant:
  #igrid a___________ E____________________________________ varE____________
     1     Infinity    -2.30698489E+02 +/-   1.91246018E-04   1.83050757E-03
     2     1.0000E+06  -2.30698489E+02 +/-   1.91246017E-04   1.83050755E-03
     3     2.1544E+05  -2.30698489E+02 +/-   1.91246014E-04   1.83050750E-03
     4     4.6416E+04  -2.30698489E+02 +/-   1.91246002E-04   1.83050727E-03
     5     1.0000E+04  -2.30698489E+02 +/-   1.91245945E-04   1.83050617E-03
     6     2.1544E+03  -2.30698489E+02 +/-   1.91245678E-04   1.83050107E-03
     7     4.6416E+02  -2.30698489E+02 +/-   1.91244444E-04   1.83047744E-03
     8     1.0000E+02  -2.30698489E+02 +/-   1.91238765E-04   1.83036873E-03
     9     2.1544E+01  -2.30698489E+02 +/-   1.91213418E-04   1.82988356E-03
    10     4.6416E+00  -2.30698489E+02 +/-   1.91113533E-04   1.82797229E-03
    11     1.0000E+00  -2.30698491E+02 +/-   1.90845871E-04   1.82285558E-03
    12     2.1544E-01  -2.30698493E+02 +/-   1.90508606E-04   1.81641853E-03
    13     4.6416E-02  -2.30698493E+02 +/-   1.90333062E-04   1.81307260E-03
    14     1.0000E-02  -2.30698493E+02 +/-   1.90282349E-04   1.81210658E-03
    15     2.1544E-03  -2.30698493E+02 +/-   1.90270594E-04   1.81188269E-03
    16     4.6416E-04  -2.30698493E+02 +/-   1.90268020E-04   1.81183366E-03
    17     1.0000E-04  -2.30698493E+02 +/-   1.90267463E-04   1.81182306E-03
    18     2.1544E-05  -2.30698493E+02 +/-   1.90267343E-04   1.81182078E-03
    19     4.6416E-06  -2.30698493E+02 +/-   1.90267318E-04   1.81182029E-03
    20     1.0000E-06  -2.30698493E+02 +/-   1.90267312E-04   1.81182018E-03
    21     0.0000E+00  -2.30698493E+02 +/-   1.90267310E-04   1.81182015E-03
* Iteration # 1: E =  -2.306984932204E+02 +/-   1.902673104853E-04
* Convergence: exiting.
* After optimization:
  -8.1215E-01   3.2217E-01  -2.2721E-01  -2.2401E-01  -4.8596E-02  -4.8870E-02
  -5.5009E-02  -9.2003E-02   8.5615E-02   1.2546E-01   8.4448E-02   1.2680E-01
  -2.7116E-03   5.1106E-05
  > Energy =  -2.306984932204E+02 +/-   1.902673104853E-04
  > varE =   1.811820151139E-03

VMC #6:
* Size of Hilbert space =   4.0000E+02
* Deterministic energy evaluation:
  > Deterministic Etot/t = -230.6983062504580
    - Ttot/t = -10.36539227574382
    - Utot/t = 3.909577879433641
* Number of equil. steps   = 1000
* Running VMC equilibration.
  Done. [total walltime: 0.01s]
* Equil. acc.ratio (%)     =  40.8430
* Sample config after equilibration:
  +-----+
  |  d  |
  |d   u|
  |u   0|
  |  2  |
  +-----+
* Number of accum. steps   = 500480 x 10
* Running VMC accumulation.
  Done. [total walltime: 1.19s]
* Acceptance ratio (%)     =  40.8559
* Etot/t                   =  -2.306981525564E+02 +/-   5.981973393566E-05
  > Ttot/t                 =  -1.036516157746E+01 +/-   2.913476149682E-04
  > Utot/t                 =   3.909500875153E+00 +/-   2.868697857187E-04
* var[Eloc/t]              =   1.763200228791E-03 +/-   1.165981322254E-05
* Correlation length       =   1.015720102060E+00
* log10 Psi^2 range: -6.029385364314350 -- -1.967000440920589
* log10 Pgen range : -6.029385364314350 -- -1.967000440920589
* Site occupation (ave. no. electrons per config.):
  > Site_  ___eu____  ___ed____
      1        0.498      0.499
      2        0.498      0.501
      3        0.504      0.501
      4        0.500      0.498
      5        0.500      0.502
      6        0.500      0.500
* Pair-correlation analysis (ave. no. pairs per config.):
  > Shell  nsite  ___dh____  __eueu___  __eued___
      0      1        0          0          1.045
      1      4        1.079      1.488      3.498
      2      4        0.158      0.843      1.097
      3      4        0.078      0.426      0.548
      4      4        0.236      2.159      1.876
      5      4        0.115      1.084      0.937

Optimization #6:
* Method          : lls
* Target function : energy
* No. of configs. : 50048
* No. of params.  : 14
* Before optimization:
  -8.1215E-01   3.2217E-01  -2.2721E-01  -2.2401E-01  -4.8596E-02  -4.8870E-02
  -5.5009E-02  -9.2003E-02   8.5615E-02   1.2546E-01   8.4448E-02   1.2680E-01
  -2.7116E-03   5.1106E-05
  > E    =  -2.306982250930E+02 +/-   1.871635647287E-04
  > varE =   1.753191447695E-03
* Computing derivatives.
  Done. [total walltime: 0.66s]
* Optimizing manipulation constant:
  #igrid a___________ E____________________________________ varE____________
     1     Infinity    -2.30698225E+02 +/-   1.87163565E-04   1.75319145E-03
     2     1.0000E+06  -2.30698225E+02 +/-   1.87163565E-04   1.75319146E-03
     3     2.1544E+05  -2.30698225E+02 +/-   1.87163568E-04   1.75319151E-03
     4     4.6416E+04  -2.30698225E+02 +/-   1.87163579E-04   1.75319172E-03
     5     1.0000E+04  -2.30698225E+02 +/-   1.87163633E-04   1.75319273E-03
     6     2.1544E+03  -2.30698225E+02 +/-   1.87163882E-04   1.75319740E-03
     7     4.6416E+02  -2.30698225E+02 +/-   1.87165037E-04   1.75321904E-03
     8     1.0000E+02  -2.30698225E+02 +/-   1.87170359E-04   1.75331874E-03
     9     2.1544E+01  -2.30698225E+02 +/-   1.87194262E-04   1.75376659E-03
    10     4.6416E+00  -2.30698225E+02 +/-   1.87290753E-04   1.75557505E-03
    11     1.0000E+00  -2.30698225E+02 +/-   1.87566328E-04   1.76074506E-03
    12     2.1544E-01  -2.30698225E+02 +/-   1.87947353E-04   1.76790594E-03
    13     4.6416E-02  -2.30698224E+02 +/-   1.88160552E-04   1.77191908E-03
    14     1.0000E-02  -2.30698224E+02 +/-   1.88224076E-04   1.77311570E-03
    15     2.1544E-03  -2.30698224E+02 +/-   1.88238927E-04   1.77339550E-03
    16     4.6416E-04  -2.30698224E+02 +/-   1.88242185E-04   1.77345690E-03
    17     1.0000E-04  -2.30698224E+02 +/-   1.88242890E-04   1.77347018E-03
    18     2.1544E-05  -2.30698224E+02 +/-   1.88243042E-04   1.77347305E-03
    19     4.6416E-06  -2.30698224E+02 +/-   1.88243075E-04   1.77347366E-03
    20     1.0000E-06  -2.30698224E+02 +/-   1.88243082E-04   1.77347380E-03
    21     0.0000E+00  -2.30698224E+02 +/-   1.88243084E-04   1.77347383E-03
* Iteration # 1: E =  -2.306982250931E+02 +/-   1.871635794785E-04
* Convergence: exiting.
* After optimization:
  -8.1215E-01   3.2217E-01  -2.2721E-01  -2.2401E-01  -4.8596E-02  -4.8870E-02
  -5.5009E-02  -9.2003E-02   8.5615E-02   1.2546E-01   8.4448E-02   1.2680E-01
  -2.7116E-03   5.1096E-05
  > Energy =  -2.306982250931E+02 +/-   1.871635794785E-04
  > varE =   1.753191724024E-03

VMC #7:
* Size of Hilbert space =   4.0000E+02
* Deterministic energy evaluation:
  > Deterministic Etot/t = -230.6983062504751
    - Ttot/t = -10.36539227176090
    - Utot/t = 3.909577875433738
* Number of equil. steps   = 1000
* Running VMC equilibration.
  Done. [total walltime: 0.01s]
* Equil. acc.ratio (%)     =  40.5833
* Sample config after equilibration:
  +-----+
  |  d  |
  |u   2|
  |u   0|
  |  d  |
  +-----+
* Number of accum. steps   = 500480 x 10
* Running VMC accumulation.
  Done. [total walltime: 1.19s]
* Acceptance ratio (%)     =  40.8659
* Etot/t                   =  -2.306982691910E+02 +/-   6.059170428770E-05
  > Ttot/t                 =  -1.036531972955E+01 +/-   2.936897572291E-04
  > Utot/t                 =   3.909542392799E+00 +/-   2.881913904491E-04
* var[Eloc/t]              =   1.836473339124E-03 +/-   1.298017520668E-05
* Correlation length       =   1.000526130884E+00
* log10 Psi^2 range: -6.029385661925488 -- -1.967000576620503
* log10 Pgen range : -6.029385661925488 -- -1.967000576620503
* Site occupation (ave. no. electrons per config.):
  > Site_  ___eu____  ___ed____
      1        0.499      0.504
      2        0.500      0.500
      3        0.503      0.497
      4        0.497      0.495
      5        0.499      0.501
      6        0.502      0.502
* Pair-correlation analysis (ave. no. pairs per config.):
  > Shell  nsite  ___dh____  __eueu___  __eued___
      0      1        0          0          1.051
      1      4        1.082      1.498      3.487
      2      4        0.161      0.847      1.094
      3      4        0.080      0.423      0.549
      4      4        0.241      2.154      1.878
      5      4        0.118      1.078      0.942

Optimization #7:
* Method          : lls
* Target function : energy
* No. of configs. : 50048
* No. of params.  : 14
* Before optimization:
  -8.1215E-01   3.2217E-01  -2.2721E-01  -2.2401E-01  -4.8596E-02  -4.8870E-02
  -5.5009E-02  -9.2003E-02   8.5615E-02   1.2546E-01   8.4448E-02   1.2680E-01
  -2.7116E-03   5.1096E-05
  > E    =  -2.306983003883E+02 +/-   1.923603693476E-04
  > varE =   1.851901705338E-03
* Computing derivatives.
  Done. [total walltime: 0.66s]
* Optimizing manipulation constant:
  #igrid a___________ E____________________________________ varE____________
     1     Infinity    -2.30698300E+02 +/-   1.92360369E-04   1.85190171E-03
     2     1.0000E+06  -2.30698300E+02 +/-   1.92360369E-04   1.85190170E-03
     3     2.1544E+05  -2.30698300E+02 +/-   1.92360368E-04   1.85190167E-03
     4     4.6416E+04  -2.30698300E+02 +/-   1.92360362E-04   1.85190156E-03
     5     1.0000E+04  -2.30698300E+02 +/-   1.92360334E-04   1.85190102E-03
     6     2.1544E+03  -2.30698300E+02 +/-   1.92360204E-04   1.85189851E-03
     7     4.6416E+02  -2.30698300E+02 +/-   1.92359602E-04   1.85188693E-03
     8     1.0000E+02  -2.30698300E+02 +/-   1.92356840E-04   1.85183375E-03
     9     2.1544E+01  -2.30698301E+02 +/-   1.92344672E-04   1.85159946E-03
    10     4.6416E+00  -2.30698301E+02 +/-   1.92299422E-04   1.85072837E-03
    11     1.0000E+00  -2.30698302E+02 +/-   1.92201923E-04   1.84885216E-03
    12     2.1544E-01  -2.30698302E+02 +/-   1.92129800E-04   1.84746488E-03
    13     4.6416E-02  -2.30698302E+02 +/-   1.92112589E-04   1.84713388E-03
    14     1.0000E-02  -2.30698302E+02 +/-   1.92109936E-04   1.84708287E-03
    15     2.1544E-03  -2.30698302E+02 +/-   1.92109463E-04   1.84707378E-03
    16     4.6416E-04  -2.30698302E+02 +/-   1.92109366E-04   1.84707192E-03
    17     1.0000E-04  -2.30698302E+02 +/-   1.92109346E-04   1.84707152E-03
    18     2.1544E-05  -2.30698302E+02 +/-   1.92109341E-04   1.84707144E-03
    19     4.6416E-06  -2.30698302E+02 +/-   1.92109340E-04   1.84707142E-03
    20     1.0000E-06  -2.30698302E+02 +/-   1.92109340E-04   1.84707142E-03
    21     0.0000E+00  -2.30698302E+02 +/-   1.92109340E-04   1.84707142E-03
* Iteration # 1: E =  -2.306983023668E+02 +/-   1.921099359624E-04
* Convergence: exiting.
* After optimization:
  -8.3889E-01   3.2863E-01  -2.2346E-01  -2.2611E-01  -4.4881E-02  -4.6655E-02
  -5.9684E-02  -9.6175E-02   8.4195E-02   1.2253E-01   8.4450E-02   1.2987E-01
  -4.8630E-03  -1.6921E-03
  > Energy =  -2.306983023668E+02 +/-   1.921099359624E-04
  > varE =   1.847082873694E-03

VMC #8:
* Size of Hilbert space =   4.0000E+02
* Deterministic energy evaluation:
  > Deterministic Etot/t = -230.6983056287646
    - Ttot/t = -10.36527522810846
    - Utot/t = 3.909461453491768
* Number of equil. steps   = 1000
* Running VMC equilibration.
  Done. [total walltime: 0.01s]
* Equil. acc.ratio (%)     =  40.9083
* Sample config after equilibration:
  +-----+
  |  0  |
  |d   2|
  |2   u|
  |  0  |
  +-----+
* Number of accum. steps   = 500480 x 10
* Running VMC accumulation.
  Done. [total walltime: 1.19s]
* Acceptance ratio (%)     =  40.7995
* Etot/t                   =  -2.306982673610E+02 +/-   6.036427024402E-05
  > Ttot/t                 =  -1.036530006907E+01 +/-   2.917921058859E-04
  > Utot/t                 =   3.909524562382E+00 +/-   2.861332073913E-04
* var[Eloc/t]              =   1.800018163016E-03 +/-   1.726966389374E-05
* Correlation length       =   1.013140669453E+00
* log10 Psi^2 range: -6.073312317362849 -- -1.998628195432186
* log10 Pgen range : -6.073312317362849 -- -1.998628195432186
* Site occupation (ave. no. electrons per config.):
  > Site_  ___eu____  ___ed____
      1        0.501      0.498
      2        0.498      0.500
      3        0.499      0.499
      4        0.501      0.500
      5        0.496      0.502
      6        0.506      0.501
* Pair-correlation analysis (ave. no. pairs per config.):
  > Shell  nsite  ___dh____  __eueu___  __eued___
      0      1        0          0          1.045
      1      4        1.074      1.501      3.487
      2      4        0.158      0.850      1.092
      3      4        0.078      0.421      0.547
      4      4        0.236      2.149      1.880
      5      4        0.113      1.079      0.949

Optimization #8:
* Method          : lls
* Target function : energy
* No. of configs. : 50048
* No. of params.  : 14
* Before optimization:
  -8.3889E-01   3.2863E-01  -2.2346E-01  -2.2611E-01  -4.4881E-02  -4.6655E-02
  -5.9684E-02  -9.6175E-02   8.4195E-02   1.2253E-01   8.4450E-02   1.2987E-01
  -4.8630E-03  -1.6921E-03
  > E    =  -2.306981149214E+02 +/-   1.912245786284E-04
  > varE =   1.830097181875E-03
* Computing derivatives.
  Done. [total walltime: 0.66s]
* Optimizing manipulation constant:
  #igrid a___________ E____________________________________ varE____________
     1     Infinity    -2.30698115E+02 +/-   1.91224579E-04   1.83009718E-03
     2     1.0000E+06  -2.30698115E+02 +/-   1.91224579E-04   1.83009719E-03
     3     2.1544E+05  -2.30698115E+02 +/-   1.91224580E-04   1.83009721E-03
     4     4.6416E+04  -2.30698115E+02 +/-   1.91224587E-04   1.83009733E-03
     5     1.0000E+04  -2.30698115E+02 +/-   1.91224615E-04   1.83009788E-03
     6     2.1544E+03  -2.30698115E+02 +/-   1.91224748E-04   1.83010043E-03
     7     4.6416E+02  -2.30698115E+02 +/-   1.91225365E-04   1.83011224E-03
     8     1.0000E+02  -2.30698115E+02 +/-   1.91228213E-04   1.83016676E-03
     9     2.1544E+01  -2.30698115E+02 +/-   1.91241108E-04   1.83041357E-03
    10     4.6416E+00  -2.30698115E+02 +/-   1.91294663E-04   1.83143890E-03
    11     1.0000E+00  -2.30698116E+02 +/-   1.91456990E-04   1.83454843E-03
    12     2.1544E-01  -2.30698118E+02 +/-   1.91694875E-04   1.83911011E-03
    13     4.6416E-02  -2.30698119E+02 +/-   1.91833573E-04   1.84177238E-03
    14     1.0000E-02  -2.30698119E+02 +/-   1.91875844E-04   1.84258416E-03
    15     2.1544E-03  -2.30698119E+02 +/-   1.91885799E-04   1.84277535E-03
    16     4.6416E-04  -2.30698119E+02 +/-   1.91887987E-04   1.84281738E-03
    17     1.0000E-04  -2.30698119E+02 +/-   1.91888460E-04   1.84282648E-03
    18     2.1544E-05  -2.30698119E+02 +/-   1.91888562E-04   1.84282844E-03
    19     4.6416E-06  -2.30698119E+02 +/-   1.91888585E-04   1.84282886E-03
    20     1.0000E-06  -2.30698119E+02 +/-   1.91888589E-04   1.84282895E-03
    21     0.0000E+00  -2.30698119E+02 +/-   1.91888591E-04   1.84282898E-03
* Iteration # 1: E =  -2.306981193279E+02 +/-   1.918885892425E-04
* Convergence: exiting.
* After optimization:
  -8.4032E-01   3.2947E-01  -2.2087E-01  -2.2751E-01  -4.2228E-02  -4.6046E-02
  -6.2070E-02  -9.1659E-02   8.2397E-02   1.2074E-01   7.9249E-02   1.3437E-01
  -1.0273E-02   5.1855E-04
  > Energy =  -2.306981193279E+02 +/-   1.918885892425E-04
  > varE =   1.842828953147E-03

VMC #9:
* Size of Hilbert space =   4.0000E+02
* Deterministic energy evaluation:
  > Deterministic Etot/t = -230.6983024492864
    - Ttot/t = -10.36513792027890
    - Utot/t = 3.909327325140462
* Number of equil. steps   = 1000
* Running VMC equilibration.
  Done. [total walltime: 0.01s]
* Equil. acc.ratio (%)     =  40.7177
* Sample config after equilibration:
  +-----+
  |  d  |
  |u   u|
  |d   u|
  |  d  |
  +-----+
* Number of accum. steps   = 500480 x 10
* Running VMC accumulation.
  Done. [total walltime: 1.19s]
* Acceptance ratio (%)     =  40.7890
* Etot/t                   =  -2.306984656137E+02 +/-   6.026200337457E-05
  > Ttot/t                 =  -1.036523176652E+01 +/-   2.888967566439E-04
  > Utot/t                 =   3.909258007242E+00 +/-   2.835978310396E-04
* var[Eloc/t]              =   1.881334310342E-03 +/-   1.441894255516E-05
* Correlation length       =   9.660684120367E-01
* log10 Psi^2 range: -6.060015210300858 -- -1.993102634835869
* log10 Pgen range : -6.060015210300858 -- -1.993102634835869
* Site occupation (ave. no. electrons per config.):
  > Site_  ___eu____  ___ed____
      1        0.502      0.498
      2        0.500      0.503
      3        0.497      0.501
      4        0.498      0.503
      5        0.501      0.498
      6        0.501      0.497
* Pair-correlation analysis (ave. no. pairs per config.):
  > Shell  nsite  ___dh____  __eueu___  __eued___
      0      1        0          0          1.051
      1      4        1.086      1.492      3.491
      2      4        0.161      0.844      1.094
      3      4        0.082      0.422      0.550
      4      4        0.240      2.163      1.876
      5      4        0.119      1.079      0.937

Optimization #9:
* Method          : lls
* Target function : energy
* No. of configs. : 50048
* No. of params.  : 14
* Before optimization:
  -8.4032E-01   3.2947E-01  -2.2087E-01  -2.2751E-01  -4.2228E-02  -4.6046E-02
  -6.2070E-02  -9.1659E-02   8.2397E-02   1.2074E-01   7.9249E-02   1.3437E-01
  -1.0273E-02   5.1855E-04
  > E    =  -2.306986442351E+02 +/-   1.990455634367E-04
  > varE =   1.982858534735E-03
* Computing derivatives.
  Done. [total walltime: 0.67s]
* Optimizing manipulation constant:
  #igrid a___________ E____________________________________ varE____________
     1     Infinity    -2.30698644E+02 +/-   1.99045563E-04   1.98285853E-03
     2     1.0000E+06  -2.30698644E+02 +/-   1.99045561E-04   1.98285849E-03
     3     2.1544E+05  -2.30698644E+02 +/-   1.99045553E-04   1.98285834E-03
     4     4.6416E+04  -2.30698644E+02 +/-   1.99045517E-04   1.98285762E-03
     5     1.0000E+04  -2.30698644E+02 +/-   1.99045349E-04   1.98285427E-03
     6     2.1544E+03  -2.30698644E+02 +/-   1.99044570E-04   1.98283874E-03
     7     4.6416E+02  -2.30698644E+02 +/-   1.99040961E-04   1.98276683E-03
     8     1.0000E+02  -2.30698644E+02 +/-   1.99024376E-04   1.98243642E-03
     9     2.1544E+01  -2.30698643E+02 +/-   1.98950810E-04   1.98097115E-03
    10     4.6416E+00  -2.30698640E+02 +/-   1.98667779E-04   1.97533884E-03
    11     1.0000E+00  -2.30698632E+02 +/-   1.97953521E-04   1.96116072E-03
    12     2.1544E-01  -2.30698621E+02 +/-   1.97115196E-04   1.94458504E-03
    13     4.6416E-02  -2.30698615E+02 +/-   1.96696227E-04   1.93632737E-03
    14     1.0000E-02  -2.30698613E+02 +/-   1.96576959E-04   1.93397988E-03
    15     2.1544E-03  -2.30698613E+02 +/-   1.96549424E-04   1.93343812E-03
    16     4.6416E-04  -2.30698613E+02 +/-   1.96543399E-04   1.93331960E-03
    17     1.0000E-04  -2.30698613E+02 +/-   1.96542097E-04   1.93329398E-03
    18     2.1544E-05  -2.30698613E+02 +/-   1.96541816E-04   1.93328846E-03
    19     4.6416E-06  -2.30698613E+02 +/-   1.96541756E-04   1.93328727E-03
    20     1.0000E-06  -2.30698613E+02 +/-   1.96541743E-04   1.93328701E-03
    21     0.0000E+00  -2.30698613E+02 +/-   1.96541739E-04   1.93328694E-03
* Iteration # 1: E =  -2.306986442351E+02 +/-   1.990455634367E-04
* Convergence: exiting.
* After optimization:
  -8.4032E-01   3.2947E-01  -2.2087E-01  -2.2751E-01  -4.2228E-02  -4.6046E-02
  -6.2070E-02  -9.1659E-02   8.2397E-02   1.2074E-01   7.9249E-02   1.3437E-01
  -1.0273E-02   5.1855E-04
  > Energy =  -2.306986442351E+02 +/-   1.990455634367E-04
  > varE =   1.982858534735E-03

VMC #10:
* Size of Hilbert space =   4.0000E+02
* Deterministic energy evaluation:
  > Deterministic Etot/t = -230.6983024492864
    - Ttot/t = -10.36513792027890
    - Utot/t = 3.909327325140462
* Number of equil. steps   = 1000
* Running VMC equilibration.
  Done. [total walltime: 0.01s]
* Equil. acc.ratio (%)     =  41.0578
* Sample config after equilibration:
  +-----+
  |  u  |
  |0   d|
  |2   u|
  |  d  |
  +-----+
* Number of accum. steps   = 500480 x 10
* Running VMC accumulation.
  Done. [total walltime: 1.19s]
* Acceptance ratio (%)     =  40.7705
* Etot/t                   =  -2.306983528325E+02 +/-   6.092477871007E-05
  > Ttot/t                 =  -1.036573972816E+01 +/-   2.918304264242E-04
  > Utot/t                 =   3.909878750052E+00 +/-   2.867906018087E-04
* var[Eloc/t]              =   1.829756885428E-03 +/-   1.892638578303E-05
* Correlation length       =   1.015269308719E+00
* log10 Psi^2 range: -5.532394727702499 -- -1.993102634835866
* log10 Pgen range : -5.532394727702499 -- -1.993102634835866
* Site occupation (ave. no. electrons per config.):
  > Site_  ___eu____  ___ed____
      1        0.503      0.501
      2        0.501      0.502
      3        0.496      0.497
      4        0.501      0.500
      5        0.500      0.501
      6        0.500      0.499
* Pair-correlation analysis (ave. no. pairs per config.):
  > Shell  nsite  ___dh____  __eueu___  __eued___
      0      1        0          0          1.045
      1      4        1.080      1.485      3.499
      2      4        0.158      0.846      1.093
      3      4        0.077      0.426      0.551
      4      4        0.231      2.162      1.877
      5      4        0.117      1.080      0.934

Optimization #10:
* Method          : lls
* Target function : energy
* No. of configs. : 50048
* No. of params.  : 14
* Before optimization:
  -8.4032E-01   3.2947E-01  -2.2087E-01  -2.2751E-01  -4.2228E-02  -4.6046E-02
  -6.2070E-02  -9.1659E-02   8.2397E-02   1.2074E-01   7.9249E-02   1.3437E-01
  -1.0273E-02   5.1855E-04
  > E    =  -2.306984186855E+02 +/-   1.892768281719E-04
  > varE =   1.793005518590E-03
* Computing derivatives.
  Done. [total walltime: 0.66s]
* Optimizing manipulation constant:
  #igrid a___________ E____________________________________ varE____________
     1     Infinity    -2.30698419E+02 +/-   1.89276828E-04   1.79300552E-03
     2     1.0000E+06  -2.30698419E+02 +/-   1.89276828E-04   1.79300552E-03
     3     2.1544E+05  -2.30698419E+02 +/-   1.89276828E-04   1.79300552E-03
     4     4.6416E+04  -2.30698419E+02 +/-   1.89276828E-04   1.79300551E-03
     5     1.0000E+04  -2.30698419E+02 +/-   1.89276827E-04   1.79300550E-03
     6     2.1544E+03  -2.30698419E+02 +/-   1.89276823E-04   1.79300542E-03
     7     4.6416E+02  -2.30698419E+02 +/-   1.89276805E-04   1.79300507E-03
     8     1.0000E+02  -2.30698419E+02 +/-   1.89276730E-04   1.79300365E-03
     9     2.1544E+01  -2.30698419E+02 +/-   1.89276579E-04   1.79300080E-03
    10     4.6416E+00  -2.30698421E+02 +/-   1.89278551E-04   1.79303817E-03
    11     1.0000E+00  -2.30698426E+02 +/-   1.89297644E-04   1.79339992E-03
    12     2.1544E-01  -2.30698431E+02 +/-   1.89336320E-04   1.79413282E-03
    13     4.6416E-02  -2.30698433E+02 +/-   1.89359092E-04   1.79456442E-03
    14     1.0000E-02  -2.30698433E+02 +/-   1.89365801E-04   1.79469158E-03
    15     2.1544E-03  -2.30698434E+02 +/-   1.89367361E-04   1.79472115E-03
    16     4.6416E-04  -2.30698434E+02 +/-   1.89367703E-04   1.79472764E-03
    17     1.0000E-04  -2.30698434E+02 +/-   1.89367777E-04   1.79472904E-03
    18     2.1544E-05  -2.30698434E+02 +/-   1.89367793E-04   1.79472934E-03
    19     4.6416E-06  -2.30698434E+02 +/-   1.89367797E-04   1.79472941E-03
    20     1.0000E-06  -2.30698434E+02 +/-   1.89367797E-04   1.79472942E-03
    21     0.0000E+00  -2.30698434E+02 +/-   1.89367797E-04   1.79472942E-03
* Iteration # 1: E =  -2.306984336748E+02 +/-   1.893677974545E-04
* Diminishing returns: exiting.
* After optimization:
  -8.1656E-01   3.2495E-01  -2.2873E-01  -2.2951E-01  -4.8143E-02  -4.9149E-02
  -5.7316E-02  -9.2194E-02   8.5843E-02   1.2521E-01   8.2968E-02   1.2912E-01
  -3.3445E-03   1.3956E-03
  > Energy =  -2.306984336748E+02 +/-   1.893677974545E-04
  > varE =   1.794729423448E-03

VMC #11:
* Size of Hilbert space =   4.0000E+02
* Deterministic energy evaluation:
  > Deterministic Etot/t = -230.6983061876653
    - Ttot/t = -10.36514901917193
    - Utot/t = 3.909334685654503
* Number of equil. steps   = 1000
* Running VMC equilibration.
  Done. [total walltime: 0.01s]
* Equil. acc.ratio (%)     =  40.7837
* Sample config after equilibration:
  +-----+
  |  u  |
  |d   u|
  |d   d|
  |  u  |
  +-----+
* Number of accum. steps   = 500480 x 10
* Running VMC accumulation.
  Done. [total walltime: 1.19s]
* Acceptance ratio (%)     =  40.8009
* Etot/t                   =  -2.306982784730E+02 +/-   6.031575621144E-05
  > Ttot/t                 =  -1.036500655704E+01 +/-   2.826053669523E-04
  > Utot/t                 =   3.909219938215E+00 +/-   2.785624286301E-04
* var[Eloc/t]              =   1.820349089475E-03 +/-   1.212138525122E-05
* Correlation length       =   1.000215546359E+00
* log10 Psi^2 range: -6.041908588521443 -- -1.968601805073017
* log10 Pgen range : -6.041908588521443 -- -1.968601805073017
* Site occupation (ave. no. electrons per config.):
  > Site_  ___eu____  ___ed____
      1        0.499      0.498
      2        0.498      0.500
      3        0.503      0.501
      4        0.499      0.499
      5        0.499      0.501
      6        0.503      0.500
* Pair-correlation analysis (ave. no. pairs per config.):
  > Shell  nsite  ___dh____  __eueu___  __eued___
      0      1        0          0          1.042
      1      4        1.069      1.488      3.505
      2      4        0.157      0.849      1.096
      3      4        0.077      0.423      0.547
      4      4        0.235      2.157      1.871
      5      4        0.116      1.082      0.939

Optimization #11:
* Method          : lls
* Target function : energy
* No. of configs. : 50048
* No. of params.  : 14
* Before optimization:
  -8.1656E-01   3.2495E-01  -2.2873E-01  -2.2951E-01  -4.8143E-02  -4.9149E-02
  -5.7316E-02  -9.2194E-02   8.5843E-02   1.2521E-01   8.2968E-02   1.2912E-01
  -3.3445E-03   1.3956E-03
  > E    =  -2.306986698945E+02 +/-   1.935384961628E-04
  > varE =   1.874655418023E-03
* Computing derivatives.
  Done. [total walltime: 0.66s]
* Optimizing manipulation constant:
  #igrid a___________ E____________________________________ varE____________
     1     Infinity    -2.30698670E+02 +/-   1.93538496E-04   1.87465542E-03
     2     1.0000E+06  -2.30698670E+02 +/-   1.93538495E-04   1.87465539E-03
     3     2.1544E+05  -2.30698670E+02 +/-   1.93538489E-04   1.87465527E-03
     4     4.6416E+04  -2.30698670E+02 +/-   1.93538461E-04   1.87465475E-03
     5     1.0000E+04  -2.30698670E+02 +/-   1.93538335E-04   1.87465230E-03
     6     2.1544E+03  -2.30698670E+02 +/-   1.93537749E-04   1.87464094E-03
     7     4.6416E+02  -2.30698670E+02 +/-   1.93535034E-04   1.87458834E-03
     8     1.0000E+02  -2.30698670E+02 +/-   1.93522555E-04   1.87434661E-03
     9     2.1544E+01  -2.30698670E+02 +/-   1.93467181E-04   1.87327412E-03
    10     4.6416E+00  -2.30698670E+02 +/-   1.93254010E-04   1.86914829E-03
    11     1.0000E+00  -2.30698670E+02 +/-   1.92718636E-04   1.85880637E-03
    12     2.1544E-01  -2.30698669E+02 +/-   1.92101573E-04   1.84692207E-03
    13     4.6416E-02  -2.30698667E+02 +/-   1.91799891E-04   1.84112569E-03
    14     1.0000E-02  -2.30698667E+02 +/-   1.91715111E-04   1.83949841E-03
    15     2.1544E-03  -2.30698667E+02 +/-   1.91695619E-04   1.83912438E-03
    16     4.6416E-04  -2.30698667E+02 +/-   1.91691358E-04   1.83904263E-03
    17     1.0000E-04  -2.30698667E+02 +/-   1.91690438E-04   1.83902497E-03
    18     2.1544E-05  -2.30698667E+02 +/-   1.91690239E-04   1.83902116E-03
    19     4.6416E-06  -2.30698667E+02 +/-   1.91690196E-04   1.83902034E-03
    20     1.0000E-06  -2.30698667E+02 +/-   1.91690187E-04   1.83902016E-03
    21     0.0000E+00  -2.30698667E+02 +/-   1.91690185E-04   1.83902011E-03
* Iteration # 1: E =  -2.306986685241E+02 +/-   1.921015733242E-04
* Convergence: exiting.
* After optimization:
  -8.0403E-01   3.2065E-01  -2.2917E-01  -2.2786E-01  -5.2616E-02  -4.9782E-02
  -5.3792E-02  -9.4518E-02   8.8411E-02   1.2674E-01   8.7976E-02   1.2361E-01
   2.9567E-03  -1.1973E-04
  > Energy =  -2.306986685241E+02 +/-   1.921015733242E-04
  > varE =   1.846922068377E-03

VMC #12:
* Size of Hilbert space =   4.0000E+02
* Deterministic energy evaluation:
  > Deterministic Etot/t = -230.6983060245497
    - Ttot/t = -10.36540854267656
    - Utot/t = 3.909594372274832
* Number of equil. steps   = 1000
* Running VMC equilibration.
  Done. [total walltime: 0.01s]
* Equil. acc.ratio (%)     =  40.8301
* Sample config after equilibration:
  +-----+
  |  d  |
  |u   d|
  |d   u|
  |  u  |
  +-----+
* Number of accum. steps   = 500480 x 10
* Running VMC accumulation.
  Done. [total walltime: 1.19s]
* Acceptance ratio (%)     =  40.8310
* Etot/t                   =  -2.306983641052E+02 +/-   5.999519956942E-05
  > Ttot/t                 =  -1.036581501317E+01 +/-   2.866065632867E-04
  > Utot/t                 =   3.909942762232E+00 +/-   2.797673981402E-04
* var[Eloc/t]              =   1.802002770900E-03 +/-   1.483984531281E-05
* Correlation length       =   9.996875356043E-01
* log10 Psi^2 range: -6.026649834639849 -- -1.960948478068601
* log10 Pgen range : -6.026649834639849 -- -1.960948478068601
* Site occupation (ave. no. electrons per config.):
  > Site_  ___eu____  ___ed____
      1        0.504      0.498
      2        0.502      0.495
      3        0.498      0.504
      4        0.505      0.496
      5        0.494      0.505
      6        0.496      0.502
* Pair-correlation analysis (ave. no. pairs per config.):
  > Shell  nsite  ___dh____  __eueu___  __eued___
      0      1        0          0          1.052
      1      4        1.090      1.488      3.489
      2      4        0.162      0.852      1.091
      3      4        0.082      0.418      0.545
      4      4        0.234      2.163      1.878
      5      4        0.119      1.079      0.945

VDAGGER finished.
Total VDAGGER walltime: 1m13s

Run ended: Mon Oct 20 18:21:43 CEST 2025
