Run started: Fri Oct 17 09:27:51 CEST 2025
Using VDAGGER_ARCH = intel23_fkfamd23_cluster
Running 1x128 MPI processes.

                               xx
                              +##
                               #X
                               Xx
                          X##XxXxxX##x
                           +   Xx  ++
                               ##
                              +##
                              +##
     ++++         ++          +##
   xX+++##+      ####         +##
  Xx    ###      +X##          ##
 xX    X##+        ##          #X
 +    x##X         #x          #X
      ###         +#           x+
     X##+         #+
     ###         Xx                    _______
     ##X       +X+   __________________VDAGGER
     +##x    +xX     2nd quantized variational
       +xxxxx+       ______quantum Monte Carlo

* Running 128 MPI processes.
* Input file: "input.casl"

############# Start of input file dump #############
General:
  Random seed: timer

Plan:
  VMC-optimization:
    Minimum cycles: 10
    Convergence cycles: 5

System:
  Read Hamiltonian: FCIDUMP_loc_naphthalene
  Read orbitals: LTSC_naphthalene
  Complex orbitals: F
  Site kinds: [ 1, 2, 3, 1, 3, 3, 2, 3, 2, 2 ]
  Geometry:
    r_1: [ 0.00000000000000, 1.34347620379600 ]
    r_4: [ 0.00000000000000, -1.34347620379600 ]
    r_3: [ 2.34629842880300, 2.63976101399600 ]
    r_5: [ -2.34629842880300, -2.63976101399600 ]
    r_6: [ -2.34629842880300, 2.63976101399600 ]
    r_8: [ 2.34629842880300, -2.63976101399600 ]
    r_9: [ 4.58120036880600, 1.33647725770700 ]
    r_2: [ -4.58120036880600, -1.33647725770700 ]
    r_7: [ -4.58120036880600, 1.33647725770700 ]
    r_10: [ 4.58120036880600, -1.33647725770700 ]
    Tolerance: 0.05

VMC:
  nstep: 1000000
  nconfig: 500000

Jastrow: wfn.casl

Backflow: wfn.casl

Multideterminants: wfn.casl
############## End of input file dump ##############

General setup:
* Random seed: 1819698838 (from timer)

* Loaded integrals for system with nelec=10, ms2=0, norb=10
* INFO: setting number of electrons from integrals file.
* Analysis of Hamiltonian connecitivity performed:
  - T_ii (local, 1-site): 10 (i) values
  - U_iiii [opp] (local, 1-site): 10 (i) values
  - U_kkii [opp] (local, 2-site): 90 contribs. from 10 (i) values
  - U_kkii [par] (local, 2-site): 45 contribs. from 9 (i) values
  - T_ji (single, 2-site): 90 contribs. from 10 (i) values
  - U_kkji [opp] (single, 2/3-site): 900 contribs. from 90 (i,j) pairs
  - U_kkji [par] (single, 3-site): 810 contribs. from 90 (i,j) pairs
  - U_lkji [opp] (double, 2/3/4-site): 8100 contribs. from 90 (i,j) pairs
  - U_lkji [par] (double, 4-site): 1740 contribs. from 72 (i,j) pairs
  - Max. no. wfn. ratios in Eloc: 1467
* Reading override orbitals from file "LTSC_naphthalene".
* Site labels:
  +--------------+
  |    6     3   |
  | 7     1     9|
  | 2     4    10|
  |    5     8   |
  +--------------+
* Read-in Site kinds:
  [ 1, 2, 3, 1, 3, 3, 2, 3, 2, 2 ]
  +---------+
  |  3   3  |
  |2   1   2|
  |2   1   2|
  |  3   3  |
  +---------+
* Maximum Site kind: 3
* Number of site-pair kinds with Tij=0: 0
* Automatically set Site pair kinds:
  Site 1: [ 0, -7, -4, 3, -8, -4, -9, 8, 9, -7 ]
  Site 2: [ -7, 0, 12, -9, 1, 10, 2, 14, 16, -15 ]
  Site 3: [ -4, 12, 0, -8, -11, 5, -13, -6, -1, 10 ]
  Site 4: [ 3, -9, -8, 0, -4, -8, -7, 4, 7, -9 ]
  Site 5: [ -8, 1, -11, -4, 0, 6, 10, -5, -12, -14 ]
  Site 6: [ -4, 10, 5, -8, 6, 0, 1, 11, 14, 12 ]
  Site 7: [ -9, 2, -13, -7, 10, 1, 0, -12, 15, -16 ]
  Site 8: [ 8, 14, -6, 4, -5, 11, -12, 0, 10, -1 ]
  Site 9: [ 9, 16, -1, 7, -12, 14, 15, 10, 0, -2 ]
  Site 10: [ -7, -15, 10, -9, -14, 12, -16, -1, -2, 0 ]
  For site 1 of kind 1:
  +--------------+
  |   -4    -4   |
  |-9     0     9|
  |-7     3    -7|
  |   -8     8   |
  +--------------+
  For site 2 of kind 2:
  +-------------------+
  |     10      12    |
  |  2      -7      16|
  |  0      -9     -15|
  |      1      14    |
  +-------------------+
  For site 3 of kind 3:
  +-------------------+
  |      5       0    |
  |-13      -4      -1|
  | 12      -8      10|
  |    -11      -6    |
  +-------------------+
* Maximum (unsigned) Site pair kind: 16
General system setup:
* Number of sites       : 10
* Number of electrons   : 10
* Spin imbalance MS2    : 0
* Filling               : 0.500000
* Number of orbitals in pool: 10
* Using real-valued orbitals
* Using double-precision arithmetic for orbitals

Trial wave function setup:
* Jastrow parameter file: "wfn.casl"
* Multideterminant parameter file: "wfn.casl"
* Backflow parameter file: "wfn.casl"
* Not using wave function manipulation

VMC #1:
* Size of Hilbert space =   6.3504E+04
* Deterministic energy evaluation:
  > Deterministic Etot/t = -383.3499394003074
    - Ttot/t = -23.36449313630203
    - Utot/t = 9.528899413164863
* Number of equil. steps   = 1000
* Running VMC equilibration.
  Done. [total walltime: 0.14s]
* Equil. acc.ratio (%)     =  10.8790
* Sample config after equilibration:
  +---------+
  |  d   2  |
  |u   u   0|
  |d   2   0|
  |  0   2  |
  +---------+
* Number of accum. steps   = 1000192 x 10
* Running VMC accumulation.
    [walltime: 1m elapsed, 1m14s remaining]
  Done. [total walltime: 2m14s]
* Acceptance ratio (%)     =  10.8678
* Etot/t                   =  -3.833499347870E+02 +/-   1.422249090690E-05
  > Ttot/t                 =  -2.336461705961E+01 +/-   5.242079693986E-04
  > Utot/t                 =   9.529027949869E+00 +/-   5.226639308097E-04
* var[Eloc/t]              =   2.016186564166E-04 +/-   3.061221393610E-06
* Correlation length       =   1.003469067834E+00
* log10 Psi^2 range: -13.99788411247849 -- -7.057634298918779
* log10 Pgen range : -13.99788411247849 -- -7.057634298918779
* Site occupation (ave. no. electrons per config.):
  > Site_  ___eu____  ___ed____
      1        0.496      0.497
      2        0.501      0.501
      3        0.502      0.499
      4        0.497      0.499
      5        0.500      0.500
      6        0.501      0.500
      7        0.502      0.501
      8        0.501      0.500
      9        0.499      0.503
     10        0.500      0.500
* Pair-correlation analysis (ave. no. pairs per config.):
  > Shell  nsite  ___dh____  __eueu___  __eued___
      0      1        0          0          1.736
      1      1        0.829      0.719      2.489
      2      1        0.287      0.642      1.113
      3      1        0.161      0.297      0.555
      4      1        0.556      1.338      2.180
      5      1        0.119      1.029      0.965
      6      1        0.145      0.846      1.107
      7      1        0.297      1.796      2.124
      8      1        0.247      2.106      1.898
      9      1        0.249      2.123      1.892
     10      1        0.225      2.166      1.873
     11      1        0.114      0.979      1.025
     12      1        0.233      2.060      1.949
     13      1        0.060      0.479      0.520
     14      1        0.182      1.436      1.556
     15      1        0.118      1.031      0.976
     16      1        0.125      0.954      1.040

Optimization #1:
* Method          : lls
* Target function : energy
* No. of configs. : 500096
* No. of params.  : 129
* Before optimization:
   2.9519E+01   2.8818E+01   2.9434E+01  -1.8364E+00  -1.8693E+00   7.0329E-01
  -2.3434E+01  -1.4020E+01  -1.4016E+01  -4.9210E+00  -4.9034E+00  -1.1737E+01
  -1.1735E+01  -1.4280E+01  -1.4278E+01  -1.1633E+01  -1.1635E+01  -2.1784E+00
  -2.1771E+00  -5.0847E+00  -2.5391E+00  -2.5394E+00  -2.4964E+00  -2.4961E+00
  -2.4968E+00  -2.4968E+00   0.0000E+00   1.2482E+01  -1.0697E+01  -3.9323E-01
  -3.3790E-01   1.1866E+02  -9.5238E+01   7.2080E+01  -5.8078E+01   2.5692E+01
  -2.0766E+01   2.5671E+01  -2.0782E+01   5.9325E+01  -4.7594E+01   7.2235E+01
  -5.7943E+01   5.9279E+01  -4.7632E+01   1.2693E+01  -1.0502E+01   2.5787E+01
  -2.0705E+01   1.2893E+01  -1.0351E+01   1.2859E+01  -1.0364E+01   1.2859E+01
  -1.0364E+01   0.0000E+00   0.0000E+00  -7.6708E-02  -1.0789E-01   5.5127E-02
  -1.3181E-03   2.6825E-02   1.7554E+00   2.6560E+00   1.8653E+00  -3.2995E-01
  -5.1205E-01  -6.2132E-01  -4.1246E-01  -3.4567E-03  -1.4794E-03   7.4713E-02
   2.8635E-02   4.2737E-02   4.4223E-02   1.3789E-01   3.6158E-03  -4.9323E-03
  -6.4119E-03   2.4004E-03   3.8862E-01  -9.9893E-02  -1.9915E-01  -2.9074E-01
  -1.8543E-01   2.9941E-02   9.3074E-02   1.0583E-01  -3.4051E-02   2.6719E-02
   7.2503E-02   8.0297E-02  -2.1095E-02   1.0598E-02   8.5071E-03   1.7924E-03
   3.4341E-01  -1.0776E-01  -1.6884E-01  -2.0037E-01  -1.4464E-01  -2.5763E-02
   1.6197E-02   2.4991E-02   2.8081E-02  -3.4648E-03  -2.2186E-02   5.0808E-02
   1.4360E-02   1.0013E-02   1.0824E-02  -2.7240E-03   1.2222E-01  -9.1745E-02
  -1.1090E-01  -7.5744E-02  -6.7624E-02  -1.0799E-02   6.3845E-02   2.7585E-02
  -6.0768E-03  -8.1523E-03  -8.0609E-03   2.5847E-02   3.1465E-03   1.9912E-02
   2.0202E-02  -4.6433E-03   1.0649E-01
  > E    =  -3.833499504120E+02 +/-   1.999572182456E-05
  > varE =   1.999528292162E-04
* Computing derivatives.
    [walltime: 1m3s elapsed, 1h44m remaining]
    [walltime: 1h elapsed, 44m55s remaining]
  Done. [total walltime: 1h44m]
* Optimizing manipulation constant:
  #igrid a___________ E____________________________________ varE____________
     1     Infinity    -3.83349950E+02 +/-   1.99957218E-05   1.99952829E-04
     2     1.0000E+06  -3.83349950E+02 +/-   1.99957214E-05   1.99952821E-04
     3     2.1544E+05  -3.83349950E+02 +/-   1.99957199E-05   1.99952791E-04
     4     4.6416E+04  -3.83349950E+02 +/-   1.99957129E-05   1.99952651E-04
     5     1.0000E+04  -3.83349950E+02 +/-   1.99956806E-05   1.99952004E-04
     6     2.1544E+03  -3.83349950E+02 +/-   1.99955319E-05   1.99949030E-04
     7     4.6416E+02  -3.83349950E+02 +/-   1.99948751E-05   1.99935895E-04
     8     1.0000E+02  -3.83349950E+02 +/-   1.99925690E-05   1.99889780E-04
     9     2.1544E+01  -3.83349950E+02 +/-   2.00038207E-05   2.00114836E-04
    10     4.6416E+00  -3.83349539E+02 +/-   3.33292206E-05   5.55525115E-04
    11     1.0000E+00  -3.80879852E+02 +/-   1.14023426E-03   6.50191893E-01
    12     2.1544E-01  -3.80880251E+02 +/-   1.14639906E-03   6.57241571E-01
    13     4.6416E-02  -3.80869141E+02 +/-   1.14687630E-03   6.57788889E-01
    14     1.0000E-02  -3.81149912E+02 +/-   1.23776382E-03   7.66176709E-01
    15     2.1544E-03  -3.80880458E+02 +/-   1.14005512E-03   6.49987612E-01
    16     4.6416E-04  -3.80879911E+02 +/-   1.14027439E-03   6.50237666E-01
    17     1.0000E-04  -3.80879796E+02 +/-   1.14031860E-03   6.50288091E-01
    18     2.1544E-05  -3.80879772E+02 +/-   1.14032800E-03   6.50298813E-01
    19     4.6416E-06  -3.80879767E+02 +/-   1.14033002E-03   6.50301116E-01
    20     1.0000E-06  -3.80879765E+02 +/-   1.14033046E-03   6.50301612E-01
    21     0.0000E+00  -3.80879765E+02 +/-   1.14033058E-03   6.50301748E-01
* Iteration # 1: E =  -3.833499504552E+02 +/-   1.999256902576E-05
* Convergence: exiting.
* After optimization:
   2.9490E+01   2.8792E+01   2.9406E+01  -1.8299E+00  -1.8626E+00   7.0317E-01
  -2.3438E+01  -1.4016E+01  -1.4011E+01  -4.9077E+00  -4.8901E+00  -1.1740E+01
  -1.1737E+01  -1.4275E+01  -1.4274E+01  -1.1635E+01  -1.1637E+01  -2.1718E+00
  -2.1704E+00  -5.0714E+00  -2.5324E+00  -2.5328E+00  -2.4897E+00  -2.4894E+00
  -2.4901E+00  -2.4901E+00   6.6908E-05   1.2449E+01  -1.0671E+01  -3.9315E-01
  -3.3785E-01   1.1869E+02  -9.5255E+01   7.2058E+01  -5.8060E+01   2.5626E+01
  -2.0713E+01   2.5605E+01  -2.0728E+01   5.9337E+01  -4.7603E+01   7.2212E+01
  -5.7925E+01   5.9290E+01  -4.7641E+01   1.2659E+01  -1.0475E+01   2.5720E+01
  -2.0651E+01   1.2860E+01  -1.0324E+01   1.2826E+01  -1.0338E+01   1.2826E+01
  -1.0337E+01  -3.9931E-05   2.1730E-05  -7.6770E-02  -1.0798E-01   5.5166E-02
  -1.3084E-03   2.6840E-02   1.7607E+00   2.6605E+00   1.8709E+00  -3.3185E-01
  -5.1378E-01  -6.2379E-01  -4.1455E-01  -3.3138E-03  -1.0907E-03   7.5068E-02
   2.8700E-02   4.3002E-02   4.4399E-02   1.3822E-01   3.5179E-03  -5.0223E-03
  -6.4907E-03   2.5413E-03   3.8941E-01  -1.0071E-01  -2.0000E-01  -2.9217E-01
  -1.8646E-01   3.0014E-02   9.3571E-02   1.0624E-01  -3.4009E-02   2.6716E-02
   7.2792E-02   8.0599E-02  -2.1189E-02   1.0479E-02   8.4087E-03   1.9205E-03
   3.4416E-01  -1.0808E-01  -1.6911E-01  -2.0043E-01  -1.4492E-01  -2.5679E-02
   1.6362E-02   2.5064E-02   2.8133E-02  -3.3524E-03  -2.2236E-02   5.0664E-02
   1.4394E-02   9.9763E-03   1.0789E-02  -2.7462E-03   1.2211E-01  -9.1921E-02
  -1.1104E-01  -7.5848E-02  -6.7725E-02  -1.0794E-02   6.3918E-02   2.7639E-02
  -5.9446E-03  -8.1478E-03  -8.0804E-03   2.5776E-02   3.2163E-03   1.9843E-02
   2.0131E-02  -4.6659E-03   1.0640E-01
  > Energy =  -3.833499504552E+02 +/-   1.999256902576E-05
  > varE =   1.998897795953E-04

VMC #2:
* Size of Hilbert space =   6.3504E+04
* Deterministic energy evaluation:
  > Deterministic Etot/t = -383.3499394860943
    - Ttot/t = -23.36449089252977
    - Utot/t = 9.528897083605763
* Number of equil. steps   = 1000
* Running VMC equilibration.
  Done. [total walltime: 0.14s]
* Equil. acc.ratio (%)     =  10.9165
* Sample config after equilibration:
  +---------+
  |  u   u  |
  |d   d   d|
  |d   u   u|
  |  u   d  |
  +---------+
* Number of accum. steps   = 1000192 x 10
* Running VMC accumulation.
    [walltime: 1m elapsed, 48.7s remaining]
  Done. [total walltime: 1m48s]
* Acceptance ratio (%)     =  10.8612
* Etot/t                   =  -3.833499270121E+02 +/-   1.455904590268E-05
  > Ttot/t                 =  -2.336443007083E+01 +/-   5.326171217019E-04
  > Utot/t                 =   9.528848735762E+00 +/-   5.314217145398E-04
* var[Eloc/t]              =   2.017473508178E-04 +/-   2.641670871195E-06
* Correlation length       =   1.050851543646E+00
* log10 Psi^2 range: -14.67591535057148 -- -7.055487648471516
* log10 Pgen range : -14.67591535057148 -- -7.055487648471516
* Site occupation (ave. no. electrons per config.):
  > Site_  ___eu____  ___ed____
      1        0.498      0.497
      2        0.501      0.502
      3        0.500      0.500
      4        0.498      0.498
      5        0.500      0.499
      6        0.500      0.501
      7        0.501      0.501
      8        0.500      0.499
      9        0.501      0.502
     10        0.501      0.502
* Pair-correlation analysis (ave. no. pairs per config.):
  > Shell  nsite  ___dh____  __eueu___  __eued___
      0      1        0          0          1.735
      1      1        0.828      0.718      2.490
      2      1        0.288      0.643      1.115
      3      1        0.160      0.298      0.557
      4      1        0.555      1.336      2.179
      5      1        0.119      1.026      0.963
      6      1        0.145      0.843      1.106
      7      1        0.296      1.797      2.129
      8      1        0.248      2.105      1.892
      9      1        0.245      2.128      1.898
     10      1        0.226      2.168      1.868
     11      1        0.113      0.977      1.023
     12      1        0.233      2.058      1.950
     13      1        0.061      0.477      0.518
     14      1        0.183      1.437      1.557
     15      1        0.119      1.032      0.977
     16      1        0.125      0.956      1.041

Optimization #2:
* Method          : lls
* Target function : energy
* No. of configs. : 500096
* No. of params.  : 129
* Before optimization:
   2.9490E+01   2.8792E+01   2.9406E+01  -1.8299E+00  -1.8626E+00   7.0317E-01
  -2.3438E+01  -1.4016E+01  -1.4011E+01  -4.9077E+00  -4.8901E+00  -1.1740E+01
  -1.1737E+01  -1.4275E+01  -1.4274E+01  -1.1635E+01  -1.1637E+01  -2.1718E+00
  -2.1704E+00  -5.0714E+00  -2.5324E+00  -2.5328E+00  -2.4897E+00  -2.4894E+00
  -2.4901E+00  -2.4901E+00   6.6908E-05   1.2449E+01  -1.0671E+01  -3.9315E-01
  -3.3785E-01   1.1869E+02  -9.5255E+01   7.2058E+01  -5.8060E+01   2.5626E+01
  -2.0713E+01   2.5605E+01  -2.0728E+01   5.9337E+01  -4.7603E+01   7.2212E+01
  -5.7925E+01   5.9290E+01  -4.7641E+01   1.2659E+01  -1.0475E+01   2.5720E+01
  -2.0651E+01   1.2860E+01  -1.0324E+01   1.2826E+01  -1.0338E+01   1.2826E+01
  -1.0337E+01  -3.9931E-05   2.1730E-05  -7.6770E-02  -1.0798E-01   5.5166E-02
  -1.3084E-03   2.6840E-02   1.7607E+00   2.6605E+00   1.8709E+00  -3.3185E-01
  -5.1378E-01  -6.2379E-01  -4.1455E-01  -3.3138E-03  -1.0907E-03   7.5068E-02
   2.8700E-02   4.3002E-02   4.4399E-02   1.3822E-01   3.5179E-03  -5.0223E-03
  -6.4907E-03   2.5413E-03   3.8941E-01  -1.0071E-01  -2.0000E-01  -2.9217E-01
  -1.8646E-01   3.0014E-02   9.3571E-02   1.0624E-01  -3.4009E-02   2.6716E-02
   7.2792E-02   8.0599E-02  -2.1189E-02   1.0479E-02   8.4087E-03   1.9205E-03
   3.4416E-01  -1.0808E-01  -1.6911E-01  -2.0043E-01  -1.4492E-01  -2.5679E-02
   1.6362E-02   2.5064E-02   2.8133E-02  -3.3524E-03  -2.2236E-02   5.0664E-02
   1.4394E-02   9.9763E-03   1.0789E-02  -2.7462E-03   1.2211E-01  -9.1921E-02
  -1.1104E-01  -7.5848E-02  -6.7725E-02  -1.0794E-02   6.3918E-02   2.7639E-02
  -5.9446E-03  -8.1478E-03  -8.0804E-03   2.5776E-02   3.2163E-03   1.9843E-02
   2.0131E-02  -4.6659E-03   1.0640E-01
  > E    =  -3.833499253869E+02 +/-   2.019597286327E-05
  > varE =   2.039778161696E-04
* Computing derivatives.
    [walltime: 1m2s elapsed, 1h43m remaining]
    [walltime: 1h elapsed, 44m40s remaining]
  Done. [total walltime: 1h44m]
* Optimizing manipulation constant:
  #igrid a___________ E____________________________________ varE____________
     1     Infinity    -3.83349925E+02 +/-   2.01959729E-05   2.03977816E-04
     2     1.0000E+06  -3.83349925E+02 +/-   2.01959724E-05   2.03977806E-04
     3     2.1544E+05  -3.83349925E+02 +/-   2.01959705E-05   2.03977768E-04
     4     4.6416E+04  -3.83349925E+02 +/-   2.01959619E-05   2.03977595E-04
     5     1.0000E+04  -3.83349925E+02 +/-   2.01959220E-05   2.03976789E-04
     6     2.1544E+03  -3.83349925E+02 +/-   2.01957373E-05   2.03973057E-04
     7     4.6416E+02  -3.83349925E+02 +/-   2.01948887E-05   2.03955918E-04
     8     1.0000E+02  -3.83349925E+02 +/-   2.01911402E-05   2.03880208E-04
     9     2.1544E+01  -3.83349926E+02 +/-   2.01774020E-05   2.03602860E-04
    10     4.6416E+00  -3.83349927E+02 +/-   2.01723911E-05   2.03501746E-04
    11     1.0000E+00  -3.83349921E+02 +/-   2.05430838E-05   2.11049659E-04
    12     2.1544E-01  -3.83349923E+02 +/-   2.01803200E-05   2.03661753E-04
    13     4.6416E-02  -3.83346318E+02 +/-   7.59129192E-05   2.88193888E-03
    14     1.0000E-02  -3.83320134E+02 +/-   2.12939129E-04   2.26758892E-02
    15     2.1544E-03  -3.83334033E+02 +/-   1.55089006E-04   1.20286090E-02
    16     4.6416E-04  -3.83349276E+02 +/-   3.36693599E-05   5.66921725E-04
    17     1.0000E-04  -3.83349677E+02 +/-   2.44190706E-05   2.98202747E-04
    18     2.1544E-05  -3.83349669E+02 +/-   2.47138944E-05   3.05446922E-04
    19     4.6416E-06  -3.83349664E+02 +/-   2.48548959E-05   3.08942231E-04
    20     1.0000E-06  -3.83349663E+02 +/-   2.48888552E-05   3.09787024E-04
    21     0.0000E+00  -3.83349663E+02 +/-   2.48984048E-05   3.10024793E-04
  ParMin   8.1420E+00  -3.83349926E+02 +/-   2.01645457E-05   2.03343486E-04
  # Using grid point #10
* Iteration # 1: E =  -3.833499268823E+02 +/-   2.017239111516E-05
* Convergence: exiting.
* After optimization:
   2.9530E+01   2.8866E+01   2.9447E+01  -1.8315E+00  -1.8631E+00   7.0309E-01
  -2.3440E+01  -1.4016E+01  -1.4011E+01  -4.9066E+00  -4.8902E+00  -1.1739E+01
  -1.1736E+01  -1.4275E+01  -1.4273E+01  -1.1634E+01  -1.1636E+01  -2.1714E+00
  -2.1699E+00  -5.0711E+00  -2.5317E+00  -2.5322E+00  -2.4886E+00  -2.4884E+00
  -2.4890E+00  -2.4890E+00   9.4541E-04   1.2446E+01  -1.0668E+01  -3.9209E-01
  -3.3887E-01   1.1868E+02  -9.5249E+01   7.2052E+01  -5.8055E+01   2.5620E+01
  -2.0708E+01   2.5599E+01  -2.0723E+01   5.9333E+01  -4.7600E+01   7.2207E+01
  -5.7920E+01   5.9287E+01  -4.7639E+01   1.2657E+01  -1.0473E+01   2.5714E+01
  -2.0646E+01   1.2857E+01  -1.0321E+01   1.2822E+01  -1.0335E+01   1.2822E+01
  -1.0335E+01  -5.5725E-04   4.0916E-04  -7.7294E-02  -1.1004E-01   5.5708E-02
  -1.4029E-03   2.7189E-02   1.7202E+00   2.5514E+00   1.8262E+00  -3.3853E-01
  -5.0429E-01  -6.1976E-01  -4.1879E-01  -7.4010E-04   5.2977E-03   7.6263E-02
   2.8670E-02   4.4976E-02   4.4054E-02   1.3167E-01   2.9358E-04  -4.7070E-03
  -6.0072E-03   6.8689E-03   3.7543E-01  -1.0746E-01  -2.0137E-01  -2.9061E-01
  -1.8947E-01   2.9522E-02   9.6241E-02   1.0689E-01  -3.2523E-02   2.5376E-02
   7.2954E-02   7.7355E-02  -2.1834E-02   9.9346E-03   8.4585E-03   3.7879E-03
   3.3488E-01  -1.1354E-01  -1.7365E-01  -2.0278E-01  -1.5023E-01  -2.3987E-02
   1.8745E-02   2.6364E-02   2.8794E-02  -1.5266E-03  -2.3403E-02   4.7851E-02
   1.4457E-02   9.3871E-03   1.0188E-02  -3.1700E-03   1.1980E-01  -9.5425E-02
  -1.1527E-01  -7.6646E-02  -7.0048E-02  -1.0176E-02   6.5397E-02   2.9033E-02
  -5.3163E-03  -7.9955E-03  -8.4186E-03   2.3888E-02   4.1829E-03   1.9108E-02
   1.9302E-02  -5.9699E-03   1.0556E-01
  > Energy =  -3.833499268823E+02 +/-   2.017239111516E-05
  > varE =   2.035017464863E-04

VMC #3:
* Size of Hilbert space =   6.3504E+04
* Deterministic energy evaluation:
  > Deterministic Etot/t = -383.3499398074700
    - Ttot/t = -23.36432716644008
    - Utot/t = 9.528733036140389
* Number of equil. steps   = 1000
* Running VMC equilibration.
  Done. [total walltime: 0.14s]
* Equil. acc.ratio (%)     =  11.1277
* Sample config after equilibration:
  +---------+
  |  u   d  |
  |d   d   u|
  |u   0   u|
  |  d   2  |
  +---------+
* Number of accum. steps   = 1000192 x 10
* Running VMC accumulation.
    [walltime: 1m elapsed, 47.5s remaining]
  Done. [total walltime: 1m47s]
* Acceptance ratio (%)     =  11.0392
* Etot/t                   =  -3.833499305073E+02 +/-   1.425469401961E-05
  > Ttot/t                 =  -2.336422670699E+01 +/-   5.270446037356E-04
  > Utot/t                 =   9.528641876656E+00 +/-   5.248274041528E-04
* var[Eloc/t]              =   2.002604703353E-04 +/-   5.025305760246E-06
* Correlation length       =   1.014854878460E+00
* log10 Psi^2 range: -13.68582739611944 -- -7.014815815347504
* log10 Pgen range : -13.68582739611944 -- -7.014815815347504
* Site occupation (ave. no. electrons per config.):
  > Site_  ___eu____  ___ed____
      1        0.497      0.499
      2        0.500      0.502
      3        0.500      0.500
      4        0.498      0.498
      5        0.501      0.499
      6        0.500      0.500
      7        0.501      0.500
      8        0.501      0.500
      9        0.501      0.500
     10        0.501      0.501
* Pair-correlation analysis (ave. no. pairs per config.):
  > Shell  nsite  ___dh____  __eueu___  __eued___
      0      1        0          0          1.733
      1      1        0.826      0.717      2.491
      2      1        0.287      0.641      1.114
      3      1        0.161      0.298      0.557
      4      1        0.556      1.337      2.183
      5      1        0.118      1.029      0.964
      6      1        0.145      0.845      1.108
      7      1        0.297      1.798      2.126
      8      1        0.246      2.109      1.899
      9      1        0.246      2.128      1.895
     10      1        0.226      2.166      1.869
     11      1        0.113      0.979      1.023
     12      1        0.231      2.059      1.948
     13      1        0.061      0.478      0.519
     14      1        0.182      1.434      1.557
     15      1        0.118      1.031      0.973
     16      1        0.124      0.952      1.041

Optimization #3:
* Method          : lls
* Target function : energy
* No. of configs. : 500096
* No. of params.  : 129
* Before optimization:
   2.9530E+01   2.8866E+01   2.9447E+01  -1.8315E+00  -1.8631E+00   7.0309E-01
  -2.3440E+01  -1.4016E+01  -1.4011E+01  -4.9066E+00  -4.8902E+00  -1.1739E+01
  -1.1736E+01  -1.4275E+01  -1.4273E+01  -1.1634E+01  -1.1636E+01  -2.1714E+00
  -2.1699E+00  -5.0711E+00  -2.5317E+00  -2.5322E+00  -2.4886E+00  -2.4884E+00
  -2.4890E+00  -2.4890E+00   9.4541E-04   1.2446E+01  -1.0668E+01  -3.9209E-01
  -3.3887E-01   1.1868E+02  -9.5249E+01   7.2052E+01  -5.8055E+01   2.5620E+01
  -2.0708E+01   2.5599E+01  -2.0723E+01   5.9333E+01  -4.7600E+01   7.2207E+01
  -5.7920E+01   5.9287E+01  -4.7639E+01   1.2657E+01  -1.0473E+01   2.5714E+01
  -2.0646E+01   1.2857E+01  -1.0321E+01   1.2822E+01  -1.0335E+01   1.2822E+01
  -1.0335E+01  -5.5725E-04   4.0916E-04  -7.7294E-02  -1.1004E-01   5.5708E-02
  -1.4029E-03   2.7189E-02   1.7202E+00   2.5514E+00   1.8262E+00  -3.3853E-01
  -5.0429E-01  -6.1976E-01  -4.1879E-01  -7.4010E-04   5.2977E-03   7.6263E-02
   2.8670E-02   4.4976E-02   4.4054E-02   1.3167E-01   2.9358E-04  -4.7070E-03
  -6.0072E-03   6.8689E-03   3.7543E-01  -1.0746E-01  -2.0137E-01  -2.9061E-01
  -1.8947E-01   2.9522E-02   9.6241E-02   1.0689E-01  -3.2523E-02   2.5376E-02
   7.2954E-02   7.7355E-02  -2.1834E-02   9.9346E-03   8.4585E-03   3.7879E-03
   3.3488E-01  -1.1354E-01  -1.7365E-01  -2.0278E-01  -1.5023E-01  -2.3987E-02
   1.8745E-02   2.6364E-02   2.8794E-02  -1.5266E-03  -2.3403E-02   4.7851E-02
   1.4457E-02   9.3871E-03   1.0188E-02  -3.1700E-03   1.1980E-01  -9.5425E-02
  -1.1527E-01  -7.6646E-02  -7.0048E-02  -1.0176E-02   6.5397E-02   2.9033E-02
  -5.3163E-03  -7.9955E-03  -8.4186E-03   2.3888E-02   4.1829E-03   1.9108E-02
   1.9302E-02  -5.9699E-03   1.0556E-01
  > E    =  -3.833498937309E+02 +/-   1.995874561475E-05
  > varE =   1.992140050037E-04
* Computing derivatives.
    [walltime: 1m2s elapsed, 1h43m remaining]
    [walltime: 1h elapsed, 44m33s remaining]
  Done. [total walltime: 1h44m]
* Optimizing manipulation constant:
  #igrid a___________ E____________________________________ varE____________
     1     Infinity    -3.83349894E+02 +/-   1.99587456E-05   1.99214005E-04
     2     1.0000E+06  -3.83349894E+02 +/-   1.99587451E-05   1.99213995E-04
     3     2.1544E+05  -3.83349894E+02 +/-   1.99587433E-05   1.99213959E-04
     4     4.6416E+04  -3.83349894E+02 +/-   1.99587350E-05   1.99213792E-04
     5     1.0000E+04  -3.83349894E+02 +/-   1.99586962E-05   1.99213018E-04
     6     2.1544E+03  -3.83349894E+02 +/-   1.99585166E-05   1.99209433E-04
     7     4.6416E+02  -3.83349894E+02 +/-   1.99576908E-05   1.99192949E-04
     8     1.0000E+02  -3.83349894E+02 +/-   1.99540279E-05   1.99119839E-04
     9     2.1544E+01  -3.83349894E+02 +/-   1.99405374E-05   1.98850688E-04
    10     4.6416E+00  -3.83349893E+02 +/-   1.99622799E-05   1.99284566E-04
    11     1.0000E+00  -3.83349568E+02 +/-   2.93599963E-05   4.31087443E-04
    12     2.1544E-01  -3.80490242E+02 +/-   3.55060074E-03   6.30459304E+00
    13     4.6416E-02  -3.83340650E+02 +/-   1.05232371E-04   5.53798901E-03
    14     1.0000E-02  -3.83343900E+02 +/-   8.24162805E-05   3.39687372E-03
    15     2.1544E-03  -3.83341358E+02 +/-   1.00630203E-04   5.06419106E-03
    16     4.6416E-04  -3.83327938E+02 +/-   1.69748479E-04   1.44100392E-02
    17     1.0000E-04  -3.83318360E+02 +/-   2.05884361E-04   2.11982543E-02
    18     2.1544E-05  -3.83315530E+02 +/-   2.15426125E-04   2.32086629E-02
    19     4.6416E-06  -3.83314875E+02 +/-   2.17574159E-04   2.36738019E-02
    20     1.0000E-06  -3.83314732E+02 +/-   2.18041340E-04   2.37755769E-02
    21     0.0000E+00  -3.83314692E+02 +/-   2.18169904E-04   2.38036229E-02
* Iteration # 1: E =  -3.833498941860E+02 +/-   1.994053740411E-05
* Convergence: exiting.
* After optimization:
   2.9493E+01   2.8836E+01   2.9411E+01  -1.8126E+00  -1.8442E+00   7.0312E-01
  -2.3467E+01  -1.4010E+01  -1.4006E+01  -4.8690E+00  -4.8528E+00  -1.1752E+01
  -1.1749E+01  -1.4269E+01  -1.4268E+01  -1.1647E+01  -1.1649E+01  -2.1525E+00
  -2.1510E+00  -5.0337E+00  -2.5130E+00  -2.5135E+00  -2.4697E+00  -2.4696E+00
  -2.4701E+00  -2.4701E+00   1.1924E-03   1.2352E+01  -1.0593E+01  -3.9232E-01
  -3.3857E-01   1.1882E+02  -9.5357E+01   7.2027E+01  -5.8034E+01   2.5433E+01
  -2.0559E+01   2.5413E+01  -2.0574E+01   5.9401E+01  -4.7654E+01   7.2181E+01
  -5.7900E+01   5.9354E+01  -4.7693E+01   1.2563E+01  -1.0398E+01   2.5528E+01
  -2.0497E+01   1.2763E+01  -1.0247E+01   1.2729E+01  -1.0261E+01   1.2729E+01
  -1.0261E+01  -7.2520E-04   4.7930E-04  -7.7461E-02  -1.1008E-01   5.5780E-02
  -1.4135E-03   2.7067E-02   1.7080E+00   2.5241E+00   1.8119E+00  -3.3847E-01
  -5.0140E-01  -6.1523E-01  -4.1729E-01  -1.0477E-04   6.5638E-03   7.5827E-02
   2.8321E-02   4.5220E-02   4.4060E-02   1.3012E-01  -2.3436E-04  -4.8222E-03
  -6.0401E-03   7.4800E-03   3.7178E-01  -1.0738E-01  -1.9948E-01  -2.8868E-01
  -1.8886E-01   2.9367E-02   9.6168E-02   1.0607E-01  -3.1737E-02   2.5119E-02
   7.2336E-02   7.6814E-02  -2.2030E-02   9.4851E-03   8.1189E-03   4.7070E-03
   3.3142E-01  -1.1448E-01  -1.7442E-01  -2.0224E-01  -1.5086E-01  -2.3589E-02
   1.9299E-02   2.6405E-02   2.8800E-02  -1.1609E-03  -2.3479E-02   4.7437E-02
   1.4407E-02   9.2741E-03   1.0065E-02  -3.2421E-03   1.1947E-01  -9.5557E-02
  -1.1513E-01  -7.6530E-02  -7.0168E-02  -1.0008E-02   6.5618E-02   2.8984E-02
  -4.9429E-03  -7.9774E-03  -8.5506E-03   2.3718E-02   4.1746E-03   1.8874E-02
   1.9054E-02  -5.9238E-03   1.0513E-01
  > Energy =  -3.833498941860E+02 +/-   1.994053740411E-05
  > varE =   1.988506879853E-04

VMC #4:
* Size of Hilbert space =   6.3504E+04
* Deterministic energy evaluation:
  > Deterministic Etot/t = -383.3499401711733
    - Ttot/t = -23.36433422122606
    - Utot/t = 9.528739727223057
* Number of equil. steps   = 1000
* Running VMC equilibration.
  Done. [total walltime: 0.14s]
* Equil. acc.ratio (%)     =  11.1757
* Sample config after equilibration:
  +---------+
  |  u   u  |
  |d   0   d|
  |d   2   u|
  |  u   d  |
  +---------+
* Number of accum. steps   = 1000192 x 10
* Running VMC accumulation.
    [walltime: 1m elapsed, 47.9s remaining]
  Done. [total walltime: 1m48s]
* Acceptance ratio (%)     =  11.0919
* Etot/t                   =  -3.833499383206E+02 +/-   1.444603585236E-05
  > Ttot/t                 =  -2.336418259884E+01 +/-   5.192714689988E-04
  > Utot/t                 =   9.528589955275E+00 +/-   5.172211826299E-04
* var[Eloc/t]              =   1.994383923228E-04 +/-   4.768033060569E-06
* Correlation length       =   1.046578933492E+00
* log10 Psi^2 range: -13.72544276379538 -- -7.017600439777905
* log10 Pgen range : -13.72544276379538 -- -7.017600439777905
* Site occupation (ave. no. electrons per config.):
  > Site_  ___eu____  ___ed____
      1        0.498      0.497
      2        0.500      0.501
      3        0.500      0.501
      4        0.498      0.497
      5        0.501      0.500
      6        0.498      0.503
      7        0.504      0.500
      8        0.501      0.500
      9        0.500      0.501
     10        0.500      0.500
* Pair-correlation analysis (ave. no. pairs per config.):
  > Shell  nsite  ___dh____  __eueu___  __eued___
      0      1        0          0          1.734
      1      1        0.826      0.720      2.491
      2      1        0.288      0.641      1.112
      3      1        0.160      0.298      0.555
      4      1        0.556      1.337      2.181
      5      1        0.118      1.030      0.967
      6      1        0.145      0.847      1.108
      7      1        0.297      1.795      2.123
      8      1        0.246      2.108      1.899
      9      1        0.246      2.124      1.894
     10      1        0.225      2.164      1.873
     11      1        0.114      0.980      1.025
     12      1        0.231      2.059      1.951
     13      1        0.061      0.480      0.519
     14      1        0.182      1.435      1.554
     15      1        0.117      1.030      0.975
     16      1        0.125      0.953      1.040

Optimization #4:
* Method          : lls
* Target function : energy
* No. of configs. : 500096
* No. of params.  : 129
* Before optimization:
   2.9493E+01   2.8836E+01   2.9411E+01  -1.8126E+00  -1.8442E+00   7.0312E-01
  -2.3467E+01  -1.4010E+01  -1.4006E+01  -4.8690E+00  -4.8528E+00  -1.1752E+01
  -1.1749E+01  -1.4269E+01  -1.4268E+01  -1.1647E+01  -1.1649E+01  -2.1525E+00
  -2.1510E+00  -5.0337E+00  -2.5130E+00  -2.5135E+00  -2.4697E+00  -2.4696E+00
  -2.4701E+00  -2.4701E+00   1.1924E-03   1.2352E+01  -1.0593E+01  -3.9232E-01
  -3.3857E-01   1.1882E+02  -9.5357E+01   7.2027E+01  -5.8034E+01   2.5433E+01
  -2.0559E+01   2.5413E+01  -2.0574E+01   5.9401E+01  -4.7654E+01   7.2181E+01
  -5.7900E+01   5.9354E+01  -4.7693E+01   1.2563E+01  -1.0398E+01   2.5528E+01
  -2.0497E+01   1.2763E+01  -1.0247E+01   1.2729E+01  -1.0261E+01   1.2729E+01
  -1.0261E+01  -7.2520E-04   4.7930E-04  -7.7461E-02  -1.1008E-01   5.5780E-02
  -1.4135E-03   2.7067E-02   1.7080E+00   2.5241E+00   1.8119E+00  -3.3847E-01
  -5.0140E-01  -6.1523E-01  -4.1729E-01  -1.0477E-04   6.5638E-03   7.5827E-02
   2.8321E-02   4.5220E-02   4.4060E-02   1.3012E-01  -2.3436E-04  -4.8222E-03
  -6.0401E-03   7.4800E-03   3.7178E-01  -1.0738E-01  -1.9948E-01  -2.8868E-01
  -1.8886E-01   2.9367E-02   9.6168E-02   1.0607E-01  -3.1737E-02   2.5119E-02
   7.2336E-02   7.6814E-02  -2.2030E-02   9.4851E-03   8.1189E-03   4.7070E-03
   3.3142E-01  -1.1448E-01  -1.7442E-01  -2.0224E-01  -1.5086E-01  -2.3589E-02
   1.9299E-02   2.6405E-02   2.8800E-02  -1.1609E-03  -2.3479E-02   4.7437E-02
   1.4407E-02   9.2741E-03   1.0065E-02  -3.2421E-03   1.1947E-01  -9.5557E-02
  -1.1513E-01  -7.6530E-02  -7.0168E-02  -1.0008E-02   6.5618E-02   2.8984E-02
  -4.9429E-03  -7.9774E-03  -8.5506E-03   2.3718E-02   4.1746E-03   1.8874E-02
   1.9054E-02  -5.9238E-03   1.0513E-01
  > E    =  -3.833499064743E+02 +/-   2.017051116116E-05
  > varE =   2.034638178052E-04
* Computing derivatives.
    [walltime: 1m2s elapsed, 1h43m remaining]
    [walltime: 1h elapsed, 44m29s remaining]
  Done. [total walltime: 1h44m]
* Optimizing manipulation constant:
  #igrid a___________ E____________________________________ varE____________
     1     Infinity    -3.83349906E+02 +/-   2.01705112E-05   2.03463818E-04
     2     1.0000E+06  -3.83349906E+02 +/-   2.01705108E-05   2.03463810E-04
     3     2.1544E+05  -3.83349906E+02 +/-   2.01705093E-05   2.03463780E-04
     4     4.6416E+04  -3.83349906E+02 +/-   2.01705024E-05   2.03463641E-04
     5     1.0000E+04  -3.83349906E+02 +/-   2.01704705E-05   2.03462998E-04
     6     2.1544E+03  -3.83349906E+02 +/-   2.01703227E-05   2.03460017E-04
     7     4.6416E+02  -3.83349907E+02 +/-   2.01696390E-05   2.03446224E-04
     8     1.0000E+02  -3.83349907E+02 +/-   2.01665145E-05   2.03383196E-04
     9     2.1544E+01  -3.83349907E+02 +/-   2.01530150E-05   2.03110997E-04
    10     4.6416E+00  -3.83349909E+02 +/-   2.01084968E-05   2.02214640E-04
    11     1.0000E+00  -3.83349908E+02 +/-   2.01440215E-05   2.02929756E-04
    12     2.1544E-01  -3.83349844E+02 +/-   2.24326433E-05   2.51660051E-04
    13     4.6416E-02  -3.83349619E+02 +/-   2.90615069E-05   4.22366672E-04
    14     1.0000E-02  -3.83348891E+02 +/-   4.41681528E-05   9.75600141E-04
    15     2.1544E-03  -3.83326941E+02 +/-   1.88229576E-04   1.77185880E-02
    16     4.6416E-04  -3.82941943E+02 +/-   7.35858141E-04   2.70795585E-01
    17     1.0000E-04  -3.82611014E+02 +/-   9.29065622E-04   4.31664328E-01
    18     2.1544E-05  -3.82533364E+02 +/-   9.62385153E-04   4.63181505E-01
    19     4.6416E-06  -3.82517022E+02 +/-   9.69006831E-04   4.69577261E-01
    20     1.0000E-06  -3.82513529E+02 +/-   9.70406554E-04   4.70934842E-01
    21     0.0000E+00  -3.82512571E+02 +/-   9.70789249E-04   4.71306357E-01
* Iteration # 1: E =  -3.833499085485E+02 +/-   2.010849681015E-05
* Convergence: exiting.
* After optimization:
   2.9480E+01   2.8839E+01   2.9397E+01  -1.8112E+00  -1.8426E+00   7.0706E-01
  -2.3466E+01  -1.4009E+01  -1.4004E+01  -4.8676E+00  -4.8504E+00  -1.1750E+01
  -1.1747E+01  -1.4267E+01  -1.4266E+01  -1.1645E+01  -1.1646E+01  -2.1493E+00
  -2.1477E+00  -5.0328E+00  -2.5121E+00  -2.5127E+00  -2.4684E+00  -2.4682E+00
  -2.4688E+00  -2.4687E+00   2.0114E-03   1.2351E+01  -1.0594E+01  -3.9584E-01
  -3.3975E-01   1.1882E+02  -9.5359E+01   7.2027E+01  -5.8036E+01   2.5434E+01
  -2.0560E+01   2.5412E+01  -2.0576E+01   5.9400E+01  -4.7656E+01   7.2181E+01
  -5.7902E+01   5.9353E+01  -4.7694E+01   1.2561E+01  -1.0399E+01   2.5528E+01
  -2.0498E+01   1.2764E+01  -1.0248E+01   1.2728E+01  -1.0262E+01   1.2728E+01
  -1.0262E+01  -1.3062E-03   8.3735E-04  -7.7639E-02  -1.1095E-01   5.5922E-02
  -1.4650E-03   2.6526E-02   1.6973E+00   2.4885E+00   1.8030E+00  -3.4851E-01
  -5.0623E-01  -6.1621E-01  -4.2347E-01   2.2329E-03   8.9625E-03   7.6827E-02
   2.7762E-02   4.6951E-02   4.4915E-02   1.2810E-01  -2.2576E-03  -4.2603E-03
  -5.4487E-03   9.3911E-03   3.7039E-01  -1.1134E-01  -2.0045E-01  -2.9131E-01
  -1.9217E-01   2.9465E-02   9.6782E-02   1.0674E-01  -3.0526E-02   2.4812E-02
   7.1541E-02   7.5684E-02  -2.4854E-02   7.8653E-03   6.3650E-03   1.0586E-02
   3.2639E-01  -1.1894E-01  -1.7870E-01  -2.0224E-01  -1.5414E-01  -2.2267E-02
   2.0747E-02   2.7071E-02   2.9259E-02  -1.7514E-04  -2.3741E-02   4.5409E-02
   1.4621E-02   9.1194E-03   9.6914E-03  -4.3956E-03   1.1891E-01  -9.7463E-02
  -1.1664E-01  -7.6640E-02  -7.1539E-02  -9.7664E-03   6.6186E-02   2.9461E-02
  -3.7834E-03  -8.0094E-03  -8.9498E-03   2.2142E-02   3.7624E-03   1.7311E-02
   1.7628E-02  -5.0723E-03   1.0305E-01
  > Energy =  -3.833499085485E+02 +/-   2.010849681015E-05
  > varE =   2.022146397398E-04

VMC #5:
* Size of Hilbert space =   6.3504E+04
* Deterministic energy evaluation:
  > Deterministic Etot/t = -383.3499415644130
    - Ttot/t = -23.36437733908705
    - Utot/t = 9.528781451844390
* Number of equil. steps   = 1000
* Running VMC equilibration.
  Done. [total walltime: 0.14s]
* Equil. acc.ratio (%)     =  11.1762
* Sample config after equilibration:
  +---------+
  |  0   2  |
  |2   d   0|
  |0   u   u|
  |  2   d  |
  +---------+
* Number of accum. steps   = 1000192 x 10
* Running VMC accumulation.
    [walltime: 1m elapsed, 48.1s remaining]
  Done. [total walltime: 1m48s]
* Acceptance ratio (%)     =  11.1475
* Etot/t                   =  -3.833499335354E+02 +/-   1.411963372053E-05
  > Ttot/t                 =  -2.336374652794E+01 +/-   5.032042060735E-04
  > Utot/t                 =   9.528158669739E+00 +/-   5.015664256504E-04
* var[Eloc/t]              =   1.952694298288E-04 +/-   2.133362041363E-06
* Correlation length       =   1.021165138218E+00
* log10 Psi^2 range: -14.56560252000002 -- -7.037513512463034
* log10 Pgen range : -14.56560252000002 -- -7.037513512463034
* Site occupation (ave. no. electrons per config.):
  > Site_  ___eu____  ___ed____
      1        0.496      0.499
      2        0.502      0.501
      3        0.501      0.500
      4        0.498      0.497
      5        0.499      0.501
      6        0.501      0.501
      7        0.501      0.500
      8        0.501      0.499
      9        0.500      0.501
     10        0.501      0.501
* Pair-correlation analysis (ave. no. pairs per config.):
  > Shell  nsite  ___dh____  __eueu___  __eued___
      0      1        0          0          1.734
      1      1        0.826      0.719      2.492
      2      1        0.287      0.643      1.111
      3      1        0.161      0.298      0.555
      4      1        0.558      1.337      2.180
      5      1        0.118      1.030      0.966
      6      1        0.144      0.848      1.108
      7      1        0.296      1.795      2.126
      8      1        0.247      2.108      1.899
      9      1        0.247      2.125      1.893
     10      1        0.226      2.163      1.871
     11      1        0.113      0.980      1.025
     12      1        0.231      2.058      1.950
     13      1        0.060      0.479      0.519
     14      1        0.182      1.436      1.556
     15      1        0.118      1.030      0.975
     16      1        0.124      0.953      1.039

Optimization #5:
* Method          : lls
* Target function : energy
* No. of configs. : 500096
* No. of params.  : 129
* Before optimization:
   2.9480E+01   2.8839E+01   2.9397E+01  -1.8112E+00  -1.8426E+00   7.0706E-01
  -2.3466E+01  -1.4009E+01  -1.4004E+01  -4.8676E+00  -4.8504E+00  -1.1750E+01
  -1.1747E+01  -1.4267E+01  -1.4266E+01  -1.1645E+01  -1.1646E+01  -2.1493E+00
  -2.1477E+00  -5.0328E+00  -2.5121E+00  -2.5127E+00  -2.4684E+00  -2.4682E+00
  -2.4688E+00  -2.4687E+00   2.0114E-03   1.2351E+01  -1.0594E+01  -3.9584E-01
  -3.3975E-01   1.1882E+02  -9.5359E+01   7.2027E+01  -5.8036E+01   2.5434E+01
  -2.0560E+01   2.5412E+01  -2.0576E+01   5.9400E+01  -4.7656E+01   7.2181E+01
  -5.7902E+01   5.9353E+01  -4.7694E+01   1.2561E+01  -1.0399E+01   2.5528E+01
  -2.0498E+01   1.2764E+01  -1.0248E+01   1.2728E+01  -1.0262E+01   1.2728E+01
  -1.0262E+01  -1.3062E-03   8.3735E-04  -7.7639E-02  -1.1095E-01   5.5922E-02
  -1.4650E-03   2.6526E-02   1.6973E+00   2.4885E+00   1.8030E+00  -3.4851E-01
  -5.0623E-01  -6.1621E-01  -4.2347E-01   2.2329E-03   8.9625E-03   7.6827E-02
   2.7762E-02   4.6951E-02   4.4915E-02   1.2810E-01  -2.2576E-03  -4.2603E-03
  -5.4487E-03   9.3911E-03   3.7039E-01  -1.1134E-01  -2.0045E-01  -2.9131E-01
  -1.9217E-01   2.9465E-02   9.6782E-02   1.0674E-01  -3.0526E-02   2.4812E-02
   7.1541E-02   7.5684E-02  -2.4854E-02   7.8653E-03   6.3650E-03   1.0586E-02
   3.2639E-01  -1.1894E-01  -1.7870E-01  -2.0224E-01  -1.5414E-01  -2.2267E-02
   2.0747E-02   2.7071E-02   2.9259E-02  -1.7514E-04  -2.3741E-02   4.5409E-02
   1.4621E-02   9.1194E-03   9.6914E-03  -4.3956E-03   1.1891E-01  -9.7463E-02
  -1.1664E-01  -7.6640E-02  -7.1539E-02  -9.7664E-03   6.6186E-02   2.9461E-02
  -3.7834E-03  -8.0094E-03  -8.9498E-03   2.2142E-02   3.7624E-03   1.7311E-02
   1.7628E-02  -5.0723E-03   1.0305E-01
  > E    =  -3.833499369181E+02 +/-   1.981659540131E-05
  > varE =   1.963864256052E-04
* Computing derivatives.
    [walltime: 1m2s elapsed, 1h43m remaining]
    [walltime: 1h elapsed, 44m29s remaining]
  Done. [total walltime: 1h44m]
* Optimizing manipulation constant:
  #igrid a___________ E____________________________________ varE____________
     1     Infinity    -3.83349937E+02 +/-   1.98165954E-05   1.96386426E-04
     2     1.0000E+06  -3.83349937E+02 +/-   1.98165950E-05   1.96386418E-04
     3     2.1544E+05  -3.83349937E+02 +/-   1.98165936E-05   1.96386391E-04
     4     4.6416E+04  -3.83349937E+02 +/-   1.98165872E-05   1.96386263E-04
     5     1.0000E+04  -3.83349937E+02 +/-   1.98165574E-05   1.96385672E-04
     6     2.1544E+03  -3.83349937E+02 +/-   1.98164193E-05   1.96382935E-04
     7     4.6416E+02  -3.83349937E+02 +/-   1.98157832E-05   1.96370328E-04
     8     1.0000E+02  -3.83349937E+02 +/-   1.98129379E-05   1.96313939E-04
     9     2.1544E+01  -3.83349937E+02 +/-   1.98019094E-05   1.96095452E-04
    10     4.6416E+00  -3.83349938E+02 +/-   1.98044344E-05   1.96145464E-04
    11     1.0000E+00  -3.83349883E+02 +/-   2.24621688E-05   2.52322950E-04
    12     2.1544E-01  -3.83346572E+02 +/-   7.85779268E-05   3.08783804E-03
    13     4.6416E-02  -3.83312740E+02 +/-   2.49133347E-04   3.10396708E-02
    14     1.0000E-02  -3.83267890E+02 +/-   3.65331987E-04   6.67465433E-02
    15     2.1544E-03  -3.83257278E+02 +/-   3.87164935E-04   7.49627335E-02
    16     4.6416E-04  -3.83259040E+02 +/-   3.83543933E-04   7.35670966E-02
    17     1.0000E-04  -3.83260194E+02 +/-   3.81176511E-04   7.26617146E-02
    18     2.1544E-05  -3.83260500E+02 +/-   3.80545423E-04   7.24213117E-02
    19     4.6416E-06  -3.83260569E+02 +/-   3.80403067E-04   7.23671386E-02
    20     1.0000E-06  -3.83260584E+02 +/-   3.80372092E-04   7.23553538E-02
    21     0.0000E+00  -3.83260589E+02 +/-   3.80363567E-04   7.23521105E-02
  ParMin   9.7759E+00  -3.83349938E+02 +/-   1.97919604E-05   1.95898454E-04
  # Using grid point #10
* Iteration # 1: E =  -3.833499382195E+02 +/-   1.980443443307E-05
* Convergence: exiting.
* After optimization:
   2.8959E+01   2.8346E+01   2.8883E+01  -1.6608E+00  -1.6915E+00   7.0542E-01
  -2.3618E+01  -1.3931E+01  -1.3927E+01  -4.5614E+00  -4.5451E+00  -1.1826E+01
  -1.1823E+01  -1.4190E+01  -1.4189E+01  -1.1720E+01  -1.1722E+01  -1.9974E+00
  -1.9960E+00  -4.7268E+00  -2.3590E+00  -2.3596E+00  -2.3152E+00  -2.3152E+00
  -2.3156E+00  -2.3154E+00   2.2722E-03   1.1584E+01  -9.9781E+00  -3.9404E-01
  -3.3972E-01   1.1956E+02  -9.5952E+01   7.1632E+01  -5.7718E+01   2.3898E+01
  -1.9330E+01   2.3877E+01  -1.9346E+01   5.9773E+01  -4.7953E+01   7.1786E+01
  -5.7584E+01   5.9726E+01  -4.7991E+01   1.1794E+01  -9.7841E+00   2.3992E+01
  -1.9268E+01   1.1995E+01  -9.6328E+00   1.1960E+01  -9.6472E+00   1.1960E+01
  -9.6470E+00  -1.5513E-03   1.1302E-03  -7.6943E-02  -1.1111E-01   5.5751E-02
  -1.5753E-03   2.6736E-02   1.7516E+00   2.5298E+00   1.8553E+00  -3.6094E-01
  -5.1662E-01  -6.4427E-01  -4.4249E-01   4.6873E-03   8.8815E-03   7.8868E-02
   2.8096E-02   5.2981E-02   4.6680E-02   1.2996E-01  -2.7901E-03  -2.9673E-03
  -3.7640E-03   1.1716E-02   3.7423E-01  -1.1343E-01  -2.0377E-01  -3.0402E-01
  -1.9889E-01   2.9238E-02   9.8164E-02   1.0993E-01  -3.2678E-02   2.6893E-02
   7.3511E-02   7.7087E-02  -2.4990E-02   8.5829E-03   7.4204E-03   1.2603E-02
   3.3063E-01  -1.1999E-01  -1.7913E-01  -2.0301E-01  -1.5675E-01  -2.0695E-02
   2.1445E-02   2.7083E-02   3.0722E-02   1.8873E-03  -2.3710E-02   4.3192E-02
   1.4501E-02   9.9348E-03   1.0525E-02  -3.9079E-03   1.1691E-01  -9.6494E-02
  -1.1601E-01  -7.5224E-02  -7.1183E-02  -9.6913E-03   6.6306E-02   2.9552E-02
  -2.6342E-03  -7.4666E-03  -8.9689E-03   2.0857E-02   4.3400E-03   1.7641E-02
   1.7949E-02  -4.8249E-03   1.0157E-01
  > Energy =  -3.833499382195E+02 +/-   1.980443443307E-05
  > varE =   1.961454643067E-04

VMC #6:
* Size of Hilbert space =   6.3504E+04
* Deterministic energy evaluation:
  > Deterministic Etot/t = -383.3499413913428
    - Ttot/t = -23.36396931686503
    - Utot/t = 9.528373602692556
* Number of equil. steps   = 1000
* Running VMC equilibration.
  Done. [total walltime: 0.14s]
* Equil. acc.ratio (%)     =  11.1130
* Sample config after equilibration:
  +---------+
  |  0   0  |
  |u   2   d|
  |2   d   u|
  |  d   u  |
  +---------+
* Number of accum. steps   = 1000192 x 10
* Running VMC accumulation.
    [walltime: 1m elapsed, 47.4s remaining]
  Done. [total walltime: 1m47s]
* Acceptance ratio (%)     =  11.0751
* Etot/t                   =  -3.833499454623E+02 +/-   1.451000326932E-05
  > Ttot/t                 =  -2.336410422570E+01 +/-   5.436468411340E-04
  > Utot/t                 =   9.528504440579E+00 +/-   5.416207814670E-04
* var[Eloc/t]              =   2.081164217014E-04 +/-   4.621459202024E-06
* Correlation length       =   1.011840473094E+00
* log10 Psi^2 range: -14.71553850134358 -- -7.016822110045595
* log10 Pgen range : -14.71553850134358 -- -7.016822110045595
* Site occupation (ave. no. electrons per config.):
  > Site_  ___eu____  ___ed____
      1        0.498      0.497
      2        0.501      0.500
      3        0.499      0.499
      4        0.499      0.497
      5        0.500      0.501
      6        0.501      0.500
      7        0.500      0.502
      8        0.501      0.500
      9        0.501      0.502
     10        0.500      0.501
* Pair-correlation analysis (ave. no. pairs per config.):
  > Shell  nsite  ___dh____  __eueu___  __eued___
      0      1        0          0          1.733
      1      1        0.827      0.717      2.491
      2      1        0.287      0.642      1.113
      3      1        0.160      0.297      0.557
      4      1        0.554      1.335      2.185
      5      1        0.118      1.030      0.963
      6      1        0.144      0.846      1.108
      7      1        0.296      1.794      2.129
      8      1        0.246      2.112      1.894
      9      1        0.246      2.129      1.892
     10      1        0.226      2.166      1.869
     11      1        0.113      0.978      1.026
     12      1        0.233      2.057      1.947
     13      1        0.061      0.476      0.519
     14      1        0.181      1.436      1.557
     15      1        0.118      1.030      0.975
     16      1        0.124      0.954      1.040

Optimization #6:
* Method          : lls
* Target function : energy
* No. of configs. : 500096
* No. of params.  : 129
* Before optimization:
   2.8959E+01   2.8346E+01   2.8883E+01  -1.6608E+00  -1.6915E+00   7.0542E-01
  -2.3618E+01  -1.3931E+01  -1.3927E+01  -4.5614E+00  -4.5451E+00  -1.1826E+01
  -1.1823E+01  -1.4190E+01  -1.4189E+01  -1.1720E+01  -1.1722E+01  -1.9974E+00
  -1.9960E+00  -4.7268E+00  -2.3590E+00  -2.3596E+00  -2.3152E+00  -2.3152E+00
  -2.3156E+00  -2.3154E+00   2.2722E-03   1.1584E+01  -9.9781E+00  -3.9404E-01
  -3.3972E-01   1.1956E+02  -9.5952E+01   7.1632E+01  -5.7718E+01   2.3898E+01
  -1.9330E+01   2.3877E+01  -1.9346E+01   5.9773E+01  -4.7953E+01   7.1786E+01
  -5.7584E+01   5.9726E+01  -4.7991E+01   1.1794E+01  -9.7841E+00   2.3992E+01
  -1.9268E+01   1.1995E+01  -9.6328E+00   1.1960E+01  -9.6472E+00   1.1960E+01
  -9.6470E+00  -1.5513E-03   1.1302E-03  -7.6943E-02  -1.1111E-01   5.5751E-02
  -1.5753E-03   2.6736E-02   1.7516E+00   2.5298E+00   1.8553E+00  -3.6094E-01
  -5.1662E-01  -6.4427E-01  -4.4249E-01   4.6873E-03   8.8815E-03   7.8868E-02
   2.8096E-02   5.2981E-02   4.6680E-02   1.2996E-01  -2.7901E-03  -2.9673E-03
  -3.7640E-03   1.1716E-02   3.7423E-01  -1.1343E-01  -2.0377E-01  -3.0402E-01
  -1.9889E-01   2.9238E-02   9.8164E-02   1.0993E-01  -3.2678E-02   2.6893E-02
   7.3511E-02   7.7087E-02  -2.4990E-02   8.5829E-03   7.4204E-03   1.2603E-02
   3.3063E-01  -1.1999E-01  -1.7913E-01  -2.0301E-01  -1.5675E-01  -2.0695E-02
   2.1445E-02   2.7083E-02   3.0722E-02   1.8873E-03  -2.3710E-02   4.3192E-02
   1.4501E-02   9.9348E-03   1.0525E-02  -3.9079E-03   1.1691E-01  -9.6494E-02
  -1.1601E-01  -7.5224E-02  -7.1183E-02  -9.6913E-03   6.6306E-02   2.9552E-02
  -2.6342E-03  -7.4666E-03  -8.9689E-03   2.0857E-02   4.3400E-03   1.7641E-02
   1.7949E-02  -4.8249E-03   1.0157E-01
  > E    =  -3.833499841767E+02 +/-   2.035501019937E-05
  > varE =   2.072029954464E-04
* Computing derivatives.
    [walltime: 1m2s elapsed, 1h43m remaining]
    [walltime: 1h elapsed, 44m26s remaining]
  Done. [total walltime: 1h44m]
* Optimizing manipulation constant:
  #igrid a___________ E____________________________________ varE____________
     1     Infinity    -3.83349984E+02 +/-   2.03550102E-05   2.07202995E-04
     2     1.0000E+06  -3.83349984E+02 +/-   2.03550096E-05   2.07202983E-04
     3     2.1544E+05  -3.83349984E+02 +/-   2.03550074E-05   2.07202938E-04
     4     4.6416E+04  -3.83349984E+02 +/-   2.03549972E-05   2.07202730E-04
     5     1.0000E+04  -3.83349984E+02 +/-   2.03549499E-05   2.07201767E-04
     6     2.1544E+03  -3.83349984E+02 +/-   2.03547323E-05   2.07197337E-04
     7     4.6416E+02  -3.83349984E+02 +/-   2.03537642E-05   2.07177628E-04
     8     1.0000E+02  -3.83349984E+02 +/-   2.03501452E-05   2.07103961E-04
     9     2.1544E+01  -3.83349984E+02 +/-   2.03502477E-05   2.07106048E-04
    10     4.6416E+00  -3.83349974E+02 +/-   2.06998356E-05   2.14282731E-04
    11     1.0000E+00  -3.83349864E+02 +/-   2.45731348E-05   3.01977447E-04
    12     2.1544E-01  -3.83349994E+02 +/-   1.99570731E-05   1.99180619E-04
    13     4.6416E-02  -3.82525009E+02 +/-   9.84375943E-04   4.84591022E-01
    14     1.0000E-02  -3.80864249E+02 +/-   1.15936172E-03   6.72188837E-01
    15     2.1544E-03  -3.80859216E+02 +/-   1.15769284E-03   6.70255018E-01
    16     4.6416E-04  -3.80858148E+02 +/-   1.15774631E-03   6.70316936E-01
    17     1.0000E-04  -3.80857263E+02 +/-   1.15773385E-03   6.70302507E-01
    18     2.1544E-05  -3.80856992E+02 +/-   1.15772312E-03   6.70290078E-01
    19     4.6416E-06  -3.80856928E+02 +/-   1.15772021E-03   6.70286717E-01
    20     1.0000E-06  -3.80856915E+02 +/-   1.15771956E-03   6.70285959E-01
    21     0.0000E+00  -3.80856911E+02 +/-   1.15771938E-03   6.70285748E-01
  ParMin   4.6404E-01  -3.83349912E+02 +/-   2.29647723E-05   2.63741011E-04
  # Using grid point #12
* Iteration # 1: E =  -3.833499943180E+02 +/-   1.995707313731E-05
* Computing derivatives.
    [walltime: 1m2s elapsed, 1h43m remaining]
    [walltime: 1h elapsed, 44m29s remaining]
  Done. [total walltime: 1h44m]
* Optimizing manipulation constant:
  #igrid a___________ E____________________________________ varE____________
     1     Infinity    -3.83349994E+02 +/-   1.99570731E-05   1.99180619E-04
     2     1.0000E+06  -3.83349994E+02 +/-   1.99570731E-05   1.99180618E-04
     3     2.1544E+05  -3.83349994E+02 +/-   1.99570729E-05   1.99180615E-04
     4     4.6416E+04  -3.83349994E+02 +/-   1.99570721E-05   1.99180599E-04
     5     1.0000E+04  -3.83349994E+02 +/-   1.99570693E-05   1.99180542E-04
     6     2.1544E+03  -3.83349994E+02 +/-   1.99570767E-05   1.99180691E-04
     7     4.6416E+02  -3.83349994E+02 +/-   1.99575639E-05   1.99190416E-04
     8     1.0000E+02  -3.83349994E+02 +/-   1.99747841E-05   1.99534304E-04
     9     2.1544E+01  -3.83349926E+02 +/-   2.24538557E-05   2.52136219E-04
    10     4.6416E+00  -3.83334311E+02 +/-   1.60853303E-04   1.29393765E-02
    11     1.0000E+00  -3.83054135E+02 +/-   6.61934546E-04   2.19120735E-01
    12     2.1544E-01  -3.83340904E+02 +/-   1.25260505E-04   7.84660327E-03
    13     4.6416E-02  -3.83314520E+02 +/-   2.27716865E-04   2.59324634E-02
    14     1.0000E-02  -3.83164605E+02 +/-   4.87396738E-04   1.18800595E-01
    15     2.1544E-03  -3.83138618E+02 +/-   5.22006672E-04   1.36271642E-01
    16     4.6416E-04  -3.83132369E+02 +/-   5.29929117E-04   1.40439394E-01
    17     1.0000E-04  -3.83130988E+02 +/-   5.31658796E-04   1.41357673E-01
    18     2.1544E-05  -3.83130689E+02 +/-   5.32032522E-04   1.41556476E-01
    19     4.6416E-06  -3.83130625E+02 +/-   5.32113089E-04   1.41599352E-01
    20     1.0000E-06  -3.83130611E+02 +/-   5.32130449E-04   1.41608591E-01
    21     0.0000E+00  -3.83130607E+02 +/-   5.32135216E-04   1.41611128E-01
* Iteration # 2: E =  -3.833499943182E+02 +/-   1.995706927062E-05
* Convergence: exiting.
* After optimization:
   2.8922E+01   2.8323E+01   2.8845E+01  -1.6561E+00  -1.6877E+00   7.1257E-01
  -2.3617E+01  -1.3927E+01  -1.3923E+01  -4.5565E+00  -4.5413E+00  -1.1821E+01
  -1.1818E+01  -1.4186E+01  -1.4185E+01  -1.1714E+01  -1.1715E+01  -1.9907E+00
  -1.9888E+00  -4.7255E+00  -2.3562E+00  -2.3576E+00  -2.3111E+00  -2.3111E+00
  -2.3112E+00  -2.3112E+00   5.0993E-03   1.1580E+01  -9.9784E+00  -3.9904E-01
  -3.4173E-01   1.1957E+02  -9.5964E+01   7.1636E+01  -5.7725E+01   2.3897E+01
  -1.9334E+01   2.3874E+01  -1.9347E+01   5.9775E+01  -4.7960E+01   7.1789E+01
  -5.7591E+01   5.9727E+01  -4.7999E+01   1.1790E+01  -9.7858E+00   2.3992E+01
  -1.9270E+01   1.1995E+01  -9.6340E+00   1.1957E+01  -9.6492E+00   1.1957E+01
  -9.6493E+00  -3.7935E-03   1.8511E-03  -7.4300E-02  -1.1417E-01   5.5879E-02
  -2.9635E-03   2.4940E-02   1.7283E+00   2.4714E+00   1.8277E+00  -3.9009E-01
  -5.4027E-01  -6.3317E-01  -4.5022E-01   1.4922E-02   2.1166E-02   8.2865E-02
   2.6778E-02   5.7558E-02   4.3971E-02   1.1881E-01  -1.4438E-02  -3.9604E-03
  -4.4708E-03   1.6700E-02   3.8037E-01  -1.2068E-01  -2.1119E-01  -2.9576E-01
  -1.9977E-01   3.4269E-02   1.0080E-01   1.1052E-01  -2.6396E-02   2.4553E-02
   6.8967E-02   7.8400E-02  -3.0901E-02   5.6878E-03   5.5838E-03   1.9917E-02
   3.3459E-01  -1.2831E-01  -1.9211E-01  -2.0058E-01  -1.6129E-01  -1.7222E-02
   2.1535E-02   3.0236E-02   2.9197E-02   6.8489E-03  -2.8488E-02   3.2811E-02
   1.7323E-02   6.9092E-03   7.1359E-03  -8.9413E-03   1.0958E-01  -9.5211E-02
  -1.2050E-01  -7.4302E-02  -6.9973E-02  -8.7037E-03   6.1430E-02   3.1142E-02
  -8.7285E-04  -5.6862E-03  -1.3787E-02   1.5429E-02   9.6152E-03   1.4973E-02
   1.4716E-02  -9.2221E-03   9.4485E-02
  > Energy =  -3.833499943182E+02 +/-   1.995706927062E-05
  > varE =   1.991805422590E-04

VMC #7:
* Size of Hilbert space =   6.3504E+04
* Deterministic energy evaluation:
  > Deterministic Etot/t = -383.3499454631826
    - Ttot/t = -23.36447127046061
    - Utot/t = 9.528871484448178
* Number of equil. steps   = 1000
* Running VMC equilibration.
  Done. [total walltime: 0.14s]
* Equil. acc.ratio (%)     =  11.2772
* Sample config after equilibration:
  +---------+
  |  u   2  |
  |d   0   0|
  |u   u   2|
  |  d   d  |
  +---------+
* Number of accum. steps   = 1000192 x 10
* Running VMC accumulation.
    [walltime: 1m elapsed, 47.9s remaining]
  Done. [total walltime: 1m47s]
* Acceptance ratio (%)     =  11.1617
* Etot/t                   =  -3.833499716940E+02 +/-   1.377989364889E-05
  > Ttot/t                 =  -2.336472383373E+01 +/-   5.307502092200E-04
  > Utot/t                 =   9.529097816924E+00 +/-   5.302632595890E-04
* var[Eloc/t]              =   1.955061920996E-04 +/-   2.254740804213E-06
* Correlation length       =   9.714368887515E-01
* log10 Psi^2 range: -13.49876825477578 -- -7.108444262751306
* log10 Pgen range : -13.49876825477578 -- -7.108444262751306
* Site occupation (ave. no. electrons per config.):
  > Site_  ___eu____  ___ed____
      1        0.497      0.496
      2        0.501      0.501
      3        0.500      0.501
      4        0.498      0.497
      5        0.500      0.501
      6        0.500      0.502
      7        0.502      0.500
      8        0.500      0.501
      9        0.500      0.501
     10        0.502      0.500
* Pair-correlation analysis (ave. no. pairs per config.):
  > Shell  nsite  ___dh____  __eueu___  __eued___
      0      1        0          0          1.738
      1      1        0.831      0.720      2.487
      2      1        0.287      0.641      1.112
      3      1        0.160      0.297      0.555
      4      1        0.557      1.337      2.180
      5      1        0.119      1.031      0.967
      6      1        0.147      0.847      1.108
      7      1        0.298      1.793      2.122
      8      1        0.247      2.107      1.899
      9      1        0.246      2.123      1.893
     10      1        0.227      2.167      1.873
     11      1        0.115      0.980      1.026
     12      1        0.233      2.061      1.950
     13      1        0.062      0.478      0.519
     14      1        0.183      1.436      1.557
     15      1        0.118      1.030      0.975
     16      1        0.125      0.952      1.040

Optimization #7:
* Method          : lls
* Target function : energy
* No. of configs. : 500096
* No. of params.  : 129
* Before optimization:
   2.8922E+01   2.8323E+01   2.8845E+01  -1.6561E+00  -1.6877E+00   7.1257E-01
  -2.3617E+01  -1.3927E+01  -1.3923E+01  -4.5565E+00  -4.5413E+00  -1.1821E+01
  -1.1818E+01  -1.4186E+01  -1.4185E+01  -1.1714E+01  -1.1715E+01  -1.9907E+00
  -1.9888E+00  -4.7255E+00  -2.3562E+00  -2.3576E+00  -2.3111E+00  -2.3111E+00
  -2.3112E+00  -2.3112E+00   5.0993E-03   1.1580E+01  -9.9784E+00  -3.9904E-01
  -3.4173E-01   1.1957E+02  -9.5964E+01   7.1636E+01  -5.7725E+01   2.3897E+01
  -1.9334E+01   2.3874E+01  -1.9347E+01   5.9775E+01  -4.7960E+01   7.1789E+01
  -5.7591E+01   5.9727E+01  -4.7999E+01   1.1790E+01  -9.7858E+00   2.3992E+01
  -1.9270E+01   1.1995E+01  -9.6340E+00   1.1957E+01  -9.6492E+00   1.1957E+01
  -9.6493E+00  -3.7935E-03   1.8511E-03  -7.4300E-02  -1.1417E-01   5.5879E-02
  -2.9635E-03   2.4940E-02   1.7283E+00   2.4714E+00   1.8277E+00  -3.9009E-01
  -5.4027E-01  -6.3317E-01  -4.5022E-01   1.4922E-02   2.1166E-02   8.2865E-02
   2.6778E-02   5.7558E-02   4.3971E-02   1.1881E-01  -1.4438E-02  -3.9604E-03
  -4.4708E-03   1.6700E-02   3.8037E-01  -1.2068E-01  -2.1119E-01  -2.9576E-01
  -1.9977E-01   3.4269E-02   1.0080E-01   1.1052E-01  -2.6396E-02   2.4553E-02
   6.8967E-02   7.8400E-02  -3.0901E-02   5.6878E-03   5.5838E-03   1.9917E-02
   3.3459E-01  -1.2831E-01  -1.9211E-01  -2.0058E-01  -1.6129E-01  -1.7222E-02
   2.1535E-02   3.0236E-02   2.9197E-02   6.8489E-03  -2.8488E-02   3.2811E-02
   1.7323E-02   6.9092E-03   7.1359E-03  -8.9413E-03   1.0958E-01  -9.5211E-02
  -1.2050E-01  -7.4302E-02  -6.9973E-02  -8.7037E-03   6.1430E-02   3.1142E-02
  -8.7285E-04  -5.6862E-03  -1.3787E-02   1.5429E-02   9.6152E-03   1.4973E-02
   1.4716E-02  -9.2221E-03   9.4485E-02
  > E    =  -3.833499206581E+02 +/-   1.962807066738E-05
  > varE =   1.926675641331E-04
* Computing derivatives.
    [walltime: 1m2s elapsed, 1h43m remaining]
    [walltime: 1h elapsed, 44m27s remaining]
  Done. [total walltime: 1h44m]
* Optimizing manipulation constant:
  #igrid a___________ E____________________________________ varE____________
     1     Infinity    -3.83349921E+02 +/-   1.96280707E-05   1.92667564E-04
     2     1.0000E+06  -3.83349921E+02 +/-   1.96280704E-05   1.92667559E-04
     3     2.1544E+05  -3.83349921E+02 +/-   1.96280695E-05   1.92667541E-04
     4     4.6416E+04  -3.83349921E+02 +/-   1.96280652E-05   1.92667457E-04
     5     1.0000E+04  -3.83349921E+02 +/-   1.96280452E-05   1.92667065E-04
     6     2.1544E+03  -3.83349921E+02 +/-   1.96279527E-05   1.92665249E-04
     7     4.6416E+02  -3.83349921E+02 +/-   1.96275246E-05   1.92656843E-04
     8     1.0000E+02  -3.83349921E+02 +/-   1.96255638E-05   1.92618354E-04
     9     2.1544E+01  -3.83349921E+02 +/-   1.96170013E-05   1.92450314E-04
    10     4.6416E+00  -3.83349921E+02 +/-   1.95861685E-05   1.91845825E-04
    11     1.0000E+00  -3.83349922E+02 +/-   1.95240337E-05   1.90630540E-04
    12     2.1544E-01  -3.83349922E+02 +/-   1.94792464E-05   1.89756947E-04
    13     4.6416E-02  -3.83349905E+02 +/-   2.03768088E-05   2.07647028E-04
    14     1.0000E-02  -3.83315895E+02 +/-   2.35331228E-04   2.76957100E-02
    15     2.1544E-03  -3.82143376E+02 +/-   1.07926661E-03   5.82520029E-01
    16     4.6416E-04  -3.80856393E+02 +/-   1.10603055E-03   6.11769226E-01
    17     1.0000E-04  -3.80858852E+02 +/-   1.10473133E-03   6.10332813E-01
    18     2.1544E-05  -3.80859149E+02 +/-   1.10453313E-03   6.10113837E-01
    19     4.6416E-06  -3.80859207E+02 +/-   1.10449315E-03   6.10069666E-01
    20     1.0000E-06  -3.80859219E+02 +/-   1.10448465E-03   6.10060280E-01
    21     0.0000E+00  -3.80859223E+02 +/-   1.10448232E-03   6.10057711E-01
  ParMin   4.4884E-01  -3.83349922E+02 +/-   1.94951976E-05   1.90067850E-04
  # Using grid point #12
* Iteration # 1: E =  -3.833499223279E+02 +/-   1.947924644798E-05
* Convergence: exiting.
* After optimization:
   2.8971E+01   2.8376E+01   2.8904E+01  -1.6615E+00  -1.6920E+00   6.9861E-01
  -2.3622E+01  -1.3933E+01  -1.3929E+01  -4.5598E+00  -4.5493E+00  -1.1826E+01
  -1.1824E+01  -1.4191E+01  -1.4190E+01  -1.1719E+01  -1.1721E+01  -2.0003E+00
  -1.9988E+00  -4.7295E+00  -2.3592E+00  -2.3605E+00  -2.3127E+00  -2.3131E+00
  -2.3133E+00  -2.3128E+00   5.3627E-03   1.1582E+01  -9.9747E+00  -3.8958E-01
  -3.3641E-01   1.1957E+02  -9.5956E+01   7.1634E+01  -5.7715E+01   2.3893E+01
  -1.9327E+01   2.3875E+01  -1.9340E+01   5.9775E+01  -4.7955E+01   7.1786E+01
  -5.7583E+01   5.9726E+01  -4.7993E+01   1.1794E+01  -9.7803E+00   2.3989E+01
  -1.9263E+01   1.1994E+01  -9.6298E+00   1.1955E+01  -9.6463E+00   1.1955E+01
  -9.6461E+00  -4.4768E-03   2.8226E-03  -7.8111E-02  -1.1295E-01   5.7716E-02
  -3.5781E-03   2.7019E-02   1.7311E+00   2.4705E+00   1.8257E+00  -3.8834E-01
  -5.3224E-01  -6.3380E-01  -4.5298E-01   7.5779E-03   2.4386E-02   7.5207E-02
   2.3989E-02   5.9566E-02   3.8351E-02   1.3073E-01  -1.1078E-02   1.0039E-03
  -1.9163E-04   2.7969E-02   3.8090E-01  -1.2679E-01  -2.1480E-01  -2.9601E-01
  -1.9888E-01   2.1688E-02   1.0324E-01   1.0864E-01  -3.1325E-02   2.0906E-02
   6.5741E-02   7.9596E-02  -3.6168E-02   3.7848E-03   2.8951E-03   3.9141E-02
   3.2888E-01  -1.2699E-01  -1.8384E-01  -1.9527E-01  -1.5995E-01  -1.5387E-02
   2.9362E-02   2.9708E-02   3.2014E-02   1.0757E-02  -2.4896E-02   3.7240E-02
   1.9740E-02   5.3033E-03   5.1281E-03  -8.2355E-03   1.0980E-01  -9.6664E-02
  -1.1520E-01  -6.9299E-02  -6.6411E-02  -9.7096E-03   6.9427E-02   3.3048E-02
   4.8428E-04  -5.2709E-03  -9.1603E-03   1.5691E-02   7.5986E-03   8.8965E-03
   9.0668E-03  -5.9777E-03   9.1886E-02
  > Energy =  -3.833499223279E+02 +/-   1.947924644798E-05
  > varE =   1.897569474305E-04

VMC #8:
* Size of Hilbert space =   6.3504E+04
* Deterministic energy evaluation:
  > Deterministic Etot/t = -383.3499462202566
    - Ttot/t = -23.36451401847352
    - Utot/t = 9.528913475387082
* Number of equil. steps   = 1000
* Running VMC equilibration.
  Done. [total walltime: 0.14s]
* Equil. acc.ratio (%)     =  11.1305
* Sample config after equilibration:
  +---------+
  |  d   2  |
  |u   0   0|
  |2   2   2|
  |  0   0  |
  +---------+
* Number of accum. steps   = 1000192 x 10
* Running VMC accumulation.
    [walltime: 1m elapsed, 48.1s remaining]
  Done. [total walltime: 1m47s]
* Acceptance ratio (%)     =  11.1453
* Etot/t                   =  -3.833499417941E+02 +/-   1.402303059613E-05
  > Ttot/t                 =  -2.336376025531E+01 +/-   5.267844277168E-04
  > Utot/t                 =   9.528164138472E+00 +/-   5.269316853637E-04
* var[Eloc/t]              =   1.988875589358E-04 +/-   4.278507864714E-06
* Correlation length       =   9.889162704134E-01
* log10 Psi^2 range: -15.62487641053330 -- -6.997035262299415
* log10 Pgen range : -15.62487641053330 -- -6.997035262299415
* Site occupation (ave. no. electrons per config.):
  > Site_  ___eu____  ___ed____
      1        0.497      0.499
      2        0.502      0.501
      3        0.500      0.499
      4        0.498      0.497
      5        0.499      0.501
      6        0.500      0.498
      7        0.501      0.502
      8        0.500      0.499
      9        0.501      0.503
     10        0.501      0.501
* Pair-correlation analysis (ave. no. pairs per config.):
  > Shell  nsite  ___dh____  __eueu___  __eued___
      0      1        0          0          1.734
      1      1        0.829      0.718      2.488
      2      1        0.286      0.645      1.115
      3      1        0.160      0.298      0.557
      4      1        0.556      1.338      2.176
      5      1        0.118      1.026      0.963
      6      1        0.145      0.843      1.104
      7      1        0.296      1.802      2.127
      8      1        0.246      2.104      1.899
      9      1        0.246      2.127      1.901
     10      1        0.225      2.163      1.872
     11      1        0.114      0.977      1.019
     12      1        0.231      2.057      1.952
     13      1        0.061      0.478      0.519
     14      1        0.183      1.434      1.554
     15      1        0.117      1.033      0.978
     16      1        0.124      0.957      1.042

Optimization #8:
* Method          : lls
* Target function : energy
* No. of configs. : 500096
* No. of params.  : 129
* Before optimization:
   2.8971E+01   2.8376E+01   2.8904E+01  -1.6615E+00  -1.6920E+00   6.9861E-01
  -2.3622E+01  -1.3933E+01  -1.3929E+01  -4.5598E+00  -4.5493E+00  -1.1826E+01
  -1.1824E+01  -1.4191E+01  -1.4190E+01  -1.1719E+01  -1.1721E+01  -2.0003E+00
  -1.9988E+00  -4.7295E+00  -2.3592E+00  -2.3605E+00  -2.3127E+00  -2.3131E+00
  -2.3133E+00  -2.3128E+00   5.3627E-03   1.1582E+01  -9.9747E+00  -3.8958E-01
  -3.3641E-01   1.1957E+02  -9.5956E+01   7.1634E+01  -5.7715E+01   2.3893E+01
  -1.9327E+01   2.3875E+01  -1.9340E+01   5.9775E+01  -4.7955E+01   7.1786E+01
  -5.7583E+01   5.9726E+01  -4.7993E+01   1.1794E+01  -9.7803E+00   2.3989E+01
  -1.9263E+01   1.1994E+01  -9.6298E+00   1.1955E+01  -9.6463E+00   1.1955E+01
  -9.6461E+00  -4.4768E-03   2.8226E-03  -7.8111E-02  -1.1295E-01   5.7716E-02
  -3.5781E-03   2.7019E-02   1.7311E+00   2.4705E+00   1.8257E+00  -3.8834E-01
  -5.3224E-01  -6.3380E-01  -4.5298E-01   7.5779E-03   2.4386E-02   7.5207E-02
   2.3989E-02   5.9566E-02   3.8351E-02   1.3073E-01  -1.1078E-02   1.0039E-03
  -1.9163E-04   2.7969E-02   3.8090E-01  -1.2679E-01  -2.1480E-01  -2.9601E-01
  -1.9888E-01   2.1688E-02   1.0324E-01   1.0864E-01  -3.1325E-02   2.0906E-02
   6.5741E-02   7.9596E-02  -3.6168E-02   3.7848E-03   2.8951E-03   3.9141E-02
   3.2888E-01  -1.2699E-01  -1.8384E-01  -1.9527E-01  -1.5995E-01  -1.5387E-02
   2.9362E-02   2.9708E-02   3.2014E-02   1.0757E-02  -2.4896E-02   3.7240E-02
   1.9740E-02   5.3033E-03   5.1281E-03  -8.2355E-03   1.0980E-01  -9.6664E-02
  -1.1520E-01  -6.9299E-02  -6.6411E-02  -9.7096E-03   6.9427E-02   3.3048E-02
   4.8428E-04  -5.2709E-03  -9.1603E-03   1.5691E-02   7.5986E-03   8.8965E-03
   9.0668E-03  -5.9777E-03   9.1886E-02
  > E    =  -3.833499410116E+02 +/-   2.006301790750E-05
  > varE =   2.013009861483E-04
* Computing derivatives.
    [walltime: 1m2s elapsed, 1h43m remaining]
    [walltime: 1h elapsed, 44m29s remaining]
  Done. [total walltime: 1h44m]
* Optimizing manipulation constant:
  #igrid a___________ E____________________________________ varE____________
     1     Infinity    -3.83349941E+02 +/-   2.00630179E-05   2.01300986E-04
     2     1.0000E+06  -3.83349941E+02 +/-   2.00630177E-05   2.01300981E-04
     3     2.1544E+05  -3.83349941E+02 +/-   2.00630168E-05   2.01300963E-04
     4     4.6416E+04  -3.83349941E+02 +/-   2.00630126E-05   2.01300880E-04
     5     1.0000E+04  -3.83349941E+02 +/-   2.00629933E-05   2.01300493E-04
     6     2.1544E+03  -3.83349941E+02 +/-   2.00629040E-05   2.01298700E-04
     7     4.6416E+02  -3.83349941E+02 +/-   2.00624911E-05   2.01290414E-04
     8     1.0000E+02  -3.83349941E+02 +/-   2.00606157E-05   2.01252784E-04
     9     2.1544E+01  -3.83349941E+02 +/-   2.00528908E-05   2.01097818E-04
    10     4.6416E+00  -3.83349939E+02 +/-   2.00741467E-05   2.01524368E-04
    11     1.0000E+00  -3.83349836E+02 +/-   2.34899708E-05   2.75942335E-04
    12     2.1544E-01  -3.83346461E+02 +/-   7.71673011E-05   2.97796784E-03
    13     4.6416E-02  -3.83337196E+02 +/-   1.44765548E-04   1.04805438E-02
    14     1.0000E-02  -3.83327430E+02 +/-   1.91591352E-04   1.83571470E-02
    15     2.1544E-03  -3.83207152E+02 +/-   4.71230284E-04   1.11050308E-01
    16     4.6416E-04  -3.83146984E+02 +/-   5.55453830E-04   1.54294098E-01
    17     1.0000E-04  -3.83106990E+02 +/-   6.03079659E-04   1.81887453E-01
    18     2.1544E-05  -3.83094331E+02 +/-   6.17080363E-04   1.90430643E-01
    19     4.6416E-06  -3.83091328E+02 +/-   6.20333831E-04   1.92443973E-01
    20     1.0000E-06  -3.83090667E+02 +/-   6.21046631E-04   1.92886486E-01
    21     0.0000E+00  -3.83090485E+02 +/-   6.21243117E-04   1.93008556E-01
* Iteration # 1: E =  -3.833499411826E+02 +/-   2.005289079485E-05
* Convergence: exiting.
* After optimization:
   2.8964E+01   2.8367E+01   2.8898E+01  -1.6585E+00  -1.6892E+00   6.9912E-01
  -2.3646E+01  -1.3942E+01  -1.3938E+01  -4.5546E+00  -4.5440E+00  -1.1839E+01
  -1.1836E+01  -1.4201E+01  -1.4200E+01  -1.1731E+01  -1.1733E+01  -1.9974E+00
  -1.9960E+00  -4.7244E+00  -2.3567E+00  -2.3579E+00  -2.3102E+00  -2.3105E+00
  -2.3108E+00  -2.3103E+00   5.3763E-03   1.1569E+01  -9.9647E+00  -3.8985E-01
  -3.3653E-01   1.1969E+02  -9.6054E+01   7.1683E+01  -5.7755E+01   2.3868E+01
  -1.9307E+01   2.3850E+01  -1.9320E+01   5.9836E+01  -4.8004E+01   7.1836E+01
  -5.7622E+01   5.9788E+01  -4.8043E+01   1.1781E+01  -9.7705E+00   2.3964E+01
  -1.9243E+01   1.1981E+01  -9.6198E+00   1.1943E+01  -9.6363E+00   1.1943E+01
  -9.6361E+00  -4.5133E-03   2.8276E-03  -7.7682E-02  -1.1266E-01   5.7520E-02
  -3.5928E-03   2.6836E-02   1.7474E+00   2.4981E+00   1.8428E+00  -3.9074E-01
  -5.3710E-01  -6.4100E-01  -4.5710E-01   7.7758E-03   2.3679E-02   7.6115E-02
   2.3669E-02   6.0124E-02   3.8584E-02   1.3140E-01  -1.1726E-02   7.9967E-04
  -3.6432E-04   2.8462E-02   3.8359E-01  -1.2680E-01  -2.1653E-01  -2.9962E-01
  -2.0064E-01   2.2215E-02   1.0316E-01   1.0946E-01  -3.2023E-02   2.1641E-02
   6.6313E-02   7.9871E-02  -3.6746E-02   3.8063E-03   2.9270E-03   3.9819E-02
   3.3094E-01  -1.2639E-01  -1.8351E-01  -1.9553E-01  -1.6002E-01  -1.5766E-02
   2.9055E-02   2.9750E-02   3.1986E-02   1.0431E-02  -2.4831E-02   3.6699E-02
   1.9509E-02   5.5028E-03   5.3606E-03  -7.9400E-03   1.0931E-01  -9.6104E-02
  -1.1489E-01  -6.9241E-02  -6.6586E-02  -9.9696E-03   6.9031E-02   3.2871E-02
   5.1122E-04  -5.3202E-03  -9.0667E-03   1.5211E-02   7.4711E-03   9.2475E-03
   9.4019E-03  -5.5967E-03   9.1349E-02
  > Energy =  -3.833499411826E+02 +/-   2.005289079485E-05
  > varE =   2.010978179842E-04

VMC #9:
* Size of Hilbert space =   6.3504E+04
* Deterministic energy evaluation:
  > Deterministic Etot/t = -383.3499462453715
    - Ttot/t = -23.36447917271719
    - Utot/t = 9.528878604515779
* Number of equil. steps   = 1000
* Running VMC equilibration.
  Done. [total walltime: 0.14s]
* Equil. acc.ratio (%)     =  11.0335
* Sample config after equilibration:
  +---------+
  |  d   u  |
  |u   0   d|
  |2   d   u|
  |  u   d  |
  +---------+
* Number of accum. steps   = 1000192 x 10
* Running VMC accumulation.
    [walltime: 1m elapsed, 48.1s remaining]
  Done. [total walltime: 1m47s]
* Acceptance ratio (%)     =  11.0950
* Etot/t                   =  -3.833499542657E+02 +/-   1.404267744556E-05
  > Ttot/t                 =  -2.336427916522E+01 +/-   5.296110408522E-04
  > Utot/t                 =   9.528670576707E+00 +/-   5.289485855413E-04
* var[Eloc/t]              =   1.992641874129E-04 +/-   2.176124779747E-06
* Correlation length       =   9.898148492425E-01
* log10 Psi^2 range: -13.45949800061813 -- -7.004216202885083
* log10 Pgen range : -13.45949800061813 -- -7.004216202885083
* Site occupation (ave. no. electrons per config.):
  > Site_  ___eu____  ___ed____
      1        0.498      0.497
      2        0.501      0.502
      3        0.499      0.501
      4        0.498      0.498
      5        0.501      0.500
      6        0.501      0.499
      7        0.499      0.501
      8        0.500      0.500
      9        0.502      0.500
     10        0.501      0.502
* Pair-correlation analysis (ave. no. pairs per config.):
  > Shell  nsite  ___dh____  __eueu___  __eued___
      0      1        0          0          1.736
      1      1        0.829      0.717      2.489
      2      1        0.287      0.644      1.112
      3      1        0.161      0.297      0.556
      4      1        0.557      1.337      2.179
      5      1        0.118      1.028      0.966
      6      1        0.146      0.846      1.105
      7      1        0.297      1.796      2.128
      8      1        0.247      2.107      1.898
      9      1        0.247      2.128      1.895
     10      1        0.226      2.164      1.873
     11      1        0.114      0.979      1.023
     12      1        0.232      2.059      1.950
     13      1        0.061      0.477      0.517
     14      1        0.183      1.436      1.557
     15      1        0.118      1.031      0.976
     16      1        0.124      0.954      1.041

Optimization #9:
* Method          : lls
* Target function : energy
* No. of configs. : 500096
* No. of params.  : 129
* Before optimization:
   2.8964E+01   2.8367E+01   2.8898E+01  -1.6585E+00  -1.6892E+00   6.9912E-01
  -2.3646E+01  -1.3942E+01  -1.3938E+01  -4.5546E+00  -4.5440E+00  -1.1839E+01
  -1.1836E+01  -1.4201E+01  -1.4200E+01  -1.1731E+01  -1.1733E+01  -1.9974E+00
  -1.9960E+00  -4.7244E+00  -2.3567E+00  -2.3579E+00  -2.3102E+00  -2.3105E+00
  -2.3108E+00  -2.3103E+00   5.3763E-03   1.1569E+01  -9.9647E+00  -3.8985E-01
  -3.3653E-01   1.1969E+02  -9.6054E+01   7.1683E+01  -5.7755E+01   2.3868E+01
  -1.9307E+01   2.3850E+01  -1.9320E+01   5.9836E+01  -4.8004E+01   7.1836E+01
  -5.7622E+01   5.9788E+01  -4.8043E+01   1.1781E+01  -9.7705E+00   2.3964E+01
  -1.9243E+01   1.1981E+01  -9.6198E+00   1.1943E+01  -9.6363E+00   1.1943E+01
  -9.6361E+00  -4.5133E-03   2.8276E-03  -7.7682E-02  -1.1266E-01   5.7520E-02
  -3.5928E-03   2.6836E-02   1.7474E+00   2.4981E+00   1.8428E+00  -3.9074E-01
  -5.3710E-01  -6.4100E-01  -4.5710E-01   7.7758E-03   2.3679E-02   7.6115E-02
   2.3669E-02   6.0124E-02   3.8584E-02   1.3140E-01  -1.1726E-02   7.9967E-04
  -3.6432E-04   2.8462E-02   3.8359E-01  -1.2680E-01  -2.1653E-01  -2.9962E-01
  -2.0064E-01   2.2215E-02   1.0316E-01   1.0946E-01  -3.2023E-02   2.1641E-02
   6.6313E-02   7.9871E-02  -3.6746E-02   3.8063E-03   2.9270E-03   3.9819E-02
   3.3094E-01  -1.2639E-01  -1.8351E-01  -1.9553E-01  -1.6002E-01  -1.5766E-02
   2.9055E-02   2.9750E-02   3.1986E-02   1.0431E-02  -2.4831E-02   3.6699E-02
   1.9509E-02   5.5028E-03   5.3606E-03  -7.9400E-03   1.0931E-01  -9.6104E-02
  -1.1489E-01  -6.9241E-02  -6.6586E-02  -9.9696E-03   6.9031E-02   3.2871E-02
   5.1122E-04  -5.3202E-03  -9.0667E-03   1.5211E-02   7.4711E-03   9.2475E-03
   9.4019E-03  -5.5967E-03   9.1349E-02
  > E    =  -3.833499421949E+02 +/-   1.963668878715E-05
  > varE =   1.928367908181E-04
* Computing derivatives.
    [walltime: 1m2s elapsed, 1h43m remaining]
    [walltime: 1h elapsed, 44m29s remaining]
  Done. [total walltime: 1h44m]
* Optimizing manipulation constant:
  #igrid a___________ E____________________________________ varE____________
     1     Infinity    -3.83349942E+02 +/-   1.96366888E-05   1.92836791E-04
     2     1.0000E+06  -3.83349942E+02 +/-   1.96366886E-05   1.92836787E-04
     3     2.1544E+05  -3.83349942E+02 +/-   1.96366880E-05   1.92836774E-04
     4     4.6416E+04  -3.83349942E+02 +/-   1.96366849E-05   1.92836715E-04
     5     1.0000E+04  -3.83349942E+02 +/-   1.96366708E-05   1.92836438E-04
     6     2.1544E+03  -3.83349942E+02 +/-   1.96366056E-05   1.92835157E-04
     7     4.6416E+02  -3.83349942E+02 +/-   1.96363047E-05   1.92829247E-04
     8     1.0000E+02  -3.83349942E+02 +/-   1.96349507E-05   1.92802656E-04
     9     2.1544E+01  -3.83349942E+02 +/-   1.96295917E-05   1.92697425E-04
    10     4.6416E+00  -3.83349942E+02 +/-   1.96387008E-05   1.92876309E-04
    11     1.0000E+00  -3.83349851E+02 +/-   2.28496848E-05   2.61104170E-04
    12     2.1544E-01  -3.82590978E+02 +/-   9.36017568E-04   4.38148552E-01
    13     4.6416E-02  -3.80547638E+02 +/-   1.01707046E-03   5.17315466E-01
    14     1.0000E-02  -3.80533362E+02 +/-   1.02400036E-03   5.24389034E-01
    15     2.1544E-03  -3.80533066E+02 +/-   1.02621362E-03   5.26658296E-01
    16     4.6416E-04  -3.80533020E+02 +/-   1.02690088E-03   5.27363941E-01
    17     1.0000E-04  -3.80533009E+02 +/-   1.02706550E-03   5.27533042E-01
    18     2.1544E-05  -3.80533006E+02 +/-   1.02710185E-03   5.27570375E-01
    19     4.6416E-06  -3.80533006E+02 +/-   1.02710972E-03   5.27578461E-01
    20     1.0000E-06  -3.80533005E+02 +/-   1.02711141E-03   5.27580205E-01
    21     0.0000E+00  -3.80533005E+02 +/-   1.02711188E-03   5.27580684E-01
* Iteration # 1: E =  -3.833499423451E+02 +/-   1.962959167315E-05
* Convergence: exiting.
* After optimization:
   2.8993E+01   2.8392E+01   2.8926E+01  -1.6851E+00  -1.7157E+00   6.9874E-01
  -2.3573E+01  -1.3932E+01  -1.3928E+01  -4.6072E+00  -4.5967E+00  -1.1802E+01
  -1.1799E+01  -1.4190E+01  -1.4189E+01  -1.1695E+01  -1.1696E+01  -2.0240E+00
  -2.0226E+00  -4.7769E+00  -2.3830E+00  -2.3842E+00  -2.3365E+00  -2.3368E+00
  -2.3371E+00  -2.3366E+00   5.3125E-03   1.1700E+01  -1.0069E+01  -3.8951E-01
  -3.3656E-01   1.1932E+02  -9.5758E+01   7.1628E+01  -5.7711E+01   2.4129E+01
  -1.9516E+01   2.4111E+01  -1.9529E+01   5.9651E+01  -4.7856E+01   7.1781E+01
  -5.7578E+01   5.9603E+01  -4.7894E+01   1.1912E+01  -9.8750E+00   2.4226E+01
  -1.9452E+01   1.2112E+01  -9.7243E+00   1.2073E+01  -9.7407E+00   1.2073E+01
  -9.7405E+00  -4.4455E-03   2.8100E-03  -7.7585E-02  -1.1264E-01   5.7492E-02
  -3.5190E-03   2.6874E-02   1.7525E+00   2.5087E+00   1.8482E+00  -3.9075E-01
  -5.3802E-01  -6.4209E-01  -4.5756E-01   7.7953E-03   2.3867E-02   7.6781E-02
   2.3662E-02   5.9573E-02   3.8189E-02   1.3154E-01  -1.2039E-02   1.0429E-03
  -1.8775E-04   2.8286E-02   3.8491E-01  -1.2661E-01  -2.1734E-01  -2.9972E-01
  -2.0060E-01   2.2158E-02   1.0323E-01   1.0989E-01  -3.2109E-02   2.1399E-02
   6.6645E-02   7.9625E-02  -3.7246E-02   4.1034E-03   3.1041E-03   3.9874E-02
   3.3190E-01  -1.2605E-01  -1.8318E-01  -1.9553E-01  -1.5985E-01  -1.5942E-02
   2.8985E-02   2.9787E-02   3.1720E-02   9.8861E-03  -2.5080E-02   3.6780E-02
   1.9165E-02   5.8542E-03   5.6879E-03  -7.7044E-03   1.0952E-01  -9.6099E-02
  -1.1504E-01  -6.9169E-02  -6.6475E-02  -1.0219E-02   6.8819E-02   3.2762E-02
   2.4904E-04  -5.6748E-03  -9.0646E-03   1.5150E-02   7.0891E-03   9.5467E-03
   9.6904E-03  -5.3201E-03   9.1512E-02
  > Energy =  -3.833499423451E+02 +/-   1.962959167315E-05
  > varE =   1.926974254308E-04

VMC #10:
* Size of Hilbert space =   6.3504E+04
* Deterministic energy evaluation:
  > Deterministic Etot/t = -383.3499462957358
    - Ttot/t = -23.36446808310467
    - Utot/t = 9.528867464539184
* Number of equil. steps   = 1000
* Running VMC equilibration.
  Done. [total walltime: 0.14s]
* Equil. acc.ratio (%)     =  11.0966
* Sample config after equilibration:
  +---------+
  |  2   u  |
  |0   0   d|
  |2   2   d|
  |  0   u  |
  +---------+
* Number of accum. steps   = 1000192 x 10
* Running VMC accumulation.
    [walltime: 1m elapsed, 47.5s remaining]
  Done. [total walltime: 1m47s]
* Acceptance ratio (%)     =  11.0697
* Etot/t                   =  -3.833499474370E+02 +/-   1.415962095622E-05
  > Ttot/t                 =  -2.336365289301E+01 +/-   5.260283955812E-04
  > Utot/t                 =   9.528051133214E+00 +/-   5.258098532252E-04
* var[Eloc/t]              =   1.985511681736E-04 +/-   3.187256348772E-06
* Correlation length       =   1.009983282812E+00
* log10 Psi^2 range: -13.89730321435456 -- -7.000216051488814
* log10 Pgen range : -13.89730321435456 -- -7.000216051488814
* Site occupation (ave. no. electrons per config.):
  > Site_  ___eu____  ___ed____
      1        0.498      0.497
      2        0.500      0.502
      3        0.501      0.500
      4        0.497      0.497
      5        0.500      0.499
      6        0.500      0.500
      7        0.502      0.501
      8        0.499      0.502
      9        0.501      0.501
     10        0.502      0.500
* Pair-correlation analysis (ave. no. pairs per config.):
  > Shell  nsite  ___dh____  __eueu___  __eued___
      0      1        0          0          1.733
      1      1        0.827      0.719      2.491
      2      1        0.286      0.643      1.115
      3      1        0.161      0.297      0.555
      4      1        0.554      1.336      2.182
      5      1        0.118      1.029      0.964
      6      1        0.144      0.844      1.107
      7      1        0.296      1.795      2.128
      8      1        0.246      2.106      1.897
      9      1        0.247      2.127      1.893
     10      1        0.225      2.167      1.868
     11      1        0.114      0.977      1.024
     12      1        0.230      2.064      1.948
     13      1        0.061      0.479      0.519
     14      1        0.182      1.432      1.557
     15      1        0.117      1.033      0.975
     16      1        0.125      0.952      1.043

VDAGGER finished.
Total VDAGGER walltime: 1d6h

Run ended: Sat Oct 18 15:46:12 CEST 2025
