Run started: Mon Oct 20 18:11:37 CEST 2025
Using VDAGGER_ARCH = intel23_fkfamd23_cluster
Running 1x128 MPI processes.

                               xx
                              +##
                               #X
                               Xx
                          X##XxXxxX##x
                           +   Xx  ++
                               ##
                              +##
                              +##
     ++++         ++          +##
   xX+++##+      ####         +##
  Xx    ###      +X##          ##
 xX    X##+        ##          #X
 +    x##X         #x          #X
      ###         +#           x+
     X##+         #+
     ###         Xx                    _______
     ##X       +X+   __________________VDAGGER
     +##x    +xX     2nd quantized variational
       +xxxxx+       ______quantum Monte Carlo

* Running 128 MPI processes.
* Input file: "input.casl"

############# Start of input file dump #############
General:
  Random seed: timer

Plan:
  VMC-optimization:
    Minimum cycles: 10
    Convergence cycles: 5

System:
  Read Hamiltonian: FCIDUMP_loc_benzene
  Read orbitals: LTSC_benzene
  Complex orbitals: F
  Geometry:
    r_5: [ 0.00000000000000, 2.63994739601739 ]
    r_4: [ 2.28626150960564, 1.31997369800870 ]
    r_6: [ 2.28626150960564, -1.31997369800870 ]
    r_2: [ 0.00000000000000, -2.63994739601739 ]
    r_3: [ -2.28626150960564, -1.31997369800870 ]
    r_1: [ -2.28626150960564, 1.31997369800870 ]

VMC:
  nstep: 500000
  nconfig: 50000

Jastrow: wfn.casl

Multideterminants: wfn.casl
############## End of input file dump ##############

General setup:
* Random seed: 430993860 (from timer)

* Loaded integrals for system with nelec=6, ms2=0, norb=6
* INFO: setting number of electrons from integrals file.
* Analysis of Hamiltonian connecitivity performed:
  - T_ii (local, 1-site): 6 (i) values
  - U_iiii [opp] (local, 1-site): 6 (i) values
  - U_kkii [opp] (local, 2-site): 30 contribs. from 6 (i) values
  - U_kkii [par] (local, 2-site): 15 contribs. from 5 (i) values
  - T_ji (single, 2-site): 30 contribs. from 6 (i) values
  - U_kkji [opp] (single, 2/3-site): 180 contribs. from 30 (i,j) pairs
  - U_kkji [par] (single, 3-site): 150 contribs. from 30 (i,j) pairs
  - U_lkji [opp] (double, 2/3/4-site): 900 contribs. from 30 (i,j) pairs
  - U_lkji [par] (double, 4-site): 170 contribs. from 20 (i,j) pairs
  - Max. no. wfn. ratios in Eloc: 255
* Reading override orbitals from file "LTSC_benzene".
* Site labels:
  +-----+
  |  5  |
  |1   4|
  |3   6|
  |  2  |
  +-----+
* Automatically set Site kinds:
  [ 1, 1, 1, 1, 1, 1 ]
  +-----+
  |  1  |
  |1   1|
  |1   1|
  |  1  |
  +-----+
* Maximum Site kind: 1
* Number of site-pair kinds with Tij=0: 0
* Automatically set Site pair kinds:
  Site 1: [ 0, 4, 1, -5, -1, -2 ]
  Site 2: [ 4, 0, 1, -4, -3, -1 ]
  Site 3: [ 1, 1, 0, -2, -4, -5 ]
  Site 4: [ -5, -4, -2, 0, 1, 1 ]
  Site 5: [ -1, -3, -4, 1, 0, 4 ]
  Site 6: [ -2, -1, -5, 1, 4, 0 ]
  For site 1 of kind 1:
  +--------+
  |   -1   |
  | 0    -5|
  | 1    -2|
  |    4   |
  +--------+
* Maximum (unsigned) Site pair kind: 5
General system setup:
* Number of sites       : 6
* Number of electrons   : 6
* Spin imbalance MS2    : 0
* Filling               : 0.500000
* Number of orbitals in pool: 6
* Using real-valued orbitals
* Using double-precision arithmetic for orbitals

Trial wave function setup:
* Jastrow parameter file: "wfn.casl"
* Multideterminant parameter file: "wfn.casl"
* Not using a backflow transformation
* Not using wave function manipulation

VMC #1:
* Size of Hilbert space =   4.0000E+02
* Deterministic energy evaluation:
  > Deterministic Etot/t = -230.7001817329163
    - Ttot/t = -10.36331385154636
    - Utot/t = 3.905623972777946
* Number of equil. steps   = 1000
* Running VMC equilibration.
  Done. [total walltime: 0.02s]
* Equil. acc.ratio (%)     =  40.8773
* Sample config after equilibration:
  +-----+
  |  u  |
  |d   d|
  |0   u|
  |  2  |
  +-----+
* Number of accum. steps   = 500480 x 10
* Running VMC accumulation.
  Done. [total walltime: 5.49s]
* Acceptance ratio (%)     =  40.8613
* Etot/t                   =  -2.307001794681E+02 +/-   1.510372021263E-05
  > Ttot/t                 =  -1.036342643974E+01 +/-   2.908336235278E-04
  > Utot/t                 =   3.905738825787E+00 +/-   2.905114202355E-04
* var[Eloc/t]              =   1.085177061513E-04 +/-   1.399991552763E-06
* Correlation length       =   1.052092648423E+00
* log10 Psi^2 range: -5.964094540083335 -- -2.375520080587531
* log10 Pgen range : -5.964094540083335 -- -2.375520080587531
* Site occupation (ave. no. electrons per config.):
  > Site_  ___eu____  ___ed____
      1        0.493      0.502
      2        0.500      0.502
      3        0.503      0.498
      4        0.497      0.501
      5        0.503      0.500
      6        0.503      0.497
* Pair-correlation analysis (ave. no. pairs per config.):
  > Shell  nsite  ___dh____  __eueu___  __eued___
      0      1        0          0          1.028
      1      4        1.060      1.481      3.526
      2      4        0.151      0.842      1.100
      3      4        0.074      0.425      0.555
      4      4        0.229      2.171      1.865
      5      4        0.116      1.081      0.927

Optimization #1:
* Method          : lls
* Target function : energy
* No. of configs. : 50048
* No. of params.  : 23
* Before optimization:
  -1.1557E+00   3.6274E-01  -1.2513E-01   8.2739E-02   4.2417E-02   6.1936E-03
  -2.0865E-01  -1.2388E-01   5.6683E-02   5.6575E-02   4.4218E-02  -7.9407E-02
  -2.7957E-02  -3.0032E-02  -4.9780E-02  -1.2959E-01   4.0246E-02  -9.5227E-03
   1.6639E-02  -3.6692E-03   2.5854E-02   1.5834E-02  -1.1605E-02
  > E    =  -2.307001449781E+02 +/-   4.458877355474E-05
  > varE =   9.950336797472E-05
* Computing derivatives.
  Done. [total walltime: 3.36s]
* Optimizing manipulation constant:
  #igrid a___________ E____________________________________ varE____________
     1     Infinity    -2.30700145E+02 +/-   4.45887736E-05   9.95033680E-05
     2     1.0000E+06  -2.30700145E+02 +/-   4.45887731E-05   9.95033660E-05
     3     2.1544E+05  -2.30700145E+02 +/-   4.45887715E-05   9.95033587E-05
     4     4.6416E+04  -2.30700145E+02 +/-   4.45887639E-05   9.95033247E-05
     5     1.0000E+04  -2.30700145E+02 +/-   4.45887286E-05   9.95031672E-05
     6     2.1544E+03  -2.30700145E+02 +/-   4.45885649E-05   9.95024365E-05
     7     4.6416E+02  -2.30700145E+02 +/-   4.45878077E-05   9.94990572E-05
     8     1.0000E+02  -2.30700145E+02 +/-   4.45843505E-05   9.94836282E-05
     9     2.1544E+01  -2.30700145E+02 +/-   4.45694468E-05   9.94171281E-05
    10     4.6416E+00  -2.30700145E+02 +/-   4.45182496E-05   9.91888574E-05
    11     1.0000E+00  -2.30700145E+02 +/-   4.44259448E-05   9.87779647E-05
    12     2.1544E-01  -2.30700145E+02 +/-   4.43704837E-05   9.85314907E-05
    13     4.6416E-02  -2.30700146E+02 +/-   4.43591371E-05   9.84811033E-05
    14     1.0000E-02  -2.30700146E+02 +/-   4.43575944E-05   9.84742539E-05
    15     2.1544E-03  -2.30700146E+02 +/-   4.43573414E-05   9.84731305E-05
    16     4.6416E-04  -2.30700146E+02 +/-   4.43572912E-05   9.84729076E-05
    17     1.0000E-04  -2.30700146E+02 +/-   4.43572806E-05   9.84728605E-05
    18     2.1544E-05  -2.30700146E+02 +/-   4.43572784E-05   9.84728504E-05
    19     4.6416E-06  -2.30700146E+02 +/-   4.43572779E-05   9.84728482E-05
    20     1.0000E-06  -2.30700146E+02 +/-   4.43572778E-05   9.84728478E-05
    21     0.0000E+00  -2.30700146E+02 +/-   4.43572777E-05   9.84728476E-05
* Iteration # 1: E =  -2.307001456749E+02 +/-   4.435727772971E-05
* Convergence: exiting.
* After optimization:
  -1.1482E+00   3.6195E-01  -1.2777E-01   7.9620E-02   4.0845E-02   5.0598E-03
  -2.0651E-01  -1.2298E-01   5.8532E-02   5.7652E-02   4.7098E-02  -8.0025E-02
  -2.6250E-02  -3.0924E-02  -5.0554E-02  -1.2925E-01   3.9687E-02  -1.1149E-02
   1.6350E-02  -3.2773E-03   2.5497E-02   1.6188E-02  -1.1713E-02
  > Energy =  -2.307001456749E+02 +/-   4.435727772971E-05
  > varE =   9.847284764773E-05

VMC #2:
* Size of Hilbert space =   4.0000E+02
* Deterministic energy evaluation:
  > Deterministic Etot/t = -230.7001831681121
    - Ttot/t = -10.36337227640914
    - Utot/t = 3.905680962444863
* Number of equil. steps   = 1000
* Running VMC equilibration.
  Done. [total walltime: 0.02s]
* Equil. acc.ratio (%)     =  40.9190
* Sample config after equilibration:
  +-----+
  |  d  |
  |2   u|
  |0   d|
  |  u  |
  +-----+
* Number of accum. steps   = 500480 x 10
* Running VMC accumulation.
  Done. [total walltime: 5.54s]
* Acceptance ratio (%)     =  40.9021
* Etot/t                   =  -2.307001906128E+02 +/-   1.463468433683E-05
  > Ttot/t                 =  -1.036369065764E+01 +/-   2.963576372540E-04
  > Utot/t                 =   3.905991899033E+00 +/-   2.962123398688E-04
* var[Eloc/t]              =   1.072078408811E-04 +/-   9.855735741458E-07
* Correlation length       =   9.998316862971E-01
* log10 Psi^2 range: -5.938782714847117 -- -2.366700980804705
* log10 Pgen range : -5.938782714847117 -- -2.366700980804705
* Site occupation (ave. no. electrons per config.):
  > Site_  ___eu____  ___ed____
      1        0.501      0.501
      2        0.502      0.499
      3        0.498      0.500
      4        0.502      0.503
      5        0.496      0.498
      6        0.500      0.500
* Pair-correlation analysis (ave. no. pairs per config.):
  > Shell  nsite  ___dh____  __eueu___  __eued___
      0      1        0          0          1.035
      1      4        1.062      1.483      3.523
      2      4        0.150      0.846      1.108
      3      4        0.074      0.421      0.551
      4      4        0.236      2.164      1.853
      5      4        0.118      1.086      0.930

Optimization #2:
* Method          : lls
* Target function : energy
* No. of configs. : 50048
* No. of params.  : 23
* Before optimization:
  -1.1482E+00   3.6195E-01  -1.2777E-01   7.9620E-02   4.0845E-02   5.0598E-03
  -2.0651E-01  -1.2298E-01   5.8532E-02   5.7652E-02   4.7098E-02  -8.0025E-02
  -2.6250E-02  -3.0924E-02  -5.0554E-02  -1.2925E-01   3.9687E-02  -1.1149E-02
   1.6350E-02  -3.2773E-03   2.5497E-02   1.6188E-02  -1.1713E-02
  > E    =  -2.307001396506E+02 +/-   4.594776423013E-05
  > varE =   1.056611893452E-04
* Computing derivatives.
  Done. [total walltime: 3.36s]
* Optimizing manipulation constant:
  #igrid a___________ E____________________________________ varE____________
     1     Infinity    -2.30700140E+02 +/-   4.59477642E-05   1.05661189E-04
     2     1.0000E+06  -2.30700140E+02 +/-   4.59477637E-05   1.05661187E-04
     3     2.1544E+05  -2.30700140E+02 +/-   4.59477618E-05   1.05661178E-04
     4     4.6416E+04  -2.30700140E+02 +/-   4.59477529E-05   1.05661137E-04
     5     1.0000E+04  -2.30700140E+02 +/-   4.59477115E-05   1.05660947E-04
     6     2.1544E+03  -2.30700140E+02 +/-   4.59475197E-05   1.05660065E-04
     7     4.6416E+02  -2.30700140E+02 +/-   4.59466314E-05   1.05655979E-04
     8     1.0000E+02  -2.30700140E+02 +/-   4.59425562E-05   1.05637238E-04
     9     2.1544E+01  -2.30700140E+02 +/-   4.59246118E-05   1.05554734E-04
    10     4.6416E+00  -2.30700140E+02 +/-   4.58579887E-05   1.05248698E-04
    11     1.0000E+00  -2.30700140E+02 +/-   4.57144334E-05   1.04590782E-04
    12     2.1544E-01  -2.30700140E+02 +/-   4.56102073E-05   1.04114405E-04
    13     4.6416E-02  -2.30700140E+02 +/-   4.56018297E-05   1.04076161E-04
    14     1.0000E-02  -2.30700139E+02 +/-   4.56104367E-05   1.04115452E-04
    15     2.1544E-03  -2.30700139E+02 +/-   4.56135264E-05   1.04129558E-04
    16     4.6416E-04  -2.30700139E+02 +/-   4.56142669E-05   1.04132939E-04
    17     1.0000E-04  -2.30700139E+02 +/-   4.56144301E-05   1.04133684E-04
    18     2.1544E-05  -2.30700139E+02 +/-   4.56144655E-05   1.04133846E-04
    19     4.6416E-06  -2.30700139E+02 +/-   4.56144731E-05   1.04133880E-04
    20     1.0000E-06  -2.30700139E+02 +/-   4.56144747E-05   1.04133888E-04
    21     0.0000E+00  -2.30700139E+02 +/-   4.56144752E-05   1.04133890E-04
* Iteration # 1: E =  -2.307001402987E+02 +/-   4.561020733338E-05
* Convergence: exiting.
* After optimization:
  -1.1407E+00   3.6101E-01  -1.2943E-01   8.3015E-02   3.8719E-02   4.4305E-03
  -2.0394E-01  -1.2253E-01   5.9222E-02   5.8506E-02   4.7854E-02  -8.3688E-02
  -2.4692E-02  -3.0269E-02  -5.0274E-02  -1.3064E-01   3.9005E-02  -1.1351E-02
   1.6068E-02  -3.7310E-03   2.6643E-02   1.5569E-02  -1.1701E-02
  > Energy =  -2.307001402987E+02 +/-   4.561020733338E-05
  > varE =   1.041144046183E-04

VMC #3:
* Size of Hilbert space =   4.0000E+02
* Deterministic energy evaluation:
  > Deterministic Etot/t = -230.7001838032828
    - Ttot/t = -10.36334423682642
    - Utot/t = 3.905652287691506
* Number of equil. steps   = 1000
* Running VMC equilibration.
  Done. [total walltime: 0.02s]
* Equil. acc.ratio (%)     =  40.9103
* Sample config after equilibration:
  +-----+
  |  d  |
  |2   0|
  |u   2|
  |  0  |
  +-----+
* Number of accum. steps   = 500480 x 10
* Running VMC accumulation.
  Done. [total walltime: 5.53s]
* Acceptance ratio (%)     =  40.9171
* Etot/t                   =  -2.307001762173E+02 +/-   1.448880709420E-05
  > Ttot/t                 =  -1.036382511377E+01 +/-   2.892333776259E-04
  > Utot/t                 =   3.906140750604E+00 +/-   2.889941962552E-04
* var[Eloc/t]              =   1.051519002670E-04 +/-   1.047920687717E-06
* Correlation length       =   9.991595919291E-01
* log10 Psi^2 range: -6.686246548458504 -- -2.353831200072294
* log10 Pgen range : -6.686246548458504 -- -2.353831200072294
* Site occupation (ave. no. electrons per config.):
  > Site_  ___eu____  ___ed____
      1        0.501      0.498
      2        0.504      0.498
      3        0.499      0.500
      4        0.501      0.499
      5        0.498      0.504
      6        0.497      0.501
* Pair-correlation analysis (ave. no. pairs per config.):
  > Shell  nsite  ___dh____  __eueu___  __eued___
      0      1        0          0          1.031
      1      4        1.060      1.478      3.527
      2      4        0.151      0.842      1.100
      3      4        0.074      0.424      0.554
      4      4        0.229      2.173      1.861
      5      4        0.116      1.083      0.926

Optimization #3:
* Method          : lls
* Target function : energy
* No. of configs. : 50048
* No. of params.  : 23
* Before optimization:
  -1.1407E+00   3.6101E-01  -1.2943E-01   8.3015E-02   3.8719E-02   4.4305E-03
  -2.0394E-01  -1.2253E-01   5.9222E-02   5.8506E-02   4.7854E-02  -8.3688E-02
  -2.4692E-02  -3.0269E-02  -5.0274E-02  -1.3064E-01   3.9005E-02  -1.1351E-02
   1.6068E-02  -3.7310E-03   2.6643E-02   1.5569E-02  -1.1701E-02
  > E    =  -2.307002031207E+02 +/-   4.635888996788E-05
  > varE =   1.075604929933E-04
* Computing derivatives.
  Done. [total walltime: 3.35s]
* Optimizing manipulation constant:
  #igrid a___________ E____________________________________ varE____________
     1     Infinity    -2.30700203E+02 +/-   4.63588900E-05   1.07560493E-04
     2     1.0000E+06  -2.30700203E+02 +/-   4.63588891E-05   1.07560489E-04
     3     2.1544E+05  -2.30700203E+02 +/-   4.63588860E-05   1.07560475E-04
     4     4.6416E+04  -2.30700203E+02 +/-   4.63588716E-05   1.07560408E-04
     5     1.0000E+04  -2.30700203E+02 +/-   4.63588047E-05   1.07560098E-04
     6     2.1544E+03  -2.30700203E+02 +/-   4.63584946E-05   1.07558659E-04
     7     4.6416E+02  -2.30700203E+02 +/-   4.63570604E-05   1.07552003E-04
     8     1.0000E+02  -2.30700203E+02 +/-   4.63505111E-05   1.07521616E-04
     9     2.1544E+01  -2.30700203E+02 +/-   4.63222638E-05   1.07390602E-04
    10     4.6416E+00  -2.30700203E+02 +/-   4.62249513E-05   1.06939870E-04
    11     1.0000E+00  -2.30700201E+02 +/-   4.60473866E-05   1.06119868E-04
    12     2.1544E-01  -2.30700198E+02 +/-   4.60323039E-05   1.06050361E-04
    13     4.6416E-02  -2.30680295E+02 +/-   4.94916329E-04   1.22588659E-02
    14     1.0000E-02  -2.29552039E+02 +/-   2.39325902E-03   2.86659365E-01
    15     2.1544E-03  -2.30700204E+02 +/-   4.59970402E-05   1.05887940E-04
    16     4.6416E-04  -2.30700204E+02 +/-   4.59638646E-05   1.05735251E-04
    17     1.0000E-04  -2.30700204E+02 +/-   4.59572540E-05   1.05704839E-04
    18     2.1544E-05  -2.30700204E+02 +/-   4.59558531E-05   1.05698395E-04
    19     4.6416E-06  -2.30700204E+02 +/-   4.59555523E-05   1.05697011E-04
    20     1.0000E-06  -2.30700204E+02 +/-   4.59554876E-05   1.05696713E-04
    21     0.0000E+00  -2.30700204E+02 +/-   4.59554698E-05   1.05696632E-04
* Iteration # 1: E =  -2.307002036603E+02 +/-   4.595546979779E-05
* Convergence: exiting.
* After optimization:
  -1.1396E+00   3.5844E-01  -1.2354E-01   8.1282E-02   3.9089E-02   6.3477E-03
  -2.0143E-01  -1.2478E-01   5.6068E-02   5.4786E-02   5.0234E-02  -8.4655E-02
  -2.2123E-02  -3.1364E-02  -5.1961E-02  -1.2719E-01   3.9931E-02  -9.7223E-03
   1.6336E-02  -5.0161E-03   2.6531E-02   1.3819E-02  -1.1649E-02
  > Energy =  -2.307002036603E+02 +/-   4.595546979779E-05
  > varE =   1.056966316666E-04

VMC #4:
* Size of Hilbert space =   4.0000E+02
* Deterministic energy evaluation:
  > Deterministic Etot/t = -230.7001797563171
    - Ttot/t = -10.36384161953774
    - Utot/t = 3.906153717368572
* Number of equil. steps   = 1000
* Running VMC equilibration.
  Done. [total walltime: 0.02s]
* Equil. acc.ratio (%)     =  41.1079
* Sample config after equilibration:
  +-----+
  |  0  |
  |2   u|
  |u   d|
  |  d  |
  +-----+
* Number of accum. steps   = 500480 x 10
* Running VMC accumulation.
  Done. [total walltime: 5.53s]
* Acceptance ratio (%)     =  41.0557
* Etot/t                   =  -2.307001699644E+02 +/-   1.433733533076E-05
  > Ttot/t                 =  -1.036339281564E+01 +/-   2.863450113842E-04
  > Utot/t                 =   3.905714705385E+00 +/-   2.871450555668E-04
* var[Eloc/t]              =   1.031746442139E-04 +/-   7.917492596024E-07
* Correlation length       =   9.971273599797E-01
* log10 Psi^2 range: -6.650143791898778 -- -2.364100807969119
* log10 Pgen range : -6.650143791898778 -- -2.364100807969119
* Site occupation (ave. no. electrons per config.):
  > Site_  ___eu____  ___ed____
      1        0.502      0.502
      2        0.502      0.497
      3        0.497      0.500
      4        0.496      0.502
      5        0.501      0.498
      6        0.502      0.501
* Pair-correlation analysis (ave. no. pairs per config.):
  > Shell  nsite  ___dh____  __eueu___  __eued___
      0      1        0          0          1.032
      1      4        1.065      1.482      3.519
      2      4        0.151      0.843      1.106
      3      4        0.075      0.423      0.550
      4      4        0.232      2.165      1.860
      5      4        0.115      1.086      0.932

Optimization #4:
* Method          : lls
* Target function : energy
* No. of configs. : 50048
* No. of params.  : 23
* Before optimization:
  -1.1396E+00   3.5844E-01  -1.2354E-01   8.1282E-02   3.9089E-02   6.3477E-03
  -2.0143E-01  -1.2478E-01   5.6068E-02   5.4786E-02   5.0234E-02  -8.4655E-02
  -2.2123E-02  -3.1364E-02  -5.1961E-02  -1.2719E-01   3.9931E-02  -9.7223E-03
   1.6336E-02  -5.0161E-03   2.6531E-02   1.3819E-02  -1.1649E-02
  > E    =  -2.307002195986E+02 +/-   4.598104731714E-05
  > varE =   1.058143199412E-04
* Computing derivatives.
  Done. [total walltime: 3.37s]
* Optimizing manipulation constant:
  #igrid a___________ E____________________________________ varE____________
     1     Infinity    -2.30700220E+02 +/-   4.59810473E-05   1.05814320E-04
     2     1.0000E+06  -2.30700220E+02 +/-   4.59810468E-05   1.05814318E-04
     3     2.1544E+05  -2.30700220E+02 +/-   4.59810450E-05   1.05814309E-04
     4     4.6416E+04  -2.30700220E+02 +/-   4.59810366E-05   1.05814271E-04
     5     1.0000E+04  -2.30700220E+02 +/-   4.59809978E-05   1.05814092E-04
     6     2.1544E+03  -2.30700220E+02 +/-   4.59808174E-05   1.05813262E-04
     7     4.6416E+02  -2.30700220E+02 +/-   4.59799828E-05   1.05809421E-04
     8     1.0000E+02  -2.30700220E+02 +/-   4.59761634E-05   1.05791843E-04
     9     2.1544E+01  -2.30700220E+02 +/-   4.59595402E-05   1.05715356E-04
    10     4.6416E+00  -2.30700220E+02 +/-   4.59011359E-05   1.05446846E-04
    11     1.0000E+00  -2.30700220E+02 +/-   4.58085219E-05   1.05021758E-04
    12     2.1544E-01  -2.30700221E+02 +/-   4.58580511E-05   1.05248985E-04
    13     4.6416E-02  -2.30700222E+02 +/-   4.59870293E-05   1.05841854E-04
    14     1.0000E-02  -2.30700223E+02 +/-   4.60440458E-05   1.06104470E-04
    15     2.1544E-03  -2.30700223E+02 +/-   4.60589136E-05   1.06173004E-04
    16     4.6416E-04  -2.30700223E+02 +/-   4.60622606E-05   1.06188436E-04
    17     1.0000E-04  -2.30700223E+02 +/-   4.60629886E-05   1.06191792E-04
    18     2.1544E-05  -2.30700223E+02 +/-   4.60631458E-05   1.06192517E-04
    19     4.6416E-06  -2.30700223E+02 +/-   4.60631797E-05   1.06192673E-04
    20     1.0000E-06  -2.30700223E+02 +/-   4.60631870E-05   1.06192707E-04
    21     0.0000E+00  -2.30700223E+02 +/-   4.60631890E-05   1.06192716E-04
* Iteration # 1: E =  -2.307002225867E+02 +/-   4.606318900871E-05
* Convergence: exiting.
* After optimization:
  -1.1460E+00   3.6310E-01  -1.2812E-01   8.4272E-02   3.9841E-02   5.9873E-03
  -2.0649E-01  -1.2288E-01   5.7972E-02   5.7120E-02   4.8377E-02  -8.4566E-02
  -2.4949E-02  -3.0265E-02  -5.0721E-02  -1.3161E-01   3.9055E-02  -1.2254E-02
   1.6420E-02  -4.6360E-03   2.6772E-02   1.4938E-02  -1.1595E-02
  > Energy =  -2.307002225867E+02 +/-   4.606318900871E-05
  > varE =   1.061927163169E-04

VMC #5:
* Size of Hilbert space =   4.0000E+02
* Deterministic energy evaluation:
  > Deterministic Etot/t = -230.7001836771856
    - Ttot/t = -10.36350556887981
    - Utot/t = 3.905813745842155
* Number of equil. steps   = 1000
* Running VMC equilibration.
  Done. [total walltime: 0.02s]
* Equil. acc.ratio (%)     =  40.9057
* Sample config after equilibration:
  +-----+
  |  u  |
  |d   u|
  |u   d|
  |  d  |
  +-----+
* Number of accum. steps   = 500480 x 10
* Running VMC accumulation.
  Done. [total walltime: 5.53s]
* Acceptance ratio (%)     =  40.9873
* Etot/t                   =  -2.307001883065E+02 +/-   1.463681113572E-05
  > Ttot/t                 =  -1.036337749161E+01 +/-   2.907557389893E-04
  > Utot/t                 =   3.905681039230E+00 +/-   2.907816408059E-04
* var[Eloc/t]              =   1.039434589645E-04 +/-   7.380051214662E-07
* Correlation length       =   1.031531513139E+00
* log10 Psi^2 range: -5.945891997292275 -- -2.362580182351662
* log10 Pgen range : -5.945891997292275 -- -2.362580182351662
* Site occupation (ave. no. electrons per config.):
  > Site_  ___eu____  ___ed____
      1        0.500      0.501
      2        0.499      0.499
      3        0.504      0.498
      4        0.500      0.501
      5        0.496      0.501
      6        0.500      0.499
* Pair-correlation analysis (ave. no. pairs per config.):
  > Shell  nsite  ___dh____  __eueu___  __eued___
      0      1        0          0          1.023
      1      4        1.052      1.474      3.541
      2      4        0.150      0.841      1.112
      3      4        0.075      0.421      0.550
      4      4        0.229      2.172      1.850
      5      4        0.115      1.092      0.924

Optimization #5:
* Method          : lls
* Target function : energy
* No. of configs. : 50048
* No. of params.  : 23
* Before optimization:
  -1.1460E+00   3.6310E-01  -1.2812E-01   8.4272E-02   3.9841E-02   5.9873E-03
  -2.0649E-01  -1.2288E-01   5.7972E-02   5.7120E-02   4.8377E-02  -8.4566E-02
  -2.4949E-02  -3.0265E-02  -5.0721E-02  -1.3161E-01   3.9055E-02  -1.2254E-02
   1.6420E-02  -4.6360E-03   2.6772E-02   1.4938E-02  -1.1595E-02
  > E    =  -2.307001899524E+02 +/-   4.539295703075E-05
  > varE =   1.031249323861E-04
* Computing derivatives.
  Done. [total walltime: 3.34s]
* Optimizing manipulation constant:
  #igrid a___________ E____________________________________ varE____________
     1     Infinity    -2.30700190E+02 +/-   4.53929570E-05   1.03124932E-04
     2     1.0000E+06  -2.30700190E+02 +/-   4.53929567E-05   1.03124931E-04
     3     2.1544E+05  -2.30700190E+02 +/-   4.53929555E-05   1.03124925E-04
     4     4.6416E+04  -2.30700190E+02 +/-   4.53929498E-05   1.03124900E-04
     5     1.0000E+04  -2.30700190E+02 +/-   4.53929236E-05   1.03124780E-04
     6     2.1544E+03  -2.30700190E+02 +/-   4.53928019E-05   1.03124227E-04
     7     4.6416E+02  -2.30700190E+02 +/-   4.53922391E-05   1.03121670E-04
     8     1.0000E+02  -2.30700190E+02 +/-   4.53896742E-05   1.03110017E-04
     9     2.1544E+01  -2.30700190E+02 +/-   4.53786991E-05   1.03060160E-04
    10     4.6416E+00  -2.30700189E+02 +/-   4.53420692E-05   1.02893846E-04
    11     1.0000E+00  -2.30700186E+02 +/-   4.53039866E-05   1.02721078E-04
    12     2.1544E-01  -2.30700176E+02 +/-   4.57975252E-05   1.04971342E-04
    13     4.6416E-02  -2.30700162E+02 +/-   4.69476659E-05   1.10309963E-04
    14     1.0000E-02  -2.30700155E+02 +/-   4.75116439E-05   1.12976168E-04
    15     2.1544E-03  -2.30700153E+02 +/-   4.76612270E-05   1.13688664E-04
    16     4.6416E-04  -2.30700153E+02 +/-   4.76949859E-05   1.13849775E-04
    17     1.0000E-04  -2.30700153E+02 +/-   4.77023327E-05   1.13884852E-04
    18     2.1544E-05  -2.30700153E+02 +/-   4.77039190E-05   1.13892426E-04
    19     4.6416E-06  -2.30700153E+02 +/-   4.77042609E-05   1.13894059E-04
    20     1.0000E-06  -2.30700153E+02 +/-   4.77043346E-05   1.13894411E-04
    21     0.0000E+00  -2.30700153E+02 +/-   4.77043548E-05   1.13894507E-04
* Iteration # 1: E =  -2.307001899524E+02 +/-   4.539295703075E-05
* Convergence: exiting.
* After optimization:
  -1.1460E+00   3.6310E-01  -1.2812E-01   8.4272E-02   3.9841E-02   5.9873E-03
  -2.0649E-01  -1.2288E-01   5.7972E-02   5.7120E-02   4.8377E-02  -8.4566E-02
  -2.4949E-02  -3.0265E-02  -5.0721E-02  -1.3161E-01   3.9055E-02  -1.2254E-02
   1.6420E-02  -4.6360E-03   2.6772E-02   1.4938E-02  -1.1595E-02
  > Energy =  -2.307001899524E+02 +/-   4.539295703075E-05
  > varE =   1.031249323861E-04

VMC #6:
* Size of Hilbert space =   4.0000E+02
* Deterministic energy evaluation:
  > Deterministic Etot/t = -230.7001836771856
    - Ttot/t = -10.36350556887981
    - Utot/t = 3.905813745842155
* Number of equil. steps   = 1000
* Running VMC equilibration.
  Done. [total walltime: 0.02s]
* Equil. acc.ratio (%)     =  41.0553
* Sample config after equilibration:
  +-----+
  |  d  |
  |u   0|
  |d   2|
  |  u  |
  +-----+
* Number of accum. steps   = 500480 x 10
* Running VMC accumulation.
  Done. [total walltime: 5.52s]
* Acceptance ratio (%)     =  40.9939
* Etot/t                   =  -2.307001989793E+02 +/-   1.408757909926E-05
  > Ttot/t                 =  -1.036357748527E+01 +/-   2.894911733071E-04
  > Utot/t                 =   3.905870360122E+00 +/-   2.893156910812E-04
* var[Eloc/t]              =   1.039779213434E-04 +/-   1.015648672858E-06
* Correlation length       =   9.552528257957E-01
* log10 Psi^2 range: -6.651106026201863 -- -2.362602224297812
* log10 Pgen range : -6.651106026201863 -- -2.362602224297812
* Site occupation (ave. no. electrons per config.):
  > Site_  ___eu____  ___ed____
      1        0.500      0.500
      2        0.501      0.498
      3        0.497      0.501
      4        0.495      0.502
      5        0.504      0.500
      6        0.502      0.499
* Pair-correlation analysis (ave. no. pairs per config.):
  > Shell  nsite  ___dh____  __eueu___  __eued___
      0      1        0          0          1.027
      1      4        1.056      1.478      3.532
      2      4        0.148      0.840      1.107
      3      4        0.076      0.425      0.553
      4      4        0.230      2.173      1.859
      5      4        0.116      1.085      0.922

Optimization #6:
* Method          : lls
* Target function : energy
* No. of configs. : 50048
* No. of params.  : 23
* Before optimization:
  -1.1460E+00   3.6310E-01  -1.2812E-01   8.4272E-02   3.9841E-02   5.9873E-03
  -2.0649E-01  -1.2288E-01   5.7972E-02   5.7120E-02   4.8377E-02  -8.4566E-02
  -2.4949E-02  -3.0265E-02  -5.0721E-02  -1.3161E-01   3.9055E-02  -1.2254E-02
   1.6420E-02  -4.6360E-03   2.6772E-02   1.4938E-02  -1.1595E-02
  > E    =  -2.307000890990E+02 +/-   4.573729712746E-05
  > varE =   1.046954286430E-04
* Computing derivatives.
  Done. [total walltime: 3.33s]
* Optimizing manipulation constant:
  #igrid a___________ E____________________________________ varE____________
     1     Infinity    -2.30700089E+02 +/-   4.57372971E-05   1.04695429E-04
     2     1.0000E+06  -2.30700089E+02 +/-   4.57372966E-05   1.04695426E-04
     3     2.1544E+05  -2.30700089E+02 +/-   4.57372946E-05   1.04695417E-04
     4     4.6416E+04  -2.30700089E+02 +/-   4.57372856E-05   1.04695376E-04
     5     1.0000E+04  -2.30700089E+02 +/-   4.57372435E-05   1.04695183E-04
     6     2.1544E+03  -2.30700089E+02 +/-   4.57370485E-05   1.04694291E-04
     7     4.6416E+02  -2.30700089E+02 +/-   4.57361465E-05   1.04690161E-04
     8     1.0000E+02  -2.30700089E+02 +/-   4.57320237E-05   1.04671287E-04
     9     2.1544E+01  -2.30700089E+02 +/-   4.57141656E-05   1.04589556E-04
    10     4.6416E+00  -2.30700089E+02 +/-   4.56514108E-05   1.04302600E-04
    11     1.0000E+00  -2.30700088E+02 +/-   4.55244268E-05   1.03723150E-04
    12     2.1544E-01  -2.30700088E+02 +/-   4.54060629E-05   1.03184489E-04
    13     4.6416E-02  -2.30700087E+02 +/-   4.53504689E-05   1.02931972E-04
    14     1.0000E-02  -2.30700087E+02 +/-   4.53344624E-05   1.02859324E-04
    15     2.1544E-03  -2.30700087E+02 +/-   4.53307407E-05   1.02842437E-04
    16     4.6416E-04  -2.30700087E+02 +/-   4.53299250E-05   1.02838735E-04
    17     1.0000E-04  -2.30700087E+02 +/-   4.53297485E-05   1.02837935E-04
    18     2.1544E-05  -2.30700087E+02 +/-   4.53297105E-05   1.02837762E-04
    19     4.6416E-06  -2.30700087E+02 +/-   4.53297023E-05   1.02837725E-04
    20     1.0000E-06  -2.30700087E+02 +/-   4.53297005E-05   1.02837717E-04
    21     0.0000E+00  -2.30700087E+02 +/-   4.53297001E-05   1.02837715E-04
* Iteration # 1: E =  -2.307000889571E+02 +/-   4.565141081162E-05
* Convergence: exiting.
* After optimization:
  -1.1480E+00   3.6349E-01  -1.2757E-01   8.4140E-02   4.0221E-02   6.2660E-03
  -2.0694E-01  -1.2345E-01   5.7671E-02   5.6542E-02   4.8106E-02  -8.4820E-02
  -2.4718E-02  -3.0339E-02  -5.0976E-02  -1.3155E-01   3.9248E-02  -1.2142E-02
   1.6640E-02  -4.7705E-03   2.6830E-02   1.4774E-02  -1.1628E-02
  > Energy =  -2.307000889571E+02 +/-   4.565141081162E-05
  > varE =   1.043025999174E-04

VMC #7:
* Size of Hilbert space =   4.0000E+02
* Deterministic energy evaluation:
  > Deterministic Etot/t = -230.7001837722790
    - Ttot/t = -10.36347861977762
    - Utot/t = 3.905786701646525
* Number of equil. steps   = 1000
* Running VMC equilibration.
  Done. [total walltime: 0.02s]
* Equil. acc.ratio (%)     =  40.9318
* Sample config after equilibration:
  +-----+
  |  u  |
  |d   d|
  |u   u|
  |  d  |
  +-----+
* Number of accum. steps   = 500480 x 10
* Running VMC accumulation.
  Done. [total walltime: 5.53s]
* Acceptance ratio (%)     =  40.9881
* Etot/t                   =  -2.307001712071E+02 +/-   1.411530100763E-05
  > Ttot/t                 =  -1.036321396802E+01 +/-   2.899483400185E-04
  > Utot/t                 =   3.905534615043E+00 +/-   2.900551714471E-04
* var[Eloc/t]              =   1.048052153158E-04 +/-   1.000439787875E-06
* Correlation length       =   9.514459466009E-01
* log10 Psi^2 range: -6.651268085222796 -- -2.365361813448615
* log10 Pgen range : -6.651268085222796 -- -2.365361813448615
* Site occupation (ave. no. electrons per config.):
  > Site_  ___eu____  ___ed____
      1        0.500      0.501
      2        0.501      0.498
      3        0.499      0.502
      4        0.500      0.495
      5        0.499      0.499
      6        0.501      0.504
* Pair-correlation analysis (ave. no. pairs per config.):
  > Shell  nsite  ___dh____  __eueu___  __eued___
      0      1        0          0          1.026
      1      4        1.052      1.478      3.538
      2      4        0.148      0.842      1.112
      3      4        0.075      0.418      0.554
      4      4        0.230      2.176      1.847
      5      4        0.118      1.087      0.923

Optimization #7:
* Method          : lls
* Target function : energy
* No. of configs. : 50048
* No. of params.  : 23
* Before optimization:
  -1.1480E+00   3.6349E-01  -1.2757E-01   8.4140E-02   4.0221E-02   6.2660E-03
  -2.0694E-01  -1.2345E-01   5.7671E-02   5.6542E-02   4.8106E-02  -8.4820E-02
  -2.4718E-02  -3.0339E-02  -5.0976E-02  -1.3155E-01   3.9248E-02  -1.2142E-02
   1.6640E-02  -4.7705E-03   2.6830E-02   1.4774E-02  -1.1628E-02
  > E    =  -2.307001545329E+02 +/-   4.615626658804E-05
  > varE =   1.066223065127E-04
* Computing derivatives.
  Done. [total walltime: 3.32s]
* Optimizing manipulation constant:
  #igrid a___________ E____________________________________ varE____________
     1     Infinity    -2.30700155E+02 +/-   4.61562666E-05   1.06622307E-04
     2     1.0000E+06  -2.30700155E+02 +/-   4.61562661E-05   1.06622304E-04
     3     2.1544E+05  -2.30700155E+02 +/-   4.61562644E-05   1.06622296E-04
     4     4.6416E+04  -2.30700155E+02 +/-   4.61562564E-05   1.06622259E-04
     5     1.0000E+04  -2.30700155E+02 +/-   4.61562191E-05   1.06622087E-04
     6     2.1544E+03  -2.30700155E+02 +/-   4.61560465E-05   1.06621290E-04
     7     4.6416E+02  -2.30700155E+02 +/-   4.61552476E-05   1.06617599E-04
     8     1.0000E+02  -2.30700155E+02 +/-   4.61515919E-05   1.06600710E-04
     9     2.1544E+01  -2.30700155E+02 +/-   4.61356724E-05   1.06527181E-04
    10     4.6416E+00  -2.30700156E+02 +/-   4.60785158E-05   1.06263396E-04
    11     1.0000E+00  -2.30700158E+02 +/-   4.59549440E-05   1.05694213E-04
    12     2.1544E-01  -2.30700160E+02 +/-   4.58239732E-05   1.05092618E-04
    13     4.6416E-02  -2.30700161E+02 +/-   4.57553346E-05   1.04778023E-04
    14     1.0000E-02  -2.30700162E+02 +/-   4.57347771E-05   1.04683892E-04
    15     2.1544E-03  -2.30700162E+02 +/-   4.57299529E-05   1.04661809E-04
    16     4.6416E-04  -2.30700162E+02 +/-   4.57288933E-05   1.04656959E-04
    17     1.0000E-04  -2.30700162E+02 +/-   4.57286641E-05   1.04655909E-04
    18     2.1544E-05  -2.30700162E+02 +/-   4.57286147E-05   1.04655683E-04
    19     4.6416E-06  -2.30700162E+02 +/-   4.57286040E-05   1.04655634E-04
    20     1.0000E-06  -2.30700162E+02 +/-   4.57286017E-05   1.04655624E-04
    21     0.0000E+00  -2.30700162E+02 +/-   4.57286011E-05   1.04655621E-04
* Iteration # 1: E =  -2.307001616046E+02 +/-   4.572860110243E-05
* Convergence: exiting.
* After optimization:
  -1.1460E+00   3.6184E-01  -1.2612E-01   8.3805E-02   3.9402E-02   6.3986E-03
  -2.0391E-01  -1.2547E-01   5.6705E-02   5.5200E-02   5.0360E-02  -8.7330E-02
  -2.2121E-02  -3.1100E-02  -5.1251E-02  -1.3101E-01   3.9739E-02  -1.0829E-02
   1.6619E-02  -5.2862E-03   2.7560E-02   1.3819E-02  -1.1600E-02
  > Energy =  -2.307001616046E+02 +/-   4.572860110243E-05
  > varE =   1.046556209773E-04

VMC #8:
* Size of Hilbert space =   4.0000E+02
* Deterministic energy evaluation:
  > Deterministic Etot/t = -230.7001834147427
    - Ttot/t = -10.36336046043880
    - Utot/t = 3.905668899843964
* Number of equil. steps   = 1000
* Running VMC equilibration.
  Done. [total walltime: 0.02s]
* Equil. acc.ratio (%)     =  40.9966
* Sample config after equilibration:
  +-----+
  |  u  |
  |0   d|
  |2   2|
  |  0  |
  +-----+
* Number of accum. steps   = 500480 x 10
* Running VMC accumulation.
  Done. [total walltime: 5.47s]
* Acceptance ratio (%)     =  40.9922
* Etot/t                   =  -2.307001828801E+02 +/-   1.429558436297E-05
  > Ttot/t                 =  -1.036314001373E+01 +/-   2.932208229626E-04
  > Utot/t                 =   3.905448987823E+00 +/-   2.930461359074E-04
* var[Eloc/t]              =   1.034172685601E-04 +/-   9.395416744419E-07
* Correlation length       =   9.890027280250E-01
* log10 Psi^2 range: -6.638820313684620 -- -2.367155377450396
* log10 Pgen range : -6.638820313684620 -- -2.367155377450396
* Site occupation (ave. no. electrons per config.):
  > Site_  ___eu____  ___ed____
      1        0.501      0.498
      2        0.501      0.499
      3        0.501      0.500
      4        0.500      0.499
      5        0.497      0.505
      6        0.499      0.499
* Pair-correlation analysis (ave. no. pairs per config.):
  > Shell  nsite  ___dh____  __eueu___  __eued___
      0      1        0          0          1.032
      1      4        1.066      1.476      3.524
      2      4        0.152      0.840      1.105
      3      4        0.075      0.422      0.555
      4      4        0.231      2.175      1.856
      5      4        0.115      1.087      0.927

Optimization #8:
* Method          : lls
* Target function : energy
* No. of configs. : 50048
* No. of params.  : 23
* Before optimization:
  -1.1460E+00   3.6184E-01  -1.2612E-01   8.3805E-02   3.9402E-02   6.3986E-03
  -2.0391E-01  -1.2547E-01   5.6705E-02   5.5200E-02   5.0360E-02  -8.7330E-02
  -2.2121E-02  -3.1100E-02  -5.1251E-02  -1.3101E-01   3.9739E-02  -1.0829E-02
   1.6619E-02  -5.2862E-03   2.7560E-02   1.3819E-02  -1.1600E-02
  > E    =  -2.307002859334E+02 +/-   4.578493854571E-05
  > varE =   1.049136503904E-04
* Computing derivatives.
  Done. [total walltime: 3.35s]
* Optimizing manipulation constant:
  #igrid a___________ E____________________________________ varE____________
     1     Infinity    -2.30700286E+02 +/-   4.57849385E-05   1.04913650E-04
     2     1.0000E+06  -2.30700286E+02 +/-   4.57849377E-05   1.04913647E-04
     3     2.1544E+05  -2.30700286E+02 +/-   4.57849347E-05   1.04913633E-04
     4     4.6416E+04  -2.30700286E+02 +/-   4.57849208E-05   1.04913569E-04
     5     1.0000E+04  -2.30700286E+02 +/-   4.57848563E-05   1.04913273E-04
     6     2.1544E+03  -2.30700286E+02 +/-   4.57845569E-05   1.04911901E-04
     7     4.6416E+02  -2.30700286E+02 +/-   4.57831719E-05   1.04905554E-04
     8     1.0000E+02  -2.30700286E+02 +/-   4.57768422E-05   1.04876549E-04
     9     2.1544E+01  -2.30700286E+02 +/-   4.57494419E-05   1.04751036E-04
    10     4.6416E+00  -2.30700285E+02 +/-   4.56541464E-05   1.04315101E-04
    11     1.0000E+00  -2.30700285E+02 +/-   4.54799244E-05   1.03520460E-04
    12     2.1544E-01  -2.30700284E+02 +/-   4.53742588E-05   1.03039992E-04
    13     4.6416E-02  -2.30700283E+02 +/-   4.53513492E-05   1.02935968E-04
    14     1.0000E-02  -2.30700283E+02 +/-   4.53477920E-05   1.02919820E-04
    15     2.1544E-03  -2.30700283E+02 +/-   4.53471458E-05   1.02916887E-04
    16     4.6416E-04  -2.30700283E+02 +/-   4.53470131E-05   1.02916285E-04
    17     1.0000E-04  -2.30700283E+02 +/-   4.53469848E-05   1.02916156E-04
    18     2.1544E-05  -2.30700283E+02 +/-   4.53469787E-05   1.02916129E-04
    19     4.6416E-06  -2.30700283E+02 +/-   4.53469774E-05   1.02916123E-04
    20     1.0000E-06  -2.30700283E+02 +/-   4.53469771E-05   1.02916121E-04
    21     0.0000E+00  -2.30700283E+02 +/-   4.53469770E-05   1.02916121E-04
* Iteration # 1: E =  -2.307002859334E+02 +/-   4.578493772284E-05
* Convergence: exiting.
* After optimization:
  -1.1460E+00   3.6184E-01  -1.2612E-01   8.3805E-02   3.9402E-02   6.3986E-03
  -2.0391E-01  -1.2547E-01   5.6705E-02   5.5200E-02   5.0360E-02  -8.7330E-02
  -2.2121E-02  -3.1100E-02  -5.1251E-02  -1.3101E-01   3.9739E-02  -1.0829E-02
   1.6619E-02  -5.2862E-03   2.7560E-02   1.3819E-02  -1.1600E-02
  > Energy =  -2.307002859334E+02 +/-   4.578493772284E-05
  > varE =   1.049136466193E-04

VMC #9:
* Size of Hilbert space =   4.0000E+02
* Deterministic energy evaluation:
  > Deterministic Etot/t = -230.7001834147432
    - Ttot/t = -10.36336046051708
    - Utot/t = 3.905668899921750
* Number of equil. steps   = 1000
* Running VMC equilibration.
  Done. [total walltime: 0.02s]
* Equil. acc.ratio (%)     =  41.0740
* Sample config after equilibration:
  +-----+
  |  2  |
  |0   d|
  |u   d|
  |  u  |
  +-----+
* Number of accum. steps   = 500480 x 10
* Running VMC accumulation.
  Done. [total walltime: 5.52s]
* Acceptance ratio (%)     =  40.9812
* Etot/t                   =  -2.307001701245E+02 +/-   1.412501470862E-05
  > Ttot/t                 =  -1.036374890811E+01 +/-   2.917575583227E-04
  > Utot/t                 =   3.906070637736E+00 +/-   2.916292092496E-04
* var[Eloc/t]              =   1.035931904565E-04 +/-   7.224120011734E-07
* Correlation length       =   9.639030086709E-01
* log10 Psi^2 range: -6.544740979314521 -- -2.367168575344307
* log10 Pgen range : -6.544740979314521 -- -2.367168575344307
* Site occupation (ave. no. electrons per config.):
  > Site_  ___eu____  ___ed____
      1        0.499      0.501
      2        0.500      0.500
      3        0.500      0.500
      4        0.502      0.498
      5        0.499      0.499
      6        0.500      0.502
* Pair-correlation analysis (ave. no. pairs per config.):
  > Shell  nsite  ___dh____  __eueu___  __eued___
      0      1        0          0          1.026
      1      4        1.052      1.478      3.535
      2      4        0.148      0.844      1.105
      3      4        0.075      0.421      0.551
      4      4        0.229      2.171      1.854
      5      4        0.113      1.086      0.929

Optimization #9:
* Method          : lls
* Target function : energy
* No. of configs. : 50048
* No. of params.  : 23
* Before optimization:
  -1.1460E+00   3.6184E-01  -1.2612E-01   8.3805E-02   3.9402E-02   6.3986E-03
  -2.0391E-01  -1.2547E-01   5.6705E-02   5.5200E-02   5.0360E-02  -8.7330E-02
  -2.2121E-02  -3.1100E-02  -5.1251E-02  -1.3101E-01   3.9739E-02  -1.0829E-02
   1.6619E-02  -5.2862E-03   2.7560E-02   1.3819E-02  -1.1600E-02
  > E    =  -2.307002213447E+02 +/-   4.537939688041E-05
  > varE =   1.030633289652E-04
* Computing derivatives.
  Done. [total walltime: 3.32s]
* Optimizing manipulation constant:
  #igrid a___________ E____________________________________ varE____________
     1     Infinity    -2.30700221E+02 +/-   4.53793969E-05   1.03063329E-04
     2     1.0000E+06  -2.30700221E+02 +/-   4.53793957E-05   1.03063324E-04
     3     2.1544E+05  -2.30700221E+02 +/-   4.53793915E-05   1.03063305E-04
     4     4.6416E+04  -2.30700221E+02 +/-   4.53793719E-05   1.03063215E-04
     5     1.0000E+04  -2.30700221E+02 +/-   4.53792809E-05   1.03062802E-04
     6     2.1544E+03  -2.30700221E+02 +/-   4.53788592E-05   1.03060887E-04
     7     4.6416E+02  -2.30700221E+02 +/-   4.53769122E-05   1.03052043E-04
     8     1.0000E+02  -2.30700221E+02 +/-   4.53680956E-05   1.03012002E-04
     9     2.1544E+01  -2.30700221E+02 +/-   4.53314985E-05   1.02845875E-04
    10     4.6416E+00  -2.30700222E+02 +/-   4.52251307E-05   1.02363797E-04
    11     1.0000E+00  -2.30700222E+02 +/-   4.51356117E-05   1.01958959E-04
    12     2.1544E-01  -2.30700222E+02 +/-   4.52215313E-05   1.02347504E-04
    13     4.6416E-02  -2.30700222E+02 +/-   4.53108252E-05   1.02752091E-04
    14     1.0000E-02  -2.30700222E+02 +/-   4.53411071E-05   1.02889479E-04
    15     2.1544E-03  -2.30700222E+02 +/-   4.53484156E-05   1.02922651E-04
    16     4.6416E-04  -2.30700222E+02 +/-   4.53500309E-05   1.02929983E-04
    17     1.0000E-04  -2.30700222E+02 +/-   4.53503809E-05   1.02931572E-04
    18     2.1544E-05  -2.30700222E+02 +/-   4.53504564E-05   1.02931914E-04
    19     4.6416E-06  -2.30700222E+02 +/-   4.53504726E-05   1.02931988E-04
    20     1.0000E-06  -2.30700222E+02 +/-   4.53504761E-05   1.02932004E-04
    21     0.0000E+00  -2.30700222E+02 +/-   4.53504771E-05   1.02932009E-04
* Iteration # 1: E =  -2.307002219233E+02 +/-   4.513561174414E-05
* Convergence: exiting.
* After optimization:
  -1.1456E+00   3.6035E-01  -1.2539E-01   8.1945E-02   3.9977E-02   5.9950E-03
  -2.0453E-01  -1.2434E-01   5.6797E-02   5.6463E-02   4.8432E-02  -8.2675E-02
  -2.4554E-02  -3.0645E-02  -5.0820E-02  -1.2988E-01   3.9948E-02  -1.0308E-02
   1.6236E-02  -4.4418E-03   2.6423E-02   1.4783E-02  -1.1470E-02
  > Energy =  -2.307002219233E+02 +/-   4.513561174414E-05
  > varE =   1.019589591013E-04

VMC #10:
* Size of Hilbert space =   4.0000E+02
* Deterministic energy evaluation:
  > Deterministic Etot/t = -230.7001839890787
    - Ttot/t = -10.36337071089768
    - Utot/t = 3.905678575966821
* Number of equil. steps   = 1000
* Running VMC equilibration.
  Done. [total walltime: 0.02s]
* Equil. acc.ratio (%)     =  40.9163
* Sample config after equilibration:
  +-----+
  |  0  |
  |2   2|
  |d   0|
  |  u  |
  +-----+
* Number of accum. steps   = 500480 x 10
* Running VMC accumulation.
  Done. [total walltime: 5.48s]
* Acceptance ratio (%)     =  40.9354
* Etot/t                   =  -2.307001890867E+02 +/-   1.451458269841E-05
  > Ttot/t                 =  -1.036311860159E+01 +/-   2.919970866492E-04
  > Utot/t                 =   3.905421368995E+00 +/-   2.918474644228E-04
* var[Eloc/t]              =   1.043210552955E-04 +/-   1.130023784154E-06
* Correlation length       =   1.010703718910E+00
* log10 Psi^2 range: -6.681067151141165 -- -2.366946189097909
* log10 Pgen range : -6.681067151141165 -- -2.366946189097909
* Site occupation (ave. no. electrons per config.):
  > Site_  ___eu____  ___ed____
      1        0.500      0.498
      2        0.501      0.498
      3        0.499      0.500
      4        0.506      0.498
      5        0.496      0.503
      6        0.498      0.503
* Pair-correlation analysis (ave. no. pairs per config.):
  > Shell  nsite  ___dh____  __eueu___  __eued___
      0      1        0          0          1.032
      1      4        1.062      1.482      3.523
      2      4        0.151      0.844      1.107
      3      4        0.075      0.421      0.551
      4      4        0.231      2.169      1.859
      5      4        0.118      1.084      0.928

VDAGGER finished.
Total VDAGGER walltime: 5m29s

Run ended: Mon Oct 20 18:17:09 CEST 2025
