Run started: Thu Oct 23 09:30:05 CEST 2025
Using VDAGGER_ARCH = intel23_fkfamd23_cluster
Running 1x128 MPI processes.

                               xx
                              +##
                               #X
                               Xx
                          X##XxXxxX##x
                           +   Xx  ++
                               ##
                              +##
                              +##
     ++++         ++          +##
   xX+++##+      ####         +##
  Xx    ###      +X##          ##
 xX    X##+        ##          #X
 +    x##X         #x          #X
      ###         +#           x+
     X##+         #+
     ###         Xx                    _______
     ##X       +X+   __________________VDAGGER
     +##x    +xX     2nd quantized variational
       +xxxxx+       ______quantum Monte Carlo

* Running 128 MPI processes.
* Input file: "input.casl"

############# Start of input file dump #############
General:
  Random seed: timer

Plan:
  VMC-optimization:
    Minimum cycles: 5
    Convergence cycles: 5

System:
  Read Hamiltonian: FCIDUMP_loc_anthracene
  Read orbitals: LTSC_anthracene
  Complex orbitals: F
  Geometry:
    r_2: [ -6.89057736642100, 1.34708197213400 ]
    r_13: [ -6.89057736642100, -1.34708197213400 ]
    r_8: [ -4.67281867250400, 2.65001080964900 ]
    r_14: [ -4.67281867250400, -2.65001080964900 ]
    r_6: [ -2.30211174438900, 1.35516771450000 ]
    r_1: [ -2.30211174438900, -1.35516771450000 ]
    r_4: [ 0.00000000000000, 2.63879101222700 ]
    r_7: [ 0.00000000000000, -2.63879101222700 ]
    r_11: [ 2.30211174438900, 1.35516771450000 ]
    r_9: [ 2.30211174438900, -1.35516771450000 ]
    r_10: [ 4.67281867250400, 2.65001080964900 ]
    r_5: [ 4.67281867250400, -2.65001080964900 ]
    r_3: [ 6.89057736642100, 1.34708197213400 ]
    r_12: [ 6.89057736642100, -1.34708197213400 ]

VMC:
  nstep: 500000
  nconfig: 100000

Jastrow: wfn.casl

Multideterminants: wfn.casl
############## End of input file dump ##############

General setup:
* Random seed: 562591868 (from timer)

* Loaded integrals for system with nelec=14, ms2=0, norb=14
* INFO: setting number of electrons from integrals file.
* Analysis of Hamiltonian connecitivity performed:
  - T_ii (local, 1-site): 14 (i) values
  - U_iiii [opp] (local, 1-site): 14 (i) values
  - U_kkii [opp] (local, 2-site): 182 contribs. from 14 (i) values
  - U_kkii [par] (local, 2-site): 91 contribs. from 13 (i) values
  - T_ji (single, 2-site): 182 contribs. from 14 (i) values
  - U_kkji [opp] (single, 2/3-site): 2548 contribs. from 182 (i,j) pairs
  - U_kkji [par] (single, 3-site): 2366 contribs. from 182 (i,j) pairs
  - U_lkji [opp] (double, 2/3/4-site): 33092 contribs. from 182 (i,j) pairs
  - U_lkji [par] (double, 4-site): 7462 contribs. from 156 (i,j) pairs
  - Max. no. wfn. ratios in Eloc: 4407
* Reading override orbitals from file "LTSC_anthracene".
* Site labels:
  +--------------------+
  |    8          10   |
  |          4         |
  |       6    11      |
  | 2                 3|
  |13                12|
  |       1     9      |
  |          7         |
  |   14           5   |
  +--------------------+
* Automatically set Site kinds:
  [ 1, 2, 2, 3, 4, 1, 3, 4, 1, 4, 1, 2, 2, 4 ]
  +-------------+
  |  4       4  |
  |      3      |
  |    1   1    |
  |2           2|
  |2           2|
  |    1   1    |
  |      3      |
  |  4       4  |
  +-------------+
* Maximum Site kind: 4
* Number of site-pair kinds with Tij=0: 0
* Automatically set Site pair kinds:
  Site 1: [ 0, -10, -21, 12, -31, -2, -4, -11, -14, -17, -9, 22, 13, -5 ]
  Site 2: [ -10, 0, 32, 24, 27, 13, 18, 1, -21, -25, -22, 26, -3, 15 ]
  Site 3: [ -21, 32, 0, -24, 15, 22, -18, 25, -10, -1, -13, -3, 26, 27 ]
  Site 4: [ 12, 24, -24, 0, -16, -4, -7, -6, -12, -6, -4, -18, 18, 16 ]
  Site 5: [ -31, 27, 15, -16, 0, -17, -6, -19, -5, -8, -11, -1, -25, 20 ]
  Site 6: [ -2, 13, 22, -4, -17, 0, 12, 5, 9, -28, 14, -21, -10, 11 ]
  Site 7: [ -4, 18, -18, -7, -6, 12, 0, -16, 4, -16, 12, -23, 23, 6 ]
  Site 8: [ -11, 1, 25, -6, -19, 5, -16, 0, 17, -20, -29, -27, -15, 8 ]
  Site 9: [ -14, -21, -10, -12, -5, 9, 4, 17, 0, 11, 2, 13, 22, -30 ]
  Site 10: [ -17, -25, -1, -6, -8, -28, -16, -20, 11, 0, 5, 15, 27, 19 ]
  Site 11: [ -9, -22, -13, -4, -11, 14, 12, -29, 2, 5, 0, 10, 21, 17 ]
  Site 12: [ 22, 26, -3, -18, -1, -21, -23, -27, 13, 15, 10, 0, 32, -25 ]
  Site 13: [ 13, -3, 26, 18, -25, -10, 23, -15, 22, 27, 21, 32, 0, -1 ]
  Site 14: [ -5, 15, 27, 16, 20, 11, 6, 8, -30, 19, 17, -25, -1, 0 ]
  For site 1 of kind 1:
  +---------------------------+
  |    -11             -17    |
  |             12            |
  |         -2      -9        |
  |-10                     -21|
  | 13                      22|
  |          0     -14        |
  |             -4            |
  |     -5             -31    |
  +---------------------------+
  For site 2 of kind 2:
  +---------------------------+
  |      1             -25    |
  |             24            |
  |         13     -22        |
  |  0                      32|
  | -3                      26|
  |        -10     -21        |
  |             18            |
  |     15              27    |
  +---------------------------+
  For site 4 of kind 3:
  +---------------------------+
  |     -6              -6    |
  |              0            |
  |         -4      -4        |
  | 24                     -24|
  | 18                     -18|
  |         12     -12        |
  |             -7            |
  |     16             -16    |
  +---------------------------+
  For site 5 of kind 4:
  +---------------------------+
  |    -19              -8    |
  |            -16            |
  |        -17     -11        |
  | 27                      15|
  |-25                      -1|
  |        -31      -5        |
  |             -6            |
  |     20               0    |
  +---------------------------+
* Maximum (unsigned) Site pair kind: 32
General system setup:
* Number of sites       : 14
* Number of electrons   : 14
* Spin imbalance MS2    : 0
* Filling               : 0.500000
* Number of orbitals in pool: 14
* Using real-valued orbitals
* Using double-precision arithmetic for orbitals

Trial wave function setup:
* Jastrow parameter file: "wfn.casl"
* Multideterminant parameter file: "wfn.casl"
* Not using a backflow transformation
* Not using wave function manipulation

VMC #1:
* Size of Hilbert space =   1.1779E+07
* Number of equil. steps   = 1000
* Running VMC equilibration.
  Done. [total walltime: 0.03s]
* Equil. acc.ratio (%)     =  21.1197
* Sample config after equilibration:
  +-------------+
  |  0       d  |
  |      d      |
  |    d   u    |
  |2           u|
  |u           d|
  |    u   d    |
  |      u      |
  |  d       u  |
  +-------------+
* Number of accum. steps   = 500480 x 10
* Running VMC accumulation.
    [walltime: 1m elapsed, 1m56s remaining]
  Done. [total walltime: 2m57s]
* Acceptance ratio (%)     =  21.1856
* Etot/t                   =  -5.359893894726E+02 +/-   9.025404957169E-05
  > Ttot/t                 =  -3.900352454003E+01 +/-   6.970159298628E-04
  > Utot/t                 =   1.648076860541E+01 +/-   6.901256691324E-04
* var[Eloc/t]              =   4.127003139428E-03 +/-   2.885910824628E-05
* Correlation length       =   9.878370757606E-01
* log10 Psi^2 range: -24.31600829150756 -- -15.40059379696500
* log10 Pgen range : -24.31600829150756 -- -15.40059379696500
* Site occupation (ave. no. electrons per config.):
  > Site_  ___eu____  ___ed____
      1        0.498      0.502
      2        0.503      0.499
      3        0.502      0.500
      4        0.505      0.499
      5        0.498      0.497
      6        0.495      0.500
      7        0.503      0.503
      8        0.499      0.500
      9        0.500      0.495
     10        0.499      0.500
     11        0.496      0.501
     12        0.501      0.504
     13        0.503      0.500
     14        0.497      0.499
* Pair-correlation analysis (ave. no. pairs per config.):
  > Shell  nsite  ___dh____  __eueu___  __eued___
      0      1        0          0          2.470
      1      1        0.895      0.603      2.523
      2      1        0.301      0.663      1.079
      3      1        0.262      0.713      1.079
      4      1        0.676      1.115      2.281
      5      1        0.514      1.458      2.114
      6      1        0.240      2.071      1.924
      7      1        0.074      0.417      0.567
      8      1        0.149      0.850      1.083
      9      1        0.163      0.920      1.041
     10      1        0.297      1.858      2.082
     11      1        0.250      2.074      1.928
     12      1        0.254      2.125      1.907
     13      1        0.249      2.111      1.929
     14      1        0.141      1.045      0.959
     15      1        0.221      2.140      1.901
     16      1        0.227      1.956      2.060
     17      1        0.261      2.027      1.947
     18      1        0.234      2.073      1.958
     19      1        0.115      0.985      1.006
     20      1        0.116      1.005      0.982
     21      1        0.272      1.931      2.053
     22      1        0.262      2.044      1.959
     23      1        0.125      0.945      1.061
     24      1        0.127      0.942      1.054
     25      1        0.233      1.974      2.027
     26      1        0.119      0.987      1.023
     27      1        0.233      2.025      1.976
     28      1        0.068      0.482      0.508
     29      1        0.067      0.483      0.509
     30      1        0.067      0.479      0.508
     31      1        0.066      0.483      0.509
     32      1        0.120      1.017      0.992

Optimization #1:
* Method          : lls
* Target function : energy
* No. of configs. : 100096
* No. of params.  : 123
* Before optimization:
   3.6498E+01   3.6514E+01   3.6509E+01   3.6509E+01  -4.7179E+00  -4.7128E+00
  -1.1550E+01   1.1078E+00  -2.6095E+00  -2.6173E+00  -1.0928E+01  -1.0939E+01
  -2.3733E+00  -2.3767E+00   5.9039E+00  -1.0877E+01  -1.2056E+01  -5.7274E+00
  -5.7279E+00  -1.1299E+01  -1.1300E+01  -2.9326E+00  -2.9341E+00  -5.6192E+00
  -5.6236E+00  -1.1976E+01  -4.9917E+00  -4.9900E+00  -2.5822E+00  -2.5830E+00
  -1.1675E+01  -1.1677E+01   2.9966E+00   2.9982E+00  -1.1207E+01  -1.1195E+01
  -6.1037E+00  -6.1050E+00  -6.1106E+00  -6.1131E+00   3.0410E+00   3.0462E+00
   3.0434E+00   3.0457E+00  -5.6112E+00  -5.6108E+00   1.8120E-02  -5.6023E+00
  -5.6016E+00  -1.1642E+01  -1.1642E+01  -1.1640E+01  -1.1642E+01  -1.1639E+01
  -1.1642E+01  -1.1641E+01  -1.1643E+01   3.8921E+01  -3.4082E+01   8.5010E+01
  -7.3415E+01  -5.0812E-01  -4.6167E-01   2.2407E+01  -1.9726E+01   8.1594E+01
  -7.0595E+01   1.9125E+01  -1.6771E+01  -4.0066E+01   3.4156E+01   7.8393E+01
  -6.7533E+01   8.5246E+01  -7.3185E+01   4.2443E+01  -3.6711E+01   8.1742E+01
  -7.0452E+01   2.2522E+01  -1.9604E+01   4.2365E+01  -3.6783E+01   8.5185E+01
  -7.3235E+01   3.8950E+01  -3.4005E+01   1.9254E+01  -1.6669E+01   8.1961E+01
  -7.0286E+01  -2.0057E+01   1.7059E+01   7.8646E+01  -6.7438E+01   7.8623E+01
  -6.7430E+01   4.2654E+01  -3.6548E+01   4.2646E+01  -3.6537E+01  -2.0094E+01
   1.7060E+01  -2.0094E+01   1.7059E+01   3.9319E+01  -3.3706E+01  -7.2848E-04
  -1.6230E-02   3.9324E+01  -3.3723E+01   8.1930E+01  -7.0284E+01   8.1931E+01
  -7.0285E+01   8.1931E+01  -7.0285E+01   8.1931E+01  -7.0284E+01  -1.0321E-01
  -5.7231E-02   4.1168E-02   1.7981E-02
  > E    =  -5.359894524753E+02 +/-   2.017781902923E-04
  > varE =   4.075352393820E-03
* Computing derivatives.
    [walltime: 1m2s elapsed, 20m58s remaining]
  Done. [total walltime: 21m59s]
* Optimizing manipulation constant:
  #igrid a___________ E____________________________________ varE____________
     1     Infinity    -5.35989452E+02 +/-   2.01778190E-04   4.07535239E-03
     2     1.0000E+06  -5.35989452E+02 +/-   2.01778189E-04   4.07535236E-03
     3     2.1544E+05  -5.35989452E+02 +/-   2.01778186E-04   4.07535224E-03
     4     4.6416E+04  -5.35989452E+02 +/-   2.01778172E-04   4.07535167E-03
     5     1.0000E+04  -5.35989452E+02 +/-   2.01778110E-04   4.07534913E-03
     6     2.1544E+03  -5.35989453E+02 +/-   2.01777866E-04   4.07533928E-03
     7     4.6416E+02  -5.35989453E+02 +/-   2.01777765E-04   4.07533521E-03
     8     1.0000E+02  -5.35989453E+02 +/-   2.01799452E-04   4.07621127E-03
     9     2.1544E+01  -5.35989459E+02 +/-   2.02394801E-04   4.10029806E-03
    10     4.6416E+00  -5.35988948E+02 +/-   2.24321495E-04   5.03684405E-03
    11     1.0000E+00  -5.35707332E+02 +/-   1.43109085E-03   2.04998711E-01
    12     2.1544E-01  -5.35588213E+02 +/-   1.53491488E-03   2.35822542E-01
    13     4.6416E-02  -5.35664158E+02 +/-   1.36838098E-03   1.87426408E-01
    14     1.0000E-02  -5.35675528E+02 +/-   1.35514151E-03   1.83817145E-01
    15     2.1544E-03  -5.35670864E+02 +/-   1.36639428E-03   1.86882568E-01
    16     4.6416E-04  -5.35669419E+02 +/-   1.36971596E-03   1.87792288E-01
    17     1.0000E-04  -5.35669085E+02 +/-   1.37047584E-03   1.88000711E-01
    18     2.1544E-05  -5.35669013E+02 +/-   1.37064163E-03   1.88046200E-01
    19     4.6416E-06  -5.35668997E+02 +/-   1.37067745E-03   1.88056028E-01
    20     1.0000E-06  -5.35668993E+02 +/-   1.37068517E-03   1.88058146E-01
    21     0.0000E+00  -5.35668992E+02 +/-   1.37068729E-03   1.88058728E-01
  ParMin   4.6004E+01  -5.35989455E+02 +/-   2.01900343E-04   4.08028816E-03
  # Using grid point #9
* Iteration # 1: E =  -5.359894585367E+02 +/-   2.023948010031E-04
* Convergence: exiting.
* After optimization:
   3.5772E+01   3.5788E+01   3.5782E+01   3.5782E+01  -4.5281E+00  -4.5230E+00
  -1.1490E+01   1.1067E+00  -2.6554E+00  -2.6632E+00  -1.0708E+01  -1.0718E+01
  -2.2587E+00  -2.2621E+00   5.7524E+00  -1.0497E+01  -1.1996E+01  -5.6978E+00
  -5.6983E+00  -1.1079E+01  -1.1079E+01  -2.9782E+00  -2.9798E+00  -5.5899E+00
  -5.5941E+00  -1.1916E+01  -4.8019E+00  -4.8002E+00  -2.4675E+00  -2.4681E+00
  -1.1454E+01  -1.1456E+01   2.9208E+00   2.9222E+00  -1.0825E+01  -1.0813E+01
  -6.0736E+00  -6.0747E+00  -6.0808E+00  -6.0831E+00   2.9648E+00   2.9699E+00
   2.9671E+00   2.9693E+00  -5.4205E+00  -5.4203E+00   1.8479E-02  -5.4112E+00
  -5.4106E+00  -1.1421E+01  -1.1422E+01  -1.1420E+01  -1.1421E+01  -1.1419E+01
  -1.1422E+01  -1.1420E+01  -1.1422E+01   3.7586E+01  -3.2936E+01   8.4586E+01
  -7.3051E+01  -5.0770E-01  -4.6114E-01   2.2724E+01  -1.9997E+01   8.0047E+01
  -6.9268E+01   1.8320E+01  -1.6079E+01  -3.9007E+01   3.3249E+01   7.5722E+01
  -6.5243E+01   8.4822E+01  -7.2821E+01   4.2231E+01  -3.6529E+01   8.0195E+01
  -6.9125E+01   2.2839E+01  -1.9875E+01   4.2154E+01  -3.6600E+01   8.4761E+01
  -7.2871E+01   3.7615E+01  -3.2859E+01   1.8448E+01  -1.5978E+01   8.0413E+01
  -6.8959E+01  -1.9528E+01   1.6606E+01   7.5975E+01  -6.5149E+01   7.5951E+01
  -6.5140E+01   4.2442E+01  -3.6366E+01   4.2434E+01  -3.6355E+01  -1.9565E+01
   1.6607E+01  -1.9565E+01   1.6606E+01   3.7984E+01  -3.2562E+01  -7.7927E-04
  -1.6412E-02   3.7989E+01  -3.2578E+01   8.0383E+01  -6.8957E+01   8.0384E+01
  -6.8958E+01   8.0383E+01  -6.8958E+01   8.0383E+01  -6.8957E+01  -1.0325E-01
  -5.7481E-02   4.1251E-02   1.8086E-02
  > Energy =  -5.359894585367E+02 +/-   2.023948010031E-04
  > varE =   4.100298058233E-03

VMC #2:
* Size of Hilbert space =   1.1779E+07
* Number of equil. steps   = 1000
* Running VMC equilibration.
  Done. [total walltime: 0.03s]
* Equil. acc.ratio (%)     =  21.2285
* Sample config after equilibration:
  +-------------+
  |  u       u  |
  |      0      |
  |    0   2    |
  |d           2|
  |2           0|
  |    2   d    |
  |      u      |
  |  0       d  |
  +-------------+
* Number of accum. steps   = 500480 x 10
* Running VMC accumulation.
    [walltime: 1m elapsed, 1m55s remaining]
  Done. [total walltime: 2m55s]
* Acceptance ratio (%)     =  21.1669
* Etot/t                   =  -5.359895786977E+02 +/-   9.012570779585E-05
  > Ttot/t                 =  -3.900183996121E+01 +/-   6.831418120451E-04
  > Utot/t                 =   1.647889480151E+01 +/-   6.797621407861E-04
* var[Eloc/t]              =   4.227123793851E-03 +/-   6.026136474407E-05
* Correlation length       =   9.616989399515E-01
* log10 Psi^2 range: -23.32258747582319 -- -15.37767522651749
* log10 Pgen range : -23.32258747582319 -- -15.37767522651749
* Site occupation (ave. no. electrons per config.):
  > Site_  ___eu____  ___ed____
      1        0.499      0.497
      2        0.501      0.503
      3        0.503      0.500
      4        0.503      0.501
      5        0.501      0.499
      6        0.499      0.497
      7        0.500      0.504
      8        0.499      0.498
      9        0.497      0.499
     10        0.498      0.502
     11        0.500      0.495
     12        0.500      0.502
     13        0.502      0.502
     14        0.498      0.499
* Pair-correlation analysis (ave. no. pairs per config.):
  > Shell  nsite  ___dh____  __eueu___  __eued___
      0      1        0          0          2.459
      1      1        0.890      0.603      2.535
      2      1        0.301      0.661      1.078
      3      1        0.260      0.716      1.079
      4      1        0.670      1.111      2.283
      5      1        0.506      1.460      2.120
      6      1        0.238      2.071      1.923
      7      1        0.075      0.413      0.567
      8      1        0.148      0.854      1.084
      9      1        0.161      0.916      1.039
     10      1        0.293      1.856      2.087
     11      1        0.250      2.070      1.930
     12      1        0.249      2.127      1.902
     13      1        0.250      2.111      1.918
     14      1        0.140      1.042      0.957
     15      1        0.221      2.142      1.903
     16      1        0.227      1.958      2.057
     17      1        0.256      2.026      1.951
     18      1        0.233      2.070      1.955
     19      1        0.112      0.992      1.006
     20      1        0.115      1.007      0.985
     21      1        0.267      1.933      2.050
     22      1        0.259      2.041      1.961
     23      1        0.124      0.943      1.056
     24      1        0.125      0.941      1.058
     25      1        0.233      1.977      2.028
     26      1        0.119      0.989      1.021
     27      1        0.233      2.023      1.982
     28      1        0.067      0.483      0.510
     29      1        0.067      0.480      0.508
     30      1        0.065      0.484      0.507
     31      1        0.066      0.484      0.507
     32      1        0.117      1.019      0.994

Optimization #2:
* Method          : lls
* Target function : energy
* No. of configs. : 100096
* No. of params.  : 123
* Before optimization:
   3.5772E+01   3.5788E+01   3.5782E+01   3.5782E+01  -4.5281E+00  -4.5230E+00
  -1.1490E+01   1.1067E+00  -2.6554E+00  -2.6632E+00  -1.0708E+01  -1.0718E+01
  -2.2587E+00  -2.2621E+00   5.7524E+00  -1.0497E+01  -1.1996E+01  -5.6978E+00
  -5.6983E+00  -1.1079E+01  -1.1079E+01  -2.9782E+00  -2.9798E+00  -5.5899E+00
  -5.5941E+00  -1.1916E+01  -4.8019E+00  -4.8002E+00  -2.4675E+00  -2.4681E+00
  -1.1454E+01  -1.1456E+01   2.9208E+00   2.9222E+00  -1.0825E+01  -1.0813E+01
  -6.0736E+00  -6.0747E+00  -6.0808E+00  -6.0831E+00   2.9648E+00   2.9699E+00
   2.9671E+00   2.9693E+00  -5.4205E+00  -5.4203E+00   1.8479E-02  -5.4112E+00
  -5.4106E+00  -1.1421E+01  -1.1422E+01  -1.1420E+01  -1.1421E+01  -1.1419E+01
  -1.1422E+01  -1.1420E+01  -1.1422E+01   3.7586E+01  -3.2936E+01   8.4586E+01
  -7.3051E+01  -5.0770E-01  -4.6114E-01   2.2724E+01  -1.9997E+01   8.0047E+01
  -6.9268E+01   1.8320E+01  -1.6079E+01  -3.9007E+01   3.3249E+01   7.5722E+01
  -6.5243E+01   8.4822E+01  -7.2821E+01   4.2231E+01  -3.6529E+01   8.0195E+01
  -6.9125E+01   2.2839E+01  -1.9875E+01   4.2154E+01  -3.6600E+01   8.4761E+01
  -7.2871E+01   3.7615E+01  -3.2859E+01   1.8448E+01  -1.5978E+01   8.0413E+01
  -6.8959E+01  -1.9528E+01   1.6606E+01   7.5975E+01  -6.5149E+01   7.5951E+01
  -6.5140E+01   4.2442E+01  -3.6366E+01   4.2434E+01  -3.6355E+01  -1.9565E+01
   1.6607E+01  -1.9565E+01   1.6606E+01   3.7984E+01  -3.2562E+01  -7.7927E-04
  -1.6412E-02   3.7989E+01  -3.2578E+01   8.0383E+01  -6.8957E+01   8.0384E+01
  -6.8958E+01   8.0383E+01  -6.8958E+01   8.0383E+01  -6.8957E+01  -1.0325E-01
  -5.7481E-02   4.1251E-02   1.8086E-02
  > E    =  -5.359895163453E+02 +/-   2.057516857179E-04
  > varE =   4.237439658167E-03
* Computing derivatives.
    [walltime: 1m1s elapsed, 21m22s remaining]
  Done. [total walltime: 22m17s]
* Optimizing manipulation constant:
  #igrid a___________ E____________________________________ varE____________
     1     Infinity    -5.35989516E+02 +/-   2.05751686E-04   4.23743966E-03
     2     1.0000E+06  -5.35989516E+02 +/-   2.05751684E-04   4.23743957E-03
     3     2.1544E+05  -5.35989516E+02 +/-   2.05751676E-04   4.23743925E-03
     4     4.6416E+04  -5.35989516E+02 +/-   2.05751640E-04   4.23743776E-03
     5     1.0000E+04  -5.35989516E+02 +/-   2.05751472E-04   4.23743086E-03
     6     2.1544E+03  -5.35989516E+02 +/-   2.05750699E-04   4.23739900E-03
     7     4.6416E+02  -5.35989517E+02 +/-   2.05747187E-04   4.23725435E-03
     8     1.0000E+02  -5.35989517E+02 +/-   2.05732574E-04   4.23665249E-03
     9     2.1544E+01  -5.35989520E+02 +/-   2.05700236E-04   4.23532073E-03
    10     4.6416E+00  -5.35989537E+02 +/-   2.06310936E-04   4.26050638E-03
    11     1.0000E+00  -5.35988307E+02 +/-   2.42672938E-04   5.89466892E-03
    12     2.1544E-01 (error)
    13     4.6416E-02  -5.35964973E+02 +/-   3.95614132E-04   1.56660791E-02
    14     1.0000E-02  -5.35963015E+02 +/-   4.02349437E-04   1.62040479E-02
    15     2.1544E-03  -5.35959990E+02 +/-   4.18579354E-04   1.75376876E-02
    16     4.6416E-04  -5.35958946E+02 +/-   4.24134059E-04   1.80062394E-02
    17     1.0000E-04  -5.35958694E+02 +/-   4.25466354E-04   1.81195400E-02
    18     2.1544E-05  -5.35958639E+02 +/-   4.25760230E-04   1.81445795E-02
    19     4.6416E-06  -5.35958627E+02 +/-   4.25823868E-04   1.81500039E-02
    20     1.0000E-06  -5.35958624E+02 +/-   4.25837593E-04   1.81511740E-02
    21     0.0000E+00  -5.35958623E+02 +/-   4.25841363E-04   1.81514954E-02
  ParMin   9.8372E+00  -5.35989526E+02 +/-   2.05759850E-04   4.23777596E-03
  # Using grid point #10
* Iteration # 1: E =  -5.359895367688E+02 +/-   2.063109355942E-04
* Diminishing returns: exiting.
* After optimization:
   3.4850E+01   3.4866E+01   3.4862E+01   3.4861E+01  -4.5474E+00  -4.5426E+00
  -1.1100E+01   1.0974E+00  -2.3482E+00  -2.3559E+00  -1.0529E+01  -1.0540E+01
  -2.1598E+00  -2.1629E+00   5.9799E+00  -1.0526E+01  -1.1604E+01  -5.5072E+00
  -5.5075E+00  -1.0898E+01  -1.0899E+01  -2.6690E+00  -2.6702E+00  -5.4007E+00
  -5.4046E+00  -1.1527E+01  -4.8212E+00  -4.8195E+00  -2.3665E+00  -2.3668E+00
  -1.1270E+01  -1.1272E+01   3.0328E+00   3.0344E+00  -1.0847E+01  -1.0837E+01
  -5.8781E+00  -5.8792E+00  -5.8868E+00  -5.8890E+00   3.0748E+00   3.0800E+00
   3.0772E+00   3.0792E+00  -5.4328E+00  -5.4322E+00   1.9981E-02  -5.4212E+00
  -5.4208E+00  -1.1239E+01  -1.1240E+01  -1.1238E+01  -1.1239E+01  -1.1236E+01
  -1.1239E+01  -1.1238E+01  -1.1240E+01   3.7669E+01  -3.3000E+01   8.1835E+01
  -7.0690E+01  -5.0240E-01  -4.5846E-01   2.0542E+01  -1.8124E+01   7.8753E+01
  -6.8153E+01   1.7594E+01  -1.5453E+01  -4.0619E+01   3.4634E+01   7.5882E+01
  -6.5373E+01   8.2071E+01  -7.0459E+01   4.0859E+01  -3.5346E+01   7.8900E+01
  -6.8011E+01   2.0656E+01  -1.8003E+01   4.0782E+01  -3.5419E+01   8.2010E+01
  -7.0510E+01   3.7699E+01  -3.2923E+01   1.7722E+01  -1.5352E+01   7.9116E+01
  -6.7846E+01  -2.0332E+01   1.7298E+01   7.6130E+01  -6.5283E+01   7.6109E+01
  -6.5274E+01   4.1066E+01  -3.5186E+01   4.1060E+01  -3.5173E+01  -2.0368E+01
   1.7300E+01  -2.0368E+01   1.7299E+01   3.8062E+01  -3.2628E+01  -1.4275E-03
  -1.7426E-02   3.8067E+01  -3.2646E+01   7.9087E+01  -6.7843E+01   7.9087E+01
  -6.7843E+01   7.9086E+01  -6.7843E+01   7.9087E+01  -6.7843E+01  -1.0312E-01
  -5.8325E-02   4.1892E-02   1.9423E-02
  > Energy =  -5.359895367688E+02 +/-   2.063109355942E-04
  > varE =   4.260506377981E-03

VMC #3:
* Size of Hilbert space =   1.1779E+07
* Number of equil. steps   = 1000
* Running VMC equilibration.
  Done. [total walltime: 0.03s]
* Equil. acc.ratio (%)     =  21.0899
* Sample config after equilibration:
  +-------------+
  |  0       0  |
  |      0      |
  |    u   2    |
  |2           2|
  |u           d|
  |    2   d    |
  |      0      |
  |  d       u  |
  +-------------+
* Number of accum. steps   = 500480 x 10
* Running VMC accumulation.
    [walltime: 1m elapsed, 1m55s remaining]
  Done. [total walltime: 2m55s]
* Acceptance ratio (%)     =  21.1188
* Etot/t                   =  -5.359894863069E+02 +/-   9.181341532702E-05
  > Ttot/t                 =  -3.900123824873E+01 +/-   6.765348193840E-04
  > Utot/t                 =   1.647838547977E+01 +/-   6.686483232371E-04
* var[Eloc/t]              =   4.247814474839E-03 +/-   4.272975498858E-05
* Correlation length       =   9.931925934027E-01
* log10 Psi^2 range: -23.07054773080374 -- -15.22646604886341
* log10 Pgen range : -23.07054773080374 -- -15.22646604886341
* Site occupation (ave. no. electrons per config.):
  > Site_  ___eu____  ___ed____
      1        0.495      0.497
      2        0.500      0.503
      3        0.501      0.500
      4        0.502      0.505
      5        0.501      0.501
      6        0.500      0.498
      7        0.502      0.503
      8        0.501      0.498
      9        0.499      0.497
     10        0.498      0.501
     11        0.499      0.496
     12        0.502      0.501
     13        0.502      0.503
     14        0.499      0.499
* Pair-correlation analysis (ave. no. pairs per config.):
  > Shell  nsite  ___dh____  __eueu___  __eued___
      0      1        0          0          2.461
      1      1        0.892      0.606      2.531
      2      1        0.298      0.660      1.078
      3      1        0.261      0.711      1.079
      4      1        0.670      1.110      2.288
      5      1        0.510      1.456      2.120
      6      1        0.240      2.079      1.925
      7      1        0.074      0.418      0.568
      8      1        0.146      0.856      1.091
      9      1        0.159      0.913      1.039
     10      1        0.291      1.853      2.083
     11      1        0.251      2.073      1.925
     12      1        0.251      2.126      1.901
     13      1        0.248      2.108      1.915
     14      1        0.140      1.042      0.951
     15      1        0.223      2.143      1.899
     16      1        0.230      1.961      2.065
     17      1        0.259      2.027      1.951
     18      1        0.233      2.074      1.959
     19      1        0.115      0.990      1.009
     20      1        0.116      1.008      0.988
     21      1        0.267      1.926      2.051
     22      1        0.259      2.036      1.954
     23      1        0.124      0.944      1.059
     24      1        0.124      0.943      1.058
     25      1        0.231      1.977      2.029
     26      1        0.121      0.985      1.019
     27      1        0.231      2.031      1.979
     28      1        0.066      0.485      0.509
     29      1        0.066      0.484      0.508
     30      1        0.066      0.482      0.508
     31      1        0.066      0.479      0.509
     32      1        0.117      1.016      0.993

Optimization #3:
* Method          : lls
* Target function : energy
* No. of configs. : 100096
* No. of params.  : 123
* Before optimization:
   3.4850E+01   3.4866E+01   3.4862E+01   3.4861E+01  -4.5474E+00  -4.5426E+00
  -1.1100E+01   1.0974E+00  -2.3482E+00  -2.3559E+00  -1.0529E+01  -1.0540E+01
  -2.1598E+00  -2.1629E+00   5.9799E+00  -1.0526E+01  -1.1604E+01  -5.5072E+00
  -5.5075E+00  -1.0898E+01  -1.0899E+01  -2.6690E+00  -2.6702E+00  -5.4007E+00
  -5.4046E+00  -1.1527E+01  -4.8212E+00  -4.8195E+00  -2.3665E+00  -2.3668E+00
  -1.1270E+01  -1.1272E+01   3.0328E+00   3.0344E+00  -1.0847E+01  -1.0837E+01
  -5.8781E+00  -5.8792E+00  -5.8868E+00  -5.8890E+00   3.0748E+00   3.0800E+00
   3.0772E+00   3.0792E+00  -5.4328E+00  -5.4322E+00   1.9981E-02  -5.4212E+00
  -5.4208E+00  -1.1239E+01  -1.1240E+01  -1.1238E+01  -1.1239E+01  -1.1236E+01
  -1.1239E+01  -1.1238E+01  -1.1240E+01   3.7669E+01  -3.3000E+01   8.1835E+01
  -7.0690E+01  -5.0240E-01  -4.5846E-01   2.0542E+01  -1.8124E+01   7.8753E+01
  -6.8153E+01   1.7594E+01  -1.5453E+01  -4.0619E+01   3.4634E+01   7.5882E+01
  -6.5373E+01   8.2071E+01  -7.0459E+01   4.0859E+01  -3.5346E+01   7.8900E+01
  -6.8011E+01   2.0656E+01  -1.8003E+01   4.0782E+01  -3.5419E+01   8.2010E+01
  -7.0510E+01   3.7699E+01  -3.2923E+01   1.7722E+01  -1.5352E+01   7.9116E+01
  -6.7846E+01  -2.0332E+01   1.7298E+01   7.6130E+01  -6.5283E+01   7.6109E+01
  -6.5274E+01   4.1066E+01  -3.5186E+01   4.1060E+01  -3.5173E+01  -2.0368E+01
   1.7300E+01  -2.0368E+01   1.7299E+01   3.8062E+01  -3.2628E+01  -1.4275E-03
  -1.7426E-02   3.8067E+01  -3.2646E+01   7.9087E+01  -6.7843E+01   7.9087E+01
  -6.7843E+01   7.9086E+01  -6.7843E+01   7.9087E+01  -6.7843E+01  -1.0312E-01
  -5.8325E-02   4.1892E-02   1.9423E-02
  > E    =  -5.359895128586E+02 +/-   2.080693848647E-04
  > varE =   4.333443007212E-03
* Computing derivatives.
    [walltime: 1m2s elapsed, 21m27s remaining]
  Done. [total walltime: 22m17s]
* Optimizing manipulation constant:
  #igrid a___________ E____________________________________ varE____________
     1     Infinity    -5.35989513E+02 +/-   2.08069385E-04   4.33344301E-03
     2     1.0000E+06  -5.35989513E+02 +/-   2.08069383E-04   4.33344292E-03
     3     2.1544E+05  -5.35989513E+02 +/-   2.08069375E-04   4.33344260E-03
     4     4.6416E+04  -5.35989513E+02 +/-   2.08069340E-04   4.33344112E-03
     5     1.0000E+04  -5.35989513E+02 +/-   2.08069174E-04   4.33343424E-03
     6     2.1544E+03  -5.35989513E+02 +/-   2.08068409E-04   4.33340234E-03
     7     4.6416E+02  -5.35989513E+02 +/-   2.08064860E-04   4.33325454E-03
     8     1.0000E+02  -5.35989513E+02 +/-   2.08048529E-04   4.33257431E-03
     9     2.1544E+01  -5.35989513E+02 +/-   2.07975498E-04   4.32953316E-03
    10     4.6416E+00  -5.35989511E+02 +/-   2.07681418E-04   4.31729778E-03
    11     1.0000E+00  -5.35989499E+02 +/-   2.06746721E-04   4.27852411E-03
    12     2.1544E-01  -5.35989165E+02 +/-   2.07406779E-04   4.30588689E-03
    13     4.6416E-02  -5.35982534E+02 +/-   2.69230509E-04   7.25546528E-03
    14     1.0000E-02  -5.35900070E+02 +/-   7.27527628E-04   5.29804574E-02
    15     2.1544E-03  -5.35856725E+02 +/-   8.71002820E-04   7.59374213E-02
    16     4.6416E-04  -5.35845982E+02 +/-   9.02251240E-04   8.14838794E-02
    17     1.0000E-04  -5.35843602E+02 +/-   9.08989513E-04   8.27055146E-02
    18     2.1544E-05  -5.35843086E+02 +/-   9.10441421E-04   8.29699329E-02
    19     4.6416E-06  -5.35842974E+02 +/-   9.10754227E-04   8.30269556E-02
    20     1.0000E-06  -5.35842950E+02 +/-   9.10821626E-04   8.30392447E-02
    21     0.0000E+00  -5.35842944E+02 +/-   9.10840129E-04   8.30426186E-02
* Iteration # 1: E =  -5.359895128585E+02 +/-   2.080693750980E-04
* Convergence: exiting.
* After optimization:
   3.4850E+01   3.4866E+01   3.4862E+01   3.4861E+01  -4.5474E+00  -4.5426E+00
  -1.1100E+01   1.0974E+00  -2.3482E+00  -2.3559E+00  -1.0529E+01  -1.0540E+01
  -2.1598E+00  -2.1629E+00   5.9799E+00  -1.0526E+01  -1.1604E+01  -5.5072E+00
  -5.5075E+00  -1.0898E+01  -1.0899E+01  -2.6690E+00  -2.6702E+00  -5.4007E+00
  -5.4046E+00  -1.1527E+01  -4.8212E+00  -4.8195E+00  -2.3665E+00  -2.3668E+00
  -1.1270E+01  -1.1272E+01   3.0328E+00   3.0344E+00  -1.0847E+01  -1.0837E+01
  -5.8781E+00  -5.8792E+00  -5.8868E+00  -5.8890E+00   3.0748E+00   3.0800E+00
   3.0772E+00   3.0792E+00  -5.4328E+00  -5.4322E+00   1.9981E-02  -5.4212E+00
  -5.4208E+00  -1.1239E+01  -1.1240E+01  -1.1238E+01  -1.1239E+01  -1.1236E+01
  -1.1239E+01  -1.1238E+01  -1.1240E+01   3.7669E+01  -3.3000E+01   8.1835E+01
  -7.0690E+01  -5.0240E-01  -4.5846E-01   2.0542E+01  -1.8124E+01   7.8753E+01
  -6.8153E+01   1.7594E+01  -1.5453E+01  -4.0619E+01   3.4634E+01   7.5882E+01
  -6.5373E+01   8.2071E+01  -7.0459E+01   4.0859E+01  -3.5346E+01   7.8900E+01
  -6.8011E+01   2.0656E+01  -1.8003E+01   4.0782E+01  -3.5419E+01   8.2010E+01
  -7.0510E+01   3.7699E+01  -3.2923E+01   1.7722E+01  -1.5352E+01   7.9116E+01
  -6.7846E+01  -2.0332E+01   1.7298E+01   7.6130E+01  -6.5283E+01   7.6109E+01
  -6.5274E+01   4.1066E+01  -3.5186E+01   4.1060E+01  -3.5173E+01  -2.0369E+01
   1.7300E+01  -2.0368E+01   1.7299E+01   3.8062E+01  -3.2628E+01  -1.4275E-03
  -1.7426E-02   3.8067E+01  -3.2646E+01   7.9087E+01  -6.7843E+01   7.9087E+01
  -6.7843E+01   7.9086E+01  -6.7843E+01   7.9087E+01  -6.7843E+01  -1.0312E-01
  -5.8325E-02   4.1892E-02   1.9423E-02
  > Energy =  -5.359895128585E+02 +/-   2.080693750980E-04
  > varE =   4.333442600394E-03

VMC #4:
* Size of Hilbert space =   1.1779E+07
* Number of equil. steps   = 1000
* Running VMC equilibration.
  Done. [total walltime: 0.03s]
* Equil. acc.ratio (%)     =  21.2153
* Sample config after equilibration:
  +-------------+
  |  d       d  |
  |      d      |
  |    u   u    |
  |u           u|
  |0           2|
  |    0   d    |
  |      2      |
  |  2       0  |
  +-------------+
* Number of accum. steps   = 500480 x 10
* Running VMC accumulation.
    [walltime: 1m elapsed, 1m54s remaining]
  Done. [total walltime: 2m54s]
* Acceptance ratio (%)     =  21.1266
* Etot/t                   =  -5.359895673706E+02 +/-   8.906593439973E-05
  > Ttot/t                 =  -3.900033962515E+01 +/-   6.766040031741E-04
  > Utot/t                 =   1.647740579250E+01 +/-   6.701921016284E-04
* var[Eloc/t]              =   4.155409542259E-03 +/-   3.168893253455E-05
* Correlation length       =   9.554240106527E-01
* log10 Psi^2 range: -22.98772773141389 -- -15.22646445389188
* log10 Pgen range : -22.98772773141389 -- -15.22646445389188
* Site occupation (ave. no. electrons per config.):
  > Site_  ___eu____  ___ed____
      1        0.497      0.499
      2        0.502      0.504
      3        0.501      0.502
      4        0.504      0.503
      5        0.499      0.502
      6        0.499      0.497
      7        0.503      0.501
      8        0.495      0.499
      9        0.497      0.497
     10        0.500      0.498
     11        0.497      0.497
     12        0.502      0.501
     13        0.504      0.500
     14        0.499      0.501
* Pair-correlation analysis (ave. no. pairs per config.):
  > Shell  nsite  ___dh____  __eueu___  __eued___
      0      1        0          0          2.457
      1      1        0.892      0.605      2.531
      2      1        0.295      0.659      1.081
      3      1        0.259      0.716      1.082
      4      1        0.671      1.109      2.286
      5      1        0.510      1.454      2.117
      6      1        0.236      2.074      1.931
      7      1        0.074      0.419      0.567
      8      1        0.148      0.854      1.086
      9      1        0.161      0.913      1.037
     10      1        0.290      1.855      2.085
     11      1        0.246      2.075      1.923
     12      1        0.252      2.125      1.900
     13      1        0.246      2.109      1.921
     14      1        0.138      1.041      0.954
     15      1        0.223      2.142      1.901
     16      1        0.229      1.957      2.061
     17      1        0.255      2.027      1.949
     18      1        0.234      2.074      1.962
     19      1        0.114      0.986      1.010
     20      1        0.114      1.010      0.984
     21      1        0.265      1.931      2.052
     22      1        0.259      2.038      1.959
     23      1        0.125      0.945      1.054
     24      1        0.125      0.946      1.059
     25      1        0.236      1.975      2.029
     26      1        0.118      0.990      1.022
     27      1        0.233      2.028      1.978
     28      1        0.065      0.484      0.508
     29      1        0.067      0.479      0.504
     30      1        0.066      0.483      0.508
     31      1        0.066      0.484      0.509
     32      1        0.119      1.018      0.995

Optimization #4:
* Method          : lls
* Target function : energy
* No. of configs. : 100096
* No. of params.  : 123
* Before optimization:
   3.4850E+01   3.4866E+01   3.4862E+01   3.4861E+01  -4.5474E+00  -4.5426E+00
  -1.1100E+01   1.0974E+00  -2.3482E+00  -2.3559E+00  -1.0529E+01  -1.0540E+01
  -2.1598E+00  -2.1629E+00   5.9799E+00  -1.0526E+01  -1.1604E+01  -5.5072E+00
  -5.5075E+00  -1.0898E+01  -1.0899E+01  -2.6690E+00  -2.6702E+00  -5.4007E+00
  -5.4046E+00  -1.1527E+01  -4.8212E+00  -4.8195E+00  -2.3665E+00  -2.3668E+00
  -1.1270E+01  -1.1272E+01   3.0328E+00   3.0344E+00  -1.0847E+01  -1.0837E+01
  -5.8781E+00  -5.8792E+00  -5.8868E+00  -5.8890E+00   3.0748E+00   3.0800E+00
   3.0772E+00   3.0792E+00  -5.4328E+00  -5.4322E+00   1.9981E-02  -5.4212E+00
  -5.4208E+00  -1.1239E+01  -1.1240E+01  -1.1238E+01  -1.1239E+01  -1.1236E+01
  -1.1239E+01  -1.1238E+01  -1.1240E+01   3.7669E+01  -3.3000E+01   8.1835E+01
  -7.0690E+01  -5.0240E-01  -4.5846E-01   2.0542E+01  -1.8124E+01   7.8753E+01
  -6.8153E+01   1.7594E+01  -1.5453E+01  -4.0619E+01   3.4634E+01   7.5882E+01
  -6.5373E+01   8.2071E+01  -7.0459E+01   4.0859E+01  -3.5346E+01   7.8900E+01
  -6.8011E+01   2.0656E+01  -1.8003E+01   4.0782E+01  -3.5419E+01   8.2010E+01
  -7.0510E+01   3.7699E+01  -3.2923E+01   1.7722E+01  -1.5352E+01   7.9116E+01
  -6.7846E+01  -2.0332E+01   1.7298E+01   7.6130E+01  -6.5283E+01   7.6109E+01
  -6.5274E+01   4.1066E+01  -3.5186E+01   4.1060E+01  -3.5173E+01  -2.0369E+01
   1.7300E+01  -2.0368E+01   1.7299E+01   3.8062E+01  -3.2628E+01  -1.4275E-03
  -1.7426E-02   3.8067E+01  -3.2646E+01   7.9087E+01  -6.7843E+01   7.9087E+01
  -6.7843E+01   7.9086E+01  -6.7843E+01   7.9087E+01  -6.7843E+01  -1.0312E-01
  -5.8325E-02   4.1892E-02   1.9423E-02
  > E    =  -5.359895718407E+02 +/-   2.039794054060E-04
  > varE =   4.164754112371E-03
* Computing derivatives.
    [walltime: 1m1s elapsed, 21m22s remaining]
  Done. [total walltime: 22m16s]
* Optimizing manipulation constant:
  #igrid a___________ E____________________________________ varE____________
     1     Infinity    -5.35989572E+02 +/-   2.03979405E-04   4.16475411E-03
     2     1.0000E+06  -5.35989572E+02 +/-   2.03979404E-04   4.16475405E-03
     3     2.1544E+05  -5.35989572E+02 +/-   2.03979398E-04   4.16475381E-03
     4     4.6416E+04  -5.35989572E+02 +/-   2.03979371E-04   4.16475271E-03
     5     1.0000E+04  -5.35989572E+02 +/-   2.03979246E-04   4.16474761E-03
     6     2.1544E+03  -5.35989572E+02 +/-   2.03978672E-04   4.16472418E-03
     7     4.6416E+02  -5.35989572E+02 +/-   2.03976121E-04   4.16462001E-03
     8     1.0000E+02  -5.35989572E+02 +/-   2.03966702E-04   4.16423537E-03
     9     2.1544E+01  -5.35989573E+02 +/-   2.03973885E-04   4.16452870E-03
    10     4.6416E+00  -5.35989554E+02 +/-   2.05246847E-04   4.21667093E-03
    11     1.0000E+00  -5.35984393E+02 +/-   2.92231073E-04   8.54809830E-03
    12     2.1544E-01  -5.34556652E+02 +/-   1.93872376E-03   3.76225812E-01
    13     4.6416E-02  -5.34346763E+02 +/-   1.07626695E-02   1.15946256E+01
    14     1.0000E-02  -5.34341742E+02 +/-   1.90569942E-02   3.63517671E+01
    15     2.1544E-03  -5.34340876E+02 +/-   2.15727371E-02   4.65829752E+01
    16     4.6416E-04  -5.34340697E+02 +/-   2.21575281E-02   4.91427368E+01
    17     1.0000E-04  -5.34340659E+02 +/-   2.22856103E-02   4.97125207E+01
    18     2.1544E-05  -5.34340650E+02 +/-   2.23133032E-02   4.98361468E+01
    19     4.6416E-06  -5.34340649E+02 +/-   2.23192743E-02   4.98628228E+01
    20     1.0000E-06  -5.34340648E+02 +/-   2.23205616E-02   4.98685751E+01
    21     0.0000E+00  -5.34340648E+02 +/-   2.23209135E-02   4.98701472E+01
  ParMin   4.3351E+01  -5.35989573E+02 +/-   2.03959718E-04   4.16395020E-03
  # Using grid point #9
* Iteration # 1: E =  -5.359895733436E+02 +/-   2.039738853542E-04
* Convergence: exiting.
* After optimization:
   3.4755E+01   3.4771E+01   3.4767E+01   3.4766E+01  -4.6065E+00  -4.6016E+00
  -1.0968E+01   1.0970E+00  -2.2491E+00  -2.2568E+00  -1.0522E+01  -1.0532E+01
  -2.1854E+00  -2.1885E+00   6.0461E+00  -1.0644E+01  -1.1472E+01  -5.4411E+00
  -5.4413E+00  -1.0891E+01  -1.0892E+01  -2.5697E+00  -2.5710E+00  -5.3348E+00
  -5.3387E+00  -1.1394E+01  -4.8801E+00  -4.8785E+00  -2.3921E+00  -2.3923E+00
  -1.1263E+01  -1.1264E+01   3.0660E+00   3.0675E+00  -1.0964E+01  -1.0955E+01
  -5.8118E+00  -5.8129E+00  -5.8206E+00  -5.8228E+00   3.1079E+00   3.1129E+00
   3.1102E+00   3.1121E+00  -5.4915E+00  -5.4909E+00   1.9941E-02  -5.4799E+00
  -5.4796E+00  -1.1231E+01  -1.1232E+01  -1.1230E+01  -1.1231E+01  -1.1229E+01
  -1.1232E+01  -1.1231E+01  -1.1232E+01   3.8080E+01  -3.3352E+01   8.0908E+01
  -6.9895E+01  -5.0208E-01  -4.5851E-01   1.9846E+01  -1.7528E+01   7.8700E+01
  -6.8107E+01   1.7773E+01  -1.5606E+01  -4.1083E+01   3.5032E+01   7.6704E+01
  -6.6077E+01   8.1143E+01  -6.9663E+01   4.0395E+01  -3.4949E+01   7.8847E+01
  -6.7965E+01   1.9961E+01  -1.7407E+01   4.0319E+01  -3.5021E+01   8.1083E+01
  -6.9715E+01   3.8110E+01  -3.3275E+01   1.7900E+01  -1.5506E+01   7.9063E+01
  -6.7800E+01  -2.0564E+01   1.7497E+01   7.6952E+01  -6.5987E+01   7.6930E+01
  -6.5978E+01   4.0602E+01  -3.4788E+01   4.0596E+01  -3.4776E+01  -2.0600E+01
   1.7499E+01  -2.0600E+01   1.7498E+01   3.8473E+01  -3.2980E+01  -1.2533E-03
  -1.7397E-02   3.8477E+01  -3.2998E+01   7.9034E+01  -6.7798E+01   7.9034E+01
  -6.7797E+01   7.9033E+01  -6.7797E+01   7.9034E+01  -6.7798E+01  -1.0315E-01
  -5.8422E-02   4.1916E-02   1.9503E-02
  > Energy =  -5.359895733436E+02 +/-   2.039738853542E-04
  > varE =   4.164528703857E-03

VMC #5:
* Size of Hilbert space =   1.1779E+07
* Number of equil. steps   = 1000
* Running VMC equilibration.
  Done. [total walltime: 0.03s]
* Equil. acc.ratio (%)     =  21.1809
* Sample config after equilibration:
  +-------------+
  |  d       0  |
  |      d      |
  |    u   2    |
  |u           d|
  |0           0|
  |    2   u    |
  |      0      |
  |  2       2  |
  +-------------+
* Number of accum. steps   = 500480 x 10
* Running VMC accumulation.
    [walltime: 1m elapsed, 1m54s remaining]
  Done. [total walltime: 2m54s]
* Acceptance ratio (%)     =  21.1270
* Etot/t                   =  -5.359893544391E+02 +/-   9.109230282265E-05
  > Ttot/t                 =  -3.900234013230E+01 +/-   7.023874662410E-04
  > Utot/t                 =   1.647961923119E+01 +/-   6.938056946554E-04
* var[Eloc/t]              =   4.253105823996E-03 +/-   5.231233906062E-05
* Correlation length       =   9.764362647645E-01
* log10 Psi^2 range: -23.87166264719657 -- -15.22124187208467
* log10 Pgen range : -23.87166264719657 -- -15.22124187208467
* Site occupation (ave. no. electrons per config.):
  > Site_  ___eu____  ___ed____
      1        0.495      0.501
      2        0.503      0.500
      3        0.500      0.504
      4        0.504      0.502
      5        0.500      0.502
      6        0.498      0.500
      7        0.503      0.502
      8        0.498      0.500
      9        0.497      0.496
     10        0.502      0.497
     11        0.498      0.498
     12        0.501      0.500
     13        0.501      0.500
     14        0.500      0.499
* Pair-correlation analysis (ave. no. pairs per config.):
  > Shell  nsite  ___dh____  __eueu___  __eued___
      0      1        0          0          2.460
      1      1        0.891      0.607      2.528
      2      1        0.295      0.662      1.082
      3      1        0.263      0.708      1.080
      4      1        0.670      1.114      2.281
      5      1        0.506      1.464      2.118
      6      1        0.238      2.073      1.929
      7      1        0.074      0.417      0.568
      8      1        0.148      0.853      1.090
      9      1        0.161      0.916      1.035
     10      1        0.292      1.854      2.084
     11      1        0.250      2.071      1.929
     12      1        0.250      2.121      1.908
     13      1        0.248      2.106      1.920
     14      1        0.137      1.042      0.959
     15      1        0.222      2.145      1.898
     16      1        0.229      1.960      2.059
     17      1        0.255      2.030      1.956
     18      1        0.232      2.074      1.959
     19      1        0.113      0.991      1.008
     20      1        0.116      1.006      0.987
     21      1        0.270      1.929      2.044
     22      1        0.258      2.036      1.960
     23      1        0.125      0.943      1.053
     24      1        0.127      0.943      1.057
     25      1        0.230      1.983      2.026
     26      1        0.117      0.990      1.018
     27      1        0.231      2.020      1.983
     28      1        0.066      0.483      0.511
     29      1        0.065      0.482      0.507
     30      1        0.067      0.481      0.505
     31      1        0.067      0.486      0.508
     32      1        0.120      1.012      0.992

Optimization #5:
* Method          : lls
* Target function : energy
* No. of configs. : 100096
* No. of params.  : 123
* Before optimization:
   3.4755E+01   3.4771E+01   3.4767E+01   3.4766E+01  -4.6065E+00  -4.6016E+00
  -1.0968E+01   1.0970E+00  -2.2491E+00  -2.2568E+00  -1.0522E+01  -1.0532E+01
  -2.1854E+00  -2.1885E+00   6.0461E+00  -1.0644E+01  -1.1472E+01  -5.4411E+00
  -5.4413E+00  -1.0891E+01  -1.0892E+01  -2.5697E+00  -2.5710E+00  -5.3348E+00
  -5.3387E+00  -1.1394E+01  -4.8801E+00  -4.8785E+00  -2.3921E+00  -2.3923E+00
  -1.1263E+01  -1.1264E+01   3.0660E+00   3.0675E+00  -1.0964E+01  -1.0955E+01
  -5.8118E+00  -5.8129E+00  -5.8206E+00  -5.8228E+00   3.1079E+00   3.1129E+00
   3.1102E+00   3.1121E+00  -5.4915E+00  -5.4909E+00   1.9941E-02  -5.4799E+00
  -5.4796E+00  -1.1231E+01  -1.1232E+01  -1.1230E+01  -1.1231E+01  -1.1229E+01
  -1.1232E+01  -1.1231E+01  -1.1232E+01   3.8080E+01  -3.3352E+01   8.0908E+01
  -6.9895E+01  -5.0208E-01  -4.5851E-01   1.9846E+01  -1.7528E+01   7.8700E+01
  -6.8107E+01   1.7773E+01  -1.5606E+01  -4.1083E+01   3.5032E+01   7.6704E+01
  -6.6077E+01   8.1143E+01  -6.9663E+01   4.0395E+01  -3.4949E+01   7.8847E+01
  -6.7965E+01   1.9961E+01  -1.7407E+01   4.0319E+01  -3.5021E+01   8.1083E+01
  -6.9715E+01   3.8110E+01  -3.3275E+01   1.7900E+01  -1.5506E+01   7.9063E+01
  -6.7800E+01  -2.0564E+01   1.7497E+01   7.6952E+01  -6.5987E+01   7.6930E+01
  -6.5978E+01   4.0602E+01  -3.4788E+01   4.0596E+01  -3.4776E+01  -2.0600E+01
   1.7499E+01  -2.0600E+01   1.7498E+01   3.8473E+01  -3.2980E+01  -1.2533E-03
  -1.7397E-02   3.8477E+01  -3.2998E+01   7.9034E+01  -6.7798E+01   7.9034E+01
  -6.7797E+01   7.9033E+01  -6.7797E+01   7.9034E+01  -6.7798E+01  -1.0315E-01
  -5.8422E-02   4.1916E-02   1.9503E-02
  > E    =  -5.359894634991E+02 +/-   2.066580370857E-04
  > varE =   4.274854353465E-03
* Computing derivatives.
    [walltime: 1m2s elapsed, 21m23s remaining]
  Done. [total walltime: 22m16s]
* Optimizing manipulation constant:
  #igrid a___________ E____________________________________ varE____________
     1     Infinity    -5.35989463E+02 +/-   2.06658037E-04   4.27485435E-03
     2     1.0000E+06  -5.35989463E+02 +/-   2.06658035E-04   4.27485426E-03
     3     2.1544E+05  -5.35989463E+02 +/-   2.06658026E-04   4.27485391E-03
     4     4.6416E+04  -5.35989464E+02 +/-   2.06657987E-04   4.27485228E-03
     5     1.0000E+04  -5.35989464E+02 +/-   2.06657804E-04   4.27484470E-03
     6     2.1544E+03  -5.35989464E+02 +/-   2.06656950E-04   4.27480938E-03
     7     4.6416E+02  -5.35989464E+02 +/-   2.06652895E-04   4.27464164E-03
     8     1.0000E+02  -5.35989464E+02 +/-   2.06632128E-04   4.27378255E-03
     9     2.1544E+01  -5.35989467E+02 +/-   2.06496212E-04   4.26816206E-03
    10     4.6416E+00  -5.35989472E+02 +/-   2.05376608E-04   4.22200436E-03
    11     1.0000E+00  -5.35987506E+02 +/-   2.25392075E-04   5.08503570E-03
    12     2.1544E-01  -5.35956312E+02 +/-   4.70276245E-04   2.21372060E-02
    13     4.6416E-02  -5.35924676E+02 +/-   6.18031691E-04   3.82329856E-02
    14     1.0000E-02  -5.35916872E+02 +/-   6.47289046E-04   4.19385333E-02
    15     2.1544E-03  -5.35915544E+02 +/-   6.51856035E-04   4.25324210E-02
    16     4.6416E-04  -5.35915353E+02 +/-   6.52445932E-04   4.26094353E-02
    17     1.0000E-04  -5.35915322E+02 +/-   6.52534245E-04   4.26209710E-02
    18     2.1544E-05  -5.35915315E+02 +/-   6.52551015E-04   4.26231618E-02
    19     4.6416E-06  -5.35915314E+02 +/-   6.52554518E-04   4.26236193E-02
    20     1.0000E-06  -5.35915314E+02 +/-   6.52555267E-04   4.26237172E-02
    21     0.0000E+00  -5.35915314E+02 +/-   6.52555473E-04   4.26237440E-02
  ParMin   9.9323E+00  -5.35989471E+02 +/-   2.06193454E-04   4.25565558E-03
  # Using grid point #10
* Iteration # 1: E =  -5.359894722962E+02 +/-   2.053766083901E-04
* Convergence: exiting.
* After optimization:
   3.3204E+01   3.3220E+01   3.3215E+01   3.3214E+01  -4.3785E+00  -4.3734E+00
  -1.0483E+01   1.0903E+00  -2.1654E+00  -2.1731E+00  -1.0049E+01  -1.0059E+01
  -2.1126E+00  -2.1153E+00   5.7285E+00  -1.0180E+01  -1.0987E+01  -5.2017E+00
  -5.2020E+00  -1.0417E+01  -1.0418E+01  -2.4856E+00  -2.4870E+00  -5.0965E+00
  -5.1001E+00  -1.0910E+01  -4.6520E+00  -4.6504E+00  -2.3185E+00  -2.3184E+00
  -1.0787E+01  -1.0788E+01   2.9053E+00   2.9065E+00  -1.0496E+01  -1.0488E+01
  -5.5708E+00  -5.5713E+00  -5.5798E+00  -5.5820E+00   2.9463E+00   2.9511E+00
   2.9486E+00   2.9505E+00  -5.2579E+00  -5.2575E+00   2.0124E-02  -5.2460E+00
  -5.2461E+00  -1.0756E+01  -1.0757E+01  -1.0756E+01  -1.0757E+01  -1.0755E+01
  -1.0756E+01  -1.0755E+01  -1.0757E+01   3.6443E+01  -3.1944E+01   7.7496E+01
  -6.6968E+01  -4.9871E-01  -4.5614E-01   1.9240E+01  -1.7006E+01   7.5355E+01
  -6.5237E+01   1.7235E+01  -1.5141E+01  -3.8883E+01   3.3147E+01   7.3427E+01
  -6.3260E+01   7.7727E+01  -6.6735E+01   3.8690E+01  -3.3484E+01   7.5501E+01
  -6.5092E+01   1.9355E+01  -1.6884E+01   3.8614E+01  -3.3555E+01   7.7672E+01
  -6.6786E+01   3.6473E+01  -3.1867E+01   1.7362E+01  -1.5041E+01   7.5715E+01
  -6.4929E+01  -1.9463E+01   1.6556E+01   7.3670E+01  -6.3176E+01   7.3652E+01
  -6.3166E+01   3.8897E+01  -3.3325E+01   3.8891E+01  -3.3312E+01  -1.9499E+01
   1.6559E+01  -1.9497E+01   1.6558E+01   3.6834E+01  -3.1574E+01  -7.7427E-04
  -1.7639E-02   3.6839E+01  -3.1592E+01   7.5687E+01  -6.4927E+01   7.5690E+01
  -6.4927E+01   7.5689E+01  -6.4927E+01   7.5687E+01  -6.4928E+01  -1.0292E-01
  -5.9119E-02   4.2466E-02   2.0209E-02
  > Energy =  -5.359894722962E+02 +/-   2.053766083901E-04
  > varE =   4.222004364304E-03

VMC #6:
* Size of Hilbert space =   1.1779E+07
* Number of equil. steps   = 1000
* Running VMC equilibration.
  Done. [total walltime: 0.03s]
* Equil. acc.ratio (%)     =  21.2617
* Sample config after equilibration:
  +-------------+
  |  0       u  |
  |      0      |
  |    2   2    |
  |d           d|
  |2           d|
  |    d   u    |
  |      u      |
  |  0       u  |
  +-------------+
* Number of accum. steps   = 500480 x 10
* Running VMC accumulation.
    [walltime: 1m elapsed, 1m54s remaining]
  Done. [total walltime: 2m54s]
* Acceptance ratio (%)     =  21.1835
* Etot/t                   =  -5.359894831210E+02 +/-   9.194103162580E-05
  > Ttot/t                 =  -3.900188630125E+01 +/-   6.858138648939E-04
  > Utot/t                 =   1.647903671827E+01 +/-   6.785196965198E-04
* var[Eloc/t]              =   4.163844736514E-03 +/-   3.086666202100E-05
* Correlation length       =   1.016040325589E+00
* log10 Psi^2 range: -23.56111332315908 -- -15.09668422024931
* log10 Pgen range : -23.56111332315908 -- -15.09668422024931
* Site occupation (ave. no. electrons per config.):
  > Site_  ___eu____  ___ed____
      1        0.500      0.501
      2        0.501      0.501
      3        0.500      0.501
      4        0.501      0.501
      5        0.498      0.500
      6        0.498      0.497
      7        0.503      0.501
      8        0.502      0.500
      9        0.498      0.498
     10        0.500      0.499
     11        0.496      0.498
     12        0.503      0.502
     13        0.501      0.500
     14        0.499      0.500
* Pair-correlation analysis (ave. no. pairs per config.):
  > Shell  nsite  ___dh____  __eueu___  __eued___
      0      1        0          0          2.463
      1      1        0.889      0.608      2.529
      2      1        0.300      0.665      1.076
      3      1        0.260      0.709      1.081
      4      1        0.673      1.108      2.282
      5      1        0.509      1.466      2.117
      6      1        0.240      2.066      1.929
      7      1        0.076      0.413      0.565
      8      1        0.145      0.854      1.094
      9      1        0.160      0.916      1.043
     10      1        0.295      1.856      2.082
     11      1        0.249      2.072      1.938
     12      1        0.250      2.125      1.904
     13      1        0.247      2.104      1.928
     14      1        0.140      1.047      0.954
     15      1        0.223      2.145      1.893
     16      1        0.234      1.956      2.052
     17      1        0.255      2.031      1.957
     18      1        0.236      2.067      1.952
     19      1        0.112      0.992      1.009
     20      1        0.115      1.006      0.990
     21      1        0.266      1.931      2.050
     22      1        0.259      2.034      1.964
     23      1        0.126      0.945      1.051
     24      1        0.126      0.942      1.050
     25      1        0.234      1.980      2.023
     26      1        0.118      0.988      1.019
     27      1        0.232      2.023      1.981
     28      1        0.068      0.481      0.507
     29      1        0.066      0.485      0.508
     30      1        0.065      0.485      0.506
     31      1        0.066      0.486      0.509
     32      1        0.118      1.014      0.993

VDAGGER finished.
Total VDAGGER walltime: 4h43m

Run ended: Thu Oct 23 14:13:51 CEST 2025
