Run started: Thu Oct 23 09:29:08 CEST 2025
Using VDAGGER_ARCH = intel23_fkfamd23_cluster
Running 1x128 MPI processes.

                               xx
                              +##
                               #X
                               Xx
                          X##XxXxxX##x
                           +   Xx  ++
                               ##
                              +##
                              +##
     ++++         ++          +##
   xX+++##+      ####         +##
  Xx    ###      +X##          ##
 xX    X##+        ##          #X
 +    x##X         #x          #X
      ###         +#           x+
     X##+         #+
     ###         Xx                    _______
     ##X       +X+   __________________VDAGGER
     +##x    +xX     2nd quantized variational
       +xxxxx+       ______quantum Monte Carlo

* Running 128 MPI processes.
* Input file: "input.casl"

############# Start of input file dump #############
General:
  Random seed: timer

Plan:
  VMC-optimization:
    Minimum cycles: 5
    Convergence cycles: 5

System:
  Read Hamiltonian: FCIDUMP_loc_anthracene
  Read orbitals: LTSC_anthracene
  Complex orbitals: F
  Geometry:
    r_2: [ -6.89057736642100, 1.34708197213400 ]
    r_13: [ -6.89057736642100, -1.34708197213400 ]
    r_8: [ -4.67281867250400, 2.65001080964900 ]
    r_14: [ -4.67281867250400, -2.65001080964900 ]
    r_6: [ -2.30211174438900, 1.35516771450000 ]
    r_1: [ -2.30211174438900, -1.35516771450000 ]
    r_4: [ 0.00000000000000, 2.63879101222700 ]
    r_7: [ 0.00000000000000, -2.63879101222700 ]
    r_11: [ 2.30211174438900, 1.35516771450000 ]
    r_9: [ 2.30211174438900, -1.35516771450000 ]
    r_10: [ 4.67281867250400, 2.65001080964900 ]
    r_5: [ 4.67281867250400, -2.65001080964900 ]
    r_3: [ 6.89057736642100, 1.34708197213400 ]
    r_12: [ 6.89057736642100, -1.34708197213400 ]

VMC:
  nstep: 500000
  nconfig: 100000

Jastrow: wfn.casl

Multideterminants: wfn.casl
############## End of input file dump ##############

General setup:
* Random seed: 562035058 (from timer)

* Loaded integrals for system with nelec=14, ms2=0, norb=14
* INFO: setting number of electrons from integrals file.
* Analysis of Hamiltonian connecitivity performed:
  - T_ii (local, 1-site): 14 (i) values
  - U_iiii [opp] (local, 1-site): 14 (i) values
  - U_kkii [opp] (local, 2-site): 182 contribs. from 14 (i) values
  - U_kkii [par] (local, 2-site): 91 contribs. from 13 (i) values
  - T_ji (single, 2-site): 182 contribs. from 14 (i) values
  - U_kkji [opp] (single, 2/3-site): 2548 contribs. from 182 (i,j) pairs
  - U_kkji [par] (single, 3-site): 2366 contribs. from 182 (i,j) pairs
  - U_lkji [opp] (double, 2/3/4-site): 33092 contribs. from 182 (i,j) pairs
  - U_lkji [par] (double, 4-site): 7462 contribs. from 156 (i,j) pairs
  - Max. no. wfn. ratios in Eloc: 4407
* Reading override orbitals from file "LTSC_anthracene".
* Site labels:
  +--------------------+
  |    8          10   |
  |          4         |
  |       6    11      |
  | 2                 3|
  |13                12|
  |       1     9      |
  |          7         |
  |   14           5   |
  +--------------------+
* Automatically set Site kinds:
  [ 1, 2, 2, 3, 4, 1, 3, 4, 1, 4, 1, 2, 2, 4 ]
  +-------------+
  |  4       4  |
  |      3      |
  |    1   1    |
  |2           2|
  |2           2|
  |    1   1    |
  |      3      |
  |  4       4  |
  +-------------+
* Maximum Site kind: 4
* Number of site-pair kinds with Tij=0: 0
* Automatically set Site pair kinds:
  Site 1: [ 0, -10, -21, 12, -31, -2, -4, -11, -14, -17, -9, 22, 13, -5 ]
  Site 2: [ -10, 0, 32, 24, 27, 13, 18, 1, -21, -25, -22, 26, -3, 15 ]
  Site 3: [ -21, 32, 0, -24, 15, 22, -18, 25, -10, -1, -13, -3, 26, 27 ]
  Site 4: [ 12, 24, -24, 0, -16, -4, -7, -6, -12, -6, -4, -18, 18, 16 ]
  Site 5: [ -31, 27, 15, -16, 0, -17, -6, -19, -5, -8, -11, -1, -25, 20 ]
  Site 6: [ -2, 13, 22, -4, -17, 0, 12, 5, 9, -28, 14, -21, -10, 11 ]
  Site 7: [ -4, 18, -18, -7, -6, 12, 0, -16, 4, -16, 12, -23, 23, 6 ]
  Site 8: [ -11, 1, 25, -6, -19, 5, -16, 0, 17, -20, -29, -27, -15, 8 ]
  Site 9: [ -14, -21, -10, -12, -5, 9, 4, 17, 0, 11, 2, 13, 22, -30 ]
  Site 10: [ -17, -25, -1, -6, -8, -28, -16, -20, 11, 0, 5, 15, 27, 19 ]
  Site 11: [ -9, -22, -13, -4, -11, 14, 12, -29, 2, 5, 0, 10, 21, 17 ]
  Site 12: [ 22, 26, -3, -18, -1, -21, -23, -27, 13, 15, 10, 0, 32, -25 ]
  Site 13: [ 13, -3, 26, 18, -25, -10, 23, -15, 22, 27, 21, 32, 0, -1 ]
  Site 14: [ -5, 15, 27, 16, 20, 11, 6, 8, -30, 19, 17, -25, -1, 0 ]
  For site 1 of kind 1:
  +---------------------------+
  |    -11             -17    |
  |             12            |
  |         -2      -9        |
  |-10                     -21|
  | 13                      22|
  |          0     -14        |
  |             -4            |
  |     -5             -31    |
  +---------------------------+
  For site 2 of kind 2:
  +---------------------------+
  |      1             -25    |
  |             24            |
  |         13     -22        |
  |  0                      32|
  | -3                      26|
  |        -10     -21        |
  |             18            |
  |     15              27    |
  +---------------------------+
  For site 4 of kind 3:
  +---------------------------+
  |     -6              -6    |
  |              0            |
  |         -4      -4        |
  | 24                     -24|
  | 18                     -18|
  |         12     -12        |
  |             -7            |
  |     16             -16    |
  +---------------------------+
  For site 5 of kind 4:
  +---------------------------+
  |    -19              -8    |
  |            -16            |
  |        -17     -11        |
  | 27                      15|
  |-25                      -1|
  |        -31      -5        |
  |             -6            |
  |     20               0    |
  +---------------------------+
* Maximum (unsigned) Site pair kind: 32
General system setup:
* Number of sites       : 14
* Number of electrons   : 14
* Spin imbalance MS2    : 0
* Filling               : 0.500000
* Number of orbitals in pool: 14
* Using real-valued orbitals
* Using double-precision arithmetic for orbitals

Trial wave function setup:
* Jastrow parameter file: "wfn.casl"
* Multideterminant parameter file: "wfn.casl"
* Not using a backflow transformation
* Not using wave function manipulation

VMC #1:
* Size of Hilbert space =   1.1779E+07
* Number of equil. steps   = 1000
* Running VMC equilibration.
  Done. [total walltime: 0.03s]
* Equil. acc.ratio (%)     =  21.2559
* Sample config after equilibration:
  +-------------+
  |  0       d  |
  |      d      |
  |    2   2    |
  |d           u|
  |d           u|
  |    u   u    |
  |      0      |
  |  u       d  |
  +-------------+
* Number of accum. steps   = 500480 x 10
* Running VMC accumulation.
    [walltime: 1m elapsed, 1m11s remaining]
  Done. [total walltime: 2m11s]
* Acceptance ratio (%)     =  21.2809
* Etot/t                   =  -5.359895940538E+02 +/-   9.293320675362E-05
  > Ttot/t                 =  -3.900362312265E+01 +/-   6.871253477998E-04
  > Utot/t                 =   1.648066260683E+01 +/-   6.798936820073E-04
* var[Eloc/t]              =   4.226145763138E-03 +/-   3.970652208695E-05
* Correlation length       =   1.022784413945E+00
* log10 Psi^2 range: -24.53034092212414 -- -16.38897891179008
* log10 Pgen range : -24.53034092212414 -- -16.38897891179008
* Site occupation (ave. no. electrons per config.):
  > Site_  ___eu____  ___ed____
      1        0.497      0.499
      2        0.501      0.500
      3        0.501      0.502
      4        0.501      0.504
      5        0.499      0.499
      6        0.500      0.500
      7        0.504      0.503
      8        0.501      0.498
      9        0.496      0.496
     10        0.499      0.499
     11        0.498      0.499
     12        0.503      0.502
     13        0.499      0.501
     14        0.501      0.500
* Pair-correlation analysis (ave. no. pairs per config.):
  > Shell  nsite  ___dh____  __eueu___  __eued___
      0      1        0          0          2.461
      1      1        0.891      0.605      2.527
      2      1        0.299      0.662      1.079
      3      1        0.259      0.711      1.078
      4      1        0.671      1.115      2.285
      5      1        0.509      1.462      2.118
      6      1        0.242      2.071      1.931
      7      1        0.075      0.416      0.568
      8      1        0.148      0.855      1.087
      9      1        0.159      0.916      1.041
     10      1        0.293      1.855      2.082
     11      1        0.248      2.072      1.934
     12      1        0.249      2.130      1.904
     13      1        0.247      2.106      1.923
     14      1        0.138      1.045      0.956
     15      1        0.221      2.138      1.899
     16      1        0.229      1.964      2.057
     17      1        0.257      2.025      1.956
     18      1        0.236      2.066      1.960
     19      1        0.114      0.994      1.005
     20      1        0.117      1.006      0.986
     21      1        0.267      1.932      2.047
     22      1        0.259      2.034      1.958
     23      1        0.126      0.946      1.055
     24      1        0.126      0.944      1.053
     25      1        0.233      1.975      2.027
     26      1        0.118      0.989      1.015
     27      1        0.233      2.018      1.983
     28      1        0.065      0.486      0.509
     29      1        0.066      0.485      0.509
     30      1        0.066      0.484      0.506
     31      1        0.066      0.481      0.509
     32      1        0.118      1.014      0.992

Optimization #1:
* Method          : lls
* Target function : energy
* No. of configs. : 100096
* No. of params.  : 122
* Before optimization:
   2.4834E+00   2.4952E+00   2.4928E+00   2.4913E+00  -1.6655E+00  -1.6614E+00
   3.1847E+00   1.1723E+00   9.1135E-01   9.0465E-01  -5.2768E-01  -5.3648E-01
  -3.2115E+00  -3.2152E+00  -1.8137E+00  -4.8468E+00   2.6596E+00   1.6763E+00
   1.6763E+00  -9.1269E-01  -9.1434E-01   5.7333E-01   5.7262E-01   1.7920E+00
   1.7891E+00   2.7489E+00  -1.9452E+00  -1.9453E+00  -3.4368E+00  -3.4372E+00
  -1.3248E+00  -1.3269E+00  -8.4309E-01  -8.4236E-01  -5.2216E+00  -5.2059E+00
   1.2598E+00   1.2580E+00   1.2584E+00   1.2555E+00  -7.8631E-01  -7.8300E-01
  -7.8733E-01  -7.8187E-01  -2.6143E+00  -2.6144E+00   1.9079E-02  -2.6094E+00
  -2.6079E+00  -1.2779E+00  -1.2811E+00  -1.2774E+00  -1.2817E+00  -1.2796E+00
  -1.2810E+00  -1.2804E+00  -1.2825E+00   1.7921E+01  -1.6134E+01  -1.7965E+01
   1.4826E+01  -5.9586E-01  -4.4560E-01  -2.0378E+00   1.1910E+00   9.1357E+00
  -8.5399E+00   2.5229E+01  -2.2035E+01   1.4055E+01  -1.2246E+01   3.6491E+01
  -3.1658E+01  -1.7713E+01   1.5056E+01  -9.0868E+00   7.4142E+00   9.3014E+00
  -8.3963E+00  -1.9022E+00   1.3158E+00  -9.1733E+00   7.3432E+00  -1.7782E+01
   1.5007E+01   1.7959E+01  -1.6057E+01   2.5374E+01  -2.1934E+01   9.5568E+00
  -8.2322E+00   6.9795E+00  -6.1377E+00   3.6797E+01  -3.1575E+01   3.6767E+01
  -3.1562E+01  -8.8300E+00   7.5728E+00  -8.8448E+00   7.5845E+00   6.9305E+00
  -6.1369E+00   6.9298E+00  -6.1365E+00   1.8388E+01  -1.5774E+01   1.4675E-03
  -1.8775E-02   1.8400E+01  -1.5792E+01   9.5157E+00  -8.2302E+00   9.5159E+00
  -8.2304E+00   9.5168E+00  -8.2307E+00   9.5156E+00  -8.2288E+00  -1.0375E-01
  -6.0392E-02   4.7622E-02
  > E    =  -5.359897943367E+02 +/-   2.041182773943E-04
  > varE =   4.170426886673E-03
* Computing derivatives.
    [walltime: 1m2s elapsed, 17m32s remaining]
  Done. [total walltime: 18m32s]
* Optimizing manipulation constant:
  #igrid a___________ E____________________________________ varE____________
     1     Infinity    -5.35989794E+02 +/-   2.04118277E-04   4.17042689E-03
     2     1.0000E+06  -5.35989794E+02 +/-   2.04118276E-04   4.17042682E-03
     3     2.1544E+05  -5.35989794E+02 +/-   2.04118270E-04   4.17042658E-03
     4     4.6416E+04  -5.35989794E+02 +/-   2.04118242E-04   4.17042545E-03
     5     1.0000E+04  -5.35989794E+02 +/-   2.04118115E-04   4.17042024E-03
     6     2.1544E+03  -5.35989794E+02 +/-   2.04117523E-04   4.17039608E-03
     7     4.6416E+02  -5.35989794E+02 +/-   2.04114796E-04   4.17028462E-03
     8     1.0000E+02  -5.35989795E+02 +/-   2.04102497E-04   4.16978209E-03
     9     2.1544E+01  -5.35989795E+02 +/-   2.04052898E-04   4.16775574E-03
    10     4.6416E+00  -5.35989796E+02 +/-   2.03967944E-04   4.16428609E-03
    11     1.0000E+00  -5.35989620E+02 +/-   2.07354944E-04   4.30373491E-03
    12     2.1544E-01  -5.35982725E+02 +/-   2.91551989E-04   8.50841649E-03
    13     4.6416E-02  -5.35941203E+02 +/-   5.43370777E-04   2.95535243E-02
    14     1.0000E-02  -5.35908218E+02 +/-   6.65770050E-04   4.43675280E-02
    15     2.1544E-03  -5.35899760E+02 +/-   6.92265169E-04   4.79691127E-02
    16     4.6416E-04  -5.35897976E+02 +/-   6.97644745E-04   4.87175430E-02
    17     1.0000E-04  -5.35897596E+02 +/-   6.98780928E-04   4.88763549E-02
    18     2.1544E-05  -5.35897515E+02 +/-   6.99024556E-04   4.89104420E-02
    19     4.6416E-06  -5.35897497E+02 +/-   6.99076989E-04   4.89177797E-02
    20     1.0000E-06  -5.35897493E+02 +/-   6.99088282E-04   4.89193602E-02
    21     0.0000E+00  -5.35897492E+02 +/-   6.99091384E-04   4.89197942E-02
  ParMin   9.9518E+00  -5.35989796E+02 +/-   2.04000443E-04   4.16561325E-03
  # Using parabolic minimum
* Iteration # 1: E =  -5.359897961185E+02 +/-   2.040004434656E-04
* Convergence: exiting.
* After optimization:
   2.1893E+00   2.2009E+00   2.1988E+00   2.1972E+00  -1.6443E+00  -1.6404E+00
   3.1225E+00   1.1727E+00   1.0467E+00   1.0398E+00  -5.3835E-01  -5.4716E-01
  -3.0239E+00  -3.0274E+00  -1.4807E+00  -4.8044E+00   2.5979E+00   1.6449E+00
   1.6448E+00  -9.2286E-01  -9.2436E-01   7.0878E-01   7.0803E-01   1.7601E+00
   1.7571E+00   2.6871E+00  -1.9239E+00  -1.9240E+00  -3.2488E+00  -3.2492E+00
  -1.3338E+00  -1.3357E+00  -6.7660E-01  -6.7589E-01  -5.1781E+00  -5.1622E+00
   1.2292E+00   1.2275E+00   1.2276E+00   1.2249E+00  -6.2014E-01  -6.1678E-01
  -6.2103E-01  -6.1565E-01  -2.5925E+00  -2.5927E+00   1.8979E-02  -2.5875E+00
  -2.5861E+00  -1.2874E+00  -1.2902E+00  -1.2869E+00  -1.2908E+00  -1.2886E+00
  -1.2901E+00  -1.2895E+00  -1.2916E+00   1.7770E+01  -1.6005E+01  -1.7530E+01
   1.4452E+01  -5.9638E-01  -4.4559E-01  -2.9854E+00   2.0037E+00   9.2035E+00
  -8.5968E+00   2.3913E+01  -2.0906E+01   1.1723E+01  -1.0248E+01   3.6190E+01
  -3.1400E+01  -1.7277E+01   1.4683E+01  -8.8690E+00   7.2279E+00   9.3688E+00
  -8.4536E+00  -2.8500E+00   2.1282E+00  -8.9553E+00   7.1571E+00  -1.7347E+01
   1.4633E+01   1.7808E+01  -1.5928E+01   2.4058E+01  -2.0806E+01   9.6238E+00
  -8.2900E+00   5.8139E+00  -5.1386E+00   3.6496E+01  -3.1318E+01   3.6465E+01
  -3.1304E+01  -8.6126E+00   7.3859E+00  -8.6274E+00   7.3978E+00   5.7649E+00
  -5.1376E+00   5.7642E+00  -5.1374E+00   1.8238E+01  -1.5645E+01   1.2451E-03
  -1.9001E-02   1.8250E+01  -1.5663E+01   9.5827E+00  -8.2878E+00   9.5828E+00
  -8.2881E+00   9.5837E+00  -8.2884E+00   9.5825E+00  -8.2866E+00  -1.0396E-01
  -6.0720E-02   4.7659E-02
  > Energy =  -5.359897961185E+02 +/-   2.040004434656E-04
  > varE =   4.165613246785E-03

VMC #2:
* Size of Hilbert space =   1.1779E+07
* Number of equil. steps   = 1000
* Running VMC equilibration.
  Done. [total walltime: 0.03s]
* Equil. acc.ratio (%)     =  21.2170
* Sample config after equilibration:
  +-------------+
  |  u       d  |
  |      2      |
  |    u   0    |
  |d           u|
  |2           d|
  |    0   0    |
  |      2      |
  |  0       2  |
  +-------------+
* Number of accum. steps   = 500480 x 10
* Running VMC accumulation.
    [walltime: 1m elapsed, 1m14s remaining]
  Done. [total walltime: 2m14s]
* Acceptance ratio (%)     =  21.2658
* Etot/t                   =  -5.359894562164E+02 +/-   9.215379050662E-05
  > Ttot/t                 =  -3.900275693037E+01 +/-   6.765088884655E-04
  > Utot/t                 =   1.647993425193E+01 +/-   6.737024134518E-04
* var[Eloc/t]              =   4.195086162049E-03 +/-   4.508685834533E-05
* Correlation length       =   1.013146501006E+00
* log10 Psi^2 range: -24.29998305379867 -- -16.38808102393211
* log10 Pgen range : -24.29998305379867 -- -16.38808102393211
* Site occupation (ave. no. electrons per config.):
  > Site_  ___eu____  ___ed____
      1        0.496      0.498
      2        0.502      0.501
      3        0.505      0.499
      4        0.504      0.503
      5        0.501      0.500
      6        0.498      0.499
      7        0.503      0.504
      8        0.500      0.499
      9        0.497      0.496
     10        0.496      0.503
     11        0.497      0.498
     12        0.501      0.501
     13        0.499      0.501
     14        0.500      0.500
* Pair-correlation analysis (ave. no. pairs per config.):
  > Shell  nsite  ___dh____  __eueu___  __eued___
      0      1        0          0          2.463
      1      1        0.896      0.603      2.527
      2      1        0.300      0.658      1.076
      3      1        0.260      0.711      1.077
      4      1        0.669      1.114      2.288
      5      1        0.509      1.461      2.118
      6      1        0.240      2.078      1.932
      7      1        0.076      0.417      0.568
      8      1        0.149      0.857      1.086
      9      1        0.159      0.915      1.038
     10      1        0.292      1.855      2.077
     11      1        0.249      2.070      1.933
     12      1        0.246      2.131      1.908
     13      1        0.249      2.101      1.919
     14      1        0.139      1.041      0.953
     15      1        0.223      2.142      1.901
     16      1        0.231      1.962      2.063
     17      1        0.255      2.026      1.958
     18      1        0.233      2.072      1.961
     19      1        0.116      0.994      1.004
     20      1        0.117      1.008      0.989
     21      1        0.269      1.928      2.041
     22      1        0.258      2.031      1.960
     23      1        0.126      0.944      1.056
     24      1        0.125      0.946      1.058
     25      1        0.234      1.975      2.029
     26      1        0.118      0.987      1.018
     27      1        0.233      2.020      1.985
     28      1        0.067      0.483      0.509
     29      1        0.067      0.484      0.506
     30      1        0.067      0.485      0.505
     31      1        0.066      0.484      0.507
     32      1        0.120      1.017      0.987

Optimization #2:
* Method          : lls
* Target function : energy
* No. of configs. : 100096
* No. of params.  : 122
* Before optimization:
   2.1893E+00   2.2009E+00   2.1988E+00   2.1972E+00  -1.6443E+00  -1.6404E+00
   3.1225E+00   1.1727E+00   1.0467E+00   1.0398E+00  -5.3835E-01  -5.4716E-01
  -3.0239E+00  -3.0274E+00  -1.4807E+00  -4.8044E+00   2.5979E+00   1.6449E+00
   1.6448E+00  -9.2286E-01  -9.2436E-01   7.0878E-01   7.0803E-01   1.7601E+00
   1.7571E+00   2.6871E+00  -1.9239E+00  -1.9240E+00  -3.2488E+00  -3.2492E+00
  -1.3338E+00  -1.3357E+00  -6.7660E-01  -6.7589E-01  -5.1781E+00  -5.1622E+00
   1.2292E+00   1.2275E+00   1.2276E+00   1.2249E+00  -6.2014E-01  -6.1678E-01
  -6.2103E-01  -6.1565E-01  -2.5925E+00  -2.5927E+00   1.8979E-02  -2.5875E+00
  -2.5861E+00  -1.2874E+00  -1.2902E+00  -1.2869E+00  -1.2908E+00  -1.2886E+00
  -1.2901E+00  -1.2895E+00  -1.2916E+00   1.7770E+01  -1.6005E+01  -1.7530E+01
   1.4452E+01  -5.9638E-01  -4.4559E-01  -2.9854E+00   2.0037E+00   9.2035E+00
  -8.5968E+00   2.3913E+01  -2.0906E+01   1.1723E+01  -1.0248E+01   3.6190E+01
  -3.1400E+01  -1.7277E+01   1.4683E+01  -8.8690E+00   7.2279E+00   9.3688E+00
  -8.4536E+00  -2.8500E+00   2.1282E+00  -8.9553E+00   7.1571E+00  -1.7347E+01
   1.4633E+01   1.7808E+01  -1.5928E+01   2.4058E+01  -2.0806E+01   9.6238E+00
  -8.2900E+00   5.8139E+00  -5.1386E+00   3.6496E+01  -3.1318E+01   3.6465E+01
  -3.1304E+01  -8.6126E+00   7.3859E+00  -8.6274E+00   7.3978E+00   5.7649E+00
  -5.1376E+00   5.7642E+00  -5.1374E+00   1.8238E+01  -1.5645E+01   1.2451E-03
  -1.9001E-02   1.8250E+01  -1.5663E+01   9.5827E+00  -8.2878E+00   9.5828E+00
  -8.2881E+00   9.5837E+00  -8.2884E+00   9.5825E+00  -8.2866E+00  -1.0396E-01
  -6.0720E-02   4.7659E-02
  > E    =  -5.359897886686E+02 +/-   2.044433155820E-04
  > varE =   4.183719447268E-03
* Computing derivatives.
    [walltime: 1m2s elapsed, 17m55s remaining]
  Done. [total walltime: 18m49s]
* Optimizing manipulation constant:
  #igrid a___________ E____________________________________ varE____________
     1     Infinity    -5.35989789E+02 +/-   2.04443316E-04   4.18371945E-03
     2     1.0000E+06  -5.35989789E+02 +/-   2.04443314E-04   4.18371940E-03
     3     2.1544E+05  -5.35989789E+02 +/-   2.04443311E-04   4.18371924E-03
     4     4.6416E+04  -5.35989789E+02 +/-   2.04443292E-04   4.18371848E-03
     5     1.0000E+04  -5.35989789E+02 +/-   2.04443206E-04   4.18371497E-03
     6     2.1544E+03  -5.35989789E+02 +/-   2.04442808E-04   4.18369866E-03
     7     4.6416E+02  -5.35989789E+02 +/-   2.04440962E-04   4.18362313E-03
     8     1.0000E+02  -5.35989789E+02 +/-   2.04432473E-04   4.18327570E-03
     9     2.1544E+01  -5.35989790E+02 +/-   2.04394647E-04   4.18172779E-03
    10     4.6416E+00  -5.35989795E+02 +/-   2.04246321E-04   4.17566073E-03
    11     1.0000E+00  -5.35989806E+02 +/-   2.03852724E-04   4.15958268E-03
    12     2.1544E-01  -5.35989812E+02 +/-   2.03425437E-04   4.14216350E-03
    13     4.6416E-02  -5.35989798E+02 +/-   2.03688336E-04   4.15287677E-03
    14     1.0000E-02  -5.35989556E+02 +/-   2.09840440E-04   4.40752822E-03
    15     2.1544E-03  -5.35985573E+02 +/-   2.76378815E-04   7.64585793E-03
    16     4.6416E-04  -5.35975200E+02 +/-   3.93138222E-04   1.54706037E-02
    17     1.0000E-04  -5.35967731E+02 +/-   4.57276917E-04   2.09302917E-02
    18     2.1544E-05  -5.35965373E+02 +/-   4.75520015E-04   2.26336359E-02
    19     4.6416E-06  -5.35964815E+02 +/-   4.79718418E-04   2.30350685E-02
    20     1.0000E-06  -5.35964692E+02 +/-   4.80636189E-04   2.31232917E-02
    21     0.0000E+00  -5.35964658E+02 +/-   4.80889046E-04   2.31476278E-02
* Iteration # 1: E =  -5.359898116866E+02 +/-   2.034254367660E-04
* Diminishing returns: exiting.
* After optimization:
  -1.3442E+00  -1.3282E+00  -1.3350E+00  -1.3329E+00  -6.9538E-01  -6.9033E-01
   4.2254E+00   1.1866E+00   3.3631E-01   3.2832E-01   9.5254E-01   9.4180E-01
  -3.3424E+00  -3.3456E+00  -3.9956E+00  -2.9159E+00   3.7030E+00   2.1976E+00
   2.1977E+00   5.7032E-01   5.6926E-01   2.0243E-03   1.4968E-03   2.3111E+00
   2.3080E+00   3.7905E+00  -9.7272E-01  -9.7231E-01  -3.5609E+00  -3.5616E+00
   1.6509E-01   1.6366E-01  -1.9313E+00  -1.9292E+00  -3.2887E+00  -3.2751E+00
   1.7856E+00   1.7854E+00   1.7836E+00   1.7814E+00  -1.8747E+00  -1.8719E+00
  -1.8756E+00  -1.8723E+00  -1.6479E+00  -1.6479E+00   1.6931E-02  -1.6428E+00
  -1.6431E+00   2.0632E-01   2.0614E-01   2.0854E-01   2.0439E-01   2.0643E-01
   2.0704E-01   2.0533E-01   2.0430E-01   1.1197E+01  -1.0379E+01  -2.5184E+01
   2.1003E+01  -5.8683E-01  -4.6749E-01   2.0343E+00  -2.3018E+00  -1.2003E+00
   3.1857E-01   2.6177E+01  -2.2850E+01   2.9412E+01  -2.5422E+01   2.3031E+01
  -2.0129E+01  -2.4935E+01   2.1235E+01  -1.2690E+01   1.0497E+01  -1.0378E+00
   4.5881E-01   2.1659E+00  -2.1821E+00  -1.2776E+01   1.0426E+01  -2.5004E+01
   2.1187E+01   1.1233E+01  -1.0304E+01   2.6319E+01  -2.2756E+01  -7.8993E-01
   6.2490E-01   1.4660E+01  -1.2730E+01   2.3325E+01  -2.0037E+01   2.3294E+01
  -2.0021E+01  -1.2442E+01   1.0658E+01  -1.2457E+01   1.0672E+01   1.4610E+01
  -1.2728E+01   1.4611E+01  -1.2728E+01   1.1652E+01  -1.0004E+01   2.4430E-03
  -1.8554E-02   1.1665E+01  -1.0023E+01  -8.3134E-01   6.2861E-01  -8.3079E-01
   6.2899E-01  -8.2983E-01   6.2936E-01  -8.3039E-01   6.2925E-01  -1.0942E-01
  -6.1409E-02   4.2429E-02
  > Energy =  -5.359898116866E+02 +/-   2.034254367660E-04
  > varE =   4.142163495543E-03

VMC #3:
* Size of Hilbert space =   1.1779E+07
* Number of equil. steps   = 1000
* Running VMC equilibration.
  Done. [total walltime: 0.03s]
* Equil. acc.ratio (%)     =  21.3243
* Sample config after equilibration:
  +-------------+
  |  d       0  |
  |      2      |
  |    u   d    |
  |u           2|
  |d           0|
  |    u   0    |
  |      2      |
  |  0       2  |
  +-------------+
* Number of accum. steps   = 500480 x 10
* Running VMC accumulation.
    [walltime: 1m elapsed, 1m15s remaining]
  Done. [total walltime: 2m15s]
* Acceptance ratio (%)     =  21.2859
* Etot/t                   =  -5.359893133646E+02 +/-   9.104261002755E-05
  > Ttot/t                 =  -3.900178247949E+01 +/-   6.941144400043E-04
  > Utot/t                 =   1.647910265290E+01 +/-   6.868596220678E-04
* var[Eloc/t]              =   4.198762756907E-03 +/-   4.158063155720E-05
* Correlation length       =   9.879950985022E-01
* log10 Psi^2 range: -25.05297963922207 -- -16.73577671958477
* log10 Pgen range : -25.05297963922207 -- -16.73577671958477
* Site occupation (ave. no. electrons per config.):
  > Site_  ___eu____  ___ed____
      1        0.497      0.500
      2        0.502      0.500
      3        0.504      0.499
      4        0.505      0.503
      5        0.500      0.500
      6        0.496      0.497
      7        0.499      0.501
      8        0.501      0.499
      9        0.499      0.497
     10        0.498      0.500
     11        0.496      0.502
     12        0.501      0.502
     13        0.503      0.500
     14        0.498      0.500
* Pair-correlation analysis (ave. no. pairs per config.):
  > Shell  nsite  ___dh____  __eueu___  __eued___
      0      1        0          0          2.469
      1      1        0.895      0.607      2.526
      2      1        0.301      0.659      1.080
      3      1        0.260      0.714      1.079
      4      1        0.674      1.109      2.280
      5      1        0.513      1.458      2.119
      6      1        0.243      2.069      1.924
      7      1        0.076      0.413      0.567
      8      1        0.148      0.856      1.088
      9      1        0.163      0.913      1.042
     10      1        0.294      1.857      2.084
     11      1        0.251      2.073      1.930
     12      1        0.251      2.129      1.898
     13      1        0.250      2.111      1.920
     14      1        0.141      1.047      0.953
     15      1        0.226      2.138      1.901
     16      1        0.229      1.960      2.058
     17      1        0.258      2.027      1.954
     18      1        0.236      2.066      1.958
     19      1        0.114      0.989      1.010
     20      1        0.117      1.009      0.987
     21      1        0.269      1.932      2.049
     22      1        0.263      2.034      1.960
     23      1        0.125      0.938      1.055
     24      1        0.126      0.950      1.056
     25      1        0.234      1.979      2.029
     26      1        0.119      0.987      1.021
     27      1        0.234      2.026      1.978
     28      1        0.067      0.482      0.507
     29      1        0.068      0.487      0.507
     30      1        0.065      0.486      0.508
     31      1        0.067      0.481      0.510
     32      1        0.120      1.016      0.992

Optimization #3:
* Method          : lls
* Target function : energy
* No. of configs. : 100096
* No. of params.  : 122
* Before optimization:
  -1.3442E+00  -1.3282E+00  -1.3350E+00  -1.3329E+00  -6.9538E-01  -6.9033E-01
   4.2254E+00   1.1866E+00   3.3631E-01   3.2832E-01   9.5254E-01   9.4180E-01
  -3.3424E+00  -3.3456E+00  -3.9956E+00  -2.9159E+00   3.7030E+00   2.1976E+00
   2.1977E+00   5.7032E-01   5.6926E-01   2.0243E-03   1.4968E-03   2.3111E+00
   2.3080E+00   3.7905E+00  -9.7272E-01  -9.7231E-01  -3.5609E+00  -3.5616E+00
   1.6509E-01   1.6366E-01  -1.9313E+00  -1.9292E+00  -3.2887E+00  -3.2751E+00
   1.7856E+00   1.7854E+00   1.7836E+00   1.7814E+00  -1.8747E+00  -1.8719E+00
  -1.8756E+00  -1.8723E+00  -1.6479E+00  -1.6479E+00   1.6931E-02  -1.6428E+00
  -1.6431E+00   2.0632E-01   2.0614E-01   2.0854E-01   2.0439E-01   2.0643E-01
   2.0704E-01   2.0533E-01   2.0430E-01   1.1197E+01  -1.0379E+01  -2.5184E+01
   2.1003E+01  -5.8683E-01  -4.6749E-01   2.0343E+00  -2.3018E+00  -1.2003E+00
   3.1857E-01   2.6177E+01  -2.2850E+01   2.9412E+01  -2.5422E+01   2.3031E+01
  -2.0129E+01  -2.4935E+01   2.1235E+01  -1.2690E+01   1.0497E+01  -1.0378E+00
   4.5881E-01   2.1659E+00  -2.1821E+00  -1.2776E+01   1.0426E+01  -2.5004E+01
   2.1187E+01   1.1233E+01  -1.0304E+01   2.6319E+01  -2.2756E+01  -7.8993E-01
   6.2490E-01   1.4660E+01  -1.2730E+01   2.3325E+01  -2.0037E+01   2.3294E+01
  -2.0021E+01  -1.2442E+01   1.0658E+01  -1.2457E+01   1.0672E+01   1.4610E+01
  -1.2728E+01   1.4611E+01  -1.2728E+01   1.1652E+01  -1.0004E+01   2.4430E-03
  -1.8554E-02   1.1665E+01  -1.0023E+01  -8.3134E-01   6.2861E-01  -8.3079E-01
   6.2899E-01  -8.2983E-01   6.2936E-01  -8.3039E-01   6.2925E-01  -1.0942E-01
  -6.1409E-02   4.2429E-02
  > E    =  -5.359895848744E+02 +/-   2.046037509312E-04
  > varE =   4.190288308222E-03
* Computing derivatives.
    [walltime: 1m2s elapsed, 17m54s remaining]
  Done. [total walltime: 18m51s]
* Optimizing manipulation constant:
  #igrid a___________ E____________________________________ varE____________
     1     Infinity    -5.35989585E+02 +/-   2.04603751E-04   4.19028831E-03
     2     1.0000E+06  -5.35989585E+02 +/-   2.04603750E-04   4.19028825E-03
     3     2.1544E+05  -5.35989585E+02 +/-   2.04603744E-04   4.19028804E-03
     4     4.6416E+04  -5.35989585E+02 +/-   2.04603720E-04   4.19028706E-03
     5     1.0000E+04  -5.35989585E+02 +/-   2.04603610E-04   4.19028253E-03
     6     2.1544E+03  -5.35989585E+02 +/-   2.04603111E-04   4.19026208E-03
     7     4.6416E+02  -5.35989585E+02 +/-   2.04601095E-04   4.19017954E-03
     8     1.0000E+02  -5.35989585E+02 +/-   2.04598217E-04   4.19006162E-03
     9     2.1544E+01  -5.35989585E+02 +/-   2.04732837E-04   4.19557734E-03
    10     4.6416E+00  -5.35989326E+02 +/-   2.13110185E-04   4.54595502E-03
    11     1.0000E+00  -5.35534759E+02 +/-   1.65245660E-03   2.73323420E-01
    12     2.1544E-01  -5.35935641E+02 +/-   6.03473649E-04   3.64530058E-02
    13     4.6416E-02  -5.35466946E+02 +/-   1.47542489E-03   2.17896840E-01
    14     1.0000E-02  -5.35267533E+02 +/-   1.63335110E-03   2.67039694E-01
    15     2.1544E-03  -5.35232242E+02 +/-   1.65781758E-03   2.75099755E-01
    16     4.6416E-04  -5.35224943E+02 +/-   1.66280064E-03   2.76756027E-01
    17     1.0000E-04  -5.35223384E+02 +/-   1.66386178E-03   2.77109371E-01
    18     2.1544E-05  -5.35223049E+02 +/-   1.66408982E-03   2.77185336E-01
    19     4.6416E-06  -5.35222977E+02 +/-   1.66413893E-03   2.77201695E-01
    20     1.0000E-06  -5.35222962E+02 +/-   1.66414950E-03   2.77205219E-01
    21     0.0000E+00  -5.35222957E+02 +/-   1.66415241E-03   2.77206187E-01
* Iteration # 1: E =  -5.359895849895E+02 +/-   2.045982165594E-04
* Convergence: exiting.
* After optimization:
  -1.3849E+00  -1.3689E+00  -1.3757E+00  -1.3735E+00  -6.7476E-01  -6.6970E-01
   4.2115E+00   1.1866E+00   3.2249E-01   3.1452E-01   9.6617E-01   9.5545E-01
  -3.3287E+00  -3.3318E+00  -4.0093E+00  -2.8747E+00   3.6891E+00   2.1906E+00
   2.1906E+00   5.8398E-01   5.8291E-01  -1.1756E-02  -1.2294E-02   2.3041E+00
   2.3009E+00   3.7766E+00  -9.5213E-01  -9.5172E-01  -3.5471E+00  -3.5479E+00
   1.7877E-01   1.7735E-01  -1.9381E+00  -1.9361E+00  -3.2474E+00  -3.2339E+00
   1.7786E+00   1.7785E+00   1.7765E+00   1.7744E+00  -1.8816E+00  -1.8788E+00
  -1.8825E+00  -1.8792E+00  -1.6273E+00  -1.6272E+00   1.6960E-02  -1.6222E+00
  -1.6224E+00   2.2001E-01   2.1981E-01   2.2217E-01   2.1808E-01   2.2009E-01
   2.2069E-01   2.1902E-01   2.1798E-01   1.1053E+01  -1.0255E+01  -2.5087E+01
   2.0920E+01  -5.8686E-01  -4.6741E-01   2.1307E+00  -2.3844E+00  -1.2962E+00
   4.0087E-01   2.6080E+01  -2.2768E+01   2.9508E+01  -2.5504E+01   2.2742E+01
  -1.9881E+01  -2.4837E+01   2.1152E+01  -1.2642E+01   1.0455E+01  -1.1338E+00
   5.4112E-01   2.2623E+00  -2.2648E+00  -1.2728E+01   1.0385E+01  -2.4906E+01
   2.1104E+01   1.1088E+01  -1.0180E+01   2.6223E+01  -2.2673E+01  -8.8590E-01
   7.0715E-01   1.4708E+01  -1.2771E+01   2.3036E+01  -1.9789E+01   2.3005E+01
  -1.9773E+01  -1.2393E+01   1.0617E+01  -1.2408E+01   1.0630E+01   1.4658E+01
  -1.2769E+01   1.4658E+01  -1.2769E+01   1.1508E+01  -9.8798E+00   2.4319E-03
  -1.8577E-02   1.1521E+01  -9.8987E+00  -9.2727E-01   7.1093E-01  -9.2670E-01
   7.1129E-01  -9.2579E-01   7.1166E-01  -9.2633E-01   7.1157E-01  -1.0942E-01
  -6.1442E-02   4.2440E-02
  > Energy =  -5.359895849895E+02 +/-   2.045982165594E-04
  > varE =   4.190061623230E-03

VMC #4:
* Size of Hilbert space =   1.1779E+07
* Number of equil. steps   = 1000
* Running VMC equilibration.
  Done. [total walltime: 0.03s]
* Equil. acc.ratio (%)     =  21.3756
* Sample config after equilibration:
  +-------------+
  |  u       d  |
  |      d      |
  |    u   u    |
  |d           u|
  |d           d|
  |    d   d    |
  |      u      |
  |  u       u  |
  +-------------+
* Number of accum. steps   = 500480 x 10
* Running VMC accumulation.
    [walltime: 1m elapsed, 1m14s remaining]
  Done. [total walltime: 2m15s]
* Acceptance ratio (%)     =  21.3062
* Etot/t                   =  -5.359893349700E+02 +/-   9.058496922727E-05
  > Ttot/t                 =  -3.900324134230E+01 +/-   6.979248886140E-04
  > Utot/t                 =   1.648053991032E+01 +/-   6.937002098685E-04
* var[Eloc/t]              =   4.138996506208E-03 +/-   2.629273307568E-05
* Correlation length       =   9.922107990151E-01
* log10 Psi^2 range: -24.39915279682931 -- -16.73426093406900
* log10 Pgen range : -24.39915279682931 -- -16.73426093406900
* Site occupation (ave. no. electrons per config.):
  > Site_  ___eu____  ___ed____
      1        0.502      0.498
      2        0.500      0.504
      3        0.499      0.502
      4        0.502      0.500
      5        0.501      0.498
      6        0.494      0.499
      7        0.501      0.502
      8        0.503      0.499
      9        0.497      0.497
     10        0.502      0.500
     11        0.499      0.499
     12        0.501      0.502
     13        0.501      0.502
     14        0.498      0.498
* Pair-correlation analysis (ave. no. pairs per config.):
  > Shell  nsite  ___dh____  __eueu___  __eued___
      0      1        0          0          2.467
      1      1        0.893      0.610      2.526
      2      1        0.299      0.662      1.079
      3      1        0.264      0.712      1.075
      4      1        0.667      1.110      2.283
      5      1        0.510      1.464      2.120
      6      1        0.239      2.069      1.925
      7      1        0.075      0.414      0.564
      8      1        0.150      0.857      1.086
      9      1        0.161      0.917      1.039
     10      1        0.293      1.857      2.086
     11      1        0.251      2.075      1.931
     12      1        0.251      2.119      1.901
     13      1        0.250      2.107      1.922
     14      1        0.139      1.045      0.955
     15      1        0.225      2.139      1.906
     16      1        0.230      1.955      2.057
     17      1        0.256      2.032      1.957
     18      1        0.235      2.065      1.951
     19      1        0.115      0.988      1.013
     20      1        0.117      1.011      0.986
     21      1        0.268      1.931      2.050
     22      1        0.261      2.035      1.958
     23      1        0.127      0.942      1.051
     24      1        0.125      0.941      1.053
     25      1        0.236      1.976      2.029
     26      1        0.119      0.985      1.022
     27      1        0.234      2.030      1.977
     28      1        0.066      0.481      0.511
     29      1        0.065      0.485      0.512
     30      1        0.067      0.482      0.506
     31      1        0.065      0.487      0.510
     32      1        0.118      1.017      0.992

Optimization #4:
* Method          : lls
* Target function : energy
* No. of configs. : 100096
* No. of params.  : 122
* Before optimization:
  -1.3849E+00  -1.3689E+00  -1.3757E+00  -1.3735E+00  -6.7476E-01  -6.6970E-01
   4.2115E+00   1.1866E+00   3.2249E-01   3.1452E-01   9.6617E-01   9.5545E-01
  -3.3287E+00  -3.3318E+00  -4.0093E+00  -2.8747E+00   3.6891E+00   2.1906E+00
   2.1906E+00   5.8398E-01   5.8291E-01  -1.1756E-02  -1.2294E-02   2.3041E+00
   2.3009E+00   3.7766E+00  -9.5213E-01  -9.5172E-01  -3.5471E+00  -3.5479E+00
   1.7877E-01   1.7735E-01  -1.9381E+00  -1.9361E+00  -3.2474E+00  -3.2339E+00
   1.7786E+00   1.7785E+00   1.7765E+00   1.7744E+00  -1.8816E+00  -1.8788E+00
  -1.8825E+00  -1.8792E+00  -1.6273E+00  -1.6272E+00   1.6960E-02  -1.6222E+00
  -1.6224E+00   2.2001E-01   2.1981E-01   2.2217E-01   2.1808E-01   2.2009E-01
   2.2069E-01   2.1902E-01   2.1798E-01   1.1053E+01  -1.0255E+01  -2.5087E+01
   2.0920E+01  -5.8686E-01  -4.6741E-01   2.1307E+00  -2.3844E+00  -1.2962E+00
   4.0087E-01   2.6080E+01  -2.2768E+01   2.9508E+01  -2.5504E+01   2.2742E+01
  -1.9881E+01  -2.4837E+01   2.1152E+01  -1.2642E+01   1.0455E+01  -1.1338E+00
   5.4112E-01   2.2623E+00  -2.2648E+00  -1.2728E+01   1.0385E+01  -2.4906E+01
   2.1104E+01   1.1088E+01  -1.0180E+01   2.6223E+01  -2.2673E+01  -8.8590E-01
   7.0715E-01   1.4708E+01  -1.2771E+01   2.3036E+01  -1.9789E+01   2.3005E+01
  -1.9773E+01  -1.2393E+01   1.0617E+01  -1.2408E+01   1.0630E+01   1.4658E+01
  -1.2769E+01   1.4658E+01  -1.2769E+01   1.1508E+01  -9.8798E+00   2.4319E-03
  -1.8577E-02   1.1521E+01  -9.8987E+00  -9.2727E-01   7.1093E-01  -9.2670E-01
   7.1129E-01  -9.2579E-01   7.1166E-01  -9.2633E-01   7.1157E-01  -1.0942E-01
  -6.1442E-02   4.2440E-02
  > E    =  -5.359896015890E+02 +/-   2.041795962449E-04
  > varE =   4.172932925794E-03
* Computing derivatives.
    [walltime: 1m2s elapsed, 17m46s remaining]
  Done. [total walltime: 18m44s]
* Optimizing manipulation constant:
  #igrid a___________ E____________________________________ varE____________
     1     Infinity    -5.35989602E+02 +/-   2.04179596E-04   4.17293293E-03
     2     1.0000E+06  -5.35989602E+02 +/-   2.04179595E-04   4.17293288E-03
     3     2.1544E+05  -5.35989602E+02 +/-   2.04179591E-04   4.17293269E-03
     4     4.6416E+04  -5.35989602E+02 +/-   2.04179570E-04   4.17293184E-03
     5     1.0000E+04  -5.35989602E+02 +/-   2.04179474E-04   4.17292792E-03
     6     2.1544E+03  -5.35989602E+02 +/-   2.04179037E-04   4.17291007E-03
     7     4.6416E+02  -5.35989602E+02 +/-   2.04177209E-04   4.17283534E-03
     8     1.0000E+02  -5.35989602E+02 +/-   2.04172977E-04   4.17266237E-03
     9     2.1544E+01  -5.35989603E+02 +/-   2.04243923E-04   4.17556270E-03
    10     4.6416E+00  -5.35989580E+02 +/-   2.06869907E-04   4.28362417E-03
    11     1.0000E+00  -5.35922827E+02 +/-   7.02448451E-04   4.93907522E-02
    12     2.1544E-01  -5.35346889E+02 +/-   1.76599500E-03   3.12173233E-01
    13     4.6416E-02  -5.35376929E+02 +/-   1.72758200E-03   2.98740474E-01
    14     1.0000E-02  -5.35919106E+02 +/-   6.18627085E-04   3.83066862E-02
    15     2.1544E-03  -5.35918598E+02 +/-   6.18279384E-04   3.82636376E-02
    16     4.6416E-04  -5.35918158E+02 +/-   6.19709063E-04   3.84408000E-02
    17     1.0000E-04  -5.35918043E+02 +/-   6.20108357E-04   3.84903528E-02
    18     2.1544E-05  -5.35918017E+02 +/-   6.20198899E-04   3.85015935E-02
    19     4.6416E-06  -5.35918012E+02 +/-   6.20218618E-04   3.85040419E-02
    20     1.0000E-06  -5.35918011E+02 +/-   6.20222877E-04   3.85045706E-02
    21     0.0000E+00  -5.35918010E+02 +/-   6.20224047E-04   3.85047159E-02
  ParMin   4.4528E+01  -5.35989602E+02 +/-   2.04180515E-04   4.17297047E-03
  # Using grid point #9
* Iteration # 1: E =  -5.359896029698E+02 +/-   2.042439227832E-04
* Convergence: exiting.
* After optimization:
  -1.3023E+00  -1.2863E+00  -1.2932E+00  -1.2911E+00  -7.0844E-01  -7.0332E-01
   4.1761E+00   1.1866E+00   3.6664E-01   3.5866E-01   9.1464E-01   9.0396E-01
  -3.3008E+00  -3.3039E+00  -3.8862E+00  -2.9423E+00   3.6539E+00   2.1729E+00
   2.1729E+00   5.3247E-01   5.3120E-01   3.2153E-02   3.1548E-02   2.2864E+00
   2.2831E+00   3.7414E+00  -9.8599E-01  -9.8549E-01  -3.5194E+00  -3.5202E+00
   1.2723E-01   1.2593E-01  -1.8766E+00  -1.8745E+00  -3.3150E+00  -3.3013E+00
   1.7610E+00   1.7608E+00   1.7588E+00   1.7568E+00  -1.8200E+00  -1.8172E+00
  -1.8210E+00  -1.8176E+00  -1.6611E+00  -1.6610E+00   1.7033E-02  -1.6560E+00
  -1.6562E+00   1.6870E-01   1.6856E-01   1.7074E-01   1.6676E-01   1.6865E-01
   1.6930E-01   1.6755E-01   1.6665E-01   1.1289E+01  -1.0458E+01  -2.4840E+01
   2.0708E+01  -5.8732E-01  -4.6721E-01   1.8228E+00  -2.1205E+00  -9.3618E-01
   9.2241E-02   2.5885E+01  -2.2601E+01   2.8645E+01  -2.4764E+01   2.3215E+01
  -2.0286E+01  -2.4590E+01   2.0940E+01  -1.2518E+01   1.0349E+01  -7.7356E-01
   2.3260E-01   1.9546E+00  -2.0009E+00  -1.2604E+01   1.0279E+01  -2.4659E+01
   2.0892E+01   1.1324E+01  -1.0382E+01   2.6028E+01  -2.2506E+01  -5.2573E-01
   3.9842E-01   1.4276E+01  -1.2402E+01   2.3509E+01  -2.0195E+01   2.3478E+01
  -2.0179E+01  -1.2270E+01   1.0511E+01  -1.2285E+01   1.0524E+01   1.4227E+01
  -1.2399E+01   1.4227E+01  -1.2399E+01   1.1744E+01  -1.0083E+01   2.4078E-03
  -1.8671E-02   1.1757E+01  -1.0102E+01  -5.6709E-01   4.0224E-01  -5.6656E-01
   4.0260E-01  -5.6566E-01   4.0292E-01  -5.6616E-01   4.0288E-01  -1.0942E-01
  -6.1598E-02   4.2546E-02
  > Energy =  -5.359896029698E+02 +/-   2.042439227832E-04
  > varE =   4.175562695065E-03

VMC #5:
* Size of Hilbert space =   1.1779E+07
* Number of equil. steps   = 1000
* Running VMC equilibration.
  Done. [total walltime: 0.03s]
* Equil. acc.ratio (%)     =  21.2718
* Sample config after equilibration:
  +-------------+
  |  2       0  |
  |      d      |
  |    u   2    |
  |0           2|
  |2           u|
  |    0   0    |
  |      2      |
  |  0       d  |
  +-------------+
* Number of accum. steps   = 500480 x 10
* Running VMC accumulation.
    [walltime: 1m elapsed, 1m14s remaining]
  Done. [total walltime: 2m14s]
* Acceptance ratio (%)     =  21.2792
* Etot/t                   =  -5.359893078096E+02 +/-   9.067615847599E-05
  > Ttot/t                 =  -3.900393541791E+01 +/-   6.925016445116E-04
  > Utot/t                 =   1.648126114626E+01 +/-   6.882916909431E-04
* var[Eloc/t]              =   4.229137122473E-03 +/-   3.917608814371E-05
* Correlation length       =   9.730186982254E-01
* log10 Psi^2 range: -24.61899494588198 -- -16.73294999705580
* log10 Pgen range : -24.61899494588198 -- -16.73294999705580
* Site occupation (ave. no. electrons per config.):
  > Site_  ___eu____  ___ed____
      1        0.497      0.501
      2        0.500      0.501
      3        0.501      0.501
      4        0.500      0.502
      5        0.500      0.497
      6        0.499      0.498
      7        0.504      0.499
      8        0.499      0.501
      9        0.496      0.500
     10        0.502      0.499
     11        0.499      0.499
     12        0.502      0.501
     13        0.505      0.501
     14        0.496      0.499
* Pair-correlation analysis (ave. no. pairs per config.):
  > Shell  nsite  ___dh____  __eueu___  __eued___
      0      1        0          0          2.464
      1      1        0.892      0.606      2.527
      2      1        0.299      0.664      1.083
      3      1        0.261      0.713      1.078
      4      1        0.673      1.109      2.283
      5      1        0.512      1.460      2.118
      6      1        0.240      2.070      1.918
      7      1        0.075      0.412      0.568
      8      1        0.147      0.855      1.087
      9      1        0.162      0.917      1.042
     10      1        0.290      1.858      2.092
     11      1        0.251      2.073      1.928
     12      1        0.252      2.126      1.900
     13      1        0.249      2.113      1.924
     14      1        0.139      1.051      0.957
     15      1        0.224      2.137      1.899
     16      1        0.229      1.954      2.054
     17      1        0.257      2.028      1.956
     18      1        0.236      2.070      1.948
     19      1        0.115      0.988      1.005
     20      1        0.116      1.005      0.985
     21      1        0.268      1.933      2.055
     22      1        0.263      2.040      1.959
     23      1        0.125      0.944      1.058
     24      1        0.125      0.937      1.056
     25      1        0.232      1.978      2.026
     26      1        0.119      0.989      1.021
     27      1        0.234      2.020      1.981
     28      1        0.065      0.486      0.511
     29      1        0.066      0.484      0.511
     30      1        0.067      0.481      0.505
     31      1        0.068      0.483      0.510
     32      1        0.119      1.016      0.991

Optimization #5:
* Method          : lls
* Target function : energy
* No. of configs. : 100096
* No. of params.  : 122
* Before optimization:
  -1.3023E+00  -1.2863E+00  -1.2932E+00  -1.2911E+00  -7.0844E-01  -7.0332E-01
   4.1761E+00   1.1866E+00   3.6664E-01   3.5866E-01   9.1464E-01   9.0396E-01
  -3.3008E+00  -3.3039E+00  -3.8862E+00  -2.9423E+00   3.6539E+00   2.1729E+00
   2.1729E+00   5.3247E-01   5.3120E-01   3.2153E-02   3.1548E-02   2.2864E+00
   2.2831E+00   3.7414E+00  -9.8599E-01  -9.8549E-01  -3.5194E+00  -3.5202E+00
   1.2723E-01   1.2593E-01  -1.8766E+00  -1.8745E+00  -3.3150E+00  -3.3013E+00
   1.7610E+00   1.7608E+00   1.7588E+00   1.7568E+00  -1.8200E+00  -1.8172E+00
  -1.8210E+00  -1.8176E+00  -1.6611E+00  -1.6610E+00   1.7033E-02  -1.6560E+00
  -1.6562E+00   1.6870E-01   1.6856E-01   1.7074E-01   1.6676E-01   1.6865E-01
   1.6930E-01   1.6755E-01   1.6665E-01   1.1289E+01  -1.0458E+01  -2.4840E+01
   2.0708E+01  -5.8732E-01  -4.6721E-01   1.8228E+00  -2.1205E+00  -9.3618E-01
   9.2241E-02   2.5885E+01  -2.2601E+01   2.8645E+01  -2.4764E+01   2.3215E+01
  -2.0286E+01  -2.4590E+01   2.0940E+01  -1.2518E+01   1.0349E+01  -7.7356E-01
   2.3260E-01   1.9546E+00  -2.0009E+00  -1.2604E+01   1.0279E+01  -2.4659E+01
   2.0892E+01   1.1324E+01  -1.0382E+01   2.6028E+01  -2.2506E+01  -5.2573E-01
   3.9842E-01   1.4276E+01  -1.2402E+01   2.3509E+01  -2.0195E+01   2.3478E+01
  -2.0179E+01  -1.2270E+01   1.0511E+01  -1.2285E+01   1.0524E+01   1.4227E+01
  -1.2399E+01   1.4227E+01  -1.2399E+01   1.1744E+01  -1.0083E+01   2.4078E-03
  -1.8671E-02   1.1757E+01  -1.0102E+01  -5.6709E-01   4.0224E-01  -5.6656E-01
   4.0260E-01  -5.6566E-01   4.0292E-01  -5.6616E-01   4.0288E-01  -1.0942E-01
  -6.1598E-02   4.2546E-02
  > E    =  -5.359893057575E+02 +/-   2.027635308486E-04
  > varE =   4.115251796967E-03
* Computing derivatives.
    [walltime: 1m2s elapsed, 17m52s remaining]
  Done. [total walltime: 18m49s]
* Optimizing manipulation constant:
  #igrid a___________ E____________________________________ varE____________
     1     Infinity    -5.35989306E+02 +/-   2.02763531E-04   4.11525180E-03
     2     1.0000E+06  -5.35989306E+02 +/-   2.02763530E-04   4.11525174E-03
     3     2.1544E+05  -5.35989306E+02 +/-   2.02763525E-04   4.11525155E-03
     4     4.6416E+04  -5.35989306E+02 +/-   2.02763503E-04   4.11525065E-03
     5     1.0000E+04  -5.35989306E+02 +/-   2.02763399E-04   4.11524646E-03
     6     2.1544E+03  -5.35989306E+02 +/-   2.02762921E-04   4.11522705E-03
     7     4.6416E+02  -5.35989306E+02 +/-   2.02760721E-04   4.11513776E-03
     8     1.0000E+02  -5.35989306E+02 +/-   2.02750921E-04   4.11473995E-03
     9     2.1544E+01  -5.35989308E+02 +/-   2.02713850E-04   4.11323540E-03
    10     4.6416E+00  -5.35989312E+02 +/-   2.02702200E-04   4.11276264E-03
    11     1.0000E+00  -5.35989166E+02 +/-   2.07254141E-04   4.29955150E-03
    12     2.1544E-01  -5.35953557E+02 +/-   5.58146086E-04   3.11826119E-02
    13     4.6416E-02  -5.34736563E+02 +/-   1.62944671E-03   2.65764548E-01
    14     1.0000E-02  -5.34508497E+02 +/-   2.05912299E-03   4.24405786E-01
    15     2.1544E-03  -5.34451858E+02 +/-   2.64689930E-03   7.01280175E-01
    16     4.6416E-04  -5.34443398E+02 +/-   2.80396220E-03   7.86975173E-01
    17     1.0000E-04  -5.34441699E+02 +/-   2.83935342E-03   8.06966727E-01
    18     2.1544E-05  -5.34441338E+02 +/-   2.84705219E-03   8.11348766E-01
    19     4.6416E-06  -5.34441261E+02 +/-   2.84871433E-03   8.12296392E-01
    20     1.0000E-06  -5.34441244E+02 +/-   2.84907255E-03   8.12500689E-01
    21     0.0000E+00  -5.34441239E+02 +/-   2.84917089E-03   8.12556781E-01
  ParMin   9.6026E+00  -5.35989310E+02 +/-   2.02681260E-04   4.11191295E-03
  # Using grid point #10
* Iteration # 1: E =  -5.359893118990E+02 +/-   2.027021996086E-04
* Convergence: exiting.
* After optimization:
  -8.5023E-01  -8.3465E-01  -8.4074E-01  -8.3992E-01  -6.9714E-01  -6.9139E-01
   3.7748E+00   1.1865E+00   3.1953E-01   3.1157E-01   7.2441E-01   7.1435E-01
  -3.1359E+00  -3.1386E+00  -3.5792E+00  -2.9200E+00   3.2523E+00   1.9720E+00
   1.9723E+00   3.4291E-01   3.4143E-01  -1.5039E-02  -1.5886E-02   2.0852E+00
   2.0819E+00   3.3398E+00  -9.7500E-01  -9.7423E-01  -3.3545E+00  -3.3550E+00
  -6.1919E-02  -6.3067E-02  -1.7225E+00  -1.7211E+00  -3.2927E+00  -3.2784E+00
   1.5605E+00   1.5604E+00   1.5580E+00   1.5563E+00  -1.6664E+00  -1.6639E+00
  -1.6675E+00  -1.6642E+00  -1.6497E+00  -1.6496E+00   1.7624E-02  -1.6448E+00
  -1.6450E+00  -2.0250E-02  -2.0597E-02  -1.8096E-02  -2.2048E-02  -1.9759E-02
  -1.9740E-02  -2.1144E-02  -2.2139E-02   1.1206E+01  -1.0389E+01  -2.2031E+01
   1.8301E+01  -5.8974E-01  -4.6494E-01   2.1492E+00  -2.4005E+00   3.8751E-01
  -1.0426E+00   2.4727E+01  -2.1609E+01   2.6490E+01  -2.2916E+01   2.3054E+01
  -2.0148E+01  -2.1782E+01   1.8533E+01  -1.1115E+01   9.1463E+00   5.5071E-01
  -9.0234E-01   2.2818E+00  -2.2805E+00  -1.1200E+01   9.0769E+00  -2.1850E+01
   1.8484E+01   1.1243E+01  -1.0312E+01   2.4870E+01  -2.1514E+01   7.9890E-01
  -7.3692E-01   1.3198E+01  -1.1477E+01   2.3351E+01  -2.0058E+01   2.3319E+01
  -2.0043E+01  -1.0866E+01   9.3074E+00  -1.0881E+01   9.3214E+00   1.3148E+01
  -1.1475E+01   1.3149E+01  -1.1475E+01   1.1665E+01  -1.0014E+01   1.7319E-03
  -1.9279E-02   1.1678E+01  -1.0033E+01   7.5733E-01  -7.3312E-01   7.5760E-01
  -7.3264E-01   7.5900E-01  -7.3285E-01   7.5831E-01  -7.3291E-01  -1.0939E-01
  -6.1878E-02   4.3244E-02
  > Energy =  -5.359893118990E+02 +/-   2.027021996086E-04
  > varE =   4.112762638063E-03

VMC #6:
* Size of Hilbert space =   1.1779E+07
* Number of equil. steps   = 1000
* Running VMC equilibration.
  Done. [total walltime: 0.03s]
* Equil. acc.ratio (%)     =  21.2899
* Sample config after equilibration:
  +-------------+
  |  d       u  |
  |      u      |
  |    u   d    |
  |u           0|
  |u           2|
  |    d   2    |
  |      0      |
  |  d       d  |
  +-------------+
* Number of accum. steps   = 500480 x 10
* Running VMC accumulation.
    [walltime: 1m elapsed, 1m14s remaining]
  Done. [total walltime: 2m15s]
* Acceptance ratio (%)     =  21.2911
* Etot/t                   =  -5.359893255361E+02 +/-   9.303619820381E-05
  > Ttot/t                 =  -3.900195397587E+01 +/-   6.816780887506E-04
  > Utot/t                 =   1.647926197774E+01 +/-   6.769658376244E-04
* var[Eloc/t]              =   4.274896567093E-03 +/-   7.394874919490E-05
* Correlation length       =   1.013362960372E+00
* log10 Psi^2 range: -25.18837243480081 -- -16.72210508634334
* log10 Pgen range : -25.18837243480081 -- -16.72210508634334
* Site occupation (ave. no. electrons per config.):
  > Site_  ___eu____  ___ed____
      1        0.499      0.496
      2        0.500      0.504
      3        0.503      0.503
      4        0.501      0.503
      5        0.499      0.502
      6        0.499      0.497
      7        0.502      0.505
      8        0.500      0.498
      9        0.497      0.496
     10        0.498      0.500
     11        0.499      0.497
     12        0.502      0.500
     13        0.501      0.501
     14        0.500      0.501
* Pair-correlation analysis (ave. no. pairs per config.):
  > Shell  nsite  ___dh____  __eueu___  __eued___
      0      1        0          0          2.460
      1      1        0.894      0.606      2.532
      2      1        0.300      0.655      1.078
      3      1        0.261      0.715      1.080
      4      1        0.670      1.108      2.283
      5      1        0.505      1.461      2.118
      6      1        0.237      2.072      1.930
      7      1        0.074      0.416      0.569
      8      1        0.148      0.854      1.089
      9      1        0.160      0.910      1.040
     10      1        0.292      1.854      2.083
     11      1        0.251      2.070      1.925
     12      1        0.250      2.125      1.898
     13      1        0.248      2.107      1.921
     14      1        0.138      1.045      0.949
     15      1        0.225      2.146      1.901
     16      1        0.229      1.960      2.060
     17      1        0.253      2.028      1.954
     18      1        0.234      2.074      1.960
     19      1        0.116      0.987      1.009
     20      1        0.115      1.009      0.986
     21      1        0.271      1.927      2.046
     22      1        0.260      2.037      1.959
     23      1        0.124      0.945      1.058
     24      1        0.125      0.946      1.055
     25      1        0.234      1.980      2.030
     26      1        0.119      0.988      1.023
     27      1        0.233      2.031      1.982
     28      1        0.067      0.481      0.508
     29      1        0.067      0.482      0.508
     30      1        0.067      0.484      0.504
     31      1        0.067      0.483      0.507
     32      1        0.120      1.016      0.994

Optimization #6:
* Method          : lls
* Target function : energy
* No. of configs. : 100096
* No. of params.  : 122
* Before optimization:
  -8.5023E-01  -8.3465E-01  -8.4074E-01  -8.3992E-01  -6.9714E-01  -6.9139E-01
   3.7748E+00   1.1865E+00   3.1953E-01   3.1157E-01   7.2441E-01   7.1435E-01
  -3.1359E+00  -3.1386E+00  -3.5792E+00  -2.9200E+00   3.2523E+00   1.9720E+00
   1.9723E+00   3.4291E-01   3.4143E-01  -1.5039E-02  -1.5886E-02   2.0852E+00
   2.0819E+00   3.3398E+00  -9.7500E-01  -9.7423E-01  -3.3545E+00  -3.3550E+00
  -6.1919E-02  -6.3067E-02  -1.7225E+00  -1.7211E+00  -3.2927E+00  -3.2784E+00
   1.5605E+00   1.5604E+00   1.5580E+00   1.5563E+00  -1.6664E+00  -1.6639E+00
  -1.6675E+00  -1.6642E+00  -1.6497E+00  -1.6496E+00   1.7624E-02  -1.6448E+00
  -1.6450E+00  -2.0250E-02  -2.0597E-02  -1.8096E-02  -2.2048E-02  -1.9759E-02
  -1.9740E-02  -2.1144E-02  -2.2139E-02   1.1206E+01  -1.0389E+01  -2.2031E+01
   1.8301E+01  -5.8974E-01  -4.6494E-01   2.1492E+00  -2.4005E+00   3.8751E-01
  -1.0426E+00   2.4727E+01  -2.1609E+01   2.6490E+01  -2.2916E+01   2.3054E+01
  -2.0148E+01  -2.1782E+01   1.8533E+01  -1.1115E+01   9.1463E+00   5.5071E-01
  -9.0234E-01   2.2818E+00  -2.2805E+00  -1.1200E+01   9.0769E+00  -2.1850E+01
   1.8484E+01   1.1243E+01  -1.0312E+01   2.4870E+01  -2.1514E+01   7.9890E-01
  -7.3692E-01   1.3198E+01  -1.1477E+01   2.3351E+01  -2.0058E+01   2.3319E+01
  -2.0043E+01  -1.0866E+01   9.3074E+00  -1.0881E+01   9.3214E+00   1.3148E+01
  -1.1475E+01   1.3149E+01  -1.1475E+01   1.1665E+01  -1.0014E+01   1.7319E-03
  -1.9279E-02   1.1678E+01  -1.0033E+01   7.5733E-01  -7.3312E-01   7.5760E-01
  -7.3264E-01   7.5900E-01  -7.3285E-01   7.5831E-01  -7.3291E-01  -1.0939E-01
  -6.1878E-02   4.3244E-02
  > E    =  -5.359895935065E+02 +/-   2.044323590101E-04
  > varE =   4.183271029626E-03
* Computing derivatives.
    [walltime: 1m2s elapsed, 17m58s remaining]
  Done. [total walltime: 18m52s]
* Optimizing manipulation constant:
  #igrid a___________ E____________________________________ varE____________
     1     Infinity    -5.35989594E+02 +/-   2.04432359E-04   4.18327103E-03
     2     1.0000E+06  -5.35989594E+02 +/-   2.04432358E-04   4.18327097E-03
     3     2.1544E+05  -5.35989594E+02 +/-   2.04432353E-04   4.18327077E-03
     4     4.6416E+04  -5.35989594E+02 +/-   2.04432330E-04   4.18326985E-03
     5     1.0000E+04  -5.35989594E+02 +/-   2.04432224E-04   4.18326552E-03
     6     2.1544E+03  -5.35989594E+02 +/-   2.04431727E-04   4.18324518E-03
     7     4.6416E+02  -5.35989594E+02 +/-   2.04429277E-04   4.18314488E-03
     8     1.0000E+02  -5.35989594E+02 +/-   2.04414818E-04   4.18255317E-03
     9     2.1544E+01  -5.35989595E+02 +/-   2.04285227E-04   4.17725171E-03
    10     4.6416E+00  -5.35989556E+02 +/-   2.03431589E-04   4.14241405E-03
    11     1.0000E+00  -5.35979336E+02 +/-   3.19071324E-04   1.01904244E-02
    12     2.1544E-01  -5.35137066E+02 +/-   1.73803018E-03   3.02364883E-01
    13     4.6416E-02  -5.35200596E+02 +/-   1.13019635E-02   1.27857003E+01
    14     1.0000E-02  -5.35771367E+02 +/-   1.09377716E-03   1.19749697E-01
    15     2.1544E-03  -5.35770215E+02 +/-   1.09551220E-03   1.20129912E-01
    16     4.6416E-04  -5.35770175E+02 +/-   1.09540962E-03   1.20107415E-01
    17     1.0000E-04  -5.35770173E+02 +/-   1.09537256E-03   1.20099288E-01
    18     2.1544E-05  -5.35770173E+02 +/-   1.09536392E-03   1.20097395E-01
    19     4.6416E-06  -5.35770173E+02 +/-   1.09536203E-03   1.20096981E-01
    20     1.0000E-06  -5.35770173E+02 +/-   1.09536162E-03   1.20096891E-01
    21     0.0000E+00  -5.35770173E+02 +/-   1.09536151E-03   1.20096866E-01
  ParMin   4.3154E+01  -5.35989594E+02 +/-   2.04379382E-04   4.18110317E-03
  # Using grid point #9
* Iteration # 1: E =  -5.359895951602E+02 +/-   2.042852269993E-04
* Convergence: exiting.
* After optimization:
  -5.7771E-01  -5.6209E-01  -5.6815E-01  -5.6735E-01  -6.7991E-01  -6.7414E-01
   3.7146E+00   1.1869E+00   1.7957E-01   1.7159E-01   7.1119E-01   7.0122E-01
  -3.2291E+00  -3.2317E+00  -3.7991E+00  -2.8859E+00   3.1922E+00   1.9421E+00
   1.9423E+00   3.2978E-01   3.2833E-01  -1.5510E-01  -1.5595E-01   2.0553E+00
   2.0519E+00   3.2797E+00  -9.5784E-01  -9.5703E-01  -3.4476E+00  -3.4481E+00
  -7.5350E-02  -7.6432E-02  -1.8325E+00  -1.8312E+00  -3.2593E+00  -3.2450E+00
   1.5302E+00   1.5301E+00   1.5278E+00   1.5261E+00  -1.7764E+00  -1.7738E+00
  -1.7776E+00  -1.7743E+00  -1.6331E+00  -1.6330E+00   1.7586E-02  -1.6281E+00
  -1.6283E+00  -3.3512E-02  -3.3967E-02  -3.1523E-02  -3.5283E-02  -3.3224E-02
  -3.3228E-02  -3.4513E-02  -3.5387E-02   1.1088E+01  -1.0288E+01  -2.1610E+01
   1.7940E+01  -5.9023E-01  -4.6482E-01   3.1301E+00  -3.2416E+00   4.8060E-01
  -1.1224E+00   2.5380E+01  -2.2168E+01   2.8030E+01  -2.4237E+01   2.2818E+01
  -1.9946E+01  -2.1360E+01   1.8171E+01  -1.0904E+01   8.9656E+00   6.4371E-01
  -9.8217E-01   3.2627E+00  -3.1216E+00  -1.0989E+01   8.8963E+00  -2.1429E+01
   1.8123E+01   1.1125E+01  -1.0211E+01   2.5523E+01  -2.2073E+01   8.9210E-01
  -8.1672E-01   1.3968E+01  -1.2137E+01   2.3116E+01  -1.9856E+01   2.3084E+01
  -1.9841E+01  -1.0655E+01   9.1269E+00  -1.0670E+01   9.1408E+00   1.3918E+01
  -1.2135E+01   1.3919E+01  -1.2135E+01   1.1547E+01  -9.9135E+00   1.7863E-03
  -1.9259E-02   1.1561E+01  -9.9324E+00   8.5056E-01  -8.1296E-01   8.5085E-01
  -8.1244E-01   8.5216E-01  -8.1268E-01   8.5153E-01  -8.1274E-01  -1.0950E-01
  -6.1869E-02   4.3305E-02
  > Energy =  -5.359895951602E+02 +/-   2.042852269993E-04
  > varE =   4.177251712596E-03

VMC #7:
* Size of Hilbert space =   1.1779E+07
* Number of equil. steps   = 1000
* Running VMC equilibration.
  Done. [total walltime: 0.03s]
* Equil. acc.ratio (%)     =  21.3442
* Sample config after equilibration:
  +-------------+
  |  d       u  |
  |      0      |
  |    u   2    |
  |u           d|
  |2           d|
  |    d   u    |
  |      0      |
  |  0       2  |
  +-------------+
* Number of accum. steps   = 500480 x 10
* Running VMC accumulation.
    [walltime: 1m elapsed, 1m14s remaining]
  Done. [total walltime: 2m15s]
* Acceptance ratio (%)     =  21.3073
* Etot/t                   =  -5.359895245219E+02 +/-   9.205411365731E-05
  > Ttot/t                 =  -3.900144542708E+01 +/-   6.845800740409E-04
  > Utot/t                 =   1.647855444320E+01 +/-   6.778730432071E-04
* var[Eloc/t]              =   4.175931337760E-03 +/-   1.705039008650E-05
* Correlation length       =   1.015593188277E+00
* log10 Psi^2 range: -24.39694916278654 -- -16.72481753170315
* log10 Pgen range : -24.39694916278654 -- -16.72481753170315
* Site occupation (ave. no. electrons per config.):
  > Site_  ___eu____  ___ed____
      1        0.494      0.500
      2        0.500      0.505
      3        0.499      0.500
      4        0.503      0.502
      5        0.500      0.501
      6        0.499      0.497
      7        0.504      0.502
      8        0.502      0.497
      9        0.496      0.496
     10        0.502      0.500
     11        0.497      0.500
     12        0.503      0.502
     13        0.502      0.501
     14        0.500      0.498
* Pair-correlation analysis (ave. no. pairs per config.):
  > Shell  nsite  ___dh____  __eueu___  __eued___
      0      1        0          0          2.458
      1      1        0.892      0.609      2.529
      2      1        0.297      0.658      1.078
      3      1        0.260      0.714      1.077
      4      1        0.669      1.111      2.282
      5      1        0.507      1.461      2.115
      6      1        0.236      2.073      1.938
      7      1        0.073      0.418      0.569
      8      1        0.148      0.856      1.090
      9      1        0.159      0.914      1.037
     10      1        0.291      1.855      2.082
     11      1        0.250      2.071      1.928
     12      1        0.250      2.123      1.901
     13      1        0.247      2.102      1.920
     14      1        0.137      1.040      0.953
     15      1        0.220      2.142      1.906
     16      1        0.229      1.965      2.061
     17      1        0.256      2.025      1.953
     18      1        0.237      2.069      1.960
     19      1        0.113      0.992      1.011
     20      1        0.116      1.008      0.991
     21      1        0.266      1.926      2.048
     22      1        0.258      2.032      1.959
     23      1        0.127      0.947      1.055
     24      1        0.124      0.944      1.053
     25      1        0.234      1.983      2.026
     26      1        0.118      0.989      1.021
     27      1        0.236      2.025      1.979
     28      1        0.066      0.486      0.510
     29      1        0.066      0.486      0.507
     30      1        0.066      0.482      0.504
     31      1        0.066      0.482      0.507
     32      1        0.118      1.015      0.994

Optimization #7:
* Method          : lls
* Target function : energy
* No. of configs. : 100096
* No. of params.  : 122
* Before optimization:
  -5.7771E-01  -5.6209E-01  -5.6815E-01  -5.6735E-01  -6.7991E-01  -6.7414E-01
   3.7146E+00   1.1869E+00   1.7957E-01   1.7159E-01   7.1119E-01   7.0122E-01
  -3.2291E+00  -3.2317E+00  -3.7991E+00  -2.8859E+00   3.1922E+00   1.9421E+00
   1.9423E+00   3.2978E-01   3.2833E-01  -1.5510E-01  -1.5595E-01   2.0553E+00
   2.0519E+00   3.2797E+00  -9.5784E-01  -9.5703E-01  -3.4476E+00  -3.4481E+00
  -7.5350E-02  -7.6432E-02  -1.8325E+00  -1.8312E+00  -3.2593E+00  -3.2450E+00
   1.5302E+00   1.5301E+00   1.5278E+00   1.5261E+00  -1.7764E+00  -1.7738E+00
  -1.7776E+00  -1.7743E+00  -1.6331E+00  -1.6330E+00   1.7586E-02  -1.6281E+00
  -1.6283E+00  -3.3512E-02  -3.3967E-02  -3.1523E-02  -3.5283E-02  -3.3224E-02
  -3.3228E-02  -3.4513E-02  -3.5387E-02   1.1088E+01  -1.0288E+01  -2.1610E+01
   1.7940E+01  -5.9023E-01  -4.6482E-01   3.1301E+00  -3.2416E+00   4.8060E-01
  -1.1224E+00   2.5380E+01  -2.2168E+01   2.8030E+01  -2.4237E+01   2.2818E+01
  -1.9946E+01  -2.1360E+01   1.8171E+01  -1.0904E+01   8.9656E+00   6.4371E-01
  -9.8217E-01   3.2627E+00  -3.1216E+00  -1.0989E+01   8.8963E+00  -2.1429E+01
   1.8123E+01   1.1125E+01  -1.0211E+01   2.5523E+01  -2.2073E+01   8.9210E-01
  -8.1672E-01   1.3968E+01  -1.2137E+01   2.3116E+01  -1.9856E+01   2.3084E+01
  -1.9841E+01  -1.0655E+01   9.1269E+00  -1.0670E+01   9.1408E+00   1.3918E+01
  -1.2135E+01   1.3919E+01  -1.2135E+01   1.1547E+01  -9.9135E+00   1.7863E-03
  -1.9259E-02   1.1561E+01  -9.9324E+00   8.5056E-01  -8.1296E-01   8.5085E-01
  -8.1244E-01   8.5216E-01  -8.1268E-01   8.5153E-01  -8.1274E-01  -1.0950E-01
  -6.1869E-02   4.3305E-02
  > E    =  -5.359894332893E+02 +/-   2.024067704623E-04
  > varE =   4.100783048966E-03
* Computing derivatives.
    [walltime: 1m2s elapsed, 17m54s remaining]
  Done. [total walltime: 18m50s]
* Optimizing manipulation constant:
  #igrid a___________ E____________________________________ varE____________
     1     Infinity    -5.35989433E+02 +/-   2.02406770E-04   4.10078305E-03
     2     1.0000E+06  -5.35989433E+02 +/-   2.02406769E-04   4.10078300E-03
     3     2.1544E+05  -5.35989433E+02 +/-   2.02406765E-04   4.10078281E-03
     4     4.6416E+04  -5.35989433E+02 +/-   2.02406743E-04   4.10078195E-03
     5     1.0000E+04  -5.35989433E+02 +/-   2.02406645E-04   4.10077795E-03
     6     2.1544E+03  -5.35989433E+02 +/-   2.02406186E-04   4.10075938E-03
     7     4.6416E+02  -5.35989433E+02 +/-   2.02404068E-04   4.10067353E-03
     8     1.0000E+02  -5.35989434E+02 +/-   2.02394395E-04   4.10028160E-03
     9     2.1544E+01  -5.35989434E+02 +/-   2.02352847E-04   4.09859836E-03
    10     4.6416E+00  -5.35989437E+02 +/-   2.02220186E-04   4.09322608E-03
    11     1.0000E+00  -5.35989443E+02 +/-   2.02339381E-04   4.09805286E-03
    12     2.1544E-01  -5.35989319E+02 +/-   2.07863834E-04   4.32488524E-03
    13     4.6416E-02  -5.35987856E+02 +/-   2.42313703E-04   5.87722980E-03
    14     1.0000E-02  -5.35981145E+02 +/-   3.40027597E-04   1.15729760E-02
    15     2.1544E-03  -5.35984031E+02 +/-   3.05974038E-04   9.37099874E-03
    16     4.6416E-04  -5.35985129E+02 +/-   2.90994970E-04   8.47593635E-03
    17     1.0000E-04  -5.35985372E+02 +/-   2.87454135E-04   8.27092042E-03
    18     2.1544E-05  -5.35985424E+02 +/-   2.86681559E-04   8.22652154E-03
    19     4.6416E-06  -5.35985436E+02 +/-   2.86514734E-04   8.21695000E-03
    20     1.0000E-06  -5.35985438E+02 +/-   2.86478776E-04   8.21488764E-03
    21     0.0000E+00  -5.35985439E+02 +/-   2.86468901E-04   8.21432129E-03
  ParMin   2.0398E+00  -5.35989441E+02 +/-   2.02155706E-04   4.09061618E-03
  # Using grid point #11
* Iteration # 1: E =  -5.359894429028E+02 +/-   2.023393808008E-04
* Convergence: exiting.
* After optimization:
  -2.7191E+00  -2.7003E+00  -2.7106E+00  -2.7074E+00  -3.0066E-01  -2.9373E-01
   4.2470E+00   1.1833E+00   2.3466E-01   2.2739E-01   1.3580E+00   1.3475E+00
  -3.0611E+00  -3.0646E+00  -4.2278E+00  -2.1244E+00   3.7258E+00   2.2060E+00
   2.2051E+00   9.7621E-01   9.7367E-01  -1.0243E-01  -1.0366E-01   2.3193E+00
   2.3142E+00   3.8151E+00  -5.7934E-01  -5.7775E-01  -3.2821E+00  -3.2825E+00
   5.7339E-01   5.7219E-01  -2.0496E+00  -2.0479E+00  -2.4946E+00  -2.4804E+00
   1.7964E+00   1.7965E+00   1.7959E+00   1.7931E+00  -1.9929E+00  -1.9895E+00
  -1.9935E+00  -1.9893E+00  -1.2510E+00  -1.2504E+00   1.6944E-02  -1.2464E+00
  -1.2455E+00   6.1583E-01   6.1617E-01   6.1750E-01   6.1534E-01   6.1744E-01
   6.1499E-01   6.1501E-01   6.1413E-01   8.4021E+00  -7.9844E+00  -2.5364E+01
   2.1158E+01  -5.9634E-01  -4.5499E-01   2.7408E+00  -2.9095E+00  -4.0763E+00
   2.7872E+00   2.4190E+01  -2.1146E+01   3.1009E+01  -2.6788E+01   1.7459E+01
  -1.5346E+01  -2.5111E+01   2.1391E+01  -1.2782E+01   1.0581E+01  -3.9125E+00
   2.9283E+00   2.8760E+00  -2.7875E+00  -1.2868E+01   1.0511E+01  -2.5181E+01
   2.1342E+01   8.4408E+00  -7.9065E+00   2.4335E+01  -2.1050E+01  -3.6632E+00
   3.0883E+00   1.5458E+01  -1.3410E+01   1.7761E+01  -1.5265E+01   1.7728E+01
  -1.5249E+01  -1.2531E+01   1.0737E+01  -1.2547E+01   1.0749E+01   1.5408E+01
  -1.3407E+01   1.5409E+01  -1.3408E+01   8.8690E+00  -7.6175E+00   3.8309E-03
  -1.9547E-02   8.8830E+00  -7.6381E+00  -3.7042E+00   3.0926E+00  -3.7032E+00
   3.0936E+00  -3.7024E+00   3.0931E+00  -3.7035E+00   3.0935E+00  -1.1024E-01
  -6.2650E-02   4.5266E-02
  > Energy =  -5.359894429028E+02 +/-   2.023393808008E-04
  > varE =   4.098052859889E-03

VMC #8:
* Size of Hilbert space =   1.1779E+07
* Number of equil. steps   = 1000
* Running VMC equilibration.
  Done. [total walltime: 0.03s]
* Equil. acc.ratio (%)     =  21.2498
* Sample config after equilibration:
  +-------------+
  |  d       2  |
  |      u      |
  |    d   d    |
  |u           u|
  |d           d|
  |    2   u    |
  |      0      |
  |  u       0  |
  +-------------+
* Number of accum. steps   = 500480 x 10
* Running VMC accumulation.
    [walltime: 1m elapsed, 1m14s remaining]
  Done. [total walltime: 2m15s]
* Acceptance ratio (%)     =  21.2707
* Etot/t                   =  -5.359895753422E+02 +/-   9.305931601357E-05
  > Ttot/t                 =  -3.900165730925E+01 +/-   6.738297057298E-04
  > Utot/t                 =   1.647871550502E+01 +/-   6.678696582801E-04
* var[Eloc/t]              =   4.356935714085E-03 +/-   8.488427892783E-05
* Correlation length       =   9.947759733678E-01
* log10 Psi^2 range: -24.53363470102297 -- -16.60105402993382
* log10 Pgen range : -24.53363470102297 -- -16.60105402993382
* Site occupation (ave. no. electrons per config.):
  > Site_  ___eu____  ___ed____
      1        0.497      0.496
      2        0.502      0.499
      3        0.499      0.504
      4        0.500      0.504
      5        0.496      0.500
      6        0.499      0.498
      7        0.503      0.501
      8        0.500      0.499
      9        0.500      0.497
     10        0.500      0.499
     11        0.497      0.499
     12        0.506      0.498
     13        0.502      0.500
     14        0.500      0.504
* Pair-correlation analysis (ave. no. pairs per config.):
  > Shell  nsite  ___dh____  __eueu___  __eued___
      0      1        0          0          2.465
      1      1        0.892      0.608      2.529
      2      1        0.299      0.662      1.079
      3      1        0.264      0.711      1.076
      4      1        0.670      1.110      2.284
      5      1        0.512      1.461      2.117
      6      1        0.240      2.072      1.928
      7      1        0.075      0.414      0.567
      8      1        0.149      0.858      1.086
      9      1        0.162      0.912      1.041
     10      1        0.293      1.857      2.082
     11      1        0.251      2.072      1.931
     12      1        0.251      2.126      1.900
     13      1        0.250      2.104      1.925
     14      1        0.139      1.046      0.952
     15      1        0.224      2.140      1.905
     16      1        0.230      1.959      2.057
     17      1        0.256      2.027      1.957
     18      1        0.234      2.067      1.956
     19      1        0.115      0.989      1.009
     20      1        0.116      1.008      0.989
     21      1        0.269      1.932      2.045
     22      1        0.258      2.038      1.961
     23      1        0.127      0.943      1.056
     24      1        0.126      0.943      1.051
     25      1        0.234      1.978      2.029
     26      1        0.119      0.985      1.021
     27      1        0.231      2.029      1.979
     28      1        0.066      0.484      0.509
     29      1        0.067      0.484      0.506
     30      1        0.066      0.486      0.511
     31      1        0.067      0.479      0.507
     32      1        0.120      1.016      0.992

Optimization #8:
* Method          : lls
* Target function : energy
* No. of configs. : 100096
* No. of params.  : 122
* Before optimization:
  -2.7191E+00  -2.7003E+00  -2.7106E+00  -2.7074E+00  -3.0066E-01  -2.9373E-01
   4.2470E+00   1.1833E+00   2.3466E-01   2.2739E-01   1.3580E+00   1.3475E+00
  -3.0611E+00  -3.0646E+00  -4.2278E+00  -2.1244E+00   3.7258E+00   2.2060E+00
   2.2051E+00   9.7621E-01   9.7367E-01  -1.0243E-01  -1.0366E-01   2.3193E+00
   2.3142E+00   3.8151E+00  -5.7934E-01  -5.7775E-01  -3.2821E+00  -3.2825E+00
   5.7339E-01   5.7219E-01  -2.0496E+00  -2.0479E+00  -2.4946E+00  -2.4804E+00
   1.7964E+00   1.7965E+00   1.7959E+00   1.7931E+00  -1.9929E+00  -1.9895E+00
  -1.9935E+00  -1.9893E+00  -1.2510E+00  -1.2504E+00   1.6944E-02  -1.2464E+00
  -1.2455E+00   6.1583E-01   6.1617E-01   6.1750E-01   6.1534E-01   6.1744E-01
   6.1499E-01   6.1501E-01   6.1413E-01   8.4021E+00  -7.9844E+00  -2.5364E+01
   2.1158E+01  -5.9634E-01  -4.5499E-01   2.7408E+00  -2.9095E+00  -4.0763E+00
   2.7872E+00   2.4190E+01  -2.1146E+01   3.1009E+01  -2.6788E+01   1.7459E+01
  -1.5346E+01  -2.5111E+01   2.1391E+01  -1.2782E+01   1.0581E+01  -3.9125E+00
   2.9283E+00   2.8760E+00  -2.7875E+00  -1.2868E+01   1.0511E+01  -2.5181E+01
   2.1342E+01   8.4408E+00  -7.9065E+00   2.4335E+01  -2.1050E+01  -3.6632E+00
   3.0883E+00   1.5458E+01  -1.3410E+01   1.7761E+01  -1.5265E+01   1.7728E+01
  -1.5249E+01  -1.2531E+01   1.0737E+01  -1.2547E+01   1.0749E+01   1.5408E+01
  -1.3407E+01   1.5409E+01  -1.3408E+01   8.8690E+00  -7.6175E+00   3.8309E-03
  -1.9547E-02   8.8830E+00  -7.6381E+00  -3.7042E+00   3.0926E+00  -3.7032E+00
   3.0936E+00  -3.7024E+00   3.0931E+00  -3.7035E+00   3.0935E+00  -1.1024E-01
  -6.2650E-02   4.5266E-02
  > E    =  -5.359897909265E+02 +/-   2.188683699231E-04
  > varE =   4.794935058159E-03
* Computing derivatives.
    [walltime: 1m2s elapsed, 17m56s remaining]
  Done. [total walltime: 18m51s]
* Optimizing manipulation constant:
  #igrid a___________ E____________________________________ varE____________
     1     Infinity    -5.35989791E+02 +/-   2.18868370E-04   4.79493506E-03
     2     1.0000E+06  -5.35989791E+02 +/-   2.18868368E-04   4.79493499E-03
     3     2.1544E+05  -5.35989791E+02 +/-   2.18868363E-04   4.79493476E-03
     4     4.6416E+04  -5.35989791E+02 +/-   2.18868339E-04   4.79493370E-03
     5     1.0000E+04  -5.35989791E+02 +/-   2.18868226E-04   4.79492874E-03
     6     2.1544E+03  -5.35989791E+02 +/-   2.18867702E-04   4.79490581E-03
     7     4.6416E+02  -5.35989791E+02 +/-   2.18865314E-04   4.79480118E-03
     8     1.0000E+02  -5.35989791E+02 +/-   2.18855115E-04   4.79435429E-03
     9     2.1544E+01  -5.35989793E+02 +/-   2.18826434E-04   4.79309780E-03
    10     4.6416E+00  -5.35989801E+02 +/-   2.19108017E-04   4.80544111E-03
    11     1.0000E+00  -5.35988402E+02 +/-   2.45987627E-04   6.05680021E-03
    12     2.1544E-01  -5.35051612E+02 +/-   2.26273982E-03   5.12490670E-01
    13     4.6416E-02  -5.35962439E+02 +/-   4.06285035E-04   1.65225994E-02
    14     1.0000E-02  -5.35978551E+02 +/-   3.08402809E-04   9.52036003E-03
    15     2.1544E-03  -5.35983079E+02 +/-   2.80425762E-04   7.87141012E-03
    16     4.6416E-04  -5.35983522E+02 +/-   2.80303871E-04   7.86456874E-03
    17     1.0000E-04  -5.35983537E+02 +/-   2.80064366E-04   7.85113478E-03
    18     2.1544E-05  -5.35983539E+02 +/-   2.80014970E-04   7.84836555E-03
    19     4.6416E-06  -5.35983540E+02 +/-   2.80004442E-04   7.84777540E-03
    20     1.0000E-06  -5.35983540E+02 +/-   2.80002179E-04   7.84764856E-03
    21     0.0000E+00  -5.35983540E+02 +/-   2.80001558E-04   7.84761375E-03
  ParMin   9.9299E+00  -5.35989796E+02 +/-   2.18839934E-04   4.79368918E-03
  # Using grid point #10
* Iteration # 1: E =  -5.359898005240E+02 +/-   2.191080170576E-04
* Convergence: exiting.
* After optimization:
  -3.5555E+00  -3.5373E+00  -3.5457E+00  -3.5439E+00  -2.7592E-02  -2.1391E-02
   4.2051E+00   1.1750E+00   1.3576E-01   1.2808E-01   1.6138E+00   1.6034E+00
  -2.8612E+00  -2.8641E+00  -4.3850E+00  -1.5709E+00   3.6865E+00   2.1811E+00
   2.1806E+00   1.2324E+00   1.2301E+00  -2.0125E-01  -2.0251E-01   2.2939E+00
   2.2891E+00   3.7755E+00  -3.0648E-01  -3.0505E-01  -3.0824E+00  -3.0825E+00
   8.3347E-01   8.3217E-01  -2.1303E+00  -2.1284E+00  -1.9351E+00  -1.9200E+00
   1.7758E+00   1.7759E+00   1.7750E+00   1.7723E+00  -2.0739E+00  -2.0706E+00
  -2.0745E+00  -2.0705E+00  -9.7137E-01  -9.7065E-01   1.7319E-02  -9.6645E-01
  -9.6559E-01   8.7578E-01   8.7609E-01   8.7718E-01   8.7565E-01   8.7740E-01
   8.7512E-01   8.7565E-01   8.7451E-01   6.4377E+00  -6.2938E+00  -2.5108E+01
   2.0944E+01  -5.9564E-01  -4.4762E-01   3.4026E+00  -3.4726E+00  -5.9133E+00
   4.3682E+00   2.2760E+01  -1.9915E+01   3.2078E+01  -2.7698E+01   1.3528E+01
  -1.1971E+01  -2.4857E+01   2.1175E+01  -1.2653E+01   1.0477E+01  -5.7489E+00
   4.5082E+00   3.5374E+00  -3.3498E+00  -1.2739E+01   1.0408E+01  -2.4926E+01
   2.1127E+01   6.4780E+00  -6.2154E+00   2.2904E+01  -1.9819E+01  -5.5009E+00
   4.6660E+00   1.5992E+01  -1.3864E+01   1.3833E+01  -1.1895E+01   1.3797E+01
  -1.1878E+01  -1.2404E+01   1.0630E+01  -1.2420E+01   1.0643E+01   1.5942E+01
  -1.3861E+01   1.5943E+01  -1.3862E+01   6.9038E+00  -5.9324E+00   2.9758E-03
  -2.0255E-02   6.9178E+00  -5.9530E+00  -5.5424E+00   4.6696E+00  -5.5418E+00
   4.6714E+00  -5.5400E+00   4.6710E+00  -5.5409E+00   4.6706E+00  -1.0910E-01
  -6.2743E-02   4.6560E-02
  > Energy =  -5.359898005240E+02 +/-   2.191080170576E-04
  > varE =   4.805441112911E-03

VMC #9:
* Size of Hilbert space =   1.1779E+07
* Number of equil. steps   = 1000
* Running VMC equilibration.
  Done. [total walltime: 0.03s]
* Equil. acc.ratio (%)     =  21.2677
* Sample config after equilibration:
  +-------------+
  |  u       0  |
  |      u      |
  |    d   2    |
  |d           2|
  |u           0|
  |    2   d    |
  |      0      |
  |  d       u  |
  +-------------+
* Number of accum. steps   = 500480 x 10
* Running VMC accumulation.
    [walltime: 1m elapsed, 1m15s remaining]
  Done. [total walltime: 2m15s]
* Acceptance ratio (%)     =  21.2714
* Etot/t                   =  -5.359895307517E+02 +/-   9.166083525772E-05
  > Ttot/t                 =  -3.900186623549E+01 +/-   6.893799703108E-04
  > Utot/t                 =   1.647896902171E+01 +/-   6.838198309996E-04
* var[Eloc/t]              =   4.313588660208E-03 +/-   8.002143371954E-05
* Correlation length       =   9.748002212278E-01
* log10 Psi^2 range: -24.27043421956083 -- -16.41494891550919
* log10 Pgen range : -24.27043421956083 -- -16.41494891550919
* Site occupation (ave. no. electrons per config.):
  > Site_  ___eu____  ___ed____
      1        0.497      0.497
      2        0.499      0.503
      3        0.503      0.500
      4        0.500      0.503
      5        0.498      0.501
      6        0.499      0.500
      7        0.503      0.504
      8        0.500      0.499
      9        0.496      0.496
     10        0.500      0.500
     11        0.500      0.497
     12        0.503      0.501
     13        0.503      0.501
     14        0.500      0.499
* Pair-correlation analysis (ave. no. pairs per config.):
  > Shell  nsite  ___dh____  __eueu___  __eued___
      0      1        0          0          2.458
      1      1        0.895      0.603      2.530
      2      1        0.295      0.659      1.080
      3      1        0.261      0.713      1.079
      4      1        0.666      1.111      2.289
      5      1        0.508      1.457      2.119
      6      1        0.240      2.072      1.927
      7      1        0.075      0.416      0.566
      8      1        0.149      0.854      1.085
      9      1        0.160      0.911      1.040
     10      1        0.292      1.848      2.089
     11      1        0.247      2.078      1.924
     12      1        0.248      2.128      1.902
     13      1        0.247      2.109      1.918
     14      1        0.138      1.044      0.952
     15      1        0.219      2.146      1.903
     16      1        0.227      1.957      2.067
     17      1        0.259      2.024      1.951
     18      1        0.238      2.072      1.953
     19      1        0.115      0.990      1.007
     20      1        0.115      1.004      0.990
     21      1        0.265      1.932      2.050
     22      1        0.261      2.031      1.958
     23      1        0.122      0.946      1.063
     24      1        0.126      0.946      1.051
     25      1        0.230      1.984      2.026
     26      1        0.117      0.992      1.021
     27      1        0.235      2.022      1.980
     28      1        0.066      0.485      0.510
     29      1        0.066      0.486      0.508
     30      1        0.064      0.483      0.506
     31      1        0.066      0.483      0.507
     32      1        0.120      1.013      0.994

Optimization #9:
* Method          : lls
* Target function : energy
* No. of configs. : 100096
* No. of params.  : 122
* Before optimization:
  -3.5555E+00  -3.5373E+00  -3.5457E+00  -3.5439E+00  -2.7592E-02  -2.1391E-02
   4.2051E+00   1.1750E+00   1.3576E-01   1.2808E-01   1.6138E+00   1.6034E+00
  -2.8612E+00  -2.8641E+00  -4.3850E+00  -1.5709E+00   3.6865E+00   2.1811E+00
   2.1806E+00   1.2324E+00   1.2301E+00  -2.0125E-01  -2.0251E-01   2.2939E+00
   2.2891E+00   3.7755E+00  -3.0648E-01  -3.0505E-01  -3.0824E+00  -3.0825E+00
   8.3347E-01   8.3217E-01  -2.1303E+00  -2.1284E+00  -1.9351E+00  -1.9200E+00
   1.7758E+00   1.7759E+00   1.7750E+00   1.7723E+00  -2.0739E+00  -2.0706E+00
  -2.0745E+00  -2.0705E+00  -9.7137E-01  -9.7065E-01   1.7319E-02  -9.6645E-01
  -9.6559E-01   8.7578E-01   8.7609E-01   8.7718E-01   8.7565E-01   8.7740E-01
   8.7512E-01   8.7565E-01   8.7451E-01   6.4377E+00  -6.2938E+00  -2.5108E+01
   2.0944E+01  -5.9564E-01  -4.4762E-01   3.4026E+00  -3.4726E+00  -5.9133E+00
   4.3682E+00   2.2760E+01  -1.9915E+01   3.2078E+01  -2.7698E+01   1.3528E+01
  -1.1971E+01  -2.4857E+01   2.1175E+01  -1.2653E+01   1.0477E+01  -5.7489E+00
   4.5082E+00   3.5374E+00  -3.3498E+00  -1.2739E+01   1.0408E+01  -2.4926E+01
   2.1127E+01   6.4780E+00  -6.2154E+00   2.2904E+01  -1.9819E+01  -5.5009E+00
   4.6660E+00   1.5992E+01  -1.3864E+01   1.3833E+01  -1.1895E+01   1.3797E+01
  -1.1878E+01  -1.2404E+01   1.0630E+01  -1.2420E+01   1.0643E+01   1.5942E+01
  -1.3861E+01   1.5943E+01  -1.3862E+01   6.9038E+00  -5.9324E+00   2.9758E-03
  -2.0255E-02   6.9178E+00  -5.9530E+00  -5.5424E+00   4.6696E+00  -5.5418E+00
   4.6714E+00  -5.5400E+00   4.6710E+00  -5.5409E+00   4.6706E+00  -1.0910E-01
  -6.2743E-02   4.6560E-02
  > E    =  -5.359897840931E+02 +/-   2.080990615341E-04
  > varE =   4.334679242203E-03
* Computing derivatives.
    [walltime: 1m2s elapsed, 17m55s remaining]
  Done. [total walltime: 18m50s]
* Optimizing manipulation constant:
  #igrid a___________ E____________________________________ varE____________
     1     Infinity    -5.35989784E+02 +/-   2.08099062E-04   4.33467924E-03
     2     1.0000E+06  -5.35989784E+02 +/-   2.08099060E-04   4.33467918E-03
     3     2.1544E+05  -5.35989784E+02 +/-   2.08099054E-04   4.33467894E-03
     4     4.6416E+04  -5.35989784E+02 +/-   2.08099028E-04   4.33467785E-03
     5     1.0000E+04  -5.35989784E+02 +/-   2.08098907E-04   4.33467279E-03
     6     2.1544E+03  -5.35989784E+02 +/-   2.08098342E-04   4.33464928E-03
     7     4.6416E+02  -5.35989784E+02 +/-   2.08095729E-04   4.33454042E-03
     8     1.0000E+02  -5.35989784E+02 +/-   2.08083714E-04   4.33403989E-03
     9     2.1544E+01  -5.35989785E+02 +/-   2.08030278E-04   4.33181419E-03
    10     4.6416E+00  -5.35989787E+02 +/-   2.07822516E-04   4.32316606E-03
    11     1.0000E+00  -5.35989789E+02 +/-   2.07289288E-04   4.30100991E-03
    12     2.1544E-01  -5.35989778E+02 +/-   2.06742122E-04   4.27833376E-03
    13     4.6416E-02  -5.35989750E+02 +/-   2.06753904E-04   4.27882140E-03
    14     1.0000E-02  -5.35989714E+02 +/-   2.06457761E-04   4.26657268E-03
    15     2.1544E-03  -5.35989624E+02 +/-   2.06764666E-04   4.27926685E-03
    16     4.6416E-04  -5.35989578E+02 +/-   2.07176521E-04   4.29633160E-03
    17     1.0000E-04  -5.35989566E+02 +/-   2.07293482E-04   4.30118395E-03
    18     2.1544E-05  -5.35989564E+02 +/-   2.07320107E-04   4.30228892E-03
    19     4.6416E-06  -5.35989563E+02 +/-   2.07325911E-04   4.30252978E-03
    20     1.0000E-06  -5.35989563E+02 +/-   2.07327164E-04   4.30258181E-03
    21     0.0000E+00  -5.35989563E+02 +/-   2.07327508E-04   4.30259610E-03
* Iteration # 1: E =  -5.359897888939E+02 +/-   2.072892882601E-04
* Convergence: exiting.
* After optimization:
  -3.7327E+00  -3.7161E+00  -3.7226E+00  -3.7207E+00  -2.7605E-02  -2.3746E-02
   4.2201E+00   1.2028E+00   1.9711E-01   1.8947E-01   1.6061E+00   1.5957E+00
  -2.8242E+00  -2.8260E+00  -4.2753E+00  -1.6012E+00   3.6973E+00   2.2010E+00
   2.2023E+00   1.2248E+00   1.2232E+00  -1.3989E-01  -1.4115E-01   2.3133E+00
   2.3097E+00   3.7859E+00  -3.0760E-01  -3.0667E-01  -3.0464E+00  -3.0456E+00
   8.1450E-01   8.1417E-01  -2.0660E+00  -2.0647E+00  -1.9842E+00  -1.9711E+00
   1.7836E+00   1.7829E+00   1.7802E+00   1.7782E+00  -2.0102E+00  -2.0073E+00
  -2.0113E+00  -2.0082E+00  -9.9685E-01  -9.9636E-01   1.8625E-02  -9.9084E-01
  -9.9009E-01   8.5829E-01   8.5689E-01   8.5668E-01   8.5724E-01   8.5782E-01
   8.5528E-01   8.5643E-01   8.5706E-01   6.6190E+00  -6.4727E+00  -2.5106E+01
   2.0927E+01  -6.0103E-01  -4.6855E-01   3.0581E+00  -3.1885E+00  -5.7283E+00
   4.1910E+00   2.2596E+01  -1.9790E+01   3.1385E+01  -2.7115E+01   1.3895E+01
  -1.2307E+01  -2.4854E+01   2.1161E+01  -1.2656E+01   1.0459E+01  -5.5650E+00
   4.3318E+00   3.1921E+00  -3.0665E+00  -1.2740E+01   1.0389E+01  -2.4924E+01
   2.1112E+01   6.6575E+00  -6.3947E+00   2.2741E+01  -1.9693E+01  -5.3130E+00
   4.4973E+00   1.5643E+01  -1.3579E+01   1.4203E+01  -1.2218E+01   1.4170E+01
  -1.2200E+01  -1.2402E+01   1.0621E+01  -1.2417E+01   1.0635E+01   1.5593E+01
  -1.3575E+01   1.5594E+01  -1.3576E+01   7.0902E+00  -6.0934E+00   2.6386E-03
  -2.1007E-02   7.1038E+00  -6.1142E+00  -5.3540E+00   4.5019E+00  -5.3538E+00
   4.5026E+00  -5.3527E+00   4.5025E+00  -5.3530E+00   4.5022E+00  -1.0816E-01
  -6.3482E-02   4.4375E-02
  > Energy =  -5.359897888939E+02 +/-   2.072892882601E-04
  > varE =   4.301009912243E-03

VMC #10:
* Size of Hilbert space =   1.1779E+07
* Number of equil. steps   = 1000
* Running VMC equilibration.
  Done. [total walltime: 0.03s]
* Equil. acc.ratio (%)     =  21.3684
* Sample config after equilibration:
  +-------------+
  |  0       u  |
  |      2      |
  |    d   0    |
  |u           d|
  |2           u|
  |    u   d    |
  |      u      |
  |  d       d  |
  +-------------+
* Number of accum. steps   = 500480 x 10
* Running VMC accumulation.
    [walltime: 1m elapsed, 1m14s remaining]
  Done. [total walltime: 2m15s]
* Acceptance ratio (%)     =  21.2514
* Etot/t                   =  -5.359893951012E+02 +/-   9.273773665147E-05
  > Ttot/t                 =  -3.900152510203E+01 +/-   6.835475712917E-04
  > Utot/t                 =   1.647876353879E+01 +/-   6.776729829587E-04
* var[Eloc/t]              =   4.204433778955E-03 +/-   7.764350906252E-05
* Correlation length       =   1.023745946317E+00
* log10 Psi^2 range: -25.61093733900987 -- -16.97305136154358
* log10 Pgen range : -25.61093733900987 -- -16.97305136154358
* Site occupation (ave. no. electrons per config.):
  > Site_  ___eu____  ___ed____
      1        0.497      0.497
      2        0.499      0.501
      3        0.497      0.502
      4        0.503      0.503
      5        0.500      0.499
      6        0.500      0.498
      7        0.503      0.505
      8        0.500      0.501
      9        0.496      0.498
     10        0.504      0.497
     11        0.497      0.496
     12        0.503      0.502
     13        0.501      0.502
     14        0.502      0.498
* Pair-correlation analysis (ave. no. pairs per config.):
  > Shell  nsite  ___dh____  __eueu___  __eued___
      0      1        0          0          2.466
      1      1        0.895      0.603      2.527
      2      1        0.298      0.659      1.078
      3      1        0.263      0.708      1.076
      4      1        0.671      1.115      2.288
      5      1        0.513      1.457      2.118
      6      1        0.239      2.078      1.939
      7      1        0.074      0.418      0.570
      8      1        0.149      0.855      1.092
      9      1        0.160      0.912      1.039
     10      1        0.292      1.850      2.082
     11      1        0.250      2.074      1.929
     12      1        0.251      2.129      1.904
     13      1        0.249      2.106      1.915
     14      1        0.141      1.041      0.950
     15      1        0.224      2.146      1.896
     16      1        0.232      1.967      2.064
     17      1        0.257      2.031      1.952
     18      1        0.237      2.072      1.959
     19      1        0.115      0.991      1.010
     20      1        0.116      1.007      0.992
     21      1        0.268      1.923      2.048
     22      1        0.263      2.031      1.951
     23      1        0.127      0.946      1.060
     24      1        0.127      0.943      1.052
     25      1        0.233      1.983      2.023
     26      1        0.120      0.985      1.018
     27      1        0.235      2.024      1.980
     28      1        0.066      0.487      0.509
     29      1        0.066      0.482      0.508
     30      1        0.066      0.484      0.508
     31      1        0.066      0.482      0.508
     32      1        0.118      1.011      0.992

VDAGGER finished.
Total VDAGGER walltime: 8h12m

Run ended: Thu Oct 23 17:41:20 CEST 2025
