Run started: Fri Jan 16 08:55:09 CET 2026
Using VDAGGER_ARCH = gnu7_fkfamd_cluster
Running 1x128 MPI processes.

                               xx
                              +##
                               #X
                               Xx
                          X##XxXxxX##x
                           +   Xx  ++
                               ##
                              +##
                              +##
     ++++         ++          +##
   xX+++##+      ####         +##
  Xx    ###      +X##          ##
 xX    X##+        ##          #X
 +    x##X         #x          #X
      ###         +#           x+
     X##+         #+
     ###         Xx                    _______
     ##X       +X+   __________________VDAGGER
     +##x    +xX     2nd quantized variational
       +xxxxx+       ______quantum Monte Carlo

* Running 128 MPI processes.
* Input file: "input.01.casl"

############# Start of input file dump #############
General:
  Random seed: timer

Plan:
  VMC-optimization:
    Minimum cycles: 10
    Convergence cycles: 7

System:
  Hubbard model:
    Primitive cell:
      a_1: [ 1.0, 1.0 ]
      a_2: [ -1.0, 1.0 ]
    Simulation cell:
      a_1: [ 6.0, 0.0 ]
      a_2: [ 0.0, 6.0 ]
    U: 2.0
    Dump Hamiltonian: FCIDUMP.new
    Dump orbitals: LTSC.new
  netot: 18

VMC:
  nstep: 500000
  nconfig: 100000

Optimization:
  max_niter: 1

Jastrow: wfn.casl
############## End of input file dump ##############

General setup:
* Random seed: 621641536 (from timer)

Hubbard system:
* Dimensionality        : 2
* Simulation cell:
  > a_1 =   6.000000000000E+00   0.000000000000E+00
  > a_2 =   0.000000000000E+00   6.000000000000E+00
* Primitive cell:
  > a_1 =   1.000000000000E+00   1.000000000000E+00
  > a_2 =  -1.000000000000E+00   1.000000000000E+00
* Prim.cells in sim.cell: 18
* Number of sublattices : 1
* # real-space shells   : 5
  > Shell #1: 4 sites, rij =  1.4142E+00
  > Shell #2: 4 sites, rij =  2.0000E+00
  > Shell #3: 4 sites, rij =  2.8284E+00
  > Shell #4: 4 sites, rij =  3.1623E+00
  > Shell #5: 1 sites, rij =  4.2426E+00
* Site labels:
  +-----------------+
  |    6    11    16|
  |15     5    10   |
  |   14     4     9|
  | 8    13     3   |
  |    7    18     2|
  | 1    12    17   |
  +-----------------+
* Shell diagram:
  +-----------+
  |  4   4   5|
  |3   2   3  |
  |  1   1   4|
  |2   0   2  |
  |  1   1   4|
  |3   2   3  |
  +-----------+
* Hop multiplicity diagram:
  +-----------+
  |  -   -   -|
  |-   -   -  |
  |  1   1   -|
  |-   0   -  |
  |  1   1   -|
  |-   -   -  |
  +-----------+
* Reciprocal lattice of the simulation cell:
  > b_1 =   1.047197551197E+00  -0.000000000000E+00
  > b_2 =  -0.000000000000E+00   1.047197551197E+00
* k-vector offset:
  > Fractional:   0.000000000000E+00   0.000000000000E+00
  > Absolute  :   0.000000000000E+00   0.000000000000E+00
* G-vector occupation diagram:
  +------0------+
  |      -      |
  |    - - -    |
  |  - 2 2 2 -  |
  0- - 2 2 2 - -0
  |  - 2 2 2 -  |
  |    - - -    |
  |      -      |
  +------0------+
* G-vectors and non-interacting energy levels:
  > G_1 = [   0.0000E+00,  0.0000E+00,  0.0000E+00 ], e =  -4.0000E+00
  > G_2 = [  -1.0472E+00,  0.0000E+00,  0.0000E+00 ], e =  -2.0000E+00
  > G_3 = [   1.0472E+00,  0.0000E+00,  0.0000E+00 ], e =  -2.0000E+00
  > G_4 = [   0.0000E+00,  1.0472E+00,  0.0000E+00 ], e =  -2.0000E+00
  > G_5 = [   0.0000E+00, -1.0472E+00,  0.0000E+00 ], e =  -2.0000E+00
  > G_6 = [  -1.0472E+00, -1.0472E+00,  0.0000E+00 ], e =  -1.0000E+00
  > G_7 = [   1.0472E+00,  1.0472E+00,  0.0000E+00 ], e =  -1.0000E+00
  > G_8 = [   1.0472E+00, -1.0472E+00,  0.0000E+00 ], e =  -1.0000E+00
  > G_9 = [  -1.0472E+00,  1.0472E+00,  0.0000E+00 ], e =  -1.0000E+00 = e_F
  > G_10 = [  -2.0944E+00, -1.0472E+00,  0.0000E+00 ], e =   1.0000E+00
  > G_11 = [   2.0944E+00,  1.0472E+00,  0.0000E+00 ], e =   1.0000E+00
  > G_12 = [   1.0472E+00,  2.0944E+00,  0.0000E+00 ], e =   1.0000E+00
  > G_13 = [  -1.0472E+00, -2.0944E+00,  0.0000E+00 ], e =   1.0000E+00
  > ...
* U/t                   :  2.00000000000E+00
* Hartree-Fock Etot/t   : -2.30000000000E+01
  > Ttot/t              : -3.20000000000E+01
  > Utot/t              :  9.00000000000E+00
* Writing Hamiltonian to "FCIDUMP.new".
* Writing orbitals to "LTSC.new".
* Analysis of Hamiltonian connecitivity performed:
  - U_iiii [opp] (local, 1-site): 18 (i) values
  - T_ji (single, 2-site): 72 contribs. from 18 (i) values
  - Max. no. wfn. ratios in Eloc: 4
* Site labels:
  +-----------------+
  |    6    11    16|
  |15     5    10   |
  |   14     4     9|
  | 8    13     3   |
  |    7    18     2|
  | 1    12    17   |
  +-----------------+
* Model system Site kinds:
  [ 1, 1, 1, 1, 1, 1, 1, 1, 1, 1, 1, 1, 1, 1, 1, 1, 1, 1 ]
  +-----------+
  |  1   1   1|
  |1   1   1  |
  |  1   1   1|
  |1   1   1  |
  |  1   1   1|
  |1   1   1  |
  +-----------+
* Maximum Site kind: 1
* Model system Site pair kinds:
  Site 1: [ 0, 1, 3, 5, 3, 1, 1, 2, 4, 3, 4, 2, 3, 4, 2, 1, 2, 4 ]
  Site 2: [ 1, 0, 1, 3, 5, 3, 2, 1, 2, 4, 3, 4, 4, 3, 4, 2, 1, 2 ]
  Site 3: [ 3, 1, 0, 1, 3, 5, 4, 2, 1, 2, 4, 3, 2, 4, 3, 4, 2, 1 ]
  Site 4: [ 5, 3, 1, 0, 1, 3, 3, 4, 2, 1, 2, 4, 1, 2, 4, 3, 4, 2 ]
  Site 5: [ 3, 5, 3, 1, 0, 1, 4, 3, 4, 2, 1, 2, 2, 1, 2, 4, 3, 4 ]
  Site 6: [ 1, 3, 5, 3, 1, 0, 2, 4, 3, 4, 2, 1, 4, 2, 1, 2, 4, 3 ]
  Site 7: [ 1, 2, 4, 3, 4, 2, 0, 1, 3, 5, 3, 1, 1, 2, 4, 3, 4, 2 ]
  Site 8: [ 2, 1, 2, 4, 3, 4, 1, 0, 1, 3, 5, 3, 2, 1, 2, 4, 3, 4 ]
  Site 9: [ 4, 2, 1, 2, 4, 3, 3, 1, 0, 1, 3, 5, 4, 2, 1, 2, 4, 3 ]
  Site 10: [ 3, 4, 2, 1, 2, 4, 5, 3, 1, 0, 1, 3, 3, 4, 2, 1, 2, 4 ]
  Site 11: [ 4, 3, 4, 2, 1, 2, 3, 5, 3, 1, 0, 1, 4, 3, 4, 2, 1, 2 ]
  Site 12: [ 2, 4, 3, 4, 2, 1, 1, 3, 5, 3, 1, 0, 2, 4, 3, 4, 2, 1 ]
  Site 13: [ 3, 4, 2, 1, 2, 4, 1, 2, 4, 3, 4, 2, 0, 1, 3, 5, 3, 1 ]
  Site 14: [ 4, 3, 4, 2, 1, 2, 2, 1, 2, 4, 3, 4, 1, 0, 1, 3, 5, 3 ]
  Site 15: [ 2, 4, 3, 4, 2, 1, 4, 2, 1, 2, 4, 3, 3, 1, 0, 1, 3, 5 ]
  Site 16: [ 1, 2, 4, 3, 4, 2, 3, 4, 2, 1, 2, 4, 5, 3, 1, 0, 1, 3 ]
  Site 17: [ 2, 1, 2, 4, 3, 4, 4, 3, 4, 2, 1, 2, 3, 5, 3, 1, 0, 1 ]
  Site 18: [ 4, 2, 1, 2, 4, 3, 2, 4, 3, 4, 2, 1, 1, 3, 5, 3, 1, 0 ]
  For site 1 of kind 1:
  +-----------+
  |  1   4   1|
  |2   3   3  |
  |  4   5   4|
  |2   3   3  |
  |  1   4   1|
  |0   2   2  |
  +-----------+
* Maximum (unsigned) Site pair kind: 5

General system setup:
* Number of sites       : 18
* Number of electrons   : 18
* Spin imbalance MS2    : 0
* Filling               : 0.500000
* Number of orbitals in pool: 21
* Using real-valued orbitals
* Using double-precision arithmetic for orbitals

Trial wave function setup:
* Jastrow parameter file: "wfn.casl"
* Not using multideterminants
* Not using a backflow transformation
* Not using wave function manipulation

VMC #1:
* Size of Hilbert space =   2.3639E+09
* Number of equil. steps   = 1000
* Running VMC equilibration.
  Done. [total walltime: 0.03s]
* Equil. acc.ratio (%)     =  48.8399
* Sample config after equilibration:
  +-----------+
  |  2   d   d|
  |u   u   u  |
  |  0   d   d|
  |2   d   u  |
  |  2   0   d|
  |u   0   u  |
  +-----------+
* Number of accum. steps   = 500480 x 10
* Running VMC accumulation.
  Done. [total walltime: 1.35s]
* Acceptance ratio (%)     =  48.8317
* Etot/t                   =  -2.300284526854E+01 +/-   3.248223149854E-03
  > Ttot/t                 =  -3.200000000000E+01 +/-   1.824280085679E-17
  > Utot/t                 =   8.997154731458E+00 +/-   3.248223149854E-03
* var[Eloc/t]              =   5.243144963786E+00 +/-   9.141062018814E-03
* Correlation length       =   1.007132419538E+00
* log10 Psi^2 range: 5.9300651464254512 -- 12.359885239284136
* log10 Pgen range : 5.9300651464254512 -- 12.359885239284136
* Site occupation (ave. no. electrons per config.):
  > Site_  ___eu____  ___ed____
      1        0.501      0.497
      2        0.502      0.502
      3        0.499      0.502
      4        0.500      0.501
      5        0.500      0.500
      6        0.501      0.500
      7        0.498      0.499
      8        0.499      0.499
      9        0.502      0.501
     10        0.500      0.498
     11        0.497      0.499
     12        0.500      0.500
     13        0.500      0.501
     14        0.501      0.501
     15        0.499      0.498
     16        0.502      0.501
     17        0.500      0.503
     18        0.499      0.500
* Pair-correlation analysis (ave. no. pairs per config.):
  > Shell  nsite  ___dh____  __eueu___  __eued___
      0      1        0          0          4.500
      1     18        6.451     14.450     17.996
      2     18        4.496     17.997     18.004
      3     18        4.493     17.995     18.017
      4     18        4.960     17.115     17.984
      5     18        1.153      4.443      4.499

Optimization #1:
* Method          : lls
* Target function : energy
* No. of configs. : 100096
* No. of params.  : 14
* Before optimization:
   0.0000E+00   0.0000E+00   0.0000E+00   0.0000E+00   0.0000E+00   0.0000E+00
   0.0000E+00   0.0000E+00   0.0000E+00   0.0000E+00   0.0000E+00   0.0000E+00
   0.0000E+00   0.0000E+00
  > E    =  -2.300053948210E+01 +/-   7.223371183666E-03
  > varE =   5.222718126463E+00
* Computing derivatives.
  Done. [total walltime: 0.45s]
* Optimizing manipulation constant:
  #igrid a___________ E____________________________________ varE____________
     1     Infinity    -2.30005395E+01 +/-   7.22337118E-03   5.22271813E+00
     2     1.0000E+06  -2.30005499E+01 +/-   7.22331831E-03   5.22264167E+00
     3     2.1544E+05  -2.30005879E+01 +/-   7.22312578E-03   5.22236327E+00
     4     4.6416E+04  -2.30007642E+01 +/-   7.22223231E-03   5.22107138E+00
     5     1.0000E+04  -2.30015818E+01 +/-   7.21808894E-03   5.21508247E+00
     6     2.1544E+03  -2.30053574E+01 +/-   7.19893708E-03   5.18744467E+00
     7     4.6416E+02  -2.30224827E+01 +/-   7.11171742E-03   5.06250782E+00
     8     1.0000E+02  -2.30942942E+01 +/-   6.73886949E-03   4.54559578E+00
     9     2.1544E+01  -2.33189649E+01 +/-   5.46318281E-03   2.98750189E+00
    10     4.6416E+00  -2.36274172E+01 +/-   3.20217524E-03   1.02637700E+00
    11     1.0000E+00  -2.37027803E+01 +/-   2.96784819E-03   8.81657869E-01
    12     2.1544E-01  -2.36850064E+01 +/-   3.50017987E-03   1.22630203E+00
    13     4.6416E-02  -2.36766910E+01 +/-   3.66901725E-03   1.34746108E+00
    14     1.0000E-02  -2.36746273E+01 +/-   3.70819285E-03   1.37638949E+00
    15     2.1544E-03  -2.36741693E+01 +/-   3.71676594E-03   1.38276108E+00
    16     4.6416E-04  -2.36740700E+01 +/-   3.71861916E-03   1.38414034E+00
    17     1.0000E-04  -2.36740486E+01 +/-   3.71901871E-03   1.38443780E+00
    18     2.1544E-05  -2.36740439E+01 +/-   3.71910480E-03   1.38450190E+00
    19     4.6416E-06  -2.36740429E+01 +/-   3.71912335E-03   1.38451571E+00
    20     1.0000E-06  -2.36740427E+01 +/-   3.71912735E-03   1.38451869E+00
    21     0.0000E+00  -2.36740427E+01 +/-   3.71912845E-03   1.38451950E+00
  ParMin   6.3384E-01  -2.36980728E+01 +/-   3.16828922E-03   1.00476931E+00
  # Using grid point #11
* Iteration # 1: E =  -2.370278028253E+01 +/-   2.967848191430E-03
* Reached maximum number of iterations: exiting.
* After optimization:
  -5.9813E-01   4.8202E-02   3.6168E-02   3.1144E-02   2.4896E-02   2.9054E-02
   5.0761E-03  -1.3644E-02  -2.0029E-06  -8.1950E-03   4.6298E-04  -3.2277E-03
  -8.5564E-04   4.5880E-03
  > Energy =  -2.370278028253E+01 +/-   2.967848191430E-03
  > varE =   8.816578685348E-01

VMC #2:
* Size of Hilbert space =   2.3639E+09
* Number of equil. steps   = 1000
* Running VMC equilibration.
  Done. [total walltime: 0.02s]
* Equil. acc.ratio (%)     =  44.3091
* Sample config after equilibration:
  +-----------+
  |  0   2   0|
  |2   2   2  |
  |  2   0   0|
  |u   u   2  |
  |  0   d   2|
  |0   0   d  |
  +-----------+
* Number of accum. steps   = 500480 x 10
* Running VMC accumulation.
  Done. [total walltime: 0.92s]
* Acceptance ratio (%)     =  44.2789
* Etot/t                   =  -2.369109410513E+01 +/-   1.352771162616E-03
  > Ttot/t                 =  -3.122913358723E+01 +/-   3.731768046965E-03
  > Utot/t                 =   7.538039482097E+00 +/-   3.483850641594E-03
* var[Eloc/t]              =   9.120630327262E-01 +/-   4.380565489536E-03
* Correlation length       =   1.004177640637E+00
* log10 Psi^2 range: 4.4530089086877753 -- 12.091134994794194
* log10 Pgen range : 4.4530089086877753 -- 12.091134994794194
* Site occupation (ave. no. electrons per config.):
  > Site_  ___eu____  ___ed____
      1        0.499      0.504
      2        0.502      0.501
      3        0.499      0.501
      4        0.499      0.501
      5        0.502      0.502
      6        0.500      0.498
      7        0.503      0.499
      8        0.499      0.501
      9        0.501      0.500
     10        0.498      0.498
     11        0.501      0.500
     12        0.499      0.501
     13        0.499      0.498
     14        0.500      0.498
     15        0.501      0.501
     16        0.500      0.498
     17        0.499      0.501
     18        0.498      0.499
* Pair-correlation analysis (ave. no. pairs per config.):
  > Shell  nsite  ___dh____  __eueu___  __eued___
      0      1        0          0          3.763
      1     18        4.762     14.310     18.932
      2     18        3.294     18.165     17.654
      3     18        3.270     18.134     17.739
      4     18        3.544     16.970     18.382
      5     18        0.825      4.420      4.530

Optimization #2:
* Method          : lls
* Target function : energy
* No. of configs. : 100096
* No. of params.  : 14
* Before optimization:
  -5.9813E-01   4.8202E-02   3.6168E-02   3.1144E-02   2.4896E-02   2.9054E-02
   5.0761E-03  -1.3644E-02  -2.0029E-06  -8.1950E-03   4.6298E-04  -3.2277E-03
  -8.5564E-04   4.5880E-03
  > E    =  -2.368963559553E+01 +/-   3.017631895154E-03
  > varE =   9.114844112816E-01
* Computing derivatives.
  Done. [total walltime: 0.49s]
* Optimizing manipulation constant:
  #igrid a___________ E____________________________________ varE____________
     1     Infinity    -2.36896356E+01 +/-   3.01763190E-03   9.11484411E-01
     2     1.0000E+06  -2.36896369E+01 +/-   3.01760212E-03   9.11466424E-01
     3     2.1544E+05  -2.36896416E+01 +/-   3.01749370E-03   9.11400929E-01
     4     4.6416E+04  -2.36896633E+01 +/-   3.01699064E-03   9.11097068E-01
     5     1.0000E+04  -2.36897638E+01 +/-   3.01465951E-03   9.09689663E-01
     6     2.1544E+03  -2.36902259E+01 +/-   3.00392204E-03   9.03221021E-01
     7     4.6416E+02  -2.36922789E+01 +/-   2.95580480E-03   8.74516934E-01
     8     1.0000E+02  -2.37001526E+01 +/-   2.76444506E-03   7.64949294E-01
     9     2.1544E+01  -2.37183816E+01 +/-   2.26947306E-03   5.15545245E-01
    10     4.6416E+00  -2.37330722E+01 +/-   1.79648370E-03   3.23045196E-01
    11     1.0000E+00  -2.37368473E+01 +/-   1.66406366E-03   2.77176620E-01
    12     2.1544E-01  -2.37374618E+01 +/-   1.64303541E-03   2.70215693E-01
    13     4.6416E-02  -2.37375739E+01 +/-   1.63928815E-03   2.68984541E-01
    14     1.0000E-02  -2.37375969E+01 +/-   1.63852418E-03   2.68733885E-01
    15     2.1544E-03  -2.37376018E+01 +/-   1.63836168E-03   2.68680584E-01
    16     4.6416E-04  -2.37376029E+01 +/-   1.63832676E-03   2.68669133E-01
    17     1.0000E-04  -2.37376031E+01 +/-   1.63831925E-03   2.68666668E-01
    18     2.1544E-05  -2.37376032E+01 +/-   1.63831763E-03   2.68666137E-01
    19     4.6416E-06  -2.37376032E+01 +/-   1.63831728E-03   2.68666022E-01
    20     1.0000E-06  -2.37376032E+01 +/-   1.63831720E-03   2.68665998E-01
    21     0.0000E+00  -2.37376032E+01 +/-   1.63831718E-03   2.68665991E-01
* Iteration # 1: E =  -2.373760317516E+01 +/-   1.638317182625E-03
* Reached maximum number of iterations: exiting.
* After optimization:
  -5.1205E-01   3.9629E-02   1.7172E-02   7.0268E-03  -3.0265E-03   2.5212E-03
  -2.1241E-05  -2.1884E-02  -4.1883E-03  -1.3116E-02  -1.1659E-03  -4.8322E-03
  -1.0574E-03   5.6418E-03
  > Energy =  -2.373760317516E+01 +/-   1.638317182625E-03
  > varE =   2.686659910748E-01

VMC #3:
* Size of Hilbert space =   2.3639E+09
* Number of equil. steps   = 1000
* Running VMC equilibration.
  Done. [total walltime: 0.02s]
* Equil. acc.ratio (%)     =  44.1449
* Sample config after equilibration:
  +-----------+
  |  u   0   u|
  |0   d   2  |
  |  0   u   2|
  |d   d   2  |
  |  u   0   u|
  |d   2   d  |
  +-----------+
* Number of accum. steps   = 500480 x 10
* Running VMC accumulation.
  Done. [total walltime: 1.00s]
* Acceptance ratio (%)     =  44.1398
* Etot/t                   =  -2.373619802054E+01 +/-   7.200111848769E-04
  > Ttot/t                 =  -3.125445649241E+01 +/-   3.341922657666E-03
  > Utot/t                 =   7.518258471867E+00 +/-   3.280970442328E-03
* var[Eloc/t]              =   2.683988631145E-01 +/-   6.692942423166E-04
* Correlation length       =   9.666840235249E-01
* log10 Psi^2 range: 3.6536977658226863 -- 11.684582719129812
* log10 Pgen range : 3.6536977658226863 -- 11.684582719129812
* Site occupation (ave. no. electrons per config.):
  > Site_  ___eu____  ___ed____
      1        0.500      0.502
      2        0.500      0.499
      3        0.500      0.500
      4        0.500      0.498
      5        0.500      0.502
      6        0.501      0.497
      7        0.499      0.497
      8        0.498      0.496
      9        0.501      0.501
     10        0.499      0.503
     11        0.501      0.499
     12        0.502      0.502
     13        0.500      0.502
     14        0.500      0.499
     15        0.499      0.501
     16        0.499      0.497
     17        0.501      0.503
     18        0.500      0.502
* Pair-correlation analysis (ave. no. pairs per config.):
  > Shell  nsite  ___dh____  __eueu___  __eued___
      0      1        0          0          3.758
      1     18        4.735     14.329     18.889
      2     18        3.243     18.127     17.684
      3     18        3.220     18.119     17.728
      4     18        3.449     17.004     18.404
      5     18        0.806      4.420      4.537

Optimization #3:
* Method          : lls
* Target function : energy
* No. of configs. : 100096
* No. of params.  : 14
* Before optimization:
  -5.1205E-01   3.9629E-02   1.7172E-02   7.0268E-03  -3.0265E-03   2.5212E-03
  -2.1241E-05  -2.1884E-02  -4.1883E-03  -1.3116E-02  -1.1659E-03  -4.8322E-03
  -1.0574E-03   5.6418E-03
  > E    =  -2.373484809307E+01 +/-   1.634444989160E-03
  > varE =   2.673974976596E-01
* Computing derivatives.
  Done. [total walltime: 0.57s]
* Optimizing manipulation constant:
  #igrid a___________ E____________________________________ varE____________
     1     Infinity    -2.37348481E+01 +/-   1.63444499E-03   2.67397498E-01
     2     1.0000E+06  -2.37348481E+01 +/-   1.63444476E-03   2.67397422E-01
     3     2.1544E+05  -2.37348481E+01 +/-   1.63444392E-03   2.67397146E-01
     4     4.6416E+04  -2.37348482E+01 +/-   1.63444001E-03   2.67395867E-01
     5     1.0000E+04  -2.37348485E+01 +/-   1.63442190E-03   2.67389943E-01
     6     2.1544E+03  -2.37348498E+01 +/-   1.63433869E-03   2.67362716E-01
     7     4.6416E+02  -2.37348557E+01 +/-   1.63396958E-03   2.67241963E-01
     8     1.0000E+02  -2.37348779E+01 +/-   1.63256608E-03   2.66783067E-01
     9     2.1544E+01  -2.37349240E+01 +/-   1.62951292E-03   2.65786146E-01
    10     4.6416E+00  -2.37349400E+01 +/-   1.62798458E-03   2.65287810E-01
    11     1.0000E+00  -2.37349245E+01 +/-   1.62849000E-03   2.65452558E-01
    12     2.1544E-01  -2.37349163E+01 +/-   1.62882276E-03   2.65561052E-01
    13     4.6416E-02  -2.37349141E+01 +/-   1.62891249E-03   2.65590311E-01
    14     1.0000E-02  -2.37349136E+01 +/-   1.62893278E-03   2.65596928E-01
    15     2.1544E-03  -2.37349135E+01 +/-   1.62893720E-03   2.65598369E-01
    16     4.6416E-04  -2.37349134E+01 +/-   1.62893815E-03   2.65598680E-01
    17     1.0000E-04  -2.37349134E+01 +/-   1.62893836E-03   2.65598747E-01
    18     2.1544E-05  -2.37349134E+01 +/-   1.62893840E-03   2.65598762E-01
    19     4.6416E-06  -2.37349134E+01 +/-   1.62893841E-03   2.65598765E-01
    20     1.0000E-06  -2.37349134E+01 +/-   1.62893841E-03   2.65598766E-01
    21     0.0000E+00  -2.37349134E+01 +/-   1.62893841E-03   2.65598766E-01
  ParMin   4.3126E+00  -2.37349395E+01 +/-   1.62798903E-03   2.65289261E-01
  # Using grid point #10
* Iteration # 1: E =  -2.373494004306E+01 +/-   1.627984577102E-03
* Reached maximum number of iterations: exiting.
* After optimization:
  -4.8882E-01   3.7308E-02   1.4702E-02   5.0282E-03  -5.4132E-03   8.6164E-04
   4.3308E-04  -2.1503E-02  -3.8264E-03  -1.2788E-02  -9.8077E-04  -4.6101E-03
  -6.1359E-04   6.2248E-03
  > Energy =  -2.373494004306E+01 +/-   1.627984577102E-03
  > varE =   2.652878103713E-01

VMC #4:
* Size of Hilbert space =   2.3639E+09
* Number of equil. steps   = 1000
* Running VMC equilibration.
  Done. [total walltime: 0.02s]
* Equil. acc.ratio (%)     =  44.2482
* Sample config after equilibration:
  +-----------+
  |  2   2   u|
  |0   d   d  |
  |  0   0   d|
  |u   u   2  |
  |  u   d   2|
  |d   u   0  |
  +-----------+
* Number of accum. steps   = 500480 x 10
* Running VMC accumulation.
  Done. [total walltime: 1.11s]
* Acceptance ratio (%)     =  44.1450
* Etot/t                   =  -2.373671922030E+01 +/-   7.247617619966E-04
  > Ttot/t                 =  -3.125902180981E+01 +/-   3.294988807416E-03
  > Utot/t                 =   7.522302589514E+00 +/-   3.196862380655E-03
* var[Eloc/t]              =   2.674118486783E-01 +/-   8.249613725282E-04
* Correlation length       =   9.830975752914E-01
* log10 Psi^2 range: 4.2918181055940963 -- 11.731839564159699
* log10 Pgen range : 4.2918181055940963 -- 11.731839564159699
* Site occupation (ave. no. electrons per config.):
  > Site_  ___eu____  ___ed____
      1        0.503      0.496
      2        0.497      0.501
      3        0.499      0.501
      4        0.499      0.500
      5        0.503      0.497
      6        0.499      0.505
      7        0.498      0.498
      8        0.500      0.501
      9        0.503      0.498
     10        0.499      0.503
     11        0.500      0.502
     12        0.501      0.501
     13        0.503      0.499
     14        0.499      0.500
     15        0.498      0.501
     16        0.502      0.498
     17        0.498      0.502
     18        0.500      0.498
* Pair-correlation analysis (ave. no. pairs per config.):
  > Shell  nsite  ___dh____  __eueu___  __eued___
      0      1        0          0          3.761
      1     18        4.730     14.329     18.894
      2     18        3.254     18.119     17.676
      3     18        3.220     18.108     17.741
      4     18        3.448     17.019     18.397
      5     18        0.809      4.425      4.531

Optimization #4:
* Method          : lls
* Target function : energy
* No. of configs. : 100096
* No. of params.  : 14
* Before optimization:
  -4.8882E-01   3.7308E-02   1.4702E-02   5.0282E-03  -5.4132E-03   8.6164E-04
   4.3308E-04  -2.1503E-02  -3.8264E-03  -1.2788E-02  -9.8077E-04  -4.6101E-03
  -6.1359E-04   6.2248E-03
  > E    =  -2.373632896346E+01 +/-   1.630136905515E-03
  > varE =   2.659897383198E-01
* Computing derivatives.
  Done. [total walltime: 0.62s]
* Optimizing manipulation constant:
  #igrid a___________ E____________________________________ varE____________
     1     Infinity    -2.37363290E+01 +/-   1.63013691E-03   2.65989738E-01
     2     1.0000E+06  -2.37363290E+01 +/-   1.63013687E-03   2.65989728E-01
     3     2.1544E+05  -2.37363290E+01 +/-   1.63013676E-03   2.65989690E-01
     4     4.6416E+04  -2.37363290E+01 +/-   1.63013623E-03   2.65989516E-01
     5     1.0000E+04  -2.37363290E+01 +/-   1.63013375E-03   2.65988709E-01
     6     2.1544E+03  -2.37363293E+01 +/-   1.63012235E-03   2.65984989E-01
     7     4.6416E+02  -2.37363303E+01 +/-   1.63007120E-03   2.65968295E-01
     8     1.0000E+02  -2.37363344E+01 +/-   1.62986613E-03   2.65901382E-01
     9     2.1544E+01  -2.37363454E+01 +/-   1.62931060E-03   2.65720150E-01
    10     4.6416E+00  -2.37363586E+01 +/-   1.62865789E-03   2.65507294E-01
    11     1.0000E+00  -2.37363657E+01 +/-   1.62836113E-03   2.65410546E-01
    12     2.1544E-01  -2.37363679E+01 +/-   1.62828324E-03   2.65385155E-01
    13     4.6416E-02  -2.37363684E+01 +/-   1.62826577E-03   2.65379462E-01
    14     1.0000E-02  -2.37363685E+01 +/-   1.62826198E-03   2.65378225E-01
    15     2.1544E-03  -2.37363685E+01 +/-   1.62826116E-03   2.65377958E-01
    16     4.6416E-04  -2.37363685E+01 +/-   1.62826098E-03   2.65377901E-01
    17     1.0000E-04  -2.37363685E+01 +/-   1.62826094E-03   2.65377888E-01
    18     2.1544E-05  -2.37363685E+01 +/-   1.62826094E-03   2.65377886E-01
    19     4.6416E-06  -2.37363685E+01 +/-   1.62826093E-03   2.65377885E-01
    20     1.0000E-06  -2.37363685E+01 +/-   1.62826093E-03   2.65377885E-01
    21     0.0000E+00  -2.37363685E+01 +/-   1.62826093E-03   2.65377885E-01
* Iteration # 1: E =  -2.373636853560E+01 +/-   1.628260932956E-03
* Reached maximum number of iterations: exiting.
* After optimization:
  -4.9310E-01   3.7435E-02   1.4656E-02   4.7176E-03  -5.5787E-03   2.7392E-04
   3.8947E-04  -2.2325E-02  -3.8177E-03  -1.3296E-02  -1.0821E-03  -4.9675E-03
  -6.2833E-04   6.0839E-03
  > Energy =  -2.373636853560E+01 +/-   1.628260932956E-03
  > varE =   2.653778850111E-01

VMC #5:
* Size of Hilbert space =   2.3639E+09
* Number of equil. steps   = 1000
* Running VMC equilibration.
  Done. [total walltime: 0.02s]
* Equil. acc.ratio (%)     =  44.1665
* Sample config after equilibration:
  +-----------+
  |  d   0   2|
  |0   2   u  |
  |  0   0   2|
  |2   u   u  |
  |  0   d   0|
  |2   2   d  |
  +-----------+
* Number of accum. steps   = 500480 x 10
* Running VMC accumulation.
  Done. [total walltime: 1.17s]
* Acceptance ratio (%)     =  44.1455
* Etot/t                   =  -2.373680255586E+01 +/-   7.307746757538E-04
  > Ttot/t                 =  -3.125651563130E+01 +/-   3.369474650431E-03
  > Utot/t                 =   7.519713075448E+00 +/-   3.276384553092E-03
* var[Eloc/t]              =   2.666133583594E-01 +/-   9.976053696703E-04
* Correlation length       =   1.002470957146E+00
* log10 Psi^2 range: 3.9206392158306520 -- 11.698823980716648
* log10 Pgen range : 3.9206392158306520 -- 11.698823980716648
* Site occupation (ave. no. electrons per config.):
  > Site_  ___eu____  ___ed____
      1        0.501      0.498
      2        0.500      0.501
      3        0.499      0.498
      4        0.499      0.500
      5        0.500      0.499
      6        0.500      0.502
      7        0.500      0.500
      8        0.502      0.499
      9        0.502      0.500
     10        0.501      0.502
     11        0.500      0.502
     12        0.498      0.500
     13        0.499      0.502
     14        0.500      0.501
     15        0.500      0.500
     16        0.499      0.498
     17        0.503      0.498
     18        0.498      0.499
* Pair-correlation analysis (ave. no. pairs per config.):
  > Shell  nsite  ___dh____  __eueu___  __eued___
      0      1        0          0          3.761
      1     18        4.735     14.329     18.882
      2     18        3.242     18.136     17.679
      3     18        3.229     18.103     17.744
      4     18        3.454     17.004     18.408
      5     18        0.811      4.428      4.526

Optimization #5:
* Method          : lls
* Target function : energy
* No. of configs. : 100096
* No. of params.  : 14
* Before optimization:
  -4.9310E-01   3.7435E-02   1.4656E-02   4.7176E-03  -5.5787E-03   2.7392E-04
   3.8947E-04  -2.2325E-02  -3.8177E-03  -1.3296E-02  -1.0821E-03  -4.9675E-03
  -6.2833E-04   6.0839E-03
  > E    =  -2.373243049139E+01 +/-   1.630911807895E-03
  > varE =   2.662426803524E-01
* Computing derivatives.
  Done. [total walltime: 0.65s]
* Optimizing manipulation constant:
  #igrid a___________ E____________________________________ varE____________
     1     Infinity    -2.37324305E+01 +/-   1.63091181E-03   2.66242680E-01
     2     1.0000E+06  -2.37324305E+01 +/-   1.63091180E-03   2.66242678E-01
     3     2.1544E+05  -2.37324305E+01 +/-   1.63091178E-03   2.66242671E-01
     4     4.6416E+04  -2.37324305E+01 +/-   1.63091168E-03   2.66242638E-01
     5     1.0000E+04  -2.37324305E+01 +/-   1.63091121E-03   2.66242486E-01
     6     2.1544E+03  -2.37324307E+01 +/-   1.63090906E-03   2.66241782E-01
     7     4.6416E+02  -2.37324316E+01 +/-   1.63089936E-03   2.66238616E-01
     8     1.0000E+02  -2.37324353E+01 +/-   1.63086010E-03   2.66225800E-01
     9     2.1544E+01  -2.37324472E+01 +/-   1.63075583E-03   2.66191758E-01
    10     4.6416E+00  -2.37324679E+01 +/-   1.63069929E-03   2.66173298E-01
    11     1.0000E+00  -2.37324818E+01 +/-   1.63080969E-03   2.66209341E-01
    12     2.1544E-01  -2.37324862E+01 +/-   1.63088908E-03   2.66235261E-01
    13     4.6416E-02  -2.37324873E+01 +/-   1.63091242E-03   2.66242879E-01
    14     1.0000E-02  -2.37324875E+01 +/-   1.63091781E-03   2.66244641E-01
    15     2.1544E-03  -2.37324875E+01 +/-   1.63091899E-03   2.66245027E-01
    16     4.6416E-04  -2.37324876E+01 +/-   1.63091925E-03   2.66245110E-01
    17     1.0000E-04  -2.37324876E+01 +/-   1.63091930E-03   2.66245128E-01
    18     2.1544E-05  -2.37324876E+01 +/-   1.63091932E-03   2.66245132E-01
    19     4.6416E-06  -2.37324876E+01 +/-   1.63091932E-03   2.66245133E-01
    20     1.0000E-06  -2.37324876E+01 +/-   1.63091932E-03   2.66245133E-01
    21     0.0000E+00  -2.37324876E+01 +/-   1.63091932E-03   2.66245133E-01
* Iteration # 1: E =  -2.373248755590E+01 +/-   1.630919319675E-03
* Reached maximum number of iterations: exiting.
* After optimization:
  -4.8646E-01   3.7340E-02   1.4384E-02   4.1420E-03  -6.3866E-03   2.5695E-04
  -8.6542E-04  -2.1429E-02  -4.5426E-03  -1.2449E-02  -9.7449E-04  -4.4435E-03
  -5.7956E-04   6.6605E-03
  > Energy =  -2.373248755590E+01 +/-   1.630919319675E-03
  > varE =   2.662451329205E-01

VMC #6:
* Size of Hilbert space =   2.3639E+09
* Number of equil. steps   = 1000
* Running VMC equilibration.
  Done. [total walltime: 0.03s]
* Equil. acc.ratio (%)     =  44.1329
* Sample config after equilibration:
  +-----------+
  |  u   d   d|
  |0   d   u  |
  |  0   d   2|
  |u   u   u  |
  |  d   d   0|
  |2   u   2  |
  +-----------+
* Number of accum. steps   = 500480 x 10
* Running VMC accumulation.
  Done. [total walltime: 1.21s]
* Acceptance ratio (%)     =  44.1395
* Etot/t                   =  -2.373635059741E+01 +/-   7.305115612357E-04
  > Ttot/t                 =  -3.126285715112E+01 +/-   3.303239596051E-03
  > Utot/t                 =   7.526506553708E+00 +/-   3.213571722960E-03
* var[Eloc/t]              =   2.648010012471E-01 +/-   7.977339295099E-04
* Correlation length       =   1.008605405264E+00
* log10 Psi^2 range: 3.9261066303512382 -- 11.725577276943238
* log10 Pgen range : 3.9261066303512382 -- 11.725577276943238
* Site occupation (ave. no. electrons per config.):
  > Site_  ___eu____  ___ed____
      1        0.503      0.504
      2        0.499      0.502
      3        0.498      0.502
      4        0.499      0.500
      5        0.503      0.502
      6        0.499      0.499
      7        0.502      0.500
      8        0.502      0.498
      9        0.502      0.499
     10        0.499      0.500
     11        0.499      0.500
     12        0.500      0.499
     13        0.499      0.500
     14        0.500      0.500
     15        0.497      0.500
     16        0.498      0.498
     17        0.501      0.498
     18        0.501      0.502
* Pair-correlation analysis (ave. no. pairs per config.):
  > Shell  nsite  ___dh____  __eueu___  __eued___
      0      1        0          0          3.763
      1     18        4.737     14.320     18.896
      2     18        3.253     18.133     17.667
      3     18        3.225     18.110     17.736
      4     18        3.451     17.008     18.411
      5     18        0.810      4.429      4.527

Optimization #6:
* Method          : lls
* Target function : energy
* No. of configs. : 100096
* No. of params.  : 14
* Before optimization:
  -4.8646E-01   3.7340E-02   1.4384E-02   4.1420E-03  -6.3866E-03   2.5695E-04
  -8.6542E-04  -2.1429E-02  -4.5426E-03  -1.2449E-02  -9.7449E-04  -4.4435E-03
  -5.7956E-04   6.6605E-03
  > E    =  -2.373842289806E+01 +/-   1.631289504279E-03
  > varE =   2.663660107998E-01
* Computing derivatives.
  Done. [total walltime: 0.66s]
* Optimizing manipulation constant:
  #igrid a___________ E____________________________________ varE____________
     1     Infinity    -2.37384229E+01 +/-   1.63128950E-03   2.66366011E-01
     2     1.0000E+06  -2.37384229E+01 +/-   1.63128950E-03   2.66366008E-01
     3     2.1544E+05  -2.37384229E+01 +/-   1.63128946E-03   2.66365998E-01
     4     4.6416E+04  -2.37384229E+01 +/-   1.63128932E-03   2.66365949E-01
     5     1.0000E+04  -2.37384229E+01 +/-   1.63128863E-03   2.66365725E-01
     6     2.1544E+03  -2.37384230E+01 +/-   1.63128546E-03   2.66364689E-01
     7     4.6416E+02  -2.37384234E+01 +/-   1.63127105E-03   2.66359985E-01
     8     1.0000E+02  -2.37384252E+01 +/-   1.63121021E-03   2.66340116E-01
     9     2.1544E+01  -2.37384310E+01 +/-   1.63101224E-03   2.66275472E-01
    10     4.6416E+00  -2.37384410E+01 +/-   1.63066882E-03   2.66163353E-01
    11     1.0000E+00  -2.37384478E+01 +/-   1.63042877E-03   2.66084993E-01
    12     2.1544E-01  -2.37384499E+01 +/-   1.63034859E-03   2.66058825E-01
    13     4.6416E-02  -2.37384505E+01 +/-   1.63032920E-03   2.66052496E-01
    14     1.0000E-02  -2.37384506E+01 +/-   1.63032491E-03   2.66051096E-01
    15     2.1544E-03  -2.37384506E+01 +/-   1.63032398E-03   2.66050793E-01
    16     4.6416E-04  -2.37384506E+01 +/-   1.63032378E-03   2.66050727E-01
    17     1.0000E-04  -2.37384506E+01 +/-   1.63032374E-03   2.66050713E-01
    18     2.1544E-05  -2.37384506E+01 +/-   1.63032373E-03   2.66050710E-01
    19     4.6416E-06  -2.37384506E+01 +/-   1.63032373E-03   2.66050709E-01
    20     1.0000E-06  -2.37384506E+01 +/-   1.63032373E-03   2.66050709E-01
    21     0.0000E+00  -2.37384506E+01 +/-   1.63032373E-03   2.66050709E-01
* Iteration # 1: E =  -2.373845060952E+01 +/-   1.630323726730E-03
* Reached maximum number of iterations: exiting.
* After optimization:
  -4.8240E-01   3.6915E-02   1.4012E-02   4.2404E-03  -6.3717E-03   5.8232E-04
   4.8240E-04  -2.1896E-02  -3.5265E-03  -1.2959E-02  -5.8400E-04  -4.7601E-03
  -1.0319E-04   6.3007E-03
  > Energy =  -2.373845060952E+01 +/-   1.630323726730E-03
  > varE =   2.660507091174E-01

VMC #7:
* Size of Hilbert space =   2.3639E+09
* Number of equil. steps   = 1000
* Running VMC equilibration.
  Done. [total walltime: 0.03s]
* Equil. acc.ratio (%)     =  44.1701
* Sample config after equilibration:
  +-----------+
  |  0   2   u|
  |u   d   0  |
  |  d   u   u|
  |u   0   2  |
  |  d   2   d|
  |d   2   0  |
  +-----------+
* Number of accum. steps   = 500480 x 10
* Running VMC accumulation.
  Done. [total walltime: 1.23s]
* Acceptance ratio (%)     =  44.1367
* Etot/t                   =  -2.373618955356E+01 +/-   7.277147780469E-04
  > Ttot/t                 =  -3.125384460471E+01 +/-   3.307689876265E-03
  > Utot/t                 =   7.517655051151E+00 +/-   3.232566314625E-03
* var[Eloc/t]              =   2.664103964648E-01 +/-   9.842630909780E-04
* Correlation length       =   9.948507852323E-01
* log10 Psi^2 range: 4.1470956868549482 -- 11.743699227105001
* log10 Pgen range : 4.1470956868549482 -- 11.743699227105001
* Site occupation (ave. no. electrons per config.):
  > Site_  ___eu____  ___ed____
      1        0.495      0.501
      2        0.501      0.500
      3        0.501      0.500
      4        0.501      0.501
      5        0.498      0.499
      6        0.501      0.499
      7        0.500      0.499
      8        0.502      0.502
      9        0.499      0.499
     10        0.501      0.501
     11        0.499      0.497
     12        0.501      0.503
     13        0.501      0.499
     14        0.500      0.499
     15        0.500      0.498
     16        0.500      0.499
     17        0.499      0.503
     18        0.500      0.501
* Pair-correlation analysis (ave. no. pairs per config.):
  > Shell  nsite  ___dh____  __eueu___  __eued___
      0      1        0          0          3.763
      1     18        4.741     14.327     18.889
      2     18        3.254     18.124     17.674
      3     18        3.223     18.107     17.745
      4     18        3.451     17.013     18.396
      5     18        0.805      4.429      4.534

Optimization #7:
* Method          : lls
* Target function : energy
* No. of configs. : 100096
* No. of params.  : 14
* Before optimization:
  -4.8240E-01   3.6915E-02   1.4012E-02   4.2404E-03  -6.3717E-03   5.8232E-04
   4.8240E-04  -2.1896E-02  -3.5265E-03  -1.2959E-02  -5.8400E-04  -4.7601E-03
  -1.0319E-04   6.3007E-03
  > E    =  -2.373771689236E+01 +/-   1.621938659263E-03
  > varE =   2.633210472024E-01
* Computing derivatives.
  Done. [total walltime: 0.68s]
* Optimizing manipulation constant:
  #igrid a___________ E____________________________________ varE____________
     1     Infinity    -2.37377169E+01 +/-   1.62193866E-03   2.63321047E-01
     2     1.0000E+06  -2.37377169E+01 +/-   1.62193867E-03   2.63321050E-01
     3     2.1544E+05  -2.37377169E+01 +/-   1.62193870E-03   2.63321062E-01
     4     4.6416E+04  -2.37377169E+01 +/-   1.62193887E-03   2.63321116E-01
     5     1.0000E+04  -2.37377169E+01 +/-   1.62193964E-03   2.63321364E-01
     6     2.1544E+03  -2.37377168E+01 +/-   1.62194318E-03   2.63322516E-01
     7     4.6416E+02  -2.37377166E+01 +/-   1.62195946E-03   2.63327802E-01
     8     1.0000E+02  -2.37377157E+01 +/-   1.62203103E-03   2.63351040E-01
     9     2.1544E+01  -2.37377124E+01 +/-   1.62229015E-03   2.63435190E-01
    10     4.6416E+00  -2.37377050E+01 +/-   1.62279345E-03   2.63598671E-01
    11     1.0000E+00  -2.37376987E+01 +/-   1.62315171E-03   2.63715072E-01
    12     2.1544E-01  -2.37376965E+01 +/-   1.62326815E-03   2.63752908E-01
    13     4.6416E-02  -2.37376959E+01 +/-   1.62329590E-03   2.63761927E-01
    14     1.0000E-02  -2.37376958E+01 +/-   1.62330202E-03   2.63763914E-01
    15     2.1544E-03  -2.37376957E+01 +/-   1.62330334E-03   2.63764345E-01
    16     4.6416E-04  -2.37376957E+01 +/-   1.62330363E-03   2.63764437E-01
    17     1.0000E-04  -2.37376957E+01 +/-   1.62330369E-03   2.63764457E-01
    18     2.1544E-05  -2.37376957E+01 +/-   1.62330370E-03   2.63764462E-01
    19     4.6416E-06  -2.37376957E+01 +/-   1.62330370E-03   2.63764463E-01
    20     1.0000E-06  -2.37376957E+01 +/-   1.62330370E-03   2.63764463E-01
    21     0.0000E+00  -2.37376957E+01 +/-   1.62330371E-03   2.63764463E-01
* Iteration # 1: E =  -2.373771689236E+01 +/-   1.621938659263E-03
* Reached maximum number of iterations: exiting.
* After optimization:
  -4.8240E-01   3.6915E-02   1.4012E-02   4.2404E-03  -6.3717E-03   5.8232E-04
   4.8240E-04  -2.1896E-02  -3.5265E-03  -1.2959E-02  -5.8400E-04  -4.7601E-03
  -1.0319E-04   6.3007E-03
  > Energy =  -2.373771689236E+01 +/-   1.621938659263E-03
  > varE =   2.633210472024E-01

VMC #8:
* Size of Hilbert space =   2.3639E+09
* Number of equil. steps   = 1000
* Running VMC equilibration.
  Done. [total walltime: 0.03s]
* Equil. acc.ratio (%)     =  44.1972
* Sample config after equilibration:
  +-----------+
  |  u   u   u|
  |2   d   2  |
  |  0   u   d|
  |2   0   d  |
  |  0   d   u|
  |0   d   2  |
  +-----------+
* Number of accum. steps   = 500480 x 10
* Running VMC accumulation.
  Done. [total walltime: 1.25s]
* Acceptance ratio (%)     =  44.1500
* Etot/t                   =  -2.373706005466E+01 +/-   7.170865043843E-04
  > Ttot/t                 =  -3.125859138458E+01 +/-   3.322870612554E-03
  > Utot/t                 =   7.521531329923E+00 +/-   3.239046174638E-03
* var[Eloc/t]              =   2.661085484160E-01 +/-   6.869715991445E-04
* Correlation length       =   9.670991450038E-01
* log10 Psi^2 range: 4.4750434396490997 -- 11.743699227105012
* log10 Pgen range : 4.4750434396490997 -- 11.743699227105012
* Site occupation (ave. no. electrons per config.):
  > Site_  ___eu____  ___ed____
      1        0.501      0.500
      2        0.502      0.503
      3        0.499      0.501
      4        0.498      0.502
      5        0.501      0.501
      6        0.501      0.498
      7        0.502      0.499
      8        0.498      0.501
      9        0.502      0.499
     10        0.500      0.498
     11        0.500      0.501
     12        0.499      0.500
     13        0.498      0.502
     14        0.505      0.502
     15        0.498      0.499
     16        0.498      0.502
     17        0.500      0.495
     18        0.500      0.500
* Pair-correlation analysis (ave. no. pairs per config.):
  > Shell  nsite  ___dh____  __eueu___  __eued___
      0      1        0          0          3.756
      1     18        4.729     14.319     18.899
      2     18        3.236     18.135     17.674
      3     18        3.211     18.114     17.740
      4     18        3.446     17.008     18.398
      5     18        0.806      4.424      4.532

Optimization #8:
* Method          : lls
* Target function : energy
* No. of configs. : 100096
* No. of params.  : 14
* Before optimization:
  -4.8240E-01   3.6915E-02   1.4012E-02   4.2404E-03  -6.3717E-03   5.8232E-04
   4.8240E-04  -2.1896E-02  -3.5265E-03  -1.2959E-02  -5.8400E-04  -4.7601E-03
  -1.0319E-04   6.3007E-03
  > E    =  -2.373786954857E+01 +/-   1.631666335893E-03
  > varE =   2.664890873317E-01
* Computing derivatives.
  Done. [total walltime: 0.68s]
* Optimizing manipulation constant:
  #igrid a___________ E____________________________________ varE____________
     1     Infinity    -2.37378695E+01 +/-   1.63166634E-03   2.66489087E-01
     2     1.0000E+06  -2.37378695E+01 +/-   1.63166636E-03   2.66489094E-01
     3     2.1544E+05  -2.37378695E+01 +/-   1.63166643E-03   2.66489119E-01
     4     4.6416E+04  -2.37378696E+01 +/-   1.63166679E-03   2.66489235E-01
     5     1.0000E+04  -2.37378696E+01 +/-   1.63166843E-03   2.66489771E-01
     6     2.1544E+03  -2.37378696E+01 +/-   1.63167604E-03   2.66492256E-01
     7     4.6416E+02  -2.37378697E+01 +/-   1.63171102E-03   2.66503682E-01
     8     1.0000E+02  -2.37378702E+01 +/-   1.63186632E-03   2.66554414E-01
     9     2.1544E+01  -2.37378713E+01 +/-   1.63245121E-03   2.66745525E-01
    10     4.6416E+00  -2.37378712E+01 +/-   1.63371808E-03   2.67159702E-01
    11     1.0000E+00  -2.37378697E+01 +/-   1.63477851E-03   2.67506638E-01
    12     2.1544E-01  -2.37378689E+01 +/-   1.63516665E-03   2.67633680E-01
    13     4.6416E-02  -2.37378687E+01 +/-   1.63526330E-03   2.67665318E-01
    14     1.0000E-02  -2.37378686E+01 +/-   1.63528483E-03   2.67672365E-01
    15     2.1544E-03  -2.37378686E+01 +/-   1.63528950E-03   2.67673895E-01
    16     4.6416E-04  -2.37378686E+01 +/-   1.63529051E-03   2.67674225E-01
    17     1.0000E-04  -2.37378686E+01 +/-   1.63529072E-03   2.67674296E-01
    18     2.1544E-05  -2.37378686E+01 +/-   1.63529077E-03   2.67674311E-01
    19     4.6416E-06  -2.37378686E+01 +/-   1.63529078E-03   2.67674314E-01
    20     1.0000E-06  -2.37378686E+01 +/-   1.63529078E-03   2.67674315E-01
    21     0.0000E+00  -2.37378686E+01 +/-   1.63529078E-03   2.67674315E-01
  ParMin   1.9959E+02  -2.37378699E+01 +/-   1.63176889E-03   2.66522586E-01
  # Using grid point #8
* Iteration # 1: E =  -2.373787021625E+01 +/-   1.631866315807E-03
* Reached maximum number of iterations: exiting.
* After optimization:
  -4.8302E-01   3.6941E-02   1.4038E-02   4.2634E-03  -6.3558E-03   5.6563E-04
   4.5569E-04  -2.1915E-02  -3.5479E-03  -1.2988E-02  -6.0590E-04  -4.7685E-03
  -1.3578E-04   6.2717E-03
  > Energy =  -2.373787021625E+01 +/-   1.631866315807E-03
  > varE =   2.665544140831E-01

VMC #9:
* Size of Hilbert space =   2.3639E+09
* Number of equil. steps   = 1000
* Running VMC equilibration.
  Done. [total walltime: 0.03s]
* Equil. acc.ratio (%)     =  44.1076
* Sample config after equilibration:
  +-----------+
  |  d   2   0|
  |d   u   0  |
  |  u   2   2|
  |u   0   0  |
  |  d   u   d|
  |2   0   2  |
  +-----------+
* Number of accum. steps   = 500480 x 10
* Running VMC accumulation.
  Done. [total walltime: 1.26s]
* Acceptance ratio (%)     =  44.1318
* Etot/t                   =  -2.373636446798E+01 +/-   7.277493869121E-04
  > Ttot/t                 =  -3.125260088103E+01 +/-   3.309841832383E-03
  > Utot/t                 =   7.516236413043E+00 +/-   3.238093523495E-03
* var[Eloc/t]              =   2.660005866738E-01 +/-   8.554024040932E-04
* Correlation length       =   9.964782619153E-01
* log10 Psi^2 range: 3.5480805231295656 -- 11.740841832550871
* log10 Pgen range : 3.5480805231295656 -- 11.740841832550871
* Site occupation (ave. no. electrons per config.):
  > Site_  ___eu____  ___ed____
      1        0.500      0.501
      2        0.501      0.502
      3        0.501      0.501
      4        0.500      0.499
      5        0.499      0.501
      6        0.500      0.499
      7        0.497      0.499
      8        0.502      0.498
      9        0.502      0.498
     10        0.500      0.502
     11        0.501      0.498
     12        0.502      0.500
     13        0.499      0.499
     14        0.498      0.502
     15        0.499      0.500
     16        0.501      0.501
     17        0.497      0.500
     18        0.500      0.499
* Pair-correlation analysis (ave. no. pairs per config.):
  > Shell  nsite  ___dh____  __eueu___  __eued___
      0      1        0          0          3.755
      1     18        4.726     14.325     18.891
      2     18        3.241     18.126     17.672
      3     18        3.215     18.106     17.731
      4     18        3.432     17.014     18.415
      5     18        0.801      4.429      4.536

Optimization #9:
* Method          : lls
* Target function : energy
* No. of configs. : 100096
* No. of params.  : 14
* Before optimization:
  -4.8302E-01   3.6941E-02   1.4038E-02   4.2634E-03  -6.3558E-03   5.6563E-04
   4.5569E-04  -2.1915E-02  -3.5479E-03  -1.2988E-02  -6.0590E-04  -4.7685E-03
  -1.3578E-04   6.2717E-03
  > E    =  -2.373457565699E+01 +/-   1.626597874506E-03
  > varE =   2.648360633166E-01
* Computing derivatives.
  Done. [total walltime: 0.69s]
* Optimizing manipulation constant:
  #igrid a___________ E____________________________________ varE____________
     1     Infinity    -2.37345757E+01 +/-   1.62659787E-03   2.64836063E-01
     2     1.0000E+06  -2.37345757E+01 +/-   1.62659788E-03   2.64836065E-01
     3     2.1544E+05  -2.37345757E+01 +/-   1.62659790E-03   2.64836071E-01
     4     4.6416E+04  -2.37345757E+01 +/-   1.62659799E-03   2.64836100E-01
     5     1.0000E+04  -2.37345756E+01 +/-   1.62659839E-03   2.64836232E-01
     6     2.1544E+03  -2.37345756E+01 +/-   1.62660028E-03   2.64836846E-01
     7     4.6416E+02  -2.37345754E+01 +/-   1.62660896E-03   2.64839673E-01
     8     1.0000E+02  -2.37345745E+01 +/-   1.62664767E-03   2.64852279E-01
     9     2.1544E+01  -2.37345716E+01 +/-   1.62679377E-03   2.64899857E-01
    10     4.6416E+00  -2.37345652E+01 +/-   1.62709584E-03   2.64998240E-01
    11     1.0000E+00  -2.37345588E+01 +/-   1.62731895E-03   2.65070922E-01
    12     2.1544E-01  -2.37345561E+01 +/-   1.62739142E-03   2.65094531E-01
    13     4.6416E-02  -2.37345554E+01 +/-   1.62740859E-03   2.65100125E-01
    14     1.0000E-02  -2.37345553E+01 +/-   1.62741237E-03   2.65101355E-01
    15     2.1544E-03  -2.37345552E+01 +/-   1.62741318E-03   2.65101621E-01
    16     4.6416E-04  -2.37345552E+01 +/-   1.62741336E-03   2.65101678E-01
    17     1.0000E-04  -2.37345552E+01 +/-   1.62741340E-03   2.65101691E-01
    18     2.1544E-05  -2.37345552E+01 +/-   1.62741341E-03   2.65101693E-01
    19     4.6416E-06  -2.37345552E+01 +/-   1.62741341E-03   2.65101694E-01
    20     1.0000E-06  -2.37345552E+01 +/-   1.62741341E-03   2.65101694E-01
    21     0.0000E+00  -2.37345552E+01 +/-   1.62741341E-03   2.65101694E-01
* Iteration # 1: E =  -2.373457565699E+01 +/-   1.626597874506E-03
* Reached maximum number of iterations: exiting.
* After optimization:
  -4.8302E-01   3.6941E-02   1.4038E-02   4.2634E-03  -6.3558E-03   5.6563E-04
   4.5569E-04  -2.1915E-02  -3.5479E-03  -1.2988E-02  -6.0590E-04  -4.7685E-03
  -1.3578E-04   6.2717E-03
  > Energy =  -2.373457565699E+01 +/-   1.626597874506E-03
  > varE =   2.648360633166E-01

VMC #10:
* Size of Hilbert space =   2.3639E+09
* Number of equil. steps   = 1000
* Running VMC equilibration.
  Done. [total walltime: 0.03s]
* Equil. acc.ratio (%)     =  44.0859
* Sample config after equilibration:
  +-----------+
  |  d   u   d|
  |u   u   0  |
  |  d   2   2|
  |d   u   0  |
  |  d   2   u|
  |0   2   0  |
  +-----------+
* Number of accum. steps   = 500480 x 10
* Running VMC accumulation.
  Done. [total walltime: 1.27s]
* Acceptance ratio (%)     =  44.1397
* Etot/t                   =  -2.373614708634E+01 +/-   7.384036539178E-04
  > Ttot/t                 =  -3.125820590987E+01 +/-   3.305471874813E-03
  > Utot/t                 =   7.522058823529E+00 +/-   3.245095811809E-03
* var[Eloc/t]              =   2.653961793813E-01 +/-   9.225637178794E-04
* Correlation length       =   1.028205055079E+00
* log10 Psi^2 range: 3.8664386424912456 -- 11.740841832550833
* log10 Pgen range : 3.8664386424912456 -- 11.740841832550833
* Site occupation (ave. no. electrons per config.):
  > Site_  ___eu____  ___ed____
      1        0.500      0.498
      2        0.501      0.499
      3        0.500      0.501
      4        0.501      0.500
      5        0.502      0.502
      6        0.501      0.499
      7        0.500      0.497
      8        0.500      0.504
      9        0.502      0.497
     10        0.500      0.500
     11        0.502      0.501
     12        0.497      0.502
     13        0.501      0.501
     14        0.497      0.496
     15        0.500      0.500
     16        0.502      0.500
     17        0.497      0.500
     18        0.498      0.503
* Pair-correlation analysis (ave. no. pairs per config.):
  > Shell  nsite  ___dh____  __eueu___  __eued___
      0      1        0          0          3.763
      1     18        4.745     14.331     18.875
      2     18        3.251     18.117     17.681
      3     18        3.227     18.103     17.745
      4     18        3.450     17.022     18.402
      5     18        0.807      4.428      4.534

VDAGGER finished.
Total VDAGGER walltime: 27.8s

Run ended: Fri Jan 16 08:56:07 CET 2026
